06-05 02:07:43.025 D/VRI[BiometricPrompt]( 3983): update {(0,0)(fillxfill) sim={adjust=resize} layoutInDisplayCutoutMode=always ty=APPLICATION_OVERLAY fmt=TRANSLUCENT or=SCREEN_ORIENTATION_PORTRAIT
06-05 02:07:43.025 D/VRI[BiometricPrompt]( 3983):   fl=DIM_BEHIND SECURE SHOW_WHEN_LOCKED HARDWARE_ACCELERATED
06-05 02:07:43.025 D/VRI[BiometricPrompt]( 3983):   pfl=SHOW_FOR_ALL_USERS USE_BLAST FIT_INSETS_CONTROLLED
06-05 02:07:43.025 D/VRI[BiometricPrompt]( 3983):   bhv=DEFAULT} by setLayoutParams
06-05 02:07:43.032 D/VRI[BiometricPrompt]( 3983): update {(0,0)(fillxfill) sim={adjust=resize} layoutInDisplayCutoutMode=always ty=APPLICATION_OVERLAY fmt=TRANSLUCENT or=SCREEN_ORIENTATION_PORTRAIT
06-05 02:07:43.032 D/VRI[BiometricPrompt]( 3983):   fl=DIM_BEHIND SECURE SHOW_WHEN_LOCKED HARDWARE_ACCELERATED
06-05 02:07:43.032 D/VRI[BiometricPrompt]( 3983):   pfl=SHOW_FOR_ALL_USERS USE_BLAST FIT_INSETS_CONTROLLED
06-05 02:07:43.032 D/VRI[BiometricPrompt]( 3983):   bhv=DEFAULT} by setLayoutParams
06-05 02:07:43.038 D/VRI[BiometricPrompt]( 3983): update {(0,0)(fillxfill) sim={adjust=resize} layoutInDisplayCutoutMode=always ty=APPLICATION_OVERLAY fmt=TRANSLUCENT or=SCREEN_ORIENTATION_PORTRAIT
06-05 02:07:43.038 D/VRI[BiometricPrompt]( 3983):   fl=DIM_BEHIND SECURE SHOW_WHEN_LOCKED HARDWARE_ACCELERATED
06-05 02:07:43.038 D/VRI[BiometricPrompt]( 3983):   pfl=SHOW_FOR_ALL_USERS USE_BLAST FIT_INSETS_CONTROLLED
06-05 02:07:43.038 D/VRI[BiometricPrompt]( 3983):   bhv=DEFAULT} by setLayoutParams
06-05 02:07:43.045 D/VRI[BiometricPrompt]( 3983): update {(0,0)(fillxfill) sim={adjust=resize} layoutInDisplayCutoutMode=always ty=APPLICATION_OVERLAY fmt=TRANSLUCENT or=SCREEN_ORIENTATION_PORTRAIT
06-05 02:07:43.045 D/VRI[BiometricPrompt]( 3983):   fl=DIM_BEHIND SECURE SHOW_WHEN_LOCKED HARDWARE_ACCELERATED
06-05 02:07:43.045 D/VRI[BiometricPrompt]( 3983):   pfl=SHOW_FOR_ALL_USERS USE_BLAST FIT_INSETS_CONTROLLED
06-05 02:07:43.045 D/VRI[BiometricPrompt]( 3983):   bhv=DEFAULT} by setLayoutParams
06-05 02:07:43.052 D/VRI[BiometricPrompt]( 3983): update {(0,0)(fillxfill) sim={adjust=resize} layoutInDisplayCutoutMode=always ty=APPLICATION_OVERLAY fmt=TRANSLUCENT or=SCREEN_ORIENTATION_PORTRAIT
06-05 02:07:43.052 D/VRI[BiometricPrompt]( 3983):   fl=DIM_BEHIND SECURE SHOW_WHEN_LOCKED HARDWARE_ACCELERATED
06-05 02:07:43.052 D/VRI[BiometricPrompt]( 3983):   pfl=SHOW_FOR_ALL_USERS USE_BLAST FIT_INSETS_CONTROLLED
06-05 02:07:43.052 D/VRI[BiometricPrompt]( 3983):   bhv=DEFAULT} by setLayoutParams
06-05 02:07:43.059 D/VRI[BiometricPrompt]( 3983): update {(0,0)(fillxfill) sim={adjust=resize} layoutInDisplayCutoutMode=always ty=APPLICATION_OVERLAY fmt=TRANSLUCENT or=SCREEN_ORIENTATION_PORTRAIT
06-05 02:07:43.059 D/VRI[BiometricPrompt]( 3983):   fl=DIM_BEHIND SECURE SHOW_WHEN_LOCKED HARDWARE_ACCELERATED
06-05 02:07:43.059 D/VRI[BiometricPrompt]( 3983):   pfl=SHOW_FOR_ALL_USERS USE_BLAST FIT_INSETS_CONTROLLED
06-05 02:07:43.059 D/VRI[BiometricPrompt]( 3983):   bhv=DEFAULT} by setLayoutParams
06-05 02:07:43.066 D/VRI[BiometricPrompt]( 3983): update {(0,0)(fillxfill) sim={adjust=resize} layoutInDisplayCutoutMode=always ty=APPLICATION_OVERLAY fmt=TRANSLUCENT or=SCREEN_ORIENTATION_PORTRAIT
06-05 02:07:43.066 D/VRI[BiometricPrompt]( 3983):   fl=DIM_BEHIND SECURE SHOW_WHEN_LOCKED HARDWARE_ACCELERATED
06-05 02:07:43.066 D/VRI[BiometricPrompt]( 3983):   pfl=SHOW_FOR_ALL_USERS USE_BLAST FIT_INSETS_CONTROLLED
06-05 02:07:43.066 D/VRI[BiometricPrompt]( 3983):   bhv=DEFAULT} by setLayoutParams
06-05 02:07:43.073 D/VRI[BiometricPrompt]( 3983): update {(0,0)(fillxfill) sim={adjust=resize} layoutInDisplayCutoutMode=always ty=APPLICATION_OVERLAY fmt=TRANSLUCENT or=SCREEN_ORIENTATION_PORTRAIT
06-05 02:07:43.073 D/VRI[BiometricPrompt]( 3983):   fl=DIM_BEHIND SECURE SHOW_WHEN_LOCKED HARDWARE_ACCELERATED
06-05 02:07:43.073 D/VRI[BiometricPrompt]( 3983):   pfl=SHOW_FOR_ALL_USERS USE_BLAST FIT_INSETS_CONTROLLED
06-05 02:07:43.073 D/VRI[BiometricPrompt]( 3983):   bhv=DEFAULT} by setLayoutParams
06-05 02:07:43.080 D/VRI[BiometricPrompt]( 3983): update {(0,0)(fillxfill) sim={adjust=resize} layoutInDisplayCutoutMode=always ty=APPLICATION_OVERLAY fmt=TRANSLUCENT or=SCREEN_ORIENTATION_PORTRAIT
06-05 02:07:43.080 D/VRI[BiometricPrompt]( 3983):   fl=DIM_BEHIND SECURE SHOW_WHEN_LOCKED HARDWARE_ACCELERATED
06-05 02:07:43.080 D/VRI[BiometricPrompt]( 3983):   pfl=SHOW_FOR_ALL_USERS USE_BLAST FIT_INSETS_CONTROLLED
06-05 02:07:43.080 D/VRI[BiometricPrompt]( 3983):   bhv=DEFAULT} by setLayoutParams
06-05 02:07:43.088 D/VRI[BiometricPrompt]( 3983): update {(0,0)(fillxfill) sim={adjust=resize} layoutInDisplayCutoutMode=always ty=APPLICATION_OVERLAY fmt=TRANSLUCENT or=SCREEN_ORIENTATION_PORTRAIT
06-05 02:07:43.088 D/VRI[BiometricPrompt]( 3983):   fl=DIM_BEHIND SECURE SHOW_WHEN_LOCKED HARDWARE_ACCELERATED
06-05 02:07:43.088 D/VRI[BiometricPrompt]( 3983):   pfl=SHOW_FOR_ALL_USERS USE_BLAST FIT_INSETS_CONTROLLED
06-05 02:07:43.088 D/VRI[BiometricPrompt]( 3983):   bhv=DEFAULT} by setLayoutParams
06-05 02:07:43.095 D/PowerManagerService( 3062): nativeReleaseSuspendBlocker name:PowerManagerService.WakeLocks duration ms: 0
06-05 02:07:43.095 D/VRI[BiometricPrompt]( 3983): update {(0,0)(fillxfill) sim={adjust=resize} layoutInDisplayCutoutMode=always ty=APPLICATION_OVERLAY fmt=TRANSLUCENT or=SCREEN_ORIENTATION_PORTRAIT
06-05 02:07:43.095 D/VRI[BiometricPrompt]( 3983):   fl=DIM_BEHIND SECURE SHOW_WHEN_LOCKED HARDWARE_ACCELERATED
06-05 02:07:43.095 D/VRI[BiometricPrompt]( 3983):   pfl=SHOW_FOR_ALL_USERS USE_BLAST FIT_INSETS_CONTROLLED
06-05 02:07:43.095 D/VRI[BiometricPrompt]( 3983):   bhv=DEFAULT} by setLayoutParams
06-05 02:07:43.096 D/PowerManagerService( 3062): nativeAcquireSuspendBlocker name:PowerManagerService.WakeLocks duration ms: 1
06-05 02:07:43.101 D/VRI[BiometricPrompt]( 3983): update {(0,0)(fillxfill) sim={adjust=resize} layoutInDisplayCutoutMode=always ty=APPLICATION_OVERLAY fmt=TRANSLUCENT or=SCREEN_ORIENTATION_PORTRAIT
06-05 02:07:43.101 D/VRI[BiometricPrompt]( 3983):   fl=DIM_BEHIND SECURE SHOW_WHEN_LOCKED HARDWARE_ACCELERATED
06-05 02:07:43.101 D/VRI[BiometricPrompt]( 3983):   pfl=SHOW_FOR_ALL_USERS USE_BLAST FIT_INSETS_CONTROLLED
06-05 02:07:43.101 D/VRI[BiometricPrompt]( 3983):   bhv=DEFAULT} by setLayoutParams
06-05 02:07:43.108 D/VRI[BiometricPrompt]( 3983): update {(0,0)(fillxfill) sim={adjust=resize} layoutInDisplayCutoutMode=always ty=APPLICATION_OVERLAY fmt=TRANSLUCENT or=SCREEN_ORIENTATION_PORTRAIT
06-05 02:07:43.108 D/VRI[BiometricPrompt]( 3983):   fl=DIM_BEHIND SECURE SHOW_WHEN_LOCKED HARDWARE_ACCELERATED
06-05 02:07:43.108 D/VRI[BiometricPrompt]( 3983):   pfl=SHOW_FOR_ALL_USERS USE_BLAST FIT_INSETS_CONTROLLED
06-05 02:07:43.108 D/VRI[BiometricPrompt]( 3983):   bhv=DEFAULT} by setLayoutParams
06-05 02:07:43.110 W/ContextImpl( 3062): Calling a method in the system process without a qualified user: android.app.ContextImpl.sendBroadcast:1246 com.android.server.location.provider.LocationProviderManager$LocationRegistration$1.test:1004 com.android.server.location.provider.LocationProviderManager$LocationRegistration$1.test:958 android.location.LocationResult.filter:191 com.android.server.location.provider.LocationProviderManager$LocationRegistration.acceptLocationChange:957 
06-05 02:07:43.111 W/ContextImpl( 3062): Calling a method in the system process without a qualified user: android.app.ContextImpl.sendBroadcast:1246 com.android.server.location.provider.LocationProviderManager$LocationRegistration$1.test:1004 com.android.server.location.provider.LocationProviderManager$LocationRegistration$1.test:958 android.location.LocationResult.filter:191 com.android.server.location.provider.LocationProviderManager$LocationRegistration.acceptLocationChange:957 
06-05 02:07:43.112 W/ContextImpl( 3062): Calling a method in the system process without a qualified user: android.app.ContextImpl.sendBroadcast:1246 com.android.server.location.provider.LocationProviderManager$LocationRegistration$1.test:1004 com.android.server.location.provider.LocationProviderManager$LocationRegistration$1.test:958 android.location.LocationResult.filter:191 com.android.server.location.provider.LocationProviderManager$LocationRegistration.acceptLocationChange:957 
06-05 02:07:43.112 W/ContextImpl( 3062): Calling a method in the system process without a qualified user: android.app.ContextImpl.sendBroadcast:1246 com.android.server.location.provider.LocationProviderManager$LocationRegistration$1.test:1004 com.android.server.location.provider.LocationProviderManager$LocationRegistration$1.test:958 android.location.LocationResult.filter:191 com.android.server.location.provider.LocationProviderManager$LocationRegistration.acceptLocationChange:957 
06-05 02:07:43.114 D/PowerManagerService( 3062): nativeReleaseSuspendBlocker name:PowerManagerService.WakeLocks duration ms: 0
06-05 02:07:43.115 D/VRI[BiometricPrompt]( 3983): update {(0,0)(fillxfill) sim={adjust=resize} layoutInDisplayCutoutMode=always ty=APPLICATION_OVERLAY fmt=TRANSLUCENT or=SCREEN_ORIENTATION_PORTRAIT
06-05 02:07:43.115 D/VRI[BiometricPrompt]( 3983):   fl=DIM_BEHIND SECURE SHOW_WHEN_LOCKED HARDWARE_ACCELERATED
06-05 02:07:43.115 D/VRI[BiometricPrompt]( 3983):   pfl=SHOW_FOR_ALL_USERS USE_BLAST FIT_INSETS_CONTROLLED
06-05 02:07:43.115 D/VRI[BiometricPrompt]( 3983):   bhv=DEFAULT} by setLayoutParams
06-05 02:07:43.122 D/VRI[BiometricPrompt]( 3983): update {(0,0)(fillxfill) sim={adjust=resize} layoutInDisplayCutoutMode=always ty=APPLICATION_OVERLAY fmt=TRANSLUCENT or=SCREEN_ORIENTATION_PORTRAIT
06-05 02:07:43.122 D/VRI[BiometricPrompt]( 3983):   fl=DIM_BEHIND SECURE SHOW_WHEN_LOCKED HARDWARE_ACCELERATED
06-05 02:07:43.122 D/VRI[BiometricPrompt]( 3983):   pfl=SHOW_FOR_ALL_USERS USE_BLAST FIT_INSETS_CONTROLLED
06-05 02:07:43.122 D/VRI[BiometricPrompt]( 3983):   bhv=DEFAULT} by setLayoutParams
06-05 02:07:43.129 D/VRI[BiometricPrompt]( 3983): update {(0,0)(fillxfill) sim={adjust=resize} layoutInDisplayCutoutMode=always ty=APPLICATION_OVERLAY fmt=TRANSLUCENT or=SCREEN_ORIENTATION_PORTRAIT
06-05 02:07:43.129 D/VRI[BiometricPrompt]( 3983):   fl=DIM_BEHIND SECURE SHOW_WHEN_LOCKED HARDWARE_ACCELERATED
06-05 02:07:43.129 D/VRI[BiometricPrompt]( 3983):   pfl=SHOW_FOR_ALL_USERS USE_BLAST FIT_INSETS_CONTROLLED
06-05 02:07:43.129 D/VRI[BiometricPrompt]( 3983):   bhv=DEFAULT} by setLayoutParams
06-05 02:07:43.136 D/VRI[BiometricPrompt]( 3983): update {(0,0)(fillxfill) sim={adjust=resize} layoutInDisplayCutoutMode=always ty=APPLICATION_OVERLAY fmt=TRANSLUCENT or=SCREEN_ORIENTATION_PORTRAIT
06-05 02:07:43.136 D/VRI[BiometricPrompt]( 3983):   fl=DIM_BEHIND SECURE SHOW_WHEN_LOCKED HARDWARE_ACCELERATED
06-05 02:07:43.136 D/VRI[BiometricPrompt]( 3983):   pfl=SHOW_FOR_ALL_USERS USE_BLAST FIT_INSETS_CONTROLLED
06-05 02:07:43.136 D/VRI[BiometricPrompt]( 3983):   bhv=DEFAULT} by setLayoutParams
06-05 02:07:43.143 D/VRI[BiometricPrompt]( 3983): update {(0,0)(fillxfill) sim={adjust=resize} layoutInDisplayCutoutMode=always ty=APPLICATION_OVERLAY fmt=TRANSLUCENT or=SCREEN_ORIENTATION_PORTRAIT
06-05 02:07:43.143 D/VRI[BiometricPrompt]( 3983):   fl=DIM_BEHIND SECURE SHOW_WHEN_LOCKED HARDWARE_ACCELERATED
06-05 02:07:43.143 D/VRI[BiometricPrompt]( 3983):   pfl=SHOW_FOR_ALL_USERS USE_BLAST FIT_INSETS_CONTROLLED
06-05 02:07:43.143 D/VRI[BiometricPrompt]( 3983):   bhv=DEFAULT} by setLayoutParams
06-05 02:07:43.150 D/VRI[BiometricPrompt]( 3983): update {(0,0)(fillxfill) sim={adjust=resize} layoutInDisplayCutoutMode=always ty=APPLICATION_OVERLAY fmt=TRANSLUCENT or=SCREEN_ORIENTATION_PORTRAIT
06-05 02:07:43.150 D/VRI[BiometricPrompt]( 3983):   fl=DIM_BEHIND SECURE SHOW_WHEN_LOCKED HARDWARE_ACCELERATED
06-05 02:07:43.150 D/VRI[BiometricPrompt]( 3983):   pfl=SHOW_FOR_ALL_USERS USE_BLAST FIT_INSETS_CONTROLLED
06-05 02:07:43.150 D/VRI[BiometricPrompt]( 3983):   bhv=DEFAULT} by setLayoutParams
06-05 02:07:43.157 D/VRI[BiometricPrompt]( 3983): update {(0,0)(fillxfill) sim={adjust=resize} layoutInDisplayCutoutMode=always ty=APPLICATION_OVERLAY fmt=TRANSLUCENT or=SCREEN_ORIENTATION_PORTRAIT
06-05 02:07:43.157 D/VRI[BiometricPrompt]( 3983):   fl=DIM_BEHIND SECURE SHOW_WHEN_LOCKED HARDWARE_ACCELERATED
06-05 02:07:43.157 D/VRI[BiometricPrompt]( 3983):   pfl=SHOW_FOR_ALL_USERS USE_BLAST FIT_INSETS_CONTROLLED
06-05 02:07:43.157 D/VRI[BiometricPrompt]( 3983):   bhv=DEFAULT} by setLayoutParams
06-05 02:07:43.164 D/VRI[BiometricPrompt]( 3983): update {(0,0)(fillxfill) sim={adjust=resize} layoutInDisplayCutoutMode=always ty=APPLICATION_OVERLAY fmt=TRANSLUCENT or=SCREEN_ORIENTATION_PORTRAIT
06-05 02:07:43.164 D/VRI[BiometricPrompt]( 3983):   fl=DIM_BEHIND SECURE SHOW_WHEN_LOCKED HARDWARE_ACCELERATED
06-05 02:07:43.164 D/VRI[BiometricPrompt]( 3983):   pfl=SHOW_FOR_ALL_USERS USE_BLAST FIT_INSETS_CONTROLLED
06-05 02:07:43.164 D/VRI[BiometricPrompt]( 3983):   bhv=DEFAULT} by setLayoutParams
06-05 02:07:43.171 D/VRI[BiometricPrompt]( 3983): update {(0,0)(fillxfill) sim={adjust=resize} layoutInDisplayCutoutMode=always ty=APPLICATION_OVERLAY fmt=TRANSLUCENT or=SCREEN_ORIENTATION_PORTRAIT
06-05 02:07:43.171 D/VRI[BiometricPrompt]( 3983):   fl=DIM_BEHIND SECURE SHOW_WHEN_LOCKED HARDWARE_ACCELERATED
06-05 02:07:43.171 D/VRI[BiometricPrompt]( 3983):   pfl=SHOW_FOR_ALL_USERS USE_BLAST FIT_INSETS_CONTROLLED
06-05 02:07:43.171 D/VRI[BiometricPrompt]( 3983):   bhv=DEFAULT} by setLayoutParams
06-05 02:07:43.178 D/VRI[BiometricPrompt]( 3983): update {(0,0)(fillxfill) sim={adjust=resize} layoutInDisplayCutoutMode=always ty=APPLICATION_OVERLAY fmt=TRANSLUCENT or=SCREEN_ORIENTATION_PORTRAIT
06-05 02:07:43.178 D/VRI[BiometricPrompt]( 3983):   fl=DIM_BEHIND SECURE SHOW_WHEN_LOCKED HARDWARE_ACCELERATED
06-05 02:07:43.178 D/VRI[BiometricPrompt]( 3983):   pfl=SHOW_FOR_ALL_USERS USE_BLAST FIT_INSETS_CONTROLLED
06-05 02:07:43.178 D/VRI[BiometricPrompt]( 3983):   bhv=DEFAULT} by setLayoutParams
06-05 02:07:43.185 D/VRI[BiometricPrompt]( 3983): update {(0,0)(fillxfill) sim={adjust=resize} layoutInDisplayCutoutMode=always ty=APPLICATION_OVERLAY fmt=TRANSLUCENT or=SCREEN_ORIENTATION_PORTRAIT
06-05 02:07:43.185 D/VRI[BiometricPrompt]( 3983):   fl=DIM_BEHIND SECURE SHOW_WHEN_LOCKED HARDWARE_ACCELERATED
06-05 02:07:43.185 D/VRI[BiometricPrompt]( 3983):   pfl=SHOW_FOR_ALL_USERS USE_BLAST FIT_INSETS_CONTROLLED
06-05 02:07:43.185 D/VRI[BiometricPrompt]( 3983):   bhv=DEFAULT} by setLayoutParams
06-05 02:07:43.192 D/VRI[BiometricPrompt]( 3983): update {(0,0)(fillxfill) sim={adjust=resize} layoutInDisplayCutoutMode=always ty=APPLICATION_OVERLAY fmt=TRANSLUCENT or=SCREEN_ORIENTATION_PORTRAIT
06-05 02:07:43.192 D/VRI[BiometricPrompt]( 3983):   fl=DIM_BEHIND SECURE SHOW_WHEN_LOCKED HARDWARE_ACCELERATED
06-05 02:07:43.192 D/VRI[BiometricPrompt]( 3983):   pfl=SHOW_FOR_ALL_USERS USE_BLAST FIT_INSETS_CONTROLLED
06-05 02:07:43.192 D/VRI[BiometricPrompt]( 3983):   bhv=DEFAULT} by setLayoutParams
06-05 02:07:43.199 D/VRI[BiometricPrompt]( 3983): update {(0,0)(fillxfill) sim={adjust=resize} layoutInDisplayCutoutMode=always ty=APPLICATION_OVERLAY fmt=TRANSLUCENT or=SCREEN_ORIENTATION_PORTRAIT
06-05 02:07:43.199 D/VRI[BiometricPrompt]( 3983):   fl=DIM_BEHIND SECURE SHOW_WHEN_LOCKED HARDWARE_ACCELERATED
06-05 02:07:43.199 D/VRI[BiometricPrompt]( 3983):   pfl=SHOW_FOR_ALL_USERS USE_BLAST FIT_INSETS_CONTROLLED
06-05 02:07:43.199 D/VRI[BiometricPrompt]( 3983):   bhv=DEFAULT} by setLayoutParams
06-05 02:07:43.206 D/VRI[BiometricPrompt]( 3983): update {(0,0)(fillxfill) sim={adjust=resize} layoutInDisplayCutoutMode=always ty=APPLICATION_OVERLAY fmt=TRANSLUCENT or=SCREEN_ORIENTATION_PORTRAIT
06-05 02:07:43.206 D/VRI[BiometricPrompt]( 3983):   fl=DIM_BEHIND SECURE SHOW_WHEN_LOCKED HARDWARE_ACCELERATED
06-05 02:07:43.206 D/VRI[BiometricPrompt]( 3983):   pfl=SHOW_FOR_ALL_USERS USE_BLAST FIT_INSETS_CONTROLLED
06-05 02:07:43.206 D/VRI[BiometricPrompt]( 3983):   bhv=DEFAULT} by setLayoutParams
06-05 02:07:43.213 D/VRI[BiometricPrompt]( 3983): update {(0,0)(fillxfill) sim={adjust=resize} layoutInDisplayCutoutMode=always ty=APPLICATION_OVERLAY fmt=TRANSLUCENT or=SCREEN_ORIENTATION_PORTRAIT
06-05 02:07:43.213 D/VRI[BiometricPrompt]( 3983):   fl=DIM_BEHIND SECURE SHOW_WHEN_LOCKED HARDWARE_ACCELERATED
06-05 02:07:43.213 D/VRI[BiometricPrompt]( 3983):   pfl=SHOW_FOR_ALL_USERS USE_BLAST FIT_INSETS_CONTROLLED
06-05 02:07:43.213 D/VRI[BiometricPrompt]( 3983):   bhv=DEFAULT} by setLayoutParams
06-05 02:07:43.220 D/VRI[BiometricPrompt]( 3983): update {(0,0)(fillxfill) sim={adjust=resize} layoutInDisplayCutoutMode=always ty=APPLICATION_OVERLAY fmt=TRANSLUCENT or=SCREEN_ORIENTATION_PORTRAIT
06-05 02:07:43.220 D/VRI[BiometricPrompt]( 3983):   fl=DIM_BEHIND SECURE SHOW_WHEN_LOCKED HARDWARE_ACCELERATED
06-05 02:07:43.220 D/VRI[BiometricPrompt]( 3983):   pfl=SHOW_FOR_ALL_USERS USE_BLAST FIT_INSETS_CONTROLLED
06-05 02:07:43.220 D/VRI[BiometricPrompt]( 3983):   bhv=DEFAULT} by setLayoutParams
06-05 02:07:43.221 V/BiometricService/AuthSession( 3062): Dismissed! Modality: 1, User: 0, IsCrypto: true, Action: 2, Client: 2, Reason: 4, Error: 0, Latency: 1998
06-05 02:07:43.221 D/CoreBackPreview( 3062): Window{71c1c84 u0 BiometricPrompt}: Setting back callback null
06-05 02:07:43.226 D/BiometricService/AuthSession( 3062): addAuthToken: 0
06-05 02:07:43.226 D/BiometricService/AuthSession( 3062): Cancelling sensorId: 0
06-05 02:07:43.226 D/FingerprintService( 3062): cancelAuthenticationFromService, sensorId: 0
06-05 02:07:43.226 D/Fingerprint21( 3062): cancelAuthentication, sensorId: 0
06-05 02:07:43.226 D/BiometricScheduler/Fingerprint21( 3062): cancelAuthenticationOrDetection, requestId: 1
06-05 02:07:43.227 V/FingerprintManager(31339): onAuthenticationSucceeded
06-05 02:07:43.227 V/FingerprintManager(31339): handleMessage:succeed
06-05 02:07:43.233 V/WindowManager( 3062): Unknown focus tokens, dropping reportFocusChanged
06-05 02:07:43.246 W/PackageConfigPersister( 3062): App-specific configuration not found for packageName: com.dbs.in.cbcards and userId: 0
06-05 02:07:43.946 D/PowerManagerService( 3062): nativeAcquireSuspendBlocker name:PowerManagerService.WakeLocks duration ms: 1
06-05 02:07:43.954 D/PowerManagerService( 3062): nativeReleaseSuspendBlocker name:PowerManagerService.WakeLocks duration ms: 0
06-05 02:07:44.534 D/CoreBackPreview( 3062): Window{6130bc4 u0 Fingerprint Authentication}: Setting back callback null
06-05 02:07:44.545 V/WindowManager( 3062): Unknown focus tokens, dropping reportFocusChanged
06-05 02:07:44.549 D/FingerprintManager(31339): Cancel fingerprint authentication requested for: 1
06-05 02:07:44.549 D/Fingerprint21( 3062): cancelAuthentication, sensorId: 0
06-05 02:07:44.550 D/BiometricScheduler/Fingerprint21( 3062): cancelAuthenticationOrDetection, requestId: 1
06-05 02:07:44.688 W/ActivityManager( 3062): pid 3062 system sent binder code 1 with flags 1 to frozen apps and got error -32
06-05 02:07:44.688 D/ActivityManager( 3062): Too many transaction errors, throttling freezer binder callback.
06-05 02:07:44.690 D/VRI[InputMethod]( 4765): update {(0,0)(fillxfill) gr=BOTTOM CENTER_VERTICAL ty=INPUT_METHOD fmt=TRANSPARENT wanim=0x1030056 receive insets ignoring z-order
06-05 02:07:44.690 D/VRI[InputMethod]( 4765):   fl=NOT_FOCUSABLE LAYOUT_IN_SCREEN SPLIT_TOUCH HARDWARE_ACCELERATED DRAWS_SYSTEM_BAR_BACKGROUNDS
06-05 02:07:44.690 D/VRI[InputMethod]( 4765):   pfl=FIT_INSETS_CONTROLLED
06-05 02:07:44.690 D/VRI[InputMethod]( 4765):   bhv=DEFAULT
06-05 02:07:44.690 D/VRI[InputMethod]( 4765):   fitTypes=STATUS_BARS NAVIGATION_BARS
06-05 02:07:44.690 D/VRI[InputMethod]( 4765):   fitSides=LEFT TOP RIGHT} by setLayoutParams
06-05 02:07:44.691 W/PackageConfigPersister( 3062): App-specific configuration not found for packageName: com.dbs.in.cbcards and userId: 0
06-05 02:07:44.743 D/InputMethodManagerService( 3062): applyImeVisibility setVisible = true; mCurClient = ClientState{f3815e1 mUid=10462 mPid=31339 mSelfReportedDisplayId=0}
06-05 02:07:44.745 D/CoreBackPreview( 3062): Window{87fd1 u0 com.dbs.in.cbcards/com.dbs.in.cbcards.MainActivity}: Setting back callback OnBackInvokedCallbackInfo{mCallback=android.window.IOnBackInvokedCallback$Stub$Proxy@451d711, mPriority=0, mIsAnimationCallback=false}
06-05 02:07:45.296 W/Binder  (22252): reply too large data on java level: InterfaceDescriptor = null, code = 1
06-05 02:07:45.679 D/PowerManagerService( 3062): nativeAcquireSuspendBlocker name:PowerManagerService.WakeLocks duration ms: 1
06-05 02:07:45.688 D/PowerManagerService( 3062): nativeReleaseSuspendBlocker name:PowerManagerService.WakeLocks duration ms: 0
06-05 02:07:46.098 W/ProcessStats( 3062): Tracking association SourceState{333356b com.google.android.gms/10192 BTop #46995} whose proc state 2 is better than process ProcessState{2d688c8 com.google.android.gms.persistent/10192 pkg=com.google.android.gms} proc state 4 (939 skipped)
06-05 02:07:47.069 D/PowerManagerService( 3062): nativeAcquireSuspendBlocker name:PowerManagerService.WakeLocks duration ms: 1
06-05 02:07:47.078 D/PowerManagerService( 3062): nativeReleaseSuspendBlocker name:PowerManagerService.WakeLocks duration ms: 0
06-05 02:07:47.921 D/PowerManagerService( 3062): nativeAcquireSuspendBlocker name:PowerManagerService.WakeLocks duration ms: 1
06-05 02:07:47.930 D/PowerManagerService( 3062): nativeReleaseSuspendBlocker name:PowerManagerService.WakeLocks duration ms: 0
06-05 02:07:47.934 D/PowerManagerService( 3062): nativeAcquireSuspendBlocker name:PowerManagerService.WakeLocks duration ms: 0
06-05 02:07:47.935 D/PowerManagerService( 3062): nativeReleaseSuspendBlocker name:PowerManagerService.WakeLocks duration ms: 0
06-05 02:07:48.156 D/ActivityManager( 3062): freezing 30137 com.google.android.apps.nbu.files, reason = oom_cached
06-05 02:07:48.248 W/ActivityManager( 3062): pid 3062 system sent binder code 1 with flags 1 to frozen apps and got error -32
06-05 02:07:48.248 D/ActivityManager( 3062): Too many transaction errors, throttling freezer binder callback.
06-05 02:07:48.251 D/InputMethodManagerService( 3062): applyImeVisibility setVisible = false; mCurClient = ClientState{f3815e1 mUid=10462 mPid=31339 mSelfReportedDisplayId=0}
06-05 02:07:48.256 D/VRI[InputMethod]( 4765): update {(0,0)(fillxfill) gr=BOTTOM CENTER_VERTICAL ty=INPUT_METHOD fmt=TRANSPARENT wanim=0x1030056 receive insets ignoring z-order
06-05 02:07:48.256 D/VRI[InputMethod]( 4765):   fl=NOT_FOCUSABLE LAYOUT_IN_SCREEN SPLIT_TOUCH HARDWARE_ACCELERATED DRAWS_SYSTEM_BAR_BACKGROUNDS
06-05 02:07:48.256 D/VRI[InputMethod]( 4765):   pfl=FIT_INSETS_CONTROLLED
06-05 02:07:48.256 D/VRI[InputMethod]( 4765):   bhv=DEFAULT
06-05 02:07:48.256 D/VRI[InputMethod]( 4765):   fitTypes=STATUS_BARS NAVIGATION_BARS
06-05 02:07:48.256 D/VRI[InputMethod]( 4765):   fitSides=LEFT TOP RIGHT} by setLayoutParams
06-05 02:07:48.264 W/PackageConfigPersister( 3062): App-specific configuration not found for packageName: com.dbs.in.cbcards and userId: 0
06-05 02:07:48.265 D/CoreBackPreview( 3062): Window{87fd1 u0 com.dbs.in.cbcards/com.dbs.in.cbcards.MainActivity}: Setting back callback OnBackInvokedCallbackInfo{mCallback=android.window.IOnBackInvokedCallback$Stub$Proxy@abd337b, mPriority=0, mIsAnimationCallback=false}
06-05 02:07:48.319 W/Binder  (22252): reply too large data on java level: InterfaceDescriptor = null, code = 1
06-05 02:07:48.425 D/PowerManagerService( 3062): nativeAcquireSuspendBlocker name:PowerManagerService.WakeLocks duration ms: 1
06-05 02:07:48.460 D/PowerManagerService( 3062): nativeReleaseSuspendBlocker name:PowerManagerService.WakeLocks duration ms: 0
06-05 02:07:48.463 D/PowerManagerService( 3062): nativeAcquireSuspendBlocker name:PowerManagerService.WakeLocks duration ms: 2
06-05 02:07:48.483 D/PowerManagerService( 3062): nativeReleaseSuspendBlocker name:PowerManagerService.WakeLocks duration ms: 0
06-05 02:07:48.489 D/PowerManagerService( 3062): nativeAcquireSuspendBlocker name:PowerManagerService.WakeLocks duration ms: 3
06-05 02:07:48.514 D/PowerManagerService( 3062): nativeReleaseSuspendBlocker name:PowerManagerService.WakeLocks duration ms: 0
06-05 02:07:48.520 D/PowerManagerService( 3062): nativeAcquireSuspendBlocker name:PowerManagerService.WakeLocks duration ms: 4
06-05 02:07:48.521 D/PowerManagerService( 3062): nativeReleaseSuspendBlocker name:PowerManagerService.WakeLocks duration ms: 0
06-05 02:07:48.522 D/PowerManagerService( 3062): nativeAcquireSuspendBlocker name:PowerManagerService.WakeLocks duration ms: 0
06-05 02:07:48.524 D/PowerManagerService( 3062): nativeReleaseSuspendBlocker name:PowerManagerService.WakeLocks duration ms: 1
06-05 02:07:48.526 D/PowerManagerService( 3062): nativeAcquireSuspendBlocker name:PowerManagerService.WakeLocks duration ms: 1
06-05 02:07:48.527 W/ContextImpl( 3062): Calling a method in the system process without a qualified user: android.app.ContextImpl.sendBroadcast:1246 com.android.server.location.gnss.GnssStatusProvider.onReportStatus:176 com.android.server.location.gnss.hal.GnssNative.lambda$reportStatus$1:1057 com.android.server.location.gnss.hal.GnssNative.$r8$lambda$F6DnFXuQAsM3YqWh-0NCwFi1vMk:0 com.android.server.location.gnss.hal.GnssNative$$ExternalSyntheticLambda21.runOrThrow:0 
06-05 02:07:49.178 W/ContextImpl( 3062): Calling a method in the system process without a qualified user: android.app.ContextImpl.sendBroadcastMultiplePermissions:1281 android.content.Context.sendBroadcastMultiplePermissions:2476 com.android.server.TelephonyRegistry.broadcastServiceStateChanged:3597 com.android.server.TelephonyRegistry.notifyServiceStateForPhoneId:1734 com.android.internal.telephony.ITelephonyRegistry$Stub.onTransact:550 
06-05 02:07:49.179 W/ContextImpl( 3062): Calling a method in the system process without a qualified user: android.app.ContextImpl.sendBroadcastMultiplePermissions:1314 com.android.server.TelephonyRegistry.broadcastServiceStateChanged:3602 com.android.server.TelephonyRegistry.notifyServiceStateForPhoneId:1734 com.android.internal.telephony.ITelephonyRegistry$Stub.onTransact:550 android.os.Binder.execTransactInternal:1380 
06-05 02:07:49.182 W/ContextImpl( 3062): Calling a method in the system process without a qualified user: android.app.ContextImpl.sendBroadcastMultiplePermissions:1314 com.android.server.TelephonyRegistry.broadcastServiceStateChanged:3611 com.android.server.TelephonyRegistry.notifyServiceStateForPhoneId:1734 com.android.internal.telephony.ITelephonyRegistry$Stub.onTransact:550 android.os.Binder.execTransactInternal:1380 
06-05 02:07:49.183 W/ContextImpl( 3062): Calling a method in the system process without a qualified user: android.app.ContextImpl.sendBroadcastMultiplePermissions:1314 com.android.server.TelephonyRegistry.broadcastServiceStateChanged:3617 com.android.server.TelephonyRegistry.notifyServiceStateForPhoneId:1734 com.android.internal.telephony.ITelephonyRegistry$Stub.onTransact:550 android.os.Binder.execTransactInternal:1380 
06-05 02:07:49.183 D/ActivityManager( 3062): unfreezing ProcessRecord{7e3f4ab 31295:com.google.android.cellbroadcastreceiver/u0a367}, reason = unfreezeTemporarily, adj = 920, adjType = cch-empty, adjSource = null
06-05 02:07:49.184 D/ActivityManager( 3062): sync unfroze 31295 com.google.android.cellbroadcastreceiver for 3
06-05 02:07:49.456 D/ActivityManager( 3062): freezing 2046 com.google.android.webview:webview_service, reason = oom_cached
06-05 02:07:51.342 W/Binder  (22252): reply too large data on java level: InterfaceDescriptor = null, code = 1
06-05 02:07:53.532 D/PowerManagerService( 3062): nativeReleaseSuspendBlocker name:PowerManagerService.WakeLocks duration ms: 1
06-05 02:07:53.536 D/PowerManagerService( 3062): nativeAcquireSuspendBlocker name:PowerManagerService.WakeLocks duration ms: 1
06-05 02:07:53.547 W/ContextImpl( 3062): Calling a method in the system process without a qualified user: android.app.ContextImpl.sendBroadcast:1246 com.android.server.location.provider.LocationProviderManager$LocationRegistration$1.test:1004 com.android.server.location.provider.LocationProviderManager$LocationRegistration$1.test:958 android.location.LocationResult.filter:191 com.android.server.location.provider.LocationProviderManager$LocationRegistration.acceptLocationChange:957 
06-05 02:07:53.550 W/ContextImpl( 3062): Calling a method in the system process without a qualified user: android.app.ContextImpl.sendBroadcast:1246 com.android.server.location.provider.LocationProviderManager$LocationRegistration$1.test:1004 com.android.server.location.provider.LocationProviderManager$LocationRegistration$1.test:958 android.location.LocationResult.filter:191 com.android.server.location.provider.LocationProviderManager$LocationRegistration.acceptLocationChange:957 
06-05 02:07:53.551 W/ContextImpl( 3062): Calling a method in the system process without a qualified user: android.app.ContextImpl.sendBroadcast:1246 com.android.server.location.provider.LocationProviderManager$LocationRegistration$1.test:1004 com.android.server.location.provider.LocationProviderManager$LocationRegistration$1.test:958 android.location.LocationResult.filter:191 com.android.server.location.provider.LocationProviderManager$LocationRegistration.acceptLocationChange:957 
06-05 02:07:53.554 W/ContextImpl( 3062): Calling a method in the system process without a qualified user: android.app.ContextImpl.sendBroadcast:1246 com.android.server.location.provider.LocationProviderManager$LocationRegistration$1.test:1004 com.android.server.location.provider.LocationProviderManager$LocationRegistration$1.test:958 android.location.LocationResult.filter:191 com.android.server.location.provider.LocationProviderManager$LocationRegistration.acceptLocationChange:957 
06-05 02:07:53.563 W/ContextImpl( 3062): Calling a method in the system process without a qualified user: android.app.ContextImpl.sendBroadcast:1246 com.android.server.location.gnss.GnssStatusProvider.onReportStatus:176 com.android.server.location.gnss.hal.GnssNative.lambda$reportStatus$1:1057 com.android.server.location.gnss.hal.GnssNative.$r8$lambda$F6DnFXuQAsM3YqWh-0NCwFi1vMk:0 com.android.server.location.gnss.hal.GnssNative$$ExternalSyntheticLambda21.runOrThrow:0 
06-05 02:07:53.620 W/AppOps  ( 3062): Noting op not finished: uid 10192 pkg com.google.android.gms code 113 startTime of in progress event=1780599098969
06-05 02:07:53.623 W/AppOps  ( 3062): Noting op not finished: uid 10192 pkg com.google.android.gms code 113 startTime of in progress event=1780599098969
06-05 02:07:53.626 W/AppOps  ( 3062): Noting op not finished: uid 10192 pkg com.google.android.gms code 113 startTime of in progress event=1780599098969
06-05 02:07:53.628 W/AppOps  ( 3062): Noting op not finished: uid 10192 pkg com.google.android.gms code 113 startTime of in progress event=1780599098969
06-05 02:07:53.632 W/AppOps  ( 3062): Noting op not finished: uid 10192 pkg com.google.android.gms code 113 startTime of in progress event=1780599098969
06-05 02:07:53.636 W/AppOps  ( 3062): Noting op not finished: uid 10192 pkg com.google.android.gms code 113 startTime of in progress event=1780599098969
06-05 02:07:53.638 W/AppOps  ( 3062): Noting op not finished: uid 10192 pkg com.google.android.gms code 79 startTime of in progress event=1780599098969
06-05 02:07:53.643 W/AppOps  ( 3062): Noting op not finished: uid 10192 pkg com.google.android.gms code 113 startTime of in progress event=1780599098969
06-05 02:07:53.644 W/AppOps  ( 3062): Noting op not finished: uid 10192 pkg com.google.android.gms code 113 startTime of in progress event=1780599098969
06-05 02:07:53.646 W/AppOps  ( 3062): Noting op not finished: uid 10192 pkg com.google.android.gms code 113 startTime of in progress event=1780599098969
06-05 02:07:53.650 W/AppOps  ( 3062): Noting op not finished: uid 10192 pkg com.google.android.gms code 113 startTime of in progress event=1780599098969
06-05 02:07:53.654 W/AppOps  ( 3062): Noting op not finished: uid 10192 pkg com.google.android.gms code 113 startTime of in progress event=1780599098969
06-05 02:07:53.655 W/AppOps  ( 3062): Noting op not finished: uid 10192 pkg com.google.android.gms code 113 startTime of in progress event=1780599098969
06-05 02:07:53.657 W/AppOps  ( 3062): Noting op not finished: uid 10192 pkg com.google.android.gms code 79 startTime of in progress event=1780599098969
06-05 02:07:54.308 D/PowerManagerService( 3062): nativeReleaseSuspendBlocker name:PowerManagerService.WakeLocks duration ms: 0
06-05 02:07:54.311 D/PowerManagerService( 3062): nativeAcquireSuspendBlocker name:PowerManagerService.WakeLocks duration ms: 2
06-05 02:07:54.320 W/ContextImpl( 3062): Calling a method in the system process without a qualified user: android.app.ContextImpl.sendBroadcast:1246 com.android.server.location.provider.LocationProviderManager$LocationRegistration$1.test:1004 com.android.server.location.provider.LocationProviderManager$LocationRegistration$1.test:958 android.location.LocationResult.filter:191 com.android.server.location.provider.LocationProviderManager$LocationRegistration.acceptLocationChange:957 
06-05 02:07:54.326 W/ContextImpl( 3062): Calling a method in the system process without a qualified user: android.app.ContextImpl.sendBroadcast:1246 com.android.server.location.provider.LocationProviderManager$LocationRegistration$1.test:1004 com.android.server.location.provider.LocationProviderManager$LocationRegistration$1.test:958 android.location.LocationResult.filter:191 com.android.server.location.provider.LocationProviderManager$LocationRegistration.acceptLocationChange:957 
06-05 02:07:54.326 W/ContextImpl( 3062): Calling a method in the system process without a qualified user: android.app.ContextImpl.sendBroadcast:1246 com.android.server.location.provider.LocationProviderManager$LocationRegistration$1.test:1004 com.android.server.location.provider.LocationProviderManager$LocationRegistration$1.test:958 android.location.LocationResult.filter:191 com.android.server.location.provider.LocationProviderManager$LocationRegistration.acceptLocationChange:957 
06-05 02:07:54.326 W/ContextImpl( 3062): Calling a method in the system process without a qualified user: android.app.ContextImpl.sendBroadcast:1246 com.android.server.location.provider.LocationProviderManager$LocationRegistration$1.test:1004 com.android.server.location.provider.LocationProviderManager$LocationRegistration$1.test:958 android.location.LocationResult.filter:191 com.android.server.location.provider.LocationProviderManager$LocationRegistration.acceptLocationChange:957 
06-05 02:07:54.327 D/PowerManagerService( 3062): nativeReleaseSuspendBlocker name:PowerManagerService.WakeLocks duration ms: 0
06-05 02:07:54.364 W/Binder  (22252): reply too large data on java level: InterfaceDescriptor = null, code = 1
06-05 02:07:54.411 D/PowerManagerService( 3062): nativeAcquireSuspendBlocker name:PowerManagerService.WakeLocks duration ms: 1
06-05 02:07:54.420 D/PowerManagerService( 3062): nativeReleaseSuspendBlocker name:PowerManagerService.WakeLocks duration ms: 1
06-05 02:07:54.533 I/keystore2( 1326): system/security/keystore2/src/watchdog.rs:319 - Watchdog thread idle -> terminating. Have a great day.
06-05 02:07:56.207 D/PowerManagerService( 3062): nativeAcquireSuspendBlocker name:PowerManagerService.WakeLocks duration ms: 2
06-05 02:07:56.215 W/ProcessStats( 3062): Tracking association SourceState{333356b com.google.android.gms/10192 BTop #47124} whose proc state 2 is better than process ProcessState{2d688c8 com.google.android.gms.persistent/10192 pkg=com.google.android.gms} proc state 4 (799 skipped)
06-05 02:07:56.223 D/PowerManagerService( 3062): nativeReleaseSuspendBlocker name:PowerManagerService.WakeLocks duration ms: 0
06-05 02:07:56.496 D/ActivityManager( 3062): unfreezing ProcessRecord{baaa0c2 21401:udc.lenovo.com.udclient/u0a181}, reason = unfreezeTemporarily, adj = 995, adjType = cch-empty, adjSource = null
06-05 02:07:56.497 D/ActivityManager( 3062): sync unfroze 21401 udc.lenovo.com.udclient for 3
06-05 02:07:56.498 D/PowerManagerService( 3062): nativeAcquireSuspendBlocker name:PowerManagerService.WakeLocks duration ms: 2
06-05 02:07:56.527 D/PowerManagerService( 3062): nativeReleaseSuspendBlocker name:PowerManagerService.WakeLocks duration ms: 0
06-05 02:07:57.688 D/PowerManagerService( 3062): nativeAcquireSuspendBlocker name:PowerManagerService.WakeLocks duration ms: 2
06-05 02:07:57.700 D/PowerManagerService( 3062): nativeReleaseSuspendBlocker name:PowerManagerService.WakeLocks duration ms: 0
06-05 02:07:59.204 D/ActivityManager( 3062): freezing 31295 com.google.android.cellbroadcastreceiver, reason = oom_cached
06-05 02:07:59.312 D/PowerManagerService( 3062): nativeAcquireSuspendBlocker name:PowerManagerService.WakeLocks duration ms: 2
06-05 02:07:59.328 D/PowerManagerService( 3062): nativeReleaseSuspendBlocker name:PowerManagerService.WakeLocks duration ms: 0
06-05 02:07:59.705 D/BatteryService( 3062): uevent={POWER_SUPPLY_POWER_AVG=36606012, POWER_SUPPLY_VOLTAGE_NOW=4265316, POWER_SUPPLY_POWER_NOW=48872293, POWER_SUPPLY_CHARGE_CONTROL_LIMIT_MAX=11, POWER_SUPPLY_TYPE=Battery, POWER_SUPPLY_HEALTH=Good, POWER_SUPPLY_TECHNOLOGY=Li-ion, POWER_SUPPLY_CHARGE_FULL_DESIGN=4846000, SEQNUM=11917, POWER_SUPPLY_CHARGE_CONTROL_LIMIT=3, POWER_SUPPLY_MODEL_NAME=5371113_LENOVO_NINGDE_4800MAH_AVERAGED_MASTERSLAVE_SEPT17TH2021, POWER_SUPPLY_STATUS=Discharging, POWER_SUPPLY_CYCLE_COUNT=4, POWER_SUPPLY_CAPACITY=98, DEVPATH=/devices/platform/soc/soc:qcom,pmic_glink/soc:qcom,pmic_glink:qcom,battery_charger/power_supply/battery, POWER_SUPPLY_CHARGE_TYPE=N/A, POWER_SUPPLY_CURRENT_NOW=-1097427, POWER_SUPPLY_TIME_TO_FULL_AVG=-1, POWER_SUPPLY_PRESENT=1, POWER_SUPPLY_CHARGE_FULL=3578000, POWER_SUPPLY_TIME_TO_FULL_NOW=-1, SUBSYSTEM=power_supply, POWER_SUPPLY_VOLTAGE_OCV=4420294, POWER_SUPPLY_TEMP=350, ACTION=change, POWER_SUPPLY_NAME=battery, POWER_SUPPLY_VOLTAGE_MAX=4450000, POWER_SUPPLY_CHARGE_COUNTER=3521825, POWER_SUPPLY_TIME_TO_EMPTY_AVG=12380}
06-05 02:07:59.706 D/BatteryService( 3062): uevent={POWER_SUPPLY_POWER_AVG=36606012, POWER_SUPPLY_VOLTAGE_NOW=4265316, POWER_SUPPLY_POWER_NOW=48872293, POWER_SUPPLY_CHARGE_CONTROL_LIMIT_MAX=11, POWER_SUPPLY_TYPE=Battery, POWER_SUPPLY_HEALTH=Good, POWER_SUPPLY_TECHNOLOGY=Li-ion, POWER_SUPPLY_CHARGE_FULL_DESIGN=4846000, SEQNUM=11917, POWER_SUPPLY_CHARGE_CONTROL_LIMIT=3, POWER_SUPPLY_MODEL_NAME=5371113_LENOVO_NINGDE_4800MAH_AVERAGED_MASTERSLAVE_SEPT17TH2021, POWER_SUPPLY_STATUS=Discharging, POWER_SUPPLY_CYCLE_COUNT=4, POWER_SUPPLY_CAPACITY=98, DEVPATH=/devices/platform/soc/soc:qcom,pmic_glink/soc:qcom,pmic_glink:qcom,battery_charger/power_supply/battery, POWER_SUPPLY_CHARGE_TYPE=N/A, POWER_SUPPLY_CURRENT_NOW=-1097427, POWER_SUPPLY_TIME_TO_FULL_AVG=-1, POWER_SUPPLY_PRESENT=1, POWER_SUPPLY_CHARGE_FULL=3578000, POWER_SUPPLY_TIME_TO_FULL_NOW=-1, SUBSYSTEM=power_supply, POWER_SUPPLY_VOLTAGE_OCV=4420294, POWER_SUPPLY_TEMP=350, ACTION=change, POWER_SUPPLY_NAME=battery, POWER_SUPPLY_VOLTAGE_MAX=4450000, POWER_SUPPLY_CHARGE_COUNTER=3521825, POWER_SUPPLY_TIME_TO_EMPTY_AVG=12380}
06-05 02:07:59.712 V/UiModeManager( 3062): updateLocked: null action, mDockState=0, category=null
06-05 02:07:59.712 D/UiModeManager( 3062): updateConfigurationLocked: mDockState=0; mCarMode=false; mNightMode=2; mNightModeCustomType=-1; uiMode=33
06-05 02:07:59.714 V/UiModeManager( 3062): updateLocked: null action, mDockState=0, category=null
06-05 02:07:59.714 D/UiModeManager( 3062): updateConfigurationLocked: mDockState=0; mCarMode=false; mNightMode=2; mNightModeCustomType=-1; uiMode=33
06-05 02:07:59.722 V/UiModeManager( 3062): updateLocked: null action, mDockState=0, category=null
06-05 02:07:59.723 D/UiModeManager( 3062): updateConfigurationLocked: mDockState=0; mCarMode=false; mNightMode=2; mNightModeCustomType=-1; uiMode=33
06-05 02:07:59.726 D/ActivityManager( 3062): unfreezing ProcessRecord{db2cbba 25544:com.android.settings/1000}, reason = unfreezeTemporarily, adj = 900, adjType = cch-empty, adjSource = null
06-05 02:07:59.726 D/ActivityManager( 3062): sync unfroze 25544 com.android.settings for 3
06-05 02:07:59.727 D/ActivityManager( 3062): unfreezing ProcessRecord{94a49ac 28719:com.google.android.apps.turbo/u0a210}, reason = unfreezeTemporarily, adj = 925, adjType = cch-empty, adjSource = null
06-05 02:07:59.728 D/ActivityManager( 3062): sync unfroze 28719 com.google.android.apps.turbo for 3
06-05 02:08:00.004 D/PowerManagerService( 3062): nativeAcquireSuspendBlocker name:PowerManagerService.WakeLocks duration ms: 2
06-05 02:08:00.006 D/PowerManagerService( 3062): nativeReleaseSuspendBlocker name:PowerManagerService.WakeLocks duration ms: 1
06-05 02:08:00.404 W/Binder  (22252): reply too large data on java level: InterfaceDescriptor = null, code = 1
06-05 02:08:00.660 D/PowerManagerService( 3062): nativeAcquireSuspendBlocker name:PowerManagerService.WakeLocks duration ms: 2
06-05 02:08:00.678 D/PowerManagerService( 3062): nativeReleaseSuspendBlocker name:PowerManagerService.WakeLocks duration ms: 0
06-05 02:08:02.095 D/PowerManagerService( 3062): nativeAcquireSuspendBlocker name:PowerManagerService.WakeLocks duration ms: 2
06-05 02:08:02.111 D/PowerManagerService( 3062): nativeReleaseSuspendBlocker name:PowerManagerService.WakeLocks duration ms: 0
06-05 02:08:03.440 W/Binder  (22252): reply too large data on java level: InterfaceDescriptor = null, code = 1
06-05 02:08:03.514 D/PowerManagerService( 3062): nativeAcquireSuspendBlocker name:PowerManagerService.WakeLocks duration ms: 3
06-05 02:08:03.531 D/PowerManagerService( 3062): nativeReleaseSuspendBlocker name:PowerManagerService.WakeLocks duration ms: 0
06-05 02:08:05.008 D/PowerManagerService( 3062): nativeAcquireSuspendBlocker name:PowerManagerService.WakeLocks duration ms: 3
06-05 02:08:05.025 D/PowerManagerService( 3062): nativeReleaseSuspendBlocker name:PowerManagerService.WakeLocks duration ms: 0
06-05 02:08:06.401 D/PowerManagerService( 3062): nativeAcquireSuspendBlocker name:PowerManagerService.WakeLocks duration ms: 3
06-05 02:08:06.419 D/PowerManagerService( 3062): nativeReleaseSuspendBlocker name:PowerManagerService.WakeLocks duration ms: 0
06-05 02:08:06.509 W/ProcessStats( 3062): Tracking association SourceState{78878e0 com.google.android.gms.persistent/10192 BTop #47147} whose proc state 2 is better than process ProcessState{dd37494 com.google.android.gms/10192 pkg=com.google.android.gms} proc state 14 (70 skipped)
06-05 02:08:07.817 D/PowerManagerService( 3062): nativeAcquireSuspendBlocker name:PowerManagerService.WakeLocks duration ms: 2
06-05 02:08:07.832 D/PowerManagerService( 3062): nativeReleaseSuspendBlocker name:PowerManagerService.WakeLocks duration ms: 0
06-05 02:08:09.261 D/PowerManagerService( 3062): nativeAcquireSuspendBlocker name:PowerManagerService.WakeLocks duration ms: 3
06-05 02:08:09.279 D/PowerManagerService( 3062): nativeReleaseSuspendBlocker name:PowerManagerService.WakeLocks duration ms: 0
06-05 02:08:09.484 W/Binder  (22252): reply too large data on java level: InterfaceDescriptor = null, code = 1
06-05 02:08:09.740 D/ActivityManager( 3062): freezing 28719 com.google.android.apps.turbo, reason = oom_cached
06-05 02:08:09.743 D/ActivityManager( 3062): freezing 25544 com.android.settings, reason = oom_cached
06-05 02:08:10.635 D/PowerManagerService( 3062): nativeAcquireSuspendBlocker name:PowerManagerService.WakeLocks duration ms: 3
06-05 02:08:10.653 D/PowerManagerService( 3062): nativeReleaseSuspendBlocker name:PowerManagerService.WakeLocks duration ms: 0
06-05 02:08:11.652 D/PowerManagerService( 3062): nativeAcquireSuspendBlocker name:PowerManagerService.WakeLocks duration ms: 1
06-05 02:08:11.661 D/PowerManagerService( 3062): nativeReleaseSuspendBlocker name:PowerManagerService.WakeLocks duration ms: 0
06-05 02:08:11.800 D/PowerManagerService( 3062): nativeAcquireSuspendBlocker name:PowerManagerService.WakeLocks duration ms: 2
06-05 02:08:11.803 D/PowerManagerService( 3062): nativeReleaseSuspendBlocker name:PowerManagerService.WakeLocks duration ms: 0
06-05 02:08:11.805 D/PowerManagerService( 3062): nativeAcquireSuspendBlocker name:PowerManagerService.WakeLocks duration ms: 3
06-05 02:08:11.817 D/PowerManagerService( 3062): nativeReleaseSuspendBlocker name:PowerManagerService.WakeLocks duration ms: 0
06-05 02:08:11.817 W/JobScheduler( 3062): Job didn't exist in JobStore: cd994be #u0a301/0 com.motorola.bach.modemstats/.nrcheckin.NRCheckinJobService
06-05 02:08:11.838 D/PowerManagerService( 3062): nativeAcquireSuspendBlocker name:PowerManagerService.WakeLocks duration ms: 1
06-05 02:08:11.844 D/PowerManagerService( 3062): nativeReleaseSuspendBlocker name:PowerManagerService.WakeLocks duration ms: 0
06-05 02:08:12.092 D/PowerManagerService( 3062): nativeAcquireSuspendBlocker name:PowerManagerService.WakeLocks duration ms: 2
06-05 02:08:12.110 D/PowerManagerService( 3062): nativeReleaseSuspendBlocker name:PowerManagerService.WakeLocks duration ms: 0
06-05 02:08:12.512 W/Binder  (22252): reply too large data on java level: InterfaceDescriptor = null, code = 1
06-05 02:08:13.616 D/PowerManagerService( 3062): nativeAcquireSuspendBlocker name:PowerManagerService.WakeLocks duration ms: 2
06-05 02:08:13.631 D/PowerManagerService( 3062): nativeReleaseSuspendBlocker name:PowerManagerService.WakeLocks duration ms: 0
06-05 02:08:14.990 D/PowerManagerService( 3062): nativeAcquireSuspendBlocker name:PowerManagerService.WakeLocks duration ms: 2
06-05 02:08:15.007 D/PowerManagerService( 3062): nativeReleaseSuspendBlocker name:PowerManagerService.WakeLocks duration ms: 0
06-05 02:08:16.414 D/PowerManagerService( 3062): nativeAcquireSuspendBlocker name:PowerManagerService.WakeLocks duration ms: 3
06-05 02:08:16.432 D/PowerManagerService( 3062): nativeReleaseSuspendBlocker name:PowerManagerService.WakeLocks duration ms: 0
06-05 02:08:16.512 D/ActivityManager( 3062): freezing 21401 udc.lenovo.com.udclient, reason = oom_cached
06-05 02:08:17.832 D/PowerManagerService( 3062): nativeAcquireSuspendBlocker name:PowerManagerService.WakeLocks duration ms: 3
06-05 02:08:17.849 D/PowerManagerService( 3062): nativeReleaseSuspendBlocker name:PowerManagerService.WakeLocks duration ms: 0
06-05 02:08:18.558 W/Binder  (22252): reply too large data on java level: InterfaceDescriptor = null, code = 1
06-05 02:08:21.592 W/Binder  (22252): reply too large data on java level: InterfaceDescriptor = null, code = 1
06-05 02:08:24.625 W/Binder  (22252): reply too large data on java level: InterfaceDescriptor = null, code = 1
06-05 02:08:25.131 V/UiModeManager( 3062): updateLocked: null action, mDockState=0, category=null
06-05 02:08:25.131 D/UiModeManager( 3062): updateConfigurationLocked: mDockState=0; mCarMode=false; mNightMode=2; mNightModeCustomType=-1; uiMode=33
06-05 02:08:26.107 D/PowerManagerService( 3062): nativeAcquireSuspendBlocker name:PowerManagerService.WakeLocks duration ms: 2
06-05 02:08:26.313 D/PowerManagerService( 3062): nativeReleaseSuspendBlocker name:PowerManagerService.WakeLocks duration ms: 0
06-05 02:08:27.655 W/Binder  (22252): reply too large data on java level: InterfaceDescriptor = null, code = 1
06-05 02:08:30.682 W/Binder  (22252): reply too large data on java level: InterfaceDescriptor = null, code = 1
06-05 02:08:33.717 W/Binder  (22252): reply too large data on java level: InterfaceDescriptor = null, code = 1
06-05 02:08:34.117 V/ShellRecents( 3983): RecentsTransitionHandler.startRecentsTransition
06-05 02:08:34.117 V/WindowManagerShell( 3983): Directly starting a new transition type=3 wct=WindowContainerTransaction { changes = {} hops = [{PendingIntent: options=Bundle[mParcelledData.dataSize=332]}] errorCallbackToken=null taskFragmentOrganizer=null } handler=com.android.wm.shell.recents.RecentsTransitionHandler@7ddd243
06-05 02:08:34.118 D/PowerManagerService( 3062): nativeSetPowerMode ret:false mode:5 enabled:true duration ms: 0
06-05 02:08:34.128 V/ShellRecents( 3983): [102739214] RecentsController.setTransition: id=android.os.BinderProxy@90b232f
06-05 02:08:34.132 D/VRI[CustomizationPanelLauncher]( 4331): update {(0,0)(fillxfill) sim={adjust=nothing forwardNavigation} layoutInDisplayCutoutMode=always ty=BASE_APPLICATION fmt=TRANSPARENT wanim=0x10302f2
06-05 02:08:34.132 D/VRI[CustomizationPanelLauncher]( 4331):   fl=BLUR_BEHIND LAYOUT_IN_SCREEN LAYOUT_INSET_DECOR SHOW_WALLPAPER SPLIT_TOUCH HARDWARE_ACCELERATED DRAWS_SYSTEM_BAR_BACKGROUNDS
06-05 02:08:34.132 D/VRI[CustomizationPanelLauncher]( 4331):   pfl=NO_MOVE_ANIMATION OPTIMIZE_MEASURE FORCE_DRAW_STATUS_BAR_BACKGROUND USE_BLAST FIT_INSETS_CONTROLLED
06-05 02:08:34.132 D/VRI[CustomizationPanelLauncher]( 4331):   vsysui=LAYOUT_STABLE LAYOUT_HIDE_NAVIGATION LAYOUT_FULLSCREEN
06-05 02:08:34.132 D/VRI[CustomizationPanelLauncher]( 4331):   bhv=DEFAULT
06-05 02:08:34.132 D/VRI[CustomizationPanelLauncher]( 4331):   fitSides=} by setLayoutParams
06-05 02:08:34.145 V/WindowManagerShell( 3983): onTransitionReady android.os.BinderProxy@90b232f: {id=35 t=TO_FRONT f=0x80 trk=0 r=[0@Point(0, 0)] c=[{WCT{android.window.IWindowContainerToken$Stub$Proxy@4d4e41} m=TO_FRONT f=SHOW_WALLPAPER|MOVE_TO_TOP pTaskId=-1 leash=Surface(name=Task=1)/@0xe55cac5 sb=Rect(0, 0 - 1080, 2400) eb=Rect(0, 0 - 1080, 2400) d=0},{WCT{android.window.IWindowContainerToken$Stub$Proxy@6084fe6} m=TO_BACK f=NONE pTaskId=-1 leash=Surface(name=Task=6056)/@0x7ad8c1a sb=Rect(0, 0 - 1080, 2400) eb=Rect(0, 0 - 1080, 2400) d=0},{null m=TO_FRONT f=IS_WALLPAPER leash=Surface(name=WallpaperWindowToken{ecb845f token=android.os.Binder@6d418b9})/@0xbb0c34b sb=Rect(0, 0 - 1080, 2400) eb=Rect(0, 0 - 1080, 2400) d=0}]}
06-05 02:08:34.145 V/WindowManagerShell( 3983): Playing animation for (#35)android.os.BinderProxy@90b232f@0
06-05 02:08:34.145 V/WindowManagerShell( 3983):  try firstHandler com.android.wm.shell.recents.RecentsTransitionHandler@7ddd243
06-05 02:08:34.145 V/ShellRecents( 3983): [102739214] RecentsController.start
06-05 02:08:34.146 V/ShellRecents( 3983):   adding pausing leaf taskId=6056 at layer=8
06-05 02:08:34.147 V/ShellRecents( 3983): [102739214] RecentsController.start: calling onAnimationStart
06-05 02:08:34.147 V/WindowManagerShell( 3983):  animated by firstHandler
