06-05 02:08:57.165 D/CompatibilityChangeReporter( 3062): Compat change id reported: 168419799; UID 10308; state: DISABLED
06-05 02:08:57.165 D/CompatibilityChangeReporter( 3062): Compat change id reported: 273564678; UID 10308; state: DISABLED
06-05 02:08:57.167 D/CompatibilityChangeReporter( 3062): Compat change id reported: 265195908; UID 10308; state: ENABLED
06-05 02:08:57.171 D/CompatibilityChangeReporter( 3062): Compat change id reported: 170503758; UID 10308; state: ENABLED
06-05 02:08:57.334 I/ActivityManager( 3062): Flag disabled. Ignoring finishAttachApplication from uid: 10308. pid: 8432
06-05 02:08:57.369 D/ActivityManager( 3062): unfreezing ProcessRecord{7a7d28 5963:com.google.android.adservices.api/u0a357}, reason = oom_uncached, adj = 200, adjType = service, adjSource = ProcessRecord{e74f421 8121:com.creditcard.onecard/u0a473}
06-05 02:08:57.370 D/ActivityManager( 3062): sync unfroze 5963 com.google.android.adservices.api for 4
06-05 02:08:57.389 D/ActivityManager( 3062): Checking cgroup freezer: /sys/fs/cgroup/uid_0/pid_1575/cgroup.freeze
06-05 02:08:57.389 D/ActivityManager( 3062): Checking binder freezer ioctl
06-05 02:08:57.389 D/ActivityManager( 3062): Checking freezer profiles
06-05 02:08:57.389 D/ActivityManager( 3062): Freezer supported: true
06-05 02:08:57.395 I/SettingsAccessControlPolicy( 3062): isDeviceSettingsChangeDisabled: value -> false
06-05 02:08:57.408 D/ActivityManager( 3062): Checking cgroup freezer: /sys/fs/cgroup/uid_0/pid_1575/cgroup.freeze
06-05 02:08:57.408 D/ActivityManager( 3062): Checking binder freezer ioctl
06-05 02:08:57.408 D/ActivityManager( 3062): Checking freezer profiles
06-05 02:08:57.408 D/ActivityManager( 3062): Freezer supported: true
06-05 02:08:57.411 V/WindowManagerShell( 3983): Transition animation finished (aborted=false), notifying core (#38)android.os.BinderProxy@da7bf72@0
06-05 02:08:57.413 V/WindowManager( 3062): Finish Transition #38: created at 06-05 02:08:56.845 collect-started=0.046ms request-sent=10.988ms started=25.926ms ready=25.915ms sent=51.078ms finished=566.046ms
06-05 02:08:57.415 V/WindowManagerShell( 3983): Track 0 became idle
06-05 02:08:57.415 V/WindowManagerShell( 3983): All active transition animations finished
06-05 02:08:57.440 E/JobScheduler( 3062): Uid(s) -1/10289 not in a state to schedule user-initiated jobs
06-05 02:08:57.442 W/ActivityManager( 3062): startForegroundService() not allowed due to mAllowStartForeground false: service com.google.android.youtube/com.google.android.libraries.youtube.offline.transfer.service.OfflineKeepAliveService
06-05 02:08:57.486 D/ViewRootImpl(25544): update {(0,0)(fillxfill) sim={forwardNavigation} ty=BASE_APPLICATION wanim=0x10302f2
06-05 02:08:57.486 D/ViewRootImpl(25544):   fl=LAYOUT_IN_SCREEN LAYOUT_INSET_DECOR SPLIT_TOUCH HARDWARE_ACCELERATED DRAWS_SYSTEM_BAR_BACKGROUNDS
06-05 02:08:57.486 D/ViewRootImpl(25544):   pfl=NO_MOVE_ANIMATION FORCE_DRAW_STATUS_BAR_BACKGROUND HIDE_NON_SYSTEM_OVERLAY_WINDOWS FIT_INSETS_CONTROLLED
06-05 02:08:57.486 D/ViewRootImpl(25544):   bhv=DEFAULT
06-05 02:08:57.486 D/ViewRootImpl(25544):   fitSides=} by setView
06-05 02:08:57.494 I/ProcessStatsService( 3062): Added stats: 2026-06-04-22-56-29, over +3h0m31s597ms
06-05 02:08:57.507 W/SparseMappingTable(25544): Invalid stats at index 0 -- SparseMappingTable.Table{mSequence=1 mParent.mSequence=2 mParent.mLongs.size()=3 mSize=1 mTable=[0xe/0x3/0x0] clazz=com.android.internal.app.procstats.DurationsTable}
06-05 02:08:57.515 D/CoreBackPreview( 3062): Window{f7ae937 u0 com.android.settings/com.android.settings.Settings$DevelopmentSettingsDashboardActivity}: Setting back callback OnBackInvokedCallbackInfo{mCallback=android.window.IOnBackInvokedCallback$Stub$Proxy@d05697e, mPriority=-1, mIsAnimationCallback=false}
06-05 02:08:57.581 I/LaunchCheckinHandler( 3062): MotoDisplayed com.android.settings/.Settings$DevelopmentSettingsDashboardActivity,wp,ca,717
06-05 02:08:57.581 W/ActivityTaskManager( 3062): activity boost didn't release as expected
06-05 02:08:57.595 D/CompatibilityChangeReporter( 3062): Compat change id reported: 214016041; UID 1000; state: ENABLED
06-05 02:08:57.600 W/PackageConfigPersister( 3062): App-specific configuration not found for packageName: com.android.settings and userId: 0
06-05 02:08:57.607 D/PowerManagerService( 3062): nativeSetPowerMode ret:false mode:5 enabled:false duration ms: 0
06-05 02:08:57.611 D/CompatibilityChangeReporter( 3062): Compat change id reported: 265195908; UID 10473; state: ENABLED
06-05 02:08:57.899 W/Binder  (22252): reply too large data on java level: InterfaceDescriptor = null, code = 1
06-05 02:08:58.296 D/CompatibilityChangeReporter( 3062): Compat change id reported: 253665015; UID 10357; state: ENABLED
06-05 02:08:58.296 D/CompatibilityChangeReporter( 3062): Compat change id reported: 194532703; UID 10357; state: ENABLED
06-05 02:08:58.298 W/JobScheduler( 3062): Job didn't exist in JobStore: c30d81f #u0a357/20 com.google.android.adservices.api/com.android.adservices.service.measurement.registration.AsyncRegistrationQueueJobService
06-05 02:08:58.591 E/JobScheduler( 3062): Uid(s) -1/10289 not in a state to schedule user-initiated jobs
06-05 02:08:58.592 W/ActivityManager( 3062): startForegroundService() not allowed due to mAllowStartForeground false: service com.google.android.youtube/com.google.android.libraries.youtube.offline.transfer.service.OfflineKeepAliveService
06-05 02:08:58.882 D/CompatibilityChangeReporter( 3062): Compat change id reported: 135634846; UID 10365; state: DISABLED
06-05 02:08:58.882 D/CompatibilityChangeReporter( 3062): Compat change id reported: 177438394; UID 10365; state: DISABLED
06-05 02:08:58.882 D/CompatibilityChangeReporter( 3062): Compat change id reported: 135772972; UID 10365; state: DISABLED
06-05 02:08:58.882 D/CompatibilityChangeReporter( 3062): Compat change id reported: 135754954; UID 10365; state: ENABLED
06-05 02:08:58.883 D/CompatibilityChangeReporter( 3062): Compat change id reported: 143937733; UID 10365; state: ENABLED
06-05 02:08:58.894 I/ActivityManager( 3062): Start proc 8526:com.google.android.permissioncontroller/u0a365 for service {com.google.android.permissioncontroller/com.android.role.controller.service.RoleControllerServiceImpl}
06-05 02:08:58.910 D/CompatibilityChangeReporter( 3062): Compat change id reported: 168419799; UID 10365; state: DISABLED
06-05 02:08:58.910 D/CompatibilityChangeReporter( 3062): Compat change id reported: 273564678; UID 10365; state: DISABLED
06-05 02:08:58.912 D/CompatibilityChangeReporter( 3062): Compat change id reported: 265195908; UID 10365; state: ENABLED
06-05 02:08:58.915 D/CompatibilityChangeReporter( 3062): Compat change id reported: 170503758; UID 10365; state: ENABLED
06-05 02:08:58.933 W/AdbDebuggingManager( 3062): Read failed with count -1
06-05 02:08:58.937 E/AdbDebuggingManager( 3062): Caught an exception opening the socket: java.io.IOException: No such file or directory
06-05 02:08:58.959 D/UsbDeviceManager( 3062): applyOemOverride usbfunctions=mtp bootmode=normal
06-05 02:08:58.996 I/ActivityManager( 3062): Flag disabled. Ignoring finishAttachApplication from uid: 10365. pid: 8526
06-05 02:08:59.008 I/ActivityTaskManager( 3062): Config changes=104 {0.85 404mcc10mnc [en_IN] ldltr sw508dp w508dp h1063dp 340dpi lrg long port night finger -keyb/v/h -nav/h winConfig={ mBounds=Rect(0, 0 - 1080, 2400) mAppBounds=Rect(0, 90 - 1080, 2349) mMaxBounds=Rect(0, 0 - 1080, 2400) mDisplayRotation=ROTATION_0 mWindowingMode=fullscreen mDisplayWindowingMode=fullscreen mActivityType=undefined mAlwaysOnTop=undefined mRotation=ROTATION_0} as.2 s.313 fontWeightAdjustment=0 spnairtel gidffffffffffffffffffff}
06-05 02:08:59.014 I/WindowManager( 3062): Override config changes=104 {0.85 404mcc10mnc [en_IN] ldltr sw508dp w508dp h1063dp 340dpi lrg long port night finger -keyb/v/h -nav/h winConfig={ mBounds=Rect(0, 0 - 1080, 2400) mAppBounds=Rect(0, 90 - 1080, 2349) mMaxBounds=Rect(0, 0 - 1080, 2400) mDisplayRotation=ROTATION_0 mWindowingMode=fullscreen mDisplayWindowingMode=fullscreen mActivityType=undefined mAlwaysOnTop=undefined mRotation=ROTATION_0} as.2 s.313 fontWeightAdjustment=0 spnairtel gidffffffffffffffffffff} for displayId=0
06-05 02:08:59.014 D/PowerManagerService( 3062): nativeSetPowerMode ret:false mode:5 enabled:true duration ms: 0
06-05 02:08:59.022 V/WindowManagerShell( 3983): Transition requested: android.os.BinderProxy@528d313 TransitionRequestInfo { type = 6, triggerTask = null, remoteTransition = null, displayChange = null, flags = 0 }
06-05 02:08:59.039 D/CompatibilityChangeReporter( 3062): Compat change id reported: 184838306; UID 10473; state: DISABLED
06-05 02:08:59.039 D/CompatibilityChangeReporter( 3062): Compat change id reported: 185004937; UID 10473; state: DISABLED
06-05 02:08:59.044 D/CompatibilityChangeReporter( 3062): Compat change id reported: 197654537; UID 10473; state: ENABLED
06-05 02:08:59.049 I/ActivityTaskManager( 3062): Config changes=100 {0.85 404mcc10mnc [en_IN] ldltr sw508dp w508dp h1063dp 340dpi lrg long layoutCompatNeeded port night finger -keyb/v/h -nav/h winConfig={ mBounds=Rect(0, 0 - 1080, 2400) mAppBounds=Rect(0, 90 - 1080, 2349) mMaxBounds=Rect(0, 0 - 1080, 2400) mDisplayRotation=ROTATION_0 mWindowingMode=fullscreen mDisplayWindowingMode=fullscreen mActivityType=undefined mAlwaysOnTop=undefined mRotation=ROTATION_0} as.2 s.403 fontWeightAdjustment=0 spnairtel gidffffffffffffffffffff}
06-05 02:08:59.064 I/WindowManager( 3062): Override config changes=100 {0.85 404mcc10mnc [en_IN] ldltr sw508dp w508dp h1063dp 340dpi lrg long layoutCompatNeeded port night finger -keyb/v/h -nav/h winConfig={ mBounds=Rect(0, 0 - 1080, 2400) mAppBounds=Rect(0, 90 - 1080, 2349) mMaxBounds=Rect(0, 0 - 1080, 2400) mDisplayRotation=ROTATION_0 mWindowingMode=fullscreen mDisplayWindowingMode=fullscreen mActivityType=undefined mAlwaysOnTop=undefined mRotation=ROTATION_0} as.2 s.403 fontWeightAdjustment=0 spnairtel gidffffffffffffffffffff} for displayId=0
06-05 02:08:59.075 W/ActivityManager( 3062): Slow operation: 57ms so far, now at startProcess: done creating new process record
06-05 02:08:59.075 W/ActivityManager( 3062): Slow operation: 57ms so far, now at startProcess: stepping in to startProcess
06-05 02:08:59.075 W/PackageConfigPersister( 3062): App-specific configuration not found for packageName: com.android.settings and userId: 0
06-05 02:08:59.075 D/CompatibilityChangeReporter( 3062): Compat change id reported: 135634846; UID 10147; state: DISABLED
06-05 02:08:59.075 D/CompatibilityChangeReporter( 3062): Compat change id reported: 177438394; UID 10147; state: DISABLED
06-05 02:08:59.075 D/CompatibilityChangeReporter( 3062): Compat change id reported: 135772972; UID 10147; state: DISABLED
06-05 02:08:59.076 D/CompatibilityChangeReporter( 3062): Compat change id reported: 135754954; UID 10147; state: ENABLED
06-05 02:08:59.076 V/WindowManagerShell( 3983): Display changed: 0
06-05 02:08:59.076 W/ActivityManager( 3062): Slow operation: 58ms so far, now at startProcess: done starting proc!
06-05 02:08:59.076 D/ActivityManager( 3062): unfreezing ProcessRecord{1f2a258 30632:com.android.chrome/u0a285}, reason = unfreezeTemporarily, adj = 900, adjType = cch-empty, adjSource = null
06-05 02:08:59.076 V/WindowManagerShell( 3983): Display changed: 0
06-05 02:08:59.077 D/CompatibilityChangeReporter( 3062): Compat change id reported: 143937733; UID 10147; state: ENABLED
06-05 02:08:59.078 D/ActivityManager( 3062): sync unfroze 30632 com.android.chrome for 3
06-05 02:08:59.084 W/PackageConfigPersister( 3062): App-specific configuration not found for packageName: com.android.settings and userId: 0
06-05 02:08:59.086 W/Looper  ( 3062): Slow dispatch took 129ms android.fg h=com.android.server.usb.UsbDeviceManager$UsbHandlerLegacy c=null m=1
06-05 02:08:59.089 D/CompatibilityChangeReporter( 3062): Compat change id reported: 161145287; UID 10365; state: ENABLED
06-05 02:08:59.091 I/ActivityManager( 3062): Start proc 8554:com.android.carrierdefaultapp/u0a147 for broadcast {com.android.carrierdefaultapp/com.android.carrierdefaultapp.CarrierDefaultBroadcastReceiver}
06-05 02:08:59.117 D/CompatibilityChangeReporter( 3062): Compat change id reported: 168419799; UID 10147; state: DISABLED
06-05 02:08:59.117 D/CompatibilityChangeReporter( 3062): Compat change id reported: 273564678; UID 10147; state: DISABLED
06-05 02:08:59.124 W/Looper  ( 3062): Slow dispatch took 107ms android.ui h=com.android.server.am.ActivityManagerService$UiHandler c=null m=68
06-05 02:08:59.127 D/CompatibilityChangeReporter( 3062): Compat change id reported: 265195908; UID 10147; state: ENABLED
06-05 02:08:59.127 D/VRI[NavigationBar0]( 3983): update {(0,0)(fillx102) gr=BOTTOM CENTER_VERTICAL layoutInDisplayCutoutMode=always ty=NAVIGATION_BAR fmt=TRANSLUCENT
06-05 02:08:59.127 D/VRI[NavigationBar0]( 3983):   fl=NOT_FOCUSABLE NOT_TOUCH_MODAL WATCH_OUTSIDE_TOUCH SPLIT_TOUCH FLAG_SLIPPERY
06-05 02:08:59.127 D/VRI[NavigationBar0]( 3983):   pfl=LAYOUT_SIZE_EXTENDED_BY_CUTOUT COLOR_SPACE_AGNOSTIC FIT_INSETS_CONTROLLED TRUSTED_OVERLAY
06-05 02:08:59.127 D/VRI[NavigationBar0]( 3983):   bhv=DEFAULT
06-05 02:08:59.127 D/VRI[NavigationBar0]( 3983):   providedInsets:
06-05 02:08:59.127 D/VRI[NavigationBar0]( 3983):     InsetsFrameProvider: {id=#f4580001, index=0, type=navigationBars, source=FRAME, flags=[SUPPRESS_SCRIM], insetsSize=Insets{left=0, top=0, right=0, bottom=51}, insetsSizeOverrides=[TypedInsetsSize: {windowType=INPUT_METHOD, insetsSize=null}]}
06-05 02:08:59.127 D/VRI[NavigationBar0]( 3983):     InsetsFrameProvider: {id=#f4580006, index=0, type=tappableElement, source=FRAME, flags=[], insetsSize=Insets{left=0, top=0, right=0, bottom=0}}
06-05 02:08:59.127 D/VRI[NavigationBar0]( 3983):     InsetsFrameProvider: {id=#f4580005, index=0, type=mandatorySystemGestures, source=FRAME, flags=[], insetsSize=Insets{left=0, top=0, right=0, bottom=68}}
06-05 02:08:59.127 D/VRI[NavigationBar0]( 3983):     InsetsFrameProvider: {id=#f4580004, index=0, type=systemGestures, source=DISPLAY, flags=[], insetsSize=Insets{left=63, top=0, right=0, bottom=0}, mMinimalInsetsSizeInDisplayCutoutSafe=Insets{left=63, top=0, right=0, bottom=0}}
06-05 02:08:59.127 D/VRI[NavigationBar0]( 3983):     InsetsFrameProvider: {id=#f4580024, index=1, type=systemGestures, source=DISPLAY, flags=[], insetsSize=Insets{left=0, top=0, right=63, bottom=0}, mMinimalInsetsSizeInDisplayCutoutSafe=Insets{left=0, top=0, right=63, bottom=0}}
06-05 02:08:59.127 D/VRI[NavigationBar0]( 3983):   paramsForRotation:
06-05 02:08:59.127 D/VRI[NavigationBar0]( 3983):     ROTATION_0={(0,0)(fillx102) gr=BOTTOM CENTER_VERTICAL layoutInDisplayCutoutMode=always ty=NAVIGATION_BAR fmt=TRANSLUCENT
06-05 02:08:59.127 D/VRI[NavigationBar0]( 3983):       fl=NOT_FOCUSABLE NOT_TOUCH_MODAL WATCH_OUTSIDE_TOUCH SPLIT_TOUCH FLAG_SLIPPERY
06-05 02:08:59.127 D/VRI[NavigationBar0]( 3983):       pfl=LAYOUT_SIZE_EXTENDED_BY_CUTOUT COLOR_SPACE_AGNOSTIC FIT_INSETS_CONTROLLED TRUSTED_OVERLAY
06-05 02:08:59.127 D/VRI[NavigationBar0]( 3983):       bhv=DEFAULT
06-05 02:08:59.127 D/VRI[NavigationBar0]( 3983):       providedInsets:
06-05 02:08:59.127 D/VRI[NavigationBar0]( 3983):         InsetsFrameProvider: {id=#f4580001, index=0, type=navigationBars, source=FRAME, flags=[SUPPRESS_SCRIM], insetsSize=Insets{left=0, top=0, right=0, bottom=51}, insetsSizeOverrides=[TypedInsetsSize: {windowType=INPUT_METHOD, insetsSize=null}]}
06-05 02:08:59.127 D/VRI[NavigationBar0]( 3983):         InsetsFrameProvider: {id=#f4580006, index=0, type=tappableElement, source=FRAME, flags=[], insetsSize=Insets{left=0, top=0, right=0, bottom=0}}
06-05 02:08:59.127 D/VRI[NavigationBar0]( 3983):         InsetsFrameProvider: {id=#f4580005, index=0, type=mandatorySystemGestures, source=FRAME, flags=[], insetsSize=Insets{left=0, top=0, right=0, bottom=68}}
06-05 02:08:59.127 D/VRI[NavigationBar0]( 3983):         InsetsFrameProvider: {id=#f4580004, index=0, type=systemGestures, source=DISPLAY, flags=[], insetsSize=Insets{left=63, top=0, right=0, bottom=0}, mMinimalInsetsSizeInDisplayCutoutSafe=Insets{left=63, top=0, right=0, bottom=0}}
06-05 02:08:59.127 D/VRI[NavigationBar0]( 3983):         InsetsFrameProvider: {id=#f4580024, index=1, type=systemGestures, source=DISPLAY, flags=[], insetsSize=Insets{left=0, top=0, right=63, bottom=0}, mMinimalInsetsSizeInDisplayCutoutSafe=Insets{left=0, top=0, right=63, bottom=0}}}
06-05 02:08:59.127 D/VRI[NavigationBar0]( 3983):     ROTATION_90={(0,0)(fillx102) gr=BOTTOM CENTER_VERTICAL layoutInDisplayCutoutMode=always ty=NAVIGATION_BAR fmt=TRANSLUCENT
06-05 02:08:59.127 D/VRI[NavigationBar0]( 3983):       fl=NOT_FOCUSABLE NOT_TOUCH_MODAL WATCH_OUTSIDE_TOUCH SPLIT_TOUCH FLAG_SLIPPERY
06-05 02:08:59.127 D/VRI[NavigationBar0]( 3983):       pfl=LAYOUT_SIZE_EXTENDED_BY_CUTOUT COLOR_SPACE_AGNOSTIC FIT_INSETS_CONTROLLED TRUSTED_OVERLAY
06-05 02:08:59.127 D/VRI[NavigationBar0]( 3983):       bhv=DEFAULT
06-05 02:08:59.127 D/VRI[NavigationBar0]( 3983):       providedInsets:
06-05 02:08:59.127 D/VRI[NavigationBar0]( 3983):         InsetsFrameProvider: {id=#f4580001, index=0, type=navigationBars, source=FRAME, flags=[SUPPRESS_SCRIM], insetsSize=Insets{left=0, top=0, right=0, bottom=51}, insetsSizeOverrides=[TypedInsetsSize: {windowType=INPUT_METHOD, insetsSize=null}]}
06-05 02:08:59.127 D/VRI[NavigationBar0]( 3983):         InsetsFrameProvider: {id=#f4580006, index=0, type=tappableElement, source=FRAME, flags=[], insetsSize=Insets{left=0, top=0, right=0, bottom=0}}
06-05 02:08:59.127 D/VRI[NavigationBar0]( 3983):         InsetsFrameProvider: {id=#f4580005, index=0, type=mandatorySystemGestures, source=FRAME, flags=[], insetsSize=Insets{left=0, top=0, right=0, bottom=68}}
06-05 02:08:59.127 D/VRI[NavigationBar0]( 3983):         InsetsFrameProvider: {id=#f4580004, index=0, type=systemGestures, source=DISPLAY, flags=[], insetsSize=Insets{left=63, top=0, right=0, bottom=0}, mMinimalInsetsSizeInDisplayCutoutSafe=Insets{left=63, top=0, right=0, bottom=0}}
06-05 02:08:59.127 D/VRI[NavigationBar0]( 3983):         InsetsFrameProvider: {id=#f4580024, index=1, type=systemGestures, source=DISPLAY, flags=[], insetsSize=Insets{left=0, top=0, right=63, bottom=0}, mMinimalInsetsSizeInDisplayCutoutSafe=Insets{left=0, top=0, right=63, bottom=0}}}
06-05 02:08:59.127 D/VRI[NavigationBar0]( 3983):     ROTATION_180={(0,0)(fillx102) gr=BOTTOM CENTER_VERTICAL layoutInDisplayCutoutMode=always ty=NAVIGATION_BAR fmt=TRANSLUCENT
06-05 02:08:59.127 D/VRI[NavigationBar0]( 3983):       fl=NOT_FOCUSABLE NOT_TOUCH_MODAL WATCH_OUTSIDE_TOUCH SPLIT_TOUCH FLAG_SLIPPERY
06-05 02:08:59.127 D/VRI[NavigationBar0]( 3983):       pfl=LAYOUT_SIZE_EXTENDED_BY_CUTOUT COLOR_SPACE_AGNOSTIC FIT_INSETS_CONTROLLED TRUSTED_OVERLAY
06-05 02:08:59.127 D/VRI[NavigationBar0]( 3983):       bhv=DEFAULT
06-05 02:08:59.127 D/VRI[NavigationBar0]( 3983):       providedInsets:
06-05 02:08:59.127 D/VRI[NavigationBar0]( 3983):         InsetsFrameProvider: {id=#f4580001, index=0, type=navigationBars, source=FRAME, flags=[SUPPRESS_SCRIM], insetsSize=Insets{left=0, top=0, right=0, bottom=51}, insetsSizeOverrides=[TypedInsetsSize: {windowType=INPUT_METHOD, insetsSize=null}]}
06-05 02:08:59.127 D/VRI[NavigationBar0]( 3983):         InsetsFrameProvider: {id=#f4580006, index=0, type=tappableElement, source=FRAME, flags=[], insetsSize=Insets{left=0, top=0, right=0, bottom=0}}
06-05 02:08:59.127 D/VRI[NavigationBar0]( 3983):         InsetsFrameProvider: {id=#f4580005, index=0, type=mandatorySystemGestures, source=FRAME, flags=[], insetsSize=Insets{left=0, top=0, right=0, bottom=68}}
06-05 02:08:59.127 D/VRI[NavigationBar0]( 3983):         InsetsFrameProvider: {id=#f4580004, index=0, type=systemGestures, source=DISPLAY, flags=[], insetsSize=Insets{left=63, top=0, right=0, bottom=0}, mMinimalInsetsSizeInDisplayCutoutSafe=Insets{left=63, top=0, right=0, bottom=0}}
06-05 02:08:59.127 D/VRI[NavigationBar0]( 3983):         InsetsFrameProvider: {id=#f4580024, index=1, type=systemGestures, source=DISPLAY, flags=[], insetsSize=Insets{left=0, top=0, right=63, bottom=0}, mMinimalInsetsSizeInDisplayCutoutSafe=Insets{left=0, top=0, right=63, bottom=0}}}
06-05 02:08:59.127 D/VRI[NavigationBar0]( 3983):     ROTATION_270={(0,0)(fillx102) gr=BOTTOM CENTER_VERTICAL layoutInDisplayCutoutMode=always ty=NAVIGATION_BAR fmt=TRANSLUCENT
06-05 02:08:59.127 D/VRI[NavigationBar0]( 3983):       fl=NOT_FOCUSABLE NOT_TOUCH_MODAL WATCH_OUTSIDE_TOUCH SPLIT_TOUCH FLAG_SLIPPERY
06-05 02:08:59.127 D/VRI[NavigationBar0]( 3983):       pfl=LAYOUT_SIZE_EXTENDED_BY_CUTOUT COLOR_SPACE_AGNOSTIC FIT_INSETS_CONTROLLED TRUSTED_OVERLAY
06-05 02:08:59.127 D/VRI[NavigationBar0]( 3983):       bhv=DEFAULT
06-05 02:08:59.127 D/VRI[NavigationBar0]( 3983):       providedInsets:
06-05 02:08:59.127 D/VRI[NavigationBar0]( 3983):         InsetsFrameProvider: {id=#f4580001, index=0, type=navigationBars, source=FRAME, flags=[SUPPRESS_SCRIM], insetsSize=Insets{left=0, top=0, right=0, bottom=51}, insetsSizeOverrides=[TypedInsetsSize: {windowType=INPUT_METHOD, insetsSize=null}]}
06-05 02:08:59.127 D/VRI[NavigationBar0]( 3983):         InsetsFrameProvider: {id=#f4580006, index=0, type=tappableElement, source=FRAME, flags=[], insetsSize=Insets{left=0, top=0, right=0, bottom=0}}
06-05 02:08:59.127 D/VRI[NavigationBar0]( 3983):         InsetsFrameProvider: {id=#f4580005, index=0, type=mandatorySystemGestures, source=FRAME, flags=[], insetsSize=Insets{left=0, top=0, right=0, bottom=68}}
06-05 02:08:59.127 D/VRI[NavigationBar0]( 3983):         InsetsFrameProvider: {id=#f4580004, index=0, type=systemGestures, source=DISPLAY, flags=[], insetsSize=Insets{left=63, top=0, right=0, bottom=0}, mMinimalInsetsSizeInDisplayCutoutSafe=Insets{left=63, top=0, right=0, bottom=0}}
06-05 02:08:59.127 D/VRI[NavigationBar0]( 3983):         InsetsFrameProvider: {id=#f4580024, index=1, type=systemGestures, source=DISPLAY, flags=[], insetsSize=Insets{left=0, top=0, right=63, bottom=0}, mMinimalInsetsSizeInDisplayCutoutSafe=Insets{left=0, top=0, right=63, bottom=0}}}} by setLayoutParams
06-05 02:08:59.133 D/CompatibilityChangeReporter( 3062): Compat change id reported: 170503758; UID 10147; state: ENABLED
06-05 02:08:59.134 D/ActivityManager( 3062): unfreezing ProcessRecord{affd366 18494:com.google.process.gservices/u0a192}, reason = shouldNotFreeze_allowlist, adj = 925, adjType = cch-empty, adjSource = null
06-05 02:08:59.134 D/ActivityManager( 3062): sync unfroze 18494 com.google.process.gservices for 10
06-05 02:08:59.134 D/ActivityManager( 3062): unfreezing ProcessRecord{311bd74 30617:com.google.process.gapps/u0a192}, reason = shouldNotFreeze_allowlist, adj = 965, adjType = cch-empty, adjSource = null
06-05 02:08:59.134 D/ActivityManager( 3062): sync unfroze 30617 com.google.process.gapps for 10
06-05 02:08:59.136 D/CompatibilityChangeReporter( 3062): Compat change id reported: 135634846; UID 10122; state: DISABLED
06-05 02:08:59.136 D/CompatibilityChangeReporter( 3062): Compat change id reported: 177438394; UID 10122; state: DISABLED
06-05 02:08:59.136 D/CompatibilityChangeReporter( 3062): Compat change id reported: 135772972; UID 10122; state: DISABLED
06-05 02:08:59.136 D/CompatibilityChangeReporter( 3062): Compat change id reported: 135754954; UID 10122; state: ENABLED
06-05 02:08:59.137 D/CompatibilityChangeReporter( 3062): Compat change id reported: 143937733; UID 10122; state: ENABLED
06-05 02:08:59.144 D/CompatibilityChangeReporter( 3062): Compat change id reported: 172251878; UID 10192; state: ENABLED
06-05 02:08:59.147 D/ActivityManager( 3062): Checking cgroup freezer: /sys/fs/cgroup/uid_0/pid_1575/cgroup.freeze
06-05 02:08:59.148 D/ActivityManager( 3062): Checking binder freezer ioctl
06-05 02:08:59.148 D/ActivityManager( 3062): Checking freezer profiles
06-05 02:08:59.148 D/ActivityManager( 3062): Freezer supported: true
06-05 02:08:59.158 I/ActivityManager( 3062): Start proc 8575:android.process.media/u0a122 for broadcast {com.android.mtp/com.android.mtp.MtpReceiver}
06-05 02:08:59.176 W/ProcessStats( 3062): Tracking association SourceState{78878e0 com.google.android.gms.persistent/10192 BFgs #47388} whose proc state 4 is better than process ProcessState{dd37494 com.google.android.gms/10192 pkg=com.google.android.gms} proc state 14 (271 skipped)
06-05 02:08:59.189 D/VRI[ScreenDecorOverlay]( 3983): update {(0,0)(fillxwrap) gr=TOP CENTER_VERTICAL layoutInDisplayCutoutMode=always ty=NAVIGATION_BAR_PANEL fmt=TRANSLUCENT
06-05 02:08:59.189 D/VRI[ScreenDecorOverlay]( 3983):   fl=NOT_FOCUSABLE NOT_TOUCHABLE NOT_TOUCH_MODAL LAYOUT_IN_SCREEN SPLIT_TOUCH FLAG_SLIPPERY
06-05 02:08:59.189 D/VRI[ScreenDecorOverlay]( 3983):   pfl=SHOW_FOR_ALL_USERS NO_MOVE_ANIMATION IS_ROUNDED_CORNERS_OVERLAY COLOR_SPACE_AGNOSTIC FIT_INSETS_CONTROLLED TRUSTED_OVERLAY
06-05 02:08:59.189 D/VRI[ScreenDecorOverlay]( 3983):   bhv=DEFAULT} by setLayoutParams
06-05 02:08:59.189 D/VRI[ScreenDecorOverlayBottom]( 3983): update {(0,0)(fillxwrap) gr=BOTTOM CENTER_VERTICAL layoutInDisplayCutoutMode=always ty=NAVIGATION_BAR_PANEL fmt=TRANSLUCENT
06-05 02:08:59.189 D/VRI[ScreenDecorOverlayBottom]( 3983):   fl=NOT_FOCUSABLE NOT_TOUCHABLE NOT_TOUCH_MODAL LAYOUT_IN_SCREEN SPLIT_TOUCH FLAG_SLIPPERY
06-05 02:08:59.189 D/VRI[ScreenDecorOverlayBottom]( 3983):   pfl=SHOW_FOR_ALL_USERS NO_MOVE_ANIMATION IS_ROUNDED_CORNERS_OVERLAY COLOR_SPACE_AGNOSTIC FIT_INSETS_CONTROLLED TRUSTED_OVERLAY
06-05 02:08:59.189 D/VRI[ScreenDecorOverlayBottom]( 3983):   bhv=DEFAULT} by setLayoutParams
06-05 02:08:59.192 D/CompatibilityChangeReporter( 3062): Compat change id reported: 168419799; UID 10122; state: DISABLED
06-05 02:08:59.192 D/CompatibilityChangeReporter( 3062): Compat change id reported: 273564678; UID 10122; state: DISABLED
06-05 02:08:59.206 W/ActivityManager( 3062): pid 25544 com.android.settings sent binder code 1599295570 with flags 2 to frozen apps and got error -74
06-05 02:08:59.210 D/CompatibilityChangeReporter( 3062): Compat change id reported: 170503758; UID 10122; state: ENABLED
06-05 02:08:59.211 W/ActivityManager( 3062): pid 25544 com.android.settings sent binder code 1599295570 with flags 2 to frozen apps and got error -74
06-05 02:08:59.211 D/ActivityManager( 3062): Too many transaction errors, throttling freezer binder callback.
06-05 02:08:59.211 W/ActivityManager( 3062): pid 25544 com.android.settings sent binder code 1599295570 with flags 2 to frozen apps and got error -74
06-05 02:08:59.211 D/ActivityManager( 3062): Too many transaction errors, throttling freezer binder callback.
06-05 02:08:59.225 I/ActivityManager( 3062): Flag disabled. Ignoring finishAttachApplication from uid: 10147. pid: 8554
06-05 02:08:59.231 D/VRI[NavigationBar0]( 3983): update {(0,0)(fillx102) gr=BOTTOM CENTER_VERTICAL layoutInDisplayCutoutMode=always ty=NAVIGATION_BAR fmt=TRANSLUCENT
06-05 02:08:59.231 D/VRI[NavigationBar0]( 3983):   fl=NOT_FOCUSABLE NOT_TOUCH_MODAL WATCH_OUTSIDE_TOUCH SPLIT_TOUCH FLAG_SLIPPERY
06-05 02:08:59.231 D/VRI[NavigationBar0]( 3983):   pfl=LAYOUT_SIZE_EXTENDED_BY_CUTOUT COLOR_SPACE_AGNOSTIC FIT_INSETS_CONTROLLED TRUSTED_OVERLAY
06-05 02:08:59.231 D/VRI[NavigationBar0]( 3983):   bhv=DEFAULT
06-05 02:08:59.231 D/VRI[NavigationBar0]( 3983):   providedInsets:
06-05 02:08:59.231 D/VRI[NavigationBar0]( 3983):     InsetsFrameProvider: {id=#f4580001, index=0, type=navigationBars, source=FRAME, flags=[SUPPRESS_SCRIM], insetsSize=Insets{left=0, top=0, right=0, bottom=51}, insetsSizeOverrides=[TypedInsetsSize: {windowType=INPUT_METHOD, insetsSize=null}]}
06-05 02:08:59.231 D/VRI[NavigationBar0]( 3983):     InsetsFrameProvider: {id=#f4580006, index=0, type=tappableElement, source=FRAME, flags=[], insetsSize=Insets{left=0, top=0, right=0, bottom=0}}
06-05 02:08:59.231 D/VRI[NavigationBar0]( 3983):     InsetsFrameProvider: {id=#f4580005, index=0, type=mandatorySystemGestures, source=FRAME, flags=[], insetsSize=Insets{left=0, top=0, right=0, bottom=68}}
06-05 02:08:59.231 D/VRI[NavigationBar0]( 3983):     InsetsFrameProvider: {id=#f4580004, index=0, type=systemGestures, source=DISPLAY, flags=[], insetsSize=Insets{left=63, top=0, right=0, bottom=0}, mMinimalInsetsSizeInDisplayCutoutSafe=Insets{left=63, top=0, right=0, bottom=0}}
06-05 02:08:59.231 D/VRI[NavigationBar0]( 3983):     InsetsFrameProvider: {id=#f4580024, index=1, type=systemGestures, source=DISPLAY, flags=[], insetsSize=Insets{left=0, top=0, right=63, bottom=0}, mMinimalInsetsSizeInDisplayCutoutSafe=Insets{left=0, top=0, right=63, bottom=0}}
06-05 02:08:59.231 D/VRI[NavigationBar0]( 3983):   paramsForRotation:
06-05 02:08:59.231 D/VRI[NavigationBar0]( 3983):     ROTATION_0={(0,0)(fillx102) gr=BOTTOM CENTER_VERTICAL layoutInDisplayCutoutMode=always ty=NAVIGATION_BAR fmt=TRANSLUCENT
06-05 02:08:59.231 D/VRI[NavigationBar0]( 3983):       fl=NOT_FOCUSABLE NOT_TOUCH_MODAL WATCH_OUTSIDE_TOUCH SPLIT_TOUCH FLAG_SLIPPERY
06-05 02:08:59.231 D/VRI[NavigationBar0]( 3983):       pfl=LAYOUT_SIZE_EXTENDED_BY_CUTOUT COLOR_SPACE_AGNOSTIC FIT_INSETS_CONTROLLED TRUSTED_OVERLAY
06-05 02:08:59.231 D/VRI[NavigationBar0]( 3983):       bhv=DEFAULT
06-05 02:08:59.231 D/VRI[NavigationBar0]( 3983):       providedInsets:
06-05 02:08:59.231 D/VRI[NavigationBar0]( 3983):         InsetsFrameProvider: {id=#f4580001, index=0, type=navigationBars, source=FRAME, flags=[SUPPRESS_SCRIM], insetsSize=Insets{left=0, top=0, right=0, bottom=51}, insetsSizeOverrides=[TypedInsetsSize: {windowType=INPUT_METHOD, insetsSize=null}]}
06-05 02:08:59.231 D/VRI[NavigationBar0]( 3983):         InsetsFrameProvider: {id=#f4580006, index=0, type=tappableElement, source=FRAME, flags=[], insetsSize=Insets{left=0, top=0, right=0, bottom=0}}
06-05 02:08:59.231 D/VRI[NavigationBar0]( 3983):         InsetsFrameProvider: {id=#f4580005, index=0, type=mandatorySystemGestures, source=FRAME, flags=[], insetsSize=Insets{left=0, top=0, right=0, bottom=68}}
06-05 02:08:59.231 D/VRI[NavigationBar0]( 3983):         InsetsFrameProvider: {id=#f4580004, index=0, type=systemGestures, source=DISPLAY, flags=[], insetsSize=Insets{left=63, top=0, right=0, bottom=0}, mMinimalInsetsSizeInDisplayCutoutSafe=Insets{left=63, top=0, right=0, bottom=0}}
06-05 02:08:59.231 D/VRI[NavigationBar0]( 3983):         InsetsFrameProvider: {id=#f4580024, index=1, type=systemGestures, source=DISPLAY, flags=[], insetsSize=Insets{left=0, top=0, right=63, bottom=0}, mMinimalInsetsSizeInDisplayCutoutSafe=Insets{left=0, top=0, right=63, bottom=0}}}
06-05 02:08:59.231 D/VRI[NavigationBar0]( 3983):     ROTATION_90={(0,0)(fillx102) gr=BOTTOM CENTER_VERTICAL layoutInDisplayCutoutMode=always ty=NAVIGATION_BAR fmt=TRANSLUCENT
06-05 02:08:59.231 D/VRI[NavigationBar0]( 3983):       fl=NOT_FOCUSABLE NOT_TOUCH_MODAL WATCH_OUTSIDE_TOUCH SPLIT_TOUCH FLAG_SLIPPERY
06-05 02:08:59.231 D/VRI[NavigationBar0]( 3983):       pfl=LAYOUT_SIZE_EXTENDED_BY_CUTOUT COLOR_SPACE_AGNOSTIC FIT_INSETS_CONTROLLED TRUSTED_OVERLAY
06-05 02:08:59.231 D/VRI[NavigationBar0]( 3983):       bhv=DEFAULT
06-05 02:08:59.231 D/VRI[NavigationBar0]( 3983):       providedInsets:
06-05 02:08:59.231 D/VRI[NavigationBar0]( 3983):         InsetsFrameProvider: {id=#f4580001, index=0, type=navigationBars, source=FRAME, flags=[SUPPRESS_SCRIM], insetsSize=Insets{left=0, top=0, right=0, bottom=51}, insetsSizeOverrides=[TypedInsetsSize: {windowType=INPUT_METHOD, insetsSize=null}]}
06-05 02:08:59.231 D/VRI[NavigationBar0]( 3983):         InsetsFrameProvider: {id=#f4580006, index=0, type=tappableElement, source=FRAME, flags=[], insetsSize=Insets{left=0, top=0, right=0, bottom=0}}
06-05 02:08:59.231 D/VRI[NavigationBar0]( 3983):         InsetsFrameProvider: {id=#f4580005, index=0, type=mandatorySystemGestures, source=FRAME, flags=[], insetsSize=Insets{left=0, top=0, right=0, bottom=68}}
06-05 02:08:59.231 D/VRI[NavigationBar0]( 3983):         InsetsFrameProvider: {id=#f4580004, index=0, type=systemGestures, source=DISPLAY, flags=[], insetsSize=Insets{left=63, top=0, right=0, bottom=0}, mMinimalInsetsSizeInDisplayCutoutSafe=Insets{left=63, top=0, right=0, bottom=0}}
06-05 02:08:59.231 D/VRI[NavigationBar0]( 3983):         InsetsFrameProvider: {id=#f4580024, index=1, type=systemGestures, source=DISPLAY, flags=[], insetsSize=Insets{left=0, top=0, right=63, bottom=0}, mMinimalInsetsSizeInDisplayCutoutSafe=Insets{left=0, top=0, right=63, bottom=0}}}
06-05 02:08:59.231 D/VRI[NavigationBar0]( 3983):     ROTATION_180={(0,0)(fillx102) gr=BOTTOM CENTER_VERTICAL layoutInDisplayCutoutMode=always ty=NAVIGATION_BAR fmt=TRANSLUCENT
06-05 02:08:59.231 D/VRI[NavigationBar0]( 3983):       fl=NOT_FOCUSABLE NOT_TOUCH_MODAL WATCH_OUTSIDE_TOUCH SPLIT_TOUCH FLAG_SLIPPERY
06-05 02:08:59.231 D/VRI[NavigationBar0]( 3983):       pfl=LAYOUT_SIZE_EXTENDED_BY_CUTOUT COLOR_SPACE_AGNOSTIC FIT_INSETS_CONTROLLED TRUSTED_OVERLAY
06-05 02:08:59.231 D/VRI[NavigationBar0]( 3983):       bhv=DEFAULT
06-05 02:08:59.231 D/VRI[NavigationBar0]( 3983):       providedInsets:
06-05 02:08:59.231 D/VRI[NavigationBar0]( 3983):         InsetsFrameProvider: {id=#f4580001, index=0, type=navigationBars, source=FRAME, flags=[SUPPRESS_SCRIM], insetsSize=Insets{left=0, top=0, right=0, bottom=51}, insetsSizeOverrides=[TypedInsetsSize: {windowType=INPUT_METHOD, insetsSize=null}]}
06-05 02:08:59.231 D/VRI[NavigationBar0]( 3983):         InsetsFrameProvider: {id=#f4580006, index=0, type=tappableElement, source=FRAME, flags=[], insetsSize=Insets{left=0, top=0, right=0, bottom=0}}
06-05 02:08:59.231 D/VRI[NavigationBar0]( 3983):         InsetsFrameProvider: {id=#f4580005, index=0, type=mandatorySystemGestures, source=FRAME, flags=[], insetsSize=Insets{left=0, top=0, right=0, bottom=68}}
06-05 02:08:59.231 D/VRI[NavigationBar0]( 3983):         InsetsFrameProvider: {id=#f4580004, index=0, type=systemGestures, source=DISPLAY, flags=[], insetsSize=Insets{left=63, top=0, right=0, bottom=0}, mMinimalInsetsSizeInDisplayCutoutSafe=Insets{left=63, top=0, right=0, bottom=0}}
06-05 02:08:59.231 D/VRI[NavigationBar0]( 3983):         InsetsFrameProvider: {id=#f4580024, index=1, type=systemGestures, source=DISPLAY, flags=[], insetsSize=Insets{left=0, top=0, right=63, bottom=0}, mMinimalInsetsSizeInDisplayCutoutSafe=Insets{left=0, top=0, right=63, bottom=0}}}
06-05 02:08:59.231 D/VRI[NavigationBar0]( 3983):     ROTATION_270={(0,0)(fillx102) gr=BOTTOM CENTER_VERTICAL layoutInDisplayCutoutMode=always ty=NAVIGATION_BAR fmt=TRANSLUCENT
06-05 02:08:59.231 D/VRI[NavigationBar0]( 3983):       fl=NOT_FOCUSABLE NOT_TOUCH_MODAL WATCH_OUTSIDE_TOUCH SPLIT_TOUCH FLAG_SLIPPERY
06-05 02:08:59.231 D/VRI[NavigationBar0]( 3983):       pfl=LAYOUT_SIZE_EXTENDED_BY_CUTOUT COLOR_SPACE_AGNOSTIC FIT_INSETS_CONTROLLED TRUSTED_OVERLAY
06-05 02:08:59.231 D/VRI[NavigationBar0]( 3983):       bhv=DEFAULT
06-05 02:08:59.231 D/VRI[NavigationBar0]( 3983):       providedInsets:
06-05 02:08:59.231 D/VRI[NavigationBar0]( 3983):         InsetsFrameProvider: {id=#f4580001, index=0, type=navigationBars, source=FRAME, flags=[SUPPRESS_SCRIM], insetsSize=Insets{left=0, top=0, right=0, bottom=51}, insetsSizeOverrides=[TypedInsetsSize: {windowType=INPUT_METHOD, insetsSize=null}]}
06-05 02:08:59.231 D/VRI[NavigationBar0]( 3983):         InsetsFrameProvider: {id=#f4580006, index=0, type=tappableElement, source=FRAME, flags=[], insetsSize=Insets{left=0, top=0, right=0, bottom=0}}
06-05 02:08:59.231 D/VRI[NavigationBar0]( 3983):         InsetsFrameProvider: {id=#f4580005, index=0, type=mandatorySystemGestures, source=FRAME, flags=[], insetsSize=Insets{left=0, top=0, right=0, bottom=68}}
06-05 02:08:59.231 D/VRI[NavigationBar0]( 3983):         InsetsFrameProvider: {id=#f4580004, index=0, type=systemGestures, source=DISPLAY, flags=[], insetsSize=Insets{left=63, top=0, right=0, bottom=0}, mMinimalInsetsSizeInDisplayCutoutSafe=Insets{left=63, top=0, right=0, bottom=0}}
06-05 02:08:59.231 D/VRI[NavigationBar0]( 3983):         InsetsFrameProvider: {id=#f4580024, index=1, type=systemGestures, source=DISPLAY, flags=[], insetsSize=Insets{left=0, top=0, right=63, bottom=0}, mMinimalInsetsSizeInDisplayCutoutSafe=Insets{left=0, top=0, right=63, bottom=0}}}} by setLayoutParams
06-05 02:08:59.263 D/ActivityManager( 3062): Checking cgroup freezer: /sys/fs/cgroup/uid_0/pid_1575/cgroup.freeze
06-05 02:08:59.263 D/ActivityManager( 3062): Checking binder freezer ioctl
06-05 02:08:59.265 D/VRI[ScreenDecorOverlay]( 3983): update {(0,0)(fillxwrap) gr=TOP CENTER_VERTICAL layoutInDisplayCutoutMode=always ty=NAVIGATION_BAR_PANEL fmt=TRANSLUCENT
06-05 02:08:59.265 D/VRI[ScreenDecorOverlay]( 3983):   fl=NOT_FOCUSABLE NOT_TOUCHABLE NOT_TOUCH_MODAL LAYOUT_IN_SCREEN SPLIT_TOUCH FLAG_SLIPPERY
06-05 02:08:59.265 D/VRI[ScreenDecorOverlay]( 3983):   pfl=SHOW_FOR_ALL_USERS NO_MOVE_ANIMATION IS_ROUNDED_CORNERS_OVERLAY COLOR_SPACE_AGNOSTIC FIT_INSETS_CONTROLLED TRUSTED_OVERLAY
06-05 02:08:59.265 D/VRI[ScreenDecorOverlay]( 3983):   bhv=DEFAULT} by setLayoutParams
06-05 02:08:59.265 D/VRI[ScreenDecorOverlayBottom]( 3983): update {(0,0)(fillxwrap) gr=BOTTOM CENTER_VERTICAL layoutInDisplayCutoutMode=always ty=NAVIGATION_BAR_PANEL fmt=TRANSLUCENT
06-05 02:08:59.265 D/VRI[ScreenDecorOverlayBottom]( 3983):   fl=NOT_FOCUSABLE NOT_TOUCHABLE NOT_TOUCH_MODAL LAYOUT_IN_SCREEN SPLIT_TOUCH FLAG_SLIPPERY
06-05 02:08:59.265 D/VRI[ScreenDecorOverlayBottom]( 3983):   pfl=SHOW_FOR_ALL_USERS NO_MOVE_ANIMATION IS_ROUNDED_CORNERS_OVERLAY COLOR_SPACE_AGNOSTIC FIT_INSETS_CONTROLLED TRUSTED_OVERLAY
06-05 02:08:59.265 D/VRI[ScreenDecorOverlayBottom]( 3983):   bhv=DEFAULT} by setLayoutParams
06-05 02:08:59.274 D/ActivityManager( 3062): Checking freezer profiles
06-05 02:08:59.274 D/ActivityManager( 3062): Freezer supported: true
06-05 02:08:59.296 V/WindowManagerShell( 3983): onTransitionReady android.os.BinderProxy@528d313: {id=39 t=CHANGE f=0x0 trk=0 r=[0@Point(0, 0)] c=[{WCT{android.window.IWindowContainerToken$Stub$Proxy@31265ca} m=CHANGE f=IS_DISPLAY leash=Surface(name=WindowedMagnification:0:31)/@0x9e5541f sb=Rect(0, 0 - 1080, 2400) eb=Rect(0, 0 - 1080, 2400) d=0 snapshot=Surface(name=transition snapshot: Display{#0 state=ON size=1080x2400 ROTATION_0})/@0x540736c}]}
06-05 02:08:59.296 V/WindowManagerShell( 3983): Playing animation for (#39)android.os.BinderProxy@528d313@0
06-05 02:08:59.296 V/WindowManagerShell( 3983):  try handler com.android.wm.shell.transition.DefaultMixedHandler@57f2354
06-05 02:08:59.296 V/WindowManagerShell( 3983):  try handler com.android.wm.shell.keyguard.KeyguardTransitionHandler@addd2fd
06-05 02:08:59.296 V/WindowManagerShell( 3983):  try handler com.android.wm.shell.activityembedding.ActivityEmbeddingController@36a1bf2
06-05 02:08:59.296 V/WindowManagerShell( 3983):  try handler com.android.wm.shell.recents.RecentsTransitionHandler@7ddd243
06-05 02:08:59.296 V/ShellRecents( 3983): RecentsTransitionHandler.startAnimation: no controller found
06-05 02:08:59.296 V/WindowManagerShell( 3983):  try handler com.android.wm.shell.pip.PipTransition@25520c0
06-05 02:08:59.296 V/WindowManagerShell( 3983):  try handler com.android.wm.shell.splitscreen.StageCoordinator@2b9a1f9
06-05 02:08:59.296 V/WindowManagerShell( 3983):  try handler com.android.wm.shell.transition.RemoteTransitionHandler@7fa053e
06-05 02:08:59.296 V/WindowManagerShell( 3983):  try handler com.android.wm.shell.transition.DefaultTransitionHandler@f014f9f
06-05 02:08:59.296 V/WindowManagerShell( 3983): start default transition animation, info = {id=39 t=CHANGE f=0x0 trk=0 r=[0@Point(0, 0)] c=[{WCT{android.window.IWindowContainerToken$Stub$Proxy@31265ca} m=CHANGE f=IS_DISPLAY leash=Surface(name=WindowedMagnification:0:31)/@0x9e5541f sb=Rect(0, 0 - 1080, 2400) eb=Rect(0, 0 - 1080, 2400) d=0 snapshot=Surface(name=transition snapshot: Display{#0 state=ON size=1080x2400 ROTATION_0})/@0x540736c}]}
06-05 02:08:59.296 V/WindowManagerShell( 3983): Display is changing, resolve the animation hint.
06-05 02:08:59.301 V/WindowManagerShell( 3983):  animated by com.android.wm.shell.transition.DefaultTransitionHandler@f014f9f
06-05 02:08:59.314 D/CompatibilityChangeReporter( 3062): Compat change id reported: 241766793; UID 10192; state: ENABLED
06-05 02:08:59.315 I/ProcessStatsService( 3062): Added stats: 2026-06-04-22-56-29, over +3h0m31s597ms
06-05 02:08:59.333 W/SparseMappingTable(25544): Invalid stats at index 0 -- SparseMappingTable.Table{mSequence=1 mParent.mSequence=2 mParent.mLongs.size()=3 mSize=1 mTable=[0xe/0x3/0x0] clazz=com.android.internal.app.procstats.DurationsTable}
06-05 02:08:59.353 D/CompatibilityChangeReporter( 3062): Compat change id reported: 161252188; UID 10285; state: DISABLED
06-05 02:08:59.372 D/CompatibilityChangeReporter( 3062): Compat change id reported: 161252188; UID 10200; state: DISABLED
06-05 02:08:59.383 I/Telecom ( 3062): : registerPhoneAccount: account=[[ ] PhoneAccount: ComponentInfo{com.android.phone/com.android.services.telephony.TelephonyConnectionService}, 1, UserHandle{0} Capabilities: SuppVideo CallProvider MultiUser PlaceEmerg SimSub  Audio Routes: BESW Schemes: tel voicemail  Extras: Bundle[{android.telecom.extra.SUPPORTS_VIDEO_CALLING_FALLBACK=true, android.telecom.extra.SORT_ORDER=0}] GroupId: ***]: TSI.rPA(cap)@A3U
06-05 02:08:59.393 D/CompatibilityChangeReporter( 3062): Compat change id reported: 161252188; UID 10290; state: DISABLED
06-05 02:08:59.395 I/Telecom ( 3062): PhoneAccountRegistrar: Modify account: [ComponentInfo{com.android.phone/com.android.services.telephony.TelephonyConnectionService}, 1, UserHandle{0}]: TSI.rPA(cap)@A3U
06-05 02:08:59.396 I/Telecom ( 3062): MotoCallsManager: handlePhoneAccountChanged: phoneAccount=[[X] PhoneAccount: ComponentInfo{com.android.phone/com.android.services.telephony.TelephonyConnectionService}, 1, UserHandle{0} Capabilities: SuppVideo CallProvider MultiUser PlaceEmerg SimSub  Audio Routes: BESW Schemes: tel voicemail  Extras: Bundle[{android.telecom.extra.SUPPORTS_VIDEO_CALLING_FALLBACK=true, android.telecom.extra.SORT_ORDER=0}] GroupId: ***]: TSI.rPA(cap)@A3U
06-05 02:08:59.397 W/ActivityManager( 3062): pid 25544 com.android.settings sent binder code 1599295570 with flags 2 to frozen apps and got error -74
06-05 02:08:59.397 D/ActivityManager( 3062): Too many transaction errors, throttling freezer binder callback.
06-05 02:08:59.397 W/ActivityManager( 3062): pid 25544 com.android.settings sent binder code 1599295570 with flags 2 to frozen apps and got error -74
06-05 02:08:59.397 D/ActivityManager( 3062): Too many transaction errors, throttling freezer binder callback.
06-05 02:08:59.398 W/ActivityManager( 3062): pid 25544 com.android.settings sent binder code 1599295570 with flags 2 to frozen apps and got error -74
06-05 02:08:59.398 D/ActivityManager( 3062): Too many transaction errors, throttling freezer binder callback.
06-05 02:08:59.398 W/ActivityManager( 3062): pid 25544 com.android.settings sent binder code 1599295570 with flags 2 to frozen apps and got error -74
06-05 02:08:59.398 D/ActivityManager( 3062): Too many transaction errors, throttling freezer binder callback.
06-05 02:08:59.398 W/ActivityManager( 3062): pid 25544 com.android.settings sent binder code 1599295570 with flags 2 to frozen apps and got error -74
06-05 02:08:59.398 D/ActivityManager( 3062): Too many transaction errors, throttling freezer binder callback.
06-05 02:08:59.398 W/ActivityManager( 3062): pid 25544 com.android.settings sent binder code 1599295570 with flags 2 to frozen apps and got error -74
06-05 02:08:59.398 D/ActivityManager( 3062): Too many transaction errors, throttling freezer binder callback.
06-05 02:08:59.398 W/ActivityManager( 3062): pid 25544 com.android.settings sent binder code 1599295570 with flags 2 to frozen apps and got error -74
06-05 02:08:59.398 D/ActivityManager( 3062): Too many transaction errors, throttling freezer binder callback.
06-05 02:08:59.398 W/ActivityManager( 3062): pid 25544 com.android.settings sent binder code 1599295570 with flags 2 to frozen apps and got error -2147483646
06-05 02:08:59.398 D/ActivityManager( 3062): Too many transaction errors, throttling freezer binder callback.
06-05 02:08:59.398 W/ActivityManager( 3062): pid 25544 com.android.settings sent binder code 1599295570 with flags 2 to frozen apps and got error -2147483646
06-05 02:08:59.398 D/ActivityManager( 3062): Too many transaction errors, throttling freezer binder callback.
06-05 02:08:59.398 W/ActivityManager( 3062): pid 25544 com.android.settings sent binder code 1599295570 with flags 2 to frozen apps and got error -2147483646
06-05 02:08:59.398 D/ActivityManager( 3062): Too many transaction errors, throttling freezer binder callback.
06-05 02:08:59.398 W/ActivityManager( 3062): pid 25544 com.android.settings sent binder code 1599295570 with flags 2 to frozen apps and got error -2147483646
06-05 02:08:59.398 D/ActivityManager( 3062): Too many transaction errors, throttling freezer binder callback.
06-05 02:08:59.398 W/ActivityManager( 3062): pid 25544 com.android.settings sent binder code 1599295570 with flags 2 to frozen apps and got error -2147483646
06-05 02:08:59.398 D/ActivityManager( 3062): Too many transaction errors, throttling freezer binder callback.
06-05 02:08:59.398 W/ActivityManager( 3062): pid 25544 com.android.settings sent binder code 1599295570 with flags 2 to frozen apps and got error -2147483646
06-05 02:08:59.398 D/ActivityManager( 3062): Too many transaction errors, throttling freezer binder callback.
06-05 02:08:59.398 W/ActivityManager( 3062): pid 25544 com.android.settings sent binder code 1599295570 with flags 2 to frozen apps and got error -2147483646
06-05 02:08:59.398 D/ActivityManager( 3062): Too many transaction errors, throttling freezer binder callback.
06-05 02:08:59.403 W/ActivityManager( 3062): pid 25544 com.android.settings sent binder code 1599295570 with flags 2 to frozen apps and got error -2147483646
06-05 02:08:59.403 D/ActivityManager( 3062): Too many transaction errors, throttling freezer binder callback.
06-05 02:08:59.405 D/ActivityManager( 3062): unfreezing ProcessRecord{fa5f272 29026:android.process.acore/u0a114}, reason = shouldNotFreeze_provider: ProcessRecord{e39d0e5 29537:com.google.android.gms/u0a192}, adj = 0, adjType = provider, adjSource = null
06-05 02:08:59.407 D/ActivityManager( 3062): sync unfroze 29026 android.process.acore for 7
06-05 02:08:59.416 I/Telecom ( 3062): PhoneAccountRegistrar: getSimCallManager: SimCallManager for subId 1 queried, returning: null: TSI.rPA(cap)@A3U
06-05 02:08:59.416 I/Telecom ( 3062): PhoneAccountRegistrar: Notifying telephony of voice service override change for 1 SIMs, hasService = false: TSI.rPA(cap)@A3U
06-05 02:08:59.417 W/ActivityManager( 3062): pid 25544 com.android.settings sent binder code 1599295570 with flags 2 to frozen apps and got error -2147483646
06-05 02:08:59.417 D/ActivityManager( 3062): Too many transaction errors, throttling freezer binder callback.
06-05 02:08:59.419 W/ActivityManager( 3062): pid 25544 com.android.settings sent binder code 1599295570 with flags 2 to frozen apps and got error -74
06-05 02:08:59.420 D/ActivityManager( 3062): Too many transaction errors, throttling freezer binder callback.
06-05 02:08:59.431 V/WindowManagerShell( 3983): Transition animation finished (aborted=false), notifying core (#39)android.os.BinderProxy@528d313@0
06-05 02:08:59.432 D/PowerManagerService( 3062): nativeSetPowerMode ret:false mode:5 enabled:false duration ms: 0
06-05 02:08:59.433 V/WindowManagerShell( 3983): Track 0 became idle
06-05 02:08:59.433 V/WindowManagerShell( 3983): All active transition animations finished
06-05 02:08:59.454 D/CompatibilityChangeReporter( 3062): Compat change id reported: 161252188; UID 10260; state: DISABLED
06-05 02:08:59.467 W/ActivityManager( 3062): pid 25544 com.android.settings sent binder code 1599295570 with flags 2 to frozen apps and got error -74
06-05 02:08:59.467 D/ActivityManager( 3062): Too many transaction errors, throttling freezer binder callback.
06-05 02:08:59.467 W/ActivityManager( 3062): pid 25544 com.android.settings sent binder code 1599295570 with flags 2 to frozen apps and got error -74
06-05 02:08:59.467 D/ActivityManager( 3062): Too many transaction errors, throttling freezer binder callback.
06-05 02:08:59.467 W/ActivityManager( 3062): pid 25544 com.android.settings sent binder code 1599295570 with flags 2 to frozen apps and got error -74
06-05 02:08:59.467 D/ActivityManager( 3062): Too many transaction errors, throttling freezer binder callback.
06-05 02:08:59.467 W/ActivityManager( 3062): pid 25544 com.android.settings sent binder code 1599295570 with flags 2 to frozen apps and got error -74
06-05 02:08:59.467 D/ActivityManager( 3062): Too many transaction errors, throttling freezer binder callback.
06-05 02:08:59.467 W/ActivityManager( 3062): pid 25544 com.android.settings sent binder code 1599295570 with flags 2 to frozen apps and got error -74
06-05 02:08:59.467 D/ActivityManager( 3062): Too many transaction errors, throttling freezer binder callback.
06-05 02:08:59.467 W/ActivityManager( 3062): pid 25544 com.android.settings sent binder code 1599295570 with flags 2 to frozen apps and got error -74
06-05 02:08:59.467 D/ActivityManager( 3062): Too many transaction errors, throttling freezer binder callback.
06-05 02:08:59.469 W/ActivityManager( 3062): pid 25544 com.android.settings sent binder code 1599295570 with flags 2 to frozen apps and got error -74
06-05 02:08:59.469 D/ActivityManager( 3062): Too many transaction errors, throttling freezer binder callback.
06-05 02:08:59.469 W/ActivityManager( 3062): pid 25544 com.android.settings sent binder code 1599295570 with flags 2 to frozen apps and got error -74
06-05 02:08:59.469 D/ActivityManager( 3062): Too many transaction errors, throttling freezer binder callback.
06-05 02:08:59.469 W/ActivityManager( 3062): pid 25544 com.android.settings sent binder code 1599295570 with flags 2 to frozen apps and got error -74
06-05 02:08:59.469 D/ActivityManager( 3062): Too many transaction errors, throttling freezer binder callback.
