06-05 02:08:34.148 I/ActivityManager( 3062): Killing 28119:com.whizdm.moneyview.loans/u0a469 (adj 999, setSvc -10000): empty #31
06-05 02:08:34.150 V/WindowManager( 3062): Sent Transition #35 createdAt=06-05 02:08:34.118
06-05 02:08:34.150 V/WindowManager( 3062):     startWCT=WindowContainerTransaction { changes = {} hops = [{PendingIntent: options=Bundle[{android.activity.splashScreenStyle=-1, android.activity.sourceInfo=android.app.ActivityOptions$SourceInfo@d0dd717, android.activity.transientLaunch=true}]}] errorCallbackToken=null taskFragmentOrganizer=null }
06-05 02:08:34.150 V/WindowManager( 3062):     info={id=35 t=TO_FRONT f=0x80 trk=0 r=[0@Point(0, 0)] c=[{WCT{RemoteToken{7636a4f Task{4a1f7f #1 type=home}}} m=TO_FRONT f=SHOW_WALLPAPER|MOVE_TO_TOP pTaskId=-1 leash=Surface(name=Task=1)/@0xfb1a1da sb=Rect(0, 0 - 1080, 2400) eb=Rect(0, 0 - 1080, 2400) d=0},{WCT{RemoteToken{c70975d Task{1c96a27 #6056 type=standard A=10462:com.dbs.in.cbcards}}} m=TO_BACK f=NONE pTaskId=-1 leash=Surface(name=Task=6056)/@0x2377a21 sb=Rect(0, 0 - 1080, 2400) eb=Rect(0, 0 - 1080, 2400) d=0},{null m=TO_FRONT f=IS_WALLPAPER leash=Surface(name=WallpaperWindowToken{ecb845f token=android.os.Binder@6d418b9})/@0xd7df60b sb=Rect(0, 0 - 1080, 2400) eb=Rect(0, 0 - 1080, 2400) d=0}]}
06-05 02:08:34.155 V/ShellRecents( 3983): [102739214] RecentsController.setInputConsumerEnabled: set focus to recents
06-05 02:08:34.215 D/PowerManagerService( 3062): nativeAcquireSuspendBlocker name:PowerManagerService.WakeLocks duration ms: 0
06-05 02:08:34.243 I/ActivityManager( 3062): appDiedLocked: app=ProcessRecord{5831a6f 28119:com.whizdm.moneyview.loans/u0a469} thread=android.os.BinderProxy@7624621 fromBinderDied=true isKilledByAm=true reason=null
06-05 02:08:34.245 D/RestartModeController( 3062): markWaitRestartAppIsSuicided null processName=com.whizdm.moneyview.loans
06-05 02:08:34.245 D/DisplayManagerService( 3062): Drop pending events for gone uid 10469
06-05 02:08:34.246 D/ActivityTaskManager( 3062): handleAppDied: uid=10469,diedCount=1,lastDiedTime=9917352,forceStopUids=false
06-05 02:08:34.251 D/PowerManagerService( 3062): nativeReleaseSuspendBlocker name:PowerManagerService.WakeLocks duration ms: 0
06-05 02:08:34.846 V/ShellRecents( 3983): [102739214] RecentsController.screenshotTask: taskId=6056
06-05 02:08:34.875 W/ProcessStats( 3062): Tracking association SourceState{333356b com.google.android.gms/10192 BTop #47181} whose proc state 2 is better than process ProcessState{2d688c8 com.google.android.gms.persistent/10192 pkg=com.google.android.gms} proc state 4 (22 skipped)
06-05 02:08:34.901 V/ShellRecents( 3983): [102739214] RecentsController.detachNavigationBarFromApp
06-05 02:08:35.138 D/ActivityManager( 3062): freezing 13850 com.whatsapp.w4b, reason = oom_cached
06-05 02:08:35.607 V/ShellRecents( 3983): [102739214] RecentsController.finishInner: toHome=false userLeave=false willFinishToHome=false state=0
06-05 02:08:35.607 V/ShellRecents( 3983):   returning to app
06-05 02:08:35.607 V/ShellRecents( 3983): [102739214] RecentsController.cleanup
06-05 02:08:35.607 V/WindowManagerShell( 3983): Transition animation finished (aborted=false), notifying core (#35)android.os.BinderProxy@90b232f@0
06-05 02:08:35.617 V/WindowManager( 3062): Finish Transition #35: created at 06-05 02:08:34.118 collect-started=0.15ms started=0.189ms ready=3.96ms sent=26.497ms finished=1498.935ms
06-05 02:08:35.619 D/PowerManagerService( 3062): nativeAcquireSuspendBlocker name:PowerManagerService.WakeLocks duration ms: 1
06-05 02:08:35.620 D/PowerManagerService( 3062): nativeSetPowerMode ret:false mode:5 enabled:false duration ms: 0
06-05 02:08:35.624 V/WindowManagerShell( 3983): Track 0 became idle
06-05 02:08:35.624 V/WindowManagerShell( 3983): All active transition animations finished
06-05 02:08:35.629 D/PowerManagerService( 3062): nativeReleaseSuspendBlocker name:PowerManagerService.WakeLocks duration ms: 0
06-05 02:08:35.784 W/PackageConfigPersister( 3062): App-specific configuration not found for packageName: com.dbs.in.cbcards and userId: 0
06-05 02:08:40.832 V/ShellRecents( 3983): RecentsTransitionHandler.startRecentsTransition
06-05 02:08:40.833 V/WindowManagerShell( 3983): Directly starting a new transition type=3 wct=WindowContainerTransaction { changes = {} hops = [{PendingIntent: options=Bundle[mParcelledData.dataSize=332]}] errorCallbackToken=null taskFragmentOrganizer=null } handler=com.android.wm.shell.recents.RecentsTransitionHandler@7ddd243
06-05 02:08:40.833 D/PowerManagerService( 3062): nativeSetPowerMode ret:false mode:5 enabled:true duration ms: 0
06-05 02:08:40.839 V/ShellRecents( 3983): [52237627] RecentsController.setTransition: id=android.os.BinderProxy@67c3458
06-05 02:08:40.859 V/WindowManagerShell( 3983): onTransitionReady android.os.BinderProxy@67c3458: {id=36 t=TO_FRONT f=0x80 trk=0 r=[0@Point(0, 0)] c=[{WCT{android.window.IWindowContainerToken$Stub$Proxy@a57ee22} m=TO_FRONT f=SHOW_WALLPAPER|MOVE_TO_TOP pTaskId=-1 leash=Surface(name=Task=1)/@0x3fa7e96 sb=Rect(0, 0 - 1080, 2400) eb=Rect(0, 0 - 1080, 2400) d=0},{WCT{android.window.IWindowContainerToken$Stub$Proxy@24af0b3} m=TO_BACK f=NONE pTaskId=-1 leash=Surface(name=Task=6056)/@0x23dca17 sb=Rect(0, 0 - 1080, 2400) eb=Rect(0, 0 - 1080, 2400) d=0},{null m=TO_FRONT f=IS_WALLPAPER leash=Surface(name=WallpaperWindowToken{ecb845f token=android.os.Binder@6d418b9})/@0xcac3e04 sb=Rect(0, 0 - 1080, 2400) eb=Rect(0, 0 - 1080, 2400) d=0}]}
06-05 02:08:40.859 V/WindowManagerShell( 3983): Playing animation for (#36)android.os.BinderProxy@67c3458@0
06-05 02:08:40.859 V/WindowManagerShell( 3983):  try firstHandler com.android.wm.shell.recents.RecentsTransitionHandler@7ddd243
06-05 02:08:40.859 V/ShellRecents( 3983): [52237627] RecentsController.start
06-05 02:08:40.860 V/ShellRecents( 3983):   adding pausing leaf taskId=6056 at layer=8
06-05 02:08:40.861 V/ShellRecents( 3983): [52237627] RecentsController.start: calling onAnimationStart
06-05 02:08:40.861 V/WindowManagerShell( 3983):  animated by firstHandler
06-05 02:08:40.862 V/WindowManager( 3062): Sent Transition #36 createdAt=06-05 02:08:40.833
06-05 02:08:40.862 V/WindowManager( 3062):     startWCT=WindowContainerTransaction { changes = {} hops = [{PendingIntent: options=Bundle[{android.activity.splashScreenStyle=-1, android.activity.sourceInfo=android.app.ActivityOptions$SourceInfo@86f8867, android.activity.transientLaunch=true}]}] errorCallbackToken=null taskFragmentOrganizer=null }
06-05 02:08:40.862 V/WindowManager( 3062):     info={id=36 t=TO_FRONT f=0x80 trk=0 r=[0@Point(0, 0)] c=[{WCT{RemoteToken{7636a4f Task{4a1f7f #1 type=home}}} m=TO_FRONT f=SHOW_WALLPAPER|MOVE_TO_TOP pTaskId=-1 leash=Surface(name=Task=1)/@0xfb1a1da sb=Rect(0, 0 - 1080, 2400) eb=Rect(0, 0 - 1080, 2400) d=0},{WCT{RemoteToken{c70975d Task{1c96a27 #6056 type=standard A=10462:com.dbs.in.cbcards}}} m=TO_BACK f=NONE pTaskId=-1 leash=Surface(name=Task=6056)/@0x2377a21 sb=Rect(0, 0 - 1080, 2400) eb=Rect(0, 0 - 1080, 2400) d=0},{null m=TO_FRONT f=IS_WALLPAPER leash=Surface(name=WallpaperWindowToken{ecb845f token=android.os.Binder@6d418b9})/@0xd7df60b sb=Rect(0, 0 - 1080, 2400) eb=Rect(0, 0 - 1080, 2400) d=0}]}
06-05 02:08:40.876 V/ShellRecents( 3983): [52237627] RecentsController.setInputConsumerEnabled: set focus to recents
06-05 02:08:41.020 D/PowerManagerService( 3062): nativeAcquireSuspendBlocker name:PowerManagerService.WakeLocks duration ms: 2
06-05 02:08:41.056 D/PowerManagerService( 3062): nativeReleaseSuspendBlocker name:PowerManagerService.WakeLocks duration ms: 0
06-05 02:08:41.567 V/ShellRecents( 3983): [52237627] RecentsController.screenshotTask: taskId=6056
06-05 02:08:41.598 V/ShellRecents( 3983): [52237627] RecentsController.detachNavigationBarFromApp
06-05 02:08:42.776 W/Binder  (22252): reply too large data on java level: InterfaceDescriptor = null, code = 1
06-05 02:08:44.155 D/ActivityManager( 3062): freezing 18494 com.google.process.gservices, reason = oom_cached
06-05 02:08:48.637 D/PowerManagerService( 3062): nativeAcquireSuspendBlocker name:PowerManagerService.WakeLocks duration ms: 2
06-05 02:08:48.674 D/PowerManagerService( 3062): nativeReleaseSuspendBlocker name:PowerManagerService.WakeLocks duration ms: 0
06-05 02:08:48.821 W/Binder  (22252): reply too large data on java level: InterfaceDescriptor = null, code = 1
06-05 02:08:49.168 V/ShellRecents( 3983): [52237627] RecentsController.finishInner: toHome=true userLeave=false willFinishToHome=true state=0
06-05 02:08:49.168 V/ShellRecents( 3983):   normal finish
06-05 02:08:49.168 V/ShellRecents( 3983): [52237627] RecentsController.cleanup
06-05 02:08:49.168 V/WindowManagerShell( 3983): Transition animation finished (aborted=false), notifying core (#36)android.os.BinderProxy@67c3458@0
06-05 02:08:49.170 V/WindowManager( 3062): Finish Transition #36: created at 06-05 02:08:40.833 collect-started=0.12ms started=0.174ms ready=3.736ms sent=24.974ms finished=8336.573ms
06-05 02:08:49.172 D/PowerManagerService( 3062): nativeSetPowerMode ret:false mode:5 enabled:false duration ms: 0
06-05 02:08:49.172 V/WindowManager( 3062): Unknown focus tokens, dropping reportFocusChanged
06-05 02:08:49.172 V/WindowManagerShell( 3983): Track 0 became idle
06-05 02:08:49.173 V/WindowManagerShell( 3983): All active transition animations finished
06-05 02:08:49.174 W/ProcessStats( 3062): Tracking association SourceState{333356b com.google.android.gms/10192 BTop #47216} whose proc state 2 is better than process ProcessState{2d688c8 com.google.android.gms.persistent/10192 pkg=com.google.android.gms} proc state 4 (33 skipped)
06-05 02:08:49.175 D/CompatibilityChangeReporter( 3062): Compat change id reported: 265195908; UID 10462; state: ENABLED
06-05 02:08:49.182 D/PowerManagerService( 3062): nativeAcquireSuspendBlocker name:PowerManagerService.WakeLocks duration ms: 0
06-05 02:08:49.185 D/ActivityManager( 3062): unfreezing ProcessRecord{20b8d37 28762:com.google.android.youtube/u0a289}, reason = oom_uncached, adj = 0, adjType = service, adjSource = ProcessRecord{c1f5aec 3062:system/1000}
06-05 02:08:49.192 D/ActivityManager( 3062): sync unfroze 28762 com.google.android.youtube for 6
06-05 02:08:49.193 W/PackageConfigPersister( 3062): App-specific configuration not found for packageName: com.motorola.launcher3 and userId: 0
06-05 02:08:49.272 I/ActivityManager( 3062): Killing 31339:com.dbs.in.cbcards/u0a462 (adj 915, setSvc -10000): remove task
06-05 02:08:49.272 I/ActivityManager( 3062): Killing 31375:com.google.android.webview:sandboxed_process0:org.chromium.content.app.SandboxedProcessService0:0/u0a462i28 (adj 915, setSvc -10000): remove task
06-05 02:08:49.278 D/PowerManagerService( 3062): nativeReleaseSuspendBlocker name:PowerManagerService.WakeLocks duration ms: 0
06-05 02:08:49.279 W/JobScheduler( 3062): Job didn't exist in JobStore: 7bd2b4a {androidx.work.systemjobscheduler} #u0a289/84698 @androidx.work.systemjobscheduler@com.google.android.youtube/androidx.work.impl.background.systemjob.SystemJobService
06-05 02:08:49.340 I/ActivityManager( 3062): appDiedLocked: app=ProcessRecord{981426b 31375:com.google.android.webview:sandboxed_process0:org.chromium.content.app.SandboxedProcessService0:0/u0a462i28} thread=android.os.BinderProxy@815da09 fromBinderDied=true isKilledByAm=true reason=null
06-05 02:08:49.341 W/ActivityManager( 3062): Scheduling restart of crashed service com.dbs.in.cbcards/org.chromium.content.app.SandboxedProcessService0:0 in 1000ms for connection
06-05 02:08:49.341 D/ActivityTaskManager( 3062): handleAppDied: uid=99028,diedCount=0,lastDiedTime=0,forceStopUids=false
06-05 02:08:49.341 D/DisplayManagerService( 3062): Drop pending events for gone uid 99028
06-05 02:08:49.355 I/ActivityManager( 3062): appDiedLocked: app=ProcessRecord{53182b1 31339:com.dbs.in.cbcards/u0a462} thread=android.os.BinderProxy@7353e4b fromBinderDied=true isKilledByAm=true reason=null
06-05 02:08:49.356 I/WindowManager( 3062): WIN DEATH: Window{87fd1 u0 com.dbs.in.cbcards/com.dbs.in.cbcards.MainActivity}
06-05 02:08:49.358 D/RestartModeController( 3062): markWaitRestartAppIsSuicided null processName=com.dbs.in.cbcards
06-05 02:08:49.358 D/DisplayManagerService( 3062): Drop pending events for gone uid 10462
06-05 02:08:49.360 D/ActivityTaskManager( 3062): handleAppDied: uid=10462,diedCount=0,lastDiedTime=0,forceStopUids=false
06-05 02:08:49.361 W/ActivityManager( 3062): setHasOverlayUi called on unknown pid: 31339
06-05 02:08:49.361 W/UsageStatsService( 3062): Unexpected activity event reported! (com.dbs.in.cbcards/com.dbs.in.cbcards.MainActivity event : 23 instanceId : 38028500)
06-05 02:08:50.733 W/PackageConfigPersister( 3062): App-specific configuration not found for packageName: com.motorola.launcher3 and userId: 0
06-05 02:08:51.846 W/Binder  (22252): reply too large data on java level: InterfaceDescriptor = null, code = 1
06-05 02:08:52.182 I/SettingsAccessControlPolicy( 3062): isDeviceSettingsChangeDisabled: value -> false
06-05 02:08:52.183 D/CompatibilityChangeReporter( 3062): Compat change id reported: 265464455; UID 10473; state: DISABLED
06-05 02:08:52.183 D/CompatibilityChangeReporter( 3062): Compat change id reported: 265452344; UID 10473; state: DISABLED
06-05 02:08:52.183 D/CompatibilityChangeReporter( 3062): Compat change id reported: 266124927; UID 10473; state: DISABLED
06-05 02:08:52.183 D/CompatibilityChangeReporter( 3062): Compat change id reported: 265451093; UID 10473; state: DISABLED
06-05 02:08:52.183 D/CompatibilityChangeReporter( 3062): Compat change id reported: 265456536; UID 10473; state: DISABLED
06-05 02:08:52.183 D/CompatibilityChangeReporter( 3062): Compat change id reported: 255940284; UID 10473; state: DISABLED
06-05 02:08:52.183 D/CompatibilityChangeReporter( 3062): Compat change id reported: 236283604; UID 10473; state: DISABLED
06-05 02:08:52.184 D/CompatibilityChangeReporter( 3062): Compat change id reported: 263959004; UID 10473; state: DISABLED
06-05 02:08:52.184 D/CompatibilityChangeReporter( 3062): Compat change id reported: 264304459; UID 10473; state: DISABLED
06-05 02:08:52.184 D/CompatibilityChangeReporter( 3062): Compat change id reported: 264301586; UID 10473; state: DISABLED
06-05 02:08:52.184 D/CompatibilityChangeReporter( 3062): Compat change id reported: 254631730; UID 10473; state: DISABLED
06-05 02:08:52.184 D/CompatibilityChangeReporter( 3062): Compat change id reported: 273509367; UID 10473; state: DISABLED
06-05 02:08:52.184 D/CompatibilityChangeReporter( 3062): Compat change id reported: 263259275; UID 10473; state: DISABLED
06-05 02:08:52.184 D/CompatibilityChangeReporter( 3062): Compat change id reported: 174042980; UID 10473; state: DISABLED
06-05 02:08:52.184 D/CompatibilityChangeReporter( 3062): Compat change id reported: 174042936; UID 10473; state: DISABLED
06-05 02:08:52.184 D/CompatibilityChangeReporter( 3062): Compat change id reported: 181136395; UID 10473; state: DISABLED
06-05 02:08:52.189 D/CompatibilityChangeReporter( 3062): Compat change id reported: 194480991; UID 10473; state: ENABLED
06-05 02:08:52.190 D/ActivityTaskManager( 3062): getPreferredLaunchDisplay userset_displayid true user set display id 0, current focus display 0
06-05 02:08:52.191 D/ActivityTaskManager( 3062): getPreferredLaunchDisplay userset_displayid true user set display id 0, current focus display 0
06-05 02:08:52.192 D/ActivityTaskManager( 3062): getPreferredLaunchDisplay userset_displayid true user set display id 0, current focus display 0
06-05 02:08:52.192 D/ActivityTaskManager( 3062): getPreferredLaunchDisplay userset_displayid true user set display id 0, current focus display 0
06-05 02:08:52.192 D/ActivityTaskManager( 3062): [GlobalFreeform] use default Rect(162, 162 - 1242, 1929) scale=0.7 for ActivityRecord{8de300f u0 com.creditcard.onecard/.MainActivity
06-05 02:08:52.195 D/ActivityTaskManager( 3062): getPreferredLaunchDisplay userset_displayid true user set display id 0, current focus display 0
06-05 02:08:52.195 D/ActivityTaskManager( 3062): getPreferredLaunchDisplay userset_displayid true user set display id 0, current focus display 0
06-05 02:08:52.195 D/ActivityTaskManager( 3062): [GlobalFreeform] use default Rect(162, 162 - 1242, 1929) scale=0.7 for ActivityRecord{8de300f u0 com.creditcard.onecard/.MainActivity t-1}
06-05 02:08:52.196 D/ActivityTaskManager( 3062): layoutTask::ignore force freeform on game mode because of force-fullscreen flag
06-05 02:08:52.196 D/CompatibilityChangeReporter( 3062): Compat change id reported: 184838306; UID 10473; state: DISABLED
06-05 02:08:52.196 D/CompatibilityChangeReporter( 3062): Compat change id reported: 185004937; UID 10473; state: DISABLED
06-05 02:08:52.197 D/CompatibilityChangeReporter( 3062): Compat change id reported: 197654537; UID 10473; state: ENABLED
06-05 02:08:52.198 D/PowerManagerService( 3062): nativeSetPowerMode ret:false mode:5 enabled:true duration ms: 0
06-05 02:08:52.198 D/CompatibilityChangeReporter( 3062): Compat change id reported: 205907456; UID 10473; state: ENABLED
06-05 02:08:52.200 D/PowerManagerService( 3062): nativeAcquireSuspendBlocker name:PowerManagerService.WakeLocks duration ms: 0
06-05 02:08:52.201 D/CompatibilityChangeReporter( 3062): Compat change id reported: 194833441; UID 10473; state: ENABLED
06-05 02:08:52.201 I/ActivityTaskManager( 3062): START u0 {act=android.intent.action.MAIN cat=[android.intent.category.LAUNCHER] flg=0x10200000 cmp=com.creditcard.onecard/.MainActivity bnds=[396,1637][574,1834]} with LAUNCH_SINGLE_TASK from uid 10296 (startActivityAsUser) (BAL_ALLOW_ALLOWLISTED_COMPONENT) result code=0
06-05 02:08:52.202 D/CompatibilityChangeReporter( 3062): Compat change id reported: 135634846; UID 10473; state: DISABLED
06-05 02:08:52.202 D/CompatibilityChangeReporter( 3062): Compat change id reported: 177438394; UID 10473; state: DISABLED
06-05 02:08:52.202 D/CompatibilityChangeReporter( 3062): Compat change id reported: 135772972; UID 10473; state: DISABLED
06-05 02:08:52.202 D/CompatibilityChangeReporter( 3062): Compat change id reported: 135754954; UID 10473; state: ENABLED
06-05 02:08:52.203 D/CompatibilityChangeReporter( 3062): Compat change id reported: 143937733; UID 10473; state: ENABLED
06-05 02:08:52.203 V/WindowManagerShell( 3983): Transition requested: android.os.BinderProxy@1bc23d2 TransitionRequestInfo { type = 1, triggerTask = TaskInfo{userId=0 taskId=6057 displayId=0 isRunning=true baseIntent=Intent { act=android.intent.action.MAIN cat=[android.intent.category.LAUNCHER] flg=0x10200000 cmp=com.creditcard.onecard/.MainActivity } baseActivity=ComponentInfo{com.creditcard.onecard/com.creditcard.onecard.MainActivity} topActivity=ComponentInfo{com.creditcard.onecard/com.creditcard.onecard.MainActivity} origActivity=null realActivity=ComponentInfo{com.creditcard.onecard/com.creditcard.onecard.MainActivity} numActivities=1 lastActiveTime=11555963 supportsMultiWindow=true supportsGlobalFreeform=true resizeMode=1 isResizeable=true isAppLocked=false canKillAndRestart=false isShowDecorCaptionWindowRequest=false minWidth=-1 minHeight=-1 defaultMinSize=200 token=WCT{android.window.IWindowContainerToken$Stub$Proxy@6716ca3} topActivityType=1 pictureInPictureParams=null shouldDockBigOverlays=false launchIntoPipHostTaskId=-1 lastParentTaskIdBeforePip=-1 displayCutoutSafeInsets=Rect(0, 90 - 0, 0) topActivityInfo=ActivityInfo{6771ba0 com.creditcard.onecard.MainActivity} launchCookies=[android.os.BinderProxy@8e1b359] positionInParent=Point(0, 0) parentTaskId=-1 isFocused=false isVisible=false isVisibleRequested=false isSleeping=false topActivityInSizeCompat=false topActivityEligibleForLetterboxEducation= false topActivityLetterboxed= false isFromDoubleTap= false topActivityLetterboxVerticalPosition= -1 topActivityLetterboxHorizontalPosition= -1 topActivityLetterboxWidth=-1 topActivityLetterboxHeight=-1 locusId=null displayAreaFeatureId=1 cameraCompatControlState=hidden}, remoteTransition = RemoteTransition { remoteTransition = android.window.IRemoteTransition$Stub$Proxy@c94ab1e, appThread = android.app.IApplicationThread$Stub$Proxy@ea42fff, debugName = QuickstepLaunch }, displayChange = null, flags = 0 }
06-05 02:08:52.204 V/WindowManagerShell( 3983): RemoteTransition directly requested for android.os.BinderProxy@1bc23d2: RemoteTransition { remoteTransition = android.window.IRemoteTransition$Stub$Proxy@c94ab1e, appThread = android.app.IApplicationThread$Stub$Proxy@ea42fff, debugName = QuickstepLaunch }
06-05 02:08:52.204 D/ViewRootImpl( 3983): update {(0,0)(fillxfill) ty=APPLICATION_STARTING fmt=TRANSLUCENT wanim=0x10302fe
06-05 02:08:52.204 D/ViewRootImpl( 3983):   fl=NOT_FOCUSABLE NOT_TOUCHABLE LAYOUT_IN_SCREEN LAYOUT_INSET_DECOR ALT_FOCUSABLE_IM HARDWARE_ACCELERATED DRAWS_SYSTEM_BAR_BACKGROUNDS
06-05 02:08:52.204 D/ViewRootImpl( 3983):   pfl=SHOW_FOR_ALL_USERS FIT_INSETS_CONTROLLED
06-05 02:08:52.204 D/ViewRootImpl( 3983):   bhv=DEFAULT
06-05 02:08:52.204 D/ViewRootImpl( 3983):   fitSides=} by setView
06-05 02:08:52.212 D/CompatibilityChangeReporter( 3062): Compat change id reported: 168419799; UID 10473; state: DISABLED
06-05 02:08:52.212 D/CompatibilityChangeReporter( 3062): Compat change id reported: 273564678; UID 10473; state: DISABLED
06-05 02:08:52.216 I/ActivityManager( 3062): Start proc 8121:com.creditcard.onecard/u0a473 for next-top-activity {com.creditcard.onecard/com.creditcard.onecard.MainActivity}
06-05 02:08:52.223 D/CoreBackPreview( 3062): Window{a570659 u0 Splash Screen com.creditcard.onecard}: Setting back callback OnBackInvokedCallbackInfo{mCallback=android.window.IOnBackInvokedCallback$Stub$Proxy@f29222a, mPriority=0, mIsAnimationCallback=false}
06-05 02:08:52.233 V/WindowManager( 3062): Sent Transition #37 createdAt=06-05 02:08:52.190 via request=TransitionRequestInfo { type = 1, triggerTask = TaskInfo{userId=0 taskId=6057 displayId=0 isRunning=true baseIntent=Intent { act=android.intent.action.MAIN cat=[android.intent.category.LAUNCHER] flg=0x10200000 cmp=com.creditcard.onecard/.MainActivity } baseActivity=ComponentInfo{com.creditcard.onecard/com.creditcard.onecard.MainActivity} topActivity=ComponentInfo{com.creditcard.onecard/com.creditcard.onecard.MainActivity} origActivity=null realActivity=ComponentInfo{com.creditcard.onecard/com.creditcard.onecard.MainActivity} numActivities=1 lastActiveTime=11555963 supportsMultiWindow=true supportsGlobalFreeform=true resizeMode=1 isResizeable=true isAppLocked=false canKillAndRestart=true isShowDecorCaptionWindowRequest=false minWidth=-1 minHeight=-1 defaultMinSize=200 token=WCT{RemoteToken{90f36f6 Task{764d2a5 #6057 type=standard A=10473:com.creditcard.onecard}}} topActivityType=1 pictureInPictureParams=null shouldDockBigOverlays=false launchIntoPipHostTaskId=-1 lastParentTaskIdBeforePip=-1 displayCutoutSafeInsets=Rect(0, 90 - 0, 0) topActivityInfo=ActivityInfo{67d8af7 com.creditcard.onecard.MainActivity} launchCookies=[android.os.BinderProxy@5d59d64] positionInParent=Point(0, 0) parentTaskId=-1 isFocused=false isVisible=false isVisibleRequested=false isSleeping=false topActivityInSizeCompat=false topActivityEligibleForLetterboxEducation= false topActivityLetterboxed= false isFromDoubleTap= false topActivityLetterboxVerticalPosition= -1 topActivityLetterboxHorizontalPosition= -1 topActivityLetterboxWidth=-1 topActivityLetterboxHeight=-1 locusId=null displayAreaFeatureId=1 cameraCompatControlState=hidden}, remoteTransition = RemoteTransition { remoteTransition = android.window.IRemoteTransition$Stub$Proxy@140abcd, appThread = android.app.IApplicationThread$Stub$Proxy@a6fcc82, debugName = QuickstepLaunch }, displayChange = null, flags = 0 }
06-05 02:08:52.233 V/WindowManager( 3062):     startWCT=WindowContainerTransaction { changes = {} hops = [] errorCallbackToken=null taskFragmentOrganizer=null }
06-05 02:08:52.233 V/WindowManager( 3062):     info={id=37 t=OPEN f=0x0 trk=0 r=[0@Point(0, 0)] c=[{WCT{RemoteToken{90f36f6 Task{764d2a5 #6057 type=standard A=10473:com.creditcard.onecard}}} m=OPEN f=NONE pTaskId=-1 leash=Surface(name=Task=6057)/@0xcdc5db8 sb=Rect(0, 0 - 1080, 2400) eb=Rect(0, 0 - 1080, 2400) d=0},{WCT{RemoteToken{7636a4f Task{4a1f7f #1 type=home}}} m=TO_BACK f=SHOW_WALLPAPER pTaskId=-1 leash=Surface(name=Task=1)/@0xfb1a1da sb=Rect(0, 0 - 1080, 2400) eb=Rect(0, 0 - 1080, 2400) d=0}]}
06-05 02:08:52.233 V/WindowManagerShell( 3983): onTransitionReady android.os.BinderProxy@1bc23d2: {id=37 t=OPEN f=0x0 trk=0 r=[0@Point(0, 0)] c=[{WCT{android.window.IWindowContainerToken$Stub$Proxy@619f883} m=OPEN f=NONE pTaskId=-1 leash=Surface(name=Task=6057)/@0x9fcd894 sb=Rect(0, 0 - 1080, 2400) eb=Rect(0, 0 - 1080, 2400) d=0},{WCT{android.window.IWindowContainerToken$Stub$Proxy@b18ea00} m=TO_BACK f=SHOW_WALLPAPER pTaskId=-1 leash=Surface(name=Task=1)/@0x11d7f3d sb=Rect(0, 0 - 1080, 2400) eb=Rect(0, 0 - 1080, 2400) d=0}]}
06-05 02:08:52.233 V/WindowManagerShell( 3983): Playing animation for (#37)android.os.BinderProxy@1bc23d2@0
06-05 02:08:52.234 V/WindowManagerShell( 3983):  try firstHandler com.android.wm.shell.transition.DefaultMixedHandler@57f2354
06-05 02:08:52.234 V/WindowManagerShell( 3983):  Delegate animation for #37 to RemoteTransition { remoteTransition = android.window.IRemoteTransition$Stub$Proxy@c94ab1e, appThread = android.app.IApplicationThread$Stub$Proxy@ea42fff, debugName = QuickstepLaunch }
06-05 02:08:52.234 V/WindowManagerShell( 3983):  animated by firstHandler
06-05 02:08:52.244 D/CompatibilityChangeReporter( 3062): Compat change id reported: 170503758; UID 10473; state: ENABLED
06-05 02:08:52.251 D/IntervalStats( 3062): Unable to parse usage stats packages: [678, 792, 799]
06-05 02:08:52.258 D/IntervalStats( 3062): Unable to parse usage stats packages: [792, 795, 799]
06-05 02:08:52.273 D/IntervalStats( 3062): Unable to parse usage stats packages: [765, 799]
06-05 02:08:52.286 D/IntervalStats( 3062): Unable to parse usage stats packages: [765, 799]
06-05 02:08:52.547 V/WindowManagerShell( 3983): Transition animation finished (aborted=false), notifying core (#37)android.os.BinderProxy@1bc23d2@0
06-05 02:08:52.550 V/WindowManager( 3062): Finish Transition #37: created at 06-05 02:08:52.190 collect-started=0.16ms request-sent=10.245ms started=13.745ms ready=40.201ms sent=42.115ms finished=359.422ms
06-05 02:08:52.557 V/WindowManagerShell( 3983): Track 0 became idle
06-05 02:08:52.557 V/WindowManagerShell( 3983): All active transition animations finished
06-05 02:08:52.590 D/CompatibilityChangeReporter( 3062): Compat change id reported: 261072174; UID 10473; state: ENABLED
06-05 02:08:52.599 D/CompatibilityChangeReporter( 3062): Compat change id reported: 161145287; UID 10473; state: ENABLED
06-05 02:08:52.681 I/ActivityManager( 3062): Flag disabled. Ignoring finishAttachApplication from uid: 10473. pid: 8121
06-05 02:08:52.717 D/ViewRootImpl( 8121): update {(0,0)(fillxfill) sim={adjust=resize forwardNavigation} layoutInDisplayCutoutMode=always ty=BASE_APPLICATION wanim=0x10302fe
06-05 02:08:52.717 D/ViewRootImpl( 8121):   fl=LAYOUT_IN_SCREEN LAYOUT_INSET_DECOR SPLIT_TOUCH HARDWARE_ACCELERATED DRAWS_SYSTEM_BAR_BACKGROUNDS
06-05 02:08:52.717 D/ViewRootImpl( 8121):   pfl=NO_MOVE_ANIMATION FORCE_DRAW_STATUS_BAR_BACKGROUND FIT_INSETS_CONTROLLED
06-05 02:08:52.717 D/ViewRootImpl( 8121):   bhv=DEFAULT
06-05 02:08:52.717 D/ViewRootImpl( 8121):   fitSides=} by setView
06-05 02:08:52.726 D/CoreBackPreview( 3062): Window{37595af u0 com.creditcard.onecard/com.creditcard.onecard.MainActivity}: Setting back callback OnBackInvokedCallbackInfo{mCallback=android.window.IOnBackInvokedCallback$Stub$Proxy@986809a, mPriority=0, mIsAnimationCallback=false}
06-05 02:08:52.770 I/LaunchCheckinHandler( 3062): MotoDisplayed com.creditcard.onecard/.MainActivity,cp,ca,563
06-05 02:08:52.770 W/ActivityTaskManager( 3062): activity boost didn't release as expected
06-05 02:08:52.775 D/PowerManagerService( 3062): nativeSetPowerMode ret:false mode:5 enabled:false duration ms: 0
06-05 02:08:52.780 D/CompatibilityChangeReporter( 3062): Compat change id reported: 214016041; UID 10473; state: ENABLED
06-05 02:08:52.786 W/InputMethodManagerService( 3062): Ignoring hideSoftInput of uid 10296 : com.android.internal.inputmethod.IInputMethodClient$Stub$Proxy@5d512a2
06-05 02:08:52.792 W/PackageConfigPersister( 3062): App-specific configuration not found for packageName: com.creditcard.onecard and userId: 0
06-05 02:08:52.802 D/CompatibilityChangeReporter( 3062): Compat change id reported: 271850009; UID 10473; state: ENABLED
06-05 02:08:52.803 D/CompatibilityChangeReporter( 3062): Compat change id reported: 253665015; UID 10473; state: ENABLED
06-05 02:08:52.803 D/CompatibilityChangeReporter( 3062): Compat change id reported: 194532703; UID 10473; state: ENABLED
06-05 02:08:53.135 D/CoreBackPreview( 3062): Window{a570659 u0 Splash Screen com.creditcard.onecard EXITING}: Setting back callback null
06-05 02:08:53.160 D/CompatibilityChangeReporter( 3062): Compat change id reported: 135634846; UID 10366; state: DISABLED
06-05 02:08:53.160 D/CompatibilityChangeReporter( 3062): Compat change id reported: 177438394; UID 10366; state: DISABLED
06-05 02:08:53.161 D/CompatibilityChangeReporter( 3062): Compat change id reported: 135772972; UID 10366; state: DISABLED
06-05 02:08:53.161 D/CompatibilityChangeReporter( 3062): Compat change id reported: 135754954; UID 10366; state: ENABLED
06-05 02:08:53.161 D/CompatibilityChangeReporter( 3062): Compat change id reported: 143937733; UID 10366; state: ENABLED
06-05 02:08:53.173 I/ActivityManager( 3062): Start proc 8242:com.android.rkpdapp/u0a366 for service {com.android.rkpdapp/com.android.rkpdapp.service.RemoteProvisioningService}
06-05 02:08:53.192 D/CompatibilityChangeReporter( 3062): Compat change id reported: 168419799; UID 10366; state: DISABLED
06-05 02:08:53.192 D/CompatibilityChangeReporter( 3062): Compat change id reported: 273564678; UID 10366; state: DISABLED
06-05 02:08:53.198 D/CompatibilityChangeReporter( 3062): Compat change id reported: 265195908; UID 10366; state: ENABLED
06-05 02:08:53.202 D/CompatibilityChangeReporter( 3062): Compat change id reported: 170503758; UID 10366; state: ENABLED
06-05 02:08:53.230 I/ActivityManager( 3062): Flag disabled. Ignoring finishAttachApplication from uid: 10366. pid: 8242
06-05 02:08:53.244 E/keystore2( 1326): system/security/keystore2/src/rkpd_client.rs:172 - IGetKeyCallback failed: Device doesnot support RKP
06-05 02:08:53.244 W/keystore2( 1326): system/security/keystore2/src/remote_provisioning.rs:102 - Error occurred: system/security/keystore2/src/rkpd_client.rs:187: GetKeyCallback failed: r#ERROR_UNKNOWN "Device doesnot support RKP"
06-05 02:08:53.244 W/keystore2( 1326): 
06-05 02:08:53.244 W/keystore2( 1326): Caused by:
06-05 02:08:53.244 W/keystore2( 1326):     Error::Rc(r#OUT_OF_KEYS_TRANSIENT_ERROR)
06-05 02:08:53.260 D/CompatibilityChangeReporter( 3062): Compat change id reported: 271850009; UID 10366; state: ENABLED
06-05 02:08:53.260 D/CompatibilityChangeReporter( 3062): Compat change id reported: 253665015; UID 10366; state: ENABLED
06-05 02:08:53.260 D/CompatibilityChangeReporter( 3062): Compat change id reported: 194532703; UID 10366; state: ENABLED
06-05 02:08:53.418 D/CompatibilityChangeReporter( 3062): Compat change id reported: 319212206; UID 10473; state: ENABLED
06-05 02:08:53.428 I/ActivityManager( 3062): com.inmobi.installer is exempt from freezer
06-05 02:08:53.428 D/CompatibilityChangeReporter( 3062): Compat change id reported: 135634846; UID 10159; state: DISABLED
06-05 02:08:53.428 D/CompatibilityChangeReporter( 3062): Compat change id reported: 177438394; UID 10159; state: DISABLED
06-05 02:08:53.428 D/CompatibilityChangeReporter( 3062): Compat change id reported: 135772972; UID 10159; state: DISABLED
06-05 02:08:53.428 D/CompatibilityChangeReporter( 3062): Compat change id reported: 135754954; UID 10159; state: ENABLED
06-05 02:08:53.431 D/CompatibilityChangeReporter( 3062): Compat change id reported: 143937733; UID 10159; state: ENABLED
06-05 02:08:53.459 I/ActivityManager( 3062): Start proc 8305:com.inmobi.installer/u0a159 for content provider {com.inmobi.installer/com.inmobi.installer.attribution.AppsflyerInstallProvider}
06-05 02:08:53.472 D/VRI[MainActivity]( 8121): update {(0,0)(fillxfill) sim={adjust=resize} layoutInDisplayCutoutMode=always ty=BASE_APPLICATION wanim=0x10302fe
06-05 02:08:53.472 D/VRI[MainActivity]( 8121):   fl=LAYOUT_IN_SCREEN SECURE LAYOUT_INSET_DECOR SPLIT_TOUCH HARDWARE_ACCELERATED DRAWS_SYSTEM_BAR_BACKGROUNDS
06-05 02:08:53.472 D/VRI[MainActivity]( 8121):   pfl=NO_MOVE_ANIMATION FORCE_DRAW_STATUS_BAR_BACKGROUND FIT_INSETS_CONTROLLED
06-05 02:08:53.472 D/VRI[MainActivity]( 8121):   bhv=DEFAULT
06-05 02:08:53.472 D/VRI[MainActivity]( 8121):   fitSides=} by setLayoutParams
06-05 02:08:53.477 D/CompatibilityChangeReporter( 3062): Compat change id reported: 168419799; UID 10159; state: DISABLED
06-05 02:08:53.478 D/CompatibilityChangeReporter( 3062): Compat change id reported: 273564678; UID 10159; state: DISABLED
06-05 02:08:53.481 D/CompatibilityChangeReporter( 3062): Compat change id reported: 265195908; UID 10159; state: ENABLED
06-05 02:08:53.487 D/CompatibilityChangeReporter( 3062): Compat change id reported: 170503758; UID 10159; state: ENABLED
06-05 02:08:53.551 I/ActivityManager( 3062): Flag disabled. Ignoring finishAttachApplication from uid: 10159. pid: 8305
06-05 02:08:54.511 D/VRI[MainActivity]( 8121): update {(0,0)(fillxfill) sim={adjust=resize} layoutInDisplayCutoutMode=always ty=BASE_APPLICATION wanim=0x10302fe
06-05 02:08:54.511 D/VRI[MainActivity]( 8121):   fl=LAYOUT_IN_SCREEN SECURE LAYOUT_INSET_DECOR SPLIT_TOUCH HARDWARE_ACCELERATED DRAWS_SYSTEM_BAR_BACKGROUNDS
06-05 02:08:54.511 D/VRI[MainActivity]( 8121):   pfl=NO_MOVE_ANIMATION FORCE_DRAW_STATUS_BAR_BACKGROUND FIT_INSETS_CONTROLLED
06-05 02:08:54.511 D/VRI[MainActivity]( 8121):   bhv=DEFAULT
06-05 02:08:54.511 D/VRI[MainActivity]( 8121):   fitSides=} by setLayoutParams
06-05 02:08:54.873 W/Binder  (22252): reply too large data on java level: InterfaceDescriptor = null, code = 1
06-05 02:08:55.390 E/JobScheduler( 3062): Uid(s) -1/10289 not in a state to schedule user-initiated jobs
06-05 02:08:55.393 W/ActivityManager( 3062): Background started FGS: Disallowed [callingPackage: com.google.android.youtube; callingUid: 10289; uidState: CEM ; uidBFSL: n/a; intent: Intent { cmp=com.google.android.youtube/com.google.android.libraries.youtube.offline.transfer.service.OfflineKeepAliveService }; code:DENIED; tempAllowListReason:<null>; targetSdkVersion:36; callerTargetSdkVersion:36; startForegroundCount:0; bindFromPackage:null: isBindService:false]
06-05 02:08:55.393 D/CompatibilityChangeReporter( 3062): Compat change id reported: 170668199; UID 10289; state: ENABLED
06-05 02:08:55.393 W/ActivityManager( 3062): startForegroundService() not allowed due to mAllowStartForeground false: service com.google.android.youtube/com.google.android.libraries.youtube.offline.transfer.service.OfflineKeepAliveService
06-05 02:08:55.393 D/CompatibilityChangeReporter( 3062): Compat change id reported: 174041399; UID 10289; state: ENABLED
06-05 02:08:56.350 E/JobScheduler( 3062): Uid(s) -1/10289 not in a state to schedule user-initiated jobs
06-05 02:08:56.352 W/ActivityManager( 3062): Background started FGS: Disallowed [callingPackage: com.google.android.youtube; callingUid: 10289; uidState: TRNB; uidBFSL: n/a; intent: Intent { cmp=com.google.android.youtube/com.google.android.libraries.youtube.offline.transfer.service.OfflineKeepAliveService }; code:DENIED; tempAllowListReason:<null>; targetSdkVersion:36; callerTargetSdkVersion:36; startForegroundCount:0; bindFromPackage:null: isBindService:false]
06-05 02:08:56.352 W/ActivityManager( 3062): startForegroundService() not allowed due to mAllowStartForeground false: service com.google.android.youtube/com.google.android.libraries.youtube.offline.transfer.service.OfflineKeepAliveService
06-05 02:08:56.842 I/SettingsAccessControlPolicy( 3062): isDeviceSettingsChangeDisabled: value -> false
06-05 02:08:56.845 D/ActivityTaskManager( 3062): getPreferredLaunchDisplay userset_displayid false user set display id -1, current focus display 0
06-05 02:08:56.846 D/ActivityTaskManager( 3062): getPreferredLaunchDisplay userset_displayid false user set display id -1, current focus display 0
06-05 02:08:56.848 D/ActivityTaskManager( 3062): getPreferredLaunchDisplay userset_displayid false user set display id -1, current focus display 0
06-05 02:08:56.848 D/ActivityTaskManager( 3062): getPreferredLaunchDisplay userset_displayid false user set display id -1, current focus display 0
06-05 02:08:56.848 D/ActivityTaskManager( 3062): [GlobalFreeform] use default Rect(162, 162 - 1242, 1929) scale=0.7 for ActivityRecord{5d52352 u0 com.android.settings/.Settings$DevelopmentSettingsDashboardActivity
06-05 02:08:56.852 D/ActivityTaskManager( 3062): getPreferredLaunchDisplay userset_displayid false user set display id 0, current focus display 0
06-05 02:08:56.852 D/ActivityTaskManager( 3062): getPreferredLaunchDisplay userset_displayid false user set display id 0, current focus display 0
06-05 02:08:56.852 D/ActivityTaskManager( 3062): [GlobalFreeform] use default Rect(162, 162 - 1242, 1929) scale=0.7 for ActivityRecord{5d52352 u0 com.android.settings/.Settings$DevelopmentSettingsDashboardActivity t-1}
06-05 02:08:56.854 D/CompatibilityChangeReporter( 3062): Compat change id reported: 197654537; UID 1000; state: ENABLED
06-05 02:08:56.855 D/PowerManagerService( 3062): nativeSetPowerMode ret:false mode:5 enabled:true duration ms: 0
06-05 02:08:56.855 D/CompatibilityChangeReporter( 3062): Compat change id reported: 205907456; UID 1000; state: ENABLED
06-05 02:08:56.857 I/ActivityTaskManager( 3062): START u0 {act=android.settings.APPLICATION_DEVELOPMENT_SETTINGS flg=0x10000000 cmp=com.android.settings/.Settings$DevelopmentSettingsDashboardActivity} with LAUNCH_MULTIPLE from uid 10473 (startActivityAsUser) (BAL_ALLOW_VISIBLE_WINDOW) result code=0
06-05 02:08:56.864 I/ActivityTaskManager( 3062): The Process com.android.settings Already Exists in BG. So sending its PID: 25544
06-05 02:08:56.866 V/WindowManagerShell( 3983): Transition requested: android.os.BinderProxy@da7bf72 TransitionRequestInfo { type = 1, triggerTask = TaskInfo{userId=0 taskId=6058 displayId=0 isRunning=true baseIntent=Intent { act=android.settings.APPLICATION_DEVELOPMENT_SETTINGS flg=0x10000000 cmp=com.android.settings/.Settings$DevelopmentSettingsDashboardActivity } baseActivity=ComponentInfo{com.android.settings/com.android.settings.Settings$DevelopmentSettingsDashboardActivity} topActivity=ComponentInfo{com.android.settings/com.android.settings.Settings$DevelopmentSettingsDashboardActivity} origActivity=null realActivity=ComponentInfo{com.android.settings/com.android.settings.Settings$DevelopmentSettingsDashboardActivity} numActivities=1 lastActiveTime=11560619 supportsMultiWindow=true supportsGlobalFreeform=true resizeMode=1 isResizeable=true isAppLocked=false canKillAndRestart=false isShowDecorCaptionWindowRequest=false minWidth=-1 minHeight=-1 defaultMinSize=200 token=WCT{android.window.IWindowContainerToken$Stub$Proxy@ed6fc3} topActivityType=1 pictureInPictureParams=null shouldDockBigOverlays=false launchIntoPipHostTaskId=-1 lastParentTaskIdBeforePip=-1 displayCutoutSafeInsets=Rect(0, 90 - 0, 0) topActivityInfo=ActivityInfo{f83040 com.android.settings.Settings$DevelopmentSettingsDashboardActivity} launchCookies=[] positionInParent=Point(0, 0) parentTaskId=-1 isFocused=false isVisible=false isVisibleRequested=false isSleeping=false topActivityInSizeCompat=false topActivityEligibleForLetterboxEducation= false topActivityLetterboxed= false isFromDoubleTap= false topActivityLetterboxVerticalPosition= -1 topActivityLetterboxHorizontalPosition= -1 topActivityLetterboxWidth=-1 topActivityLetterboxHeight=-1 locusId=null displayAreaFeatureId=1 cameraCompatControlState=hidden}, remoteTransition = null, displayChange = null, flags = 0 }
06-05 02:08:56.867 D/ActivityManager( 3062): quick sync unfreeze 25544 for 1
06-05 02:08:56.867 D/ViewRootImpl( 3983): update {(0,0)(fillxfill) ty=APPLICATION_STARTING fmt=TRANSLUCENT wanim=0x10302f2
06-05 02:08:56.867 D/ViewRootImpl( 3983):   fl=NOT_FOCUSABLE NOT_TOUCHABLE LAYOUT_IN_SCREEN LAYOUT_INSET_DECOR ALT_FOCUSABLE_IM HARDWARE_ACCELERATED DRAWS_SYSTEM_BAR_BACKGROUNDS
06-05 02:08:56.867 D/ViewRootImpl( 3983):   pfl=SHOW_FOR_ALL_USERS FIT_INSETS_CONTROLLED
06-05 02:08:56.867 D/ViewRootImpl( 3983):   bhv=DEFAULT
06-05 02:08:56.867 D/ViewRootImpl( 3983):   fitSides=} by setView
06-05 02:08:56.871 D/ActivityManager( 3062): unfreezing ProcessRecord{db2cbba 25544:com.android.settings/1000}, reason = oom_uncached, adj = 0, adjType = top-activity, adjSource = null
06-05 02:08:56.872 D/ActivityManager( 3062): sync unfroze 25544 com.android.settings for 1
06-05 02:08:56.878 D/CompatibilityChangeReporter( 3062): Compat change id reported: 168419799; UID 1000; state: DISABLED
06-05 02:08:56.878 D/CompatibilityChangeReporter( 3062): Compat change id reported: 273564678; UID 1000; state: DISABLED
06-05 02:08:56.897 V/WindowManager( 3062): Sent Transition #38 createdAt=06-05 02:08:56.845 via request=TransitionRequestInfo { type = 1, triggerTask = TaskInfo{userId=0 taskId=6058 displayId=0 isRunning=true baseIntent=Intent { act=android.settings.APPLICATION_DEVELOPMENT_SETTINGS flg=0x10000000 cmp=com.android.settings/.Settings$DevelopmentSettingsDashboardActivity } baseActivity=ComponentInfo{com.android.settings/com.android.settings.Settings$DevelopmentSettingsDashboardActivity} topActivity=ComponentInfo{com.android.settings/com.android.settings.Settings$DevelopmentSettingsDashboardActivity} origActivity=null realActivity=ComponentInfo{com.android.settings/com.android.settings.Settings$DevelopmentSettingsDashboardActivity} numActivities=1 lastActiveTime=11560619 supportsMultiWindow=true supportsGlobalFreeform=true resizeMode=1 isResizeable=true isAppLocked=false canKillAndRestart=false isShowDecorCaptionWindowRequest=false minWidth=-1 minHeight=-1 defaultMinSize=200 token=WCT{RemoteToken{1d901e4 Task{d6ae720 #6058 type=standard A=1000:com.android.settings}}} topActivityType=1 pictureInPictureParams=null shouldDockBigOverlays=false launchIntoPipHostTaskId=-1 lastParentTaskIdBeforePip=-1 displayCutoutSafeInsets=Rect(0, 90 - 0, 0) topActivityInfo=ActivityInfo{251764d com.android.settings.Settings$DevelopmentSettingsDashboardActivity} launchCookies=[] positionInParent=Point(0, 0) parentTaskId=-1 isFocused=false isVisible=false isVisibleRequested=false isSleeping=false topActivityInSizeCompat=false topActivityEligibleForLetterboxEducation= false topActivityLetterboxed= false isFromDoubleTap= false topActivityLetterboxVerticalPosition= -1 topActivityLetterboxHorizontalPosition= -1 topActivityLetterboxWidth=-1 topActivityLetterboxHeight=-1 locusId=null displayAreaFeatureId=1 cameraCompatControlState=hidden}, remoteTransition = null, displayChange = null, flags = 0 }
06-05 02:08:56.897 V/WindowManager( 3062):     startWCT=WindowContainerTransaction { changes = {} hops = [] errorCallbackToken=null taskFragmentOrganizer=null }
06-05 02:08:56.897 V/WindowManager( 3062):     info={id=38 t=OPEN f=0x0 trk=0 r=[0@Point(0, 0)] c=[{WCT{RemoteToken{1d901e4 Task{d6ae720 #6058 type=standard A=1000:com.android.settings}}} m=OPEN f=NONE pTaskId=-1 leash=Surface(name=Task=6058)/@0x76de776 sb=Rect(0, 0 - 1080, 2400) eb=Rect(0, 0 - 1080, 2400) d=0},{WCT{RemoteToken{90f36f6 Task{764d2a5 #6057 type=standard A=10473:com.creditcard.onecard}}} m=TO_BACK f=NONE pTaskId=-1 leash=Surface(name=Task=6057)/@0xcdc5db8 sb=Rect(0, 0 - 1080, 2400) eb=Rect(0, 0 - 1080, 2400) d=0}]}
06-05 02:08:56.899 V/WindowManagerShell( 3983): onTransitionReady android.os.BinderProxy@da7bf72: {id=38 t=OPEN f=0x0 trk=0 r=[0@Point(0, 0)] c=[{WCT{android.window.IWindowContainerToken$Stub$Proxy@579cfb3} m=OPEN f=NONE pTaskId=-1 leash=Surface(name=Task=6058)/@0xefa0104 sb=Rect(0, 0 - 1080, 2400) eb=Rect(0, 0 - 1080, 2400) d=0},{WCT{android.window.IWindowContainerToken$Stub$Proxy@9982970} m=TO_BACK f=NONE pTaskId=-1 leash=Surface(name=Task=6057)/@0x9d9d6ed sb=Rect(0, 0 - 1080, 2400) eb=Rect(0, 0 - 1080, 2400) d=0}]}
06-05 02:08:56.899 V/WindowManagerShell( 3983): Playing animation for (#38)android.os.BinderProxy@da7bf72@0
06-05 02:08:56.899 V/WindowManagerShell( 3983):  try handler com.android.wm.shell.transition.DefaultMixedHandler@57f2354
06-05 02:08:56.899 V/WindowManagerShell( 3983):  try handler com.android.wm.shell.keyguard.KeyguardTransitionHandler@addd2fd
06-05 02:08:56.899 V/WindowManagerShell( 3983):  try handler com.android.wm.shell.activityembedding.ActivityEmbeddingController@36a1bf2
06-05 02:08:56.899 V/WindowManagerShell( 3983):  try handler com.android.wm.shell.recents.RecentsTransitionHandler@7ddd243
06-05 02:08:56.899 V/ShellRecents( 3983): RecentsTransitionHandler.startAnimation: no controller found
06-05 02:08:56.899 V/WindowManagerShell( 3983):  try handler com.android.wm.shell.pip.PipTransition@25520c0
06-05 02:08:56.900 V/WindowManagerShell( 3983):  try handler com.android.wm.shell.splitscreen.StageCoordinator@2b9a1f9
06-05 02:08:56.900 V/WindowManagerShell( 3983):  try handler com.android.wm.shell.transition.RemoteTransitionHandler@7fa053e
06-05 02:08:56.900 V/WindowManagerShell( 3983): Transition doesn't have explicit remote, search filters for match for {id=38 t=OPEN f=0x0 trk=0 r=[0@Point(0, 0)] c=[{WCT{android.window.IWindowContainerToken$Stub$Proxy@579cfb3} m=OPEN f=NONE pTaskId=-1 leash=Surface(name=Task=6058)/@0xefa0104 sb=Rect(0, 0 - 1080, 2400) eb=Rect(0, 0 - 1080, 2400) d=0},{WCT{android.window.IWindowContainerToken$Stub$Proxy@9982970} m=TO_BACK f=NONE pTaskId=-1 leash=Surface(name=Task=6057)/@0x9d9d6ed sb=Rect(0, 0 - 1080, 2400) eb=Rect(0, 0 - 1080, 2400) d=0}]}
06-05 02:08:56.901 V/WindowManagerShell( 3983):  Checking filter Pair{{types=[] flags=0x0] notFlags=0x100 checks=[{atype=home independent=true modes=[OPEN,TO_FRONT] flags=NONE mustBeTask=false order=TOP topActivity=ComponentInfo{com.motorola.launcher3/com.android.launcher3.uioverrides.QuickstepLauncher}},{atype=standard independent=true modes=[CLOSE,TO_BACK] flags=NONE mustBeTask=false order=ANY topActivity=null}]} RemoteTransition { remoteTransition = android.window.IRemoteTransition$Stub$Proxy@5464a34, appThread = android.app.IApplicationThread$Stub$Proxy@1c1a05d, debugName = QuickstepLaunchHome }}
06-05 02:08:56.901 V/WindowManagerShell( 3983):  Delegate animation for #38 to null
06-05 02:08:56.901 V/WindowManagerShell( 3983):  try handler com.android.wm.shell.transition.DefaultTransitionHandler@f014f9f
06-05 02:08:56.901 V/WindowManagerShell( 3983): start default transition animation, info = {id=38 t=OPEN f=0x0 trk=0 r=[0@Point(0, 0)] c=[{WCT{android.window.IWindowContainerToken$Stub$Proxy@579cfb3} m=OPEN f=NONE pTaskId=-1 leash=Surface(name=Task=6058)/@0xefa0104 sb=Rect(0, 0 - 1080, 2400) eb=Rect(0, 0 - 1080, 2400) d=0},{WCT{android.window.IWindowContainerToken$Stub$Proxy@9982970} m=TO_BACK f=NONE pTaskId=-1 leash=Surface(name=Task=6057)/@0x9d9d6ed sb=Rect(0, 0 - 1080, 2400) eb=Rect(0, 0 - 1080, 2400) d=0}]}
06-05 02:08:56.902 V/WindowManagerShell( 3983): loadAnimation: anim=android.view.animation.AnimationSet@eae6c9c animAttr=0x9 type=OPEN isEntrance=false
06-05 02:08:56.903 V/WindowManagerShell( 3983): loadAnimation: anim=android.view.animation.AnimationSet@845822b animAttr=0x8 type=OPEN isEntrance=true
06-05 02:08:56.904 V/WindowManagerShell( 3983):  animated by com.android.wm.shell.transition.DefaultTransitionHandler@f014f9f
06-05 02:08:56.922 I/SettingsAccessControlPolicy( 3062): isDeviceSettingsChangeDisabled: value -> false
06-05 02:08:57.027 E/UserRestrictionsUtils( 3062): Unknown restriction queried by uid 1000 (android et al): null
06-05 02:08:57.027 E/UserRestrictionsUtils( 3062): Unknown restriction queried by uid 1000 (android et al): null
06-05 02:08:57.028 E/UserRestrictionsUtils( 3062): Unknown restriction queried by uid 1000 (android et al): null
06-05 02:08:57.028 E/UserRestrictionsUtils( 3062): Unknown restriction queried by uid 1000 (android et al): null
06-05 02:08:57.029 E/UserRestrictionsUtils( 3062): Unknown restriction queried by uid 1000 (android et al): null
06-05 02:08:57.030 E/UserRestrictionsUtils( 3062): Unknown restriction queried by uid 1000 (android et al): null
06-05 02:08:57.032 E/UserRestrictionsUtils( 3062): Unknown restriction queried by uid 1000 (android et al): null
06-05 02:08:57.036 D/ActivityManager( 3062): Checking cgroup freezer: /sys/fs/cgroup/uid_0/pid_1575/cgroup.freeze
06-05 02:08:57.036 D/ActivityManager( 3062): Checking binder freezer ioctl
06-05 02:08:57.036 D/ActivityManager( 3062): Checking freezer profiles
06-05 02:08:57.037 D/ActivityManager( 3062): Freezer supported: true
06-05 02:08:57.066 I/ProcessStatsService( 3062): Added stats: 2026-06-04-22-56-29, over +3h0m31s597ms
06-05 02:08:57.076 W/SparseMappingTable(25544): Invalid stats at index 0 -- SparseMappingTable.Table{mSequence=1 mParent.mSequence=2 mParent.mLongs.size()=3 mSize=1 mTable=[0xe/0x3/0x0] clazz=com.android.internal.app.procstats.DurationsTable}
06-05 02:08:57.134 D/CompatibilityChangeReporter( 3062): Compat change id reported: 135634846; UID 10308; state: DISABLED
06-05 02:08:57.134 D/CompatibilityChangeReporter( 3062): Compat change id reported: 177438394; UID 10308; state: DISABLED
06-05 02:08:57.134 D/CompatibilityChangeReporter( 3062): Compat change id reported: 135772972; UID 10308; state: DISABLED
06-05 02:08:57.134 D/CompatibilityChangeReporter( 3062): Compat change id reported: 135754954; UID 10308; state: ENABLED
06-05 02:08:57.135 D/CompatibilityChangeReporter( 3062): Compat change id reported: 143937733; UID 10308; state: ENABLED
06-05 02:08:57.144 I/ActivityManager( 3062): Start proc 8432:com.motorola.coresettingsext/u0a308 for content provider {com.motorola.coresettingsext/com.motorola.coresettingsext.tilecontrollers.CoreSettingsDynamicTilesProvider}
