06-05 02:07:40.911 W/NetworkWatchlistService( 3062): onConnectEvent overload, uid=10462, addr=::ffff:127.0.0.1:27042
06-05 02:07:40.911 W/NetworkWatchlistService( 3062): onConnectEvent overload, uid=10462, addr=::ffff:127.0.0.1:27052
06-05 02:07:40.911 W/NetworkWatchlistService( 3062): onConnectEvent overload, uid=10462, addr=::ffff:127.0.0.1:27047
06-05 02:07:40.912 W/NetworkWatchlistService( 3062): onConnectEvent overload, uid=10462, addr=::ffff:127.0.0.1:27043
06-05 02:07:40.913 W/NetworkWatchlistService( 3062): onConnectEvent overload, uid=10462, addr=::ffff:127.0.0.1:27042
06-05 02:07:40.913 W/NetworkWatchlistService( 3062): onConnectEvent overload, uid=10462, addr=::ffff:127.0.0.1:27052
06-05 02:07:40.913 W/NetworkWatchlistService( 3062): onConnectEvent overload, uid=10462, addr=::ffff:127.0.0.1:27047
06-05 02:07:40.914 W/NetworkWatchlistService( 3062): onConnectEvent overload, uid=10462, addr=::ffff:127.0.0.1:27043
06-05 02:07:40.915 W/NetworkWatchlistService( 3062): onConnectEvent overload, uid=10462, addr=::ffff:127.0.0.1:27042
06-05 02:07:40.915 W/NetworkWatchlistService( 3062): onConnectEvent overload, uid=10462, addr=::ffff:127.0.0.1:27052
06-05 02:07:40.915 W/NetworkWatchlistService( 3062): onConnectEvent overload, uid=10462, addr=::ffff:127.0.0.1:27047
06-05 02:07:40.916 W/NetworkWatchlistService( 3062): onConnectEvent overload, uid=10462, addr=::ffff:127.0.0.1:27043
06-05 02:07:40.916 W/NetworkWatchlistService( 3062): onConnectEvent overload, uid=10462, addr=::ffff:127.0.0.1:27042
06-05 02:07:40.917 W/NetworkWatchlistService( 3062): onConnectEvent overload, uid=10462, addr=::ffff:127.0.0.1:27052
06-05 02:07:40.917 W/NetworkWatchlistService( 3062): onConnectEvent overload, uid=10462, addr=::ffff:127.0.0.1:27047
06-05 02:07:40.917 W/NetworkWatchlistService( 3062): onConnectEvent overload, uid=10462, addr=::ffff:127.0.0.1:27043
06-05 02:07:40.918 W/NetworkWatchlistService( 3062): onConnectEvent overload, uid=10462, addr=::ffff:127.0.0.1:27042
06-05 02:07:40.919 W/NetworkWatchlistService( 3062): onConnectEvent overload, uid=10462, addr=::ffff:127.0.0.1:27047
06-05 02:07:40.919 W/NetworkWatchlistService( 3062): onConnectEvent overload, uid=10462, addr=::ffff:127.0.0.1:27052
06-05 02:07:40.919 W/NetworkWatchlistService( 3062): onConnectEvent overload, uid=10462, addr=::ffff:127.0.0.1:27043
06-05 02:07:40.920 W/NetworkWatchlistService( 3062): onConnectEvent overload, uid=10462, addr=::ffff:127.0.0.1:27042
06-05 02:07:40.920 W/NetworkWatchlistService( 3062): onConnectEvent overload, uid=10462, addr=::ffff:127.0.0.1:27052
06-05 02:07:40.920 W/NetworkWatchlistService( 3062): onConnectEvent overload, uid=10462, addr=::ffff:127.0.0.1:27047
06-05 02:07:40.921 W/NetworkWatchlistService( 3062): onConnectEvent overload, uid=10462, addr=::ffff:127.0.0.1:27043
06-05 02:07:40.922 W/NetworkWatchlistService( 3062): onConnectEvent overload, uid=10462, addr=::ffff:127.0.0.1:27042
06-05 02:07:40.922 W/NetworkWatchlistService( 3062): onConnectEvent overload, uid=10462, addr=::ffff:127.0.0.1:27047
06-05 02:07:40.922 W/NetworkWatchlistService( 3062): onConnectEvent overload, uid=10462, addr=::ffff:127.0.0.1:27052
06-05 02:07:40.923 W/NetworkWatchlistService( 3062): onConnectEvent overload, uid=10462, addr=::ffff:127.0.0.1:27043
06-05 02:07:40.924 W/NetworkWatchlistService( 3062): onConnectEvent overload, uid=10462, addr=::ffff:127.0.0.1:27042
06-05 02:07:40.924 W/NetworkWatchlistService( 3062): onConnectEvent overload, uid=10462, addr=::ffff:127.0.0.1:27052
06-05 02:07:40.924 W/NetworkWatchlistService( 3062): onConnectEvent overload, uid=10462, addr=::ffff:127.0.0.1:27047
06-05 02:07:40.924 W/NetworkWatchlistService( 3062): onConnectEvent overload, uid=10462, addr=::ffff:127.0.0.1:27043
06-05 02:07:40.925 W/NetworkWatchlistService( 3062): onConnectEvent overload, uid=10462, addr=::ffff:127.0.0.1:27042
06-05 02:07:40.926 W/NetworkWatchlistService( 3062): onConnectEvent overload, uid=10462, addr=::ffff:127.0.0.1:27052
06-05 02:07:40.926 W/NetworkWatchlistService( 3062): onConnectEvent overload, uid=10462, addr=::ffff:127.0.0.1:27047
06-05 02:07:40.926 W/NetworkWatchlistService( 3062): onConnectEvent overload, uid=10462, addr=::ffff:127.0.0.1:27043
06-05 02:07:40.927 W/NetworkWatchlistService( 3062): onConnectEvent overload, uid=10462, addr=::ffff:127.0.0.1:27042
06-05 02:07:40.927 W/NetworkWatchlistService( 3062): onConnectEvent overload, uid=10462, addr=::ffff:127.0.0.1:27052
06-05 02:07:40.927 W/NetworkWatchlistService( 3062): onConnectEvent overload, uid=10462, addr=::ffff:127.0.0.1:27047
06-05 02:07:40.928 W/NetworkWatchlistService( 3062): onConnectEvent overload, uid=10462, addr=::ffff:127.0.0.1:27043
06-05 02:07:40.929 W/NetworkWatchlistService( 3062): onConnectEvent overload, uid=10462, addr=::ffff:127.0.0.1:27042
06-05 02:07:40.929 W/NetworkWatchlistService( 3062): onConnectEvent overload, uid=10462, addr=::ffff:127.0.0.1:27052
06-05 02:07:40.929 W/NetworkWatchlistService( 3062): onConnectEvent overload, uid=10462, addr=::ffff:127.0.0.1:27047
06-05 02:07:40.930 W/NetworkWatchlistService( 3062): onConnectEvent overload, uid=10462, addr=::ffff:127.0.0.1:27043
06-05 02:07:40.932 W/NetworkWatchlistService( 3062): onConnectEvent overload, uid=10462, addr=::ffff:127.0.0.1:27047
06-05 02:07:40.932 W/NetworkWatchlistService( 3062): onConnectEvent overload, uid=10462, addr=::ffff:127.0.0.1:27042
06-05 02:07:40.932 W/NetworkWatchlistService( 3062): onConnectEvent overload, uid=10462, addr=::ffff:127.0.0.1:27052
06-05 02:07:40.932 W/NetworkWatchlistService( 3062): onConnectEvent overload, uid=10462, addr=::ffff:127.0.0.1:27043
06-05 02:07:40.933 W/NetworkWatchlistService( 3062): onConnectEvent overload, uid=10462, addr=::ffff:127.0.0.1:27043
06-05 02:07:40.933 W/NetworkWatchlistService( 3062): onConnectEvent overload, uid=10462, addr=::ffff:127.0.0.1:27052
06-05 02:07:40.934 W/NetworkWatchlistService( 3062): onConnectEvent overload, uid=10462, addr=::ffff:127.0.0.1:27042
06-05 02:07:40.934 W/NetworkWatchlistService( 3062): onConnectEvent overload, uid=10462, addr=::ffff:127.0.0.1:27047
06-05 02:07:40.936 W/NetworkWatchlistService( 3062): onConnectEvent overload, uid=10462, addr=::ffff:127.0.0.1:27042
06-05 02:07:40.936 W/NetworkWatchlistService( 3062): onConnectEvent overload, uid=10462, addr=::ffff:127.0.0.1:27047
06-05 02:07:40.936 W/NetworkWatchlistService( 3062): onConnectEvent overload, uid=10462, addr=::ffff:127.0.0.1:27052
06-05 02:07:40.937 W/NetworkWatchlistService( 3062): onConnectEvent overload, uid=10462, addr=::ffff:127.0.0.1:27043
06-05 02:07:40.939 W/NetworkWatchlistService( 3062): onConnectEvent overload, uid=10462, addr=::ffff:127.0.0.1:27047
06-05 02:07:40.939 W/NetworkWatchlistService( 3062): onConnectEvent overload, uid=10462, addr=::ffff:127.0.0.1:27052
06-05 02:07:40.939 W/NetworkWatchlistService( 3062): onConnectEvent overload, uid=10462, addr=::ffff:127.0.0.1:27043
06-05 02:07:40.939 W/NetworkWatchlistService( 3062): onConnectEvent overload, uid=10462, addr=::ffff:127.0.0.1:27042
06-05 02:07:40.940 W/NetworkWatchlistService( 3062): onConnectEvent overload, uid=10462, addr=::ffff:127.0.0.1:27042
06-05 02:07:40.941 W/NetworkWatchlistService( 3062): onConnectEvent overload, uid=10462, addr=::ffff:127.0.0.1:27052
06-05 02:07:40.941 W/NetworkWatchlistService( 3062): onConnectEvent overload, uid=10462, addr=::ffff:127.0.0.1:27047
06-05 02:07:40.941 W/NetworkWatchlistService( 3062): onConnectEvent overload, uid=10462, addr=::ffff:127.0.0.1:27043
06-05 02:07:40.943 W/NetworkWatchlistService( 3062): onConnectEvent overload, uid=10462, addr=::ffff:127.0.0.1:27042
06-05 02:07:40.944 W/NetworkWatchlistService( 3062): onConnectEvent overload, uid=10462, addr=::ffff:127.0.0.1:27047
06-05 02:07:40.944 W/NetworkWatchlistService( 3062): onConnectEvent overload, uid=10462, addr=::ffff:127.0.0.1:27052
06-05 02:07:40.945 W/NetworkWatchlistService( 3062): onConnectEvent overload, uid=10462, addr=::ffff:127.0.0.1:27043
06-05 02:07:40.949 W/NetworkWatchlistService( 3062): onConnectEvent overload, uid=10462, addr=::ffff:127.0.0.1:27052
06-05 02:07:40.949 W/NetworkWatchlistService( 3062): onConnectEvent overload, uid=10462, addr=::ffff:127.0.0.1:27047
06-05 02:07:40.950 W/NetworkWatchlistService( 3062): onConnectEvent overload, uid=10462, addr=::ffff:127.0.0.1:27043
06-05 02:07:40.952 W/NetworkWatchlistService( 3062): onConnectEvent overload, uid=10462, addr=::ffff:127.0.0.1:27042
06-05 02:07:40.964 W/NetworkWatchlistService( 3062): onConnectEvent overload, uid=10462, addr=::ffff:127.0.0.1:27042
06-05 02:07:40.965 W/NetworkWatchlistService( 3062): onConnectEvent overload, uid=10462, addr=::ffff:127.0.0.1:27043
06-05 02:07:40.966 W/NetworkWatchlistService( 3062): onConnectEvent overload, uid=10462, addr=::ffff:127.0.0.1:27047
06-05 02:07:40.971 W/NetworkWatchlistService( 3062): onConnectEvent overload, uid=10462, addr=::ffff:127.0.0.1:27052
06-05 02:07:40.977 W/NetworkWatchlistService( 3062): onConnectEvent overload, uid=10462, addr=::ffff:127.0.0.1:27042
06-05 02:07:40.980 W/NetworkWatchlistService( 3062): onConnectEvent overload, uid=10462, addr=::ffff:127.0.0.1:27052
06-05 02:07:40.982 W/NetworkWatchlistService( 3062): onConnectEvent overload, uid=10462, addr=::ffff:127.0.0.1:27047
06-05 02:07:40.982 W/NetworkWatchlistService( 3062): onConnectEvent overload, uid=10462, addr=::ffff:127.0.0.1:27043
06-05 02:07:40.985 W/NetworkWatchlistService( 3062): onConnectEvent overload, uid=10462, addr=::ffff:127.0.0.1:27047
06-05 02:07:40.986 W/NetworkWatchlistService( 3062): onConnectEvent overload, uid=10462, addr=::ffff:127.0.0.1:27052
06-05 02:07:40.987 W/NetworkWatchlistService( 3062): onConnectEvent overload, uid=10462, addr=::ffff:127.0.0.1:27043
06-05 02:07:40.988 W/NetworkWatchlistService( 3062): onConnectEvent overload, uid=10462, addr=::ffff:127.0.0.1:27042
06-05 02:07:40.989 W/NetworkWatchlistService( 3062): onConnectEvent overload, uid=10462, addr=::ffff:127.0.0.1:27042
06-05 02:07:40.990 W/NetworkWatchlistService( 3062): onConnectEvent overload, uid=10462, addr=::ffff:127.0.0.1:27052
06-05 02:07:40.990 W/NetworkWatchlistService( 3062): onConnectEvent overload, uid=10462, addr=::ffff:127.0.0.1:27043
06-05 02:07:40.990 W/NetworkWatchlistService( 3062): onConnectEvent overload, uid=10462, addr=::ffff:127.0.0.1:27047
06-05 02:07:40.992 W/NetworkWatchlistService( 3062): onConnectEvent overload, uid=10462, addr=::ffff:127.0.0.1:27052
06-05 02:07:40.992 W/NetworkWatchlistService( 3062): onConnectEvent overload, uid=10462, addr=::ffff:127.0.0.1:27047
06-05 02:07:40.992 W/NetworkWatchlistService( 3062): onConnectEvent overload, uid=10462, addr=::ffff:127.0.0.1:27043
06-05 02:07:40.993 W/NetworkWatchlistService( 3062): onConnectEvent overload, uid=10462, addr=::ffff:127.0.0.1:27042
06-05 02:07:40.994 W/NetworkWatchlistService( 3062): onConnectEvent overload, uid=10462, addr=::ffff:127.0.0.1:27042
06-05 02:07:40.994 W/NetworkWatchlistService( 3062): onConnectEvent overload, uid=10462, addr=::ffff:127.0.0.1:27047
06-05 02:07:40.995 W/NetworkWatchlistService( 3062): onConnectEvent overload, uid=10462, addr=::ffff:127.0.0.1:27052
06-05 02:07:40.995 W/NetworkWatchlistService( 3062): onConnectEvent overload, uid=10462, addr=::ffff:127.0.0.1:27043
06-05 02:07:40.996 W/NetworkWatchlistService( 3062): onConnectEvent overload, uid=10462, addr=::ffff:127.0.0.1:27042
06-05 02:07:40.996 W/NetworkWatchlistService( 3062): onConnectEvent overload, uid=10462, addr=::ffff:127.0.0.1:27047
06-05 02:07:40.997 W/NetworkWatchlistService( 3062): onConnectEvent overload, uid=10462, addr=::ffff:127.0.0.1:27052
06-05 02:07:40.997 W/NetworkWatchlistService( 3062): onConnectEvent overload, uid=10462, addr=::ffff:127.0.0.1:27043
06-05 02:07:41.003 W/NetworkWatchlistService( 3062): onConnectEvent overload, uid=10462, addr=::ffff:127.0.0.1:27052
06-05 02:07:41.003 W/NetworkWatchlistService( 3062): onConnectEvent overload, uid=10462, addr=::ffff:127.0.0.1:27047
06-05 02:07:41.003 W/NetworkWatchlistService( 3062): onConnectEvent overload, uid=10462, addr=::ffff:127.0.0.1:27042
06-05 02:07:41.004 D/CompatibilityChangeReporter( 3062): Compat change id reported: 168936375; UID 10462; state: ENABLED
06-05 02:07:41.005 D/CompatibilityChangeReporter( 3062): Compat change id reported: 73144566; UID 10462; state: ENABLED
06-05 02:07:41.005 W/NetworkWatchlistService( 3062): onConnectEvent overload, uid=10462, addr=::ffff:127.0.0.1:27043
06-05 02:07:41.006 W/NetworkWatchlistService( 3062): onConnectEvent overload, uid=10462, addr=::ffff:127.0.0.1:27043
06-05 02:07:41.007 W/NetworkWatchlistService( 3062): onConnectEvent overload, uid=10462, addr=::ffff:127.0.0.1:27042
06-05 02:07:41.007 W/NetworkWatchlistService( 3062): onConnectEvent overload, uid=10462, addr=::ffff:127.0.0.1:27052
06-05 02:07:41.007 W/NetworkWatchlistService( 3062): onConnectEvent overload, uid=10462, addr=::ffff:127.0.0.1:27047
06-05 02:07:41.011 W/NetworkWatchlistService( 3062): onConnectEvent overload, uid=10462, addr=::ffff:127.0.0.1:27042
06-05 02:07:41.012 W/NetworkWatchlistService( 3062): onConnectEvent overload, uid=10462, addr=::ffff:127.0.0.1:27043
06-05 02:07:41.012 W/NetworkWatchlistService( 3062): onConnectEvent overload, uid=10462, addr=::ffff:127.0.0.1:27052
06-05 02:07:41.013 W/NetworkWatchlistService( 3062): onConnectEvent overload, uid=10462, addr=::ffff:127.0.0.1:27047
06-05 02:07:41.018 D/PowerManagerService( 3062): nativeAcquireSuspendBlocker name:PowerManagerService.WakeLocks duration ms: 5
06-05 02:07:41.057 W/ContextImpl( 3062): Calling a method in the system process without a qualified user: android.app.ContextImpl.sendBroadcast:1246 com.android.server.location.provider.LocationProviderManager$LocationRegistration$1.test:1004 com.android.server.location.provider.LocationProviderManager$LocationRegistration$1.test:958 android.location.LocationResult.filter:191 com.android.server.location.provider.LocationProviderManager$LocationRegistration.acceptLocationChange:957 
06-05 02:07:41.059 W/ContextImpl( 3062): Calling a method in the system process without a qualified user: android.app.ContextImpl.sendBroadcast:1246 com.android.server.location.provider.LocationProviderManager$LocationRegistration$1.test:1004 com.android.server.location.provider.LocationProviderManager$LocationRegistration$1.test:958 android.location.LocationResult.filter:191 com.android.server.location.provider.LocationProviderManager$LocationRegistration.acceptLocationChange:957 
06-05 02:07:41.060 W/ContextImpl( 3062): Calling a method in the system process without a qualified user: android.app.ContextImpl.sendBroadcast:1246 com.android.server.location.provider.LocationProviderManager$LocationRegistration$1.test:1004 com.android.server.location.provider.LocationProviderManager$LocationRegistration$1.test:958 android.location.LocationResult.filter:191 com.android.server.location.provider.LocationProviderManager$LocationRegistration.acceptLocationChange:957 
06-05 02:07:41.062 W/ContextImpl( 3062): Calling a method in the system process without a qualified user: android.app.ContextImpl.sendBroadcast:1246 com.android.server.location.provider.LocationProviderManager$LocationRegistration$1.test:1004 com.android.server.location.provider.LocationProviderManager$LocationRegistration$1.test:958 android.location.LocationResult.filter:191 com.android.server.location.provider.LocationProviderManager$LocationRegistration.acceptLocationChange:957 
06-05 02:07:41.110 W/PackageConfigPersister( 3062): App-specific configuration not found for packageName: com.dbs.in.cbcards and userId: 0
06-05 02:07:41.110 W/ActivityManager( 3062): pid 3062 system sent binder code 1 with flags 1 to frozen apps and got error -32
06-05 02:07:41.136 D/VRI[InputMethod]( 4765): update {(0,0)(fillxfill) gr=BOTTOM CENTER_VERTICAL ty=INPUT_METHOD fmt=TRANSPARENT wanim=0x1030056 receive insets ignoring z-order
06-05 02:07:41.136 D/VRI[InputMethod]( 4765):   fl=NOT_FOCUSABLE LAYOUT_IN_SCREEN SPLIT_TOUCH HARDWARE_ACCELERATED DRAWS_SYSTEM_BAR_BACKGROUNDS
06-05 02:07:41.136 D/VRI[InputMethod]( 4765):   pfl=FIT_INSETS_CONTROLLED
06-05 02:07:41.136 D/VRI[InputMethod]( 4765):   bhv=DEFAULT
06-05 02:07:41.136 D/VRI[InputMethod]( 4765):   fitTypes=STATUS_BARS NAVIGATION_BARS
06-05 02:07:41.136 D/VRI[InputMethod]( 4765):   fitSides=LEFT TOP RIGHT} by setLayoutParams
06-05 02:07:41.142 D/BiometricService( 3062): Sensor ID(1008), oemStrength: 4095, updatedStrength: 4095, modality 8, state: 0, cookie: 0, sensorId 1008, hasEnrollments: true cannot participate in Keystore operations
06-05 02:07:41.205 D/ViewRootImpl(31339): update {(0,0)(wrapxwrap) gr=CENTER sim={adjust=pan forwardNavigation} layoutInDisplayCutoutMode=shortEdges ty=APPLICATION fmt=TRANSLUCENT wanim=0x10302ff
06-05 02:07:41.205 D/ViewRootImpl(31339):   fl=DIM_BEHIND SPLIT_TOUCH HARDWARE_ACCELERATED
06-05 02:07:41.205 D/ViewRootImpl(31339):   bhv=DEFAULT
06-05 02:07:41.205 D/ViewRootImpl(31339):   fitTypes=STATUS_BARS NAVIGATION_BARS CAPTION_BAR} by setView
06-05 02:07:41.213 D/FingerprintService( 3062): authenticate authenticateWithPrompt: , sensorProps: ID: 0, Strength: 2, Type: 4, mSensorLocations:[[id: , x: 0, y: 690, r: 0]], SensorPropertiesInternal={ID: 0, Strength: 2, MaxEnrollmentsPerUser: 5, ComponentInfo: [ ]}, displayId: 0, opPackageName: com.dbs.in.cbcards, callingUserId: 0
06-05 02:07:41.218 D/BiometricService/PreAuthInfo( 3062): Package: com.dbs.in.cbcards Sensor ID: 1008 Modality: 8 Status: 2
06-05 02:07:41.218 D/BiometricService/PreAuthInfo( 3062): Package: com.dbs.in.cbcards Sensor ID: 0 Modality: 2 Status: 1
06-05 02:07:41.218 D/BiometricService/PreAuthInfo( 3062): getCanAuthenticateInternal Modality: 2 AuthenticatorStatus: 1
06-05 02:07:41.218 D/BiometricService( 3062): handleAuthenticate: modality(2), status(0), preAuthInfo: BiometricRequested: true, StrengthRequested: 15, CredentialRequested: false, Eligible:{0 }, Ineligible:{ID(1008), oemStrength: 4095, updatedStrength: 4095, modality 8, state: 0, cookie: 0:2 }, CredentialAvailable: true,  requestId: 1 promptInfo.isIgnoreEnrollmentState: false
06-05 02:07:41.218 D/BiometricService( 3062): Creating authSession with authRequest: BiometricRequested: true, StrengthRequested: 15, CredentialRequested: false, Eligible:{0 }, Ineligible:{ID(1008), oemStrength: 4095, updatedStrength: 4095, modality 8, state: 0, cookie: 0:2 }, CredentialAvailable: true, 
06-05 02:07:41.218 D/BiometricService/AuthSession( 3062): Creating AuthSession with: BiometricRequested: true, StrengthRequested: 15, CredentialRequested: false, Eligible:{0 }, Ineligible:{ID(1008), oemStrength: 4095, updatedStrength: 4095, modality 8, state: 0, cookie: 0:2 }, CredentialAvailable: true, 
06-05 02:07:41.218 V/BiometricService/AuthSession( 3062): set to unknown state sensor: 0
06-05 02:07:41.218 V/BiometricService/AuthSession( 3062): waiting for cooking for sensor: 0
06-05 02:07:41.219 D/BiometricUtils( 3062): isUdfpsLocalHbmSupport defaultSupport=false debugSupport=false
06-05 02:07:41.219 D/BiometricScheduler/Fingerprint21( 3062): [Added] {[34] com.android.server.biometrics.sensors.fingerprint.hidl.FingerprintUpdateActiveUserClient, proto=1, owner=android, cookie=0, requestId=-1, userId=0}, new queue size: 1
06-05 02:07:41.219 D/BiometricScheduler/Fingerprint21( 3062): [Polled] {[34] com.android.server.biometrics.sensors.fingerprint.hidl.FingerprintUpdateActiveUserClient, proto=1, owner=android, cookie=0, requestId=-1, userId=0}, State: 0
06-05 02:07:41.219 D/BiometricScheduler/Fingerprint21( 3062): [Started] {[34] com.android.server.biometrics.sensors.fingerprint.hidl.FingerprintUpdateActiveUserClient, proto=1, owner=android, cookie=0, requestId=-1, userId=0}
06-05 02:07:41.219 D/FingerprintUpdateActiveUserClient( 3062): Already user: com.android.server.biometrics.sensors.fingerprint.hidl.Fingerprint21$$ExternalSyntheticLambda7@d92c548, returning
06-05 02:07:41.219 D/BiometricSchedulerOperation( 3062): [Finished / destroy]: {[34] com.android.server.biometrics.sensors.fingerprint.hidl.FingerprintUpdateActiveUserClient, proto=1, owner=android, cookie=0, requestId=-1, userId=0}
06-05 02:07:41.219 V/BiometricSchedulerOperation( 3062): started: {[34] com.android.server.biometrics.sensors.fingerprint.hidl.FingerprintUpdateActiveUserClient, proto=1, owner=android, cookie=0, requestId=-1, userId=0}, State: 5
06-05 02:07:41.219 D/InputMethodManagerService( 3062): applyImeVisibility setVisible = true; mCurClient = ClientState{f3815e1 mUid=10462 mPid=31339 mSelfReportedDisplayId=0}
06-05 02:07:41.220 D/BiometricUtils( 3062): isUdfpsLocalHbmSupport defaultSupport=false debugSupport=false
06-05 02:07:41.222 D/BiometricScheduler/Fingerprint21( 3062): [Added] {[35] com.android.server.biometrics.sensors.fingerprint.hidl.FingerprintAuthenticationClient, proto=3, owner=com.dbs.in.cbcards, cookie=422954999, requestId=1, userId=0}, new queue size: 1
06-05 02:07:41.222 V/BiometricScheduler/Fingerprint21( 3062): Not idle, current operation: {[34] com.android.server.biometrics.sensors.fingerprint.hidl.FingerprintUpdateActiveUserClient, proto=1, owner=android, cookie=0, requestId=-1, userId=0}, State: 5
06-05 02:07:41.222 D/BiometricScheduler/Fingerprint21( 3062): [Finishing] {[34] com.android.server.biometrics.sensors.fingerprint.hidl.FingerprintUpdateActiveUserClient, proto=1, owner=android, cookie=0, requestId=-1, userId=0}, success: true
06-05 02:07:41.222 D/BiometricScheduler/Fingerprint21( 3062): [Polled] {[35] com.android.server.biometrics.sensors.fingerprint.hidl.FingerprintAuthenticationClient, proto=3, owner=com.dbs.in.cbcards, cookie=422954999, requestId=1, userId=0}, State: 0
06-05 02:07:41.222 D/GestureAvailabilityTracker( 3062): Notifying gesture availability, active=false
06-05 02:07:41.223 D/BiometricScheduler/Fingerprint21( 3062): Waiting for cookie before starting: {[35] com.android.server.biometrics.sensors.fingerprint.hidl.FingerprintAuthenticationClient, proto=3, owner=com.dbs.in.cbcards, cookie=422954999, requestId=1, userId=0}, State: 4
06-05 02:07:41.223 D/BiometricService/Sensor( 3062): Sensor(0) matched cookie: 422954999
06-05 02:07:41.223 D/BiometricService/AuthSession( 3062): Remaining cookies: 0
06-05 02:07:41.224 D/CoreBackPreview( 3062): Window{6130bc4 u0 Fingerprint Authentication}: Setting back callback OnBackInvokedCallbackInfo{mCallback=android.window.IOnBackInvokedCallback$Stub$Proxy@d624bf, mPriority=0, mIsAnimationCallback=false}
06-05 02:07:41.252 D/CoreBackPreview( 3062): Window{87fd1 u0 com.dbs.in.cbcards/com.dbs.in.cbcards.MainActivity}: Setting back callback OnBackInvokedCallbackInfo{mCallback=android.window.IOnBackInvokedCallback$Stub$Proxy@b4d5745, mPriority=0, mIsAnimationCallback=false}
06-05 02:07:41.255 W/NetworkWatchlistService( 3062): onDnsEvent overload, uid=10462, netId=102, hostname=content-autofill.googleapis.com, ipAddresses=[2001:4860:4802:38::223, 2001:4860:4802:36::223, 2001:4860:4802:32::223, 2001:4860:4802:34::223, 216.239.36.223, 216.239.32.223, 216.239.34.223, 216.239.38.223], eventType=1, returnCode=0
06-05 02:07:41.261 W/NetworkWatchlistService( 3062): onConnectEvent overload, uid=10462, addr=2001:4860:4802:38::223:443
06-05 02:07:41.266 D/CoreBackPreview( 3062): Window{87fd1 u0 com.dbs.in.cbcards/com.dbs.in.cbcards.MainActivity}: Setting back callback OnBackInvokedCallbackInfo{mCallback=android.window.IOnBackInvokedCallback$Stub$Proxy@e9668f9, mPriority=0, mIsAnimationCallback=false}
06-05 02:07:41.266 D/CoreBackPreview( 3062): Window{6130bc4 u0 Fingerprint Authentication}: Setting back callback OnBackInvokedCallbackInfo{mCallback=android.window.IOnBackInvokedCallback$Stub$Proxy@39cc03e, mPriority=0, mIsAnimationCallback=false}
06-05 02:07:41.269 W/ActivityManager( 3062): pid 3062 system sent binder code 1 with flags 1 to frozen apps and got error -32
06-05 02:07:41.269 D/ActivityManager( 3062): Too many transaction errors, throttling freezer binder callback.
06-05 02:07:41.291 D/ViewRootImpl( 3983): update {(0,0)(fillxfill) layoutInDisplayCutoutMode=always ty=APPLICATION_OVERLAY fmt=TRANSLUCENT or=SCREEN_ORIENTATION_PORTRAIT
06-05 02:07:41.291 D/ViewRootImpl( 3983):   fl=DIM_BEHIND SECURE SHOW_WHEN_LOCKED HARDWARE_ACCELERATED
06-05 02:07:41.291 D/ViewRootImpl( 3983):   pfl=SHOW_FOR_ALL_USERS FIT_INSETS_CONTROLLED
06-05 02:07:41.291 D/ViewRootImpl( 3983):   bhv=DEFAULT} by setView
06-05 02:07:41.294 W/AppOps  ( 3062): Noting op not finished: uid 10342 pkg com.android.systemui code 24 startTime of in progress event=1780605441004
06-05 02:07:41.312 D/VRI[InputMethod]( 4765): update {(0,0)(fillxfill) gr=BOTTOM CENTER_VERTICAL ty=INPUT_METHOD fmt=TRANSPARENT wanim=0x1030056 receive insets ignoring z-order
06-05 02:07:41.312 D/VRI[InputMethod]( 4765):   fl=NOT_FOCUSABLE LAYOUT_IN_SCREEN SPLIT_TOUCH HARDWARE_ACCELERATED DRAWS_SYSTEM_BAR_BACKGROUNDS
06-05 02:07:41.312 D/VRI[InputMethod]( 4765):   pfl=FIT_INSETS_CONTROLLED
06-05 02:07:41.312 D/VRI[InputMethod]( 4765):   bhv=DEFAULT
06-05 02:07:41.312 D/VRI[InputMethod]( 4765):   fitTypes=STATUS_BARS NAVIGATION_BARS
06-05 02:07:41.312 D/VRI[InputMethod]( 4765):   fitSides=LEFT TOP RIGHT} by setLayoutParams
06-05 02:07:41.318 D/CompatibilityChangeReporter( 3062): Compat change id reported: 168936375; UID 10192; state: ENABLED
06-05 02:07:41.319 D/CompatibilityChangeReporter( 3062): Compat change id reported: 73144566; UID 10192; state: ENABLED
06-05 02:07:41.327 D/CoreBackPreview( 3062): Window{71c1c84 u0 BiometricPrompt}: Setting back callback OnBackInvokedCallbackInfo{mCallback=android.window.IOnBackInvokedCallback$Stub$Proxy@bce31fa, mPriority=0, mIsAnimationCallback=false}
06-05 02:07:41.357 D/InputMethodManagerService( 3062): applyImeVisibility setVisible = false; mCurClient = ClientState{f3815e1 mUid=10462 mPid=31339 mSelfReportedDisplayId=0}
06-05 02:07:41.357 D/VRI[InputMethod]( 4765): update {(0,0)(fillxfill) gr=BOTTOM CENTER_VERTICAL ty=INPUT_METHOD fmt=TRANSPARENT wanim=0x1030056 receive insets ignoring z-order
06-05 02:07:41.357 D/VRI[InputMethod]( 4765):   fl=NOT_FOCUSABLE LAYOUT_IN_SCREEN SPLIT_TOUCH HARDWARE_ACCELERATED DRAWS_SYSTEM_BAR_BACKGROUNDS
06-05 02:07:41.357 D/VRI[InputMethod]( 4765):   pfl=FIT_INSETS_CONTROLLED
06-05 02:07:41.357 D/VRI[InputMethod]( 4765):   bhv=DEFAULT
06-05 02:07:41.357 D/VRI[InputMethod]( 4765):   fitTypes=STATUS_BARS NAVIGATION_BARS
06-05 02:07:41.357 D/VRI[InputMethod]( 4765):   fitSides=LEFT TOP RIGHT} by setLayoutParams
06-05 02:07:41.367 W/PackageConfigPersister( 3062): App-specific configuration not found for packageName: com.dbs.in.cbcards and userId: 0
06-05 02:07:41.375 D/CoreBackPreview( 3062): Window{6130bc4 u0 Fingerprint Authentication}: Setting back callback OnBackInvokedCallbackInfo{mCallback=android.window.IOnBackInvokedCallback$Stub$Proxy@91e287f, mPriority=0, mIsAnimationCallback=false}
06-05 02:07:41.426 W/ContextImpl( 3062): Calling a method in the system process without a qualified user: android.app.ContextImpl.sendBroadcast:1246 com.android.server.location.gnss.GnssStatusProvider.onReportStatus:176 com.android.server.location.gnss.hal.GnssNative.lambda$reportStatus$1:1057 com.android.server.location.gnss.hal.GnssNative.$r8$lambda$F6DnFXuQAsM3YqWh-0NCwFi1vMk:0 com.android.server.location.gnss.hal.GnssNative$$ExternalSyntheticLambda21.runOrThrow:0 
06-05 02:07:41.428 W/PackageConfigPersister( 3062): App-specific configuration not found for packageName: com.android.systemui and userId: 0
06-05 02:07:41.643 D/BiometricService( 3062): handleOnDialogAnimatedIn
06-05 02:07:41.644 V/BiometricService/AuthSession( 3062): Starting sensor: 0
06-05 02:07:41.644 D/BiometricScheduler/Fingerprint21( 3062): [Started] {[35] com.android.server.biometrics.sensors.fingerprint.hidl.FingerprintAuthenticationClient, proto=3, owner=com.dbs.in.cbcards, cookie=422954999, requestId=1, userId=0}
06-05 02:07:41.644 D/BiometricStateCallback( 3062): State updated from 0 to 3, client {[35] com.android.server.biometrics.sensors.fingerprint.hidl.FingerprintAuthenticationClient, proto=3, owner=com.dbs.in.cbcards, cookie=422954999, requestId=1, userId=0}
06-05 02:07:41.644 D/Biometrics/AuthenticationClient( 3062): Requesting auth for com.dbs.in.cbcards
06-05 02:07:41.647 D/ViewRootImpl( 3983): update {(0,0)(wrapxwrap) gr=TOP LEFT CENTER layoutInDisplayCutoutMode=always ty=NAVIGATION_BAR_PANEL fmt=TRANSLUCENT
06-05 02:07:41.647 D/ViewRootImpl( 3983):   fl=NOT_FOCUSABLE NOT_TOUCH_MODAL LAYOUT_IN_SCREEN HARDWARE_ACCELERATED
06-05 02:07:41.647 D/ViewRootImpl( 3983):   pfl=SHOW_FOR_ALL_USERS NO_MOVE_ANIMATION TRUSTED_OVERLAY
06-05 02:07:41.647 D/ViewRootImpl( 3983):   bhv=DEFAULT} by setView
06-05 02:07:41.654 D/VRI[SideFpsController]( 3983): update {(991,605)(wrapxwrap) gr=TOP LEFT CENTER layoutInDisplayCutoutMode=always ty=NAVIGATION_BAR_PANEL fmt=TRANSLUCENT
06-05 02:07:41.654 D/VRI[SideFpsController]( 3983):   fl=NOT_FOCUSABLE NOT_TOUCH_MODAL LAYOUT_IN_SCREEN HARDWARE_ACCELERATED
06-05 02:07:41.654 D/VRI[SideFpsController]( 3983):   pfl=SHOW_FOR_ALL_USERS NO_MOVE_ANIMATION TRUSTED_OVERLAY
06-05 02:07:41.654 D/VRI[SideFpsController]( 3983):   bhv=DEFAULT} by setLayoutParams
06-05 02:07:41.656 D/CoreBackPreview( 3062): Window{bcde4e3 u0 SideFpsController}: Setting back callback OnBackInvokedCallbackInfo{mCallback=android.window.IOnBackInvokedCallback$Stub$Proxy@4a58599, mPriority=0, mIsAnimationCallback=false}
06-05 02:07:41.670 D/BiometricStateCallback( 3062): onClientStateChanged client={[35] com.android.server.biometrics.sensors.fingerprint.hidl.FingerprintAuthenticationClient, proto=3, owner=com.dbs.in.cbcards, cookie=422954999, requestId=1, userId=0} newState=1
06-05 02:07:41.670 D/BiometricScheduler/Fingerprint21( 3062): [StateChanged] {[35] com.android.server.biometrics.sensors.fingerprint.hidl.FingerprintAuthenticationClient, proto=3, owner=com.dbs.in.cbcards, cookie=422954999, requestId=1, userId=0}, state: 1
06-05 02:07:41.670 V/BiometricSchedulerOperation( 3062): started: {[35] com.android.server.biometrics.sensors.fingerprint.hidl.FingerprintAuthenticationClient, proto=3, owner=com.dbs.in.cbcards, cookie=422954999, requestId=1, userId=0}, State: 2
06-05 02:07:41.670 D/BiometricScheduler/Fingerprint21( 3062): [Started] Prepared client: {[35] com.android.server.biometrics.sensors.fingerprint.hidl.FingerprintAuthenticationClient, proto=3, owner=com.dbs.in.cbcards, cookie=422954999, requestId=1, userId=0}, State: 2
06-05 02:07:41.670 V/Biometrics/AcquisitionClient( 3062): Acquired: 6 1, shouldSend: true
06-05 02:07:41.670 W/FingerprintManager( 3062): Invalid acquired message: 6, 1
06-05 02:07:41.670 D/BiometricService/AuthSession( 3062): sensorId: 0 acquiredInfo: 6 message: null
06-05 02:07:42.279 V/Biometrics/AcquisitionClient( 3062): Acquired: 6 2, shouldSend: true
06-05 02:07:42.279 W/FingerprintManager( 3062): Invalid acquired message: 6, 2
06-05 02:07:42.279 D/BiometricService/AuthSession( 3062): sensorId: 0 acquiredInfo: 6 message: null
06-05 02:07:42.338 V/Biometrics/AcquisitionClient( 3062): Acquired: 0 0, shouldSend: true
06-05 02:07:42.338 V/PowerManager( 3062): userActivity when=11221451 event=2 flags=0 displayId=0 by (android) callers=com.android.server.biometrics.sensors.AcquisitionClient.notifyUserActivity:208 com.android.server.biometrics.sensors.AcquisitionClient.onAcquiredInternal:193 com.android.server.biometrics.sensors.AcquisitionClient.onAcquired:179 
06-05 02:07:42.338 V/BiometricLogger( 3062): Authentication latency: -1
06-05 02:07:42.345 V/ALSProbe( 3062): Enable ALS: 21366537
06-05 02:07:42.345 V/Biometrics/AuthenticationClient( 3062): onAuthenticated(true), ID:1008483237, Owner: com.dbs.in.cbcards, isBP: true, listener: com.android.server.biometrics.sensors.ClientMonitorCallbackConverter@aebed0e, requireConfirmation: false, mOperationId: -7884538332017124396, user: 0, clientMonitor: {[35] com.android.server.biometrics.sensors.fingerprint.hidl.FingerprintAuthenticationClient, proto=3, owner=com.dbs.in.cbcards, cookie=422954999, requestId=1, userId=0}, displayId: 0
06-05 02:07:42.345 V/BiometricUtils( 3062): Checking if the authenticating is in background, clientPackage:com.dbs.in.cbcards
06-05 02:07:42.345 D/BaseClientMonitor( 3062): marking operation as done: {[35] com.android.server.biometrics.sensors.fingerprint.hidl.FingerprintAuthenticationClient, proto=3, owner=com.dbs.in.cbcards, cookie=422954999, requestId=1, userId=0}
06-05 02:07:42.345 D/BiometricService( 3062): resetLockout from: 0, for: 1008, userId: 0
06-05 02:07:42.345 D/Biometrics/AuthenticationClient( 3062): Skipping addAuthToken
06-05 02:07:42.346 D/BiometricStateCallback( 3062): Client finished, state updated to 0, client {[35] com.android.server.biometrics.sensors.fingerprint.hidl.FingerprintAuthenticationClient, proto=3, owner=com.dbs.in.cbcards, cookie=422954999, requestId=1, userId=0}
06-05 02:07:42.346 D/BiometricSchedulerOperation( 3062): [Finished / destroy]: {[35] com.android.server.biometrics.sensors.fingerprint.hidl.FingerprintAuthenticationClient, proto=3, owner=com.dbs.in.cbcards, cookie=422954999, requestId=1, userId=0}
06-05 02:07:42.346 D/BiometricStateCallback( 3062): onClientStateChanged client={[35] com.android.server.biometrics.sensors.fingerprint.hidl.FingerprintAuthenticationClient, proto=3, owner=com.dbs.in.cbcards, cookie=422954999, requestId=1, userId=0} newState=4
06-05 02:07:42.346 D/BiometricScheduler/Fingerprint21( 3062): [StateChanged] {[35] com.android.server.biometrics.sensors.fingerprint.hidl.FingerprintAuthenticationClient, proto=3, owner=com.dbs.in.cbcards, cookie=422954999, requestId=1, userId=0}, state: 4
06-05 02:07:42.348 V/ALSProbe( 3062): Finishing next consumer
06-05 02:07:42.348 D/CoreBackPreview( 3062): Window{bcde4e3 u0 SideFpsController}: Setting back callback null
06-05 02:07:42.349 V/ALSProbe( 3062): Disable ALS: 21366537
06-05 02:07:42.349 W/BiometricFrameworkStatsLogger( 3062): found a negative latency : -1
06-05 02:07:42.349 D/BiometricService/AuthSession( 3062): sensorId: 0 acquiredInfo: 0 message: null
06-05 02:07:42.349 D/BiometricUtils( 3062): isUdfpsLocalHbmSupport defaultSupport=false debugSupport=false
06-05 02:07:42.349 D/BiometricScheduler/MotoFaceProvider( 3062): [Added] {[36] com.android.server.biometrics.sensors.face.moto.FaceUpdateActiveUserClient, proto=1, owner=android, cookie=0, requestId=-1, userId=0}, new queue size: 1
06-05 02:07:42.349 D/BiometricScheduler/MotoFaceProvider( 3062): [Polled] {[36] com.android.server.biometrics.sensors.face.moto.FaceUpdateActiveUserClient, proto=1, owner=android, cookie=0, requestId=-1, userId=0}, State: 0
06-05 02:07:42.350 D/BiometricScheduler/MotoFaceProvider( 3062): [Started] {[36] com.android.server.biometrics.sensors.face.moto.FaceUpdateActiveUserClient, proto=1, owner=android, cookie=0, requestId=-1, userId=0}
06-05 02:07:42.350 D/FaceUpdateActiveUserClient( 3062): Already user: 0, refreshing authenticatorId
06-05 02:07:42.350 D/BiometricSchedulerOperation( 3062): [Finished / destroy]: {[36] com.android.server.biometrics.sensors.face.moto.FaceUpdateActiveUserClient, proto=1, owner=android, cookie=0, requestId=-1, userId=0}
06-05 02:07:42.350 V/BiometricSchedulerOperation( 3062): started: {[36] com.android.server.biometrics.sensors.face.moto.FaceUpdateActiveUserClient, proto=1, owner=android, cookie=0, requestId=-1, userId=0}, State: 5
06-05 02:07:42.350 D/BiometricUtils( 3062): isUdfpsLocalHbmSupport defaultSupport=false debugSupport=false
06-05 02:07:42.350 D/BiometricScheduler/MotoFaceProvider( 3062): [Added] {[37] com.android.server.biometrics.sensors.face.moto.FaceResetLockoutClient, proto=12, owner=android, cookie=0, requestId=-1, userId=0}, new queue size: 1
06-05 02:07:42.350 V/BiometricScheduler/MotoFaceProvider( 3062): Not idle, current operation: {[36] com.android.server.biometrics.sensors.face.moto.FaceUpdateActiveUserClient, proto=1, owner=android, cookie=0, requestId=-1, userId=0}, State: 5
06-05 02:07:42.350 V/BiometricService( 3062): handleAuthenticationSucceeded(), sensorId: 0
06-05 02:07:42.350 D/BiometricScheduler/Fingerprint21( 3062): [Finishing] {[35] com.android.server.biometrics.sensors.fingerprint.hidl.FingerprintAuthenticationClient, proto=3, owner=com.dbs.in.cbcards, cookie=422954999, requestId=1, userId=0}, success: true
06-05 02:07:42.350 D/GestureAvailabilityTracker( 3062): Notifying gesture availability, active=true
06-05 02:07:42.350 D/BiometricScheduler/Fingerprint21( 3062): No operations, returning to idle
06-05 02:07:42.350 D/BiometricScheduler/MotoFaceProvider( 3062): [Finishing] {[36] com.android.server.biometrics.sensors.face.moto.FaceUpdateActiveUserClient, proto=1, owner=android, cookie=0, requestId=-1, userId=0}, success: true
06-05 02:07:42.350 D/BiometricScheduler/MotoFaceProvider( 3062): [Polled] {[37] com.android.server.biometrics.sensors.face.moto.FaceResetLockoutClient, proto=12, owner=android, cookie=0, requestId=-1, userId=0}, State: 0
06-05 02:07:42.350 D/BiometricScheduler/MotoFaceProvider( 3062): [Started] {[37] com.android.server.biometrics.sensors.face.moto.FaceResetLockoutClient, proto=12, owner=android, cookie=0, requestId=-1, userId=0}
06-05 02:07:42.350 D/BiometricSchedulerOperation( 3062): [Finished / destroy]: {[37] com.android.server.biometrics.sensors.face.moto.FaceResetLockoutClient, proto=12, owner=android, cookie=0, requestId=-1, userId=0}
06-05 02:07:42.350 V/BiometricSchedulerOperation( 3062): started: {[37] com.android.server.biometrics.sensors.face.moto.FaceResetLockoutClient, proto=12, owner=android, cookie=0, requestId=-1, userId=0}, State: 5
06-05 02:07:42.350 D/BiometricScheduler/MotoFaceProvider( 3062): [Finishing] {[37] com.android.server.biometrics.sensors.face.moto.FaceResetLockoutClient, proto=12, owner=android, cookie=0, requestId=-1, userId=0}, success: true
06-05 02:07:42.350 D/BiometricScheduler/MotoFaceProvider( 3062): No operations, returning to idle
06-05 02:07:42.827 E/Fingerprint21( 3062): onAcquired for non-acquisition client: null
06-05 02:07:42.859 D/VRI[BiometricPrompt]( 3983): update {(0,0)(fillxfill) sim={adjust=resize} layoutInDisplayCutoutMode=always ty=APPLICATION_OVERLAY fmt=TRANSLUCENT or=SCREEN_ORIENTATION_PORTRAIT
06-05 02:07:42.859 D/VRI[BiometricPrompt]( 3983):   fl=DIM_BEHIND SECURE SHOW_WHEN_LOCKED HARDWARE_ACCELERATED
06-05 02:07:42.859 D/VRI[BiometricPrompt]( 3983):   pfl=SHOW_FOR_ALL_USERS USE_BLAST FIT_INSETS_CONTROLLED
06-05 02:07:42.859 D/VRI[BiometricPrompt]( 3983):   bhv=DEFAULT} by setLayoutParams
06-05 02:07:42.864 D/VRI[BiometricPrompt]( 3983): update {(0,0)(fillxfill) sim={adjust=resize} layoutInDisplayCutoutMode=always ty=APPLICATION_OVERLAY fmt=TRANSLUCENT or=SCREEN_ORIENTATION_PORTRAIT
06-05 02:07:42.864 D/VRI[BiometricPrompt]( 3983):   fl=DIM_BEHIND SECURE SHOW_WHEN_LOCKED HARDWARE_ACCELERATED
06-05 02:07:42.864 D/VRI[BiometricPrompt]( 3983):   pfl=SHOW_FOR_ALL_USERS USE_BLAST FIT_INSETS_CONTROLLED
06-05 02:07:42.864 D/VRI[BiometricPrompt]( 3983):   bhv=DEFAULT} by setLayoutParams
06-05 02:07:42.871 D/VRI[BiometricPrompt]( 3983): update {(0,0)(fillxfill) sim={adjust=resize} layoutInDisplayCutoutMode=always ty=APPLICATION_OVERLAY fmt=TRANSLUCENT or=SCREEN_ORIENTATION_PORTRAIT
06-05 02:07:42.871 D/VRI[BiometricPrompt]( 3983):   fl=DIM_BEHIND SECURE SHOW_WHEN_LOCKED HARDWARE_ACCELERATED
06-05 02:07:42.871 D/VRI[BiometricPrompt]( 3983):   pfl=SHOW_FOR_ALL_USERS USE_BLAST FIT_INSETS_CONTROLLED
06-05 02:07:42.871 D/VRI[BiometricPrompt]( 3983):   bhv=DEFAULT} by setLayoutParams
06-05 02:07:42.878 D/VRI[BiometricPrompt]( 3983): update {(0,0)(fillxfill) sim={adjust=resize} layoutInDisplayCutoutMode=always ty=APPLICATION_OVERLAY fmt=TRANSLUCENT or=SCREEN_ORIENTATION_PORTRAIT
06-05 02:07:42.878 D/VRI[BiometricPrompt]( 3983):   fl=DIM_BEHIND SECURE SHOW_WHEN_LOCKED HARDWARE_ACCELERATED
06-05 02:07:42.878 D/VRI[BiometricPrompt]( 3983):   pfl=SHOW_FOR_ALL_USERS USE_BLAST FIT_INSETS_CONTROLLED
06-05 02:07:42.878 D/VRI[BiometricPrompt]( 3983):   bhv=DEFAULT} by setLayoutParams
06-05 02:07:42.885 D/VRI[BiometricPrompt]( 3983): update {(0,0)(fillxfill) sim={adjust=resize} layoutInDisplayCutoutMode=always ty=APPLICATION_OVERLAY fmt=TRANSLUCENT or=SCREEN_ORIENTATION_PORTRAIT
06-05 02:07:42.885 D/VRI[BiometricPrompt]( 3983):   fl=DIM_BEHIND SECURE SHOW_WHEN_LOCKED HARDWARE_ACCELERATED
06-05 02:07:42.885 D/VRI[BiometricPrompt]( 3983):   pfl=SHOW_FOR_ALL_USERS USE_BLAST FIT_INSETS_CONTROLLED
06-05 02:07:42.885 D/VRI[BiometricPrompt]( 3983):   bhv=DEFAULT} by setLayoutParams
06-05 02:07:42.892 D/VRI[BiometricPrompt]( 3983): update {(0,0)(fillxfill) sim={adjust=resize} layoutInDisplayCutoutMode=always ty=APPLICATION_OVERLAY fmt=TRANSLUCENT or=SCREEN_ORIENTATION_PORTRAIT
06-05 02:07:42.892 D/VRI[BiometricPrompt]( 3983):   fl=DIM_BEHIND SECURE SHOW_WHEN_LOCKED HARDWARE_ACCELERATED
06-05 02:07:42.892 D/VRI[BiometricPrompt]( 3983):   pfl=SHOW_FOR_ALL_USERS USE_BLAST FIT_INSETS_CONTROLLED
06-05 02:07:42.892 D/VRI[BiometricPrompt]( 3983):   bhv=DEFAULT} by setLayoutParams
06-05 02:07:42.899 D/VRI[BiometricPrompt]( 3983): update {(0,0)(fillxfill) sim={adjust=resize} layoutInDisplayCutoutMode=always ty=APPLICATION_OVERLAY fmt=TRANSLUCENT or=SCREEN_ORIENTATION_PORTRAIT
06-05 02:07:42.899 D/VRI[BiometricPrompt]( 3983):   fl=DIM_BEHIND SECURE SHOW_WHEN_LOCKED HARDWARE_ACCELERATED
06-05 02:07:42.899 D/VRI[BiometricPrompt]( 3983):   pfl=SHOW_FOR_ALL_USERS USE_BLAST FIT_INSETS_CONTROLLED
06-05 02:07:42.899 D/VRI[BiometricPrompt]( 3983):   bhv=DEFAULT} by setLayoutParams
06-05 02:07:42.906 D/VRI[BiometricPrompt]( 3983): update {(0,0)(fillxfill) sim={adjust=resize} layoutInDisplayCutoutMode=always ty=APPLICATION_OVERLAY fmt=TRANSLUCENT or=SCREEN_ORIENTATION_PORTRAIT
06-05 02:07:42.906 D/VRI[BiometricPrompt]( 3983):   fl=DIM_BEHIND SECURE SHOW_WHEN_LOCKED HARDWARE_ACCELERATED
06-05 02:07:42.906 D/VRI[BiometricPrompt]( 3983):   pfl=SHOW_FOR_ALL_USERS USE_BLAST FIT_INSETS_CONTROLLED
06-05 02:07:42.906 D/VRI[BiometricPrompt]( 3983):   bhv=DEFAULT} by setLayoutParams
06-05 02:07:42.913 D/VRI[BiometricPrompt]( 3983): update {(0,0)(fillxfill) sim={adjust=resize} layoutInDisplayCutoutMode=always ty=APPLICATION_OVERLAY fmt=TRANSLUCENT or=SCREEN_ORIENTATION_PORTRAIT
06-05 02:07:42.913 D/VRI[BiometricPrompt]( 3983):   fl=DIM_BEHIND SECURE SHOW_WHEN_LOCKED HARDWARE_ACCELERATED
06-05 02:07:42.913 D/VRI[BiometricPrompt]( 3983):   pfl=SHOW_FOR_ALL_USERS USE_BLAST FIT_INSETS_CONTROLLED
06-05 02:07:42.913 D/VRI[BiometricPrompt]( 3983):   bhv=DEFAULT} by setLayoutParams
06-05 02:07:42.920 D/VRI[BiometricPrompt]( 3983): update {(0,0)(fillxfill) sim={adjust=resize} layoutInDisplayCutoutMode=always ty=APPLICATION_OVERLAY fmt=TRANSLUCENT or=SCREEN_ORIENTATION_PORTRAIT
06-05 02:07:42.920 D/VRI[BiometricPrompt]( 3983):   fl=DIM_BEHIND SECURE SHOW_WHEN_LOCKED HARDWARE_ACCELERATED
06-05 02:07:42.920 D/VRI[BiometricPrompt]( 3983):   pfl=SHOW_FOR_ALL_USERS USE_BLAST FIT_INSETS_CONTROLLED
06-05 02:07:42.920 D/VRI[BiometricPrompt]( 3983):   bhv=DEFAULT} by setLayoutParams
06-05 02:07:42.927 D/VRI[BiometricPrompt]( 3983): update {(0,0)(fillxfill) sim={adjust=resize} layoutInDisplayCutoutMode=always ty=APPLICATION_OVERLAY fmt=TRANSLUCENT or=SCREEN_ORIENTATION_PORTRAIT
06-05 02:07:42.927 D/VRI[BiometricPrompt]( 3983):   fl=DIM_BEHIND SECURE SHOW_WHEN_LOCKED HARDWARE_ACCELERATED
06-05 02:07:42.927 D/VRI[BiometricPrompt]( 3983):   pfl=SHOW_FOR_ALL_USERS USE_BLAST FIT_INSETS_CONTROLLED
06-05 02:07:42.927 D/VRI[BiometricPrompt]( 3983):   bhv=DEFAULT} by setLayoutParams
06-05 02:07:42.934 D/VRI[BiometricPrompt]( 3983): update {(0,0)(fillxfill) sim={adjust=resize} layoutInDisplayCutoutMode=always ty=APPLICATION_OVERLAY fmt=TRANSLUCENT or=SCREEN_ORIENTATION_PORTRAIT
06-05 02:07:42.934 D/VRI[BiometricPrompt]( 3983):   fl=DIM_BEHIND SECURE SHOW_WHEN_LOCKED HARDWARE_ACCELERATED
06-05 02:07:42.934 D/VRI[BiometricPrompt]( 3983):   pfl=SHOW_FOR_ALL_USERS USE_BLAST FIT_INSETS_CONTROLLED
06-05 02:07:42.934 D/VRI[BiometricPrompt]( 3983):   bhv=DEFAULT} by setLayoutParams
06-05 02:07:42.941 D/VRI[BiometricPrompt]( 3983): update {(0,0)(fillxfill) sim={adjust=resize} layoutInDisplayCutoutMode=always ty=APPLICATION_OVERLAY fmt=TRANSLUCENT or=SCREEN_ORIENTATION_PORTRAIT
06-05 02:07:42.941 D/VRI[BiometricPrompt]( 3983):   fl=DIM_BEHIND SECURE SHOW_WHEN_LOCKED HARDWARE_ACCELERATED
06-05 02:07:42.941 D/VRI[BiometricPrompt]( 3983):   pfl=SHOW_FOR_ALL_USERS USE_BLAST FIT_INSETS_CONTROLLED
06-05 02:07:42.941 D/VRI[BiometricPrompt]( 3983):   bhv=DEFAULT} by setLayoutParams
06-05 02:07:42.948 D/VRI[BiometricPrompt]( 3983): update {(0,0)(fillxfill) sim={adjust=resize} layoutInDisplayCutoutMode=always ty=APPLICATION_OVERLAY fmt=TRANSLUCENT or=SCREEN_ORIENTATION_PORTRAIT
06-05 02:07:42.948 D/VRI[BiometricPrompt]( 3983):   fl=DIM_BEHIND SECURE SHOW_WHEN_LOCKED HARDWARE_ACCELERATED
06-05 02:07:42.948 D/VRI[BiometricPrompt]( 3983):   pfl=SHOW_FOR_ALL_USERS USE_BLAST FIT_INSETS_CONTROLLED
06-05 02:07:42.948 D/VRI[BiometricPrompt]( 3983):   bhv=DEFAULT} by setLayoutParams
06-05 02:07:42.955 D/VRI[BiometricPrompt]( 3983): update {(0,0)(fillxfill) sim={adjust=resize} layoutInDisplayCutoutMode=always ty=APPLICATION_OVERLAY fmt=TRANSLUCENT or=SCREEN_ORIENTATION_PORTRAIT
06-05 02:07:42.955 D/VRI[BiometricPrompt]( 3983):   fl=DIM_BEHIND SECURE SHOW_WHEN_LOCKED HARDWARE_ACCELERATED
06-05 02:07:42.955 D/VRI[BiometricPrompt]( 3983):   pfl=SHOW_FOR_ALL_USERS USE_BLAST FIT_INSETS_CONTROLLED
06-05 02:07:42.955 D/VRI[BiometricPrompt]( 3983):   bhv=DEFAULT} by setLayoutParams
06-05 02:07:42.962 D/VRI[BiometricPrompt]( 3983): update {(0,0)(fillxfill) sim={adjust=resize} layoutInDisplayCutoutMode=always ty=APPLICATION_OVERLAY fmt=TRANSLUCENT or=SCREEN_ORIENTATION_PORTRAIT
06-05 02:07:42.962 D/VRI[BiometricPrompt]( 3983):   fl=DIM_BEHIND SECURE SHOW_WHEN_LOCKED HARDWARE_ACCELERATED
06-05 02:07:42.962 D/VRI[BiometricPrompt]( 3983):   pfl=SHOW_FOR_ALL_USERS USE_BLAST FIT_INSETS_CONTROLLED
06-05 02:07:42.962 D/VRI[BiometricPrompt]( 3983):   bhv=DEFAULT} by setLayoutParams
06-05 02:07:42.969 D/VRI[BiometricPrompt]( 3983): update {(0,0)(fillxfill) sim={adjust=resize} layoutInDisplayCutoutMode=always ty=APPLICATION_OVERLAY fmt=TRANSLUCENT or=SCREEN_ORIENTATION_PORTRAIT
06-05 02:07:42.969 D/VRI[BiometricPrompt]( 3983):   fl=DIM_BEHIND SECURE SHOW_WHEN_LOCKED HARDWARE_ACCELERATED
06-05 02:07:42.969 D/VRI[BiometricPrompt]( 3983):   pfl=SHOW_FOR_ALL_USERS USE_BLAST FIT_INSETS_CONTROLLED
06-05 02:07:42.969 D/VRI[BiometricPrompt]( 3983):   bhv=DEFAULT} by setLayoutParams
06-05 02:07:42.976 D/VRI[BiometricPrompt]( 3983): update {(0,0)(fillxfill) sim={adjust=resize} layoutInDisplayCutoutMode=always ty=APPLICATION_OVERLAY fmt=TRANSLUCENT or=SCREEN_ORIENTATION_PORTRAIT
06-05 02:07:42.976 D/VRI[BiometricPrompt]( 3983):   fl=DIM_BEHIND SECURE SHOW_WHEN_LOCKED HARDWARE_ACCELERATED
06-05 02:07:42.976 D/VRI[BiometricPrompt]( 3983):   pfl=SHOW_FOR_ALL_USERS USE_BLAST FIT_INSETS_CONTROLLED
06-05 02:07:42.976 D/VRI[BiometricPrompt]( 3983):   bhv=DEFAULT} by setLayoutParams
06-05 02:07:42.983 D/VRI[BiometricPrompt]( 3983): update {(0,0)(fillxfill) sim={adjust=resize} layoutInDisplayCutoutMode=always ty=APPLICATION_OVERLAY fmt=TRANSLUCENT or=SCREEN_ORIENTATION_PORTRAIT
06-05 02:07:42.983 D/VRI[BiometricPrompt]( 3983):   fl=DIM_BEHIND SECURE SHOW_WHEN_LOCKED HARDWARE_ACCELERATED
06-05 02:07:42.983 D/VRI[BiometricPrompt]( 3983):   pfl=SHOW_FOR_ALL_USERS USE_BLAST FIT_INSETS_CONTROLLED
06-05 02:07:42.983 D/VRI[BiometricPrompt]( 3983):   bhv=DEFAULT} by setLayoutParams
06-05 02:07:42.990 D/VRI[BiometricPrompt]( 3983): update {(0,0)(fillxfill) sim={adjust=resize} layoutInDisplayCutoutMode=always ty=APPLICATION_OVERLAY fmt=TRANSLUCENT or=SCREEN_ORIENTATION_PORTRAIT
06-05 02:07:42.990 D/VRI[BiometricPrompt]( 3983):   fl=DIM_BEHIND SECURE SHOW_WHEN_LOCKED HARDWARE_ACCELERATED
06-05 02:07:42.990 D/VRI[BiometricPrompt]( 3983):   pfl=SHOW_FOR_ALL_USERS USE_BLAST FIT_INSETS_CONTROLLED
06-05 02:07:42.990 D/VRI[BiometricPrompt]( 3983):   bhv=DEFAULT} by setLayoutParams
06-05 02:07:42.997 D/VRI[BiometricPrompt]( 3983): update {(0,0)(fillxfill) sim={adjust=resize} layoutInDisplayCutoutMode=always ty=APPLICATION_OVERLAY fmt=TRANSLUCENT or=SCREEN_ORIENTATION_PORTRAIT
06-05 02:07:42.997 D/VRI[BiometricPrompt]( 3983):   fl=DIM_BEHIND SECURE SHOW_WHEN_LOCKED HARDWARE_ACCELERATED
06-05 02:07:42.997 D/VRI[BiometricPrompt]( 3983):   pfl=SHOW_FOR_ALL_USERS USE_BLAST FIT_INSETS_CONTROLLED
06-05 02:07:42.997 D/VRI[BiometricPrompt]( 3983):   bhv=DEFAULT} by setLayoutParams
06-05 02:07:43.004 D/VRI[BiometricPrompt]( 3983): update {(0,0)(fillxfill) sim={adjust=resize} layoutInDisplayCutoutMode=always ty=APPLICATION_OVERLAY fmt=TRANSLUCENT or=SCREEN_ORIENTATION_PORTRAIT
06-05 02:07:43.004 D/VRI[BiometricPrompt]( 3983):   fl=DIM_BEHIND SECURE SHOW_WHEN_LOCKED HARDWARE_ACCELERATED
06-05 02:07:43.004 D/VRI[BiometricPrompt]( 3983):   pfl=SHOW_FOR_ALL_USERS USE_BLAST FIT_INSETS_CONTROLLED
06-05 02:07:43.004 D/VRI[BiometricPrompt]( 3983):   bhv=DEFAULT} by setLayoutParams
06-05 02:07:43.011 D/VRI[BiometricPrompt]( 3983): update {(0,0)(fillxfill) sim={adjust=resize} layoutInDisplayCutoutMode=always ty=APPLICATION_OVERLAY fmt=TRANSLUCENT or=SCREEN_ORIENTATION_PORTRAIT
06-05 02:07:43.011 D/VRI[BiometricPrompt]( 3983):   fl=DIM_BEHIND SECURE SHOW_WHEN_LOCKED HARDWARE_ACCELERATED
06-05 02:07:43.011 D/VRI[BiometricPrompt]( 3983):   pfl=SHOW_FOR_ALL_USERS USE_BLAST FIT_INSETS_CONTROLLED
06-05 02:07:43.011 D/VRI[BiometricPrompt]( 3983):   bhv=DEFAULT} by setLayoutParams
06-05 02:07:43.017 D/VRI[BiometricPrompt]( 3983): update {(0,0)(fillxfill) sim={adjust=resize} layoutInDisplayCutoutMode=always ty=APPLICATION_OVERLAY fmt=TRANSLUCENT or=SCREEN_ORIENTATION_PORTRAIT
06-05 02:07:43.017 D/VRI[BiometricPrompt]( 3983):   fl=DIM_BEHIND SECURE SHOW_WHEN_LOCKED HARDWARE_ACCELERATED
06-05 02:07:43.017 D/VRI[BiometricPrompt]( 3983):   pfl=SHOW_FOR_ALL_USERS USE_BLAST FIT_INSETS_CONTROLLED
06-05 02:07:43.017 D/VRI[BiometricPrompt]( 3983):   bhv=DEFAULT} by setLayoutParams
