06-16 01:15:51.832  4198  4198 D VRI[NavigationBar0]:         InsetsFrameProvider: {id=#ad9b0001, index=0, type=navigationBars, source=FRAME, flags=[SUPPRESS_SCRIM], insetsSize=Insets{left=0, top=0, right=0, bottom=51}, insetsSizeOverrides=[TypedInsetsSize: {windowType=INPUT_METHOD, insetsSize=null}]}
06-16 01:15:51.832  4198  4198 D VRI[NavigationBar0]:         InsetsFrameProvider: {id=#ad9b0006, index=0, type=tappableElement, source=FRAME, flags=[], insetsSize=Insets{left=0, top=0, right=0, bottom=0}}
06-16 01:15:51.832  4198  4198 D VRI[NavigationBar0]:         InsetsFrameProvider: {id=#ad9b0005, index=0, type=mandatorySystemGestures, source=FRAME, flags=[], insetsSize=Insets{left=0, top=0, right=0, bottom=68}}
06-16 01:15:51.832  4198  4198 D VRI[NavigationBar0]:         InsetsFrameProvider: {id=#ad9b0004, index=0, type=systemGestures, source=DISPLAY, flags=[], insetsSize=Insets{left=63, top=0, right=0, bottom=0}, mMinimalInsetsSizeInDisplayCutoutSafe=Insets{left=63, top=0, right=0, bottom=0}}
06-16 01:15:51.832  4198  4198 D VRI[NavigationBar0]:         InsetsFrameProvider: {id=#ad9b0024, index=1, type=systemGestures, source=DISPLAY, flags=[], insetsSize=Insets{left=0, top=0, right=63, bottom=0}, mMinimalInsetsSizeInDisplayCutoutSafe=Insets{left=0, top=0, right=63, bottom=0}}}} by setLayoutParams
06-16 01:15:51.839  4198  4198 D VRI[StatusBar]: update {(0,0)(fillx60) gr=TOP CENTER_VERTICAL layoutInDisplayCutoutMode=always ty=STATUS_BAR fmt=TRANSLUCENT
06-16 01:15:51.839  4198  4198 D VRI[StatusBar]:   fl=NOT_FOCUSABLE SPLIT_TOUCH HARDWARE_ACCELERATED DRAWS_SYSTEM_BAR_BACKGROUNDS
06-16 01:15:51.839  4198  4198 D VRI[StatusBar]:   pfl=COLOR_SPACE_AGNOSTIC FIT_INSETS_CONTROLLED
06-16 01:15:51.839  4198  4198 D VRI[StatusBar]:   bhv=DEFAULT
06-16 01:15:51.839  4198  4198 D VRI[StatusBar]:   providedInsets:
06-16 01:15:51.839  4198  4198 D VRI[StatusBar]:     InsetsFrameProvider: {id=#c6500000, index=0, type=statusBars, source=FRAME, flags=[], insetsSize=Insets{left=0, top=90, right=0, bottom=0}}
06-16 01:15:51.839  4198  4198 D VRI[StatusBar]:     InsetsFrameProvider: {id=#c6500006, index=0, type=tappableElement, source=FRAME, flags=[], insetsSize=Insets{left=0, top=90, right=0, bottom=0}}
06-16 01:15:51.839  4198  4198 D VRI[StatusBar]:     InsetsFrameProvider: {id=#c6500005, index=0, type=mandatorySystemGestures, source=FRAME, flags=[], mMinimalInsetsSizeInDisplayCutoutSafe=Insets{left=0, top=33, right=0, bottom=0}}
06-16 01:15:51.839  4198  4198 D VRI[StatusBar]:   paramsForRotation:
06-16 01:15:51.839  4198  4198 D VRI[StatusBar]:     ROTATION_0={(0,0)(fillx90) gr=TOP CENTER_VERTICAL layoutInDisplayCutoutMode=always ty=STATUS_BAR fmt=TRANSLUCENT
06-16 01:15:51.839  4198  4198 D VRI[StatusBar]:       fl=NOT_FOCUSABLE SPLIT_TOUCH DRAWS_SYSTEM_BAR_BACKGROUNDS
06-16 01:15:51.839  4198  4198 D VRI[StatusBar]:       pfl=COLOR_SPACE_AGNOSTIC FIT_INSETS_CONTROLLED
06-16 01:15:51.839  4198  4198 D VRI[StatusBar]:       bhv=DEFAULT
06-16 01:15:51.839  4198  4198 D VRI[StatusBar]:       providedInsets:
06-16 01:15:51.839  4198  4198 D VRI[StatusBar]:         InsetsFrameProvider: {id=#c6500000, index=0, type=statusBars, source=FRAME, flags=[], insetsSize=Insets{left=0, top=90, right=0, bottom=0}}
06-16 01:15:51.839  4198  4198 D VRI[StatusBar]:         InsetsFrameProvider: {id=#c6500006, index=0, type=tappableElement, source=FRAME, flags=[], insetsSize=Insets{left=0, top=90, right=0, bottom=0}}
06-16 01:15:51.839  4198  4198 D VRI[StatusBar]:         InsetsFrameProvider: {id=#c6500005, index=0, type=mandatorySystemGestures, source=FRAME, flags=[], insetsSize=Insets{left=0, top=90, right=0, bottom=0}, mMinimalInsetsSizeInDisplayCutoutSafe=Insets{left=0, top=33, right=0, bottom=0}}}
06-16 01:15:51.839  4198  4198 D VRI[StatusBar]:     ROTATION_90={(0,0)(fillx51) gr=TOP CENTER_VERTICAL layoutInDisplayCutoutMode=always ty=STATUS_BAR fmt=TRANSLUCENT
06-16 01:15:51.839  4198  4198 D VRI[StatusBar]:       fl=NOT_FOCUSABLE SPLIT_TOUCH DRAWS_SYSTEM_BAR_BACKGROUNDS
06-16 01:15:51.839  4198  4198 D VRI[StatusBar]:       pfl=COLOR_SPACE_AGNOSTIC FIT_INSETS_CONTROLLED
06-16 01:15:51.839  4198  4198 D VRI[StatusBar]:       bhv=DEFAULT
06-16 01:15:51.839  4198  4198 D VRI[StatusBar]:       providedInsets:
06-16 01:15:51.839  4198  4198 D VRI[StatusBar]:         InsetsFrameProvider: {id=#c6500000, index=0, type=statusBars, source=FRAME, flags=[], insetsSize=Insets{left=0, top=51, right=0, bottom=0}}
06-16 01:15:51.839  4198  4198 D VRI[StatusBar]:         InsetsFrameProvider: {id=#c6500006, index=0, type=tappableElement, source=FRAME, flags=[], insetsSize=Insets{left=0, top=51, right=0, bottom=0}}
06-16 01:15:51.839  4198  4198 D VRI[StatusBar]:         InsetsFrameProvider: {id=#c6500005, index=0, type=mandatorySystemGestures, source=FRAME, flags=[], insetsSize=Insets{left=0, top=51, right=0, bottom=0}, mMinimalInsetsSizeInDisplayCutoutSafe=Insets{left=0, top=33, right=0, bottom=0}}}
06-16 01:15:51.839  4198  4198 D VRI[StatusBar]:     ROTATION_180={(0,0)(fillx51) gr=TOP CENTER_VERTICAL layoutInDisplayCutoutMode=always ty=STATUS_BAR fmt=TRANSLUCENT
06-16 01:15:51.839  4198  4198 D VRI[StatusBar]:       fl=NOT_FOCUSABLE SPLIT_TOUCH DRAWS_SYSTEM_BAR_BACKGROUNDS
06-16 01:15:51.839  4198  4198 D VRI[StatusBar]:       pfl=COLOR_SPACE_AGNOSTIC FIT_INSETS_CONTROLLED
06-16 01:15:51.839  4198  4198 D VRI[StatusBar]:       bhv=DEFAULT
06-16 01:15:51.839  4198  4198 D VRI[StatusBar]:       providedInsets:
06-16 01:15:51.839  4198  4198 D VRI[StatusBar]:         InsetsFrameProvider: {id=#c6500000, index=0, type=statusBars, source=FRAME, flags=[], insetsSize=Insets{left=0, top=51, right=0, bottom=0}}
06-16 01:15:51.839  4198  4198 D VRI[StatusBar]:         InsetsFrameProvider: {id=#c6500006, index=0, type=tappableElement, source=FRAME, flags=[], insetsSize=Insets{left=0, top=51, right=0, bottom=0}}
06-16 01:15:51.839  4198  4198 D VRI[StatusBar]:         InsetsFrameProvider: {id=#c6500005, index=0, type=mandatorySystemGestures, source=FRAME, flags=[], insetsSize=Insets{left=0, top=51, right=0, bottom=0}, mMinimalInsetsSizeInDisplayCutoutSafe=Insets{left=0, top=33, right=0, bottom=0}}}
06-16 01:15:51.839  4198  4198 D VRI[StatusBar]:     ROTATION_270={(0,0)(fillx51) gr=TOP CENTER_VERTICAL layoutInDisplayCutoutMode=always ty=STATUS_BAR fmt=TRANSLUCENT
06-16 01:15:51.839  4198  4198 D VRI[StatusBar]:       fl=NOT_FOCUSABLE SPLIT_TOUCH DRAWS_SYSTEM_BAR_BACKGROUNDS
06-16 01:15:51.839  4198  4198 D VRI[StatusBar]:       pfl=COLOR_SPACE_AGNOSTIC FIT_INSETS_CONTROLLED
06-16 01:15:51.839  4198  4198 D VRI[StatusBar]:       bhv=DEFAULT
06-16 01:15:51.839  4198  4198 D VRI[StatusBar]:       providedInsets:
06-16 01:15:51.839  4198  4198 D VRI[StatusBar]:         InsetsFrameProvider: {id=#c6500000, index=0, type=statusBars, source=FRAME, flags=[], insetsSize=Insets{left=0, top=51, right=0, bottom=0}}
06-16 01:15:51.839  4198  4198 D VRI[StatusBar]:         InsetsFrameProvider: {id=#c6500006, index=0, type=tappableElement, source=FRAME, flags=[], insetsSize=Insets{left=0, top=51, right=0, bottom=0}}
06-16 01:15:51.839  4198  4198 D VRI[StatusBar]:         InsetsFrameProvider: {id=#c6500005, index=0, type=mandatorySystemGestures, source=FRAME, flags=[], insetsSize=Insets{left=0, top=51, right=0, bottom=0}, mMinimalInsetsSizeInDisplayCutoutSafe=Insets{left=0, top=33, right=0, bottom=0}}}} by setLayoutParams
06-16 01:15:51.872  3286  7203 W ProcessStats: Tracking association SourceState{7a405c7 com.google.android.gms.persistent/10192 BTop #101437} whose proc state 2 is better than process ProcessState{94479f4 com.google.android.adservices.api/10357 pkg=com.google.android.adservices.api} proc state 13 (15 skipped)
06-16 01:15:51.888  3286  7203 W PackageConfigPersister: App-specific configuration not found for packageName: com.deepeye.musicpro and userId: 0
06-16 01:15:51.920  4198  4398 D VRI[ScreenDecorOverlay]: update {(0,0)(wrapxfill) gr=LEFT CENTER_HORIZONTAL layoutInDisplayCutoutMode=always ty=NAVIGATION_BAR_PANEL fmt=TRANSLUCENT
06-16 01:15:51.920  4198  4398 D VRI[ScreenDecorOverlay]:   fl=NOT_FOCUSABLE NOT_TOUCHABLE NOT_TOUCH_MODAL LAYOUT_IN_SCREEN SPLIT_TOUCH FLAG_SLIPPERY
06-16 01:15:51.920  4198  4398 D VRI[ScreenDecorOverlay]:   pfl=SHOW_FOR_ALL_USERS NO_MOVE_ANIMATION IS_ROUNDED_CORNERS_OVERLAY COLOR_SPACE_AGNOSTIC FIT_INSETS_CONTROLLED TRUSTED_OVERLAY
06-16 01:15:51.920  4198  4398 D VRI[ScreenDecorOverlay]:   bhv=DEFAULT} by setLayoutParams
06-16 01:15:51.923  4198  4398 D VRI[ScreenDecorOverlayBottom]: update {(0,0)(wrapxfill) gr=RIGHT CENTER_HORIZONTAL layoutInDisplayCutoutMode=always ty=NAVIGATION_BAR_PANEL fmt=TRANSLUCENT
06-16 01:15:51.923  4198  4398 D VRI[ScreenDecorOverlayBottom]:   fl=NOT_FOCUSABLE NOT_TOUCHABLE NOT_TOUCH_MODAL LAYOUT_IN_SCREEN SPLIT_TOUCH FLAG_SLIPPERY
06-16 01:15:51.923  4198  4398 D VRI[ScreenDecorOverlayBottom]:   pfl=SHOW_FOR_ALL_USERS NO_MOVE_ANIMATION IS_ROUNDED_CORNERS_OVERLAY COLOR_SPACE_AGNOSTIC FIT_INSETS_CONTROLLED TRUSTED_OVERLAY
06-16 01:15:51.923  4198  4398 D VRI[ScreenDecorOverlayBottom]:   bhv=DEFAULT} by setLayoutParams
06-16 01:15:51.925  4198  4398 D VRI[ScreenDecorOverlay]: update {(0,0)(wrapxfill) gr=LEFT CENTER_HORIZONTAL layoutInDisplayCutoutMode=always ty=NAVIGATION_BAR_PANEL fmt=TRANSLUCENT
06-16 01:15:51.925  4198  4398 D VRI[ScreenDecorOverlay]:   fl=NOT_FOCUSABLE NOT_TOUCHABLE NOT_TOUCH_MODAL LAYOUT_IN_SCREEN SPLIT_TOUCH FLAG_SLIPPERY
06-16 01:15:51.925  4198  4398 D VRI[ScreenDecorOverlay]:   pfl=SHOW_FOR_ALL_USERS NO_MOVE_ANIMATION IS_ROUNDED_CORNERS_OVERLAY COLOR_SPACE_AGNOSTIC FIT_INSETS_CONTROLLED TRUSTED_OVERLAY
06-16 01:15:51.925  4198  4398 D VRI[ScreenDecorOverlay]:   bhv=DEFAULT} by setLayoutParams
06-16 01:15:51.927  4198  4398 D VRI[ScreenDecorOverlayBottom]: update {(0,0)(wrapxfill) gr=RIGHT CENTER_HORIZONTAL layoutInDisplayCutoutMode=always ty=NAVIGATION_BAR_PANEL fmt=TRANSLUCENT
06-16 01:15:51.927  4198  4398 D VRI[ScreenDecorOverlayBottom]:   fl=NOT_FOCUSABLE NOT_TOUCHABLE NOT_TOUCH_MODAL LAYOUT_IN_SCREEN SPLIT_TOUCH FLAG_SLIPPERY
06-16 01:15:51.927  4198  4398 D VRI[ScreenDecorOverlayBottom]:   pfl=SHOW_FOR_ALL_USERS NO_MOVE_ANIMATION IS_ROUNDED_CORNERS_OVERLAY COLOR_SPACE_AGNOSTIC FIT_INSETS_CONTROLLED TRUSTED_OVERLAY
06-16 01:15:51.927  4198  4398 D VRI[ScreenDecorOverlayBottom]:   bhv=DEFAULT} by setLayoutParams
06-16 01:15:51.950  3286  4266 I WindowManager: finishDrawing of orientation change: Window{2d0c3a0 u0 NavigationBar0} 205ms
06-16 01:15:51.981  1352 22212 I keystore2: system/security/keystore2/src/watchdog.rs:319 - Watchdog thread idle -> terminating. Have a great day.
06-16 01:15:52.319  3286  4266 I WindowManager: finishDrawing of orientation change: Window{dbe8ec4 u0 com.deepeye.musicpro/com.deepeye.musicpro.MainActivity} 574ms
06-16 01:15:52.320  3286  3343 W ActivityTaskManager: activity boost didn't release as expected
06-16 01:15:52.327  3286  3339 V WindowManager: Sent Transition #500 createdAt=06-16 01:15:51.657 via request=TransitionRequestInfo { type = 6, triggerTask = null, remoteTransition = null, displayChange = DisplayChange { displayId = 0, startAbsBounds = null, endAbsBounds = null, startRotation = 0, endRotation = 1, physicalDisplayChanged = false }, flags = 0 }
06-16 01:15:52.327  3286  3339 V WindowManager:     startWCT=WindowContainerTransaction { changes = {} hops = [] errorCallbackToken=null taskFragmentOrganizer=null }
06-16 01:15:52.328  3286  3339 V WindowManager:     info={id=500 t=CHANGE f=0x0 trk=0 r=[0@Point(0, 0)] c=[{WCT{RemoteToken{b790250 Task{c1e98db #7090 type=standard A=10526:com.deepeye.musicpro}}} m=CHANGE f=NONE p=WCT{RemoteToken{de4de44 DefaultTaskDisplayArea@238869526(displayId=0)}} pTaskId=-1 leash=Surface(name=Task=7090)/@0xc850be4 sb=Rect(0, 0 - 1080, 2400) eb=Rect(0, 0 - 2400, 1080) d=0 r=0->1:0},{WCT{RemoteToken{de4de44 DefaultTaskDisplayArea@238869526(displayId=0)}} m=CHANGE f=NONE p=WCT{RemoteToken{ef34752 Display{#0 state=ON size=2400x1080 ROTATION_90}}} leash=Surface(name=DefaultTaskDisplayArea)/@0xd019d0c sb=Rect(0, 0 - 1080, 2400) eb=Rect(0, 0 - 2400, 1080) d=0 r=0->1:-1},{WCT{RemoteToken{ef34752 Display{#0 state=ON size=2400x1080 ROTATION_90}}} m=CHANGE f=IS_DISPLAY leash=Surface(name=WindowedMagnification:0:31)/@0xb65f9ea sb=Rect(0, 0 - 1080, 2400) eb=Rect(0, 0 - 2400, 1080) d=0 r=0->1:-1}]}
06-16 01:15:52.331  4198  4238 V WindowManagerShell: onTransitionReady android.os.BinderProxy@babfae0: {id=500 t=CHANGE f=0x0 trk=0 r=[0@Point(0, 0)] c=[{WCT{android.window.IWindowContainerToken$Stub$Proxy@80e3e89} m=CHANGE f=NONE p=WCT{android.window.IWindowContainerToken$Stub$Proxy@c148e8e} pTaskId=-1 leash=Surface(name=Task=7090)/@0x1cc5eb6 sb=Rect(0, 0 - 1080, 2400) eb=Rect(0, 0 - 2400, 1080) d=0 r=0->1:0},{WCT{android.window.IWindowContainerToken$Stub$Proxy@80426af} m=CHANGE f=NONE p=WCT{android.window.IWindowContainerToken$Stub$Proxy@7e7fabc} leash=Surface(name=DefaultTaskDisplayArea)/@0xfa3f7b7 sb=Rect(0, 0 - 1080, 2400) eb=Rect(0, 0 - 2400, 1080) d=0 r=0->1:-1},{WCT{android.window.IWindowContainerToken$Stub$Proxy@5933a45} m=CHANGE f=IS_DISPLAY leash=Surface(name=WindowedMagnification:0:31)/@0xcd46b24 sb=Rect(0, 0 - 1080, 2400) eb=Rect(0, 0 - 2400, 1080) d=0 r=0->1:-1 snapshot=Surface(name=RotationLayer)/@0xeec68d}]}
06-16 01:15:52.331  3286  4266 I WindowManager: finishDrawing of orientation change: Window{7b3484e u0 StatusBar} 586ms
06-16 01:15:52.332  4198  4238 V WindowManagerShell: Playing animation for (#500)android.os.BinderProxy@babfae0@0
06-16 01:15:52.332  4198  4238 V WindowManagerShell:  try handler com.android.wm.shell.transition.DefaultMixedHandler@a3fe38c
06-16 01:15:52.332  4198  4238 V WindowManagerShell:  try handler com.android.wm.shell.keyguard.KeyguardTransitionHandler@ed0bad5
06-16 01:15:52.332  4198  4238 V WindowManagerShell:  try handler com.android.wm.shell.activityembedding.ActivityEmbeddingController@d8aa2ea
06-16 01:15:52.332  4198  4238 V WindowManagerShell:  try handler com.android.wm.shell.recents.RecentsTransitionHandler@ca6d9db
06-16 01:15:52.332  4198  4238 V ShellRecents: RecentsTransitionHandler.startAnimation: no controller found
06-16 01:15:52.332  4198  4238 V WindowManagerShell:  try handler com.android.wm.shell.pip.PipTransition@3cdac78
06-16 01:15:52.332  4198  4238 V WindowManagerShell:  try handler com.android.wm.shell.splitscreen.StageCoordinator@5ef2f51
06-16 01:15:52.332  4198  4238 V WindowManagerShell:  try handler com.android.wm.shell.transition.RemoteTransitionHandler@e803b6
06-16 01:15:52.332  4198  4238 V WindowManagerShell:  try handler com.android.wm.shell.transition.DefaultTransitionHandler@8af38b7
06-16 01:15:52.333  4198  4238 V WindowManagerShell: start default transition animation, info = {id=500 t=CHANGE f=0x0 trk=0 r=[0@Point(0, 0)] c=[{WCT{android.window.IWindowContainerToken$Stub$Proxy@80e3e89} m=CHANGE f=NONE p=WCT{android.window.IWindowContainerToken$Stub$Proxy@c148e8e} pTaskId=-1 leash=Surface(name=Task=7090)/@0x1cc5eb6 sb=Rect(0, 0 - 1080, 2400) eb=Rect(0, 0 - 2400, 1080) d=0 r=0->1:0},{WCT{android.window.IWindowContainerToken$Stub$Proxy@80426af} m=CHANGE f=NONE p=WCT{android.window.IWindowContainerToken$Stub$Proxy@7e7fabc} leash=Surface(name=DefaultTaskDisplayArea)/@0xfa3f7b7 sb=Rect(0, 0 - 1080, 2400) eb=Rect(0, 0 - 2400, 1080) d=0 r=0->1:-1},{WCT{android.window.IWindowContainerToken$Stub$Proxy@5933a45} m=CHANGE f=IS_DISPLAY leash=Surface(name=WindowedMagnification:0:31)/@0xcd46b24 sb=Rect(0, 0 - 1080, 2400) eb=Rect(0, 0 - 2400, 1080) d=0 r=0->1:-1 snapshot=Surface(name=RotationLayer)/@0xeec68d}]}
06-16 01:15:52.333  4198  4238 V WindowManagerShell: Display is changing, resolve the animation hint.
06-16 01:15:52.333  4198  4238 V WindowManagerShell:   task 7090 isn't requesting seamless, so not seamless.
06-16 01:15:52.338  4198  4198 D VRI[NavigationBar0]: update {(0,0)(fillx102) gr=BOTTOM CENTER_VERTICAL layoutInDisplayCutoutMode=always ty=NAVIGATION_BAR fmt=TRANSLUCENT
06-16 01:15:52.338  4198  4198 D VRI[NavigationBar0]:   fl=NOT_FOCUSABLE NOT_TOUCH_MODAL WATCH_OUTSIDE_TOUCH SPLIT_TOUCH
06-16 01:15:52.338  4198  4198 D VRI[NavigationBar0]:   pfl=LAYOUT_SIZE_EXTENDED_BY_CUTOUT COLOR_SPACE_AGNOSTIC FIT_INSETS_CONTROLLED TRUSTED_OVERLAY
06-16 01:15:52.338  4198  4198 D VRI[NavigationBar0]:   bhv=DEFAULT
06-16 01:15:52.338  4198  4198 D VRI[NavigationBar0]:   providedInsets:
06-16 01:15:52.338  4198  4198 D VRI[NavigationBar0]:     InsetsFrameProvider: {id=#ad9b0001, index=0, type=navigationBars, source=FRAME, flags=[SUPPRESS_SCRIM], insetsSize=Insets{left=0, top=0, right=0, bottom=51}, insetsSizeOverrides=[TypedInsetsSize: {windowType=INPUT_METHOD, insetsSize=null}]}
06-16 01:15:52.338  4198  4198 D VRI[NavigationBar0]:     InsetsFrameProvider: {id=#ad9b0006, index=0, type=tappableElement, source=FRAME, flags=[], insetsSize=Insets{left=0, top=0, right=0, bottom=0}}
06-16 01:15:52.338  4198  4198 D VRI[NavigationBar0]:     InsetsFrameProvider: {id=#ad9b0005, index=0, type=mandatorySystemGestures, source=FRAME, flags=[], insetsSize=Insets{left=0, top=0, right=0, bottom=68}}
06-16 01:15:52.338  4198  4198 D VRI[NavigationBar0]:     InsetsFrameProvider: {id=#ad9b0004, index=0, type=systemGestures, source=DISPLAY, flags=[], insetsSize=Insets{left=63, top=0, right=0, bottom=0}, mMinimalInsetsSizeInDisplayCutoutSafe=Insets{left=63, top=0, right=0, bottom=0}}
06-16 01:15:52.338  4198  4198 D VRI[NavigationBar0]:     InsetsFrameProvider: {id=#ad9b0024, index=1, type=systemGestures, source=DISPLAY, flags=[], insetsSize=Insets{left=0, top=0, right=63, bottom=0}, mMinimalInsetsSizeInDisplayCutoutSafe=Insets{left=0, top=0, right=63, bottom=0}}
06-16 01:15:52.338  4198  4198 D VRI[NavigationBar0]:   paramsForRotation:
06-16 01:15:52.338  4198  4198 D VRI[NavigationBar0]:     ROTATION_0={(0,0)(fillx102) gr=BOTTOM CENTER_VERTICAL layoutInDisplayCutoutMode=always ty=NAVIGATION_BAR fmt=TRANSLUCENT
06-16 01:15:52.338  4198  4198 D VRI[NavigationBar0]:       fl=NOT_FOCUSABLE NOT_TOUCH_MODAL WATCH_OUTSIDE_TOUCH SPLIT_TOUCH FLAG_SLIPPERY
06-16 01:15:52.338  4198  4198 D VRI[NavigationBar0]:       pfl=LAYOUT_SIZE_EXTENDED_BY_CUTOUT COLOR_SPACE_AGNOSTIC FIT_INSETS_CONTROLLED TRUSTED_OVERLAY
06-16 01:15:52.338  4198  4198 D VRI[NavigationBar0]:       bhv=DEFAULT
06-16 01:15:52.338  4198  4198 D VRI[NavigationBar0]:       providedInsets:
06-16 01:15:52.338  4198  4198 D VRI[NavigationBar0]:         InsetsFrameProvider: {id=#ad9b0001, index=0, type=navigationBars, source=FRAME, flags=[SUPPRESS_SCRIM], insetsSize=Insets{left=0, top=0, right=0, bottom=51}, insetsSizeOverrides=[TypedInsetsSize: {windowType=INPUT_METHOD, insetsSize=null}]}
06-16 01:15:52.338  4198  4198 D VRI[NavigationBar0]:         InsetsFrameProvider: {id=#ad9b0006, index=0, type=tappableElement, source=FRAME, flags=[], insetsSize=Insets{left=0, top=0, right=0, bottom=0}}
06-16 01:15:52.338  4198  4198 D VRI[NavigationBar0]:         InsetsFrameProvider: {id=#ad9b0005, index=0, type=mandatorySystemGestures, source=FRAME, flags=[], insetsSize=Insets{left=0, top=0, right=0, bottom=68}}
06-16 01:15:52.338  4198  4198 D VRI[NavigationBar0]:         InsetsFrameProvider: {id=#ad9b0004, index=0, type=systemGestures, source=DISPLAY, flags=[], insetsSize=Insets{left=63, top=0, right=0, bottom=0}, mMinimalInsetsSizeInDisplayCutoutSafe=Insets{left=63, top=0, right=0, bottom=0}}
06-16 01:15:52.338  4198  4198 D VRI[NavigationBar0]:         InsetsFrameProvider: {id=#ad9b0024, index=1, type=systemGestures, source=DISPLAY, flags=[], insetsSize=Insets{left=0, top=0, right=63, bottom=0}, mMinimalInsetsSizeInDisplayCutoutSafe=Insets{left=0, top=0, right=63, bottom=0}}}
06-16 01:15:52.338  4198  4198 D VRI[NavigationBar0]:     ROTATION_90={(0,0)(fillx102) gr=BOTTOM CENTER_VERTICAL layoutInDisplayCutoutMode=always ty=NAVIGATION_BAR fmt=TRANSLUCENT
06-16 01:15:52.338  4198  4198 D VRI[NavigationBar0]:       fl=NOT_FOCUSABLE NOT_TOUCH_MODAL WATCH_OUTSIDE_TOUCH SPLIT_TOUCH FLAG_SLIPPERY
06-16 01:15:52.338  4198  4198 D VRI[NavigationBar0]:       pfl=LAYOUT_SIZE_EXTENDED_BY_CUTOUT COLOR_SPACE_AGNOSTIC FIT_INSETS_CONTROLLED TRUSTED_OVERLAY
06-16 01:15:52.338  4198  4198 D VRI[NavigationBar0]:       bhv=DEFAULT
06-16 01:15:52.338  4198  4198 D VRI[NavigationBar0]:       providedInsets:
06-16 01:15:52.338  4198  4198 D VRI[NavigationBar0]:         InsetsFrameProvider: {id=#ad9b0001, index=0, type=navigationBars, source=FRAME, flags=[SUPPRESS_SCRIM], insetsSize=Insets{left=0, top=0, right=0, bottom=51}, insetsSizeOverrides=[TypedInsetsSize: {windowType=INPUT_METHOD, insetsSize=null}]}
06-16 01:15:52.338  4198  4198 D VRI[NavigationBar0]:         InsetsFrameProvider: {id=#ad9b0006, index=0, type=tappableElement, source=FRAME, flags=[], insetsSize=Insets{left=0, top=0, right=0, bottom=0}}
06-16 01:15:52.338  4198  4198 D VRI[NavigationBar0]:         InsetsFrameProvider: {id=#ad9b0005, index=0, type=mandatorySystemGestures, source=FRAME, flags=[], insetsSize=Insets{left=0, top=0, right=0, bottom=68}}
06-16 01:15:52.338  4198  4198 D VRI[NavigationBar0]:         InsetsFrameProvider: {id=#ad9b0004, index=0, type=systemGestures, source=DISPLAY, flags=[], insetsSize=Insets{left=63, top=0, right=0, bottom=0}, mMinimalInsetsSizeInDisplayCutoutSafe=Insets{left=63, top=0, right=0, bottom=0}}
06-16 01:15:52.338  4198  4198 D VRI[NavigationBar0]:         InsetsFrameProvider: {id=#ad9b0024, index=1, type=systemGestures, source=DISPLAY, flags=[], insetsSize=Insets{left=0, top=0, right=63, bottom=0}, mMinimalInsetsSizeInDisplayCutoutSafe=Insets{left=0, top=0, right=63, bottom=0}}}
06-16 01:15:52.338  4198  4198 D VRI[NavigationBar0]:     ROTATION_180={(0,0)(fillx102) gr=BOTTOM CENTER_VERTICAL layoutInDisplayCutoutMode=always ty=NAVIGATION_BAR fmt=TRANSLUCENT
06-16 01:15:52.338  4198  4198 D VRI[NavigationBar0]:       fl=NOT_FOCUSABLE NOT_TOUCH_MODAL WATCH_OUTSIDE_TOUCH SPLIT_TOUCH FLAG_SLIPPERY
06-16 01:15:52.338  4198  4198 D VRI[NavigationBar0]:       pfl=LAYOUT_SIZE_EXTENDED_BY_CUTOUT COLOR_SPACE_AGNOSTIC FIT_INSETS_CONTROLLED TRUSTED_OVERLAY
06-16 01:15:52.338  4198  4198 D VRI[NavigationBar0]:       bhv=DEFAULT
06-16 01:15:52.338  4198  4198 D VRI[NavigationBar0]:       providedInsets:
06-16 01:15:52.338  4198  4198 D VRI[NavigationBar0]:         InsetsFrameProvider: {id=#ad9b0001, index=0, type=navigationBars, source=FRAME, flags=[SUPPRESS_SCRIM], insetsSize=Insets{left=0, top=0, right=0, bottom=51}, insetsSizeOverrides=[TypedInsetsSize: {windowType=INPUT_METHOD, insetsSize=null}]}
06-16 01:15:52.338  4198  4198 D VRI[NavigationBar0]:         InsetsFrameProvider: {id=#ad9b0006, index=0, type=tappableElement, source=FRAME, flags=[], insetsSize=Insets{left=0, top=0, right=0, bottom=0}}
06-16 01:15:52.338  4198  4198 D VRI[NavigationBar0]:         InsetsFrameProvider: {id=#ad9b0005, index=0, type=mandatorySystemGestures, source=FRAME, flags=[], insetsSize=Insets{left=0, top=0, right=0, bottom=68}}
06-16 01:15:52.338  4198  4198 D VRI[NavigationBar0]:         InsetsFrameProvider: {id=#ad9b0004, index=0, type=systemGestures, source=DISPLAY, flags=[], insetsSize=Insets{left=63, top=0, right=0, bottom=0}, mMinimalInsetsSizeInDisplayCutoutSafe=Insets{left=63, top=0, right=0, bottom=0}}
06-16 01:15:52.338  4198  4198 D VRI[NavigationBar0]:         InsetsFrameProvider: {id=#ad9b0024, index=1, type=systemGestures, source=DISPLAY, flags=[], insetsSize=Insets{left=0, top=0, right=63, bottom=0}, mMinimalInsetsSizeInDisplayCutoutSafe=Insets{left=0, top=0, right=63, bottom=0}}}
06-16 01:15:52.338  4198  4198 D VRI[NavigationBar0]:     ROTATION_270={(0,0)(fillx102) gr=BOTTOM CENTER_VERTICAL layoutInDisplayCutoutMode=always ty=NAVIGATION_BAR fmt=TRANSLUCENT
06-16 01:15:52.338  4198  4198 D VRI[NavigationBar0]:       fl=NOT_FOCUSABLE NOT_TOUCH_MODAL WATCH_OUTSIDE_TOUCH SPLIT_TOUCH FLAG_SLIPPERY
06-16 01:15:52.338  4198  4198 D VRI[NavigationBar0]:       pfl=LAYOUT_SIZE_EXTENDED_BY_CUTOUT COLOR_SPACE_AGNOSTIC FIT_INSETS_CONTROLLED TRUSTED_OVERLAY
06-16 01:15:52.338  4198  4198 D VRI[NavigationBar0]:       bhv=DEFAULT
06-16 01:15:52.338  4198  4198 D VRI[NavigationBar0]:       providedInsets:
06-16 01:15:52.338  4198  4198 D VRI[NavigationBar0]:         InsetsFrameProvider: {id=#ad9b0001, index=0, type=navigationBars, source=FRAME, flags=[SUPPRESS_SCRIM], insetsSize=Insets{left=0, top=0, right=0, bottom=51}, insetsSizeOverrides=[TypedInsetsSize: {windowType=INPUT_METHOD, insetsSize=null}]}
06-16 01:15:52.338  4198  4198 D VRI[NavigationBar0]:         InsetsFrameProvider: {id=#ad9b0006, index=0, type=tappableElement, source=FRAME, flags=[], insetsSize=Insets{left=0, top=0, right=0, bottom=0}}
06-16 01:15:52.338  4198  4198 D VRI[NavigationBar0]:         InsetsFrameProvider: {id=#ad9b0005, index=0, type=mandatorySystemGestures, source=FRAME, flags=[], insetsSize=Insets{left=0, top=0, right=0, bottom=68}}
06-16 01:15:52.338  4198  4198 D VRI[NavigationBar0]:         InsetsFrameProvider: {id=#ad9b0004, index=0, type=systemGestures, source=DISPLAY, flags=[], insetsSize=Insets{left=63, top=0, right=0, bottom=0}, mMinimalInsetsSizeInDisplayCutoutSafe=Insets{left=63, top=0, right=0, bottom=0}}
06-16 01:15:52.338  4198  4198 D VRI[NavigationBar0]:         InsetsFrameProvider: {id=#ad9b0024, index=1, type=systemGestures, source=DISPLAY, flags=[], insetsSize=Insets{left=0, top=0, right=63, bottom=0}, mMinimalInsetsSizeInDisplayCutoutSafe=Insets{left=0, top=0, right=63, bottom=0}}}} by setLayoutParams
06-16 01:15:52.343  4198  4238 V WindowManagerShell:  animated by com.android.wm.shell.transition.DefaultTransitionHandler@8af38b7
06-16 01:15:52.454  3286  5292 W PackageConfigPersister: App-specific configuration not found for packageName: com.deepeye.musicpro and userId: 0
06-16 01:15:52.637  4198  4238 V WindowManagerShell: Transition animation finished (aborted=false), notifying core (#500)android.os.BinderProxy@babfae0@0
06-16 01:15:52.639  3286  4266 D PowerManagerService: nativeSetPowerMode ret:false mode:5 enabled:false duration ms: 0
06-16 01:15:52.640  3286  3339 V WindowManager: Finish Transition #500: created at 06-16 01:15:51.657 collect-started=0.039ms request-sent=0.106ms started=91.428ms ready=92.411ms sent=666.4ms finished=982.137ms
06-16 01:15:52.641  4198  4238 V WindowManagerShell: Track 0 became idle
06-16 01:15:52.641  4198  4238 V WindowManagerShell: All active transition animations finished
06-16 01:15:55.191  3286  3759 D ActivityManager: freezing 21361 com.google.android.cellbroadcastreceiver, reason = oom_cached
06-16 01:15:55.655  3286  3991 W ContextImpl: Calling a method in the system process without a qualified user: android.app.ContextImpl.sendBroadcastMultiplePermissions:1281 android.content.Context.sendBroadcastMultiplePermissions:2476 com.android.server.TelephonyRegistry.broadcastServiceStateChanged:3597 com.android.server.TelephonyRegistry.notifyServiceStateForPhoneId:1734 com.android.internal.telephony.ITelephonyRegistry$Stub.onTransact:550 
06-16 01:15:55.656  3286  3991 W ContextImpl: Calling a method in the system process without a qualified user: android.app.ContextImpl.sendBroadcastMultiplePermissions:1314 com.android.server.TelephonyRegistry.broadcastServiceStateChanged:3602 com.android.server.TelephonyRegistry.notifyServiceStateForPhoneId:1734 com.android.internal.telephony.ITelephonyRegistry$Stub.onTransact:550 android.os.Binder.execTransactInternal:1380 
06-16 01:15:55.657  3286  3991 W ContextImpl: Calling a method in the system process without a qualified user: android.app.ContextImpl.sendBroadcastMultiplePermissions:1314 com.android.server.TelephonyRegistry.broadcastServiceStateChanged:3611 com.android.server.TelephonyRegistry.notifyServiceStateForPhoneId:1734 com.android.internal.telephony.ITelephonyRegistry$Stub.onTransact:550 android.os.Binder.execTransactInternal:1380 
06-16 01:15:55.657  3286  3991 W ContextImpl: Calling a method in the system process without a qualified user: android.app.ContextImpl.sendBroadcastMultiplePermissions:1314 com.android.server.TelephonyRegistry.broadcastServiceStateChanged:3617 com.android.server.TelephonyRegistry.notifyServiceStateForPhoneId:1734 com.android.internal.telephony.ITelephonyRegistry$Stub.onTransact:550 android.os.Binder.execTransactInternal:1380 
06-16 01:15:55.658  3286  3349 D ActivityManager: unfreezing ProcessRecord{9b6f275 21361:com.google.android.cellbroadcastreceiver/u0a367}, reason = unfreezeTemporarily, adj = 925, adjType = cch-empty, adjSource = null
06-16 01:15:55.659  3286  3349 D ActivityManager: sync unfroze 21361 com.google.android.cellbroadcastreceiver for 3
06-16 01:15:55.691  3286  5292 D PowerManagerService: nativeSetPowerMode ret:false mode:5 enabled:true duration ms: 0
06-16 01:15:55.692  4198  4238 V WindowManagerShell: Transition requested: android.os.BinderProxy@cd29c40 TransitionRequestInfo { type = 6, triggerTask = null, remoteTransition = null, displayChange = DisplayChange { displayId = 0, startAbsBounds = null, endAbsBounds = null, startRotation = 1, endRotation = 0, physicalDisplayChanged = false }, flags = 0 }
06-16 01:15:55.699  3286  3342 D DisplayManagerService: Ignore redundant display event 0/2 to 10464/7355
06-16 01:15:55.699  3286  3342 D DisplayManagerService: Ignore redundant display event 0/2 to 10115/8280
06-16 01:15:55.699  3286  3342 D DisplayManagerService: Ignore redundant display event 0/2 to 10224/15083
06-16 01:15:55.699  3286  3342 D DisplayManagerService: Ignore redundant display event 0/2 to 10289/18349
06-16 01:15:55.699  3286  3342 D DisplayManagerService: Ignore redundant display event 0/2 to 10280/19463
06-16 01:15:55.699  3286  3342 D DisplayManagerService: Ignore redundant display event 0/2 to 10269/20102
06-16 01:15:55.699  3286  3342 D DisplayManagerService: Ignore redundant display event 0/2 to 10128/21010
06-16 01:15:55.699  3286  3342 D DisplayManagerService: Ignore redundant display event 0/2 to 10207/21315
06-16 01:15:55.699  3286  3342 D DisplayManagerService: Ignore redundant display event 0/2 to 10392/23279
06-16 01:15:55.699  3286  3342 D DisplayManagerService: Ignore redundant display event 0/2 to 10383/24751
06-16 01:15:55.699  3286  3342 D DisplayManagerService: Ignore redundant display event 0/2 to 10285/25237
06-16 01:15:55.699  3286  3342 D DisplayManagerService: Ignore redundant display event 0/2 to 10365/28498
06-16 01:15:55.699  3286  3342 D DisplayManagerService: Ignore redundant display event 0/2 to 10285/29774
06-16 01:15:55.704  3286  5292 I ActivityTaskManager: Config changes=20000580 {0.85 404mcc10mnc [en_IN] ldltr sw508dp w508dp h1063dp 340dpi lrg long layoutCompatNeeded port night finger -keyb/v/h -nav/h winConfig={ mBounds=Rect(0, 0 - 1080, 2400) mAppBounds=Rect(0, 90 - 1080, 2349) mMaxBounds=Rect(0, 0 - 1080, 2400) mDisplayRotation=ROTATION_0 mWindowingMode=fullscreen mDisplayWindowingMode=fullscreen mActivityType=undefined mAlwaysOnTop=undefined mRotation=ROTATION_0} as.6 s.12144 fontWeightAdjustment=0 spnairtel gidffffffffffffffffffff}
06-16 01:15:55.721  3286  5292 I WindowManager: Override config changes=20000580 {0.85 404mcc10mnc [en_IN] ldltr sw508dp w508dp h1063dp 340dpi lrg long layoutCompatNeeded port night finger -keyb/v/h -nav/h winConfig={ mBounds=Rect(0, 0 - 1080, 2400) mAppBounds=Rect(0, 90 - 1080, 2349) mMaxBounds=Rect(0, 0 - 1080, 2400) mDisplayRotation=ROTATION_0 mWindowingMode=fullscreen mDisplayWindowingMode=fullscreen mActivityType=undefined mAlwaysOnTop=undefined mRotation=ROTATION_0} as.6 s.12144 fontWeightAdjustment=0 spnairtel gidffffffffffffffffffff} for displayId=0
06-16 01:15:55.735  3286  7299 W ContextImpl: Calling a method in the system process without a qualified user: android.app.ContextImpl.sendBroadcastMultiplePermissions:1281 android.content.Context.sendBroadcastMultiplePermissions:2476 com.android.server.TelephonyRegistry.broadcastServiceStateChanged:3597 com.android.server.TelephonyRegistry.notifyServiceStateForPhoneId:1734 com.android.internal.telephony.ITelephonyRegistry$Stub.onTransact:550 
06-16 01:15:55.736  3286  7299 W ContextImpl: Calling a method in the system process without a qualified user: android.app.ContextImpl.sendBroadcastMultiplePermissions:1314 com.android.server.TelephonyRegistry.broadcastServiceStateChanged:3602 com.android.server.TelephonyRegistry.notifyServiceStateForPhoneId:1734 com.android.internal.telephony.ITelephonyRegistry$Stub.onTransact:550 android.os.Binder.execTransactInternal:1380 
06-16 01:15:55.736  3286  7299 W ContextImpl: Calling a method in the system process without a qualified user: android.app.ContextImpl.sendBroadcastMultiplePermissions:1314 com.android.server.TelephonyRegistry.broadcastServiceStateChanged:3611 com.android.server.TelephonyRegistry.notifyServiceStateForPhoneId:1734 com.android.internal.telephony.ITelephonyRegistry$Stub.onTransact:550 android.os.Binder.execTransactInternal:1380 
06-16 01:15:55.737  3286  7299 W ContextImpl: Calling a method in the system process without a qualified user: android.app.ContextImpl.sendBroadcastMultiplePermissions:1314 com.android.server.TelephonyRegistry.broadcastServiceStateChanged:3617 com.android.server.TelephonyRegistry.notifyServiceStateForPhoneId:1734 com.android.internal.telephony.ITelephonyRegistry$Stub.onTransact:550 android.os.Binder.execTransactInternal:1380 
06-16 01:15:55.756  4198  4238 V WindowManagerShell: Display changed: 0
06-16 01:15:55.777  4198  4198 D VRI[NavigationBar0]: update {(0,0)(fillx102) gr=BOTTOM CENTER_VERTICAL layoutInDisplayCutoutMode=always ty=NAVIGATION_BAR fmt=TRANSLUCENT
06-16 01:15:55.777  4198  4198 D VRI[NavigationBar0]:   fl=NOT_FOCUSABLE NOT_TOUCH_MODAL WATCH_OUTSIDE_TOUCH SPLIT_TOUCH FLAG_SLIPPERY
06-16 01:15:55.777  4198  4198 D VRI[NavigationBar0]:   pfl=LAYOUT_SIZE_EXTENDED_BY_CUTOUT COLOR_SPACE_AGNOSTIC FIT_INSETS_CONTROLLED TRUSTED_OVERLAY
06-16 01:15:55.777  4198  4198 D VRI[NavigationBar0]:   bhv=DEFAULT
06-16 01:15:55.777  4198  4198 D VRI[NavigationBar0]:   providedInsets:
06-16 01:15:55.777  4198  4198 D VRI[NavigationBar0]:     InsetsFrameProvider: {id=#ad9b0001, index=0, type=navigationBars, source=FRAME, flags=[SUPPRESS_SCRIM], insetsSize=Insets{left=0, top=0, right=0, bottom=51}, insetsSizeOverrides=[TypedInsetsSize: {windowType=INPUT_METHOD, insetsSize=null}]}
06-16 01:15:55.777  4198  4198 D VRI[NavigationBar0]:     InsetsFrameProvider: {id=#ad9b0006, index=0, type=tappableElement, source=FRAME, flags=[], insetsSize=Insets{left=0, top=0, right=0, bottom=0}}
06-16 01:15:55.777  4198  4198 D VRI[NavigationBar0]:     InsetsFrameProvider: {id=#ad9b0005, index=0, type=mandatorySystemGestures, source=FRAME, flags=[], insetsSize=Insets{left=0, top=0, right=0, bottom=68}}
06-16 01:15:55.777  4198  4198 D VRI[NavigationBar0]:     InsetsFrameProvider: {id=#ad9b0004, index=0, type=systemGestures, source=DISPLAY, flags=[], insetsSize=Insets{left=63, top=0, right=0, bottom=0}, mMinimalInsetsSizeInDisplayCutoutSafe=Insets{left=63, top=0, right=0, bottom=0}}
06-16 01:15:55.777  4198  4198 D VRI[NavigationBar0]:     InsetsFrameProvider: {id=#ad9b0024, index=1, type=systemGestures, source=DISPLAY, flags=[], insetsSize=Insets{left=0, top=0, right=63, bottom=0}, mMinimalInsetsSizeInDisplayCutoutSafe=Insets{left=0, top=0, right=63, bottom=0}}
06-16 01:15:55.777  4198  4198 D VRI[NavigationBar0]:   paramsForRotation:
06-16 01:15:55.777  4198  4198 D VRI[NavigationBar0]:     ROTATION_0={(0,0)(fillx102) gr=BOTTOM CENTER_VERTICAL layoutInDisplayCutoutMode=always ty=NAVIGATION_BAR fmt=TRANSLUCENT
06-16 01:15:55.777  4198  4198 D VRI[NavigationBar0]:       fl=NOT_FOCUSABLE NOT_TOUCH_MODAL WATCH_OUTSIDE_TOUCH SPLIT_TOUCH FLAG_SLIPPERY
06-16 01:15:55.777  4198  4198 D VRI[NavigationBar0]:       pfl=LAYOUT_SIZE_EXTENDED_BY_CUTOUT COLOR_SPACE_AGNOSTIC FIT_INSETS_CONTROLLED TRUSTED_OVERLAY
06-16 01:15:55.777  4198  4198 D VRI[NavigationBar0]:       bhv=DEFAULT
06-16 01:15:55.777  4198  4198 D VRI[NavigationBar0]:       providedInsets:
06-16 01:15:55.777  4198  4198 D VRI[NavigationBar0]:         InsetsFrameProvider: {id=#ad9b0001, index=0, type=navigationBars, source=FRAME, flags=[SUPPRESS_SCRIM], insetsSize=Insets{left=0, top=0, right=0, bottom=51}, insetsSizeOverrides=[TypedInsetsSize: {windowType=INPUT_METHOD, insetsSize=null}]}
06-16 01:15:55.777  4198  4198 D VRI[NavigationBar0]:         InsetsFrameProvider: {id=#ad9b0006, index=0, type=tappableElement, source=FRAME, flags=[], insetsSize=Insets{left=0, top=0, right=0, bottom=0}}
06-16 01:15:55.777  4198  4198 D VRI[NavigationBar0]:         InsetsFrameProvider: {id=#ad9b0005, index=0, type=mandatorySystemGestures, source=FRAME, flags=[], insetsSize=Insets{left=0, top=0, right=0, bottom=68}}
06-16 01:15:55.777  4198  4198 D VRI[NavigationBar0]:         InsetsFrameProvider: {id=#ad9b0004, index=0, type=systemGestures, source=DISPLAY, flags=[], insetsSize=Insets{left=63, top=0, right=0, bottom=0}, mMinimalInsetsSizeInDisplayCutoutSafe=Insets{left=63, top=0, right=0, bottom=0}}
06-16 01:15:55.777  4198  4198 D VRI[NavigationBar0]:         InsetsFrameProvider: {id=#ad9b0024, index=1, type=systemGestures, source=DISPLAY, flags=[], insetsSize=Insets{left=0, top=0, right=63, bottom=0}, mMinimalInsetsSizeInDisplayCutoutSafe=Insets{left=0, top=0, right=63, bottom=0}}}
06-16 01:15:55.777  4198  4198 D VRI[NavigationBar0]:     ROTATION_90={(0,0)(fillx102) gr=BOTTOM CENTER_VERTICAL layoutInDisplayCutoutMode=always ty=NAVIGATION_BAR fmt=TRANSLUCENT
06-16 01:15:55.777  4198  4198 D VRI[NavigationBar0]:       fl=NOT_FOCUSABLE NOT_TOUCH_MODAL WATCH_OUTSIDE_TOUCH SPLIT_TOUCH FLAG_SLIPPERY
06-16 01:15:55.777  4198  4198 D VRI[NavigationBar0]:       pfl=LAYOUT_SIZE_EXTENDED_BY_CUTOUT COLOR_SPACE_AGNOSTIC FIT_INSETS_CONTROLLED TRUSTED_OVERLAY
06-16 01:15:55.777  4198  4198 D VRI[NavigationBar0]:       bhv=DEFAULT
06-16 01:15:55.777  4198  4198 D VRI[NavigationBar0]:       providedInsets:
06-16 01:15:55.777  4198  4198 D VRI[NavigationBar0]:         InsetsFrameProvider: {id=#ad9b0001, index=0, type=navigationBars, source=FRAME, flags=[SUPPRESS_SCRIM], insetsSize=Insets{left=0, top=0, right=0, bottom=51}, insetsSizeOverrides=[TypedInsetsSize: {windowType=INPUT_METHOD, insetsSize=null}]}
06-16 01:15:55.777  4198  4198 D VRI[NavigationBar0]:         InsetsFrameProvider: {id=#ad9b0006, index=0, type=tappableElement, source=FRAME, flags=[], insetsSize=Insets{left=0, top=0, right=0, bottom=0}}
06-16 01:15:55.777  4198  4198 D VRI[NavigationBar0]:         InsetsFrameProvider: {id=#ad9b0005, index=0, type=mandatorySystemGestures, source=FRAME, flags=[], insetsSize=Insets{left=0, top=0, right=0, bottom=68}}
06-16 01:15:55.777  4198  4198 D VRI[NavigationBar0]:         InsetsFrameProvider: {id=#ad9b0004, index=0, type=systemGestures, source=DISPLAY, flags=[], insetsSize=Insets{left=63, top=0, right=0, bottom=0}, mMinimalInsetsSizeInDisplayCutoutSafe=Insets{left=63, top=0, right=0, bottom=0}}
06-16 01:15:55.777  4198  4198 D VRI[NavigationBar0]:         InsetsFrameProvider: {id=#ad9b0024, index=1, type=systemGestures, source=DISPLAY, flags=[], insetsSize=Insets{left=0, top=0, right=63, bottom=0}, mMinimalInsetsSizeInDisplayCutoutSafe=Insets{left=0, top=0, right=63, bottom=0}}}
06-16 01:15:55.777  4198  4198 D VRI[NavigationBar0]:     ROTATION_180={(0,0)(fillx102) gr=BOTTOM CENTER_VERTICAL layoutInDisplayCutoutMode=always ty=NAVIGATION_BAR fmt=TRANSLUCENT
06-16 01:15:55.777  4198  4198 D VRI[NavigationBar0]:       fl=NOT_FOCUSABLE NOT_TOUCH_MODAL WATCH_OUTSIDE_TOUCH SPLIT_TOUCH FLAG_SLIPPERY
06-16 01:15:55.777  4198  4198 D VRI[NavigationBar0]:       pfl=LAYOUT_SIZE_EXTENDED_BY_CUTOUT COLOR_SPACE_AGNOSTIC FIT_INSETS_CONTROLLED TRUSTED_OVERLAY
06-16 01:15:55.777  4198  4198 D VRI[NavigationBar0]:       bhv=DEFAULT
06-16 01:15:55.777  4198  4198 D VRI[NavigationBar0]:       providedInsets:
06-16 01:15:55.777  4198  4198 D VRI[NavigationBar0]:         InsetsFrameProvider: {id=#ad9b0001, index=0, type=navigationBars, source=FRAME, flags=[SUPPRESS_SCRIM], insetsSize=Insets{left=0, top=0, right=0, bottom=51}, insetsSizeOverrides=[TypedInsetsSize: {windowType=INPUT_METHOD, insetsSize=null}]}
06-16 01:15:55.777  4198  4198 D VRI[NavigationBar0]:         InsetsFrameProvider: {id=#ad9b0006, index=0, type=tappableElement, source=FRAME, flags=[], insetsSize=Insets{left=0, top=0, right=0, bottom=0}}
06-16 01:15:55.777  4198  4198 D VRI[NavigationBar0]:         InsetsFrameProvider: {id=#ad9b0005, index=0, type=mandatorySystemGestures, source=FRAME, flags=[], insetsSize=Insets{left=0, top=0, right=0, bottom=68}}
06-16 01:15:55.777  4198  4198 D VRI[NavigationBar0]:         InsetsFrameProvider: {id=#ad9b0004, index=0, type=systemGestures, source=DISPLAY, flags=[], insetsSize=Insets{left=63, top=0, right=0, bottom=0}, mMinimalInsetsSizeInDisplayCutoutSafe=Insets{left=63, top=0, right=0, bottom=0}}
06-16 01:15:55.777  4198  4198 D VRI[NavigationBar0]:         InsetsFrameProvider: {id=#ad9b0024, index=1, type=systemGestures, source=DISPLAY, flags=[], insetsSize=Insets{left=0, top=0, right=63, bottom=0}, mMinimalInsetsSizeInDisplayCutoutSafe=Insets{left=0, top=0, right=63, bottom=0}}}
06-16 01:15:55.777  4198  4198 D VRI[NavigationBar0]:     ROTATION_270={(0,0)(fillx102) gr=BOTTOM CENTER_VERTICAL layoutInDisplayCutoutMode=always ty=NAVIGATION_BAR fmt=TRANSLUCENT
06-16 01:15:55.777  4198  4198 D VRI[NavigationBar0]:       fl=NOT_FOCUSABLE NOT_TOUCH_MODAL WATCH_OUTSIDE_TOUCH SPLIT_TOUCH FLAG_SLIPPERY
06-16 01:15:55.777  4198  4198 D VRI[NavigationBar0]:       pfl=LAYOUT_SIZE_EXTENDED_BY_CUTOUT COLOR_SPACE_AGNOSTIC FIT_INSETS_CONTROLLED TRUSTED_OVERLAY
06-16 01:15:55.777  4198  4198 D VRI[NavigationBar0]:       bhv=DEFAULT
06-16 01:15:55.777  4198  4198 D VRI[NavigationBar0]:       providedInsets:
06-16 01:15:55.777  4198  4198 D VRI[NavigationBar0]:         InsetsFrameProvider: {id=#ad9b0001, index=0, type=navigationBars, source=FRAME, flags=[SUPPRESS_SCRIM], insetsSize=Insets{left=0, top=0, right=0, bottom=51}, insetsSizeOverrides=[TypedInsetsSize: {windowType=INPUT_METHOD, insetsSize=null}]}
06-16 01:15:55.777  4198  4198 D VRI[NavigationBar0]:         InsetsFrameProvider: {id=#ad9b0006, index=0, type=tappableElement, source=FRAME, flags=[], insetsSize=Insets{left=0, top=0, right=0, bottom=0}}
06-16 01:15:55.777  4198  4198 D VRI[NavigationBar0]:         InsetsFrameProvider: {id=#ad9b0005, index=0, type=mandatorySystemGestures, source=FRAME, flags=[], insetsSize=Insets{left=0, top=0, right=0, bottom=68}}
06-16 01:15:55.777  4198  4198 D VRI[NavigationBar0]:         InsetsFrameProvider: {id=#ad9b0004, index=0, type=systemGestures, source=DISPLAY, flags=[], insetsSize=Insets{left=63, top=0, right=0, bottom=0}, mMinimalInsetsSizeInDisplayCutoutSafe=Insets{left=63, top=0, right=0, bottom=0}}
06-16 01:15:55.777  4198  4198 D VRI[NavigationBar0]:         InsetsFrameProvider: {id=#ad9b0024, index=1, type=systemGestures, source=DISPLAY, flags=[], insetsSize=Insets{left=0, top=0, right=63, bottom=0}, mMinimalInsetsSizeInDisplayCutoutSafe=Insets{left=0, top=0, right=63, bottom=0}}}} by setLayoutParams
06-16 01:15:55.785  4198  4198 D VRI[StatusBar]: update {(0,0)(fillx90) gr=TOP CENTER_VERTICAL layoutInDisplayCutoutMode=always ty=STATUS_BAR fmt=TRANSLUCENT
06-16 01:15:55.785  4198  4198 D VRI[StatusBar]:   fl=NOT_FOCUSABLE SPLIT_TOUCH HARDWARE_ACCELERATED DRAWS_SYSTEM_BAR_BACKGROUNDS
06-16 01:15:55.785  4198  4198 D VRI[StatusBar]:   pfl=COLOR_SPACE_AGNOSTIC FIT_INSETS_CONTROLLED
06-16 01:15:55.785  4198  4198 D VRI[StatusBar]:   bhv=DEFAULT
06-16 01:15:55.785  4198  4198 D VRI[StatusBar]:   providedInsets:
06-16 01:15:55.785  4198  4198 D VRI[StatusBar]:     InsetsFrameProvider: {id=#c6500000, index=0, type=statusBars, source=FRAME, flags=[], insetsSize=Insets{left=0, top=90, right=0, bottom=0}}
06-16 01:15:55.785  4198  4198 D VRI[StatusBar]:     InsetsFrameProvider: {id=#c6500006, index=0, type=tappableElement, source=FRAME, flags=[], insetsSize=Insets{left=0, top=90, right=0, bottom=0}}
06-16 01:15:55.785  4198  4198 D VRI[StatusBar]:     InsetsFrameProvider: {id=#c6500005, index=0, type=mandatorySystemGestures, source=FRAME, flags=[], mMinimalInsetsSizeInDisplayCutoutSafe=Insets{left=0, top=33, right=0, bottom=0}}
06-16 01:15:55.785  4198  4198 D VRI[StatusBar]:   paramsForRotation:
06-16 01:15:55.785  4198  4198 D VRI[StatusBar]:     ROTATION_0={(0,0)(fillx90) gr=TOP CENTER_VERTICAL layoutInDisplayCutoutMode=always ty=STATUS_BAR fmt=TRANSLUCENT
06-16 01:15:55.785  4198  4198 D VRI[StatusBar]:       fl=NOT_FOCUSABLE SPLIT_TOUCH DRAWS_SYSTEM_BAR_BACKGROUNDS
06-16 01:15:55.785  4198  4198 D VRI[StatusBar]:       pfl=COLOR_SPACE_AGNOSTIC FIT_INSETS_CONTROLLED
06-16 01:15:55.785  4198  4198 D VRI[StatusBar]:       bhv=DEFAULT
06-16 01:15:55.785  4198  4198 D VRI[StatusBar]:       providedInsets:
06-16 01:15:55.785  4198  4198 D VRI[StatusBar]:         InsetsFrameProvider: {id=#c6500000, index=0, type=statusBars, source=FRAME, flags=[], insetsSize=Insets{left=0, top=90, right=0, bottom=0}}
06-16 01:15:55.785  4198  4198 D VRI[StatusBar]:         InsetsFrameProvider: {id=#c6500006, index=0, type=tappableElement, source=FRAME, flags=[], insetsSize=Insets{left=0, top=90, right=0, bottom=0}}
06-16 01:15:55.785  4198  4198 D VRI[StatusBar]:         InsetsFrameProvider: {id=#c6500005, index=0, type=mandatorySystemGestures, source=FRAME, flags=[], insetsSize=Insets{left=0, top=90, right=0, bottom=0}, mMinimalInsetsSizeInDisplayCutoutSafe=Insets{left=0, top=33, right=0, bottom=0}}}
06-16 01:15:55.785  4198  4198 D VRI[StatusBar]:     ROTATION_90={(0,0)(fillx51) gr=TOP CENTER_VERTICAL layoutInDisplayCutoutMode=always ty=STATUS_BAR fmt=TRANSLUCENT
06-16 01:15:55.785  4198  4198 D VRI[StatusBar]:       fl=NOT_FOCUSABLE SPLIT_TOUCH DRAWS_SYSTEM_BAR_BACKGROUNDS
06-16 01:15:55.785  4198  4198 D VRI[StatusBar]:       pfl=COLOR_SPACE_AGNOSTIC FIT_INSETS_CONTROLLED
06-16 01:15:55.785  4198  4198 D VRI[StatusBar]:       bhv=DEFAULT
06-16 01:15:55.785  4198  4198 D VRI[StatusBar]:       providedInsets:
06-16 01:15:55.785  4198  4198 D VRI[StatusBar]:         InsetsFrameProvider: {id=#c6500000, index=0, type=statusBars, source=FRAME, flags=[], insetsSize=Insets{left=0, top=51, right=0, bottom=0}}
06-16 01:15:55.785  4198  4198 D VRI[StatusBar]:         InsetsFrameProvider: {id=#c6500006, index=0, type=tappableElement, source=FRAME, flags=[], insetsSize=Insets{left=0, top=51, right=0, bottom=0}}
06-16 01:15:55.785  4198  4198 D VRI[StatusBar]:         InsetsFrameProvider: {id=#c6500005, index=0, type=mandatorySystemGestures, source=FRAME, flags=[], insetsSize=Insets{left=0, top=51, right=0, bottom=0}, mMinimalInsetsSizeInDisplayCutoutSafe=Insets{left=0, top=33, right=0, bottom=0}}}
06-16 01:15:55.785  4198  4198 D VRI[StatusBar]:     ROTATION_180={(0,0)(fillx51) gr=TOP CENTER_VERTICAL layoutInDisplayCutoutMode=always ty=STATUS_BAR fmt=TRANSLUCENT
06-16 01:15:55.785  4198  4198 D VRI[StatusBar]:       fl=NOT_FOCUSABLE SPLIT_TOUCH DRAWS_SYSTEM_BAR_BACKGROUNDS
06-16 01:15:55.785  4198  4198 D VRI[StatusBar]:       pfl=COLOR_SPACE_AGNOSTIC FIT_INSETS_CONTROLLED
06-16 01:15:55.785  4198  4198 D VRI[StatusBar]:       bhv=DEFAULT
06-16 01:15:55.785  4198  4198 D VRI[StatusBar]:       providedInsets:
06-16 01:15:55.785  4198  4198 D VRI[StatusBar]:         InsetsFrameProvider: {id=#c6500000, index=0, type=statusBars, source=FRAME, flags=[], insetsSize=Insets{left=0, top=51, right=0, bottom=0}}
06-16 01:15:55.785  4198  4198 D VRI[StatusBar]:         InsetsFrameProvider: {id=#c6500006, index=0, type=tappableElement, source=FRAME, flags=[], insetsSize=Insets{left=0, top=51, right=0, bottom=0}}
06-16 01:15:55.785  4198  4198 D VRI[StatusBar]:         InsetsFrameProvider: {id=#c6500005, index=0, type=mandatorySystemGestures, source=FRAME, flags=[], insetsSize=Insets{left=0, top=51, right=0, bottom=0}, mMinimalInsetsSizeInDisplayCutoutSafe=Insets{left=0, top=33, right=0, bottom=0}}}
06-16 01:15:55.785  4198  4198 D VRI[StatusBar]:     ROTATION_270={(0,0)(fillx51) gr=TOP CENTER_VERTICAL layoutInDisplayCutoutMode=always ty=STATUS_BAR fmt=TRANSLUCENT
06-16 01:15:55.785  4198  4198 D VRI[StatusBar]:       fl=NOT_FOCUSABLE SPLIT_TOUCH DRAWS_SYSTEM_BAR_BACKGROUNDS
06-16 01:15:55.785  4198  4198 D VRI[StatusBar]:       pfl=COLOR_SPACE_AGNOSTIC FIT_INSETS_CONTROLLED
06-16 01:15:55.785  4198  4198 D VRI[StatusBar]:       bhv=DEFAULT
06-16 01:15:55.785  4198  4198 D VRI[StatusBar]:       providedInsets:
06-16 01:15:55.785  4198  4198 D VRI[StatusBar]:         InsetsFrameProvider: {id=#c6500000, index=0, type=statusBars, source=FRAME, flags=[], insetsSize=Insets{left=0, top=51, right=0, bottom=0}}
06-16 01:15:55.785  4198  4198 D VRI[StatusBar]:         InsetsFrameProvider: {id=#c6500006, index=0, type=tappableElement, source=FRAME, flags=[], insetsSize=Insets{left=0, top=51, right=0, bottom=0}}
06-16 01:15:55.785  4198  4198 D VRI[StatusBar]:         InsetsFrameProvider: {id=#c6500005, index=0, type=mandatorySystemGestures, source=FRAME, flags=[], insetsSize=Insets{left=0, top=51, right=0, bottom=0}, mMinimalInsetsSizeInDisplayCutoutSafe=Insets{left=0, top=33, right=0, bottom=0}}}} by setLayoutParams
06-16 01:15:55.800  3286  7392 W PackageConfigPersister: App-specific configuration not found for packageName: com.deepeye.musicpro and userId: 0
06-16 01:15:55.823  4198  4398 D VRI[ScreenDecorOverlay]: update {(0,0)(fillxwrap) gr=TOP CENTER_VERTICAL layoutInDisplayCutoutMode=always ty=NAVIGATION_BAR_PANEL fmt=TRANSLUCENT
06-16 01:15:55.823  4198  4398 D VRI[ScreenDecorOverlay]:   fl=NOT_FOCUSABLE NOT_TOUCHABLE NOT_TOUCH_MODAL LAYOUT_IN_SCREEN SPLIT_TOUCH FLAG_SLIPPERY
06-16 01:15:55.823  4198  4398 D VRI[ScreenDecorOverlay]:   pfl=SHOW_FOR_ALL_USERS NO_MOVE_ANIMATION IS_ROUNDED_CORNERS_OVERLAY COLOR_SPACE_AGNOSTIC FIT_INSETS_CONTROLLED TRUSTED_OVERLAY
06-16 01:15:55.823  4198  4398 D VRI[ScreenDecorOverlay]:   bhv=DEFAULT} by setLayoutParams
06-16 01:15:55.829  4198  4198 D VRI[NavigationBar0]: update {(0,0)(fillx102) gr=BOTTOM CENTER_VERTICAL layoutInDisplayCutoutMode=always ty=NAVIGATION_BAR fmt=TRANSLUCENT
