--------- beginning of system
05-25 10:36:42.376 E/keystore2( 1354): system/security/keystore2/src/rkpd_client.rs:172 - IGetKeyCallback failed: Device doesnot support RKP
05-25 10:38:28.583 E/ActivityThread(28347): Failed to find provider info for subscribedfeeds
05-25 10:41:08.036 E/keystore2( 1354): system/security/keystore2/src/rkpd_client.rs:172 - IGetKeyCallback failed: Device doesnot support RKP
05-25 10:41:09.889 E/keystore2( 1354): system/security/keystore2/src/rkpd_client.rs:172 - IGetKeyCallback failed: Device doesnot support RKP
05-25 10:41:12.483 E/keystore2( 1354): system/security/keystore2/src/rkpd_client.rs:172 - IGetKeyCallback failed: Device doesnot support RKP
05-25 10:41:14.178 E/keystore2( 1354): system/security/keystore2/src/rkpd_client.rs:172 - IGetKeyCallback failed: Device doesnot support RKP
05-25 10:46:16.152 E/AppOps  ( 3077): attributionTag VCN not declared in manifest of android
05-25 10:46:16.161 E/AppOps  ( 3077): attributionTag VCN not declared in manifest of android
05-25 10:46:16.182 E/AppOps  ( 3077): attributionTag VCN not declared in manifest of android
05-25 10:46:16.608 E/AppOps  ( 3077): attributionTag VCN not declared in manifest of android
05-25 10:46:16.610 E/AppOps  ( 3077): attributionTag VCN not declared in manifest of android
05-25 10:46:16.611 E/AppOps  ( 3077): attributionTag VCN not declared in manifest of android
05-25 10:46:16.613 E/AppOps  ( 3077): attributionTag VCN not declared in manifest of android
05-25 10:46:16.622 E/AppOps  ( 3077): attributionTag VCN not declared in manifest of android
05-25 10:46:16.624 E/AppOps  ( 3077): attributionTag VCN not declared in manifest of android
05-25 10:53:19.838 E/NetlinkEvent( 1603): NetlinkEvent::FindParam(): Parameter 'INTERFACE' not found
05-25 10:53:19.838 E/NetlinkEvent( 1603): NetlinkEvent::FindParam(): Parameter 'STATE' not found
05-25 10:53:19.838 E/NetlinkEvent( 1603): NetlinkEvent::FindParam(): Parameter 'TIME_NS' not found
05-25 10:53:19.838 E/NetlinkEvent( 1603): NetlinkEvent::FindParam(): Parameter 'UID' not found
05-25 10:53:21.048 E/ShortcutService( 3077): Invalid icon type in shortcut 66791137099963@lid. Bitmaps are not allowed in long-lived shortcuts. Use Resource icons, or Uri-based icons instead.
05-25 10:55:47.302 E/NetlinkEvent( 1603): NetlinkEvent::FindParam(): Parameter 'INTERFACE' not found
05-25 10:55:47.302 E/NetlinkEvent( 1603): NetlinkEvent::FindParam(): Parameter 'STATE' not found
05-25 10:55:47.302 E/NetlinkEvent( 1603): NetlinkEvent::FindParam(): Parameter 'TIME_NS' not found
05-25 10:55:47.302 E/NetlinkEvent( 1603): NetlinkEvent::FindParam(): Parameter 'UID' not found
05-25 10:57:21.262 E/NetlinkEvent( 1603): NetlinkEvent::FindParam(): Parameter 'INTERFACE' not found
05-25 10:57:21.262 E/NetlinkEvent( 1603): NetlinkEvent::FindParam(): Parameter 'STATE' not found
05-25 10:57:21.262 E/NetlinkEvent( 1603): NetlinkEvent::FindParam(): Parameter 'TIME_NS' not found
05-25 10:57:21.262 E/NetlinkEvent( 1603): NetlinkEvent::FindParam(): Parameter 'UID' not found
05-25 10:58:21.381 E/NetlinkEvent( 1603): NetlinkEvent::FindParam(): Parameter 'INTERFACE' not found
05-25 10:58:21.381 E/NetlinkEvent( 1603): NetlinkEvent::FindParam(): Parameter 'STATE' not found
05-25 10:58:21.381 E/NetlinkEvent( 1603): NetlinkEvent::FindParam(): Parameter 'TIME_NS' not found
05-25 10:58:21.381 E/NetlinkEvent( 1603): NetlinkEvent::FindParam(): Parameter 'UID' not found
05-25 10:59:34.365 E/NetlinkEvent( 1603): NetlinkEvent::FindParam(): Parameter 'INTERFACE' not found
05-25 10:59:34.365 E/NetlinkEvent( 1603): NetlinkEvent::FindParam(): Parameter 'STATE' not found
05-25 10:59:34.365 E/NetlinkEvent( 1603): NetlinkEvent::FindParam(): Parameter 'TIME_NS' not found
05-25 10:59:34.365 E/NetlinkEvent( 1603): NetlinkEvent::FindParam(): Parameter 'UID' not found
05-25 11:00:33.367 E/ActivityTaskManager( 3077): Abort background activity starts from 10376
05-25 11:00:33.392 E/ActivityTaskManager( 3077): Abort background activity starts from 10376
05-25 11:00:33.529 E/keystore2( 1354): system/security/keystore2/src/rkpd_client.rs:172 - IGetKeyCallback failed: Device doesnot support RKP
05-25 11:03:52.797 E/NotificationService( 3077): Muting recently noisy 0|in.rebase.app|1|null|10471
05-25 11:04:33.685 E/AppOps  ( 3077): attributionTag VCN not declared in manifest of android
05-25 11:04:33.686 E/AppOps  ( 3077): attributionTag VCN not declared in manifest of android
05-25 11:04:33.686 E/AppOps  ( 3077): attributionTag VCN not declared in manifest of android
05-25 11:04:33.716 E/AppOps  ( 3077): attributionTag VCN not declared in manifest of android
05-25 11:04:33.720 E/AppOps  ( 3077): attributionTag VCN not declared in manifest of android
05-25 11:04:33.725 E/AppOps  ( 3077): attributionTag VCN not declared in manifest of android
05-25 11:04:33.744 E/AppOps  ( 3077): attributionTag VCN not declared in manifest of android
05-25 11:04:33.759 E/AppOps  ( 3077): attributionTag VCN not declared in manifest of android
05-25 11:04:33.775 E/AppOps  ( 3077): attributionTag VCN not declared in manifest of android
05-25 11:07:33.672 E/keystore2( 1354): system/security/keystore2/src/rkpd_client.rs:172 - IGetKeyCallback failed: Device doesnot support RKP
05-25 11:12:09.333 E/AppOps  ( 3077): attributionTag VCN not declared in manifest of android
05-25 11:12:09.341 E/AppOps  ( 3077): attributionTag VCN not declared in manifest of android
05-25 11:12:09.347 E/AppOps  ( 3077): attributionTag VCN not declared in manifest of android
05-25 11:12:09.463 E/AppOps  ( 3077): attributionTag VCN not declared in manifest of android
05-25 11:12:09.464 E/AppOps  ( 3077): attributionTag VCN not declared in manifest of android
05-25 11:12:09.466 E/AppOps  ( 3077): attributionTag VCN not declared in manifest of android
05-25 11:12:09.471 E/AppOps  ( 3077): attributionTag VCN not declared in manifest of android
05-25 11:12:09.472 E/AppOps  ( 3077): attributionTag VCN not declared in manifest of android
05-25 11:12:09.473 E/AppOps  ( 3077): attributionTag VCN not declared in manifest of android
--------- beginning of main
05-25 11:12:55.091 E/RIL-MOTEXT( 2502): qcrilUpdRegRAT, called , rat =5
05-25 11:12:55.118 E/RIL-MOTEXT( 2502): qcrilUpdateOperator, called
05-25 11:12:57.729 E/RIL-MOTEXT( 2502): qcrilUpdRegRAT, called , rat =5
05-25 11:12:57.761 E/RIL-MOTEXT( 2502): qcrilUpdateOperator, called
05-25 11:13:06.226 E/ANDR-PERF-LM( 1849): MetaMeter: handleAsync() 166: AdaptLaunch Invalid Async
05-25 11:13:06.226 E/ANDR-PERF-LM( 1849): MetaMeter: handleAsync() 166: AdaptLaunch Invalid Async
05-25 11:13:06.258 E/OpenGLRenderer( 7709): Unable to match the desired swap behavior.
05-25 11:13:06.266 E/ANDR-PERF-LM( 1849): MetaMeter: handleAsync() 166: AdaptLaunch Invalid Async
05-25 11:13:06.299 E/QTI PowerHAL( 1767): Failed to acquire lock for hint_id: 10A5.
05-25 11:13:06.328 E/ANDR-PERF-LM( 1849): MetaMeter: handleAsync() 166: AdaptLaunch Invalid Async
05-25 11:13:07.189 E/AudioSessionManager(28260): attachToPlayer called with player: androidx.media3.exoplayer.ExoPlayerImpl@9049caa
05-25 11:13:07.189 E/AudioSessionManager(28260): Handling session change: 0 -> 42265
05-25 11:13:07.265 E/ANDR-PERF-LM( 1849): VmRssMeter:: start() 358: Could not find pid, can not collect vmrss data
05-25 11:13:07.265 E/ANDR-PERF-LM( 1849): AdaptiveLaunch: writeToDataBase() 64: Meter aborted or could not get meter data for this run
05-25 11:13:07.267 E/ANDR-PERF-LM( 1849): VmRssMeter:: start() 358: Could not find pid, can not collect vmrss data
05-25 11:13:07.428 E/chromium(28260): [0525/111307.427625:ERROR:android_webview/browser/variations/variations_seed_loader.cc:39] Seed missing signature.
05-25 11:13:07.471 E/libc    (28308): SetHeapTaggingLevel: re-enabling tagging after it was disabled is not supported
05-25 11:13:07.682 E/OpenGLRenderer(28260): Unable to match the desired swap behavior.
05-25 11:13:08.906 E/ity.app.android(28434): No package ID 6a found for resource ID 0x6a0b0013.
05-25 11:13:09.053 E/HeadsetStateMachine( 3992): returning mCurrentState as Disconnected
05-25 11:13:09.053 E/HeadsetStateMachine( 3992): returning mCurrentState as Disconnected
05-25 11:13:09.053 E/HeadsetStateMachine( 3992): returning mCurrentState as Disconnected
05-25 11:13:09.053 E/HeadsetStateMachine( 3992): returning mCurrentState as Disconnected
05-25 11:13:09.053 E/HeadsetStateMachine( 3992): returning mCurrentState as Disconnected
05-25 11:13:09.053 E/HeadsetStateMachine( 3992): returning mCurrentState as Disconnected
05-25 11:13:09.053 E/HeadsetStateMachine( 3992): returning mCurrentState as Disconnected
05-25 11:13:09.053 E/HeadsetStateMachine( 3992): returning mCurrentState as Disconnected
05-25 11:13:09.053 E/HeadsetStateMachine( 3992): returning mCurrentState as Disconnected
05-25 11:13:09.053 E/HeadsetStateMachine( 3992): returning mCurrentState as Disconnected
05-25 11:13:09.053 E/HeadsetStateMachine( 3992): returning mCurrentState as Disconnected
05-25 11:13:09.053 E/HeadsetStateMachine( 3992): returning mCurrentState as Disconnected
05-25 11:13:09.053 E/HeadsetStateMachine( 3992): returning mCurrentState as Disconnected
05-25 11:13:09.053 E/HeadsetStateMachine( 3992): returning mCurrentState as Disconnected
05-25 11:13:09.053 E/HeadsetStateMachine( 3992): returning mCurrentState as Disconnected
05-25 11:13:09.053 E/HeadsetStateMachine( 3992): returning mCurrentState as Disconnected
05-25 11:13:09.053 E/HeadsetStateMachine( 3992): returning mCurrentState as Disconnected
05-25 11:13:09.053 E/HeadsetStateMachine( 3992): returning mCurrentState as Disconnected
05-25 11:13:09.053 E/HeadsetStateMachine( 3992): returning mCurrentState as Disconnected
05-25 11:13:09.053 E/HeadsetStateMachine( 3992): returning mCurrentState as Disconnected
05-25 11:13:09.059 E/HeadsetStateMachine( 3992): returning mCurrentState as Disconnected
05-25 11:13:09.059 E/HeadsetStateMachine( 3992): returning mCurrentState as Disconnected
05-25 11:13:09.059 E/HeadsetStateMachine( 3992): returning mCurrentState as Disconnected
05-25 11:13:09.059 E/HeadsetStateMachine( 3992): returning mCurrentState as Disconnected
05-25 11:13:09.063 E/HeadsetStateMachine( 3992): returning mCurrentState as Disconnected
05-25 11:13:09.063 E/HeadsetStateMachine( 3992): returning mCurrentState as Disconnected
05-25 11:13:09.063 E/HeadsetStateMachine( 3992): returning mCurrentState as Disconnected
05-25 11:13:09.063 E/HeadsetStateMachine( 3992): returning mCurrentState as Disconnected
05-25 11:13:09.063 E/HeadsetStateMachine( 3992): returning mCurrentState as Disconnected
05-25 11:13:09.063 E/HeadsetStateMachine( 3992): returning mCurrentState as Disconnected
05-25 11:13:09.063 E/HeadsetStateMachine( 3992): returning mCurrentState as Disconnected
05-25 11:13:09.063 E/HeadsetStateMachine( 3992): returning mCurrentState as Disconnected
05-25 11:13:09.064 E/HeadsetStateMachine( 3992): returning mCurrentState as Disconnected
05-25 11:13:09.064 E/HeadsetStateMachine( 3992): returning mCurrentState as Disconnected
05-25 11:13:09.064 E/HeadsetStateMachine( 3992): returning mCurrentState as Disconnected
05-25 11:13:09.064 E/HeadsetStateMachine( 3992): returning mCurrentState as Disconnected
05-25 11:13:09.064 E/HeadsetStateMachine( 3992): returning mCurrentState as Disconnected
05-25 11:13:09.064 E/HeadsetStateMachine( 3992): returning mCurrentState as Disconnected
05-25 11:13:09.064 E/HeadsetStateMachine( 3992): returning mCurrentState as Disconnected
05-25 11:13:09.064 E/HeadsetStateMachine( 3992): returning mCurrentState as Disconnected
05-25 11:13:09.064 E/HeadsetStateMachine( 3992): returning mCurrentState as Disconnected
05-25 11:13:09.064 E/HeadsetStateMachine( 3992): returning mCurrentState as Disconnected
05-25 11:13:09.064 E/HeadsetStateMachine( 3992): returning mCurrentState as Disconnected
05-25 11:13:09.064 E/HeadsetStateMachine( 3992): returning mCurrentState as Disconnected
05-25 11:13:09.065 E/HeadsetStateMachine( 3992): returning mCurrentState as Disconnected
05-25 11:13:09.065 E/HeadsetStateMachine( 3992): returning mCurrentState as Disconnected
05-25 11:13:09.065 E/HeadsetStateMachine( 3992): returning mCurrentState as Disconnected
05-25 11:13:09.065 E/HeadsetStateMachine( 3992): returning mCurrentState as Disconnected
05-25 11:13:09.065 E/HeadsetStateMachine( 3992): returning mCurrentState as Disconnected
05-25 11:13:09.065 E/HeadsetStateMachine( 3992): returning mCurrentState as Disconnected
05-25 11:13:09.065 E/HeadsetStateMachine( 3992): returning mCurrentState as Disconnected
05-25 11:13:09.065 E/HeadsetStateMachine( 3992): returning mCurrentState as Disconnected
05-25 11:13:09.065 E/HeadsetStateMachine( 3992): returning mCurrentState as Disconnected
05-25 11:13:09.066 E/HeadsetStateMachine( 3992): returning mCurrentState as Disconnected
05-25 11:13:09.066 E/HeadsetStateMachine( 3992): returning mCurrentState as Disconnected
05-25 11:13:09.066 E/HeadsetStateMachine( 3992): returning mCurrentState as Disconnected
05-25 11:13:09.066 E/HeadsetStateMachine( 3992): returning mCurrentState as Disconnected
05-25 11:13:09.066 E/HeadsetStateMachine( 3992): returning mCurrentState as Disconnected
05-25 11:13:09.066 E/HeadsetStateMachine( 3992): returning mCurrentState as Disconnected
05-25 11:13:09.066 E/HeadsetStateMachine( 3992): returning mCurrentState as Disconnected
05-25 11:13:09.066 E/HeadsetStateMachine( 3992): returning mCurrentState as Disconnected
05-25 11:13:09.066 E/HeadsetStateMachine( 3992): returning mCurrentState as Disconnected
05-25 11:13:09.066 E/HeadsetStateMachine( 3992): returning mCurrentState as Disconnected
05-25 11:13:09.066 E/HeadsetStateMachine( 3992): returning mCurrentState as Disconnected
05-25 11:13:09.068 E/HeadsetStateMachine( 3992): returning mCurrentState as Disconnected
05-25 11:13:09.068 E/HeadsetStateMachine( 3992): returning mCurrentState as Disconnected
05-25 11:13:09.068 E/HeadsetStateMachine( 3992): returning mCurrentState as Disconnected
05-25 11:13:09.068 E/HeadsetStateMachine( 3992): returning mCurrentState as Disconnected
05-25 11:13:09.068 E/HeadsetStateMachine( 3992): returning mCurrentState as Disconnected
05-25 11:13:09.068 E/HeadsetStateMachine( 3992): returning mCurrentState as Disconnected
05-25 11:13:09.068 E/HeadsetStateMachine( 3992): returning mCurrentState as Disconnected
05-25 11:13:09.068 E/HeadsetStateMachine( 3992): returning mCurrentState as Disconnected
05-25 11:13:09.069 E/HeadsetStateMachine( 3992): returning mCurrentState as Disconnected
05-25 11:13:09.069 E/HeadsetStateMachine( 3992): returning mCurrentState as Disconnected
05-25 11:13:09.069 E/HeadsetStateMachine( 3992): returning mCurrentState as Disconnected
05-25 11:13:09.069 E/HeadsetStateMachine( 3992): returning mCurrentState as Disconnected
05-25 11:13:09.069 E/HeadsetStateMachine( 3992): returning mCurrentState as Disconnected
05-25 11:13:09.069 E/HeadsetStateMachine( 3992): returning mCurrentState as Disconnected
05-25 11:13:09.069 E/HeadsetStateMachine( 3992): returning mCurrentState as Disconnected
05-25 11:13:09.069 E/HeadsetStateMachine( 3992): returning mCurrentState as Disconnected
05-25 11:13:09.069 E/HeadsetStateMachine( 3992): returning mCurrentState as Disconnected
05-25 11:13:09.069 E/HeadsetStateMachine( 3992): returning mCurrentState as Disconnected
05-25 11:13:09.069 E/HeadsetStateMachine( 3992): returning mCurrentState as Disconnected
05-25 11:13:09.069 E/HeadsetStateMachine( 3992): returning mCurrentState as Disconnected
05-25 11:13:09.108 E/HeadsetStateMachine( 3992): returning mCurrentState as Disconnected
05-25 11:13:09.108 E/HeadsetStateMachine( 3992): returning mCurrentState as Disconnected
05-25 11:13:09.108 E/HeadsetStateMachine( 3992): returning mCurrentState as Disconnected
05-25 11:13:09.108 E/HeadsetStateMachine( 3992): returning mCurrentState as Disconnected
05-25 11:13:09.108 E/HeadsetStateMachine( 3992): returning mCurrentState as Disconnected
05-25 11:13:09.108 E/HeadsetStateMachine( 3992): returning mCurrentState as Disconnected
05-25 11:13:09.108 E/HeadsetStateMachine( 3992): returning mCurrentState as Disconnected
05-25 11:13:09.108 E/HeadsetStateMachine( 3992): returning mCurrentState as Disconnected
05-25 11:13:09.108 E/HeadsetStateMachine( 3992): returning mCurrentState as Disconnected
05-25 11:13:09.108 E/HeadsetStateMachine( 3992): returning mCurrentState as Disconnected
05-25 11:13:09.108 E/HeadsetStateMachine( 3992): returning mCurrentState as Disconnected
05-25 11:13:09.108 E/HeadsetStateMachine( 3992): returning mCurrentState as Disconnected
05-25 11:13:09.108 E/HeadsetStateMachine( 3992): returning mCurrentState as Disconnected
05-25 11:13:09.108 E/HeadsetStateMachine( 3992): returning mCurrentState as Disconnected
05-25 11:13:09.108 E/HeadsetStateMachine( 3992): returning mCurrentState as Disconnected
05-25 11:13:09.108 E/HeadsetStateMachine( 3992): returning mCurrentState as Disconnected
05-25 11:13:09.109 E/HeadsetStateMachine( 3992): returning mCurrentState as Disconnected
05-25 11:13:09.109 E/HeadsetStateMachine( 3992): returning mCurrentState as Disconnected
05-25 11:13:09.109 E/HeadsetStateMachine( 3992): returning mCurrentState as Disconnected
05-25 11:13:09.109 E/HeadsetStateMachine( 3992): returning mCurrentState as Disconnected
05-25 11:13:10.205 E/HeadsetStateMachine( 3992): returning mCurrentState as Disconnected
05-25 11:13:10.205 E/HeadsetStateMachine( 3992): returning mCurrentState as Disconnected
05-25 11:13:10.205 E/HeadsetStateMachine( 3992): returning mCurrentState as Disconnected
05-25 11:13:10.205 E/HeadsetStateMachine( 3992): returning mCurrentState as Disconnected
05-25 11:13:10.205 E/HeadsetStateMachine( 3992): returning mCurrentState as Disconnected
05-25 11:13:10.205 E/HeadsetStateMachine( 3992): returning mCurrentState as Disconnected
05-25 11:13:10.205 E/HeadsetStateMachine( 3992): returning mCurrentState as Disconnected
05-25 11:13:10.205 E/HeadsetStateMachine( 3992): returning mCurrentState as Disconnected
05-25 11:13:10.205 E/HeadsetStateMachine( 3992): returning mCurrentState as Disconnected
05-25 11:13:10.205 E/HeadsetStateMachine( 3992): returning mCurrentState as Disconnected
05-25 11:13:10.205 E/HeadsetStateMachine( 3992): returning mCurrentState as Disconnected
05-25 11:13:10.205 E/HeadsetStateMachine( 3992): returning mCurrentState as Disconnected
05-25 11:13:10.205 E/HeadsetStateMachine( 3992): returning mCurrentState as Disconnected
05-25 11:13:10.205 E/HeadsetStateMachine( 3992): returning mCurrentState as Disconnected
05-25 11:13:10.205 E/HeadsetStateMachine( 3992): returning mCurrentState as Disconnected
05-25 11:13:10.205 E/HeadsetStateMachine( 3992): returning mCurrentState as Disconnected
05-25 11:13:10.205 E/HeadsetStateMachine( 3992): returning mCurrentState as Disconnected
05-25 11:13:10.205 E/HeadsetStateMachine( 3992): returning mCurrentState as Disconnected
05-25 11:13:10.205 E/HeadsetStateMachine( 3992): returning mCurrentState as Disconnected
05-25 11:13:10.205 E/HeadsetStateMachine( 3992): returning mCurrentState as Disconnected
05-25 11:13:10.265 E/system_server( 3077): No package ID 7f found for resource ID 0x7f08008c.
05-25 11:13:10.265 E/system_server( 3077): No package ID 7f found for resource ID 0x7f1408e1.
05-25 11:13:10.265 E/system_server( 3077): No package ID 7f found for resource ID 0x7f1408dd.
05-25 11:13:10.265 E/system_server( 3077): No package ID 7f found for resource ID 0x7f08008d.
05-25 11:13:10.265 E/system_server( 3077): No package ID 7f found for resource ID 0x7f1408e2.
05-25 11:13:10.265 E/system_server( 3077): No package ID 7f found for resource ID 0x7f1408de.
05-25 11:13:10.265 E/system_server( 3077): No package ID 7f found for resource ID 0x7f080092.
05-25 11:13:10.266 E/system_server( 3077): No package ID 7f found for resource ID 0x7f1408e4.
05-25 11:13:10.266 E/system_server( 3077): No package ID 7f found for resource ID 0x7f1408e0.
05-25 11:13:11.396 E/PlayerController(28260): playMedia called with item: Remote(id=7c3-Gei5j4w, title=Chaand Baaliyan – Aditya A. | Trending Song | Official Video, artist=Sony Music India, artworkUri=https://i.ytimg.com/vi/7c3-Gei5j4w/hq720.jpg?sqp=-oaymwEcCNAFEJQDSFXyq4qpAw4IARUAAIhCGAFwAcABBg==&rs=AOn4CLC4g6eQMG5eZgivYA73UaxnR7Lnaw, duration=122000, streamUri=null, isVideo=true)
05-25 11:13:11.625 E/PlayerController(28260): Remote item: Chaand Baaliyan – Aditya A. | Trending Song | Official Video, id: 7c3-Gei5j4w, streamUri: null
05-25 11:13:11.625 E/PlayerController(28260): streamUri is null or empty, fetching getStreamUrl...
05-25 11:13:14.936 E/DatabaseUtils( 4090): Writing exception to parcel
05-25 11:13:14.936 E/DatabaseUtils( 4090): java.lang.SecurityException: No permission to access APN settings
05-25 11:13:14.936 E/DatabaseUtils( 4090): 	at com.android.providers.telephony.TelephonyProvider.checkPermissionForApnTable(TelephonyProvider.java:5480)
05-25 11:13:14.936 E/DatabaseUtils( 4090): 	at com.android.providers.telephony.TelephonyProvider.checkPermission(TelephonyProvider.java:5452)
05-25 11:13:14.936 E/DatabaseUtils( 4090): 	at com.android.providers.telephony.TelephonyProvider.checkPermissionCompat(TelephonyProvider.java:5497)
05-25 11:13:14.936 E/DatabaseUtils( 4090): 	at com.android.providers.telephony.TelephonyProvider.query(TelephonyProvider.java:4063)
05-25 11:13:14.936 E/DatabaseUtils( 4090): 	at android.content.ContentProvider.query(ContentProvider.java:1619)
05-25 11:13:14.936 E/DatabaseUtils( 4090): 	at android.content.ContentProvider.query(ContentProvider.java:1715)
05-25 11:13:14.936 E/DatabaseUtils( 4090): 	at android.content.ContentProvider$Transport.query(ContentProvider.java:302)
05-25 11:13:14.936 E/DatabaseUtils( 4090): 	at android.content.ContentProviderNative.onTransact(ContentProviderNative.java:107)
05-25 11:13:14.936 E/DatabaseUtils( 4090): 	at android.os.Binder.execTransactInternal(Binder.java:1380)
05-25 11:13:14.936 E/DatabaseUtils( 4090): 	at android.os.Binder.execTransact(Binder.java:1310)
05-25 11:13:14.936 E/RequestContextBuilder( 9843): Could not get APN after (but including) LollipopMr1: 
05-25 11:13:14.936 E/RequestContextBuilder( 9843): java.lang.SecurityException: No permission to access APN settings
05-25 11:13:14.936 E/RequestContextBuilder( 9843): 	at android.os.Parcel.createExceptionOrNull(Parcel.java:3079)
05-25 11:13:14.936 E/RequestContextBuilder( 9843): 	at android.os.Parcel.createException(Parcel.java:3063)
05-25 11:13:14.936 E/RequestContextBuilder( 9843): 	at android.os.Parcel.readException(Parcel.java:3046)
05-25 11:13:14.936 E/RequestContextBuilder( 9843): 	at android.database.DatabaseUtils.readExceptionFromParcel(DatabaseUtils.java:190)
05-25 11:13:14.936 E/RequestContextBuilder( 9843): 	at android.database.DatabaseUtils.readExceptionFromParcel(DatabaseUtils.java:142)
05-25 11:13:14.936 E/RequestContextBuilder( 9843): 	at android.content.ContentProviderProxy.query(ContentProviderNative.java:495)
05-25 11:13:14.936 E/RequestContextBuilder( 9843): 	at android.content.ContentResolver.query(ContentResolver.java:1229)
05-25 11:13:14.936 E/RequestContextBuilder( 9843): 	at android.content.ContentResolver.query(ContentResolver.java:1161)
05-25 11:13:14.936 E/RequestContextBuilder( 9843): 	at android.content.ContentResolver.query(ContentResolver.java:1117)
05-25 11:13:14.936 E/RequestContextBuilder( 9843): 	at bksn.b(PG:113)
05-25 11:13:14.936 E/RequestContextBuilder( 9843): 	at bksn.a(PG:137)
05-25 11:13:14.936 E/RequestContextBuilder( 9843): 	at bkol.a(PG:608)
05-25 11:13:14.936 E/RequestContextBuilder( 9843): 	at bkok.s(PG:5)
05-25 11:13:14.936 E/RequestContextBuilder( 9843): 	at bkok.n(PG:52)
05-25 11:13:14.936 E/RequestContextBuilder( 9843): 	at qrm.call(PG:435)
05-25 11:13:14.936 E/RequestContextBuilder( 9843): 	at bmzq.a(PG:3)
05-25 11:13:14.936 E/RequestContextBuilder( 9843): 	at bmyv.run(PG:19)
05-25 11:13:14.936 E/RequestContextBuilder( 9843): 	at bmzr.run(PG:5)
05-25 11:13:14.936 E/RequestContextBuilder( 9843): 	at java.util.concurrent.ThreadPoolExecutor.runWorker(ThreadPoolExecutor.java:1154)
05-25 11:13:14.936 E/RequestContextBuilder( 9843): 	at java.util.concurrent.ThreadPoolExecutor$Worker.run(ThreadPoolExecutor.java:652)
05-25 11:13:14.936 E/RequestContextBuilder( 9843): 	at vpy.run(PG:636)
05-25 11:13:14.936 E/RequestContextBuilder( 9843): 	at java.lang.Thread.run(Thread.java:1564)
05-25 11:13:15.016 E/KeymasterUtils( 1268): rsp_header->status: -28
05-25 11:13:15.016 E/KeyMasterHalDevice( 1268): abort_operation
05-25 11:13:15.016 E/KeyMasterHalDevice( 1268): ret: -28
05-25 11:13:15.072 E/KeymasterUtils( 1268): rsp_header->status: -28
05-25 11:13:15.072 E/KeyMasterHalDevice( 1268): abort_operation
05-25 11:13:15.072 E/KeyMasterHalDevice( 1268): ret: -28
05-25 11:13:15.101 E/PlayerController(28260): First extraction fetched: null
05-25 11:13:15.101 E/PlayerController(28260): All stream extraction attempts failed!
05-25 11:13:15.110 E/PlayerController(28260): Video item fallback: using YouTube iframe playback
05-25 11:13:15.151 E/OpenGLRenderer( 7709): Unable to match the desired swap behavior.
05-25 11:13:15.952 E/HeadsetStateMachine( 3992): returning mCurrentState as Disconnected
05-25 11:13:15.952 E/HeadsetStateMachine( 3992): returning mCurrentState as Disconnected
05-25 11:13:15.952 E/HeadsetStateMachine( 3992): returning mCurrentState as Disconnected
05-25 11:13:15.952 E/HeadsetStateMachine( 3992): returning mCurrentState as Disconnected
05-25 11:13:15.957 E/HeadsetStateMachine( 3992): returning mCurrentState as Disconnected
05-25 11:13:15.957 E/HeadsetStateMachine( 3992): returning mCurrentState as Disconnected
05-25 11:13:15.957 E/HeadsetStateMachine( 3992): returning mCurrentState as Disconnected
05-25 11:13:15.957 E/HeadsetStateMachine( 3992): returning mCurrentState as Disconnected
05-25 11:13:15.957 E/HeadsetStateMachine( 3992): returning mCurrentState as Disconnected
05-25 11:13:15.957 E/HeadsetStateMachine( 3992): returning mCurrentState as Disconnected
05-25 11:13:15.957 E/HeadsetStateMachine( 3992): returning mCurrentState as Disconnected
05-25 11:13:15.957 E/HeadsetStateMachine( 3992): returning mCurrentState as Disconnected
05-25 11:13:15.958 E/HeadsetStateMachine( 3992): returning mCurrentState as Disconnected
05-25 11:13:15.958 E/HeadsetStateMachine( 3992): returning mCurrentState as Disconnected
05-25 11:13:15.958 E/HeadsetStateMachine( 3992): returning mCurrentState as Disconnected
05-25 11:13:15.958 E/HeadsetStateMachine( 3992): returning mCurrentState as Disconnected
05-25 11:13:15.958 E/HeadsetStateMachine( 3992): returning mCurrentState as Disconnected
05-25 11:13:15.958 E/HeadsetStateMachine( 3992): returning mCurrentState as Disconnected
05-25 11:13:15.958 E/HeadsetStateMachine( 3992): returning mCurrentState as Disconnected
05-25 11:13:15.958 E/HeadsetStateMachine( 3992): returning mCurrentState as Disconnected
05-25 11:13:15.958 E/HeadsetStateMachine( 3992): returning mCurrentState as Disconnected
05-25 11:13:15.958 E/HeadsetStateMachine( 3992): returning mCurrentState as Disconnected
05-25 11:13:15.958 E/HeadsetStateMachine( 3992): returning mCurrentState as Disconnected
05-25 11:13:15.958 E/HeadsetStateMachine( 3992): returning mCurrentState as Disconnected
05-25 11:13:15.959 E/HeadsetStateMachine( 3992): returning mCurrentState as Disconnected
05-25 11:13:15.959 E/HeadsetStateMachine( 3992): returning mCurrentState as Disconnected
05-25 11:13:15.960 E/HeadsetStateMachine( 3992): returning mCurrentState as Disconnected
05-25 11:13:15.960 E/HeadsetStateMachine( 3992): returning mCurrentState as Disconnected
05-25 11:13:15.960 E/HeadsetStateMachine( 3992): returning mCurrentState as Disconnected
05-25 11:13:15.960 E/HeadsetStateMachine( 3992): returning mCurrentState as Disconnected
05-25 11:13:15.960 E/HeadsetStateMachine( 3992): returning mCurrentState as Disconnected
05-25 11:13:15.960 E/HeadsetStateMachine( 3992): returning mCurrentState as Disconnected
05-25 11:13:15.960 E/HeadsetStateMachine( 3992): returning mCurrentState as Disconnected
05-25 11:13:15.960 E/HeadsetStateMachine( 3992): returning mCurrentState as Disconnected
05-25 11:13:15.960 E/HeadsetStateMachine( 3992): returning mCurrentState as Disconnected
05-25 11:13:15.960 E/HeadsetStateMachine( 3992): returning mCurrentState as Disconnected
05-25 11:13:15.960 E/HeadsetStateMachine( 3992): returning mCurrentState as Disconnected
05-25 11:13:15.960 E/HeadsetStateMachine( 3992): returning mCurrentState as Disconnected
05-25 11:13:15.960 E/HeadsetStateMachine( 3992): returning mCurrentState as Disconnected
05-25 11:13:15.960 E/HeadsetStateMachine( 3992): returning mCurrentState as Disconnected
05-25 11:13:15.960 E/HeadsetStateMachine( 3992): returning mCurrentState as Disconnected
05-25 11:13:15.960 E/HeadsetStateMachine( 3992): returning mCurrentState as Disconnected
05-25 11:13:15.960 E/HeadsetStateMachine( 3992): returning mCurrentState as Disconnected
05-25 11:13:15.960 E/HeadsetStateMachine( 3992): returning mCurrentState as Disconnected
05-25 11:13:15.960 E/HeadsetStateMachine( 3992): returning mCurrentState as Disconnected
05-25 11:13:15.960 E/HeadsetStateMachine( 3992): returning mCurrentState as Disconnected
05-25 11:13:15.961 E/HeadsetStateMachine( 3992): returning mCurrentState as Disconnected
05-25 11:13:15.961 E/HeadsetStateMachine( 3992): returning mCurrentState as Disconnected
05-25 11:13:15.966 E/HeadsetStateMachine( 3992): returning mCurrentState as Disconnected
05-25 11:13:15.966 E/HeadsetStateMachine( 3992): returning mCurrentState as Disconnected
05-25 11:13:15.966 E/HeadsetStateMachine( 3992): returning mCurrentState as Disconnected
05-25 11:13:15.966 E/HeadsetStateMachine( 3992): returning mCurrentState as Disconnected
05-25 11:13:15.966 E/HeadsetStateMachine( 3992): returning mCurrentState as Disconnected
05-25 11:13:15.966 E/HeadsetStateMachine( 3992): returning mCurrentState as Disconnected
05-25 11:13:15.966 E/HeadsetStateMachine( 3992): returning mCurrentState as Disconnected
05-25 11:13:15.966 E/HeadsetStateMachine( 3992): returning mCurrentState as Disconnected
05-25 11:13:15.966 E/HeadsetStateMachine( 3992): returning mCurrentState as Disconnected
05-25 11:13:15.966 E/HeadsetStateMachine( 3992): returning mCurrentState as Disconnected
05-25 11:13:15.966 E/HeadsetStateMachine( 3992): returning mCurrentState as Disconnected
05-25 11:13:15.966 E/HeadsetStateMachine( 3992): returning mCurrentState as Disconnected
05-25 11:13:15.966 E/HeadsetStateMachine( 3992): returning mCurrentState as Disconnected
05-25 11:13:15.966 E/HeadsetStateMachine( 3992): returning mCurrentState as Disconnected
05-25 11:13:15.966 E/HeadsetStateMachine( 3992): returning mCurrentState as Disconnected
05-25 11:13:15.966 E/HeadsetStateMachine( 3992): returning mCurrentState as Disconnected
05-25 11:13:15.966 E/HeadsetStateMachine( 3992): returning mCurrentState as Disconnected
05-25 11:13:15.966 E/HeadsetStateMachine( 3992): returning mCurrentState as Disconnected
05-25 11:13:15.966 E/HeadsetStateMachine( 3992): returning mCurrentState as Disconnected
05-25 11:13:15.966 E/HeadsetStateMachine( 3992): returning mCurrentState as Disconnected
05-25 11:13:15.968 E/HeadsetStateMachine( 3992): returning mCurrentState as Disconnected
05-25 11:13:15.968 E/HeadsetStateMachine( 3992): returning mCurrentState as Disconnected
05-25 11:13:15.968 E/HeadsetStateMachine( 3992): returning mCurrentState as Disconnected
05-25 11:13:15.968 E/HeadsetStateMachine( 3992): returning mCurrentState as Disconnected
05-25 11:13:15.968 E/HeadsetStateMachine( 3992): returning mCurrentState as Disconnected
05-25 11:13:15.968 E/HeadsetStateMachine( 3992): returning mCurrentState as Disconnected
05-25 11:13:15.968 E/HeadsetStateMachine( 3992): returning mCurrentState as Disconnected
05-25 11:13:15.968 E/HeadsetStateMachine( 3992): returning mCurrentState as Disconnected
05-25 11:13:15.968 E/HeadsetStateMachine( 3992): returning mCurrentState as Disconnected
05-25 11:13:15.968 E/HeadsetStateMachine( 3992): returning mCurrentState as Disconnected
05-25 11:13:15.968 E/HeadsetStateMachine( 3992): returning mCurrentState as Disconnected
05-25 11:13:15.968 E/HeadsetStateMachine( 3992): returning mCurrentState as Disconnected
05-25 11:13:15.968 E/HeadsetStateMachine( 3992): returning mCurrentState as Disconnected
05-25 11:13:15.968 E/HeadsetStateMachine( 3992): returning mCurrentState as Disconnected
05-25 11:13:15.968 E/HeadsetStateMachine( 3992): returning mCurrentState as Disconnected
05-25 11:13:15.968 E/HeadsetStateMachine( 3992): returning mCurrentState as Disconnected
05-25 11:13:15.968 E/HeadsetStateMachine( 3992): returning mCurrentState as Disconnected
05-25 11:13:15.968 E/HeadsetStateMachine( 3992): returning mCurrentState as Disconnected
05-25 11:13:15.968 E/HeadsetStateMachine( 3992): returning mCurrentState as Disconnected
05-25 11:13:15.968 E/HeadsetStateMachine( 3992): returning mCurrentState as Disconnected
05-25 11:13:15.971 E/HeadsetStateMachine( 3992): returning mCurrentState as Disconnected
05-25 11:13:15.971 E/HeadsetStateMachine( 3992): returning mCurrentState as Disconnected
05-25 11:13:15.971 E/HeadsetStateMachine( 3992): returning mCurrentState as Disconnected
05-25 11:13:15.971 E/HeadsetStateMachine( 3992): returning mCurrentState as Disconnected
05-25 11:13:15.971 E/AudioSessionManager(28260): attachToPlayer called with player: androidx.media3.exoplayer.ExoPlayerImpl@9049caa
05-25 11:13:15.974 E/HeadsetStateMachine( 3992): returning mCurrentState as Disconnected
05-25 11:13:15.974 E/HeadsetStateMachine( 3992): returning mCurrentState as Disconnected
05-25 11:13:15.974 E/HeadsetStateMachine( 3992): returning mCurrentState as Disconnected
05-25 11:13:15.975 E/HeadsetStateMachine( 3992): returning mCurrentState as Disconnected
05-25 11:13:15.975 E/HeadsetStateMachine( 3992): returning mCurrentState as Disconnected
05-25 11:13:15.975 E/HeadsetStateMachine( 3992): returning mCurrentState as Disconnected
05-25 11:13:15.975 E/HeadsetStateMachine( 3992): returning mCurrentState as Disconnected
05-25 11:13:15.975 E/HeadsetStateMachine( 3992): returning mCurrentState as Disconnected
05-25 11:13:15.975 E/HeadsetStateMachine( 3992): returning mCurrentState as Disconnected
05-25 11:13:15.975 E/HeadsetStateMachine( 3992): returning mCurrentState as Disconnected
05-25 11:13:15.975 E/HeadsetStateMachine( 3992): returning mCurrentState as Disconnected
05-25 11:13:15.975 E/HeadsetStateMachine( 3992): returning mCurrentState as Disconnected
05-25 11:13:15.975 E/HeadsetStateMachine( 3992): returning mCurrentState as Disconnected
05-25 11:13:15.975 E/HeadsetStateMachine( 3992): returning mCurrentState as Disconnected
05-25 11:13:15.975 E/HeadsetStateMachine( 3992): returning mCurrentState as Disconnected
05-25 11:13:15.975 E/HeadsetStateMachine( 3992): returning mCurrentState as Disconnected
05-25 11:13:15.975 E/HeadsetStateMachine( 3992): returning mCurrentState as Disconnected
05-25 11:13:15.975 E/HeadsetStateMachine( 3992): returning mCurrentState as Disconnected
05-25 11:13:15.975 E/HeadsetStateMachine( 3992): returning mCurrentState as Disconnected
05-25 11:13:15.975 E/HeadsetStateMachine( 3992): returning mCurrentState as Disconnected
05-25 11:13:15.976 E/BluetoothAvrcpServiceJni( 3992): updatePlayStatusToStack
05-25 11:13:15.976 E/bt_btif ( 3992): update_play_status_to_stack:invalid index,remote suspend not set
05-25 11:13:15.976 E/BluetoothAvrcpServiceJni( 3992): updatePlayStatusToStack: status: 1
05-25 11:13:15.979 E/HeadsetStateMachine( 3992): returning mCurrentState as Disconnected
05-25 11:13:15.979 E/HeadsetStateMachine( 3992): returning mCurrentState as Disconnected
05-25 11:13:15.979 E/HeadsetStateMachine( 3992): returning mCurrentState as Disconnected
05-25 11:13:15.979 E/HeadsetStateMachine( 3992): returning mCurrentState as Disconnected
05-25 11:13:15.979 E/HeadsetStateMachine( 3992): returning mCurrentState as Disconnected
05-25 11:13:15.979 E/HeadsetStateMachine( 3992): returning mCurrentState as Disconnected
05-25 11:13:15.979 E/HeadsetStateMachine( 3992): returning mCurrentState as Disconnected
05-25 11:13:15.979 E/HeadsetStateMachine( 3992): returning mCurrentState as Disconnected
05-25 11:13:15.979 E/HeadsetStateMachine( 3992): returning mCurrentState as Disconnected
05-25 11:13:15.979 E/HeadsetStateMachine( 3992): returning mCurrentState as Disconnected
05-25 11:13:15.979 E/HeadsetStateMachine( 3992): returning mCurrentState as Disconnected
05-25 11:13:15.979 E/HeadsetStateMachine( 3992): returning mCurrentState as Disconnected
05-25 11:13:15.979 E/HeadsetStateMachine( 3992): returning mCurrentState as Disconnected
05-25 11:13:15.979 E/HeadsetStateMachine( 3992): returning mCurrentState as Disconnected
05-25 11:13:15.979 E/HeadsetStateMachine( 3992): returning mCurrentState as Disconnected
05-25 11:13:15.979 E/HeadsetStateMachine( 3992): returning mCurrentState as Disconnected
05-25 11:13:15.979 E/HeadsetStateMachine( 3992): returning mCurrentState as Disconnected
05-25 11:13:15.979 E/HeadsetStateMachine( 3992): returning mCurrentState as Disconnected
05-25 11:13:15.979 E/HeadsetStateMachine( 3992): returning mCurrentState as Disconnected
05-25 11:13:15.979 E/HeadsetStateMachine( 3992): returning mCurrentState as Disconnected
05-25 11:13:15.983 E/HeadsetStateMachine( 3992): returning mCurrentState as Disconnected
05-25 11:13:15.983 E/HeadsetStateMachine( 3992): returning mCurrentState as Disconnected
05-25 11:13:15.983 E/HeadsetStateMachine( 3992): returning mCurrentState as Disconnected
05-25 11:13:15.983 E/HeadsetStateMachine( 3992): returning mCurrentState as Disconnected
05-25 11:13:15.983 E/HeadsetStateMachine( 3992): returning mCurrentState as Disconnected
05-25 11:13:15.983 E/HeadsetStateMachine( 3992): returning mCurrentState as Disconnected
05-25 11:13:15.983 E/HeadsetStateMachine( 3992): returning mCurrentState as Disconnected
05-25 11:13:15.983 E/HeadsetStateMachine( 3992): returning mCurrentState as Disconnected
05-25 11:13:15.983 E/HeadsetStateMachine( 3992): returning mCurrentState as Disconnected
05-25 11:13:15.983 E/HeadsetStateMachine( 3992): returning mCurrentState as Disconnected
05-25 11:13:15.983 E/HeadsetStateMachine( 3992): returning mCurrentState as Disconnected
05-25 11:13:15.983 E/HeadsetStateMachine( 3992): returning mCurrentState as Disconnected
05-25 11:13:15.983 E/HeadsetStateMachine( 3992): returning mCurrentState as Disconnected
05-25 11:13:15.983 E/HeadsetStateMachine( 3992): returning mCurrentState as Disconnected
05-25 11:13:15.983 E/HeadsetStateMachine( 3992): returning mCurrentState as Disconnected
05-25 11:13:15.983 E/HeadsetStateMachine( 3992): returning mCurrentState as Disconnected
05-25 11:13:15.983 E/HeadsetStateMachine( 3992): returning mCurrentState as Disconnected
05-25 11:13:15.983 E/HeadsetStateMachine( 3992): returning mCurrentState as Disconnected
05-25 11:13:15.984 E/HeadsetStateMachine( 3992): returning mCurrentState as Disconnected
05-25 11:13:15.984 E/HeadsetStateMachine( 3992): returning mCurrentState as Disconnected
05-25 11:13:15.986 E/HeadsetStateMachine( 3992): returning mCurrentState as Disconnected
05-25 11:13:15.986 E/HeadsetStateMachine( 3992): returning mCurrentState as Disconnected
05-25 11:13:15.986 E/HeadsetStateMachine( 3992): returning mCurrentState as Disconnected
05-25 11:13:15.986 E/HeadsetStateMachine( 3992): returning mCurrentState as Disconnected
05-25 11:13:15.986 E/HeadsetStateMachine( 3992): returning mCurrentState as Disconnected
05-25 11:13:15.986 E/HeadsetStateMachine( 3992): returning mCurrentState as Disconnected
05-25 11:13:15.986 E/HeadsetStateMachine( 3992): returning mCurrentState as Disconnected
05-25 11:13:15.986 E/HeadsetStateMachine( 3992): returning mCurrentState as Disconnected
05-25 11:13:15.986 E/HeadsetStateMachine( 3992): returning mCurrentState as Disconnected
05-25 11:13:15.986 E/HeadsetStateMachine( 3992): returning mCurrentState as Disconnected
05-25 11:13:15.986 E/HeadsetStateMachine( 3992): returning mCurrentState as Disconnected
05-25 11:13:15.986 E/HeadsetStateMachine( 3992): returning mCurrentState as Disconnected
05-25 11:13:15.986 E/HeadsetStateMachine( 3992): returning mCurrentState as Disconnected
05-25 11:13:15.986 E/HeadsetStateMachine( 3992): returning mCurrentState as Disconnected
05-25 11:13:15.986 E/HeadsetStateMachine( 3992): returning mCurrentState as Disconnected
05-25 11:13:15.986 E/HeadsetStateMachine( 3992): returning mCurrentState as Disconnected
05-25 11:13:15.986 E/HeadsetStateMachine( 3992): returning mCurrentState as Disconnected
05-25 11:13:15.986 E/HeadsetStateMachine( 3992): returning mCurrentState as Disconnected
05-25 11:13:15.986 E/HeadsetStateMachine( 3992): returning mCurrentState as Disconnected
05-25 11:13:15.986 E/HeadsetStateMachine( 3992): returning mCurrentState as Disconnected
05-25 11:13:16.163 E/HeadsetStateMachine( 3992): returning mCurrentState as Disconnected
05-25 11:13:16.163 E/HeadsetStateMachine( 3992): returning mCurrentState as Disconnected
05-25 11:13:16.163 E/HeadsetStateMachine( 3992): returning mCurrentState as Disconnected
05-25 11:13:16.163 E/HeadsetStateMachine( 3992): returning mCurrentState as Disconnected
05-25 11:13:16.164 E/HeadsetStateMachine( 3992): returning mCurrentState as Disconnected
05-25 11:13:16.164 E/HeadsetStateMachine( 3992): returning mCurrentState as Disconnected
05-25 11:13:16.164 E/HeadsetStateMachine( 3992): returning mCurrentState as Disconnected
05-25 11:13:16.164 E/HeadsetStateMachine( 3992): returning mCurrentState as Disconnected
05-25 11:13:16.164 E/HeadsetStateMachine( 3992): returning mCurrentState as Disconnected
05-25 11:13:16.164 E/HeadsetStateMachine( 3992): returning mCurrentState as Disconnected
05-25 11:13:16.164 E/HeadsetStateMachine( 3992): returning mCurrentState as Disconnected
05-25 11:13:16.164 E/HeadsetStateMachine( 3992): returning mCurrentState as Disconnected
05-25 11:13:16.164 E/HeadsetStateMachine( 3992): returning mCurrentState as Disconnected
05-25 11:13:16.164 E/HeadsetStateMachine( 3992): returning mCurrentState as Disconnected
05-25 11:13:16.164 E/HeadsetStateMachine( 3992): returning mCurrentState as Disconnected
05-25 11:13:16.164 E/HeadsetStateMachine( 3992): returning mCurrentState as Disconnected
05-25 11:13:16.165 E/HeadsetStateMachine( 3992): returning mCurrentState as Disconnected
05-25 11:13:16.165 E/HeadsetStateMachine( 3992): returning mCurrentState as Disconnected
05-25 11:13:16.165 E/HeadsetStateMachine( 3992): returning mCurrentState as Disconnected
05-25 11:13:16.165 E/HeadsetStateMachine( 3992): returning mCurrentState as Disconnected
05-25 11:13:16.167 E/HybridPlayerCard(28260): LaunchedEffect: controlsVisible=true, isPlaying=true, interactionCount=0
05-25 11:13:16.167 E/YouTubeVideoPlayer(28260): LaunchedEffect triggered - videoId: 7c3-Gei5j4w, isPlaying: true, muteWebViewAudio: true
05-25 11:13:16.167 E/HeadsetStateMachine( 3992): returning mCurrentState as Disconnected
05-25 11:13:16.167 E/HeadsetStateMachine( 3992): returning mCurrentState as Disconnected
05-25 11:13:16.167 E/HeadsetStateMachine( 3992): returning mCurrentState as Disconnected
05-25 11:13:16.167 E/HeadsetStateMachine( 3992): returning mCurrentState as Disconnected
05-25 11:13:16.168 E/HeadsetStateMachine( 3992): returning mCurrentState as Disconnected
05-25 11:13:16.168 E/HeadsetStateMachine( 3992): returning mCurrentState as Disconnected
05-25 11:13:16.168 E/HeadsetStateMachine( 3992): returning mCurrentState as Disconnected
05-25 11:13:16.168 E/HeadsetStateMachine( 3992): returning mCurrentState as Disconnected
05-25 11:13:16.168 E/HeadsetStateMachine( 3992): returning mCurrentState as Disconnected
05-25 11:13:16.168 E/HeadsetStateMachine( 3992): returning mCurrentState as Disconnected
05-25 11:13:16.168 E/HeadsetStateMachine( 3992): returning mCurrentState as Disconnected
05-25 11:13:16.168 E/HeadsetStateMachine( 3992): returning mCurrentState as Disconnected
05-25 11:13:16.168 E/HeadsetStateMachine( 3992): returning mCurrentState as Disconnected
05-25 11:13:16.168 E/HeadsetStateMachine( 3992): returning mCurrentState as Disconnected
05-25 11:13:16.168 E/HeadsetStateMachine( 3992): returning mCurrentState as Disconnected
05-25 11:13:16.168 E/HeadsetStateMachine( 3992): returning mCurrentState as Disconnected
05-25 11:13:16.168 E/HeadsetStateMachine( 3992): returning mCurrentState as Disconnected
05-25 11:13:16.168 E/HeadsetStateMachine( 3992): returning mCurrentState as Disconnected
05-25 11:13:16.168 E/HeadsetStateMachine( 3992): returning mCurrentState as Disconnected
05-25 11:13:16.168 E/HeadsetStateMachine( 3992): returning mCurrentState as Disconnected
05-25 11:13:16.170 E/HeadsetStateMachine( 3992): returning mCurrentState as Disconnected
05-25 11:13:16.170 E/HeadsetStateMachine( 3992): returning mCurrentState as Disconnected
05-25 11:13:16.170 E/HeadsetStateMachine( 3992): returning mCurrentState as Disconnected
05-25 11:13:16.170 E/HeadsetStateMachine( 3992): returning mCurrentState as Disconnected
05-25 11:13:16.170 E/HeadsetStateMachine( 3992): returning mCurrentState as Disconnected
05-25 11:13:16.170 E/HeadsetStateMachine( 3992): returning mCurrentState as Disconnected
05-25 11:13:16.171 E/HeadsetStateMachine( 3992): returning mCurrentState as Disconnected
05-25 11:13:16.171 E/HeadsetStateMachine( 3992): returning mCurrentState as Disconnected
05-25 11:13:16.171 E/HeadsetStateMachine( 3992): returning mCurrentState as Disconnected
05-25 11:13:16.171 E/HeadsetStateMachine( 3992): returning mCurrentState as Disconnected
05-25 11:13:16.171 E/HeadsetStateMachine( 3992): returning mCurrentState as Disconnected
05-25 11:13:16.171 E/HeadsetStateMachine( 3992): returning mCurrentState as Disconnected
05-25 11:13:16.171 E/HeadsetStateMachine( 3992): returning mCurrentState as Disconnected
05-25 11:13:16.171 E/HeadsetStateMachine( 3992): returning mCurrentState as Disconnected
05-25 11:13:16.171 E/HeadsetStateMachine( 3992): returning mCurrentState as Disconnected
05-25 11:13:16.171 E/HeadsetStateMachine( 3992): returning mCurrentState as Disconnected
05-25 11:13:16.171 E/HeadsetStateMachine( 3992): returning mCurrentState as Disconnected
05-25 11:13:16.171 E/HeadsetStateMachine( 3992): returning mCurrentState as Disconnected
05-25 11:13:16.171 E/HeadsetStateMachine( 3992): returning mCurrentState as Disconnected
05-25 11:13:16.171 E/HeadsetStateMachine( 3992): returning mCurrentState as Disconnected
05-25 11:13:16.470 E/JavaBinder(28551): !!! FAILED BINDER TRANSACTION !!!  (parcel size = 552)
05-25 11:13:16.669 E/HeadsetStateMachine( 3992): returning mCurrentState as Disconnected
05-25 11:13:16.669 E/HeadsetStateMachine( 3992): returning mCurrentState as Disconnected
05-25 11:13:16.669 E/HeadsetStateMachine( 3992): returning mCurrentState as Disconnected
05-25 11:13:16.669 E/HeadsetStateMachine( 3992): returning mCurrentState as Disconnected
05-25 11:13:16.669 E/HeadsetStateMachine( 3992): returning mCurrentState as Disconnected
05-25 11:13:16.669 E/HeadsetStateMachine( 3992): returning mCurrentState as Disconnected
05-25 11:13:16.669 E/HeadsetStateMachine( 3992): returning mCurrentState as Disconnected
05-25 11:13:16.669 E/HeadsetStateMachine( 3992): returning mCurrentState as Disconnected
05-25 11:13:16.669 E/HeadsetStateMachine( 3992): returning mCurrentState as Disconnected
05-25 11:13:16.669 E/HeadsetStateMachine( 3992): returning mCurrentState as Disconnected
05-25 11:13:16.670 E/HeadsetStateMachine( 3992): returning mCurrentState as Disconnected
05-25 11:13:16.670 E/HeadsetStateMachine( 3992): returning mCurrentState as Disconnected
05-25 11:13:16.670 E/HeadsetStateMachine( 3992): returning mCurrentState as Disconnected
05-25 11:13:16.670 E/HeadsetStateMachine( 3992): returning mCurrentState as Disconnected
05-25 11:13:16.670 E/HeadsetStateMachine( 3992): returning mCurrentState as Disconnected
05-25 11:13:16.670 E/HeadsetStateMachine( 3992): returning mCurrentState as Disconnected
05-25 11:13:16.670 E/HeadsetStateMachine( 3992): returning mCurrentState as Disconnected
05-25 11:13:16.670 E/HeadsetStateMachine( 3992): returning mCurrentState as Disconnected
05-25 11:13:16.670 E/HeadsetStateMachine( 3992): returning mCurrentState as Disconnected
05-25 11:13:16.670 E/HeadsetStateMachine( 3992): returning mCurrentState as Disconnected
05-25 11:13:16.780 E/ExoPlayerImplInternal(28260): Playback error
05-25 11:13:16.780 E/ExoPlayerImplInternal(28260):   androidx.media3.exoplayer.ExoPlaybackException: Source error
05-25 11:13:16.780 E/ExoPlayerImplInternal(28260):       at androidx.media3.exoplayer.ExoPlayerImplInternal.handleIoException(ExoPlayerImplInternal.java:737)
05-25 11:13:16.780 E/ExoPlayerImplInternal(28260):       at androidx.media3.exoplayer.ExoPlayerImplInternal.handleMessage(ExoPlayerImplInternal.java:707)
05-25 11:13:16.780 E/ExoPlayerImplInternal(28260):       at android.os.Handler.dispatchMessage(Handler.java:107)
05-25 11:13:16.780 E/ExoPlayerImplInternal(28260):       at android.os.Looper.loopOnce(Looper.java:242)
05-25 11:13:16.780 E/ExoPlayerImplInternal(28260):       at android.os.Looper.loop(Looper.java:362)
05-25 11:13:16.780 E/ExoPlayerImplInternal(28260):       at android.os.HandlerThread.run(HandlerThread.java:85)
05-25 11:13:16.780 E/ExoPlayerImplInternal(28260):   Caused by: androidx.media3.exoplayer.source.UnrecognizedInputFormatException: None of the available extractors (FlvExtractor, FlacExtractor, WavExtractor, FragmentedMp4Extractor, Mp4Extractor, AmrExtractor, PsExtractor, OggExtractor, TsExtractor, MatroskaExtractor, AdtsExtractor, Ac3Extractor, Ac4Extractor, Mp3Extractor, AviExtractor, JpegExtractor, PngExtractor, WebpExtractor, BmpExtractor, HeifExtractor, AvifExtractor) could read the stream. {contentIsMalformed=false, dataType=1}
05-25 11:13:16.780 E/ExoPlayerImplInternal(28260):       at androidx.media3.exoplayer.source.BundledExtractorsAdapter.init(BundledExtractorsAdapter.java:108)
05-25 11:13:16.780 E/ExoPlayerImplInternal(28260):       at androidx.media3.exoplayer.source.ProgressiveMediaPeriod$ExtractingLoadable.load(ProgressiveMediaPeriod.java:1100)
