06-16 01:20:21.868  4198  4198 D VRI[StatusBar]:     InsetsFrameProvider: {id=#c6500006, index=0, type=tappableElement, source=FRAME, flags=[], insetsSize=Insets{left=0, top=90, right=0, bottom=0}}
06-16 01:20:21.868  4198  4198 D VRI[StatusBar]:     InsetsFrameProvider: {id=#c6500005, index=0, type=mandatorySystemGestures, source=FRAME, flags=[], mMinimalInsetsSizeInDisplayCutoutSafe=Insets{left=0, top=33, right=0, bottom=0}}
06-16 01:20:21.868  4198  4198 D VRI[StatusBar]:   paramsForRotation:
06-16 01:20:21.868  4198  4198 D VRI[StatusBar]:     ROTATION_0={(0,0)(fillx90) gr=TOP CENTER_VERTICAL layoutInDisplayCutoutMode=always ty=STATUS_BAR fmt=TRANSLUCENT
06-16 01:20:21.868  4198  4198 D VRI[StatusBar]:       fl=NOT_FOCUSABLE SPLIT_TOUCH DRAWS_SYSTEM_BAR_BACKGROUNDS
06-16 01:20:21.868  4198  4198 D VRI[StatusBar]:       pfl=COLOR_SPACE_AGNOSTIC FIT_INSETS_CONTROLLED
06-16 01:20:21.868  4198  4198 D VRI[StatusBar]:       bhv=DEFAULT
06-16 01:20:21.868  4198  4198 D VRI[StatusBar]:       providedInsets:
06-16 01:20:21.868  4198  4198 D VRI[StatusBar]:         InsetsFrameProvider: {id=#c6500000, index=0, type=statusBars, source=FRAME, flags=[], insetsSize=Insets{left=0, top=90, right=0, bottom=0}}
06-16 01:20:21.868  4198  4198 D VRI[StatusBar]:         InsetsFrameProvider: {id=#c6500006, index=0, type=tappableElement, source=FRAME, flags=[], insetsSize=Insets{left=0, top=90, right=0, bottom=0}}
06-16 01:20:21.868  4198  4198 D VRI[StatusBar]:         InsetsFrameProvider: {id=#c6500005, index=0, type=mandatorySystemGestures, source=FRAME, flags=[], insetsSize=Insets{left=0, top=90, right=0, bottom=0}, mMinimalInsetsSizeInDisplayCutoutSafe=Insets{left=0, top=33, right=0, bottom=0}}}
06-16 01:20:21.868  4198  4198 D VRI[StatusBar]:     ROTATION_90={(0,0)(fillx51) gr=TOP CENTER_VERTICAL layoutInDisplayCutoutMode=always ty=STATUS_BAR fmt=TRANSLUCENT
06-16 01:20:21.868  4198  4198 D VRI[StatusBar]:       fl=NOT_FOCUSABLE SPLIT_TOUCH DRAWS_SYSTEM_BAR_BACKGROUNDS
06-16 01:20:21.868  4198  4198 D VRI[StatusBar]:       pfl=COLOR_SPACE_AGNOSTIC FIT_INSETS_CONTROLLED
06-16 01:20:21.868  4198  4198 D VRI[StatusBar]:       bhv=DEFAULT
06-16 01:20:21.868  4198  4198 D VRI[StatusBar]:       providedInsets:
06-16 01:20:21.868  4198  4198 D VRI[StatusBar]:         InsetsFrameProvider: {id=#c6500000, index=0, type=statusBars, source=FRAME, flags=[], insetsSize=Insets{left=0, top=51, right=0, bottom=0}}
06-16 01:20:21.868  4198  4198 D VRI[StatusBar]:         InsetsFrameProvider: {id=#c6500006, index=0, type=tappableElement, source=FRAME, flags=[], insetsSize=Insets{left=0, top=51, right=0, bottom=0}}
06-16 01:20:21.868  4198  4198 D VRI[StatusBar]:         InsetsFrameProvider: {id=#c6500005, index=0, type=mandatorySystemGestures, source=FRAME, flags=[], insetsSize=Insets{left=0, top=51, right=0, bottom=0}, mMinimalInsetsSizeInDisplayCutoutSafe=Insets{left=0, top=33, right=0, bottom=0}}}
06-16 01:20:21.868  4198  4198 D VRI[StatusBar]:     ROTATION_180={(0,0)(fillx51) gr=TOP CENTER_VERTICAL layoutInDisplayCutoutMode=always ty=STATUS_BAR fmt=TRANSLUCENT
06-16 01:20:21.868  4198  4198 D VRI[StatusBar]:       fl=NOT_FOCUSABLE SPLIT_TOUCH DRAWS_SYSTEM_BAR_BACKGROUNDS
06-16 01:20:21.868  4198  4198 D VRI[StatusBar]:       pfl=COLOR_SPACE_AGNOSTIC FIT_INSETS_CONTROLLED
06-16 01:20:21.868  4198  4198 D VRI[StatusBar]:       bhv=DEFAULT
06-16 01:20:21.868  4198  4198 D VRI[StatusBar]:       providedInsets:
06-16 01:20:21.868  4198  4198 D VRI[StatusBar]:         InsetsFrameProvider: {id=#c6500000, index=0, type=statusBars, source=FRAME, flags=[], insetsSize=Insets{left=0, top=51, right=0, bottom=0}}
06-16 01:20:21.868  4198  4198 D VRI[StatusBar]:         InsetsFrameProvider: {id=#c6500006, index=0, type=tappableElement, source=FRAME, flags=[], insetsSize=Insets{left=0, top=51, right=0, bottom=0}}
06-16 01:20:21.868  4198  4198 D VRI[StatusBar]:         InsetsFrameProvider: {id=#c6500005, index=0, type=mandatorySystemGestures, source=FRAME, flags=[], insetsSize=Insets{left=0, top=51, right=0, bottom=0}, mMinimalInsetsSizeInDisplayCutoutSafe=Insets{left=0, top=33, right=0, bottom=0}}}
06-16 01:20:21.868  4198  4198 D VRI[StatusBar]:     ROTATION_270={(0,0)(fillx51) gr=TOP CENTER_VERTICAL layoutInDisplayCutoutMode=always ty=STATUS_BAR fmt=TRANSLUCENT
06-16 01:20:21.868  4198  4198 D VRI[StatusBar]:       fl=NOT_FOCUSABLE SPLIT_TOUCH DRAWS_SYSTEM_BAR_BACKGROUNDS
06-16 01:20:21.868  4198  4198 D VRI[StatusBar]:       pfl=COLOR_SPACE_AGNOSTIC FIT_INSETS_CONTROLLED
06-16 01:20:21.868  4198  4198 D VRI[StatusBar]:       bhv=DEFAULT
06-16 01:20:21.868  4198  4198 D VRI[StatusBar]:       providedInsets:
06-16 01:20:21.868  4198  4198 D VRI[StatusBar]:         InsetsFrameProvider: {id=#c6500000, index=0, type=statusBars, source=FRAME, flags=[], insetsSize=Insets{left=0, top=51, right=0, bottom=0}}
06-16 01:20:21.868  4198  4198 D VRI[StatusBar]:         InsetsFrameProvider: {id=#c6500006, index=0, type=tappableElement, source=FRAME, flags=[], insetsSize=Insets{left=0, top=51, right=0, bottom=0}}
06-16 01:20:21.868  4198  4198 D VRI[StatusBar]:         InsetsFrameProvider: {id=#c6500005, index=0, type=mandatorySystemGestures, source=FRAME, flags=[], insetsSize=Insets{left=0, top=51, right=0, bottom=0}, mMinimalInsetsSizeInDisplayCutoutSafe=Insets{left=0, top=33, right=0, bottom=0}}}} by setLayoutParams
06-16 01:20:21.910  4198  4398 D VRI[ScreenDecorOverlay]: update {(0,0)(fillxwrap) gr=TOP CENTER_VERTICAL layoutInDisplayCutoutMode=always ty=NAVIGATION_BAR_PANEL fmt=TRANSLUCENT
06-16 01:20:21.910  4198  4398 D VRI[ScreenDecorOverlay]:   fl=NOT_FOCUSABLE NOT_TOUCHABLE NOT_TOUCH_MODAL LAYOUT_IN_SCREEN SPLIT_TOUCH FLAG_SLIPPERY
06-16 01:20:21.910  4198  4398 D VRI[ScreenDecorOverlay]:   pfl=SHOW_FOR_ALL_USERS NO_MOVE_ANIMATION IS_ROUNDED_CORNERS_OVERLAY COLOR_SPACE_AGNOSTIC FIT_INSETS_CONTROLLED TRUSTED_OVERLAY
06-16 01:20:21.910  4198  4398 D VRI[ScreenDecorOverlay]:   bhv=DEFAULT} by setLayoutParams
06-16 01:20:21.915  4198  4198 D VRI[NavigationBar0]: update {(0,0)(fillx102) gr=BOTTOM CENTER_VERTICAL layoutInDisplayCutoutMode=always ty=NAVIGATION_BAR fmt=TRANSLUCENT
06-16 01:20:21.915  4198  4198 D VRI[NavigationBar0]:   fl=NOT_FOCUSABLE NOT_TOUCH_MODAL WATCH_OUTSIDE_TOUCH SPLIT_TOUCH FLAG_SLIPPERY
06-16 01:20:21.915  4198  4198 D VRI[NavigationBar0]:   pfl=LAYOUT_SIZE_EXTENDED_BY_CUTOUT COLOR_SPACE_AGNOSTIC FIT_INSETS_CONTROLLED TRUSTED_OVERLAY
06-16 01:20:21.915  4198  4198 D VRI[NavigationBar0]:   bhv=DEFAULT
06-16 01:20:21.915  4198  4198 D VRI[NavigationBar0]:   providedInsets:
06-16 01:20:21.915  4198  4198 D VRI[NavigationBar0]:     InsetsFrameProvider: {id=#ad9b0001, index=0, type=navigationBars, source=FRAME, flags=[SUPPRESS_SCRIM], insetsSize=Insets{left=0, top=0, right=0, bottom=51}, insetsSizeOverrides=[TypedInsetsSize: {windowType=INPUT_METHOD, insetsSize=null}]}
06-16 01:20:21.915  4198  4198 D VRI[NavigationBar0]:     InsetsFrameProvider: {id=#ad9b0006, index=0, type=tappableElement, source=FRAME, flags=[], insetsSize=Insets{left=0, top=0, right=0, bottom=0}}
06-16 01:20:21.915  4198  4198 D VRI[NavigationBar0]:     InsetsFrameProvider: {id=#ad9b0005, index=0, type=mandatorySystemGestures, source=FRAME, flags=[], insetsSize=Insets{left=0, top=0, right=0, bottom=68}}
06-16 01:20:21.915  4198  4198 D VRI[NavigationBar0]:     InsetsFrameProvider: {id=#ad9b0004, index=0, type=systemGestures, source=DISPLAY, flags=[], insetsSize=Insets{left=63, top=0, right=0, bottom=0}, mMinimalInsetsSizeInDisplayCutoutSafe=Insets{left=63, top=0, right=0, bottom=0}}
06-16 01:20:21.915  4198  4198 D VRI[NavigationBar0]:     InsetsFrameProvider: {id=#ad9b0024, index=1, type=systemGestures, source=DISPLAY, flags=[], insetsSize=Insets{left=0, top=0, right=63, bottom=0}, mMinimalInsetsSizeInDisplayCutoutSafe=Insets{left=0, top=0, right=63, bottom=0}}
06-16 01:20:21.915  4198  4198 D VRI[NavigationBar0]:   paramsForRotation:
06-16 01:20:21.915  4198  4198 D VRI[NavigationBar0]:     ROTATION_0={(0,0)(fillx102) gr=BOTTOM CENTER_VERTICAL layoutInDisplayCutoutMode=always ty=NAVIGATION_BAR fmt=TRANSLUCENT
06-16 01:20:21.915  4198  4198 D VRI[NavigationBar0]:       fl=NOT_FOCUSABLE NOT_TOUCH_MODAL WATCH_OUTSIDE_TOUCH SPLIT_TOUCH FLAG_SLIPPERY
06-16 01:20:21.915  4198  4198 D VRI[NavigationBar0]:       pfl=LAYOUT_SIZE_EXTENDED_BY_CUTOUT COLOR_SPACE_AGNOSTIC FIT_INSETS_CONTROLLED TRUSTED_OVERLAY
06-16 01:20:21.915  4198  4198 D VRI[NavigationBar0]:       bhv=DEFAULT
06-16 01:20:21.915  4198  4198 D VRI[NavigationBar0]:       providedInsets:
06-16 01:20:21.915  4198  4198 D VRI[NavigationBar0]:         InsetsFrameProvider: {id=#ad9b0001, index=0, type=navigationBars, source=FRAME, flags=[SUPPRESS_SCRIM], insetsSize=Insets{left=0, top=0, right=0, bottom=51}, insetsSizeOverrides=[TypedInsetsSize: {windowType=INPUT_METHOD, insetsSize=null}]}
06-16 01:20:21.915  4198  4198 D VRI[NavigationBar0]:         InsetsFrameProvider: {id=#ad9b0006, index=0, type=tappableElement, source=FRAME, flags=[], insetsSize=Insets{left=0, top=0, right=0, bottom=0}}
06-16 01:20:21.915  4198  4198 D VRI[NavigationBar0]:         InsetsFrameProvider: {id=#ad9b0005, index=0, type=mandatorySystemGestures, source=FRAME, flags=[], insetsSize=Insets{left=0, top=0, right=0, bottom=68}}
06-16 01:20:21.915  4198  4198 D VRI[NavigationBar0]:         InsetsFrameProvider: {id=#ad9b0004, index=0, type=systemGestures, source=DISPLAY, flags=[], insetsSize=Insets{left=63, top=0, right=0, bottom=0}, mMinimalInsetsSizeInDisplayCutoutSafe=Insets{left=63, top=0, right=0, bottom=0}}
06-16 01:20:21.915  4198  4198 D VRI[NavigationBar0]:         InsetsFrameProvider: {id=#ad9b0024, index=1, type=systemGestures, source=DISPLAY, flags=[], insetsSize=Insets{left=0, top=0, right=63, bottom=0}, mMinimalInsetsSizeInDisplayCutoutSafe=Insets{left=0, top=0, right=63, bottom=0}}}
06-16 01:20:21.915  4198  4198 D VRI[NavigationBar0]:     ROTATION_90={(0,0)(fillx102) gr=BOTTOM CENTER_VERTICAL layoutInDisplayCutoutMode=always ty=NAVIGATION_BAR fmt=TRANSLUCENT
06-16 01:20:21.915  4198  4198 D VRI[NavigationBar0]:       fl=NOT_FOCUSABLE NOT_TOUCH_MODAL WATCH_OUTSIDE_TOUCH SPLIT_TOUCH FLAG_SLIPPERY
06-16 01:20:21.915  4198  4198 D VRI[NavigationBar0]:       pfl=LAYOUT_SIZE_EXTENDED_BY_CUTOUT COLOR_SPACE_AGNOSTIC FIT_INSETS_CONTROLLED TRUSTED_OVERLAY
06-16 01:20:21.915  4198  4198 D VRI[NavigationBar0]:       bhv=DEFAULT
06-16 01:20:21.915  4198  4198 D VRI[NavigationBar0]:       providedInsets:
06-16 01:20:21.915  4198  4198 D VRI[NavigationBar0]:         InsetsFrameProvider: {id=#ad9b0001, index=0, type=navigationBars, source=FRAME, flags=[SUPPRESS_SCRIM], insetsSize=Insets{left=0, top=0, right=0, bottom=51}, insetsSizeOverrides=[TypedInsetsSize: {windowType=INPUT_METHOD, insetsSize=null}]}
06-16 01:20:21.915  4198  4198 D VRI[NavigationBar0]:         InsetsFrameProvider: {id=#ad9b0006, index=0, type=tappableElement, source=FRAME, flags=[], insetsSize=Insets{left=0, top=0, right=0, bottom=0}}
06-16 01:20:21.915  4198  4198 D VRI[NavigationBar0]:         InsetsFrameProvider: {id=#ad9b0005, index=0, type=mandatorySystemGestures, source=FRAME, flags=[], insetsSize=Insets{left=0, top=0, right=0, bottom=68}}
06-16 01:20:21.915  4198  4198 D VRI[NavigationBar0]:         InsetsFrameProvider: {id=#ad9b0004, index=0, type=systemGestures, source=DISPLAY, flags=[], insetsSize=Insets{left=63, top=0, right=0, bottom=0}, mMinimalInsetsSizeInDisplayCutoutSafe=Insets{left=63, top=0, right=0, bottom=0}}
06-16 01:20:21.915  4198  4198 D VRI[NavigationBar0]:         InsetsFrameProvider: {id=#ad9b0024, index=1, type=systemGestures, source=DISPLAY, flags=[], insetsSize=Insets{left=0, top=0, right=63, bottom=0}, mMinimalInsetsSizeInDisplayCutoutSafe=Insets{left=0, top=0, right=63, bottom=0}}}
06-16 01:20:21.915  4198  4198 D VRI[NavigationBar0]:     ROTATION_180={(0,0)(fillx102) gr=BOTTOM CENTER_VERTICAL layoutInDisplayCutoutMode=always ty=NAVIGATION_BAR fmt=TRANSLUCENT
06-16 01:20:21.915  4198  4198 D VRI[NavigationBar0]:       fl=NOT_FOCUSABLE NOT_TOUCH_MODAL WATCH_OUTSIDE_TOUCH SPLIT_TOUCH FLAG_SLIPPERY
06-16 01:20:21.915  4198  4198 D VRI[NavigationBar0]:       pfl=LAYOUT_SIZE_EXTENDED_BY_CUTOUT COLOR_SPACE_AGNOSTIC FIT_INSETS_CONTROLLED TRUSTED_OVERLAY
06-16 01:20:21.915  4198  4198 D VRI[NavigationBar0]:       bhv=DEFAULT
06-16 01:20:21.915  4198  4198 D VRI[NavigationBar0]:       providedInsets:
06-16 01:20:21.915  4198  4198 D VRI[NavigationBar0]:         InsetsFrameProvider: {id=#ad9b0001, index=0, type=navigationBars, source=FRAME, flags=[SUPPRESS_SCRIM], insetsSize=Insets{left=0, top=0, right=0, bottom=51}, insetsSizeOverrides=[TypedInsetsSize: {windowType=INPUT_METHOD, insetsSize=null}]}
06-16 01:20:21.915  4198  4198 D VRI[NavigationBar0]:         InsetsFrameProvider: {id=#ad9b0006, index=0, type=tappableElement, source=FRAME, flags=[], insetsSize=Insets{left=0, top=0, right=0, bottom=0}}
06-16 01:20:21.915  4198  4198 D VRI[NavigationBar0]:         InsetsFrameProvider: {id=#ad9b0005, index=0, type=mandatorySystemGestures, source=FRAME, flags=[], insetsSize=Insets{left=0, top=0, right=0, bottom=68}}
06-16 01:20:21.915  4198  4198 D VRI[NavigationBar0]:         InsetsFrameProvider: {id=#ad9b0004, index=0, type=systemGestures, source=DISPLAY, flags=[], insetsSize=Insets{left=63, top=0, right=0, bottom=0}, mMinimalInsetsSizeInDisplayCutoutSafe=Insets{left=63, top=0, right=0, bottom=0}}
06-16 01:20:21.915  4198  4198 D VRI[NavigationBar0]:         InsetsFrameProvider: {id=#ad9b0024, index=1, type=systemGestures, source=DISPLAY, flags=[], insetsSize=Insets{left=0, top=0, right=63, bottom=0}, mMinimalInsetsSizeInDisplayCutoutSafe=Insets{left=0, top=0, right=63, bottom=0}}}
06-16 01:20:21.915  4198  4198 D VRI[NavigationBar0]:     ROTATION_270={(0,0)(fillx102) gr=BOTTOM CENTER_VERTICAL layoutInDisplayCutoutMode=always ty=NAVIGATION_BAR fmt=TRANSLUCENT
06-16 01:20:21.915  4198  4198 D VRI[NavigationBar0]:       fl=NOT_FOCUSABLE NOT_TOUCH_MODAL WATCH_OUTSIDE_TOUCH SPLIT_TOUCH FLAG_SLIPPERY
06-16 01:20:21.915  4198  4198 D VRI[NavigationBar0]:       pfl=LAYOUT_SIZE_EXTENDED_BY_CUTOUT COLOR_SPACE_AGNOSTIC FIT_INSETS_CONTROLLED TRUSTED_OVERLAY
06-16 01:20:21.915  4198  4198 D VRI[NavigationBar0]:       bhv=DEFAULT
06-16 01:20:21.915  4198  4198 D VRI[NavigationBar0]:       providedInsets:
06-16 01:20:21.915  4198  4198 D VRI[NavigationBar0]:         InsetsFrameProvider: {id=#ad9b0001, index=0, type=navigationBars, source=FRAME, flags=[SUPPRESS_SCRIM], insetsSize=Insets{left=0, top=0, right=0, bottom=51}, insetsSizeOverrides=[TypedInsetsSize: {windowType=INPUT_METHOD, insetsSize=null}]}
06-16 01:20:21.915  4198  4198 D VRI[NavigationBar0]:         InsetsFrameProvider: {id=#ad9b0006, index=0, type=tappableElement, source=FRAME, flags=[], insetsSize=Insets{left=0, top=0, right=0, bottom=0}}
06-16 01:20:21.915  4198  4198 D VRI[NavigationBar0]:         InsetsFrameProvider: {id=#ad9b0005, index=0, type=mandatorySystemGestures, source=FRAME, flags=[], insetsSize=Insets{left=0, top=0, right=0, bottom=68}}
06-16 01:20:21.915  4198  4198 D VRI[NavigationBar0]:         InsetsFrameProvider: {id=#ad9b0004, index=0, type=systemGestures, source=DISPLAY, flags=[], insetsSize=Insets{left=63, top=0, right=0, bottom=0}, mMinimalInsetsSizeInDisplayCutoutSafe=Insets{left=63, top=0, right=0, bottom=0}}
06-16 01:20:21.915  4198  4198 D VRI[NavigationBar0]:         InsetsFrameProvider: {id=#ad9b0024, index=1, type=systemGestures, source=DISPLAY, flags=[], insetsSize=Insets{left=0, top=0, right=63, bottom=0}, mMinimalInsetsSizeInDisplayCutoutSafe=Insets{left=0, top=0, right=63, bottom=0}}}} by setLayoutParams
06-16 01:20:21.917  4198  4398 D VRI[ScreenDecorOverlayBottom]: update {(0,0)(fillxwrap) gr=BOTTOM CENTER_VERTICAL layoutInDisplayCutoutMode=always ty=NAVIGATION_BAR_PANEL fmt=TRANSLUCENT
06-16 01:20:21.917  4198  4398 D VRI[ScreenDecorOverlayBottom]:   fl=NOT_FOCUSABLE NOT_TOUCHABLE NOT_TOUCH_MODAL LAYOUT_IN_SCREEN SPLIT_TOUCH FLAG_SLIPPERY
06-16 01:20:21.917  4198  4398 D VRI[ScreenDecorOverlayBottom]:   pfl=SHOW_FOR_ALL_USERS NO_MOVE_ANIMATION IS_ROUNDED_CORNERS_OVERLAY COLOR_SPACE_AGNOSTIC FIT_INSETS_CONTROLLED TRUSTED_OVERLAY
06-16 01:20:21.917  4198  4398 D VRI[ScreenDecorOverlayBottom]:   bhv=DEFAULT} by setLayoutParams
06-16 01:20:21.920  4198  4398 D VRI[ScreenDecorOverlay]: update {(0,0)(fillxwrap) gr=TOP CENTER_VERTICAL layoutInDisplayCutoutMode=always ty=NAVIGATION_BAR_PANEL fmt=TRANSLUCENT
06-16 01:20:21.920  4198  4398 D VRI[ScreenDecorOverlay]:   fl=NOT_FOCUSABLE NOT_TOUCHABLE NOT_TOUCH_MODAL LAYOUT_IN_SCREEN SPLIT_TOUCH FLAG_SLIPPERY
06-16 01:20:21.920  4198  4398 D VRI[ScreenDecorOverlay]:   pfl=SHOW_FOR_ALL_USERS NO_MOVE_ANIMATION IS_ROUNDED_CORNERS_OVERLAY COLOR_SPACE_AGNOSTIC FIT_INSETS_CONTROLLED TRUSTED_OVERLAY
06-16 01:20:21.920  4198  4398 D VRI[ScreenDecorOverlay]:   bhv=DEFAULT} by setLayoutParams
06-16 01:20:21.924  4198  4398 D VRI[ScreenDecorOverlayBottom]: update {(0,0)(fillxwrap) gr=BOTTOM CENTER_VERTICAL layoutInDisplayCutoutMode=always ty=NAVIGATION_BAR_PANEL fmt=TRANSLUCENT
06-16 01:20:21.924  4198  4398 D VRI[ScreenDecorOverlayBottom]:   fl=NOT_FOCUSABLE NOT_TOUCHABLE NOT_TOUCH_MODAL LAYOUT_IN_SCREEN SPLIT_TOUCH FLAG_SLIPPERY
06-16 01:20:21.924  4198  4398 D VRI[ScreenDecorOverlayBottom]:   pfl=SHOW_FOR_ALL_USERS NO_MOVE_ANIMATION IS_ROUNDED_CORNERS_OVERLAY COLOR_SPACE_AGNOSTIC FIT_INSETS_CONTROLLED TRUSTED_OVERLAY
06-16 01:20:21.924  4198  4398 D VRI[ScreenDecorOverlayBottom]:   bhv=DEFAULT} by setLayoutParams
06-16 01:20:22.265  3286  6909 I WindowManager: finishDrawing of orientation change: Window{dbe8ec4 u0 com.deepeye.musicpro/com.deepeye.musicpro.MainActivity} 456ms
06-16 01:20:22.267  3286  3343 W ActivityTaskManager: activity boost didn't release as expected
06-16 01:20:22.271  3286  3339 V WindowManager: Sent Transition #503 createdAt=06-16 01:20:21.744 via request=TransitionRequestInfo { type = 6, triggerTask = null, remoteTransition = null, displayChange = DisplayChange { displayId = 0, startAbsBounds = null, endAbsBounds = null, startRotation = 1, endRotation = 0, physicalDisplayChanged = false }, flags = 0 }
06-16 01:20:22.271  3286  3339 V WindowManager:     startWCT=WindowContainerTransaction { changes = {} hops = [] errorCallbackToken=null taskFragmentOrganizer=null }
06-16 01:20:22.271  3286  3339 V WindowManager:     info={id=503 t=CHANGE f=0x0 trk=0 r=[0@Point(0, 0)] c=[{WCT{RemoteToken{b790250 Task{c1e98db #7090 type=standard A=10526:com.deepeye.musicpro}}} m=CHANGE f=NONE p=WCT{RemoteToken{de4de44 DefaultTaskDisplayArea@238869526(displayId=0)}} pTaskId=-1 leash=Surface(name=Task=7090)/@0xc850be4 sb=Rect(0, 0 - 2400, 1080) eb=Rect(0, 0 - 1080, 2400) d=0 r=1->0:0},{WCT{RemoteToken{de4de44 DefaultTaskDisplayArea@238869526(displayId=0)}} m=CHANGE f=NONE p=WCT{RemoteToken{ef34752 Display{#0 state=ON size=1080x2400 ROTATION_0}}} leash=Surface(name=DefaultTaskDisplayArea)/@0xd019d0c sb=Rect(0, 0 - 2400, 1080) eb=Rect(0, 0 - 1080, 2400) d=0 r=1->0:-1},{WCT{RemoteToken{ef34752 Display{#0 state=ON size=1080x2400 ROTATION_0}}} m=CHANGE f=IS_DISPLAY leash=Surface(name=WindowedMagnification:0:31)/@0xb65f9ea sb=Rect(0, 0 - 2400, 1080) eb=Rect(0, 0 - 1080, 2400) d=0 r=1->0:-1}]}
06-16 01:20:22.272  4198  4238 V WindowManagerShell: onTransitionReady android.os.BinderProxy@5b45268: {id=503 t=CHANGE f=0x0 trk=0 r=[0@Point(0, 0)] c=[{WCT{android.window.IWindowContainerToken$Stub$Proxy@7ab5f90} m=CHANGE f=NONE p=WCT{android.window.IWindowContainerToken$Stub$Proxy@475c089} pTaskId=-1 leash=Surface(name=Task=7090)/@0xd9c09b7 sb=Rect(0, 0 - 2400, 1080) eb=Rect(0, 0 - 1080, 2400) d=0 r=1->0:0},{WCT{android.window.IWindowContainerToken$Stub$Proxy@9c2e88e} m=CHANGE f=NONE p=WCT{android.window.IWindowContainerToken$Stub$Proxy@6ac78af} leash=Surface(name=DefaultTaskDisplayArea)/@0xf01524 sb=Rect(0, 0 - 2400, 1080) eb=Rect(0, 0 - 1080, 2400) d=0 r=1->0:-1},{WCT{android.window.IWindowContainerToken$Stub$Proxy@a8ee4bc} m=CHANGE f=IS_DISPLAY leash=Surface(name=WindowedMagnification:0:31)/@0xa82288d sb=Rect(0, 0 - 2400, 1080) eb=Rect(0, 0 - 1080, 2400) d=0 r=1->0:-1 snapshot=Surface(name=RotationLayer)/@0xbd46a42}]}
06-16 01:20:22.273  4198  4238 V WindowManagerShell: Playing animation for (#503)android.os.BinderProxy@5b45268@0
06-16 01:20:22.273  4198  4238 V WindowManagerShell:  try handler com.android.wm.shell.transition.DefaultMixedHandler@a3fe38c
06-16 01:20:22.273  4198  4238 V WindowManagerShell:  try handler com.android.wm.shell.keyguard.KeyguardTransitionHandler@ed0bad5
06-16 01:20:22.273  4198  4238 V WindowManagerShell:  try handler com.android.wm.shell.activityembedding.ActivityEmbeddingController@d8aa2ea
06-16 01:20:22.273  4198  4238 V WindowManagerShell:  try handler com.android.wm.shell.recents.RecentsTransitionHandler@ca6d9db
06-16 01:20:22.273  4198  4238 V ShellRecents: RecentsTransitionHandler.startAnimation: no controller found
06-16 01:20:22.273  4198  4238 V WindowManagerShell:  try handler com.android.wm.shell.pip.PipTransition@3cdac78
06-16 01:20:22.273  4198  4238 V WindowManagerShell:  try handler com.android.wm.shell.splitscreen.StageCoordinator@5ef2f51
06-16 01:20:22.273  4198  4238 V WindowManagerShell:  try handler com.android.wm.shell.transition.RemoteTransitionHandler@e803b6
06-16 01:20:22.274  4198  4238 V WindowManagerShell:  try handler com.android.wm.shell.transition.DefaultTransitionHandler@8af38b7
06-16 01:20:22.274  4198  4238 V WindowManagerShell: start default transition animation, info = {id=503 t=CHANGE f=0x0 trk=0 r=[0@Point(0, 0)] c=[{WCT{android.window.IWindowContainerToken$Stub$Proxy@7ab5f90} m=CHANGE f=NONE p=WCT{android.window.IWindowContainerToken$Stub$Proxy@475c089} pTaskId=-1 leash=Surface(name=Task=7090)/@0xd9c09b7 sb=Rect(0, 0 - 2400, 1080) eb=Rect(0, 0 - 1080, 2400) d=0 r=1->0:0},{WCT{android.window.IWindowContainerToken$Stub$Proxy@9c2e88e} m=CHANGE f=NONE p=WCT{android.window.IWindowContainerToken$Stub$Proxy@6ac78af} leash=Surface(name=DefaultTaskDisplayArea)/@0xf01524 sb=Rect(0, 0 - 2400, 1080) eb=Rect(0, 0 - 1080, 2400) d=0 r=1->0:-1},{WCT{android.window.IWindowContainerToken$Stub$Proxy@a8ee4bc} m=CHANGE f=IS_DISPLAY leash=Surface(name=WindowedMagnification:0:31)/@0xa82288d sb=Rect(0, 0 - 2400, 1080) eb=Rect(0, 0 - 1080, 2400) d=0 r=1->0:-1 snapshot=Surface(name=RotationLayer)/@0xbd46a42}]}
06-16 01:20:22.274  4198  4238 V WindowManagerShell: Display is changing, resolve the animation hint.
06-16 01:20:22.274  4198  4238 V WindowManagerShell:   task 7090 isn't requesting seamless, so not seamless.
06-16 01:20:22.289  4198  4238 V WindowManagerShell:  animated by com.android.wm.shell.transition.DefaultTransitionHandler@8af38b7
06-16 01:20:22.408  3286  6909 W PackageConfigPersister: App-specific configuration not found for packageName: com.deepeye.musicpro and userId: 0
06-16 01:20:22.586  4198  4238 V WindowManagerShell: Transition animation finished (aborted=false), notifying core (#503)android.os.BinderProxy@5b45268@0
06-16 01:20:22.587  3286  3707 D PowerManagerService: nativeSetPowerMode ret:false mode:5 enabled:false duration ms: 0
06-16 01:20:22.589  3286  3339 V WindowManager: Finish Transition #503: created at 06-16 01:20:21.744 collect-started=0.045ms request-sent=0.12ms started=65.39ms ready=67.49ms sent=525.576ms finished=845.066ms
06-16 01:20:22.591  4198  4238 V WindowManagerShell: Track 0 became idle
06-16 01:20:22.591  4198  4238 V WindowManagerShell: All active transition animations finished
06-16 01:20:29.234  3286  3759 D ActivityManager: freezing 21773 com.motorola.coresettingsext, reason = oom_cached
06-16 01:20:29.236  3286  3759 D ActivityManager: freezing 19691 com.android.keychain, reason = oom_cached
06-16 01:20:31.858  3286  3721 D CompatibilityChangeReporter: Compat change id reported: 271850009; UID 10207; state: ENABLED
06-16 01:20:31.862  3286  3721 D CompatibilityChangeReporter: Compat change id reported: 135634846; UID 10476; state: DISABLED
06-16 01:20:31.862  3286  3721 D CompatibilityChangeReporter: Compat change id reported: 177438394; UID 10476; state: DISABLED
06-16 01:20:31.862  3286  3721 D CompatibilityChangeReporter: Compat change id reported: 135772972; UID 10476; state: DISABLED
06-16 01:20:31.862  3286  3721 D CompatibilityChangeReporter: Compat change id reported: 135754954; UID 10476; state: ENABLED
06-16 01:20:31.863  3286  3350 D CompatibilityChangeReporter: Compat change id reported: 143937733; UID 10476; state: ENABLED
06-16 01:20:31.865  3286  3721 D ActivityManager: unfreezing ProcessRecord{3882eb9 14128:com.tradingview.tradingviewapp/u0a499}, reason = oom_uncached, adj = 0, adjType = service, adjSource = ProcessRecord{c7535df 3286:system/1000}
06-16 01:20:31.872  3286  3721 D ActivityManager: sync unfroze 14128 com.tradingview.tradingviewapp for 6
06-16 01:20:31.881  3286  3350 I ActivityManager: Start proc 30804:in.amazon.mShop.android.shopping/u0a476 for service {in.amazon.mShop.android.shopping/androidx.work.impl.background.systemjob.SystemJobService}
06-16 01:20:31.929  3286  3304 D CompatibilityChangeReporter: Compat change id reported: 168419799; UID 10476; state: DISABLED
06-16 01:20:31.929  3286  3304 D CompatibilityChangeReporter: Compat change id reported: 273564678; UID 10476; state: DISABLED
06-16 01:20:31.935  3286  3721 D CompatibilityChangeReporter: Compat change id reported: 265195908; UID 10476; state: ENABLED
06-16 01:20:31.938  3286  3304 D CompatibilityChangeReporter: Compat change id reported: 170503758; UID 10476; state: ENABLED
06-16 01:20:32.323  3286  3707 D CompatibilityChangeReporter: Compat change id reported: 154726397; UID 10476; state: ENABLED
06-16 01:20:32.353  3286  3304 D CompatibilityChangeReporter: Compat change id reported: 261072174; UID 10476; state: ENABLED
06-16 01:20:32.354  3286  3304 D ActivityManager: unfreezing ProcessRecord{5433f56 966:com.google.android.gms/u0a192}, reason = oom_uncached, adj = 100, adjType = service, adjSource = ProcessRecord{3934ef0 30804:in.amazon.mShop.android.shopping/u0a476}
06-16 01:20:32.355  3286  3304 D ActivityManager: sync unfroze 966 com.google.android.gms for 4
06-16 01:20:32.356  3286  3304 W ProcessStats: Tracking association SourceState{7a405c7 com.google.android.gms.persistent/10192 BFgs #102051} whose proc state 4 is better than process ProcessState{94479f4 com.google.android.adservices.api/10357 pkg=com.google.android.adservices.api} proc state 13 (113 skipped)
06-16 01:20:32.407  3286  3707 D CompatibilityChangeReporter: Compat change id reported: 161145287; UID 10476; state: ENABLED
06-16 01:20:32.524  3286  6909 I ActivityManager: Flag disabled. Ignoring finishAttachApplication from uid: 10476. pid: 30804
06-16 01:20:32.614  3286  3304 D CompatibilityChangeReporter: Compat change id reported: 171306433; UID 10192; state: ENABLED
06-16 01:20:32.934  3286  7151 D CompatibilityChangeReporter: Compat change id reported: 253665015; UID 10476; state: ENABLED
06-16 01:20:32.934  3286  7151 D CompatibilityChangeReporter: Compat change id reported: 194532703; UID 10476; state: ENABLED
06-16 01:20:34.425  3286  6909 D CompatibilityChangeReporter: Compat change id reported: 253665015; UID 10207; state: ENABLED
06-16 01:20:34.425  3286  6909 D CompatibilityChangeReporter: Compat change id reported: 194532703; UID 10207; state: ENABLED
06-16 01:20:37.079  4198  5221 D PowerUI : can't show warning due to - plugged: true status unknown: false
06-16 01:20:37.080  3286  3286 V UiModeManager: updateLocked: null action, mDockState=0, category=null
06-16 01:20:37.081  3286  3286 D UiModeManager: updateConfigurationLocked: mDockState=0; mCarMode=false; mNightMode=2; mNightModeCustomType=-1; uiMode=33
06-16 01:20:42.500  1352 30926 I keystore2: system/security/keystore2/src/watchdog.rs:319 - Watchdog thread idle -> terminating. Have a great day.
06-16 01:20:43.727  3286  3759 D ActivityManager: freezing 30804 in.amazon.mShop.android.shopping, reason = oom_cached
06-16 01:20:45.392  3286  3759 D ActivityManager: freezing 14128 com.tradingview.tradingviewapp, reason = oom_cached
06-16 01:20:47.697  3286  7151 W ProcessStats: Tracking association SourceState{978aab7 com.google.android.gms.persistent/10192 BFgs #102102} whose proc state 4 is better than process ProcessState{fbf4d3c com.google.android.gms/10192 pkg=com.google.android.gms} proc state 14 (141 skipped)
06-16 01:20:47.717  3286  7151 I ActivityManager: Killing 19994:com.google.android.documentsui/u0a124 (adj 995, setSvc -10000): empty #31
06-16 01:20:47.760  3286  3304 I ActivityManager: appDiedLocked: app=ProcessRecord{ecfe96f 19994:com.google.android.documentsui/u0a124} thread=android.os.BinderProxy@eb904b7 fromBinderDied=true isKilledByAm=true reason=null
06-16 01:20:47.762  3286  3304 D RestartModeController: markWaitRestartAppIsSuicided null processName=com.google.android.documentsui
06-16 01:20:47.763  3286  3304 D ActivityTaskManager: handleAppDied: uid=10124,diedCount=1,lastDiedTime=39956415,forceStopUids=false
06-16 01:20:47.763  3286  3340 D DisplayManagerService: Drop pending events for gone uid 10124
06-16 01:20:47.945  3286  4044 D CompatibilityChangeReporter: Compat change id reported: 218533173; UID 10124; state: ENABLED
06-16 01:20:47.946  3286  4044 D CompatibilityChangeReporter: Compat change id reported: 262645982; UID 10124; state: ENABLED
06-16 01:20:57.717  3286  3759 D ActivityManager: freezing 966 com.google.android.gms, reason = oom_cached
06-16 01:20:58.085  3286  3759 D ActivityManager: freezing 17543 com.facebook.services, reason = oom_cached
06-16 01:21:02.824  3286  4268 W ProcessStats: Tracking association SourceState{7a405c7 com.google.android.gms.persistent/10192 BFgs #102129} whose proc state 4 is better than process ProcessState{94479f4 com.google.android.adservices.api/10357 pkg=com.google.android.adservices.api} proc state 13 (30 skipped)
06-16 01:21:14.741  3286  3349 W ProcessStats: Tracking association SourceState{7a405c7 com.google.android.gms.persistent/10192 BFgs #102130} whose proc state 4 is better than process ProcessState{94479f4 com.google.android.adservices.api/10357 pkg=com.google.android.adservices.api} proc state 13 (1 skipped)
06-16 01:21:33.428  3286  6909 I MediaSessionStack: onPlaybackStateChanged - Pushing session to top | record: com.deepeye.musicpro/androidx.media3.session.id. (userId=0)
06-16 01:21:33.454  3286  7151 I ActivityManager: Background started FGS: Allowed [callingPackage: com.deepeye.musicpro; callingUid: 10526; uidState: TOP ; uidBFSL: [BFSL]; intent: Intent { cmp=com.deepeye.musicpro/.player.service.MusicPlayerService }; code:PROC_STATE_TOP; tempAllowListReason:<null>; targetSdkVersion:34; callerTargetSdkVersion:34; startForegroundCount:3; bindFromPackage:null: isBindService:false]
06-16 01:21:33.455  3286  7151 W ProcessStats: Tracking association SourceState{7a405c7 com.google.android.gms.persistent/10192 BFgs #102142} whose proc state 4 is better than process ProcessState{94479f4 com.google.android.adservices.api/10357 pkg=com.google.android.adservices.api} proc state 13 (7 skipped)
06-16 01:21:35.609  3286  3286 V UiModeManager: updateLocked: null action, mDockState=0, category=null
06-16 01:21:35.609  3286  3286 D UiModeManager: updateConfigurationLocked: mDockState=0; mCarMode=false; mNightMode=2; mNightModeCustomType=-1; uiMode=33
06-16 01:21:35.613  4198  4731 D PowerUI : can't show warning due to - plugged: true status unknown: false
06-16 01:21:37.075  3286  3286 V UiModeManager: updateLocked: null action, mDockState=0, category=null
06-16 01:21:37.075  3286  3286 D UiModeManager: updateConfigurationLocked: mDockState=0; mCarMode=false; mNightMode=2; mNightModeCustomType=-1; uiMode=33
06-16 01:21:37.083  4198  5216 D PowerUI : can't show warning due to - plugged: true status unknown: false
06-16 01:21:58.233  3286  3721 W ProcessStats: Tracking association SourceState{7a405c7 com.google.android.gms.persistent/10192 BFgs #102148} whose proc state 4 is better than process ProcessState{94479f4 com.google.android.adservices.api/10357 pkg=com.google.android.adservices.api} proc state 13 (5 skipped)
06-16 01:22:07.321  3286  4266 D ActivityManager: unfreezing ProcessRecord{5433f56 966:com.google.android.gms/u0a192}, reason = shouldNotFreeze_service_1: ProcessRecord{a26d157 4721:com.google.android.gms.persistent/u0a192}, adj = 0, adjType = exec-service, adjSource = null
06-16 01:22:07.325  3286  4266 D ActivityManager: sync unfroze 966 com.google.android.gms for 6
06-16 01:22:18.122  3286  3759 D ActivityManager: freezing 966 com.google.android.gms, reason = oom_cached
06-16 01:22:22.308  3286  7151 W ProcessStats: Tracking association SourceState{7a405c7 com.google.android.gms.persistent/10192 BFgs #102157} whose proc state 4 is better than process ProcessState{94479f4 com.google.android.adservices.api/10357 pkg=com.google.android.adservices.api} proc state 13 (21 skipped)
06-16 01:22:26.562  3286  4266 I MediaSessionStack: onPlaybackStateChanged - Pushing session to top | record: com.deepeye.musicpro/androidx.media3.session.id. (userId=0)
06-16 01:22:26.587  3286  3304 I ActivityManager: Background started FGS: Allowed [callingPackage: com.deepeye.musicpro; callingUid: 10526; uidState: TOP ; uidBFSL: [BFSL]; intent: Intent { cmp=com.deepeye.musicpro/.player.service.MusicPlayerService }; code:PROC_STATE_TOP; tempAllowListReason:<null>; targetSdkVersion:34; callerTargetSdkVersion:34; startForegroundCount:4; bindFromPackage:null: isBindService:false]
06-16 01:22:37.084  3286  3286 V UiModeManager: updateLocked: null action, mDockState=0, category=null
06-16 01:22:37.084  3286  3286 D UiModeManager: updateConfigurationLocked: mDockState=0; mCarMode=false; mNightMode=2; mNightModeCustomType=-1; uiMode=33
06-16 01:22:37.090  3286  3349 W ProcessStats: Tracking association SourceState{7a405c7 com.google.android.gms.persistent/10192 BFgs #102167} whose proc state 4 is better than process ProcessState{94479f4 com.google.android.adservices.api/10357 pkg=com.google.android.adservices.api} proc state 13 (5 skipped)
06-16 01:22:37.098  4198  5218 D PowerUI : can't show warning due to - plugged: true status unknown: false
06-16 01:22:37.255  3286  7299 I MediaSessionStack: onPlaybackStateChanged - Pushing session to top | record: com.deepeye.musicpro/androidx.media3.session.id. (userId=0)
06-16 01:22:37.282  3286  3707 I ActivityManager: Background started FGS: Allowed [callingPackage: com.deepeye.musicpro; callingUid: 10526; uidState: TOP ; uidBFSL: [BFSL]; intent: Intent { cmp=com.deepeye.musicpro/.player.service.MusicPlayerService }; code:PROC_STATE_TOP; tempAllowListReason:<null>; targetSdkVersion:34; callerTargetSdkVersion:34; startForegroundCount:5; bindFromPackage:null: isBindService:false]
06-16 01:22:38.184  3286  3349 D ActivityManager: unfreezing ProcessRecord{3048bb1 21773:com.motorola.coresettingsext/u0a308}, reason = shouldNotFreeze_provider: ProcessRecord{8348925 21216:com.android.settings/1000}, adj = 935, adjType = cch-empty, adjSource = null
06-16 01:22:38.185  3286  3349 D ActivityManager: sync unfroze 21773 com.motorola.coresettingsext for 10
06-16 01:22:38.185  3286  3349 D ActivityManager: unfreezing ProcessRecord{40e524 19691:com.android.keychain/1000}, reason = shouldNotFreeze_allowlist, adj = 995, adjType = cch-empty, adjSource = null
06-16 01:22:38.186  3286  3349 D ActivityManager: sync unfroze 19691 com.android.keychain for 10
06-16 01:22:44.237  3286  3349 D ActivityManager: unfreezing ProcessRecord{a11f22e 17543:com.facebook.services/u0a233}, reason = unfreezeTemporarily, adj = 985, adjType = cch-started-services, adjSource = null
06-16 01:22:44.239  3286  3349 D ActivityManager: sync unfroze 17543 com.facebook.services for 3
06-16 01:22:44.257  3286  3721 D CompatibilityChangeReporter: Compat change id reported: 135634846; UID 10469; state: DISABLED
06-16 01:22:44.257  3286  3721 D CompatibilityChangeReporter: Compat change id reported: 177438394; UID 10469; state: DISABLED
06-16 01:22:44.257  3286  3721 D CompatibilityChangeReporter: Compat change id reported: 135772972; UID 10469; state: DISABLED
06-16 01:22:44.257  3286  3721 D CompatibilityChangeReporter: Compat change id reported: 135754954; UID 10469; state: ENABLED
06-16 01:22:44.258  3286  3350 D CompatibilityChangeReporter: Compat change id reported: 143937733; UID 10469; state: ENABLED
06-16 01:22:44.274  3286  3350 I ActivityManager: Start proc 4161:com.whizdm.moneyview.loans/u0a469 for service {com.whizdm.moneyview.loans/androidx.work.impl.background.systemjob.SystemJobService}
06-16 01:22:44.279  3286  4268 W JobScheduler: Job didn't exist in JobStore: 7a38f1f #u0a301/0 com.motorola.bach.modemstats/.nrcheckin.NRCheckinJobService
06-16 01:22:44.317  3286  7148 D CompatibilityChangeReporter: Compat change id reported: 168419799; UID 10469; state: DISABLED
06-16 01:22:44.317  3286  7148 D CompatibilityChangeReporter: Compat change id reported: 273564678; UID 10469; state: DISABLED
06-16 01:22:44.321  3286  3721 D CompatibilityChangeReporter: Compat change id reported: 265195908; UID 10469; state: ENABLED
06-16 01:22:44.325  3286  7148 D CompatibilityChangeReporter: Compat change id reported: 170503758; UID 10469; state: ENABLED
06-16 01:22:44.633  3286  4268 W PackageConfigPersister: App-specific configuration not found for packageName: com.whizdm.moneyview.loans and userId: 0
06-16 01:22:44.672  3286  7148 D CompatibilityChangeReporter: Compat change id reported: 261072174; UID 10469; state: ENABLED
06-16 01:22:44.685  3286  4268 I ActivityManager: Flag disabled. Ignoring finishAttachApplication from uid: 10469. pid: 4161
06-16 01:22:44.693  3286  3707 D CompatibilityChangeReporter: Compat change id reported: 161145287; UID 10469; state: ENABLED
06-16 01:22:44.789  3286  7148 D CompatibilityChangeReporter: Compat change id reported: 253665015; UID 10469; state: ENABLED
06-16 01:22:44.790  3286  7148 D CompatibilityChangeReporter: Compat change id reported: 194532703; UID 10469; state: ENABLED
06-16 01:22:44.817  3286  4268 W JobScheduler: Job didn't exist in JobStore: c97f814 #u0a469/5717 com.whizdm.moneyview.loans/androidx.work.impl.background.systemjob.SystemJobService
06-16 01:22:44.871  3286  4268 W JobScheduler: Job didn't exist in JobStore: 94dea14 #u0a469/5810 com.whizdm.moneyview.loans/androidx.work.impl.background.systemjob.SystemJobService
06-16 01:22:44.901  3286  4268 I ActivityManager: Killing 19855:com.google.android.apps.carrier.carrierwifi/u0a165 (adj 935, setSvc -10000): empty #31
06-16 01:22:44.961  3286  4268 I ActivityManager: appDiedLocked: app=ProcessRecord{d06e518 19855:com.google.android.apps.carrier.carrierwifi/u0a165} thread=android.os.BinderProxy@fca0044 fromBinderDied=true isKilledByAm=true reason=null
06-16 01:22:44.963  3286  4268 D RestartModeController: markWaitRestartAppIsSuicided null processName=com.google.android.apps.carrier.carrierwifi
06-16 01:22:44.964  3286  3340 D DisplayManagerService: Drop pending events for gone uid 10165
06-16 01:22:44.965  3286  4268 D ActivityTaskManager: handleAppDied: uid=10165,diedCount=1,lastDiedTime=30366239,forceStopUids=false
06-16 01:22:45.025  3286  4268 D ActivityManager: unfreezing ProcessRecord{5433f56 966:com.google.android.gms/u0a192}, reason = shouldNotFreeze_service_1: ProcessRecord{6dc4ec6 4161:com.whizdm.moneyview.loans/u0a469}, adj = 0, adjType = service, adjSource = ProcessRecord{6dc4ec6 4161:com.whizdm.moneyview.loans/u0a469}
06-16 01:22:45.027  3286  4268 D ActivityManager: sync unfroze 966 com.google.android.gms for 6
06-16 01:22:48.192  3286  3721 W ProcessStats: Tracking association SourceState{7a405c7 com.google.android.gms.persistent/10192 BFgs #102215} whose proc state 4 is better than process ProcessState{94479f4 com.google.android.adservices.api/10357 pkg=com.google.android.adservices.api} proc state 13 (49 skipped)
06-16 01:22:54.302  3286  3759 D ActivityManager: freezing 17543 com.facebook.services, reason = oom_cached
06-16 01:22:56.011  3286  4268 D CompatibilityChangeReporter: Compat change id reported: 244637991; UID 10469; state: ENABLED
06-16 01:22:56.012  3286  4268 W ActivityTaskManager: Background activity launch blocked [callingPackage: com.whizdm.moneyview.loans; callingUid: 10469; appSwitchState: 2; callingUidHasAnyVisibleWindow: false; callingUidProcState: CACHED_EMPTY; isCallingUidPersistentSystemProcess: false; balAllowedByPiSender: BackgroundStartPrivileges[allowsBackgroundActivityStarts=false, allowsBackgroundForegroundServiceStarts=true, originatingToken=null]; realCallingPackage: com.whizdm.moneyview.loans; realCallingUid: 10469; realCallingUidHasAnyVisibleWindow: false; realCallingUidProcState: CACHED_EMPTY; isRealCallingUidPersistentSystemProcess: false; originatingPendingIntent: null; backgroundStartPrivileges: BackgroundStartPrivileges[allowsBackgroundActivityStarts=false, allowsBackgroundForegroundServiceStarts=false, originatingToken=null]; intent: Intent { act=android.settings.APPLICATION_DEVELOPMENT_SETTINGS flg=0x10000000 cmp=com.android.settings/.Settings$DevelopmentSettingsDashboardActivity }; callerApp: ProcessRecord{6dc4ec6 4161:com.whizdm.moneyview.loans/u0a469}; inVisibleTask: false]
06-16 01:22:56.013  3286  4268 I SettingsAccessControlPolicy: isDeviceSettingsChangeDisabled: value -> false
06-16 01:22:56.445  3286  4268 D ActivityTaskManager: getPreferredLaunchDisplay userset_displayid false user set display id -1, current focus display 0
06-16 01:22:56.445  3286  4268 D ActivityTaskManager: getPreferredLaunchDisplay userset_displayid false user set display id -1, current focus display 0
06-16 01:22:56.449  3286  4268 D ActivityTaskManager: getPreferredLaunchDisplay userset_displayid false user set display id -1, current focus display 0
06-16 01:22:56.449  3286  4268 D ActivityTaskManager: getPreferredLaunchDisplay userset_displayid false user set display id -1, current focus display 0
06-16 01:22:56.449  3286  4268 D ActivityTaskManager: [GlobalFreeform] use default Rect(162, 162 - 1242, 1929) scale=0.7 for ActivityRecord{4dc6e02 u0 com.android.settings/.Settings$DevelopmentSettingsDashboardActivity
06-16 01:22:56.449  3286  4268 E ActivityTaskManager: Abort background activity starts from 10469
06-16 01:22:56.450  3286  4268 I ActivityTaskManager: START u0 {act=android.settings.APPLICATION_DEVELOPMENT_SETTINGS flg=0x10000000 cmp=com.android.settings/.Settings$DevelopmentSettingsDashboardActivity} with LAUNCH_MULTIPLE from uid 10469 (startActivityAsUser) (BAL_BLOCK) result code=102
06-16 01:22:56.454  3286  4268 W ActivityTaskManager: Background activity launch blocked [callingPackage: com.whizdm.moneyview.loans; callingUid: 10469; appSwitchState: 2; callingUidHasAnyVisibleWindow: false; callingUidProcState: CACHED_EMPTY; isCallingUidPersistentSystemProcess: false; balAllowedByPiSender: BackgroundStartPrivileges[allowsBackgroundActivityStarts=false, allowsBackgroundForegroundServiceStarts=true, originatingToken=null]; realCallingPackage: com.whizdm.moneyview.loans; realCallingUid: 10469; realCallingUidHasAnyVisibleWindow: false; realCallingUidProcState: CACHED_EMPTY; isRealCallingUidPersistentSystemProcess: false; originatingPendingIntent: null; backgroundStartPrivileges: BackgroundStartPrivileges[allowsBackgroundActivityStarts=false, allowsBackgroundForegroundServiceStarts=false, originatingToken=null]; intent: Intent { act=controller flg=0x50018000 cmp=com.whizdm.moneyview.loans/wu.uvmrx (has extras) }; callerApp: ProcessRecord{6dc4ec6 4161:com.whizdm.moneyview.loans/u0a469}; inVisibleTask: false]
06-16 01:22:56.455  3286  4268 I SettingsAccessControlPolicy: isDeviceSettingsChangeDisabled: value -> false
06-16 01:22:56.455  3286  4268 D CompatibilityChangeReporter: Compat change id reported: 265464455; UID 10469; state: DISABLED
06-16 01:22:56.455  3286  4268 D CompatibilityChangeReporter: Compat change id reported: 265452344; UID 10469; state: DISABLED
06-16 01:22:56.455  3286  4268 D CompatibilityChangeReporter: Compat change id reported: 266124927; UID 10469; state: DISABLED
06-16 01:22:56.455  3286  4268 D CompatibilityChangeReporter: Compat change id reported: 265451093; UID 10469; state: DISABLED
06-16 01:22:56.456  3286  4268 D CompatibilityChangeReporter: Compat change id reported: 265456536; UID 10469; state: DISABLED
06-16 01:22:56.456  3286  4268 D CompatibilityChangeReporter: Compat change id reported: 255940284; UID 10469; state: DISABLED
06-16 01:22:56.456  3286  4268 D CompatibilityChangeReporter: Compat change id reported: 236283604; UID 10469; state: DISABLED
06-16 01:22:56.456  3286  4268 D CompatibilityChangeReporter: Compat change id reported: 263959004; UID 10469; state: DISABLED
06-16 01:22:56.456  3286  4268 D CompatibilityChangeReporter: Compat change id reported: 264304459; UID 10469; state: DISABLED
06-16 01:22:56.456  3286  4268 D CompatibilityChangeReporter: Compat change id reported: 264301586; UID 10469; state: DISABLED
06-16 01:22:56.456  3286  4268 D CompatibilityChangeReporter: Compat change id reported: 254631730; UID 10469; state: DISABLED
06-16 01:22:56.456  3286  4268 D CompatibilityChangeReporter: Compat change id reported: 273509367; UID 10469; state: DISABLED
06-16 01:22:56.456  3286  4268 D CompatibilityChangeReporter: Compat change id reported: 263259275; UID 10469; state: DISABLED
06-16 01:22:56.456  3286  4268 D CompatibilityChangeReporter: Compat change id reported: 174042980; UID 10469; state: DISABLED
06-16 01:22:56.456  3286  4268 D CompatibilityChangeReporter: Compat change id reported: 174042936; UID 10469; state: DISABLED
06-16 01:22:56.456  3286  4268 D CompatibilityChangeReporter: Compat change id reported: 181136395; UID 10469; state: DISABLED
06-16 01:22:56.457  3286  4268 D CompatibilityChangeReporter: Compat change id reported: 194480991; UID 10469; state: ENABLED
06-16 01:22:56.457  3286  4268 D ActivityTaskManager: getPreferredLaunchDisplay userset_displayid false user set display id -1, current focus display 0
06-16 01:22:56.457  3286  4268 D ActivityTaskManager: getPreferredLaunchDisplay userset_displayid false user set display id -1, current focus display 0
06-16 01:22:56.458  3286  4268 D ActivityTaskManager: getPreferredLaunchDisplay userset_displayid false user set display id -1, current focus display 0
06-16 01:22:56.458  3286  4268 D ActivityTaskManager: getPreferredLaunchDisplay userset_displayid false user set display id -1, current focus display 0
06-16 01:22:56.458  3286  4268 D ActivityTaskManager: [GlobalFreeform] use default Rect(162, 162 - 1242, 1929) scale=0.7 for ActivityRecord{ea16749 u0 com.whizdm.moneyview.loans/wu.uvmrx
06-16 01:22:56.459  3286  4268 E ActivityTaskManager: Abort background activity starts from 10469
06-16 01:22:56.459  3286  4268 I ActivityTaskManager: START u0 {act=controller flg=0x50018000 cmp=com.whizdm.moneyview.loans/wu.uvmrx (has extras)} with LAUNCH_MULTIPLE from uid 10469 (startActivityAsUser) (BAL_BLOCK) result code=102
06-16 01:22:58.191  3286  3759 D ActivityManager: freezing 21773 com.motorola.coresettingsext, reason = oom_cached
06-16 01:22:58.193  3286  3759 D ActivityManager: freezing 19691 com.android.keychain, reason = oom_cached
06-16 01:23:00.028  3286  7151 W ProcessStats: Tracking association SourceState{7a405c7 com.google.android.gms.persistent/10192 BFgs #102245} whose proc state 4 is better than process ProcessState{94479f4 com.google.android.adservices.api/10357 pkg=com.google.android.adservices.api} proc state 13 (35 skipped)
06-16 01:23:01.450  3286  3342 E BLASTSyncEngine: WM sent Transaction to organized, but never received commit callback. Application ANR likely to follow.
06-16 01:23:01.459  3286  3342 E BLASTSyncEngine: WM sent Transaction to organized, but never received commit callback. Application ANR likely to follow.
06-16 01:23:03.314  3286  3759 D ActivityManager: freezing 4161 com.whizdm.moneyview.loans, reason = oom_cached
06-16 01:23:03.318  3286  3759 D ActivityManager: freezing 966 com.google.android.gms, reason = oom_cached
06-16 01:23:12.746  3286  4266 W ContextImpl: Calling a method in the system process without a qualified user: android.app.ContextImpl.sendBroadcastMultiplePermissions:1281 android.content.Context.sendBroadcastMultiplePermissions:2476 com.android.server.TelephonyRegistry.broadcastServiceStateChanged:3597 com.android.server.TelephonyRegistry.notifyServiceStateForPhoneId:1734 com.android.internal.telephony.ITelephonyRegistry$Stub.onTransact:550 
06-16 01:23:12.747  3286  4266 W ContextImpl: Calling a method in the system process without a qualified user: android.app.ContextImpl.sendBroadcastMultiplePermissions:1314 com.android.server.TelephonyRegistry.broadcastServiceStateChanged:3602 com.android.server.TelephonyRegistry.notifyServiceStateForPhoneId:1734 com.android.internal.telephony.ITelephonyRegistry$Stub.onTransact:550 android.os.Binder.execTransactInternal:1380 
06-16 01:23:12.748  3286  4266 W ContextImpl: Calling a method in the system process without a qualified user: android.app.ContextImpl.sendBroadcastMultiplePermissions:1314 com.android.server.TelephonyRegistry.broadcastServiceStateChanged:3611 com.android.server.TelephonyRegistry.notifyServiceStateForPhoneId:1734 com.android.internal.telephony.ITelephonyRegistry$Stub.onTransact:550 android.os.Binder.execTransactInternal:1380 
06-16 01:23:12.748  3286  4266 W ContextImpl: Calling a method in the system process without a qualified user: android.app.ContextImpl.sendBroadcastMultiplePermissions:1314 com.android.server.TelephonyRegistry.broadcastServiceStateChanged:3617 com.android.server.TelephonyRegistry.notifyServiceStateForPhoneId:1734 com.android.internal.telephony.ITelephonyRegistry$Stub.onTransact:550 android.os.Binder.execTransactInternal:1380 
06-16 01:23:12.750  3286  3349 D ActivityManager: unfreezing ProcessRecord{9b6f275 21361:com.google.android.cellbroadcastreceiver/u0a367}, reason = unfreezeTemporarily, adj = 925, adjType = cch-empty, adjSource = null
