06-14 02:51:19.685  4050  4723 V Avrcp_ext: isPlayStateTobeUpdated: device: 64:8F:DB:D5:6F:1C
06-14 02:51:19.685  4050  4723 V Avrcp_ext: Single connection exists
06-14 02:51:19.685  4050  4723 V Avrcp_ext: isPlayStateToBeUpdated device is active device
06-14 02:51:19.685  4050  4723 I Avrcp_ext: updatePlayStatusForDevice: device: 64:8F:DB:D5:6F:1C
06-14 02:51:19.685  4050  4723 V Avrcp_ext: updatePlaybackState (0): old=PlaybackState {state=PLAYING(3), position=150426, buffered position=209978, speed=1.0, updated=31268777, actions=7339671, custom actions=[], active item id=0, error=null}(1), new=PlaybackState {state=PLAYING(3), position=153420, buffered position=209978, speed=1.0, updated=31271775, actions=7339671, custom actions=[], active item id=0, error=null}(1)
06-14 02:51:19.685  4050  4723 I Avrcp_ext: Exit updatePlayStatusForDevice
06-14 02:51:19.685  4050  4723 E HeadsetStateMachine: returning mCurrentState as Connected
06-14 02:51:19.685  4050  4723 D HeadsetService:  isAudioOn: The number of audio connected devices 0
06-14 02:51:19.685  4050  4723 D HeadsetService: isScoOrCallActive(): Call Active:falseCall is Ringing:falseSCO is Active:false
06-14 02:51:19.685  4050  4723 E HeadsetStateMachine: returning mCurrentState as Connected
06-14 02:51:19.685  4050  4723 D HeadsetService:  isAudioOn: The number of audio connected devices 0
06-14 02:51:19.685  4050  4723 V Avrcp_ext: isPlayStateTobeUpdated: device: null
06-14 02:51:19.685  4050  4723 V Avrcp_ext: Single connection exists
06-14 02:51:19.685  4050  4723 E HeadsetStateMachine: returning mCurrentState as Connected
06-14 02:51:19.685  4050  4723 D HeadsetService:  isAudioOn: The number of audio connected devices 0
06-14 02:51:19.685  4050  4723 D HeadsetService: isScoOrCallActive(): Call Active:falseCall is Ringing:falseSCO is Active:false
06-14 02:51:19.685  4050  4723 E HeadsetStateMachine: returning mCurrentState as Connected
06-14 02:51:19.685  4050  4723 D HeadsetService:  isAudioOn: The number of audio connected devices 0
06-14 02:51:19.685  4050  4723 V Avrcp_ext: isPlayStateTobeUpdated: device: null
06-14 02:51:19.685  4050  4723 V Avrcp_ext: Single connection exists
06-14 02:51:19.685  4050  4723 E HeadsetStateMachine: returning mCurrentState as Connected
06-14 02:51:19.685  4050  4723 D HeadsetService:  isAudioOn: The number of audio connected devices 0
06-14 02:51:19.685  4050  4723 D HeadsetService: isScoOrCallActive(): Call Active:falseCall is Ringing:falseSCO is Active:false
06-14 02:51:19.685  4050  4723 E HeadsetStateMachine: returning mCurrentState as Connected
06-14 02:51:19.685  4050  4723 D HeadsetService:  isAudioOn: The number of audio connected devices 0
06-14 02:51:19.685  4050  4723 V Avrcp_ext: isPlayStateTobeUpdated: device: null
06-14 02:51:19.685  4050  4723 V Avrcp_ext: Single connection exists
06-14 02:51:19.685  4050  4723 E HeadsetStateMachine: returning mCurrentState as Connected
06-14 02:51:19.685  4050  4723 D HeadsetService:  isAudioOn: The number of audio connected devices 0
06-14 02:51:19.685  4050  4723 D HeadsetService: isScoOrCallActive(): Call Active:falseCall is Ringing:falseSCO is Active:false
06-14 02:51:19.685  4050  4723 E HeadsetStateMachine: returning mCurrentState as Connected
06-14 02:51:19.685  4050  4723 D HeadsetService:  isAudioOn: The number of audio connected devices 0
06-14 02:51:19.685  4050  4723 V Avrcp_ext: isPlayStateTobeUpdated: device: null
06-14 02:51:19.685  4050  4723 V Avrcp_ext: Single connection exists
06-14 02:51:19.685  4050  4723 D Avrcp_ext: Enter sendPlayPosNotificationRsp
06-14 02:51:19.685  4050  4723 D Avrcp_ext: sendPlayPosNotificationRsp: Not registered or requesting.
06-14 02:51:19.685  4050  4723 D Avrcp_ext: Enter sendPlayPosNotificationRsp
06-14 02:51:19.685  4050  4723 D Avrcp_ext: sendPlayPosNotificationRsp: Not registered or requesting.
06-14 02:51:19.685  4050  4723 D Avrcp_ext: Enter sendPlayPosNotificationRsp
06-14 02:51:19.685  4050  4723 D Avrcp_ext: sendPlayPosNotificationRsp: Not registered or requesting.
06-14 02:51:19.685  4050  4723 D Avrcp_ext: Enter sendPlayPosNotificationRsp
06-14 02:51:19.685  4050  4723 D Avrcp_ext: sendPlayPosNotificationRsp: Not registered or requesting.
06-14 02:51:19.685  4050  4723 D Avrcp_ext: Enter sendPlayPosNotificationRsp
06-14 02:51:19.685  4050  4723 D Avrcp_ext: sendPlayPosNotificationRsp: Not registered or requesting.
06-14 02:51:19.685  4050  4723 V Avrcp_ext: Exit updatePlayerStateAndPosition
06-14 02:51:19.685  4050  4723 D APM: ActiveDeviceManagerServiceLegacy: getActiveAbsoluteDevice(): device: 64:8F:DB:D5:6F:1C
06-14 02:51:19.685  4050  4723 D APM: ActiveDeviceManagerServiceLegacy: isStableState(): true
06-14 02:51:19.685  4050  4723 D Avrcp_ext: isAdmStable = true activeAbsAddr = 64:8F:DB:D5:6F:1C device = null
06-14 02:51:19.685  4050  4723 V APM: MediaControlManager: onPlaybackStateChanged
06-14 02:51:19.685  4050  4723 W McpService: updatePlaybackState state PlaybackState {state=PLAYING(3), position=153420, buffered position=209978, speed=1.0, updated=31271775, actions=7339671, custom actions=[], active item id=0, error=null}
06-14 02:51:19.685  4050  4723 W McpService: updatePlaybackState mState: 1 state: 1
06-14 02:51:19.685  4050  4723 W Avrcp_ext: updated player state = PlaybackState {state=PLAYING(3), position=153420, buffered position=209978, speed=1.0, updated=31271775, actions=7339671, custom actions=[], active item id=0, error=null}to MCP module also
06-14 02:51:19.685  4050  4723 V Avrcp_ext:  Exit onPlaybackStateChanged
06-14 02:51:19.778  2393 12651 D BufferPoolAccessor2.0: bufferpool2 0xb4000079dbb3fec8 : 5(20480 size) total buffers - 1(4096 size) used buffers - 22290/22295 (recycle/alloc) - 129/22294 (fetch/transfer)
06-14 02:51:19.846  7645 11087 I MediaCodec: [0xb40000754fb87f50] enqueue 30 input frames in last 1125 ms, latest timeUs 1000154320000
06-14 02:51:19.846  7645 11087 I MediaCodec: [0xb40000754fb87f50] dequeue 30 output frames in last 1135 ms, latest timeUs 1000154160000, flags 128
06-14 02:51:19.884  1715  1959 E minksocket: MinkIPC_QRTR_Service: client with node 1 port 550d went down
06-14 02:51:19.885  1715  1959 E minksocket: MinkIPC_QRTR_Service: client with node 1 port 550e went down
06-14 02:51:19.885  1715  1959 E minksocket: MinkIPC_QRTR_Service: client with node 1 port 550f went down
06-14 02:51:19.888  1715  1959 E minksocket: MinkIPC_QRTR_Service: client with node 1 port 5510 went down
06-14 02:51:19.938  1722  4310 D DlbDap2ProcessWithIht: process() called [2212500] times with input format 0x22 and channel mask 0x3 (ProcessingMode=9), htEnable=0(0, 0, 0)
06-14 02:51:20.385  1715  1959 E minksocket: MinkIPC_QRTR_Service: client with node 1 port 5507 went down
06-14 02:51:20.385  1715  1959 E minksocket: MinkIPC_QRTR_Service: client with node 1 port 550c went down
06-14 02:51:20.528  3886  3886 D StatusBarIconController: ignoring old pipeline callbacks, because the new mobile icons are enabled
06-14 02:51:20.860  7645  8904 D BufferPoolAccessor2.0: bufferpool2 0xb40000765fa58858 : 5(15667200 size) total buffers - 5(15667200 size) used buffers - 21684/21691 (recycle/alloc) - 15/21661 (fetch/transfer)
06-14 02:51:20.862  7645 11087 I MediaCodec: [0xb40000754fb87f50] dequeue 24 output frames in last 1015 ms, latest timeUs 1000155120000, flags 128
06-14 02:51:20.869  7645 11087 I MediaCodec: [0xb40000754fb87f50] enqueue 24 input frames in last 1023 ms, latest timeUs 1000155280000
06-14 02:51:20.985  1715  1959 E minksocket: MinkIPC_QRTR_Service: client with node 1 port 5511 went down
06-14 02:51:20.985  1715  1959 E minksocket: MinkIPC_QRTR_Service: client with node 1 port 5512 went down
06-14 02:51:20.986  1715  1959 E minksocket: MinkIPC_QRTR_Service: client with node 1 port 5513 went down
06-14 02:51:20.989  1715  1959 E minksocket: MinkIPC_QRTR_Service: client with node 1 port 5514 went down
06-14 02:51:21.212  1826 11091 I QC2Comp : [avcD_133] Stats: Pending(4) i/p-done(0) Works: Q: 21695/Done 21692|Work-Rate: Q(25.2/s Avg=24.9/s) Done(25.197/s Avg=24.916/s)| Stream: 25.00fps 612.6Kbps
06-14 02:51:21.212  1826 11091 I QC2Comp : [avcD_133] Mem-usage:  [In-1D: 7 bufs 20.918 MB] [1D-249: 15 bufs 0.234 MB] [2D-250: 23 bufs 8.445 MB] | Total: 29.598 MB
06-14 02:51:21.285  7645  7645 D NowPlayingGuardian: ✅ Now Playing metadata matches on all layers: UI/ExoPlayer/MediaSession = '-F6AjkoGad8'
06-14 02:51:21.978  7645 12650 D BufferPoolAccessor2.0: bufferpool2 0xb40000765fa9ec38 : 5(40960 size) total buffers - 1(8192 size) used buffers - 22407/22412 (recycle/alloc) - 10/22394 (fetch/transfer)
06-14 02:51:22.013  7645 11087 I MediaCodec: [0xb40000754fb87f50] dequeue 30 output frames in last 1151 ms, latest timeUs 1000156320000, flags 128
06-14 02:51:22.015  7645  8904 D PipelineWatcher: onInputBufferReleased: frameIndex not found (21692); ignored
06-14 02:51:22.019  7645 11087 I MediaCodec: [0xb40000754fb87f50] enqueue 30 input frames in last 1150 ms, latest timeUs 1000156480000
06-14 02:51:22.092  1715  1959 E minksocket: MinkIPC_QRTR_Service: client with node 1 port 5515 went down
06-14 02:51:22.093  1715  1959 E minksocket: MinkIPC_QRTR_Service: client with node 1 port 5516 went down
06-14 02:51:22.094  1715  1959 E minksocket: MinkIPC_QRTR_Service: client with node 1 port 5517 went down
06-14 02:51:22.096  1715  1959 E minksocket: MinkIPC_QRTR_Service: client with node 1 port 5518 went down
06-14 02:51:22.286  7645  7645 D AudioSessionGuardian: ✅ Audio session verified: 1641 is attached to DSP.
06-14 02:51:22.618  1722  4310 D DlbDap2ProcessWithIht: process() called [2213000] times with input format 0x22 and channel mask 0x3 (ProcessingMode=9), htEnable=0(0, 0, 0)
06-14 02:51:22.677  4050  4723 V Avrcp_ext: onPlaybackStateChanged: state PlaybackState {state=PLAYING(3), position=156423, buffered position=209978, speed=1.0, updated=31274772, actions=7339671, custom actions=[], active item id=0, error=null}
06-14 02:51:22.677  4050  4723 V APM: MediaControlManager: onPlaybackStateChanged
06-14 02:51:22.677  4050  4723 W McpService: updatePlaybackState state PlaybackState {state=PLAYING(3), position=156423, buffered position=209978, speed=1.0, updated=31274772, actions=7339671, custom actions=[], active item id=0, error=null}
06-14 02:51:22.677  4050  4723 W McpService: updatePlaybackState mState: 1 state: 1
06-14 02:51:22.684  4050  4723 V Avrcp_ext: updateCurrentMediaState: mMediaController: MediaController (com.deepeye.musicpro@ca1b3a2) Lamba Lamba Ghunghat (Official Video) Ajay Hooda | Kavita Joshi | New Haryanvi Songs Haryanavi 2024, Sonotek Music, null
06-14 02:51:22.684  4050  4723 W Avrcp_ext: isMusicActive: true getBluetoothPlayState: 1 A2dp State: 10 mAudioPlaybackIsActive: true
06-14 02:51:22.684  4050  4723 D Avrcp_ext: isMusicActive = true mAudioPlaybackIsActive = true player state = PlaybackState {state=PLAYING(3), position=156433, buffered position=209978, speed=1.0, updated=31274782, actions=7339671, custom actions=[], active item id=0, error=null}
06-14 02:51:22.690  4050  4723 D Avrcp_ext: overwrite album_artist :if album is blank
06-14 02:51:22.690  4050  4723 D AvrcpBipRsp:  getImgHandle device :64:8F:DB:D5:6F:1C data :android.media.MediaMetadata@3594ceb7
06-14 02:51:22.690  4050  4723 W AvrcpBipRsp: getImgHandle bipSm null
06-14 02:51:22.690  4050  4723 D Avrcp_ext:  getImgHandle device:64:8F:DB:D5:6F:1C data:android.media.MediaMetadata@3594ceb7 isKeyContains true Handle 
06-14 02:51:22.695  4050  4723 I Avrcp_ext: device found at index 0
06-14 02:51:22.695  4050  4723 V Avrcp_ext: updateCurrentMediaState: addr: [B@5675fef
06-14 02:51:22.695  4050  4723 V Avrcp_ext: Media update: id 0➡0? [MediaAttributes: L⋯4 -  by S⋯c (209978 0/0) - ] : [MediaAttributes: L⋯4 -  by S⋯c (209978 0/0) - ]
06-14 02:51:22.695  4050  4723 D Avrcp_ext: isPackageNameValid: browsedPackage = com.deepeye.musicproisValid = true
06-14 02:51:22.695  4050  4723 V Avrcp_ext: isBrowseSupported for com.deepeye.musicpro: false
06-14 02:51:22.695  4050  4723 W Avrcp_ext: updateCurrentMediaState: isInactivePlayer = false
06-14 02:51:22.695  4050  4723 V Avrcp_ext: updatePlaybackState, state: PlaybackState {state=PLAYING(3), position=156433, buffered position=209978, speed=1.0, updated=31274782, actions=7339671, custom actions=[], active item id=0, error=null} device: null
06-14 02:51:22.697  4050  4723 D BroadcastService: getBroadcastAddress
06-14 02:51:22.697  4050  4723 D BroadcastService: isBroadcastActive: Broadcast is turned to off
06-14 02:51:22.697  4050  4723 V Avrcp_ext: Device: OnePlus Nord Buds 2r : old state: PlaybackState {state=PLAYING(3), position=153420, buffered position=209978, speed=1.0, updated=31271775, actions=7339671, custom actions=[], active item id=0, error=null}
06-14 02:51:22.697  4050  4723 V Avrcp_ext: Device: no name: 
06-14 02:51:22.697  4050  4723 V Avrcp_ext: Device: no name: 
06-14 02:51:22.697  4050  4723 V Avrcp_ext: Device: no name: 
06-14 02:51:22.697  4050  4723 V Avrcp_ext: Device: no name: 
06-14 02:51:22.697  4050  4723 V Avrcp_ext: updatePlayerStateAndPosition, old=PlaybackState {state=PLAYING(3), position=153420, buffered position=209978, speed=1.0, updated=31271775, actions=7339671, custom actions=[], active item id=0, error=null}, state=PlaybackState {state=PLAYING(3), position=156433, buffered position=209978, speed=1.0, updated=31274782, actions=7339671, custom actions=[], active item id=0, error=null}
06-14 02:51:22.697  4050  4723 V Avrcp_ext: old state = PlaybackState {state=PLAYING(3), position=153420, buffered position=209978, speed=1.0, updated=31271775, actions=7339671, custom actions=[], active item id=0, error=null}, new state= PlaybackState {state=PLAYING(3), position=156433, buffered position=209978, speed=1.0, updated=31274782, actions=7339671, custom actions=[], active item id=0, error=null}
06-14 02:51:22.698  4050  4723 D HeadsetService: getHeadsetService(): returning com.android.bluetooth.hfp.HeadsetService@3f5a045
06-14 02:51:22.698  4050  4723 E HeadsetStateMachine: returning mCurrentState as Connected
06-14 02:51:22.698  4050  4723 D HeadsetService:  isAudioOn: The number of audio connected devices 0
06-14 02:51:22.698  4050  4723 D HeadsetService: isScoOrCallActive(): Call Active:falseCall is Ringing:falseSCO is Active:false
06-14 02:51:22.698  4050  4723 E HeadsetStateMachine: returning mCurrentState as Connected
06-14 02:51:22.698  4050  4723 D HeadsetService:  isAudioOn: The number of audio connected devices 0
06-14 02:51:22.698  4050  4723 V Avrcp_ext: isPlayStateTobeUpdated: device: 64:8F:DB:D5:6F:1C
06-14 02:51:22.698  4050  4723 V Avrcp_ext: Single connection exists
06-14 02:51:22.698  4050  4723 V Avrcp_ext: isPlayStateToBeUpdated device is active device
06-14 02:51:22.698  4050  4723 I Avrcp_ext: updatePlayStatusForDevice: device: 64:8F:DB:D5:6F:1C
06-14 02:51:22.698  4050  4723 V Avrcp_ext: updatePlaybackState (0): old=PlaybackState {state=PLAYING(3), position=153420, buffered position=209978, speed=1.0, updated=31271775, actions=7339671, custom actions=[], active item id=0, error=null}(1), new=PlaybackState {state=PLAYING(3), position=156433, buffered position=209978, speed=1.0, updated=31274782, actions=7339671, custom actions=[], active item id=0, error=null}(1)
06-14 02:51:22.698  4050  4723 I Avrcp_ext: Exit updatePlayStatusForDevice
06-14 02:51:22.698  4050  4723 E HeadsetStateMachine: returning mCurrentState as Connected
06-14 02:51:22.699  4050  4723 D HeadsetService:  isAudioOn: The number of audio connected devices 0
06-14 02:51:22.699  4050  4723 D HeadsetService: isScoOrCallActive(): Call Active:falseCall is Ringing:falseSCO is Active:false
06-14 02:51:22.699  4050  4723 E HeadsetStateMachine: returning mCurrentState as Connected
06-14 02:51:22.699  4050  4723 D HeadsetService:  isAudioOn: The number of audio connected devices 0
06-14 02:51:22.699  4050  4723 V Avrcp_ext: isPlayStateTobeUpdated: device: null
06-14 02:51:22.699  4050  4723 V Avrcp_ext: Single connection exists
06-14 02:51:22.699  4050  4723 E HeadsetStateMachine: returning mCurrentState as Connected
06-14 02:51:22.699  4050  4723 D HeadsetService:  isAudioOn: The number of audio connected devices 0
06-14 02:51:22.699  4050  4723 D HeadsetService: isScoOrCallActive(): Call Active:falseCall is Ringing:falseSCO is Active:false
06-14 02:51:22.699  4050  4723 E HeadsetStateMachine: returning mCurrentState as Connected
06-14 02:51:22.699  4050  4723 D HeadsetService:  isAudioOn: The number of audio connected devices 0
06-14 02:51:22.699  4050  4723 V Avrcp_ext: isPlayStateTobeUpdated: device: null
06-14 02:51:22.699  4050  4723 V Avrcp_ext: Single connection exists
06-14 02:51:22.699  4050  4723 E HeadsetStateMachine: returning mCurrentState as Connected
06-14 02:51:22.699  4050  4723 D HeadsetService:  isAudioOn: The number of audio connected devices 0
06-14 02:51:22.700  4050  4723 D HeadsetService: isScoOrCallActive(): Call Active:falseCall is Ringing:falseSCO is Active:false
06-14 02:51:22.700  4050  4723 E HeadsetStateMachine: returning mCurrentState as Connected
06-14 02:51:22.700  4050  4723 D HeadsetService:  isAudioOn: The number of audio connected devices 0
06-14 02:51:22.700  4050  4723 V Avrcp_ext: isPlayStateTobeUpdated: device: null
06-14 02:51:22.700  4050  4723 V Avrcp_ext: Single connection exists
06-14 02:51:22.700  4050  4723 E HeadsetStateMachine: returning mCurrentState as Connected
06-14 02:51:22.700  4050  4723 D HeadsetService:  isAudioOn: The number of audio connected devices 0
06-14 02:51:22.700  4050  4723 D HeadsetService: isScoOrCallActive(): Call Active:falseCall is Ringing:falseSCO is Active:false
06-14 02:51:22.700  4050  4723 E HeadsetStateMachine: returning mCurrentState as Connected
06-14 02:51:22.700  4050  4723 D HeadsetService:  isAudioOn: The number of audio connected devices 0
06-14 02:51:22.700  4050  4723 V Avrcp_ext: isPlayStateTobeUpdated: device: null
06-14 02:51:22.700  4050  4723 V Avrcp_ext: Single connection exists
06-14 02:51:22.700  4050  4723 D Avrcp_ext: Enter sendPlayPosNotificationRsp
06-14 02:51:22.700  4050  4723 D Avrcp_ext: sendPlayPosNotificationRsp: Not registered or requesting.
06-14 02:51:22.700  4050  4723 D Avrcp_ext: Enter sendPlayPosNotificationRsp
06-14 02:51:22.701  4050  4723 D Avrcp_ext: sendPlayPosNotificationRsp: Not registered or requesting.
06-14 02:51:22.701  4050  4723 D Avrcp_ext: Enter sendPlayPosNotificationRsp
06-14 02:51:22.701  4050  4723 D Avrcp_ext: sendPlayPosNotificationRsp: Not registered or requesting.
06-14 02:51:22.701  4050  4723 D Avrcp_ext: Enter sendPlayPosNotificationRsp
06-14 02:51:22.701  4050  4723 D Avrcp_ext: sendPlayPosNotificationRsp: Not registered or requesting.
06-14 02:51:22.701  4050  4723 D Avrcp_ext: Enter sendPlayPosNotificationRsp
06-14 02:51:22.701  4050  4723 D Avrcp_ext: sendPlayPosNotificationRsp: Not registered or requesting.
06-14 02:51:22.701  4050  4723 V Avrcp_ext: Exit updatePlayerStateAndPosition
06-14 02:51:22.701  4050  4723 D APM: ActiveDeviceManagerServiceLegacy: getActiveAbsoluteDevice(): device: 64:8F:DB:D5:6F:1C
06-14 02:51:22.701  4050  4723 D APM: ActiveDeviceManagerServiceLegacy: isStableState(): true
06-14 02:51:22.701  4050  4723 D Avrcp_ext: isAdmStable = true activeAbsAddr = 64:8F:DB:D5:6F:1C device = null
06-14 02:51:22.701  4050  4723 V APM: MediaControlManager: onPlaybackStateChanged
06-14 02:51:22.701  4050  4723 W McpService: updatePlaybackState state PlaybackState {state=PLAYING(3), position=156433, buffered position=209978, speed=1.0, updated=31274782, actions=7339671, custom actions=[], active item id=0, error=null}
06-14 02:51:22.701  4050  4723 W McpService: updatePlaybackState mState: 1 state: 1
06-14 02:51:22.701  4050  4723 W Avrcp_ext: updated player state = PlaybackState {state=PLAYING(3), position=156433, buffered position=209978, speed=1.0, updated=31274782, actions=7339671, custom actions=[], active item id=0, error=null}to MCP module also
06-14 02:51:22.701  4050  4723 V Avrcp_ext:  Exit onPlaybackStateChanged
06-14 02:51:23.045  7645 11087 I MediaCodec: [0xb40000754fb87f50] dequeue 24 output frames in last 1032 ms, latest timeUs 1000157280000, flags 128
06-14 02:51:23.050  7645 11087 I MediaCodec: [0xb40000754fb87f50] enqueue 24 input frames in last 1030 ms, latest timeUs 1000157440000
06-14 02:51:23.200  1715  1959 E minksocket: MinkIPC_QRTR_Service: client with node 1 port 5519 went down
06-14 02:51:23.202  1715  1959 E minksocket: MinkIPC_QRTR_Service: client with node 1 port 551a went down
06-14 02:51:23.204  1715  1959 E minksocket: MinkIPC_QRTR_Service: client with node 1 port 551b went down
06-14 02:51:23.206  1715  1959 E minksocket: MinkIPC_QRTR_Service: client with node 1 port 551c went down
06-14 02:51:23.898  1715  1959 E minksocket: MinkIPC_QRTR_Service: client with node 1 port 551d went down
06-14 02:51:23.899  1715  1959 E minksocket: MinkIPC_QRTR_Service: client with node 1 port 551e went down
06-14 02:51:23.900  1715  1959 E minksocket: MinkIPC_QRTR_Service: client with node 1 port 551f went down
06-14 02:51:23.901  1715  1959 E minksocket: MinkIPC_QRTR_Service: client with node 1 port 5521 went down
06-14 02:51:23.902  1715  1959 E minksocket: MinkIPC_QRTR_Service: client with node 1 port 5522 went down
06-14 02:51:23.903  1715  1959 E minksocket: MinkIPC_QRTR_Service: client with node 1 port 5523 went down
06-14 02:51:24.190  7645 11087 I MediaCodec: [0xb40000754fb87f50] dequeue 30 output frames in last 1144 ms, latest timeUs 1000158480000, flags 128
06-14 02:51:24.194  7645 11087 I MediaCodec: [0xb40000754fb87f50] enqueue 30 input frames in last 1144 ms, latest timeUs 1000158640000
06-14 02:51:24.299  1715  1959 E minksocket: MinkIPC_QRTR_Service: client with node 1 port 5525 went down
06-14 02:51:24.302  1715  1959 E minksocket: MinkIPC_QRTR_Service: client with node 1 port 5526 went down
06-14 02:51:24.302  1715  1959 E minksocket: MinkIPC_QRTR_Service: client with node 1 port 5527 went down
06-14 02:51:24.304  1715  1959 E minksocket: MinkIPC_QRTR_Service: client with node 1 port 5528 went down
06-14 02:51:24.485  4452 31863 I NearbyMediums: No BLE Fast/GATT advertisements found in the latest cycle.
06-14 02:51:24.485  4452 31863 I NearbyMediums: Current Tracked Scanning Clients are : {NearbyConnections.EnvironmentMonitor, NearbySharing, NearbyConnections.TxAdvertisement}
06-14 02:51:24.784  2393 12651 D BufferPoolAccessor2.0: bufferpool2 0xb4000079dbb3fec8 : 5(20480 size) total buffers - 1(4096 size) used buffers - 22505/22510 (recycle/alloc) - 129/22509 (fetch/transfer)
06-14 02:51:24.879  1723  4663 I vendor.qti.bluetooth@1.0-ibs_handler: ProcessIbsCmd: Received IBS_WAKE_IND: 0xFD
06-14 02:51:24.880  1723  4663 D vendor.qti.bluetooth@1.0-ibs_handler: SerialClockVote: vote for UART CLK ON
06-14 02:51:24.880  1723  4663 D vendor.qti.bluetooth@1.0-wake_lock: Acquire wakelock is acquired 
06-14 02:51:24.880  1723  4663 I vendor.qti.bluetooth@1.0-ibs_handler: ProcessIbsCmd: Writing IBS_WAKE_ACK
06-14 02:51:24.881  4050  4665 E bt_avp  : avdt_ad_tc_data_ind: type: x0, tcid: 0, ccb_idx: 0
06-14 02:51:24.882  4050  4665 D bt_btif : bta_av_ssm_execute(): AV Sevent(0x41)=0x1229(AVDT_DELAY_RPT) state=3(OPEN)
06-14 02:51:24.882  4050  4665 E bt_btif : bta_av_co_audio_delay: handle: x41, delay:0x564
06-14 02:51:24.882  4050  4665 W bt_stack: [WARNING:a2dp_encoding.cc(2309)] is_qc_hal_enabled
06-14 02:51:24.882  1723  1723 I vendor.qti.bluetooth@1.0-ibs_handler: DeviceWakeUp: Writing IBS_WAKE_IND
06-14 02:51:24.882  4050  4665 W bt_stack: [WARNING:a2dp_encoding.cc(2288)] get_hal_version
06-14 02:51:24.882  4050  4665 E bt_btif : bta_av_co_get_active_peer: active peer index: 0
06-14 02:51:24.882  4050  4665 D bt_btif : btif_ahim_set_remote_delay: AIDL, profile: 1, delay_report: 1380
06-14 02:51:24.882  1723  4663 I vendor.qti.bluetooth@1.0-ibs_handler: ProcessIbsCmd: Received IBS_WAKE_ACK: 0xFC
06-14 02:51:24.882  1723  4663 I vendor.qti.bluetooth@1.0-ibs_handler: ProcessIbsCmd: Signal wack_cond_
06-14 02:51:24.882  4050  4665 W bt_stack: [WARNING:a2dp_encoding.cc(2309)] is_qc_hal_enabled
06-14 02:51:24.882  4050  4665 W bt_stack: [WARNING:a2dp_encoding.cc(2288)] get_hal_version
06-14 02:51:24.882  1723  1723 D vendor.qti.bluetooth@1.0-ibs_handler: DeviceWakeUp: Unblocked from waiting for FC, pthread_cond_timedwait ret = 0
06-14 02:51:24.882  4050  4665 D bt_btif : btif_ahim_set_remote_delay: QC
06-14 02:51:24.882  4050  4665 I bt_stack: [INFO:a2dp_encoding.cc(2820)] set_remote_delay: DELAY 138 ms
06-14 02:51:24.883  1722 17373 I BluetoothA2dpControl: updateSinkLatency Latency update from stack: 1380
06-14 02:51:24.883  1722 17373 I BTAudioProviderSession_2_1: OnSessionParamUpdate Update Sink Latency: 1380
06-14 02:51:24.928  1723  4663 I vendor.qti.bluetooth@1.0-ibs_handler: ProcessIbsCmd: Received IBS_SLEEP_IND: 0xFE
06-14 02:51:24.997  3059  3510 W ProcessStats: Tracking association SourceState{50e1ff2 com.google.android.gms.persistent/10192 Fgs #78527} whose proc state 3 is better than process ProcessState{5a6feaa com.google.android.adservices.api/10357 pkg=com.google.android.adservices.api} proc state 14 (11 skipped)
06-14 02:51:25.199  7645 11087 I MediaCodec: [0xb40000754fb87f50] dequeue 24 output frames in last 1009 ms, latest timeUs 1000159440000, flags 129
06-14 02:51:25.204  7645 11087 I MediaCodec: [0xb40000754fb87f50] enqueue 24 input frames in last 1009 ms, latest timeUs 1000159600000
06-14 02:51:25.257  1722  4310 D DlbDap2ProcessWithIht: process() called [2213500] times with input format 0x22 and channel mask 0x3 (ProcessingMode=9), htEnable=0(0, 0, 0)
06-14 02:51:25.288  7645  7645 D NowPlayingGuardian: ✅ Now Playing metadata matches on all layers: UI/ExoPlayer/MediaSession = '-F6AjkoGad8'
06-14 02:51:25.288  7645  7645 D AudioSessionGuardian: ✅ Audio session verified: 1641 is attached to DSP.
06-14 02:51:25.405  1715  1959 E minksocket: MinkIPC_QRTR_Service: client with node 1 port 5529 went down
06-14 02:51:25.408  1715  1959 E minksocket: MinkIPC_QRTR_Service: client with node 1 port 552a went down
06-14 02:51:25.410  1715  1959 E minksocket: MinkIPC_QRTR_Service: client with node 1 port 552b went down
06-14 02:51:25.413  1715  1959 E minksocket: MinkIPC_QRTR_Service: client with node 1 port 552c went down
06-14 02:51:25.678  4050  4723 V Avrcp_ext: onPlaybackStateChanged: state PlaybackState {state=PLAYING(3), position=159423, buffered position=209978, speed=1.0, updated=31277774, actions=7339671, custom actions=[], active item id=0, error=null}
06-14 02:51:25.678  4050  4723 V APM: MediaControlManager: onPlaybackStateChanged
06-14 02:51:25.678  4050  4723 W McpService: updatePlaybackState state PlaybackState {state=PLAYING(3), position=159423, buffered position=209978, speed=1.0, updated=31277774, actions=7339671, custom actions=[], active item id=0, error=null}
06-14 02:51:25.678  4050  4723 W McpService: updatePlaybackState mState: 1 state: 1
06-14 02:51:25.683  4050  4723 V Avrcp_ext: updateCurrentMediaState: mMediaController: MediaController (com.deepeye.musicpro@ca1b3a2) Lamba Lamba Ghunghat (Official Video) Ajay Hooda | Kavita Joshi | New Haryanvi Songs Haryanavi 2024, Sonotek Music, null
06-14 02:51:25.683  4050  4723 W Avrcp_ext: isMusicActive: true getBluetoothPlayState: 1 A2dp State: 10 mAudioPlaybackIsActive: true
06-14 02:51:25.683  4050  4723 D Avrcp_ext: isMusicActive = true mAudioPlaybackIsActive = true player state = PlaybackState {state=PLAYING(3), position=159430, buffered position=209978, speed=1.0, updated=31277781, actions=7339671, custom actions=[], active item id=0, error=null}
06-14 02:51:25.686  4050  4723 D Avrcp_ext: overwrite album_artist :if album is blank
06-14 02:51:25.686  4050  4723 D AvrcpBipRsp:  getImgHandle device :64:8F:DB:D5:6F:1C data :android.media.MediaMetadata@3594ceb7
06-14 02:51:25.686  4050  4723 W AvrcpBipRsp: getImgHandle bipSm null
06-14 02:51:25.686  4050  4723 D Avrcp_ext:  getImgHandle device:64:8F:DB:D5:6F:1C data:android.media.MediaMetadata@3594ceb7 isKeyContains true Handle 
06-14 02:51:25.688  4050  4723 I Avrcp_ext: device found at index 0
06-14 02:51:25.688  4050  4723 V Avrcp_ext: updateCurrentMediaState: addr: [B@f47bfa6
06-14 02:51:25.688  4050  4723 V Avrcp_ext: Media update: id 0➡0? [MediaAttributes: L⋯4 -  by S⋯c (209978 0/0) - ] : [MediaAttributes: L⋯4 -  by S⋯c (209978 0/0) - ]
06-14 02:51:25.688  4050  4723 D Avrcp_ext: isPackageNameValid: browsedPackage = com.deepeye.musicproisValid = true
06-14 02:51:25.688  4050  4723 V Avrcp_ext: isBrowseSupported for com.deepeye.musicpro: false
06-14 02:51:25.688  4050  4723 W Avrcp_ext: updateCurrentMediaState: isInactivePlayer = false
06-14 02:51:25.689  4050  4723 V Avrcp_ext: updatePlaybackState, state: PlaybackState {state=PLAYING(3), position=159430, buffered position=209978, speed=1.0, updated=31277781, actions=7339671, custom actions=[], active item id=0, error=null} device: null
06-14 02:51:25.689  4050  4723 D BroadcastService: getBroadcastAddress
06-14 02:51:25.689  4050  4723 D BroadcastService: isBroadcastActive: Broadcast is turned to off
06-14 02:51:25.689  4050  4723 V Avrcp_ext: Device: OnePlus Nord Buds 2r : old state: PlaybackState {state=PLAYING(3), position=156433, buffered position=209978, speed=1.0, updated=31274782, actions=7339671, custom actions=[], active item id=0, error=null}
06-14 02:51:25.689  4050  4723 V Avrcp_ext: Device: no name: 
06-14 02:51:25.689  4050  4723 V Avrcp_ext: Device: no name: 
06-14 02:51:25.689  4050  4723 V Avrcp_ext: Device: no name: 
06-14 02:51:25.689  4050  4723 V Avrcp_ext: Device: no name: 
06-14 02:51:25.689  4050  4723 V Avrcp_ext: updatePlayerStateAndPosition, old=PlaybackState {state=PLAYING(3), position=156433, buffered position=209978, speed=1.0, updated=31274782, actions=7339671, custom actions=[], active item id=0, error=null}, state=PlaybackState {state=PLAYING(3), position=159430, buffered position=209978, speed=1.0, updated=31277781, actions=7339671, custom actions=[], active item id=0, error=null}
06-14 02:51:25.690  4050  4723 V Avrcp_ext: old state = PlaybackState {state=PLAYING(3), position=156433, buffered position=209978, speed=1.0, updated=31274782, actions=7339671, custom actions=[], active item id=0, error=null}, new state= PlaybackState {state=PLAYING(3), position=159430, buffered position=209978, speed=1.0, updated=31277781, actions=7339671, custom actions=[], active item id=0, error=null}
06-14 02:51:25.690  4050  4723 D HeadsetService: getHeadsetService(): returning com.android.bluetooth.hfp.HeadsetService@3f5a045
06-14 02:51:25.690  4050  4723 E HeadsetStateMachine: returning mCurrentState as Connected
06-14 02:51:25.690  4050  4723 D HeadsetService:  isAudioOn: The number of audio connected devices 0
06-14 02:51:25.690  4050  4723 D HeadsetService: isScoOrCallActive(): Call Active:falseCall is Ringing:falseSCO is Active:false
06-14 02:51:25.690  4050  4723 E HeadsetStateMachine: returning mCurrentState as Connected
06-14 02:51:25.690  4050  4723 D HeadsetService:  isAudioOn: The number of audio connected devices 0
06-14 02:51:25.690  4050  4723 V Avrcp_ext: isPlayStateTobeUpdated: device: 64:8F:DB:D5:6F:1C
06-14 02:51:25.690  4050  4723 V Avrcp_ext: Single connection exists
06-14 02:51:25.690  4050  4723 V Avrcp_ext: isPlayStateToBeUpdated device is active device
06-14 02:51:25.690  4050  4723 I Avrcp_ext: updatePlayStatusForDevice: device: 64:8F:DB:D5:6F:1C
06-14 02:51:25.690  4050  4723 V Avrcp_ext: updatePlaybackState (0): old=PlaybackState {state=PLAYING(3), position=156433, buffered position=209978, speed=1.0, updated=31274782, actions=7339671, custom actions=[], active item id=0, error=null}(1), new=PlaybackState {state=PLAYING(3), position=159430, buffered position=209978, speed=1.0, updated=31277781, actions=7339671, custom actions=[], active item id=0, error=null}(1)
06-14 02:51:25.690  4050  4723 I Avrcp_ext: Exit updatePlayStatusForDevice
06-14 02:51:25.690  4050  4723 E HeadsetStateMachine: returning mCurrentState as Connected
06-14 02:51:25.690  4050  4723 D HeadsetService:  isAudioOn: The number of audio connected devices 0
06-14 02:51:25.690  4050  4723 D HeadsetService: isScoOrCallActive(): Call Active:falseCall is Ringing:falseSCO is Active:false
06-14 02:51:25.690  4050  4723 E HeadsetStateMachine: returning mCurrentState as Connected
06-14 02:51:25.690  4050  4723 D HeadsetService:  isAudioOn: The number of audio connected devices 0
06-14 02:51:25.690  4050  4723 V Avrcp_ext: isPlayStateTobeUpdated: device: null
06-14 02:51:25.690  4050  4723 V Avrcp_ext: Single connection exists
06-14 02:51:25.690  4050  4723 E HeadsetStateMachine: returning mCurrentState as Connected
06-14 02:51:25.690  4050  4723 D HeadsetService:  isAudioOn: The number of audio connected devices 0
06-14 02:51:25.690  4050  4723 D HeadsetService: isScoOrCallActive(): Call Active:falseCall is Ringing:falseSCO is Active:false
06-14 02:51:25.690  4050  4723 E HeadsetStateMachine: returning mCurrentState as Connected
06-14 02:51:25.690  4050  4723 D HeadsetService:  isAudioOn: The number of audio connected devices 0
06-14 02:51:25.690  4050  4723 V Avrcp_ext: isPlayStateTobeUpdated: device: null
06-14 02:51:25.690  4050  4723 V Avrcp_ext: Single connection exists
06-14 02:51:25.690  4050  4723 E HeadsetStateMachine: returning mCurrentState as Connected
06-14 02:51:25.690  4050  4723 D HeadsetService:  isAudioOn: The number of audio connected devices 0
06-14 02:51:25.690  4050  4723 D HeadsetService: isScoOrCallActive(): Call Active:falseCall is Ringing:falseSCO is Active:false
06-14 02:51:25.690  4050  4723 E HeadsetStateMachine: returning mCurrentState as Connected
06-14 02:51:25.690  4050  4723 D HeadsetService:  isAudioOn: The number of audio connected devices 0
06-14 02:51:25.690  4050  4723 V Avrcp_ext: isPlayStateTobeUpdated: device: null
06-14 02:51:25.690  4050  4723 V Avrcp_ext: Single connection exists
06-14 02:51:25.690  4050  4723 E HeadsetStateMachine: returning mCurrentState as Connected
06-14 02:51:25.690  4050  4723 D HeadsetService:  isAudioOn: The number of audio connected devices 0
06-14 02:51:25.690  4050  4723 D HeadsetService: isScoOrCallActive(): Call Active:falseCall is Ringing:falseSCO is Active:false
06-14 02:51:25.690  4050  4723 E HeadsetStateMachine: returning mCurrentState as Connected
06-14 02:51:25.690  4050  4723 D HeadsetService:  isAudioOn: The number of audio connected devices 0
06-14 02:51:25.690  4050  4723 V Avrcp_ext: isPlayStateTobeUpdated: device: null
06-14 02:51:25.690  4050  4723 V Avrcp_ext: Single connection exists
06-14 02:51:25.690  4050  4723 D Avrcp_ext: Enter sendPlayPosNotificationRsp
06-14 02:51:25.690  4050  4723 D Avrcp_ext: sendPlayPosNotificationRsp: Not registered or requesting.
06-14 02:51:25.690  4050  4723 D Avrcp_ext: Enter sendPlayPosNotificationRsp
06-14 02:51:25.690  4050  4723 D Avrcp_ext: sendPlayPosNotificationRsp: Not registered or requesting.
06-14 02:51:25.690  4050  4723 D Avrcp_ext: Enter sendPlayPosNotificationRsp
06-14 02:51:25.690  4050  4723 D Avrcp_ext: sendPlayPosNotificationRsp: Not registered or requesting.
06-14 02:51:25.690  4050  4723 D Avrcp_ext: Enter sendPlayPosNotificationRsp
06-14 02:51:25.690  4050  4723 D Avrcp_ext: sendPlayPosNotificationRsp: Not registered or requesting.
06-14 02:51:25.690  4050  4723 D Avrcp_ext: Enter sendPlayPosNotificationRsp
06-14 02:51:25.690  4050  4723 D Avrcp_ext: sendPlayPosNotificationRsp: Not registered or requesting.
06-14 02:51:25.690  4050  4723 V Avrcp_ext: Exit updatePlayerStateAndPosition
06-14 02:51:25.690  4050  4723 D APM: ActiveDeviceManagerServiceLegacy: getActiveAbsoluteDevice(): device: 64:8F:DB:D5:6F:1C
06-14 02:51:25.690  4050  4723 D APM: ActiveDeviceManagerServiceLegacy: isStableState(): true
06-14 02:51:25.690  4050  4723 D Avrcp_ext: isAdmStable = true activeAbsAddr = 64:8F:DB:D5:6F:1C device = null
06-14 02:51:25.690  4050  4723 V APM: MediaControlManager: onPlaybackStateChanged
06-14 02:51:25.690  4050  4723 W McpService: updatePlaybackState state PlaybackState {state=PLAYING(3), position=159430, buffered position=209978, speed=1.0, updated=31277781, actions=7339671, custom actions=[], active item id=0, error=null}
06-14 02:51:25.690  4050  4723 W McpService: updatePlaybackState mState: 1 state: 1
06-14 02:51:25.690  4050  4723 W Avrcp_ext: updated player state = PlaybackState {state=PLAYING(3), position=159430, buffered position=209978, speed=1.0, updated=31277781, actions=7339671, custom actions=[], active item id=0, error=null}to MCP module also
06-14 02:51:25.690  4050  4723 V Avrcp_ext:  Exit onPlaybackStateChanged
06-14 02:51:25.882  1723  4668 I vendor.qti.bluetooth@1.0-ibs_handler: DeviceSleep: TX Awake, Sending SLEEP_IND
06-14 02:51:25.883  1723  4668 D vendor.qti.bluetooth@1.0-ibs_handler: SerialClockVote: vote for UART CLK OFF
06-14 02:51:25.921  7645  8904 D BufferPoolAccessor2.0: bufferpool2 0xb40000765fa58858 : 5(15667200 size) total buffers - 5(15667200 size) used buffers - 21810/21817 (recycle/alloc) - 15/21787 (fetch/transfer)
06-14 02:51:26.033  1723  4358 D vendor.qti.bluetooth@1.0-wake_lock: Release wakelock is released 
06-14 02:51:26.192  3886  4502 D PowerUI : can't show warning due to - plugged: true status unknown: false
06-14 02:51:26.192  4096  4096 D DeviceStatisticsService: onReceive: action= android.intent.action.BATTERY_CHANGED
06-14 02:51:26.193  3059  3059 V UiModeManager: updateLocked: null action, mDockState=0, category=null
06-14 02:51:26.193  4101  4101 D QtiCarrierConfigHelper: WARNING, no carrier configs on phone Id: 1
06-14 02:51:26.193  3059  3059 D UiModeManager: updateConfigurationLocked: mDockState=0; mCarMode=false; mNightMode=2; mNightModeCustomType=-1; uiMode=33
06-14 02:51:26.195  4096  4096 V DeviceStatisticsService: chargerType=2 batteryLevel=94 totalBatteryCapacity=4360900
06-14 02:51:26.195  4096  4096 D DeviceInfoHidlClient: isRadioOn()=true
06-14 02:51:26.195  4096  4096 I DeviceInfoHidlClient: isPowerInfoNeverSent=false batteryLevel=94 batteryLevelIndex=4 chargingMode=2 totalCapacity=4360900 powerSaveMode=false
06-14 02:51:26.213  1826 11091 I QC2Comp : [avcD_133] Stats: Pending(4) i/p-done(0) Works: Q: 21821/Done 21818|Work-Rate: Q(25.2/s Avg=24.9/s) Done(25.196/s Avg=24.917/s)| Stream: 25.00fps 1.1Mbps
06-14 02:51:26.213  1826 11091 I QC2Comp : [avcD_133] Mem-usage:  [In-1D: 7 bufs 20.918 MB] [1D-249: 15 bufs 0.234 MB] [2D-250: 23 bufs 8.445 MB] | Total: 29.598 MB
06-14 02:51:26.347  7645 11087 I MediaCodec: [0xb40000754fb87f50] dequeue 30 output frames in last 1147 ms, latest timeUs 1000160640000, flags 128
06-14 02:51:26.356  7645 11087 I MediaCodec: [0xb40000754fb87f50] enqueue 30 input frames in last 1152 ms, latest timeUs 1000160800000
06-14 02:51:26.507  1715  1959 E minksocket: MinkIPC_QRTR_Service: client with node 1 port 552d went down
06-14 02:51:26.508  1715  1959 E minksocket: MinkIPC_QRTR_Service: client with node 1 port 552e went down
06-14 02:51:26.509  1715  1959 E minksocket: MinkIPC_QRTR_Service: client with node 1 port 552f went down
06-14 02:51:26.512  1715  1959 E minksocket: MinkIPC_QRTR_Service: client with node 1 port 5530 went down
06-14 02:51:26.690  6029  6808 D CmdCenter: - RowBase2: sPrevModStatus: 1, modStatus: 1
06-14 02:51:26.691  6029  6808 D CmdCenter: - RowBase2: sPrevBatStatus: 2, status: 2
06-14 02:51:26.691  6029  6808 D CmdCenter: - RowBase2: sPrevChargeRate = 1, new = 1
06-14 02:51:26.691  6029  6808 D CmdCenter: - RowBase2: sPrevPlugType: 2 plugType: 2
06-14 02:51:27.377  7645 11087 I MediaCodec: [0xb40000754fb87f50] dequeue 24 output frames in last 1029 ms, latest timeUs 1000161600000, flags 128
06-14 02:51:27.379  7645 11087 I MediaCodec: [0xb40000754fb87f50] enqueue 24 input frames in last 1022 ms, latest timeUs 1000161760000
06-14 02:51:27.408  4028  4051 I Tethering: [BpfCoordinator] onAlertReached
06-14 02:51:27.459  7645 12650 D BufferPoolAccessor2.0: bufferpool2 0xb40000765fa9ec38 : 5(40960 size) total buffers - 1(8192 size) used buffers - 22643/22648 (recycle/alloc) - 10/22630 (fetch/transfer)
06-14 02:51:27.611  1715  1959 E minksocket: MinkIPC_QRTR_Service: client with node 1 port 5531 went down
06-14 02:51:27.613  1715  1959 E minksocket: MinkIPC_QRTR_Service: client with node 1 port 5532 went down
06-14 02:51:27.614  1715  1959 E minksocket: MinkIPC_QRTR_Service: client with node 1 port 5533 went down
06-14 02:51:27.615  1715  1959 E minksocket: MinkIPC_QRTR_Service: client with node 1 port 5534 went down
06-14 02:51:27.794  7645  8904 D PipelineWatcher: onInputBufferReleased: frameIndex not found (21834); ignored
06-14 02:51:27.939  1722  4310 D DlbDap2ProcessWithIht: process() called [2214000] times with input format 0x22 and channel mask 0x3 (ProcessingMode=9), htEnable=0(0, 0, 0)
06-14 02:51:28.216  1715  1959 E minksocket: MinkIPC_QRTR_Service: client with node 1 port 5520 went down
06-14 02:51:28.216  1715  1959 E minksocket: MinkIPC_QRTR_Service: client with node 1 port 5524 went down
06-14 02:51:28.287  7645  7645 D AudioSessionGuardian: ✅ Audio session verified: 1641 is attached to DSP.
06-14 02:51:28.450  4101  5586 I QImsService: VtDataUsageProvider : onSetAlert:2097152
06-14 02:51:28.451  4101  4101 I QImsService: ImsServiceClassTracker : updateAlertQuota:newQuota=2097152,Remaining=2097152
06-14 02:51:28.515  7645 11087 I MediaCodec: [0xb40000754fb87f50] dequeue 30 output frames in last 1137 ms, latest timeUs 1000162800000, flags 128
06-14 02:51:28.523  7645 11087 I MediaCodec: [0xb40000754fb87f50] enqueue 30 input frames in last 1143 ms, latest timeUs 1000162960000
06-14 02:51:28.564  3886  3886 D StatusBarIconController: ignoring old pipeline callbacks, because the new mobile icons are enabled
06-14 02:51:28.570  4164  4164 D TelephonyManager: requestModemActivityInfo: Sending result to app: ModemActivityInfo{ mTimestamp=31280667 mSleepTimeMs=8421598 mIdleTimeMs=337336 mActivityStatsTechSpecificInfo=[{mRat=UNKNOWN,mFrequencyRange=UNKNOWN,mTxTimeMs[]=[220436, 406764, 194797, 115892, 54752],mRxTimeMs=21503262}]}
06-14 02:51:28.682  4050  4723 V Avrcp_ext: onPlaybackStateChanged: state PlaybackState {state=PLAYING(3), position=162424, buffered position=209978, speed=1.0, updated=31280777, actions=7339671, custom actions=[], active item id=0, error=null}
06-14 02:51:28.683  4050  4723 V APM: MediaControlManager: onPlaybackStateChanged
06-14 02:51:28.683  4050  4723 W McpService: updatePlaybackState state PlaybackState {state=PLAYING(3), position=162424, buffered position=209978, speed=1.0, updated=31280777, actions=7339671, custom actions=[], active item id=0, error=null}
06-14 02:51:28.683  4050  4723 W McpService: updatePlaybackState mState: 1 state: 1
06-14 02:51:28.688  4050  4723 V Avrcp_ext: updateCurrentMediaState: mMediaController: MediaController (com.deepeye.musicpro@ca1b3a2) Lamba Lamba Ghunghat (Official Video) Ajay Hooda | Kavita Joshi | New Haryanvi Songs Haryanavi 2024, Sonotek Music, null
06-14 02:51:28.688  4050  4723 W Avrcp_ext: isMusicActive: true getBluetoothPlayState: 1 A2dp State: 10 mAudioPlaybackIsActive: true
06-14 02:51:28.688  4050  4723 D Avrcp_ext: isMusicActive = true mAudioPlaybackIsActive = true player state = PlaybackState {state=PLAYING(3), position=162433, buffered position=209978, speed=1.0, updated=31280786, actions=7339671, custom actions=[], active item id=0, error=null}
06-14 02:51:28.692  4050  4723 D Avrcp_ext: overwrite album_artist :if album is blank
06-14 02:51:28.692  4050  4723 D AvrcpBipRsp:  getImgHandle device :64:8F:DB:D5:6F:1C data :android.media.MediaMetadata@3594ceb7
06-14 02:51:28.692  4050  4723 W AvrcpBipRsp: getImgHandle bipSm null
06-14 02:51:28.692  4050  4723 D Avrcp_ext:  getImgHandle device:64:8F:DB:D5:6F:1C data:android.media.MediaMetadata@3594ceb7 isKeyContains true Handle 
06-14 02:51:28.696  4050  4723 I Avrcp_ext: device found at index 0
06-14 02:51:28.696  4050  4723 V Avrcp_ext: updateCurrentMediaState: addr: [B@d94f339
06-14 02:51:28.697  4050  4723 V Avrcp_ext: Media update: id 0➡0? [MediaAttributes: L⋯4 -  by S⋯c (209978 0/0) - ] : [MediaAttributes: L⋯4 -  by S⋯c (209978 0/0) - ]
06-14 02:51:28.697  4050  4723 D Avrcp_ext: isPackageNameValid: browsedPackage = com.deepeye.musicproisValid = true
06-14 02:51:28.697  4050  4723 V Avrcp_ext: isBrowseSupported for com.deepeye.musicpro: false
06-14 02:51:28.697  4050  4723 W Avrcp_ext: updateCurrentMediaState: isInactivePlayer = false
06-14 02:51:28.697  4050  4723 V Avrcp_ext: updatePlaybackState, state: PlaybackState {state=PLAYING(3), position=162433, buffered position=209978, speed=1.0, updated=31280786, actions=7339671, custom actions=[], active item id=0, error=null} device: null
06-14 02:51:28.697  4050  4723 D BroadcastService: getBroadcastAddress
06-14 02:51:28.697  4050  4723 D BroadcastService: isBroadcastActive: Broadcast is turned to off
06-14 02:51:28.698  4050  4723 V Avrcp_ext: Device: OnePlus Nord Buds 2r : old state: PlaybackState {state=PLAYING(3), position=159430, buffered position=209978, speed=1.0, updated=31277781, actions=7339671, custom actions=[], active item id=0, error=null}
06-14 02:51:28.698  4050  4723 V Avrcp_ext: Device: no name: 
06-14 02:51:28.698  4050  4723 V Avrcp_ext: Device: no name: 
06-14 02:51:28.698  4050  4723 V Avrcp_ext: Device: no name: 
06-14 02:51:28.698  4050  4723 V Avrcp_ext: Device: no name: 
06-14 02:51:28.698  4050  4723 V Avrcp_ext: updatePlayerStateAndPosition, old=PlaybackState {state=PLAYING(3), position=159430, buffered position=209978, speed=1.0, updated=31277781, actions=7339671, custom actions=[], active item id=0, error=null}, state=PlaybackState {state=PLAYING(3), position=162433, buffered position=209978, speed=1.0, updated=31280786, actions=7339671, custom actions=[], active item id=0, error=null}
06-14 02:51:28.698  4050  4723 V Avrcp_ext: old state = PlaybackState {state=PLAYING(3), position=159430, buffered position=209978, speed=1.0, updated=31277781, actions=7339671, custom actions=[], active item id=0, error=null}, new state= PlaybackState {state=PLAYING(3), position=162433, buffered position=209978, speed=1.0, updated=31280786, actions=7339671, custom actions=[], active item id=0, error=null}
06-14 02:51:28.698  4050  4723 D HeadsetService: getHeadsetService(): returning com.android.bluetooth.hfp.HeadsetService@3f5a045
06-14 02:51:28.698  4050  4723 E HeadsetStateMachine: returning mCurrentState as Connected
06-14 02:51:28.698  4050  4723 D HeadsetService:  isAudioOn: The number of audio connected devices 0
06-14 02:51:28.698  4050  4723 D HeadsetService: isScoOrCallActive(): Call Active:falseCall is Ringing:falseSCO is Active:false
06-14 02:51:28.698  4050  4723 E HeadsetStateMachine: returning mCurrentState as Connected
06-14 02:51:28.698  4050  4723 D HeadsetService:  isAudioOn: The number of audio connected devices 0
06-14 02:51:28.698  4050  4723 V Avrcp_ext: isPlayStateTobeUpdated: device: 64:8F:DB:D5:6F:1C
06-14 02:51:28.698  4050  4723 V Avrcp_ext: Single connection exists
06-14 02:51:28.698  4050  4723 V Avrcp_ext: isPlayStateToBeUpdated device is active device
06-14 02:51:28.698  4050  4723 I Avrcp_ext: updatePlayStatusForDevice: device: 64:8F:DB:D5:6F:1C
06-14 02:51:28.698  4050  4723 V Avrcp_ext: updatePlaybackState (0): old=PlaybackState {state=PLAYING(3), position=159430, buffered position=209978, speed=1.0, updated=31277781, actions=7339671, custom actions=[], active item id=0, error=null}(1), new=PlaybackState {state=PLAYING(3), position=162433, buffered position=209978, speed=1.0, updated=31280786, actions=7339671, custom actions=[], active item id=0, error=null}(1)
06-14 02:51:28.698  4050  4723 I Avrcp_ext: Exit updatePlayStatusForDevice
06-14 02:51:28.698  4050  4723 E HeadsetStateMachine: returning mCurrentState as Connected
06-14 02:51:28.698  4050  4723 D HeadsetService:  isAudioOn: The number of audio connected devices 0
06-14 02:51:28.698  4050  4723 D HeadsetService: isScoOrCallActive(): Call Active:falseCall is Ringing:falseSCO is Active:false
06-14 02:51:28.698  4050  4723 E HeadsetStateMachine: returning mCurrentState as Connected
06-14 02:51:28.698  4050  4723 D HeadsetService:  isAudioOn: The number of audio connected devices 0
06-14 02:51:28.698  4050  4723 V Avrcp_ext: isPlayStateTobeUpdated: device: null
06-14 02:51:28.698  4050  4723 V Avrcp_ext: Single connection exists
06-14 02:51:28.698  4050  4723 E HeadsetStateMachine: returning mCurrentState as Connected
06-14 02:51:28.698  4050  4723 D HeadsetService:  isAudioOn: The number of audio connected devices 0
06-14 02:51:28.698  4050  4723 D HeadsetService: isScoOrCallActive(): Call Active:falseCall is Ringing:falseSCO is Active:false
06-14 02:51:28.698  4050  4723 E HeadsetStateMachine: returning mCurrentState as Connected
06-14 02:51:28.698  4050  4723 D HeadsetService:  isAudioOn: The number of audio connected devices 0
06-14 02:51:28.698  4050  4723 V Avrcp_ext: isPlayStateTobeUpdated: device: null
06-14 02:51:28.698  4050  4723 V Avrcp_ext: Single connection exists
06-14 02:51:28.698  4050  4723 E HeadsetStateMachine: returning mCurrentState as Connected
06-14 02:51:28.698  4050  4723 D HeadsetService:  isAudioOn: The number of audio connected devices 0
06-14 02:51:28.698  4050  4723 D HeadsetService: isScoOrCallActive(): Call Active:falseCall is Ringing:falseSCO is Active:false
06-14 02:51:28.698  4050  4723 E HeadsetStateMachine: returning mCurrentState as Connected
06-14 02:51:28.698  4050  4723 D HeadsetService:  isAudioOn: The number of audio connected devices 0
06-14 02:51:28.698  4050  4723 V Avrcp_ext: isPlayStateTobeUpdated: device: null
06-14 02:51:28.698  4050  4723 V Avrcp_ext: Single connection exists
06-14 02:51:28.698  4050  4723 E HeadsetStateMachine: returning mCurrentState as Connected
06-14 02:51:28.698  4050  4723 D HeadsetService:  isAudioOn: The number of audio connected devices 0
06-14 02:51:28.698  4050  4723 D HeadsetService: isScoOrCallActive(): Call Active:falseCall is Ringing:falseSCO is Active:false
