06-16 01:14:34.063  4198  4238 V WindowManagerShell: loadAnimation: anim=android.view.animation.AnimationSet@3ca09fd animAttr=0x7 type=CLOSE isEntrance=false
06-16 01:14:34.086  4198  4238 V WindowManagerShell:  animated by com.android.wm.shell.transition.DefaultTransitionHandler@8af38b7
06-16 01:14:34.292  3286  4266 W PackageConfigPersister: App-specific configuration not found for packageName: com.android.settings and userId: 0
06-16 01:14:34.299  3286  7398 D PowerManagerService: nativeReleaseSuspendBlocker name:PowerManagerService.WakeLocks duration ms: 0
06-16 01:14:34.549  4198  4238 V WindowManagerShell: Transition animation finished (aborted=false), notifying core (#491)android.os.BinderProxy@b11cbbc@0
06-16 01:14:34.553  3286  3339 V WindowManager: Finish Transition #491: created at 06-16 01:14:33.999 collect-started=0.07ms request-sent=0.129ms started=4.459ms ready=8.168ms sent=59.742ms finished=553.704ms
06-16 01:14:34.557  4198  4238 V WindowManagerShell: Track 0 became idle
06-16 01:14:34.557  4198  4238 V WindowManagerShell: All active transition animations finished
06-16 01:14:34.576  3286  4268 D CoreBackPreview: Window{b59aaa2 u0 com.android.settings/com.android.settings.spa.SpaActivity}: Setting back callback null
06-16 01:14:35.473  4198  4238 D ShellBackPreview: initAnimation mMotionStarted=false
06-16 01:14:35.474  3286  7398 D CoreBackPreview: Focused window found using getFocusedWindowToken
06-16 01:14:35.475  3286  7398 D CoreBackPreview: startBackNavigation currentTask=Task{7922e13 #7002 type=standard A=1000:com.android.settings}, topRunningActivity=ActivityRecord{200ca0b u0 com.android.settings/.notification.history.NotificationHistoryActivity t7002}, callbackInfo=OnBackInvokedCallbackInfo{mCallback=android.window.IOnBackInvokedCallback$Stub$Proxy@ec9e30a, mPriority=-1, mIsAnimationCallback=false}, currentFocus=Window{eb9a80 u0 com.android.settings/com.android.settings.notification.history.NotificationHistoryActivity}
06-16 01:14:35.475  3286  7398 D CoreBackPreview: Previous Destination is Activity:ComponentInfo{com.android.settings/com.android.settings.Settings$ConfigureNotificationSettingsActivity} Task:Task=7002 removedContainer:ActivityRecord{200ca0b u0 com.android.settings/.notification.history.NotificationHistoryActivity t7002}, backType=TYPE_CROSS_ACTIVITY
06-16 01:14:35.476  4198  4238 D ShellBackPreview: Received backNavigationInfo:BackNavigationInfo{mType=TYPE_CROSS_ACTIVITY (2), mOnBackNavigationDone=android.os.RemoteCallback@250b5bb, mOnBackInvokedCallback=android.window.IOnBackInvokedCallback$Stub$Proxy@d5e8ad8, mPrepareRemoteAnimation=false, mAnimationCallback=false, mCustomizeAnimationInfo=null}
06-16 01:14:35.490  4198  4198 D VRI[EdgeBackGestureHandler0]: update {(0,574)(223x570) gr=TOP RIGHT CENTER ty=NAVIGATION_BAR_PANEL fmt=TRANSLUCENT
06-16 01:14:35.490  4198  4198 D VRI[EdgeBackGestureHandler0]:   fl=NOT_FOCUSABLE NOT_TOUCHABLE LAYOUT_IN_SCREEN HARDWARE_ACCELERATED
06-16 01:14:35.490  4198  4198 D VRI[EdgeBackGestureHandler0]:   pfl=SHOW_FOR_ALL_USERS EXCLUDE_FROM_SCREEN_MAGNIFICATION FIT_INSETS_CONTROLLED TRUSTED_OVERLAY
06-16 01:14:35.490  4198  4198 D VRI[EdgeBackGestureHandler0]:   bhv=DEFAULT} by setLayoutParams
06-16 01:14:35.504  3286  3764 D PowerManagerService: nativeAcquireSuspendBlocker name:PowerManagerService.WakeLocks duration ms: 1
06-16 01:14:35.540  3286  3764 D PowerManagerService: nativeReleaseSuspendBlocker name:PowerManagerService.WakeLocks duration ms: 0
06-16 01:14:35.589  4198  4238 D ShellBackPreview: Finishing gesture with event action: 1
06-16 01:14:35.589  4198  4238 D ShellBackPreview: onGestureFinished() mTriggerBack == true
06-16 01:14:35.589  4198  4238 D ShellBackPreview: BackAnimationController: finishBackNavigation()
06-16 01:14:35.589  3286  4268 D CoreBackPreview: onBackNavigationDone backType=2, triggerBack=true
06-16 01:14:35.590  3286  4268 D RestartModeController: determineRescueAppAfterAppFinishItself@1 null pkgName=com.android.settings
06-16 01:14:35.591  4198  4238 V WindowManagerShell: Transition requested: android.os.BinderProxy@19d7c84 TransitionRequestInfo { type = 2, triggerTask = null, remoteTransition = null, displayChange = null, flags = 0 }
06-16 01:14:35.593  3286  4268 D PowerManagerService: nativeAcquireSuspendBlocker name:PowerManagerService.WakeLocks duration ms: 0
06-16 01:14:35.594  3286  7398 D NotificationListeners: Removing active service ComponentInfo{com.android.settings/com.android.settings.notification.history.NotificationHistoryActivity}
06-16 01:14:35.596  3286  4266 I ActivityTaskManager: The Process com.android.settings Already Exists in BG. So sending its PID: 21216
06-16 01:14:35.603  3286  7152 I SettingsAccessControlPolicy: isDeviceSettingsChangeDisabled: value -> false
06-16 01:14:35.628  3286  7152 E UserRestrictionsUtils: Unknown restriction queried by uid 1000 (com.android.localtransport et al): null
06-16 01:14:35.628  3286  7152 E UserRestrictionsUtils: Unknown restriction queried by uid 1000 (com.android.localtransport et al): null
06-16 01:14:35.628  3286  7152 E UserRestrictionsUtils: Unknown restriction queried by uid 1000 (com.android.localtransport et al): null
06-16 01:14:35.628  3286  7152 E UserRestrictionsUtils: Unknown restriction queried by uid 1000 (com.android.localtransport et al): null
06-16 01:14:35.629  3286  7152 E UserRestrictionsUtils: Unknown restriction queried by uid 1000 (com.android.localtransport et al): null
06-16 01:14:35.629  3286  7152 E UserRestrictionsUtils: Unknown restriction queried by uid 1000 (com.android.localtransport et al): null
06-16 01:14:35.630  3286  7152 E UserRestrictionsUtils: Unknown restriction queried by uid 1000 (com.android.localtransport et al): null
06-16 01:14:35.657  3286  7152 D CompatibilityChangeReporter: Compat change id reported: 135634846; UID 10308; state: DISABLED
06-16 01:14:35.657  3286  7152 D CompatibilityChangeReporter: Compat change id reported: 177438394; UID 10308; state: DISABLED
06-16 01:14:35.657  3286  7152 D CompatibilityChangeReporter: Compat change id reported: 135772972; UID 10308; state: DISABLED
06-16 01:14:35.657  3286  7152 D CompatibilityChangeReporter: Compat change id reported: 135754954; UID 10308; state: ENABLED
06-16 01:14:35.657  3286  3350 D CompatibilityChangeReporter: Compat change id reported: 143937733; UID 10308; state: ENABLED
06-16 01:14:35.670  3286  3350 I ActivityManager: Start proc 21773:com.motorola.coresettingsext/u0a308 for content provider {com.motorola.coresettingsext/com.motorola.coresettingsext.tilecontrollers.CoreSettingsDynamicTilesProvider}
06-16 01:14:35.699  3286  7152 D CompatibilityChangeReporter: Compat change id reported: 168419799; UID 10308; state: DISABLED
06-16 01:14:35.699  3286  7152 D CompatibilityChangeReporter: Compat change id reported: 273564678; UID 10308; state: DISABLED
06-16 01:14:35.701  3286  3721 D CompatibilityChangeReporter: Compat change id reported: 265195908; UID 10308; state: ENABLED
06-16 01:14:35.705  3286  7152 D CompatibilityChangeReporter: Compat change id reported: 170503758; UID 10308; state: ENABLED
06-16 01:14:35.937  3286  7152 I ActivityManager: Flag disabled. Ignoring finishAttachApplication from uid: 10308. pid: 21773
06-16 01:14:35.975  3286  4266 I SettingsAccessControlPolicy: isDeviceSettingsChangeDisabled: value -> false
06-16 01:14:35.993 21216 21216 D ViewRootImpl: update {(0,0)(fillxfill) ty=BASE_APPLICATION wanim=0x10302f2
06-16 01:14:35.993 21216 21216 D ViewRootImpl:   fl=LAYOUT_IN_SCREEN LAYOUT_INSET_DECOR SPLIT_TOUCH HARDWARE_ACCELERATED DRAWS_SYSTEM_BAR_BACKGROUNDS
06-16 01:14:35.993 21216 21216 D ViewRootImpl:   pfl=NO_MOVE_ANIMATION FORCE_DRAW_STATUS_BAR_BACKGROUND HIDE_NON_SYSTEM_OVERLAY_WINDOWS FIT_INSETS_CONTROLLED
06-16 01:14:35.993 21216 21216 D ViewRootImpl:   bhv=DEFAULT
06-16 01:14:35.993 21216 21216 D ViewRootImpl:   fitSides=} by setView
06-16 01:14:35.997  3286  4266 D CoreBackPreview: Window{d73cfe8 u0 com.android.settings/com.android.settings.Settings$ConfigureNotificationSettingsActivity}: Setting back callback OnBackInvokedCallbackInfo{mCallback=android.window.IOnBackInvokedCallback$Stub$Proxy@43deca6, mPriority=-1, mIsAnimationCallback=false}
06-16 01:14:36.033  3286  3343 W ActivityTaskManager: activity boost didn't release as expected
06-16 01:14:36.036  3286  3339 V WindowManager: Sent Transition #492 createdAt=06-16 01:14:35.590 via request=TransitionRequestInfo { type = 2, triggerTask = null, remoteTransition = null, displayChange = null, flags = 0 }
06-16 01:14:36.036  3286  3339 V WindowManager:     startWCT=WindowContainerTransaction { changes = {} hops = [] errorCallbackToken=null taskFragmentOrganizer=null }
06-16 01:14:36.037  3286  3339 V WindowManager:     info={id=492 t=CLOSE f=0x0 trk=0 r=[0@Point(0, 0)] c=[{null m=CLOSE f=FILLS_TASK leash=Surface(name=ActivityRecord{200ca0b u0 com.android.settings/.notification.history.NotificationHistoryActivity)/@0x9f4a56b sb=Rect(0, 0 - 1080, 2400) eb=Rect(0, 0 - 1080, 2400) d=0},{null m=TO_FRONT f=FILLS_TASK leash=Surface(name=ActivityRecord{18760fc u0 com.android.settings/.Settings$ConfigureNotificationSettingsActivity)/@0x160aa83 sb=Rect(0, 0 - 1080, 2400) eb=Rect(0, 0 - 1080, 2400) d=0}]}
06-16 01:14:36.037  4198  4238 V WindowManagerShell: onTransitionReady android.os.BinderProxy@19d7c84: {id=492 t=CLOSE f=0x0 trk=0 r=[0@Point(0, 0)] c=[{null m=CLOSE f=FILLS_TASK leash=Surface(name=ActivityRecord{200ca0b u0 com.android.settings/.notification.history.NotificationHistoryActivity)/@0xe166c6d sb=Rect(0, 0 - 1080, 2400) eb=Rect(0, 0 - 1080, 2400) d=0},{null m=TO_FRONT f=FILLS_TASK leash=Surface(name=ActivityRecord{18760fc u0 com.android.settings/.Settings$ConfigureNotificationSettingsActivity)/@0xde390a2 sb=Rect(0, 0 - 1080, 2400) eb=Rect(0, 0 - 1080, 2400) d=0}]}
06-16 01:14:36.037  4198  4238 V WindowManagerShell: Playing animation for (#492)android.os.BinderProxy@19d7c84@0
06-16 01:14:36.037  4198  4238 V WindowManagerShell:  try handler com.android.wm.shell.transition.DefaultMixedHandler@a3fe38c
06-16 01:14:36.037  4198  4238 V WindowManagerShell:  try handler com.android.wm.shell.keyguard.KeyguardTransitionHandler@ed0bad5
06-16 01:14:36.037  4198  4238 V WindowManagerShell:  try handler com.android.wm.shell.activityembedding.ActivityEmbeddingController@d8aa2ea
06-16 01:14:36.037  4198  4238 V WindowManagerShell:  try handler com.android.wm.shell.recents.RecentsTransitionHandler@ca6d9db
06-16 01:14:36.037  4198  4238 V ShellRecents: RecentsTransitionHandler.startAnimation: no controller found
06-16 01:14:36.037  4198  4238 V WindowManagerShell:  try handler com.android.wm.shell.pip.PipTransition@3cdac78
06-16 01:14:36.037  4198  4238 V WindowManagerShell:  try handler com.android.wm.shell.splitscreen.StageCoordinator@5ef2f51
06-16 01:14:36.037  4198  4238 V WindowManagerShell:  try handler com.android.wm.shell.transition.RemoteTransitionHandler@e803b6
06-16 01:14:36.037  4198  4238 V WindowManagerShell: Transition doesn't have explicit remote, search filters for match for {id=492 t=CLOSE f=0x0 trk=0 r=[0@Point(0, 0)] c=[{null m=CLOSE f=FILLS_TASK leash=Surface(name=ActivityRecord{200ca0b u0 com.android.settings/.notification.history.NotificationHistoryActivity)/@0xe166c6d sb=Rect(0, 0 - 1080, 2400) eb=Rect(0, 0 - 1080, 2400) d=0},{null m=TO_FRONT f=FILLS_TASK leash=Surface(name=ActivityRecord{18760fc u0 com.android.settings/.Settings$ConfigureNotificationSettingsActivity)/@0xde390a2 sb=Rect(0, 0 - 1080, 2400) eb=Rect(0, 0 - 1080, 2400) d=0}]}
06-16 01:14:36.037  4198  4238 V WindowManagerShell:  Checking filter Pair{{types=[] flags=0x0] notFlags=0x100 checks=[{atype=home independent=true modes=[OPEN,TO_FRONT] flags=NONE mustBeTask=false order=TOP topActivity=ComponentInfo{com.motorola.launcher3/com.android.launcher3.uioverrides.QuickstepLauncher}},{atype=standard independent=true modes=[CLOSE,TO_BACK] flags=NONE mustBeTask=false order=ANY topActivity=null}]} RemoteTransition { remoteTransition = android.window.IRemoteTransition$Stub$Proxy@6ec3e4f, appThread = android.app.IApplicationThread$Stub$Proxy@dacc9dc, debugName = QuickstepLaunchHome }}
06-16 01:14:36.037  4198  4238 V WindowManagerShell:  Delegate animation for #492 to null
06-16 01:14:36.037  4198  4238 V WindowManagerShell:  try handler com.android.wm.shell.transition.DefaultTransitionHandler@8af38b7
06-16 01:14:36.037  4198  4238 V WindowManagerShell: start default transition animation, info = {id=492 t=CLOSE f=0x0 trk=0 r=[0@Point(0, 0)] c=[{null m=CLOSE f=FILLS_TASK leash=Surface(name=ActivityRecord{200ca0b u0 com.android.settings/.notification.history.NotificationHistoryActivity)/@0xe166c6d sb=Rect(0, 0 - 1080, 2400) eb=Rect(0, 0 - 1080, 2400) d=0},{null m=TO_FRONT f=FILLS_TASK leash=Surface(name=ActivityRecord{18760fc u0 com.android.settings/.Settings$ConfigureNotificationSettingsActivity)/@0xde390a2 sb=Rect(0, 0 - 1080, 2400) eb=Rect(0, 0 - 1080, 2400) d=0}]}
06-16 01:14:36.037  4198  4238 V WindowManagerShell: loadAnimation: anim=android.view.animation.AnimationSet@5b7dcf0 animAttr=0x6 type=CLOSE isEntrance=true
06-16 01:14:36.038  4198  4238 V WindowManagerShell: loadAnimation: anim=android.view.animation.AnimationSet@63a6269 animAttr=0x7 type=CLOSE isEntrance=false
06-16 01:14:36.062  3286  7398 W PackageConfigPersister: App-specific configuration not found for packageName: com.android.settings and userId: 0
06-16 01:14:36.063  4198  4238 V WindowManagerShell:  animated by com.android.wm.shell.transition.DefaultTransitionHandler@8af38b7
06-16 01:14:36.071  3286  7398 D PowerManagerService: nativeReleaseSuspendBlocker name:PowerManagerService.WakeLocks duration ms: 0
06-16 01:14:36.524  4198  4238 V WindowManagerShell: Transition animation finished (aborted=false), notifying core (#492)android.os.BinderProxy@19d7c84@0
06-16 01:14:36.528  3286  3339 V WindowManager: Finish Transition #492: created at 06-16 01:14:35.590 collect-started=0.049ms request-sent=0.097ms started=3.834ms ready=8.224ms sent=445.12ms finished=936.985ms
06-16 01:14:36.533  4198  4238 V WindowManagerShell: Track 0 became idle
06-16 01:14:36.533  4198  4238 V WindowManagerShell: All active transition animations finished
06-16 01:14:36.548  3286  7398 D CoreBackPreview: Window{eb9a80 u0 com.android.settings/com.android.settings.notification.history.NotificationHistoryActivity}: Setting back callback null
06-16 01:14:36.793  3286  3767 D PowerManagerService: nativeAcquireSuspendBlocker name:PowerManagerService.WakeLocks duration ms: 2
06-16 01:14:36.803  3286  3286 D PowerManagerService: nativeReleaseSuspendBlocker name:PowerManagerService.WakeLocks duration ms: 0
06-16 01:14:36.813  3286  4265 D PowerManagerService: nativeAcquireSuspendBlocker name:PowerManagerService.WakeLocks duration ms: 2
06-16 01:14:36.818  3286  4265 D PowerManagerService: nativeReleaseSuspendBlocker name:PowerManagerService.WakeLocks duration ms: 0
06-16 01:14:36.880  4198  4238 D ShellBackPreview: initAnimation mMotionStarted=false
06-16 01:14:36.881  3286  4265 D CoreBackPreview: Focused window found using getFocusedWindowToken
06-16 01:14:36.881  3286  4265 D CoreBackPreview: startBackNavigation currentTask=Task{7922e13 #7002 type=standard A=1000:com.android.settings}, topRunningActivity=ActivityRecord{18760fc u0 com.android.settings/.Settings$ConfigureNotificationSettingsActivity t7002}, callbackInfo=OnBackInvokedCallbackInfo{mCallback=android.window.IOnBackInvokedCallback$Stub$Proxy@43deca6, mPriority=-1, mIsAnimationCallback=false}, currentFocus=Window{d73cfe8 u0 com.android.settings/com.android.settings.Settings$ConfigureNotificationSettingsActivity}
06-16 01:14:36.882  3286  4265 D CoreBackPreview: Previous Destination is Activity:ComponentInfo{com.deepeye.musicpro/com.deepeye.musicpro.MainActivity} Task:Task=7090 removedContainer:Task{7922e13 #7002 type=standard A=1000:com.android.settings}, backType=TYPE_CROSS_TASK
06-16 01:14:36.883  4198  4238 D ShellBackPreview: Received backNavigationInfo:BackNavigationInfo{mType=TYPE_CROSS_TASK (3), mOnBackNavigationDone=android.os.RemoteCallback@b7af87, mOnBackInvokedCallback=android.window.IOnBackInvokedCallback$Stub$Proxy@f1b0eb4, mPrepareRemoteAnimation=false, mAnimationCallback=false, mCustomizeAnimationInfo=null}
06-16 01:14:36.907  4198  4198 D VRI[EdgeBackGestureHandler0]: update {(0,587)(223x570) gr=TOP RIGHT CENTER ty=NAVIGATION_BAR_PANEL fmt=TRANSLUCENT
06-16 01:14:36.907  4198  4198 D VRI[EdgeBackGestureHandler0]:   fl=NOT_FOCUSABLE NOT_TOUCHABLE LAYOUT_IN_SCREEN HARDWARE_ACCELERATED
06-16 01:14:36.907  4198  4198 D VRI[EdgeBackGestureHandler0]:   pfl=SHOW_FOR_ALL_USERS EXCLUDE_FROM_SCREEN_MAGNIFICATION FIT_INSETS_CONTROLLED TRUSTED_OVERLAY
06-16 01:14:36.907  4198  4198 D VRI[EdgeBackGestureHandler0]:   bhv=DEFAULT} by setLayoutParams
06-16 01:14:36.921  3286  3764 D PowerManagerService: nativeAcquireSuspendBlocker name:PowerManagerService.WakeLocks duration ms: 1
06-16 01:14:36.957  3286  3764 D PowerManagerService: nativeReleaseSuspendBlocker name:PowerManagerService.WakeLocks duration ms: 0
06-16 01:14:36.996  4198  4238 D ShellBackPreview: Finishing gesture with event action: 1
06-16 01:14:36.997  4198  4238 D ShellBackPreview: onGestureFinished() mTriggerBack == true
06-16 01:14:36.997  4198  4238 D ShellBackPreview: BackAnimationController: finishBackNavigation()
06-16 01:14:36.997  3286  7398 D CoreBackPreview: onBackNavigationDone backType=3, triggerBack=true
06-16 01:14:36.998  3286  7398 D RestartModeController: determineRescueAppAfterAppFinishItself@1 null pkgName=com.android.settings
06-16 01:14:37.000  4198  4238 V WindowManagerShell: Transition requested: android.os.BinderProxy@3b46220 TransitionRequestInfo { type = 2, triggerTask = TaskInfo{userId=0 taskId=7002 displayId=0 isRunning=false baseIntent=Intent { act=android.settings.BLUETOOTH_SETTINGS flg=0x14000000 cmp=com.android.settings/.Settings$ConnectedDeviceDashboardActivity } baseActivity=null topActivity=null origActivity=null realActivity=ComponentInfo{com.android.settings/com.android.settings.Settings$ConnectedDeviceDashboardActivity} numActivities=0 lastActiveTime=46311532 supportsMultiWindow=true supportsGlobalFreeform=true resizeMode=1 isResizeable=true isAppLocked=false canKillAndRestart=false isShowDecorCaptionWindowRequest=false minWidth=-1 minHeight=-1 defaultMinSize=200 token=WCT{android.window.IWindowContainerToken$Stub$Proxy@e73b7d9} topActivityType=1 pictureInPictureParams=null shouldDockBigOverlays=false launchIntoPipHostTaskId=-1 lastParentTaskIdBeforePip=-1 displayCutoutSafeInsets=Rect(0, 90 - 0, 0) topActivityInfo=null launchCookies=[] positionInParent=Point(0, 0) parentTaskId=-1 isFocused=true isVisible=true isVisibleRequested=true isSleeping=false topActivityInSizeCompat=false topActivityEligibleForLetterboxEducation= false topActivityLetterboxed= false isFromDoubleTap= false topActivityLetterboxVerticalPosition= -1 topActivityLetterboxHorizontalPosition= -1 topActivityLetterboxWidth=-1 topActivityLetterboxHeight=-1 locusId=null displayAreaFeatureId=1 cameraCompatControlState=hidden}, remoteTransition = null, displayChange = null, flags = 0 }
06-16 01:14:37.001  3286  7398 D PowerManagerService: nativeAcquireSuspendBlocker name:PowerManagerService.WakeLocks duration ms: 0
06-16 01:14:37.047  3286  3343 W ActivityTaskManager: activity boost didn't release as expected
06-16 01:14:37.056  3286  3339 V WindowManager: Sent Transition #493 createdAt=06-16 01:14:36.999 via request=TransitionRequestInfo { type = 2, triggerTask = TaskInfo{userId=0 taskId=7002 displayId=0 isRunning=false baseIntent=Intent { act=android.settings.BLUETOOTH_SETTINGS flg=0x14000000 cmp=com.android.settings/.Settings$ConnectedDeviceDashboardActivity } baseActivity=null topActivity=null origActivity=null realActivity=ComponentInfo{com.android.settings/com.android.settings.Settings$ConnectedDeviceDashboardActivity} numActivities=0 lastActiveTime=46311532 supportsMultiWindow=true supportsGlobalFreeform=true resizeMode=1 isResizeable=true isAppLocked=false canKillAndRestart=false isShowDecorCaptionWindowRequest=false minWidth=-1 minHeight=-1 defaultMinSize=200 token=WCT{RemoteToken{967ccbd Task{7922e13 #7002 type=standard A=1000:com.android.settings}}} topActivityType=1 pictureInPictureParams=null shouldDockBigOverlays=false launchIntoPipHostTaskId=-1 lastParentTaskIdBeforePip=-1 displayCutoutSafeInsets=Rect(0, 90 - 0, 0) topActivityInfo=null launchCookies=[] positionInParent=Point(0, 0) parentTaskId=-1 isFocused=true isVisible=true isVisibleRequested=true isSleeping=false topActivityInSizeCompat=false topActivityEligibleForLetterboxEducation= false topActivityLetterboxed= false isFromDoubleTap= false topActivityLetterboxVerticalPosition= -1 topActivityLetterboxHorizontalPosition= -1 topActivityLetterboxWidth=-1 topActivityLetterboxHeight=-1 locusId=null displayAreaFeatureId=1 cameraCompatControlState=hidden}, remoteTransition = null, displayChange = null, flags = 0 }
06-16 01:14:37.056  3286  3339 V WindowManager:     startWCT=WindowContainerTransaction { changes = {} hops = [] errorCallbackToken=null taskFragmentOrganizer=null }
06-16 01:14:37.057  3286  3339 V WindowManager:     info={id=493 t=CLOSE f=0x0 trk=0 r=[0@Point(0, 0)] c=[{WCT{RemoteToken{b790250 Task{c1e98db #7090 type=standard A=10526:com.deepeye.musicpro}}} m=TO_FRONT f=NONE pTaskId=-1 leash=Surface(name=Task=7090)/@0xc850be4 sb=Rect(0, 0 - 1080, 2400) eb=Rect(0, 0 - 1080, 2400) d=0},{WCT{RemoteToken{967ccbd Task{7922e13 #7002 type=standard A=1000:com.android.settings}}} m=CLOSE f=NONE pTaskId=-1 leash=Surface(name=Task=7002)/@0xb142667 sb=Rect(0, 0 - 1080, 2400) eb=Rect(0, 0 - 1080, 2400) d=0}]}
06-16 01:14:37.057  4198  4238 V WindowManagerShell: onTransitionReady android.os.BinderProxy@3b46220: {id=493 t=CLOSE f=0x0 trk=0 r=[0@Point(0, 0)] c=[{WCT{android.window.IWindowContainerToken$Stub$Proxy@15ef895} m=TO_FRONT f=NONE pTaskId=-1 leash=Surface(name=Task=7090)/@0x41f959e sb=Rect(0, 0 - 1080, 2400) eb=Rect(0, 0 - 1080, 2400) d=0},{WCT{android.window.IWindowContainerToken$Stub$Proxy@d6b6daa} m=CLOSE f=NONE pTaskId=-1 leash=Surface(name=Task=7002)/@0x73d087f sb=Rect(0, 0 - 1080, 2400) eb=Rect(0, 0 - 1080, 2400) d=0}]}
06-16 01:14:37.057  4198  4238 V WindowManagerShell: Playing animation for (#493)android.os.BinderProxy@3b46220@0
06-16 01:14:37.057  4198  4238 V WindowManagerShell:  try handler com.android.wm.shell.transition.DefaultMixedHandler@a3fe38c
06-16 01:14:37.057  4198  4238 V WindowManagerShell:  try handler com.android.wm.shell.keyguard.KeyguardTransitionHandler@ed0bad5
06-16 01:14:37.057  4198  4238 V WindowManagerShell:  try handler com.android.wm.shell.activityembedding.ActivityEmbeddingController@d8aa2ea
06-16 01:14:37.057  4198  4238 V WindowManagerShell:  try handler com.android.wm.shell.recents.RecentsTransitionHandler@ca6d9db
06-16 01:14:37.057  4198  4238 V ShellRecents: RecentsTransitionHandler.startAnimation: no controller found
06-16 01:14:37.057  4198  4238 V WindowManagerShell:  try handler com.android.wm.shell.pip.PipTransition@3cdac78
06-16 01:14:37.057  4198  4238 V WindowManagerShell:  try handler com.android.wm.shell.splitscreen.StageCoordinator@5ef2f51
06-16 01:14:37.057  4198  4238 V WindowManagerShell:  try handler com.android.wm.shell.transition.RemoteTransitionHandler@e803b6
06-16 01:14:37.057  4198  4238 V WindowManagerShell: Transition doesn't have explicit remote, search filters for match for {id=493 t=CLOSE f=0x0 trk=0 r=[0@Point(0, 0)] c=[{WCT{android.window.IWindowContainerToken$Stub$Proxy@15ef895} m=TO_FRONT f=NONE pTaskId=-1 leash=Surface(name=Task=7090)/@0x41f959e sb=Rect(0, 0 - 1080, 2400) eb=Rect(0, 0 - 1080, 2400) d=0},{WCT{android.window.IWindowContainerToken$Stub$Proxy@d6b6daa} m=CLOSE f=NONE pTaskId=-1 leash=Surface(name=Task=7002)/@0x73d087f sb=Rect(0, 0 - 1080, 2400) eb=Rect(0, 0 - 1080, 2400) d=0}]}
06-16 01:14:37.057  4198  4238 V WindowManagerShell:  Checking filter Pair{{types=[] flags=0x0] notFlags=0x100 checks=[{atype=home independent=true modes=[OPEN,TO_FRONT] flags=NONE mustBeTask=false order=TOP topActivity=ComponentInfo{com.motorola.launcher3/com.android.launcher3.uioverrides.QuickstepLauncher}},{atype=standard independent=true modes=[CLOSE,TO_BACK] flags=NONE mustBeTask=false order=ANY topActivity=null}]} RemoteTransition { remoteTransition = android.window.IRemoteTransition$Stub$Proxy@6ec3e4f, appThread = android.app.IApplicationThread$Stub$Proxy@dacc9dc, debugName = QuickstepLaunchHome }}
06-16 01:14:37.057  4198  4238 V WindowManagerShell:  Delegate animation for #493 to null
06-16 01:14:37.057  4198  4238 V WindowManagerShell:  try handler com.android.wm.shell.transition.DefaultTransitionHandler@8af38b7
06-16 01:14:37.057  4198  4238 V WindowManagerShell: start default transition animation, info = {id=493 t=CLOSE f=0x0 trk=0 r=[0@Point(0, 0)] c=[{WCT{android.window.IWindowContainerToken$Stub$Proxy@15ef895} m=TO_FRONT f=NONE pTaskId=-1 leash=Surface(name=Task=7090)/@0x41f959e sb=Rect(0, 0 - 1080, 2400) eb=Rect(0, 0 - 1080, 2400) d=0},{WCT{android.window.IWindowContainerToken$Stub$Proxy@d6b6daa} m=CLOSE f=NONE pTaskId=-1 leash=Surface(name=Task=7002)/@0x73d087f sb=Rect(0, 0 - 1080, 2400) eb=Rect(0, 0 - 1080, 2400) d=0}]}
06-16 01:14:37.058  4198  4238 V WindowManagerShell: loadAnimation: anim=android.view.animation.AnimationSet@e785538 animAttr=0xb type=CLOSE isEntrance=false
06-16 01:14:37.058  4198  4238 V WindowManagerShell: loadAnimation: anim=android.view.animation.AnimationSet@3eaba76 animAttr=0xa type=CLOSE isEntrance=true
06-16 01:14:37.060  4198  4238 V WindowManagerShell:  animated by com.android.wm.shell.transition.DefaultTransitionHandler@8af38b7
06-16 01:14:37.060  3286  7398 D PowerManagerService: nativeReleaseSuspendBlocker name:PowerManagerService.WakeLocks duration ms: 1
06-16 01:14:37.070  3286  7152 W PackageConfigPersister: App-specific configuration not found for packageName: com.deepeye.musicpro and userId: 0
06-16 01:14:37.571  4198  4238 V WindowManagerShell: Transition animation finished (aborted=false), notifying core (#493)android.os.BinderProxy@3b46220@0
06-16 01:14:37.575  3286  3339 V WindowManager: Finish Transition #493: created at 06-16 01:14:36.999 collect-started=0.027ms request-sent=0.073ms started=3.097ms ready=9.63ms sent=56.403ms finished=575.27ms
06-16 01:14:37.579  4198  4238 V WindowManagerShell: Track 0 became idle
06-16 01:14:37.579  4198  4238 V WindowManagerShell: All active transition animations finished
06-16 01:14:37.606 21216 21216 D VRI[Settings$ConfigureNotificationSettingsActivity]: update {(0,0)(fillxfill) ty=BASE_APPLICATION wanim=0x10302f2
06-16 01:14:37.606 21216 21216 D VRI[Settings$ConfigureNotificationSettingsActivity]:   fl=LAYOUT_IN_SCREEN LAYOUT_INSET_DECOR SPLIT_TOUCH HARDWARE_ACCELERATED DRAWS_SYSTEM_BAR_BACKGROUNDS
06-16 01:14:37.606 21216 21216 D VRI[Settings$ConfigureNotificationSettingsActivity]:   pfl=NO_MOVE_ANIMATION FORCE_DRAW_STATUS_BAR_BACKGROUND FIT_INSETS_CONTROLLED
06-16 01:14:37.606 21216 21216 D VRI[Settings$ConfigureNotificationSettingsActivity]:   bhv=DEFAULT
06-16 01:14:37.606 21216 21216 D VRI[Settings$ConfigureNotificationSettingsActivity]:   fitSides=} by setLayoutParams
06-16 01:14:37.628  3286  7398 D CoreBackPreview: Window{d73cfe8 u0 com.android.settings/com.android.settings.Settings$ConfigureNotificationSettingsActivity}: Setting back callback null
06-16 01:14:38.537  3286  4266 I SettingsAccessControlPolicy: isDeviceSettingsChangeDisabled: value -> false
06-16 01:14:38.542  3286  4266 D ActivityTaskManager: getPreferredLaunchDisplay userset_displayid false user set display id -1, current focus display 0
06-16 01:14:38.542  3286  4266 D ActivityTaskManager: getPreferredLaunchDisplay userset_displayid false user set display id -1, current focus display 0
06-16 01:14:38.545  3286  4266 D ActivityTaskManager: getPreferredLaunchDisplay userset_displayid false user set display id -1, current focus display 0
06-16 01:14:38.545  3286  4266 D ActivityTaskManager: getPreferredLaunchDisplay userset_displayid false user set display id -1, current focus display 0
06-16 01:14:38.545  3286  4266 D ActivityTaskManager: [GlobalFreeform] use default Rect(162, 162 - 1242, 1929) scale=0.7 for ActivityRecord{33597d5 u0 com.google.android.packageinstaller/com.android.packageinstaller.InstallStart
06-16 01:14:38.548  3286  4266 D ActivityTaskManager: getPreferredLaunchDisplay userset_displayid false user set display id 0, current focus display 0
06-16 01:14:38.548  3286  4266 D ActivityTaskManager: getPreferredLaunchDisplay userset_displayid false user set display id 0, current focus display 0
06-16 01:14:38.548  3286  4266 D ActivityTaskManager: [GlobalFreeform] use default Rect(162, 162 - 1242, 1929) scale=0.7 for ActivityRecord{33597d5 u0 com.google.android.packageinstaller/com.android.packageinstaller.InstallStart t-1}
06-16 01:14:38.553  3286  4266 D PowerManagerService: nativeSetPowerMode ret:false mode:5 enabled:true duration ms: 0
06-16 01:14:38.554  3286  4266 D CompatibilityChangeReporter: Compat change id reported: 205907456; UID 10115; state: ENABLED
06-16 01:14:38.558  3286  4266 D PowerManagerService: nativeAcquireSuspendBlocker name:PowerManagerService.WakeLocks duration ms: 4
06-16 01:14:38.559  3286  4266 I ActivityTaskManager: START u0 {act=android.intent.action.VIEW dat=content://com.deepeye.musicpro.provider/... typ=application/vnd.android.package-archive flg=0x10000001 cmp=com.google.android.packageinstaller/com.android.packageinstaller.InstallStart} with LAUNCH_MULTIPLE from uid 10526 (startActivityAsUser) (BAL_ALLOW_VISIBLE_WINDOW) result code=0
06-16 01:14:38.561  4198  4238 V WindowManagerShell: Transition requested: android.os.BinderProxy@46f0f6f TransitionRequestInfo { type = 1, triggerTask = TaskInfo{userId=0 taskId=7091 displayId=0 isRunning=true baseIntent=Intent { act=android.intent.action.VIEW dat=content://com.deepeye.musicpro.provider/... typ=application/vnd.android.package-archive flg=0x10800001 cmp=com.google.android.packageinstaller/com.android.packageinstaller.InstallStart } baseActivity=ComponentInfo{com.google.android.packageinstaller/com.android.packageinstaller.InstallStart} topActivity=ComponentInfo{com.google.android.packageinstaller/com.android.packageinstaller.InstallStart} origActivity=null realActivity=ComponentInfo{com.google.android.packageinstaller/com.android.packageinstaller.InstallStart} numActivities=1 lastActiveTime=46314493 supportsMultiWindow=true supportsGlobalFreeform=true resizeMode=1 isResizeable=true isAppLocked=false canKillAndRestart=false isShowDecorCaptionWindowRequest=false minWidth=-1 minHeight=-1 defaultMinSize=200 token=WCT{android.window.IWindowContainerToken$Stub$Proxy@8d7947c} topActivityType=1 pictureInPictureParams=null shouldDockBigOverlays=false launchIntoPipHostTaskId=-1 lastParentTaskIdBeforePip=-1 displayCutoutSafeInsets=Rect(0, 90 - 0, 0) topActivityInfo=ActivityInfo{6f03105 com.android.packageinstaller.InstallStart} launchCookies=[] positionInParent=Point(0, 0) parentTaskId=-1 isFocused=false isVisible=false isVisibleRequested=false isSleeping=false topActivityInSizeCompat=false topActivityEligibleForLetterboxEducation= false topActivityLetterboxed= false isFromDoubleTap= false topActivityLetterboxVerticalPosition= -1 topActivityLetterboxHorizontalPosition= -1 topActivityLetterboxWidth=-1 topActivityLetterboxHeight=-1 locusId=null displayAreaFeatureId=1 cameraCompatControlState=hidden}, remoteTransition = null, displayChange = null, flags = 0 }
06-16 01:14:38.567  3286  4266 I ActivityTaskManager: The Process com.google.android.packageinstaller Already Exists in BG. So sending its PID: 8280
06-16 01:14:38.591  3286  4268 I SettingsAccessControlPolicy: isDeviceSettingsChangeDisabled: value -> false
06-16 01:14:38.592  3286  4268 D ActivityTaskManager: getPreferredLaunchDisplay userset_displayid false user set display id 0, current focus display 0
06-16 01:14:38.592  3286  4268 D ActivityTaskManager: getPreferredLaunchDisplay userset_displayid false user set display id 0, current focus display 0
06-16 01:14:38.592  3286  4268 D ActivityTaskManager: getPreferredLaunchDisplay userset_displayid false user set display id 0, current focus display 0
06-16 01:14:38.592  3286  4268 D ActivityTaskManager: getPreferredLaunchDisplay userset_displayid false user set display id 0, current focus display 0
06-16 01:14:38.593  3286  4268 D ActivityTaskManager: [GlobalFreeform] use default Rect(162, 162 - 1242, 1929) scale=0.7 for ActivityRecord{33597d5 u0 com.google.android.packageinstaller/com.android.packageinstaller.InstallStart t7091}
06-16 01:14:38.596  3286  4268 D PowerManagerService: nativeSetPowerMode ret:false mode:5 enabled:true duration ms: 0
06-16 01:14:38.599  3286  4268 I ActivityTaskManager: START u0 {act=android.intent.action.VIEW dat=content://com.deepeye.musicpro.provider/... typ=application/vnd.android.package-archive flg=0x2000001 cmp=com.google.android.packageinstaller/com.android.packageinstaller.InstallStaging (has extras)} with LAUNCH_MULTIPLE from uid 10115 (startActivityAsUser) (BAL_ALLOW_VISIBLE_WINDOW) result code=0
06-16 01:14:38.600  3286  4268 D RestartModeController: determineRescueAppAfterAppFinishItself@1 null pkgName=com.google.android.packageinstaller
06-16 01:14:38.605  3286  4266 I ActivityTaskManager: The Process com.google.android.packageinstaller Already Exists in BG. So sending its PID: 8280
06-16 01:14:38.622  8280  8280 D ViewRootImpl: update {(0,0)(wrapxwrap) gr=CENTER sim={adjust=pan forwardNavigation} ty=APPLICATION fmt=TRANSLUCENT wanim=0x10302ff
06-16 01:14:38.622  8280  8280 D ViewRootImpl:   fl=DIM_BEHIND ALT_FOCUSABLE_IM SPLIT_TOUCH HARDWARE_ACCELERATED
06-16 01:14:38.622  8280  8280 D ViewRootImpl:   bhv=DEFAULT
06-16 01:14:38.622  8280  8280 D ViewRootImpl:   fitTypes=STATUS_BARS NAVIGATION_BARS CAPTION_BAR} by setView
06-16 01:14:38.650  8280  8280 D ViewRootImpl: update {(0,0)(wrapxwrap) sim={adjust=pan forwardNavigation} ty=BASE_APPLICATION fmt=TRANSLUCENT
06-16 01:14:38.650  8280  8280 D ViewRootImpl:   fl=DIM_BEHIND SPLIT_TOUCH HARDWARE_ACCELERATED
06-16 01:14:38.650  8280  8280 D ViewRootImpl:   bhv=DEFAULT
06-16 01:14:38.650  8280  8280 D ViewRootImpl:   fitTypes=STATUS_BARS NAVIGATION_BARS CAPTION_BAR} by setView
06-16 01:14:38.657  3286  4265 D CoreBackPreview: Window{361b8bc u0 com.google.android.packageinstaller/com.android.packageinstaller.InstallStaging}: Setting back callback OnBackInvokedCallbackInfo{mCallback=android.window.IOnBackInvokedCallback$Stub$Proxy@a8b5bf2, mPriority=0, mIsAnimationCallback=false}
06-16 01:14:38.674  3286  3343 I LaunchCheckinHandler: MotoDisplayed com.google.android.packageinstaller/com.android.packageinstaller.InstallStaging,wp,ca,69
06-16 01:14:38.674  3286  3343 W ActivityTaskManager: activity boost didn't release as expected
06-16 01:14:38.676  3286  7398 D CoreBackPreview: Window{aee6354 u0 com.google.android.packageinstaller/com.android.packageinstaller.InstallStaging}: Setting back callback OnBackInvokedCallbackInfo{mCallback=android.window.IOnBackInvokedCallback$Stub$Proxy@bed8f9f, mPriority=0, mIsAnimationCallback=false}
06-16 01:14:38.690  4198  4238 V WindowManagerShell: onTransitionReady android.os.BinderProxy@46f0f6f: {id=494 t=OPEN f=0x0 trk=0 r=[0@Point(0, 0)] c=[{WCT{android.window.IWindowContainerToken$Stub$Proxy@2477c68} m=OPEN f=TRANSLUCENT pTaskId=-1 leash=Surface(name=Task=7091)/@0x212955a sb=Rect(0, 0 - 1080, 2400) eb=Rect(0, 0 - 1080, 2400) d=0}]}
06-16 01:14:38.690  4198  4238 V WindowManagerShell: Playing animation for (#494)android.os.BinderProxy@46f0f6f@0
06-16 01:14:38.690  4198  4238 V WindowManagerShell:  try handler com.android.wm.shell.transition.DefaultMixedHandler@a3fe38c
06-16 01:14:38.690  4198  4238 V WindowManagerShell:  try handler com.android.wm.shell.keyguard.KeyguardTransitionHandler@ed0bad5
06-16 01:14:38.690  4198  4238 V WindowManagerShell:  try handler com.android.wm.shell.activityembedding.ActivityEmbeddingController@d8aa2ea
06-16 01:14:38.691  4198  4238 V WindowManagerShell:  try handler com.android.wm.shell.recents.RecentsTransitionHandler@ca6d9db
06-16 01:14:38.691  4198  4238 V ShellRecents: RecentsTransitionHandler.startAnimation: no controller found
06-16 01:14:38.691  4198  4238 V WindowManagerShell:  try handler com.android.wm.shell.pip.PipTransition@3cdac78
06-16 01:14:38.691  4198  4238 V WindowManagerShell:  try handler com.android.wm.shell.splitscreen.StageCoordinator@5ef2f51
06-16 01:14:38.691  4198  4238 V WindowManagerShell:  try handler com.android.wm.shell.transition.RemoteTransitionHandler@e803b6
06-16 01:14:38.691  4198  4238 V WindowManagerShell: Transition doesn't have explicit remote, search filters for match for {id=494 t=OPEN f=0x0 trk=0 r=[0@Point(0, 0)] c=[{WCT{android.window.IWindowContainerToken$Stub$Proxy@2477c68} m=OPEN f=TRANSLUCENT pTaskId=-1 leash=Surface(name=Task=7091)/@0x212955a sb=Rect(0, 0 - 1080, 2400) eb=Rect(0, 0 - 1080, 2400) d=0}]}
06-16 01:14:38.691  4198  4238 V WindowManagerShell:  Checking filter Pair{{types=[] flags=0x0] notFlags=0x100 checks=[{atype=home independent=true modes=[OPEN,TO_FRONT] flags=NONE mustBeTask=false order=TOP topActivity=ComponentInfo{com.motorola.launcher3/com.android.launcher3.uioverrides.QuickstepLauncher}},{atype=standard independent=true modes=[CLOSE,TO_BACK] flags=NONE mustBeTask=false order=ANY topActivity=null}]} RemoteTransition { remoteTransition = android.window.IRemoteTransition$Stub$Proxy@6ec3e4f, appThread = android.app.IApplicationThread$Stub$Proxy@dacc9dc, debugName = QuickstepLaunchHome }}
06-16 01:14:38.691  4198  4238 V WindowManagerShell:  Delegate animation for #494 to null
06-16 01:14:38.691  4198  4238 V WindowManagerShell:  try handler com.android.wm.shell.transition.DefaultTransitionHandler@8af38b7
06-16 01:14:38.691  4198  4238 V WindowManagerShell: start default transition animation, info = {id=494 t=OPEN f=0x0 trk=0 r=[0@Point(0, 0)] c=[{WCT{android.window.IWindowContainerToken$Stub$Proxy@2477c68} m=OPEN f=TRANSLUCENT pTaskId=-1 leash=Surface(name=Task=7091)/@0x212955a sb=Rect(0, 0 - 1080, 2400) eb=Rect(0, 0 - 1080, 2400) d=0}]}
06-16 01:14:38.692  4198  4238 V WindowManagerShell: loadAnimation: anim=android.view.animation.AnimationSet@1b37d67 animAttr=0x4 type=OPEN isEntrance=true
06-16 01:14:38.693  4198  4238 V WindowManagerShell:  animated by com.android.wm.shell.transition.DefaultTransitionHandler@8af38b7
06-16 01:14:38.697  3286  7398 D PowerManagerService: nativeSetPowerMode ret:false mode:5 enabled:false duration ms: 0
06-16 01:14:38.698  3286  7398 D PowerManagerService: nativeReleaseSuspendBlocker name:PowerManagerService.WakeLocks duration ms: 1
06-16 01:14:38.699  3286  3339 V WindowManager: Sent Transition #494 createdAt=06-16 01:14:38.542 via request=TransitionRequestInfo { type = 1, triggerTask = TaskInfo{userId=0 taskId=7091 displayId=0 isRunning=true baseIntent=Intent { act=android.intent.action.VIEW dat=content://com.deepeye.musicpro.provider/... typ=application/vnd.android.package-archive flg=0x10800001 cmp=com.google.android.packageinstaller/com.android.packageinstaller.InstallStart } baseActivity=ComponentInfo{com.google.android.packageinstaller/com.android.packageinstaller.InstallStart} topActivity=ComponentInfo{com.google.android.packageinstaller/com.android.packageinstaller.InstallStart} origActivity=null realActivity=ComponentInfo{com.google.android.packageinstaller/com.android.packageinstaller.InstallStart} numActivities=1 lastActiveTime=46314493 supportsMultiWindow=true supportsGlobalFreeform=true resizeMode=1 isResizeable=true isAppLocked=false canKillAndRestart=true isShowDecorCaptionWindowRequest=false minWidth=-1 minHeight=-1 defaultMinSize=200 token=WCT{RemoteToken{ecea5a2 Task{f77edb #7091 type=standard A=10115:com.google.android.packageinstaller}}} topActivityType=1 pictureInPictureParams=null shouldDockBigOverlays=false launchIntoPipHostTaskId=-1 lastParentTaskIdBeforePip=-1 displayCutoutSafeInsets=Rect(0, 90 - 0, 0) topActivityInfo=ActivityInfo{1c01233 com.android.packageinstaller.InstallStart} launchCookies=[] positionInParent=Point(0, 0) parentTaskId=-1 isFocused=false isVisible=false isVisibleRequested=false isSleeping=false topActivityInSizeCompat=false topActivityEligibleForLetterboxEducation= false topActivityLetterboxed= false isFromDoubleTap= false topActivityLetterboxVerticalPosition= -1 topActivityLetterboxHorizontalPosition= -1 topActivityLetterboxWidth=-1 topActivityLetterboxHeight=-1 locusId=null displayAreaFeatureId=1 cameraCompatControlState=hidden}, remoteTransition = null, displayChange = null, flags = 0 }
06-16 01:14:38.699  3286  3339 V WindowManager:     startWCT=WindowContainerTransaction { changes = {} hops = [] errorCallbackToken=null taskFragmentOrganizer=null }
06-16 01:14:38.699  3286  3339 V WindowManager:     info={id=494 t=OPEN f=0x0 trk=0 r=[0@Point(0, 0)] c=[{WCT{RemoteToken{ecea5a2 Task{f77edb #7091 type=standard A=10115:com.google.android.packageinstaller}}} m=OPEN f=TRANSLUCENT pTaskId=-1 leash=Surface(name=Task=7091)/@0xda987d8 sb=Rect(0, 0 - 1080, 2400) eb=Rect(0, 0 - 1080, 2400) d=0}]}
06-16 01:14:38.877  3286  4268 I SettingsAccessControlPolicy: isDeviceSettingsChangeDisabled: value -> false
06-16 01:14:38.879  3286  4268 D ActivityTaskManager: getPreferredLaunchDisplay userset_displayid false user set display id 0, current focus display 0
06-16 01:14:38.879  3286  4268 D ActivityTaskManager: getPreferredLaunchDisplay userset_displayid false user set display id 0, current focus display 0
06-16 01:14:38.879  3286  4268 D ActivityTaskManager: getPreferredLaunchDisplay userset_displayid false user set display id 0, current focus display 0
06-16 01:14:38.879  3286  4268 D ActivityTaskManager: getPreferredLaunchDisplay userset_displayid false user set display id 0, current focus display 0
06-16 01:14:38.879  3286  4268 D ActivityTaskManager: [GlobalFreeform] use default Rect(162, 162 - 1242, 1929) scale=0.7 for ActivityRecord{c94ee53 u0 com.google.android.packageinstaller/com.android.packageinstaller.InstallStaging t7091}
06-16 01:14:38.882  3286  4268 D PowerManagerService: nativeSetPowerMode ret:false mode:5 enabled:true duration ms: 0
06-16 01:14:38.884  3286  4268 D PowerManagerService: nativeAcquireSuspendBlocker name:PowerManagerService.WakeLocks duration ms: 1
06-16 01:14:38.884  3286  4268 E Transition: Trying to add a ready-group twice: Display{#0 state=ON size=1080x2400 ROTATION_0}
06-16 01:14:38.885  3286  4268 I ActivityTaskManager: START u0 {act=android.intent.action.VIEW dat=file:///... flg=0x2010001 cmp=com.google.android.packageinstaller/com.android.packageinstaller.DeleteStagedFileOnResult (has extras)} with LAUNCH_MULTIPLE from uid 10115 (startActivityAsUser) (BAL_ALLOW_VISIBLE_WINDOW) result code=0
06-16 01:14:38.886  3286  4266 D RestartModeController: determineRescueAppAfterAppFinishItself@1 null pkgName=com.google.android.packageinstaller
06-16 01:14:38.888  4198  4238 V WindowManagerShell: Transition requested: android.os.BinderProxy@f08903 TransitionRequestInfo { type = 1, triggerTask = TaskInfo{userId=0 taskId=7091 displayId=0 isRunning=true baseIntent=Intent { act=android.intent.action.VIEW dat=content://com.deepeye.musicpro.provider/... typ=application/vnd.android.package-archive flg=0x10800001 cmp=com.google.android.packageinstaller/com.android.packageinstaller.InstallStart } baseActivity=ComponentInfo{com.google.android.packageinstaller/com.android.packageinstaller.InstallStaging} topActivity=ComponentInfo{com.google.android.packageinstaller/com.android.packageinstaller.DeleteStagedFileOnResult} origActivity=null realActivity=ComponentInfo{com.google.android.packageinstaller/com.android.packageinstaller.InstallStart} numActivities=2 lastActiveTime=46314817 supportsMultiWindow=true supportsGlobalFreeform=true resizeMode=1 isResizeable=true isAppLocked=false canKillAndRestart=false isShowDecorCaptionWindowRequest=false minWidth=-1 minHeight=-1 defaultMinSize=200 token=WCT{android.window.IWindowContainerToken$Stub$Proxy@b7b7080} topActivityType=1 pictureInPictureParams=null shouldDockBigOverlays=false launchIntoPipHostTaskId=-1 lastParentTaskIdBeforePip=-1 displayCutoutSafeInsets=Rect(0, 90 - 0, 0) topActivityInfo=ActivityInfo{2d616b9 com.android.packageinstaller.DeleteStagedFileOnResult} launchCookies=[] positionInParent=Point(0, 0) parentTaskId=-1 isFocused=true isVisible=true isVisibleRequested=true isSleeping=false topActivityInSizeCompat=false topActivityEligibleForLetterboxEducation= false topActivityLetterboxed= false isFromDoubleTap= false topActivityLetterboxVerticalPosition= -1 topActivityLetterboxHorizontalPosition= -1 topActivityLetterboxWidth=-1 topActivityLetterboxHeight=-1 locusId=null displayAreaFeatureId=1 cameraCompatControlState=hidden}, remoteTransition = null, displayChange = null, flags = 0 }
06-16 01:14:38.888  3286  5295 I ActivityTaskManager: The Process com.google.android.packageinstaller Already Exists in BG. So sending its PID: 8280
06-16 01:14:38.908  3286  4268 I SettingsAccessControlPolicy: isDeviceSettingsChangeDisabled: value -> false
06-16 01:14:38.909  3286  4268 D ActivityTaskManager: getPreferredLaunchDisplay userset_displayid false user set display id 0, current focus display 0
06-16 01:14:38.909  3286  4268 D ActivityTaskManager: getPreferredLaunchDisplay userset_displayid false user set display id 0, current focus display 0
06-16 01:14:38.909  3286  4268 D ActivityTaskManager: getPreferredLaunchDisplay userset_displayid false user set display id 0, current focus display 0
06-16 01:14:38.909  3286  4268 D ActivityTaskManager: getPreferredLaunchDisplay userset_displayid false user set display id 0, current focus display 0
06-16 01:14:38.909  3286  4268 D ActivityTaskManager: [GlobalFreeform] use default Rect(162, 162 - 1242, 1929) scale=0.7 for ActivityRecord{dc3b69 u0 com.google.android.packageinstaller/com.android.packageinstaller.DeleteStagedFileOnResult t7091}
06-16 01:14:38.912  3286  4268 D PowerManagerService: nativeSetPowerMode ret:false mode:5 enabled:true duration ms: 0
06-16 01:14:38.917  3286  4268 I ActivityTaskManager: START u0 {act=android.intent.action.VIEW dat=file:///... flg=0x10000 cmp=com.google.android.packageinstaller/com.android.packageinstaller.PackageInstallerActivity (has extras)} with LAUNCH_MULTIPLE from uid 10115 (startActivityAsUser) (BAL_ALLOW_VISIBLE_WINDOW) result code=0
06-16 01:14:38.922  8280  8280 D ViewRootImpl: update {(0,0)(wrapxwrap) sim={adjust=pan forwardNavigation} ty=BASE_APPLICATION fmt=TRANSLUCENT
06-16 01:14:38.922  8280  8280 D ViewRootImpl:   fl=DIM_BEHIND SPLIT_TOUCH HARDWARE_ACCELERATED
06-16 01:14:38.922  8280  8280 D ViewRootImpl:   bhv=DEFAULT
06-16 01:14:38.922  8280  8280 D ViewRootImpl:   fitTypes=STATUS_BARS NAVIGATION_BARS CAPTION_BAR} by setView
06-16 01:14:38.931  3286  5295 D CoreBackPreview: Window{9e33f20 u0 com.google.android.packageinstaller/com.android.packageinstaller.DeleteStagedFileOnResult}: Setting back callback OnBackInvokedCallbackInfo{mCallback=android.window.IOnBackInvokedCallback$Stub$Proxy@a1b62aa, mPriority=0, mIsAnimationCallback=false}
06-16 01:14:38.936  3286  3343 I LaunchCheckinHandler: MotoDisplayed com.google.android.packageinstaller/com.android.packageinstaller.DeleteStagedFileOnResult,wp,ca,47
06-16 01:14:38.936  3286  3343 W ActivityTaskManager: activity boost didn't release as expected
06-16 01:14:38.938  3286  4268 I ActivityTaskManager: The Process com.google.android.packageinstaller Already Exists in BG. So sending its PID: 8280
06-16 01:14:38.955  8280  8280 W PackageParser: Unknown element under <application>: property at /data/app/vmdl1657588694.tmp/PackageInstaller Binary XML file line #378
06-16 01:14:38.964  8280  8280 D ViewRootImpl: update {(0,0)(wrapxwrap) gr=CENTER sim={adjust=pan forwardNavigation} ty=APPLICATION fmt=TRANSLUCENT wanim=0x10302ff
06-16 01:14:38.964  8280  8280 D ViewRootImpl:   fl=DIM_BEHIND ALT_FOCUSABLE_IM SPLIT_TOUCH HARDWARE_ACCELERATED
06-16 01:14:38.964  8280  8280 D ViewRootImpl:   bhv=DEFAULT
06-16 01:14:38.964  8280  8280 D ViewRootImpl:   fitTypes=STATUS_BARS NAVIGATION_BARS CAPTION_BAR} by setView
06-16 01:14:38.974  8280  8280 D ViewRootImpl: update {(0,0)(wrapxwrap) sim={adjust=pan forwardNavigation} ty=BASE_APPLICATION fmt=TRANSLUCENT
06-16 01:14:38.974  8280  8280 D ViewRootImpl:   fl=DIM_BEHIND SPLIT_TOUCH HARDWARE_ACCELERATED
06-16 01:14:38.974  8280  8280 D ViewRootImpl:   pfl=HIDE_NON_SYSTEM_OVERLAY_WINDOWS
06-16 01:14:38.974  8280  8280 D ViewRootImpl:   bhv=DEFAULT
06-16 01:14:38.974  8280  8280 D ViewRootImpl:   fitTypes=STATUS_BARS NAVIGATION_BARS CAPTION_BAR} by setView
06-16 01:14:38.979  3286  4266 D CoreBackPreview: Window{d61d9e4 u0 com.google.android.packageinstaller/com.android.packageinstaller.PackageInstallerActivity}: Setting back callback OnBackInvokedCallbackInfo{mCallback=android.window.IOnBackInvokedCallback$Stub$Proxy@dbf1a05, mPriority=0, mIsAnimationCallback=false}
06-16 01:14:38.990  3286  4266 D CoreBackPreview: Window{36f906f u0 com.google.android.packageinstaller/com.android.packageinstaller.PackageInstallerActivity}: Setting back callback OnBackInvokedCallbackInfo{mCallback=android.window.IOnBackInvokedCallback$Stub$Proxy@929ca5a, mPriority=0, mIsAnimationCallback=false}
06-16 01:14:38.999  3286  3343 W ActivityTaskManager: activity boost didn't release as expected
06-16 01:14:39.000  4198  4238 V WindowManagerShell: Transition animation finished (aborted=false), notifying core (#494)android.os.BinderProxy@46f0f6f@0
