06-16 01:14:39.006  3286  3339 V WindowManager: Sent Transition #495 createdAt=06-16 01:14:38.878 via request=TransitionRequestInfo { type = 1, triggerTask = TaskInfo{userId=0 taskId=7091 displayId=0 isRunning=true baseIntent=Intent { act=android.intent.action.VIEW dat=content://com.deepeye.musicpro.provider/... typ=application/vnd.android.package-archive flg=0x10800001 cmp=com.google.android.packageinstaller/com.android.packageinstaller.InstallStart } baseActivity=ComponentInfo{com.google.android.packageinstaller/com.android.packageinstaller.InstallStaging} topActivity=ComponentInfo{com.google.android.packageinstaller/com.android.packageinstaller.DeleteStagedFileOnResult} origActivity=null realActivity=ComponentInfo{com.google.android.packageinstaller/com.android.packageinstaller.InstallStart} numActivities=2 lastActiveTime=46314817 supportsMultiWindow=true supportsGlobalFreeform=true resizeMode=1 isResizeable=true isAppLocked=false canKillAndRestart=true isShowDecorCaptionWindowRequest=false minWidth=-1 minHeight=-1 defaultMinSize=200 token=WCT{RemoteToken{ecea5a2 Task{f77edb #7091 type=standard A=10115:com.google.android.packageinstaller}}} topActivityType=1 pictureInPictureParams=null shouldDockBigOverlays=false launchIntoPipHostTaskId=-1 lastParentTaskIdBeforePip=-1 displayCutoutSafeInsets=Rect(0, 90 - 0, 0) topActivityInfo=ActivityInfo{bbb84bd com.android.packageinstaller.DeleteStagedFileOnResult} launchCookies=[] positionInParent=Point(0, 0) parentTaskId=-1 isFocused=true isVisible=true isVisibleRequested=true isSleeping=false topActivityInSizeCompat=false topActivityEligibleForLetterboxEducation= false topActivityLetterboxed= false isFromDoubleTap= false topActivityLetterboxVerticalPosition= -1 topActivityLetterboxHorizontalPosition= -1 topActivityLetterboxWidth=-1 topActivityLetterboxHeight=-1 locusId=null displayAreaFeatureId=1 cameraCompatControlState=hidden}, remoteTransition = null, displayChange = null, flags = 0 }
06-16 01:14:39.006  3286  3339 V WindowManager:     startWCT=WindowContainerTransaction { changes = {} hops = [] errorCallbackToken=null taskFragmentOrganizer=null }
06-16 01:14:39.006  3286  3339 V WindowManager:     info={id=495 t=OPEN f=0x0 trk=0 r=[0@Point(0, 0)] c=[{null m=OPEN f=TRANSLUCENT|FILLS_TASK|NO_ANIMATION leash=Surface(name=ActivityRecord{d8ed8c6 u0 com.google.android.packageinstaller/com.android.packageinstaller.PackageInstallerActivity)/@0xe231e67 sb=Rect(0, 0 - 0, 0) eb=Rect(0, 0 - 1080, 2400) d=-1->0 r=-1->0:-1},{null m=OPEN f=TRANSLUCENT|FILLS_TASK|NO_ANIMATION leash=Surface(name=ActivityRecord{dc3b69 u0 com.google.android.packageinstaller/com.android.packageinstaller.DeleteStagedFileOnResult)/@0x7aa3226 sb=Rect(0, 0 - 0, 0) eb=Rect(0, 0 - 1080, 2400) d=-1->0 r=-1->0:-1},{null m=CLOSE f=TRANSLUCENT|FILLS_TASK|IS_OCCLUDED leash=Surface(name=ActivityRecord{c94ee53 u0 com.google.android.packageinstaller/com.android.packageinstaller.InstallStaging)/@0x1c5181 sb=Rect(0, 0 - 1080, 2400) eb=Rect(0, 0 - 1080, 2400) d=0}]}
06-16 01:14:39.010  3286  3339 V WindowManager: Finish Transition #494: created at 06-16 01:14:38.542 collect-started=0.055ms request-sent=16.982ms started=20.035ms ready=66.956ms sent=144.483ms finished=468.257ms
06-16 01:14:39.011  4198  4238 V WindowManagerShell: Track 0 became idle
06-16 01:14:39.012  4198  4238 V WindowManagerShell: onTransitionReady android.os.BinderProxy@f08903: {id=495 t=OPEN f=0x0 trk=0 r=[0@Point(0, 0)] c=[{null m=OPEN f=TRANSLUCENT|FILLS_TASK|NO_ANIMATION leash=Surface(name=ActivityRecord{d8ed8c6 u0 com.google.android.packageinstaller/com.android.packageinstaller.PackageInstallerActivity)/@0xc2a3afe sb=Rect(0, 0 - 0, 0) eb=Rect(0, 0 - 1080, 2400) d=-1->0 r=-1->0:-1},{null m=OPEN f=TRANSLUCENT|FILLS_TASK|NO_ANIMATION leash=Surface(name=ActivityRecord{dc3b69 u0 com.google.android.packageinstaller/com.android.packageinstaller.DeleteStagedFileOnResult)/@0xa68b25f sb=Rect(0, 0 - 0, 0) eb=Rect(0, 0 - 1080, 2400) d=-1->0 r=-1->0:-1},{null m=CLOSE f=TRANSLUCENT|FILLS_TASK|IS_OCCLUDED leash=Surface(name=ActivityRecord{c94ee53 u0 com.google.android.packageinstaller/com.android.packageinstaller.InstallStaging)/@0x96714ac sb=Rect(0, 0 - 1080, 2400) eb=Rect(0, 0 - 1080, 2400) d=0}]}
06-16 01:14:39.012  4198  4238 V WindowManagerShell: Playing animation for (#495)android.os.BinderProxy@f08903@0
06-16 01:14:39.012  4198  4238 V WindowManagerShell:  try handler com.android.wm.shell.transition.DefaultMixedHandler@a3fe38c
06-16 01:14:39.012  4198  4238 V WindowManagerShell:  try handler com.android.wm.shell.keyguard.KeyguardTransitionHandler@ed0bad5
06-16 01:14:39.012  4198  4238 V WindowManagerShell:  try handler com.android.wm.shell.activityembedding.ActivityEmbeddingController@d8aa2ea
06-16 01:14:39.012  4198  4238 V WindowManagerShell:  try handler com.android.wm.shell.recents.RecentsTransitionHandler@ca6d9db
06-16 01:14:39.012  4198  4238 V ShellRecents: RecentsTransitionHandler.startAnimation: no controller found
06-16 01:14:39.012  4198  4238 V WindowManagerShell:  try handler com.android.wm.shell.pip.PipTransition@3cdac78
06-16 01:14:39.012  4198  4238 V WindowManagerShell:  try handler com.android.wm.shell.splitscreen.StageCoordinator@5ef2f51
06-16 01:14:39.012  4198  4238 V WindowManagerShell:  try handler com.android.wm.shell.transition.RemoteTransitionHandler@e803b6
06-16 01:14:39.012  4198  4238 V WindowManagerShell: Transition doesn't have explicit remote, search filters for match for {id=495 t=OPEN f=0x0 trk=0 r=[0@Point(0, 0)] c=[{null m=OPEN f=TRANSLUCENT|FILLS_TASK|NO_ANIMATION leash=Surface(name=ActivityRecord{d8ed8c6 u0 com.google.android.packageinstaller/com.android.packageinstaller.PackageInstallerActivity)/@0xc2a3afe sb=Rect(0, 0 - 0, 0) eb=Rect(0, 0 - 1080, 2400) d=-1->0 r=-1->0:-1},{null m=OPEN f=TRANSLUCENT|FILLS_TASK|NO_ANIMATION leash=Surface(name=ActivityRecord{dc3b69 u0 com.google.android.packageinstaller/com.android.packageinstaller.DeleteStagedFileOnResult)/@0xa68b25f sb=Rect(0, 0 - 0, 0) eb=Rect(0, 0 - 1080, 2400) d=-1->0 r=-1->0:-1},{null m=CLOSE f=TRANSLUCENT|FILLS_TASK|IS_OCCLUDED leash=Surface(name=ActivityRecord{c94ee53 u0 com.google.android.packageinstaller/com.android.packageinstaller.InstallStaging)/@0x96714ac sb=Rect(0, 0 - 1080, 2400) eb=Rect(0, 0 - 1080, 2400) d=0}]}
06-16 01:14:39.012  4198  4238 V WindowManagerShell:  Checking filter Pair{{types=[] flags=0x0] notFlags=0x100 checks=[{atype=home independent=true modes=[OPEN,TO_FRONT] flags=NONE mustBeTask=false order=TOP topActivity=ComponentInfo{com.motorola.launcher3/com.android.launcher3.uioverrides.QuickstepLauncher}},{atype=standard independent=true modes=[CLOSE,TO_BACK] flags=NONE mustBeTask=false order=ANY topActivity=null}]} RemoteTransition { remoteTransition = android.window.IRemoteTransition$Stub$Proxy@6ec3e4f, appThread = android.app.IApplicationThread$Stub$Proxy@dacc9dc, debugName = QuickstepLaunchHome }}
06-16 01:14:39.012  4198  4238 V WindowManagerShell:  Delegate animation for #495 to null
06-16 01:14:39.012  4198  4238 V WindowManagerShell:  try handler com.android.wm.shell.transition.DefaultTransitionHandler@8af38b7
06-16 01:14:39.012  4198  4238 V WindowManagerShell: start default transition animation, info = {id=495 t=OPEN f=0x0 trk=0 r=[0@Point(0, 0)] c=[{null m=OPEN f=TRANSLUCENT|FILLS_TASK|NO_ANIMATION leash=Surface(name=ActivityRecord{d8ed8c6 u0 com.google.android.packageinstaller/com.android.packageinstaller.PackageInstallerActivity)/@0xc2a3afe sb=Rect(0, 0 - 0, 0) eb=Rect(0, 0 - 1080, 2400) d=-1->0 r=-1->0:-1},{null m=OPEN f=TRANSLUCENT|FILLS_TASK|NO_ANIMATION leash=Surface(name=ActivityRecord{dc3b69 u0 com.google.android.packageinstaller/com.android.packageinstaller.DeleteStagedFileOnResult)/@0xa68b25f sb=Rect(0, 0 - 0, 0) eb=Rect(0, 0 - 1080, 2400) d=-1->0 r=-1->0:-1},{null m=CLOSE f=TRANSLUCENT|FILLS_TASK|IS_OCCLUDED leash=Surface(name=ActivityRecord{c94ee53 u0 com.google.android.packageinstaller/com.android.packageinstaller.InstallStaging)/@0x96714ac sb=Rect(0, 0 - 1080, 2400) eb=Rect(0, 0 - 1080, 2400) d=0}]}
06-16 01:14:39.014  4198  4238 V WindowManagerShell: Transition animation finished (aborted=false), notifying core (#495)android.os.BinderProxy@f08903@0
06-16 01:14:39.015  3286  4265 D PowerManagerService: nativeSetPowerMode ret:false mode:5 enabled:false duration ms: 0
06-16 01:14:39.016  3286  4265 D PowerManagerService: nativeReleaseSuspendBlocker name:PowerManagerService.WakeLocks duration ms: 0
06-16 01:14:39.017  3286  3339 V WindowManager: Finish Transition #495: created at 06-16 01:14:38.878 collect-started=0.026ms request-sent=5.863ms started=22.352ms ready=66.492ms sent=124.792ms finished=137.752ms
06-16 01:14:39.022  4198  4238 V WindowManagerShell: Track 0 became idle
06-16 01:14:39.022  4198  4238 V WindowManagerShell: All active transition animations finished
06-16 01:14:39.022  4198  4238 V WindowManagerShell:  animated by com.android.wm.shell.transition.DefaultTransitionHandler@8af38b7
06-16 01:14:39.022  4198  4238 V WindowManagerShell: Track 0 became idle
06-16 01:14:39.022  4198  4238 V WindowManagerShell: All active transition animations finished
06-16 01:14:39.030  3286  4266 D CoreBackPreview: Window{aee6354 u0 com.google.android.packageinstaller/com.android.packageinstaller.InstallStaging}: Setting back callback null
06-16 01:14:39.038  3286  4266 D CoreBackPreview: Window{361b8bc u0 com.google.android.packageinstaller/com.android.packageinstaller.InstallStaging EXITING}: Setting back callback null
06-16 01:14:39.915  3286  4265 I SettingsAccessControlPolicy: isDeviceSettingsChangeDisabled: value -> false
06-16 01:14:39.915  3286  4265 D ActivityTaskManager: getPreferredLaunchDisplay userset_displayid false user set display id 0, current focus display 0
06-16 01:14:39.915  3286  4265 D ActivityTaskManager: getPreferredLaunchDisplay userset_displayid false user set display id 0, current focus display 0
06-16 01:14:39.915  3286  4265 D ActivityTaskManager: getPreferredLaunchDisplay userset_displayid false user set display id 0, current focus display 0
06-16 01:14:39.915  3286  4265 D ActivityTaskManager: getPreferredLaunchDisplay userset_displayid false user set display id 0, current focus display 0
06-16 01:14:39.916  3286  4265 D ActivityTaskManager: [GlobalFreeform] use default Rect(162, 162 - 1242, 1929) scale=0.7 for ActivityRecord{dc3b69 u0 com.google.android.packageinstaller/com.android.packageinstaller.DeleteStagedFileOnResult t7091}
06-16 01:14:39.918  3286  4265 D PowerManagerService: nativeSetPowerMode ret:false mode:5 enabled:true duration ms: 0
06-16 01:14:39.920  3286  4265 D PowerManagerService: nativeAcquireSuspendBlocker name:PowerManagerService.WakeLocks duration ms: 1
06-16 01:14:39.921  3286  4265 E Transition: Trying to add a ready-group twice: Display{#0 state=ON size=1080x2400 ROTATION_0}
06-16 01:14:39.921  3286  4265 I ActivityTaskManager: START u0 {dat=file:///... flg=0x2000000 cmp=com.google.android.packageinstaller/com.android.packageinstaller.InstallInstalling (has extras)} with LAUNCH_MULTIPLE from uid 10115 (startActivityAsUser) (BAL_ALLOW_VISIBLE_WINDOW) result code=0
06-16 01:14:39.923  4198  4238 V WindowManagerShell: Transition requested: android.os.BinderProxy@810157b TransitionRequestInfo { type = 1, triggerTask = TaskInfo{userId=0 taskId=7091 displayId=0 isRunning=true baseIntent=Intent { act=android.intent.action.VIEW dat=content://com.deepeye.musicpro.provider/... typ=application/vnd.android.package-archive flg=0x10800001 cmp=com.google.android.packageinstaller/com.android.packageinstaller.InstallStart } baseActivity=ComponentInfo{com.google.android.packageinstaller/com.android.packageinstaller.DeleteStagedFileOnResult} topActivity=ComponentInfo{com.google.android.packageinstaller/com.android.packageinstaller.InstallInstalling} origActivity=null realActivity=ComponentInfo{com.google.android.packageinstaller/com.android.packageinstaller.InstallStart} numActivities=3 lastActiveTime=46315853 supportsMultiWindow=true supportsGlobalFreeform=true resizeMode=1 isResizeable=true isAppLocked=false canKillAndRestart=false isShowDecorCaptionWindowRequest=false minWidth=-1 minHeight=-1 defaultMinSize=200 token=WCT{android.window.IWindowContainerToken$Stub$Proxy@d86cf98} topActivityType=1 pictureInPictureParams=null shouldDockBigOverlays=false launchIntoPipHostTaskId=-1 lastParentTaskIdBeforePip=-1 displayCutoutSafeInsets=Rect(0, 90 - 0, 0) topActivityInfo=ActivityInfo{d36e3f1 com.android.packageinstaller.InstallInstalling} launchCookies=[] positionInParent=Point(0, 0) parentTaskId=-1 isFocused=true isVisible=true isVisibleRequested=true isSleeping=false topActivityInSizeCompat=false topActivityEligibleForLetterboxEducation= false topActivityLetterboxed= false isFromDoubleTap= false topActivityLetterboxVerticalPosition= -1 topActivityLetterboxHorizontalPosition= -1 topActivityLetterboxWidth=-1 topActivityLetterboxHeight=-1 locusId=null displayAreaFeatureId=1 cameraCompatControlState=hidden}, remoteTransition = null, displayChange = null, flags = 0 }
06-16 01:14:39.923  3286  4265 D RestartModeController: determineRescueAppAfterAppFinishItself@1 null pkgName=com.google.android.packageinstaller
06-16 01:14:39.924  3286  4265 D CoreBackPreview: Window{d61d9e4 u0 com.google.android.packageinstaller/com.android.packageinstaller.PackageInstallerActivity}: Setting back callback null
06-16 01:14:39.931  3286  3342 V WindowManager: Unknown focus tokens, dropping reportFocusChanged
06-16 01:14:39.932  3286  7392 I ActivityTaskManager: The Process com.google.android.packageinstaller Already Exists in BG. So sending its PID: 8280
06-16 01:14:39.947  8280  8280 D ViewRootImpl: update {(0,0)(wrapxwrap) gr=CENTER sim={adjust=pan forwardNavigation} ty=APPLICATION fmt=TRANSLUCENT wanim=0x10302ff
06-16 01:14:39.947  8280  8280 D ViewRootImpl:   fl=DIM_BEHIND ALT_FOCUSABLE_IM SPLIT_TOUCH HARDWARE_ACCELERATED
06-16 01:14:39.947  8280  8280 D ViewRootImpl:   bhv=DEFAULT
06-16 01:14:39.947  8280  8280 D ViewRootImpl:   fitTypes=STATUS_BARS NAVIGATION_BARS CAPTION_BAR} by setView
06-16 01:14:39.957  8280  8280 D ViewRootImpl: update {(0,0)(wrapxwrap) sim={adjust=pan forwardNavigation} ty=BASE_APPLICATION fmt=TRANSLUCENT
06-16 01:14:39.957  8280  8280 D ViewRootImpl:   fl=DIM_BEHIND SPLIT_TOUCH HARDWARE_ACCELERATED
06-16 01:14:39.957  8280  8280 D ViewRootImpl:   bhv=DEFAULT
06-16 01:14:39.957  8280  8280 D ViewRootImpl:   fitTypes=STATUS_BARS NAVIGATION_BARS CAPTION_BAR} by setView
06-16 01:14:39.963  3286  7392 D CoreBackPreview: Window{cfe259d u0 com.google.android.packageinstaller/com.android.packageinstaller.InstallInstalling}: Setting back callback OnBackInvokedCallbackInfo{mCallback=android.window.IOnBackInvokedCallback$Stub$Proxy@ac8c96a, mPriority=0, mIsAnimationCallback=false}
06-16 01:14:39.972  3286  3343 I LaunchCheckinHandler: MotoDisplayed com.google.android.packageinstaller/com.android.packageinstaller.InstallInstalling,wp,ca,39
06-16 01:14:39.972  3286  3343 W ActivityTaskManager: activity boost didn't release as expected
06-16 01:14:39.976  3286  4265 D CoreBackPreview: Window{e57060c u0 com.google.android.packageinstaller/com.android.packageinstaller.InstallInstalling}: Setting back callback OnBackInvokedCallbackInfo{mCallback=android.window.IOnBackInvokedCallback$Stub$Proxy@6d83e5b, mPriority=0, mIsAnimationCallback=false}
06-16 01:14:39.985  4198  4238 V WindowManagerShell: onTransitionReady android.os.BinderProxy@810157b: {id=496 t=OPEN f=0x0 trk=0 r=[0@Point(0, 0)] c=[{null m=OPEN f=TRANSLUCENT|FILLS_TASK leash=Surface(name=ActivityRecord{46ca9f3 u0 com.google.android.packageinstaller/com.android.packageinstaller.InstallInstalling)/@0x738abd6 sb=Rect(0, 0 - 0, 0) eb=Rect(0, 0 - 1080, 2400) d=-1->0 r=-1->0:-1},{null m=CLOSE f=TRANSLUCENT|FILLS_TASK leash=Surface(name=ActivityRecord{d8ed8c6 u0 com.google.android.packageinstaller/com.android.packageinstaller.PackageInstallerActivity)/@0x5008e57 sb=Rect(0, 0 - 1080, 2400) eb=Rect(0, 0 - 1080, 2400) d=0}]}
06-16 01:14:39.985  4198  4238 V WindowManagerShell: Playing animation for (#496)android.os.BinderProxy@810157b@0
06-16 01:14:39.985  4198  4238 V WindowManagerShell:  try handler com.android.wm.shell.transition.DefaultMixedHandler@a3fe38c
06-16 01:14:39.985  4198  4238 V WindowManagerShell:  try handler com.android.wm.shell.keyguard.KeyguardTransitionHandler@ed0bad5
06-16 01:14:39.985  4198  4238 V WindowManagerShell:  try handler com.android.wm.shell.activityembedding.ActivityEmbeddingController@d8aa2ea
06-16 01:14:39.985  4198  4238 V WindowManagerShell:  try handler com.android.wm.shell.recents.RecentsTransitionHandler@ca6d9db
06-16 01:14:39.985  4198  4238 V ShellRecents: RecentsTransitionHandler.startAnimation: no controller found
06-16 01:14:39.985  4198  4238 V WindowManagerShell:  try handler com.android.wm.shell.pip.PipTransition@3cdac78
06-16 01:14:39.985  4198  4238 V WindowManagerShell:  try handler com.android.wm.shell.splitscreen.StageCoordinator@5ef2f51
06-16 01:14:39.985  4198  4238 V WindowManagerShell:  try handler com.android.wm.shell.transition.RemoteTransitionHandler@e803b6
06-16 01:14:39.985  4198  4238 V WindowManagerShell: Transition doesn't have explicit remote, search filters for match for {id=496 t=OPEN f=0x0 trk=0 r=[0@Point(0, 0)] c=[{null m=OPEN f=TRANSLUCENT|FILLS_TASK leash=Surface(name=ActivityRecord{46ca9f3 u0 com.google.android.packageinstaller/com.android.packageinstaller.InstallInstalling)/@0x738abd6 sb=Rect(0, 0 - 0, 0) eb=Rect(0, 0 - 1080, 2400) d=-1->0 r=-1->0:-1},{null m=CLOSE f=TRANSLUCENT|FILLS_TASK leash=Surface(name=ActivityRecord{d8ed8c6 u0 com.google.android.packageinstaller/com.android.packageinstaller.PackageInstallerActivity)/@0x5008e57 sb=Rect(0, 0 - 1080, 2400) eb=Rect(0, 0 - 1080, 2400) d=0}]}
06-16 01:14:39.985  4198  4238 V WindowManagerShell:  Checking filter Pair{{types=[] flags=0x0] notFlags=0x100 checks=[{atype=home independent=true modes=[OPEN,TO_FRONT] flags=NONE mustBeTask=false order=TOP topActivity=ComponentInfo{com.motorola.launcher3/com.android.launcher3.uioverrides.QuickstepLauncher}},{atype=standard independent=true modes=[CLOSE,TO_BACK] flags=NONE mustBeTask=false order=ANY topActivity=null}]} RemoteTransition { remoteTransition = android.window.IRemoteTransition$Stub$Proxy@6ec3e4f, appThread = android.app.IApplicationThread$Stub$Proxy@dacc9dc, debugName = QuickstepLaunchHome }}
06-16 01:14:39.986  4198  4238 V WindowManagerShell:  Delegate animation for #496 to null
06-16 01:14:39.986  4198  4238 V WindowManagerShell:  try handler com.android.wm.shell.transition.DefaultTransitionHandler@8af38b7
06-16 01:14:39.986  4198  4238 V WindowManagerShell: start default transition animation, info = {id=496 t=OPEN f=0x0 trk=0 r=[0@Point(0, 0)] c=[{null m=OPEN f=TRANSLUCENT|FILLS_TASK leash=Surface(name=ActivityRecord{46ca9f3 u0 com.google.android.packageinstaller/com.android.packageinstaller.InstallInstalling)/@0x738abd6 sb=Rect(0, 0 - 0, 0) eb=Rect(0, 0 - 1080, 2400) d=-1->0 r=-1->0:-1},{null m=CLOSE f=TRANSLUCENT|FILLS_TASK leash=Surface(name=ActivityRecord{d8ed8c6 u0 com.google.android.packageinstaller/com.android.packageinstaller.PackageInstallerActivity)/@0x5008e57 sb=Rect(0, 0 - 1080, 2400) eb=Rect(0, 0 - 1080, 2400) d=0}]}
06-16 01:14:39.986  4198  4238 V WindowManagerShell: loadAnimation: anim=null animAttr=0x5 type=OPEN isEntrance=false
06-16 01:14:39.986  4198  4238 V WindowManagerShell: loadAnimation: anim=null animAttr=0x4 type=OPEN isEntrance=true
06-16 01:14:39.988  3286  3339 V WindowManager: Sent Transition #496 createdAt=06-16 01:14:39.915 via request=TransitionRequestInfo { type = 1, triggerTask = TaskInfo{userId=0 taskId=7091 displayId=0 isRunning=true baseIntent=Intent { act=android.intent.action.VIEW dat=content://com.deepeye.musicpro.provider/... typ=application/vnd.android.package-archive flg=0x10800001 cmp=com.google.android.packageinstaller/com.android.packageinstaller.InstallStart } baseActivity=ComponentInfo{com.google.android.packageinstaller/com.android.packageinstaller.DeleteStagedFileOnResult} topActivity=ComponentInfo{com.google.android.packageinstaller/com.android.packageinstaller.InstallInstalling} origActivity=null realActivity=ComponentInfo{com.google.android.packageinstaller/com.android.packageinstaller.InstallStart} numActivities=3 lastActiveTime=46315853 supportsMultiWindow=true supportsGlobalFreeform=true resizeMode=1 isResizeable=true isAppLocked=false canKillAndRestart=true isShowDecorCaptionWindowRequest=false minWidth=-1 minHeight=-1 defaultMinSize=200 token=WCT{RemoteToken{ecea5a2 Task{f77edb #7091 type=standard A=10115:com.google.android.packageinstaller}}} topActivityType=1 pictureInPictureParams=null shouldDockBigOverlays=false launchIntoPipHostTaskId=-1 lastParentTaskIdBeforePip=-1 displayCutoutSafeInsets=Rect(0, 90 - 0, 0) topActivityInfo=ActivityInfo{ed8b00d com.android.packageinstaller.InstallInstalling} launchCookies=[] positionInParent=Point(0, 0) parentTaskId=-1 isFocused=true isVisible=true isVisibleRequested=true isSleeping=false topActivityInSizeCompat=false topActivityEligibleForLetterboxEducation= false topActivityLetterboxed= false isFromDoubleTap= false topActivityLetterboxVerticalPosition= -1 topActivityLetterboxHorizontalPosition= -1 topActivityLetterboxWidth=-1 topActivityLetterboxHeight=-1 locusId=null displayAreaFeatureId=1 cameraCompatControlState=hidden}, remoteTransition = null, displayChange = null, flags = 0 }
06-16 01:14:39.988  3286  3339 V WindowManager:     startWCT=WindowContainerTransaction { changes = {} hops = [] errorCallbackToken=null taskFragmentOrganizer=null }
06-16 01:14:39.988  3286  3339 V WindowManager:     info={id=496 t=OPEN f=0x0 trk=0 r=[0@Point(0, 0)] c=[{null m=OPEN f=TRANSLUCENT|FILLS_TASK leash=Surface(name=ActivityRecord{46ca9f3 u0 com.google.android.packageinstaller/com.android.packageinstaller.InstallInstalling)/@0x1d26537 sb=Rect(0, 0 - 0, 0) eb=Rect(0, 0 - 1080, 2400) d=-1->0 r=-1->0:-1},{null m=CLOSE f=TRANSLUCENT|FILLS_TASK leash=Surface(name=ActivityRecord{d8ed8c6 u0 com.google.android.packageinstaller/com.android.packageinstaller.PackageInstallerActivity)/@0xe231e67 sb=Rect(0, 0 - 1080, 2400) eb=Rect(0, 0 - 1080, 2400) d=0}]}
06-16 01:14:39.988  4198  4238 V WindowManagerShell: Transition animation finished (aborted=false), notifying core (#496)android.os.BinderProxy@810157b@0
06-16 01:14:39.989  3286  3339 V WindowManager: Finish Transition #496: created at 06-16 01:14:39.915 collect-started=0.026ms request-sent=5.553ms started=8.246ms ready=21.661ms sent=67.47ms finished=73.896ms
06-16 01:14:39.991  4198  4238 V WindowManagerShell: Track 0 became idle
06-16 01:14:39.991  4198  4238 V WindowManagerShell: All active transition animations finished
06-16 01:14:39.991  4198  4238 V WindowManagerShell:  animated by com.android.wm.shell.transition.DefaultTransitionHandler@8af38b7
06-16 01:14:39.991  3286  7152 D PowerManagerService: nativeSetPowerMode ret:false mode:5 enabled:false duration ms: 0
06-16 01:14:39.991  4198  4238 V WindowManagerShell: Track 0 became idle
06-16 01:14:39.991  4198  4238 V WindowManagerShell: All active transition animations finished
06-16 01:14:39.992  3286  7152 D PowerManagerService: nativeReleaseSuspendBlocker name:PowerManagerService.WakeLocks duration ms: 2
06-16 01:14:40.000  3286  4265 D CoreBackPreview: Window{36f906f u0 com.google.android.packageinstaller/com.android.packageinstaller.PackageInstallerActivity}: Setting back callback null
06-16 01:14:40.081  3286  3428 I PackageManager: Integrity check passed for file:///data/app/vmdl1657588694.tmp
06-16 01:14:40.104 21315 21843 W PackageParser: Unknown element under <application>: property at /data/app/vmdl1657588694.tmp/base.apk Binary XML file line #378
06-16 01:14:41.216  3286  7152 D CompatibilityChangeReporter: Compat change id reported: 135634846; UID 99054; state: DISABLED
06-16 01:14:41.216 21315 21349 W PackageParser: Unknown element under <application>: property at /data/app/vmdl1657588694.tmp/base.apk Binary XML file line #378
06-16 01:14:41.216  3286  7152 D CompatibilityChangeReporter: Compat change id reported: 177438394; UID 99054; state: DISABLED
06-16 01:14:41.216  3286  7152 D CompatibilityChangeReporter: Compat change id reported: 135772972; UID 99054; state: DISABLED
06-16 01:14:41.216  3286  7152 D CompatibilityChangeReporter: Compat change id reported: 135754954; UID 99054; state: ENABLED
06-16 01:14:41.218  3286  3350 D CompatibilityChangeReporter: Compat change id reported: 143937733; UID 10207; state: ENABLED
06-16 01:14:41.232  3286  3350 I ActivityManager: Start proc 21851:com.android.vending:isolated_service:com.google.android.finsky.verifier.apkanalysis.service.ApkContentsScanService/u0i54 for service {com.android.vending/com.google.android.finsky.verifier.apkanalysis.service.ApkContentsScanService}
06-16 01:14:41.265  3286  5295 D CompatibilityChangeReporter: Compat change id reported: 168419799; UID 10207; state: DISABLED
06-16 01:14:41.265  3286  5295 D CompatibilityChangeReporter: Compat change id reported: 273564678; UID 10207; state: DISABLED
06-16 01:14:41.411  3286  5295 I ActivityManager: Flag disabled. Ignoring finishAttachApplication from uid: 99054. pid: 21851
06-16 01:14:42.151  3286  5295 I ActivityManager: Killing 21851:com.android.vending:isolated_service:com.google.android.finsky.verifier.apkanalysis.service.ApkContentsScanService/u0a207i54 (adj 0, setSvc -10000): isolated not needed
06-16 01:14:42.187  3286  5295 I ActivityManager: appDiedLocked: app=ProcessRecord{b1198a0 21851:com.android.vending:isolated_service:com.google.android.finsky.verifier.apkanalysis.service.ApkContentsScanService/u0a207i54} thread=android.os.BinderProxy@3a13e1b fromBinderDied=true isKilledByAm=true reason=null
06-16 01:14:42.188  3286  5295 D ActivityTaskManager: handleAppDied: uid=99054,diedCount=0,lastDiedTime=0,forceStopUids=false
06-16 01:14:42.188  3286  3340 D DisplayManagerService: Drop pending events for gone uid 99054
06-16 01:14:42.190  3286  5295 W ProcessStats: Tracking association SourceState{7a405c7 com.google.android.gms.persistent/10192 BTop #101285} whose proc state 2 is better than process ProcessState{94479f4 com.google.android.adservices.api/10357 pkg=com.google.android.adservices.api} proc state 13 (104 skipped)
06-16 01:14:42.820  3286  3428 W PackageSettings: Skipping PackageSetting{64e2815 com.whatsapp/10465} due to missing metadata
06-16 01:14:42.821  3286  3428 W PackageSettings: Skipping PackageSetting{4bba72a us.zoom.videomeetings/10399} due to missing metadata
06-16 01:14:43.036  3286  5295 D CompatibilityChangeReporter: Compat change id reported: 161145287; UID 10207; state: ENABLED
06-16 01:14:43.040  3286  5295 D CompatibilityChangeReporter: Compat change id reported: 261072174; UID 10207; state: ENABLED
06-16 01:14:43.048  3286  3428 I PackageManager: Continuing with installation of file:///data/app/vmdl1657588694.tmp
06-16 01:14:43.053  3286  3721 D CompatibilityChangeReporter: Compat change id reported: 265195908; UID 10207; state: ENABLED
06-16 01:14:43.061  3286  3428 W PackageManager: Existing package com.deepeye.musicpro signatures do not match newer version; ignoring!
06-16 01:14:43.064  3286  3428 D PackageInstallerSession: Marking session 1657588694 as failed: INSTALL_FAILED_UPDATE_INCOMPATIBLE: Existing package com.deepeye.musicpro signatures do not match newer version; ignoring!
06-16 01:14:43.083  3286  7152 I SettingsAccessControlPolicy: isDeviceSettingsChangeDisabled: value -> false
06-16 01:14:43.085  3286  7152 D ActivityTaskManager: getPreferredLaunchDisplay userset_displayid false user set display id 0, current focus display 0
06-16 01:14:43.085  3286  7152 D ActivityTaskManager: getPreferredLaunchDisplay userset_displayid false user set display id 0, current focus display 0
06-16 01:14:43.085  3286  7152 D ActivityTaskManager: getPreferredLaunchDisplay userset_displayid false user set display id 0, current focus display 0
06-16 01:14:43.085  3286  7152 D ActivityTaskManager: getPreferredLaunchDisplay userset_displayid false user set display id 0, current focus display 0
06-16 01:14:43.085  3286  7152 D ActivityTaskManager: [GlobalFreeform] use default Rect(162, 162 - 1242, 1929) scale=0.7 for ActivityRecord{dc3b69 u0 com.google.android.packageinstaller/com.android.packageinstaller.DeleteStagedFileOnResult t7091}
06-16 01:14:43.090  3286  7152 D PowerManagerService: nativeSetPowerMode ret:false mode:5 enabled:true duration ms: 0
06-16 01:14:43.094  3286  7152 D PowerManagerService: nativeAcquireSuspendBlocker name:PowerManagerService.WakeLocks duration ms: 2
06-16 01:14:43.096  3286  7152 E Transition: Trying to add a ready-group twice: Display{#0 state=ON size=1080x2400 ROTATION_0}
06-16 01:14:43.096  3286  7152 I ActivityTaskManager: START u0 {dat=file:///... flg=0x2000000 cmp=com.google.android.packageinstaller/com.android.packageinstaller.InstallFailed (has extras)} with LAUNCH_MULTIPLE from uid 10115 (startActivityAsUser) (BAL_ALLOW_VISIBLE_WINDOW) result code=0
06-16 01:14:43.098  4198  4238 V WindowManagerShell: Transition requested: android.os.BinderProxy@104baa8 TransitionRequestInfo { type = 1, triggerTask = TaskInfo{userId=0 taskId=7091 displayId=0 isRunning=true baseIntent=Intent { act=android.intent.action.VIEW dat=content://com.deepeye.musicpro.provider/... typ=application/vnd.android.package-archive flg=0x10800001 cmp=com.google.android.packageinstaller/com.android.packageinstaller.InstallStart } baseActivity=ComponentInfo{com.google.android.packageinstaller/com.android.packageinstaller.DeleteStagedFileOnResult} topActivity=ComponentInfo{com.google.android.packageinstaller/com.android.packageinstaller.InstallFailed} origActivity=null realActivity=ComponentInfo{com.google.android.packageinstaller/com.android.packageinstaller.InstallStart} numActivities=3 lastActiveTime=46319026 supportsMultiWindow=true supportsGlobalFreeform=true resizeMode=1 isResizeable=true isAppLocked=false canKillAndRestart=false isShowDecorCaptionWindowRequest=false minWidth=-1 minHeight=-1 defaultMinSize=200 token=WCT{android.window.IWindowContainerToken$Stub$Proxy@5d2d9c1} topActivityType=1 pictureInPictureParams=null shouldDockBigOverlays=false launchIntoPipHostTaskId=-1 lastParentTaskIdBeforePip=-1 displayCutoutSafeInsets=Rect(0, 90 - 0, 0) topActivityInfo=ActivityInfo{565b566 com.android.packageinstaller.InstallFailed} launchCookies=[] positionInParent=Point(0, 0) parentTaskId=-1 isFocused=true isVisible=true isVisibleRequested=true isSleeping=false topActivityInSizeCompat=false topActivityEligibleForLetterboxEducation= false topActivityLetterboxed= false isFromDoubleTap= false topActivityLetterboxVerticalPosition= -1 topActivityLetterboxHorizontalPosition= -1 topActivityLetterboxWidth=-1 topActivityLetterboxHeight=-1 locusId=null displayAreaFeatureId=1 cameraCompatControlState=hidden}, remoteTransition = null, displayChange = null, flags = 0 }
06-16 01:14:43.098  3286  7152 D RestartModeController: determineRescueAppAfterAppFinishItself@1 null pkgName=com.google.android.packageinstaller
06-16 01:14:43.101  3286  7392 I ActivityTaskManager: The Process com.google.android.packageinstaller Already Exists in BG. So sending its PID: 8280
06-16 01:14:43.131  8280  8280 D ViewRootImpl: update {(0,0)(wrapxwrap) gr=CENTER sim={adjust=pan forwardNavigation} ty=APPLICATION fmt=TRANSLUCENT wanim=0x10302ff
06-16 01:14:43.131  8280  8280 D ViewRootImpl:   fl=DIM_BEHIND ALT_FOCUSABLE_IM SPLIT_TOUCH HARDWARE_ACCELERATED
06-16 01:14:43.131  8280  8280 D ViewRootImpl:   bhv=DEFAULT
06-16 01:14:43.131  8280  8280 D ViewRootImpl:   fitTypes=STATUS_BARS NAVIGATION_BARS CAPTION_BAR} by setView
06-16 01:14:43.141  8280  8280 D ViewRootImpl: update {(0,0)(wrapxwrap) sim={adjust=pan forwardNavigation} ty=BASE_APPLICATION fmt=TRANSLUCENT
06-16 01:14:43.141  8280  8280 D ViewRootImpl:   fl=DIM_BEHIND SPLIT_TOUCH HARDWARE_ACCELERATED
06-16 01:14:43.141  8280  8280 D ViewRootImpl:   bhv=DEFAULT
06-16 01:14:43.141  8280  8280 D ViewRootImpl:   fitTypes=STATUS_BARS NAVIGATION_BARS CAPTION_BAR} by setView
06-16 01:14:43.145  3286  7203 D CoreBackPreview: Window{96fe491 u0 com.google.android.packageinstaller/com.android.packageinstaller.InstallFailed}: Setting back callback OnBackInvokedCallbackInfo{mCallback=android.window.IOnBackInvokedCallback$Stub$Proxy@28506ef, mPriority=0, mIsAnimationCallback=false}
06-16 01:14:43.155  3286  3343 I LaunchCheckinHandler: MotoDisplayed com.google.android.packageinstaller/com.android.packageinstaller.InstallFailed,wp,ca,55
06-16 01:14:43.155  3286  3343 W ActivityTaskManager: activity boost didn't release as expected
06-16 01:14:43.157  3286  5295 D CoreBackPreview: Window{cd194c9 u0 com.google.android.packageinstaller/com.android.packageinstaller.InstallFailed}: Setting back callback OnBackInvokedCallbackInfo{mCallback=android.window.IOnBackInvokedCallback$Stub$Proxy@69af5fc, mPriority=0, mIsAnimationCallback=false}
06-16 01:14:43.169  3286  3339 V WindowManager: Sent Transition #497 createdAt=06-16 01:14:43.085 via request=TransitionRequestInfo { type = 1, triggerTask = TaskInfo{userId=0 taskId=7091 displayId=0 isRunning=true baseIntent=Intent { act=android.intent.action.VIEW dat=content://com.deepeye.musicpro.provider/... typ=application/vnd.android.package-archive flg=0x10800001 cmp=com.google.android.packageinstaller/com.android.packageinstaller.InstallStart } baseActivity=ComponentInfo{com.google.android.packageinstaller/com.android.packageinstaller.DeleteStagedFileOnResult} topActivity=ComponentInfo{com.google.android.packageinstaller/com.android.packageinstaller.InstallFailed} origActivity=null realActivity=ComponentInfo{com.google.android.packageinstaller/com.android.packageinstaller.InstallStart} numActivities=3 lastActiveTime=46319026 supportsMultiWindow=true supportsGlobalFreeform=true resizeMode=1 isResizeable=true isAppLocked=false canKillAndRestart=true isShowDecorCaptionWindowRequest=false minWidth=-1 minHeight=-1 defaultMinSize=200 token=WCT{RemoteToken{ecea5a2 Task{f77edb #7091 type=standard A=10115:com.google.android.packageinstaller}}} topActivityType=1 pictureInPictureParams=null shouldDockBigOverlays=false launchIntoPipHostTaskId=-1 lastParentTaskIdBeforePip=-1 displayCutoutSafeInsets=Rect(0, 90 - 0, 0) topActivityInfo=ActivityInfo{d421401 com.android.packageinstaller.InstallFailed} launchCookies=[] positionInParent=Point(0, 0) parentTaskId=-1 isFocused=true isVisible=true isVisibleRequested=true isSleeping=false topActivityInSizeCompat=false topActivityEligibleForLetterboxEducation= false topActivityLetterboxed= false isFromDoubleTap= false topActivityLetterboxVerticalPosition= -1 topActivityLetterboxHorizontalPosition= -1 topActivityLetterboxWidth=-1 topActivityLetterboxHeight=-1 locusId=null displayAreaFeatureId=1 cameraCompatControlState=hidden}, remoteTransition = null, displayChange = null, flags = 0 }
06-16 01:14:43.169  3286  3339 V WindowManager:     startWCT=WindowContainerTransaction { changes = {} hops = [] errorCallbackToken=null taskFragmentOrganizer=null }
06-16 01:14:43.169  3286  3339 V WindowManager:     info={id=497 t=OPEN f=0x0 trk=0 r=[0@Point(0, 0)] c=[{null m=OPEN f=TRANSLUCENT|FILLS_TASK leash=Surface(name=ActivityRecord{6ee77b6 u0 com.google.android.packageinstaller/com.android.packageinstaller.InstallFailed)/@0xb45230b sb=Rect(0, 0 - 0, 0) eb=Rect(0, 0 - 1080, 2400) d=-1->0 r=-1->0:-1},{null m=CLOSE f=TRANSLUCENT|FILLS_TASK leash=Surface(name=ActivityRecord{46ca9f3 u0 com.google.android.packageinstaller/com.android.packageinstaller.InstallInstalling)/@0x1d26537 sb=Rect(0, 0 - 1080, 2400) eb=Rect(0, 0 - 1080, 2400) d=0}]}
06-16 01:14:43.171  4198  4238 V WindowManagerShell: onTransitionReady android.os.BinderProxy@104baa8: {id=497 t=OPEN f=0x0 trk=0 r=[0@Point(0, 0)] c=[{null m=OPEN f=TRANSLUCENT|FILLS_TASK leash=Surface(name=ActivityRecord{6ee77b6 u0 com.google.android.packageinstaller/com.android.packageinstaller.InstallFailed)/@0xc7780a7 sb=Rect(0, 0 - 0, 0) eb=Rect(0, 0 - 1080, 2400) d=-1->0 r=-1->0:-1},{null m=CLOSE f=TRANSLUCENT|FILLS_TASK leash=Surface(name=ActivityRecord{46ca9f3 u0 com.google.android.packageinstaller/com.android.packageinstaller.InstallInstalling)/@0x3ed954 sb=Rect(0, 0 - 1080, 2400) eb=Rect(0, 0 - 1080, 2400) d=0}]}
06-16 01:14:43.172  4198  4238 V WindowManagerShell: Playing animation for (#497)android.os.BinderProxy@104baa8@0
06-16 01:14:43.172  4198  4238 V WindowManagerShell:  try handler com.android.wm.shell.transition.DefaultMixedHandler@a3fe38c
06-16 01:14:43.172  4198  4238 V WindowManagerShell:  try handler com.android.wm.shell.keyguard.KeyguardTransitionHandler@ed0bad5
06-16 01:14:43.172  4198  4238 V WindowManagerShell:  try handler com.android.wm.shell.activityembedding.ActivityEmbeddingController@d8aa2ea
06-16 01:14:43.172  4198  4238 V WindowManagerShell:  try handler com.android.wm.shell.recents.RecentsTransitionHandler@ca6d9db
06-16 01:14:43.172  4198  4238 V ShellRecents: RecentsTransitionHandler.startAnimation: no controller found
06-16 01:14:43.172  4198  4238 V WindowManagerShell:  try handler com.android.wm.shell.pip.PipTransition@3cdac78
06-16 01:14:43.172  4198  4238 V WindowManagerShell:  try handler com.android.wm.shell.splitscreen.StageCoordinator@5ef2f51
06-16 01:14:43.172  4198  4238 V WindowManagerShell:  try handler com.android.wm.shell.transition.RemoteTransitionHandler@e803b6
06-16 01:14:43.172  4198  4238 V WindowManagerShell: Transition doesn't have explicit remote, search filters for match for {id=497 t=OPEN f=0x0 trk=0 r=[0@Point(0, 0)] c=[{null m=OPEN f=TRANSLUCENT|FILLS_TASK leash=Surface(name=ActivityRecord{6ee77b6 u0 com.google.android.packageinstaller/com.android.packageinstaller.InstallFailed)/@0xc7780a7 sb=Rect(0, 0 - 0, 0) eb=Rect(0, 0 - 1080, 2400) d=-1->0 r=-1->0:-1},{null m=CLOSE f=TRANSLUCENT|FILLS_TASK leash=Surface(name=ActivityRecord{46ca9f3 u0 com.google.android.packageinstaller/com.android.packageinstaller.InstallInstalling)/@0x3ed954 sb=Rect(0, 0 - 1080, 2400) eb=Rect(0, 0 - 1080, 2400) d=0}]}
06-16 01:14:43.173  4198  4238 V WindowManagerShell:  Checking filter Pair{{types=[] flags=0x0] notFlags=0x100 checks=[{atype=home independent=true modes=[OPEN,TO_FRONT] flags=NONE mustBeTask=false order=TOP topActivity=ComponentInfo{com.motorola.launcher3/com.android.launcher3.uioverrides.QuickstepLauncher}},{atype=standard independent=true modes=[CLOSE,TO_BACK] flags=NONE mustBeTask=false order=ANY topActivity=null}]} RemoteTransition { remoteTransition = android.window.IRemoteTransition$Stub$Proxy@6ec3e4f, appThread = android.app.IApplicationThread$Stub$Proxy@dacc9dc, debugName = QuickstepLaunchHome }}
06-16 01:14:43.173  3286  7203 D PowerManagerService: nativeSetPowerMode ret:false mode:5 enabled:false duration ms: 0
06-16 01:14:43.173  4198  4238 V WindowManagerShell:  Delegate animation for #497 to null
06-16 01:14:43.173  4198  4238 V WindowManagerShell:  try handler com.android.wm.shell.transition.DefaultTransitionHandler@8af38b7
06-16 01:14:43.173  4198  4238 V WindowManagerShell: start default transition animation, info = {id=497 t=OPEN f=0x0 trk=0 r=[0@Point(0, 0)] c=[{null m=OPEN f=TRANSLUCENT|FILLS_TASK leash=Surface(name=ActivityRecord{6ee77b6 u0 com.google.android.packageinstaller/com.android.packageinstaller.InstallFailed)/@0xc7780a7 sb=Rect(0, 0 - 0, 0) eb=Rect(0, 0 - 1080, 2400) d=-1->0 r=-1->0:-1},{null m=CLOSE f=TRANSLUCENT|FILLS_TASK leash=Surface(name=ActivityRecord{46ca9f3 u0 com.google.android.packageinstaller/com.android.packageinstaller.InstallInstalling)/@0x3ed954 sb=Rect(0, 0 - 1080, 2400) eb=Rect(0, 0 - 1080, 2400) d=0}]}
06-16 01:14:43.173  4198  4238 V WindowManagerShell: loadAnimation: anim=null animAttr=0x5 type=OPEN isEntrance=false
06-16 01:14:43.174  4198  4238 V WindowManagerShell: loadAnimation: anim=null animAttr=0x4 type=OPEN isEntrance=true
06-16 01:14:43.174  3286  7203 D PowerManagerService: nativeReleaseSuspendBlocker name:PowerManagerService.WakeLocks duration ms: 0
06-16 01:14:43.175  4198  4238 V WindowManagerShell: Transition animation finished (aborted=false), notifying core (#497)android.os.BinderProxy@104baa8@0
06-16 01:14:43.179  3286  3339 V WindowManager: Finish Transition #497: created at 06-16 01:14:43.085 collect-started=0.028ms request-sent=11.005ms started=13.201ms ready=28.332ms sent=82.221ms finished=94.259ms
06-16 01:14:43.182  4198  4238 V WindowManagerShell: Track 0 became idle
06-16 01:14:43.182  4198  4238 V WindowManagerShell: All active transition animations finished
06-16 01:14:43.182  4198  4238 V WindowManagerShell:  animated by com.android.wm.shell.transition.DefaultTransitionHandler@8af38b7
06-16 01:14:43.183  4198  4238 V WindowManagerShell: Track 0 became idle
06-16 01:14:43.183  4198  4238 V WindowManagerShell: All active transition animations finished
06-16 01:14:43.193  3286  7398 D CoreBackPreview: Window{e57060c u0 com.google.android.packageinstaller/com.android.packageinstaller.InstallInstalling}: Setting back callback null
06-16 01:14:43.199  3286  4265 D CoreBackPreview: Window{cfe259d u0 com.google.android.packageinstaller/com.android.packageinstaller.InstallInstalling EXITING}: Setting back callback null
06-16 01:14:43.820  3286  5295 D CompatibilityChangeReporter: Compat change id reported: 261072174; UID 10192; state: ENABLED
06-16 01:14:43.822  3286  5295 D CompatibilityChangeReporter: Compat change id reported: 261072174; UID 1000; state: ENABLED
06-16 01:14:46.357  3286  3759 D ActivityManager: freezing 16002 android.process.media, reason = oom_cached
06-16 01:14:46.660  3286  3767 D PowerManagerService: nativeAcquireSuspendBlocker name:PowerManagerService.WakeLocks duration ms: 2
06-16 01:14:46.670  3286  3286 D PowerManagerService: nativeReleaseSuspendBlocker name:PowerManagerService.WakeLocks duration ms: 0
06-16 01:14:46.681  3286  7152 D PowerManagerService: nativeAcquireSuspendBlocker name:PowerManagerService.WakeLocks duration ms: 2
06-16 01:14:46.686  3286  7152 D PowerManagerService: nativeReleaseSuspendBlocker name:PowerManagerService.WakeLocks duration ms: 0
06-16 01:14:47.581  3286  3759 D ActivityManager: freezing 21216 com.android.settings, reason = oom_cached
06-16 01:14:47.584  3286  3759 D ActivityManager: freezing 21773 com.motorola.coresettingsext, reason = oom_cached
06-16 01:14:48.684  3286  3767 D PowerManagerService: nativeAcquireSuspendBlocker name:PowerManagerService.WakeLocks duration ms: 2
06-16 01:14:48.684  3286  3349 D CompatibilityChangeReporter: Compat change id reported: 135634846; UID 10181; state: DISABLED
06-16 01:14:48.685  3286  3349 D CompatibilityChangeReporter: Compat change id reported: 177438394; UID 10181; state: DISABLED
06-16 01:14:48.685  3286  3349 D CompatibilityChangeReporter: Compat change id reported: 135772972; UID 10181; state: DISABLED
06-16 01:14:48.685  3286  3349 D CompatibilityChangeReporter: Compat change id reported: 135754954; UID 10181; state: ENABLED
06-16 01:14:48.686  3286  3350 D CompatibilityChangeReporter: Compat change id reported: 143937733; UID 10181; state: ENABLED
06-16 01:14:48.703  3286  3350 I ActivityManager: Start proc 21892:udc.lenovo.com.udclient/u0a181 for broadcast {udc.lenovo.com.udclient/udc.lenovo.com.udclient.service.telemetry.schedulers.DataSyncScheduler}
06-16 01:14:48.735  3286  7152 D CompatibilityChangeReporter: Compat change id reported: 168419799; UID 10181; state: DISABLED
06-16 01:14:48.735  3286  7152 D CompatibilityChangeReporter: Compat change id reported: 273564678; UID 10181; state: DISABLED
06-16 01:14:48.740  3286  3721 D CompatibilityChangeReporter: Compat change id reported: 265195908; UID 10181; state: ENABLED
06-16 01:14:48.752  3286  7152 D CompatibilityChangeReporter: Compat change id reported: 170503758; UID 10181; state: ENABLED
06-16 01:14:50.411  3286  7152 I ActivityManager: Flag disabled. Ignoring finishAttachApplication from uid: 10181. pid: 21892
06-16 01:14:50.548  3286  7392 D CompatibilityChangeReporter: Compat change id reported: 171306433; UID 10181; state: ENABLED
06-16 01:14:50.548  3286  7392 D CompatibilityChangeReporter: Compat change id reported: 226439802; UID 10181; state: ENABLED
06-16 01:14:50.549  3286  7392 D CompatibilityChangeReporter: Compat change id reported: 218533173; UID 10181; state: ENABLED
06-16 01:14:50.551  3286  3286 D PowerManagerService: nativeReleaseSuspendBlocker name:PowerManagerService.WakeLocks duration ms: 0
06-16 01:14:53.690  3286  7392 W ProcessStats: Tracking association SourceState{7a405c7 com.google.android.gms.persistent/10192 BTop #101325} whose proc state 2 is better than process ProcessState{94479f4 com.google.android.adservices.api/10357 pkg=com.google.android.adservices.api} proc state 13 (56 skipped)
06-16 01:14:55.543  3286  4265 D RestartModeController: determineRescueAppAfterAppFinishItself@1 null pkgName=com.google.android.packageinstaller
06-16 01:14:55.544  4198  4238 V WindowManagerShell: Transition requested: android.os.BinderProxy@9118043 TransitionRequestInfo { type = 2, triggerTask = null, remoteTransition = null, displayChange = null, flags = 0 }
06-16 01:14:55.550  3286  4265 D PowerManagerService: nativeAcquireSuspendBlocker name:PowerManagerService.WakeLocks duration ms: 2
06-16 01:14:55.554  3286  7203 D CoreBackPreview: Window{96fe491 u0 com.google.android.packageinstaller/com.android.packageinstaller.InstallFailed}: Setting back callback null
06-16 01:14:55.568  3286  3342 V WindowManager: Unknown focus tokens, dropping reportFocusChanged
06-16 01:14:55.588  3286  3339 V WindowManager: Sent Transition #498 createdAt=06-16 01:14:55.543 via request=TransitionRequestInfo { type = 2, triggerTask = null, remoteTransition = null, displayChange = null, flags = 0 }
06-16 01:14:55.588  4198  4238 V WindowManagerShell: onTransitionReady android.os.BinderProxy@9118043: {id=498 t=CLOSE f=0x0 trk=0 r=[0@Point(0, 0)] c=[{null m=CLOSE f=TRANSLUCENT|FILLS_TASK leash=Surface(name=ActivityRecord{6ee77b6 u0 com.google.android.packageinstaller/com.android.packageinstaller.InstallFailed)/@0x85a36c0 sb=Rect(0, 0 - 1080, 2400) eb=Rect(0, 0 - 1080, 2400) d=0}]}
06-16 01:14:55.588  4198  4238 V WindowManagerShell: Playing animation for (#498)android.os.BinderProxy@9118043@0
06-16 01:14:55.588  4198  4238 V WindowManagerShell:  try handler com.android.wm.shell.transition.DefaultMixedHandler@a3fe38c
06-16 01:14:55.588  4198  4238 V WindowManagerShell:  try handler com.android.wm.shell.keyguard.KeyguardTransitionHandler@ed0bad5
06-16 01:14:55.588  4198  4238 V WindowManagerShell:  try handler com.android.wm.shell.activityembedding.ActivityEmbeddingController@d8aa2ea
06-16 01:14:55.588  4198  4238 V WindowManagerShell:  try handler com.android.wm.shell.recents.RecentsTransitionHandler@ca6d9db
06-16 01:14:55.588  4198  4238 V ShellRecents: RecentsTransitionHandler.startAnimation: no controller found
06-16 01:14:55.588  4198  4238 V WindowManagerShell:  try handler com.android.wm.shell.pip.PipTransition@3cdac78
06-16 01:14:55.588  4198  4238 V WindowManagerShell:  try handler com.android.wm.shell.splitscreen.StageCoordinator@5ef2f51
06-16 01:14:55.588  4198  4238 V WindowManagerShell:  try handler com.android.wm.shell.transition.RemoteTransitionHandler@e803b6
06-16 01:14:55.588  4198  4238 V WindowManagerShell: Transition doesn't have explicit remote, search filters for match for {id=498 t=CLOSE f=0x0 trk=0 r=[0@Point(0, 0)] c=[{null m=CLOSE f=TRANSLUCENT|FILLS_TASK leash=Surface(name=ActivityRecord{6ee77b6 u0 com.google.android.packageinstaller/com.android.packageinstaller.InstallFailed)/@0x85a36c0 sb=Rect(0, 0 - 1080, 2400) eb=Rect(0, 0 - 1080, 2400) d=0}]}
06-16 01:14:55.588  4198  4238 V WindowManagerShell:  Checking filter Pair{{types=[] flags=0x0] notFlags=0x100 checks=[{atype=home independent=true modes=[OPEN,TO_FRONT] flags=NONE mustBeTask=false order=TOP topActivity=ComponentInfo{com.motorola.launcher3/com.android.launcher3.uioverrides.QuickstepLauncher}},{atype=standard independent=true modes=[CLOSE,TO_BACK] flags=NONE mustBeTask=false order=ANY topActivity=null}]} RemoteTransition { remoteTransition = android.window.IRemoteTransition$Stub$Proxy@6ec3e4f, appThread = android.app.IApplicationThread$Stub$Proxy@dacc9dc, debugName = QuickstepLaunchHome }}
06-16 01:14:55.588  4198  4238 V WindowManagerShell:  Delegate animation for #498 to null
06-16 01:14:55.588  4198  4238 V WindowManagerShell:  try handler com.android.wm.shell.transition.DefaultTransitionHandler@8af38b7
06-16 01:14:55.588  4198  4238 V WindowManagerShell: start default transition animation, info = {id=498 t=CLOSE f=0x0 trk=0 r=[0@Point(0, 0)] c=[{null m=CLOSE f=TRANSLUCENT|FILLS_TASK leash=Surface(name=ActivityRecord{6ee77b6 u0 com.google.android.packageinstaller/com.android.packageinstaller.InstallFailed)/@0x85a36c0 sb=Rect(0, 0 - 1080, 2400) eb=Rect(0, 0 - 1080, 2400) d=0}]}
06-16 01:14:55.589  4198  4238 V WindowManagerShell: loadAnimation: anim=null animAttr=0x7 type=CLOSE isEntrance=false
06-16 01:14:55.589  3286  3339 V WindowManager:     startWCT=WindowContainerTransaction { changes = {} hops = [] errorCallbackToken=null taskFragmentOrganizer=null }
06-16 01:14:55.590  3286  3339 V WindowManager:     info={id=498 t=CLOSE f=0x0 trk=0 r=[0@Point(0, 0)] c=[{null m=CLOSE f=TRANSLUCENT|FILLS_TASK leash=Surface(name=ActivityRecord{6ee77b6 u0 com.google.android.packageinstaller/com.android.packageinstaller.InstallFailed)/@0xb45230b sb=Rect(0, 0 - 1080, 2400) eb=Rect(0, 0 - 1080, 2400) d=0}]}
06-16 01:14:55.591  3286  7398 D RestartModeController: determineRescueAppAfterAppFinishItself@1 null pkgName=com.google.android.packageinstaller
06-16 01:14:55.592  4198  4238 V WindowManagerShell: Transition animation finished (aborted=false), notifying core (#498)android.os.BinderProxy@9118043@0
06-16 01:14:55.608  3286  3339 V WindowManager: Finish Transition #498: created at 06-16 01:14:55.543 collect-started=0.077ms request-sent=0.172ms started=10.167ms ready=36.538ms sent=42.514ms finished=64.191ms
