06-14 02:51:28.698  4050  4723 E HeadsetStateMachine: returning mCurrentState as Connected
06-14 02:51:28.698  4050  4723 D HeadsetService:  isAudioOn: The number of audio connected devices 0
06-14 02:51:28.698  4050  4723 V Avrcp_ext: isPlayStateTobeUpdated: device: null
06-14 02:51:28.698  4050  4723 V Avrcp_ext: Single connection exists
06-14 02:51:28.698  4050  4723 D Avrcp_ext: Enter sendPlayPosNotificationRsp
06-14 02:51:28.698  4050  4723 D Avrcp_ext: sendPlayPosNotificationRsp: Not registered or requesting.
06-14 02:51:28.698  4050  4723 D Avrcp_ext: Enter sendPlayPosNotificationRsp
06-14 02:51:28.698  4050  4723 D Avrcp_ext: sendPlayPosNotificationRsp: Not registered or requesting.
06-14 02:51:28.698  4050  4723 D Avrcp_ext: Enter sendPlayPosNotificationRsp
06-14 02:51:28.698  4050  4723 D Avrcp_ext: sendPlayPosNotificationRsp: Not registered or requesting.
06-14 02:51:28.698  4050  4723 D Avrcp_ext: Enter sendPlayPosNotificationRsp
06-14 02:51:28.698  4050  4723 D Avrcp_ext: sendPlayPosNotificationRsp: Not registered or requesting.
06-14 02:51:28.698  4050  4723 D Avrcp_ext: Enter sendPlayPosNotificationRsp
06-14 02:51:28.698  4050  4723 D Avrcp_ext: sendPlayPosNotificationRsp: Not registered or requesting.
06-14 02:51:28.698  4050  4723 V Avrcp_ext: Exit updatePlayerStateAndPosition
06-14 02:51:28.699  4050  4723 D APM: ActiveDeviceManagerServiceLegacy: getActiveAbsoluteDevice(): device: 64:8F:DB:D5:6F:1C
06-14 02:51:28.699  4050  4723 D APM: ActiveDeviceManagerServiceLegacy: isStableState(): true
06-14 02:51:28.699  4050  4723 D Avrcp_ext: isAdmStable = true activeAbsAddr = 64:8F:DB:D5:6F:1C device = null
06-14 02:51:28.699  4050  4723 V APM: MediaControlManager: onPlaybackStateChanged
06-14 02:51:28.699  4050  4723 W McpService: updatePlaybackState state PlaybackState {state=PLAYING(3), position=162433, buffered position=209978, speed=1.0, updated=31280786, actions=7339671, custom actions=[], active item id=0, error=null}
06-14 02:51:28.699  4050  4723 W McpService: updatePlaybackState mState: 1 state: 1
06-14 02:51:28.699  4050  4723 W Avrcp_ext: updated player state = PlaybackState {state=PLAYING(3), position=162433, buffered position=209978, speed=1.0, updated=31280786, actions=7339671, custom actions=[], active item id=0, error=null}to MCP module also
06-14 02:51:28.699  4050  4723 V Avrcp_ext:  Exit onPlaybackStateChanged
06-14 02:51:28.720  1715  1959 E minksocket: MinkIPC_QRTR_Service: client with node 1 port 5535 went down
06-14 02:51:28.721  1715  1959 E minksocket: MinkIPC_QRTR_Service: client with node 1 port 5536 went down
06-14 02:51:28.722  1715  1959 E minksocket: MinkIPC_QRTR_Service: client with node 1 port 5537 went down
06-14 02:51:28.725  1715  1959 E minksocket: MinkIPC_QRTR_Service: client with node 1 port 5538 went down
06-14 02:51:29.291  7645  7645 D NowPlayingGuardian: ✅ Now Playing metadata matches on all layers: UI/ExoPlayer/MediaSession = '-F6AjkoGad8'
06-14 02:51:29.564  3886  3886 D StatusBarIconController: ignoring old pipeline callbacks, because the new mobile icons are enabled
06-14 02:51:29.743  7645 11087 I MediaCodec: [0xb40000754fb87f50] dequeue 30 output frames in last 1228 ms, latest timeUs 1000164000000, flags 128
06-14 02:51:29.753  7645 11087 I MediaCodec: [0xb40000754fb87f50] enqueue 30 input frames in last 1229 ms, latest timeUs 1000164160000
06-14 02:51:29.990  1715  1959 E minksocket: MinkIPC_QRTR_Service: client with node 1 port 5539 went down
06-14 02:51:29.991  1715  1959 E minksocket: MinkIPC_QRTR_Service: client with node 1 port 553a went down
06-14 02:51:29.992  1715  1959 E minksocket: MinkIPC_QRTR_Service: client with node 1 port 553b went down
06-14 02:51:29.994  1715  1959 E minksocket: MinkIPC_QRTR_Service: client with node 1 port 553d went down
06-14 02:51:29.996  1715  1959 E minksocket: MinkIPC_QRTR_Service: client with node 1 port 553e went down
06-14 02:51:29.998  1715  1959 E minksocket: MinkIPC_QRTR_Service: client with node 1 port 553f went down
06-14 02:51:30.307  2393 12651 D BufferPoolAccessor2.0: bufferpool2 0xb4000079dbb3fec8 : 5(20480 size) total buffers - 1(4096 size) used buffers - 22743/22748 (recycle/alloc) - 132/22747 (fetch/transfer)
06-14 02:51:30.617  1722  4310 D DlbDap2ProcessWithIht: process() called [2214500] times with input format 0x22 and channel mask 0x3 (ProcessingMode=9), htEnable=0(0, 0, 0)
06-14 02:51:30.692  1715  1959 E minksocket: MinkIPC_QRTR_Service: client with node 1 port 5541 went down
06-14 02:51:30.694  1715  1959 E minksocket: MinkIPC_QRTR_Service: client with node 1 port 5542 went down
06-14 02:51:30.695  1715  1959 E minksocket: MinkIPC_QRTR_Service: client with node 1 port 5543 went down
06-14 02:51:30.697  1715  1959 E minksocket: MinkIPC_QRTR_Service: client with node 1 port 5544 went down
06-14 02:51:30.917  7645 11087 I MediaCodec: [0xb40000754fb87f50] dequeue 30 output frames in last 1174 ms, latest timeUs 1000165200000, flags 128
06-14 02:51:30.923  7645 11087 I MediaCodec: [0xb40000754fb87f50] enqueue 30 input frames in last 1170 ms, latest timeUs 1000165360000
06-14 02:51:30.993  1715  1959 E minksocket: MinkIPC_QRTR_Service: client with node 1 port 553c went down
06-14 02:51:30.993  1715  1959 E minksocket: MinkIPC_QRTR_Service: client with node 1 port 5540 went down
06-14 02:51:31.123  7645  8904 D BufferPoolAccessor2.0: bufferpool2 0xb40000765fa58858 : 5(15667200 size) total buffers - 5(15667200 size) used buffers - 21942/21949 (recycle/alloc) - 15/21919 (fetch/transfer)
06-14 02:51:31.213  1826 11091 I QC2Comp : [avcD_133] Stats: Pending(4) i/p-done(0) Works: Q: 21947/Done 21944|Work-Rate: Q(25.2/s Avg=24.9/s) Done(25.198/s Avg=24.919/s)| Stream: 25.00fps 396.4Kbps
06-14 02:51:31.213  1826 11091 I QC2Comp : [avcD_133] Mem-usage:  [In-1D: 7 bufs 20.918 MB] [1D-249: 15 bufs 0.234 MB] [2D-250: 23 bufs 8.445 MB] | Total: 29.598 MB
06-14 02:51:31.292  7645  7645 D AudioSessionGuardian: ✅ Audio session verified: 1641 is attached to DSP.
06-14 02:51:31.683  4050  4723 V Avrcp_ext: onPlaybackStateChanged: state PlaybackState {state=PLAYING(3), position=165421, buffered position=209978, speed=1.0, updated=31283779, actions=7339671, custom actions=[], active item id=0, error=null}
06-14 02:51:31.683  4050  4723 V APM: MediaControlManager: onPlaybackStateChanged
06-14 02:51:31.683  4050  4723 W McpService: updatePlaybackState state PlaybackState {state=PLAYING(3), position=165421, buffered position=209978, speed=1.0, updated=31283779, actions=7339671, custom actions=[], active item id=0, error=null}
06-14 02:51:31.683  4050  4723 W McpService: updatePlaybackState mState: 1 state: 1
06-14 02:51:31.687  4050  4723 V Avrcp_ext: updateCurrentMediaState: mMediaController: MediaController (com.deepeye.musicpro@ca1b3a2) Lamba Lamba Ghunghat (Official Video) Ajay Hooda | Kavita Joshi | New Haryanvi Songs Haryanavi 2024, Sonotek Music, null
06-14 02:51:31.687  4050  4723 W Avrcp_ext: isMusicActive: true getBluetoothPlayState: 1 A2dp State: 10 mAudioPlaybackIsActive: true
06-14 02:51:31.688  4050  4723 D Avrcp_ext: isMusicActive = true mAudioPlaybackIsActive = true player state = PlaybackState {state=PLAYING(3), position=165428, buffered position=209978, speed=1.0, updated=31283786, actions=7339671, custom actions=[], active item id=0, error=null}
06-14 02:51:31.691  1715  1959 E minksocket: MinkIPC_QRTR_Service: client with node 1 port 5545 went down
06-14 02:51:31.691  4050  4723 D Avrcp_ext: overwrite album_artist :if album is blank
06-14 02:51:31.691  4050  4723 D AvrcpBipRsp:  getImgHandle device :64:8F:DB:D5:6F:1C data :android.media.MediaMetadata@3594ceb7
06-14 02:51:31.691  4050  4723 W AvrcpBipRsp: getImgHandle bipSm null
06-14 02:51:31.692  4050  4723 D Avrcp_ext:  getImgHandle device:64:8F:DB:D5:6F:1C data:android.media.MediaMetadata@3594ceb7 isKeyContains true Handle 
06-14 02:51:31.693  1715  1959 E minksocket: MinkIPC_QRTR_Service: client with node 1 port 5546 went down
06-14 02:51:31.693  1715  1959 E minksocket: MinkIPC_QRTR_Service: client with node 1 port 5547 went down
06-14 02:51:31.694  4050  4723 I Avrcp_ext: device found at index 0
06-14 02:51:31.694  4050  4723 V Avrcp_ext: updateCurrentMediaState: addr: [B@b3e9e18
06-14 02:51:31.694  4050  4723 V Avrcp_ext: Media update: id 0➡0? [MediaAttributes: L⋯4 -  by S⋯c (209978 0/0) - ] : [MediaAttributes: L⋯4 -  by S⋯c (209978 0/0) - ]
06-14 02:51:31.694  4050  4723 D Avrcp_ext: isPackageNameValid: browsedPackage = com.deepeye.musicproisValid = true
06-14 02:51:31.695  4050  4723 V Avrcp_ext: isBrowseSupported for com.deepeye.musicpro: false
06-14 02:51:31.695  4050  4723 W Avrcp_ext: updateCurrentMediaState: isInactivePlayer = false
06-14 02:51:31.695  4050  4723 V Avrcp_ext: updatePlaybackState, state: PlaybackState {state=PLAYING(3), position=165428, buffered position=209978, speed=1.0, updated=31283786, actions=7339671, custom actions=[], active item id=0, error=null} device: null
06-14 02:51:31.695  4050  4723 D BroadcastService: getBroadcastAddress
06-14 02:51:31.695  4050  4723 D BroadcastService: isBroadcastActive: Broadcast is turned to off
06-14 02:51:31.696  4050  4723 V Avrcp_ext: Device: OnePlus Nord Buds 2r : old state: PlaybackState {state=PLAYING(3), position=162433, buffered position=209978, speed=1.0, updated=31280786, actions=7339671, custom actions=[], active item id=0, error=null}
06-14 02:51:31.696  4050  4723 V Avrcp_ext: Device: no name: 
06-14 02:51:31.696  4050  4723 V Avrcp_ext: Device: no name: 
06-14 02:51:31.696  4050  4723 V Avrcp_ext: Device: no name: 
06-14 02:51:31.696  4050  4723 V Avrcp_ext: Device: no name: 
06-14 02:51:31.696  4050  4723 V Avrcp_ext: updatePlayerStateAndPosition, old=PlaybackState {state=PLAYING(3), position=162433, buffered position=209978, speed=1.0, updated=31280786, actions=7339671, custom actions=[], active item id=0, error=null}, state=PlaybackState {state=PLAYING(3), position=165428, buffered position=209978, speed=1.0, updated=31283786, actions=7339671, custom actions=[], active item id=0, error=null}
06-14 02:51:31.696  4050  4723 V Avrcp_ext: old state = PlaybackState {state=PLAYING(3), position=162433, buffered position=209978, speed=1.0, updated=31280786, actions=7339671, custom actions=[], active item id=0, error=null}, new state= PlaybackState {state=PLAYING(3), position=165428, buffered position=209978, speed=1.0, updated=31283786, actions=7339671, custom actions=[], active item id=0, error=null}
06-14 02:51:31.696  4050  4723 D HeadsetService: getHeadsetService(): returning com.android.bluetooth.hfp.HeadsetService@3f5a045
06-14 02:51:31.696  4050  4723 E HeadsetStateMachine: returning mCurrentState as Connected
06-14 02:51:31.696  4050  4723 D HeadsetService:  isAudioOn: The number of audio connected devices 0
06-14 02:51:31.696  1715  1959 E minksocket: MinkIPC_QRTR_Service: client with node 1 port 5549 went down
06-14 02:51:31.696  4050  4723 D HeadsetService: isScoOrCallActive(): Call Active:falseCall is Ringing:falseSCO is Active:false
06-14 02:51:31.696  4050  4723 E HeadsetStateMachine: returning mCurrentState as Connected
06-14 02:51:31.696  4050  4723 D HeadsetService:  isAudioOn: The number of audio connected devices 0
06-14 02:51:31.696  4050  4723 V Avrcp_ext: isPlayStateTobeUpdated: device: 64:8F:DB:D5:6F:1C
06-14 02:51:31.696  4050  4723 V Avrcp_ext: Single connection exists
06-14 02:51:31.696  4050  4723 V Avrcp_ext: isPlayStateToBeUpdated device is active device
06-14 02:51:31.696  4050  4723 I Avrcp_ext: updatePlayStatusForDevice: device: 64:8F:DB:D5:6F:1C
06-14 02:51:31.696  4050  4723 V Avrcp_ext: updatePlaybackState (0): old=PlaybackState {state=PLAYING(3), position=162433, buffered position=209978, speed=1.0, updated=31280786, actions=7339671, custom actions=[], active item id=0, error=null}(1), new=PlaybackState {state=PLAYING(3), position=165428, buffered position=209978, speed=1.0, updated=31283786, actions=7339671, custom actions=[], active item id=0, error=null}(1)
06-14 02:51:31.696  4050  4723 I Avrcp_ext: Exit updatePlayStatusForDevice
06-14 02:51:31.696  4050  4723 E HeadsetStateMachine: returning mCurrentState as Connected
06-14 02:51:31.696  4050  4723 D HeadsetService:  isAudioOn: The number of audio connected devices 0
06-14 02:51:31.696  4050  4723 D HeadsetService: isScoOrCallActive(): Call Active:falseCall is Ringing:falseSCO is Active:false
06-14 02:51:31.696  4050  4723 E HeadsetStateMachine: returning mCurrentState as Connected
06-14 02:51:31.696  4050  4723 D HeadsetService:  isAudioOn: The number of audio connected devices 0
06-14 02:51:31.696  4050  4723 V Avrcp_ext: isPlayStateTobeUpdated: device: null
06-14 02:51:31.696  4050  4723 V Avrcp_ext: Single connection exists
06-14 02:51:31.696  4050  4723 E HeadsetStateMachine: returning mCurrentState as Connected
06-14 02:51:31.696  4050  4723 D HeadsetService:  isAudioOn: The number of audio connected devices 0
06-14 02:51:31.696  4050  4723 D HeadsetService: isScoOrCallActive(): Call Active:falseCall is Ringing:falseSCO is Active:false
06-14 02:51:31.696  4050  4723 E HeadsetStateMachine: returning mCurrentState as Connected
06-14 02:51:31.696  4050  4723 D HeadsetService:  isAudioOn: The number of audio connected devices 0
06-14 02:51:31.696  4050  4723 V Avrcp_ext: isPlayStateTobeUpdated: device: null
06-14 02:51:31.696  4050  4723 V Avrcp_ext: Single connection exists
06-14 02:51:31.696  4050  4723 E HeadsetStateMachine: returning mCurrentState as Connected
06-14 02:51:31.696  4050  4723 D HeadsetService:  isAudioOn: The number of audio connected devices 0
06-14 02:51:31.696  4050  4723 D HeadsetService: isScoOrCallActive(): Call Active:falseCall is Ringing:falseSCO is Active:false
06-14 02:51:31.696  4050  4723 E HeadsetStateMachine: returning mCurrentState as Connected
06-14 02:51:31.696  4050  4723 D HeadsetService:  isAudioOn: The number of audio connected devices 0
06-14 02:51:31.696  4050  4723 V Avrcp_ext: isPlayStateTobeUpdated: device: null
06-14 02:51:31.696  4050  4723 V Avrcp_ext: Single connection exists
06-14 02:51:31.696  4050  4723 E HeadsetStateMachine: returning mCurrentState as Connected
06-14 02:51:31.696  4050  4723 D HeadsetService:  isAudioOn: The number of audio connected devices 0
06-14 02:51:31.696  4050  4723 D HeadsetService: isScoOrCallActive(): Call Active:falseCall is Ringing:falseSCO is Active:false
06-14 02:51:31.696  4050  4723 E HeadsetStateMachine: returning mCurrentState as Connected
06-14 02:51:31.696  4050  4723 D HeadsetService:  isAudioOn: The number of audio connected devices 0
06-14 02:51:31.696  4050  4723 V Avrcp_ext: isPlayStateTobeUpdated: device: null
06-14 02:51:31.696  4050  4723 V Avrcp_ext: Single connection exists
06-14 02:51:31.696  4050  4723 D Avrcp_ext: Enter sendPlayPosNotificationRsp
06-14 02:51:31.696  4050  4723 D Avrcp_ext: sendPlayPosNotificationRsp: Not registered or requesting.
06-14 02:51:31.696  4050  4723 D Avrcp_ext: Enter sendPlayPosNotificationRsp
06-14 02:51:31.696  4050  4723 D Avrcp_ext: sendPlayPosNotificationRsp: Not registered or requesting.
06-14 02:51:31.696  4050  4723 D Avrcp_ext: Enter sendPlayPosNotificationRsp
06-14 02:51:31.696  4050  4723 D Avrcp_ext: sendPlayPosNotificationRsp: Not registered or requesting.
06-14 02:51:31.696  4050  4723 D Avrcp_ext: Enter sendPlayPosNotificationRsp
06-14 02:51:31.696  4050  4723 D Avrcp_ext: sendPlayPosNotificationRsp: Not registered or requesting.
06-14 02:51:31.696  4050  4723 D Avrcp_ext: Enter sendPlayPosNotificationRsp
06-14 02:51:31.696  4050  4723 D Avrcp_ext: sendPlayPosNotificationRsp: Not registered or requesting.
06-14 02:51:31.696  4050  4723 V Avrcp_ext: Exit updatePlayerStateAndPosition
06-14 02:51:31.696  4050  4723 D APM: ActiveDeviceManagerServiceLegacy: getActiveAbsoluteDevice(): device: 64:8F:DB:D5:6F:1C
06-14 02:51:31.696  4050  4723 D APM: ActiveDeviceManagerServiceLegacy: isStableState(): true
06-14 02:51:31.696  4050  4723 D Avrcp_ext: isAdmStable = true activeAbsAddr = 64:8F:DB:D5:6F:1C device = null
06-14 02:51:31.696  4050  4723 V APM: MediaControlManager: onPlaybackStateChanged
06-14 02:51:31.696  4050  4723 W McpService: updatePlaybackState state PlaybackState {state=PLAYING(3), position=165428, buffered position=209978, speed=1.0, updated=31283786, actions=7339671, custom actions=[], active item id=0, error=null}
06-14 02:51:31.696  4050  4723 W McpService: updatePlaybackState mState: 1 state: 1
06-14 02:51:31.696  4050  4723 W Avrcp_ext: updated player state = PlaybackState {state=PLAYING(3), position=165428, buffered position=209978, speed=1.0, updated=31283786, actions=7339671, custom actions=[], active item id=0, error=null}to MCP module also
06-14 02:51:31.696  4050  4723 V Avrcp_ext:  Exit onPlaybackStateChanged
06-14 02:51:31.697  1715  1959 E minksocket: MinkIPC_QRTR_Service: client with node 1 port 554a went down
06-14 02:51:31.699  1715  1959 E minksocket: MinkIPC_QRTR_Service: client with node 1 port 554b went down
06-14 02:51:31.791  1715  1959 E minksocket: MinkIPC_QRTR_Service: client with node 1 port 554d went down
06-14 02:51:31.791  1715  1959 E minksocket: MinkIPC_QRTR_Service: client with node 1 port 554e went down
06-14 02:51:31.792  1715  1959 E minksocket: MinkIPC_QRTR_Service: client with node 1 port 554f went down
06-14 02:51:31.793  1715  1959 E minksocket: MinkIPC_QRTR_Service: client with node 1 port 5550 went down
06-14 02:51:31.973  3451  3868 D LOWI-9.0.1.68: [LOWI-Scan] wait_event:Wait done with Cmd 103
06-14 02:51:31.973  3451  3868 D LOWI-9.0.1.68: [LOWI-Scan] do_listen_events: Rcvd valid Netlink Cmd 0 Err 0
06-14 02:51:31.975  1740  3867 I WifiHAL : event received NL80211_CMD_VENDOR, vendor_id = 0x1374, subcmd = 0xc9
06-14 02:51:31.977  2401  2401 I cnss-daemon: nl80211 response handler invoked
06-14 02:51:31.977  2401  2401 I cnss-daemon: nl80211_response_handler: cmd 103, vendorID 4980, subcmd 201  received
06-14 02:51:32.156  7645 11087 I MediaCodec: [0xb40000754fb87f50] dequeue 30 output frames in last 1238 ms, latest timeUs 1000166400000, flags 128
06-14 02:51:32.162  7645 11087 I MediaCodec: [0xb40000754fb87f50] enqueue 30 input frames in last 1239 ms, latest timeUs 1000166560000
06-14 02:51:32.498  7645 12650 D BufferPoolAccessor2.0: bufferpool2 0xb40000765fa9ec38 : 5(40960 size) total buffers - 1(8192 size) used buffers - 22860/22865 (recycle/alloc) - 10/22847 (fetch/transfer)
06-14 02:51:32.891  1715  1959 E minksocket: MinkIPC_QRTR_Service: client with node 1 port 5551 went down
06-14 02:51:32.894  1715  1959 E minksocket: MinkIPC_QRTR_Service: client with node 1 port 5552 went down
06-14 02:51:32.895  1715  1959 E minksocket: MinkIPC_QRTR_Service: client with node 1 port 5553 went down
06-14 02:51:32.897  1715  1959 E minksocket: MinkIPC_QRTR_Service: client with node 1 port 5554 went down
06-14 02:51:33.260  1722  4310 D DlbDap2ProcessWithIht: process() called [2215000] times with input format 0x22 and channel mask 0x3 (ProcessingMode=9), htEnable=0(0, 0, 0)
06-14 02:51:33.278  7645 11087 I MediaCodec: [0xb40000754fb87f50] dequeue 30 output frames in last 1122 ms, latest timeUs 1000167600000, flags 128
06-14 02:51:33.279  7645 11087 I MediaCodec: [0xb40000754fb87f50] enqueue 30 input frames in last 1117 ms, latest timeUs 1000167760000
06-14 02:51:33.291  7645  7645 D NowPlayingGuardian: ✅ Now Playing metadata matches on all layers: UI/ExoPlayer/MediaSession = '-F6AjkoGad8'
