05-25 11:00:33.997 E/HeadsetStateMachine( 3992): returning mCurrentState as Disconnected
05-25 11:00:33.997 E/HeadsetStateMachine( 3992): returning mCurrentState as Disconnected
05-25 11:00:33.997 E/HeadsetStateMachine( 3992): returning mCurrentState as Disconnected
05-25 11:00:33.997 E/HeadsetStateMachine( 3992): returning mCurrentState as Disconnected
05-25 11:00:33.997 E/HeadsetStateMachine( 3992): returning mCurrentState as Disconnected
05-25 11:00:33.997 E/HeadsetStateMachine( 3992): returning mCurrentState as Disconnected
05-25 11:00:33.997 E/HeadsetStateMachine( 3992): returning mCurrentState as Disconnected
05-25 11:00:33.997 E/HeadsetStateMachine( 3992): returning mCurrentState as Disconnected
05-25 11:00:33.997 E/HeadsetStateMachine( 3992): returning mCurrentState as Disconnected
05-25 11:00:33.998 E/HeadsetStateMachine( 3992): returning mCurrentState as Disconnected
05-25 11:00:33.998 E/HeadsetStateMachine( 3992): returning mCurrentState as Disconnected
05-25 11:00:33.998 E/HeadsetStateMachine( 3992): returning mCurrentState as Disconnected
05-25 11:00:33.998 E/HeadsetStateMachine( 3992): returning mCurrentState as Disconnected
05-25 11:00:33.998 E/HeadsetStateMachine( 3992): returning mCurrentState as Disconnected
05-25 11:00:33.998 E/HeadsetStateMachine( 3992): returning mCurrentState as Disconnected
05-25 11:00:33.998 E/HeadsetStateMachine( 3992): returning mCurrentState as Disconnected
05-25 11:00:33.998 E/HeadsetStateMachine( 3992): returning mCurrentState as Disconnected
05-25 11:00:33.998 E/HeadsetStateMachine( 3992): returning mCurrentState as Disconnected
05-25 11:00:33.998 E/HeadsetStateMachine( 3992): returning mCurrentState as Disconnected
05-25 11:00:34.031 E/QC2V4l2Driver( 1859): [vp9D_1522] failed to set format on port:OUT
05-25 11:00:34.031 E/QC2V4l2Codec( 1859): [vp9D_1522] Failed to set resolution and buffer size for OUT port
05-25 11:00:34.031 E/QC2Comp ( 1859): [vp9D_1522] handleQueue: Codec failed to configure !!
05-25 11:00:34.043 E/HeadsetStateMachine( 3992): returning mCurrentState as Disconnected
05-25 11:00:34.043 E/HeadsetStateMachine( 3992): returning mCurrentState as Disconnected
05-25 11:00:34.043 E/HeadsetStateMachine( 3992): returning mCurrentState as Disconnected
05-25 11:00:34.043 E/HeadsetStateMachine( 3992): returning mCurrentState as Disconnected
05-25 11:00:34.043 E/HeadsetStateMachine( 3992): returning mCurrentState as Disconnected
05-25 11:00:34.043 E/HeadsetStateMachine( 3992): returning mCurrentState as Disconnected
05-25 11:00:34.044 E/HeadsetStateMachine( 3992): returning mCurrentState as Disconnected
05-25 11:00:34.044 E/HeadsetStateMachine( 3992): returning mCurrentState as Disconnected
05-25 11:00:34.044 E/HeadsetStateMachine( 3992): returning mCurrentState as Disconnected
05-25 11:00:34.044 E/HeadsetStateMachine( 3992): returning mCurrentState as Disconnected
05-25 11:00:34.044 E/HeadsetStateMachine( 3992): returning mCurrentState as Disconnected
05-25 11:00:34.044 E/HeadsetStateMachine( 3992): returning mCurrentState as Disconnected
05-25 11:00:34.044 E/HeadsetStateMachine( 3992): returning mCurrentState as Disconnected
05-25 11:00:34.044 E/HeadsetStateMachine( 3992): returning mCurrentState as Disconnected
05-25 11:00:34.044 E/HeadsetStateMachine( 3992): returning mCurrentState as Disconnected
05-25 11:00:34.044 E/HeadsetStateMachine( 3992): returning mCurrentState as Disconnected
05-25 11:00:34.044 E/HeadsetStateMachine( 3992): returning mCurrentState as Disconnected
05-25 11:00:34.044 E/HeadsetStateMachine( 3992): returning mCurrentState as Disconnected
05-25 11:00:34.044 E/HeadsetStateMachine( 3992): returning mCurrentState as Disconnected
05-25 11:00:34.044 E/HeadsetStateMachine( 3992): returning mCurrentState as Disconnected
05-25 11:00:34.070 E/chromium(18464): [ERROR:media/gpu/android/frame_info_helper.cc:231] Guessed coded size incorrectly. Expected 856x480, got 854x480
05-25 11:00:34.076 E/HeadsetStateMachine( 3992): returning mCurrentState as Disconnected
05-25 11:00:34.076 E/HeadsetStateMachine( 3992): returning mCurrentState as Disconnected
05-25 11:00:34.076 E/HeadsetStateMachine( 3992): returning mCurrentState as Disconnected
05-25 11:00:34.077 E/HeadsetStateMachine( 3992): returning mCurrentState as Disconnected
05-25 11:00:34.077 E/HeadsetStateMachine( 3992): returning mCurrentState as Disconnected
05-25 11:00:34.077 E/HeadsetStateMachine( 3992): returning mCurrentState as Disconnected
05-25 11:00:34.077 E/HeadsetStateMachine( 3992): returning mCurrentState as Disconnected
05-25 11:00:34.077 E/HeadsetStateMachine( 3992): returning mCurrentState as Disconnected
05-25 11:00:34.077 E/HeadsetStateMachine( 3992): returning mCurrentState as Disconnected
05-25 11:00:34.077 E/HeadsetStateMachine( 3992): returning mCurrentState as Disconnected
05-25 11:00:34.077 E/HeadsetStateMachine( 3992): returning mCurrentState as Disconnected
05-25 11:00:34.077 E/HeadsetStateMachine( 3992): returning mCurrentState as Disconnected
05-25 11:00:34.077 E/HeadsetStateMachine( 3992): returning mCurrentState as Disconnected
05-25 11:00:34.077 E/HeadsetStateMachine( 3992): returning mCurrentState as Disconnected
05-25 11:00:34.077 E/HeadsetStateMachine( 3992): returning mCurrentState as Disconnected
05-25 11:00:34.077 E/HeadsetStateMachine( 3992): returning mCurrentState as Disconnected
05-25 11:00:34.078 E/HeadsetStateMachine( 3992): returning mCurrentState as Disconnected
05-25 11:00:34.078 E/HeadsetStateMachine( 3992): returning mCurrentState as Disconnected
05-25 11:00:34.078 E/HeadsetStateMachine( 3992): returning mCurrentState as Disconnected
05-25 11:00:34.078 E/HeadsetStateMachine( 3992): returning mCurrentState as Disconnected
05-25 11:00:34.246 E/HeadsetStateMachine( 3992): returning mCurrentState as Disconnected
05-25 11:00:34.246 E/HeadsetStateMachine( 3992): returning mCurrentState as Disconnected
05-25 11:00:34.246 E/HeadsetStateMachine( 3992): returning mCurrentState as Disconnected
05-25 11:00:34.246 E/HeadsetStateMachine( 3992): returning mCurrentState as Disconnected
05-25 11:00:34.246 E/HeadsetStateMachine( 3992): returning mCurrentState as Disconnected
05-25 11:00:34.246 E/HeadsetStateMachine( 3992): returning mCurrentState as Disconnected
05-25 11:00:34.246 E/HeadsetStateMachine( 3992): returning mCurrentState as Disconnected
05-25 11:00:34.246 E/HeadsetStateMachine( 3992): returning mCurrentState as Disconnected
05-25 11:00:34.246 E/HeadsetStateMachine( 3992): returning mCurrentState as Disconnected
05-25 11:00:34.246 E/HeadsetStateMachine( 3992): returning mCurrentState as Disconnected
05-25 11:00:34.246 E/HeadsetStateMachine( 3992): returning mCurrentState as Disconnected
05-25 11:00:34.246 E/HeadsetStateMachine( 3992): returning mCurrentState as Disconnected
05-25 11:00:34.246 E/HeadsetStateMachine( 3992): returning mCurrentState as Disconnected
05-25 11:00:34.246 E/HeadsetStateMachine( 3992): returning mCurrentState as Disconnected
05-25 11:00:34.247 E/HeadsetStateMachine( 3992): returning mCurrentState as Disconnected
05-25 11:00:34.247 E/HeadsetStateMachine( 3992): returning mCurrentState as Disconnected
05-25 11:00:34.247 E/HeadsetStateMachine( 3992): returning mCurrentState as Disconnected
05-25 11:00:34.247 E/HeadsetStateMachine( 3992): returning mCurrentState as Disconnected
05-25 11:00:34.247 E/HeadsetStateMachine( 3992): returning mCurrentState as Disconnected
05-25 11:00:34.247 E/HeadsetStateMachine( 3992): returning mCurrentState as Disconnected
05-25 11:00:34.265 E/HeadsetStateMachine( 3992): returning mCurrentState as Disconnected
05-25 11:00:34.265 E/HeadsetStateMachine( 3992): returning mCurrentState as Disconnected
05-25 11:00:34.265 E/HeadsetStateMachine( 3992): returning mCurrentState as Disconnected
05-25 11:00:34.265 E/HeadsetStateMachine( 3992): returning mCurrentState as Disconnected
05-25 11:00:34.266 E/HeadsetStateMachine( 3992): returning mCurrentState as Disconnected
05-25 11:00:34.266 E/HeadsetStateMachine( 3992): returning mCurrentState as Disconnected
05-25 11:00:34.266 E/HeadsetStateMachine( 3992): returning mCurrentState as Disconnected
05-25 11:00:34.266 E/HeadsetStateMachine( 3992): returning mCurrentState as Disconnected
05-25 11:00:34.266 E/HeadsetStateMachine( 3992): returning mCurrentState as Disconnected
05-25 11:00:34.266 E/HeadsetStateMachine( 3992): returning mCurrentState as Disconnected
05-25 11:00:34.267 E/HeadsetStateMachine( 3992): returning mCurrentState as Disconnected
05-25 11:00:34.267 E/HeadsetStateMachine( 3992): returning mCurrentState as Disconnected
05-25 11:00:34.267 E/HeadsetStateMachine( 3992): returning mCurrentState as Disconnected
05-25 11:00:34.267 E/HeadsetStateMachine( 3992): returning mCurrentState as Disconnected
05-25 11:00:34.267 E/HeadsetStateMachine( 3992): returning mCurrentState as Disconnected
05-25 11:00:34.267 E/HeadsetStateMachine( 3992): returning mCurrentState as Disconnected
05-25 11:00:34.267 E/HeadsetStateMachine( 3992): returning mCurrentState as Disconnected
05-25 11:00:34.267 E/HeadsetStateMachine( 3992): returning mCurrentState as Disconnected
05-25 11:00:34.267 E/HeadsetStateMachine( 3992): returning mCurrentState as Disconnected
05-25 11:00:34.267 E/HeadsetStateMachine( 3992): returning mCurrentState as Disconnected
05-25 11:00:34.280 E/HeadsetStateMachine( 3992): returning mCurrentState as Disconnected
05-25 11:00:34.280 E/HeadsetStateMachine( 3992): returning mCurrentState as Disconnected
05-25 11:00:34.280 E/HeadsetStateMachine( 3992): returning mCurrentState as Disconnected
05-25 11:00:34.280 E/HeadsetStateMachine( 3992): returning mCurrentState as Disconnected
05-25 11:00:34.281 E/HeadsetStateMachine( 3992): returning mCurrentState as Disconnected
05-25 11:00:34.281 E/HeadsetStateMachine( 3992): returning mCurrentState as Disconnected
05-25 11:00:34.281 E/HeadsetStateMachine( 3992): returning mCurrentState as Disconnected
05-25 11:00:34.281 E/HeadsetStateMachine( 3992): returning mCurrentState as Disconnected
05-25 11:00:34.281 E/HeadsetStateMachine( 3992): returning mCurrentState as Disconnected
05-25 11:00:34.281 E/HeadsetStateMachine( 3992): returning mCurrentState as Disconnected
05-25 11:00:34.281 E/HeadsetStateMachine( 3992): returning mCurrentState as Disconnected
05-25 11:00:34.281 E/HeadsetStateMachine( 3992): returning mCurrentState as Disconnected
05-25 11:00:34.281 E/HeadsetStateMachine( 3992): returning mCurrentState as Disconnected
05-25 11:00:34.281 E/HeadsetStateMachine( 3992): returning mCurrentState as Disconnected
05-25 11:00:34.281 E/HeadsetStateMachine( 3992): returning mCurrentState as Disconnected
05-25 11:00:34.281 E/HeadsetStateMachine( 3992): returning mCurrentState as Disconnected
05-25 11:00:34.281 E/HeadsetStateMachine( 3992): returning mCurrentState as Disconnected
05-25 11:00:34.281 E/HeadsetStateMachine( 3992): returning mCurrentState as Disconnected
05-25 11:00:34.281 E/HeadsetStateMachine( 3992): returning mCurrentState as Disconnected
05-25 11:00:34.281 E/HeadsetStateMachine( 3992): returning mCurrentState as Disconnected
05-25 11:00:34.311 E/HeadsetStateMachine( 3992): returning mCurrentState as Disconnected
05-25 11:00:34.311 E/HeadsetStateMachine( 3992): returning mCurrentState as Disconnected
05-25 11:00:34.311 E/HeadsetStateMachine( 3992): returning mCurrentState as Disconnected
05-25 11:00:34.311 E/HeadsetStateMachine( 3992): returning mCurrentState as Disconnected
05-25 11:00:34.311 E/HeadsetStateMachine( 3992): returning mCurrentState as Disconnected
05-25 11:00:34.311 E/HeadsetStateMachine( 3992): returning mCurrentState as Disconnected
05-25 11:00:34.311 E/HeadsetStateMachine( 3992): returning mCurrentState as Disconnected
05-25 11:00:34.311 E/HeadsetStateMachine( 3992): returning mCurrentState as Disconnected
05-25 11:00:34.311 E/HeadsetStateMachine( 3992): returning mCurrentState as Disconnected
05-25 11:00:34.311 E/HeadsetStateMachine( 3992): returning mCurrentState as Disconnected
05-25 11:00:34.312 E/HeadsetStateMachine( 3992): returning mCurrentState as Disconnected
05-25 11:00:34.312 E/HeadsetStateMachine( 3992): returning mCurrentState as Disconnected
05-25 11:00:34.312 E/HeadsetStateMachine( 3992): returning mCurrentState as Disconnected
05-25 11:00:34.312 E/HeadsetStateMachine( 3992): returning mCurrentState as Disconnected
05-25 11:00:34.312 E/HeadsetStateMachine( 3992): returning mCurrentState as Disconnected
05-25 11:00:34.312 E/HeadsetStateMachine( 3992): returning mCurrentState as Disconnected
05-25 11:00:34.312 E/HeadsetStateMachine( 3992): returning mCurrentState as Disconnected
05-25 11:00:34.312 E/HeadsetStateMachine( 3992): returning mCurrentState as Disconnected
05-25 11:00:34.312 E/HeadsetStateMachine( 3992): returning mCurrentState as Disconnected
05-25 11:00:34.312 E/HeadsetStateMachine( 3992): returning mCurrentState as Disconnected
05-25 11:00:34.325 E/HeadsetStateMachine( 3992): returning mCurrentState as Disconnected
05-25 11:00:34.325 E/HeadsetStateMachine( 3992): returning mCurrentState as Disconnected
05-25 11:00:34.325 E/HeadsetStateMachine( 3992): returning mCurrentState as Disconnected
05-25 11:00:34.325 E/HeadsetStateMachine( 3992): returning mCurrentState as Disconnected
05-25 11:00:34.326 E/HeadsetStateMachine( 3992): returning mCurrentState as Disconnected
05-25 11:00:34.326 E/HeadsetStateMachine( 3992): returning mCurrentState as Disconnected
05-25 11:00:34.326 E/HeadsetStateMachine( 3992): returning mCurrentState as Disconnected
05-25 11:00:34.326 E/HeadsetStateMachine( 3992): returning mCurrentState as Disconnected
05-25 11:00:34.326 E/HeadsetStateMachine( 3992): returning mCurrentState as Disconnected
05-25 11:00:34.326 E/HeadsetStateMachine( 3992): returning mCurrentState as Disconnected
05-25 11:00:34.326 E/HeadsetStateMachine( 3992): returning mCurrentState as Disconnected
05-25 11:00:34.326 E/HeadsetStateMachine( 3992): returning mCurrentState as Disconnected
05-25 11:00:34.326 E/HeadsetStateMachine( 3992): returning mCurrentState as Disconnected
05-25 11:00:34.326 E/HeadsetStateMachine( 3992): returning mCurrentState as Disconnected
05-25 11:00:34.326 E/HeadsetStateMachine( 3992): returning mCurrentState as Disconnected
05-25 11:00:34.326 E/HeadsetStateMachine( 3992): returning mCurrentState as Disconnected
05-25 11:00:34.327 E/HeadsetStateMachine( 3992): returning mCurrentState as Disconnected
05-25 11:00:34.327 E/HeadsetStateMachine( 3992): returning mCurrentState as Disconnected
05-25 11:00:34.327 E/HeadsetStateMachine( 3992): returning mCurrentState as Disconnected
05-25 11:00:34.327 E/HeadsetStateMachine( 3992): returning mCurrentState as Disconnected
05-25 11:00:34.376 E/HybridPlayerCard(18464): LaunchedEffect: controlsVisible=true, isPlaying=false, interactionCount=0
05-25 11:00:34.405 E/HeadsetStateMachine( 3992): returning mCurrentState as Disconnected
05-25 11:00:34.405 E/HeadsetStateMachine( 3992): returning mCurrentState as Disconnected
05-25 11:00:34.405 E/HeadsetStateMachine( 3992): returning mCurrentState as Disconnected
05-25 11:00:34.405 E/HeadsetStateMachine( 3992): returning mCurrentState as Disconnected
05-25 11:00:34.405 E/HeadsetStateMachine( 3992): returning mCurrentState as Disconnected
05-25 11:00:34.405 E/HeadsetStateMachine( 3992): returning mCurrentState as Disconnected
05-25 11:00:34.405 E/HeadsetStateMachine( 3992): returning mCurrentState as Disconnected
05-25 11:00:34.405 E/HeadsetStateMachine( 3992): returning mCurrentState as Disconnected
05-25 11:00:34.405 E/HeadsetStateMachine( 3992): returning mCurrentState as Disconnected
05-25 11:00:34.405 E/HeadsetStateMachine( 3992): returning mCurrentState as Disconnected
05-25 11:00:34.406 E/HeadsetStateMachine( 3992): returning mCurrentState as Disconnected
05-25 11:00:34.406 E/HeadsetStateMachine( 3992): returning mCurrentState as Disconnected
05-25 11:00:34.406 E/HeadsetStateMachine( 3992): returning mCurrentState as Disconnected
05-25 11:00:34.406 E/HeadsetStateMachine( 3992): returning mCurrentState as Disconnected
05-25 11:00:34.406 E/HeadsetStateMachine( 3992): returning mCurrentState as Disconnected
05-25 11:00:34.406 E/HeadsetStateMachine( 3992): returning mCurrentState as Disconnected
05-25 11:00:34.407 E/HeadsetStateMachine( 3992): returning mCurrentState as Disconnected
05-25 11:00:34.407 E/HeadsetStateMachine( 3992): returning mCurrentState as Disconnected
05-25 11:00:34.407 E/HeadsetStateMachine( 3992): returning mCurrentState as Disconnected
05-25 11:00:34.407 E/HeadsetStateMachine( 3992): returning mCurrentState as Disconnected
05-25 11:00:34.423 E/HeadsetStateMachine( 3992): returning mCurrentState as Disconnected
05-25 11:00:34.423 E/HeadsetStateMachine( 3992): returning mCurrentState as Disconnected
05-25 11:00:34.423 E/HeadsetStateMachine( 3992): returning mCurrentState as Disconnected
05-25 11:00:34.423 E/HeadsetStateMachine( 3992): returning mCurrentState as Disconnected
05-25 11:00:34.423 E/HeadsetStateMachine( 3992): returning mCurrentState as Disconnected
05-25 11:00:34.423 E/HeadsetStateMachine( 3992): returning mCurrentState as Disconnected
05-25 11:00:34.423 E/HeadsetStateMachine( 3992): returning mCurrentState as Disconnected
05-25 11:00:34.423 E/HeadsetStateMachine( 3992): returning mCurrentState as Disconnected
05-25 11:00:34.424 E/HeadsetStateMachine( 3992): returning mCurrentState as Disconnected
05-25 11:00:34.424 E/HeadsetStateMachine( 3992): returning mCurrentState as Disconnected
05-25 11:00:34.424 E/HeadsetStateMachine( 3992): returning mCurrentState as Disconnected
05-25 11:00:34.424 E/HeadsetStateMachine( 3992): returning mCurrentState as Disconnected
05-25 11:00:34.424 E/HeadsetStateMachine( 3992): returning mCurrentState as Disconnected
05-25 11:00:34.424 E/HeadsetStateMachine( 3992): returning mCurrentState as Disconnected
05-25 11:00:34.424 E/HeadsetStateMachine( 3992): returning mCurrentState as Disconnected
05-25 11:00:34.424 E/HeadsetStateMachine( 3992): returning mCurrentState as Disconnected
05-25 11:00:34.424 E/HeadsetStateMachine( 3992): returning mCurrentState as Disconnected
05-25 11:00:34.424 E/HeadsetStateMachine( 3992): returning mCurrentState as Disconnected
05-25 11:00:34.424 E/HeadsetStateMachine( 3992): returning mCurrentState as Disconnected
05-25 11:00:34.424 E/HeadsetStateMachine( 3992): returning mCurrentState as Disconnected
05-25 11:00:34.438 E/HeadsetStateMachine( 3992): returning mCurrentState as Disconnected
05-25 11:00:34.438 E/HeadsetStateMachine( 3992): returning mCurrentState as Disconnected
05-25 11:00:34.438 E/HeadsetStateMachine( 3992): returning mCurrentState as Disconnected
05-25 11:00:34.438 E/HeadsetStateMachine( 3992): returning mCurrentState as Disconnected
05-25 11:00:34.438 E/HeadsetStateMachine( 3992): returning mCurrentState as Disconnected
05-25 11:00:34.438 E/HeadsetStateMachine( 3992): returning mCurrentState as Disconnected
05-25 11:00:34.438 E/HeadsetStateMachine( 3992): returning mCurrentState as Disconnected
05-25 11:00:34.438 E/HeadsetStateMachine( 3992): returning mCurrentState as Disconnected
05-25 11:00:34.438 E/HeadsetStateMachine( 3992): returning mCurrentState as Disconnected
05-25 11:00:34.438 E/HeadsetStateMachine( 3992): returning mCurrentState as Disconnected
05-25 11:00:34.438 E/HeadsetStateMachine( 3992): returning mCurrentState as Disconnected
05-25 11:00:34.438 E/HeadsetStateMachine( 3992): returning mCurrentState as Disconnected
05-25 11:00:34.438 E/HeadsetStateMachine( 3992): returning mCurrentState as Disconnected
05-25 11:00:34.438 E/HeadsetStateMachine( 3992): returning mCurrentState as Disconnected
05-25 11:00:34.438 E/HeadsetStateMachine( 3992): returning mCurrentState as Disconnected
05-25 11:00:34.438 E/HeadsetStateMachine( 3992): returning mCurrentState as Disconnected
05-25 11:00:34.438 E/HeadsetStateMachine( 3992): returning mCurrentState as Disconnected
05-25 11:00:34.438 E/HeadsetStateMachine( 3992): returning mCurrentState as Disconnected
05-25 11:00:34.438 E/HeadsetStateMachine( 3992): returning mCurrentState as Disconnected
05-25 11:00:34.438 E/HeadsetStateMachine( 3992): returning mCurrentState as Disconnected
05-25 11:00:36.559 E/GoogleApiManager(18486): Failed to get service from broker. 
05-25 11:00:36.559 E/GoogleApiManager(18486): java.lang.SecurityException: Unknown calling package name 'com.google.android.gms'.
05-25 11:00:36.559 E/GoogleApiManager(18486): 	at android.os.Parcel.createExceptionOrNull(Parcel.java:3079)
05-25 11:00:36.559 E/GoogleApiManager(18486): 	at android.os.Parcel.createException(Parcel.java:3063)
05-25 11:00:36.559 E/GoogleApiManager(18486): 	at android.os.Parcel.readException(Parcel.java:3046)
05-25 11:00:36.559 E/GoogleApiManager(18486): 	at android.os.Parcel.readException(Parcel.java:2988)
05-25 11:00:36.559 E/GoogleApiManager(18486): 	at bioy.a(:com.google.android.gms@261833029@26.18.33 (190400-913931251):36)
05-25 11:00:36.559 E/GoogleApiManager(18486): 	at bimu.z(:com.google.android.gms@261833029@26.18.33 (190400-913931251):143)
05-25 11:00:36.559 E/GoogleApiManager(18486): 	at bhso.run(:com.google.android.gms@261833029@26.18.33 (190400-913931251):42)
05-25 11:00:36.559 E/GoogleApiManager(18486): 	at android.os.Handler.handleCallback(Handler.java:1000)
05-25 11:00:36.559 E/GoogleApiManager(18486): 	at android.os.Handler.dispatchMessage(Handler.java:104)
05-25 11:00:36.559 E/GoogleApiManager(18486): 	at cyek.mP(:com.google.android.gms@261833029@26.18.33 (190400-913931251):1)
05-25 11:00:36.559 E/GoogleApiManager(18486): 	at cyek.dispatchMessage(:com.google.android.gms@261833029@26.18.33 (190400-913931251):5)
05-25 11:00:36.559 E/GoogleApiManager(18486): 	at android.os.Looper.loopOnce(Looper.java:242)
05-25 11:00:36.559 E/GoogleApiManager(18486): 	at android.os.Looper.loop(Looper.java:362)
05-25 11:00:36.559 E/GoogleApiManager(18486): 	at android.os.HandlerThread.run(HandlerThread.java:85)
05-25 11:00:37.394 E/HeadsetStateMachine( 3992): returning mCurrentState as Disconnected
05-25 11:00:37.394 E/HeadsetStateMachine( 3992): returning mCurrentState as Disconnected
05-25 11:00:37.394 E/HeadsetStateMachine( 3992): returning mCurrentState as Disconnected
05-25 11:00:37.394 E/HeadsetStateMachine( 3992): returning mCurrentState as Disconnected
05-25 11:00:37.394 E/HeadsetStateMachine( 3992): returning mCurrentState as Disconnected
05-25 11:00:37.394 E/HeadsetStateMachine( 3992): returning mCurrentState as Disconnected
05-25 11:00:37.394 E/HeadsetStateMachine( 3992): returning mCurrentState as Disconnected
05-25 11:00:37.394 E/HeadsetStateMachine( 3992): returning mCurrentState as Disconnected
05-25 11:00:37.394 E/HeadsetStateMachine( 3992): returning mCurrentState as Disconnected
05-25 11:00:37.394 E/HeadsetStateMachine( 3992): returning mCurrentState as Disconnected
05-25 11:00:37.394 E/HeadsetStateMachine( 3992): returning mCurrentState as Disconnected
05-25 11:00:37.394 E/HeadsetStateMachine( 3992): returning mCurrentState as Disconnected
05-25 11:00:37.394 E/HeadsetStateMachine( 3992): returning mCurrentState as Disconnected
05-25 11:00:37.394 E/HeadsetStateMachine( 3992): returning mCurrentState as Disconnected
05-25 11:00:37.394 E/HeadsetStateMachine( 3992): returning mCurrentState as Disconnected
05-25 11:00:37.394 E/HeadsetStateMachine( 3992): returning mCurrentState as Disconnected
05-25 11:00:37.394 E/HeadsetStateMachine( 3992): returning mCurrentState as Disconnected
05-25 11:00:37.394 E/HeadsetStateMachine( 3992): returning mCurrentState as Disconnected
05-25 11:00:37.394 E/HeadsetStateMachine( 3992): returning mCurrentState as Disconnected
05-25 11:00:37.394 E/HeadsetStateMachine( 3992): returning mCurrentState as Disconnected
05-25 11:00:37.394 E/BluetoothAvrcpServiceJni( 3992): updatePlayStatusToStack
05-25 11:00:37.394 E/bt_btif ( 3992): update_play_status_to_stack:invalid index,remote suspend not set
05-25 11:00:37.394 E/BluetoothAvrcpServiceJni( 3992): updatePlayStatusToStack: status: 1
05-25 11:00:37.404 E/HeadsetStateMachine( 3992): returning mCurrentState as Disconnected
05-25 11:00:37.404 E/HeadsetStateMachine( 3992): returning mCurrentState as Disconnected
05-25 11:00:37.404 E/HeadsetStateMachine( 3992): returning mCurrentState as Disconnected
05-25 11:00:37.404 E/HeadsetStateMachine( 3992): returning mCurrentState as Disconnected
05-25 11:00:37.404 E/HeadsetStateMachine( 3992): returning mCurrentState as Disconnected
05-25 11:00:37.404 E/HeadsetStateMachine( 3992): returning mCurrentState as Disconnected
05-25 11:00:37.404 E/HeadsetStateMachine( 3992): returning mCurrentState as Disconnected
05-25 11:00:37.404 E/HeadsetStateMachine( 3992): returning mCurrentState as Disconnected
05-25 11:00:37.404 E/HeadsetStateMachine( 3992): returning mCurrentState as Disconnected
05-25 11:00:37.404 E/HeadsetStateMachine( 3992): returning mCurrentState as Disconnected
05-25 11:00:37.404 E/HeadsetStateMachine( 3992): returning mCurrentState as Disconnected
05-25 11:00:37.404 E/HeadsetStateMachine( 3992): returning mCurrentState as Disconnected
05-25 11:00:37.404 E/HeadsetStateMachine( 3992): returning mCurrentState as Disconnected
05-25 11:00:37.404 E/HeadsetStateMachine( 3992): returning mCurrentState as Disconnected
05-25 11:00:37.404 E/HeadsetStateMachine( 3992): returning mCurrentState as Disconnected
05-25 11:00:37.404 E/HeadsetStateMachine( 3992): returning mCurrentState as Disconnected
05-25 11:00:37.404 E/HeadsetStateMachine( 3992): returning mCurrentState as Disconnected
05-25 11:00:37.404 E/HeadsetStateMachine( 3992): returning mCurrentState as Disconnected
05-25 11:00:37.404 E/HeadsetStateMachine( 3992): returning mCurrentState as Disconnected
05-25 11:00:37.404 E/HeadsetStateMachine( 3992): returning mCurrentState as Disconnected
05-25 11:00:37.442 E/HybridPlayerCard(18464): LaunchedEffect: controlsVisible=true, isPlaying=true, interactionCount=0
05-25 11:00:37.451 E/HeadsetStateMachine( 3992): returning mCurrentState as Disconnected
05-25 11:00:37.451 E/HeadsetStateMachine( 3992): returning mCurrentState as Disconnected
05-25 11:00:37.451 E/HeadsetStateMachine( 3992): returning mCurrentState as Disconnected
05-25 11:00:37.451 E/HeadsetStateMachine( 3992): returning mCurrentState as Disconnected
05-25 11:00:37.451 E/HeadsetStateMachine( 3992): returning mCurrentState as Disconnected
05-25 11:00:37.451 E/HeadsetStateMachine( 3992): returning mCurrentState as Disconnected
05-25 11:00:37.451 E/HeadsetStateMachine( 3992): returning mCurrentState as Disconnected
05-25 11:00:37.451 E/HeadsetStateMachine( 3992): returning mCurrentState as Disconnected
05-25 11:00:37.451 E/HeadsetStateMachine( 3992): returning mCurrentState as Disconnected
05-25 11:00:37.451 E/HeadsetStateMachine( 3992): returning mCurrentState as Disconnected
05-25 11:00:37.451 E/HeadsetStateMachine( 3992): returning mCurrentState as Disconnected
05-25 11:00:37.451 E/HeadsetStateMachine( 3992): returning mCurrentState as Disconnected
05-25 11:00:37.452 E/HeadsetStateMachine( 3992): returning mCurrentState as Disconnected
05-25 11:00:37.452 E/HeadsetStateMachine( 3992): returning mCurrentState as Disconnected
05-25 11:00:37.452 E/HeadsetStateMachine( 3992): returning mCurrentState as Disconnected
05-25 11:00:37.452 E/HeadsetStateMachine( 3992): returning mCurrentState as Disconnected
05-25 11:00:37.452 E/HeadsetStateMachine( 3992): returning mCurrentState as Disconnected
05-25 11:00:37.452 E/HeadsetStateMachine( 3992): returning mCurrentState as Disconnected
05-25 11:00:37.452 E/HeadsetStateMachine( 3992): returning mCurrentState as Disconnected
05-25 11:00:37.452 E/HeadsetStateMachine( 3992): returning mCurrentState as Disconnected
05-25 11:00:37.466 E/HeadsetStateMachine( 3992): returning mCurrentState as Disconnected
05-25 11:00:37.466 E/HeadsetStateMachine( 3992): returning mCurrentState as Disconnected
05-25 11:00:37.466 E/HeadsetStateMachine( 3992): returning mCurrentState as Disconnected
05-25 11:00:37.466 E/HeadsetStateMachine( 3992): returning mCurrentState as Disconnected
05-25 11:00:37.466 E/HeadsetStateMachine( 3992): returning mCurrentState as Disconnected
05-25 11:00:37.466 E/HeadsetStateMachine( 3992): returning mCurrentState as Disconnected
05-25 11:00:37.466 E/HeadsetStateMachine( 3992): returning mCurrentState as Disconnected
05-25 11:00:37.466 E/HeadsetStateMachine( 3992): returning mCurrentState as Disconnected
05-25 11:00:37.466 E/HeadsetStateMachine( 3992): returning mCurrentState as Disconnected
05-25 11:00:37.466 E/HeadsetStateMachine( 3992): returning mCurrentState as Disconnected
05-25 11:00:37.466 E/HeadsetStateMachine( 3992): returning mCurrentState as Disconnected
05-25 11:00:37.466 E/HeadsetStateMachine( 3992): returning mCurrentState as Disconnected
05-25 11:00:37.466 E/HeadsetStateMachine( 3992): returning mCurrentState as Disconnected
05-25 11:00:37.466 E/HeadsetStateMachine( 3992): returning mCurrentState as Disconnected
05-25 11:00:37.466 E/HeadsetStateMachine( 3992): returning mCurrentState as Disconnected
05-25 11:00:37.466 E/HeadsetStateMachine( 3992): returning mCurrentState as Disconnected
05-25 11:00:37.467 E/HeadsetStateMachine( 3992): returning mCurrentState as Disconnected
05-25 11:00:37.467 E/HeadsetStateMachine( 3992): returning mCurrentState as Disconnected
05-25 11:00:37.467 E/HeadsetStateMachine( 3992): returning mCurrentState as Disconnected
05-25 11:00:37.467 E/HeadsetStateMachine( 3992): returning mCurrentState as Disconnected
05-25 11:00:37.475 E/HeadsetStateMachine( 3992): returning mCurrentState as Disconnected
05-25 11:00:37.475 E/HeadsetStateMachine( 3992): returning mCurrentState as Disconnected
05-25 11:00:37.476 E/HeadsetStateMachine( 3992): returning mCurrentState as Disconnected
05-25 11:00:37.476 E/HeadsetStateMachine( 3992): returning mCurrentState as Disconnected
05-25 11:00:37.476 E/HeadsetStateMachine( 3992): returning mCurrentState as Disconnected
05-25 11:00:37.476 E/HeadsetStateMachine( 3992): returning mCurrentState as Disconnected
05-25 11:00:37.476 E/HeadsetStateMachine( 3992): returning mCurrentState as Disconnected
05-25 11:00:37.476 E/HeadsetStateMachine( 3992): returning mCurrentState as Disconnected
05-25 11:00:37.476 E/HeadsetStateMachine( 3992): returning mCurrentState as Disconnected
05-25 11:00:37.476 E/HeadsetStateMachine( 3992): returning mCurrentState as Disconnected
05-25 11:00:37.476 E/HeadsetStateMachine( 3992): returning mCurrentState as Disconnected
05-25 11:00:37.476 E/HeadsetStateMachine( 3992): returning mCurrentState as Disconnected
05-25 11:00:37.476 E/HeadsetStateMachine( 3992): returning mCurrentState as Disconnected
05-25 11:00:37.476 E/HeadsetStateMachine( 3992): returning mCurrentState as Disconnected
05-25 11:00:37.476 E/HeadsetStateMachine( 3992): returning mCurrentState as Disconnected
05-25 11:00:37.476 E/HeadsetStateMachine( 3992): returning mCurrentState as Disconnected
05-25 11:00:37.476 E/HeadsetStateMachine( 3992): returning mCurrentState as Disconnected
05-25 11:00:37.476 E/HeadsetStateMachine( 3992): returning mCurrentState as Disconnected
05-25 11:00:37.476 E/HeadsetStateMachine( 3992): returning mCurrentState as Disconnected
05-25 11:00:37.476 E/HeadsetStateMachine( 3992): returning mCurrentState as Disconnected
05-25 11:00:37.506 E/HeadsetStateMachine( 3992): returning mCurrentState as Disconnected
05-25 11:00:37.506 E/HeadsetStateMachine( 3992): returning mCurrentState as Disconnected
05-25 11:00:37.506 E/HeadsetStateMachine( 3992): returning mCurrentState as Disconnected
05-25 11:00:37.506 E/HeadsetStateMachine( 3992): returning mCurrentState as Disconnected
05-25 11:00:37.506 E/HeadsetStateMachine( 3992): returning mCurrentState as Disconnected
05-25 11:00:37.506 E/HeadsetStateMachine( 3992): returning mCurrentState as Disconnected
05-25 11:00:37.506 E/HeadsetStateMachine( 3992): returning mCurrentState as Disconnected
05-25 11:00:37.506 E/HeadsetStateMachine( 3992): returning mCurrentState as Disconnected
05-25 11:00:37.506 E/HeadsetStateMachine( 3992): returning mCurrentState as Disconnected
05-25 11:00:37.506 E/HeadsetStateMachine( 3992): returning mCurrentState as Disconnected
05-25 11:00:37.506 E/HeadsetStateMachine( 3992): returning mCurrentState as Disconnected
05-25 11:00:37.506 E/HeadsetStateMachine( 3992): returning mCurrentState as Disconnected
05-25 11:00:37.506 E/HeadsetStateMachine( 3992): returning mCurrentState as Disconnected
05-25 11:00:37.506 E/HeadsetStateMachine( 3992): returning mCurrentState as Disconnected
05-25 11:00:37.506 E/HeadsetStateMachine( 3992): returning mCurrentState as Disconnected
05-25 11:00:37.506 E/HeadsetStateMachine( 3992): returning mCurrentState as Disconnected
05-25 11:00:37.506 E/HeadsetStateMachine( 3992): returning mCurrentState as Disconnected
05-25 11:00:37.506 E/HeadsetStateMachine( 3992): returning mCurrentState as Disconnected
05-25 11:00:37.506 E/HeadsetStateMachine( 3992): returning mCurrentState as Disconnected
05-25 11:00:37.506 E/HeadsetStateMachine( 3992): returning mCurrentState as Disconnected
05-25 11:00:37.518 E/HeadsetStateMachine( 3992): returning mCurrentState as Disconnected
05-25 11:00:37.518 E/HeadsetStateMachine( 3992): returning mCurrentState as Disconnected
05-25 11:00:37.518 E/HeadsetStateMachine( 3992): returning mCurrentState as Disconnected
05-25 11:00:37.518 E/HeadsetStateMachine( 3992): returning mCurrentState as Disconnected
05-25 11:00:37.518 E/HeadsetStateMachine( 3992): returning mCurrentState as Disconnected
05-25 11:00:37.518 E/HeadsetStateMachine( 3992): returning mCurrentState as Disconnected
05-25 11:00:37.518 E/HeadsetStateMachine( 3992): returning mCurrentState as Disconnected
05-25 11:00:37.518 E/HeadsetStateMachine( 3992): returning mCurrentState as Disconnected
05-25 11:00:37.518 E/HeadsetStateMachine( 3992): returning mCurrentState as Disconnected
05-25 11:00:37.518 E/HeadsetStateMachine( 3992): returning mCurrentState as Disconnected
05-25 11:00:37.518 E/HeadsetStateMachine( 3992): returning mCurrentState as Disconnected
05-25 11:00:37.518 E/HeadsetStateMachine( 3992): returning mCurrentState as Disconnected
05-25 11:00:37.518 E/HeadsetStateMachine( 3992): returning mCurrentState as Disconnected
05-25 11:00:37.518 E/HeadsetStateMachine( 3992): returning mCurrentState as Disconnected
05-25 11:00:37.518 E/HeadsetStateMachine( 3992): returning mCurrentState as Disconnected
05-25 11:00:37.518 E/HeadsetStateMachine( 3992): returning mCurrentState as Disconnected
05-25 11:00:37.518 E/HeadsetStateMachine( 3992): returning mCurrentState as Disconnected
05-25 11:00:37.518 E/HeadsetStateMachine( 3992): returning mCurrentState as Disconnected
05-25 11:00:37.518 E/HeadsetStateMachine( 3992): returning mCurrentState as Disconnected
05-25 11:00:37.518 E/HeadsetStateMachine( 3992): returning mCurrentState as Disconnected
05-25 11:00:37.539 E/HeadsetStateMachine( 3992): returning mCurrentState as Disconnected
05-25 11:00:37.539 E/HeadsetStateMachine( 3992): returning mCurrentState as Disconnected
05-25 11:00:37.539 E/HeadsetStateMachine( 3992): returning mCurrentState as Disconnected
05-25 11:00:37.539 E/HeadsetStateMachine( 3992): returning mCurrentState as Disconnected
05-25 11:00:37.539 E/HeadsetStateMachine( 3992): returning mCurrentState as Disconnected
05-25 11:00:37.539 E/HeadsetStateMachine( 3992): returning mCurrentState as Disconnected
05-25 11:00:37.539 E/HeadsetStateMachine( 3992): returning mCurrentState as Disconnected
05-25 11:00:37.539 E/HeadsetStateMachine( 3992): returning mCurrentState as Disconnected
05-25 11:00:37.539 E/HeadsetStateMachine( 3992): returning mCurrentState as Disconnected
05-25 11:00:37.539 E/HeadsetStateMachine( 3992): returning mCurrentState as Disconnected
05-25 11:00:37.539 E/HeadsetStateMachine( 3992): returning mCurrentState as Disconnected
05-25 11:00:37.539 E/HeadsetStateMachine( 3992): returning mCurrentState as Disconnected
05-25 11:00:37.539 E/HeadsetStateMachine( 3992): returning mCurrentState as Disconnected
05-25 11:00:37.539 E/HeadsetStateMachine( 3992): returning mCurrentState as Disconnected
05-25 11:00:37.539 E/HeadsetStateMachine( 3992): returning mCurrentState as Disconnected
05-25 11:00:37.539 E/HeadsetStateMachine( 3992): returning mCurrentState as Disconnected
05-25 11:00:37.539 E/HeadsetStateMachine( 3992): returning mCurrentState as Disconnected
05-25 11:00:37.539 E/HeadsetStateMachine( 3992): returning mCurrentState as Disconnected
05-25 11:00:37.539 E/HeadsetStateMachine( 3992): returning mCurrentState as Disconnected
05-25 11:00:37.539 E/HeadsetStateMachine( 3992): returning mCurrentState as Disconnected
05-25 11:00:37.546 E/HybridPlayerCard(18464): LaunchedEffect: controlsVisible=true, isPlaying=false, interactionCount=0
05-25 11:00:37.560 E/HeadsetStateMachine( 3992): returning mCurrentState as Disconnected
05-25 11:00:37.560 E/HeadsetStateMachine( 3992): returning mCurrentState as Disconnected
05-25 11:00:37.560 E/HeadsetStateMachine( 3992): returning mCurrentState as Disconnected
05-25 11:00:37.560 E/HeadsetStateMachine( 3992): returning mCurrentState as Disconnected
05-25 11:00:37.560 E/HeadsetStateMachine( 3992): returning mCurrentState as Disconnected
05-25 11:00:37.560 E/HeadsetStateMachine( 3992): returning mCurrentState as Disconnected
05-25 11:00:37.560 E/HeadsetStateMachine( 3992): returning mCurrentState as Disconnected
05-25 11:00:37.560 E/HeadsetStateMachine( 3992): returning mCurrentState as Disconnected
05-25 11:00:37.561 E/HeadsetStateMachine( 3992): returning mCurrentState as Disconnected
05-25 11:00:37.561 E/HeadsetStateMachine( 3992): returning mCurrentState as Disconnected
05-25 11:00:37.561 E/HeadsetStateMachine( 3992): returning mCurrentState as Disconnected
05-25 11:00:37.561 E/HeadsetStateMachine( 3992): returning mCurrentState as Disconnected
05-25 11:00:37.561 E/HeadsetStateMachine( 3992): returning mCurrentState as Disconnected
05-25 11:00:37.561 E/HeadsetStateMachine( 3992): returning mCurrentState as Disconnected
05-25 11:00:37.561 E/HeadsetStateMachine( 3992): returning mCurrentState as Disconnected
05-25 11:00:37.561 E/HeadsetStateMachine( 3992): returning mCurrentState as Disconnected
05-25 11:00:37.561 E/HeadsetStateMachine( 3992): returning mCurrentState as Disconnected
05-25 11:00:37.561 E/HeadsetStateMachine( 3992): returning mCurrentState as Disconnected
05-25 11:00:37.561 E/HeadsetStateMachine( 3992): returning mCurrentState as Disconnected
05-25 11:00:37.561 E/HeadsetStateMachine( 3992): returning mCurrentState as Disconnected
05-25 11:00:37.570 E/HeadsetStateMachine( 3992): returning mCurrentState as Disconnected
05-25 11:00:37.570 E/HeadsetStateMachine( 3992): returning mCurrentState as Disconnected
05-25 11:00:37.570 E/HeadsetStateMachine( 3992): returning mCurrentState as Disconnected
05-25 11:00:37.570 E/HeadsetStateMachine( 3992): returning mCurrentState as Disconnected
05-25 11:00:37.570 E/HeadsetStateMachine( 3992): returning mCurrentState as Disconnected
05-25 11:00:37.570 E/HeadsetStateMachine( 3992): returning mCurrentState as Disconnected
05-25 11:00:37.570 E/HeadsetStateMachine( 3992): returning mCurrentState as Disconnected
05-25 11:00:37.570 E/HeadsetStateMachine( 3992): returning mCurrentState as Disconnected
05-25 11:00:37.570 E/HeadsetStateMachine( 3992): returning mCurrentState as Disconnected
05-25 11:00:37.570 E/HeadsetStateMachine( 3992): returning mCurrentState as Disconnected
05-25 11:00:37.570 E/HeadsetStateMachine( 3992): returning mCurrentState as Disconnected
05-25 11:00:37.570 E/HeadsetStateMachine( 3992): returning mCurrentState as Disconnected
05-25 11:00:37.570 E/HeadsetStateMachine( 3992): returning mCurrentState as Disconnected
05-25 11:00:37.570 E/HeadsetStateMachine( 3992): returning mCurrentState as Disconnected
05-25 11:00:37.571 E/HeadsetStateMachine( 3992): returning mCurrentState as Disconnected
05-25 11:00:37.571 E/HeadsetStateMachine( 3992): returning mCurrentState as Disconnected
05-25 11:00:37.571 E/HeadsetStateMachine( 3992): returning mCurrentState as Disconnected
05-25 11:00:37.571 E/HeadsetStateMachine( 3992): returning mCurrentState as Disconnected
05-25 11:00:37.571 E/HeadsetStateMachine( 3992): returning mCurrentState as Disconnected
05-25 11:00:37.571 E/HeadsetStateMachine( 3992): returning mCurrentState as Disconnected
05-25 11:00:37.582 E/HeadsetStateMachine( 3992): returning mCurrentState as Disconnected
05-25 11:00:37.582 E/HeadsetStateMachine( 3992): returning mCurrentState as Disconnected
05-25 11:00:37.582 E/HeadsetStateMachine( 3992): returning mCurrentState as Disconnected
05-25 11:00:37.582 E/HeadsetStateMachine( 3992): returning mCurrentState as Disconnected
05-25 11:00:37.582 E/HeadsetStateMachine( 3992): returning mCurrentState as Disconnected
05-25 11:00:37.582 E/HeadsetStateMachine( 3992): returning mCurrentState as Disconnected
05-25 11:00:37.582 E/HeadsetStateMachine( 3992): returning mCurrentState as Disconnected
05-25 11:00:37.582 E/HeadsetStateMachine( 3992): returning mCurrentState as Disconnected
05-25 11:00:37.583 E/HeadsetStateMachine( 3992): returning mCurrentState as Disconnected
05-25 11:00:37.583 E/HeadsetStateMachine( 3992): returning mCurrentState as Disconnected
05-25 11:00:37.583 E/HeadsetStateMachine( 3992): returning mCurrentState as Disconnected
05-25 11:00:37.583 E/HeadsetStateMachine( 3992): returning mCurrentState as Disconnected
05-25 11:00:37.583 E/HeadsetStateMachine( 3992): returning mCurrentState as Disconnected
05-25 11:00:37.583 E/HeadsetStateMachine( 3992): returning mCurrentState as Disconnected
05-25 11:00:37.583 E/HeadsetStateMachine( 3992): returning mCurrentState as Disconnected
05-25 11:00:37.583 E/HeadsetStateMachine( 3992): returning mCurrentState as Disconnected
05-25 11:00:37.583 E/HeadsetStateMachine( 3992): returning mCurrentState as Disconnected
05-25 11:00:37.583 E/HeadsetStateMachine( 3992): returning mCurrentState as Disconnected
05-25 11:00:37.583 E/HeadsetStateMachine( 3992): returning mCurrentState as Disconnected
05-25 11:00:37.583 E/HeadsetStateMachine( 3992): returning mCurrentState as Disconnected
05-25 11:00:37.594 E/HeadsetStateMachine( 3992): returning mCurrentState as Disconnected
05-25 11:00:37.594 E/HeadsetStateMachine( 3992): returning mCurrentState as Disconnected
05-25 11:00:37.594 E/HeadsetStateMachine( 3992): returning mCurrentState as Disconnected
05-25 11:00:37.594 E/HeadsetStateMachine( 3992): returning mCurrentState as Disconnected
05-25 11:00:37.594 E/HeadsetStateMachine( 3992): returning mCurrentState as Disconnected
05-25 11:00:37.594 E/HeadsetStateMachine( 3992): returning mCurrentState as Disconnected
05-25 11:00:37.594 E/HeadsetStateMachine( 3992): returning mCurrentState as Disconnected
05-25 11:00:37.594 E/HeadsetStateMachine( 3992): returning mCurrentState as Disconnected
05-25 11:00:37.594 E/HeadsetStateMachine( 3992): returning mCurrentState as Disconnected
05-25 11:00:37.594 E/HeadsetStateMachine( 3992): returning mCurrentState as Disconnected
05-25 11:00:37.594 E/HeadsetStateMachine( 3992): returning mCurrentState as Disconnected
05-25 11:00:37.594 E/HeadsetStateMachine( 3992): returning mCurrentState as Disconnected
05-25 11:00:37.594 E/HeadsetStateMachine( 3992): returning mCurrentState as Disconnected
05-25 11:00:37.594 E/HeadsetStateMachine( 3992): returning mCurrentState as Disconnected
05-25 11:00:37.594 E/HeadsetStateMachine( 3992): returning mCurrentState as Disconnected
05-25 11:00:37.594 E/HeadsetStateMachine( 3992): returning mCurrentState as Disconnected
05-25 11:00:37.595 E/HeadsetStateMachine( 3992): returning mCurrentState as Disconnected
05-25 11:00:37.595 E/HeadsetStateMachine( 3992): returning mCurrentState as Disconnected
05-25 11:00:37.595 E/HeadsetStateMachine( 3992): returning mCurrentState as Disconnected
05-25 11:00:37.595 E/HeadsetStateMachine( 3992): returning mCurrentState as Disconnected
05-25 11:00:37.605 E/HeadsetStateMachine( 3992): returning mCurrentState as Disconnected
05-25 11:00:37.605 E/HeadsetStateMachine( 3992): returning mCurrentState as Disconnected
05-25 11:00:37.605 E/HeadsetStateMachine( 3992): returning mCurrentState as Disconnected
05-25 11:00:37.605 E/HeadsetStateMachine( 3992): returning mCurrentState as Disconnected
05-25 11:00:37.605 E/HeadsetStateMachine( 3992): returning mCurrentState as Disconnected
05-25 11:00:37.605 E/HeadsetStateMachine( 3992): returning mCurrentState as Disconnected
05-25 11:00:37.605 E/HeadsetStateMachine( 3992): returning mCurrentState as Disconnected
05-25 11:00:37.605 E/HeadsetStateMachine( 3992): returning mCurrentState as Disconnected
05-25 11:00:37.605 E/HeadsetStateMachine( 3992): returning mCurrentState as Disconnected
05-25 11:00:37.605 E/HeadsetStateMachine( 3992): returning mCurrentState as Disconnected
05-25 11:00:37.605 E/HeadsetStateMachine( 3992): returning mCurrentState as Disconnected
05-25 11:00:37.605 E/HeadsetStateMachine( 3992): returning mCurrentState as Disconnected
05-25 11:00:37.605 E/HeadsetStateMachine( 3992): returning mCurrentState as Disconnected
05-25 11:00:37.605 E/HeadsetStateMachine( 3992): returning mCurrentState as Disconnected
05-25 11:00:37.605 E/HeadsetStateMachine( 3992): returning mCurrentState as Disconnected
05-25 11:00:37.605 E/HeadsetStateMachine( 3992): returning mCurrentState as Disconnected
05-25 11:00:37.605 E/HeadsetStateMachine( 3992): returning mCurrentState as Disconnected
05-25 11:00:37.605 E/HeadsetStateMachine( 3992): returning mCurrentState as Disconnected
05-25 11:00:37.605 E/HeadsetStateMachine( 3992): returning mCurrentState as Disconnected
05-25 11:00:37.606 E/HeadsetStateMachine( 3992): returning mCurrentState as Disconnected
05-25 11:00:39.408 E/HeadsetStateMachine( 3992): returning mCurrentState as Disconnected
05-25 11:00:39.408 E/HeadsetStateMachine( 3992): returning mCurrentState as Disconnected
05-25 11:00:39.408 E/HeadsetStateMachine( 3992): returning mCurrentState as Disconnected
05-25 11:00:39.408 E/HeadsetStateMachine( 3992): returning mCurrentState as Disconnected
05-25 11:00:39.408 E/HeadsetStateMachine( 3992): returning mCurrentState as Disconnected
05-25 11:00:39.408 E/HeadsetStateMachine( 3992): returning mCurrentState as Disconnected
05-25 11:00:39.408 E/HeadsetStateMachine( 3992): returning mCurrentState as Disconnected
05-25 11:00:39.408 E/HeadsetStateMachine( 3992): returning mCurrentState as Disconnected
05-25 11:00:39.408 E/HeadsetStateMachine( 3992): returning mCurrentState as Disconnected
05-25 11:00:39.408 E/HeadsetStateMachine( 3992): returning mCurrentState as Disconnected
05-25 11:00:39.409 E/HeadsetStateMachine( 3992): returning mCurrentState as Disconnected
05-25 11:00:39.410 E/HeadsetStateMachine( 3992): returning mCurrentState as Disconnected
05-25 11:00:39.410 E/HeadsetStateMachine( 3992): returning mCurrentState as Disconnected
05-25 11:00:39.410 E/HeadsetStateMachine( 3992): returning mCurrentState as Disconnected
05-25 11:00:39.410 E/HeadsetStateMachine( 3992): returning mCurrentState as Disconnected
05-25 11:00:39.410 E/HeadsetStateMachine( 3992): returning mCurrentState as Disconnected
05-25 11:00:39.410 E/HeadsetStateMachine( 3992): returning mCurrentState as Disconnected
05-25 11:00:39.410 E/HeadsetStateMachine( 3992): returning mCurrentState as Disconnected
05-25 11:00:39.410 E/HeadsetStateMachine( 3992): returning mCurrentState as Disconnected
05-25 11:00:39.410 E/HeadsetStateMachine( 3992): returning mCurrentState as Disconnected
05-25 11:00:39.410 E/BluetoothAvrcpServiceJni( 3992): updatePlayStatusToStack
05-25 11:00:39.410 E/bt_btif ( 3992): update_play_status_to_stack:invalid index,remote suspend not set
05-25 11:00:39.410 E/BluetoothAvrcpServiceJni( 3992): updatePlayStatusToStack: status: 1
05-25 11:00:39.420 E/HeadsetStateMachine( 3992): returning mCurrentState as Disconnected
05-25 11:00:39.420 E/HeadsetStateMachine( 3992): returning mCurrentState as Disconnected
05-25 11:00:39.420 E/HeadsetStateMachine( 3992): returning mCurrentState as Disconnected
05-25 11:00:39.420 E/HeadsetStateMachine( 3992): returning mCurrentState as Disconnected
05-25 11:00:39.420 E/HeadsetStateMachine( 3992): returning mCurrentState as Disconnected
05-25 11:00:39.420 E/HeadsetStateMachine( 3992): returning mCurrentState as Disconnected
05-25 11:00:39.420 E/HeadsetStateMachine( 3992): returning mCurrentState as Disconnected
05-25 11:00:39.420 E/HeadsetStateMachine( 3992): returning mCurrentState as Disconnected
05-25 11:00:39.420 E/HeadsetStateMachine( 3992): returning mCurrentState as Disconnected
05-25 11:00:39.420 E/HeadsetStateMachine( 3992): returning mCurrentState as Disconnected
05-25 11:00:39.420 E/HeadsetStateMachine( 3992): returning mCurrentState as Disconnected
05-25 11:00:39.420 E/HeadsetStateMachine( 3992): returning mCurrentState as Disconnected
05-25 11:00:39.420 E/HeadsetStateMachine( 3992): returning mCurrentState as Disconnected
05-25 11:00:39.420 E/HeadsetStateMachine( 3992): returning mCurrentState as Disconnected
05-25 11:00:39.420 E/HeadsetStateMachine( 3992): returning mCurrentState as Disconnected
05-25 11:00:39.420 E/HeadsetStateMachine( 3992): returning mCurrentState as Disconnected
05-25 11:00:39.420 E/HeadsetStateMachine( 3992): returning mCurrentState as Disconnected
05-25 11:00:39.420 E/HeadsetStateMachine( 3992): returning mCurrentState as Disconnected
05-25 11:00:39.420 E/HeadsetStateMachine( 3992): returning mCurrentState as Disconnected
05-25 11:00:39.420 E/HeadsetStateMachine( 3992): returning mCurrentState as Disconnected
05-25 11:00:39.445 E/HeadsetStateMachine( 3992): returning mCurrentState as Disconnected
05-25 11:00:39.445 E/HeadsetStateMachine( 3992): returning mCurrentState as Disconnected
05-25 11:00:39.445 E/HybridPlayerCard(18464): LaunchedEffect: controlsVisible=true, isPlaying=true, interactionCount=0
05-25 11:00:39.445 E/HeadsetStateMachine( 3992): returning mCurrentState as Disconnected
05-25 11:00:39.445 E/HeadsetStateMachine( 3992): returning mCurrentState as Disconnected
05-25 11:00:39.445 E/HeadsetStateMachine( 3992): returning mCurrentState as Disconnected
05-25 11:00:39.445 E/HeadsetStateMachine( 3992): returning mCurrentState as Disconnected
