05-26 00:00:51.195 27259 27259 W Thread-2731: type=1400 audit(0.0:446112): avc:  denied  { read } for  name="cache" dev="dm-8" ino=16 scontext=u:r:untrusted_app:s0:c208,c257,c512,c768 tcontext=u:object_r:cache_file:s0 tclass=lnk_file permissive=0 app=com.phonepe.app
05-26 00:00:51.209  1758  4641 I vendor.qti.bluetooth@1.0-ibs_handler: ProcessIbsCmd: Received IBS_WAKE_IND: 0xFD
05-26 00:00:51.209  1758  4641 D vendor.qti.bluetooth@1.0-ibs_handler: SerialClockVote: vote for UART CLK ON
05-26 00:00:51.209  1758  4641 D vendor.qti.bluetooth@1.0-wake_lock: Acquire wakelock is acquired 
05-26 00:00:51.209  1758  4641 I vendor.qti.bluetooth@1.0-ibs_handler: ProcessIbsCmd: Writing IBS_WAKE_ACK
05-26 00:00:51.210  3992  4648 I bt_stack: [INFO:btm_ble_gap.cc(3287)] btm_ble_process_adv_pkt_cont Data Complete 10:60:60:63:f5:e3
05-26 00:00:51.210  3992  4648 D bt_btm_ble: bool parse_adv_audio_uuids_from_adv_pkt(const uint8_t *, size_t, uint8_t): tmap_cap_pts: false
05-26 00:00:51.250  1758  4641 I vendor.qti.bluetooth@1.0-ibs_handler: ProcessIbsCmd: Received IBS_SLEEP_IND: 0xFE
05-26 00:00:51.250  1758  4641 D vendor.qti.bluetooth@1.0-ibs_handler: SerialClockVote: vote for UART CLK OFF
05-26 00:00:51.321  1758  4641 I vendor.qti.bluetooth@1.0-ibs_handler: ProcessIbsCmd: Received IBS_WAKE_IND: 0xFD
05-26 00:00:51.321  1758  4641 D vendor.qti.bluetooth@1.0-ibs_handler: SerialClockVote: vote for UART CLK ON
05-26 00:00:51.321  1758  4641 I vendor.qti.bluetooth@1.0-ibs_handler: ProcessIbsCmd: Writing IBS_WAKE_ACK
05-26 00:00:51.322  3992  4648 I bt_stack: [INFO:btm_ble_gap.cc(3287)] btm_ble_process_adv_pkt_cont Data Complete f7:60:f0:b3:41:c6
05-26 00:00:51.322  3992  4648 I bt_stack: [INFO:btm_ble_gap.cc(3287)] btm_ble_process_adv_pkt_cont Data Complete f7:60:f0:b3:41:c6
05-26 00:00:51.322  3992  4648 D bt_btm_ble: bool parse_adv_audio_uuids_from_adv_pkt(const uint8_t *, size_t, uint8_t): tmap_cap_pts: false
05-26 00:00:51.325  4774  4991 I NearbyDiscovery: (REDACTED) BloomFilterAdvManager: Detected bloom filter but too far away, ignoring. %sm, %s
05-26 00:00:51.362  1758  4641 I vendor.qti.bluetooth@1.0-ibs_handler: ProcessIbsCmd: Received IBS_SLEEP_IND: 0xFE
05-26 00:00:51.363  1758  4641 D vendor.qti.bluetooth@1.0-ibs_handler: SerialClockVote: vote for UART CLK OFF
05-26 00:00:51.513  1758  4324 D vendor.qti.bluetooth@1.0-wake_lock: Release wakelock is released 
05-26 00:00:51.635 16952 16959 W ssioncontroller: ApkAssets: Deleting an ApkAssets object '<empty> and /data/app/~~q3RZDPkbJxrWHJSsK3zERw==/com.google.android.googlequicksearchbox-i50DFE4glS6PkTcRRmh-hA==/base.apk' with 1 weak references
05-26 00:00:51.636 16952 16959 W ssioncontroller: ApkAssets: Deleting an ApkAssets object '<empty> and /data/app/~~q3RZDPkbJxrWHJSsK3zERw==/com.google.android.googlequicksearchbox-i50DFE4glS6PkTcRRmh-hA==/split_config.xxhdpi.apk' with 1 weak references
05-26 00:00:51.636 16952 16959 W ssioncontroller: ApkAssets: Deleting an ApkAssets object '<empty> and /data/app/~~q3RZDPkbJxrWHJSsK3zERw==/com.google.android.googlequicksearchbox-i50DFE4glS6PkTcRRmh-hA==/split_lens_ondevice_engine_play_ml_module.apk' with 1 weak references
05-26 00:00:51.663 28261 28441 I ThermalEngine: ACTION: freeze_rule - Setting freeze_rule to 0
05-26 00:00:51.663 28261 28441 I ThermalEngine: Monitor:INACTIVE:FREEZE-CHG:freeze_rule=1:DETECT-STANDBY=0
05-26 00:00:51.663 28261 28441 I ThermalEngine: ACTION: override_c - Setting override_c to 0
05-26 00:00:51.663 28261 28441 I ThermalEngine: Monitor:INACTIVE:OVERRIDE-CHG:internal_override=1:DETECT-STANDBY=0
05-26 00:00:51.664 28261 31759 I Thermal-Lib: Thermal-Lib-Client: Client request sent
05-26 00:00:51.664 28261 28440 I ThermalEngine: Thermal-Server: Thermal received msg from  override_c
05-26 00:00:51.664 28261 28440 I ThermalEngine: Thermal-Server: Thermal received msg from  freezing
05-26 00:00:51.664 28261 31760 I Thermal-Lib: Thermal-Lib-Client: Client request sent
05-26 00:00:51.666 28261 28441 I ThermalEngine: Monitor:ACTIVE:MON-MSM-charge:battery=6:CHG-SENSORS=42995
05-26 00:00:51.878  1758  4641 I vendor.qti.bluetooth@1.0-ibs_handler: ProcessIbsCmd: Received IBS_WAKE_IND: 0xFD
05-26 00:00:51.878  1758  4641 D vendor.qti.bluetooth@1.0-ibs_handler: SerialClockVote: vote for UART CLK ON
05-26 00:00:51.878  1758  4641 D vendor.qti.bluetooth@1.0-wake_lock: Acquire wakelock is acquired 
05-26 00:00:51.878  1758  4641 I vendor.qti.bluetooth@1.0-ibs_handler: ProcessIbsCmd: Writing IBS_WAKE_ACK
05-26 00:00:51.879  3992  4648 I bt_stack: [INFO:btm_ble_gap.cc(3287)] btm_ble_process_adv_pkt_cont Data Complete f7:60:f0:b3:41:c6
05-26 00:00:51.879  3992  4648 I bt_stack: [INFO:btm_ble_gap.cc(3287)] btm_ble_process_adv_pkt_cont Data Complete f7:60:f0:b3:41:c6
05-26 00:00:51.880  3992  4648 D bt_btm_ble: bool parse_adv_audio_uuids_from_adv_pkt(const uint8_t *, size_t, uint8_t): tmap_cap_pts: false
05-26 00:00:51.882  4774  4991 I NearbyDiscovery: (REDACTED) BloomFilterAdvManager: Detected bloom filter but too far away, ignoring. %sm, %s
05-26 00:00:51.919  1758  4641 I vendor.qti.bluetooth@1.0-ibs_handler: ProcessIbsCmd: Received IBS_SLEEP_IND: 0xFE
05-26 00:00:51.919  1758  4641 D vendor.qti.bluetooth@1.0-ibs_handler: SerialClockVote: vote for UART CLK OFF
05-26 00:00:52.069  1758  4324 D vendor.qti.bluetooth@1.0-wake_lock: Release wakelock is released 
05-26 00:00:52.513  3077  3729 D WifiStaIfaceHidlImpl: getCachedScanData is not implemented by HIDL
05-26 00:00:52.516  3077  3077 D EnhancedConnectivityController: Wifi onCapabilitiesChanged
05-26 00:00:52.516  3077  3077 D EnhancedConnectivityController: Default net onCapabilitiesChanged
05-26 00:00:52.516  3077  3077 D EnhancedConnectivityController: updateDefaultNet:927
05-26 00:00:52.517  3077  3077 D EnhancedConnectivityController: mayUpdateNotification: shouldShow=false,UidsBlocked=false, net info=net:927,ifName=wlan0,securityType=2,isDefault=true,ssid="Airtel_Siddhanth's wifi",notificationId=0
05-26 00:00:52.518  6458  7001 I ModemStats: [DataStallDetectService] onCapabilitiesChanged networkCapabilities=[ Transports: WIFI Capabilities: NOT_METERED&INTERNET&NOT_RESTRICTED&TRUSTED&NOT_VPN&VALIDATED&NOT_ROAMING&FOREGROUND&NOT_CONGESTED&NOT_SUSPENDED&NOT_VCN_MANAGED LinkUpBandwidth>=1663Kbps LinkDnBandwidth>=37515Kbps TransportInfo: <SSID: <unknown ssid>, BSSID: 02:00:00:00:00:00, MAC: 02:00:00:00:00:00, IP: /192.168.1.7, Security type: 2, Supplicant state: COMPLETED, Wi-Fi standard: 11ac, RSSI: -62, Link speed: 468Mbps, Tx Link speed: 468Mbps, Max Supported Tx Link speed: 866Mbps, Rx Link speed: 351Mbps, Max Supported Rx Link speed: 866Mbps, Frequency: 5765MHz, Net ID: -1, Metered hint: false, score: 100, isUsable: true, CarrierMerged: false, SubscriptionId: -1, IsPrimary: -1, Trusted: true, Restricted: false, Ephemeral: false, OEM paid: false, OEM private: false, OSU AP: false, FQDN: <none>, Provider friendly name: <none>, Requesting package name: <none><none>MLO Information: , Is TID-To-Link negotiation supported by the AP: false, AP MLD Address: <none>, AP MLO Link Id: <none>, AP MLO Affiliated links: <none>, Vendor Data: <none>> SignalStrength: -62 UnderlyingNetworks: Null]
05-26 00:00:52.518  6458  7001 I ModemStats: [DataStallDetectService] onCapabilitiesChanged NET_CAPABILITY_VALIDATED=true
05-26 00:00:52.518  6458  7001 I ModemStats: [DataStallDetectService] onCapabilitiesChanged mDataStallManager.mDataStallInstance=null
05-26 00:00:52.518  6458  7001 I ModemStats: [DataStallDetectService] onCapabilitiesChanged mDataStallSmart5gManager.mDataStallInstance=null
05-26 00:00:52.518  4019  4769 D QCNEJ/NativeHalConnector: -> SND notifyDefaultNetworkChanged(1)
05-26 00:00:52.522  3077  3729 I HalDevMgr: bestIfaceCreationProposal is null, requestIface=STA, existingIface=[name=ap_br_wlan2 type=AP_BRIDGE, name=wlan0 type=STA]
05-26 00:00:52.529  4774  5521 I NullBinder: NullBinder for android.net.action.RECOMMEND_NETWORKS triggering remote TransactionTooLargeException due to Service without Chimera impl, calling uid: 1000, calling pid: 0
05-26 00:00:52.530  4774  5521 W Binder  : reply too large data on java level: InterfaceDescriptor = null, code = 1
05-26 00:00:52.530  4774  5521 W .gms.persistent: Large reply transaction of 1056768 bytes, interface descriptor , code 1
05-26 00:00:52.624  1758  4641 I vendor.qti.bluetooth@1.0-ibs_handler: ProcessIbsCmd: Received IBS_WAKE_IND: 0xFD
05-26 00:00:52.625  1758  4641 D vendor.qti.bluetooth@1.0-ibs_handler: SerialClockVote: vote for UART CLK ON
05-26 00:00:52.625  1758  4641 D vendor.qti.bluetooth@1.0-wake_lock: Acquire wakelock is acquired 
05-26 00:00:52.625  1758  4641 I vendor.qti.bluetooth@1.0-ibs_handler: ProcessIbsCmd: Writing IBS_WAKE_ACK
05-26 00:00:52.626  3992  4648 I bt_stack: [INFO:btm_ble_gap.cc(3287)] btm_ble_process_adv_pkt_cont Data Complete f7:60:f0:b3:41:c6
05-26 00:00:52.626  3992  4648 I bt_stack: [INFO:btm_ble_gap.cc(3287)] btm_ble_process_adv_pkt_cont Data Complete f7:60:f0:b3:41:c6
05-26 00:00:52.626  3992  4648 D bt_btm_ble: bool parse_adv_audio_uuids_from_adv_pkt(const uint8_t *, size_t, uint8_t): tmap_cap_pts: false
05-26 00:00:52.631  4774  4991 I NearbyDiscovery: (REDACTED) BloomFilterAdvManager: Detected bloom filter but too far away, ignoring. %sm, %s
05-26 00:00:52.665  1758  4641 I vendor.qti.bluetooth@1.0-ibs_handler: ProcessIbsCmd: Received IBS_SLEEP_IND: 0xFE
05-26 00:00:52.665  1758  4641 D vendor.qti.bluetooth@1.0-ibs_handler: SerialClockVote: vote for UART CLK OFF
05-26 00:00:52.803  1758  4641 I vendor.qti.bluetooth@1.0-ibs_handler: ProcessIbsCmd: Received IBS_WAKE_IND: 0xFD
05-26 00:00:52.803  1758  4641 D vendor.qti.bluetooth@1.0-ibs_handler: SerialClockVote: vote for UART CLK ON
05-26 00:00:52.803  1758  4641 I vendor.qti.bluetooth@1.0-ibs_handler: ProcessIbsCmd: Writing IBS_WAKE_ACK
05-26 00:00:52.804  3992  4648 I bt_stack: [INFO:btm_ble_gap.cc(3287)] btm_ble_process_adv_pkt_cont Data Complete f7:60:f0:b3:41:c6
05-26 00:00:52.804  3992  4648 I bt_stack: [INFO:btm_ble_gap.cc(3287)] btm_ble_process_adv_pkt_cont Data Complete f7:60:f0:b3:41:c6
05-26 00:00:52.804  3992  4648 D bt_btm_ble: bool parse_adv_audio_uuids_from_adv_pkt(const uint8_t *, size_t, uint8_t): tmap_cap_pts: false
05-26 00:00:52.807  3992  4648 I bt_stack: [INFO:btm_ble_gap.cc(3287)] btm_ble_process_adv_pkt_cont Data Complete 10:60:60:63:f5:e3
05-26 00:00:52.807  3992  4648 D bt_btm_ble: bool parse_adv_audio_uuids_from_adv_pkt(const uint8_t *, size_t, uint8_t): tmap_cap_pts: false
05-26 00:00:52.808  4774  4991 I NearbyDiscovery: (REDACTED) BloomFilterAdvManager: Detected bloom filter but too far away, ignoring. %sm, %s
05-26 00:00:52.847  1758  4641 I vendor.qti.bluetooth@1.0-ibs_handler: ProcessIbsCmd: Received IBS_SLEEP_IND: 0xFE
05-26 00:00:52.847  1758  4641 D vendor.qti.bluetooth@1.0-ibs_handler: SerialClockVote: vote for UART CLK OFF
05-26 00:00:52.876 27259 17774 I System.out: [[Dispatchers.Default.limitedParallelism(1)][bolt-manager][debug][bolt-v2][BoltControlManager]:message[bolt clock triggered, queue operations will be executed now..]
05-26 00:00:52.876 27259  5786 I System.out: [[Dispatchers.Default][bolt-default][debug][bolt-v2][BoltControlManager]:message[bolt clock is registered for [2000] delay]
05-26 00:00:52.876 27259 17774 I System.out: [[Dispatchers.Default.limitedParallelism(1)][bolt-manager][debug][bolt-v2][BoltControlManager]:message[execution called for name [StateValidationQueueOperation and item [StateInactiveTimeQueueOperation(uniqueName=StateValidationQueueOperation, retryConfig=com.phonepe.boltV2Sdk.external.RetryConfiguration@f26430c, logger=com.phonepe.boltV2Sdk.internal.logger.core.DebugLogger@3006455, analyticManager=com.phonepe.boltV2Sdk.internal.BoltAnalyticManager@47ace6a, immediateExecute=true, queueOperationType=STATE_INACTIVE_TIME_QUEUE_OPERATION, block=Function2<com.phonepe.boltV2Sdk.internal.boltctl.queueOperations.QueueOperation, kotlin.coroutines.Continuation<? super java.lang.Boolean>, java.lang.Object>)]]
05-26 00:00:52.876 27259 17774 I System.out: [[Dispatchers.Default.limitedParallelism(1)][bolt-manager][debug][bolt-v2][StateInactiveTimeQueueOperation]:message[Queue operation with name [StateValidationQueueOperation retry started, checking for retry limits..]
05-26 00:00:52.876 27259 17774 I System.out: [[Dispatchers.Default.limitedParallelism(1)][bolt-manager][debug][bolt-v2][StateInactiveTimeQueueOperation]:message[Queue operation with name [StateValidationQueueOperation retry limits not reached, checking for waiting window before execution..]
05-26 00:00:52.876 27259 17774 I System.out: [[Dispatchers.Default.limitedParallelism(1)][bolt-manager][debug][bolt-v2][StateInactiveTimeQueueOperation]:message[Queue operation with name [StateValidationQueueOperation retry limits not reached, waiting window is completed, ready to execute in 3.2.1..]
05-26 00:00:52.876 27259 17774 I System.out: [[BlockingEventLoop@4a5c229][unknown][info][bolt-v2][BoltManager]:message[state validation operation running]
05-26 00:00:52.876 27259 17774 I System.out: [[Dispatchers.Default.limitedParallelism(1)][bolt-manager][debug][bolt-v2][StateInactiveTimeQueueOperation]:message[Queue operation with name [StateValidationQueueOperation] retried.]
05-26 00:00:52.876 27259 17774 I System.out: [[Dispatchers.Default.limitedParallelism(1)][bolt-manager][debug][bolt-v2][BoltControlManager]:message[execution completed for name [StateValidationQueueOperation and item [StateInactiveTimeQueueOperation(uniqueName=StateValidationQueueOperation, retryConfig=com.phonepe.boltV2Sdk.external.RetryConfiguration@f26430c, logger=com.phonepe.boltV2Sdk.internal.logger.core.DebugLogger@3006455, analyticManager=com.phonepe.boltV2Sdk.internal.BoltAnalyticManager@47ace6a, immediateExecute=true, queueOperationType=STATE_INACTIVE_TIME_QUEUE_OPERATION, block=Function2<com.phonepe.boltV2Sdk.internal.boltctl.queueOperations.QueueOperation, kotlin.coroutines.Continuation<? super java.lang.Boolean>, java.lang.Object>)], checking for GC status]
05-26 00:00:52.876 27259 17774 I System.out: [[Dispatchers.Default.limitedParallelism(1)][bolt-manager][debug][bolt-v2][BoltControlManager]:message[execution called for name [BoltCtl and item [PeriodicCheckQueueOperation(uniqueName=BoltCtl, retryConfig=com.phonepe.boltV2Sdk.external.RetryConfiguration@d7ab135, logger=com.phonepe.boltV2Sdk.internal.logger.core.DebugLogger@339c9ca, analyticManager=com.phonepe.boltV2Sdk.internal.BoltAnalyticManager@47ace6a, immediateExecute=false, queueOperationType=BOLT_PERIODIC_OPERATION, block=Function2<com.phonepe.boltV2Sdk.internal.boltctl.queueOperations.QueueOperation, kotlin.coroutines.Continuation<? super java.lang.Boolean>, java.lang.Object>)]]
05-26 00:00:52.876 27259 17774 I System.out: [[Dispatchers.Default.limitedParallelism(1)][bolt-manager][debug][bolt-v2][PeriodicCheckQueueOperation]:message[Queue operation with name [BoltCtl retry started, checking for retry limits..]
05-26 00:00:52.876 27259 17774 I System.out: [[Dispatchers.Default.limitedParallelism(1)][bolt-manager][debug][bolt-v2][PeriodicCheckQueueOperation]:message[Queue operation with name [BoltCtl retry limits not reached, checking for waiting window before execution..]
05-26 00:00:52.876 27259 17774 I System.out: [[Dispatchers.Default.limitedParallelism(1)][bolt-manager][debug][bolt-v2][PeriodicCheckQueueOperation]:message[Queue operation with name [BoltCtl retry limits not reached, waiting window is not completed, skipping the execution this time...]
05-26 00:00:52.877 27259 17774 I System.out: [[Dispatchers.Default.limitedParallelism(1)][bolt-manager][debug][bolt-v2][BoltControlManager]:message[execution completed for name [BoltCtl and item [PeriodicCheckQueueOperation(uniqueName=BoltCtl, retryConfig=com.phonepe.boltV2Sdk.external.RetryConfiguration@d7ab135, logger=com.phonepe.boltV2Sdk.internal.logger.core.DebugLogger@339c9ca, analyticManager=com.phonepe.boltV2Sdk.internal.BoltAnalyticManager@47ace6a, immediateExecute=false, queueOperationType=BOLT_PERIODIC_OPERATION, block=Function2<com.phonepe.boltV2Sdk.internal.boltctl.queueOperations.QueueOperation, kotlin.coroutines.Continuation<? super java.lang.Boolean>, java.lang.Object>)], checking for GC status]
05-26 00:00:52.997  1758  4324 D vendor.qti.bluetooth@1.0-wake_lock: Release wakelock is released 
05-26 00:00:53.025  4774 19839 I NearbySharing: Network state changed: NetworkState(isRestricted=false, isOnline=true, isCongested=false, isMetered=false, isWifiConnected=true)
05-26 00:00:53.155  3931 24609 D IpClient/wlan0: interfaceLinkStateChanged: ifindex 27 up
05-26 00:00:53.179  1758  4641 I vendor.qti.bluetooth@1.0-ibs_handler: ProcessIbsCmd: Received IBS_WAKE_IND: 0xFD
05-26 00:00:53.179  1758  4641 D vendor.qti.bluetooth@1.0-ibs_handler: SerialClockVote: vote for UART CLK ON
05-26 00:00:53.179  1758  4641 D vendor.qti.bluetooth@1.0-wake_lock: Acquire wakelock is acquired 
05-26 00:00:53.179  1758  4641 I vendor.qti.bluetooth@1.0-ibs_handler: ProcessIbsCmd: Writing IBS_WAKE_ACK
05-26 00:00:53.180  3992  4648 I bt_stack: [INFO:btm_ble_gap.cc(3287)] btm_ble_process_adv_pkt_cont Data Complete f7:60:f0:b3:41:c6
05-26 00:00:53.180  3992  4648 I bt_stack: [INFO:btm_ble_gap.cc(3287)] btm_ble_process_adv_pkt_cont Data Complete f7:60:f0:b3:41:c6
05-26 00:00:53.180  3992  4648 D bt_btm_ble: bool parse_adv_audio_uuids_from_adv_pkt(const uint8_t *, size_t, uint8_t): tmap_cap_pts: false
05-26 00:00:53.185  4774  4991 I NearbyDiscovery: (REDACTED) BloomFilterAdvManager: Detected bloom filter but too far away, ignoring. %sm, %s
05-26 00:00:53.220  1758  4641 I vendor.qti.bluetooth@1.0-ibs_handler: ProcessIbsCmd: Received IBS_SLEEP_IND: 0xFE
05-26 00:00:53.220  1758  4641 D vendor.qti.bluetooth@1.0-ibs_handler: SerialClockVote: vote for UART CLK OFF
05-26 00:00:53.361  1758  4641 I vendor.qti.bluetooth@1.0-ibs_handler: ProcessIbsCmd: Received IBS_WAKE_IND: 0xFD
05-26 00:00:53.361  1758  4641 D vendor.qti.bluetooth@1.0-ibs_handler: SerialClockVote: vote for UART CLK ON
05-26 00:00:53.361  1758  4641 I vendor.qti.bluetooth@1.0-ibs_handler: ProcessIbsCmd: Writing IBS_WAKE_ACK
05-26 00:00:53.362  3992  4648 I bt_stack: [INFO:btm_ble_gap.cc(3287)] btm_ble_process_adv_pkt_cont Data Complete 10:60:60:63:f5:e3
05-26 00:00:53.362  3992  4648 D bt_btm_ble: bool parse_adv_audio_uuids_from_adv_pkt(const uint8_t *, size_t, uint8_t): tmap_cap_pts: false
05-26 00:00:53.401  1758  4641 I vendor.qti.bluetooth@1.0-ibs_handler: ProcessIbsCmd: Received IBS_SLEEP_IND: 0xFE
05-26 00:00:53.401  1758  4641 D vendor.qti.bluetooth@1.0-ibs_handler: SerialClockVote: vote for UART CLK OFF
05-26 00:00:53.534  1758  4641 I vendor.qti.bluetooth@1.0-ibs_handler: ProcessIbsCmd: Received IBS_WAKE_IND: 0xFD
05-26 00:00:53.534  1758  4641 D vendor.qti.bluetooth@1.0-ibs_handler: SerialClockVote: vote for UART CLK ON
05-26 00:00:53.535  1758  4641 I vendor.qti.bluetooth@1.0-ibs_handler: ProcessIbsCmd: Writing IBS_WAKE_ACK
05-26 00:00:53.536  3992  4648 I bt_stack: [INFO:btm_ble_gap.cc(3287)] btm_ble_process_adv_pkt_cont Data Complete f7:60:f0:b3:41:c6
05-26 00:00:53.536  3992  4648 I bt_stack: [INFO:btm_ble_gap.cc(3287)] btm_ble_process_adv_pkt_cont Data Complete f7:60:f0:b3:41:c6
05-26 00:00:53.536  3992  4648 D bt_btm_ble: bool parse_adv_audio_uuids_from_adv_pkt(const uint8_t *, size_t, uint8_t): tmap_cap_pts: false
05-26 00:00:53.538  4774  4991 I NearbyDiscovery: (REDACTED) BloomFilterAdvManager: Detected bloom filter but too far away, ignoring. %sm, %s
05-26 00:00:53.575  1758  4641 I vendor.qti.bluetooth@1.0-ibs_handler: ProcessIbsCmd: Received IBS_SLEEP_IND: 0xFE
05-26 00:00:53.575  1758  4641 D vendor.qti.bluetooth@1.0-ibs_handler: SerialClockVote: vote for UART CLK OFF
05-26 00:00:53.725  1758  4324 D vendor.qti.bluetooth@1.0-wake_lock: Release wakelock is released 
05-26 00:00:53.766  3077  3507 D ActivityManager: freezing 29207 com.google.android.gms, reason = oom_cached
05-26 00:00:53.951  1758  4641 I vendor.qti.bluetooth@1.0-ibs_handler: ProcessIbsCmd: Received IBS_WAKE_IND: 0xFD
05-26 00:00:53.951  1758  4641 D vendor.qti.bluetooth@1.0-ibs_handler: SerialClockVote: vote for UART CLK ON
05-26 00:00:53.952  1758  4641 D vendor.qti.bluetooth@1.0-wake_lock: Acquire wakelock is acquired 
05-26 00:00:53.952  1758  4641 I vendor.qti.bluetooth@1.0-ibs_handler: ProcessIbsCmd: Writing IBS_WAKE_ACK
05-26 00:00:53.953  3992  4648 I bt_stack: [INFO:btm_ble_gap.cc(3287)] btm_ble_process_adv_pkt_cont Data Complete f7:60:f0:b3:41:c6
05-26 00:00:53.992  1758  4641 I vendor.qti.bluetooth@1.0-ibs_handler: ProcessIbsCmd: Received IBS_SLEEP_IND: 0xFE
05-26 00:00:53.992  1758  4641 D vendor.qti.bluetooth@1.0-ibs_handler: SerialClockVote: vote for UART CLK OFF
05-26 00:00:54.142  1758  4641 I vendor.qti.bluetooth@1.0-ibs_handler: ProcessIbsCmd: Received IBS_WAKE_IND: 0xFD
05-26 00:00:54.142  1758  4641 D vendor.qti.bluetooth@1.0-ibs_handler: SerialClockVote: vote for UART CLK ON
05-26 00:00:54.142  1758  4641 I vendor.qti.bluetooth@1.0-ibs_handler: ProcessIbsCmd: Writing IBS_WAKE_ACK
05-26 00:00:54.144  3992  4648 I bt_stack: [INFO:btm_ble_gap.cc(3287)] btm_ble_process_adv_pkt_cont Data Complete f7:60:f0:b3:41:c6
05-26 00:00:54.183  1758  4641 I vendor.qti.bluetooth@1.0-ibs_handler: ProcessIbsCmd: Received IBS_SLEEP_IND: 0xFE
05-26 00:00:54.183  1758  4641 D vendor.qti.bluetooth@1.0-ibs_handler: SerialClockVote: vote for UART CLK OFF
05-26 00:00:54.333  1758  4324 D vendor.qti.bluetooth@1.0-wake_lock: Release wakelock is released 
05-26 00:00:54.645  1758  4641 I vendor.qti.bluetooth@1.0-ibs_handler: ProcessIbsCmd: Received IBS_WAKE_IND: 0xFD
05-26 00:00:54.645  1758  4641 D vendor.qti.bluetooth@1.0-ibs_handler: SerialClockVote: vote for UART CLK ON
05-26 00:00:54.645  1758  4641 D vendor.qti.bluetooth@1.0-wake_lock: Acquire wakelock is acquired 
05-26 00:00:54.645  1758  4641 I vendor.qti.bluetooth@1.0-ibs_handler: ProcessIbsCmd: Writing IBS_WAKE_ACK
05-26 00:00:54.647  3992  4648 I bt_stack: [INFO:btm_ble_gap.cc(3287)] btm_ble_process_adv_pkt_cont Data Complete f7:60:f0:b3:41:c6
05-26 00:00:54.647  3992  4648 I bt_stack: [INFO:btm_ble_gap.cc(3287)] btm_ble_process_adv_pkt_cont Data Complete f7:60:f0:b3:41:c6
05-26 00:00:54.647  3992  4648 D bt_btm_ble: bool parse_adv_audio_uuids_from_adv_pkt(const uint8_t *, size_t, uint8_t): tmap_cap_pts: false
05-26 00:00:54.653  4774  4991 I NearbyDiscovery: (REDACTED) BloomFilterAdvManager: Detected bloom filter but too far away, ignoring. %sm, %s
05-26 00:00:54.666 28261 28441 I ThermalEngine: Monitor:ACTIVE:FREEZE-CHG:freeze_rule=1:DETECT-STANDBY=1
05-26 00:00:54.666 28261 28441 I ThermalEngine: ACTION: freeze_rule - Setting freeze_rule to 1
05-26 00:00:54.667 28261 28441 I ThermalEngine: Monitor:ACTIVE:OVERRIDE-CHG:internal_override=1:DETECT-STANDBY=1
05-26 00:00:54.667 28261 28441 I ThermalEngine: ACTION: override_c - Setting override_c to 1
05-26 00:00:54.668 28261 28440 I ThermalEngine: Thermal-Server: Thermal received msg from  freezing
05-26 00:00:54.668 28261 31942 I Thermal-Lib: Thermal-Lib-Client: Client request sent
05-26 00:00:54.668 28261 31941 I Thermal-Lib: Thermal-Lib-Client: Client request sent
05-26 00:00:54.671 28261 28440 I ThermalEngine: Thermal-Server: Thermal received msg from  override_c
05-26 00:00:54.688  1758  4641 I vendor.qti.bluetooth@1.0-ibs_handler: ProcessIbsCmd: Received IBS_SLEEP_IND: 0xFE
05-26 00:00:54.688  1758  4641 D vendor.qti.bluetooth@1.0-ibs_handler: SerialClockVote: vote for UART CLK OFF
05-26 00:00:54.841  1758  4324 D vendor.qti.bluetooth@1.0-wake_lock: Release wakelock is released 
05-26 00:00:54.877 27259  5787 I System.out: [[Dispatchers.Default][bolt-default][debug][bolt-v2][BoltControlManager]:message[bolt clock is registered for [2000] delay]
05-26 00:00:54.877 27259 17774 I System.out: [[Dispatchers.Default.limitedParallelism(1)][bolt-manager][debug][bolt-v2][BoltControlManager]:message[bolt clock triggered, queue operations will be executed now..]
05-26 00:00:54.878 27259 17774 I System.out: [[Dispatchers.Default.limitedParallelism(1)][bolt-manager][debug][bolt-v2][BoltControlManager]:message[execution called for name [StateValidationQueueOperation and item [StateInactiveTimeQueueOperation(uniqueName=StateValidationQueueOperation, retryConfig=com.phonepe.boltV2Sdk.external.RetryConfiguration@f26430c, logger=com.phonepe.boltV2Sdk.internal.logger.core.DebugLogger@3006455, analyticManager=com.phonepe.boltV2Sdk.internal.BoltAnalyticManager@47ace6a, immediateExecute=true, queueOperationType=STATE_INACTIVE_TIME_QUEUE_OPERATION, block=Function2<com.phonepe.boltV2Sdk.internal.boltctl.queueOperations.QueueOperation, kotlin.coroutines.Continuation<? super java.lang.Boolean>, java.lang.Object>)]]
05-26 00:00:54.878 27259 17774 I System.out: [[Dispatchers.Default.limitedParallelism(1)][bolt-manager][debug][bolt-v2][StateInactiveTimeQueueOperation]:message[Queue operation with name [StateValidationQueueOperation retry started, checking for retry limits..]
05-26 00:00:54.878 27259 17774 I System.out: [[Dispatchers.Default.limitedParallelism(1)][bolt-manager][debug][bolt-v2][StateInactiveTimeQueueOperation]:message[Queue operation with name [StateValidationQueueOperation retry limits not reached, checking for waiting window before execution..]
05-26 00:00:54.878 27259 17774 I System.out: [[Dispatchers.Default.limitedParallelism(1)][bolt-manager][debug][bolt-v2][StateInactiveTimeQueueOperation]:message[Queue operation with name [StateValidationQueueOperation retry limits not reached, waiting window is completed, ready to execute in 3.2.1..]
05-26 00:00:54.878 27259 17774 I System.out: [[BlockingEventLoop@7259ae][unknown][info][bolt-v2][BoltManager]:message[state validation operation running]
05-26 00:00:54.879 27259 17774 I System.out: [[Dispatchers.Default.limitedParallelism(1)][bolt-manager][debug][bolt-v2][StateInactiveTimeQueueOperation]:message[Queue operation with name [StateValidationQueueOperation] retried.]
05-26 00:00:54.879 27259 17774 I System.out: [[Dispatchers.Default.limitedParallelism(1)][bolt-manager][debug][bolt-v2][BoltControlManager]:message[execution completed for name [StateValidationQueueOperation and item [StateInactiveTimeQueueOperation(uniqueName=StateValidationQueueOperation, retryConfig=com.phonepe.boltV2Sdk.external.RetryConfiguration@f26430c, logger=com.phonepe.boltV2Sdk.internal.logger.core.DebugLogger@3006455, analyticManager=com.phonepe.boltV2Sdk.internal.BoltAnalyticManager@47ace6a, immediateExecute=true, queueOperationType=STATE_INACTIVE_TIME_QUEUE_OPERATION, block=Function2<com.phonepe.boltV2Sdk.internal.boltctl.queueOperations.QueueOperation, kotlin.coroutines.Continuation<? super java.lang.Boolean>, java.lang.Object>)], checking for GC status]
05-26 00:00:54.879 27259 17774 I System.out: [[Dispatchers.Default.limitedParallelism(1)][bolt-manager][debug][bolt-v2][BoltControlManager]:message[execution called for name [BoltCtl and item [PeriodicCheckQueueOperation(uniqueName=BoltCtl, retryConfig=com.phonepe.boltV2Sdk.external.RetryConfiguration@d7ab135, logger=com.phonepe.boltV2Sdk.internal.logger.core.DebugLogger@339c9ca, analyticManager=com.phonepe.boltV2Sdk.internal.BoltAnalyticManager@47ace6a, immediateExecute=false, queueOperationType=BOLT_PERIODIC_OPERATION, block=Function2<com.phonepe.boltV2Sdk.internal.boltctl.queueOperations.QueueOperation, kotlin.coroutines.Continuation<? super java.lang.Boolean>, java.lang.Object>)]]
05-26 00:00:54.879 27259 17774 I System.out: [[Dispatchers.Default.limitedParallelism(1)][bolt-manager][debug][bolt-v2][PeriodicCheckQueueOperation]:message[Queue operation with name [BoltCtl retry started, checking for retry limits..]
05-26 00:00:54.879 27259 17774 I System.out: [[Dispatchers.Default.limitedParallelism(1)][bolt-manager][debug][bolt-v2][PeriodicCheckQueueOperation]:message[Queue operation with name [BoltCtl retry limits not reached, checking for waiting window before execution..]
05-26 00:00:54.879 27259 17774 I System.out: [[Dispatchers.Default.limitedParallelism(1)][bolt-manager][debug][bolt-v2][PeriodicCheckQueueOperation]:message[Queue operation with name [BoltCtl retry limits not reached, waiting window is not completed, skipping the execution this time...]
05-26 00:00:54.879 27259 17774 I System.out: [[Dispatchers.Default.limitedParallelism(1)][bolt-manager][debug][bolt-v2][BoltControlManager]:message[execution completed for name [BoltCtl and item [PeriodicCheckQueueOperation(uniqueName=BoltCtl, retryConfig=com.phonepe.boltV2Sdk.external.RetryConfiguration@d7ab135, logger=com.phonepe.boltV2Sdk.internal.logger.core.DebugLogger@339c9ca, analyticManager=com.phonepe.boltV2Sdk.internal.BoltAnalyticManager@47ace6a, immediateExecute=false, queueOperationType=BOLT_PERIODIC_OPERATION, block=Function2<com.phonepe.boltV2Sdk.internal.boltctl.queueOperations.QueueOperation, kotlin.coroutines.Continuation<? super java.lang.Boolean>, java.lang.Object>)], checking for GC status]
05-26 00:00:55.518  1758  4641 I vendor.qti.bluetooth@1.0-ibs_handler: ProcessIbsCmd: Received IBS_WAKE_IND: 0xFD
05-26 00:00:55.518  1758  4641 D vendor.qti.bluetooth@1.0-ibs_handler: SerialClockVote: vote for UART CLK ON
05-26 00:00:55.518  1758  4641 D vendor.qti.bluetooth@1.0-wake_lock: Acquire wakelock is acquired 
05-26 00:00:55.518  1758  4641 I vendor.qti.bluetooth@1.0-ibs_handler: ProcessIbsCmd: Writing IBS_WAKE_ACK
05-26 00:00:55.520  3992  4648 I bt_stack: [INFO:btm_ble_gap.cc(3287)] btm_ble_process_adv_pkt_cont Data Complete 10:60:60:63:f5:e3
05-26 00:00:55.520  3992  4648 D bt_btm_ble: bool parse_adv_audio_uuids_from_adv_pkt(const uint8_t *, size_t, uint8_t): tmap_cap_pts: false
05-26 00:00:55.542  3077  3729 D WifiStaIfaceHidlImpl: getCachedScanData is not implemented by HIDL
05-26 00:00:55.546  3077  3077 D EnhancedConnectivityController: Wifi onCapabilitiesChanged
05-26 00:00:55.546  3077  3077 D EnhancedConnectivityController: Default net onCapabilitiesChanged
05-26 00:00:55.547  3077  3077 D EnhancedConnectivityController: updateDefaultNet:927
05-26 00:00:55.547  3077  3077 D EnhancedConnectivityController: mayUpdateNotification: shouldShow=false,UidsBlocked=false, net info=net:927,ifName=wlan0,securityType=2,isDefault=true,ssid="Airtel_Siddhanth's wifi",notificationId=0
05-26 00:00:55.549  6458  7001 I ModemStats: [DataStallDetectService] onCapabilitiesChanged networkCapabilities=[ Transports: WIFI Capabilities: NOT_METERED&INTERNET&NOT_RESTRICTED&TRUSTED&NOT_VPN&VALIDATED&NOT_ROAMING&FOREGROUND&NOT_CONGESTED&NOT_SUSPENDED&NOT_VCN_MANAGED LinkUpBandwidth>=1663Kbps LinkDnBandwidth>=37515Kbps TransportInfo: <SSID: <unknown ssid>, BSSID: 02:00:00:00:00:00, MAC: 02:00:00:00:00:00, IP: /192.168.1.7, Security type: 2, Supplicant state: COMPLETED, Wi-Fi standard: 11ac, RSSI: -62, Link speed: 234Mbps, Tx Link speed: 234Mbps, Max Supported Tx Link speed: 866Mbps, Rx Link speed: 351Mbps, Max Supported Rx Link speed: 866Mbps, Frequency: 5765MHz, Net ID: -1, Metered hint: false, score: 100, isUsable: true, CarrierMerged: false, SubscriptionId: -1, IsPrimary: -1, Trusted: true, Restricted: false, Ephemeral: false, OEM paid: false, OEM private: false, OSU AP: false, FQDN: <none>, Provider friendly name: <none>, Requesting package name: <none><none>MLO Information: , Is TID-To-Link negotiation supported by the AP: false, AP MLD Address: <none>, AP MLO Link Id: <none>, AP MLO Affiliated links: <none>, Vendor Data: <none>> SignalStrength: -62 UnderlyingNetworks: Null]
05-26 00:00:55.549  4019  4769 D QCNEJ/NativeHalConnector: -> SND notifyDefaultNetworkChanged(1)
05-26 00:00:55.550  6458  7001 I ModemStats: [DataStallDetectService] onCapabilitiesChanged NET_CAPABILITY_VALIDATED=true
05-26 00:00:55.550  6458  7001 I ModemStats: [DataStallDetectService] onCapabilitiesChanged mDataStallManager.mDataStallInstance=null
05-26 00:00:55.550  6458  7001 I ModemStats: [DataStallDetectService] onCapabilitiesChanged mDataStallSmart5gManager.mDataStallInstance=null
05-26 00:00:55.554  3077  3729 I HalDevMgr: bestIfaceCreationProposal is null, requestIface=STA, existingIface=[name=ap_br_wlan2 type=AP_BRIDGE, name=wlan0 type=STA]
05-26 00:00:55.559  1758  4641 I vendor.qti.bluetooth@1.0-ibs_handler: ProcessIbsCmd: Received IBS_SLEEP_IND: 0xFE
05-26 00:00:55.559  1758  4641 D vendor.qti.bluetooth@1.0-ibs_handler: SerialClockVote: vote for UART CLK OFF
05-26 00:00:55.565  4774  5521 I NullBinder: NullBinder for android.net.action.RECOMMEND_NETWORKS triggering remote TransactionTooLargeException due to Service without Chimera impl, calling uid: 1000, calling pid: 0
05-26 00:00:55.566  4774  5521 W Binder  : reply too large data on java level: InterfaceDescriptor = null, code = 1
05-26 00:00:55.566  4774  5521 W .gms.persistent: Large reply transaction of 1056768 bytes, interface descriptor , code 1
05-26 00:00:55.711  1758  4324 D vendor.qti.bluetooth@1.0-wake_lock: Release wakelock is released 
05-26 00:00:55.777  1758  4641 I vendor.qti.bluetooth@1.0-ibs_handler: ProcessIbsCmd: Received IBS_WAKE_IND: 0xFD
05-26 00:00:55.777  1758  4641 D vendor.qti.bluetooth@1.0-ibs_handler: SerialClockVote: vote for UART CLK ON
05-26 00:00:55.777  1758  4641 D vendor.qti.bluetooth@1.0-wake_lock: Acquire wakelock is acquired 
05-26 00:00:55.777  1758  4641 I vendor.qti.bluetooth@1.0-ibs_handler: ProcessIbsCmd: Writing IBS_WAKE_ACK
05-26 00:00:55.779  3992  4648 I bt_stack: [INFO:btm_ble_gap.cc(3287)] btm_ble_process_adv_pkt_cont Data Complete 10:60:60:63:f5:e3
05-26 00:00:55.779  3992  4648 D bt_btm_ble: bool parse_adv_audio_uuids_from_adv_pkt(const uint8_t *, size_t, uint8_t): tmap_cap_pts: false
05-26 00:00:55.819  1758  4641 I vendor.qti.bluetooth@1.0-ibs_handler: ProcessIbsCmd: Received IBS_SLEEP_IND: 0xFE
05-26 00:00:55.819  1758  4641 D vendor.qti.bluetooth@1.0-ibs_handler: SerialClockVote: vote for UART CLK OFF
05-26 00:00:55.931  1758  4641 I vendor.qti.bluetooth@1.0-ibs_handler: ProcessIbsCmd: Received IBS_WAKE_IND: 0xFD
05-26 00:00:55.931  1758  4641 D vendor.qti.bluetooth@1.0-ibs_handler: SerialClockVote: vote for UART CLK ON
05-26 00:00:55.931  1758  4641 I vendor.qti.bluetooth@1.0-ibs_handler: ProcessIbsCmd: Writing IBS_WAKE_ACK
05-26 00:00:55.933  3992  4648 I bt_stack: [INFO:btm_ble_gap.cc(3287)] btm_ble_process_adv_pkt_cont Data Complete f7:60:f0:b3:41:c6
05-26 00:00:55.934  3992  4648 I bt_stack: [INFO:btm_ble_gap.cc(3287)] btm_ble_process_adv_pkt_cont Data Complete f7:60:f0:b3:41:c6
05-26 00:00:55.934  3992  4648 D bt_btm_ble: bool parse_adv_audio_uuids_from_adv_pkt(const uint8_t *, size_t, uint8_t): tmap_cap_pts: false
05-26 00:00:55.939  4774  4991 I NearbyDiscovery: (REDACTED) BloomFilterAdvManager: Detected bloom filter but too far away, ignoring. %sm, %s
05-26 00:00:55.973  1758  4641 I vendor.qti.bluetooth@1.0-ibs_handler: ProcessIbsCmd: Received IBS_SLEEP_IND: 0xFE
05-26 00:00:55.974  1758  4641 D vendor.qti.bluetooth@1.0-ibs_handler: SerialClockVote: vote for UART CLK OFF
05-26 00:00:56.039  1758  4641 I vendor.qti.bluetooth@1.0-ibs_handler: ProcessIbsCmd: Received IBS_WAKE_IND: 0xFD
05-26 00:00:56.039  1758  4641 D vendor.qti.bluetooth@1.0-ibs_handler: SerialClockVote: vote for UART CLK ON
05-26 00:00:56.039  1758  4641 I vendor.qti.bluetooth@1.0-ibs_handler: ProcessIbsCmd: Writing IBS_WAKE_ACK
05-26 00:00:56.041  3992  4648 I bt_stack: [INFO:btm_ble_gap.cc(3287)] btm_ble_process_adv_pkt_cont Data Complete 10:60:60:63:f5:e3
05-26 00:00:56.041  3992  4648 D bt_btm_ble: bool parse_adv_audio_uuids_from_adv_pkt(const uint8_t *, size_t, uint8_t): tmap_cap_pts: false
05-26 00:00:56.061  4774 19839 I NearbySharing: Network state changed: NetworkState(isRestricted=false, isOnline=true, isCongested=false, isMetered=false, isWifiConnected=true)
05-26 00:00:56.080  1758  4641 I vendor.qti.bluetooth@1.0-ibs_handler: ProcessIbsCmd: Received IBS_SLEEP_IND: 0xFE
05-26 00:00:56.080  1758  4641 D vendor.qti.bluetooth@1.0-ibs_handler: SerialClockVote: vote for UART CLK OFF
05-26 00:00:56.122  1758  4641 I vendor.qti.bluetooth@1.0-ibs_handler: ProcessIbsCmd: Received IBS_WAKE_IND: 0xFD
05-26 00:00:56.122  1758  4641 D vendor.qti.bluetooth@1.0-ibs_handler: SerialClockVote: vote for UART CLK ON
05-26 00:00:56.122  1758  4641 I vendor.qti.bluetooth@1.0-ibs_handler: ProcessIbsCmd: Writing IBS_WAKE_ACK
05-26 00:00:56.124  3992  4648 I bt_stack: [INFO:btm_ble_gap.cc(3287)] btm_ble_process_adv_pkt_cont Data Complete f7:60:f0:b3:41:c6
05-26 00:00:56.125  3992  4648 I bt_stack: [INFO:btm_ble_gap.cc(3287)] btm_ble_process_adv_pkt_cont Data Complete f7:60:f0:b3:41:c6
05-26 00:00:56.125  3992  4648 D bt_btm_ble: bool parse_adv_audio_uuids_from_adv_pkt(const uint8_t *, size_t, uint8_t): tmap_cap_pts: false
05-26 00:00:56.130  4774  4991 I NearbyDiscovery: (REDACTED) BloomFilterAdvManager: Detected bloom filter but too far away, ignoring. %sm, %s
05-26 00:00:56.165  1758  4641 I vendor.qti.bluetooth@1.0-ibs_handler: ProcessIbsCmd: Received IBS_SLEEP_IND: 0xFE
05-26 00:00:56.165  1758  4641 D vendor.qti.bluetooth@1.0-ibs_handler: SerialClockVote: vote for UART CLK OFF
05-26 00:00:56.184  1859 26648 I QC2Comp : [vp9D_1564] Stats: Pending(0) i/p-done(0) Works: Q: 39/Done 40|Work-Rate: Q(0.0/s Avg=0.4/s) Done(0.000/s Avg=0.379/s)| Stream: 30.30fps 6.8Kbps
05-26 00:00:56.184  1859 26648 I QC2Comp : [vp9D_1564] Mem-usage:  [In-1D: 6 bufs 22.430 MB] [1D-3103: 19 bufs 0.297 MB] [2D-3104: 26 bufs 17.469 MB] | Total: 40.195 MB
05-26 00:00:56.305  1758  4641 I vendor.qti.bluetooth@1.0-ibs_handler: ProcessIbsCmd: Received IBS_WAKE_IND: 0xFD
05-26 00:00:56.305  1758  4641 D vendor.qti.bluetooth@1.0-ibs_handler: SerialClockVote: vote for UART CLK ON
05-26 00:00:56.305  1758  4641 I vendor.qti.bluetooth@1.0-ibs_handler: ProcessIbsCmd: Writing IBS_WAKE_ACK
05-26 00:00:56.306  3992  4648 I bt_stack: [INFO:btm_ble_gap.cc(3287)] btm_ble_process_adv_pkt_cont Data Complete f7:60:f0:b3:41:c6
05-26 00:00:56.307  3992  4648 I bt_stack: [INFO:btm_ble_gap.cc(3287)] btm_ble_process_adv_pkt_cont Data Complete f7:60:f0:b3:41:c6
05-26 00:00:56.307  3992  4648 D bt_btm_ble: bool parse_adv_audio_uuids_from_adv_pkt(const uint8_t *, size_t, uint8_t): tmap_cap_pts: false
05-26 00:00:56.312  4774  4991 I NearbyDiscovery: (REDACTED) BloomFilterAdvManager: Detected bloom filter but too far away, ignoring. %sm, %s
05-26 00:00:56.348  1758  4641 I vendor.qti.bluetooth@1.0-ibs_handler: ProcessIbsCmd: Received IBS_SLEEP_IND: 0xFE
05-26 00:00:56.348  1758  4641 D vendor.qti.bluetooth@1.0-ibs_handler: SerialClockVote: vote for UART CLK OFF
05-26 00:00:56.498  1758  4324 D vendor.qti.bluetooth@1.0-wake_lock: Release wakelock is released 
05-26 00:00:56.879 27259  5786 I System.out: [[Dispatchers.Default][bolt-default][debug][bolt-v2][BoltControlManager]:message[bolt clock is registered for [2000] delay]
05-26 00:00:56.879 27259 17774 I System.out: [[Dispatchers.Default.limitedParallelism(1)][bolt-manager][debug][bolt-v2][BoltControlManager]:message[bolt clock triggered, queue operations will be executed now..]
05-26 00:00:56.880 27259 17774 I System.out: [[Dispatchers.Default.limitedParallelism(1)][bolt-manager][debug][bolt-v2][BoltControlManager]:message[execution called for name [StateValidationQueueOperation and item [StateInactiveTimeQueueOperation(uniqueName=StateValidationQueueOperation, retryConfig=com.phonepe.boltV2Sdk.external.RetryConfiguration@f26430c, logger=com.phonepe.boltV2Sdk.internal.logger.core.DebugLogger@3006455, analyticManager=com.phonepe.boltV2Sdk.internal.BoltAnalyticManager@47ace6a, immediateExecute=true, queueOperationType=STATE_INACTIVE_TIME_QUEUE_OPERATION, block=Function2<com.phonepe.boltV2Sdk.internal.boltctl.queueOperations.QueueOperation, kotlin.coroutines.Continuation<? super java.lang.Boolean>, java.lang.Object>)]]
05-26 00:00:56.880 27259 17774 I System.out: [[Dispatchers.Default.limitedParallelism(1)][bolt-manager][debug][bolt-v2][StateInactiveTimeQueueOperation]:message[Queue operation with name [StateValidationQueueOperation retry started, checking for retry limits..]
05-26 00:00:56.880 27259 17774 I System.out: [[Dispatchers.Default.limitedParallelism(1)][bolt-manager][debug][bolt-v2][StateInactiveTimeQueueOperation]:message[Queue operation with name [StateValidationQueueOperation retry limits not reached, checking for waiting window before execution..]
05-26 00:00:56.880 27259 17774 I System.out: [[Dispatchers.Default.limitedParallelism(1)][bolt-manager][debug][bolt-v2][StateInactiveTimeQueueOperation]:message[Queue operation with name [StateValidationQueueOperation retry limits not reached, waiting window is completed, ready to execute in 3.2.1..]
05-26 00:00:56.881 27259 17774 I System.out: [[BlockingEventLoop@297634f][unknown][info][bolt-v2][BoltManager]:message[state validation operation running]
05-26 00:00:56.881 27259 17774 I System.out: [[Dispatchers.Default.limitedParallelism(1)][bolt-manager][debug][bolt-v2][StateInactiveTimeQueueOperation]:message[Queue operation with name [StateValidationQueueOperation] retried.]
05-26 00:00:56.881 27259 17774 I System.out: [[Dispatchers.Default.limitedParallelism(1)][bolt-manager][debug][bolt-v2][BoltControlManager]:message[execution completed for name [StateValidationQueueOperation and item [StateInactiveTimeQueueOperation(uniqueName=StateValidationQueueOperation, retryConfig=com.phonepe.boltV2Sdk.external.RetryConfiguration@f26430c, logger=com.phonepe.boltV2Sdk.internal.logger.core.DebugLogger@3006455, analyticManager=com.phonepe.boltV2Sdk.internal.BoltAnalyticManager@47ace6a, immediateExecute=true, queueOperationType=STATE_INACTIVE_TIME_QUEUE_OPERATION, block=Function2<com.phonepe.boltV2Sdk.internal.boltctl.queueOperations.QueueOperation, kotlin.coroutines.Continuation<? super java.lang.Boolean>, java.lang.Object>)], checking for GC status]
05-26 00:00:56.881 27259 17774 I System.out: [[Dispatchers.Default.limitedParallelism(1)][bolt-manager][debug][bolt-v2][BoltControlManager]:message[execution called for name [BoltCtl and item [PeriodicCheckQueueOperation(uniqueName=BoltCtl, retryConfig=com.phonepe.boltV2Sdk.external.RetryConfiguration@d7ab135, logger=com.phonepe.boltV2Sdk.internal.logger.core.DebugLogger@339c9ca, analyticManager=com.phonepe.boltV2Sdk.internal.BoltAnalyticManager@47ace6a, immediateExecute=false, queueOperationType=BOLT_PERIODIC_OPERATION, block=Function2<com.phonepe.boltV2Sdk.internal.boltctl.queueOperations.QueueOperation, kotlin.coroutines.Continuation<? super java.lang.Boolean>, java.lang.Object>)]]
05-26 00:00:56.881 27259 17774 I System.out: [[Dispatchers.Default.limitedParallelism(1)][bolt-manager][debug][bolt-v2][PeriodicCheckQueueOperation]:message[Queue operation with name [BoltCtl retry started, checking for retry limits..]
05-26 00:00:56.881 27259 17774 I System.out: [[Dispatchers.Default.limitedParallelism(1)][bolt-manager][debug][bolt-v2][PeriodicCheckQueueOperation]:message[Queue operation with name [BoltCtl retry limits not reached, checking for waiting window before execution..]
05-26 00:00:56.881 27259 17774 I System.out: [[Dispatchers.Default.limitedParallelism(1)][bolt-manager][debug][bolt-v2][PeriodicCheckQueueOperation]:message[Queue operation with name [BoltCtl retry limits not reached, waiting window is completed, ready to execute in 3.2.1..]
05-26 00:00:56.881 27259 17774 I System.out: [[BlockingEventLoop@8d18adc][unknown][info][bolt-v2][BoltManager]:message[periodic check operation running]
05-26 00:00:56.882 27259 17774 I System.out: [[Dispatchers.Default.limitedParallelism(1)][bolt-manager][debug][bolt-v2][BoltManager]:message[updatePredicate is Called by PeriodicCheckPredicate with value true]
05-26 00:00:56.882 27259 17774 I System.out: [[Dispatchers.Default.limitedParallelism(1)][bolt-manager][debug][bolt-v2][ConnectionManager]:message[Predicate BoltAppStatePredicate is not ready for making connection]
05-26 00:00:56.882 27259 17774 I System.out: [[Dispatchers.Default.limitedParallelism(1)][bolt-manager][debug][bolt-v2][BoltManager]:message[all predicates are evaluated, result [false]]
05-26 00:00:56.882 27259 17774 I System.out: [[Dispatchers.Default.limitedParallelism(1)][bolt-manager][debug][bolt-v2][BoltManager]:message[calculated is there any listener which is still active, result [true]]
05-26 00:00:56.882 27259 17774 I System.out: [[Dispatchers.Default.limitedParallelism(1)][bolt-manager][debug][bolt-v2][BoltManager]:message[calculated should bolt manager proceed with connection attempt for CONNECT_AGGRESSIVELY with predicate PeriodicCheckPredicate, result [false]]
05-26 00:00:56.882 27259 17774 I System.out: [[Dispatchers.Default.limitedParallelism(1)][bolt-manager][debug][bolt-v2][BoltManager]:message[connection state [DISCONNECTED] and the connection verdict [false] is same, no need to proceed further.]
05-26 00:00:56.882 27259 17774 I System.out: [[Dispatchers.Default.limitedParallelism(1)][bolt-manager][debug][bolt-v2][PeriodicCheckQueueOperation]:message[Queue operation with name [BoltCtl] retried.]
05-26 00:00:56.883 27259 17774 I System.out: [[Dispatchers.Default.limitedParallelism(1)][bolt-manager][debug][bolt-v2][BoltControlManager]:message[execution completed for name [BoltCtl and item [PeriodicCheckQueueOperation(uniqueName=BoltCtl, retryConfig=com.phonepe.boltV2Sdk.external.RetryConfiguration@d7ab135, logger=com.phonepe.boltV2Sdk.internal.logger.core.DebugLogger@339c9ca, analyticManager=com.phonepe.boltV2Sdk.internal.BoltAnalyticManager@47ace6a, immediateExecute=false, queueOperationType=BOLT_PERIODIC_OPERATION, block=Function2<com.phonepe.boltV2Sdk.internal.boltctl.queueOperations.QueueOperation, kotlin.coroutines.Continuation<? super java.lang.Boolean>, java.lang.Object>)], checking for GC status]
05-26 00:00:57.126  1758  4641 I vendor.qti.bluetooth@1.0-ibs_handler: ProcessIbsCmd: Received IBS_WAKE_IND: 0xFD
05-26 00:00:57.126  1758  4641 D vendor.qti.bluetooth@1.0-ibs_handler: SerialClockVote: vote for UART CLK ON
05-26 00:00:57.127  1758  4641 D vendor.qti.bluetooth@1.0-wake_lock: Acquire wakelock is acquired 
05-26 00:00:57.127  1758  4641 I vendor.qti.bluetooth@1.0-ibs_handler: ProcessIbsCmd: Writing IBS_WAKE_ACK
05-26 00:00:57.129  3992  4648 I bt_stack: [INFO:btm_ble_gap.cc(3287)] btm_ble_process_adv_pkt_cont Data Complete 10:60:60:63:f5:e3
05-26 00:00:57.129  3992  4648 D bt_btm_ble: bool parse_adv_audio_uuids_from_adv_pkt(const uint8_t *, size_t, uint8_t): tmap_cap_pts: false
05-26 00:00:57.169  1758  4641 I vendor.qti.bluetooth@1.0-ibs_handler: ProcessIbsCmd: Received IBS_SLEEP_IND: 0xFE
05-26 00:00:57.169  1758  4641 D vendor.qti.bluetooth@1.0-ibs_handler: SerialClockVote: vote for UART CLK OFF
05-26 00:00:57.320  1758  4324 D vendor.qti.bluetooth@1.0-wake_lock: Release wakelock is released 
05-26 00:00:57.391  1758  4641 I vendor.qti.bluetooth@1.0-ibs_handler: ProcessIbsCmd: Received IBS_WAKE_IND: 0xFD
05-26 00:00:57.391  1758  4641 D vendor.qti.bluetooth@1.0-ibs_handler: SerialClockVote: vote for UART CLK ON
05-26 00:00:57.391  1758  4641 D vendor.qti.bluetooth@1.0-wake_lock: Acquire wakelock is acquired 
05-26 00:00:57.391  1758  4641 I vendor.qti.bluetooth@1.0-ibs_handler: ProcessIbsCmd: Writing IBS_WAKE_ACK
05-26 00:00:57.393  3992  4648 I bt_stack: [INFO:btm_ble_gap.cc(3287)] btm_ble_process_adv_pkt_cont Data Complete 10:60:60:63:f5:e3
05-26 00:00:57.393  3992  4648 D bt_btm_ble: bool parse_adv_audio_uuids_from_adv_pkt(const uint8_t *, size_t, uint8_t): tmap_cap_pts: false
05-26 00:00:57.433  1758  4641 I vendor.qti.bluetooth@1.0-ibs_handler: ProcessIbsCmd: Received IBS_SLEEP_IND: 0xFE
05-26 00:00:57.433  1758  4641 D vendor.qti.bluetooth@1.0-ibs_handler: SerialClockVote: vote for UART CLK OFF
05-26 00:00:57.585  1758  4324 D vendor.qti.bluetooth@1.0-wake_lock: Release wakelock is released 
05-26 00:00:57.668  1758  4641 I vendor.qti.bluetooth@1.0-ibs_handler: ProcessIbsCmd: Received IBS_WAKE_IND: 0xFD
05-26 00:00:57.668  1758  4641 D vendor.qti.bluetooth@1.0-ibs_handler: SerialClockVote: vote for UART CLK ON
05-26 00:00:57.669  1758  4641 D vendor.qti.bluetooth@1.0-wake_lock: Acquire wakelock is acquired 
05-26 00:00:57.669  1758  4641 I vendor.qti.bluetooth@1.0-ibs_handler: ProcessIbsCmd: Writing IBS_WAKE_ACK
05-26 00:00:57.670  3992  4648 I bt_stack: [INFO:btm_ble_gap.cc(3287)] btm_ble_process_adv_pkt_cont Data Complete 10:60:60:63:f5:e3
05-26 00:00:57.670  3992  4648 D bt_btm_ble: bool parse_adv_audio_uuids_from_adv_pkt(const uint8_t *, size_t, uint8_t): tmap_cap_pts: false
05-26 00:00:57.712  1758  4641 I vendor.qti.bluetooth@1.0-ibs_handler: ProcessIbsCmd: Received IBS_SLEEP_IND: 0xFE
05-26 00:00:57.712  1758  4641 D vendor.qti.bluetooth@1.0-ibs_handler: SerialClockVote: vote for UART CLK OFF
05-26 00:00:57.864  1758  4324 D vendor.qti.bluetooth@1.0-wake_lock: Release wakelock is released 
05-26 00:00:57.930  1758  4641 I vendor.qti.bluetooth@1.0-ibs_handler: ProcessIbsCmd: Received IBS_WAKE_IND: 0xFD
05-26 00:00:57.930  1758  4641 D vendor.qti.bluetooth@1.0-ibs_handler: SerialClockVote: vote for UART CLK ON
05-26 00:00:57.930  1758  4641 D vendor.qti.bluetooth@1.0-wake_lock: Acquire wakelock is acquired 
05-26 00:00:57.930  1758  4641 I vendor.qti.bluetooth@1.0-ibs_handler: ProcessIbsCmd: Writing IBS_WAKE_ACK
05-26 00:00:57.931  3992  4648 I bt_stack: [INFO:btm_ble_gap.cc(3287)] btm_ble_process_adv_pkt_cont Data Complete 10:60:60:63:f5:e3
05-26 00:00:57.932  3992  4648 D bt_btm_ble: bool parse_adv_audio_uuids_from_adv_pkt(const uint8_t *, size_t, uint8_t): tmap_cap_pts: false
05-26 00:00:57.973  1758  4641 I vendor.qti.bluetooth@1.0-ibs_handler: ProcessIbsCmd: Received IBS_SLEEP_IND: 0xFE
05-26 00:00:57.973  1758  4641 D vendor.qti.bluetooth@1.0-ibs_handler: SerialClockVote: vote for UART CLK OFF
05-26 00:00:58.046 31943 31943 W libc    : Access denied finding property "persist.adb.tls_server.enable"
