05-24 17:53:28.784  3992 18536 V Avrcp_ext: Device: OnePlus Nord Buds 2r : old state: PlaybackState {state=PLAYING(3), position=42524, buffered position=293781, speed=1.0, updated=1448197691, actions=7340031, custom actions=[], active item id=0, error=null}
05-24 17:53:28.784  3992 18536 V Avrcp_ext: Device: no name: 
05-24 17:53:28.784  3992 18536 V Avrcp_ext: Device: no name: 
05-24 17:53:28.784  3992 18536 V Avrcp_ext: Device: no name: 
05-24 17:53:28.784  3992 18536 V Avrcp_ext: Device: no name: 
05-24 17:53:28.784  1758  4641 I vendor.qti.bluetooth@1.0-ibs_handler: ProcessIbsCmd: Received IBS_WAKE_IND: 0xFD
05-24 17:53:28.784  3992 18536 V Avrcp_ext: updatePlayerStateAndPosition, old=PlaybackState {state=PLAYING(3), position=42524, buffered position=293781, speed=1.0, updated=1448197691, actions=7340031, custom actions=[], active item id=0, error=null}, state=PlaybackState {state=PLAYING(3), position=42764, buffered position=293781, speed=1.0, updated=1448197927, actions=7340031, custom actions=[], active item id=0, error=null}
05-24 17:53:28.784  3992 18536 V Avrcp_ext: old state = PlaybackState {state=PLAYING(3), position=42524, buffered position=293781, speed=1.0, updated=1448197691, actions=7340031, custom actions=[], active item id=0, error=null}, new state= PlaybackState {state=PLAYING(3), position=42764, buffered position=293781, speed=1.0, updated=1448197927, actions=7340031, custom actions=[], active item id=0, error=null}
05-24 17:53:28.784  3992 18536 D HeadsetService: getHeadsetService(): returning com.android.bluetooth.hfp.HeadsetService@9390a13
05-24 17:53:28.784  1758  4641 D vendor.qti.bluetooth@1.0-ibs_handler: SerialClockVote: vote for UART CLK ON
05-24 17:53:28.784  3992 18536 E HeadsetStateMachine: returning mCurrentState as Disconnected
05-24 17:53:28.784  3992 18536 E HeadsetStateMachine: returning mCurrentState as Connected
05-24 17:53:28.784  3992 18536 D HeadsetService:  isAudioOn: The number of audio connected devices 0
05-24 17:53:28.784  3992 18536 D HeadsetService: isScoOrCallActive(): Call Active:falseCall is Ringing:falseSCO is Active:false
05-24 17:53:28.784  3992 18536 E HeadsetStateMachine: returning mCurrentState as Disconnected
05-24 17:53:28.784  3992 18536 E HeadsetStateMachine: returning mCurrentState as Connected
05-24 17:53:28.784  3992 18536 D HeadsetService:  isAudioOn: The number of audio connected devices 0
05-24 17:53:28.784  3992 18536 V Avrcp_ext: isPlayStateTobeUpdated: device: 64:8F:DB:D5:6F:1C
05-24 17:53:28.784  3992 18536 V Avrcp_ext: Single connection exists
05-24 17:53:28.784  3992 18536 V Avrcp_ext: isPlayStateToBeUpdated device is active device
05-24 17:53:28.784  1758  4641 D vendor.qti.bluetooth@1.0-wake_lock: Acquire wakelock is acquired 
05-24 17:53:28.784  3992 18536 I Avrcp_ext: updatePlayStatusForDevice: device: 64:8F:DB:D5:6F:1C
05-24 17:53:28.784  3992 18536 V Avrcp_ext: updatePlaybackState (0): old=PlaybackState {state=PLAYING(3), position=42524, buffered position=293781, speed=1.0, updated=1448197691, actions=7340031, custom actions=[], active item id=0, error=null}(1), new=PlaybackState {state=PLAYING(3), position=42764, buffered position=293781, speed=1.0, updated=1448197927, actions=7340031, custom actions=[], active item id=0, error=null}(1)
05-24 17:53:28.784  1758  4641 I vendor.qti.bluetooth@1.0-ibs_handler: ProcessIbsCmd: Writing IBS_WAKE_ACK
05-24 17:53:28.784  3992 18536 I Avrcp_ext: Exit updatePlayStatusForDevice
05-24 17:53:28.784  3992 18536 E HeadsetStateMachine: returning mCurrentState as Disconnected
05-24 17:53:28.784  3992 18536 E HeadsetStateMachine: returning mCurrentState as Connected
05-24 17:53:28.784  3992 18536 D HeadsetService:  isAudioOn: The number of audio connected devices 0
05-24 17:53:28.784  3992 18536 D HeadsetService: isScoOrCallActive(): Call Active:falseCall is Ringing:falseSCO is Active:false
05-24 17:53:28.784  3992 18536 E HeadsetStateMachine: returning mCurrentState as Disconnected
05-24 17:53:28.784  3992 18536 E HeadsetStateMachine: returning mCurrentState as Connected
05-24 17:53:28.784  3992 18536 D HeadsetService:  isAudioOn: The number of audio connected devices 0
05-24 17:53:28.784  3992 18536 V Avrcp_ext: isPlayStateTobeUpdated: device: null
05-24 17:53:28.784  3992 18536 V Avrcp_ext: Single connection exists
05-24 17:53:28.784  3992 18536 E HeadsetStateMachine: returning mCurrentState as Disconnected
05-24 17:53:28.784  3992 18536 E HeadsetStateMachine: returning mCurrentState as Connected
05-24 17:53:28.784  3992 18536 D HeadsetService:  isAudioOn: The number of audio connected devices 0
05-24 17:53:28.784  3992 18536 D HeadsetService: isScoOrCallActive(): Call Active:falseCall is Ringing:falseSCO is Active:false
05-24 17:53:28.784  3992 18536 E HeadsetStateMachine: returning mCurrentState as Disconnected
05-24 17:53:28.784  3992 18536 E HeadsetStateMachine: returning mCurrentState as Connected
05-24 17:53:28.784  3992 18536 D HeadsetService:  isAudioOn: The number of audio connected devices 0
05-24 17:53:28.784  3992 18536 V Avrcp_ext: isPlayStateTobeUpdated: device: null
05-24 17:53:28.784  3992 18536 V Avrcp_ext: Single connection exists
05-24 17:53:28.784  3992 18536 E HeadsetStateMachine: returning mCurrentState as Disconnected
05-24 17:53:28.784  3992 18536 E HeadsetStateMachine: returning mCurrentState as Connected
05-24 17:53:28.784  3992 18536 D HeadsetService:  isAudioOn: The number of audio connected devices 0
05-24 17:53:28.784  3992 18536 D HeadsetService: isScoOrCallActive(): Call Active:falseCall is Ringing:falseSCO is Active:false
05-24 17:53:28.784  3992 18536 E HeadsetStateMachine: returning mCurrentState as Disconnected
05-24 17:53:28.784  3992 18536 E HeadsetStateMachine: returning mCurrentState as Connected
05-24 17:53:28.784  3992 18536 D HeadsetService:  isAudioOn: The number of audio connected devices 0
05-24 17:53:28.784  3992 18536 V Avrcp_ext: isPlayStateTobeUpdated: device: null
05-24 17:53:28.784  3992 18536 V Avrcp_ext: Single connection exists
05-24 17:53:28.784  3992 18536 E HeadsetStateMachine: returning mCurrentState as Disconnected
05-24 17:53:28.784  3992 18536 E HeadsetStateMachine: returning mCurrentState as Connected
05-24 17:53:28.784  3992 18536 D HeadsetService:  isAudioOn: The number of audio connected devices 0
05-24 17:53:28.784  3992 18536 D HeadsetService: isScoOrCallActive(): Call Active:falseCall is Ringing:falseSCO is Active:false
05-24 17:53:28.784  3992 18536 E HeadsetStateMachine: returning mCurrentState as Disconnected
05-24 17:53:28.784  3992 18536 E HeadsetStateMachine: returning mCurrentState as Connected
05-24 17:53:28.784  3992 18536 D HeadsetService:  isAudioOn: The number of audio connected devices 0
05-24 17:53:28.784  3992 18536 V Avrcp_ext: isPlayStateTobeUpdated: device: null
05-24 17:53:28.784  3992 18536 V Avrcp_ext: Single connection exists
05-24 17:53:28.784  3992 18536 D Avrcp_ext: Enter sendPlayPosNotificationRsp
05-24 17:53:28.784  3992 18536 D Avrcp_ext: sendPlayPosNotificationRsp: Not registered or requesting.
05-24 17:53:28.784  3992 18536 D Avrcp_ext: Enter sendPlayPosNotificationRsp
05-24 17:53:28.784  3992 18536 D Avrcp_ext: sendPlayPosNotificationRsp: Not registered or requesting.
05-24 17:53:28.784  3992 18536 D Avrcp_ext: Enter sendPlayPosNotificationRsp
05-24 17:53:28.784  3992 18536 D Avrcp_ext: sendPlayPosNotificationRsp: Not registered or requesting.
05-24 17:53:28.784  3992 18536 D Avrcp_ext: Enter sendPlayPosNotificationRsp
05-24 17:53:28.784  3992 18536 D Avrcp_ext: sendPlayPosNotificationRsp: Not registered or requesting.
05-24 17:53:28.784  3992 18536 D Avrcp_ext: Enter sendPlayPosNotificationRsp
05-24 17:53:28.784  3992 18536 D Avrcp_ext: sendPlayPosNotificationRsp: Not registered or requesting.
05-24 17:53:28.784  3992 18536 V Avrcp_ext: Exit updatePlayerStateAndPosition
05-24 17:53:28.785  3992 18536 D APM: ActiveDeviceManagerServiceLegacy: getActiveAbsoluteDevice(): device: 64:8F:DB:D5:6F:1C
05-24 17:53:28.785  3992 18536 D APM: ActiveDeviceManagerServiceLegacy: isStableState(): true
05-24 17:53:28.785  3992 18536 D Avrcp_ext: isAdmStable = true activeAbsAddr = 64:8F:DB:D5:6F:1C device = null
05-24 17:53:28.785  3992 18536 V APM: MediaControlManager: onPlaybackStateChanged
05-24 17:53:28.785  3992 18536 W McpService: updatePlaybackState state PlaybackState {state=PLAYING(3), position=42764, buffered position=293781, speed=1.0, updated=1448197927, actions=7340031, custom actions=[], active item id=0, error=null}
05-24 17:53:28.785  3992 18536 W McpService: updatePlaybackState mState: 1 state: 1
05-24 17:53:28.785  3992 18536 W Avrcp_ext: updated player state = PlaybackState {state=PLAYING(3), position=42764, buffered position=293781, speed=1.0, updated=1448197927, actions=7340031, custom actions=[], active item id=0, error=null}to MCP module also
05-24 17:53:28.785  3992 18536 V Avrcp_ext:  Exit onPlaybackStateChanged
05-24 17:53:28.785  3992 18536 V Avrcp_ext: onPlaybackStateChanged: state PlaybackState {state=PLAYING(3), position=42761, buffered position=293781, speed=1.0, updated=1448197923, actions=7340031, custom actions=[], active item id=0, error=null}
05-24 17:53:28.785  3992 18536 V APM: MediaControlManager: onPlaybackStateChanged
05-24 17:53:28.785  3992 18536 W McpService: updatePlaybackState state PlaybackState {state=PLAYING(3), position=42761, buffered position=293781, speed=1.0, updated=1448197923, actions=7340031, custom actions=[], active item id=0, error=null}
05-24 17:53:28.785  3992 18536 W McpService: updatePlaybackState mState: 1 state: 1
05-24 17:53:28.785  3992  4648 E bt_avp  : avdt_ad_tc_data_ind: type: x0, tcid: 0, ccb_idx: 0
05-24 17:53:28.785  3992  4648 D bt_btif : bta_av_ssm_execute(): AV Sevent(0x41)=0x1229(AVDT_DELAY_RPT) state=3(OPEN)
05-24 17:53:28.785  3992  4648 E bt_btif : bta_av_co_audio_delay: handle: x41, delay:0x47e
05-24 17:53:28.785  3992  4648 W bt_stack: [WARNING:a2dp_encoding.cc(2309)] is_qc_hal_enabled
05-24 17:53:28.785  3992  4648 W bt_stack: [WARNING:a2dp_encoding.cc(2288)] get_hal_version
05-24 17:53:28.785  3992  4648 E bt_btif : bta_av_co_get_active_peer: active peer index: 0
05-24 17:53:28.785  1758  1758 I vendor.qti.bluetooth@1.0-ibs_handler: DeviceWakeUp: Writing IBS_WAKE_IND
05-24 17:53:28.785  3992  4648 D bt_btif : btif_ahim_set_remote_delay: AIDL, profile: 1, delay_report: 1150
05-24 17:53:28.785  3992  4648 W bt_stack: [WARNING:a2dp_encoding.cc(2309)] is_qc_hal_enabled
05-24 17:53:28.785  3992  4648 W bt_stack: [WARNING:a2dp_encoding.cc(2288)] get_hal_version
05-24 17:53:28.785  3992  4648 D bt_btif : btif_ahim_set_remote_delay: QC
05-24 17:53:28.786  3992  4648 I bt_stack: [INFO:a2dp_encoding.cc(2820)] set_remote_delay: DELAY 115 ms
05-24 17:53:28.786  1758  4641 I vendor.qti.bluetooth@1.0-ibs_handler: ProcessIbsCmd: Received IBS_WAKE_ACK: 0xFC
05-24 17:53:28.786  1758  4641 I vendor.qti.bluetooth@1.0-ibs_handler: ProcessIbsCmd: Signal wack_cond_
05-24 17:53:28.786  1758  1758 D vendor.qti.bluetooth@1.0-ibs_handler: DeviceWakeUp: Unblocked from waiting for FC, pthread_cond_timedwait ret = 0
05-24 17:53:28.786  1756 22175 I BluetoothA2dpControl: updateSinkLatency Latency update from stack: 1150
05-24 17:53:28.786  1756 22175 I BTAudioProviderSession_2_1: OnSessionParamUpdate Update Sink Latency: 1150
05-24 17:53:28.786  3992 18536 V Avrcp_ext: updateCurrentMediaState: mMediaController: MediaController (com.deepeye.musicpro.debug@a52cab7) Bairan 💗 New Haryanvi Song| Heart Touching Love Story | Viral Song 2026 #bairan #bairansong, Awaaj De, null
05-24 17:53:28.786  3992 18536 W Avrcp_ext: isMusicActive: true getBluetoothPlayState: 1 A2dp State: 10 mAudioPlaybackIsActive: true
05-24 17:53:28.787  3992 18536 D Avrcp_ext: isMusicActive = true mAudioPlaybackIsActive = true player state = PlaybackState {state=PLAYING(3), position=42772, buffered position=293781, speed=1.0, updated=1448197935, actions=7340031, custom actions=[], active item id=0, error=null}
05-24 17:53:28.788  3992 18536 D Avrcp_ext: overwrite album_artist :if album is blank
05-24 17:53:28.788  3992 18536 D AvrcpBipRsp:  getImgHandle device :64:8F:DB:D5:6F:1C data :android.media.MediaMetadata@b53459b1
05-24 17:53:28.788  3992 18536 W AvrcpBipRsp: getImgHandle bipSm null
05-24 17:53:28.788  3992 18536 D Avrcp_ext:  getImgHandle device:64:8F:DB:D5:6F:1C data:android.media.MediaMetadata@b53459b1 isKeyContains true Handle 
05-24 17:53:28.789  3992 18536 I Avrcp_ext: device found at index 0
05-24 17:53:28.789  3992 18536 V Avrcp_ext: updateCurrentMediaState: addr: [B@1e389b
05-24 17:53:28.789  3992 18536 V Avrcp_ext: Media update: id 0➡0? [MediaAttributes: B⋯g -  by A⋯e (293781 0/0) - ] : [MediaAttributes: B⋯g -  by A⋯e (293781 0/0) - ]
05-24 17:53:28.789  3992 18536 D Avrcp_ext: isPackageNameValid: browsedPackage = com.deepeye.musicpro.debugisValid = true
05-24 17:53:28.789  3992 18536 V Avrcp_ext: isBrowseSupported for com.deepeye.musicpro.debug: false
05-24 17:53:28.789  3992 18536 W Avrcp_ext: updateCurrentMediaState: isInactivePlayer = false
05-24 17:53:28.789  3992 18536 V Avrcp_ext: updatePlaybackState, state: PlaybackState {state=PLAYING(3), position=42772, buffered position=293781, speed=1.0, updated=1448197935, actions=7340031, custom actions=[], active item id=0, error=null} device: null
05-24 17:53:28.790  3992 18536 D BroadcastService: getBroadcastAddress
05-24 17:53:28.790  3992 18536 D BroadcastService: isBroadcastActive: Broadcast is turned to off
05-24 17:53:28.790  3992 18536 V Avrcp_ext: Device: OnePlus Nord Buds 2r : old state: PlaybackState {state=PLAYING(3), position=42764, buffered position=293781, speed=1.0, updated=1448197927, actions=7340031, custom actions=[], active item id=0, error=null}
05-24 17:53:28.790  3992 18536 V Avrcp_ext: Device: no name: 
05-24 17:53:28.790  3992 18536 V Avrcp_ext: Device: no name: 
05-24 17:53:28.790  3992 18536 V Avrcp_ext: Device: no name: 
05-24 17:53:28.790  3992 18536 V Avrcp_ext: Device: no name: 
05-24 17:53:28.790  3992 18536 V Avrcp_ext: updatePlayerStateAndPosition, old=PlaybackState {state=PLAYING(3), position=42764, buffered position=293781, speed=1.0, updated=1448197927, actions=7340031, custom actions=[], active item id=0, error=null}, state=PlaybackState {state=PLAYING(3), position=42772, buffered position=293781, speed=1.0, updated=1448197935, actions=7340031, custom actions=[], active item id=0, error=null}
05-24 17:53:28.790  3992 18536 V Avrcp_ext: old state = PlaybackState {state=PLAYING(3), position=42764, buffered position=293781, speed=1.0, updated=1448197927, actions=7340031, custom actions=[], active item id=0, error=null}, new state= PlaybackState {state=PLAYING(3), position=42772, buffered position=293781, speed=1.0, updated=1448197935, actions=7340031, custom actions=[], active item id=0, error=null}
05-24 17:53:28.790  3992 18536 D HeadsetService: getHeadsetService(): returning com.android.bluetooth.hfp.HeadsetService@9390a13
05-24 17:53:28.790  3992 18536 E HeadsetStateMachine: returning mCurrentState as Disconnected
05-24 17:53:28.790  3992 18536 E HeadsetStateMachine: returning mCurrentState as Connected
05-24 17:53:28.790  3992 18536 D HeadsetService:  isAudioOn: The number of audio connected devices 0
05-24 17:53:28.790  3992 18536 D HeadsetService: isScoOrCallActive(): Call Active:falseCall is Ringing:falseSCO is Active:false
05-24 17:53:28.790  3992 18536 E HeadsetStateMachine: returning mCurrentState as Disconnected
05-24 17:53:28.790  3992 18536 E HeadsetStateMachine: returning mCurrentState as Connected
05-24 17:53:28.790  3992 18536 D HeadsetService:  isAudioOn: The number of audio connected devices 0
05-24 17:53:28.790  3992 18536 V Avrcp_ext: isPlayStateTobeUpdated: device: 64:8F:DB:D5:6F:1C
05-24 17:53:28.790  3992 18536 V Avrcp_ext: Single connection exists
05-24 17:53:28.790  3992 18536 V Avrcp_ext: isPlayStateToBeUpdated device is active device
05-24 17:53:28.790  3992 18536 I Avrcp_ext: updatePlayStatusForDevice: device: 64:8F:DB:D5:6F:1C
05-24 17:53:28.790  3992 18536 V Avrcp_ext: updatePlaybackState (0): old=PlaybackState {state=PLAYING(3), position=42764, buffered position=293781, speed=1.0, updated=1448197927, actions=7340031, custom actions=[], active item id=0, error=null}(1), new=PlaybackState {state=PLAYING(3), position=42772, buffered position=293781, speed=1.0, updated=1448197935, actions=7340031, custom actions=[], active item id=0, error=null}(1)
05-24 17:53:28.790  3992 18536 I Avrcp_ext: Exit updatePlayStatusForDevice
05-24 17:53:28.790  3992 18536 E HeadsetStateMachine: returning mCurrentState as Disconnected
05-24 17:53:28.790  3992 18536 E HeadsetStateMachine: returning mCurrentState as Connected
05-24 17:53:28.790  3992 18536 D HeadsetService:  isAudioOn: The number of audio connected devices 0
05-24 17:53:28.790  3992 18536 D HeadsetService: isScoOrCallActive(): Call Active:falseCall is Ringing:falseSCO is Active:false
05-24 17:53:28.790  3992 18536 E HeadsetStateMachine: returning mCurrentState as Disconnected
05-24 17:53:28.790  3992 18536 E HeadsetStateMachine: returning mCurrentState as Connected
05-24 17:53:28.790  3992 18536 D HeadsetService:  isAudioOn: The number of audio connected devices 0
05-24 17:53:28.790  3992 18536 V Avrcp_ext: isPlayStateTobeUpdated: device: null
05-24 17:53:28.790  3992 18536 V Avrcp_ext: Single connection exists
05-24 17:53:28.790  3992 18536 E HeadsetStateMachine: returning mCurrentState as Disconnected
05-24 17:53:28.790  3992 18536 E HeadsetStateMachine: returning mCurrentState as Connected
05-24 17:53:28.790  3992 18536 D HeadsetService:  isAudioOn: The number of audio connected devices 0
05-24 17:53:28.790  3992 18536 D HeadsetService: isScoOrCallActive(): Call Active:falseCall is Ringing:falseSCO is Active:false
05-24 17:53:28.790  3992 18536 E HeadsetStateMachine: returning mCurrentState as Disconnected
05-24 17:53:28.790  3992 18536 E HeadsetStateMachine: returning mCurrentState as Connected
05-24 17:53:28.790  3992 18536 D HeadsetService:  isAudioOn: The number of audio connected devices 0
05-24 17:53:28.790  3992 18536 V Avrcp_ext: isPlayStateTobeUpdated: device: null
05-24 17:53:28.790  3992 18536 V Avrcp_ext: Single connection exists
05-24 17:53:28.790  3992 18536 E HeadsetStateMachine: returning mCurrentState as Disconnected
05-24 17:53:28.790  3992 18536 E HeadsetStateMachine: returning mCurrentState as Connected
05-24 17:53:28.790  3992 18536 D HeadsetService:  isAudioOn: The number of audio connected devices 0
05-24 17:53:28.790  3992 18536 D HeadsetService: isScoOrCallActive(): Call Active:falseCall is Ringing:falseSCO is Active:false
05-24 17:53:28.790  3992 18536 E HeadsetStateMachine: returning mCurrentState as Disconnected
05-24 17:53:28.790  3992 18536 E HeadsetStateMachine: returning mCurrentState as Connected
05-24 17:53:28.790  3992 18536 D HeadsetService:  isAudioOn: The number of audio connected devices 0
05-24 17:53:28.790  3992 18536 V Avrcp_ext: isPlayStateTobeUpdated: device: null
05-24 17:53:28.790  3992 18536 V Avrcp_ext: Single connection exists
05-24 17:53:28.790  3992 18536 E HeadsetStateMachine: returning mCurrentState as Disconnected
05-24 17:53:28.790  3992 18536 E HeadsetStateMachine: returning mCurrentState as Connected
05-24 17:53:28.790  3992 18536 D HeadsetService:  isAudioOn: The number of audio connected devices 0
05-24 17:53:28.790  3992 18536 D HeadsetService: isScoOrCallActive(): Call Active:falseCall is Ringing:falseSCO is Active:false
05-24 17:53:28.790  3992 18536 E HeadsetStateMachine: returning mCurrentState as Disconnected
05-24 17:53:28.790  3992 18536 E HeadsetStateMachine: returning mCurrentState as Connected
05-24 17:53:28.790  3992 18536 D HeadsetService:  isAudioOn: The number of audio connected devices 0
05-24 17:53:28.790  3992 18536 V Avrcp_ext: isPlayStateTobeUpdated: device: null
05-24 17:53:28.790  3992 18536 V Avrcp_ext: Single connection exists
05-24 17:53:28.790  3992 18536 D Avrcp_ext: Enter sendPlayPosNotificationRsp
05-24 17:53:28.790  3992 18536 D Avrcp_ext: sendPlayPosNotificationRsp: Not registered or requesting.
05-24 17:53:28.790  3992 18536 D Avrcp_ext: Enter sendPlayPosNotificationRsp
05-24 17:53:28.790  3992 18536 D Avrcp_ext: sendPlayPosNotificationRsp: Not registered or requesting.
05-24 17:53:28.790  3992 18536 D Avrcp_ext: Enter sendPlayPosNotificationRsp
05-24 17:53:28.790  3992 18536 D Avrcp_ext: sendPlayPosNotificationRsp: Not registered or requesting.
05-24 17:53:28.790  3992 18536 D Avrcp_ext: Enter sendPlayPosNotificationRsp
05-24 17:53:28.790  3992 18536 D Avrcp_ext: sendPlayPosNotificationRsp: Not registered or requesting.
05-24 17:53:28.790  3992 18536 D Avrcp_ext: Enter sendPlayPosNotificationRsp
05-24 17:53:28.790  3992 18536 D Avrcp_ext: sendPlayPosNotificationRsp: Not registered or requesting.
05-24 17:53:28.790  3992 18536 V Avrcp_ext: Exit updatePlayerStateAndPosition
05-24 17:53:28.790  3992 18536 D APM: ActiveDeviceManagerServiceLegacy: getActiveAbsoluteDevice(): device: 64:8F:DB:D5:6F:1C
05-24 17:53:28.790  3992 18536 D APM: ActiveDeviceManagerServiceLegacy: isStableState(): true
05-24 17:53:28.790  3992 18536 D Avrcp_ext: isAdmStable = true activeAbsAddr = 64:8F:DB:D5:6F:1C device = null
05-24 17:53:28.790  3992 18536 V APM: MediaControlManager: onPlaybackStateChanged
05-24 17:53:28.790  3992 18536 W McpService: updatePlaybackState state PlaybackState {state=PLAYING(3), position=42772, buffered position=293781, speed=1.0, updated=1448197935, actions=7340031, custom actions=[], active item id=0, error=null}
05-24 17:53:28.790  3992 18536 W McpService: updatePlaybackState mState: 1 state: 1
05-24 17:53:28.790  3992 18536 W Avrcp_ext: updated player state = PlaybackState {state=PLAYING(3), position=42772, buffered position=293781, speed=1.0, updated=1448197935, actions=7340031, custom actions=[], active item id=0, error=null}to MCP module also
05-24 17:53:28.790  3992 18536 V Avrcp_ext:  Exit onPlaybackStateChanged
05-24 17:53:28.790  3992 18536 V Avrcp_ext: onPlaybackStateChanged: state PlaybackState {state=PLAYING(3), position=42761, buffered position=293781, speed=1.0, updated=1448197924, actions=7340031, custom actions=[], active item id=0, error=null}
05-24 17:53:28.790  3992 18536 V APM: MediaControlManager: onPlaybackStateChanged
05-24 17:53:28.790  3992 18536 W McpService: updatePlaybackState state PlaybackState {state=PLAYING(3), position=42761, buffered position=293781, speed=1.0, updated=1448197924, actions=7340031, custom actions=[], active item id=0, error=null}
05-24 17:53:28.790  3992 18536 W McpService: updatePlaybackState mState: 1 state: 1
05-24 17:53:28.792  3992 18536 V Avrcp_ext: updateCurrentMediaState: mMediaController: MediaController (com.deepeye.musicpro.debug@a52cab7) Bairan 💗 New Haryanvi Song| Heart Touching Love Story | Viral Song 2026 #bairan #bairansong, Awaaj De, null
05-24 17:53:28.792  3992 18536 W Avrcp_ext: isMusicActive: true getBluetoothPlayState: 1 A2dp State: 10 mAudioPlaybackIsActive: true
05-24 17:53:28.792  3992 18536 D Avrcp_ext: isMusicActive = true mAudioPlaybackIsActive = true player state = PlaybackState {state=PLAYING(3), position=42777, buffered position=293781, speed=1.0, updated=1448197940, actions=7340031, custom actions=[], active item id=0, error=null}
05-24 17:53:28.794  3992 18536 D Avrcp_ext: overwrite album_artist :if album is blank
05-24 17:53:28.794  3992 18536 D AvrcpBipRsp:  getImgHandle device :64:8F:DB:D5:6F:1C data :android.media.MediaMetadata@b53459b1
05-24 17:53:28.794  3992 18536 W AvrcpBipRsp: getImgHandle bipSm null
05-24 17:53:28.794  3992 18536 D Avrcp_ext:  getImgHandle device:64:8F:DB:D5:6F:1C data:android.media.MediaMetadata@b53459b1 isKeyContains true Handle 
05-24 17:53:28.795  3992 18536 I Avrcp_ext: device found at index 0
05-24 17:53:28.795  3992 18536 V Avrcp_ext: updateCurrentMediaState: addr: [B@cb5bf02
05-24 17:53:28.795  3992 18536 V Avrcp_ext: Media update: id 0➡0? [MediaAttributes: B⋯g -  by A⋯e (293781 0/0) - ] : [MediaAttributes: B⋯g -  by A⋯e (293781 0/0) - ]
05-24 17:53:28.795  3992 18536 D Avrcp_ext: isPackageNameValid: browsedPackage = com.deepeye.musicpro.debugisValid = true
05-24 17:53:28.795  3992 18536 V Avrcp_ext: isBrowseSupported for com.deepeye.musicpro.debug: false
05-24 17:53:28.795  3992 18536 W Avrcp_ext: updateCurrentMediaState: isInactivePlayer = false
05-24 17:53:28.796  3992 18536 V Avrcp_ext: updatePlaybackState, state: PlaybackState {state=PLAYING(3), position=42777, buffered position=293781, speed=1.0, updated=1448197940, actions=7340031, custom actions=[], active item id=0, error=null} device: null
05-24 17:53:28.796  3992 18536 D BroadcastService: getBroadcastAddress
05-24 17:53:28.796  3992 18536 D BroadcastService: isBroadcastActive: Broadcast is turned to off
05-24 17:53:28.796  3992 18536 V Avrcp_ext: Device: OnePlus Nord Buds 2r : old state: PlaybackState {state=PLAYING(3), position=42772, buffered position=293781, speed=1.0, updated=1448197935, actions=7340031, custom actions=[], active item id=0, error=null}
05-24 17:53:28.796  3992 18536 V Avrcp_ext: Device: no name: 
05-24 17:53:28.796  3992 18536 V Avrcp_ext: Device: no name: 
05-24 17:53:28.796  3992 18536 V Avrcp_ext: Device: no name: 
05-24 17:53:28.796  3992 18536 V Avrcp_ext: Device: no name: 
05-24 17:53:28.796  3992 18536 V Avrcp_ext: updatePlayerStateAndPosition, old=PlaybackState {state=PLAYING(3), position=42772, buffered position=293781, speed=1.0, updated=1448197935, actions=7340031, custom actions=[], active item id=0, error=null}, state=PlaybackState {state=PLAYING(3), position=42777, buffered position=293781, speed=1.0, updated=1448197940, actions=7340031, custom actions=[], active item id=0, error=null}
05-24 17:53:28.796  3992 18536 V Avrcp_ext: old state = PlaybackState {state=PLAYING(3), position=42772, buffered position=293781, speed=1.0, updated=1448197935, actions=7340031, custom actions=[], active item id=0, error=null}, new state= PlaybackState {state=PLAYING(3), position=42777, buffered position=293781, speed=1.0, updated=1448197940, actions=7340031, custom actions=[], active item id=0, error=null}
05-24 17:53:28.796  3992 18536 D HeadsetService: getHeadsetService(): returning com.android.bluetooth.hfp.HeadsetService@9390a13
05-24 17:53:28.796  3992 18536 E HeadsetStateMachine: returning mCurrentState as Disconnected
05-24 17:53:28.796  3992 18536 E HeadsetStateMachine: returning mCurrentState as Connected
05-24 17:53:28.796  3992 18536 D HeadsetService:  isAudioOn: The number of audio connected devices 0
05-24 17:53:28.796  3992 18536 D HeadsetService: isScoOrCallActive(): Call Active:falseCall is Ringing:falseSCO is Active:false
05-24 17:53:28.796  3992 18536 E HeadsetStateMachine: returning mCurrentState as Disconnected
05-24 17:53:28.796  3992 18536 E HeadsetStateMachine: returning mCurrentState as Connected
05-24 17:53:28.796  3992 18536 D HeadsetService:  isAudioOn: The number of audio connected devices 0
05-24 17:53:28.796  3992 18536 V Avrcp_ext: isPlayStateTobeUpdated: device: 64:8F:DB:D5:6F:1C
05-24 17:53:28.796  3992 18536 V Avrcp_ext: Single connection exists
05-24 17:53:28.796  3992 18536 V Avrcp_ext: isPlayStateToBeUpdated device is active device
05-24 17:53:28.796  3992 18536 I Avrcp_ext: updatePlayStatusForDevice: device: 64:8F:DB:D5:6F:1C
05-24 17:53:28.796  3992 18536 V Avrcp_ext: updatePlaybackState (0): old=PlaybackState {state=PLAYING(3), position=42772, buffered position=293781, speed=1.0, updated=1448197935, actions=7340031, custom actions=[], active item id=0, error=null}(1), new=PlaybackState {state=PLAYING(3), position=42777, buffered position=293781, speed=1.0, updated=1448197940, actions=7340031, custom actions=[], active item id=0, error=null}(1)
05-24 17:53:28.796  3992 18536 I Avrcp_ext: Exit updatePlayStatusForDevice
05-24 17:53:28.796  3992 18536 E HeadsetStateMachine: returning mCurrentState as Disconnected
05-24 17:53:28.796  3992 18536 E HeadsetStateMachine: returning mCurrentState as Connected
05-24 17:53:28.796  3992 18536 D HeadsetService:  isAudioOn: The number of audio connected devices 0
05-24 17:53:28.796  3992 18536 D HeadsetService: isScoOrCallActive(): Call Active:falseCall is Ringing:falseSCO is Active:false
05-24 17:53:28.796  3992 18536 E HeadsetStateMachine: returning mCurrentState as Disconnected
05-24 17:53:28.796  3992 18536 E HeadsetStateMachine: returning mCurrentState as Connected
05-24 17:53:28.796  3992 18536 D HeadsetService:  isAudioOn: The number of audio connected devices 0
05-24 17:53:28.796  3992 18536 V Avrcp_ext: isPlayStateTobeUpdated: device: null
05-24 17:53:28.796  3992 18536 V Avrcp_ext: Single connection exists
05-24 17:53:28.796  3992 18536 E HeadsetStateMachine: returning mCurrentState as Disconnected
05-24 17:53:28.796  3992 18536 E HeadsetStateMachine: returning mCurrentState as Connected
05-24 17:53:28.796  3992 18536 D HeadsetService:  isAudioOn: The number of audio connected devices 0
05-24 17:53:28.796  3992 18536 D HeadsetService: isScoOrCallActive(): Call Active:falseCall is Ringing:falseSCO is Active:false
05-24 17:53:28.796  3992 18536 E HeadsetStateMachine: returning mCurrentState as Disconnected
05-24 17:53:28.796  3992 18536 E HeadsetStateMachine: returning mCurrentState as Connected
05-24 17:53:28.796  3992 18536 D HeadsetService:  isAudioOn: The number of audio connected devices 0
05-24 17:53:28.796  3992 18536 V Avrcp_ext: isPlayStateTobeUpdated: device: null
05-24 17:53:28.796  3992 18536 V Avrcp_ext: Single connection exists
05-24 17:53:28.796  3992 18536 E HeadsetStateMachine: returning mCurrentState as Disconnected
05-24 17:53:28.796  3992 18536 E HeadsetStateMachine: returning mCurrentState as Connected
05-24 17:53:28.796  3992 18536 D HeadsetService:  isAudioOn: The number of audio connected devices 0
05-24 17:53:28.796  3992 18536 D HeadsetService: isScoOrCallActive(): Call Active:falseCall is Ringing:falseSCO is Active:false
05-24 17:53:28.796  3992 18536 E HeadsetStateMachine: returning mCurrentState as Disconnected
05-24 17:53:28.796  3992 18536 E HeadsetStateMachine: returning mCurrentState as Connected
05-24 17:53:28.796  3992 18536 D HeadsetService:  isAudioOn: The number of audio connected devices 0
05-24 17:53:28.796  3992 18536 V Avrcp_ext: isPlayStateTobeUpdated: device: null
05-24 17:53:28.796  3992 18536 V Avrcp_ext: Single connection exists
05-24 17:53:28.796  3992 18536 E HeadsetStateMachine: returning mCurrentState as Disconnected
05-24 17:53:28.796  3992 18536 E HeadsetStateMachine: returning mCurrentState as Connected
05-24 17:53:28.796  3992 18536 D HeadsetService:  isAudioOn: The number of audio connected devices 0
05-24 17:53:28.796  3992 18536 D HeadsetService: isScoOrCallActive(): Call Active:falseCall is Ringing:falseSCO is Active:false
05-24 17:53:28.796  3992 18536 E HeadsetStateMachine: returning mCurrentState as Disconnected
05-24 17:53:28.796  3992 18536 E HeadsetStateMachine: returning mCurrentState as Connected
05-24 17:53:28.796  3992 18536 D HeadsetService:  isAudioOn: The number of audio connected devices 0
05-24 17:53:28.796  3992 18536 V Avrcp_ext: isPlayStateTobeUpdated: device: null
05-24 17:53:28.796  3992 18536 V Avrcp_ext: Single connection exists
05-24 17:53:28.796  3992 18536 D Avrcp_ext: Enter sendPlayPosNotificationRsp
05-24 17:53:28.796  3992 18536 D Avrcp_ext: sendPlayPosNotificationRsp: Not registered or requesting.
05-24 17:53:28.796  3992 18536 D Avrcp_ext: Enter sendPlayPosNotificationRsp
05-24 17:53:28.796  3992 18536 D Avrcp_ext: sendPlayPosNotificationRsp: Not registered or requesting.
05-24 17:53:28.796  3992 18536 D Avrcp_ext: Enter sendPlayPosNotificationRsp
05-24 17:53:28.796  3992 18536 D Avrcp_ext: sendPlayPosNotificationRsp: Not registered or requesting.
05-24 17:53:28.796  3992 18536 D Avrcp_ext: Enter sendPlayPosNotificationRsp
05-24 17:53:28.796  3992 18536 D Avrcp_ext: sendPlayPosNotificationRsp: Not registered or requesting.
05-24 17:53:28.796  3992 18536 D Avrcp_ext: Enter sendPlayPosNotificationRsp
05-24 17:53:28.796  3992 18536 D Avrcp_ext: sendPlayPosNotificationRsp: Not registered or requesting.
05-24 17:53:28.796  3992 18536 V Avrcp_ext: Exit updatePlayerStateAndPosition
05-24 17:53:28.796  3992 18536 D APM: ActiveDeviceManagerServiceLegacy: getActiveAbsoluteDevice(): device: 64:8F:DB:D5:6F:1C
05-24 17:53:28.796  3992 18536 D APM: ActiveDeviceManagerServiceLegacy: isStableState(): true
05-24 17:53:28.796  3992 18536 D Avrcp_ext: isAdmStable = true activeAbsAddr = 64:8F:DB:D5:6F:1C device = null
05-24 17:53:28.796  3992 18536 V APM: MediaControlManager: onPlaybackStateChanged
05-24 17:53:28.796  3992 18536 W McpService: updatePlaybackState state PlaybackState {state=PLAYING(3), position=42777, buffered position=293781, speed=1.0, updated=1448197940, actions=7340031, custom actions=[], active item id=0, error=null}
05-24 17:53:28.796  3992 18536 W McpService: updatePlaybackState mState: 1 state: 1
05-24 17:53:28.796  3992 18536 W Avrcp_ext: updated player state = PlaybackState {state=PLAYING(3), position=42777, buffered position=293781, speed=1.0, updated=1448197940, actions=7340031, custom actions=[], active item id=0, error=null}to MCP module also
05-24 17:53:28.796  3992 18536 V Avrcp_ext:  Exit onPlaybackStateChanged
05-24 17:53:28.807  7566  7613 W qdgralloc: getInterlacedFlag: getMetaData returned -22, defaulting to interlaced_flag = 0
05-24 17:53:28.832  1758  4641 I vendor.qti.bluetooth@1.0-ibs_handler: ProcessIbsCmd: Received IBS_SLEEP_IND: 0xFE
05-24 17:53:28.836  7566  7613 W qdgralloc: getInterlacedFlag: getMetaData returned -22, defaulting to interlaced_flag = 0
05-24 17:53:28.872  7566  7613 W qdgralloc: getInterlacedFlag: getMetaData returned -22, defaulting to interlaced_flag = 0
05-24 17:53:28.908  7566  7613 W qdgralloc: getInterlacedFlag: getMetaData returned -22, defaulting to interlaced_flag = 0
05-24 17:53:28.924  7566  9617 D BufferPoolAccessor2.0: bufferpool2 0xb400007976cdfe58 : 5(19599360 size) total buffers - 4(15679488 size) used buffers - 1276/1281 (recycle/alloc) - 8/1279 (fetch/transfer)
05-24 17:53:28.941  7566  7613 W qdgralloc: getInterlacedFlag: getMetaData returned -22, defaulting to interlaced_flag = 0
05-24 17:53:28.969  7566  7613 W qdgralloc: getInterlacedFlag: getMetaData returned -22, defaulting to interlaced_flag = 0
05-24 17:53:29.005  7566  7613 W qdgralloc: getInterlacedFlag: getMetaData returned -22, defaulting to interlaced_flag = 0
05-24 17:53:29.021  3992 18536 V Avrcp_ext: onPlaybackStateChanged: state PlaybackState {state=PLAYING(3), position=43006, buffered position=293781, speed=1.0, updated=1448198167, actions=7340031, custom actions=[], active item id=0, error=null}
05-24 17:53:29.021  3992 18536 V APM: MediaControlManager: onPlaybackStateChanged
05-24 17:53:29.021  3992 18536 W McpService: updatePlaybackState state PlaybackState {state=PLAYING(3), position=43006, buffered position=293781, speed=1.0, updated=1448198167, actions=7340031, custom actions=[], active item id=0, error=null}
05-24 17:53:29.021  3992 18536 W McpService: updatePlaybackState mState: 1 state: 1
05-24 17:53:29.025  3992 18536 V Avrcp_ext: updateCurrentMediaState: mMediaController: MediaController (com.deepeye.musicpro.debug@a52cab7) Bairan 💗 New Haryanvi Song| Heart Touching Love Story | Viral Song 2026 #bairan #bairansong, Awaaj De, null
05-24 17:53:29.025  3992 18536 W Avrcp_ext: isMusicActive: true getBluetoothPlayState: 1 A2dp State: 10 mAudioPlaybackIsActive: true
05-24 17:53:29.026  3992 18536 D Avrcp_ext: isMusicActive = true mAudioPlaybackIsActive = true player state = PlaybackState {state=PLAYING(3), position=43011, buffered position=293781, speed=1.0, updated=1448198174, actions=7340031, custom actions=[], active item id=0, error=null}
05-24 17:53:29.027  3992 18536 D Avrcp_ext: overwrite album_artist :if album is blank
05-24 17:53:29.027  3992 18536 D AvrcpBipRsp:  getImgHandle device :64:8F:DB:D5:6F:1C data :android.media.MediaMetadata@b53459b1
05-24 17:53:29.027  3992 18536 W AvrcpBipRsp: getImgHandle bipSm null
05-24 17:53:29.027  3992 18536 D Avrcp_ext:  getImgHandle device:64:8F:DB:D5:6F:1C data:android.media.MediaMetadata@b53459b1 isKeyContains true Handle 
05-24 17:53:29.029  3992 18536 I Avrcp_ext: device found at index 0
05-24 17:53:29.029  3992 18536 V Avrcp_ext: updateCurrentMediaState: addr: [B@c91c405
05-24 17:53:29.029  3992 18536 V Avrcp_ext: Media update: id 0➡0? [MediaAttributes: B⋯g -  by A⋯e (293781 0/0) - ] : [MediaAttributes: B⋯g -  by A⋯e (293781 0/0) - ]
05-24 17:53:29.029  3992 18536 D Avrcp_ext: isPackageNameValid: browsedPackage = com.deepeye.musicpro.debugisValid = true
05-24 17:53:29.029  3992 18536 V Avrcp_ext: isBrowseSupported for com.deepeye.musicpro.debug: false
05-24 17:53:29.029  3992 18536 W Avrcp_ext: updateCurrentMediaState: isInactivePlayer = false
05-24 17:53:29.029  3992 18536 V Avrcp_ext: updatePlaybackState, state: PlaybackState {state=PLAYING(3), position=43011, buffered position=293781, speed=1.0, updated=1448198174, actions=7340031, custom actions=[], active item id=0, error=null} device: null
05-24 17:53:29.030  3992 18536 D BroadcastService: getBroadcastAddress
05-24 17:53:29.030  3992 18536 D BroadcastService: isBroadcastActive: Broadcast is turned to off
05-24 17:53:29.030  3992 18536 V Avrcp_ext: Device: OnePlus Nord Buds 2r : old state: PlaybackState {state=PLAYING(3), position=42777, buffered position=293781, speed=1.0, updated=1448197940, actions=7340031, custom actions=[], active item id=0, error=null}
05-24 17:53:29.030  3992 18536 V Avrcp_ext: Device: no name: 
05-24 17:53:29.030  3992 18536 V Avrcp_ext: Device: no name: 
05-24 17:53:29.030  3992 18536 V Avrcp_ext: Device: no name: 
05-24 17:53:29.030  3992 18536 V Avrcp_ext: Device: no name: 
05-24 17:53:29.030  3992 18536 V Avrcp_ext: updatePlayerStateAndPosition, old=PlaybackState {state=PLAYING(3), position=42777, buffered position=293781, speed=1.0, updated=1448197940, actions=7340031, custom actions=[], active item id=0, error=null}, state=PlaybackState {state=PLAYING(3), position=43011, buffered position=293781, speed=1.0, updated=1448198174, actions=7340031, custom actions=[], active item id=0, error=null}
05-24 17:53:29.030  3992 18536 V Avrcp_ext: old state = PlaybackState {state=PLAYING(3), position=42777, buffered position=293781, speed=1.0, updated=1448197940, actions=7340031, custom actions=[], active item id=0, error=null}, new state= PlaybackState {state=PLAYING(3), position=43011, buffered position=293781, speed=1.0, updated=1448198174, actions=7340031, custom actions=[], active item id=0, error=null}
05-24 17:53:29.030  3992 18536 D HeadsetService: getHeadsetService(): returning com.android.bluetooth.hfp.HeadsetService@9390a13
05-24 17:53:29.030  3992 18536 E HeadsetStateMachine: returning mCurrentState as Disconnected
05-24 17:53:29.030  3992 18536 E HeadsetStateMachine: returning mCurrentState as Connected
05-24 17:53:29.030  3992 18536 D HeadsetService:  isAudioOn: The number of audio connected devices 0
05-24 17:53:29.030  3992 18536 D HeadsetService: isScoOrCallActive(): Call Active:falseCall is Ringing:falseSCO is Active:false
05-24 17:53:29.030  3992 18536 E HeadsetStateMachine: returning mCurrentState as Disconnected
05-24 17:53:29.030  3992 18536 E HeadsetStateMachine: returning mCurrentState as Connected
05-24 17:53:29.030  3992 18536 D HeadsetService:  isAudioOn: The number of audio connected devices 0
05-24 17:53:29.030  3992 18536 V Avrcp_ext: isPlayStateTobeUpdated: device: 64:8F:DB:D5:6F:1C
05-24 17:53:29.030  3992 18536 V Avrcp_ext: Single connection exists
05-24 17:53:29.030  3992 18536 V Avrcp_ext: isPlayStateToBeUpdated device is active device
05-24 17:53:29.030  3992 18536 I Avrcp_ext: updatePlayStatusForDevice: device: 64:8F:DB:D5:6F:1C
05-24 17:53:29.030  3992 18536 V Avrcp_ext: updatePlaybackState (0): old=PlaybackState {state=PLAYING(3), position=42777, buffered position=293781, speed=1.0, updated=1448197940, actions=7340031, custom actions=[], active item id=0, error=null}(1), new=PlaybackState {state=PLAYING(3), position=43011, buffered position=293781, speed=1.0, updated=1448198174, actions=7340031, custom actions=[], active item id=0, error=null}(1)
05-24 17:53:29.030  3992 18536 I Avrcp_ext: Exit updatePlayStatusForDevice
05-24 17:53:29.030  3992 18536 E HeadsetStateMachine: returning mCurrentState as Disconnected
05-24 17:53:29.030  3992 18536 E HeadsetStateMachine: returning mCurrentState as Connected
05-24 17:53:29.030  3992 18536 D HeadsetService:  isAudioOn: The number of audio connected devices 0
05-24 17:53:29.030  3992 18536 D HeadsetService: isScoOrCallActive(): Call Active:falseCall is Ringing:falseSCO is Active:false
05-24 17:53:29.030  3992 18536 E HeadsetStateMachine: returning mCurrentState as Disconnected
05-24 17:53:29.030  3992 18536 E HeadsetStateMachine: returning mCurrentState as Connected
05-24 17:53:29.030  3992 18536 D HeadsetService:  isAudioOn: The number of audio connected devices 0
05-24 17:53:29.030  3992 18536 V Avrcp_ext: isPlayStateTobeUpdated: device: null
05-24 17:53:29.030  3992 18536 V Avrcp_ext: Single connection exists
05-24 17:53:29.030  3992 18536 E HeadsetStateMachine: returning mCurrentState as Disconnected
05-24 17:53:29.030  3992 18536 E HeadsetStateMachine: returning mCurrentState as Connected
05-24 17:53:29.030  3992 18536 D HeadsetService:  isAudioOn: The number of audio connected devices 0
05-24 17:53:29.030  3992 18536 D HeadsetService: isScoOrCallActive(): Call Active:falseCall is Ringing:falseSCO is Active:false
05-24 17:53:29.030  3992 18536 E HeadsetStateMachine: returning mCurrentState as Disconnected
05-24 17:53:29.030  3992 18536 E HeadsetStateMachine: returning mCurrentState as Connected
05-24 17:53:29.030  3992 18536 D HeadsetService:  isAudioOn: The number of audio connected devices 0
05-24 17:53:29.030  3992 18536 V Avrcp_ext: isPlayStateTobeUpdated: device: null
05-24 17:53:29.030  3992 18536 V Avrcp_ext: Single connection exists
05-24 17:53:29.030  3992 18536 E HeadsetStateMachine: returning mCurrentState as Disconnected
05-24 17:53:29.030  3992 18536 E HeadsetStateMachine: returning mCurrentState as Connected
05-24 17:53:29.030  3992 18536 D HeadsetService:  isAudioOn: The number of audio connected devices 0
05-24 17:53:29.030  3992 18536 D HeadsetService: isScoOrCallActive(): Call Active:falseCall is Ringing:falseSCO is Active:false
05-24 17:53:29.030  3992 18536 E HeadsetStateMachine: returning mCurrentState as Disconnected
05-24 17:53:29.030  3992 18536 E HeadsetStateMachine: returning mCurrentState as Connected
05-24 17:53:29.030  3992 18536 D HeadsetService:  isAudioOn: The number of audio connected devices 0
05-24 17:53:29.030  3992 18536 V Avrcp_ext: isPlayStateTobeUpdated: device: null
05-24 17:53:29.030  3992 18536 V Avrcp_ext: Single connection exists
05-24 17:53:29.030  3992 18536 E HeadsetStateMachine: returning mCurrentState as Disconnected
05-24 17:53:29.030  3992 18536 E HeadsetStateMachine: returning mCurrentState as Connected
05-24 17:53:29.030  3992 18536 D HeadsetService:  isAudioOn: The number of audio connected devices 0
05-24 17:53:29.030  3992 18536 D HeadsetService: isScoOrCallActive(): Call Active:falseCall is Ringing:falseSCO is Active:false
05-24 17:53:29.030  3992 18536 E HeadsetStateMachine: returning mCurrentState as Disconnected
05-24 17:53:29.030  3992 18536 E HeadsetStateMachine: returning mCurrentState as Connected
05-24 17:53:29.030  3992 18536 D HeadsetService:  isAudioOn: The number of audio connected devices 0
05-24 17:53:29.030  3992 18536 V Avrcp_ext: isPlayStateTobeUpdated: device: null
05-24 17:53:29.030  3992 18536 V Avrcp_ext: Single connection exists
05-24 17:53:29.030  3992 18536 D Avrcp_ext: Enter sendPlayPosNotificationRsp
05-24 17:53:29.030  3992 18536 D Avrcp_ext: sendPlayPosNotificationRsp: Not registered or requesting.
05-24 17:53:29.030  3992 18536 D Avrcp_ext: Enter sendPlayPosNotificationRsp
05-24 17:53:29.030  3992 18536 D Avrcp_ext: sendPlayPosNotificationRsp: Not registered or requesting.
05-24 17:53:29.030  3992 18536 D Avrcp_ext: Enter sendPlayPosNotificationRsp
05-24 17:53:29.030  3992 18536 D Avrcp_ext: sendPlayPosNotificationRsp: Not registered or requesting.
05-24 17:53:29.030  3992 18536 D Avrcp_ext: Enter sendPlayPosNotificationRsp
05-24 17:53:29.030  3992 18536 D Avrcp_ext: sendPlayPosNotificationRsp: Not registered or requesting.
05-24 17:53:29.030  3992 18536 D Avrcp_ext: Enter sendPlayPosNotificationRsp
05-24 17:53:29.030  3992 18536 D Avrcp_ext: sendPlayPosNotificationRsp: Not registered or requesting.
05-24 17:53:29.030  3992 18536 V Avrcp_ext: Exit updatePlayerStateAndPosition
05-24 17:53:29.030  3992 18536 D APM: ActiveDeviceManagerServiceLegacy: getActiveAbsoluteDevice(): device: 64:8F:DB:D5:6F:1C
05-24 17:53:29.030  3992 18536 D APM: ActiveDeviceManagerServiceLegacy: isStableState(): true
05-24 17:53:29.030  3992 18536 D Avrcp_ext: isAdmStable = true activeAbsAddr = 64:8F:DB:D5:6F:1C device = null
05-24 17:53:29.030  3992 18536 V APM: MediaControlManager: onPlaybackStateChanged
05-24 17:53:29.031  3992 18536 W McpService: updatePlaybackState state PlaybackState {state=PLAYING(3), position=43011, buffered position=293781, speed=1.0, updated=1448198174, actions=7340031, custom actions=[], active item id=0, error=null}
05-24 17:53:29.031  3992 18536 W McpService: updatePlaybackState mState: 1 state: 1
05-24 17:53:29.031  3992 18536 W Avrcp_ext: updated player state = PlaybackState {state=PLAYING(3), position=43011, buffered position=293781, speed=1.0, updated=1448198174, actions=7340031, custom actions=[], active item id=0, error=null}to MCP module also
05-24 17:53:29.031  3992 18536 V Avrcp_ext:  Exit onPlaybackStateChanged
05-24 17:53:29.031  3992 18536 V Avrcp_ext: onPlaybackStateChanged: state PlaybackState {state=PLAYING(3), position=43006, buffered position=293781, speed=1.0, updated=1448198168, actions=7340031, custom actions=[], active item id=0, error=null}
05-24 17:53:29.031  3992 18536 V APM: MediaControlManager: onPlaybackStateChanged
05-24 17:53:29.031  3992 18536 W McpService: updatePlaybackState state PlaybackState {state=PLAYING(3), position=43006, buffered position=293781, speed=1.0, updated=1448198168, actions=7340031, custom actions=[], active item id=0, error=null}
05-24 17:53:29.031  3992 18536 W McpService: updatePlaybackState mState: 1 state: 1
05-24 17:53:29.033  3992 18536 V Avrcp_ext: updateCurrentMediaState: mMediaController: MediaController (com.deepeye.musicpro.debug@a52cab7) Bairan 💗 New Haryanvi Song| Heart Touching Love Story | Viral Song 2026 #bairan #bairansong, Awaaj De, null
05-24 17:53:29.033  3992 18536 W Avrcp_ext: isMusicActive: true getBluetoothPlayState: 1 A2dp State: 10 mAudioPlaybackIsActive: true
05-24 17:53:29.033  3992 18536 D Avrcp_ext: isMusicActive = true mAudioPlaybackIsActive = true player state = PlaybackState {state=PLAYING(3), position=43018, buffered position=293781, speed=1.0, updated=1448198181, actions=7340031, custom actions=[], active item id=0, error=null}
05-24 17:53:29.034  3992 18536 D Avrcp_ext: overwrite album_artist :if album is blank
05-24 17:53:29.034  3992 18536 D AvrcpBipRsp:  getImgHandle device :64:8F:DB:D5:6F:1C data :android.media.MediaMetadata@b53459b1
05-24 17:53:29.034  3992 18536 W AvrcpBipRsp: getImgHandle bipSm null
05-24 17:53:29.034  3992 18536 D Avrcp_ext:  getImgHandle device:64:8F:DB:D5:6F:1C data:android.media.MediaMetadata@b53459b1 isKeyContains true Handle 
05-24 17:53:29.036  3992 18536 I Avrcp_ext: device found at index 0
05-24 17:53:29.036  3992 18536 V Avrcp_ext: updateCurrentMediaState: addr: [B@c1cd614
05-24 17:53:29.036  3992 18536 V Avrcp_ext: Media update: id 0➡0? [MediaAttributes: B⋯g -  by A⋯e (293781 0/0) - ] : [MediaAttributes: B⋯g -  by A⋯e (293781 0/0) - ]
05-24 17:53:29.036  3992 18536 D Avrcp_ext: isPackageNameValid: browsedPackage = com.deepeye.musicpro.debugisValid = true
05-24 17:53:29.036  3992 18536 V Avrcp_ext: isBrowseSupported for com.deepeye.musicpro.debug: false
05-24 17:53:29.036  3992 18536 W Avrcp_ext: updateCurrentMediaState: isInactivePlayer = false
05-24 17:53:29.036  3992 18536 V Avrcp_ext: updatePlaybackState, state: PlaybackState {state=PLAYING(3), position=43018, buffered position=293781, speed=1.0, updated=1448198181, actions=7340031, custom actions=[], active item id=0, error=null} device: null
05-24 17:53:29.036  3992 18536 D BroadcastService: getBroadcastAddress
05-24 17:53:29.036  3992 18536 D BroadcastService: isBroadcastActive: Broadcast is turned to off
05-24 17:53:29.036  3992 18536 V Avrcp_ext: Device: OnePlus Nord Buds 2r : old state: PlaybackState {state=PLAYING(3), position=43011, buffered position=293781, speed=1.0, updated=1448198174, actions=7340031, custom actions=[], active item id=0, error=null}
05-24 17:53:29.036  3992 18536 V Avrcp_ext: Device: no name: 
05-24 17:53:29.036  3992 18536 V Avrcp_ext: Device: no name: 
05-24 17:53:29.036  3992 18536 V Avrcp_ext: Device: no name: 
05-24 17:53:29.036  3992 18536 V Avrcp_ext: Device: no name: 
05-24 17:53:29.036  3992 18536 V Avrcp_ext: updatePlayerStateAndPosition, old=PlaybackState {state=PLAYING(3), position=43011, buffered position=293781, speed=1.0, updated=1448198174, actions=7340031, custom actions=[], active item id=0, error=null}, state=PlaybackState {state=PLAYING(3), position=43018, buffered position=293781, speed=1.0, updated=1448198181, actions=7340031, custom actions=[], active item id=0, error=null}
05-24 17:53:29.036  3992 18536 V Avrcp_ext: old state = PlaybackState {state=PLAYING(3), position=43011, buffered position=293781, speed=1.0, updated=1448198174, actions=7340031, custom actions=[], active item id=0, error=null}, new state= PlaybackState {state=PLAYING(3), position=43018, buffered position=293781, speed=1.0, updated=1448198181, actions=7340031, custom actions=[], active item id=0, error=null}
05-24 17:53:29.036  3992 18536 D HeadsetService: getHeadsetService(): returning com.android.bluetooth.hfp.HeadsetService@9390a13
