--------- beginning of system
05-26 00:28:48.262  3077  3512 D PowerManagerService: nativeAcquireSuspendBlocker name:PowerManagerService.WakeLocks duration ms: 1
05-26 00:28:48.265  3077  3077 D PowerManagerService: nativeReleaseSuspendBlocker name:PowerManagerService.WakeLocks duration ms: 0
05-26 00:28:48.267  3077  3467 D PowerManagerService: nativeAcquireSuspendBlocker name:PowerManagerService.WakeLocks duration ms: 1
--------- beginning of main
05-26 00:28:48.277 11142 11142 I Finsky  : [2] SCH: job service start with id 9442.
05-26 00:28:48.284 11142  1124 I Finsky  : [1025] SCH: Satisfied jobs for 9442 are: 12-1
05-26 00:28:48.285 11142  2761 I Finsky  : [1032] SCH: Job 12-1 starting
05-26 00:28:48.285 11142 11142 I Finsky  : [2] WM::SCH: Logging work start for 12-1
05-26 00:28:48.286 11142 11142 I Finsky  : [2] [ContentSync] job started
05-26 00:28:48.293  3077  3455 W ActivityTaskManager: callingPackage for (uid=2000, pid=2763) has no WPC
05-26 00:28:48.293  3077  3455 W ActivityManager: pid 3077 system sent binder code 1 with flags 0 to frozen apps and got error -32
05-26 00:28:48.294  3077  3455 I SettingsAccessControlPolicy: isDeviceSettingsChangeDisabled: value -> false
05-26 00:28:48.295  3077  3455 D CompatibilityChangeReporter: Compat change id reported: 265464455; UID 10520; state: DISABLED
05-26 00:28:48.295  3077  3455 D CompatibilityChangeReporter: Compat change id reported: 265452344; UID 10520; state: DISABLED
05-26 00:28:48.295  3077  3455 D CompatibilityChangeReporter: Compat change id reported: 266124927; UID 10520; state: DISABLED
05-26 00:28:48.295  3077  3455 D CompatibilityChangeReporter: Compat change id reported: 265451093; UID 10520; state: DISABLED
05-26 00:28:48.295  3077  3455 D CompatibilityChangeReporter: Compat change id reported: 265456536; UID 10520; state: DISABLED
05-26 00:28:48.295  3077  3455 D CompatibilityChangeReporter: Compat change id reported: 255940284; UID 10520; state: DISABLED
05-26 00:28:48.295  3077  3455 D CompatibilityChangeReporter: Compat change id reported: 236283604; UID 10520; state: DISABLED
05-26 00:28:48.295  3077  3455 D CompatibilityChangeReporter: Compat change id reported: 263959004; UID 10520; state: DISABLED
05-26 00:28:48.295  3077  3455 D CompatibilityChangeReporter: Compat change id reported: 264304459; UID 10520; state: DISABLED
05-26 00:28:48.296  3077  3455 D CompatibilityChangeReporter: Compat change id reported: 264301586; UID 10520; state: DISABLED
05-26 00:28:48.296  3077  3455 D CompatibilityChangeReporter: Compat change id reported: 254631730; UID 10520; state: DISABLED
05-26 00:28:48.296  3077  3455 D CompatibilityChangeReporter: Compat change id reported: 273509367; UID 10520; state: DISABLED
05-26 00:28:48.296  3077  3455 D CompatibilityChangeReporter: Compat change id reported: 263259275; UID 10520; state: DISABLED
05-26 00:28:48.296  3077  3455 D CompatibilityChangeReporter: Compat change id reported: 174042980; UID 10520; state: DISABLED
05-26 00:28:48.296  3077  3455 D CompatibilityChangeReporter: Compat change id reported: 174042936; UID 10520; state: DISABLED
05-26 00:28:48.296  3077  3455 D CompatibilityChangeReporter: Compat change id reported: 181136395; UID 10520; state: DISABLED
05-26 00:28:48.301  3077  3455 D CompatibilityChangeReporter: Compat change id reported: 194480991; UID 10520; state: ENABLED
05-26 00:28:48.301  3077  3455 D ActivityTaskManager: getPreferredLaunchDisplay userset_displayid false user set display id -1, current focus display 0
05-26 00:28:48.302  3077  3455 D ActivityTaskManager: getPreferredLaunchDisplay userset_displayid false user set display id -1, current focus display 0
05-26 00:28:48.303  1849  2038 E ANDR-PERF-LM: MetaMeter: handleAsync() 166: AdaptLaunch Invalid Async
05-26 00:28:48.304  1849  2038 E ANDR-PERF-LM: MetaMeter: handleAsync() 166: AdaptLaunch Invalid Async
05-26 00:28:48.304  3077  3455 D ActivityTaskManager: getPreferredLaunchDisplay userset_displayid false user set display id -1, current focus display 0
05-26 00:28:48.304  3077  3455 D ActivityTaskManager: getPreferredLaunchDisplay userset_displayid false user set display id -1, current focus display 0
05-26 00:28:48.307  3077  3455 D ActivityTaskManager: getPreferredLaunchDisplay userset_displayid false user set display id 0, current focus display 0
05-26 00:28:48.308  3077  3455 D ActivityTaskManager: getPreferredLaunchDisplay userset_displayid false user set display id 0, current focus display 0
05-26 00:28:48.308  3077  3455 D CompatibilityChangeReporter: Compat change id reported: 184838306; UID 10520; state: DISABLED
05-26 00:28:48.308  3077  3455 D CompatibilityChangeReporter: Compat change id reported: 185004937; UID 10520; state: DISABLED
05-26 00:28:48.309  3077  3455 D CompatibilityChangeReporter: Compat change id reported: 197654537; UID 10520; state: ENABLED
05-26 00:28:48.310  3077  3455 D PowerManagerService: nativeSetPowerMode ret:false mode:5 enabled:true duration ms: 0
05-26 00:28:48.311  3077  3455 D CompatibilityChangeReporter: Compat change id reported: 205907456; UID 10520; state: ENABLED
05-26 00:28:48.311  3077  3455 D ActivityTrigger: ActivityTrigger activityPauseTrigger 
05-26 00:28:48.313 27259 17774 I System.out: [[Dispatchers.Default.limitedParallelism(1)][bolt-manager][debug][bolt-v2][BoltControlManager]:message[bolt clock triggered, queue operations will be executed now..]
05-26 00:28:48.314 27259 17774 I System.out: [[Dispatchers.Default.limitedParallelism(1)][bolt-manager][debug][bolt-v2][BoltControlManager]:message[execution called for name [StateValidationQueueOperation and item [StateInactiveTimeQueueOperation(uniqueName=StateValidationQueueOperation, retryConfig=com.phonepe.boltV2Sdk.external.RetryConfiguration@f26430c, logger=com.phonepe.boltV2Sdk.internal.logger.core.DebugLogger@3006455, analyticManager=com.phonepe.boltV2Sdk.internal.BoltAnalyticManager@47ace6a, immediateExecute=true, queueOperationType=STATE_INACTIVE_TIME_QUEUE_OPERATION, block=Function2<com.phonepe.boltV2Sdk.internal.boltctl.queueOperations.QueueOperation, kotlin.coroutines.Continuation<? super java.lang.Boolean>, java.lang.Object>)]]
05-26 00:28:48.314 27259 17774 I System.out: [[Dispatchers.Default.limitedParallelism(1)][bolt-manager][debug][bolt-v2][StateInactiveTimeQueueOperation]:message[Queue operation with name [StateValidationQueueOperation retry started, checking for retry limits..]
05-26 00:28:48.314 27259 17774 I System.out: [[Dispatchers.Default.limitedParallelism(1)][bolt-manager][debug][bolt-v2][StateInactiveTimeQueueOperation]:message[Queue operation with name [StateValidationQueueOperation retry limits not reached, checking for waiting window before execution..]
05-26 00:28:48.314 27259 17774 I System.out: [[Dispatchers.Default.limitedParallelism(1)][bolt-manager][debug][bolt-v2][StateInactiveTimeQueueOperation]:message[Queue operation with name [StateValidationQueueOperation retry limits not reached, waiting window is completed, ready to execute in 3.2.1..]
05-26 00:28:48.314 27259 17774 I System.out: [[BlockingEventLoop@9c9c2c9][unknown][info][bolt-v2][BoltManager]:message[state validation operation running]
05-26 00:28:48.314 27259 17774 I System.out: [[Dispatchers.Default.limitedParallelism(1)][bolt-manager][debug][bolt-v2][StateInactiveTimeQueueOperation]:message[Queue operation with name [StateValidationQueueOperation] retried.]
05-26 00:28:48.314 27259 17774 I System.out: [[Dispatchers.Default.limitedParallelism(1)][bolt-manager][debug][bolt-v2][BoltControlManager]:message[execution completed for name [StateValidationQueueOperation and item [StateInactiveTimeQueueOperation(uniqueName=StateValidationQueueOperation, retryConfig=com.phonepe.boltV2Sdk.external.RetryConfiguration@f26430c, logger=com.phonepe.boltV2Sdk.internal.logger.core.DebugLogger@3006455, analyticManager=com.phonepe.boltV2Sdk.internal.BoltAnalyticManager@47ace6a, immediateExecute=true, queueOperationType=STATE_INACTIVE_TIME_QUEUE_OPERATION, block=Function2<com.phonepe.boltV2Sdk.internal.boltctl.queueOperations.QueueOperation, kotlin.coroutines.Continuation<? super java.lang.Boolean>, java.lang.Object>)], checking for GC status]
05-26 00:28:48.314 27259 17774 I System.out: [[Dispatchers.Default.limitedParallelism(1)][bolt-manager][debug][bolt-v2][BoltControlManager]:message[execution called for name [BoltCtl and item [PeriodicCheckQueueOperation(uniqueName=BoltCtl, retryConfig=com.phonepe.boltV2Sdk.external.RetryConfiguration@d7ab135, logger=com.phonepe.boltV2Sdk.internal.logger.core.DebugLogger@339c9ca, analyticManager=com.phonepe.boltV2Sdk.internal.BoltAnalyticManager@47ace6a, immediateExecute=false, queueOperationType=BOLT_PERIODIC_OPERATION, block=Function2<com.phonepe.boltV2Sdk.internal.boltctl.queueOperations.QueueOperation, kotlin.coroutines.Continuation<? super java.lang.Boolean>, java.lang.Object>)]]
05-26 00:28:48.314 27259 17774 I System.out: [[Dispatchers.Default.limitedParallelism(1)][bolt-manager][debug][bolt-v2][PeriodicCheckQueueOperation]:message[Queue operation with name [BoltCtl retry started, checking for retry limits..]
05-26 00:28:48.314 27259 17774 I System.out: [[Dispatchers.Default.limitedParallelism(1)][bolt-manager][debug][bolt-v2][PeriodicCheckQueueOperation]:message[Queue operation with name [BoltCtl retry limits not reached, checking for waiting window before execution..]
05-26 00:28:48.314 27259 17774 I System.out: [[Dispatchers.Default.limitedParallelism(1)][bolt-manager][debug][bolt-v2][PeriodicCheckQueueOperation]:message[Queue operation with name [BoltCtl retry limits not reached, waiting window is not completed, skipping the execution this time...]
05-26 00:28:48.314 27259 17774 I System.out: [[Dispatchers.Default.limitedParallelism(1)][bolt-manager][debug][bolt-v2][BoltControlManager]:message[execution completed for name [BoltCtl and item [PeriodicCheckQueueOperation(uniqueName=BoltCtl, retryConfig=com.phonepe.boltV2Sdk.external.RetryConfiguration@d7ab135, logger=com.phonepe.boltV2Sdk.internal.logger.core.DebugLogger@339c9ca, analyticManager=com.phonepe.boltV2Sdk.internal.BoltAnalyticManager@47ace6a, immediateExecute=false, queueOperationType=BOLT_PERIODIC_OPERATION, block=Function2<com.phonepe.boltV2Sdk.internal.boltctl.queueOperations.QueueOperation, kotlin.coroutines.Continuation<? super java.lang.Boolean>, java.lang.Object>)], checking for GC status]
05-26 00:28:48.315 27259 17773 I System.out: [[Dispatchers.Default][bolt-default][debug][bolt-v2][BoltControlManager]:message[bolt clock is registered for [2000] delay]
05-26 00:28:48.316  3077  3455 I ActivityTaskManager: START u0 {flg=0x10000000 cmp=com.deepeye.musicpro.debug/com.deepeye.musicpro.MainActivity} with LAUNCH_SINGLE_TASK from uid 2000 (startActivityAsUser) (BAL_ALLOW_PERMISSION) result code=0
05-26 00:28:48.318  7709  7765 V WindowManagerShell: Transition requested: android.os.BinderProxy@674ab05 TransitionRequestInfo { type = 1, triggerTask = TaskInfo{userId=0 taskId=5331 displayId=0 isRunning=true baseIntent=Intent { flg=0x10000000 cmp=com.deepeye.musicpro.debug/com.deepeye.musicpro.MainActivity } baseActivity=ComponentInfo{com.deepeye.musicpro.debug/com.deepeye.musicpro.MainActivity} topActivity=ComponentInfo{com.deepeye.musicpro.debug/com.deepeye.musicpro.MainActivity} origActivity=null realActivity=ComponentInfo{com.deepeye.musicpro.debug/com.deepeye.musicpro.MainActivity} numActivities=1 lastActiveTime=1558317463 supportsMultiWindow=true supportsGlobalFreeform=true resizeMode=1 isResizeable=true isAppLocked=false canKillAndRestart=false isShowDecorCaptionWindowRequest=false minWidth=-1 minHeight=-1 defaultMinSize=200 token=WCT{android.window.IWindowContainerToken$Stub$Proxy@6a6875a} topActivityType=1 pictureInPictureParams=null shouldDockBigOverlays=false launchIntoPipHostTaskId=-1 lastParentTaskIdBeforePip=-1 displayCutoutSafeInsets=Rect(0, 90 - 0, 0) topActivityInfo=ActivityInfo{bc13d8b com.deepeye.musicpro.MainActivity} launchCookies=[] positionInParent=Point(0, 0) parentTaskId=-1 isFocused=false isVisible=false isVisibleRequested=false isSleeping=false topActivityInSizeCompat=false topActivityEligibleForLetterboxEducation= false topActivityLetterboxed= false isFromDoubleTap= false topActivityLetterboxVerticalPosition= -1 topActivityLetterboxHorizontalPosition= -1 topActivityLetterboxWidth=-1 topActivityLetterboxHeight=-1 locusId=null displayAreaFeatureId=1 cameraCompatControlState=hidden}, remoteTransition = null, displayChange = null, flags = 0 }
05-26 00:28:48.324  1849  2038 W ANDR-PERF-LM: MetaMeter: handlePrimaryAsync() 118: AdaptLaunch MetaMeter. No MeterMgr Available to handle this Primary Async. !!!!
05-26 00:28:48.324  1849  2038 W ANDR-PERF-LM: MetaMeter: handlePrimaryAsync() 118: AdaptLaunch MetaMeter. No MeterMgr Available to handle this Primary Async. !!!!
05-26 00:28:48.334  7709  7774 D ViewRootImpl: update {(0,0)(fillxfill) ty=APPLICATION_STARTING fmt=TRANSLUCENT wanim=0x10302fe
05-26 00:28:48.334  7709  7774 D ViewRootImpl:   fl=NOT_FOCUSABLE NOT_TOUCHABLE LAYOUT_IN_SCREEN LAYOUT_INSET_DECOR ALT_FOCUSABLE_IM HARDWARE_ACCELERATED DRAWS_SYSTEM_BAR_BACKGROUNDS
05-26 00:28:48.334  7709  7774 D ViewRootImpl:   pfl=SHOW_FOR_ALL_USERS FIT_INSETS_CONTROLLED
05-26 00:28:48.334  7709  7774 D ViewRootImpl:   bhv=DEFAULT
05-26 00:28:48.334  7709  7774 D ViewRootImpl:   fitSides=} by setView
05-26 00:28:48.338  1884  1884 I BpBinder: onLastStrongRef automatically unlinking death recipients: 
05-26 00:28:48.347  3077  3923 D CoreBackPreview: Window{f56d37 u0 Splash Screen com.deepeye.musicpro.debug}: Setting back callback OnBackInvokedCallbackInfo{mCallback=android.window.IOnBackInvokedCallback$Stub$Proxy@52463c4, mPriority=0, mIsAnimationCallback=false}
05-26 00:28:48.349  7709  7790 E OpenGLRenderer: Unable to match the desired swap behavior.
05-26 00:28:48.364  3077  3366 V WindowManager: Sent Transition #7112 createdAt=05-26 00:28:48.301 via request=TransitionRequestInfo { type = 1, triggerTask = TaskInfo{userId=0 taskId=5331 displayId=0 isRunning=true baseIntent=Intent { flg=0x10000000 cmp=com.deepeye.musicpro.debug/com.deepeye.musicpro.MainActivity } baseActivity=ComponentInfo{com.deepeye.musicpro.debug/com.deepeye.musicpro.MainActivity} topActivity=ComponentInfo{com.deepeye.musicpro.debug/com.deepeye.musicpro.MainActivity} origActivity=null realActivity=ComponentInfo{com.deepeye.musicpro.debug/com.deepeye.musicpro.MainActivity} numActivities=1 lastActiveTime=1558317463 supportsMultiWindow=true supportsGlobalFreeform=true resizeMode=1 isResizeable=true isAppLocked=false canKillAndRestart=true isShowDecorCaptionWindowRequest=false minWidth=-1 minHeight=-1 defaultMinSize=200 token=WCT{RemoteToken{367ce54 Task{7716fd8 #5331 type=standard A=10520:com.deepeye.musicpro.debug}}} topActivityType=1 pictureInPictureParams=null shouldDockBigOverlays=false launchIntoPipHostTaskId=-1 lastParentTaskIdBeforePip=-1 displayCutoutSafeInsets=Rect(0, 90 - 0, 0) topActivityInfo=ActivityInfo{d08a1fd com.deepeye.musicpro.MainActivity} launchCookies=[] positionInParent=Point(0, 0) parentTaskId=-1 isFocused=false isVisible=false isVisibleRequested=false isSleeping=false topActivityInSizeCompat=false topActivityEligibleForLetterboxEducation= false topActivityLetterboxed= false isFromDoubleTap= false topActivityLetterboxVerticalPosition= -1 topActivityLetterboxHorizontalPosition= -1 topActivityLetterboxWidth=-1 topActivityLetterboxHeight=-1 locusId=null displayAreaFeatureId=1 cameraCompatControlState=hidden}, remoteTransition = null, displayChange = null, flags = 0 }
05-26 00:28:48.364  3077  3366 V WindowManager:     startWCT=WindowContainerTransaction { changes = {} hops = [] errorCallbackToken=null taskFragmentOrganizer=null }
05-26 00:28:48.364  3077  3366 V WindowManager:     info={id=7112 t=OPEN f=0x0 trk=0 r=[0@Point(0, 0)] c=[{WCT{RemoteToken{367ce54 Task{7716fd8 #5331 type=standard A=10520:com.deepeye.musicpro.debug}}} m=OPEN f=NONE pTaskId=-1 leash=Surface(name=Task=5331)/@0x5b66266 sb=Rect(0, 0 - 1080, 2400) eb=Rect(0, 0 - 1080, 2400) d=0},{WCT{RemoteToken{16c0147 Task{ee1938e #4757 type=home}}} m=TO_BACK f=SHOW_WALLPAPER pTaskId=-1 leash=Surface(name=Task=4757)/@0xc752f88 sb=Rect(0, 0 - 1080, 2400) eb=Rect(0, 0 - 1080, 2400) d=0}]}
05-26 00:28:48.365  7709  7765 V WindowManagerShell: onTransitionReady android.os.BinderProxy@674ab05: {id=7112 t=OPEN f=0x0 trk=0 r=[0@Point(0, 0)] c=[{WCT{android.window.IWindowContainerToken$Stub$Proxy@fc0ad2f} m=OPEN f=NONE pTaskId=-1 leash=Surface(name=Task=5331)/@0xac1210 sb=Rect(0, 0 - 1080, 2400) eb=Rect(0, 0 - 1080, 2400) d=0},{WCT{android.window.IWindowContainerToken$Stub$Proxy@b283f3c} m=TO_BACK f=SHOW_WALLPAPER pTaskId=-1 leash=Surface(name=Task=4757)/@0xf24c109 sb=Rect(0, 0 - 1080, 2400) eb=Rect(0, 0 - 1080, 2400) d=0}]}
05-26 00:28:48.365  7709  7765 V WindowManagerShell: Playing animation for (#7112)android.os.BinderProxy@674ab05@0
05-26 00:28:48.365  7709  7765 V WindowManagerShell:  try handler com.android.wm.shell.transition.DefaultMixedHandler@a24dff4
05-26 00:28:48.365  7709  7765 V WindowManagerShell:  try handler com.android.wm.shell.keyguard.KeyguardTransitionHandler@8a7e31d
05-26 00:28:48.365  7709  7765 V WindowManagerShell:  try handler com.android.wm.shell.activityembedding.ActivityEmbeddingController@c1cb992
05-26 00:28:48.365  7709  7765 V WindowManagerShell:  try handler com.android.wm.shell.recents.RecentsTransitionHandler@1b1af63
05-26 00:28:48.365  7709  7765 V ShellRecents: RecentsTransitionHandler.startAnimation: no controller found
05-26 00:28:48.365  7709  7765 V WindowManagerShell:  try handler com.android.wm.shell.pip.PipTransition@5aa0760
05-26 00:28:48.365  7709  7765 V WindowManagerShell:  try handler com.android.wm.shell.splitscreen.StageCoordinator@be49419
05-26 00:28:48.365  7709  7765 V WindowManagerShell:  try handler com.android.wm.shell.transition.RemoteTransitionHandler@9c8dcde
05-26 00:28:48.365  7709  7765 V WindowManagerShell: Transition doesn't have explicit remote, search filters for match for {id=7112 t=OPEN f=0x0 trk=0 r=[0@Point(0, 0)] c=[{WCT{android.window.IWindowContainerToken$Stub$Proxy@fc0ad2f} m=OPEN f=NONE pTaskId=-1 leash=Surface(name=Task=5331)/@0xac1210 sb=Rect(0, 0 - 1080, 2400) eb=Rect(0, 0 - 1080, 2400) d=0},{WCT{android.window.IWindowContainerToken$Stub$Proxy@b283f3c} m=TO_BACK f=SHOW_WALLPAPER pTaskId=-1 leash=Surface(name=Task=4757)/@0xf24c109 sb=Rect(0, 0 - 1080, 2400) eb=Rect(0, 0 - 1080, 2400) d=0}]}
05-26 00:28:48.365  7709  7765 V WindowManagerShell:  Checking filter Pair{{types=[] flags=0x0] notFlags=0x100 checks=[{atype=home independent=true modes=[OPEN,TO_FRONT] flags=NONE mustBeTask=false order=TOP topActivity=ComponentInfo{com.motorola.launcher3/com.android.launcher3.uioverrides.QuickstepLauncher}},{atype=standard independent=true modes=[CLOSE,TO_BACK] flags=NONE mustBeTask=false order=ANY topActivity=null}]} RemoteTransition { remoteTransition = android.window.IRemoteTransition$Stub$Proxy@cb754ae, appThread = android.app.IApplicationThread$Stub$Proxy@270424f, debugName = QuickstepLaunchHome }}
05-26 00:28:48.365  7709  7765 V WindowManagerShell:  Delegate animation for #7112 to null
05-26 00:28:48.365  7709  7765 V WindowManagerShell:  try handler com.android.wm.shell.transition.DefaultTransitionHandler@f85debf
05-26 00:28:48.365  7709  7765 V WindowManagerShell: start default transition animation, info = {id=7112 t=OPEN f=0x0 trk=0 r=[0@Point(0, 0)] c=[{WCT{android.window.IWindowContainerToken$Stub$Proxy@fc0ad2f} m=OPEN f=NONE pTaskId=-1 leash=Surface(name=Task=5331)/@0xac1210 sb=Rect(0, 0 - 1080, 2400) eb=Rect(0, 0 - 1080, 2400) d=0},{WCT{android.window.IWindowContainerToken$Stub$Proxy@b283f3c} m=TO_BACK f=SHOW_WALLPAPER pTaskId=-1 leash=Surface(name=Task=4757)/@0xf24c109 sb=Rect(0, 0 - 1080, 2400) eb=Rect(0, 0 - 1080, 2400) d=0}]}
05-26 00:28:48.366  7709  7765 V WindowManagerShell: loadAnimation: anim=android.view.animation.AnimationSet@9601e1a animAttr=0x13 type=OPEN isEntrance=false
05-26 00:28:48.367  7709  7765 V WindowManagerShell: loadAnimation: anim=android.view.animation.AnimationSet@55201e6 animAttr=0x12 type=OPEN isEntrance=true
05-26 00:28:48.368  7709  7765 V WindowManagerShell:  animated by com.android.wm.shell.transition.DefaultTransitionHandler@f85debf
05-26 00:28:48.423 18704 18704 I bygx    : onPause
05-26 00:28:48.426 18704 18704 W dnzx    : measuring already stopped.
05-26 00:28:48.427  3077  3369 D CompatibilityChangeReporter: Compat change id reported: 135634846; UID 10520; state: DISABLED
05-26 00:28:48.427  3077  3369 D CompatibilityChangeReporter: Compat change id reported: 177438394; UID 10520; state: DISABLED
05-26 00:28:48.427  3077  3369 D CompatibilityChangeReporter: Compat change id reported: 135772972; UID 10520; state: DISABLED
05-26 00:28:48.427  3077  3369 D CompatibilityChangeReporter: Compat change id reported: 135754954; UID 10520; state: ENABLED
05-26 00:28:48.428  3077  3378 D CompatibilityChangeReporter: Compat change id reported: 143937733; UID 10520; state: ENABLED
05-26 00:28:48.435  3077  3467 D CompatibilityChangeReporter: Compat change id reported: 265195908; UID 10520; state: ENABLED
05-26 00:28:48.443  1604  1604 D Zygote  : Forked child process 2834
05-26 00:28:48.443  1849  2038 E ANDR-PERF-LM: MetaMeter: handleAsync() 166: AdaptLaunch Invalid Async
05-26 00:28:48.444  3077  3378 I ActivityManager: Start proc 2834:com.deepeye.musicpro.debug/u0a520 for next-top-activity {com.deepeye.musicpro.debug/com.deepeye.musicpro.MainActivity}
05-26 00:28:48.449 23686 23729 I cr_BindingManager: onTrimMemory: level=40, size=0
05-26 00:28:48.456  2834  2834 I .musicpro.debug: Late-enabling -Xcheck:jni
05-26 00:28:48.490  2834  2834 I .musicpro.debug: Using CollectorTypeCMC GC.
05-26 00:28:48.496   580   589 I adbd    : jdwp connection from 2834
05-26 00:28:48.498  1758  4641 I vendor.qti.bluetooth@1.0-ibs_handler: ProcessIbsCmd: Received IBS_WAKE_IND: 0xFD
05-26 00:28:48.498  1758  4641 I vendor.qti.bluetooth@1.0-ibs_handler: ProcessIbsCmd: Writing IBS_WAKE_ACK
05-26 00:28:48.498  3992  4648 I bt_stack: [INFO:btm_ble_gap.cc(3287)] btm_ble_process_adv_pkt_cont Data Complete 22:73:07:60:09:f6
05-26 00:28:48.499  3992  4648 D bt_btm_ble: bool parse_adv_audio_uuids_from_adv_pkt(const uint8_t *, size_t, uint8_t): tmap_cap_pts: false
05-26 00:28:48.505  2834  2834 D nativeloader: Load libframework-connectivity-tiramisu-jni.so using APEX ns com_android_tethering for caller /apex/com.android.tethering/javalib/framework-connectivity-t.jar: ok
05-26 00:28:48.515  1849  2038 E ANDR-PERF-LM: MetaMeter: handleAsync() 166: AdaptLaunch Invalid Async
05-26 00:28:48.526  2834  2834 D CompatibilityChangeReporter: Compat change id reported: 171979766; UID 10520; state: ENABLED
05-26 00:28:48.527  2834  2834 D CompatibilityChangeReporter: Compat change id reported: 242716250; UID 10520; state: ENABLED
05-26 00:28:48.530  8407  9751 I ekpw    : (REDACTED) HDM. appOpsListener %s %s
05-26 00:28:48.531  8407  9751 I ekpw    : (REDACTED) HDM. Ignoring irrelevant audio permission changes for package %s
05-26 00:28:48.532  3077  3455 D CompatibilityChangeReporter: Compat change id reported: 170503758; UID 10520; state: ENABLED
05-26 00:28:48.536  3077  3467 D CompatibilityChangeReporter: Compat change id reported: 271850009; UID 10470; state: ENABLED
05-26 00:28:48.538  3077  3467 D CompatibilityChangeReporter: Compat change id reported: 135634846; UID 10470; state: DISABLED
05-26 00:28:48.538  3077  3467 D CompatibilityChangeReporter: Compat change id reported: 177438394; UID 10470; state: DISABLED
05-26 00:28:48.538  3077  3467 D CompatibilityChangeReporter: Compat change id reported: 135772972; UID 10470; state: DISABLED
05-26 00:28:48.538  3077  3467 D CompatibilityChangeReporter: Compat change id reported: 135754954; UID 10470; state: ENABLED
05-26 00:28:48.538  1758  4641 I vendor.qti.bluetooth@1.0-ibs_handler: ProcessIbsCmd: Received IBS_SLEEP_IND: 0xFE
05-26 00:28:48.539  3077  3378 D CompatibilityChangeReporter: Compat change id reported: 143937733; UID 10470; state: ENABLED
05-26 00:28:48.542  3077  3467 D ActivityManager: unfreezing ProcessRecord{dab7c4f 1771:org.altruist.BajajExperia/u0a394}, reason = shouldNotFreeze_service_1: ProcessRecord{9418ebb 3077:system/1000}, adj = 0, adjType = service, adjSource = ProcessRecord{9418ebb 3077:system/1000}
05-26 00:28:48.543  3077  3467 D ActivityManager: sync unfroze 1771 org.altruist.BajajExperia for 6
05-26 00:28:48.555  1604  1604 D Zygote  : Forked child process 2889
05-26 00:28:48.557  3077  3378 I ActivityManager: Start proc 2889:com.earlysalary.android/u0a470 for service {com.earlysalary.android/androidx.work.impl.background.systemjob.SystemJobService}
05-26 00:28:48.573  2889  2889 I ysalary.android: Using CollectorTypeCMC GC.
05-26 00:28:48.579  1771  1989 D Volley  : [804] DiskBasedCache.clear: Cache cleared.
05-26 00:28:48.582  2889  2889 D nativeloader: Load libframework-connectivity-tiramisu-jni.so using APEX ns com_android_tethering for caller /apex/com.android.tethering/javalib/framework-connectivity-t.jar: ok
05-26 00:28:48.591  3077  3455 D CompatibilityChangeReporter: Compat change id reported: 168419799; UID 10470; state: DISABLED
05-26 00:28:48.591  3077  3455 D CompatibilityChangeReporter: Compat change id reported: 273564678; UID 10470; state: DISABLED
05-26 00:28:48.599  2889  2889 D CompatibilityChangeReporter: Compat change id reported: 171979766; UID 10470; state: ENABLED
05-26 00:28:48.600  3077  3467 D CompatibilityChangeReporter: Compat change id reported: 265195908; UID 10470; state: ENABLED
05-26 00:28:48.600  2889  2889 D CompatibilityChangeReporter: Compat change id reported: 242716250; UID 10470; state: ENABLED
05-26 00:28:48.600 11142 11142 W Finsky  : [2] STU: Failed to get storage stats for package 'com.google.mainline.primary.libs' (1601: Error getting stats: android.content.pm.PackageManager.NameNotFoundException)
05-26 00:28:48.604  3077  9459 D CompatibilityChangeReporter: Compat change id reported: 170503758; UID 10470; state: ENABLED
05-26 00:28:48.612  2889  2889 D nativeloader: Configuring clns-4 for other apk /system/framework/org.apache.http.legacy.jar. target_sdk_version=35, uses_libraries=ALL, library_path=/data/app/~~gEsthl7CEEjzsXae0-OMoQ==/com.earlysalary.android-7eFPLrIyXjmsH11-T4jFxA==/lib/arm64:/data/app/~~gEsthl7CEEjzsXae0-OMoQ==/com.earlysalary.android-7eFPLrIyXjmsH11-T4jFxA==/base.apk!/lib/arm64-v8a:/data/app/~~gEsthl7CEEjzsXae0-OMoQ==/com.earlysalary.android-7eFPLrIyXjmsH11-T4jFxA==/split_config.arm64_v8a.apk!/lib/arm64-v8a:/data/app/~~gEsthl7CEEjzsXae0-OMoQ==/com.earlysalary.android-7eFPLrIyXjmsH11-T4jFxA==/split_config.en.apk!/lib/arm64-v8a:/data/app/~~gEsthl7CEEjzsXae0-OMoQ==/com.earlysalary.android-7eFPLrIyXjmsH11-T4jFxA==/split_config.xxhdpi.apk!/lib/arm64-v8a, permitted_path=/data:/mnt/expand:/data/user/0/com.earlysalary.android
05-26 00:28:48.612  2889  2889 D nativeloader: Extending system_exposed_libraries: libbinauralrenderer_wrapper.qti.so:libhoaeffects.qti.so:libQOC.qti.so:libparamupdater_jni.motoparamupdater.so:libjni_helper.motocameradesktop.so:libimgTuner_jni.motoimagetuner.so:libupdateprof.qti.so:libQOC.qti.so:libdiag_system.qti.so:libqape.qti.so:libqesdk_ndk_platform.qti.so:liblistenjni.qti.so
05-26 00:28:48.651  7709  7765 V WindowManagerShell: Transition animation finished (aborted=false), notifying core (#7112)android.os.BinderProxy@674ab05@0
05-26 00:28:48.653  3077  3366 V WindowManager: Finish Transition #7112: created at 05-26 00:28:48.301 collect-started=0.02ms request-sent=14.026ms started=20.128ms ready=56.779ms sent=61.967ms finished=351.298ms
05-26 00:28:48.658  7709  7765 V WindowManagerShell: Track 0 became idle
05-26 00:28:48.658  7709  7765 V WindowManagerShell: All active transition animations finished
05-26 00:28:48.667  9681  9700 D Surface : Surface::disconnect
05-26 00:28:48.667  9681  9700 D BufferQueueProducer: [VRI[CustomizationPanelLauncher]#95(BLAST Consumer)95](id:25d100000173,api:1,p:9681,c:9681) disconnect: api 1
05-26 00:28:48.670 18704  1166 D Surface : Surface::disconnect
05-26 00:28:48.670 18704  1166 D BufferQueueProducer: [VRI[GoogleDiscoverWindow]#96(BLAST Consumer)96](id:491000000060,api:1,p:18704,c:18704) disconnect: api 1
05-26 00:28:48.691  2889  2889 W ysalary.android: Failed to find entry 'classes.dex': Entry not found
05-26 00:28:48.691  2889  2889 W ysalary.android: Failed to find entry 'classes.dex': Entry not found
05-26 00:28:48.692  2889  2889 W ysalary.android: Failed to find entry 'classes.dex': Entry not found
05-26 00:28:48.693  2889  2889 D nativeloader: Configuring clns-5 for other apk /data/app/~~gEsthl7CEEjzsXae0-OMoQ==/com.earlysalary.android-7eFPLrIyXjmsH11-T4jFxA==/base.apk:/data/app/~~gEsthl7CEEjzsXae0-OMoQ==/com.earlysalary.android-7eFPLrIyXjmsH11-T4jFxA==/split_config.arm64_v8a.apk:/data/app/~~gEsthl7CEEjzsXae0-OMoQ==/com.earlysalary.android-7eFPLrIyXjmsH11-T4jFxA==/split_config.en.apk:/data/app/~~gEsthl7CEEjzsXae0-OMoQ==/com.earlysalary.android-7eFPLrIyXjmsH11-T4jFxA==/split_config.xxhdpi.apk. target_sdk_version=35, uses_libraries=, library_path=/data/app/~~gEsthl7CEEjzsXae0-OMoQ==/com.earlysalary.android-7eFPLrIyXjmsH11-T4jFxA==/lib/arm64:/data/app/~~gEsthl7CEEjzsXae0-OMoQ==/com.earlysalary.android-7eFPLrIyXjmsH11-T4jFxA==/base.apk!/lib/arm64-v8a:/data/app/~~gEsthl7CEEjzsXae0-OMoQ==/com.earlysalary.android-7eFPLrIyXjmsH11-T4jFxA==/split_config.arm64_v8a.apk!/lib/arm64-v8a:/data/app/~~gEsthl7CEEjzsXae0-OMoQ==/com.earlysalary.android-7eFPLrIyXjmsH11-T4jFxA==/split_config.en.apk!/lib/arm64-v8a:/data/app/~~gEsthl7CEEjzsXae0-OMoQ==/com.earlysalary.andr
05-26 00:28:48.701  2889  2889 D nativeloader: Load libframework-connectivity-jni.so using APEX ns com_android_tethering for caller /apex/com.android.tethering/javalib/framework-connectivity.jar: ok
05-26 00:28:48.704  2889  2889 V GraphicsEnvironment: Currently set values for:
05-26 00:28:48.704  2889  2889 V GraphicsEnvironment:   angle_gl_driver_selection_pkgs=[]
05-26 00:28:48.704  2889  2889 V GraphicsEnvironment:   angle_gl_driver_selection_values=[]
05-26 00:28:48.705  2889  2889 V GraphicsEnvironment: ANGLE GameManagerService for com.earlysalary.android: false
05-26 00:28:48.705  2889  2889 V GraphicsEnvironment: com.earlysalary.android is not listed in per-application setting
05-26 00:28:48.705  2889  2889 V GraphicsEnvironment: Updatable production driver is not supported on the device.
05-26 00:28:48.712  3077  9459 D CompatibilityChangeReporter: Compat change id reported: 161145287; UID 10470; state: ENABLED
05-26 00:28:48.728  2889  2889 D nativeloader: Load /data/app/~~gEsthl7CEEjzsXae0-OMoQ==/com.earlysalary.android-7eFPLrIyXjmsH11-T4jFxA==/lib/arm64/libdefender.so using class loader ns clns-5 (caller=/data/app/~~gEsthl7CEEjzsXae0-OMoQ==/com.earlysalary.android-7eFPLrIyXjmsH11-T4jFxA==/base.apk!classes2.dex): ok
05-26 00:28:48.750  2889  2889 D CompatibilityChangeReporter: Compat change id reported: 183155436; UID 10470; state: ENABLED
05-26 00:28:48.754  2889  2889 D FirebaseSessions: Dependency to CRASHLYTICS added.
05-26 00:28:48.755  2889  2889 I FirebaseApp: Device unlocked: initializing all Firebase APIs for app [DEFAULT]
05-26 00:28:48.758  2889  2889 D nativeloader: Load /data/app/~~gEsthl7CEEjzsXae0-OMoQ==/com.earlysalary.android-7eFPLrIyXjmsH11-T4jFxA==/lib/arm64/libdatastore_shared_counter.so using class loader ns clns-5 (caller=/data/app/~~gEsthl7CEEjzsXae0-OMoQ==/com.earlysalary.android-7eFPLrIyXjmsH11-T4jFxA==/base.apk!classes3.dex): ok
05-26 00:28:48.761  3077  3455 I RemoteProvisionSysSvc: getRegistration(android.hardware.security.keymint.IRemotelyProvisionedComponent/default)
05-26 00:28:48.763  3077  3077 I RegistrationProxy: onServiceConnected: com.android.rkpdapp.service.RemoteProvisioningService
05-26 00:28:48.764  2889  2889 D FirebaseSessions: Initializing Firebase Sessions 3.0.1.
05-26 00:28:48.767  3077  3455 I RegistrationProxy: IGetRegistrationCallback.onSuccess
05-26 00:28:48.769  1758  4653 I vendor.qti.bluetooth@1.0-ibs_handler: DeviceSleep: TX Awake, Sending SLEEP_IND
05-26 00:28:48.769  1758  4653 D vendor.qti.bluetooth@1.0-ibs_handler: SerialClockVote: vote for UART CLK OFF
05-26 00:28:48.770  3077  3455 E RemoteProvisionSysSvc: RKP not allowed. Key 10470 for client 219869884
05-26 00:28:48.770  1354   776 E keystore2: system/security/keystore2/src/rkpd_client.rs:172 - IGetKeyCallback failed: Device doesnot support RKP
05-26 00:28:48.771  1354 10580 W keystore2: system/security/keystore2/src/remote_provisioning.rs:102 - Error occurred: system/security/keystore2/src/rkpd_client.rs:187: GetKeyCallback failed: r#ERROR_UNKNOWN "Device doesnot support RKP"
05-26 00:28:48.771  1354 10580 W keystore2: 
05-26 00:28:48.771  1354 10580 W keystore2: Caused by:
05-26 00:28:48.771  1354 10580 W keystore2:     Error::Rc(r#OUT_OF_KEYS_TRANSIENT_ERROR)
05-26 00:28:48.775  1269  1276 D DrmLibTime: got the req here! ret=0
05-26 00:28:48.775  1269  1276 D DrmLibTime: command id, time_cmd_id = 770
05-26 00:28:48.775  1269  1276 D DrmLibTime: time_getutcsec starts!
05-26 00:28:48.775  1269  1276 D DrmLibTime: QSEE Time Listener: time_getutcsec
05-26 00:28:48.775  1269  1276 D DrmLibTime: QSEE Time Listener: get_utc_seconds
05-26 00:28:48.775  1269  1276 D DrmLibTime: QSEE Time Listener: time_get_modem_time
05-26 00:28:48.775  1269  1276 D DrmLibTime: QSEE Time Listener: Checking if ATS_MODEM is set or not.
05-26 00:28:48.775  1269  1276 D QC-time-services: Lib:time_genoff_operation: pargs->base = 13
05-26 00:28:48.775  1269  1276 D QC-time-services: Lib:time_genoff_operation: pargs->operation = 2
05-26 00:28:48.775  1269  1276 D QC-time-services: Lib:time_genoff_operation: pargs->ts_val = 0
05-26 00:28:48.775  1269  1276 D QC-time-services: Lib:time_genoff_operation: Send to server  passed!!
05-26 00:28:48.775  1573  1588 D QC-time-services: Daemon: Connection accepted:time_genoff
05-26 00:28:48.775  1573  3072 D QC-time-services: Daemon:Received base = 13, unit = 1, operation = 2,value = 0
05-26 00:28:48.775 11142 11142 W Finsky  : [2] STU: Failed to get storage stats for package 'com.android.apex.cts.shim' (1601: Error getting stats: android.content.pm.PackageManager.NameNotFoundException)
05-26 00:28:48.776  1573  3072 D QC-time-services: Daemon:genoff_opr: Base = 13, val = 0, operation = 2
05-26 00:28:48.776  1573  3072 D QC-time-services: offset is: 1 for base: 13
05-26 00:28:48.776  1269  1276 E QC-time-services: Receive Passed == base = 13, unit = 1, operation = 2, result = 0
05-26 00:28:48.776  1269  1276 D DrmLibTime: QSEE Time Listener: ATS_MODEM is set. Try to retrieve it.
05-26 00:28:48.778  1573  1588 E QC-time-services: Daemon: Time-services: Waiting to acceptconnection
05-26 00:28:48.778  1573  1588 D QC-time-services: Daemon: Connection accepted:time_genoff
05-26 00:28:48.778  1573  3076 D QC-time-services: Daemon:Received base = 13, unit = 1, operation = 1,value = 0
05-26 00:28:48.778  1573  3076 D QC-time-services: Daemon:genoff_opr: Base = 13, val = 0, operation = 1
05-26 00:28:48.778  1573  3076 D QC-time-services: Daemon: genoff get for 13
05-26 00:28:48.778  1573  3076 D QC-time-services: Daemon:Value read from QTimer mseconds = 1558321840
05-26 00:28:48.778  1573  3076 D QC-time-services: Daemon:Value read from RTC mseconds on boot = 18280000
05-26 00:28:48.778  1573  3076 D QC-time-services: Daemon:Value read from QTimer mseconds = 1558321840
05-26 00:28:48.778  1573  3076 D QC-time-services: Daemon:Value read from generic offset = 1778158931900
05-26 00:28:48.778  1573  3076 D QC-time-services: Daemon:Delta read on boot mseconds = 18270199
05-26 00:28:48.778  1573  3076 D QC-time-services: Daemon:Final Time = 1779735523939
05-26 00:28:48.779  1573  1588 E QC-time-services: Daemon: Time-services: Waiting to acceptconnection
05-26 00:28:48.779  1269  1276 D DrmLibTime: QSEE Time Listener: Time GenOff - seconds: 1779735523
05-26 00:28:48.779  1269  1276 D DrmLibTime: time_getutcsec returns 0, sec = 1779735523; nsec = 0
05-26 00:28:48.779  1269  1276 D DrmLibTime: time_getutcsec finished! 
05-26 00:28:48.779  1269  1276 D DrmLibTime: iotcl_continue_command finished! and return 0 
05-26 00:28:48.779  1269  1276 D DrmLibTime: before calling ioctl to read the next time_cmd
05-26 00:28:48.784  2889  2889 D CompatibilityChangeReporter: Compat change id reported: 3400644; UID 10470; state: ENABLED
05-26 00:28:48.785  2889  2889 I FirebaseCrashlytics: Initializing Firebase Crashlytics 20.0.1 for com.earlysalary.android
05-26 00:28:48.792  2889  2889 D FirebaseSessions: Subscriber CRASHLYTICS registered.
05-26 00:28:48.793  2889  3061 D FirebaseSessions: Notified CRASHLYTICS of new session 867975010fc24183aecddf97a53fdee3
05-26 00:28:48.793  3077  9459 D CompatibilityChangeReporter: Compat change id reported: 261072174; UID 10470; state: ENABLED
05-26 00:28:48.794  3077  9459 I ActivityManager: Killing 22384:android.process.acore/u0a114 (adj 999, setSvc -10000): empty #31
05-26 00:28:48.803  2889  3060 D FirebaseSessions: Fetching settings from server.
05-26 00:28:48.807  3077  3379 I libprocessgroup: Successfully killed process cgroup uid 10114 pid 22384 in 6ms
05-26 00:28:48.822  2889  3081 W ysalary.android: ClassLoaderContext classpath size mismatch. expected=1, found=0 (DLC[];PCL[base.apk*217194814]{PCL[/system/framework/org.apache.http.legacy.jar*365604909]#PCL[/system/framework/com.android.location.provider.jar*3994156537]#PCL[/system/framework/com.android.media.remotedisplay.jar*2114713712]} | DLC[];PCL[])
05-26 00:28:48.824  2889  3081 I DynamiteModule: Considering local module com.google.android.gms.measurement.dynamite:155 and remote module com.google.android.gms.measurement.dynamite:191
05-26 00:28:48.824  2889  3081 I DynamiteModule: Selected remote version of com.google.android.gms.measurement.dynamite, version >= 191
05-26 00:28:48.824  2889  3081 V DynamiteModule: Dynamite loader version >= 2, using loadModule2NoCrashUtils
05-26 00:28:48.825  2889  2889 I FirebaseInitProvider: FirebaseApp initialization successful
05-26 00:28:48.843  3077  3455 I ActivityManager: appDiedLocked: app=ProcessRecord{cc8ae2e 22384:android.process.acore/u0a114} thread=android.os.BinderProxy@95e82ec fromBinderDied=true isKilledByAm=true reason=null
05-26 00:28:48.843  2889  3081 W System  : ClassLoader referenced unknown path: 
05-26 00:28:48.843  2889  3081 D nativeloader: Configuring clns-6 for other apk . target_sdk_version=37, uses_libraries=, library_path=/data/app/~~s6zHoN5FMdgorzq8XXmbgA==/com.google.android.gms-qmPWRe10ydWw-HUqpAUDIw==/lib/arm64:/data/app/~~s6zHoN5FMdgorzq8XXmbgA==/com.google.android.gms-qmPWRe10ydWw-HUqpAUDIw==/base.apk!/lib/arm64-v8a, permitted_path=/data:/mnt/expand:/data/user/0/com.google.android.gms
05-26 00:28:48.845  2889  2889 D Sentry  : io.sentry.auto-init read: false
05-26 00:28:48.846  3077  3455 D RestartModeController: markWaitRestartAppIsSuicided null processName=android.process.acore
05-26 00:28:48.846  1604  1604 I Zygote  : Process 22384 exited due to signal 9 (Killed)
05-26 00:28:48.846  3077  3455 D ActivityTaskManager: handleAppDied: uid=10114,diedCount=1,lastDiedTime=1074342062,forceStopUids=false
05-26 00:28:48.849  3077  3367 D DisplayManagerService: Drop pending events for gone uid 10114
05-26 00:28:48.855  2889  3081 W ysalary.android: ClassLoaderContext classpath element checksum mismatch. expected=217194814, found=1793941021 (DLC[];PCL[base.apk*217194814]{PCL[/system/framework/org.apache.http.legacy.jar*365604909]#PCL[/system/framework/com.android.location.provider.jar*3994156537]#PCL[/system/framework/com.android.media.remotedisplay.jar*2114713712]} | DLC[];PCL[/data/app/~~gEsthl7CEEjzsXae0-OMoQ==/com.earlysalary.android-7eFPLrIyXjmsH11-T4jFxA==/base.apk*1793941021]{PCL[/system/framework/org.apache.http.legacy.jar*365604909]})
05-26 00:28:48.856  2889  3059 I FirebaseCrashlytics: Saved version control info
05-26 00:28:48.861 23686 23729 I cr_BindingManager: onTrimMemory: level=40, size=0
05-26 00:28:48.867  3171  3171 W getenforce: type=1400 audit(0.0:447022): avc:  denied  { read } for  name="enforce" dev="selinuxfs" ino=4 scontext=u:r:untrusted_app:s0:c214,c257,c512,c768 tcontext=u:object_r:selinuxfs:s0 tclass=file permissive=0 app=com.earlysalary.android
05-26 00:28:48.871  2889  2889 W Thread-3: type=1400 audit(0.0:447023): avc:  denied  { read } for  name="enforce" dev="selinuxfs" ino=4 scontext=u:r:untrusted_app:s0:c214,c257,c512,c768 tcontext=u:object_r:selinuxfs:s0 tclass=file permissive=0 app=com.earlysalary.android
05-26 00:28:48.874 11142 11142 W Finsky  : [2] STU: Failed to get storage stats for package 'com.google.android.appsearch' (1601: Error getting stats: android.content.pm.PackageManager.NameNotFoundException)
05-26 00:28:48.879  2889  3221 D nativeloader: Load /data/app/~~gEsthl7CEEjzsXae0-OMoQ==/com.earlysalary.android-7eFPLrIyXjmsH11-T4jFxA==/lib/arm64/libkeys.so using class loader ns clns-5 (caller=/data/app/~~gEsthl7CEEjzsXae0-OMoQ==/com.earlysalary.android-7eFPLrIyXjmsH11-T4jFxA==/base.apk!classes3.dex): ok
05-26 00:28:48.890 31383 31396 W .apps.wellbeing: ApkAssets: Deleting an ApkAssets object '<empty> and /product/overlay/DisplayCutoutEmulationNoCutout/DisplayCutoutEmulationNoCutoutOverlay.apk' with 1 weak references
05-26 00:28:48.890 31383 31396 W .apps.wellbeing: ApkAssets: Deleting an ApkAssets object '<empty> and /system_ext/priv-app/MotoDesktopCore/MotoDesktopCore.apk' with 1 weak references
05-26 00:28:48.890 31383 31396 W .apps.wellbeing: ApkAssets: Deleting an ApkAssets object '<empty> and /data/app/~~O4Tm5ObbZBU_U89qnolALw==/com.google.android.apps.subscriptions.red-HVviSWkfJguxjCIhi-IFTg==/base.apk' with 1 weak references
05-26 00:28:48.890 31383 31396 W .apps.wellbeing: ApkAssets: Deleting an ApkAssets object '<empty> and /data/app/~~O4Tm5ObbZBU_U89qnolALw==/com.google.android.apps.subscriptions.red-HVviSWkfJguxjCIhi-IFTg==/split_config.arm64_v8a.apk' with 1 weak references
05-26 00:28:48.891 31383 31396 W .apps.wellbeing: ApkAssets: Deleting an ApkAssets object '<empty> and /data/app/~~O4Tm5ObbZBU_U89qnolALw==/com.google.android.apps.subscriptions.red-HVviSWkfJguxjCIhi-IFTg==/split_config.en.apk' with 1 weak references
05-26 00:28:48.891 31383 31396 W .apps.wellbeing: ApkAssets: Deleting an ApkAssets object '<empty> and /data/app/~~O4Tm5ObbZBU_U89qnolALw==/com.google.android.apps.subscriptions.red-HVviSWkfJguxjCIhi-IFTg==/split_config.xxhdpi.apk' with 1 weak references
05-26 00:28:48.891 31383 31396 W .apps.wellbeing: ApkAssets: Deleting an ApkAssets object '<empty> and /data/app/~~o18X9TQqHluMQItQds-BoA==/com.whatsapp.w4b-Mx4vwDKN4SZAASHO6fAuow==/base.apk' with 1 weak references
05-26 00:28:48.892 31383 31396 W .apps.wellbeing: ApkAssets: Deleting an ApkAssets object '<empty> and /data/app/~~o18X9TQqHluMQItQds-BoA==/com.whatsapp.w4b-Mx4vwDKN4SZAASHO6fAuow==/split_config.arm64_v8a.apk' with 1 weak references
05-26 00:28:48.892 31383 31396 W .apps.wellbeing: ApkAssets: Deleting an ApkAssets object '<empty> and /data/app/~~o18X9TQqHluMQItQds-BoA==/com.whatsapp.w4b-Mx4vwDKN4SZAASHO6fAuow==/split_config.xxhdpi.apk' with 1 weak references
05-26 00:28:48.892 31383 31396 W .apps.wellbeing: ApkAssets: Deleting an ApkAssets object '<empty> and /data/app/~~JubpbzSfz6wAXwC7NTO0RA==/com.ideopay.user-X5wPSPn951v_34Ih_t9-zQ==/base.apk' with 1 weak references
05-26 00:28:48.892 31383 31396 W .apps.wellbeing: ApkAssets: Deleting an ApkAssets object '<empty> and /data/app/~~JubpbzSfz6wAXwC7NTO0RA==/com.ideopay.user-X5wPSPn951v_34Ih_t9-zQ==/split_config.arm64_v8a.apk' with 1 weak references
05-26 00:28:48.892 31383 31396 W .apps.wellbeing: ApkAssets: Deleting an ApkAssets object '<empty> and /data/app/~~JubpbzSfz6wAXwC7NTO0RA==/com.ideopay.user-X5wPSPn951v_34Ih_t9-zQ==/split_config.en.apk' with 1 weak references
05-26 00:28:48.892 31383 31396 W .apps.wellbeing: ApkAssets: Deleting an ApkAssets object '<empty> and /data/app/~~JubpbzSfz6wAXwC7NTO0RA==/com.ideopay.user-X5wPSPn951v_34Ih_t9-zQ==/split_config.xxhdpi.apk' with 1 weak references
05-26 00:28:48.893 31383 31396 W .apps.wellbeing: ApkAssets: Deleting an ApkAssets object '<empty> and /data/app/~~KRPl8vemSK3e5PH1rVUHfQ==/com.google.android.youtube-DKBmkKfdWnnkDWqRHUA9QQ==/base.apk' with 1 weak references
05-26 00:28:48.871  2889  2889 W Thread-3: type=1400 audit(0.0:447024): avc:  denied  { read } for  name="cache" dev="dm-8" ino=16 scontext=u:r:untrusted_app:s0:c214,c257,c512,c768 tcontext=u:object_r:cache_file:s0 tclass=lnk_file permissive=0 app=com.earlysalary.android
05-26 00:28:48.871  2889  2889 W Thread-3: type=1400 audit(0.0:447025): avc:  denied  { read } for  name="cache" dev="dm-8" ino=16 scontext=u:r:untrusted_app:s0:c214,c257,c512,c768 tcontext=u:object_r:cache_file:s0 tclass=lnk_file permissive=0 app=com.earlysalary.android
05-26 00:28:48.893 31383 31396 W .apps.wellbeing: ApkAssets: Deleting an ApkAssets object '<empty> and /data/app/~~KRPl8vemSK3e5PH1rVUHfQ==/com.google.android.youtube-DKBmkKfdWnnkDWqRHUA9QQ==/split_config.arm64_v8a.apk' with 1 weak references
05-26 00:28:48.893 31383 31396 W .apps.wellbeing: ApkAssets: Deleting an ApkAssets object '<empty> and /data/app/~~KRPl8vemSK3e5PH1rVUHfQ==/com.google.android.youtube-DKBmkKfdWnnkDWqRHUA9QQ==/split_config.en.apk' with 1 weak references
05-26 00:28:48.893 31383 31396 W .apps.wellbeing: ApkAssets: Deleting an ApkAssets object '<empty> and /data/app/~~KRPl8vemSK3e5PH1rVUHfQ==/com.google.android.youtube-DKBmkKfdWnnkDWqRHUA9QQ==/split_config.xxhdpi.apk' with 1 weak references
05-26 00:28:48.894 31383 31396 W .apps.wellbeing: ApkAssets: Deleting an ApkAssets object '<empty> and /product/app/VzwAPNLibWs/VzwAPNLibWs.apk' with 1 weak references
05-26 00:28:48.895 31383 31396 W .apps.wellbeing: ApkAssets: Deleting an ApkAssets object '<empty> and /data/app/~~Q6ouS0ShEWAkOTLQQ8W0bg==/com.paisabazaar-Sv6v7WYeWw61IFYtFPa8_g==/base.apk' with 1 weak references
05-26 00:28:48.895 31383 31396 W .apps.wellbeing: ApkAssets: Deleting an ApkAssets object '<empty> and /data/app/~~Q6ouS0ShEWAkOTLQQ8W0bg==/com.paisabazaar-Sv6v7WYeWw61IFYtFPa8_g==/split_config.arm64_v8a.apk' with 1 weak references
05-26 00:28:48.895 31383 31396 W .apps.wellbeing: ApkAssets: Deleting an ApkAssets object '<empty> and /data/app/~~Q6ouS0ShEWAkOTLQQ8W0bg==/com.paisabazaar-Sv6v7WYeWw61IFYtFPa8_g==/split_config.xxhdpi.apk' with 1 weak references
05-26 00:28:48.895 31383 31396 W .apps.wellbeing: ApkAssets: Deleting an ApkAssets object '<empty> and /product/priv-app/BuaCloudContactAdapter/BuaCloudContactAdapter.apk' with 1 weak references
05-26 00:28:48.899  2889  2889 I Typeface: updateThemeFont new=Rookery-Regular;old=sans-serif;new=Rookery-Stacked;old=
05-26 00:28:48.901  3077  4441 I ActivityManager: Flag disabled. Ignoring finishAttachApplication from uid: 10470. pid: 2889
05-26 00:28:48.906 11142 11142 W Finsky  : [2] STU: Failed to get storage stats for package 'com.google.android.art' (1601: Error getting stats: android.content.pm.PackageManager.NameNotFoundException)
05-26 00:28:48.907  2889  3355 D CompatibilityChangeReporter: Compat change id reported: 247079863; UID 10470; state: ENABLED
05-26 00:28:48.908  2889  2889 D WM-PackageManagerHelper: Skipping component enablement for androidx.work.impl.background.systemjob.SystemJobService
05-26 00:28:48.908  2889  2889 D WM-Schedulers: Created SystemJobScheduler and enabled SystemJobService
05-26 00:28:48.910 31383 31396 W .apps.wellbeing: ApkAssets: Deleting an ApkAssets object '<empty> and /apex/com.android.uwb/priv-app/ServiceUwbResources@U1SHS34M.1-177-6-4/ServiceUwbResources.apk' with 1 weak references
05-26 00:28:48.911  2889  3357 D AdvertisingIdClient: Creating AdvertisingIdClient
05-26 00:28:48.911  2889  3357 D AdvertisingIdClient: AdvertisingIdClient already created.
05-26 00:28:48.911 31383 31396 W .apps.wellbeing: ApkAssets: Deleting an ApkAssets object '<empty> and /product/overlay/DisplayCutoutEmulationCorner/DisplayCutoutEmulationCornerOverlay.apk' with 1 weak references
05-26 00:28:48.912  2889  3411 D WM-ForceStopRunnable: The default process name was not specified.
05-26 00:28:48.912  2889  3411 D WM-ForceStopRunnable: Performing cleanup operations.
05-26 00:28:48.912  3077  4441 D CompatibilityChangeReporter: Compat change id reported: 319212206; UID 10470; state: ENABLED
05-26 00:28:48.914 31383 31396 W .apps.wellbeing: ApkAssets: Deleting an ApkAssets object '<empty> and /apex/com.android.extservices/priv-app/GoogleExtServices@361153320/GoogleExtServices.apk' with 1 weak references
05-26 00:28:48.914 31383 31396 W .apps.wellbeing: ApkAssets: Deleting an ApkAssets object '<empty> and /system_ext/priv-app/MotoCare/MotoCare.apk' with 1 weak references
05-26 00:28:48.915 31383 31396 W .apps.wellbeing: ApkAssets: Deleting an ApkAssets object '<empty> and /product/priv-app/MotoTour/MotoTour.apk' with 1 weak references
05-26 00:28:48.915 31383 31396 W .apps.wellbeing: ApkAssets: Deleting an ApkAssets object '<empty> and /product/overlay/DisplayCutoutEmulationDouble/DisplayCutoutEmulationDoubleOverlay.apk' with 1 weak references
05-26 00:28:48.916 31383 31396 W .apps.wellbeing: ApkAssets: Deleting an ApkAssets object '<empty> and /system/priv-app/TelephonyProvider/TelephonyProvider.apk' with 1 weak references
05-26 00:28:48.916 31383 31396 W .apps.wellbeing: ApkAssets: Deleting an ApkAssets object '/product/overlay/TelephonyProviderCarrierSettingsRRO.apk' with 1 weak references
05-26 00:28:48.916 31383 31396 W .apps.wellbeing: ApkAssets: Deleting an ApkAssets object '<empty> and /system/priv-app/DynamicSystemInstallationService/DynamicSystemInstallationService.apk' with 1 weak references
05-26 00:28:48.916 31383 31396 W .apps.wellbeing: ApkAssets: Deleting an ApkAssets object '<empty> and /product/priv-app/MotoFeedbackAssistant/MotoFeedbackAssistant.apk' with 1 weak references
05-26 00:28:48.917  3077  3736 D ConnectivityService: NetReassign [no changes] [c 1] [a 1] [i 2]
