05-26 00:00:40.870 27259 17774 I System.out: [[Dispatchers.Default.limitedParallelism(1)][bolt-manager][debug][bolt-v2][StateInactiveTimeQueueOperation]:message[Queue operation with name [StateValidationQueueOperation retry limits not reached, checking for waiting window before execution..]
05-26 00:00:40.870 27259 17774 I System.out: [[Dispatchers.Default.limitedParallelism(1)][bolt-manager][debug][bolt-v2][StateInactiveTimeQueueOperation]:message[Queue operation with name [StateValidationQueueOperation retry limits not reached, waiting window is completed, ready to execute in 3.2.1..]
05-26 00:00:40.870 27259 17774 I System.out: [[BlockingEventLoop@feb277b][unknown][info][bolt-v2][BoltManager]:message[state validation operation running]
05-26 00:00:40.870 27259 17774 I System.out: [[Dispatchers.Default.limitedParallelism(1)][bolt-manager][debug][bolt-v2][StateInactiveTimeQueueOperation]:message[Queue operation with name [StateValidationQueueOperation] retried.]
05-26 00:00:40.871 27259 17774 I System.out: [[Dispatchers.Default.limitedParallelism(1)][bolt-manager][debug][bolt-v2][BoltControlManager]:message[execution completed for name [StateValidationQueueOperation and item [StateInactiveTimeQueueOperation(uniqueName=StateValidationQueueOperation, retryConfig=com.phonepe.boltV2Sdk.external.RetryConfiguration@f26430c, logger=com.phonepe.boltV2Sdk.internal.logger.core.DebugLogger@3006455, analyticManager=com.phonepe.boltV2Sdk.internal.BoltAnalyticManager@47ace6a, immediateExecute=true, queueOperationType=STATE_INACTIVE_TIME_QUEUE_OPERATION, block=Function2<com.phonepe.boltV2Sdk.internal.boltctl.queueOperations.QueueOperation, kotlin.coroutines.Continuation<? super java.lang.Boolean>, java.lang.Object>)], checking for GC status]
05-26 00:00:40.871 27259 17774 I System.out: [[Dispatchers.Default.limitedParallelism(1)][bolt-manager][debug][bolt-v2][BoltControlManager]:message[execution called for name [BoltCtl and item [PeriodicCheckQueueOperation(uniqueName=BoltCtl, retryConfig=com.phonepe.boltV2Sdk.external.RetryConfiguration@d7ab135, logger=com.phonepe.boltV2Sdk.internal.logger.core.DebugLogger@339c9ca, analyticManager=com.phonepe.boltV2Sdk.internal.BoltAnalyticManager@47ace6a, immediateExecute=false, queueOperationType=BOLT_PERIODIC_OPERATION, block=Function2<com.phonepe.boltV2Sdk.internal.boltctl.queueOperations.QueueOperation, kotlin.coroutines.Continuation<? super java.lang.Boolean>, java.lang.Object>)]]
05-26 00:00:40.871 27259 17774 I System.out: [[Dispatchers.Default.limitedParallelism(1)][bolt-manager][debug][bolt-v2][PeriodicCheckQueueOperation]:message[Queue operation with name [BoltCtl retry started, checking for retry limits..]
05-26 00:00:40.871 27259 17774 I System.out: [[Dispatchers.Default.limitedParallelism(1)][bolt-manager][debug][bolt-v2][PeriodicCheckQueueOperation]:message[Queue operation with name [BoltCtl retry limits not reached, checking for waiting window before execution..]
05-26 00:00:40.871 27259 17774 I System.out: [[Dispatchers.Default.limitedParallelism(1)][bolt-manager][debug][bolt-v2][PeriodicCheckQueueOperation]:message[Queue operation with name [BoltCtl retry limits not reached, waiting window is not completed, skipping the execution this time...]
05-26 00:00:40.871 27259 17774 I System.out: [[Dispatchers.Default.limitedParallelism(1)][bolt-manager][debug][bolt-v2][BoltControlManager]:message[execution completed for name [BoltCtl and item [PeriodicCheckQueueOperation(uniqueName=BoltCtl, retryConfig=com.phonepe.boltV2Sdk.external.RetryConfiguration@d7ab135, logger=com.phonepe.boltV2Sdk.internal.logger.core.DebugLogger@339c9ca, analyticManager=com.phonepe.boltV2Sdk.internal.BoltAnalyticManager@47ace6a, immediateExecute=false, queueOperationType=BOLT_PERIODIC_OPERATION, block=Function2<com.phonepe.boltV2Sdk.internal.boltctl.queueOperations.QueueOperation, kotlin.coroutines.Continuation<? super java.lang.Boolean>, java.lang.Object>)], checking for GC status]
05-26 00:00:40.923  1758  4641 I vendor.qti.bluetooth@1.0-ibs_handler: ProcessIbsCmd: Received IBS_WAKE_IND: 0xFD
05-26 00:00:40.924  1758  4641 D vendor.qti.bluetooth@1.0-ibs_handler: SerialClockVote: vote for UART CLK ON
05-26 00:00:40.924  1758  4641 D vendor.qti.bluetooth@1.0-wake_lock: Acquire wakelock is acquired 
05-26 00:00:40.924  1758  4641 I vendor.qti.bluetooth@1.0-ibs_handler: ProcessIbsCmd: Writing IBS_WAKE_ACK
05-26 00:00:40.925  3992  4648 I bt_stack: [INFO:btm_ble_gap.cc(3287)] btm_ble_process_adv_pkt_cont Data Complete 10:60:60:63:f5:e3
05-26 00:00:40.925  3992  4648 D bt_btm_ble: bool parse_adv_audio_uuids_from_adv_pkt(const uint8_t *, size_t, uint8_t): tmap_cap_pts: false
05-26 00:00:40.937  4774 19839 I NearbySharing: Network state changed: NetworkState(isRestricted=false, isOnline=true, isCongested=false, isMetered=false, isWifiConnected=true)
05-26 00:00:40.964  1758  4641 I vendor.qti.bluetooth@1.0-ibs_handler: ProcessIbsCmd: Received IBS_SLEEP_IND: 0xFE
05-26 00:00:40.964  1758  4641 D vendor.qti.bluetooth@1.0-ibs_handler: SerialClockVote: vote for UART CLK OFF
05-26 00:00:41.008 31091 31429 D ProfileInstaller: Installing profile for com.motorola.motcameradesktop
05-26 00:00:41.115  1758  4324 D vendor.qti.bluetooth@1.0-wake_lock: Release wakelock is released 
05-26 00:00:41.180  1859 26648 I QC2Comp : [vp9D_1564] Stats: Pending(0) i/p-done(0) Works: Q: 39/Done 40|Work-Rate: Q(0.0/s Avg=0.4/s) Done(0.000/s Avg=0.442/s)| Stream: 30.30fps 6.8Kbps
05-26 00:00:41.180  1859 26648 I QC2Comp : [vp9D_1564] Mem-usage:  [In-1D: 6 bufs 22.430 MB] [1D-3103: 19 bufs 0.297 MB] [2D-3104: 26 bufs 17.469 MB] | Total: 40.195 MB
05-26 00:00:41.349  1758  4641 I vendor.qti.bluetooth@1.0-ibs_handler: ProcessIbsCmd: Received IBS_WAKE_IND: 0xFD
05-26 00:00:41.349  1758  4641 D vendor.qti.bluetooth@1.0-ibs_handler: SerialClockVote: vote for UART CLK ON
05-26 00:00:41.349  1758  4641 D vendor.qti.bluetooth@1.0-wake_lock: Acquire wakelock is acquired 
05-26 00:00:41.349  1758  4641 I vendor.qti.bluetooth@1.0-ibs_handler: ProcessIbsCmd: Writing IBS_WAKE_ACK
05-26 00:00:41.350  3992  4648 I bt_stack: [INFO:btm_ble_gap.cc(3287)] btm_ble_process_adv_pkt_cont Data Complete f7:60:f0:b3:41:c6
05-26 00:00:41.350  3992  4648 I bt_stack: [INFO:btm_ble_gap.cc(3287)] btm_ble_process_adv_pkt_cont Data Complete f7:60:f0:b3:41:c6
05-26 00:00:41.350  3992  4648 D bt_btm_ble: bool parse_adv_audio_uuids_from_adv_pkt(const uint8_t *, size_t, uint8_t): tmap_cap_pts: false
05-26 00:00:41.353  4774  4991 I NearbyDiscovery: (REDACTED) BloomFilterAdvManager: Detected bloom filter but too far away, ignoring. %sm, %s
05-26 00:00:41.390  1758  4641 I vendor.qti.bluetooth@1.0-ibs_handler: ProcessIbsCmd: Received IBS_SLEEP_IND: 0xFE
05-26 00:00:41.390  1758  4641 D vendor.qti.bluetooth@1.0-ibs_handler: SerialClockVote: vote for UART CLK OFF
05-26 00:00:41.487 15315 15365 D Checkin : publish the event [tag = MOT_DEVICE_STATS event name = StuckWakelocks]
05-26 00:00:41.540  1758  4324 D vendor.qti.bluetooth@1.0-wake_lock: Release wakelock is released 
05-26 00:00:41.890 15315 15365 D Checkin : publish the event [tag = MOT_DEVICE_STATS event name = StuckWakelocks]
05-26 00:00:41.918 15315 15365 D Checkin : publish the event [tag = MOT_DEVICE_STATS event name = MMCStats]
05-26 00:00:41.918 15315 15365 D MCLOG   : [MultiUserReport] report()
05-26 00:00:41.924 15315 15365 D MCLOG   : [StorageStatsReport] report
05-26 00:00:41.924 15315 15365 D MCLOG   : [StorageStatsReport] report hidtime=null, lastHidTime=
05-26 00:00:41.925 15315 15365 D Checkin : publish the event [tag = MOT_DEVICE_STATS event name = STORAGESTATS]
05-26 00:00:41.932 15315 15365 D MCLOG   : [LmkCountReport] data=lmk_killcnt=250:9,500:6,700:4,800:24,900:3703 uptime=991765451 isBootStart=false triggerState=null timestamp=1779647467699
05-26 00:00:41.932 15315 15365 D MCLOG   : [LmkCountReport] data=lmk_killcnt=250:9,500:6,700:4,800:24,900:3816 uptime=1075687648 isBootStart=false triggerState=null timestamp=1779733834791
05-26 00:00:41.933 15315 15365 D Checkin : publish the event [tag = MOT_DEVICE_STATS_MEM_E event name = DailyStats]
05-26 00:00:41.933 15315 15365 D MCLOG   : [FrameMissDailyReport] report()
05-26 00:00:41.936  1884  2541 I SurfaceFlinger: missed_frame_stats_value: 320,5,367146,155
05-26 00:00:41.936  1884  2541 I SurfaceFlinger: app: 10296, missed count: 27, frame_count:23153
05-26 00:00:41.936  1884  2541 I SurfaceFlinger: app: 10163, missed count: 3, frame_count:1665
05-26 00:00:41.936  1884  2541 I SurfaceFlinger: app: 10464, missed count: 8, frame_count:23457
05-26 00:00:41.936  1884  2541 I SurfaceFlinger: app: 1000, missed count: 7, frame_count:17185
05-26 00:00:41.936  1884  2541 I SurfaceFlinger: app: 10342, missed count: 52, frame_count:23366
05-26 00:00:41.936  1884  2541 I SurfaceFlinger: app: 10476, missed count: 7, frame_count:26534
05-26 00:00:41.936  1884  2541 I SurfaceFlinger: app: 10178, missed count: 22, frame_count:25104
05-26 00:00:41.936  1884  2541 I SurfaceFlinger: app: 10520, missed count: 22, frame_count:199672
05-26 00:00:41.936  1884  2541 I SurfaceFlinger: app: 10504, missed count: 4, frame_count:13477
05-26 00:00:41.936  1884  2541 I SurfaceFlinger: app: 10285, missed count: 1, frame_count:6097
05-26 00:00:41.936  1884  2541 I SurfaceFlinger: app: 10290, missed count: 0, frame_count:42
05-26 00:00:41.936  1884  2541 I SurfaceFlinger: app: 10392, missed count: 6, frame_count:2411
05-26 00:00:41.936  1884  2541 I SurfaceFlinger: app: 10260, missed count: 0, frame_count:346
05-26 00:00:41.936  1884  2541 I SurfaceFlinger: app: 10471, missed count: 0, frame_count:6118
05-26 00:00:41.936  1884  2541 I SurfaceFlinger: app: 10200, missed count: 0, frame_count:71
05-26 00:00:41.936  1884  2541 I SurfaceFlinger: missed_rate_app_value: 10296:11,10464:3,10342:22,10476:2,10178:8,10520:1,10504:2,10285:1,10471:0
05-26 00:00:41.937 15315 15365 D MCLOG   : [FrameMissDailyReport] frame missed data: 320, 5, 367146, 155
05-26 00:00:41.962  1758  4641 I vendor.qti.bluetooth@1.0-ibs_handler: ProcessIbsCmd: Received IBS_WAKE_IND: 0xFD
05-26 00:00:41.962  1758  4641 D vendor.qti.bluetooth@1.0-ibs_handler: SerialClockVote: vote for UART CLK ON
05-26 00:00:41.962  1758  4641 D vendor.qti.bluetooth@1.0-wake_lock: Acquire wakelock is acquired 
05-26 00:00:41.962  1758  4641 I vendor.qti.bluetooth@1.0-ibs_handler: ProcessIbsCmd: Writing IBS_WAKE_ACK
05-26 00:00:41.963  3992  4648 I bt_stack: [INFO:btm_ble_gap.cc(3287)] btm_ble_process_adv_pkt_cont Data Complete f7:60:f0:b3:41:c6
05-26 00:00:41.980 15315 15365 D MCLOG   : [FrameMissDailyReport] convertedAppMissedValue: com.motorola.launcher3:11,com.phonepe.app:3,com.android.systemui:22,in.amazon.mShop.android.shopping:2,com.google.android.dialer:8,com.deepeye.musicpro.debug:1,com.flipkart.android:2,com.android.chrome:1,in.rebase.app:0
05-26 00:00:41.981 15315 15365 D Checkin : publish the event [tag = MOT_JANK_DISPLAY event name = DailyStats]
05-26 00:00:41.982 15315 15365 D MCLOG   : [NetworkSettingDailyReport] report()
05-26 00:00:41.984 15315 15365 D MCLOG   : [BaseSettingManager] dailyReport() checinEvent=com.motorola.motocare.util.MotoCareCheckin$MotorolaCheckinEventInterface@26a98f9
05-26 00:00:41.985 15315 15365 D Checkin : publish the event [tag = SETTINGS event name = network]
05-26 00:00:41.985 15315 15365 D MCLOG   : [ConnectedSettingDailyReport] report()
05-26 00:00:41.987 15315 15365 D MCLOG   : [BaseSettingManager] dailyReport() checinEvent=com.motorola.motocare.util.MotoCareCheckin$MotorolaCheckinEventInterface@b95303e
05-26 00:00:41.987 15315 15365 D Checkin : publish the event [tag = SETTINGS event name = connected]
05-26 00:00:41.987 15315 15365 D MCLOG   : [BatterySettingDailyReport] report()
05-26 00:00:41.988 15315 15365 D MCLOG   : [BaseSettingManager] dailyReport() checinEvent=com.motorola.motocare.util.MotoCareCheckin$MotorolaCheckinEventInterface@12c9e9f
05-26 00:00:41.988 15315 15365 D Checkin : publish the event [tag = SETTINGS event name = battery]
05-26 00:00:41.989 15315 15365 D MCLOG   : [DisplaySettingDailyReport] report()
05-26 00:00:41.993 15315 15365 D MCLOG   : [BaseSettingManager] dailyReport() checinEvent=com.motorola.motocare.util.MotoCareCheckin$MotorolaCheckinEventInterface@532cbb5
05-26 00:00:41.994 15315 15365 D Checkin : publish the event [tag = SETTINGS event name = display]
05-26 00:00:41.994 15315 15365 D MCLOG   : [SoundSettingDailyReport] report()
05-26 00:00:41.996 15315 15365 D MCLOG   : [BaseSettingManager] dailyReport() checinEvent=com.motorola.motocare.util.MotoCareCheckin$MotorolaCheckinEventInterface@3b0124a
05-26 00:00:41.996 15315 15365 D Checkin : publish the event [tag = SETTINGS event name = sound]
05-26 00:00:41.996 15315 15365 D MCLOG   : [StorageSettingDailyReport] report()
05-26 00:00:41.997 15315 15365 D MCLOG   : [BaseSettingManager] dailyReport() checinEvent=com.motorola.motocare.util.MotoCareCheckin$MotorolaCheckinEventInterface@6c685bb
05-26 00:00:41.997 15315 15365 D Checkin : publish the event [tag = SETTINGS event name = storage]
05-26 00:00:41.997 15315 15365 D MCLOG   : [LocationSettingDailyReport] report()
05-26 00:00:41.997 15315 15365 D MCLOG   : [BaseSettingManager] dailyReport() checinEvent=com.motorola.motocare.util.MotoCareCheckin$MotorolaCheckinEventInterface@8e81ad8
05-26 00:00:41.998 15315 15365 D Checkin : publish the event [tag = SETTINGS event name = location]
05-26 00:00:41.998 15315 15365 D MCLOG   : [AccessibilitySettingDailyReport] report()
05-26 00:00:41.998 15315 15365 W MCLOG   : [BaseSettingManager] assembleDataFromResolver() key=accessibility_shortcut_on_lock_screen, value is empty and default value is -1, ignore!
05-26 00:00:41.998 15315 15365 W MCLOG   : [BaseSettingManager] assembleDataFromResolver() key=accessibility_display_magnification_navbar_enabled, value is empty and default value is -1, ignore!
05-26 00:00:41.998 15315 15365 W MCLOG   : [BaseSettingManager] assembleDataFromResolver() key=accessibility_large_pointer_icon, value is empty and default value is -1, ignore!
05-26 00:00:41.998 15315 15365 W MCLOG   : [BaseSettingManager] assembleDataFromResolver() key=incall_power_button_behavior, value is empty and default value is -1, ignore!
05-26 00:00:41.998 15315 15365 W MCLOG   : [BaseSettingManager] assembleDataFromResolver() key=master_mono, value is empty and default value is -1, ignore!
05-26 00:00:41.999  3992  4648 I bt_stack: [INFO:btm_ble_gap.cc(3287)] btm_ble_process_adv_pkt_cont Data Complete 10:60:60:63:f5:e3
05-26 00:00:41.999  3992  4648 D bt_btm_ble: bool parse_adv_audio_uuids_from_adv_pkt(const uint8_t *, size_t, uint8_t): tmap_cap_pts: false
05-26 00:00:41.999 15315 15365 D MCLOG   : [BaseSettingManager] dailyReport() checinEvent=com.motorola.motocare.util.MotoCareCheckin$MotorolaCheckinEventInterface@e116e31
05-26 00:00:41.999 15315 15365 D Checkin : publish the event [tag = SETTINGS event name = accessibility]
05-26 00:00:41.999 15315 15365 D MCLOG   : [SystemSettingDailyReport] report()
05-26 00:00:42.000 15315 15365 D MCLOG   : [BaseSettingManager] dailyReport() checinEvent=com.motorola.motocare.util.MotoCareCheckin$MotorolaCheckinEventInterface@7e50916
05-26 00:00:42.000 15315 15365 D Checkin : publish the event [tag = SETTINGS event name = System]
05-26 00:00:42.000 15315 15365 D MCLOG   : [LedSettingDailyReport] report()
05-26 00:00:42.001 15315 15365 D MCLOG   : [BaseSettingManager] dailyReport() checinEvent=com.motorola.motocare.util.MotoCareCheckin$MotorolaCheckinEventInterface@24dc297
05-26 00:00:42.002 15315 15365 D Checkin : publish the event [tag = LED event name = DailyStats]
05-26 00:00:42.039  1758  4641 I vendor.qti.bluetooth@1.0-ibs_handler: ProcessIbsCmd: Received IBS_SLEEP_IND: 0xFE
05-26 00:00:42.039  1758  4641 D vendor.qti.bluetooth@1.0-ibs_handler: SerialClockVote: vote for UART CLK OFF
05-26 00:00:42.045 15315 15365 D Checkin : publish the event [tag = MOT_FPS event name = FPS_DAILY_STATS]
05-26 00:00:42.054 15315 15365 D Checkin : publish the event [tag = MOT_FPS event name = FPS_UNLOCK]
05-26 00:00:42.055 15315 15365 D Checkin : publish the event [tag = MOT_FPS event name = FPS_UNLOCK]
05-26 00:00:42.056 15315 15365 D Checkin : publish the event [tag = MOT_FPS event name = FPS_UNLOCK]
05-26 00:00:42.058 15315 15365 D Checkin : publish the event [tag = MOT_FPS event name = FPS_UNLOCK]
05-26 00:00:42.059 15315 15365 D Checkin : publish the event [tag = MOT_FPS event name = FPS_UNLOCK]
05-26 00:00:42.060 15315 15365 D Checkin : publish the event [tag = MOT_FPS event name = FPS_UNLOCK]
05-26 00:00:42.061 15315 15365 D Checkin : publish the event [tag = MOT_FPS event name = FPS_UNLOCK]
05-26 00:00:42.061 15315 15365 D Checkin : publish the event [tag = MOT_FPS event name = FPS_UNLOCK]
05-26 00:00:42.062 15315 15365 D Checkin : publish the event [tag = MOT_FPS event name = FPS_UNLOCK]
05-26 00:00:42.063 15315 15365 D Checkin : publish the event [tag = MOT_FPS event name = FPS_UNLOCK]
05-26 00:00:42.064 15315 15365 D Checkin : publish the event [tag = MOT_FPS event name = FPS_UNLOCK]
05-26 00:00:42.065 15315 15365 D Checkin : publish the event [tag = MOT_FPS event name = FPS_UNLOCK]
05-26 00:00:42.066 15315 15365 D Checkin : publish the event [tag = MOT_FPS event name = FPS_UNLOCK]
05-26 00:00:42.067 15315 15365 D Checkin : publish the event [tag = MOT_FPS event name = FPS_UNLOCK]
05-26 00:00:42.067 15315 15365 D Checkin : publish the event [tag = MOT_FPS event name = FPS_UNLOCK]
05-26 00:00:42.068 15315 15365 D Checkin : publish the event [tag = MOT_FPS event name = FPS_UNLOCK]
05-26 00:00:42.069 15315 15365 D Checkin : publish the event [tag = MOT_FPS event name = FPS_UNLOCK]
05-26 00:00:42.070 15315 15365 D Checkin : publish the event [tag = MOT_FPS event name = FPS_UNLOCK]
05-26 00:00:42.071 15315 15365 D Checkin : publish the event [tag = MOT_FPS event name = FPS_UNLOCK]
05-26 00:00:42.071 15315 15365 D Checkin : publish the event [tag = MOT_FPS event name = FPS_UNLOCK]
05-26 00:00:42.072 15315 15365 D Checkin : publish the event [tag = MOT_FPS event name = FPS_UNLOCK]
05-26 00:00:42.073 15315 15365 D Checkin : publish the event [tag = MOT_FPS event name = FPS_UNLOCK]
05-26 00:00:42.074 15315 15365 D Checkin : publish the event [tag = MOT_FPS event name = FPS_UNLOCK]
05-26 00:00:42.075 15315 15365 D Checkin : publish the event [tag = MOT_FPS event name = FPS_UNLOCK]
05-26 00:00:42.075 15315 15365 D Checkin : publish the event [tag = MOT_FPS event name = FPS_UNLOCK]
05-26 00:00:42.076 15315 15365 D MCLOG   : [PauseResumeReport] report() moto privacy help switch=true
05-26 00:00:42.121 15315 15365 D Checkin : publish the event [tag = MOT_DEVICE_STATS_L2 event name = EventLogs]
05-26 00:00:42.164 15315 15365 D MCLOG   : [AppPauseManager] flushAll() mCount=2
05-26 00:00:42.164 15315 15365 D MCLOG   : [PauseResumeReport] Segment count :33
05-26 00:00:42.165 15315 15365 D Checkin : publish the event [tag = MOT_DEVICE_STATS_L2 event name = EventLogs]
05-26 00:00:42.174 15315 15365 D MCLOG   : [CameraOpenReport] report()
05-26 00:00:42.174 15315 15365 D MCLOG   : [CameraOpenReport] triggerState: cameraApiLevel=2 cameraClientName=com.motorola.faceunlock cameraFacing=0 cameraId=1 sessionId=-7163384261365641520
05-26 00:00:42.175 15315 15365 D Checkin : publish the event [tag = CAMERA_ENGINE event name = OPEN]
05-26 00:00:42.175 15315 15365 D MCLOG   : [CameraOpenReport] triggerState: cameraApiLevel=2 cameraClientName=com.motorola.faceunlock cameraFacing=0 cameraId=1 sessionId=-5780845356929918904
05-26 00:00:42.176 15315 15365 D Checkin : publish the event [tag = CAMERA_ENGINE event name = OPEN]
05-26 00:00:42.176 15315 15365 D MCLOG   : [CameraOpenReport] triggerState: cameraApiLevel=2 cameraClientName=com.motorola.faceunlock cameraFacing=0 cameraId=1 sessionId=-9120407974968435898
05-26 00:00:42.177 15315 15365 D Checkin : publish the event [tag = CAMERA_ENGINE event name = OPEN]
05-26 00:00:42.177 15315 15365 D MCLOG   : [CameraOpenReport] triggerState: cameraApiLevel=2 cameraClientName=com.motorola.faceunlock cameraFacing=0 cameraId=1 sessionId=-5673720949722027224
05-26 00:00:42.177 15315 15365 D Checkin : publish the event [tag = CAMERA_ENGINE event name = OPEN]
05-26 00:00:42.178 15315 15365 D MCLOG   : [CameraOpenReport] triggerState: cameraApiLevel=2 cameraClientName=com.motorola.faceunlock cameraFacing=0 cameraId=1 sessionId=-7079508024221323984
05-26 00:00:42.178 15315 15365 D Checkin : publish the event [tag = CAMERA_ENGINE event name = OPEN]
05-26 00:00:42.179 15315 15365 D MCLOG   : [CameraOpenReport] triggerState: cameraApiLevel=2 cameraClientName=com.whatsapp.w4b cameraFacing=1 cameraId=0 sessionId=-7250462954565447184
05-26 00:00:42.179 15315 15365 D Checkin : publish the event [tag = CAMERA_ENGINE event name = OPEN]
05-26 00:00:42.179 15315 15365 D MCLOG   : [CameraOpenReport] triggerState: cameraApiLevel=2 cameraClientName=com.whatsapp.w4b cameraFacing=1 cameraId=0 sessionId=-7300673218137466387
05-26 00:00:42.180 15315 15365 D Checkin : publish the event [tag = CAMERA_ENGINE event name = OPEN]
05-26 00:00:42.180 15315 15365 D MCLOG   : [CameraOpenReport] triggerState: cameraApiLevel=2 cameraClientName=com.phonepe.app cameraFacing=1 cameraId=0 sessionId=-5350267134970465316
05-26 00:00:42.181 15315 15365 D Checkin : publish the event [tag = CAMERA_ENGINE event name = OPEN]
05-26 00:00:42.182 15315 15365 D MCLOG   : [CameraOpenReport] triggerState: cameraApiLevel=2 cameraClientName=com.motorola.faceunlock cameraFacing=0 cameraId=1 sessionId=-6097456164711662806
05-26 00:00:42.182 15315 15365 D Checkin : publish the event [tag = CAMERA_ENGINE event name = OPEN]
05-26 00:00:42.183 15315 15365 D MCLOG   : [CameraOpenReport] triggerState: cameraApiLevel=2 cameraClientName=com.motorola.faceunlock cameraFacing=0 cameraId=1 sessionId=-7485863490852742553
05-26 00:00:42.183 15315 15365 D Checkin : publish the event [tag = CAMERA_ENGINE event name = OPEN]
05-26 00:00:42.184 15315 15365 D MCLOG   : [CameraOpenReport] triggerState: cameraApiLevel=2 cameraClientName=com.motorola.faceunlock cameraFacing=0 cameraId=1 sessionId=-6776814177452243040
05-26 00:00:42.184 15315 15365 D Checkin : publish the event [tag = CAMERA_ENGINE event name = OPEN]
05-26 00:00:42.185 15315 15365 D MCLOG   : [CameraCloseReport] report()
05-26 00:00:42.185 15315 15365 D MCLOG   : [CameraCloseReport] triggerState: cameraClientName=com.motorola.faceunlock cameraId=1 sessionDuration=5 sessionId=-7163384261365641520
05-26 00:00:42.186 15315 15365 D Checkin : publish the event [tag = CAMERA_ENGINE event name = CLOSE]
05-26 00:00:42.186 15315 15365 D MCLOG   : [CameraCloseReport] triggerState: cameraClientName=com.motorola.faceunlock cameraId=1 sessionDuration=4 sessionId=-5780845356929918904
05-26 00:00:42.187 15315 15365 D Checkin : publish the event [tag = CAMERA_ENGINE event name = CLOSE]
05-26 00:00:42.187 15315 15365 D MCLOG   : [CameraCloseReport] triggerState: cameraClientName=com.motorola.faceunlock cameraId=1 sessionDuration=0 sessionId=-9120407974968435898
05-26 00:00:42.188 15315 15365 D Checkin : publish the event [tag = CAMERA_ENGINE event name = CLOSE]
05-26 00:00:42.189 15315 15365 D MCLOG   : [CameraCloseReport] triggerState: cameraClientName=com.motorola.faceunlock cameraId=1 sessionDuration=3 sessionId=-5673720949722027224
05-26 00:00:42.189  1758  4324 D vendor.qti.bluetooth@1.0-wake_lock: Release wakelock is released 
05-26 00:00:42.189 15315 15365 D Checkin : publish the event [tag = CAMERA_ENGINE event name = CLOSE]
05-26 00:00:42.190 15315 15365 D MCLOG   : [CameraCloseReport] triggerState: cameraClientName=com.motorola.faceunlock cameraId=1 sessionDuration=1 sessionId=-7079508024221323984
05-26 00:00:42.190 15315 15365 D Checkin : publish the event [tag = CAMERA_ENGINE event name = CLOSE]
05-26 00:00:42.191 15315 15365 D MCLOG   : [CameraCloseReport] triggerState: cameraClientName=com.whatsapp.w4b cameraId=0 sessionDuration=4 sessionId=-7250462954565447184
05-26 00:00:42.191 15315 15365 D Checkin : publish the event [tag = CAMERA_ENGINE event name = CLOSE]
05-26 00:00:42.192 15315 15365 D MCLOG   : [CameraCloseReport] triggerState: cameraClientName=com.whatsapp.w4b cameraId=0 sessionDuration=4 sessionId=-7300673218137466387
05-26 00:00:42.193 15315 15365 D Checkin : publish the event [tag = CAMERA_ENGINE event name = CLOSE]
05-26 00:00:42.193 15315 15365 D MCLOG   : [CameraCloseReport] triggerState: cameraClientName=com.phonepe.app cameraId=0 sessionDuration=4 sessionId=-5350267134970465316
05-26 00:00:42.194 15315 15365 D Checkin : publish the event [tag = CAMERA_ENGINE event name = CLOSE]
05-26 00:00:42.194 15315 15365 D MCLOG   : [CameraCloseReport] triggerState: cameraClientName=com.motorola.faceunlock cameraId=1 sessionDuration=1 sessionId=-6097456164711662806
05-26 00:00:42.195 15315 15365 D Checkin : publish the event [tag = CAMERA_ENGINE event name = CLOSE]
05-26 00:00:42.195 15315 15365 D MCLOG   : [CameraCloseReport] triggerState: cameraClientName=com.motorola.faceunlock cameraId=1 sessionDuration=1 sessionId=-7485863490852742553
05-26 00:00:42.196 15315 15365 D Checkin : publish the event [tag = CAMERA_ENGINE event name = CLOSE]
05-26 00:00:42.197 15315 15365 D MCLOG   : [CameraCloseReport] triggerState: cameraClientName=com.motorola.faceunlock cameraId=1 sessionDuration=0 sessionId=-6776814177452243040
05-26 00:00:42.197 15315 15365 D Checkin : publish the event [tag = CAMERA_ENGINE event name = CLOSE]
05-26 00:00:42.198 15315 15365 D MCLOG   : [CameraSnapshotReport] report()
05-26 00:00:42.198 15315 15365 D MCLOG   : [SecuritySettingDailyReport] report()
05-26 00:00:42.201 15315 15365 W MotorolaSettings: Motorola Setting net_pro_wifi_blocklist has moved from android.provider.MotorolaSettings.Secure to android.provider.MotorolaSettings.Global.
05-26 00:00:42.381 15315 15365 W MotorolaSettings: Motorola Setting net_pro_wifi_blocklist has moved from android.provider.MotorolaSettings.Secure to android.provider.MotorolaSettings.Global.
05-26 00:00:42.381 15315 15365 D MCLOG   : [BaseSettingManager] dailyReport() checinEvent=com.motorola.motocare.util.MotoCareCheckin$MotorolaCheckinEventInterface@2a1f133
05-26 00:00:42.382 15315 15365 D Checkin : publish the event [tag = SETTINGS event name = security]
05-26 00:00:42.383 15315 15365 D MCLOG   : [TouchResponseReport] report()
05-26 00:00:42.390 15315 15365 D MCLOG   : [TouchResponseReport] data=touchrecord=cnt:213000,avg:0.0,min:0.0,max:34351.9,0.01:7979,0.05:444,0.15:26,0.25:33,1:12,5:313 uptime=991765450 isBootStart=false
05-26 00:00:42.390 15315 15365 D MCLOG   : [TouchResponseReport] data=touchrecord=cnt:218800,avg:0.0,min:0.0,max:34351.9,0.01:8456,0.05:473,0.15:27,0.25:36,1:12,5:313 uptime=1075687633 isBootStart=false
05-26 00:00:42.391 15315 15365 D Checkin : publish the event [tag = TOUCH_RESPONSE event name = DailyStats]
05-26 00:00:42.392 15315 15365 D MCLOG   : [AppPssUsageReport] report()
05-26 00:00:42.399 15315 15365 D Checkin : publish the event [tag = MOT_DEVICE_STATS_MEM_E event name = AppPssUsage]
05-26 00:00:42.399 15315 15365 D MCLOG   : [AppPssUsageReport] Update action appMem: com.google.ai.edge.gallery=730
05-26 00:00:42.399 15315 15365 D Checkin : publish the event [tag = MOT_DEVICE_STATS_MEM_E event name = AppPssUsage]
05-26 00:00:42.400 15315 15365 D MCLOG   : [AppPssUsageReport] Update action appMem: system=574
05-26 00:00:42.400 15315 15365 D Checkin : publish the event [tag = MOT_DEVICE_STATS_MEM_E event name = AppPssUsage]
05-26 00:00:42.400 15315 15365 D MCLOG   : [AppPssUsageReport] Update action appMem: com.android.systemui=337
05-26 00:00:42.401 15315 15365 D Checkin : publish the event [tag = MOT_DEVICE_STATS_MEM_E event name = AppPssUsage]
05-26 00:00:42.401 15315 15365 D MCLOG   : [AppPssUsageReport] Update action appMem: com.android.chrome:sandboxed_process0:org.chromium.content.app.SandboxedProcessService0:2=237
05-26 00:00:42.401 15315 15365 D Checkin : publish the event [tag = MOT_DEVICE_STATS_MEM_E event name = AppPssUsage]
05-26 00:00:42.402 15315 15365 D MCLOG   : [AppPssUsageReport] Update action appMem: com.kotak811mobilebankingapp.instantsavingsupiscanandpayrecharge=236
05-26 00:00:42.402 15315 15365 D Checkin : publish the event [tag = MOT_DEVICE_STATS_MEM_E event name = AppPssUsage]
05-26 00:00:42.402 15315 15365 D MCLOG   : [AppPssUsageReport] Update action appMem: com.phonepe.app=235
05-26 00:00:42.403 15315 15365 D Checkin : publish the event [tag = MOT_DEVICE_STATS_MEM_E event name = AppPssUsage]
05-26 00:00:42.403 15315 15365 D MCLOG   : [AppPssUsageReport] Update action appMem: com.olx.southasia=230
05-26 00:00:42.403 15315 15365 D Checkin : publish the event [tag = MOT_DEVICE_STATS_MEM_E event name = AppPssUsage]
05-26 00:00:42.404 15315 15365 D MCLOG   : [AppPssUsageReport] Update action appMem: com.moonshot.kimichat=212
05-26 00:00:42.404 15315 15365 D Checkin : publish the event [tag = MOT_DEVICE_STATS_MEM_E event name = AppPssUsage]
05-26 00:00:42.405 15315 15365 D MCLOG   : [AppPssUsageReport] Update action appMem: com.android.chrome:sandboxed_process0:org.chromium.content.app.SandboxedProcessService0:5=205
05-26 00:00:42.405 15315 15365 D Checkin : publish the event [tag = MOT_DEVICE_STATS_MEM_E event name = AppPssUsage]
05-26 00:00:42.405 15315 15365 D MCLOG   : [AppPssUsageReport] Update action appMem: org.mozilla.firefox:tab_disable_art_image_16=204
05-26 00:00:42.405 15315 15365 D MCLOG   : [DailyReportAction] Completed daily reports
05-26 00:00:42.411 15315 15365 D Checkin : publish the event [tag = MOT_DEVICE_STATS_L1 event name = SettingLogs]
05-26 00:00:42.461  1758  4641 I vendor.qti.bluetooth@1.0-ibs_handler: ProcessIbsCmd: Received IBS_WAKE_IND: 0xFD
05-26 00:00:42.462  1758  4641 D vendor.qti.bluetooth@1.0-ibs_handler: SerialClockVote: vote for UART CLK ON
05-26 00:00:42.462  1758  4641 D vendor.qti.bluetooth@1.0-wake_lock: Acquire wakelock is acquired 
05-26 00:00:42.462  1758  4641 I vendor.qti.bluetooth@1.0-ibs_handler: ProcessIbsCmd: Writing IBS_WAKE_ACK
05-26 00:00:42.463  3992  4648 I bt_stack: [INFO:btm_ble_gap.cc(3287)] btm_ble_process_adv_pkt_cont Data Complete f7:60:f0:b3:41:c6
05-26 00:00:42.464  3992  4648 I bt_stack: [INFO:btm_ble_gap.cc(3287)] btm_ble_process_adv_pkt_cont Data Complete f7:60:f0:b3:41:c6
05-26 00:00:42.464  3992  4648 D bt_btm_ble: bool parse_adv_audio_uuids_from_adv_pkt(const uint8_t *, size_t, uint8_t): tmap_cap_pts: false
05-26 00:00:42.469  4774  4991 I NearbyDiscovery: (REDACTED) BloomFilterAdvManager: Detected bloom filter but too far away, ignoring. %sm, %s
05-26 00:00:42.503  1758  4641 I vendor.qti.bluetooth@1.0-ibs_handler: ProcessIbsCmd: Received IBS_SLEEP_IND: 0xFE
05-26 00:00:42.503  1758  4641 D vendor.qti.bluetooth@1.0-ibs_handler: SerialClockVote: vote for UART CLK OFF
05-26 00:00:42.540  1758  4641 I vendor.qti.bluetooth@1.0-ibs_handler: ProcessIbsCmd: Received IBS_WAKE_IND: 0xFD
05-26 00:00:42.540  1758  4641 D vendor.qti.bluetooth@1.0-ibs_handler: SerialClockVote: vote for UART CLK ON
05-26 00:00:42.540  1758  4641 I vendor.qti.bluetooth@1.0-ibs_handler: ProcessIbsCmd: Writing IBS_WAKE_ACK
05-26 00:00:42.541  3992  4648 I bt_stack: [INFO:btm_ble_gap.cc(3287)] btm_ble_process_adv_pkt_cont Data Complete 10:60:60:63:f5:e3
05-26 00:00:42.541  3992  4648 D bt_btm_ble: bool parse_adv_audio_uuids_from_adv_pkt(const uint8_t *, size_t, uint8_t): tmap_cap_pts: false
05-26 00:00:42.581  1758  4641 I vendor.qti.bluetooth@1.0-ibs_handler: ProcessIbsCmd: Received IBS_SLEEP_IND: 0xFE
05-26 00:00:42.581  1758  4641 D vendor.qti.bluetooth@1.0-ibs_handler: SerialClockVote: vote for UART CLK OFF
05-26 00:00:42.731  1758  4324 D vendor.qti.bluetooth@1.0-wake_lock: Release wakelock is released 
05-26 00:00:42.870 27259  5786 I System.out: [[Dispatchers.Default.limitedParallelism(1)][bolt-manager][debug][bolt-v2][BoltControlManager]:message[bolt clock triggered, queue operations will be executed now..]
05-26 00:00:42.870 27259  5787 I System.out: [[Dispatchers.Default][bolt-default][debug][bolt-v2][BoltControlManager]:message[bolt clock is registered for [2000] delay]
05-26 00:00:42.871 27259  5786 I System.out: [[Dispatchers.Default.limitedParallelism(1)][bolt-manager][debug][bolt-v2][BoltControlManager]:message[execution called for name [StateValidationQueueOperation and item [StateInactiveTimeQueueOperation(uniqueName=StateValidationQueueOperation, retryConfig=com.phonepe.boltV2Sdk.external.RetryConfiguration@f26430c, logger=com.phonepe.boltV2Sdk.internal.logger.core.DebugLogger@3006455, analyticManager=com.phonepe.boltV2Sdk.internal.BoltAnalyticManager@47ace6a, immediateExecute=true, queueOperationType=STATE_INACTIVE_TIME_QUEUE_OPERATION, block=Function2<com.phonepe.boltV2Sdk.internal.boltctl.queueOperations.QueueOperation, kotlin.coroutines.Continuation<? super java.lang.Boolean>, java.lang.Object>)]]
05-26 00:00:42.871 27259  5786 I System.out: [[Dispatchers.Default.limitedParallelism(1)][bolt-manager][debug][bolt-v2][StateInactiveTimeQueueOperation]:message[Queue operation with name [StateValidationQueueOperation retry started, checking for retry limits..]
05-26 00:00:42.871 27259  5786 I System.out: [[Dispatchers.Default.limitedParallelism(1)][bolt-manager][debug][bolt-v2][StateInactiveTimeQueueOperation]:message[Queue operation with name [StateValidationQueueOperation retry limits not reached, checking for waiting window before execution..]
05-26 00:00:42.871 27259  5786 I System.out: [[Dispatchers.Default.limitedParallelism(1)][bolt-manager][debug][bolt-v2][StateInactiveTimeQueueOperation]:message[Queue operation with name [StateValidationQueueOperation retry limits not reached, waiting window is completed, ready to execute in 3.2.1..]
05-26 00:00:42.871 27259  5786 I System.out: [[BlockingEventLoop@1497998][unknown][info][bolt-v2][BoltManager]:message[state validation operation running]
05-26 00:00:42.871 27259  5786 I System.out: [[Dispatchers.Default.limitedParallelism(1)][bolt-manager][debug][bolt-v2][StateInactiveTimeQueueOperation]:message[Queue operation with name [StateValidationQueueOperation] retried.]
05-26 00:00:42.871 27259  5786 I System.out: [[Dispatchers.Default.limitedParallelism(1)][bolt-manager][debug][bolt-v2][BoltControlManager]:message[execution completed for name [StateValidationQueueOperation and item [StateInactiveTimeQueueOperation(uniqueName=StateValidationQueueOperation, retryConfig=com.phonepe.boltV2Sdk.external.RetryConfiguration@f26430c, logger=com.phonepe.boltV2Sdk.internal.logger.core.DebugLogger@3006455, analyticManager=com.phonepe.boltV2Sdk.internal.BoltAnalyticManager@47ace6a, immediateExecute=true, queueOperationType=STATE_INACTIVE_TIME_QUEUE_OPERATION, block=Function2<com.phonepe.boltV2Sdk.internal.boltctl.queueOperations.QueueOperation, kotlin.coroutines.Continuation<? super java.lang.Boolean>, java.lang.Object>)], checking for GC status]
05-26 00:00:42.871 27259  5786 I System.out: [[Dispatchers.Default.limitedParallelism(1)][bolt-manager][debug][bolt-v2][BoltControlManager]:message[execution called for name [BoltCtl and item [PeriodicCheckQueueOperation(uniqueName=BoltCtl, retryConfig=com.phonepe.boltV2Sdk.external.RetryConfiguration@d7ab135, logger=com.phonepe.boltV2Sdk.internal.logger.core.DebugLogger@339c9ca, analyticManager=com.phonepe.boltV2Sdk.internal.BoltAnalyticManager@47ace6a, immediateExecute=false, queueOperationType=BOLT_PERIODIC_OPERATION, block=Function2<com.phonepe.boltV2Sdk.internal.boltctl.queueOperations.QueueOperation, kotlin.coroutines.Continuation<? super java.lang.Boolean>, java.lang.Object>)]]
05-26 00:00:42.871 27259  5786 I System.out: [[Dispatchers.Default.limitedParallelism(1)][bolt-manager][debug][bolt-v2][PeriodicCheckQueueOperation]:message[Queue operation with name [BoltCtl retry started, checking for retry limits..]
05-26 00:00:42.871 27259  5786 I System.out: [[Dispatchers.Default.limitedParallelism(1)][bolt-manager][debug][bolt-v2][PeriodicCheckQueueOperation]:message[Queue operation with name [BoltCtl retry limits not reached, checking for waiting window before execution..]
05-26 00:00:42.871 27259  5786 I System.out: [[Dispatchers.Default.limitedParallelism(1)][bolt-manager][debug][bolt-v2][PeriodicCheckQueueOperation]:message[Queue operation with name [BoltCtl retry limits not reached, waiting window is not completed, skipping the execution this time...]
05-26 00:00:42.871 27259  5786 I System.out: [[Dispatchers.Default.limitedParallelism(1)][bolt-manager][debug][bolt-v2][BoltControlManager]:message[execution completed for name [BoltCtl and item [PeriodicCheckQueueOperation(uniqueName=BoltCtl, retryConfig=com.phonepe.boltV2Sdk.external.RetryConfiguration@d7ab135, logger=com.phonepe.boltV2Sdk.internal.logger.core.DebugLogger@339c9ca, analyticManager=com.phonepe.boltV2Sdk.internal.BoltAnalyticManager@47ace6a, immediateExecute=false, queueOperationType=BOLT_PERIODIC_OPERATION, block=Function2<com.phonepe.boltV2Sdk.internal.boltctl.queueOperations.QueueOperation, kotlin.coroutines.Continuation<? super java.lang.Boolean>, java.lang.Object>)], checking for GC status]
05-26 00:00:42.967 31452 31452 W getenforce: type=1400 audit(0.0:446105): avc:  denied  { read } for  name="enforce" dev="selinuxfs" ino=4 scontext=u:r:untrusted_app:s0:c208,c257,c512,c768 tcontext=u:object_r:selinuxfs:s0 tclass=file permissive=0 app=com.phonepe.app
05-26 00:00:42.967 27259 27259 W Thread-2725: type=1400 audit(0.0:446106): avc:  denied  { read } for  name="enforce" dev="selinuxfs" ino=4 scontext=u:r:untrusted_app:s0:c208,c257,c512,c768 tcontext=u:object_r:selinuxfs:s0 tclass=file permissive=0 app=com.phonepe.app
05-26 00:00:42.971 27259 27259 W Thread-2725: type=1400 audit(0.0:446107): avc:  denied  { read } for  name="cache" dev="dm-8" ino=16 scontext=u:r:untrusted_app:s0:c208,c257,c512,c768 tcontext=u:object_r:cache_file:s0 tclass=lnk_file permissive=0 app=com.phonepe.app
05-26 00:00:42.971 27259 27259 W Thread-2725: type=1400 audit(0.0:446108): avc:  denied  { read } for  name="cache" dev="dm-8" ino=16 scontext=u:r:untrusted_app:s0:c208,c257,c512,c768 tcontext=u:object_r:cache_file:s0 tclass=lnk_file permissive=0 app=com.phonepe.app
05-26 00:00:43.091  1758  4641 I vendor.qti.bluetooth@1.0-ibs_handler: ProcessIbsCmd: Received IBS_WAKE_IND: 0xFD
05-26 00:00:43.091  1758  4641 D vendor.qti.bluetooth@1.0-ibs_handler: SerialClockVote: vote for UART CLK ON
05-26 00:00:43.092  1758  4641 D vendor.qti.bluetooth@1.0-wake_lock: Acquire wakelock is acquired 
05-26 00:00:43.092  1758  4641 I vendor.qti.bluetooth@1.0-ibs_handler: ProcessIbsCmd: Writing IBS_WAKE_ACK
05-26 00:00:43.093  3992  4648 I bt_stack: [INFO:btm_ble_gap.cc(3287)] btm_ble_process_adv_pkt_cont Data Complete 10:60:60:63:f5:e3
05-26 00:00:43.093  3992  4648 D bt_btm_ble: bool parse_adv_audio_uuids_from_adv_pkt(const uint8_t *, size_t, uint8_t): tmap_cap_pts: false
05-26 00:00:43.132  1758  4641 I vendor.qti.bluetooth@1.0-ibs_handler: ProcessIbsCmd: Received IBS_SLEEP_IND: 0xFE
05-26 00:00:43.133  1758  4641 D vendor.qti.bluetooth@1.0-ibs_handler: SerialClockVote: vote for UART CLK OFF
05-26 00:00:43.283  1758  4324 D vendor.qti.bluetooth@1.0-wake_lock: Release wakelock is released 
05-26 00:00:43.445  3077  3729 D WifiStaIfaceHidlImpl: getCachedScanData is not implemented by HIDL
05-26 00:00:43.448  3077  3077 D EnhancedConnectivityController: Wifi onCapabilitiesChanged
05-26 00:00:43.448  3077  3077 D EnhancedConnectivityController: Default net onCapabilitiesChanged
05-26 00:00:43.448  3077  3077 D EnhancedConnectivityController: updateDefaultNet:927
05-26 00:00:43.448  3077  3077 D EnhancedConnectivityController: mayUpdateNotification: shouldShow=false,UidsBlocked=false, net info=net:927,ifName=wlan0,securityType=2,isDefault=true,ssid="Airtel_Siddhanth's wifi",notificationId=0
05-26 00:00:43.450  6458  7001 I ModemStats: [DataStallDetectService] onCapabilitiesChanged networkCapabilities=[ Transports: WIFI Capabilities: NOT_METERED&INTERNET&NOT_RESTRICTED&TRUSTED&NOT_VPN&VALIDATED&NOT_ROAMING&FOREGROUND&NOT_CONGESTED&NOT_SUSPENDED&NOT_VCN_MANAGED LinkUpBandwidth>=1663Kbps LinkDnBandwidth>=37515Kbps TransportInfo: <SSID: <unknown ssid>, BSSID: 02:00:00:00:00:00, MAC: 02:00:00:00:00:00, IP: /192.168.1.7, Security type: 2, Supplicant state: COMPLETED, Wi-Fi standard: 11ac, RSSI: -62, Link speed: 234Mbps, Tx Link speed: 234Mbps, Max Supported Tx Link speed: 866Mbps, Rx Link speed: 351Mbps, Max Supported Rx Link speed: 866Mbps, Frequency: 5765MHz, Net ID: -1, Metered hint: false, score: 100, isUsable: true, CarrierMerged: false, SubscriptionId: -1, IsPrimary: -1, Trusted: true, Restricted: false, Ephemeral: false, OEM paid: false, OEM private: false, OSU AP: false, FQDN: <none>, Provider friendly name: <none>, Requesting package name: <none><none>MLO Information: , Is TID-To-Link negotiation supported by the AP: false, AP MLD Address: <none>, AP MLO Link Id: <none>, AP MLO Affiliated links: <none>, Vendor Data: <none>> SignalStrength: -62 UnderlyingNetworks: Null]
05-26 00:00:43.450  6458  7001 I ModemStats: [DataStallDetectService] onCapabilitiesChanged NET_CAPABILITY_VALIDATED=true
05-26 00:00:43.450  6458  7001 I ModemStats: [DataStallDetectService] onCapabilitiesChanged mDataStallManager.mDataStallInstance=null
05-26 00:00:43.450  6458  7001 I ModemStats: [DataStallDetectService] onCapabilitiesChanged mDataStallSmart5gManager.mDataStallInstance=null
05-26 00:00:43.451  4019  4769 D QCNEJ/NativeHalConnector: -> SND notifyDefaultNetworkChanged(1)
05-26 00:00:43.452  3077  3729 I HalDevMgr: bestIfaceCreationProposal is null, requestIface=STA, existingIface=[name=ap_br_wlan2 type=AP_BRIDGE, name=wlan0 type=STA]
05-26 00:00:43.462  4774  4893 I NullBinder: NullBinder for android.net.action.RECOMMEND_NETWORKS triggering remote TransactionTooLargeException due to Service without Chimera impl, calling uid: 1000, calling pid: 0
05-26 00:00:43.462  4774  4893 W Binder  : reply too large data on java level: InterfaceDescriptor = null, code = 1
05-26 00:00:43.462  4774  4893 W .gms.persistent: Large reply transaction of 1056768 bytes, interface descriptor , code 1
05-26 00:00:43.573  1758  4641 I vendor.qti.bluetooth@1.0-ibs_handler: ProcessIbsCmd: Received IBS_WAKE_IND: 0xFD
05-26 00:00:43.573  1758  4641 D vendor.qti.bluetooth@1.0-ibs_handler: SerialClockVote: vote for UART CLK ON
05-26 00:00:43.573  1758  4641 D vendor.qti.bluetooth@1.0-wake_lock: Acquire wakelock is acquired 
05-26 00:00:43.573  1758  4641 I vendor.qti.bluetooth@1.0-ibs_handler: ProcessIbsCmd: Writing IBS_WAKE_ACK
05-26 00:00:43.574  3992  4648 I bt_stack: [INFO:btm_ble_gap.cc(3287)] btm_ble_process_adv_pkt_cont Data Complete f7:60:f0:b3:41:c6
05-26 00:00:43.574  3992  4648 I bt_stack: [INFO:btm_ble_gap.cc(3287)] btm_ble_process_adv_pkt_cont Data Complete f7:60:f0:b3:41:c6
05-26 00:00:43.574  3992  4648 D bt_btm_ble: bool parse_adv_audio_uuids_from_adv_pkt(const uint8_t *, size_t, uint8_t): tmap_cap_pts: false
05-26 00:00:43.578  4774  4991 I NearbyDiscovery: (REDACTED) BloomFilterAdvManager: Detected bloom filter but too far away, ignoring. %sm, %s
05-26 00:00:43.614  1758  4641 I vendor.qti.bluetooth@1.0-ibs_handler: ProcessIbsCmd: Received IBS_SLEEP_IND: 0xFE
05-26 00:00:43.614  1758  4641 D vendor.qti.bluetooth@1.0-ibs_handler: SerialClockVote: vote for UART CLK OFF
05-26 00:00:43.626  1758  4641 I vendor.qti.bluetooth@1.0-ibs_handler: ProcessIbsCmd: Received IBS_WAKE_IND: 0xFD
05-26 00:00:43.626  1758  4641 D vendor.qti.bluetooth@1.0-ibs_handler: SerialClockVote: vote for UART CLK ON
05-26 00:00:43.626  1758  4641 I vendor.qti.bluetooth@1.0-ibs_handler: ProcessIbsCmd: Writing IBS_WAKE_ACK
05-26 00:00:43.627  3992  4648 I bt_stack: [INFO:btm_ble_gap.cc(3287)] btm_ble_process_adv_pkt_cont Data Complete 10:60:60:63:f5:e3
05-26 00:00:43.627  3992  4648 D bt_btm_ble: bool parse_adv_audio_uuids_from_adv_pkt(const uint8_t *, size_t, uint8_t): tmap_cap_pts: false
05-26 00:00:43.666  1758  4641 I vendor.qti.bluetooth@1.0-ibs_handler: ProcessIbsCmd: Received IBS_SLEEP_IND: 0xFE
05-26 00:00:43.666  1758  4641 D vendor.qti.bluetooth@1.0-ibs_handler: SerialClockVote: vote for UART CLK OFF
05-26 00:00:43.817  1758  4324 D vendor.qti.bluetooth@1.0-wake_lock: Release wakelock is released 
05-26 00:00:43.947  1758  4641 I vendor.qti.bluetooth@1.0-ibs_handler: ProcessIbsCmd: Received IBS_WAKE_IND: 0xFD
05-26 00:00:43.947  1758  4641 D vendor.qti.bluetooth@1.0-ibs_handler: SerialClockVote: vote for UART CLK ON
05-26 00:00:43.947  1758  4641 D vendor.qti.bluetooth@1.0-wake_lock: Acquire wakelock is acquired 
05-26 00:00:43.947  1758  4641 I vendor.qti.bluetooth@1.0-ibs_handler: ProcessIbsCmd: Writing IBS_WAKE_ACK
05-26 00:00:43.948  3992  4648 I bt_stack: [INFO:btm_ble_gap.cc(3287)] btm_ble_process_adv_pkt_cont Data Complete f7:60:f0:b3:41:c6
05-26 00:00:43.948  3992  4648 I bt_stack: [INFO:btm_ble_gap.cc(3287)] btm_ble_process_adv_pkt_cont Data Complete f7:60:f0:b3:41:c6
05-26 00:00:43.948  3992  4648 D bt_btm_ble: bool parse_adv_audio_uuids_from_adv_pkt(const uint8_t *, size_t, uint8_t): tmap_cap_pts: false
05-26 00:00:43.952  4774  4991 I NearbyDiscovery: (REDACTED) BloomFilterAdvManager: Detected bloom filter but too far away, ignoring. %sm, %s
05-26 00:00:43.957  4774 19839 I NearbySharing: Network state changed: NetworkState(isRestricted=false, isOnline=true, isCongested=false, isMetered=false, isWifiConnected=true)
05-26 00:00:43.988  1758  4641 I vendor.qti.bluetooth@1.0-ibs_handler: ProcessIbsCmd: Received IBS_SLEEP_IND: 0xFE
05-26 00:00:43.988  1758  4641 D vendor.qti.bluetooth@1.0-ibs_handler: SerialClockVote: vote for UART CLK OFF
05-26 00:00:44.139  1758  4324 D vendor.qti.bluetooth@1.0-wake_lock: Release wakelock is released 
05-26 00:00:44.454 11142 11170 I Finsky  : [772] Stats for Executor: GrpcBackgroundExecutor vrc@95e4e2d[Running, pool size = 4, active threads = 0, queued tasks = 0, completed tasks = 11]
05-26 00:00:44.871 27259  5786 I System.out: [[Dispatchers.Default.limitedParallelism(1)][bolt-manager][debug][bolt-v2][BoltControlManager]:message[bolt clock triggered, queue operations will be executed now..]
05-26 00:00:44.871 27259  5787 I System.out: [[Dispatchers.Default][bolt-default][debug][bolt-v2][BoltControlManager]:message[bolt clock is registered for [2000] delay]
05-26 00:00:44.872 27259  5786 I System.out: [[Dispatchers.Default.limitedParallelism(1)][bolt-manager][debug][bolt-v2][BoltControlManager]:message[execution called for name [StateValidationQueueOperation and item [StateInactiveTimeQueueOperation(uniqueName=StateValidationQueueOperation, retryConfig=com.phonepe.boltV2Sdk.external.RetryConfiguration@f26430c, logger=com.phonepe.boltV2Sdk.internal.logger.core.DebugLogger@3006455, analyticManager=com.phonepe.boltV2Sdk.internal.BoltAnalyticManager@47ace6a, immediateExecute=true, queueOperationType=STATE_INACTIVE_TIME_QUEUE_OPERATION, block=Function2<com.phonepe.boltV2Sdk.internal.boltctl.queueOperations.QueueOperation, kotlin.coroutines.Continuation<? super java.lang.Boolean>, java.lang.Object>)]]
05-26 00:00:44.872 27259  5786 I System.out: [[Dispatchers.Default.limitedParallelism(1)][bolt-manager][debug][bolt-v2][StateInactiveTimeQueueOperation]:message[Queue operation with name [StateValidationQueueOperation retry started, checking for retry limits..]
05-26 00:00:44.872 27259  5786 I System.out: [[Dispatchers.Default.limitedParallelism(1)][bolt-manager][debug][bolt-v2][StateInactiveTimeQueueOperation]:message[Queue operation with name [StateValidationQueueOperation retry limits not reached, checking for waiting window before execution..]
05-26 00:00:44.872 27259  5786 I System.out: [[Dispatchers.Default.limitedParallelism(1)][bolt-manager][debug][bolt-v2][StateInactiveTimeQueueOperation]:message[Queue operation with name [StateValidationQueueOperation retry limits not reached, waiting window is completed, ready to execute in 3.2.1..]
05-26 00:00:44.872 27259  5786 I System.out: [[BlockingEventLoop@2e545f1][unknown][info][bolt-v2][BoltManager]:message[state validation operation running]
05-26 00:00:44.872 27259  5786 I System.out: [[Dispatchers.Default.limitedParallelism(1)][bolt-manager][debug][bolt-v2][StateInactiveTimeQueueOperation]:message[Queue operation with name [StateValidationQueueOperation] retried.]
05-26 00:00:44.872 27259  5786 I System.out: [[Dispatchers.Default.limitedParallelism(1)][bolt-manager][debug][bolt-v2][BoltControlManager]:message[execution completed for name [StateValidationQueueOperation and item [StateInactiveTimeQueueOperation(uniqueName=StateValidationQueueOperation, retryConfig=com.phonepe.boltV2Sdk.external.RetryConfiguration@f26430c, logger=com.phonepe.boltV2Sdk.internal.logger.core.DebugLogger@3006455, analyticManager=com.phonepe.boltV2Sdk.internal.BoltAnalyticManager@47ace6a, immediateExecute=true, queueOperationType=STATE_INACTIVE_TIME_QUEUE_OPERATION, block=Function2<com.phonepe.boltV2Sdk.internal.boltctl.queueOperations.QueueOperation, kotlin.coroutines.Continuation<? super java.lang.Boolean>, java.lang.Object>)], checking for GC status]
05-26 00:00:44.872 27259  5786 I System.out: [[Dispatchers.Default.limitedParallelism(1)][bolt-manager][debug][bolt-v2][BoltControlManager]:message[execution called for name [BoltCtl and item [PeriodicCheckQueueOperation(uniqueName=BoltCtl, retryConfig=com.phonepe.boltV2Sdk.external.RetryConfiguration@d7ab135, logger=com.phonepe.boltV2Sdk.internal.logger.core.DebugLogger@339c9ca, analyticManager=com.phonepe.boltV2Sdk.internal.BoltAnalyticManager@47ace6a, immediateExecute=false, queueOperationType=BOLT_PERIODIC_OPERATION, block=Function2<com.phonepe.boltV2Sdk.internal.boltctl.queueOperations.QueueOperation, kotlin.coroutines.Continuation<? super java.lang.Boolean>, java.lang.Object>)]]
05-26 00:00:44.872 27259  5786 I System.out: [[Dispatchers.Default.limitedParallelism(1)][bolt-manager][debug][bolt-v2][PeriodicCheckQueueOperation]:message[Queue operation with name [BoltCtl retry started, checking for retry limits..]
