05-26 00:28:49.138 31383 31396 W .apps.wellbeing: ApkAssets: Deleting an ApkAssets object '<empty> and /data/app/~~zmROWK1BC_R3y_NKV7yHZw==/com.dti.motorola-fkM_ph19gIcvCtJMM9o_vQ==/split_dynamicInstalls.apk' with 1 weak references
05-26 00:28:49.138 31383 31396 W .apps.wellbeing: ApkAssets: Deleting an ApkAssets object '<empty> and /data/app/~~zmROWK1BC_R3y_NKV7yHZw==/com.dti.motorola-fkM_ph19gIcvCtJMM9o_vQ==/split_igniteCompat.apk' with 1 weak references
05-26 00:28:49.138 31383 31396 W .apps.wellbeing: ApkAssets: Deleting an ApkAssets object '<empty> and /data/app/~~zmROWK1BC_R3y_NKV7yHZw==/com.dti.motorola-fkM_ph19gIcvCtJMM9o_vQ==/split_motorola.apk' with 1 weak references
05-26 00:28:49.138 31383 31396 W .apps.wellbeing: ApkAssets: Deleting an ApkAssets object '<empty> and /data/app/~~zmROWK1BC_R3y_NKV7yHZw==/com.dti.motorola-fkM_ph19gIcvCtJMM9o_vQ==/split_notification.apk' with 1 weak references
05-26 00:28:49.138 31383 31396 W .apps.wellbeing: ApkAssets: Deleting an ApkAssets object '<empty> and /data/app/~~zmROWK1BC_R3y_NKV7yHZw==/com.dti.motorola-fkM_ph19gIcvCtJMM9o_vQ==/split_serviceLayer.apk' with 1 weak references
05-26 00:28:49.138 31383 31396 W .apps.wellbeing: ApkAssets: Deleting an ApkAssets object '<empty> and /data/app/~~zmROWK1BC_R3y_NKV7yHZw==/com.dti.motorola-fkM_ph19gIcvCtJMM9o_vQ==/split_singleTap.apk' with 1 weak references
05-26 00:28:49.138 31383 31396 W .apps.wellbeing: ApkAssets: Deleting an ApkAssets object '<empty> and /data/app/~~zmROWK1BC_R3y_NKV7yHZw==/com.dti.motorola-fkM_ph19gIcvCtJMM9o_vQ==/split_ui.apk' with 1 weak references
05-26 00:28:49.138 31383 31396 W .apps.wellbeing: ApkAssets: Deleting an ApkAssets object '<empty> and /data/app/~~zmROWK1BC_R3y_NKV7yHZw==/com.dti.motorola-fkM_ph19gIcvCtJMM9o_vQ==/split_webview.apk' with 1 weak references
05-26 00:28:49.138 31383 31396 W .apps.wellbeing: ApkAssets: Deleting an ApkAssets object '<empty> and /data/app/~~zmROWK1BC_R3y_NKV7yHZw==/com.dti.motorola-fkM_ph19gIcvCtJMM9o_vQ==/split_wizard.apk' with 1 weak references
05-26 00:28:49.139 31383 31396 W .apps.wellbeing: ApkAssets: Deleting an ApkAssets object '<empty> and /data/app/~~hK7NSDRXCkkfHTZXM-6cOg==/com.google.android.apps.restore-GF3DNt2_4esbUevdvroV5Q==/base.apk' with 1 weak references
05-26 00:28:49.139 31383 31396 W .apps.wellbeing: ApkAssets: Deleting an ApkAssets object '<empty> and /data/app/~~hK7NSDRXCkkfHTZXM-6cOg==/com.google.android.apps.restore-GF3DNt2_4esbUevdvroV5Q==/split_config.xxhdpi.apk' with 1 weak references
05-26 00:28:49.142  1758  4641 I vendor.qti.bluetooth@1.0-ibs_handler: ProcessIbsCmd: Received IBS_SLEEP_IND: 0xFE
05-26 00:28:49.142  1758  4641 D vendor.qti.bluetooth@1.0-ibs_handler: SerialClockVote: vote for UART CLK OFF
05-26 00:28:49.146 11142 11142 W Finsky  : [2] STU: Failed to get storage stats for package 'com.android.vndk.v34' (1601: Error getting stats: android.content.pm.PackageManager.NameNotFoundException)
05-26 00:28:49.146 29207  3612 D AdvertisingIdClient: AdvertisingIdClient already created.
05-26 00:28:49.146 29207  3612 D AdvertisingIdClient: AdvertisingIdClient is not bounded. Starting to bind it...
05-26 00:28:49.150 29207  3612 D AdvertisingIdClient: AdvertisingIdClient is bounded
05-26 00:28:49.150 29207  3612 I AdvertisingIdClient: shouldSendLog 1556522542
05-26 00:28:49.151 29207  3612 I AdvertisingIdClient: GetInfoInternal elapse 5ms
05-26 00:28:49.163  2889  3227 W LogFactory: Truncating log tag length as it exceed 23, the limit imposed by Android on certain API Levels
05-26 00:28:49.181  2889  3227 W LogFactory: Truncating log tag length as it exceed 23, the limit imposed by Android on certain API Levels
05-26 00:28:49.181  2889  3227 W LogFactory: Truncating log tag length as it exceed 23, the limit imposed by Android on certain API Levels
05-26 00:28:49.200  2889  3227 I AWSKeyValueStore: Detected Android API Level = 34
05-26 00:28:49.200  2889  3227 I AWSKeyValueStore: Creating the AWSKeyValueStore with key for sharedPreferencesForData = com.amazonaws.android.auth
05-26 00:28:49.203  2889  3227 W AWSKeyValueStore: com.amazonaws.internal.keyvaluestore.KeyNotFoundException: Error occurred while accessing AndroidKeyStore to retrieve the key for keyAlias: com.amazonaws.android.auth.aesKeyStoreAlias
05-26 00:28:49.203  2889  3227 I AWSKeyValueStore: Deleting the encryption key identified by the keyAlias: com.amazonaws.android.auth.aesKeyStoreAlias
05-26 00:28:49.204  2889  3227 W AWSKeyValueStore: Error in retrieving the decryption key used to decrypt the data from the persistent store. Returning null for the requested dataKey = ap-south-1:e75105c7-45c0-454a-a74e-e1b33750dba5.identityId
05-26 00:28:49.204  2889  3227 D CognitoCachingCredentia: Loading credentials from SharedPreferences
05-26 00:28:49.205  2889  3227 W AWSKeyValueStore: com.amazonaws.internal.keyvaluestore.KeyNotFoundException: Error occurred while accessing AndroidKeyStore to retrieve the key for keyAlias: com.amazonaws.android.auth.aesKeyStoreAlias
05-26 00:28:49.205  2889  3227 I AWSKeyValueStore: Deleting the encryption key identified by the keyAlias: com.amazonaws.android.auth.aesKeyStoreAlias
05-26 00:28:49.205  2889  3227 W AWSKeyValueStore: Error in retrieving the decryption key used to decrypt the data from the persistent store. Returning null for the requested dataKey = ap-south-1:e75105c7-45c0-454a-a74e-e1b33750dba5.expirationDate
05-26 00:28:49.206  2889  3227 I AWSKeyValueStore: Persistence is disabled. Data will be accessed from memory.
05-26 00:28:49.208 11142 11142 W Finsky  : [2] STU: Failed to get storage stats for package 'com.google.android.sdkext' (1601: Error getting stats: android.content.pm.PackageManager.NameNotFoundException)
05-26 00:28:49.208  2834  2834 D WM-PackageManagerHelper: Skipping component enablement for androidx.work.impl.background.systemjob.SystemJobService
05-26 00:28:49.208  2834  2834 D WM-Schedulers: Created SystemJobScheduler and enabled SystemJobService
05-26 00:28:49.225  2834  2834 I Typeface: updateThemeFont new=Rookery-Regular;old=sans-serif;new=Rookery-Stacked;old=
05-26 00:28:49.226  3077  6992 I ActivityManager: Flag disabled. Ignoring finishAttachApplication from uid: 10520. pid: 2834
05-26 00:28:49.246  2834  3633 D CompatibilityChangeReporter: Compat change id reported: 160794467; UID 10520; state: ENABLED
05-26 00:28:49.251 11142 11142 W Finsky  : [2] STU: Failed to get storage stats for package 'com.google.android.adservices' (1601: Error getting stats: android.content.pm.PackageManager.NameNotFoundException)
05-26 00:28:49.256 11142 11142 W Finsky  : [2] STU: Failed to get storage stats for package 'com.google.android.tethering' (1601: Error getting stats: android.content.pm.PackageManager.NameNotFoundException)
05-26 00:28:49.290  2834  2834 I ExoPlayerImpl: Init 9049caa [AndroidXMedia3/1.5.1] [hiphi, motorola edge 30 pro, motorola, 34]
05-26 00:28:49.292 11142 11142 W Finsky  : [2] STU: Failed to get storage stats for package 'com.android.runtime' (1601: Error getting stats: android.content.pm.PackageManager.NameNotFoundException)
05-26 00:28:49.292  1758  4324 D vendor.qti.bluetooth@1.0-wake_lock: Release wakelock is released 
05-26 00:28:49.302  3077  3095 D CompatibilityChangeReporter: Compat change id reported: 161145287; UID 10520; state: ENABLED
05-26 00:28:49.306  1880  4395 W AidlConversionCppNdk: legacy2aidl_audio_channel_mask_t_AudioChannelLayout: no AudioChannelLayout found for legacy output audio_channel_mask_t value 0x10
05-26 00:28:49.306  2834  2834 W AidlConversionCppNdk: aidl2legacy_AudioChannelLayout_audio_channel_mask_t: no legacy output audio_channel_mask_t found for AudioChannelLayout{layoutMask: 16}
05-26 00:28:49.313  2834  2834 I .musicpro.debug: hiddenapi: Accessing hidden method Landroid/media/AudioTrack;->getLatency()I (runtime_flags=0, domain=platform, api=unsupported) from Landroidx/media3/exoplayer/audio/AudioTrackPositionTracker; (domain=app, TargetSdkVersion=34) using reflection: allowed
05-26 00:28:49.317 11142 11142 W Finsky  : [2] STU: Failed to get storage stats for package 'com.google.android.cellbroadcast' (1601: Error getting stats: android.content.pm.PackageManager.NameNotFoundException)
05-26 00:28:49.336  1880  2895 D AudioFlinger: ro.audio.silent is ignored since no output device is set
05-26 00:28:49.346  1849  5299 E ANDR-PERF-LM: VmRssMeter:: start() 358: Could not find pid, can not collect vmrss data
05-26 00:28:49.347  1849  5299 E ANDR-PERF-LM: AdaptiveLaunch: writeToDataBase() 64: Meter aborted or could not get meter data for this run
05-26 00:28:49.353  1849  5298 E ANDR-PERF-LM: VmRssMeter:: start() 358: Could not find pid, can not collect vmrss data
05-26 00:28:49.381  2834  2834 E AudioSessionManager: attachToPlayer called with player: androidx.media3.exoplayer.ExoPlayerImpl@9049caa
05-26 00:28:49.381  2834  2834 E AudioSessionManager: Handling session change: 0 -> 43937
05-26 00:28:49.382  2834  2834 I AudioSessionManager: Attached to ExoPlayer as AnalyticsListener, initial session: 43937
05-26 00:28:49.382  3077  3077 W AS.AudioService: couldn't find receiver package for effect intent
05-26 00:28:49.400  2834  2834 W WindowOnBackDispatcher: OnBackInvokedCallback is not enabled for the application.
05-26 00:28:49.400  2834  2834 W WindowOnBackDispatcher: Set 'android:enableOnBackInvokedCallback="true"' in the application manifest.
05-26 00:28:49.408  2834  2834 D CompatibilityChangeReporter: Compat change id reported: 237531167; UID 10520; state: DISABLED
05-26 00:28:49.414  2834  2834 D ViewRootImpl: update {(0,0)(fillxfill) sim={forwardNavigation} layoutInDisplayCutoutMode=always ty=BASE_APPLICATION wanim=0x10302fe
05-26 00:28:49.414  2834  2834 D ViewRootImpl:   fl=LAYOUT_IN_SCREEN LAYOUT_INSET_DECOR SPLIT_TOUCH HARDWARE_ACCELERATED DRAWS_SYSTEM_BAR_BACKGROUNDS
05-26 00:28:49.414  2834  2834 D ViewRootImpl:   pfl=NO_MOVE_ANIMATION FORCE_DRAW_STATUS_BAR_BACKGROUND FIT_INSETS_CONTROLLED
05-26 00:28:49.414  2834  2834 D ViewRootImpl:   bhv=DEFAULT
05-26 00:28:49.414  2834  2834 D ViewRootImpl:   fitSides=} by setView
05-26 00:28:49.427  2834  2834 D DSPEngine: Releasing DSP Engine Session: 0
05-26 00:28:49.427  2834  2834 D DSPEngine: Attaching DSP Engine to Session: 43937
05-26 00:28:49.427  2834  2834 D DSPEngine: Releasing DSP Engine Session: 0
05-26 00:28:49.453  1756  1993 I EffectsFactory: EffectCreate() create_effect
05-26 00:28:49.454 11142 11142 W Finsky  : [2] STU: Failed to get storage stats for package 'com.motorola.enterprise' (1601: Error getting stats: android.content.pm.PackageManager.NameNotFoundException)
05-26 00:28:49.458  1880  4395 D AudioFlinger: effectCreated()
05-26 00:28:49.463  2834  2834 D CompatibilityChangeReporter: Compat change id reported: 263076149; UID 10520; state: ENABLED
05-26 00:28:49.467  1756  1993 I EffectsFactory: EffectCreate() create_effect
05-26 00:28:49.469  1880 23243 D AudioFlinger: effectCreated()
05-26 00:28:49.471  1756  1993 I EffectsFactory: EffectCreate() create_effect
05-26 00:28:49.473  1880 23243 D AudioFlinger: effectCreated()
05-26 00:28:49.474  1756  1993 I EffectsFactory: EffectCreate() create_effect
05-26 00:28:49.477  1880 23243 D AudioFlinger: effectCreated()
05-26 00:28:49.478  1756  1993 I EffectsFactory: EffectCreate() create_effect
05-26 00:28:49.479  1880 23243 D AudioFlinger: effectCreated()
05-26 00:28:49.481  1756  1993 I EffectsFactory: EffectCreate() create_effect
05-26 00:28:49.481  1756  1993 I Effect-BC360-DSP-entry: EffectCreate 10
05-26 00:28:49.487  1756  1993 I Effect-BC360: Initializing libbc360 NDK 3.4.0,  BAOCTC 31.18.3:28.1
05-26 00:28:49.487  1756  1993 I Effect-BC360-DynProc: Initializing libbc360-dp
05-26 00:28:49.488 11142 11142 W Finsky  : [2] STU: Failed to get storage stats for package 'com.google.android.tzdata5' (1601: Error getting stats: android.content.pm.PackageManager.NameNotFoundException)
05-26 00:28:49.488  1756  1993 D Effect-BC360-DSP-Effect: set SamplingRate: 48000.000000, status: 0
05-26 00:28:49.488  1756  1993 D Effect-BC360-DSP-Effect: *********************************
05-26 00:28:49.488  1756  1993 D Effect-BC360-DSP-Effect: Input : AUDIO_CHANNEL_OUT_STEREO
05-26 00:28:49.488  1756  1993 D Effect-BC360-DSP-Effect: *********************************
05-26 00:28:49.488  1756  1993 D Effect-BC360-DSP-Effect: *********************************
05-26 00:28:49.488  1756  1993 D Effect-BC360-DSP-Effect: Output : AUDIO_CHANNEL_OUT_STEREO
05-26 00:28:49.488  1756  1993 D Effect-BC360-DSP-Effect: *********************************
05-26 00:28:49.488  1756  1993 D Effect-BC360-DSP-Effect: *********************************
05-26 00:28:49.488  1756  1993 D Effect-BC360-DSP-Effect: Input : AUDIO_FORMAT_PCM_FLOAT
05-26 00:28:49.488  1756  1993 D Effect-BC360-DSP-Effect: *********************************
05-26 00:28:49.488  1756  1993 D Effect-BC360-DSP-Effect: *********************************
05-26 00:28:49.488  1756  1993 D Effect-BC360-DSP-Effect: Output : AUDIO_FORMAT_PCM_FLOAT
05-26 00:28:49.488  1756  1993 D Effect-BC360-DSP-Effect: *********************************
05-26 00:28:49.489  1756  1993 D Effect-BC360-DSP-Effect: set SamplingRate: 48000.000000, status: 0
05-26 00:28:49.489  1756  1993 D Effect-BC360-DSP-Effect: *********************************
05-26 00:28:49.489  1756  1993 D Effect-BC360-DSP-Effect: Input : AUDIO_CHANNEL_OUT_STEREO
05-26 00:28:49.489  1756  1993 D Effect-BC360-DSP-Effect: *********************************
05-26 00:28:49.489  1756  1993 D Effect-BC360-DSP-Effect: *********************************
05-26 00:28:49.489  1756  1993 D Effect-BC360-DSP-Effect: Output : AUDIO_CHANNEL_OUT_STEREO
05-26 00:28:49.489  1756  1993 D Effect-BC360-DSP-Effect: *********************************
05-26 00:28:49.489  1756  1993 D Effect-BC360-DSP-Effect: *********************************
05-26 00:28:49.489  1756  1993 D Effect-BC360-DSP-Effect: Input : AUDIO_FORMAT_PCM_FLOAT
05-26 00:28:49.489  1756  1993 D Effect-BC360-DSP-Effect: *********************************
05-26 00:28:49.489  1756  1993 D Effect-BC360-DSP-Effect: *********************************
05-26 00:28:49.489  1756  1993 D Effect-BC360-DSP-Effect: Output : AUDIO_FORMAT_PCM_FLOAT
05-26 00:28:49.489  1756  1993 D Effect-BC360-DSP-Effect: *********************************
05-26 00:28:49.489  1880 23243 D AudioFlinger: effectCreated()
05-26 00:28:49.492  2834  2834 D DSPEngine: Applying DSP Params: enabled=false
05-26 00:28:49.492  2834  2834 D DSPEngine: ✅ V4A DSP Engine successfully attached to session 43937
05-26 00:28:49.496  1756  1993 I EffectsFactory: EffectCreate() create_effect
05-26 00:28:49.497  1880 23243 D AudioFlinger: effectCreated()
05-26 00:28:49.499  2834  2834 I VisualizerEngine: ✅ Visualizer attached to session 43937 (captureSize=1024)
05-26 00:28:49.502 11142 11142 W Finsky  : [2] STU: Failed to get storage stats for package 'com.google.android.permission' (1601: Error getting stats: android.content.pm.PackageManager.NameNotFoundException)
05-26 00:28:49.529 11142 11142 W Finsky  : [2] STU: Failed to get storage stats for package 'com.google.android.wifi' (1601: Error getting stats: android.content.pm.PackageManager.NameNotFoundException)
05-26 00:28:49.540  2889  3227 V com.amazonaws.request: Parsing service response JSON
05-26 00:28:49.540  2889  3227 D com.amazonaws.request: CRC32Checksum = null
05-26 00:28:49.540  2889  3227 D com.amazonaws.request: content encoding = null
05-26 00:28:49.543  2889  3227 V com.amazonaws.request: Done parsing service response
05-26 00:28:49.543  2889  3227 D CognitoCachingCredentia: Identity id is changed
05-26 00:28:49.543  2889  3227 D CognitoCachingCredentia: Saving identity id to SharedPreferences
05-26 00:28:49.543  2889  3227 D CognitoCachingCredentia: Clearing credentials from SharedPreferences
05-26 00:28:49.599  2889  3227 V com.amazonaws.request: Parsing service response JSON
05-26 00:28:49.599  2889  3227 D com.amazonaws.request: CRC32Checksum = null
05-26 00:28:49.599  2889  3227 D com.amazonaws.request: content encoding = null
05-26 00:28:49.602  2889  3227 V com.amazonaws.request: Done parsing service response
05-26 00:28:49.602  2889  3227 D CognitoCachingCredentia: Saving credentials to SharedPreferences
05-26 00:28:49.604  2889  3227 W LogFactory: Truncating log tag length as it exceed 23, the limit imposed by Android on certain API Levels
05-26 00:28:49.606  2889  3227 D AmazonS3Client: initialized with endpoint = https://s3.ap-south-1.amazonaws.com
05-26 00:28:49.606  2889  3221 D AmazonS3Client: initialized with endpoint = https://s3.ap-south-1.amazonaws.com
05-26 00:28:49.606  2889  3221 W LogFactory: Truncating log tag length as it exceed 23, the limit imposed by Android on certain API Levels
05-26 00:28:49.607  2889  3221 D TransferService: Initializing the thread pool of size: 18
05-26 00:28:49.610  2889  3227 D TransferService: Initializing the thread pool of size: 18
05-26 00:28:49.625  2834  2834 I WebViewFactory: Loading com.google.android.webview version 148.0.7778.120 (code 777812003)
05-26 00:28:49.627  2889  3221 D TransferService: Initializing the thread pool of size: 18
05-26 00:28:49.627  2889  3227 D TransferService: Initializing the thread pool of size: 18
05-26 00:28:49.631  2834  2834 D ApplicationLoaders: Returning zygote-cached class loader: /system/framework/android.test.base.jar
05-26 00:28:49.632  2834  2834 W .musicpro.debug: Loading /data/app/~~xPwWNV70PBVC9Od97fy6Tg==/com.google.android.webview-xEUrP01-z-K6FKEJccuF6g==/oat/arm64/base.odex non-executable as it requires an image which we failed to load
05-26 00:28:49.633  2834  2834 D nativeloader: Configuring clns-5 for other apk /data/app/~~xPwWNV70PBVC9Od97fy6Tg==/com.google.android.webview-xEUrP01-z-K6FKEJccuF6g==/base.apk. target_sdk_version=36, uses_libraries=, library_path=/data/app/~~xPwWNV70PBVC9Od97fy6Tg==/com.google.android.webview-xEUrP01-z-K6FKEJccuF6g==/lib/arm64:/data/app/~~xPwWNV70PBVC9Od97fy6Tg==/com.google.android.webview-xEUrP01-z-K6FKEJccuF6g==/base.apk!/lib/arm64-v8a, permitted_path=/data:/mnt/expand
05-26 00:28:49.638  2889  3221 D AmazonS3Client: initialized with endpoint = https://s3.ap-south-1.amazonaws.com
05-26 00:28:49.640  2889  3221 D TransferService: Initializing the thread pool of size: 18
05-26 00:28:49.644  2889  3848 I TransferStatusUpdater: Creating a new progress listener for transfer: 195
05-26 00:28:49.645  2889  3846 I TransferStatusUpdater: Creating a new progress listener for transfer: 194
05-26 00:28:49.649  2889  3848 D AmazonS3Client: Using path style addressing. Endpoint = https://s3.ap-south-1.amazonaws.com
05-26 00:28:49.649  2889  3848 D AmazonS3Client: Key: sData/1465871223_sData_26052026_e02ea173-73a4-44d2-b480-ce21257e73eb.txt; Request: PUT https://s3.ap-south-1.amazonaws.com /devicedataes/ddsPROD/sData/1465871223_sData_26052026_e02ea173-73a4-44d2-b480-ce21257e73eb.txt 
05-26 00:28:49.651  2889  3221 D TransferService: Initializing the thread pool of size: 18
05-26 00:28:49.656  2889  3411 I WM-WorkerWrapper: Worker result SUCCESS for Work [ id=6a14e958-99f7-478e-b578-b226c1ceea95, tags={ com.earlysalary.android.workers.DataSyncWorker } ]
05-26 00:28:49.657  2889  3848 W LogFactory: Truncating log tag length as it exceed 23, the limit imposed by Android on certain API Levels
05-26 00:28:49.658  2889  3846 D AmazonS3Client: Using path style addressing. Endpoint = https://s3.ap-south-1.amazonaws.com
05-26 00:28:49.658  2889  3846 D AmazonS3Client: Key: PackageName/1465871223_PackageName_26052026_0e3e0cec-6a0c-4496-b737-a254ae3037ef.txt; Request: PUT https://s3.ap-south-1.amazonaws.com /devicedataes/ddsPROD/PackageName/1465871223_PackageName_26052026_0e3e0cec-6a0c-4496-b737-a254ae3037ef.txt 
05-26 00:28:49.663  1758  4641 I vendor.qti.bluetooth@1.0-ibs_handler: ProcessIbsCmd: Received IBS_WAKE_IND: 0xFD
05-26 00:28:49.663  1758  4641 D vendor.qti.bluetooth@1.0-ibs_handler: SerialClockVote: vote for UART CLK ON
05-26 00:28:49.663  1758  4641 D vendor.qti.bluetooth@1.0-wake_lock: Acquire wakelock is acquired 
05-26 00:28:49.663  1758  4641 I vendor.qti.bluetooth@1.0-ibs_handler: ProcessIbsCmd: Writing IBS_WAKE_ACK
05-26 00:28:49.664  3992  4648 I bt_stack: [INFO:btm_ble_gap.cc(3287)] btm_ble_process_adv_pkt_cont Data Complete df:14:f0:b3:41:c6
05-26 00:28:49.664  3992  4648 I bt_stack: [INFO:btm_ble_gap.cc(3287)] btm_ble_process_adv_pkt_cont Data Complete df:14:f0:b3:41:c6
05-26 00:28:49.664  3992  4648 D bt_btm_ble: bool parse_adv_audio_uuids_from_adv_pkt(const uint8_t *, size_t, uint8_t): tmap_cap_pts: false
05-26 00:28:49.664  2889  2889 D WM-Processor: t 6a14e958-99f7-478e-b578-b226c1ceea95 executed; reschedule = false
05-26 00:28:49.665  2889  3860 I TransferStatusUpdater: Creating a new progress listener for transfer: 196
05-26 00:28:49.665  2889  3411 D WM-GreedyScheduler: Cancelling work ID 6a14e958-99f7-478e-b578-b226c1ceea95
05-26 00:28:49.665  4774  4991 I NearbyDiscovery: (REDACTED) BloomFilterAdvManager: Detected bloom filter but too far away, ignoring. %sm, %s
05-26 00:28:49.665  2889  3860 D AmazonS3Client: Using path style addressing. Endpoint = https://s3.ap-south-1.amazonaws.com
05-26 00:28:49.665  2889  3860 D AmazonS3Client: Key: CellLocation/1465871223_CellLocation_26052026_0e5ec7e7-37ad-4ebf-8e3d-3820a26670cf.txt; Request: PUT https://s3.ap-south-1.amazonaws.com /devicedataes/ddsPROD/CellLocation/1465871223_CellLocation_26052026_0e5ec7e7-37ad-4ebf-8e3d-3820a26670cf.txt 
05-26 00:28:49.666  2834  2834 I cr_WVCFactoryProvider: version=148.0.7778.120 (777812003) minSdkVersion=29 multiprocess=true packageId=127 splits=<none>
05-26 00:28:49.667  2889  3848 D AWS4Signer: AWS4 Canonical Request: '"PUT
05-26 00:28:49.667  2889  3848 D AWS4Signer: /devicedataes/ddsPROD/sData/1465871223_sData_26052026_e02ea173-73a4-44d2-b480-ce21257e73eb.txt
05-26 00:28:49.667  2889  3848 D AWS4Signer: 
05-26 00:28:49.667  2889  3848 D AWS4Signer: content-md5:Wr4embZa1YNE+KsDLXFXiQ==
05-26 00:28:49.667  2889  3848 D AWS4Signer: host:s3.ap-south-1.amazonaws.com
05-26 00:28:49.667  2889  3848 D AWS4Signer: x-amz-content-sha256:STREAMING-AWS4-HMAC-SHA256-PAYLOAD
05-26 00:28:49.667  2889  3848 D AWS4Signer: x-amz-date:20260525T185849Z
05-26 00:28:49.667  2889  3848 D AWS4Signer: x-amz-decoded-content-length:2572
05-26 00:28:49.667  2889  3848 D AWS4Signer: x-amz-security-token:IQoJb3JpZ2luX2VjEKP//////////wEaCmFwLXNvdXRoLTEiRzBFAiBOrtp9zrr+yvOlSbg3A7UW4hPuZ9pEwUg3JgVJ5JiJLgIhAK4K04cuIj69c9geEfmAbj4F0V22GiN8uVnSaMqyxaY8KrEFCGwQAxoMNDMyNTQyODQyMDk1IgyFCTWslyv1IqUnx+MqjgV8SGrJM1IfZoHbExntDBwbbYoSyRBIhTjMcv2l782zCyJ6nq6Yg3u5/yTbbOSZfVka0ndBCj7puYl6qHiaa4RBT0EZybVAe9ga20YdoIzYOQMl4+GcwhMD8RAClmdTPNAkop/9m3aj14f+8lPMyRJHObm4TjCZ/AvZqrhDeyKSTgJlZENHYx2L9ZpVfCLTNz/tIUUnfDrRaKG/N1XNmZ60m/vei8ebRhjOArVDD/BemaqULbHhVd7s+bNvYWm3+RzMO1P2CqjmyiX16PbYeQHfYl4TkXOjj+MRkCHB0YxCtjKaYuTQfIAkTp9cBW+6Z5Ezn7wAF/wbDKnLvbn/CP9NmzBdZMGpdFWQCg5leri88YhNCg3cPG/NaGIhuZHMfJ+o2CxjctVfrpQHWuPZpiuq0aFl2r5/n8mKRDNhI0Mu4/DZuyBWka8Dij+7TicU4MKkh5xfXz0T1K5t/NE6MEMZmKZbhzQA/0I3SV5uVG2tZHWgqD7Pfn8nFnwIZxg5Fr596pNUaVClU71fzx31SL8IT/Ep7Qe4JeBHe1vy1sZKDSNEk3El0+684M8+N2XJOl68i2OyaZWT3kELKB7gIpMmYRkldst8WveawAy1GxMkssIwbf42SnBCSOy4YmTe54eXr/UDGd3uaiTJiMkEQWa3/EOm+tfVRP9j4BubNRcf4vRypYNLC0HvFjZb4YmTImr1VBYr1GKRCReZ2sy27fMzg/PLmoc0LpnyvGqWhMLGu6P9i+uJ4nyQLJdYdoTWAKBywdv1CtU78wTaRsBp5lRA/BWxPj9T4M/7PX2o3vwpYhM+KmH46pbZFdIV+NOQVbqg79IXzJ51flUjH4oqGGNK9eMUW6UBMIaUE/byD64w67fS0AY63QIJrZM3wfac84/lwpjx4rZvPvrH5vrffcU4cAT4wUzzJV8vStdd9nBdM3mSd8U23u5ZVo8qjPme3nh7jUfJUI8LuquGTbZPYkJyYAN3XGDXu0xcW94AK+l8XjCFPDVjhCUAUTEbb5xkw3IlXhS11YJ46dbyAPV1sJdLilDMJ1nDhi8PFf8rfffMZm2IAkJqCX80NVuaiUwKe+WY2k72xtgojNTWRbE/PzqsHTqDHirrH3ppGQLPRSKnzh1brJL6SUUsL6XBKOdzJanbgTD4T6cKqS9AezGLydNWvLMdRU8KwK6C5QF/D42HX3sM5IoZYmwd1HpOLbDpWF1m1900xzmPdj4JMeAUnZ4Kyan84jZKZPnVtxoOm5RHrtxH1ChaT/aGca3AUABp3TB4d+dgrOe1kKn54t68ecQivVorug1AgNH5cciDrgCGZgVRY8AnJ9q/fJXygcDzbQL+aPsQ
05-26 00:28:49.667  2889  3848 D AWS4Signer: 
05-26 00:28:49.667  2889  3848 D AWS4Signer: content-md5;host;x-amz-content-sha256;x-amz-date;x-amz-decoded-content-length;x-amz-security-token
05-26 00:28:49.667  2889  3848 D AWS4Signer: STREAMING-AWS4-HMAC-SHA256-PAYLOAD"
05-26 00:28:49.667  2889  3848 D AWS4Signer: AWS4 String to Sign: '"AWS4-HMAC-SHA256
05-26 00:28:49.667  2889  3848 D AWS4Signer: 20260525T185849Z
05-26 00:28:49.667  2889  3848 D AWS4Signer: 20260525/ap-south-1/s3/aws4_request
05-26 00:28:49.667  2889  3848 D AWS4Signer: 9e375bfa58395a4bf48d83da4a37730cd95d9c5c5b9f0202a0b0c6ebcb2e6bf4"
05-26 00:28:49.669  2889  3411 D WM-SystemJobScheduler: Scheduling work ID 6a14e958-99f7-478e-b578-b226c1ceea95Job ID 161
05-26 00:28:49.670  2889  3846 D AWS4Signer: AWS4 Canonical Request: '"PUT
05-26 00:28:49.670  2889  3846 D AWS4Signer: /devicedataes/ddsPROD/PackageName/1465871223_PackageName_26052026_0e3e0cec-6a0c-4496-b737-a254ae3037ef.txt
05-26 00:28:49.670  2889  3846 D AWS4Signer: 
05-26 00:28:49.670  2889  3846 D AWS4Signer: content-md5:0Ue3VjLiGjCarik91rPNDQ==
05-26 00:28:49.670  2889  3846 D AWS4Signer: host:s3.ap-south-1.amazonaws.com
05-26 00:28:49.670  2889  3846 D AWS4Signer: x-amz-content-sha256:STREAMING-AWS4-HMAC-SHA256-PAYLOAD
05-26 00:28:49.670  2889  3846 D AWS4Signer: x-amz-date:20260525T185849Z
05-26 00:28:49.670  2889  3846 D AWS4Signer: x-amz-decoded-content-length:414
05-26 00:28:49.670  2889  3846 D AWS4Signer: x-amz-security-token:IQoJb3JpZ2luX2VjEKP//////////wEaCmFwLXNvdXRoLTEiRzBFAiBOrtp9zrr+yvOlSbg3A7UW4hPuZ9pEwUg3JgVJ5JiJLgIhAK4K04cuIj69c9geEfmAbj4F0V22GiN8uVnSaMqyxaY8KrEFCGwQAxoMNDMyNTQyODQyMDk1IgyFCTWslyv1IqUnx+MqjgV8SGrJM1IfZoHbExntDBwbbYoSyRBIhTjMcv2l782zCyJ6nq6Yg3u5/yTbbOSZfVka0ndBCj7puYl6qHiaa4RBT0EZybVAe9ga20YdoIzYOQMl4+GcwhMD8RAClmdTPNAkop/9m3aj14f+8lPMyRJHObm4TjCZ/AvZqrhDeyKSTgJlZENHYx2L9ZpVfCLTNz/tIUUnfDrRaKG/N1XNmZ60m/vei8ebRhjOArVDD/BemaqULbHhVd7s+bNvYWm3+RzMO1P2CqjmyiX16PbYeQHfYl4TkXOjj+MRkCHB0YxCtjKaYuTQfIAkTp9cBW+6Z5Ezn7wAF/wbDKnLvbn/CP9NmzBdZMGpdFWQCg5leri88YhNCg3cPG/NaGIhuZHMfJ+o2CxjctVfrpQHWuPZpiuq0aFl2r5/n8mKRDNhI0Mu4/DZuyBWka8Dij+7TicU4MKkh5xfXz0T1K5t/NE6MEMZmKZbhzQA/0I3SV5uVG2tZHWgqD7Pfn8nFnwIZxg5Fr596pNUaVClU71fzx31SL8IT/Ep7Qe4JeBHe1vy1sZKDSNEk3El0+684M8+N2XJOl68i2OyaZWT3kELKB7gIpMmYRkldst8WveawAy1GxMkssIwbf42SnBCSOy4YmTe54eXr/UDGd3uaiTJiMkEQWa3/EOm+tfVRP9j4BubNRcf4vRypYNLC0HvFjZb4YmTImr1VBYr1GKRCReZ2sy27fMzg/PLmoc0LpnyvGqWhMLGu6P9i+uJ4nyQLJdYdoTWAKBywdv1CtU78wTaRsBp5lRA/BWxPj9T4M/7PX2o3vwpYhM+KmH46pbZFdIV+NOQVbqg79IXzJ51flUjH4oqGGNK9eMUW6UBMIaUE/byD64w67fS0AY63QIJrZM3wfac84/lwpjx4rZvPvrH5vrffcU4cAT4wUzzJV8vStdd9nBdM3mSd8U23u5ZVo8qjPme3nh7jUfJUI8LuquGTbZPYkJyYAN3XGDXu0xcW94AK+l8XjCFPDVjhCUAUTEbb5xkw3IlXhS11YJ46dbyAPV1sJdLilDMJ1nDhi8PFf8rfffMZm2IAkJqCX80NVuaiUwKe+WY2k72xtgojNTWRbE/PzqsHTqDHirrH3ppGQLPRSKnzh1brJL6SUUsL6XBKOdzJanbgTD4T6cKqS9AezGLydNWvLMdRU8KwK6C5QF/D42HX3sM5IoZYmwd1HpOLbDpWF1m1900xzmPdj4JMeAUnZ4Kyan84jZKZPnVtxoOm5RHrtxH1ChaT/aGca3AUABp3TB4d+dgrOe1kKn54t68ecQivVorug1AgNH5cciDrgCGZgVRY8AnJ9q/fJXygcDzbQL+aPsQ
05-26 00:28:49.670  2889  3846 D AWS4Signer: 
05-26 00:28:49.670  2889  3846 D AWS4Signer: content-md5;host;x-amz-content-sha256;x-amz-date;x-amz-decoded-content-length;x-amz-security-token
05-26 00:28:49.670  2889  3846 D AWS4Signer: STREAMING-AWS4-HMAC-SHA256-PAYLOAD"
05-26 00:28:49.670  2889  3846 D AWS4Signer: AWS4 String to Sign: '"AWS4-HMAC-SHA256
05-26 00:28:49.670  2889  3846 D AWS4Signer: 20260525T185849Z
05-26 00:28:49.670  2889  3846 D AWS4Signer: 20260525/ap-south-1/s3/aws4_request
05-26 00:28:49.670  2889  3846 D AWS4Signer: 0124dc4b16c595cd2e62ac2321d10537dfd6080166083fd37aa40387d7eb6036"
05-26 00:28:49.673  2889  3860 D AWS4Signer: AWS4 Canonical Request: '"PUT
05-26 00:28:49.673  2889  3860 D AWS4Signer: /devicedataes/ddsPROD/CellLocation/1465871223_CellLocation_26052026_0e5ec7e7-37ad-4ebf-8e3d-3820a26670cf.txt
05-26 00:28:49.673  2889  3860 D AWS4Signer: 
05-26 00:28:49.673  2889  3860 D AWS4Signer: content-md5:Ey5KvDDnCbgt9nkQFYDyPw==
05-26 00:28:49.673  2889  3860 D AWS4Signer: host:s3.ap-south-1.amazonaws.com
05-26 00:28:49.673  2889  3860 D AWS4Signer: x-amz-content-sha256:STREAMING-AWS4-HMAC-SHA256-PAYLOAD
05-26 00:28:49.673  2889  3860 D AWS4Signer: x-amz-date:20260525T185849Z
05-26 00:28:49.673  2889  3860 D AWS4Signer: x-amz-decoded-content-length:288
05-26 00:28:49.673  2889  3860 D AWS4Signer: x-amz-security-token:IQoJb3JpZ2luX2VjEKP//////////wEaCmFwLXNvdXRoLTEiRzBFAiBOrtp9zrr+yvOlSbg3A7UW4hPuZ9pEwUg3JgVJ5JiJLgIhAK4K04cuIj69c9geEfmAbj4F0V22GiN8uVnSaMqyxaY8KrEFCGwQAxoMNDMyNTQyODQyMDk1IgyFCTWslyv1IqUnx+MqjgV8SGrJM1IfZoHbExntDBwbbYoSyRBIhTjMcv2l782zCyJ6nq6Yg3u5/yTbbOSZfVka0ndBCj7puYl6qHiaa4RBT0EZybVAe9ga20YdoIzYOQMl4+GcwhMD8RAClmdTPNAkop/9m3aj14f+8lPMyRJHObm4TjCZ/AvZqrhDeyKSTgJlZENHYx2L9ZpVfCLTNz/tIUUnfDrRaKG/N1XNmZ60m/vei8ebRhjOArVDD/BemaqULbHhVd7s+bNvYWm3+RzMO1P2CqjmyiX16PbYeQHfYl4TkXOjj+MRkCHB0YxCtjKaYuTQfIAkTp9cBW+6Z5Ezn7wAF/wbDKnLvbn/CP9NmzBdZMGpdFWQCg5leri88YhNCg3cPG/NaGIhuZHMfJ+o2CxjctVfrpQHWuPZpiuq0aFl2r5/n8mKRDNhI0Mu4/DZuyBWka8Dij+7TicU4MKkh5xfXz0T1K5t/NE6MEMZmKZbhzQA/0I3SV5uVG2tZHWgqD7Pfn8nFnwIZxg5Fr596pNUaVClU71fzx31SL8IT/Ep7Qe4JeBHe1vy1sZKDSNEk3El0+684M8+N2XJOl68i2OyaZWT3kELKB7gIpMmYRkldst8WveawAy1GxMkssIwbf42SnBCSOy4YmTe54eXr/UDGd3uaiTJiMkEQWa3/EOm+tfVRP9j4BubNRcf4vRypYNLC0HvFjZb4YmTImr1VBYr1GKRCReZ2sy27fMzg/PLmoc0LpnyvGqWhMLGu6P9i+uJ4nyQLJdYdoTWAKBywdv1CtU78wTaRsBp5lRA/BWxPj9T4M/7PX2o3vwpYhM+KmH46pbZFdIV+NOQVbqg79IXzJ51flUjH4oqGGNK9eMUW6UBMIaUE/byD64w67fS0AY63QIJrZM3wfac84/lwpjx4rZvPvrH5vrffcU4cAT4wUzzJV8vStdd9nBdM3mSd8U23u5ZVo8qjPme3nh7jUfJUI8LuquGTbZPYkJyYAN3XGDXu0xcW94AK+l8XjCFPDVjhCUAUTEbb5xkw3IlXhS11YJ46dbyAPV1sJdLilDMJ1nDhi8PFf8rfffMZm2IAkJqCX80NVuaiUwKe+WY2k72xtgojNTWRbE/PzqsHTqDHirrH3ppGQLPRSKnzh1brJL6SUUsL6XBKOdzJanbgTD4T6cKqS9AezGLydNWvLMdRU8KwK6C5QF/D42HX3sM5IoZYmwd1HpOLbDpWF1m1900xzmPdj4JMeAUnZ4Kyan84jZKZPnVtxoOm5RHrtxH1ChaT/aGca3AUABp3TB4d+dgrOe1kKn54t68ecQivVorug1AgNH5cciDrgCGZgVRY8AnJ9q/fJXygcDzbQL+aPsQ
05-26 00:28:49.673  2889  3860 D AWS4Signer: 
05-26 00:28:49.673  2889  3860 D AWS4Signer: content-md5;host;x-amz-content-sha256;x-amz-date;x-amz-decoded-content-length;x-amz-security-token
05-26 00:28:49.673  2889  3860 D AWS4Signer: STREAMING-AWS4-HMAC-SHA256-PAYLOAD"
05-26 00:28:49.673  2889  3860 D AWS4Signer: AWS4 String to Sign: '"AWS4-HMAC-SHA256
05-26 00:28:49.673  2889  3860 D AWS4Signer: 20260525T185849Z
05-26 00:28:49.673  2889  3860 D AWS4Signer: 20260525/ap-south-1/s3/aws4_request
05-26 00:28:49.673  2889  3860 D AWS4Signer: 3824ec6dd17ca8c9baf8f7672a1958d7fb1a627eed7dba2473bc07d1137b1ec4"
05-26 00:28:49.680  2834  2834 D nativeloader: Load /data/app/~~xPwWNV70PBVC9Od97fy6Tg==/com.google.android.webview-xEUrP01-z-K6FKEJccuF6g==/base.apk!/lib/arm64-v8a/libwebviewchromium.so using class loader ns clns-5 (caller=/data/app/~~xPwWNV70PBVC9Od97fy6Tg==/com.google.android.webview-xEUrP01-z-K6FKEJccuF6g==/base.apk): ok
05-26 00:28:49.683  2834  2834 D nativeloader: Load /system/lib64/libwebviewchromium_plat_support.so using class loader ns clns-5 (caller=/data/app/~~xPwWNV70PBVC9Od97fy6Tg==/com.google.android.webview-xEUrP01-z-K6FKEJccuF6g==/base.apk): ok
05-26 00:28:49.696  2834  2834 I cr_LibraryLoader: Successfully loaded native library
05-26 00:28:49.698  2834  2834 I cr_CachingUmaRecorder: Flushed 20 samples from 19 histograms, 0 samples were dropped.
05-26 00:28:49.703  1758  4641 I vendor.qti.bluetooth@1.0-ibs_handler: ProcessIbsCmd: Received IBS_SLEEP_IND: 0xFE
05-26 00:28:49.704  1758  4641 D vendor.qti.bluetooth@1.0-ibs_handler: SerialClockVote: vote for UART CLK OFF
05-26 00:28:49.704  2834  2834 I cr_ChildProcLH: ScopedServiceBindingBatch.tryActivate: false
05-26 00:28:49.706  2834  2834 I cr_CombinedPProvider: #registerProvider() provider:WV.wk@a8a4d39 isPolicyCacheEnabled:false policyProvidersSize:0
05-26 00:28:49.708  2834  2834 I cr_PolicyProvider: #setManagerAndSource() 0
05-26 00:28:49.709  2834  2834 I cr_DisplayManager: Is Display Topology available: false
05-26 00:28:49.712  3077  3378 D CompatibilityChangeReporter: Compat change id reported: 143937733; UID 10520; state: ENABLED
05-26 00:28:49.725 29264 29264 D Zygote  : Forked child process 3908
05-26 00:28:49.728  3077  3378 I ActivityManager: Start proc 3908:com.google.android.webview:sandboxed_process0:org.chromium.content.app.SandboxedProcessService0:0/u0i407 for  {com.deepeye.musicpro.debug/org.chromium.content.app.SandboxedProcessService0:0}
05-26 00:28:49.733  3908  3908 E libc    : SetHeapTaggingLevel: re-enabling tagging after it was disabled is not supported
05-26 00:28:49.738  3908  3908 I ocessService0:0: Using CollectorTypeCMC GC.
05-26 00:28:49.744  3908  3908 D nativeloader: Load libframework-connectivity-tiramisu-jni.so using APEX ns com_android_tethering for caller /apex/com.android.tethering/javalib/framework-connectivity-t.jar: ok
05-26 00:28:49.754  2834  2844 I .musicpro.debug: Compiler allocated 4496KB to compile void android.view.ViewRootImpl.performTraversals()
05-26 00:28:49.756  3077  3924 D CompatibilityChangeReporter: Compat change id reported: 261072174; UID 10520; state: ENABLED
05-26 00:28:49.758  3908  3908 D CompatibilityChangeReporter: Compat change id reported: 171979766; UID 99407; state: ENABLED
05-26 00:28:49.758  3908  3908 D CompatibilityChangeReporter: Compat change id reported: 242716250; UID 99407; state: ENABLED
05-26 00:28:49.759  2834  2834 I cr_CombinedPProvider: #linkNativeInternal() 1
05-26 00:28:49.759  2834  2834 D CompatibilityChangeReporter: Compat change id reported: 183155436; UID 10520; state: ENABLED
05-26 00:28:49.759  2834  2834 I cr_AppResProvider: #getApplicationRestrictionsFromUserManager() Bundle[EMPTY_PARCEL]
05-26 00:28:49.759  2834  2834 I cr_PolicyProvider: #notifySettingsAvailable() 0
05-26 00:28:49.759  2834  2834 I cr_CombinedPProvider: #onSettingsAvailable() 0
05-26 00:28:49.759  2834  2834 I cr_CombinedPProvider: #flushPolicies()
05-26 00:28:49.763  3908  3908 D ApplicationLoaders: Returning zygote-cached class loader: /system/framework/android.test.base.jar
05-26 00:28:49.769  3908  3908 I cr_WebViewApkApp: version=148.0.7778.120 (777812003) minSdkVersion=29 processName=com.google.android.webview:sandboxed_process0:org.chromium.content.app.SandboxedProcessService0:0 splits=<none>
05-26 00:28:49.770  3908  3908 I Typeface: updateThemeFont new=Rookery-Regular;old=sans-serif;new=Rookery-Stacked;old=
05-26 00:28:49.770  3077  5906 I ActivityManager: Flag disabled. Ignoring finishAttachApplication from uid: 99407. pid: 3908
05-26 00:28:49.773  3908  3908 W SystemServiceRegistry: No service published for: virtualdevice
05-26 00:28:49.773  3908  3908 I cr_ChildProcessService: Creating new ChildProcessService pid=3908
05-26 00:28:49.833  2834  2834 W chromium: [WARNING:android_webview/browser/network_service/net_helpers.cc:137] HTTP Cache size is: 32604518
05-26 00:28:49.842  2834  2834 D CompatibilityChangeReporter: Compat change id reported: 214741472; UID 10520; state: ENABLED
05-26 00:28:49.842  1758  4641 I vendor.qti.bluetooth@1.0-ibs_handler: ProcessIbsCmd: Received IBS_WAKE_IND: 0xFD
05-26 00:28:49.842  1758  4641 D vendor.qti.bluetooth@1.0-ibs_handler: SerialClockVote: vote for UART CLK ON
05-26 00:28:49.842  1758  4641 I vendor.qti.bluetooth@1.0-ibs_handler: ProcessIbsCmd: Writing IBS_WAKE_ACK
05-26 00:28:49.843  3992  4648 I bt_stack: [INFO:btm_ble_gap.cc(3287)] btm_ble_process_adv_pkt_cont Data Complete df:14:f0:b3:41:c6
05-26 00:28:49.843  3992  4648 I bt_stack: [INFO:btm_ble_gap.cc(3287)] btm_ble_process_adv_pkt_cont Data Complete df:14:f0:b3:41:c6
05-26 00:28:49.843  3992  4648 D bt_btm_ble: bool parse_adv_audio_uuids_from_adv_pkt(const uint8_t *, size_t, uint8_t): tmap_cap_pts: false
05-26 00:28:49.848  4774  4991 I NearbyDiscovery: (REDACTED) BloomFilterAdvManager: Detected bloom filter but too far away, ignoring. %sm, %s
05-26 00:28:49.851  2834  2834 D CompatibilityChangeReporter: Compat change id reported: 171228096; UID 10520; state: ENABLED
05-26 00:28:49.853  3992  4648 I bt_stack: [INFO:btm_ble_gap.cc(3287)] btm_ble_process_adv_pkt_cont Data Complete 22:73:07:60:09:f6
05-26 00:28:49.854  3992  4648 D bt_btm_ble: bool parse_adv_audio_uuids_from_adv_pkt(const uint8_t *, size_t, uint8_t): tmap_cap_pts: false
05-26 00:28:49.874 29207 29207 D BoundBrokerSvc: onBind: Intent { act=com.google.android.gms.safetynet.service.START pkg=com.google.android.gms }
05-26 00:28:49.875 29207 29207 D BoundBrokerSvc: Loading bound service for intent: Intent { act=com.google.android.gms.safetynet.service.START pkg=com.google.android.gms }
05-26 00:28:49.881  3077  3455 D ConnectivityService: requestNetwork for uid/pid:10520/2834 activeRequest: null callbackRequest: 49687 [NetworkRequest [ REQUEST id=49688, [ Capabilities: INTERNET&NOT_RESTRICTED&TRUSTED&NOT_VCN_MANAGED Uid: 10520 RequestorUid: 10520 RequestorPkg: com.deepeye.musicpro.debug UnderlyingNetworks: Null] ]] callback flags: 0 order: 2147483647 isUidTracked: false declaredMethods: AVAIL|LOST|NC|LP
05-26 00:28:49.883  3077  3729 D WifiNetworkFactory: got request NetworkRequest [ REQUEST id=49688, [ Capabilities: INTERNET&NOT_RESTRICTED&TRUSTED&NOT_VCN_MANAGED Uid: 10520 RequestorUid: 10520 RequestorPkg: com.deepeye.musicpro.debug UnderlyingNetworks: Null] ]
05-26 00:28:49.883  3077  3729 D UntrustedWifiNetworkFactory: got request NetworkRequest [ REQUEST id=49688, [ Capabilities: INTERNET&NOT_RESTRICTED&TRUSTED&NOT_VCN_MANAGED Uid: 10520 RequestorUid: 10520 RequestorPkg: com.deepeye.musicpro.debug UnderlyingNetworks: Null] ]
05-26 00:28:49.884  3077  3455 D CompatibilityChangeReporter: Compat change id reported: 319212206; UID 10520; state: DISABLED
05-26 00:28:49.884  3077  3736 D ConnectivityService: NetReassign [49688 : null → 927] [c 1] [a 1] [i 1]
05-26 00:28:49.884  3077  3729 D OemPaidWifiNetworkFactory: got request NetworkRequest [ REQUEST id=49688, [ Capabilities: INTERNET&NOT_RESTRICTED&TRUSTED&NOT_VCN_MANAGED Uid: 10520 RequestorUid: 10520 RequestorPkg: com.deepeye.musicpro.debug UnderlyingNetworks: Null] ]
05-26 00:28:49.884  3077  3729 D MultiInternetWifiNetworkFactory: got request NetworkRequest [ REQUEST id=49688, [ Capabilities: INTERNET&NOT_RESTRICTED&TRUSTED&NOT_VCN_MANAGED Uid: 10520 RequestorUid: 10520 RequestorPkg: com.deepeye.musicpro.debug UnderlyingNetworks: Null] ]
05-26 00:28:49.888 29207 29207 D BoundBrokerSvc: onBind: Intent { act=com.google.android.gms.safebrowsing.SafeBrowsingService.START dat=chimera-action:/... cmp=com.google.android.gms/.chimera.GmsBoundBrokerService }
05-26 00:28:49.888 29207 29207 D BoundBrokerSvc: Loading bound service for intent: Intent { act=com.google.android.gms.safebrowsing.SafeBrowsingService.START dat=chimera-action:/... cmp=com.google.android.gms/.chimera.GmsBoundBrokerService }
05-26 00:28:49.889  3077  3736 D ConnectivityService: NetReassign [no changes] [c 0] [a 3] [i 1]
05-26 00:28:49.893  1758  4641 I vendor.qti.bluetooth@1.0-ibs_handler: ProcessIbsCmd: Received IBS_SLEEP_IND: 0xFE
05-26 00:28:49.893  1758  4641 D vendor.qti.bluetooth@1.0-ibs_handler: SerialClockVote: vote for UART CLK OFF
05-26 00:28:49.907  3077  3455 I AppsFilter: interaction: PackageSetting{3208f48 com.deepeye.musicpro.debug/10520} -> PackageSetting{46b4a67 org.kde.kdeconnect_tp/10386} BLOCKED
05-26 00:28:49.971  3077  3455 D CoreBackPreview: Window{7a5c05b u0 com.deepeye.musicpro.debug/com.deepeye.musicpro.MainActivity}: Setting back callback OnBackInvokedCallbackInfo{mCallback=android.window.IOnBackInvokedCallback$Stub$Proxy@eac8763, mPriority=0, mIsAnimationCallback=false}
05-26 00:28:50.033  2889  3846 D S3MetadataResponseHandl: Server is ignored.
05-26 00:28:50.034  2889  3846 D S3MetadataResponseHandl: Date is ignored.
05-26 00:28:50.034  2889  3846 W LogFactory: Truncating log tag length as it exceed 23, the limit imposed by Android on certain API Levels
05-26 00:28:50.035  2889  3846 D S3MetadataResponseHandl: x-amz-request-id is ignored.
05-26 00:28:50.035  2889  3846 D S3MetadataResponseHandl: x-amz-id-2 is ignored.
05-26 00:28:50.039  2889  3848 D S3MetadataResponseHandl: Server is ignored.
05-26 00:28:50.039  2889  3848 D S3MetadataResponseHandl: Date is ignored.
05-26 00:28:50.040  2889  3848 D S3MetadataResponseHandl: x-amz-request-id is ignored.
05-26 00:28:50.040  2889  3848 D S3MetadataResponseHandl: x-amz-id-2 is ignored.
05-26 00:28:50.043  1758  4324 D vendor.qti.bluetooth@1.0-wake_lock: Release wakelock is released 
05-26 00:28:50.054  2889  3860 D S3MetadataResponseHandl: Server is ignored.
05-26 00:28:50.054  2889  3860 D S3MetadataResponseHandl: Date is ignored.
05-26 00:28:50.055  2889  3860 D S3MetadataResponseHandl: x-amz-request-id is ignored.
05-26 00:28:50.055  2889  3860 D S3MetadataResponseHandl: x-amz-id-2 is ignored.
05-26 00:28:50.061  2834  3636 I AdrenoGLES-0: QUALCOMM build                   : dad4038ba6, If56d4a5bb8
05-26 00:28:50.061  2834  3636 I AdrenoGLES-0: Build Date                       : 07/28/23
05-26 00:28:50.061  2834  3636 I AdrenoGLES-0: OpenGL ES Shader Compiler Version: EV031.36.08.24
05-26 00:28:50.061  2834  3636 I AdrenoGLES-0: Local Branch                     : 
05-26 00:28:50.061  2834  3636 I AdrenoGLES-0: Remote Branch                    : refs/tags/AU_LINUX_ANDROID_LA.VENDOR.1.0.11.00.00.766.892
05-26 00:28:50.061  2834  3636 I AdrenoGLES-0: Remote Branch                    : NONE
05-26 00:28:50.061  2834  3636 I AdrenoGLES-0: Reconstruct Branch               : NOTHING
05-26 00:28:50.061  2834  3636 I AdrenoGLES-0: Build Config                     : S P 12.1.1 AArch64
05-26 00:28:50.062  2834  3636 I AdrenoGLES-0: Driver Path                      : /vendor/lib64/egl/libGLESv2_adreno.so
05-26 00:28:50.062  2834  3636 I AdrenoGLES-0: Driver Version                   : 0615.74
05-26 00:28:50.093  1753  3682 I slpi    : STK3A5X ALS_OC: lux:1743.479980, last_ps:0[1173], CH0:1305, CH2:170, CH4:7, AWAIT:32, ACRL:33, AGAIN:33, INT1:9, INT2:0, PS:114, LED:128, flag:65, state:7, scale:167.560,als_sel:1(0)(cnt:0)
05-26 00:28:50.093  2834  4234 I CameraManagerGlobal: Connecting to camera service
05-26 00:28:50.107  2834  3636 I AdrenoGLES-0: PFP: 0x01730158, ME: 0x00000000
05-26 00:28:50.109  2834  2834 I Choreographer: Skipped 85 frames!  The application may be doing too much work on its main thread.
05-26 00:28:50.118  2834  2834 D ChangelogDialogTest: currentVersionCode: 4, lastShown: 4, shouldShow: false
05-26 00:28:50.137  1758  4641 I vendor.qti.bluetooth@1.0-ibs_handler: ProcessIbsCmd: Received IBS_WAKE_IND: 0xFD
05-26 00:28:50.138  1758  4641 D vendor.qti.bluetooth@1.0-ibs_handler: SerialClockVote: vote for UART CLK ON
05-26 00:28:50.138  1758  4641 D vendor.qti.bluetooth@1.0-wake_lock: Acquire wakelock is acquired 
05-26 00:28:50.138  1758  4641 I vendor.qti.bluetooth@1.0-ibs_handler: ProcessIbsCmd: Writing IBS_WAKE_ACK
05-26 00:28:50.138  3992  4648 I bt_stack: [INFO:btm_ble_gap.cc(3287)] btm_ble_process_adv_pkt_cont Data Complete df:14:f0:b3:41:c6
05-26 00:28:50.157  2834  2834 W .musicpro.debug: Method boolean androidx.compose.runtime.snapshots.SnapshotStateList.conditionalUpdate(boolean, kotlin.jvm.functions.Function1) failed lock verification and will run slower.
05-26 00:28:50.157  2834  2834 W .musicpro.debug: Common causes for lock verification issues are non-optimized dex code
05-26 00:28:50.157  2834  2834 W .musicpro.debug: and incorrect proguard optimizations.
05-26 00:28:50.157  2834  2834 W .musicpro.debug: Method boolean androidx.compose.runtime.snapshots.SnapshotStateList.conditionalUpdate$default(androidx.compose.runtime.snapshots.SnapshotStateList, boolean, kotlin.jvm.functions.Function1, int, java.lang.Object) failed lock verification and will run slower.
05-26 00:28:50.157  2834  2834 W .musicpro.debug: Method java.lang.Object androidx.compose.runtime.snapshots.SnapshotStateList.mutate(kotlin.jvm.functions.Function1) failed lock verification and will run slower.
05-26 00:28:50.157  2834  2834 W .musicpro.debug: Method void androidx.compose.runtime.snapshots.SnapshotStateList.update(boolean, kotlin.jvm.functions.Function1) failed lock verification and will run slower.
05-26 00:28:50.157  2834  2834 W .musicpro.debug: Method void androidx.compose.runtime.snapshots.SnapshotStateList.update$default(androidx.compose.runtime.snapshots.SnapshotStateList, boolean, kotlin.jvm.functions.Function1, int, java.lang.Object) failed lock verification and will run slower.
05-26 00:28:50.178  1758  4641 I vendor.qti.bluetooth@1.0-ibs_handler: ProcessIbsCmd: Received IBS_SLEEP_IND: 0xFE
05-26 00:28:50.178  1758  4641 D vendor.qti.bluetooth@1.0-ibs_handler: SerialClockVote: vote for UART CLK OFF
05-26 00:28:50.190  2834  3636 I OpenGLRenderer: setGrContext nullptr-->validptr
05-26 00:28:50.206  2834  3621 D NewPipeDownloader: Executing request: https://music.youtube.com/youtubei/v1/music/get_search_suggestions?prettyPrint=false
05-26 00:28:50.208  2834  3625 D NewPipeDownloader: Executing request: https://www.youtube.com/sw.js
05-26 00:28:50.213  2834  4134 D NewPipeDownloader: Executing request: https://www.youtube.com/sw.js
05-26 00:28:50.215  2834  3636 E OpenGLRenderer: Unable to match the desired swap behavior.
05-26 00:28:50.230 11142 11142 W Finsky  : [2] STU: Failed to get storage stats for package 'com.google.android.media.swcodec' (1601: Error getting stats: android.content.pm.PackageManager.NameNotFoundException)
05-26 00:28:50.281 11142 11142 W Finsky  : [2] STU: Failed to get storage stats for package 'com.google.android.adbd' (1601: Error getting stats: android.content.pm.PackageManager.NameNotFoundException)
05-26 00:28:50.290 11142 11142 W Finsky  : [2] STU: Failed to get storage stats for package 'com.android.i18n' (1601: Error getting stats: android.content.pm.PackageManager.NameNotFoundException)
05-26 00:28:50.294 11142 11142 W Finsky  : [2] STU: Failed to get storage stats for package 'com.google.android.conscrypt' (1601: Error getting stats: android.content.pm.PackageManager.NameNotFoundException)
05-26 00:28:50.310 11142 11142 W Finsky  : [2] STU: Failed to get storage stats for package 'com.google.android.neuralnetworks' (1601: Error getting stats: android.content.pm.PackageManager.NameNotFoundException)
05-26 00:28:50.315 27259  5786 I System.out: [[Dispatchers.Default][bolt-default][debug][bolt-v2][BoltControlManager]:message[bolt clock is registered for [2000] delay]
05-26 00:28:50.316 27259 17773 I System.out: [[Dispatchers.Default.limitedParallelism(1)][bolt-manager][debug][bolt-v2][BoltControlManager]:message[bolt clock triggered, queue operations will be executed now..]
05-26 00:28:50.316 27259 17773 I System.out: [[Dispatchers.Default.limitedParallelism(1)][bolt-manager][debug][bolt-v2][BoltControlManager]:message[execution called for name [StateValidationQueueOperation and item [StateInactiveTimeQueueOperation(uniqueName=StateValidationQueueOperation, retryConfig=com.phonepe.boltV2Sdk.external.RetryConfiguration@f26430c, logger=com.phonepe.boltV2Sdk.internal.logger.core.DebugLogger@3006455, analyticManager=com.phonepe.boltV2Sdk.internal.BoltAnalyticManager@47ace6a, immediateExecute=true, queueOperationType=STATE_INACTIVE_TIME_QUEUE_OPERATION, block=Function2<com.phonepe.boltV2Sdk.internal.boltctl.queueOperations.QueueOperation, kotlin.coroutines.Continuation<? super java.lang.Boolean>, java.lang.Object>)]]
05-26 00:28:50.316 27259 17773 I System.out: [[Dispatchers.Default.limitedParallelism(1)][bolt-manager][debug][bolt-v2][StateInactiveTimeQueueOperation]:message[Queue operation with name [StateValidationQueueOperation retry started, checking for retry limits..]
05-26 00:28:50.316 27259 17773 I System.out: [[Dispatchers.Default.limitedParallelism(1)][bolt-manager][debug][bolt-v2][StateInactiveTimeQueueOperation]:message[Queue operation with name [StateValidationQueueOperation retry limits not reached, checking for waiting window before execution..]
05-26 00:28:50.316 27259 17773 I System.out: [[Dispatchers.Default.limitedParallelism(1)][bolt-manager][debug][bolt-v2][StateInactiveTimeQueueOperation]:message[Queue operation with name [StateValidationQueueOperation retry limits not reached, waiting window is completed, ready to execute in 3.2.1..]
05-26 00:28:50.316 27259 17773 I System.out: [[BlockingEventLoop@4ef88da][unknown][info][bolt-v2][BoltManager]:message[state validation operation running]
05-26 00:28:50.316 27259 17773 I System.out: [[Dispatchers.Default.limitedParallelism(1)][bolt-manager][debug][bolt-v2][StateInactiveTimeQueueOperation]:message[Queue operation with name [StateValidationQueueOperation] retried.]
05-26 00:28:50.316 27259 17773 I System.out: [[Dispatchers.Default.limitedParallelism(1)][bolt-manager][debug][bolt-v2][BoltControlManager]:message[execution completed for name [StateValidationQueueOperation and item [StateInactiveTimeQueueOperation(uniqueName=StateValidationQueueOperation, retryConfig=com.phonepe.boltV2Sdk.external.RetryConfiguration@f26430c, logger=com.phonepe.boltV2Sdk.internal.logger.core.DebugLogger@3006455, analyticManager=com.phonepe.boltV2Sdk.internal.BoltAnalyticManager@47ace6a, immediateExecute=true, queueOperationType=STATE_INACTIVE_TIME_QUEUE_OPERATION, block=Function2<com.phonepe.boltV2Sdk.internal.boltctl.queueOperations.QueueOperation, kotlin.coroutines.Continuation<? super java.lang.Boolean>, java.lang.Object>)], checking for GC status]
05-26 00:28:50.316 27259 17773 I System.out: [[Dispatchers.Default.limitedParallelism(1)][bolt-manager][debug][bolt-v2][BoltControlManager]:message[execution called for name [BoltCtl and item [PeriodicCheckQueueOperation(uniqueName=BoltCtl, retryConfig=com.phonepe.boltV2Sdk.external.RetryConfiguration@d7ab135, logger=com.phonepe.boltV2Sdk.internal.logger.core.DebugLogger@339c9ca, analyticManager=com.phonepe.boltV2Sdk.internal.BoltAnalyticManager@47ace6a, immediateExecute=false, queueOperationType=BOLT_PERIODIC_OPERATION, block=Function2<com.phonepe.boltV2Sdk.internal.boltctl.queueOperations.QueueOperation, kotlin.coroutines.Continuation<? super java.lang.Boolean>, java.lang.Object>)]]
