05-26 00:28:50.316 27259 17773 I System.out: [[Dispatchers.Default.limitedParallelism(1)][bolt-manager][debug][bolt-v2][PeriodicCheckQueueOperation]:message[Queue operation with name [BoltCtl retry started, checking for retry limits..]
05-26 00:28:50.316 27259 17773 I System.out: [[Dispatchers.Default.limitedParallelism(1)][bolt-manager][debug][bolt-v2][PeriodicCheckQueueOperation]:message[Queue operation with name [BoltCtl retry limits not reached, checking for waiting window before execution..]
05-26 00:28:50.317 27259 17773 I System.out: [[Dispatchers.Default.limitedParallelism(1)][bolt-manager][debug][bolt-v2][PeriodicCheckQueueOperation]:message[Queue operation with name [BoltCtl retry limits not reached, waiting window is not completed, skipping the execution this time...]
05-26 00:28:50.317 27259 17773 I System.out: [[Dispatchers.Default.limitedParallelism(1)][bolt-manager][debug][bolt-v2][BoltControlManager]:message[execution completed for name [BoltCtl and item [PeriodicCheckQueueOperation(uniqueName=BoltCtl, retryConfig=com.phonepe.boltV2Sdk.external.RetryConfiguration@d7ab135, logger=com.phonepe.boltV2Sdk.internal.logger.core.DebugLogger@339c9ca, analyticManager=com.phonepe.boltV2Sdk.internal.BoltAnalyticManager@47ace6a, immediateExecute=false, queueOperationType=BOLT_PERIODIC_OPERATION, block=Function2<com.phonepe.boltV2Sdk.internal.boltctl.queueOperations.QueueOperation, kotlin.coroutines.Continuation<? super java.lang.Boolean>, java.lang.Object>)], checking for GC status]
05-26 00:28:50.317 11142 11142 W Finsky  : [2] STU: Failed to get storage stats for package 'com.google.android.ipsec' (1601: Error getting stats: android.content.pm.PackageManager.NameNotFoundException)
05-26 00:28:50.320 11142 11142 W Finsky  : [2] STU: Failed to get storage stats for package 'com.android.devicelock' (1601: Error getting stats: android.content.pm.PackageManager.NameNotFoundException)
05-26 00:28:50.328  1758  4324 D vendor.qti.bluetooth@1.0-wake_lock: Release wakelock is released 
05-26 00:28:50.336 11142 11142 W Finsky  : [2] STU: Failed to get storage stats for package 'com.google.android.ondevicepersonalization' (1601: Error getting stats: android.content.pm.PackageManager.NameNotFoundException)
05-26 00:28:50.342 11142 11142 W Finsky  : [2] STU: Failed to get storage stats for package 'com.google.android.healthfitness' (1601: Error getting stats: android.content.pm.PackageManager.NameNotFoundException)
05-26 00:28:50.358 11142 11142 W Finsky  : [2] STU: Failed to get storage stats for package 'com.android.uwb' (1601: Error getting stats: android.content.pm.PackageManager.NameNotFoundException)
05-26 00:28:50.358 11142 11142 W Finsky  : [2] STU: Failed to get storage stats for package 'com.google.android.extservices' (1601: Error getting stats: android.content.pm.PackageManager.NameNotFoundException)
05-26 00:28:50.382 11142 11142 W Finsky  : [2] STU: Failed to get storage stats for package 'com.google.android.os.statsd' (1601: Error getting stats: android.content.pm.PackageManager.NameNotFoundException)
05-26 00:28:50.402 11142 11142 W Finsky  : [2] STU: Failed to get storage stats for package 'com.android.rkpd' (1601: Error getting stats: android.content.pm.PackageManager.NameNotFoundException)
05-26 00:28:50.409 11142 11142 W Finsky  : [2] STU: Failed to get storage stats for package 'com.google.android.scheduling' (1601: Error getting stats: android.content.pm.PackageManager.NameNotFoundException)
05-26 00:28:50.423 11142 11142 I Finsky  : [2] App states replicator found 38 unowned apps
05-26 00:28:50.426  3077  3370 I LaunchCheckinHandler: MotoDisplayed com.deepeye.musicpro.debug/com.deepeye.musicpro.MainActivity,cp,ca,2102
05-26 00:28:50.426  3077  3370 W ActivityTaskManager: activity boost didn't release as expected
05-26 00:28:50.427  3077  3776 D PerfTracer: Delay com.deepeye.musicpro.debug/com.deepeye.musicpro.MainActivity, this launch cost: 2102, is bigger than min[49], avg[1000], max[2893], true, true
05-26 00:28:50.432  2834  2834 I Choreographer: Skipped 30 frames!  The application may be doing too much work on its main thread.
05-26 00:28:50.433  3077  3366 I ActivityTaskManager: Displayed com.deepeye.musicpro.debug/com.deepeye.musicpro.MainActivity for user 0: +2s134ms
05-26 00:28:50.472 11142 11188 I Finsky  : [789] Completed 0 account content syncs with 0 successful.
05-26 00:28:50.473 11142 11142 I Finsky  : [2] [ContentSync] Installation state replication succeeded.
05-26 00:28:50.473 11142 11142 I Finsky  : [2] SCH: jobFinished: 12-1. TimeElapsed: 2188ms.
05-26 00:28:50.473 11142 11142 I Finsky  : [2] WM::SCH: Logging work end for 12-1
05-26 00:28:50.500  3077  3924 D CompatibilityChangeReporter: Compat change id reported: 214016041; UID 10520; state: ENABLED
05-26 00:28:50.501  3077  3924 I ImeTracker: com.deepeye.musicpro.debug:6f80abf3: onRequestHide at ORIGIN_SERVER_HIDE_INPUT reason HIDE_UNSPECIFIED_WINDOW
05-26 00:28:50.501  3077  3924 I ImeTracker: com.deepeye.musicpro.debug:6f80abf3: onCancelled at PHASE_SERVER_SHOULD_HIDE
05-26 00:28:50.522  3077  5906 D PowerManagerService: nativeSetPowerMode ret:false mode:5 enabled:false duration ms: 0
05-26 00:28:50.523  3757  3757 I GoogleInputMethodService: GoogleInputMethodService.onFinishInput():2259 
05-26 00:28:50.524  3757  3757 I Module  : DeviceLockedStatusModuleProvider$Module.updateDeviceLockedStatusInternal():127 repeatCheckTimes = 0, locked = false
05-26 00:28:50.524  3757  3757 I GoogleInputMethodService: GoogleInputMethodService.onStartInput():1446 onStartInput(EditorInfo{EditorInfo{packageName=com.deepeye.musicpro.debug, inputType=0, inputTypeString=NULL, enableLearning=false, autoCorrection=false, autoComplete=false, imeOptions=0, privateImeOptions=null, actionName=UNSPECIFIED, actionLabel=null, initialSelStart=-1, initialSelEnd=-1, initialCapsMode=0, label=null, fieldId=0, fieldName=null, extras=null, hintText=null, hintLocales=[]}}, false)
05-26 00:28:50.525  3757  3757 I AndroidIME: LatinIMEBase.updateInputViewCoverNavigation():321 Update input view padding, isNavbarOverInputWindow=false, bottom inset=102
05-26 00:28:50.525  3757  3757 I Module  : DeviceLockedStatusModuleProvider$Module.updateDeviceLockedStatusInternal():127 repeatCheckTimes = 1, locked = false
05-26 00:28:50.538 11142 11189 I Finsky  : [790] SCH: Scheduling phonesky job Id: 1-1337, CT: 1779699472710, Constraints: [{ L: 43163512, D: 86363512, C: CHARGING_NONE, I: IDLE_NONE, N: NET_ANY, B: BATTERY_ANY }]
05-26 00:28:50.538 11142 11189 I Finsky  : [790] SCH: Scheduling phonesky job Id: 34-1727, CT: 1779656262217, Constraints: [{ L: 604800000, D: 2584836567, C: CHARGING_NONE, I: IDLE_NONE, N: NET_ANY, B: BATTERY_ANY }]
05-26 00:28:50.538 11142 11189 I Finsky  : [790] SCH: Scheduling phonesky job Id: 34-1731, CT: 1779728339994, Constraints: [{ L: 79197195, D: 1375197195, C: CHARGING_NONE, I: IDLE_NONE, N: NET_ANY, B: BATTERY_ANY }]
05-26 00:28:50.538 11142 11189 I Finsky  : [790] SCH: Scheduling phonesky job Id: 34-1738, CT: 1779728340117, Constraints: [{ L: 604800000, D: 2591999933, C: CHARGING_NONE, I: IDLE_NONE, N: NET_ANY, B: BATTERY_ANY }]
05-26 00:28:50.552 11142 11187 I Finsky  : [788] SCH: Scheduling 1 system job(s)
05-26 00:28:50.555 11142 11187 I Finsky  : [788] SCH: Scheduling system job Id: 9448, L: 7105670, D: 50305670, C: false, I: false, N: 1
05-26 00:28:50.558  3077  3924 W PackageConfigPersister: App-specific configuration not found for packageName: com.deepeye.musicpro.debug and userId: 0
05-26 00:28:50.559 23686 23729 I cr_BindingManager: onTrimMemory: level=40, size=0
05-26 00:28:50.561  9681  9698 I ImeTracker: com.motorola.launcher3:6092bc7a: onRequestHide at ORIGIN_CLIENT_HIDE_SOFT_INPUT reason HIDE_SOFT_INPUT
05-26 00:28:50.561  9681  9698 I ImeTracker: com.motorola.launcher3:6092bc7a: onFailed at PHASE_CLIENT_VIEW_SERVED
05-26 00:28:50.562 18704 18704 I bygx    : onStop
05-26 00:28:50.598 23686 23729 I cr_BindingManager: onTrimMemory: level=40, size=0
05-26 00:28:50.609 11142  2761 I Finsky  : [1032] SCH: job service finished with id 9442.
05-26 00:28:50.673  1758  4641 I vendor.qti.bluetooth@1.0-ibs_handler: ProcessIbsCmd: Received IBS_WAKE_IND: 0xFD
05-26 00:28:50.673  1758  4641 D vendor.qti.bluetooth@1.0-ibs_handler: SerialClockVote: vote for UART CLK ON
05-26 00:28:50.673  1758  4641 D vendor.qti.bluetooth@1.0-wake_lock: Acquire wakelock is acquired 
05-26 00:28:50.673  1758  4641 I vendor.qti.bluetooth@1.0-ibs_handler: ProcessIbsCmd: Writing IBS_WAKE_ACK
05-26 00:28:50.674  3992  4648 I bt_stack: [INFO:btm_ble_gap.cc(3287)] btm_ble_process_adv_pkt_cont Data Complete 22:73:07:60:09:f6
05-26 00:28:50.674  3992  4648 D bt_btm_ble: bool parse_adv_audio_uuids_from_adv_pkt(const uint8_t *, size_t, uint8_t): tmap_cap_pts: false
05-26 00:28:50.697  2834  3621 D NewPipeDownloader: Response Code: 200 for https://music.youtube.com/youtubei/v1/music/get_search_suggestions?prettyPrint=false
05-26 00:28:50.709  2834  3621 D NewPipeDownloader: Executing request: https://music.youtube.com/youtubei/v1/search?prettyPrint=false
05-26 00:28:50.714  1758  4641 I vendor.qti.bluetooth@1.0-ibs_handler: ProcessIbsCmd: Received IBS_SLEEP_IND: 0xFE
05-26 00:28:50.714  1758  4641 D vendor.qti.bluetooth@1.0-ibs_handler: SerialClockVote: vote for UART CLK OFF
05-26 00:28:50.721  2834  3625 D NewPipeDownloader: Response Code: 200 for https://www.youtube.com/sw.js
05-26 00:28:50.727  2834  3625 D NewPipeDownloader: Executing request: https://www.youtube.com/youtubei/v1/search?prettyPrint=false
05-26 00:28:50.783  7709  7790 D Surface : Surface::disconnect
05-26 00:28:50.783  7709  7790 D BufferQueueProducer: [VRI[debug]#1029(BLAST Consumer)1029](id:1e1d00000409,api:1,p:7709,c:7709) disconnect: api 1
05-26 00:28:50.791  7709  7774 W WindowOnBackDispatcher: sendCancelIfRunning: isInProgress=falsecallback=android.view.ViewRootImpl$$ExternalSyntheticLambda17@fe02e37
05-26 00:28:50.791  3077  5906 D CoreBackPreview: Window{f56d37 u0 Splash Screen com.deepeye.musicpro.debug EXITING}: Setting back callback null
05-26 00:28:50.792  3077  3924 W InputManager-JNI: Input channel object 'f56d37 Splash Screen com.deepeye.musicpro.debug (client)' was disposed without first being removed with the input manager!
05-26 00:28:50.849  3077  3729 D WifiStaIfaceHidlImpl: getCachedScanData is not implemented by HIDL
05-26 00:28:50.850 11142 11149 W android.vending: ApkAssets: Deleting an ApkAssets object '<empty> and /data/app/~~-qy6TFNHYLgb1VfOTqBm0Q==/com.deepeye.musicpro.debug-OMkQ-gABJDQJP7TfZfPvlw==/base.apk' with 1 weak references
05-26 00:28:50.861  3077  3729 I HalDevMgr: bestIfaceCreationProposal is null, requestIface=STA, existingIface=[name=ap_br_wlan2 type=AP_BRIDGE, name=wlan0 type=STA]
05-26 00:28:50.864  1758  4324 D vendor.qti.bluetooth@1.0-wake_lock: Release wakelock is released 
05-26 00:28:51.037  2834  4134 D NewPipeDownloader: Response Code: 200 for https://www.youtube.com/sw.js
05-26 00:28:51.040  2834  4134 D NewPipeDownloader: Executing request: https://www.youtube.com/youtubei/v1/search?prettyPrint=false
05-26 00:28:51.147  1758  4641 I vendor.qti.bluetooth@1.0-ibs_handler: ProcessIbsCmd: Received IBS_WAKE_IND: 0xFD
05-26 00:28:51.147  1758  4641 D vendor.qti.bluetooth@1.0-ibs_handler: SerialClockVote: vote for UART CLK ON
05-26 00:28:51.147  1758  4641 D vendor.qti.bluetooth@1.0-wake_lock: Acquire wakelock is acquired 
05-26 00:28:51.147  1758  4641 I vendor.qti.bluetooth@1.0-ibs_handler: ProcessIbsCmd: Writing IBS_WAKE_ACK
05-26 00:28:51.148  2834  3621 D NewPipeDownloader: Response Code: 200 for https://music.youtube.com/youtubei/v1/search?prettyPrint=false
05-26 00:28:51.148  3992  4648 I bt_stack: [INFO:btm_ble_gap.cc(3287)] btm_ble_process_adv_pkt_cont Data Complete df:14:f0:b3:41:c6
05-26 00:28:51.148  3992  4648 I bt_stack: [INFO:btm_ble_gap.cc(3287)] btm_ble_process_adv_pkt_cont Data Complete df:14:f0:b3:41:c6
05-26 00:28:51.148  3992  4648 D bt_btm_ble: bool parse_adv_audio_uuids_from_adv_pkt(const uint8_t *, size_t, uint8_t): tmap_cap_pts: false
05-26 00:28:51.149  4774  4991 I NearbyDiscovery: (REDACTED) BloomFilterAdvManager: Detected bloom filter but too far away, ignoring. %sm, %s
05-26 00:28:51.188  1758  4641 I vendor.qti.bluetooth@1.0-ibs_handler: ProcessIbsCmd: Received IBS_SLEEP_IND: 0xFE
05-26 00:28:51.188  1758  4641 D vendor.qti.bluetooth@1.0-ibs_handler: SerialClockVote: vote for UART CLK OFF
05-26 00:28:51.265  2834  3621 D YoutubeDS: Extracted Video ID: 5XTxuz-_myg from https://music.youtube.com/watch?v=5XTxuz-_myg
05-26 00:28:51.265  2834  3621 D YoutubeDS: Extracted Video ID: NJAv_7lHUIU from https://music.youtube.com/watch?v=NJAv_7lHUIU
05-26 00:28:51.265  2834  3621 D YoutubeDS: Extracted Video ID: 0hg3Y0YOaa8 from https://music.youtube.com/watch?v=0hg3Y0YOaa8
05-26 00:28:51.265  2834  3621 D YoutubeDS: Extracted Video ID: YALvuUpY_b0 from https://music.youtube.com/watch?v=YALvuUpY_b0
05-26 00:28:51.265  2834  3621 D YoutubeDS: Extracted Video ID: J7p4bzqLvCw from https://music.youtube.com/watch?v=J7p4bzqLvCw
05-26 00:28:51.265  2834  3621 D YoutubeDS: Extracted Video ID: q1uPPBJ2tcI from https://music.youtube.com/watch?v=q1uPPBJ2tcI
05-26 00:28:51.265  2834  3621 D YoutubeDS: Extracted Video ID: WMK3JXG3Fx0 from https://music.youtube.com/watch?v=WMK3JXG3Fx0
05-26 00:28:51.265  2834  3621 D YoutubeDS: Extracted Video ID: o-TTwijwArY from https://music.youtube.com/watch?v=o-TTwijwArY
05-26 00:28:51.265  2834  3621 D YoutubeDS: Extracted Video ID: PVDPkS4v8FQ from https://music.youtube.com/watch?v=PVDPkS4v8FQ
05-26 00:28:51.265  2834  3621 D YoutubeDS: Extracted Video ID: COatCg74F70 from https://music.youtube.com/watch?v=COatCg74F70
05-26 00:28:51.265  2834  3621 D YoutubeDS: Extracted Video ID: 68RLvhxk_4g from https://music.youtube.com/watch?v=68RLvhxk_4g
05-26 00:28:51.265  2834  3621 D YoutubeDS: Extracted Video ID: GqWYJT-iMTw from https://music.youtube.com/watch?v=GqWYJT-iMTw
05-26 00:28:51.265  2834  3621 D YoutubeDS: Extracted Video ID: 9nRvqemGydw from https://music.youtube.com/watch?v=9nRvqemGydw
05-26 00:28:51.265  2834  3621 D YoutubeDS: Extracted Video ID: BciS5krYL80 from https://music.youtube.com/watch?v=BciS5krYL80
05-26 00:28:51.265  2834  3621 D YoutubeDS: Extracted Video ID: lmG0kY9FtRY from https://music.youtube.com/watch?v=lmG0kY9FtRY
05-26 00:28:51.265  2834  3621 D YoutubeDS: Extracted Video ID: 0jj4gx1P8x4 from https://music.youtube.com/watch?v=0jj4gx1P8x4
05-26 00:28:51.265  2834  3621 D YoutubeDS: Extracted Video ID: xTvyyoF_LZY from https://music.youtube.com/watch?v=xTvyyoF_LZY
05-26 00:28:51.265  2834  3621 D YoutubeDS: Extracted Video ID: FM2ykrYbzqg from https://music.youtube.com/watch?v=FM2ykrYbzqg
05-26 00:28:51.265  2834  3621 D YoutubeDS: Extracted Video ID: FXxuVh9KIPs from https://music.youtube.com/watch?v=FXxuVh9KIPs
05-26 00:28:51.265  2834  3621 D YoutubeDS: Extracted Video ID: 49pClz5VJyY from https://music.youtube.com/watch?v=49pClz5VJyY
05-26 00:28:51.271  2834  3625 D NewPipeDownloader: Response Code: 200 for https://www.youtube.com/youtubei/v1/search?prettyPrint=false
05-26 00:28:51.339  1758  4324 D vendor.qti.bluetooth@1.0-wake_lock: Release wakelock is released 
05-26 00:28:51.355  3077  3924 D PowerManagerService: nativeReleaseSuspendBlocker name:PowerManagerService.WakeLocks duration ms: 0
05-26 00:28:51.481  2834  4134 D NewPipeDownloader: Response Code: 200 for https://www.youtube.com/youtubei/v1/search?prettyPrint=false
05-26 00:28:51.515  1758  4641 I vendor.qti.bluetooth@1.0-ibs_handler: ProcessIbsCmd: Received IBS_WAKE_IND: 0xFD
05-26 00:28:51.515  1758  4641 D vendor.qti.bluetooth@1.0-ibs_handler: SerialClockVote: vote for UART CLK ON
05-26 00:28:51.515  1758  4641 D vendor.qti.bluetooth@1.0-wake_lock: Acquire wakelock is acquired 
05-26 00:28:51.515  1758  4641 I vendor.qti.bluetooth@1.0-ibs_handler: ProcessIbsCmd: Writing IBS_WAKE_ACK
05-26 00:28:51.516  3992  4648 I bt_stack: [INFO:btm_ble_gap.cc(3287)] btm_ble_process_adv_pkt_cont Data Complete df:14:f0:b3:41:c6
05-26 00:28:51.516  3992  4648 I bt_stack: [INFO:btm_ble_gap.cc(3287)] btm_ble_process_adv_pkt_cont Data Complete df:14:f0:b3:41:c6
05-26 00:28:51.516  3992  4648 D bt_btm_ble: bool parse_adv_audio_uuids_from_adv_pkt(const uint8_t *, size_t, uint8_t): tmap_cap_pts: false
05-26 00:28:51.519  4774  4991 I NearbyDiscovery: (REDACTED) BloomFilterAdvManager: Detected bloom filter but too far away, ignoring. %sm, %s
05-26 00:28:51.535  2834  4134 D YoutubeDS: Extracted Video ID: 2xdX_H6CIfQ from https://www.youtube.com/watch?v=2xdX_H6CIfQ
05-26 00:28:51.535  2834  4134 D YoutubeDS: Extracted Video ID: CP7GY11pmG0 from https://www.youtube.com/watch?v=CP7GY11pmG0
05-26 00:28:51.535  2834  4134 D YoutubeDS: Extracted Video ID: -MPHg4wPiyg from https://www.youtube.com/watch?v=-MPHg4wPiyg
05-26 00:28:51.535  2834  4134 D YoutubeDS: Extracted Video ID: O7KTlC5R8ao from https://www.youtube.com/watch?v=O7KTlC5R8ao
05-26 00:28:51.535  2834  4134 D YoutubeDS: Extracted Video ID: hOyn0bCydZo from https://www.youtube.com/watch?v=hOyn0bCydZo
05-26 00:28:51.535  2834  4134 D YoutubeDS: Extracted Video ID: XnG5iBgU0ro from https://www.youtube.com/watch?v=XnG5iBgU0ro
05-26 00:28:51.535  2834  4134 D YoutubeDS: Extracted Video ID: j4OiyKk5wQo from https://www.youtube.com/watch?v=j4OiyKk5wQo
05-26 00:28:51.536  2834  4134 D YoutubeDS: Extracted Video ID: 7NQYmIycWj4 from https://www.youtube.com/watch?v=7NQYmIycWj4
05-26 00:28:51.536  2834  4134 D YoutubeDS: Extracted Video ID: 27QmkvKQLDk from https://www.youtube.com/watch?v=27QmkvKQLDk
05-26 00:28:51.536  2834  4134 D YoutubeDS: Extracted Video ID: 1yX9EMVQ-4U from https://www.youtube.com/watch?v=1yX9EMVQ-4U
05-26 00:28:51.536  2834  4134 D YoutubeDS: Extracted Video ID: EFT7wuHZBc4 from https://www.youtube.com/watch?v=EFT7wuHZBc4
05-26 00:28:51.536  2834  4134 D HomeFeed: Trending: 11, Shorts: 0, Music: 20, Local: 1
05-26 00:28:51.556  1758  4641 I vendor.qti.bluetooth@1.0-ibs_handler: ProcessIbsCmd: Received IBS_SLEEP_IND: 0xFE
05-26 00:28:51.556  1758  4641 D vendor.qti.bluetooth@1.0-ibs_handler: SerialClockVote: vote for UART CLK OFF
05-26 00:28:51.590  3077  3736 D ConnectivityService: NetReassign [no changes] [c 0] [a 1] [i 1]
05-26 00:28:51.601 28261 28441 I ThermalEngine: Monitor:ACTIVE:MON-MSM-charge:battery=5:CHG-SENSORS=44094
05-26 00:28:51.706  1758  4324 D vendor.qti.bluetooth@1.0-wake_lock: Release wakelock is released 
05-26 00:28:51.781  1758  4641 I vendor.qti.bluetooth@1.0-ibs_handler: ProcessIbsCmd: Received IBS_WAKE_IND: 0xFD
05-26 00:28:51.781  1758  4641 D vendor.qti.bluetooth@1.0-ibs_handler: SerialClockVote: vote for UART CLK ON
05-26 00:28:51.782  1758  4641 D vendor.qti.bluetooth@1.0-wake_lock: Acquire wakelock is acquired 
05-26 00:28:51.782  1758  4641 I vendor.qti.bluetooth@1.0-ibs_handler: ProcessIbsCmd: Writing IBS_WAKE_ACK
05-26 00:28:51.782  3992  4648 I bt_stack: [INFO:btm_ble_gap.cc(3287)] btm_ble_process_adv_pkt_cont Data Complete df:14:f0:b3:41:c6
05-26 00:28:51.822  1758  4641 I vendor.qti.bluetooth@1.0-ibs_handler: ProcessIbsCmd: Received IBS_SLEEP_IND: 0xFE
05-26 00:28:51.822  1758  4641 D vendor.qti.bluetooth@1.0-ibs_handler: SerialClockVote: vote for UART CLK OFF
05-26 00:28:51.972  1753  3682 I slpi    : STK3A5X ALS_OC: lux:1921.167969, last_ps:0[1173], CH0:1438, CH2:188, CH4:7, AWAIT:32, ACRL:33, AGAIN:33, INT1:9, INT2:0, PS:114, LED:128, flag:65, state:7, scale:167.560,als_sel:1(0)(cnt:0)
05-26 00:28:51.973  1758  4324 D vendor.qti.bluetooth@1.0-wake_lock: Release wakelock is released 
05-26 00:28:52.071  1758  4641 I vendor.qti.bluetooth@1.0-ibs_handler: ProcessIbsCmd: Received IBS_WAKE_IND: 0xFD
05-26 00:28:52.072  1758  4641 D vendor.qti.bluetooth@1.0-ibs_handler: SerialClockVote: vote for UART CLK ON
05-26 00:28:52.072  1758  4641 D vendor.qti.bluetooth@1.0-wake_lock: Acquire wakelock is acquired 
05-26 00:28:52.072  1758  4641 I vendor.qti.bluetooth@1.0-ibs_handler: ProcessIbsCmd: Writing IBS_WAKE_ACK
05-26 00:28:52.073  3992  4648 I bt_stack: [INFO:btm_ble_gap.cc(3287)] btm_ble_process_adv_pkt_cont Data Complete df:14:f0:b3:41:c6
05-26 00:28:52.074  3992  4648 I bt_stack: [INFO:btm_ble_gap.cc(3287)] btm_ble_process_adv_pkt_cont Data Complete df:14:f0:b3:41:c6
05-26 00:28:52.074  3992  4648 D bt_btm_ble: bool parse_adv_audio_uuids_from_adv_pkt(const uint8_t *, size_t, uint8_t): tmap_cap_pts: false
05-26 00:28:52.076  4774  4991 I NearbyDiscovery: (REDACTED) BloomFilterAdvManager: Detected bloom filter but too far away, ignoring. %sm, %s
05-26 00:28:52.112  1758  4641 I vendor.qti.bluetooth@1.0-ibs_handler: ProcessIbsCmd: Received IBS_SLEEP_IND: 0xFE
05-26 00:28:52.113  1758  4641 D vendor.qti.bluetooth@1.0-ibs_handler: SerialClockVote: vote for UART CLK OFF
05-26 00:28:52.181  1753  3682 I slpi    : STK3A5X ALS_OC: lux:2122.904053, last_ps:0[1172], CH0:1589, CH2:208, CH4:8, AWAIT:32, ACRL:33, AGAIN:33, INT1:9, INT2:0, PS:114, LED:128, flag:65, state:7, scale:167.560,als_sel:1(0)(cnt:0)
05-26 00:28:52.263  1758  4324 D vendor.qti.bluetooth@1.0-wake_lock: Release wakelock is released 
05-26 00:28:52.317 27259 17773 I System.out: [[Dispatchers.Default][bolt-default][debug][bolt-v2][BoltControlManager]:message[bolt clock is registered for [2000] delay]
05-26 00:28:52.317 27259 17774 I System.out: [[Dispatchers.Default.limitedParallelism(1)][bolt-manager][debug][bolt-v2][BoltControlManager]:message[bolt clock triggered, queue operations will be executed now..]
05-26 00:28:52.318 27259 17774 I System.out: [[Dispatchers.Default.limitedParallelism(1)][bolt-manager][debug][bolt-v2][BoltControlManager]:message[execution called for name [StateValidationQueueOperation and item [StateInactiveTimeQueueOperation(uniqueName=StateValidationQueueOperation, retryConfig=com.phonepe.boltV2Sdk.external.RetryConfiguration@f26430c, logger=com.phonepe.boltV2Sdk.internal.logger.core.DebugLogger@3006455, analyticManager=com.phonepe.boltV2Sdk.internal.BoltAnalyticManager@47ace6a, immediateExecute=true, queueOperationType=STATE_INACTIVE_TIME_QUEUE_OPERATION, block=Function2<com.phonepe.boltV2Sdk.internal.boltctl.queueOperations.QueueOperation, kotlin.coroutines.Continuation<? super java.lang.Boolean>, java.lang.Object>)]]
05-26 00:28:52.318 27259 17774 I System.out: [[Dispatchers.Default.limitedParallelism(1)][bolt-manager][debug][bolt-v2][StateInactiveTimeQueueOperation]:message[Queue operation with name [StateValidationQueueOperation retry started, checking for retry limits..]
05-26 00:28:52.318 27259 17774 I System.out: [[Dispatchers.Default.limitedParallelism(1)][bolt-manager][debug][bolt-v2][StateInactiveTimeQueueOperation]:message[Queue operation with name [StateValidationQueueOperation retry limits not reached, checking for waiting window before execution..]
05-26 00:28:52.318 27259 17774 I System.out: [[Dispatchers.Default.limitedParallelism(1)][bolt-manager][debug][bolt-v2][StateInactiveTimeQueueOperation]:message[Queue operation with name [StateValidationQueueOperation retry limits not reached, waiting window is completed, ready to execute in 3.2.1..]
05-26 00:28:52.318 27259 17774 I System.out: [[BlockingEventLoop@84be10b][unknown][info][bolt-v2][BoltManager]:message[state validation operation running]
05-26 00:28:52.318 27259 17774 I System.out: [[Dispatchers.Default.limitedParallelism(1)][bolt-manager][debug][bolt-v2][StateInactiveTimeQueueOperation]:message[Queue operation with name [StateValidationQueueOperation] retried.]
05-26 00:28:52.318 27259 17774 I System.out: [[Dispatchers.Default.limitedParallelism(1)][bolt-manager][debug][bolt-v2][BoltControlManager]:message[execution completed for name [StateValidationQueueOperation and item [StateInactiveTimeQueueOperation(uniqueName=StateValidationQueueOperation, retryConfig=com.phonepe.boltV2Sdk.external.RetryConfiguration@f26430c, logger=com.phonepe.boltV2Sdk.internal.logger.core.DebugLogger@3006455, analyticManager=com.phonepe.boltV2Sdk.internal.BoltAnalyticManager@47ace6a, immediateExecute=true, queueOperationType=STATE_INACTIVE_TIME_QUEUE_OPERATION, block=Function2<com.phonepe.boltV2Sdk.internal.boltctl.queueOperations.QueueOperation, kotlin.coroutines.Continuation<? super java.lang.Boolean>, java.lang.Object>)], checking for GC status]
05-26 00:28:52.318 27259 17774 I System.out: [[Dispatchers.Default.limitedParallelism(1)][bolt-manager][debug][bolt-v2][BoltControlManager]:message[execution called for name [BoltCtl and item [PeriodicCheckQueueOperation(uniqueName=BoltCtl, retryConfig=com.phonepe.boltV2Sdk.external.RetryConfiguration@d7ab135, logger=com.phonepe.boltV2Sdk.internal.logger.core.DebugLogger@339c9ca, analyticManager=com.phonepe.boltV2Sdk.internal.BoltAnalyticManager@47ace6a, immediateExecute=false, queueOperationType=BOLT_PERIODIC_OPERATION, block=Function2<com.phonepe.boltV2Sdk.internal.boltctl.queueOperations.QueueOperation, kotlin.coroutines.Continuation<? super java.lang.Boolean>, java.lang.Object>)]]
05-26 00:28:52.318 27259 17774 I System.out: [[Dispatchers.Default.limitedParallelism(1)][bolt-manager][debug][bolt-v2][PeriodicCheckQueueOperation]:message[Queue operation with name [BoltCtl retry started, checking for retry limits..]
05-26 00:28:52.318 27259 17774 I System.out: [[Dispatchers.Default.limitedParallelism(1)][bolt-manager][debug][bolt-v2][PeriodicCheckQueueOperation]:message[Queue operation with name [BoltCtl retry limits not reached, checking for waiting window before execution..]
05-26 00:28:52.319 27259 17774 I System.out: [[Dispatchers.Default.limitedParallelism(1)][bolt-manager][debug][bolt-v2][PeriodicCheckQueueOperation]:message[Queue operation with name [BoltCtl retry limits not reached, waiting window is not completed, skipping the execution this time...]
05-26 00:28:52.319 27259 17774 I System.out: [[Dispatchers.Default.limitedParallelism(1)][bolt-manager][debug][bolt-v2][BoltControlManager]:message[execution completed for name [BoltCtl and item [PeriodicCheckQueueOperation(uniqueName=BoltCtl, retryConfig=com.phonepe.boltV2Sdk.external.RetryConfiguration@d7ab135, logger=com.phonepe.boltV2Sdk.internal.logger.core.DebugLogger@339c9ca, analyticManager=com.phonepe.boltV2Sdk.internal.BoltAnalyticManager@47ace6a, immediateExecute=false, queueOperationType=BOLT_PERIODIC_OPERATION, block=Function2<com.phonepe.boltV2Sdk.internal.boltctl.queueOperations.QueueOperation, kotlin.coroutines.Continuation<? super java.lang.Boolean>, java.lang.Object>)], checking for GC status]
05-26 00:28:52.912  1753  3682 I slpi    : STK3A5X ALS_OC: lux:1899.791992, last_ps:0[1167], CH0:1422, CH2:186, CH4:7, AWAIT:32, ACRL:33, AGAIN:33, INT1:9, INT2:0, PS:114, LED:128, flag:65, state:7, scale:167.560,als_sel:1(0)(cnt:0)
05-26 00:28:53.371  1758  4641 I vendor.qti.bluetooth@1.0-ibs_handler: ProcessIbsCmd: Received IBS_WAKE_IND: 0xFD
05-26 00:28:53.371  1758  4641 D vendor.qti.bluetooth@1.0-ibs_handler: SerialClockVote: vote for UART CLK ON
05-26 00:28:53.371  1758  4641 D vendor.qti.bluetooth@1.0-wake_lock: Acquire wakelock is acquired 
05-26 00:28:53.371  1758  4641 I vendor.qti.bluetooth@1.0-ibs_handler: ProcessIbsCmd: Writing IBS_WAKE_ACK
05-26 00:28:53.372  3992  4648 I bt_stack: [INFO:btm_ble_gap.cc(3287)] btm_ble_process_adv_pkt_cont Data Complete df:14:f0:b3:41:c6
05-26 00:28:53.373  3992  4648 I bt_stack: [INFO:btm_ble_gap.cc(3287)] btm_ble_process_adv_pkt_cont Data Complete df:14:f0:b3:41:c6
05-26 00:28:53.373  3992  4648 D bt_btm_ble: bool parse_adv_audio_uuids_from_adv_pkt(const uint8_t *, size_t, uint8_t): tmap_cap_pts: false
05-26 00:28:53.376  3992  4648 I bt_stack: [INFO:btm_ble_gap.cc(3287)] btm_ble_process_adv_pkt_cont Data Complete 22:73:07:60:09:f6
05-26 00:28:53.376  3992  4648 D bt_btm_ble: bool parse_adv_audio_uuids_from_adv_pkt(const uint8_t *, size_t, uint8_t): tmap_cap_pts: false
05-26 00:28:53.376  4774  4991 I NearbyDiscovery: (REDACTED) BloomFilterAdvManager: Detected bloom filter but too far away, ignoring. %sm, %s
05-26 00:28:53.417  1758  4641 I vendor.qti.bluetooth@1.0-ibs_handler: ProcessIbsCmd: Received IBS_SLEEP_IND: 0xFE
05-26 00:28:53.417  1758  4641 D vendor.qti.bluetooth@1.0-ibs_handler: SerialClockVote: vote for UART CLK OFF
05-26 00:28:53.551  1758  4641 I vendor.qti.bluetooth@1.0-ibs_handler: ProcessIbsCmd: Received IBS_WAKE_IND: 0xFD
05-26 00:28:53.551  1758  4641 D vendor.qti.bluetooth@1.0-ibs_handler: SerialClockVote: vote for UART CLK ON
05-26 00:28:53.551  1758  4641 I vendor.qti.bluetooth@1.0-ibs_handler: ProcessIbsCmd: Writing IBS_WAKE_ACK
05-26 00:28:53.552  3992  4648 I bt_stack: [INFO:btm_ble_gap.cc(3287)] btm_ble_process_adv_pkt_cont Data Complete df:14:f0:b3:41:c6
05-26 00:28:53.553  3992  4648 I bt_stack: [INFO:btm_ble_gap.cc(3287)] btm_ble_process_adv_pkt_cont Data Complete df:14:f0:b3:41:c6
05-26 00:28:53.553  3992  4648 D bt_btm_ble: bool parse_adv_audio_uuids_from_adv_pkt(const uint8_t *, size_t, uint8_t): tmap_cap_pts: false
05-26 00:28:53.556  4774  4991 I NearbyDiscovery: (REDACTED) BloomFilterAdvManager: Detected bloom filter but too far away, ignoring. %sm, %s
05-26 00:28:53.592  1758  4641 I vendor.qti.bluetooth@1.0-ibs_handler: ProcessIbsCmd: Received IBS_SLEEP_IND: 0xFE
05-26 00:28:53.592  1758  4641 D vendor.qti.bluetooth@1.0-ibs_handler: SerialClockVote: vote for UART CLK OFF
05-26 00:28:53.742  1758  4324 D vendor.qti.bluetooth@1.0-wake_lock: Release wakelock is released 
05-26 00:28:53.878  3077  3729 D WifiStaIfaceHidlImpl: getCachedScanData is not implemented by HIDL
05-26 00:28:53.881  3077  3077 D EnhancedConnectivityController: Wifi onCapabilitiesChanged
05-26 00:28:53.881  3077  3077 D EnhancedConnectivityController: Default net onCapabilitiesChanged
05-26 00:28:53.881  3077  3077 D EnhancedConnectivityController: updateDefaultNet:927
05-26 00:28:53.881  3077  3077 D EnhancedConnectivityController: mayUpdateNotification: shouldShow=false,UidsBlocked=false, net info=net:927,ifName=wlan0,securityType=2,isDefault=true,ssid="Airtel_Siddhanth's wifi",notificationId=0
05-26 00:28:53.883  6458  7001 I ModemStats: [DataStallDetectService] onCapabilitiesChanged networkCapabilities=[ Transports: WIFI Capabilities: NOT_METERED&INTERNET&NOT_RESTRICTED&TRUSTED&NOT_VPN&VALIDATED&NOT_ROAMING&FOREGROUND&NOT_CONGESTED&NOT_SUSPENDED&NOT_VCN_MANAGED LinkUpBandwidth>=1663Kbps LinkDnBandwidth>=37515Kbps TransportInfo: <SSID: <unknown ssid>, BSSID: 02:00:00:00:00:00, MAC: 02:00:00:00:00:00, IP: /192.168.1.7, Security type: 2, Supplicant state: COMPLETED, Wi-Fi standard: 11ac, RSSI: -61, Link speed: 468Mbps, Tx Link speed: 468Mbps, Max Supported Tx Link speed: 866Mbps, Rx Link speed: 351Mbps, Max Supported Rx Link speed: 866Mbps, Frequency: 5765MHz, Net ID: -1, Metered hint: false, score: 100, isUsable: true, CarrierMerged: false, SubscriptionId: -1, IsPrimary: -1, Trusted: true, Restricted: false, Ephemeral: false, OEM paid: false, OEM private: false, OSU AP: false, FQDN: <none>, Provider friendly name: <none>, Requesting package name: <none><none>MLO Information: , Is TID-To-Link negotiation supported by the AP: false, AP MLD Address: <none>, AP MLO Link Id: <none>, AP MLO Affiliated links: <none>, Vendor Data: <none>> SignalStrength: -61 UnderlyingNetworks: Null]
05-26 00:28:53.883  6458  7001 I ModemStats: [DataStallDetectService] onCapabilitiesChanged NET_CAPABILITY_VALIDATED=true
05-26 00:28:53.883  6458  7001 I ModemStats: [DataStallDetectService] onCapabilitiesChanged mDataStallManager.mDataStallInstance=null
05-26 00:28:53.883  6458  7001 I ModemStats: [DataStallDetectService] onCapabilitiesChanged mDataStallSmart5gManager.mDataStallInstance=null
05-26 00:28:53.883  4019  4769 D QCNEJ/NativeHalConnector: -> SND notifyDefaultNetworkChanged(1)
05-26 00:28:53.887  3077  3729 I HalDevMgr: bestIfaceCreationProposal is null, requestIface=STA, existingIface=[name=ap_br_wlan2 type=AP_BRIDGE, name=wlan0 type=STA]
05-26 00:28:53.893 12059 12099 D OtaApp  : PollingManagerService:NetworkCallback:networkCapabilities=[ Transports: WIFI Capabilities: NOT_METERED&INTERNET&NOT_RESTRICTED&TRUSTED&NOT_VPN&VALIDATED&NOT_ROAMING&FOREGROUND&NOT_CONGESTED&NOT_SUSPENDED&NOT_VCN_MANAGED LinkUpBandwidth>=1663Kbps LinkDnBandwidth>=37515Kbps TransportInfo: <SSID: <unknown ssid>, BSSID: 02:00:00:00:00:00, MAC: 02:00:00:00:00:00, IP: /192.168.1.7, Security type: 2, Supplicant state: COMPLETED, Wi-Fi standard: 11ac, RSSI: -61, Link speed: 468Mbps, Tx Link speed: 468Mbps, Max Supported Tx Link speed: 866Mbps, Rx Link speed: 351Mbps, Max Supported Rx Link speed: 866Mbps, Frequency: 5765MHz, Net ID: -1, Metered hint: false, score: 100, isUsable: true, CarrierMerged: false, SubscriptionId: -1, IsPrimary: -1, Trusted: true, Restricted: false, Ephemeral: false, OEM paid: false, OEM private: false, OSU AP: false, FQDN: <none>, Provider friendly name: <none>, Requesting package name: <none><none>MLO Information: , Is TID-To-Link negotiation supported by the AP: false, AP MLD Address: <none>, AP MLO Link Id: <none>, AP MLO Affiliated links: <none>, Vendor Data: <none>> SignalStrength: -61 UnderlyingNetworks: Null]
05-26 00:28:53.895  4774  4789 I NullBinder: NullBinder for android.net.action.RECOMMEND_NETWORKS triggering remote TransactionTooLargeException due to Service without Chimera impl, calling uid: 1000, calling pid: 0
05-26 00:28:53.895  4774  4789 W Binder  : reply too large data on java level: InterfaceDescriptor = null, code = 1
05-26 00:28:53.895  4774  4789 W .gms.persistent: Large reply transaction of 1056768 bytes, interface descriptor , code 1
05-26 00:28:54.001  4774  4774 D BoundBrokerSvc: onUnbind: Intent { act=com.google.android.gms.common.telemetry.service.START dat=chimera-action:/... cmp=com.google.android.gms/.chimera.PersistentApiService }
05-26 00:28:54.043  3931 24609 D IpClient/wlan0: interfaceLinkStateChanged: ifindex 27 up
05-26 00:28:54.105  1758  4641 I vendor.qti.bluetooth@1.0-ibs_handler: ProcessIbsCmd: Received IBS_WAKE_IND: 0xFD
05-26 00:28:54.105  1758  4641 D vendor.qti.bluetooth@1.0-ibs_handler: SerialClockVote: vote for UART CLK ON
05-26 00:28:54.105  1758  4641 D vendor.qti.bluetooth@1.0-wake_lock: Acquire wakelock is acquired 
05-26 00:28:54.105  1758  4641 I vendor.qti.bluetooth@1.0-ibs_handler: ProcessIbsCmd: Writing IBS_WAKE_ACK
05-26 00:28:54.106  3992  4648 I bt_stack: [INFO:btm_ble_gap.cc(3287)] btm_ble_process_adv_pkt_cont Data Complete df:14:f0:b3:41:c6
05-26 00:28:54.106  3992  4648 I bt_stack: [INFO:btm_ble_gap.cc(3287)] btm_ble_process_adv_pkt_cont Data Complete df:14:f0:b3:41:c6
05-26 00:28:54.106  3992  4648 I bt_stack: [INFO:btm_ble_gap.cc(3287)] btm_ble_process_adv_pkt_cont Data Complete df:14:f0:b3:41:c6
05-26 00:28:54.106  3992  4648 D bt_btm_ble: bool parse_adv_audio_uuids_from_adv_pkt(const uint8_t *, size_t, uint8_t): tmap_cap_pts: false
05-26 00:28:54.109  4774  4991 I NearbyDiscovery: (REDACTED) BloomFilterAdvManager: Detected bloom filter but too far away, ignoring. %sm, %s
05-26 00:28:54.147  1758  4641 I vendor.qti.bluetooth@1.0-ibs_handler: ProcessIbsCmd: Received IBS_SLEEP_IND: 0xFE
05-26 00:28:54.147  1758  4641 D vendor.qti.bluetooth@1.0-ibs_handler: SerialClockVote: vote for UART CLK OFF
05-26 00:28:54.277  1758  4641 I vendor.qti.bluetooth@1.0-ibs_handler: ProcessIbsCmd: Received IBS_WAKE_IND: 0xFD
05-26 00:28:54.277  1758  4641 D vendor.qti.bluetooth@1.0-ibs_handler: SerialClockVote: vote for UART CLK ON
05-26 00:28:54.278  1758  4641 I vendor.qti.bluetooth@1.0-ibs_handler: ProcessIbsCmd: Writing IBS_WAKE_ACK
05-26 00:28:54.279  3992  4648 I bt_stack: [INFO:btm_ble_gap.cc(3287)] btm_ble_process_adv_pkt_cont Data Complete df:14:f0:b3:41:c6
05-26 00:28:54.279  3992  4648 I bt_stack: [INFO:btm_ble_gap.cc(3287)] btm_ble_process_adv_pkt_cont Data Complete df:14:f0:b3:41:c6
05-26 00:28:54.279  3992  4648 D bt_btm_ble: bool parse_adv_audio_uuids_from_adv_pkt(const uint8_t *, size_t, uint8_t): tmap_cap_pts: false
05-26 00:28:54.283  4774  4991 I NearbyDiscovery: (REDACTED) BloomFilterAdvManager: Detected bloom filter but too far away, ignoring. %sm, %s
05-26 00:28:54.319  1758  4641 I vendor.qti.bluetooth@1.0-ibs_handler: ProcessIbsCmd: Received IBS_SLEEP_IND: 0xFE
05-26 00:28:54.319  1758  4641 D vendor.qti.bluetooth@1.0-ibs_handler: SerialClockVote: vote for UART CLK OFF
05-26 00:28:54.319 27259 17774 I System.out: [[Dispatchers.Default][bolt-default][debug][bolt-v2][BoltControlManager]:message[bolt clock is registered for [2000] delay]
05-26 00:28:54.319 27259 17773 I System.out: [[Dispatchers.Default.limitedParallelism(1)][bolt-manager][debug][bolt-v2][BoltControlManager]:message[bolt clock triggered, queue operations will be executed now..]
05-26 00:28:54.320 27259 17773 I System.out: [[Dispatchers.Default.limitedParallelism(1)][bolt-manager][debug][bolt-v2][BoltControlManager]:message[execution called for name [StateValidationQueueOperation and item [StateInactiveTimeQueueOperation(uniqueName=StateValidationQueueOperation, retryConfig=com.phonepe.boltV2Sdk.external.RetryConfiguration@f26430c, logger=com.phonepe.boltV2Sdk.internal.logger.core.DebugLogger@3006455, analyticManager=com.phonepe.boltV2Sdk.internal.BoltAnalyticManager@47ace6a, immediateExecute=true, queueOperationType=STATE_INACTIVE_TIME_QUEUE_OPERATION, block=Function2<com.phonepe.boltV2Sdk.internal.boltctl.queueOperations.QueueOperation, kotlin.coroutines.Continuation<? super java.lang.Boolean>, java.lang.Object>)]]
05-26 00:28:54.320 27259 17773 I System.out: [[Dispatchers.Default.limitedParallelism(1)][bolt-manager][debug][bolt-v2][StateInactiveTimeQueueOperation]:message[Queue operation with name [StateValidationQueueOperation retry started, checking for retry limits..]
05-26 00:28:54.320 27259 17773 I System.out: [[Dispatchers.Default.limitedParallelism(1)][bolt-manager][debug][bolt-v2][StateInactiveTimeQueueOperation]:message[Queue operation with name [StateValidationQueueOperation retry limits not reached, checking for waiting window before execution..]
05-26 00:28:54.320 27259 17773 I System.out: [[Dispatchers.Default.limitedParallelism(1)][bolt-manager][debug][bolt-v2][StateInactiveTimeQueueOperation]:message[Queue operation with name [StateValidationQueueOperation retry limits not reached, waiting window is completed, ready to execute in 3.2.1..]
05-26 00:28:54.320 27259 17773 I System.out: [[BlockingEventLoop@625be8][unknown][info][bolt-v2][BoltManager]:message[state validation operation running]
05-26 00:28:54.320 27259 17773 I System.out: [[Dispatchers.Default.limitedParallelism(1)][bolt-manager][debug][bolt-v2][StateInactiveTimeQueueOperation]:message[Queue operation with name [StateValidationQueueOperation] retried.]
05-26 00:28:54.320 27259 17773 I System.out: [[Dispatchers.Default.limitedParallelism(1)][bolt-manager][debug][bolt-v2][BoltControlManager]:message[execution completed for name [StateValidationQueueOperation and item [StateInactiveTimeQueueOperation(uniqueName=StateValidationQueueOperation, retryConfig=com.phonepe.boltV2Sdk.external.RetryConfiguration@f26430c, logger=com.phonepe.boltV2Sdk.internal.logger.core.DebugLogger@3006455, analyticManager=com.phonepe.boltV2Sdk.internal.BoltAnalyticManager@47ace6a, immediateExecute=true, queueOperationType=STATE_INACTIVE_TIME_QUEUE_OPERATION, block=Function2<com.phonepe.boltV2Sdk.internal.boltctl.queueOperations.QueueOperation, kotlin.coroutines.Continuation<? super java.lang.Boolean>, java.lang.Object>)], checking for GC status]
05-26 00:28:54.320 27259 17773 I System.out: [[Dispatchers.Default.limitedParallelism(1)][bolt-manager][debug][bolt-v2][BoltControlManager]:message[execution called for name [BoltCtl and item [PeriodicCheckQueueOperation(uniqueName=BoltCtl, retryConfig=com.phonepe.boltV2Sdk.external.RetryConfiguration@d7ab135, logger=com.phonepe.boltV2Sdk.internal.logger.core.DebugLogger@339c9ca, analyticManager=com.phonepe.boltV2Sdk.internal.BoltAnalyticManager@47ace6a, immediateExecute=false, queueOperationType=BOLT_PERIODIC_OPERATION, block=Function2<com.phonepe.boltV2Sdk.internal.boltctl.queueOperations.QueueOperation, kotlin.coroutines.Continuation<? super java.lang.Boolean>, java.lang.Object>)]]
05-26 00:28:54.320 27259 17773 I System.out: [[Dispatchers.Default.limitedParallelism(1)][bolt-manager][debug][bolt-v2][PeriodicCheckQueueOperation]:message[Queue operation with name [BoltCtl retry started, checking for retry limits..]
05-26 00:28:54.320 27259 17773 I System.out: [[Dispatchers.Default.limitedParallelism(1)][bolt-manager][debug][bolt-v2][PeriodicCheckQueueOperation]:message[Queue operation with name [BoltCtl retry limits not reached, checking for waiting window before execution..]
05-26 00:28:54.320 27259 17773 I System.out: [[Dispatchers.Default.limitedParallelism(1)][bolt-manager][debug][bolt-v2][PeriodicCheckQueueOperation]:message[Queue operation with name [BoltCtl retry limits not reached, waiting window is not completed, skipping the execution this time...]
05-26 00:28:54.321 27259 17773 I System.out: [[Dispatchers.Default.limitedParallelism(1)][bolt-manager][debug][bolt-v2][BoltControlManager]:message[execution completed for name [BoltCtl and item [PeriodicCheckQueueOperation(uniqueName=BoltCtl, retryConfig=com.phonepe.boltV2Sdk.external.RetryConfiguration@d7ab135, logger=com.phonepe.boltV2Sdk.internal.logger.core.DebugLogger@339c9ca, analyticManager=com.phonepe.boltV2Sdk.internal.BoltAnalyticManager@47ace6a, immediateExecute=false, queueOperationType=BOLT_PERIODIC_OPERATION, block=Function2<com.phonepe.boltV2Sdk.internal.boltctl.queueOperations.QueueOperation, kotlin.coroutines.Continuation<? super java.lang.Boolean>, java.lang.Object>)], checking for GC status]
05-26 00:28:54.396  4774  1126 I NearbySharing: Network state changed: NetworkState(isRestricted=false, isOnline=true, isCongested=false, isMetered=false, isWifiConnected=true)
05-26 00:28:54.466  1758  4641 I vendor.qti.bluetooth@1.0-ibs_handler: ProcessIbsCmd: Received IBS_WAKE_IND: 0xFD
05-26 00:28:54.467  1758  4641 D vendor.qti.bluetooth@1.0-ibs_handler: SerialClockVote: vote for UART CLK ON
05-26 00:28:54.467  1758  4641 I vendor.qti.bluetooth@1.0-ibs_handler: ProcessIbsCmd: Writing IBS_WAKE_ACK
05-26 00:28:54.468  3992  4648 I bt_stack: [INFO:btm_ble_gap.cc(3287)] btm_ble_process_adv_pkt_cont Data Complete df:14:f0:b3:41:c6
05-26 00:28:54.469  3992  4648 I bt_stack: [INFO:btm_ble_gap.cc(3287)] btm_ble_process_adv_pkt_cont Data Complete df:14:f0:b3:41:c6
05-26 00:28:54.469  3992  4648 D bt_btm_ble: bool parse_adv_audio_uuids_from_adv_pkt(const uint8_t *, size_t, uint8_t): tmap_cap_pts: false
05-26 00:28:54.472  4774  4991 I NearbyDiscovery: (REDACTED) BloomFilterAdvManager: Detected bloom filter but too far away, ignoring. %sm, %s
05-26 00:28:54.507  1758  4641 I vendor.qti.bluetooth@1.0-ibs_handler: ProcessIbsCmd: Received IBS_SLEEP_IND: 0xFE
05-26 00:28:54.507  1758  4641 D vendor.qti.bluetooth@1.0-ibs_handler: SerialClockVote: vote for UART CLK OFF
05-26 00:28:54.658  1758  4324 D vendor.qti.bluetooth@1.0-wake_lock: Release wakelock is released 
05-26 00:28:54.840  1758  4641 I vendor.qti.bluetooth@1.0-ibs_handler: ProcessIbsCmd: Received IBS_WAKE_IND: 0xFD
05-26 00:28:54.840  1758  4641 D vendor.qti.bluetooth@1.0-ibs_handler: SerialClockVote: vote for UART CLK ON
05-26 00:28:54.840  1758  4641 D vendor.qti.bluetooth@1.0-wake_lock: Acquire wakelock is acquired 
05-26 00:28:54.840  1758  4641 I vendor.qti.bluetooth@1.0-ibs_handler: ProcessIbsCmd: Writing IBS_WAKE_ACK
05-26 00:28:54.841  3992  4648 I bt_stack: [INFO:btm_ble_gap.cc(3287)] btm_ble_process_adv_pkt_cont Data Complete df:14:f0:b3:41:c6
05-26 00:28:54.841  3992  4648 I bt_stack: [INFO:btm_ble_gap.cc(3287)] btm_ble_process_adv_pkt_cont Data Complete df:14:f0:b3:41:c6
05-26 00:28:54.841  3992  4648 D bt_btm_ble: bool parse_adv_audio_uuids_from_adv_pkt(const uint8_t *, size_t, uint8_t): tmap_cap_pts: false
05-26 00:28:54.844  4774  4991 I NearbyDiscovery: (REDACTED) BloomFilterAdvManager: Detected bloom filter but too far away, ignoring. %sm, %s
05-26 00:28:54.881  1758  4641 I vendor.qti.bluetooth@1.0-ibs_handler: ProcessIbsCmd: Received IBS_SLEEP_IND: 0xFE
05-26 00:28:54.881  1758  4641 D vendor.qti.bluetooth@1.0-ibs_handler: SerialClockVote: vote for UART CLK OFF
05-26 00:28:54.913  2889  4693 D ProfileInstaller: Skipping profile installation for com.earlysalary.android
05-26 00:28:55.012  1758  4641 I vendor.qti.bluetooth@1.0-ibs_handler: ProcessIbsCmd: Received IBS_WAKE_IND: 0xFD
05-26 00:28:55.012  1758  4641 D vendor.qti.bluetooth@1.0-ibs_handler: SerialClockVote: vote for UART CLK ON
05-26 00:28:55.012  1758  4641 I vendor.qti.bluetooth@1.0-ibs_handler: ProcessIbsCmd: Writing IBS_WAKE_ACK
05-26 00:28:55.013  3992  4648 I bt_stack: [INFO:btm_ble_gap.cc(3287)] btm_ble_process_adv_pkt_cont Data Complete df:14:f0:b3:41:c6
05-26 00:28:55.013  3992  4648 I bt_stack: [INFO:btm_ble_gap.cc(3287)] btm_ble_process_adv_pkt_cont Data Complete df:14:f0:b3:41:c6
05-26 00:28:55.013  3992  4648 D bt_btm_ble: bool parse_adv_audio_uuids_from_adv_pkt(const uint8_t *, size_t, uint8_t): tmap_cap_pts: false
05-26 00:28:55.015  4774  4991 I NearbyDiscovery: (REDACTED) BloomFilterAdvManager: Detected bloom filter but too far away, ignoring. %sm, %s
05-26 00:28:55.052  1758  4641 I vendor.qti.bluetooth@1.0-ibs_handler: ProcessIbsCmd: Received IBS_SLEEP_IND: 0xFE
05-26 00:28:55.052  1758  4641 D vendor.qti.bluetooth@1.0-ibs_handler: SerialClockVote: vote for UART CLK OFF
05-26 00:28:55.203  1758  4324 D vendor.qti.bluetooth@1.0-wake_lock: Release wakelock is released 
05-26 00:28:55.536  1758  4641 I vendor.qti.bluetooth@1.0-ibs_handler: ProcessIbsCmd: Received IBS_WAKE_IND: 0xFD
05-26 00:28:55.536  1758  4641 D vendor.qti.bluetooth@1.0-ibs_handler: SerialClockVote: vote for UART CLK ON
05-26 00:28:55.536  1758  4641 D vendor.qti.bluetooth@1.0-wake_lock: Acquire wakelock is acquired 
05-26 00:28:55.536  1758  4641 I vendor.qti.bluetooth@1.0-ibs_handler: ProcessIbsCmd: Writing IBS_WAKE_ACK
05-26 00:28:55.537  3992  4648 I bt_stack: [INFO:btm_ble_gap.cc(3287)] btm_ble_process_adv_pkt_cont Data Complete 22:73:07:60:09:f6
05-26 00:28:55.537  3992  4648 D bt_btm_ble: bool parse_adv_audio_uuids_from_adv_pkt(const uint8_t *, size_t, uint8_t): tmap_cap_pts: false
05-26 00:28:55.577  1758  4641 I vendor.qti.bluetooth@1.0-ibs_handler: ProcessIbsCmd: Received IBS_SLEEP_IND: 0xFE
05-26 00:28:55.577  1758  4641 D vendor.qti.bluetooth@1.0-ibs_handler: SerialClockVote: vote for UART CLK OFF
05-26 00:28:55.727  1758  4324 D vendor.qti.bluetooth@1.0-wake_lock: Release wakelock is released 
05-26 00:28:55.847  7284  7369 I BatchCreator: enqueueBatchForTransmission
05-26 00:28:55.856  7284  7369 I StorageManager: addBatch to BoundedBatchQueue, then write to disk file...
05-26 00:28:56.069  1758  4641 I vendor.qti.bluetooth@1.0-ibs_handler: ProcessIbsCmd: Received IBS_WAKE_IND: 0xFD
05-26 00:28:56.069  1758  4641 D vendor.qti.bluetooth@1.0-ibs_handler: SerialClockVote: vote for UART CLK ON
05-26 00:28:56.069  1758  4641 D vendor.qti.bluetooth@1.0-wake_lock: Acquire wakelock is acquired 
05-26 00:28:56.069  1758  4641 I vendor.qti.bluetooth@1.0-ibs_handler: ProcessIbsCmd: Writing IBS_WAKE_ACK
05-26 00:28:56.071  3992  4648 I bt_stack: [INFO:btm_ble_gap.cc(3287)] btm_ble_process_adv_pkt_cont Data Complete 22:73:07:60:09:f6
05-26 00:28:56.071  3992  4648 D bt_btm_ble: bool parse_adv_audio_uuids_from_adv_pkt(const uint8_t *, size_t, uint8_t): tmap_cap_pts: false
05-26 00:28:56.111  1758  4641 I vendor.qti.bluetooth@1.0-ibs_handler: ProcessIbsCmd: Received IBS_SLEEP_IND: 0xFE
05-26 00:28:56.111  1758  4641 D vendor.qti.bluetooth@1.0-ibs_handler: SerialClockVote: vote for UART CLK OFF
05-26 00:28:56.261  1758  4324 D vendor.qti.bluetooth@1.0-wake_lock: Release wakelock is released 
05-26 00:28:56.320 27259 17774 I System.out: [[Dispatchers.Default.limitedParallelism(1)][bolt-manager][debug][bolt-v2][BoltControlManager]:message[bolt clock triggered, queue operations will be executed now..]
05-26 00:28:56.320 27259  5786 I System.out: [[Dispatchers.Default][bolt-default][debug][bolt-v2][BoltControlManager]:message[bolt clock is registered for [2000] delay]
05-26 00:28:56.321 27259 17774 I System.out: [[Dispatchers.Default.limitedParallelism(1)][bolt-manager][debug][bolt-v2][BoltControlManager]:message[execution called for name [StateValidationQueueOperation and item [StateInactiveTimeQueueOperation(uniqueName=StateValidationQueueOperation, retryConfig=com.phonepe.boltV2Sdk.external.RetryConfiguration@f26430c, logger=com.phonepe.boltV2Sdk.internal.logger.core.DebugLogger@3006455, analyticManager=com.phonepe.boltV2Sdk.internal.BoltAnalyticManager@47ace6a, immediateExecute=true, queueOperationType=STATE_INACTIVE_TIME_QUEUE_OPERATION, block=Function2<com.phonepe.boltV2Sdk.internal.boltctl.queueOperations.QueueOperation, kotlin.coroutines.Continuation<? super java.lang.Boolean>, java.lang.Object>)]]
05-26 00:28:56.321 27259 17774 I System.out: [[Dispatchers.Default.limitedParallelism(1)][bolt-manager][debug][bolt-v2][StateInactiveTimeQueueOperation]:message[Queue operation with name [StateValidationQueueOperation retry started, checking for retry limits..]
05-26 00:28:56.321 27259 17774 I System.out: [[Dispatchers.Default.limitedParallelism(1)][bolt-manager][debug][bolt-v2][StateInactiveTimeQueueOperation]:message[Queue operation with name [StateValidationQueueOperation retry limits not reached, checking for waiting window before execution..]
05-26 00:28:56.321 27259 17774 I System.out: [[Dispatchers.Default.limitedParallelism(1)][bolt-manager][debug][bolt-v2][StateInactiveTimeQueueOperation]:message[Queue operation with name [StateValidationQueueOperation retry limits not reached, waiting window is completed, ready to execute in 3.2.1..]
05-26 00:28:56.321 27259 17774 I System.out: [[BlockingEventLoop@f520201][unknown][info][bolt-v2][BoltManager]:message[state validation operation running]
