05-26 00:00:58.043 31943 31943 W getprop : type=1400 audit(0.0:446113): avc:  denied  { read } for  name="u:object_r:system_adbd_prop:s0" dev="tmpfs" ino=343 scontext=u:r:untrusted_app:s0:c208,c257,c512,c768 tcontext=u:object_r:system_adbd_prop:s0 tclass=file permissive=0 app=com.phonepe.app
05-26 00:00:58.125  1758  4324 D vendor.qti.bluetooth@1.0-wake_lock: Release wakelock is released 
05-26 00:00:58.327  1758  4641 I vendor.qti.bluetooth@1.0-ibs_handler: ProcessIbsCmd: Received IBS_WAKE_IND: 0xFD
05-26 00:00:58.327  1758  4641 D vendor.qti.bluetooth@1.0-ibs_handler: SerialClockVote: vote for UART CLK ON
05-26 00:00:58.328  1758  4641 D vendor.qti.bluetooth@1.0-wake_lock: Acquire wakelock is acquired 
05-26 00:00:58.328  1758  4641 I vendor.qti.bluetooth@1.0-ibs_handler: ProcessIbsCmd: Writing IBS_WAKE_ACK
05-26 00:00:58.330  3992  4648 I bt_stack: [INFO:btm_ble_gap.cc(3287)] btm_ble_process_adv_pkt_cont Data Complete f7:60:f0:b3:41:c6
05-26 00:00:58.330  3992  4648 I bt_stack: [INFO:btm_ble_gap.cc(3287)] btm_ble_process_adv_pkt_cont Data Complete f7:60:f0:b3:41:c6
05-26 00:00:58.330  3992  4648 D bt_btm_ble: bool parse_adv_audio_uuids_from_adv_pkt(const uint8_t *, size_t, uint8_t): tmap_cap_pts: false
05-26 00:00:58.337  4774  4991 I NearbyDiscovery: (REDACTED) BloomFilterAdvManager: Detected bloom filter but too far away, ignoring. %sm, %s
05-26 00:00:58.337  4774 31287 I NearbyDiscovery: (REDACTED) loadFastPairModule: checkFeaturesAreAvailable:%d
05-26 00:00:58.338  4774 31287 I NearbyDiscovery: loadFastPairModule: FastPair module is downloaded. [CONTEXT service_id=265 ]
05-26 00:00:58.370  1758  4641 I vendor.qti.bluetooth@1.0-ibs_handler: ProcessIbsCmd: Received IBS_SLEEP_IND: 0xFE
05-26 00:00:58.370  1758  4641 D vendor.qti.bluetooth@1.0-ibs_handler: SerialClockVote: vote for UART CLK OFF
05-26 00:00:58.502  1758  4641 I vendor.qti.bluetooth@1.0-ibs_handler: ProcessIbsCmd: Received IBS_WAKE_IND: 0xFD
05-26 00:00:58.502  1758  4641 D vendor.qti.bluetooth@1.0-ibs_handler: SerialClockVote: vote for UART CLK ON
05-26 00:00:58.502  1758  4641 I vendor.qti.bluetooth@1.0-ibs_handler: ProcessIbsCmd: Writing IBS_WAKE_ACK
05-26 00:00:58.504  3992  4648 I bt_stack: [INFO:btm_ble_gap.cc(3287)] btm_ble_process_adv_pkt_cont Data Complete f7:60:f0:b3:41:c6
05-26 00:00:58.504  3992  4648 I bt_stack: [INFO:btm_ble_gap.cc(3287)] btm_ble_process_adv_pkt_cont Data Complete f7:60:f0:b3:41:c6
05-26 00:00:58.504  3992  4648 D bt_btm_ble: bool parse_adv_audio_uuids_from_adv_pkt(const uint8_t *, size_t, uint8_t): tmap_cap_pts: false
05-26 00:00:58.508  4774  4991 I NearbyDiscovery: (REDACTED) BloomFilterAdvManager: Detected bloom filter but too far away, ignoring. %sm, %s
05-26 00:00:58.543  1758  4641 I vendor.qti.bluetooth@1.0-ibs_handler: ProcessIbsCmd: Received IBS_SLEEP_IND: 0xFE
05-26 00:00:58.543  1758  4641 D vendor.qti.bluetooth@1.0-ibs_handler: SerialClockVote: vote for UART CLK OFF
05-26 00:00:58.558  4774 19839 I NearbyMediums: Found Fast Ble Advertisements :
05-26 00:00:58.558  4774 19839 I NearbyMediums: BleAdvertisement { version=2, socketVersion=2, isFast=true, serviceIdHash=null, data=[ 0x23 0x36 0x4e 0x56 0x34 0x11 0x32 0xf9 0x8b 0x34 0x85 0x2c 0x2b 0xa7 0x40 0x1c 0x8c 0x97 0xbb 0x0c 0x48 0x06 0x2f ], deviceToken=[ 0xe4 0xb8 ], rxAdvertisement=null } : 16 times.
05-26 00:00:58.558  4774 19839 I NearbyMediums: Total 16 fast advertisements from 1 unique advertisers.
05-26 00:00:58.558  4774 19839 I NearbyMediums: Current Tracked Scanning Clients are : {NearbyConnections.EnvironmentMonitor, NearbySharing, NearbyConnections.TxAdvertisement}
05-26 00:00:58.565  3077  3729 D WifiStaIfaceHidlImpl: getCachedScanData is not implemented by HIDL
05-26 00:00:58.568  3077  3077 D EnhancedConnectivityController: Wifi onCapabilitiesChanged
05-26 00:00:58.568  3077  3077 D EnhancedConnectivityController: Default net onCapabilitiesChanged
05-26 00:00:58.568  3077  3077 D EnhancedConnectivityController: updateDefaultNet:927
05-26 00:00:58.568  3077  3077 D EnhancedConnectivityController: mayUpdateNotification: shouldShow=false,UidsBlocked=false, net info=net:927,ifName=wlan0,securityType=2,isDefault=true,ssid="Airtel_Siddhanth's wifi",notificationId=0
05-26 00:00:58.569  4019  4769 D QCNEJ/NativeHalConnector: -> SND notifyDefaultNetworkChanged(1)
05-26 00:00:58.570  6458  7001 I ModemStats: [DataStallDetectService] onCapabilitiesChanged networkCapabilities=[ Transports: WIFI Capabilities: NOT_METERED&INTERNET&NOT_RESTRICTED&TRUSTED&NOT_VPN&VALIDATED&NOT_ROAMING&FOREGROUND&NOT_CONGESTED&NOT_SUSPENDED&NOT_VCN_MANAGED LinkUpBandwidth>=1663Kbps LinkDnBandwidth>=37515Kbps TransportInfo: <SSID: <unknown ssid>, BSSID: 02:00:00:00:00:00, MAC: 02:00:00:00:00:00, IP: /192.168.1.7, Security type: 2, Supplicant state: COMPLETED, Wi-Fi standard: 11ac, RSSI: -62, Link speed: 234Mbps, Tx Link speed: 234Mbps, Max Supported Tx Link speed: 866Mbps, Rx Link speed: 6Mbps, Max Supported Rx Link speed: 866Mbps, Frequency: 5765MHz, Net ID: -1, Metered hint: false, score: 100, isUsable: true, CarrierMerged: false, SubscriptionId: -1, IsPrimary: -1, Trusted: true, Restricted: false, Ephemeral: false, OEM paid: false, OEM private: false, OSU AP: false, FQDN: <none>, Provider friendly name: <none>, Requesting package name: <none><none>MLO Information: , Is TID-To-Link negotiation supported by the AP: false, AP MLD Address: <none>, AP MLO Link Id: <none>, AP MLO Affiliated links: <none>, Vendor Data: <none>> SignalStrength: -62 UnderlyingNetworks: Null]
05-26 00:00:58.570  6458  7001 I ModemStats: [DataStallDetectService] onCapabilitiesChanged NET_CAPABILITY_VALIDATED=true
05-26 00:00:58.570  6458  7001 I ModemStats: [DataStallDetectService] onCapabilitiesChanged mDataStallManager.mDataStallInstance=null
05-26 00:00:58.570  6458  7001 I ModemStats: [DataStallDetectService] onCapabilitiesChanged mDataStallSmart5gManager.mDataStallInstance=null
05-26 00:00:58.576  3077  3729 I HalDevMgr: bestIfaceCreationProposal is null, requestIface=STA, existingIface=[name=ap_br_wlan2 type=AP_BRIDGE, name=wlan0 type=STA]
05-26 00:00:58.579  4774  5521 I NullBinder: NullBinder for android.net.action.RECOMMEND_NETWORKS triggering remote TransactionTooLargeException due to Service without Chimera impl, calling uid: 1000, calling pid: 0
05-26 00:00:58.579  4774  5521 W Binder  : reply too large data on java level: InterfaceDescriptor = null, code = 1
05-26 00:00:58.579  4774  5521 W .gms.persistent: Large reply transaction of 1056768 bytes, interface descriptor , code 1
05-26 00:00:58.681  1758  4641 I vendor.qti.bluetooth@1.0-ibs_handler: ProcessIbsCmd: Received IBS_WAKE_IND: 0xFD
05-26 00:00:58.681  1758  4641 D vendor.qti.bluetooth@1.0-ibs_handler: SerialClockVote: vote for UART CLK ON
05-26 00:00:58.681  1758  4641 I vendor.qti.bluetooth@1.0-ibs_handler: ProcessIbsCmd: Writing IBS_WAKE_ACK
05-26 00:00:58.683  3992  4648 I bt_stack: [INFO:btm_ble_gap.cc(3287)] btm_ble_process_adv_pkt_cont Data Complete f7:60:f0:b3:41:c6
05-26 00:00:58.683  3992  4648 I bt_stack: [INFO:btm_ble_gap.cc(3287)] btm_ble_process_adv_pkt_cont Data Complete f7:60:f0:b3:41:c6
05-26 00:00:58.683  3992  4648 D bt_btm_ble: bool parse_adv_audio_uuids_from_adv_pkt(const uint8_t *, size_t, uint8_t): tmap_cap_pts: false
05-26 00:00:58.689  4774  4991 I NearbyDiscovery: (REDACTED) BloomFilterAdvManager: Detected bloom filter but too far away, ignoring. %sm, %s
05-26 00:00:58.724  1758  4641 I vendor.qti.bluetooth@1.0-ibs_handler: ProcessIbsCmd: Received IBS_SLEEP_IND: 0xFE
05-26 00:00:58.724  1758  4641 D vendor.qti.bluetooth@1.0-ibs_handler: SerialClockVote: vote for UART CLK OFF
05-26 00:00:58.867  1758  4641 I vendor.qti.bluetooth@1.0-ibs_handler: ProcessIbsCmd: Received IBS_WAKE_IND: 0xFD
05-26 00:00:58.867  1758  4641 D vendor.qti.bluetooth@1.0-ibs_handler: SerialClockVote: vote for UART CLK ON
05-26 00:00:58.867  1758  4641 I vendor.qti.bluetooth@1.0-ibs_handler: ProcessIbsCmd: Writing IBS_WAKE_ACK
05-26 00:00:58.869  3992  4648 I bt_stack: [INFO:btm_ble_gap.cc(3287)] btm_ble_process_adv_pkt_cont Data Complete f7:60:f0:b3:41:c6
05-26 00:00:58.869  3992  4648 I bt_stack: [INFO:btm_ble_gap.cc(3287)] btm_ble_process_adv_pkt_cont Data Complete f7:60:f0:b3:41:c6
05-26 00:00:58.869  3992  4648 D bt_btm_ble: bool parse_adv_audio_uuids_from_adv_pkt(const uint8_t *, size_t, uint8_t): tmap_cap_pts: false
05-26 00:00:58.875  4774  4991 I NearbyDiscovery: (REDACTED) BloomFilterAdvManager: Detected bloom filter but too far away, ignoring. %sm, %s
05-26 00:00:58.880 27259 17774 I System.out: [[Dispatchers.Default][bolt-default][debug][bolt-v2][BoltControlManager]:message[bolt clock is registered for [2000] delay]
05-26 00:00:58.880 27259  5787 I System.out: [[Dispatchers.Default.limitedParallelism(1)][bolt-manager][debug][bolt-v2][BoltControlManager]:message[bolt clock triggered, queue operations will be executed now..]
05-26 00:00:58.881 27259  5787 I System.out: [[Dispatchers.Default.limitedParallelism(1)][bolt-manager][debug][bolt-v2][BoltControlManager]:message[execution called for name [StateValidationQueueOperation and item [StateInactiveTimeQueueOperation(uniqueName=StateValidationQueueOperation, retryConfig=com.phonepe.boltV2Sdk.external.RetryConfiguration@f26430c, logger=com.phonepe.boltV2Sdk.internal.logger.core.DebugLogger@3006455, analyticManager=com.phonepe.boltV2Sdk.internal.BoltAnalyticManager@47ace6a, immediateExecute=true, queueOperationType=STATE_INACTIVE_TIME_QUEUE_OPERATION, block=Function2<com.phonepe.boltV2Sdk.internal.boltctl.queueOperations.QueueOperation, kotlin.coroutines.Continuation<? super java.lang.Boolean>, java.lang.Object>)]]
05-26 00:00:58.881 27259  5787 I System.out: [[Dispatchers.Default.limitedParallelism(1)][bolt-manager][debug][bolt-v2][StateInactiveTimeQueueOperation]:message[Queue operation with name [StateValidationQueueOperation retry started, checking for retry limits..]
05-26 00:00:58.881 27259  5787 I System.out: [[Dispatchers.Default.limitedParallelism(1)][bolt-manager][debug][bolt-v2][StateInactiveTimeQueueOperation]:message[Queue operation with name [StateValidationQueueOperation retry limits not reached, checking for waiting window before execution..]
05-26 00:00:58.881 27259  5787 I System.out: [[Dispatchers.Default.limitedParallelism(1)][bolt-manager][debug][bolt-v2][StateInactiveTimeQueueOperation]:message[Queue operation with name [StateValidationQueueOperation retry limits not reached, waiting window is completed, ready to execute in 3.2.1..]
05-26 00:00:58.881 27259  5787 I System.out: [[BlockingEventLoop@baf57e5][unknown][info][bolt-v2][BoltManager]:message[state validation operation running]
05-26 00:00:58.882 27259  5787 I System.out: [[Dispatchers.Default.limitedParallelism(1)][bolt-manager][debug][bolt-v2][StateInactiveTimeQueueOperation]:message[Queue operation with name [StateValidationQueueOperation] retried.]
05-26 00:00:58.882 27259  5787 I System.out: [[Dispatchers.Default.limitedParallelism(1)][bolt-manager][debug][bolt-v2][BoltControlManager]:message[execution completed for name [StateValidationQueueOperation and item [StateInactiveTimeQueueOperation(uniqueName=StateValidationQueueOperation, retryConfig=com.phonepe.boltV2Sdk.external.RetryConfiguration@f26430c, logger=com.phonepe.boltV2Sdk.internal.logger.core.DebugLogger@3006455, analyticManager=com.phonepe.boltV2Sdk.internal.BoltAnalyticManager@47ace6a, immediateExecute=true, queueOperationType=STATE_INACTIVE_TIME_QUEUE_OPERATION, block=Function2<com.phonepe.boltV2Sdk.internal.boltctl.queueOperations.QueueOperation, kotlin.coroutines.Continuation<? super java.lang.Boolean>, java.lang.Object>)], checking for GC status]
05-26 00:00:58.882 27259  5787 I System.out: [[Dispatchers.Default.limitedParallelism(1)][bolt-manager][debug][bolt-v2][BoltControlManager]:message[execution called for name [BoltCtl and item [PeriodicCheckQueueOperation(uniqueName=BoltCtl, retryConfig=com.phonepe.boltV2Sdk.external.RetryConfiguration@d7ab135, logger=com.phonepe.boltV2Sdk.internal.logger.core.DebugLogger@339c9ca, analyticManager=com.phonepe.boltV2Sdk.internal.BoltAnalyticManager@47ace6a, immediateExecute=false, queueOperationType=BOLT_PERIODIC_OPERATION, block=Function2<com.phonepe.boltV2Sdk.internal.boltctl.queueOperations.QueueOperation, kotlin.coroutines.Continuation<? super java.lang.Boolean>, java.lang.Object>)]]
05-26 00:00:58.882 27259  5787 I System.out: [[Dispatchers.Default.limitedParallelism(1)][bolt-manager][debug][bolt-v2][PeriodicCheckQueueOperation]:message[Queue operation with name [BoltCtl retry started, checking for retry limits..]
05-26 00:00:58.882 27259  5787 I System.out: [[Dispatchers.Default.limitedParallelism(1)][bolt-manager][debug][bolt-v2][PeriodicCheckQueueOperation]:message[Queue operation with name [BoltCtl retry limits not reached, checking for waiting window before execution..]
05-26 00:00:58.882 27259  5787 I System.out: [[Dispatchers.Default.limitedParallelism(1)][bolt-manager][debug][bolt-v2][PeriodicCheckQueueOperation]:message[Queue operation with name [BoltCtl retry limits not reached, waiting window is not completed, skipping the execution this time...]
05-26 00:00:58.882 27259  5787 I System.out: [[Dispatchers.Default.limitedParallelism(1)][bolt-manager][debug][bolt-v2][BoltControlManager]:message[execution completed for name [BoltCtl and item [PeriodicCheckQueueOperation(uniqueName=BoltCtl, retryConfig=com.phonepe.boltV2Sdk.external.RetryConfiguration@d7ab135, logger=com.phonepe.boltV2Sdk.internal.logger.core.DebugLogger@339c9ca, analyticManager=com.phonepe.boltV2Sdk.internal.BoltAnalyticManager@47ace6a, immediateExecute=false, queueOperationType=BOLT_PERIODIC_OPERATION, block=Function2<com.phonepe.boltV2Sdk.internal.boltctl.queueOperations.QueueOperation, kotlin.coroutines.Continuation<? super java.lang.Boolean>, java.lang.Object>)], checking for GC status]
05-26 00:00:58.910  1758  4641 I vendor.qti.bluetooth@1.0-ibs_handler: ProcessIbsCmd: Received IBS_SLEEP_IND: 0xFE
05-26 00:00:58.910  1758  4641 D vendor.qti.bluetooth@1.0-ibs_handler: SerialClockVote: vote for UART CLK OFF
05-26 00:00:59.002  1758  4641 I vendor.qti.bluetooth@1.0-ibs_handler: ProcessIbsCmd: Received IBS_WAKE_IND: 0xFD
05-26 00:00:59.002  1758  4641 D vendor.qti.bluetooth@1.0-ibs_handler: SerialClockVote: vote for UART CLK ON
05-26 00:00:59.002  1758  4641 I vendor.qti.bluetooth@1.0-ibs_handler: ProcessIbsCmd: Writing IBS_WAKE_ACK
05-26 00:00:59.003  3992  4648 I bt_stack: [INFO:btm_ble_gap.cc(3287)] btm_ble_process_adv_pkt_cont Data Complete 10:60:60:63:f5:e3
05-26 00:00:59.004  3992  4648 D bt_btm_ble: bool parse_adv_audio_uuids_from_adv_pkt(const uint8_t *, size_t, uint8_t): tmap_cap_pts: false
05-26 00:00:59.043  1758  4641 I vendor.qti.bluetooth@1.0-ibs_handler: ProcessIbsCmd: Received IBS_SLEEP_IND: 0xFE
05-26 00:00:59.043  1758  4641 D vendor.qti.bluetooth@1.0-ibs_handler: SerialClockVote: vote for UART CLK OFF
05-26 00:00:59.077  4774 19839 I NearbySharing: Network state changed: NetworkState(isRestricted=false, isOnline=true, isCongested=false, isMetered=false, isWifiConnected=true)
05-26 00:00:59.193  1758  4324 D vendor.qti.bluetooth@1.0-wake_lock: Release wakelock is released 
05-26 00:00:59.427 31963 31963 W getenforce: type=1400 audit(0.0:446114): avc:  denied  { read } for  name="enforce" dev="selinuxfs" ino=4 scontext=u:r:untrusted_app:s0:c208,c257,c512,c768 tcontext=u:object_r:selinuxfs:s0 tclass=file permissive=0 app=com.phonepe.app
05-26 00:00:59.427 27259 27259 W Thread-2736: type=1400 audit(0.0:446115): avc:  denied  { read } for  name="enforce" dev="selinuxfs" ino=4 scontext=u:r:untrusted_app:s0:c208,c257,c512,c768 tcontext=u:object_r:selinuxfs:s0 tclass=file permissive=0 app=com.phonepe.app
05-26 00:00:59.427 27259 27259 W Thread-2736: type=1400 audit(0.0:446116): avc:  denied  { read } for  name="cache" dev="dm-8" ino=16 scontext=u:r:untrusted_app:s0:c208,c257,c512,c768 tcontext=u:object_r:cache_file:s0 tclass=lnk_file permissive=0 app=com.phonepe.app
05-26 00:00:59.427 27259 27259 W Thread-2736: type=1400 audit(0.0:446117): avc:  denied  { read } for  name="cache" dev="dm-8" ino=16 scontext=u:r:untrusted_app:s0:c208,c257,c512,c768 tcontext=u:object_r:cache_file:s0 tclass=lnk_file permissive=0 app=com.phonepe.app
05-26 00:00:59.494  1758  4641 I vendor.qti.bluetooth@1.0-ibs_handler: ProcessIbsCmd: Received IBS_WAKE_IND: 0xFD
05-26 00:00:59.495  1758  4641 D vendor.qti.bluetooth@1.0-ibs_handler: SerialClockVote: vote for UART CLK ON
05-26 00:00:59.495  1758  4641 D vendor.qti.bluetooth@1.0-wake_lock: Acquire wakelock is acquired 
05-26 00:00:59.495  1758  4641 I vendor.qti.bluetooth@1.0-ibs_handler: ProcessIbsCmd: Writing IBS_WAKE_ACK
05-26 00:00:59.496  3992  4648 I bt_stack: [INFO:btm_ble_gap.cc(3287)] btm_ble_process_adv_pkt_cont Data Complete f7:60:f0:b3:41:c6
05-26 00:00:59.536  1758  4641 I vendor.qti.bluetooth@1.0-ibs_handler: ProcessIbsCmd: Received IBS_SLEEP_IND: 0xFE
05-26 00:00:59.536  1758  4641 D vendor.qti.bluetooth@1.0-ibs_handler: SerialClockVote: vote for UART CLK OFF
05-26 00:00:59.544  1758  4641 I vendor.qti.bluetooth@1.0-ibs_handler: ProcessIbsCmd: Received IBS_WAKE_IND: 0xFD
05-26 00:00:59.544  1758  4641 D vendor.qti.bluetooth@1.0-ibs_handler: SerialClockVote: vote for UART CLK ON
05-26 00:00:59.544  1758  4641 I vendor.qti.bluetooth@1.0-ibs_handler: ProcessIbsCmd: Writing IBS_WAKE_ACK
05-26 00:00:59.545  3992  4648 I bt_stack: [INFO:btm_ble_gap.cc(3287)] btm_ble_process_adv_pkt_cont Data Complete 10:60:60:63:f5:e3
05-26 00:00:59.545  3992  4648 D bt_btm_ble: bool parse_adv_audio_uuids_from_adv_pkt(const uint8_t *, size_t, uint8_t): tmap_cap_pts: false
05-26 00:00:59.585  1758  4641 I vendor.qti.bluetooth@1.0-ibs_handler: ProcessIbsCmd: Received IBS_SLEEP_IND: 0xFE
05-26 00:00:59.585  1758  4641 D vendor.qti.bluetooth@1.0-ibs_handler: SerialClockVote: vote for UART CLK OFF
05-26 00:00:59.604  1758  4641 I vendor.qti.bluetooth@1.0-ibs_handler: ProcessIbsCmd: Received IBS_WAKE_IND: 0xFD
05-26 00:00:59.604  1758  4641 D vendor.qti.bluetooth@1.0-ibs_handler: SerialClockVote: vote for UART CLK ON
05-26 00:00:59.604  1758  4641 I vendor.qti.bluetooth@1.0-ibs_handler: ProcessIbsCmd: Writing IBS_WAKE_ACK
05-26 00:00:59.605  3992  4648 I bt_stack: [INFO:btm_ble_gap.cc(3287)] btm_ble_process_adv_pkt_cont Data Complete f7:60:f0:b3:41:c6
05-26 00:00:59.644  1758  4641 I vendor.qti.bluetooth@1.0-ibs_handler: ProcessIbsCmd: Received IBS_SLEEP_IND: 0xFE
05-26 00:00:59.644  1758  4641 D vendor.qti.bluetooth@1.0-ibs_handler: SerialClockVote: vote for UART CLK OFF
05-26 00:00:59.777  1758  4641 I vendor.qti.bluetooth@1.0-ibs_handler: ProcessIbsCmd: Received IBS_WAKE_IND: 0xFD
05-26 00:00:59.777  1758  4641 D vendor.qti.bluetooth@1.0-ibs_handler: SerialClockVote: vote for UART CLK ON
05-26 00:00:59.777  1758  4641 I vendor.qti.bluetooth@1.0-ibs_handler: ProcessIbsCmd: Writing IBS_WAKE_ACK
05-26 00:00:59.778  3992  4648 I bt_stack: [INFO:btm_ble_gap.cc(3287)] btm_ble_process_adv_pkt_cont Data Complete f7:60:f0:b3:41:c6
05-26 00:00:59.778  3992  4648 I bt_stack: [INFO:btm_ble_gap.cc(3287)] btm_ble_process_adv_pkt_cont Data Complete f7:60:f0:b3:41:c6
05-26 00:00:59.778  3992  4648 D bt_btm_ble: bool parse_adv_audio_uuids_from_adv_pkt(const uint8_t *, size_t, uint8_t): tmap_cap_pts: false
05-26 00:00:59.781  4774  4991 I NearbyDiscovery: (REDACTED) BloomFilterAdvManager: Detected bloom filter but too far away, ignoring. %sm, %s
05-26 00:00:59.814  3992  4648 I bt_stack: [INFO:btm_ble_gap.cc(3287)] btm_ble_process_adv_pkt_cont Data Complete 10:60:60:63:f5:e3
05-26 00:00:59.814  3992  4648 D bt_btm_ble: bool parse_adv_audio_uuids_from_adv_pkt(const uint8_t *, size_t, uint8_t): tmap_cap_pts: false
05-26 00:00:59.854  1758  4641 I vendor.qti.bluetooth@1.0-ibs_handler: ProcessIbsCmd: Received IBS_SLEEP_IND: 0xFE
05-26 00:00:59.854  1758  4641 D vendor.qti.bluetooth@1.0-ibs_handler: SerialClockVote: vote for UART CLK OFF
05-26 00:00:59.960  1758  4641 I vendor.qti.bluetooth@1.0-ibs_handler: ProcessIbsCmd: Received IBS_WAKE_IND: 0xFD
05-26 00:00:59.960  1758  4641 D vendor.qti.bluetooth@1.0-ibs_handler: SerialClockVote: vote for UART CLK ON
05-26 00:00:59.960  1758  4641 I vendor.qti.bluetooth@1.0-ibs_handler: ProcessIbsCmd: Writing IBS_WAKE_ACK
05-26 00:00:59.961  3992  4648 I bt_stack: [INFO:btm_ble_gap.cc(3287)] btm_ble_process_adv_pkt_cont Data Complete f7:60:f0:b3:41:c6
05-26 00:01:00.001  1758  4641 I vendor.qti.bluetooth@1.0-ibs_handler: ProcessIbsCmd: Received IBS_SLEEP_IND: 0xFE
05-26 00:01:00.001  1758  4641 D vendor.qti.bluetooth@1.0-ibs_handler: SerialClockVote: vote for UART CLK OFF
05-26 00:01:00.004  3077  3512 D PowerManagerService: nativeAcquireSuspendBlocker name:PowerManagerService.WakeLocks duration ms: 3
05-26 00:01:00.005  3077  3077 D PowerManagerService: nativeReleaseSuspendBlocker name:PowerManagerService.WakeLocks duration ms: 1
05-26 00:01:00.015  7709  7709 I FolioManager: Doze enabled: true
05-26 00:01:00.015  7709  7709 D FolioManager: Use SystemUI folio UI.  isAodComponentEmpty: true  isADEnabled: true
05-26 00:01:00.015  7709  7709 D FolioManager: updateTime
05-26 00:01:00.078  1758  4641 I vendor.qti.bluetooth@1.0-ibs_handler: ProcessIbsCmd: Received IBS_WAKE_IND: 0xFD
05-26 00:01:00.078  1758  4641 D vendor.qti.bluetooth@1.0-ibs_handler: SerialClockVote: vote for UART CLK ON
05-26 00:01:00.078  1758  4641 I vendor.qti.bluetooth@1.0-ibs_handler: ProcessIbsCmd: Writing IBS_WAKE_ACK
05-26 00:01:00.079  3992  4648 I bt_stack: [INFO:btm_ble_gap.cc(3287)] btm_ble_process_adv_pkt_cont Data Complete 10:60:60:63:f5:e3
05-26 00:01:00.079  3992  4648 D bt_btm_ble: bool parse_adv_audio_uuids_from_adv_pkt(const uint8_t *, size_t, uint8_t): tmap_cap_pts: false
05-26 00:01:00.119  1758  4641 I vendor.qti.bluetooth@1.0-ibs_handler: ProcessIbsCmd: Received IBS_SLEEP_IND: 0xFE
05-26 00:01:00.119  1758  4641 D vendor.qti.bluetooth@1.0-ibs_handler: SerialClockVote: vote for UART CLK OFF
05-26 00:01:00.269  1758  4324 D vendor.qti.bluetooth@1.0-wake_lock: Release wakelock is released 
05-26 00:01:00.372  1758  4641 I vendor.qti.bluetooth@1.0-ibs_handler: ProcessIbsCmd: Received IBS_WAKE_IND: 0xFD
05-26 00:01:00.372  1758  4641 D vendor.qti.bluetooth@1.0-ibs_handler: SerialClockVote: vote for UART CLK ON
05-26 00:01:00.372  1758  4641 D vendor.qti.bluetooth@1.0-wake_lock: Acquire wakelock is acquired 
05-26 00:01:00.372  1758  4641 I vendor.qti.bluetooth@1.0-ibs_handler: ProcessIbsCmd: Writing IBS_WAKE_ACK
05-26 00:01:00.373  3992  4648 I bt_stack: [INFO:btm_ble_gap.cc(3287)] btm_ble_process_adv_pkt_cont Data Complete 10:60:60:63:f5:e3
05-26 00:01:00.373  3992  4648 D bt_btm_ble: bool parse_adv_audio_uuids_from_adv_pkt(const uint8_t *, size_t, uint8_t): tmap_cap_pts: false
05-26 00:01:00.412  1758  4641 I vendor.qti.bluetooth@1.0-ibs_handler: ProcessIbsCmd: Received IBS_SLEEP_IND: 0xFE
05-26 00:01:00.412  1758  4641 D vendor.qti.bluetooth@1.0-ibs_handler: SerialClockVote: vote for UART CLK OFF
05-26 00:01:00.505 18746 18746 I OtaUpdate: action =android.intent.action.TIME_TICK,GlobalVariable.IS_MYDEVICEACTIVITY_UPDATE =false
05-26 00:01:00.508 18746 18746 I LogTrain: queryTrainingSetting  count =0
05-26 00:01:00.508 18746 18746 I LogConnect: h =0
05-26 00:01:00.511 18746 18746 I LogPush : service.crashCount = 0
05-26 00:01:00.563  1758  4324 D vendor.qti.bluetooth@1.0-wake_lock: Release wakelock is released 
05-26 00:01:00.633  1758  4641 I vendor.qti.bluetooth@1.0-ibs_handler: ProcessIbsCmd: Received IBS_WAKE_IND: 0xFD
05-26 00:01:00.634  1758  4641 D vendor.qti.bluetooth@1.0-ibs_handler: SerialClockVote: vote for UART CLK ON
05-26 00:01:00.634  1758  4641 D vendor.qti.bluetooth@1.0-wake_lock: Acquire wakelock is acquired 
05-26 00:01:00.634  1758  4641 I vendor.qti.bluetooth@1.0-ibs_handler: ProcessIbsCmd: Writing IBS_WAKE_ACK
05-26 00:01:00.635  3992  4648 I bt_stack: [INFO:btm_ble_gap.cc(3287)] btm_ble_process_adv_pkt_cont Data Complete 10:60:60:63:f5:e3
05-26 00:01:00.635  3992  4648 D bt_btm_ble: bool parse_adv_audio_uuids_from_adv_pkt(const uint8_t *, size_t, uint8_t): tmap_cap_pts: false
05-26 00:01:00.673 28261 28441 I ThermalEngine: ACTION: freeze_rule - Setting freeze_rule to 0
05-26 00:01:00.673 28261 28441 I ThermalEngine: Monitor:INACTIVE:FREEZE-CHG:freeze_rule=1:DETECT-STANDBY=0
05-26 00:01:00.673 28261 28441 I ThermalEngine: ACTION: override_c - Setting override_c to 0
05-26 00:01:00.673 28261 28441 I ThermalEngine: Monitor:INACTIVE:OVERRIDE-CHG:internal_override=1:DETECT-STANDBY=0
05-26 00:01:00.674 28261 32064 I Thermal-Lib: Thermal-Lib-Client: Client request sent
05-26 00:01:00.674  1758  4641 I vendor.qti.bluetooth@1.0-ibs_handler: ProcessIbsCmd: Received IBS_SLEEP_IND: 0xFE
05-26 00:01:00.674  1758  4641 D vendor.qti.bluetooth@1.0-ibs_handler: SerialClockVote: vote for UART CLK OFF
05-26 00:01:00.674 28261 28440 I ThermalEngine: Thermal-Server: Thermal received msg from  override_c
05-26 00:01:00.674 28261 28440 I ThermalEngine: Thermal-Server: Thermal received msg from  freezing
05-26 00:01:00.674 28261 32065 I Thermal-Lib: Thermal-Lib-Client: Client request sent
05-26 00:01:00.676 28261 28441 I ThermalEngine: Monitor:ACTIVE:MON-MSM-charge:battery=6:CHG-SENSORS=42811
05-26 00:01:00.700  3992  4648 I bt_stack: [INFO:gatt_attr.cc(569)] gatt_connect_cback: remove untrusted client status, bda=78:02:b7:40:f7:e2
05-26 00:01:00.700  3992  4648 W bt_stack: [WARNING:bta_gattc_act.cc(1508)] bta_gattc_conn_cback: cif=3 connected=0 conn_id=0x0003 reason=0x00ff
05-26 00:01:00.700  3992  4648 W bt_stack: [WARNING:bta_gattc_act.cc(1508)] bta_gattc_conn_cback: cif=4 connected=0 conn_id=0x0004 reason=0x00ff
05-26 00:01:00.700  3992  4648 W bt_stack: [WARNING:bta_gattc_act.cc(1508)] bta_gattc_conn_cback: cif=5 connected=0 conn_id=0x0005 reason=0x00ff
05-26 00:01:00.700  3992  4648 W bt_stack: [WARNING:bta_gattc_act.cc(1508)] bta_gattc_conn_cback: cif=6 connected=0 conn_id=0x0006 reason=0x00ff
05-26 00:01:00.700  3992  4648 W bt_stack: [WARNING:bta_gattc_act.cc(1508)] bta_gattc_conn_cback: cif=7 connected=0 conn_id=0x0007 reason=0x00ff
05-26 00:01:00.700  3992  4648 W bt_stack: [WARNING:bta_gattc_act.cc(1508)] bta_gattc_conn_cback: cif=8 connected=0 conn_id=0x0008 reason=0x00ff
05-26 00:01:00.700  3992  4648 I bt_stack: [INFO:bta_tmap_main.cc(192)] BTTmapCback: bttmap cback
05-26 00:01:00.700  3992  4648 I bt_stack: [INFO:bta_tmap_main.cc(197)] HandleTmapEvent: Tmap handle event: BTA_GATTS_DISCONNECT_EVT
05-26 00:01:00.700  3992  4648 I bt_stack: [INFO:bta_tmap_main.cc(274)] HandleTmapEvent: event not matched !!
05-26 00:01:00.700  3992  4648 W bt_stack: [WARNING:bta_gattc_act.cc(1508)] bta_gattc_conn_cback: cif=10 connected=0 conn_id=0x000a reason=0x00ff
05-26 00:01:00.700  3992  4648 W bt_stack: [WARNING:bta_gattc_act.cc(1508)] bta_gattc_conn_cback: cif=11 connected=0 conn_id=0x000b reason=0x00ff
05-26 00:01:00.700  3992  4648 W bt_stack: [WARNING:bta_gattc_act.cc(1508)] bta_gattc_conn_cback: cif=12 connected=0 conn_id=0x000c reason=0x00ff
05-26 00:01:00.700  3992  4648 W bt_stack: [WARNING:bta_gattc_act.cc(1508)] bta_gattc_conn_cback: cif=13 connected=0 conn_id=0x000d reason=0x00ff
05-26 00:01:00.700  3992  4648 I bt_stack: [INFO:bta_mcp_main.cc(895)] HandleMcsEvent   mcs handle event BTA_GATTS_DISCONNECT_EVT
05-26 00:01:00.700  3992  4648 I bt_stack: [INFO:bta_mcp_main.cc(1082)] HandleMcsEvent   remote devices disconnected conn_id 14
05-26 00:01:00.700  3992  4648 I bt_stack: [INFO:bta_mcp_main.cc(1638)] HandleMcsEventfree rsp data
05-26 00:01:00.701  3992  4648 I bt_stack: [INFO:bta_cc_main.cc(1163)] HandleCcsEvent: event: : Unknown bta cc event
05-26 00:01:00.701  3992  4648 I bt_stack: [INFO:bta_cc_main.cc(1319)] HandleCcsEvent: remote devices disconnected, conn_id: 15
05-26 00:01:00.701  3992  4648 I bt_stack: [INFO:bta_cc_main.cc(1323)] HandleCcsEvent: remote device not found 
05-26 00:01:00.701  3992  4648 I bt_stack: [INFO:bta_cc_main.cc(2072)] HandleCcsEventfree rsp data
05-26 00:01:00.701  3992  4648 W bt_stack: [WARNING:bta_gattc_act.cc(1508)] bta_gattc_conn_cback: cif=16 connected=0 conn_id=0x0010 reason=0x00ff
05-26 00:01:00.701  3992  4648 W bt_stack: [WARNING:bta_gattc_act.cc(1508)] bta_gattc_conn_cback: cif=18 connected=0 conn_id=0x0012 reason=0x00ff
05-26 00:01:00.701  3992  4209 D BtGatt.GattService: onClientConnected() connId=17, address=78:02:B7:40:F7:E2, connected=false
05-26 00:01:00.701  3992  4648 I bt_stack: [INFO:connection_manager.cc(280)] lower the scan parameters used for connecting
05-26 00:01:00.701  3992  4648 I bt_stack: [INFO:btm_ble_bgconn.cc(433)] Already connection initiated (or) No Pending connections(or) Resources of lcb are exhausted
05-26 00:01:00.701  3992  4648 W bt_stack: [WARNING:bta_gattc_act.cc(463)] bta_gattc_open_fail: Cannot establish Connection. conn_id=000000. Return GATT_Status(255)
05-26 00:01:00.701  1758  1758 D vendor.qti.bluetooth@1.0-ibs_handler: SerialClockVote: vote for UART CLK ON
05-26 00:01:00.701  1758  1758 I vendor.qti.bluetooth@1.0-ibs_handler: DeviceWakeUp: Writing IBS_WAKE_IND
05-26 00:01:00.702  3992  4209 D BtGatt.GattService: onConnected() - clientIf=4, connId=0, address=78:02:B7:40:F7:E2
05-26 00:01:00.702 18909 19244 D BluetoothGattServer: onServerConnectionState() - status=0 serverIf=17 device=78:02:B7:40:F7:E2
05-26 00:01:00.703 18746 18759 D BluetoothGatt: onClientConnectionState() - status=255 clientIf=4 device=78:02:B7:40:F7:E2
05-26 00:01:00.703 18746 18759 I LogConnect: ----------->onConnectionStateChange status: 255,newState=0,gatt =android.bluetooth.BluetoothGatt@f726048,mBluetoothGatt =android.bluetooth.BluetoothGatt@f726048
05-26 00:01:00.704 18746 18759 I LogSync : 计时器 关闭 commandType=16
05-26 00:01:00.704 18746 18759 I LogDial : 表盘计时器 关闭 commandType=0
05-26 00:01:00.704  3992  5838 D BroadcastService: getBroadcastAddress
05-26 00:01:00.704  3992  5838 D BroadcastService: isBroadcastActive: Broadcast is turned to off
05-26 00:01:00.704 18746 18759 I LogSync : 移除所有命令
05-26 00:01:00.705 18746 18759 I LogConnect: 关闭通知命令 commandType=21
05-26 00:01:00.707 18746 18759 I LogConnect: 是否重连 =1,RECONNECT_ENABLE=true,bandIsResetting=false,status=255,IS_RK_FIRWARE_UPDATING=false
05-26 00:01:00.707  1758  4641 I vendor.qti.bluetooth@1.0-ibs_handler: ProcessIbsCmd: Received IBS_WAKE_ACK: 0xFC
05-26 00:01:00.707  1758  4641 I vendor.qti.bluetooth@1.0-ibs_handler: ProcessIbsCmd: Signal wack_cond_
05-26 00:01:00.707  1758  1758 D vendor.qti.bluetooth@1.0-ibs_handler: DeviceWakeUp: Unblocked from waiting for FC, pthread_cond_timedwait ret = 0
05-26 00:01:00.708 18746 18759 I LogConnect: 异常状态下的重连次数=498
05-26 00:01:00.708 18746 18759 D BluetoothGatt: close()
05-26 00:01:00.708 18746 18759 D BluetoothGatt: unregisterApp() - mClientIf=4
05-26 00:01:00.710  1758  4641 I vendor.qti.bluetooth@1.0-ibs_handler: ProcessIbsCmd: Received IBS_WAKE_IND: 0xFD
05-26 00:01:00.710  1758  4641 I vendor.qti.bluetooth@1.0-ibs_handler: ProcessIbsCmd: Writing IBS_WAKE_ACK
05-26 00:01:00.711  3992  4648 I bt_stack: [INFO:btm_ble_bgconn.cc(433)] Already connection initiated (or) No Pending connections(or) Resources of lcb are exhausted
05-26 00:01:00.711  3992  5838 D BtGatt.GattService: unregisterClient() - clientIf=4
05-26 00:01:00.713 18746 18759 I LogSync : homepage result = true,status = 19
05-26 00:01:00.713 18746 18759 I LogConnect: OnResult 断开连接
05-26 00:01:00.713 18746 18746 I LogSync : DISCONNECT_MSG
05-26 00:01:00.713 18746 18746 I LogSync : 同步数据不超时
05-26 00:01:00.714 18746 18746 I LogHome : progress =0
05-26 00:01:00.750  1758  4641 I vendor.qti.bluetooth@1.0-ibs_handler: ProcessIbsCmd: Received IBS_SLEEP_IND: 0xFE
05-26 00:01:00.881 27259 17774 I System.out: [[Dispatchers.Default.limitedParallelism(1)][bolt-manager][debug][bolt-v2][BoltControlManager]:message[bolt clock triggered, queue operations will be executed now..]
05-26 00:01:00.881 27259  5786 I System.out: [[Dispatchers.Default][bolt-default][debug][bolt-v2][BoltControlManager]:message[bolt clock is registered for [2000] delay]
05-26 00:01:00.881 27259 17774 I System.out: [[Dispatchers.Default.limitedParallelism(1)][bolt-manager][debug][bolt-v2][BoltControlManager]:message[execution called for name [StateValidationQueueOperation and item [StateInactiveTimeQueueOperation(uniqueName=StateValidationQueueOperation, retryConfig=com.phonepe.boltV2Sdk.external.RetryConfiguration@f26430c, logger=com.phonepe.boltV2Sdk.internal.logger.core.DebugLogger@3006455, analyticManager=com.phonepe.boltV2Sdk.internal.BoltAnalyticManager@47ace6a, immediateExecute=true, queueOperationType=STATE_INACTIVE_TIME_QUEUE_OPERATION, block=Function2<com.phonepe.boltV2Sdk.internal.boltctl.queueOperations.QueueOperation, kotlin.coroutines.Continuation<? super java.lang.Boolean>, java.lang.Object>)]]
05-26 00:01:00.881 27259 17774 I System.out: [[Dispatchers.Default.limitedParallelism(1)][bolt-manager][debug][bolt-v2][StateInactiveTimeQueueOperation]:message[Queue operation with name [StateValidationQueueOperation retry started, checking for retry limits..]
05-26 00:01:00.881 27259 17774 I System.out: [[Dispatchers.Default.limitedParallelism(1)][bolt-manager][debug][bolt-v2][StateInactiveTimeQueueOperation]:message[Queue operation with name [StateValidationQueueOperation retry limits not reached, checking for waiting window before execution..]
05-26 00:01:00.882 27259 17774 I System.out: [[Dispatchers.Default.limitedParallelism(1)][bolt-manager][debug][bolt-v2][StateInactiveTimeQueueOperation]:message[Queue operation with name [StateValidationQueueOperation retry limits not reached, waiting window is not completed, skipping the execution this time...]
05-26 00:01:00.882 27259 17774 I System.out: [[Dispatchers.Default.limitedParallelism(1)][bolt-manager][debug][bolt-v2][BoltControlManager]:message[execution completed for name [StateValidationQueueOperation and item [StateInactiveTimeQueueOperation(uniqueName=StateValidationQueueOperation, retryConfig=com.phonepe.boltV2Sdk.external.RetryConfiguration@f26430c, logger=com.phonepe.boltV2Sdk.internal.logger.core.DebugLogger@3006455, analyticManager=com.phonepe.boltV2Sdk.internal.BoltAnalyticManager@47ace6a, immediateExecute=true, queueOperationType=STATE_INACTIVE_TIME_QUEUE_OPERATION, block=Function2<com.phonepe.boltV2Sdk.internal.boltctl.queueOperations.QueueOperation, kotlin.coroutines.Continuation<? super java.lang.Boolean>, java.lang.Object>)], checking for GC status]
05-26 00:01:00.882 27259 17774 I System.out: [[Dispatchers.Default.limitedParallelism(1)][bolt-manager][debug][bolt-v2][BoltControlManager]:message[execution called for name [BoltCtl and item [PeriodicCheckQueueOperation(uniqueName=BoltCtl, retryConfig=com.phonepe.boltV2Sdk.external.RetryConfiguration@d7ab135, logger=com.phonepe.boltV2Sdk.internal.logger.core.DebugLogger@339c9ca, analyticManager=com.phonepe.boltV2Sdk.internal.BoltAnalyticManager@47ace6a, immediateExecute=false, queueOperationType=BOLT_PERIODIC_OPERATION, block=Function2<com.phonepe.boltV2Sdk.internal.boltctl.queueOperations.QueueOperation, kotlin.coroutines.Continuation<? super java.lang.Boolean>, java.lang.Object>)]]
05-26 00:01:00.882 27259 17774 I System.out: [[Dispatchers.Default.limitedParallelism(1)][bolt-manager][debug][bolt-v2][PeriodicCheckQueueOperation]:message[Queue operation with name [BoltCtl retry started, checking for retry limits..]
05-26 00:01:00.882 27259 17774 I System.out: [[Dispatchers.Default.limitedParallelism(1)][bolt-manager][debug][bolt-v2][PeriodicCheckQueueOperation]:message[Queue operation with name [BoltCtl retry limits not reached, checking for waiting window before execution..]
05-26 00:01:00.882 27259 17774 I System.out: [[Dispatchers.Default.limitedParallelism(1)][bolt-manager][debug][bolt-v2][PeriodicCheckQueueOperation]:message[Queue operation with name [BoltCtl retry limits not reached, waiting window is not completed, skipping the execution this time...]
05-26 00:01:00.882 27259 17774 I System.out: [[Dispatchers.Default.limitedParallelism(1)][bolt-manager][debug][bolt-v2][BoltControlManager]:message[execution completed for name [BoltCtl and item [PeriodicCheckQueueOperation(uniqueName=BoltCtl, retryConfig=com.phonepe.boltV2Sdk.external.RetryConfiguration@d7ab135, logger=com.phonepe.boltV2Sdk.internal.logger.core.DebugLogger@339c9ca, analyticManager=com.phonepe.boltV2Sdk.internal.BoltAnalyticManager@47ace6a, immediateExecute=false, queueOperationType=BOLT_PERIODIC_OPERATION, block=Function2<com.phonepe.boltV2Sdk.internal.boltctl.queueOperations.QueueOperation, kotlin.coroutines.Continuation<? super java.lang.Boolean>, java.lang.Object>)], checking for GC status]
05-26 00:01:00.886  1758  4641 I vendor.qti.bluetooth@1.0-ibs_handler: ProcessIbsCmd: Received IBS_WAKE_IND: 0xFD
05-26 00:01:00.886  1758  4641 I vendor.qti.bluetooth@1.0-ibs_handler: ProcessIbsCmd: Writing IBS_WAKE_ACK
05-26 00:01:00.887  3992  4648 I bt_stack: [INFO:btm_ble_gap.cc(3287)] btm_ble_process_adv_pkt_cont Data Complete f7:60:f0:b3:41:c6
05-26 00:01:00.887  3992  4648 I bt_stack: [INFO:btm_ble_gap.cc(3287)] btm_ble_process_adv_pkt_cont Data Complete f7:60:f0:b3:41:c6
05-26 00:01:00.887  3992  4648 D bt_btm_ble: bool parse_adv_audio_uuids_from_adv_pkt(const uint8_t *, size_t, uint8_t): tmap_cap_pts: false
05-26 00:01:00.890  4774  4991 I NearbyDiscovery: (REDACTED) BloomFilterAdvManager: Detected bloom filter but too far away, ignoring. %sm, %s
05-26 00:01:00.892  3992  4648 I bt_stack: [INFO:btm_ble_gap.cc(3287)] btm_ble_process_adv_pkt_cont Data Complete 10:60:60:63:f5:e3
05-26 00:01:00.892  3992  4648 D bt_btm_ble: bool parse_adv_audio_uuids_from_adv_pkt(const uint8_t *, size_t, uint8_t): tmap_cap_pts: false
05-26 00:01:00.932  1758  4641 I vendor.qti.bluetooth@1.0-ibs_handler: ProcessIbsCmd: Received IBS_SLEEP_IND: 0xFE
05-26 00:01:01.184  1859 26648 I QC2Comp : [vp9D_1564] Stats: Pending(0) i/p-done(0) Works: Q: 39/Done 40|Work-Rate: Q(0.0/s Avg=0.4/s) Done(0.000/s Avg=0.362/s)| Stream: 30.30fps 6.8Kbps
05-26 00:01:01.184  1859 26648 I QC2Comp : [vp9D_1564] Mem-usage:  [In-1D: 6 bufs 22.430 MB] [1D-3103: 19 bufs 0.297 MB] [2D-3104: 26 bufs 17.469 MB] | Total: 40.195 MB
05-26 00:01:01.215 18746 18746 I OtaUpdate: action =action_gatt_connect_failure_gloryfit,GlobalVariable.IS_MYDEVICEACTIVITY_UPDATE =false
05-26 00:01:01.216 18746 18746 I LogDial : 收到断开连接的广播
05-26 00:01:01.217 18746 18746 I LogDial : 收到断开连接,停止发送表盘数据
05-26 00:01:01.591  3077  3729 D WifiStaIfaceHidlImpl: getCachedScanData is not implemented by HIDL
05-26 00:01:01.594  3077  3077 D EnhancedConnectivityController: Wifi onCapabilitiesChanged
05-26 00:01:01.594  3077  3077 D EnhancedConnectivityController: Default net onCapabilitiesChanged
05-26 00:01:01.594  3077  3077 D EnhancedConnectivityController: updateDefaultNet:927
05-26 00:01:01.594  3077  3077 D EnhancedConnectivityController: mayUpdateNotification: shouldShow=false,UidsBlocked=false, net info=net:927,ifName=wlan0,securityType=2,isDefault=true,ssid="Airtel_Siddhanth's wifi",notificationId=0
05-26 00:01:01.595  4019  4769 D QCNEJ/NativeHalConnector: -> SND notifyDefaultNetworkChanged(1)
05-26 00:01:01.596  6458  7001 I ModemStats: [DataStallDetectService] onCapabilitiesChanged networkCapabilities=[ Transports: WIFI Capabilities: NOT_METERED&INTERNET&NOT_RESTRICTED&TRUSTED&NOT_VPN&VALIDATED&NOT_ROAMING&FOREGROUND&NOT_CONGESTED&NOT_SUSPENDED&NOT_VCN_MANAGED LinkUpBandwidth>=1663Kbps LinkDnBandwidth>=37515Kbps TransportInfo: <SSID: <unknown ssid>, BSSID: 02:00:00:00:00:00, MAC: 02:00:00:00:00:00, IP: /192.168.1.7, Security type: 2, Supplicant state: COMPLETED, Wi-Fi standard: 11ac, RSSI: -62, Link speed: 234Mbps, Tx Link speed: 234Mbps, Max Supported Tx Link speed: 866Mbps, Rx Link speed: 468Mbps, Max Supported Rx Link speed: 866Mbps, Frequency: 5765MHz, Net ID: -1, Metered hint: false, score: 100, isUsable: true, CarrierMerged: false, SubscriptionId: -1, IsPrimary: -1, Trusted: true, Restricted: false, Ephemeral: false, OEM paid: false, OEM private: false, OSU AP: false, FQDN: <none>, Provider friendly name: <none>, Requesting package name: <none><none>MLO Information: , Is TID-To-Link negotiation supported by the AP: false, AP MLD Address: <none>, AP MLO Link Id: <none>, AP MLO Affiliated links: <none>, Vendor Data: <none>> SignalStrength: -62 UnderlyingNetworks: Null]
05-26 00:01:01.596  6458  7001 I ModemStats: [DataStallDetectService] onCapabilitiesChanged NET_CAPABILITY_VALIDATED=true
05-26 00:01:01.596  6458  7001 I ModemStats: [DataStallDetectService] onCapabilitiesChanged mDataStallManager.mDataStallInstance=null
05-26 00:01:01.596  6458  7001 I ModemStats: [DataStallDetectService] onCapabilitiesChanged mDataStallSmart5gManager.mDataStallInstance=null
05-26 00:01:01.599  3077  3729 I HalDevMgr: bestIfaceCreationProposal is null, requestIface=STA, existingIface=[name=ap_br_wlan2 type=AP_BRIDGE, name=wlan0 type=STA]
05-26 00:01:01.605  4774  4990 I NullBinder: NullBinder for android.net.action.RECOMMEND_NETWORKS triggering remote TransactionTooLargeException due to Service without Chimera impl, calling uid: 1000, calling pid: 0
05-26 00:01:01.605  4774  4990 W Binder  : reply too large data on java level: InterfaceDescriptor = null, code = 1
05-26 00:01:01.605  4774  4990 W .gms.persistent: Large reply transaction of 1056768 bytes, interface descriptor , code 1
05-26 00:01:01.608  3077  3507 D ActivityManager: freezing 16952 com.google.android.permissioncontroller, reason = oom_cached
05-26 00:01:01.707  1758  4653 I vendor.qti.bluetooth@1.0-ibs_handler: DeviceSleep: TX Awake, Sending SLEEP_IND
05-26 00:01:01.708  1758  4653 D vendor.qti.bluetooth@1.0-ibs_handler: SerialClockVote: vote for UART CLK OFF
05-26 00:01:01.858  1758  4324 D vendor.qti.bluetooth@1.0-wake_lock: Release wakelock is released 
05-26 00:01:02.102  4774 19839 I NearbySharing: Network state changed: NetworkState(isRestricted=false, isOnline=true, isCongested=false, isMetered=false, isWifiConnected=true)
05-26 00:01:02.369  1758  4641 I vendor.qti.bluetooth@1.0-ibs_handler: ProcessIbsCmd: Received IBS_WAKE_IND: 0xFD
05-26 00:01:02.370  1758  4641 D vendor.qti.bluetooth@1.0-ibs_handler: SerialClockVote: vote for UART CLK ON
05-26 00:01:02.370  1758  4641 D vendor.qti.bluetooth@1.0-wake_lock: Acquire wakelock is acquired 
05-26 00:01:02.370  1758  4641 I vendor.qti.bluetooth@1.0-ibs_handler: ProcessIbsCmd: Writing IBS_WAKE_ACK
05-26 00:01:02.373  3992  4648 I bt_stack: [INFO:btm_ble_gap.cc(3287)] btm_ble_process_adv_pkt_cont Data Complete f7:60:f0:b3:41:c6
05-26 00:01:02.373  3992  4648 I bt_stack: [INFO:btm_ble_gap.cc(3287)] btm_ble_process_adv_pkt_cont Data Complete f7:60:f0:b3:41:c6
05-26 00:01:02.373  3992  4648 D bt_btm_ble: bool parse_adv_audio_uuids_from_adv_pkt(const uint8_t *, size_t, uint8_t): tmap_cap_pts: false
05-26 00:01:02.378  4774  4991 I NearbyDiscovery: (REDACTED) BloomFilterAdvManager: Detected bloom filter but too far away, ignoring. %sm, %s
05-26 00:01:02.413  1758  4641 I vendor.qti.bluetooth@1.0-ibs_handler: ProcessIbsCmd: Received IBS_SLEEP_IND: 0xFE
05-26 00:01:02.413  1758  4641 D vendor.qti.bluetooth@1.0-ibs_handler: SerialClockVote: vote for UART CLK OFF
05-26 00:01:02.565  1758  4324 D vendor.qti.bluetooth@1.0-wake_lock: Release wakelock is released 
05-26 00:01:02.675 28261 28441 I ThermalEngine: Monitor:ACTIVE:FREEZE-CHG:freeze_rule=1:DETECT-STANDBY=1
05-26 00:01:02.676 28261 28441 I ThermalEngine: ACTION: freeze_rule - Setting freeze_rule to 1
05-26 00:01:02.677 28261 28441 I ThermalEngine: Monitor:ACTIVE:OVERRIDE-CHG:internal_override=1:DETECT-STANDBY=1
05-26 00:01:02.677 28261 28441 I ThermalEngine: ACTION: override_c - Setting override_c to 1
05-26 00:01:02.678 28261 28440 I ThermalEngine: Thermal-Server: Thermal received msg from  freezing
05-26 00:01:02.678 28261 32201 I Thermal-Lib: Thermal-Lib-Client: Client request sent
05-26 00:01:02.678 28261 32202 I Thermal-Lib: Thermal-Lib-Client: Client request sent
05-26 00:01:02.679 28261 28440 I ThermalEngine: Thermal-Server: Thermal received msg from  override_c
05-26 00:01:02.716 18746 18746 I LogConnect: connect  where =7,address =78:02:B7:40:F7:E2,GlobalVariable.PASS_WORD_VERIFICATION_TIME_OUT=false,GlobalVariable.isManualDisconnect=false
05-26 00:01:02.717 18746 18746 I LogConnect: postDelayed mBluetoothGatt=android.bluetooth.BluetoothGatt@f726048,where =7,CONNECTION_STATUS = 0
05-26 00:01:02.720 18746 18746 D BluetoothGatt: connect() - device: 78:02:B7:40:F7:E2, auto: false, eattSupport: false
05-26 00:01:02.721 18746 18746 D BluetoothGatt: registerApp()
05-26 00:01:02.721 18746 18746 D BluetoothGatt: registerApp() - UUID=9fb58a3a-f206-46bf-84f7-d2d53536d10e
05-26 00:01:02.723  3992  5838 D BtGatt.GattService: registerClient() - UUID=9fb58a3a-f206-46bf-84f7-d2d53536d10e
05-26 00:01:02.724 18746 18746 I LogConnect: connectGatt mBluetoothGatt=android.bluetooth.BluetoothGatt@8896453
05-26 00:01:02.724  3992  4648 I bt_stack: [INFO:gatt_api.cc(1414)] GATT_Register fe897b84-aeda-9a9b-b55a-5e38e9f0721c
05-26 00:01:02.725  3992  4648 I bt_stack: [INFO:gatt_api.cc(1435)] allocated gatt_if=4
05-26 00:01:02.725  3992  4209 D BtGatt.GattService: onClientRegistered() - UUID=9fb58a3a-f206-46bf-84f7-d2d53536d10e, clientIf=4
05-26 00:01:02.725 18746 18759 D BluetoothGatt: onClientRegistered() - status=0 clientIf=4
05-26 00:01:02.726  3992  5838 D BtGatt.GattService: clientConnect() - address=78:02:B7:40:F7:E2, addressType=0, isDirect=true, opportunistic=false, phy=1
05-26 00:01:02.726  3992  4209 D bt_btif_config: btif_get_address_type: Device [78:02:b7:40:f7:e2] address type 0
05-26 00:01:02.726  3992  4209 D bt_btif_config: btif_get_device_type: Device [78:02:b7:40:f7:e2] type 2
05-26 00:01:02.727  3992  4648 I bt_stack: [INFO:gatt_api.cc(1604)] GATT_Connect gatt_if=4, address=78:02:b7:40:f7:e2 is_direct 1
05-26 00:01:02.727  3992  4648 I bt_stack: [INFO:gatt_attr.cc(1296)] gatt_sr_init_cl_status: bda=78:02:b7:40:f7:e2, cl_supp_feat=0000, aware=1
05-26 00:01:02.728  1758  1758 D vendor.qti.bluetooth@1.0-ibs_handler: SerialClockVote: vote for UART CLK ON
05-26 00:01:02.728  1758  1758 D vendor.qti.bluetooth@1.0-wake_lock: Acquire wakelock is acquired 
05-26 00:01:02.728  1758  1758 I vendor.qti.bluetooth@1.0-ibs_handler: DeviceWakeUp: Writing IBS_WAKE_IND
05-26 00:01:02.734  1758  4641 I vendor.qti.bluetooth@1.0-ibs_handler: ProcessIbsCmd: Received IBS_WAKE_ACK: 0xFC
05-26 00:01:02.734  1758  4641 I vendor.qti.bluetooth@1.0-ibs_handler: ProcessIbsCmd: Signal wack_cond_
05-26 00:01:02.734  1758  1758 D vendor.qti.bluetooth@1.0-ibs_handler: DeviceWakeUp: Unblocked from waiting for FC, pthread_cond_timedwait ret = 0
05-26 00:01:02.738  1758  4641 I vendor.qti.bluetooth@1.0-ibs_handler: ProcessIbsCmd: Received IBS_WAKE_IND: 0xFD
05-26 00:01:02.738  1758  4641 I vendor.qti.bluetooth@1.0-ibs_handler: ProcessIbsCmd: Writing IBS_WAKE_ACK
05-26 00:01:02.779  1758  4641 I vendor.qti.bluetooth@1.0-ibs_handler: ProcessIbsCmd: Received IBS_SLEEP_IND: 0xFE
05-26 00:01:02.801  1758  4641 I vendor.qti.bluetooth@1.0-ibs_handler: ProcessIbsCmd: Received IBS_WAKE_IND: 0xFD
05-26 00:01:02.801  1758  4641 I vendor.qti.bluetooth@1.0-ibs_handler: ProcessIbsCmd: Writing IBS_WAKE_ACK
05-26 00:01:02.802  3992  4648 I bt_stack: [INFO:btm_ble_gap.cc(3287)] btm_ble_process_adv_pkt_cont Data Complete 10:60:60:63:f5:e3
05-26 00:01:02.802  3992  4648 D bt_btm_ble: bool parse_adv_audio_uuids_from_adv_pkt(const uint8_t *, size_t, uint8_t): tmap_cap_pts: false
05-26 00:01:02.843  1758  4641 I vendor.qti.bluetooth@1.0-ibs_handler: ProcessIbsCmd: Received IBS_SLEEP_IND: 0xFE
05-26 00:01:02.883 27259  5786 I System.out: [[Dispatchers.Default][bolt-default][debug][bolt-v2][BoltControlManager]:message[bolt clock is registered for [2000] delay]
05-26 00:01:02.883 27259 17774 I System.out: [[Dispatchers.Default.limitedParallelism(1)][bolt-manager][debug][bolt-v2][BoltControlManager]:message[bolt clock triggered, queue operations will be executed now..]
05-26 00:01:02.884 27259 17774 I System.out: [[Dispatchers.Default.limitedParallelism(1)][bolt-manager][debug][bolt-v2][BoltControlManager]:message[execution called for name [StateValidationQueueOperation and item [StateInactiveTimeQueueOperation(uniqueName=StateValidationQueueOperation, retryConfig=com.phonepe.boltV2Sdk.external.RetryConfiguration@f26430c, logger=com.phonepe.boltV2Sdk.internal.logger.core.DebugLogger@3006455, analyticManager=com.phonepe.boltV2Sdk.internal.BoltAnalyticManager@47ace6a, immediateExecute=true, queueOperationType=STATE_INACTIVE_TIME_QUEUE_OPERATION, block=Function2<com.phonepe.boltV2Sdk.internal.boltctl.queueOperations.QueueOperation, kotlin.coroutines.Continuation<? super java.lang.Boolean>, java.lang.Object>)]]
05-26 00:01:02.884 27259 17774 I System.out: [[Dispatchers.Default.limitedParallelism(1)][bolt-manager][debug][bolt-v2][StateInactiveTimeQueueOperation]:message[Queue operation with name [StateValidationQueueOperation retry started, checking for retry limits..]
05-26 00:01:02.884 27259 17774 I System.out: [[Dispatchers.Default.limitedParallelism(1)][bolt-manager][debug][bolt-v2][StateInactiveTimeQueueOperation]:message[Queue operation with name [StateValidationQueueOperation retry limits not reached, checking for waiting window before execution..]
05-26 00:01:02.884 27259 17774 I System.out: [[Dispatchers.Default.limitedParallelism(1)][bolt-manager][debug][bolt-v2][StateInactiveTimeQueueOperation]:message[Queue operation with name [StateValidationQueueOperation retry limits not reached, waiting window is completed, ready to execute in 3.2.1..]
05-26 00:01:02.884 27259 17774 I System.out: [[BlockingEventLoop@68e62ba][unknown][info][bolt-v2][BoltManager]:message[state validation operation running]
05-26 00:01:02.884 27259 17774 I System.out: [[Dispatchers.Default.limitedParallelism(1)][bolt-manager][debug][bolt-v2][StateInactiveTimeQueueOperation]:message[Queue operation with name [StateValidationQueueOperation] retried.]
