05-26 00:28:48.917 31383 31396 W .apps.wellbeing: ApkAssets: Deleting an ApkAssets object '<empty> and /product/overlay/IconShapePebble/IconShapePebbleOverlay.apk' with 1 weak references
05-26 00:28:48.917 31383 31396 W .apps.wellbeing: ApkAssets: Deleting an ApkAssets object '<empty> and /data/app/~~q3RZDPkbJxrWHJSsK3zERw==/com.google.android.googlequicksearchbox-i50DFE4glS6PkTcRRmh-hA==/base.apk' with 1 weak references
05-26 00:28:48.917 31383 31396 W .apps.wellbeing: ApkAssets: Deleting an ApkAssets object '<empty> and /data/app/~~q3RZDPkbJxrWHJSsK3zERw==/com.google.android.googlequicksearchbox-i50DFE4glS6PkTcRRmh-hA==/split_config.xxhdpi.apk' with 1 weak references
05-26 00:28:48.918 31383 31396 W .apps.wellbeing: ApkAssets: Deleting an ApkAssets object '<empty> and /data/app/~~q3RZDPkbJxrWHJSsK3zERw==/com.google.android.googlequicksearchbox-i50DFE4glS6PkTcRRmh-hA==/split_lens_ondevice_engine_play_ml_module.apk' with 1 weak references
05-26 00:28:48.918  1758  4641 I vendor.qti.bluetooth@1.0-ibs_handler: ProcessIbsCmd: Received IBS_WAKE_IND: 0xFD
05-26 00:28:48.918  1758  4641 D vendor.qti.bluetooth@1.0-ibs_handler: SerialClockVote: vote for UART CLK ON
05-26 00:28:48.918  1758  4641 I vendor.qti.bluetooth@1.0-ibs_handler: ProcessIbsCmd: Writing IBS_WAKE_ACK
05-26 00:28:48.918 31383 31396 W .apps.wellbeing: ApkAssets: Deleting an ApkAssets object '<empty> and /system_ext/priv-app/RevokerServices/RevokerServices.apk' with 1 weak references
05-26 00:28:48.918 31383 31396 W .apps.wellbeing: ApkAssets: Deleting an ApkAssets object '<empty> and /product/priv-app/VzwMVS/VzwMVS.apk' with 1 weak references
05-26 00:28:48.919 31383 31396 W .apps.wellbeing: ApkAssets: Deleting an ApkAssets object '<empty> and /product/app/VzwAPNLibWs/VzwAPNLibWs.apk' with 4 weak references
05-26 00:28:48.919  3992  4648 I bt_stack: [INFO:btm_ble_gap.cc(3287)] btm_ble_process_adv_pkt_cont Data Complete df:14:f0:b3:41:c6
05-26 00:28:48.919  3992  4648 I bt_stack: [INFO:btm_ble_gap.cc(3287)] btm_ble_process_adv_pkt_cont Data Complete df:14:f0:b3:41:c6
05-26 00:28:48.919  3992  4648 D bt_btm_ble: bool parse_adv_audio_uuids_from_adv_pkt(const uint8_t *, size_t, uint8_t): tmap_cap_pts: false
05-26 00:28:48.919 28261 28441 I ThermalEngine: ACTION: freeze_rule - Setting freeze_rule to 0
05-26 00:28:48.919 28261 28441 I ThermalEngine: Monitor:INACTIVE:FREEZE-CHG:freeze_rule=1:DETECT-STANDBY=0
05-26 00:28:48.920 28261 28441 I ThermalEngine: ACTION: override_c - Setting override_c to 0
05-26 00:28:48.920 28261 28441 I ThermalEngine: Monitor:INACTIVE:OVERRIDE-CHG:internal_override=1:DETECT-STANDBY=0
05-26 00:28:48.920 28261  3460 I Thermal-Lib: Thermal-Lib-Client: Client request sent
05-26 00:28:48.920 28261  3434 I Thermal-Lib: Thermal-Lib-Client: Client request sent
05-26 00:28:48.920 28261 28440 I ThermalEngine: Thermal-Server: Thermal received msg from  override_c
05-26 00:28:48.921 28261 28440 I ThermalEngine: Thermal-Server: Thermal received msg from  freezing
05-26 00:28:48.921 31383 31396 W .apps.wellbeing: ApkAssets: Deleting an ApkAssets object '<empty> and /system/priv-app/CalendarProvider/CalendarProvider.apk' with 1 weak references
05-26 00:28:48.922 31383 31396 W .apps.wellbeing: ApkAssets: Deleting an ApkAssets object '<empty> and /product/priv-app/DishNetworkCompanionApp/DishNetworkCompanionApp.apk' with 1 weak references
05-26 00:28:48.922 31383 31396 W .apps.wellbeing: ApkAssets: Deleting an ApkAssets object '<empty> and /data/app/~~jVilmhzNBUfF0rySX15adg==/com.google.android.apps.googleassistant-dSfhOgkb2iprGSDIzju5FQ==/base.apk' with 1 weak references
05-26 00:28:48.922 31383 31396 W .apps.wellbeing: ApkAssets: Deleting an ApkAssets object '<empty> and /product/priv-app/vzwPcoExt/vzwPcoExt.apk' with 1 weak references
05-26 00:28:48.922 28261 28441 I ThermalEngine: Monitor:ACTIVE:MON-MSM-charge:battery=6:CHG-SENSORS=43884
05-26 00:28:48.923 31383 31396 W .apps.wellbeing: ApkAssets: Deleting an ApkAssets object '<empty> and /data/app/~~VPdiKMLd06evtyLgWmupzQ==/org.altruist.BajajExperia-4gw-GIhhjTn45hiNG5w75Q==/base.apk' with 1 weak references
05-26 00:28:48.923 31383 31396 W .apps.wellbeing: ApkAssets: Deleting an ApkAssets object '<empty> and /data/app/~~VPdiKMLd06evtyLgWmupzQ==/org.altruist.BajajExperia-4gw-GIhhjTn45hiNG5w75Q==/split_config.arm64_v8a.apk' with 1 weak references
05-26 00:28:48.923 31383 31396 W .apps.wellbeing: ApkAssets: Deleting an ApkAssets object '<empty> and /data/app/~~VPdiKMLd06evtyLgWmupzQ==/org.altruist.BajajExperia-4gw-GIhhjTn45hiNG5w75Q==/split_config.xxhdpi.apk' with 1 weak references
05-26 00:28:48.923 31383 31396 W .apps.wellbeing: ApkAssets: Deleting an ApkAssets object '<empty> and /data/app/~~fEDOnb10FYsQPdz__4cRFg==/com.google.android.apps.docs.editors.docs-yFBF0f7IT-D0zA_W4S7DIQ==/base.apk' with 1 weak references
05-26 00:28:48.924 31383 31396 W .apps.wellbeing: ApkAssets: Deleting an ApkAssets object '<empty> and /data/app/~~fEDOnb10FYsQPdz__4cRFg==/com.google.android.apps.docs.editors.docs-yFBF0f7IT-D0zA_W4S7DIQ==/split_config.arm64_v8a.apk' with 1 weak references
05-26 00:28:48.924 31383 31396 W .apps.wellbeing: ApkAssets: Deleting an ApkAssets object '<empty> and /data/app/~~fEDOnb10FYsQPdz__4cRFg==/com.google.android.apps.docs.editors.docs-yFBF0f7IT-D0zA_W4S7DIQ==/split_config.en.apk' with 1 weak references
05-26 00:28:48.924 31383 31396 W .apps.wellbeing: ApkAssets: Deleting an ApkAssets object '<empty> and /data/app/~~fEDOnb10FYsQPdz__4cRFg==/com.google.android.apps.docs.editors.docs-yFBF0f7IT-D0zA_W4S7DIQ==/split_config.xxhdpi.apk' with 1 weak references
05-26 00:28:48.924 31383 31396 W .apps.wellbeing: ApkAssets: Deleting an ApkAssets object '<empty> and /data/app/~~KxVqd69v7kK0mPSrLAAoMw==/com.phonepe.app-_q6m2uMYYZCHi3Cnrqt1Vg==/base.apk' with 1 weak references
05-26 00:28:48.924 31383 31396 W .apps.wellbeing: ApkAssets: Deleting an ApkAssets object '<empty> and /data/app/~~KxVqd69v7kK0mPSrLAAoMw==/com.phonepe.app-_q6m2uMYYZCHi3Cnrqt1Vg==/split_config.arm64_v8a.apk' with 1 weak references
05-26 00:28:48.924 31383 31396 W .apps.wellbeing: ApkAssets: Deleting an ApkAssets object '<empty> and /data/app/~~KxVqd69v7kK0mPSrLAAoMw==/com.phonepe.app-_q6m2uMYYZCHi3Cnrqt1Vg==/split_config.xxhdpi.apk' with 1 weak references
05-26 00:28:48.925  2889  3357 D AdvertisingIdClient: AdvertisingIdClient is not bounded. Starting to bind it...
05-26 00:28:48.925  4774  4991 I NearbyDiscovery: (REDACTED) BloomFilterAdvManager: Detected bloom filter but too far away, ignoring. %sm, %s
05-26 00:28:48.927 31383 31396 W .apps.wellbeing: ApkAssets: Deleting an ApkAssets object '<empty> and /product/priv-app/GoogleOneTimeInitializer/GoogleOneTimeInitializer.apk' with 1 weak references
05-26 00:28:48.928 31383 31396 W .apps.wellbeing: ApkAssets: Deleting an ApkAssets object '<empty> and /system/app/GoogleExtShared/GoogleExtShared.apk' with 1 weak references
05-26 00:28:48.929 31383 31396 W .apps.wellbeing: ApkAssets: Deleting an ApkAssets object '<empty> and /product/priv-app/BRApps2/BRApps2.apk' with 1 weak references
05-26 00:28:48.929 31383 31396 W .apps.wellbeing: ApkAssets: Deleting an ApkAssets object '<empty> and /product/overlay/NavigationBarModeGesturalWideBack/NavigationBarModeGesturalOverlayWideBack.apk' with 1 weak references
05-26 00:28:48.929 31383 31396 W .apps.wellbeing: ApkAssets: Deleting an ApkAssets object '<empty> and /product/priv-app/MotoLeanbackLauncher/MotoLeanbackLauncher.apk' with 1 weak references
05-26 00:28:48.931  2889  2889 D WM-SystemJobService: onStartJob for WorkGenerationalId(workSpecId=6a14e958-99f7-478e-b578-b226c1ceea95, generation=0)
05-26 00:28:48.935 31383 31396 W .apps.wellbeing: ApkAssets: Deleting an ApkAssets object '<empty> and /data/app/~~RKRFxbHYttDllcZVnXmDmg==/com.rbl.rblmycard-SK02GtfpzNXIBtv18gtlnw==/base.apk' with 1 weak references
05-26 00:28:48.935 31383 31396 W .apps.wellbeing: ApkAssets: Deleting an ApkAssets object '<empty> and /data/app/~~RKRFxbHYttDllcZVnXmDmg==/com.rbl.rblmycard-SK02GtfpzNXIBtv18gtlnw==/split_config.arm64_v8a.apk' with 1 weak references
05-26 00:28:48.935 31383 31396 W .apps.wellbeing: ApkAssets: Deleting an ApkAssets object '<empty> and /data/app/~~RKRFxbHYttDllcZVnXmDmg==/com.rbl.rblmycard-SK02GtfpzNXIBtv18gtlnw==/split_config.xxhdpi.apk' with 1 weak references
05-26 00:28:48.936 31383 31396 W .apps.wellbeing: ApkAssets: Deleting an ApkAssets object '<empty> and /product/priv-app/InmobiInstaller/InmobiInstaller.apk' with 1 weak references
05-26 00:28:48.936 31383 31396 W .apps.wellbeing: ApkAssets: Deleting an ApkAssets object '<empty> and /data/app/~~mmAXlU8Sc2H6M7YQM8407Q==/com.niksoftware.snapseed-cSZxw_AX4gNjkK2HjhtV3A==/base.apk' with 1 weak references
05-26 00:28:48.936 31383 31396 W .apps.wellbeing: ApkAssets: Deleting an ApkAssets object '<empty> and /data/app/~~mmAXlU8Sc2H6M7YQM8407Q==/com.niksoftware.snapseed-cSZxw_AX4gNjkK2HjhtV3A==/split_config.arm64_v8a.apk' with 1 weak references
05-26 00:28:48.936 31383 31396 W .apps.wellbeing: ApkAssets: Deleting an ApkAssets object '<empty> and /data/app/~~mmAXlU8Sc2H6M7YQM8407Q==/com.niksoftware.snapseed-cSZxw_AX4gNjkK2HjhtV3A==/split_config.bn.apk' with 1 weak references
05-26 00:28:48.937 31383 31396 W .apps.wellbeing: ApkAssets: Deleting an ApkAssets object '<empty> and /data/app/~~mmAXlU8Sc2H6M7YQM8407Q==/com.niksoftware.snapseed-cSZxw_AX4gNjkK2HjhtV3A==/split_config.en.apk' with 1 weak references
05-26 00:28:48.937 31383 31396 W .apps.wellbeing: ApkAssets: Deleting an ApkAssets object '<empty> and /data/app/~~mmAXlU8Sc2H6M7YQM8407Q==/com.niksoftware.snapseed-cSZxw_AX4gNjkK2HjhtV3A==/split_config.gu.apk' with 1 weak references
05-26 00:28:48.937 31383 31396 W .apps.wellbeing: ApkAssets: Deleting an ApkAssets object '<empty> and /data/app/~~mmAXlU8Sc2H6M7YQM8407Q==/com.niksoftware.snapseed-cSZxw_AX4gNjkK2HjhtV3A==/split_config.kn.apk' with 1 weak references
05-26 00:28:48.937 31383 31396 W .apps.wellbeing: ApkAssets: Deleting an ApkAssets object '<empty> and /data/app/~~mmAXlU8Sc2H6M7YQM8407Q==/com.niksoftware.snapseed-cSZxw_AX4gNjkK2HjhtV3A==/split_config.mr.apk' with 1 weak references
05-26 00:28:48.937 31383 31396 W .apps.wellbeing: ApkAssets: Deleting an ApkAssets object '<empty> and /data/app/~~mmAXlU8Sc2H6M7YQM8407Q==/com.niksoftware.snapseed-cSZxw_AX4gNjkK2HjhtV3A==/split_config.ta.apk' with 1 weak references
05-26 00:28:48.937 31383 31396 W .apps.wellbeing: ApkAssets: Deleting an ApkAssets object '<empty> and /data/app/~~mmAXlU8Sc2H6M7YQM8407Q==/com.niksoftware.snapseed-cSZxw_AX4gNjkK2HjhtV3A==/split_config.te.apk' with 1 weak references
05-26 00:28:48.937 31383 31396 W .apps.wellbeing: ApkAssets: Deleting an ApkAssets object '<empty> and /data/app/~~mmAXlU8Sc2H6M7YQM8407Q==/com.niksoftware.snapseed-cSZxw_AX4gNjkK2HjhtV3A==/split_config.xxhdpi.apk' with 1 weak references
05-26 00:28:48.937 31383 31396 W .apps.wellbeing: ApkAssets: Deleting an ApkAssets object '<empty> and /system_ext/priv-app/GestureNavigationTutorial/GestureNavigationTutorial.apk' with 1 weak references
05-26 00:28:48.937 31383 31396 W .apps.wellbeing: ApkAssets: Deleting an ApkAssets object '<empty> and /system_ext/priv-app/PaksNotification/PaksNotification.apk' with 1 weak references
05-26 00:28:48.938 31383 31396 W .apps.wellbeing: ApkAssets: Deleting an ApkAssets object '<empty> and /system_ext/priv-app/rcsConfigService/rcsConfigService.apk' with 1 weak references
05-26 00:28:48.938 31383 31396 W .apps.wellbeing: ApkAssets: Deleting an ApkAssets object '<empty> and /system_ext/priv-app/3c_devicemanagement-binary/3c_devicemanagement-binary.apk' with 1 weak references
05-26 00:28:48.938 31383 31396 W .apps.wellbeing: ApkAssets: Deleting an ApkAssets object '<empty> and /system_ext/app/FMRadioService/FMRadioService.apk' with 1 weak references
05-26 00:28:48.939 31383 31396 W .apps.wellbeing: ApkAssets: Deleting an ApkAssets object '<empty> and /product/overlay/FontExo2RegularSource/FontExo2RegularSourceOverlay.apk' with 1 weak references
05-26 00:28:48.939 31383 31396 W .apps.wellbeing: ApkAssets: Deleting an ApkAssets object '<empty> and /data/app/~~YjWEBs1wypQrLkkqCRWIkA==/com.google.android.apps.podcasts-9hyfk8GcbcYrDlLflDTN4A==/base.apk' with 1 weak references
05-26 00:28:48.939 31383 31396 W .apps.wellbeing: ApkAssets: Deleting an ApkAssets object '<empty> and /data/app/~~Hjs4JCDJQWRbpTeiiamZ_Q==/com.dbs.in.cbcards-wbLEpxiQUgbgErokIUgUFw==/base.apk' with 1 weak references
05-26 00:28:48.939 31383 31396 W .apps.wellbeing: ApkAssets: Deleting an ApkAssets object '<empty> and /data/app/~~Hjs4JCDJQWRbpTeiiamZ_Q==/com.dbs.in.cbcards-wbLEpxiQUgbgErokIUgUFw==/split_config.arm64_v8a.apk' with 1 weak references
05-26 00:28:48.939 31383 31396 W .apps.wellbeing: ApkAssets: Deleting an ApkAssets object '<empty> and /data/app/~~Hjs4JCDJQWRbpTeiiamZ_Q==/com.dbs.in.cbcards-wbLEpxiQUgbgErokIUgUFw==/split_config.bn.apk' with 1 weak references
05-26 00:28:48.939 31383 31396 W .apps.wellbeing: ApkAssets: Deleting an ApkAssets object '<empty> and /data/app/~~Hjs4JCDJQWRbpTeiiamZ_Q==/com.dbs.in.cbcards-wbLEpxiQUgbgErokIUgUFw==/split_config.en.apk' with 1 weak references
05-26 00:28:48.939 31383 31396 W .apps.wellbeing: ApkAssets: Deleting an ApkAssets object '<empty> and /data/app/~~Hjs4JCDJQWRbpTeiiamZ_Q==/com.dbs.in.cbcards-wbLEpxiQUgbgErokIUgUFw==/split_config.gu.apk' with 1 weak references
05-26 00:28:48.939 31383 31396 W .apps.wellbeing: ApkAssets: Deleting an ApkAssets object '<empty> and /data/app/~~Hjs4JCDJQWRbpTeiiamZ_Q==/com.dbs.in.cbcards-wbLEpxiQUgbgErokIUgUFw==/split_config.hi.apk' with 1 weak references
05-26 00:28:48.939 31383 31396 W .apps.wellbeing: ApkAssets: Deleting an ApkAssets object '<empty> and /data/app/~~Hjs4JCDJQWRbpTeiiamZ_Q==/com.dbs.in.cbcards-wbLEpxiQUgbgErokIUgUFw==/split_config.kn.apk' with 1 weak references
05-26 00:28:48.939 31383 31396 W .apps.wellbeing: ApkAssets: Deleting an ApkAssets object '<empty> and /data/app/~~Hjs4JCDJQWRbpTeiiamZ_Q==/com.dbs.in.cbcards-wbLEpxiQUgbgErokIUgUFw==/split_config.mr.apk' with 1 weak references
05-26 00:28:48.940 31383 31396 W .apps.wellbeing: ApkAssets: Deleting an ApkAssets object '<empty> and /data/app/~~Hjs4JCDJQWRbpTeiiamZ_Q==/com.dbs.in.cbcards-wbLEpxiQUgbgErokIUgUFw==/split_config.ta.apk' with 1 weak references
05-26 00:28:48.940  2889  3357 D AdvertisingIdClient: AdvertisingIdClient is bounded
05-26 00:28:48.940 31383 31396 W .apps.wellbeing: ApkAssets: Deleting an ApkAssets object '<empty> and /data/app/~~Hjs4JCDJQWRbpTeiiamZ_Q==/com.dbs.in.cbcards-wbLEpxiQUgbgErokIUgUFw==/split_config.te.apk' with 1 weak references
05-26 00:28:48.942 31383 31396 W .apps.wellbeing: ApkAssets: Deleting an ApkAssets object '<empty> and /data/app/~~Hjs4JCDJQWRbpTeiiamZ_Q==/com.dbs.in.cbcards-wbLEpxiQUgbgErokIUgUFw==/split_config.xxhdpi.apk' with 1 weak references
05-26 00:28:48.943 31383 31396 W .apps.wellbeing: ApkAssets: Deleting an ApkAssets object '<empty> and /system/priv-app/ExternalStorageProvider/ExternalStorageProvider.apk' with 1 weak references
05-26 00:28:48.943 31383 31396 W .apps.wellbeing: ApkAssets: Deleting an ApkAssets object '<empty> and /product/priv-app/DMService/DMService.apk' with 1 weak references
05-26 00:28:48.943 31383 31396 W .apps.wellbeing: ApkAssets: Deleting an ApkAssets object '<empty> and /system/app/HTMLViewer/HTMLViewer.apk' with 1 weak references
05-26 00:28:48.943  2889  3357 I AdvertisingIdClient: shouldSendLog -1
05-26 00:28:48.943 31383 31396 W .apps.wellbeing: ApkAssets: Deleting an ApkAssets object '<empty> and /system_ext/priv-app/MotoBtAptxMode/MotoBtAptxMode.apk' with 1 weak references
05-26 00:28:48.943  2889  3357 I AdvertisingIdClient: GetInfoInternal elapse 19ms
05-26 00:28:48.944 31383 31396 W .apps.wellbeing: ApkAssets: Deleting an ApkAssets object '<empty> and /system/app/CompanionDeviceManager/CompanionDeviceManager.apk' with 1 weak references
05-26 00:28:48.944 31383 31396 W .apps.wellbeing: ApkAssets: Deleting an ApkAssets object '<empty> and /data/app/~~uJOx0e41ngBQYtPYreLc8Q==/com.google.android.apps.docs.editors.sheets-86cR4FwjHplaDrZbgh_4bg==/base.apk' with 1 weak references
05-26 00:28:48.944 31383 31396 W .apps.wellbeing: ApkAssets: Deleting an ApkAssets object '<empty> and /data/app/~~uJOx0e41ngBQYtPYreLc8Q==/com.google.android.apps.docs.editors.sheets-86cR4FwjHplaDrZbgh_4bg==/split_config.arm64_v8a.apk' with 1 weak references
05-26 00:28:48.944 31383 31396 W .apps.wellbeing: ApkAssets: Deleting an ApkAssets object '<empty> and /data/app/~~uJOx0e41ngBQYtPYreLc8Q==/com.google.android.apps.docs.editors.sheets-86cR4FwjHplaDrZbgh_4bg==/split_config.en.apk' with 1 weak references
05-26 00:28:48.944 31383 31396 W .apps.wellbeing: ApkAssets: Deleting an ApkAssets object '<empty> and /data/app/~~uJOx0e41ngBQYtPYreLc8Q==/com.google.android.apps.docs.editors.sheets-86cR4FwjHplaDrZbgh_4bg==/split_config.xxhdpi.apk' with 1 weak references
05-26 00:28:48.945 31383 31396 W .apps.wellbeing: ApkAssets: Deleting an ApkAssets object '<empty> and /data/app/~~u-q_fYe_VUv3SjzwNaOrRA==/com.tradingview.tradingviewapp-IEpH2jCObak7uBE9lYb7JA==/base.apk' with 1 weak references
05-26 00:28:48.945 31383 31396 W .apps.wellbeing: ApkAssets: Deleting an ApkAssets object '<empty> and /data/app/~~u-q_fYe_VUv3SjzwNaOrRA==/com.tradingview.tradingviewapp-IEpH2jCObak7uBE9lYb7JA==/split_config.arm64_v8a.apk' with 1 weak references
05-26 00:28:48.945 31383 31396 W .apps.wellbeing: ApkAssets: Deleting an ApkAssets object '<empty> and /data/app/~~Lk40QSVuV2lgiSqjUeTmtA==/com.google.android.apps.docs.editors.slides--H3vGhcZmpWZemmNGSzNVQ==/base.apk' with 1 weak references
05-26 00:28:48.945 31383 31396 W .apps.wellbeing: ApkAssets: Deleting an ApkAssets object '<empty> and /data/app/~~Lk40QSVuV2lgiSqjUeTmtA==/com.google.android.apps.docs.editors.slides--H3vGhcZmpWZemmNGSzNVQ==/split_config.arm64_v8a.apk' with 1 weak references
05-26 00:28:48.945 31383 31396 W .apps.wellbeing: ApkAssets: Deleting an ApkAssets object '<empty> and /data/app/~~Lk40QSVuV2lgiSqjUeTmtA==/com.google.android.apps.docs.editors.slides--H3vGhcZmpWZemmNGSzNVQ==/split_config.en.apk' with 1 weak references
05-26 00:28:48.945 31383 31396 W .apps.wellbeing: ApkAssets: Deleting an ApkAssets object '<empty> and /data/app/~~Lk40QSVuV2lgiSqjUeTmtA==/com.google.android.apps.docs.editors.slides--H3vGhcZmpWZemmNGSzNVQ==/split_config.xxhdpi.apk' with 1 weak references
05-26 00:28:48.946 31383 31396 W .apps.wellbeing: ApkAssets: Deleting an ApkAssets object '<empty> and /system/priv-app/DownloadProvider/DownloadProvider.apk' with 1 weak references
05-26 00:28:48.946 31383 31396 W .apps.wellbeing: ApkAssets: Deleting an ApkAssets object '<empty> and /system_ext/priv-app/CoreSettingsExt/CoreSettingsExt.apk' with 1 weak references
05-26 00:28:48.946 31383 31396 W .apps.wellbeing: ApkAssets: Deleting an ApkAssets object '/product/overlay/MotoCoreSettingsDoubleTapOverlay.apk' with 1 weak references
05-26 00:28:48.946 31383 31396 W .apps.wellbeing: ApkAssets: Deleting an ApkAssets object '/product/overlay/MotoCoreSettingsExtHiphiOverlay.apk' with 1 weak references
05-26 00:28:48.947 31383 31396 W .apps.wellbeing: ApkAssets: Deleting an ApkAssets object '<empty> and /data/app/~~fshBJMhuSysGUrB5fvCRzw==/com.google.android.apps.messaging-Gw7lPM6s8Jbt87jwhWUBgw==/base.apk' with 1 weak references
05-26 00:28:48.949 31383 31396 W .apps.wellbeing: ApkAssets: Deleting an ApkAssets object '<empty> and /data/app/~~fshBJMhuSysGUrB5fvCRzw==/com.google.android.apps.messaging-Gw7lPM6s8Jbt87jwhWUBgw==/split_config.arm64_v8a.apk' with 1 weak references
05-26 00:28:48.949 31383 31396 W .apps.wellbeing: ApkAssets: Deleting an ApkAssets object '<empty> and /data/app/~~fshBJMhuSysGUrB5fvCRzw==/com.google.android.apps.messaging-Gw7lPM6s8Jbt87jwhWUBgw==/split_config.en.apk' with 1 weak references
05-26 00:28:48.949 31383 31396 W .apps.wellbeing: ApkAssets: Deleting an ApkAssets object '<empty> and /data/app/~~fshBJMhuSysGUrB5fvCRzw==/com.google.android.apps.messaging-Gw7lPM6s8Jbt87jwhWUBgw==/split_config.xxhdpi.apk' with 1 weak references
05-26 00:28:48.949 31383 31396 W .apps.wellbeing: ApkAssets: Deleting an ApkAssets object '<empty> and /data/app/~~Xn7VO8HW6YvOdcHgz04zCA==/ru.zdevs.zarchiver-JV21dW96e8Bg8GayoFiYvQ==/base.apk' with 1 weak references
05-26 00:28:48.950 31383 31396 W .apps.wellbeing: ApkAssets: Deleting an ApkAssets object '<empty> and /product/priv-app/VzwMyVerizon-v18-4-2/VzwMyVerizon-v18-4-2.apk' with 1 weak references
05-26 00:28:48.950 31383 31396 W .apps.wellbeing: ApkAssets: Deleting an ApkAssets object '<empty> and /product/priv-app/Entitlement/Entitlement.apk' with 1 weak references
05-26 00:28:48.951 31383 31396 W .apps.wellbeing: ApkAssets: Deleting an ApkAssets object '<empty> and /apex/com.motorola.enterprise/priv-app/MotoThinkUEM@U1SM34M.1/MotoThinkUEM.apk' with 1 weak references
05-26 00:28:48.951 31383 31396 W .apps.wellbeing: ApkAssets: Deleting an ApkAssets object '<empty> and /data/app/~~awyxinFK2NYvk9DT0Z3UIg==/com.motorola.spaces-6zU9d4ABcziVB5LcUJ7GYg==/base.apk' with 1 weak references
05-26 00:28:48.951 31383 31396 W .apps.wellbeing: ApkAssets: Deleting an ApkAssets object '<empty> and /data/app/~~awyxinFK2NYvk9DT0Z3UIg==/com.motorola.spaces-6zU9d4ABcziVB5LcUJ7GYg==/split_config.arm64_v8a.apk' with 1 weak references
05-26 00:28:48.951 31383 31396 W .apps.wellbeing: ApkAssets: Deleting an ApkAssets object '<empty> and /data/app/~~awyxinFK2NYvk9DT0Z3UIg==/com.motorola.spaces-6zU9d4ABcziVB5LcUJ7GYg==/split_config.en.apk' with 1 weak references
05-26 00:28:48.951 31383 31396 W .apps.wellbeing: ApkAssets: Deleting an ApkAssets object '<empty> and /data/app/~~awyxinFK2NYvk9DT0Z3UIg==/com.motorola.spaces-6zU9d4ABcziVB5LcUJ7GYg==/split_config.xxhdpi.apk' with 1 weak references
05-26 00:28:48.952 31383 31396 W .apps.wellbeing: ApkAssets: Deleting an ApkAssets object '<empty> and /product/priv-app/MotoStylus/MotoStylus.apk' with 1 weak references
05-26 00:28:48.952 31383 31396 W .apps.wellbeing: ApkAssets: Deleting an ApkAssets object '<empty> and /system/app/MotoSignature2App/MotoSignature2App.apk' with 1 weak references
05-26 00:28:48.952 31383 31396 W .apps.wellbeing: ApkAssets: Deleting an ApkAssets object '<empty> and /data/app/~~VDWpUxqPL2_uEc42mMCZQQ==/com.kreditbee.android-8CGSbUHj2H_JrDgdSRTCsQ==/base.apk' with 1 weak references
05-26 00:28:48.953 31383 31396 W .apps.wellbeing: ApkAssets: Deleting an ApkAssets object '<empty> and /product/priv-app/AttPhoneExt/AttPhoneExt.apk' with 1 weak references
05-26 00:28:48.953 31383 31396 W .apps.wellbeing: ApkAssets: Deleting an ApkAssets object '<empty> and /data/app/~~wNMLf3qKusQqQ3njJ9VAfg==/com.naviapp-eldM4nhfhm1rN_vf6wTOFA==/base.apk' with 1 weak references
05-26 00:28:48.953 31383 31396 W .apps.wellbeing: ApkAssets: Deleting an ApkAssets object '<empty> and /data/app/~~wNMLf3qKusQqQ3njJ9VAfg==/com.naviapp-eldM4nhfhm1rN_vf6wTOFA==/split_config.arm64_v8a.apk' with 1 weak references
05-26 00:28:48.953 31383 31396 W .apps.wellbeing: ApkAssets: Deleting an ApkAssets object '<empty> and /data/app/~~wNMLf3qKusQqQ3njJ9VAfg==/com.naviapp-eldM4nhfhm1rN_vf6wTOFA==/split_config.xxhdpi.apk' with 1 weak references
05-26 00:28:48.953 31383 31396 W .apps.wellbeing: ApkAssets: Deleting an ApkAssets object '<empty> and /product/priv-app/VVM3/VVM3.apk' with 1 weak references
05-26 00:28:48.958  1758  4641 I vendor.qti.bluetooth@1.0-ibs_handler: ProcessIbsCmd: Received IBS_SLEEP_IND: 0xFE
05-26 00:28:48.958  1758  4641 D vendor.qti.bluetooth@1.0-ibs_handler: SerialClockVote: vote for UART CLK OFF
05-26 00:28:48.954 31383 31396 W .apps.wellbeing: ApkAssets: Deleting an ApkAssets object '<empty> and /system_ext/app/3c_main/3c_main.apk' with 1 weak references
05-26 00:28:48.959 31383 31396 W .apps.wellbeing: ApkAssets: Deleting an ApkAssets object '<empty> and /product/priv-app/VzwCloud/VzwCloud.apk' with 1 weak references
05-26 00:28:48.961  4774  4774 D BoundBrokerSvc: onRebind: Intent { act=com.google.android.gms.common.telemetry.service.START dat=chimera-action:/... cmp=com.google.android.gms/.chimera.PersistentApiService }
05-26 00:28:48.961 31383 31396 W .apps.wellbeing: ApkAssets: Deleting an ApkAssets object '<empty> and /product/priv-app/VzwDM/VzwDM.apk' with 1 weak references
05-26 00:28:48.961 31383 31396 W .apps.wellbeing: ApkAssets: Deleting an ApkAssets object '<empty> and /apex/com.motorola.enterprise/priv-app/EnterpriseAdapterService@U1SM34M.1/EnterpriseAdapterService.apk' with 1 weak references
05-26 00:28:48.963 31383 31396 W .apps.wellbeing: ApkAssets: Deleting an ApkAssets object '<empty> and /data/app/~~IRTNFRKBk3ZhWUnOMG6xOg==/org.schabi.newpipe-wMPVi4r0fn8t6igVcXTH7g==/base.apk' with 1 weak references
05-26 00:28:48.964 31383 31396 W .apps.wellbeing: ApkAssets: Deleting an ApkAssets object '<empty> and /product/priv-app/MotCamera4/MotCamera4.apk' with 1 weak references
05-26 00:28:48.964  4774  2658 I PhenotypeResourceReader: unable to find any Phenotype resource metadata for com.earlysalary.android
05-26 00:28:48.966 31383 31396 W .apps.wellbeing: ApkAssets: Deleting an ApkAssets object '<empty> and /data/app/~~lJsqkPZ9wjKK3xgc7BYelw==/in.amazon.mShop.android.shopping-Khgaf2V6_VEJ4c6nvQU-BA==/base.apk' with 1 weak references
05-26 00:28:48.966 31383 31396 W .apps.wellbeing: ApkAssets: Deleting an ApkAssets object '<empty> and /data/app/~~lJsqkPZ9wjKK3xgc7BYelw==/in.amazon.mShop.android.shopping-Khgaf2V6_VEJ4c6nvQU-BA==/split_config.arm64_v8a.apk' with 1 weak references
05-26 00:28:48.966 31383 31396 W .apps.wellbeing: ApkAssets: Deleting an ApkAssets object '<empty> and /data/app/~~lJsqkPZ9wjKK3xgc7BYelw==/in.amazon.mShop.android.shopping-Khgaf2V6_VEJ4c6nvQU-BA==/split_config.xxhdpi.apk' with 1 weak references
05-26 00:28:48.966 31383 31396 W .apps.wellbeing: ApkAssets: Deleting an ApkAssets object '<empty> and /apex/com.android.mediaprovider/priv-app/MediaProviderGoogle@361521100/MediaProviderGoogle.apk' with 1 weak references
05-26 00:28:48.967 31383 31396 W .apps.wellbeing: ApkAssets: Deleting an ApkAssets object '<empty> and /product/priv-app/MotoAppForecast/MotoAppForecast.apk' with 1 weak references
05-26 00:28:48.967 31383 31396 W .apps.wellbeing: ApkAssets: Deleting an ApkAssets object '<empty> and /system_ext/app/NFWLocationAttribution/NFWLocationAttribution.apk' with 1 weak references
05-26 00:28:48.967 31383 31396 W .apps.wellbeing: ApkAssets: Deleting an ApkAssets object '<empty> and /system_ext/priv-app/3c_ota/3c_ota.apk' with 1 weak references
05-26 00:28:48.967 31383 31396 W .apps.wellbeing: ApkAssets: Deleting an ApkAssets object '<empty> and /data/app/~~CNC17nwqIm87ioaf3GtiHg==/com.motorola.ccc.notification-o9NaYsqMH2_GJnGBRCWflQ==/base.apk' with 1 weak references
05-26 00:28:48.968 31383 31396 W .apps.wellbeing: ApkAssets: Deleting an ApkAssets object '<empty> and /data/app/~~GDqsmLcOP_7Q5CAnTb6xqQ==/com.google.android.apps.safetyhub-u6Dy7tx83T36U-NWAsE1qQ==/base.apk' with 1 weak references
05-26 00:28:48.968 31383 31396 W .apps.wellbeing: ApkAssets: Deleting an ApkAssets object '<empty> and /data/app/~~GDqsmLcOP_7Q5CAnTb6xqQ==/com.google.android.apps.safetyhub-u6Dy7tx83T36U-NWAsE1qQ==/split_config.arm64_v8a.apk' with 1 weak references
05-26 00:28:48.969  4774  2658 I NearbyMediums: Found Fast Ble Advertisements :
05-26 00:28:48.969  4774  2658 I NearbyMediums: BleAdvertisement { version=2, socketVersion=2, isFast=true, serviceIdHash=null, data=[ 0x23 0x38 0x48 0x30 0x48 0x11 0x32 0x03 0x55 0x1b 0x4f 0x84 0xac 0x99 0x80 0x5e 0x30 0x5a 0xb8 0x97 0x62 0x15 0xa3 ], deviceToken=[ 0xe4 0xb8 ], rxAdvertisement=null } : 8 times.
05-26 00:28:48.969  4774  2658 I NearbyMediums: BleAdvertisement { version=2, socketVersion=2, isFast=true, serviceIdHash=null, data=[ 0x23 0x57 0x5a 0x45 0x57 0x11 0x32 0x65 0x9b 0xae 0x61 0xf6 0x6d 0x6f 0x82 0xdc 0x2e 0x68 0x15 0x98 0x07 0x5d 0x84 ], deviceToken=[ 0xe4 0xb8 ], rxAdvertisement=null } : 1 times.
05-26 00:28:48.969  4774  2658 I NearbyMediums: Total 9 fast advertisements from 2 unique advertisers.
05-26 00:28:48.969  4774  2658 I NearbyMediums: Current Tracked Scanning Clients are : {NearbyConnections.EnvironmentMonitor, NearbySharing, NearbyConnections.TxAdvertisement}
05-26 00:28:48.969 31383 31396 W .apps.wellbeing: ApkAssets: Deleting an ApkAssets object '<empty> and /data/app/~~GDqsmLcOP_7Q5CAnTb6xqQ==/com.google.android.apps.safetyhub-u6Dy7tx83T36U-NWAsE1qQ==/split_config.xxhdpi.apk' with 1 weak references
05-26 00:28:48.977 31383 31396 W .apps.wellbeing: ApkAssets: Deleting an ApkAssets object '<empty> and /data/app/~~4uxXIPzxKZjwpBGi8Ex0aQ==/com.google.ar.core-sWuoQbPQJKFE-SkfaJXL8A==/base.apk' with 1 weak references
05-26 00:28:48.977 31383 31396 W .apps.wellbeing: ApkAssets: Deleting an ApkAssets object '<empty> and /data/app/~~4uxXIPzxKZjwpBGi8Ex0aQ==/com.google.ar.core-sWuoQbPQJKFE-SkfaJXL8A==/split_config.en.apk' with 1 weak references
05-26 00:28:48.977 31383 31396 W .apps.wellbeing: ApkAssets: Deleting an ApkAssets object '<empty> and /data/app/~~4uxXIPzxKZjwpBGi8Ex0aQ==/com.google.ar.core-sWuoQbPQJKFE-SkfaJXL8A==/split_config.xxhdpi.apk' with 1 weak references
05-26 00:28:48.977 31383 31396 W .apps.wellbeing: ApkAssets: Deleting an ApkAssets object '<empty> and /system/priv-app/DownloadProviderUi/DownloadProviderUi.apk' with 1 weak references
05-26 00:28:48.977 31383 31396 W .apps.wellbeing: ApkAssets: Deleting an ApkAssets object '<empty> and /apex/com.android.wifi/app/OsuLoginGoogle@361524080/OsuLoginGoogle.apk' with 1 weak references
05-26 00:28:48.978 31383 31396 W .apps.wellbeing: ApkAssets: Deleting an ApkAssets object '<empty> and /data/app/~~zU5CZYnDhP-v9boIEC6M0A==/com.android.vending-FROQlOa9CQiGcOHQDXu6Nw==/base.apk' with 1 weak references
05-26 00:28:48.978 31383 31396 W .apps.wellbeing: ApkAssets: Deleting an ApkAssets object '<empty> and /data/app/~~zU5CZYnDhP-v9boIEC6M0A==/com.android.vending-FROQlOa9CQiGcOHQDXu6Nw==/split_config.arm64_v8a.apk' with 1 weak references
05-26 00:28:48.978 31383 31396 W .apps.wellbeing: ApkAssets: Deleting an ApkAssets object '<empty> and /data/app/~~zU5CZYnDhP-v9boIEC6M0A==/com.android.vending-FROQlOa9CQiGcOHQDXu6Nw==/split_config.en.apk' with 1 weak references
05-26 00:28:48.978 31383 31396 W .apps.wellbeing: ApkAssets: Deleting an ApkAssets object '<empty> and /data/app/~~zU5CZYnDhP-v9boIEC6M0A==/com.android.vending-FROQlOa9CQiGcOHQDXu6Nw==/split_phonesky_data_loader.apk' with 1 weak references
05-26 00:28:48.978 31383 31396 W .apps.wellbeing: ApkAssets: Deleting an ApkAssets object '<empty> and /data/app/~~zU5CZYnDhP-v9boIEC6M0A==/com.android.vending-FROQlOa9CQiGcOHQDXu6Nw==/split_phonesky_data_loader.config.arm64_v8a.apk' with 1 weak references
05-26 00:28:48.978 31383 31396 W .apps.wellbeing: ApkAssets: Deleting an ApkAssets object '<empty> and /data/app/~~zU5CZYnDhP-v9boIEC6M0A==/com.android.vending-FROQlOa9CQiGcOHQDXu6Nw==/split_phonesky_webrtc_native_lib.apk' with 1 weak references
05-26 00:28:48.978 31383 31396 W .apps.wellbeing: ApkAssets: Deleting an ApkAssets object '<empty> and /data/app/~~zU5CZYnDhP-v9boIEC6M0A==/com.android.vending-FROQlOa9CQiGcOHQDXu6Nw==/split_phonesky_webrtc_native_lib.config.arm64_v8a.apk' with 1 weak references
05-26 00:28:48.978 31383 31396 W .apps.wellbeing: ApkAssets: Deleting an ApkAssets object '<empty> and /system/app/PacProcessor/PacProcessor.apk' with 1 weak references
05-26 00:28:48.978 31383 31396 W .apps.wellbeing: ApkAssets: Deleting an ApkAssets object '<empty> and /system/app/SimAppDialog/SimAppDialog.apk' with 1 weak references
05-26 00:28:48.979 31383 31396 W .apps.wellbeing: ApkAssets: Deleting an ApkAssets object '<empty> and /system_ext/priv-app/daxService/daxService.apk' with 1 weak references
05-26 00:28:48.979 31383 31396 W .apps.wellbeing: ApkAssets: Deleting an ApkAssets object '<empty> and /product/priv-app/MotoFaceUnlockArcSoft/MotoFaceUnlockArcSoft.apk' with 1 weak references
05-26 00:28:48.979 31383 31396 W .apps.wellbeing: ApkAssets: Deleting an ApkAssets object '<empty> and /apex/com.android.adservices/priv-app/AdServicesApkGoogle@361153320/AdServicesApkGoogle.apk' with 1 weak references
05-26 00:28:48.980 31383 31396 W .apps.wellbeing: ApkAssets: Deleting an ApkAssets object '<empty> and /data/app/~~l50Og8K7rO095poSMDegMQ==/in.rebase.app-8EGpnx012wTNX5Mv3JA5DQ==/base.apk' with 1 weak references
05-26 00:28:48.980 31383 31396 W .apps.wellbeing: ApkAssets: Deleting an ApkAssets object '<empty> and /data/app/~~l50Og8K7rO095poSMDegMQ==/in.rebase.app-8EGpnx012wTNX5Mv3JA5DQ==/split_config.arm64_v8a.apk' with 1 weak references
05-26 00:28:48.980 31383 31396 W .apps.wellbeing: ApkAssets: Deleting an ApkAssets object '<empty> and /data/app/~~l50Og8K7rO095poSMDegMQ==/in.rebase.app-8EGpnx012wTNX5Mv3JA5DQ==/split_config.xxhdpi.apk' with 1 weak references
05-26 00:28:48.980 31383 31396 W .apps.wellbeing: ApkAssets: Deleting an ApkAssets object '<empty> and /product/overlay/NavigationBarModeHideGestural/NavigationBarModeHideGesturalOverlay.apk' with 1 weak references
05-26 00:28:48.980 31383 31396 W .apps.wellbeing: ApkAssets: Deleting an ApkAssets object '<empty> and /product/priv-app/DishAppCloudStub/DishAppCloudStub.apk' with 1 weak references
05-26 00:28:48.980 31383 31396 W .apps.wellbeing: ApkAssets: Deleting an ApkAssets object '<empty> and /product/overlay/DisplayCutoutEmulationHole/DisplayCutoutEmulationHoleOverlay.apk' with 1 weak references
05-26 00:28:48.981 31383 31396 W .apps.wellbeing: ApkAssets: Deleting an ApkAssets object '<empty> and /product/overlay/DisplayCutoutEmulationTall/DisplayCutoutEmulationTallOverlay.apk' with 1 weak references
05-26 00:28:48.981 31383 31396 W .apps.wellbeing: ApkAssets: Deleting an ApkAssets object '<empty> and /system/app/CertInstaller/CertInstaller.apk' with 1 weak references
05-26 00:28:48.981 31383 31396 W .apps.wellbeing: ApkAssets: Deleting an ApkAssets object '<empty> and /data/app/~~ayHrkhJaMYZ1PHbFQqSwgw==/com.google.android.marvin.talkback-BhVYM5CEkhfCkcu3hoO8pg==/base.apk' with 1 weak references
05-26 00:28:48.981 31383 31396 W .apps.wellbeing: ApkAssets: Deleting an ApkAssets object '<empty> and /data/app/~~ayHrkhJaMYZ1PHbFQqSwgw==/com.google.android.marvin.talkback-BhVYM5CEkhfCkcu3hoO8pg==/split_config.arm64_v8a.apk' with 1 weak references
05-26 00:28:48.981 31383 31396 W .apps.wellbeing: ApkAssets: Deleting an ApkAssets object '<empty> and /product/overlay/NavigationBarMode3Button/NavigationBarMode3ButtonOverlay.apk' with 1 weak references
05-26 00:28:48.981 31383 31396 W .apps.wellbeing: ApkAssets: Deleting an ApkAssets object '<empty> and /data/app/~~llGoy7Q5WiHoz6bIC61TrA==/com.motorola.securevault-3tzqdyAQWhDx8pp3Tlynjw==/base.apk' with 1 weak references
05-26 00:28:48.982 31383 31396 W .apps.wellbeing: ApkAssets: Deleting an ApkAssets object '<empty> and /data/app/~~llGoy7Q5WiHoz6bIC61TrA==/com.motorola.securevault-3tzqdyAQWhDx8pp3Tlynjw==/split_config.arm64_v8a.apk' with 1 weak references
05-26 00:28:48.982 31383 31396 W .apps.wellbeing: ApkAssets: Deleting an ApkAssets object '<empty> and /data/app/~~llGoy7Q5WiHoz6bIC61TrA==/com.motorola.securevault-3tzqdyAQWhDx8pp3Tlynjw==/split_config.en.apk' with 1 weak references
05-26 00:28:48.982 31383 31396 W .apps.wellbeing: ApkAssets: Deleting an ApkAssets object '<empty> and /data/app/~~llGoy7Q5WiHoz6bIC61TrA==/com.motorola.securevault-3tzqdyAQWhDx8pp3Tlynjw==/split_config.xxhdpi.apk' with 1 weak references
05-26 00:28:48.982 31383 31396 W .apps.wellbeing: ApkAssets: Deleting an ApkAssets object '<empty> and /product/priv-app/HotwordEnrollmentXGoogleHEXAGON_WIDEBAND/HotwordEnrollmentXGoogleHEXAGON_WIDEBAND.apk' with 1 weak references
05-26 00:28:48.982 31383 31396 W .apps.wellbeing: ApkAssets: Deleting an ApkAssets object '<empty> and /product/priv-app/Contacts/Contacts.apk' with 1 weak references
05-26 00:28:48.984 31383 31396 W .apps.wellbeing: ApkAssets: Deleting an ApkAssets object '<empty> and /data/app/~~Ptgi_pjL8yQOa7WxI-F6dA==/org.kde.kdeconnect_tp-jXgInvrOyP2DMqjrGnU22w==/base.apk' with 1 weak references
05-26 00:28:48.985 31383 31396 W .apps.wellbeing: ApkAssets: Deleting an ApkAssets object '<empty> and /system_ext/priv-app/WfdService/WfdService.apk' with 1 weak references
05-26 00:28:48.985 31383 31396 W .apps.wellbeing: ApkAssets: Deleting an ApkAssets object '<empty> and /product/priv-app/OMAProvisioning/OMAProvisioning.apk' with 1 weak references
05-26 00:28:48.985 31383 31396 W .apps.wellbeing: ApkAssets: Deleting an ApkAssets object '<empty> and /system_ext/priv-app/MotoTaskBar/MotoTaskBar.apk' with 1 weak references
05-26 00:28:48.985 31383 31396 W .apps.wellbeing: ApkAssets: Deleting an ApkAssets object '<empty> and /product/priv-app/VzwAPNServiceWs/VzwAPNServiceWs.apk' with 1 weak references
05-26 00:28:48.986 31383 31396 W .apps.wellbeing: ApkAssets: Deleting an ApkAssets object '<empty> and /data/app/~~Apwrkd8y6970MTynpc3hSQ==/com.olx.southasia-qSMKUt9fK46VZhrEITdAUw==/base.apk' with 1 weak references
05-26 00:28:48.986 31383 31396 W .apps.wellbeing: ApkAssets: Deleting an ApkAssets object '<empty> and /data/app/~~Apwrkd8y6970MTynpc3hSQ==/com.olx.southasia-qSMKUt9fK46VZhrEITdAUw==/split_config.arm64_v8a.apk' with 1 weak references
05-26 00:28:48.986 31383 31396 W .apps.wellbeing: ApkAssets: Deleting an ApkAssets object '<empty> and /data/app/~~Apwrkd8y6970MTynpc3hSQ==/com.olx.southasia-qSMKUt9fK46VZhrEITdAUw==/split_config.xxhdpi.apk' with 1 weak references
05-26 00:28:48.986 31383 31396 W .apps.wellbeing: ApkAssets: Deleting an ApkAssets object '<empty> and /product/priv-app/vzwPhoneExt/vzwPhoneExt.apk' with 1 weak references
05-26 00:28:48.986 31383 31396 W .apps.wellbeing: ApkAssets: Deleting an ApkAssets object '<empty> and /data/app/~~IrlF06fzlEMGdGYSsa-9Gw==/com.dp.logcatapp-_g_qkfgg7EEZF1g4w52dmg==/base.apk' with 1 weak references
05-26 00:28:48.987 31383 31396 W .apps.wellbeing: ApkAssets: Deleting an ApkAssets object '<empty> and /data/app/~~6HXRVioIns4kDTn5MtZtPg==/com.motorola.mobiledesktop-Ii3hjhxltCDsKFc5v3YbHQ==/base.apk' with 1 weak references
05-26 00:28:48.987  2889  3411 D CompatibilityChangeReporter: Compat change id reported: 160794467; UID 10470; state: ENABLED
05-26 00:28:48.987 31383 31396 W .apps.wellbeing: ApkAssets: Deleting an ApkAssets object '<empty> and /data/app/~~QBVDx-Sw3tmyveCwQKQwaw==/com.confirmtkt.lite-8BW3KfUw0xpq_GIV0agZVA==/base.apk' with 1 weak references
05-26 00:28:48.987 31383 31396 W .apps.wellbeing: ApkAssets: Deleting an ApkAssets object '<empty> and /data/app/~~QBVDx-Sw3tmyveCwQKQwaw==/com.confirmtkt.lite-8BW3KfUw0xpq_GIV0agZVA==/split_config.arm64_v8a.apk' with 1 weak references
05-26 00:28:48.988 31383 31396 W .apps.wellbeing: ApkAssets: Deleting an ApkAssets object '<empty> and /data/app/~~QBVDx-Sw3tmyveCwQKQwaw==/com.confirmtkt.lite-8BW3KfUw0xpq_GIV0agZVA==/split_config.xxhdpi.apk' with 1 weak references
05-26 00:28:48.988 31383 31396 W .apps.wellbeing: ApkAssets: Deleting an ApkAssets object '<empty> and /data/app/~~OA-y7rrubUQoloD1YeSNLw==/com.motorola.securityhub-2ILulhzMRNl8fuAVdl0pdQ==/base.apk' with 1 weak references
05-26 00:28:48.988 31383 31396 W .apps.wellbeing: ApkAssets: Deleting an ApkAssets object '<empty> and /data/app/~~OA-y7rrubUQoloD1YeSNLw==/com.motorola.securityhub-2ILulhzMRNl8fuAVdl0pdQ==/split_config.arm64_v8a.apk' with 1 weak references
05-26 00:28:48.988 31383 31396 W .apps.wellbeing: ApkAssets: Deleting an ApkAssets object '<empty> and /data/app/~~OA-y7rrubUQoloD1YeSNLw==/com.motorola.securityhub-2ILulhzMRNl8fuAVdl0pdQ==/split_config.en.apk' with 1 weak references
05-26 00:28:48.988 31383 31396 W .apps.wellbeing: ApkAssets: Deleting an ApkAssets object '<empty> and /data/app/~~OA-y7rrubUQoloD1YeSNLw==/com.motorola.securityhub-2ILulhzMRNl8fuAVdl0pdQ==/split_config.xxhdpi.apk' with 1 weak references
05-26 00:28:48.988 31383 31396 W .apps.wellbeing: ApkAssets: Deleting an ApkAssets object '<empty> and /system_ext/priv-app/HiddenMenu/HiddenMenu.apk' with 1 weak references
05-26 00:28:48.988  2889  3411 D WM-ForceStopRunnable: Found unfinished work, scheduling it.
05-26 00:28:48.988 31383 31396 W .apps.wellbeing: ApkAssets: Deleting an ApkAssets object '<empty> and /system/app/EasterEgg/EasterEgg.apk' with 1 weak references
05-26 00:28:48.989 31383 31396 W .apps.wellbeing: ApkAssets: Deleting an ApkAssets object '<empty> and /system/priv-app/MtpService/MtpService.apk' with 1 weak references
05-26 00:28:48.989 31383 31396 W .apps.wellbeing: ApkAssets: Deleting an ApkAssets object '<empty> and /system_ext/app/Nfc_st/Nfc_st.apk' with 1 weak references
05-26 00:28:48.990 31383 31396 W .apps.wellbeing: ApkAssets: Deleting an ApkAssets object '<empty> and /system/app/Stk/Stk.apk' with 1 weak references
05-26 00:28:48.992 31383 31396 W .apps.wellbeing: ApkAssets: Deleting an ApkAssets object '<empty> and /product/app/MotoPhotoEditor/MotoPhotoEditor.apk' with 1 weak references
05-26 00:28:48.992 31383 31396 W .apps.wellbeing: ApkAssets: Deleting an ApkAssets object '<empty> and /data/app/~~sO1hVIOcRHtYJwYAEVcsBg==/com.amazon.dee.app-rpf1VYV-w22zlUyu1kx6sw==/base.apk' with 1 weak references
05-26 00:28:48.992 31383 31396 W .apps.wellbeing: ApkAssets: Deleting an ApkAssets object '<empty> and /data/app/~~sO1hVIOcRHtYJwYAEVcsBg==/com.amazon.dee.app-rpf1VYV-w22zlUyu1kx6sw==/split_config.arm64_v8a.apk' with 1 weak references
05-26 00:28:48.992 31383 31396 W .apps.wellbeing: ApkAssets: Deleting an ApkAssets object '<empty> and /data/app/~~sO1hVIOcRHtYJwYAEVcsBg==/com.amazon.dee.app-rpf1VYV-w22zlUyu1kx6sw==/split_config.xxhdpi.apk' with 1 weak references
05-26 00:28:48.993 31383 31396 W .apps.wellbeing: ApkAssets: Deleting an ApkAssets object '<empty> and /product/priv-app/VzwSettingsExt/VzwSettingsExt.apk' with 1 weak references
05-26 00:28:48.993 31383 31396 W .apps.wellbeing: ApkAssets: Deleting an ApkAssets object '<empty> and /system/app/MotoDolbyDax3/MotoDolbyDax3.apk' with 1 weak references
05-26 00:28:48.994 31383 31396 W .apps.wellbeing: ApkAssets: Deleting an ApkAssets object '<empty> and /data/app/~~oVAN7LDAEaVqYB73txv8Hw==/com.motorola.timeweatherwidget-z3kTy5x08JkHqtimkbcrMg==/base.apk' with 1 weak references
05-26 00:28:48.994 31383 31396 W .apps.wellbeing: ApkAssets: Deleting an ApkAssets object '<empty> and /product/priv-app/VzwCarrierLoginEngine/VzwCarrierLoginEngine.apk' with 1 weak references
05-26 00:28:48.994 31383 31396 W .apps.wellbeing: ApkAssets: Deleting an ApkAssets object '<empty> and /data/app/~~WQUddx1Nc2PUytJNr-NP2Q==/com.google.android.deskclock-JvaC_aN9UUGofeBiW7bEAg==/base.apk' with 1 weak references
05-26 00:28:48.995 31383 31396 W .apps.wellbeing: ApkAssets: Deleting an ApkAssets object '<empty> and /data/app/~~WQUddx1Nc2PUytJNr-NP2Q==/com.google.android.deskclock-JvaC_aN9UUGofeBiW7bEAg==/split_config.xxhdpi.apk' with 1 weak references
05-26 00:28:48.995 31383 31396 W .apps.wellbeing: ApkAssets: Deleting an ApkAssets object '<empty> and /data/app/~~GZ-oYemxf4FZfOo2uJi2wA==/com.paytm.business-tfMWkryv8fUh7acVq8YfKg==/base.apk' with 1 weak references
05-26 00:28:48.995 31383 31396 W .apps.wellbeing: ApkAssets: Deleting an ApkAssets object '<empty> and /data/app/~~GZ-oYemxf4FZfOo2uJi2wA==/com.paytm.business-tfMWkryv8fUh7acVq8YfKg==/split_config.arm64_v8a.apk' with 1 weak references
05-26 00:28:48.995 31383 31396 W .apps.wellbeing: ApkAssets: Deleting an ApkAssets object '<empty> and /data/app/~~GZ-oYemxf4FZfOo2uJi2wA==/com.paytm.business-tfMWkryv8fUh7acVq8YfKg==/split_config.xxhdpi.apk' with 1 weak references
05-26 00:28:48.995 31383 31396 W .apps.wellbeing: ApkAssets: Deleting an ApkAssets object '<empty> and /data/app/~~_hVlMsmwieDwxK2TvzXwqA==/com.pinterest-0TBBnMQcbuoMOCerT0i3qg==/base.apk' with 1 weak references
05-26 00:28:48.996 31383 31396 W .apps.wellbeing: ApkAssets: Deleting an ApkAssets object '<empty> and /data/app/~~_hVlMsmwieDwxK2TvzXwqA==/com.pinterest-0TBBnMQcbuoMOCerT0i3qg==/split_config.arm64_v8a.apk' with 1 weak references
05-26 00:28:48.996 31383 31396 W .apps.wellbeing: ApkAssets: Deleting an ApkAssets object '<empty> and /data/app/~~_hVlMsmwieDwxK2TvzXwqA==/com.pinterest-0TBBnMQcbuoMOCerT0i3qg==/split_config.en.apk' with 1 weak references
05-26 00:28:48.996 31383 31396 W .apps.wellbeing: ApkAssets: Deleting an ApkAssets object '<empty> and /data/app/~~_hVlMsmwieDwxK2TvzXwqA==/com.pinterest-0TBBnMQcbuoMOCerT0i3qg==/split_config.xxhdpi.apk' with 1 weak references
05-26 00:28:48.996 31383 31396 W .apps.wellbeing: ApkAssets: Deleting an ApkAssets object '<empty> and /product/overlay/FontRobotoSlabRegular/FontRobotoSlabRegularOverlay.apk' with 1 weak references
05-26 00:28:48.996 31383 31396 W .apps.wellbeing: ApkAssets: Deleting an ApkAssets object '<empty> and /product/priv-app/MotoScreenshotEditor/MotoScreenshotEditor.apk' with 1 weak references
05-26 00:28:48.997 31383 31396 W .apps.wellbeing: ApkAssets: Deleting an ApkAssets object '<empty> and /data/app/~~hClGSCrSizqRa0Ho_Mbr5g==/com.google.android.as-dhNoiZWwfcFCh1qwDpY0UQ==/base.apk' with 1 weak references
05-26 00:28:48.997 31383 31396 W .apps.wellbeing: ApkAssets: Deleting an ApkAssets object '<empty> and /data/app/~~Oael_2NBkIhLpEoXyP_5KA==/com.google.android.gm-MA0wEpeTkq6uOjBZakM9LA==/base.apk' with 1 weak references
05-26 00:28:48.998 31383 31396 W .apps.wellbeing: ApkAssets: Deleting an ApkAssets object '<empty> and /data/app/~~Oael_2NBkIhLpEoXyP_5KA==/com.google.android.gm-MA0wEpeTkq6uOjBZakM9LA==/split_config.arm64_v8a.apk' with 1 weak references
05-26 00:28:48.998 31383 31396 W .apps.wellbeing: ApkAssets: Deleting an ApkAssets object '<empty> and /data/app/~~Oael_2NBkIhLpEoXyP_5KA==/com.google.android.gm-MA0wEpeTkq6uOjBZakM9LA==/split_config.en.apk' with 1 weak references
05-26 00:28:48.998 31383 31396 W .apps.wellbeing: ApkAssets: Deleting an ApkAssets object '<empty> and /data/app/~~Oael_2NBkIhLpEoXyP_5KA==/com.google.android.gm-MA0wEpeTkq6uOjBZakM9LA==/split_config.xxhdpi.apk' with 1 weak references
05-26 00:28:48.998 31383 31396 W .apps.wellbeing: ApkAssets: Deleting an ApkAssets object '<empty> and /data/app/~~r3sAjizPhgKbIx_bbPdJwg==/com.google.android.apps.tachyon-c3G6kegwvTg2eA39CVIMfQ==/base.apk' with 1 weak references
05-26 00:28:48.998 31383 31396 W .apps.wellbeing: ApkAssets: Deleting an ApkAssets object '<empty> and /data/app/~~r3sAjizPhgKbIx_bbPdJwg==/com.google.android.apps.tachyon-c3G6kegwvTg2eA39CVIMfQ==/split_config.arm64_v8a.apk' with 1 weak references
05-26 00:28:48.999 31383 31396 W .apps.wellbeing: ApkAssets: Deleting an ApkAssets object '<empty> and /data/app/~~r3sAjizPhgKbIx_bbPdJwg==/com.google.android.apps.tachyon-c3G6kegwvTg2eA39CVIMfQ==/split_config.en.apk' with 1 weak references
05-26 00:28:48.999 31383 31396 W .apps.wellbeing: ApkAssets: Deleting an ApkAssets object '<empty> and /data/app/~~r3sAjizPhgKbIx_bbPdJwg==/com.google.android.apps.tachyon-c3G6kegwvTg2eA39CVIMfQ==/split_config.xxhdpi.apk' with 1 weak references
05-26 00:28:48.999 31383 31396 W .apps.wellbeing: ApkAssets: Deleting an ApkAssets object '<empty> and /system_ext/priv-app/CQATest/CQATest.apk' with 1 weak references
05-26 00:28:48.999 31383 31396 W .apps.wellbeing: ApkAssets: Deleting an ApkAssets object '<empty> and /product/priv-app/SettingsIntelligence/SettingsIntelligence.apk' with 1 weak references
05-26 00:28:48.999 31383 31396 W .apps.wellbeing: ApkAssets: Deleting an ApkAssets object '<empty> and /product/priv-app/SprintSettings/SprintSettings.apk' with 1 weak references
05-26 00:28:48.999 31383 31396 W .apps.wellbeing: ApkAssets: Deleting an ApkAssets object '<empty> and /product/overlay/NavigationBarModeGesturalExtraWideBack/NavigationBarModeGesturalOverlayExtraWideBack.apk' with 1 weak references
05-26 00:28:49.000 31383 31396 W .apps.wellbeing: ApkAssets: Deleting an ApkAssets object '<empty> and /apex/com.android.permission/priv-app/GooglePermissionController@361524160/GooglePermissionController.apk' with 1 weak references
05-26 00:28:49.000  2889  3411 D CompatibilityChangeReporter: Compat change id reported: 194532703; UID 10470; state: ENABLED
05-26 00:28:49.001  2889  2889 I AdvertisingIdClient: getting error as 17: API: ClientTelemetry.API is not available on this device. Connection failed with: b{statusCode=API_DISABLED_FOR_CONNECTION, resolution=null, message=null}
05-26 00:28:49.001 31383 31396 W .apps.wellbeing: ApkAssets: Deleting an ApkAssets object '/product/overlay/GooglePermissionControllerOverlay.apk' with 1 weak references
05-26 00:28:49.001 31383 31396 W .apps.wellbeing: ApkAssets: Deleting an ApkAssets object '<empty> and /product/priv-app/VzwUnifiedSettingsApp/VzwUnifiedSettingsApp.apk' with 1 weak references
05-26 00:28:49.001 31383 31396 W .apps.wellbeing: ApkAssets: Deleting an ApkAssets object '<empty> and /system_ext/priv-app/SetupWizard/SetupWizard.apk' with 1 weak references
05-26 00:28:49.002 31383 31396 W .apps.wellbeing: ApkAssets: Deleting an ApkAssets object '<empty> and /system_ext/priv-app/xrvdservice/xrvdservice.apk' with 1 weak references
05-26 00:28:49.002 31383 31396 W .apps.wellbeing: ApkAssets: Deleting an ApkAssets object '<empty> and /product/overlay/IconShapeRound/IconShapeRoundOverlay.apk' with 1 weak references
05-26 00:28:49.002 31383 31396 W .apps.wellbeing: ApkAssets: Deleting an ApkAssets object '<empty> and /product/priv-app/MotoColorBook/MotoColorBook.apk' with 1 weak references
05-26 00:28:49.002 31383 31396 W .apps.wellbeing: ApkAssets: Deleting an ApkAssets object '<empty> and /system/priv-app/SettingsProvider/SettingsProvider.apk' with 1 weak references
05-26 00:28:49.002 31383 31396 W .apps.wellbeing: ApkAssets: Deleting an ApkAssets object '/product/overlay/SettingsProvider__auto_generated_rro_product.apk' with 1 weak references
05-26 00:28:49.003 31383 31396 W .apps.wellbeing: ApkAssets: Deleting an ApkAssets object '<empty> and /data/app/~~-qy6TFNHYLgb1VfOTqBm0Q==/com.deepeye.musicpro.debug-OMkQ-gABJDQJP7TfZfPvlw==/base.apk' with 1 weak references
