05-26 00:00:35.700 31247 31247 D nativeloader: Configuring clns-shared-5 for other apk /system_ext/priv-app/GoogleServicesFramework/GoogleServicesFramework.apk. target_sdk_version=34, uses_libraries=, library_path=/system_ext/priv-app/GoogleServicesFramework/lib/arm64:/system_ext/priv-app/GoogleServicesFramework/GoogleServicesFramework.apk!/lib/arm64-v8a:/system/lib64:/system_ext/lib64, permitted_path=/data:/mnt/expand:/data/user/0/com.google.android.gsf:/system_ext/priv-app/GoogleServicesFramework:/system/lib64:/system_ext/lib64
05-26 00:00:35.712 15315 15365 D MCLOG   : [FingerprintAction] FPS data:temp_cnt:5,ic_ver:GF3626ZS9,ta_ver:V04.06,tac_ver:V04.06
05-26 00:00:35.716 15315 15365 D MCLOG   : [FingerprintAction] Successfully updated action data!
05-26 00:00:35.725 15315 15365 D MCLOG   : [TouchResponseAction] touchRecord=cnt:218800,avg:0.0,min:0.0,max:34351.9,0.01:8456,0.05:473,0.15:27,0.25:36,1:12,5:313
05-26 00:00:35.736 15315 15348 W System  : A resource failed to call close. 
05-26 00:00:35.739 15315 15348 W System  : A resource failed to call close. 
05-26 00:00:35.740 15315 15365 D MCLOG   : [TouchResponseAction] Data:touchrecord=cnt:218800,avg:0.0,min:0.0,max:34351.9,0.01:8456,0.05:473,0.15:27,0.25:36,1:12,5:313 uptime=1075687633, update status: success
05-26 00:00:35.746 15315 15348 W System  : A resource failed to call close. 
05-26 00:00:35.748 15315 15348 W System  : A resource failed to call close. 
05-26 00:00:35.756 15315 15348 W System  : A resource failed to call close. 
05-26 00:00:35.757 15315 15348 W System  : A resource failed to call close. 
05-26 00:00:35.757 15315 15348 W System  : A resource failed to call close. 
05-26 00:00:35.757 15315 15348 W System  : A resource failed to call close. 
05-26 00:00:35.758 15315 15348 W System  : A resource failed to call close. 
05-26 00:00:35.758 15315 15348 W System  : A resource failed to call close. 
05-26 00:00:35.760 15315 15348 W System  : A resource failed to call close. 
05-26 00:00:35.760 15315 15348 W System  : A resource failed to call close. 
05-26 00:00:35.760 15315 15348 W System  : A resource failed to call close. 
05-26 00:00:35.761 15315 15348 W System  : A resource failed to call close. 
05-26 00:00:35.761 15315 15365 D MCLOG   : [LmkCountAction] Data:lmk_killcnt=250:9,500:6,700:4,800:24,900:3816 uptime=1075687648, update status: success
05-26 00:00:35.761 15315 15348 W System  : A resource failed to call close. 
05-26 00:00:35.762 31247 31247 D nativeloader: Load libframework-connectivity-jni.so using APEX ns com_android_tethering for caller /apex/com.android.tethering/javalib/framework-connectivity.jar: ok
05-26 00:00:35.765 15315 15365 W Settings: Setting auto_time has moved from android.provider.Settings.System to android.provider.Settings.Global, returning read-only value.
05-26 00:00:35.767 31247 31247 V GraphicsEnvironment: Currently set values for:
05-26 00:00:35.767 31247 31247 V GraphicsEnvironment:   angle_gl_driver_selection_pkgs=[]
05-26 00:00:35.767 31247 31247 V GraphicsEnvironment:   angle_gl_driver_selection_values=[]
05-26 00:00:35.767 31247 31247 V GraphicsEnvironment: ANGLE GameManagerService for com.google.android.gsf: false
05-26 00:00:35.767 31247 31247 V GraphicsEnvironment: com.google.android.gsf is not listed in per-application setting
05-26 00:00:35.768 15315 15348 W System  : A resource failed to call close. 
05-26 00:00:35.768 15315 15348 W System  : A resource failed to call close. 
05-26 00:00:35.769 15315 15348 W System  : A resource failed to call close. 
05-26 00:00:35.769 15315 15348 W System  : A resource failed to call close. 
05-26 00:00:35.769 15315 15348 W System  : A resource failed to call close. 
05-26 00:00:35.780 15315 15365 W Settings: Setting bluetooth_on has moved from android.provider.Settings.Secure to android.provider.Settings.Global.
05-26 00:00:35.784  1758  4641 I vendor.qti.bluetooth@1.0-ibs_handler: ProcessIbsCmd: Received IBS_WAKE_IND: 0xFD
05-26 00:00:35.784  1758  4641 D vendor.qti.bluetooth@1.0-ibs_handler: SerialClockVote: vote for UART CLK ON
05-26 00:00:35.784  1758  4641 D vendor.qti.bluetooth@1.0-wake_lock: Acquire wakelock is acquired 
05-26 00:00:35.784  1758  4641 I vendor.qti.bluetooth@1.0-ibs_handler: ProcessIbsCmd: Writing IBS_WAKE_ACK
05-26 00:00:35.785  3992  4648 I bt_stack: [INFO:btm_ble_gap.cc(3287)] btm_ble_process_adv_pkt_cont Data Complete 10:60:60:63:f5:e3
05-26 00:00:35.785  3992  4648 D bt_btm_ble: bool parse_adv_audio_uuids_from_adv_pkt(const uint8_t *, size_t, uint8_t): tmap_cap_pts: false
05-26 00:00:35.786  3077  3923 I ActivityManager: Killing 10871:org.torproject.torbrowser:tab33/u0a382 (adj 995, setSvc -10000): empty #31
05-26 00:00:35.793 15315 15365 I MCLOG   : [DailyReportAction] onReceiveImpl() 
05-26 00:00:35.812 31247 31247 I GservicesProvider: Gservices pushing to system: true; secure/global: true
05-26 00:00:35.824  1758  4641 I vendor.qti.bluetooth@1.0-ibs_handler: ProcessIbsCmd: Received IBS_SLEEP_IND: 0xFE
05-26 00:00:35.824  1758  4641 D vendor.qti.bluetooth@1.0-ibs_handler: SerialClockVote: vote for UART CLK OFF
05-26 00:00:35.832  3077  4353 I ActivityManager: appDiedLocked: app=ProcessRecord{51edbac 10711:org.torproject.torbrowser/u0a382} thread=android.os.BinderProxy@2a7c556 fromBinderDied=true isKilledByAm=true reason=null
05-26 00:00:35.835  3077  4353 D RestartModeController: markWaitRestartAppIsSuicided null processName=org.torproject.torbrowser
05-26 00:00:35.835  3077  4353 D ActivityTaskManager: handleAppDied: uid=10382,diedCount=2,lastDiedTime=1072781602,forceStopUids=false
05-26 00:00:35.840  3077  3923 W ActivityManager: Unable to start service Intent { act=com.google.android.gms.gservices.START pkg=com.google.android.gms } U=0: not found
05-26 00:00:35.840   580   580 I adbd    : Remote process closed the socket (on MSG_PEEK)
05-26 00:00:35.841  3077  3923 I ActivityManager: appDiedLocked: app=ProcessRecord{e5e29b3 28735:com.google.android.tts/u0a252} thread=android.os.BinderProxy@61369d7 fromBinderDied=true isKilledByAm=true reason=null
05-26 00:00:35.841  3077  3923 D RestartModeController: markWaitRestartAppIsSuicided null processName=com.google.android.tts
05-26 00:00:35.842  3077  3923 D ActivityTaskManager: handleAppDied: uid=10252,diedCount=1,lastDiedTime=1066681138,forceStopUids=false
05-26 00:00:35.843  3077  3367 D DisplayManagerService: Drop pending events for gone uid 10252
05-26 00:00:35.844   580   580 I adbd    : Remote process closed the socket (on MSG_PEEK)
05-26 00:00:35.845  1604  1604 I Zygote  : Process 28735 exited due to signal 9 (Killed)
05-26 00:00:35.845  1604  1604 I Zygote  : Process 10711 exited due to signal 9 (Killed)
05-26 00:00:35.846  3077  4353 W ActivityManager: Unbind failed: could not find connection for android.os.BinderProxy@3cdc2c4
05-26 00:00:35.846 31247 31281 E GmsClient: unable to connect to service: com.google.android.gms.gservices.START on com.google.android.gms
05-26 00:00:35.846  3077  3379 I ActivityManager: Process PhantomProcessRecord {78bd5ad 10950:10711:libTor.so/u0a382} died
05-26 00:00:35.847  3077  3379 I libprocessgroup: Successfully killed process cgroup uid 10252 pid 28735 in 0ms
05-26 00:00:35.847  3077  3379 I libprocessgroup: Successfully killed process cgroup uid 10382 pid 10871 in 0ms
05-26 00:00:35.851  3077  3923 I ActivityManager: appDiedLocked: app=ProcessRecord{7ab8fc9 10871:org.torproject.torbrowser:tab33/u0a382} thread=android.os.BinderProxy@272e0e2 fromBinderDied=true isKilledByAm=true reason=null
05-26 00:00:35.851   580   580 I adbd    : Remote process closed the socket (on MSG_PEEK)
05-26 00:00:35.852  3077  3923 D RestartModeController: markWaitRestartAppIsSuicided null processName=org.torproject.torbrowser:tab33
05-26 00:00:35.853  3077  3923 D ActivityTaskManager: handleAppDied: uid=10382,diedCount=1,lastDiedTime=1075687743,forceStopUids=false
05-26 00:00:35.853  3077  3367 D DisplayManagerService: Drop pending events for gone uid 10382
05-26 00:00:35.853  1604  1604 I Zygote  : Process 10871 exited due to signal 9 (Killed)
05-26 00:00:35.866 31247 31247 I Typeface: updateThemeFont new=Rookery-Regular;old=sans-serif;new=Rookery-Stacked;old=
05-26 00:00:35.867  3077  3923 I ActivityManager: Flag disabled. Ignoring finishAttachApplication from uid: 10192. pid: 31247
05-26 00:00:35.883  4774 28986 W PhBaseOp: Phenotype API error. Event: # jehw@d6d7733b, EventCode: COMMIT_CONFIG [CONTEXT service_id=51 ]
05-26 00:00:35.883  4774 28986 W PhBaseOp: eznn: 29547: Stale snapshot for com.google.android.libraries.consentverifier#com.google.android.calendar(new configuration available)
05-26 00:00:35.883  4774 28986 W PhBaseOp: 	at ezpq.d(:com.google.android.gms@261833029@26.18.33 (190400-913931251):443)
05-26 00:00:35.883  4774 28986 W PhBaseOp: 	at ezpq.b(:com.google.android.gms@261833029@26.18.33 (190400-913931251):44)
05-26 00:00:35.883  4774 28986 W PhBaseOp: 	at ezpp.i(:com.google.android.gms@261833029@26.18.33 (190400-913931251):3)
05-26 00:00:35.883  4774 28986 W PhBaseOp: 	at ezpl.h(:com.google.android.gms@261833029@26.18.33 (190400-913931251):34)
05-26 00:00:35.883  4774 28986 W PhBaseOp: 	at ezpl.f(:com.google.android.gms@261833029@26.18.33 (190400-913931251):16)
05-26 00:00:35.883  4774 28986 W PhBaseOp: 	at cwnx.fD(:com.google.android.gms@261833029@26.18.33 (190400-913931251):1)
05-26 00:00:35.883  4774 28986 W PhBaseOp: 	at cwoi.run(:com.google.android.gms@261833029@26.18.33 (190400-913931251):121)
05-26 00:00:35.883  4774 28986 W PhBaseOp: 	at haww.run(:com.google.android.gms@261833029@26.18.33 (190400-913931251):23)
05-26 00:00:35.883  4774 28986 W PhBaseOp: 	at bjix.c(:com.google.android.gms@261833029@26.18.33 (190400-913931251):50)
05-26 00:00:35.883  4774 28986 W PhBaseOp: 	at bjix.run(:com.google.android.gms@261833029@26.18.33 (190400-913931251):85)
05-26 00:00:35.883  4774 28986 W PhBaseOp: 	at java.util.concurrent.ThreadPoolExecutor.runWorker(ThreadPoolExecutor.java:1154)
05-26 00:00:35.883  4774 28986 W PhBaseOp: 	at java.util.concurrent.ThreadPoolExecutor$Worker.run(ThreadPoolExecutor.java:652)
05-26 00:00:35.883  4774 28986 W PhBaseOp: 	at bjoo.run(:com.google.android.gms@261833029@26.18.33 (190400-913931251):8)
05-26 00:00:35.883  4774 28986 W PhBaseOp: 	at java.lang.Thread.run(Thread.java:1564)
05-26 00:00:35.884  4774  4893 W WearableService: onGetService: Wear is not available on this device. Calling package: com.google.android.calendar
05-26 00:00:35.884  4774 28986 W AsyncOperation: operation=CommitToConfigurationOperationCall, opStatusCode=29547 [CONTEXT service_id=51 ]
05-26 00:00:35.884  4774 28986 W AsyncOperation: OperationException[Status{statusCode=Stale snapshot for com.google.android.libraries.consentverifier#com.google.android.calendar(new configuration available), resolution=null}]
05-26 00:00:35.884  4774 28986 W AsyncOperation: 	at ezpl.h(:com.google.android.gms@261833029@26.18.33 (190400-913931251):64)
05-26 00:00:35.884  4774 28986 W AsyncOperation: 	at ezpl.f(:com.google.android.gms@261833029@26.18.33 (190400-913931251):16)
05-26 00:00:35.884  4774 28986 W AsyncOperation: 	at cwnx.fD(:com.google.android.gms@261833029@26.18.33 (190400-913931251):1)
05-26 00:00:35.884  4774 28986 W AsyncOperation: 	at cwoi.run(:com.google.android.gms@261833029@26.18.33 (190400-913931251):121)
05-26 00:00:35.884  4774 28986 W AsyncOperation: 	at haww.run(:com.google.android.gms@261833029@26.18.33 (190400-913931251):23)
05-26 00:00:35.884  4774 28986 W AsyncOperation: 	at bjix.c(:com.google.android.gms@261833029@26.18.33 (190400-913931251):50)
05-26 00:00:35.884  4774 28986 W AsyncOperation: 	at bjix.run(:com.google.android.gms@261833029@26.18.33 (190400-913931251):85)
05-26 00:00:35.884  4774 28986 W AsyncOperation: 	at java.util.concurrent.ThreadPoolExecutor.runWorker(ThreadPoolExecutor.java:1154)
05-26 00:00:35.884  4774 28986 W AsyncOperation: 	at java.util.concurrent.ThreadPoolExecutor$Worker.run(ThreadPoolExecutor.java:652)
05-26 00:00:35.884  4774 28986 W AsyncOperation: 	at bjoo.run(:com.google.android.gms@261833029@26.18.33 (190400-913931251):8)
05-26 00:00:35.884  4774 28986 W AsyncOperation: 	at java.lang.Thread.run(Thread.java:1564)
05-26 00:00:35.942 29207 20326 I Blockstore: [BlockstoreImpl] Notification API called. Skipping updateAccessPerSnapshotIfEligible. [CONTEXT service_id=258 ]
05-26 00:00:35.975  1758  4324 D vendor.qti.bluetooth@1.0-wake_lock: Release wakelock is released 
05-26 00:00:36.179  1859 26648 I QC2Comp : [vp9D_1564] Stats: Pending(0) i/p-done(0) Works: Q: 39/Done 40|Work-Rate: Q(0.0/s Avg=0.5/s) Done(0.000/s Avg=0.467/s)| Stream: 30.30fps 6.8Kbps
05-26 00:00:36.180  1859 26648 I QC2Comp : [vp9D_1564] Mem-usage:  [In-1D: 6 bufs 22.430 MB] [1D-3103: 19 bufs 0.297 MB] [2D-3104: 26 bufs 17.469 MB] | Total: 40.195 MB
05-26 00:00:36.200  3077  3407 I AppsFilter: interaction: PackageSetting{b6f0e86 com.deepeye.musicpro.debug/10520} -> PackageSetting{419d0db com.motorola.motcameradesktop/10329} BLOCKED
05-26 00:00:36.204  3077  3467 D CompatibilityChangeReporter: Compat change id reported: 218533173; UID 10329; state: ENABLED
05-26 00:00:36.204  3077  3467 D CompatibilityChangeReporter: Compat change id reported: 262645982; UID 10329; state: ENABLED
05-26 00:00:36.211  4090  4090 D CarrierSvcBindHelper: onPackageModified: com.motorola.motcameradesktop
05-26 00:00:36.213  3992  3992 D Avrcp_ext: AvrcpServiceBroadcastReceiver-> Action: android.intent.action.PACKAGE_CHANGED
05-26 00:00:36.213  3992  3992 D Avrcp_ext: AvrcpServiceBroadcastReceiver-> packageName: com.motorola.motcameradesktop
05-26 00:00:36.213  3992 18536 V Avrcp_ext: AvrcpMessageHandler: received message=40
05-26 00:00:36.213  3992 18536 D Avrcp_ext: packageName: com.motorola.motcameradesktop removed: false
05-26 00:00:36.214  4090  4090 D CarrierSvcBindHelper: No carrier app for: 0
05-26 00:00:36.214  4090  4090 D CarrierSvcBindHelper: No carrier app for: 1
05-26 00:00:36.214  3992 18536 D Avrcp_ext: isBrowsableListUpdated: browsable list size mismatch, true
05-26 00:00:36.214  3992 18536 D Avrcp_ext: Exit handlePackageModified
05-26 00:00:36.214  3992 18536 V Avrcp_ext: Exit handleMessage
05-26 00:00:36.214  3992 18536 V Avrcp_ext: AvrcpMessageHandler: received message=39
05-26 00:00:36.214  3992 18536 D Avrcp_ext: MSG_UPDATE_MEDIA_PLAYER_LIST
05-26 00:00:36.214  3992 18536 D Avrcp_ext: buildBrowsablePlayerList 
05-26 00:00:36.217  3077  3509 I RoleService: Granting default roles...
05-26 00:00:36.217  3992 18536 V Avrcp_ext: getMediaPlayerInfo: Found com.google.android.googlequicksearchbox
05-26 00:00:36.217  3992 18536 V Avrcp_ext: isBrowseSupported for com.google.android.googlequicksearchbox: false
05-26 00:00:36.217  3992 18536 D Avrcp_ext: Adding media player info for com.google.android.googlequicksearchbox with id 2
05-26 00:00:36.217  3992 18536 D Avrcp_ext: update #2:MediaPlayerInfo com.google.android.googlequicksearchbox (as 'Google') Type = 1, SubType = 0, Status = 0 Feature Bits [40 41 42 44 45 47 48 58] Controller: null
05-26 00:00:36.217  3992 18536 D Avrcp_ext: Added MediaPlayerController/MediaPlayerPackage
05-26 00:00:36.217  3992 18536 V Avrcp_ext: getMediaPlayerInfo: Found com.google.android.youtube
05-26 00:00:36.217  3992 18536 V Avrcp_ext: isBrowseSupported for com.google.android.youtube: false
05-26 00:00:36.218  3992 18536 D Avrcp_ext: Adding media player info for com.google.android.youtube with id 3
05-26 00:00:36.218  3992 18536 D Avrcp_ext: update #3:MediaPlayerInfo com.google.android.youtube (as 'YouTube') Type = 1, SubType = 0, Status = 0 Feature Bits [40 41 42 44 45 47 48 58] Controller: null
05-26 00:00:36.218  3992 18536 D Avrcp_ext: Added MediaPlayerController/MediaPlayerPackage
05-26 00:00:36.218  3992 18536 V Avrcp_ext: getMediaPlayerInfo: Found com.jio.myjio
05-26 00:00:36.218  3992 18536 V Avrcp_ext: isBrowseSupported for com.jio.myjio: false
05-26 00:00:36.218  3992 18536 D Avrcp_ext: Adding media player info for com.jio.myjio with id 4
05-26 00:00:36.218  3992 18536 D Avrcp_ext: update #4:MediaPlayerInfo com.jio.myjio (as 'MyJio') Type = 1, SubType = 0, Status = 0 Feature Bits [40 41 42 44 45 47 48 58] Controller: null
05-26 00:00:36.218  3992 18536 D Avrcp_ext: Added MediaPlayerController/MediaPlayerPackage
05-26 00:00:36.218  3992 18536 V Avrcp_ext: getMediaPlayerInfo: Found org.schabi.newpipe
05-26 00:00:36.218  3992 18536 V Avrcp_ext: isBrowseSupported for org.schabi.newpipe: false
05-26 00:00:36.218  3992 18536 D Avrcp_ext: Adding media player info for org.schabi.newpipe with id 8
05-26 00:00:36.218  3992 18536 D Avrcp_ext: update #8:MediaPlayerInfo org.schabi.newpipe (as 'NewPipe') Type = 1, SubType = 0, Status = 0 Feature Bits [40 41 42 44 45 47 48 58] Controller: null
05-26 00:00:36.218  3992 18536 D Avrcp_ext: Added MediaPlayerController/MediaPlayerPackage
05-26 00:00:36.218  3992 18536 V Avrcp_ext: getMediaPlayerInfo: Found org.videolan.vlc
05-26 00:00:36.218  3992 18536 V Avrcp_ext: isBrowseSupported for org.videolan.vlc: false
05-26 00:00:36.218  3992 18536 D Avrcp_ext: Adding media player info for org.videolan.vlc with id 5
05-26 00:00:36.218  3992 18536 D Avrcp_ext: update #5:MediaPlayerInfo org.videolan.vlc (as 'VLC') Type = 1, SubType = 0, Status = 0 Feature Bits [40 41 42 44 45 47 48 58] Controller: null
05-26 00:00:36.218  3992 18536 D Avrcp_ext: Added MediaPlayerController/MediaPlayerPackage
05-26 00:00:36.219  3077  3802 D ActivityManager: unfreezing ProcessRecord{857d59 16952:com.google.android.permissioncontroller/u0a365}, reason = oom_uncached, adj = 0, adjType = service, adjSource = ProcessRecord{9418ebb 3077:system/1000}
05-26 00:00:36.220  3077  3802 D ActivityManager: sync unfroze 16952 com.google.android.permissioncontroller for 6
05-26 00:00:36.221  3992 18536 V Avrcp_ext: updateCurrentMediaState: mMediaController: MediaController (com.deepeye.musicpro.debug@296500b) Bairan 💗 New Haryanvi Song| Heart Touching Love Story | Viral Song 2026 #bairan #bairansong, Awaaj De, null
05-26 00:00:36.221  3992 18536 W Avrcp_ext: isMusicActive: false getBluetoothPlayState: 0 A2dp State: 11 mAudioPlaybackIsActive: false
05-26 00:00:36.222  3992 18536 D Avrcp_ext: isMusicActive = false mAudioPlaybackIsActive = false player state = PlaybackState {state=NONE(0), position=624, buffered position=60681, speed=0.0, updated=1556597709, actions=7340031, custom actions=[], active item id=0, error=null}
05-26 00:00:36.224  3992 18536 D Avrcp_ext: overwrite album_artist :if album is blank
05-26 00:00:36.229  3992 18536 I Avrcp_ext: Skipping update due to invalid playback state
05-26 00:00:36.229  3992 18536 W Avrcp_ext: updateCurrentMediaState: isInactivePlayer = true
05-26 00:00:36.230  3992 18536 V Avrcp_ext: updatePlaybackState, state: PlaybackState {state=NONE(0), position=624, buffered position=60681, speed=0.0, updated=1556597709, actions=7340031, custom actions=[], active item id=0, error=null} device: null
05-26 00:00:36.230  3992 18536 V Avrcp_ext: Device: no name: 
05-26 00:00:36.230  3992 18536 V Avrcp_ext: Device: no name: 
05-26 00:00:36.230  3992 18536 V Avrcp_ext: Device: no name: 
05-26 00:00:36.230  3992 18536 V Avrcp_ext: Device: no name: 
05-26 00:00:36.230  3992 18536 V Avrcp_ext: Device: no name: 
05-26 00:00:36.230  3992 18536 V Avrcp_ext: updatePlayerStateAndPosition, old=PlaybackState {state=NONE(0), position=624, buffered position=60681, speed=0.0, updated=1556597709, actions=7340031, custom actions=[], active item id=0, error=null}, state=PlaybackState {state=NONE(0), position=624, buffered position=60681, speed=0.0, updated=1556597709, actions=7340031, custom actions=[], active item id=0, error=null}
05-26 00:00:36.230  3992 18536 V Avrcp_ext: old state = PlaybackState {state=NONE(0), position=624, buffered position=60681, speed=0.0, updated=1556597709, actions=7340031, custom actions=[], active item id=0, error=null}, new state= PlaybackState {state=NONE(0), position=624, buffered position=60681, speed=0.0, updated=1556597709, actions=7340031, custom actions=[], active item id=0, error=null}
05-26 00:00:36.230  3992 18536 D HeadsetService: getHeadsetService(): returning com.android.bluetooth.hfp.HeadsetService@9390a13
05-26 00:00:36.230  3992 18536 E HeadsetStateMachine: returning mCurrentState as Disconnected
05-26 00:00:36.230  3992 18536 E HeadsetStateMachine: returning mCurrentState as Disconnected
05-26 00:00:36.230  3992 18536 D HeadsetService:  isAudioOn: The number of audio connected devices 0
05-26 00:00:36.230  3992 18536 D HeadsetService: isScoOrCallActive(): Call Active:falseCall is Ringing:falseSCO is Active:false
05-26 00:00:36.230  3992 18536 E HeadsetStateMachine: returning mCurrentState as Disconnected
05-26 00:00:36.230  3992 18536 E HeadsetStateMachine: returning mCurrentState as Disconnected
05-26 00:00:36.230  3992 18536 D HeadsetService:  isAudioOn: The number of audio connected devices 0
05-26 00:00:36.230  3992 18536 I Avrcp_ext: updatePlayStatusForDevice: device: null
05-26 00:00:36.230  3992 18536 V Avrcp_ext: updatePlaybackState (1): old=PlaybackState {state=NONE(0), position=624, buffered position=60681, speed=0.0, updated=1556597709, actions=7340031, custom actions=[], active item id=0, error=null}(0), new=PlaybackState {state=NONE(0), position=624, buffered position=60681, speed=0.0, updated=1556597709, actions=7340031, custom actions=[], active item id=0, error=null}(0)
05-26 00:00:36.230  3992 18536 I Avrcp_ext: Exit updatePlayStatusForDevice
05-26 00:00:36.230  3992 18536 E HeadsetStateMachine: returning mCurrentState as Disconnected
05-26 00:00:36.230  3992 18536 E HeadsetStateMachine: returning mCurrentState as Disconnected
05-26 00:00:36.230  3992 18536 D HeadsetService:  isAudioOn: The number of audio connected devices 0
05-26 00:00:36.230  3992 18536 D HeadsetService: isScoOrCallActive(): Call Active:falseCall is Ringing:falseSCO is Active:false
05-26 00:00:36.230  3992 18536 E HeadsetStateMachine: returning mCurrentState as Disconnected
05-26 00:00:36.230  3992 18536 E HeadsetStateMachine: returning mCurrentState as Disconnected
05-26 00:00:36.230  3992 18536 D HeadsetService:  isAudioOn: The number of audio connected devices 0
05-26 00:00:36.230  3992 18536 I Avrcp_ext: updatePlayStatusForDevice: device: null
05-26 00:00:36.230  3992 18536 V Avrcp_ext: updatePlaybackState (1): old=PlaybackState {state=NONE(0), position=624, buffered position=60681, speed=0.0, updated=1556597709, actions=7340031, custom actions=[], active item id=0, error=null}(0), new=PlaybackState {state=NONE(0), position=624, buffered position=60681, speed=0.0, updated=1556597709, actions=7340031, custom actions=[], active item id=0, error=null}(0)
05-26 00:00:36.230  3992 18536 I Avrcp_ext: Exit updatePlayStatusForDevice
05-26 00:00:36.230  3992 18536 E HeadsetStateMachine: returning mCurrentState as Disconnected
05-26 00:00:36.230  3992 18536 E HeadsetStateMachine: returning mCurrentState as Disconnected
05-26 00:00:36.230  3992 18536 D HeadsetService:  isAudioOn: The number of audio connected devices 0
05-26 00:00:36.230  3992 18536 D HeadsetService: isScoOrCallActive(): Call Active:falseCall is Ringing:falseSCO is Active:false
05-26 00:00:36.230  3992 18536 E HeadsetStateMachine: returning mCurrentState as Disconnected
05-26 00:00:36.230  3992 18536 E HeadsetStateMachine: returning mCurrentState as Disconnected
05-26 00:00:36.230  3992 18536 D HeadsetService:  isAudioOn: The number of audio connected devices 0
05-26 00:00:36.230  3992 18536 I Avrcp_ext: updatePlayStatusForDevice: device: null
05-26 00:00:36.230  3992 18536 V Avrcp_ext: updatePlaybackState (1): old=PlaybackState {state=NONE(0), position=624, buffered position=60681, speed=0.0, updated=1556597709, actions=7340031, custom actions=[], active item id=0, error=null}(0), new=PlaybackState {state=NONE(0), position=624, buffered position=60681, speed=0.0, updated=1556597709, actions=7340031, custom actions=[], active item id=0, error=null}(0)
05-26 00:00:36.230  3992 18536 I Avrcp_ext: Exit updatePlayStatusForDevice
05-26 00:00:36.230  3992 18536 E HeadsetStateMachine: returning mCurrentState as Disconnected
05-26 00:00:36.230  3992 18536 E HeadsetStateMachine: returning mCurrentState as Disconnected
05-26 00:00:36.230  3992 18536 D HeadsetService:  isAudioOn: The number of audio connected devices 0
05-26 00:00:36.230  3992 18536 D HeadsetService: isScoOrCallActive(): Call Active:falseCall is Ringing:falseSCO is Active:false
05-26 00:00:36.230  3992 18536 E HeadsetStateMachine: returning mCurrentState as Disconnected
05-26 00:00:36.230  3992 18536 E HeadsetStateMachine: returning mCurrentState as Disconnected
05-26 00:00:36.230  3992 18536 D HeadsetService:  isAudioOn: The number of audio connected devices 0
05-26 00:00:36.230  3992 18536 I Avrcp_ext: updatePlayStatusForDevice: device: null
05-26 00:00:36.230  3992 18536 V Avrcp_ext: updatePlaybackState (1): old=PlaybackState {state=NONE(0), position=624, buffered position=60681, speed=0.0, updated=1556597709, actions=7340031, custom actions=[], active item id=0, error=null}(0), new=PlaybackState {state=NONE(0), position=624, buffered position=60681, speed=0.0, updated=1556597709, actions=7340031, custom actions=[], active item id=0, error=null}(0)
05-26 00:00:36.230  3992 18536 I Avrcp_ext: Exit updatePlayStatusForDevice
05-26 00:00:36.230  3992 18536 E HeadsetStateMachine: returning mCurrentState as Disconnected
05-26 00:00:36.230  3992 18536 E HeadsetStateMachine: returning mCurrentState as Disconnected
05-26 00:00:36.230  3992 18536 D HeadsetService:  isAudioOn: The number of audio connected devices 0
05-26 00:00:36.230  3992 18536 D HeadsetService: isScoOrCallActive(): Call Active:falseCall is Ringing:falseSCO is Active:false
05-26 00:00:36.230  3992 18536 E HeadsetStateMachine: returning mCurrentState as Disconnected
05-26 00:00:36.230  3992 18536 E HeadsetStateMachine: returning mCurrentState as Disconnected
05-26 00:00:36.230  3992 18536 D HeadsetService:  isAudioOn: The number of audio connected devices 0
05-26 00:00:36.230  3992 18536 I Avrcp_ext: updatePlayStatusForDevice: device: null
05-26 00:00:36.230  3992 18536 V Avrcp_ext: updatePlaybackState (1): old=PlaybackState {state=NONE(0), position=624, buffered position=60681, speed=0.0, updated=1556597709, actions=7340031, custom actions=[], active item id=0, error=null}(0), new=PlaybackState {state=NONE(0), position=624, buffered position=60681, speed=0.0, updated=1556597709, actions=7340031, custom actions=[], active item id=0, error=null}(0)
05-26 00:00:36.230  3992 18536 I Avrcp_ext: Exit updatePlayStatusForDevice
05-26 00:00:36.230  3992 18536 D Avrcp_ext: Enter sendPlayPosNotificationRsp
05-26 00:00:36.230  3992 18536 D Avrcp_ext: sendPlayPosNotificationRsp: Not registered or requesting.
05-26 00:00:36.230  3992 18536 D Avrcp_ext: Enter sendPlayPosNotificationRsp
05-26 00:00:36.230  3992 18536 D Avrcp_ext: sendPlayPosNotificationRsp: Not registered or requesting.
05-26 00:00:36.230  3992 18536 D Avrcp_ext: Enter sendPlayPosNotificationRsp
05-26 00:00:36.230  3992 18536 D Avrcp_ext: sendPlayPosNotificationRsp: Not registered or requesting.
05-26 00:00:36.230  3992 18536 D Avrcp_ext: Enter sendPlayPosNotificationRsp
05-26 00:00:36.230  3992 18536 D Avrcp_ext: sendPlayPosNotificationRsp: Not registered or requesting.
05-26 00:00:36.230  3992 18536 D Avrcp_ext: Enter sendPlayPosNotificationRsp
05-26 00:00:36.230  3992 18536 D Avrcp_ext: sendPlayPosNotificationRsp: Not registered or requesting.
05-26 00:00:36.230  3992 18536 V Avrcp_ext: Exit updatePlayerStateAndPosition
05-26 00:00:36.230  3992 18536 D APM: ActiveDeviceManagerServiceLegacy: getActiveAbsoluteDevice(): device: null
05-26 00:00:36.230  3992 18536 D APM: ActiveDeviceManagerServiceLegacy: isStableState(): true
05-26 00:00:36.230  3992 18536 D Avrcp_ext: isAdmStable = true activeAbsAddr = null device = null
05-26 00:00:36.230  3992 18536 V Avrcp_ext: Exit handleMessage
05-26 00:00:36.235  6379  6379 W RegisteredComponentCache: Unable to load component info ResolveInfo{e39c467 com.creditcard.onecard/in.juspay.hypernfc.NfcActivity m=0x108000 userHandle=UserHandle{0}}
05-26 00:00:36.235  6379  6379 W RegisteredComponentCache: org.xmlpull.v1.XmlPullParserException: No android.nfc.action.TECH_DISCOVERED meta-data
05-26 00:00:36.235  6379  6379 W RegisteredComponentCache: 	at com.android.nfc.RegisteredComponentCache.parseComponentInfo(RegisteredComponentCache.java:186)
05-26 00:00:36.235  6379  6379 W RegisteredComponentCache: 	at com.android.nfc.RegisteredComponentCache.generateComponentsList(RegisteredComponentCache.java:160)
05-26 00:00:36.235  6379  6379 W RegisteredComponentCache: 	at com.android.nfc.RegisteredComponentCache$1.onReceive(RegisteredComponentCache.java:65)
05-26 00:00:36.235  6379  6379 W RegisteredComponentCache: 	at android.app.LoadedApk$ReceiverDispatcher$Args.lambda$getRunnable$0(LoadedApk.java:1830)
05-26 00:00:36.235  6379  6379 W RegisteredComponentCache: 	at android.app.LoadedApk$ReceiverDispatcher$Args.$r8$lambda$gDuJqgxY6Zb-ifyeubKeivTLAwk(Unknown Source:0)
05-26 00:00:36.235  6379  6379 W RegisteredComponentCache: 	at android.app.LoadedApk$ReceiverDispatcher$Args$$ExternalSyntheticLambda0.run(Unknown Source:2)
05-26 00:00:36.235  6379  6379 W RegisteredComponentCache: 	at android.os.Handler.handleCallback(Handler.java:1000)
05-26 00:00:36.235  6379  6379 W RegisteredComponentCache: 	at android.os.Handler.dispatchMessage(Handler.java:104)
05-26 00:00:36.235  6379  6379 W RegisteredComponentCache: 	at android.os.Looper.loopOnce(Looper.java:242)
05-26 00:00:36.235  6379  6379 W RegisteredComponentCache: 	at android.os.Looper.loop(Looper.java:362)
05-26 00:00:36.235  6379  6379 W RegisteredComponentCache: 	at android.app.ActivityThread.main(ActivityThread.java:8448)
05-26 00:00:36.235  6379  6379 W RegisteredComponentCache: 	at java.lang.reflect.Method.invoke(Native Method)
05-26 00:00:36.235  6379  6379 W RegisteredComponentCache: 	at com.android.internal.os.RuntimeInit$MethodAndArgsCaller.run(RuntimeInit.java:552)
05-26 00:00:36.235  6379  6379 W RegisteredComponentCache: 	at com.android.internal.os.ZygoteInit.main(ZygoteInit.java:992)
05-26 00:00:36.236  4090  4486 D ImsResolver: maybeAddedImsService, packageName: com.motorola.motcameradesktop
05-26 00:00:36.236  6379  6379 W RegisteredComponentCache: Unable to load component info ResolveInfo{e19abd com.earlysalary.android/com.cashfree.pg.ui.hidden.checkout.CashfreeNativeCheckoutActivity m=0x108000 userHandle=UserHandle{0}}
05-26 00:00:36.236  6379  6379 W RegisteredComponentCache: org.xmlpull.v1.XmlPullParserException: No android.nfc.action.TECH_DISCOVERED meta-data
05-26 00:00:36.236  6379  6379 W RegisteredComponentCache: 	at com.android.nfc.RegisteredComponentCache.parseComponentInfo(RegisteredComponentCache.java:186)
05-26 00:00:36.236  6379  6379 W RegisteredComponentCache: 	at com.android.nfc.RegisteredComponentCache.generateComponentsList(RegisteredComponentCache.java:160)
05-26 00:00:36.236  6379  6379 W RegisteredComponentCache: 	at com.android.nfc.RegisteredComponentCache$1.onReceive(RegisteredComponentCache.java:65)
05-26 00:00:36.236  6379  6379 W RegisteredComponentCache: 	at android.app.LoadedApk$ReceiverDispatcher$Args.lambda$getRunnable$0(LoadedApk.java:1830)
05-26 00:00:36.236  6379  6379 W RegisteredComponentCache: 	at android.app.LoadedApk$ReceiverDispatcher$Args.$r8$lambda$gDuJqgxY6Zb-ifyeubKeivTLAwk(Unknown Source:0)
05-26 00:00:36.236  6379  6379 W RegisteredComponentCache: 	at android.app.LoadedApk$ReceiverDispatcher$Args$$ExternalSyntheticLambda0.run(Unknown Source:2)
05-26 00:00:36.236  6379  6379 W RegisteredComponentCache: 	at android.os.Handler.handleCallback(Handler.java:1000)
05-26 00:00:36.236  6379  6379 W RegisteredComponentCache: 	at android.os.Handler.dispatchMessage(Handler.java:104)
05-26 00:00:36.236  6379  6379 W RegisteredComponentCache: 	at android.os.Looper.loopOnce(Looper.java:242)
05-26 00:00:36.236  6379  6379 W RegisteredComponentCache: 	at android.os.Looper.loop(Looper.java:362)
05-26 00:00:36.236  6379  6379 W RegisteredComponentCache: 	at android.app.ActivityThread.main(ActivityThread.java:8448)
05-26 00:00:36.236  6379  6379 W RegisteredComponentCache: 	at java.lang.reflect.Method.invoke(Native Method)
05-26 00:00:36.236  6379  6379 W RegisteredComponentCache: 	at com.android.internal.os.RuntimeInit$MethodAndArgsCaller.run(RuntimeInit.java:552)
05-26 00:00:36.236  6379  6379 W RegisteredComponentCache: 	at com.android.internal.os.ZygoteInit.main(ZygoteInit.java:992)
05-26 00:00:36.236  6379  6379 W RegisteredComponentCache: Unable to load component info ResolveInfo{d144003 com.ideopay.user/in.juspay.hypernfc.NfcActivity m=0x108000 userHandle=UserHandle{0}}
05-26 00:00:36.236  6379  6379 W RegisteredComponentCache: org.xmlpull.v1.XmlPullParserException: No android.nfc.action.TECH_DISCOVERED meta-data
05-26 00:00:36.236  6379  6379 W RegisteredComponentCache: 	at com.android.nfc.RegisteredComponentCache.parseComponentInfo(RegisteredComponentCache.java:186)
05-26 00:00:36.236  6379  6379 W RegisteredComponentCache: 	at com.android.nfc.RegisteredComponentCache.generateComponentsList(RegisteredComponentCache.java:160)
05-26 00:00:36.236  6379  6379 W RegisteredComponentCache: 	at com.android.nfc.RegisteredComponentCache$1.onReceive(RegisteredComponentCache.java:65)
05-26 00:00:36.236  6379  6379 W RegisteredComponentCache: 	at android.app.LoadedApk$ReceiverDispatcher$Args.lambda$getRunnable$0(LoadedApk.java:1830)
05-26 00:00:36.236  6379  6379 W RegisteredComponentCache: 	at android.app.LoadedApk$ReceiverDispatcher$Args.$r8$lambda$gDuJqgxY6Zb-ifyeubKeivTLAwk(Unknown Source:0)
05-26 00:00:36.236  6379  6379 W RegisteredComponentCache: 	at android.app.LoadedApk$ReceiverDispatcher$Args$$ExternalSyntheticLambda0.run(Unknown Source:2)
05-26 00:00:36.236  6379  6379 W RegisteredComponentCache: 	at android.os.Handler.handleCallback(Handler.java:1000)
05-26 00:00:36.236  6379  6379 W RegisteredComponentCache: 	at android.os.Handler.dispatchMessage(Handler.java:104)
05-26 00:00:36.236  6379  6379 W RegisteredComponentCache: 	at android.os.Looper.loopOnce(Looper.java:242)
05-26 00:00:36.236  6379  6379 W RegisteredComponentCache: 	at android.os.Looper.loop(Looper.java:362)
05-26 00:00:36.236  6379  6379 W RegisteredComponentCache: 	at android.app.ActivityThread.main(ActivityThread.java:8448)
05-26 00:00:36.236  6379  6379 W RegisteredComponentCache: 	at java.lang.reflect.Method.invoke(Native Method)
05-26 00:00:36.236  6379  6379 W RegisteredComponentCache: 	at com.android.internal.os.RuntimeInit$MethodAndArgsCaller.run(RuntimeInit.java:552)
05-26 00:00:36.236  6379  6379 W RegisteredComponentCache: 	at com.android.internal.os.ZygoteInit.main(ZygoteInit.java:992)
05-26 00:00:36.238  6379  6379 W RegisteredComponentCache: Unable to load component info ResolveInfo{79225b9 com.muthootfincorpone.superapp/com.cashfree.pg.ui.hidden.checkout.CashfreeNativeCheckoutActivity m=0x108000 userHandle=UserHandle{0}}
05-26 00:00:36.238  6379  6379 W RegisteredComponentCache: org.xmlpull.v1.XmlPullParserException: No android.nfc.action.TECH_DISCOVERED meta-data
05-26 00:00:36.238  6379  6379 W RegisteredComponentCache: 	at com.android.nfc.RegisteredComponentCache.parseComponentInfo(RegisteredComponentCache.java:186)
05-26 00:00:36.238  6379  6379 W RegisteredComponentCache: 	at com.android.nfc.RegisteredComponentCache.generateComponentsList(RegisteredComponentCache.java:160)
05-26 00:00:36.238  6379  6379 W RegisteredComponentCache: 	at com.android.nfc.RegisteredComponentCache$1.onReceive(RegisteredComponentCache.java:65)
05-26 00:00:36.238  6379  6379 W RegisteredComponentCache: 	at android.app.LoadedApk$ReceiverDispatcher$Args.lambda$getRunnable$0(LoadedApk.java:1830)
05-26 00:00:36.238  6379  6379 W RegisteredComponentCache: 	at android.app.LoadedApk$ReceiverDispatcher$Args.$r8$lambda$gDuJqgxY6Zb-ifyeubKeivTLAwk(Unknown Source:0)
05-26 00:00:36.238  6379  6379 W RegisteredComponentCache: 	at android.app.LoadedApk$ReceiverDispatcher$Args$$ExternalSyntheticLambda0.run(Unknown Source:2)
05-26 00:00:36.238  6379  6379 W RegisteredComponentCache: 	at android.os.Handler.handleCallback(Handler.java:1000)
05-26 00:00:36.238  6379  6379 W RegisteredComponentCache: 	at android.os.Handler.dispatchMessage(Handler.java:104)
05-26 00:00:36.238  6379  6379 W RegisteredComponentCache: 	at android.os.Looper.loopOnce(Looper.java:242)
05-26 00:00:36.238  6379  6379 W RegisteredComponentCache: 	at android.os.Looper.loop(Looper.java:362)
05-26 00:00:36.238  6379  6379 W RegisteredComponentCache: 	at android.app.ActivityThread.main(ActivityThread.java:8448)
05-26 00:00:36.238  6379  6379 W RegisteredComponentCache: 	at java.lang.reflect.Method.invoke(Native Method)
05-26 00:00:36.238  6379  6379 W RegisteredComponentCache: 	at com.android.internal.os.RuntimeInit$MethodAndArgsCaller.run(RuntimeInit.java:552)
05-26 00:00:36.238  6379  6379 W RegisteredComponentCache: 	at com.android.internal.os.ZygoteInit.main(ZygoteInit.java:992)
05-26 00:00:36.238  6379  6379 W RegisteredComponentCache: Unable to load component info ResolveInfo{a90d95f com.naviapp/in.juspay.hypernfc.NfcActivity m=0x108000 userHandle=UserHandle{0}}
05-26 00:00:36.238  6379  6379 W RegisteredComponentCache: org.xmlpull.v1.XmlPullParserException: No android.nfc.action.TECH_DISCOVERED meta-data
05-26 00:00:36.238  6379  6379 W RegisteredComponentCache: 	at com.android.nfc.RegisteredComponentCache.parseComponentInfo(RegisteredComponentCache.java:186)
05-26 00:00:36.238  6379  6379 W RegisteredComponentCache: 	at com.android.nfc.RegisteredComponentCache.generateComponentsList(RegisteredComponentCache.java:160)
05-26 00:00:36.238  6379  6379 W RegisteredComponentCache: 	at com.android.nfc.RegisteredComponentCache$1.onReceive(RegisteredComponentCache.java:65)
05-26 00:00:36.238  6379  6379 W RegisteredComponentCache: 	at android.app.LoadedApk$ReceiverDispatcher$Args.lambda$getRunnable$0(LoadedApk.java:1830)
05-26 00:00:36.238  6379  6379 W RegisteredComponentCache: 	at android.app.LoadedApk$ReceiverDispatcher$Args.$r8$lambda$gDuJqgxY6Zb-ifyeubKeivTLAwk(Unknown Source:0)
05-26 00:00:36.238  6379  6379 W RegisteredComponentCache: 	at android.app.LoadedApk$ReceiverDispatcher$Args$$ExternalSyntheticLambda0.run(Unknown Source:2)
05-26 00:00:36.238  6379  6379 W RegisteredComponentCache: 	at android.os.Handler.handleCallback(Handler.java:1000)
05-26 00:00:36.238  6379  6379 W RegisteredComponentCache: 	at android.os.Handler.dispatchMessage(Handler.java:104)
05-26 00:00:36.238  6379  6379 W RegisteredComponentCache: 	at android.os.Looper.loopOnce(Looper.java:242)
05-26 00:00:36.238  6379  6379 W RegisteredComponentCache: 	at android.os.Looper.loop(Looper.java:362)
05-26 00:00:36.238  6379  6379 W RegisteredComponentCache: 	at android.app.ActivityThread.main(ActivityThread.java:8448)
05-26 00:00:36.238  6379  6379 W RegisteredComponentCache: 	at java.lang.reflect.Method.invoke(Native Method)
05-26 00:00:36.238  6379  6379 W RegisteredComponentCache: 	at com.android.internal.os.RuntimeInit$MethodAndArgsCaller.run(RuntimeInit.java:552)
05-26 00:00:36.238  6379  6379 W RegisteredComponentCache: 	at com.android.internal.os.ZygoteInit.main(ZygoteInit.java:992)
05-26 00:00:36.239  6379  6379 W RegisteredComponentCache: Unable to load component info ResolveInfo{8266475 com.whizdm.moneyview.loans/in.juspay.hypernfc.NfcActivity m=0x108000 userHandle=UserHandle{0}}
05-26 00:00:36.239  6379  6379 W RegisteredComponentCache: org.xmlpull.v1.XmlPullParserException: No android.nfc.action.TECH_DISCOVERED meta-data
05-26 00:00:36.239  6379  6379 W RegisteredComponentCache: 	at com.android.nfc.RegisteredComponentCache.parseComponentInfo(RegisteredComponentCache.java:186)
05-26 00:00:36.239  6379  6379 W RegisteredComponentCache: 	at com.android.nfc.RegisteredComponentCache.generateComponentsList(RegisteredComponentCache.java:160)
05-26 00:00:36.239  6379  6379 W RegisteredComponentCache: 	at com.android.nfc.RegisteredComponentCache$1.onReceive(RegisteredComponentCache.java:65)
05-26 00:00:36.239  6379  6379 W RegisteredComponentCache: 	at android.app.LoadedApk$ReceiverDispatcher$Args.lambda$getRunnable$0(LoadedApk.java:1830)
05-26 00:00:36.239  6379  6379 W RegisteredComponentCache: 	at android.app.LoadedApk$ReceiverDispatcher$Args.$r8$lambda$gDuJqgxY6Zb-ifyeubKeivTLAwk(Unknown Source:0)
05-26 00:00:36.239  6379  6379 W RegisteredComponentCache: 	at android.app.LoadedApk$ReceiverDispatcher$Args$$ExternalSyntheticLambda0.run(Unknown Source:2)
05-26 00:00:36.239  6379  6379 W RegisteredComponentCache: 	at android.os.Handler.handleCallback(Handler.java:1000)
05-26 00:00:36.239  6379  6379 W RegisteredComponentCache: 	at android.os.Handler.dispatchMessage(Handler.java:104)
05-26 00:00:36.239  6379  6379 W RegisteredComponentCache: 	at android.os.Looper.loopOnce(Looper.java:242)
05-26 00:00:36.239  6379  6379 W RegisteredComponentCache: 	at android.os.Looper.loop(Looper.java:362)
05-26 00:00:36.239  6379  6379 W RegisteredComponentCache: 	at android.app.ActivityThread.main(ActivityThread.java:8448)
05-26 00:00:36.239  6379  6379 W RegisteredComponentCache: 	at java.lang.reflect.Method.invoke(Native Method)
05-26 00:00:36.239  6379  6379 W RegisteredComponentCache: 	at com.android.internal.os.RuntimeInit$MethodAndArgsCaller.run(RuntimeInit.java:552)
05-26 00:00:36.239  6379  6379 W RegisteredComponentCache: 	at com.android.internal.os.ZygoteInit.main(ZygoteInit.java:992)
05-26 00:00:36.239  6379  6379 W RegisteredComponentCache: Unable to load component info ResolveInfo{13ac7b com.whizdm.moneyview.loans/com.cashfree.pg.ui.hidden.checkout.CashfreeNativeCheckoutActivity m=0x108000 userHandle=UserHandle{0}}
05-26 00:00:36.239  6379  6379 W RegisteredComponentCache: org.xmlpull.v1.XmlPullParserException: No android.nfc.action.TECH_DISCOVERED meta-data
05-26 00:00:36.239  6379  6379 W RegisteredComponentCache: 	at com.android.nfc.RegisteredComponentCache.parseComponentInfo(RegisteredComponentCache.java:186)
05-26 00:00:36.239  6379  6379 W RegisteredComponentCache: 	at com.android.nfc.RegisteredComponentCache.generateComponentsList(RegisteredComponentCache.java:160)
05-26 00:00:36.239  6379  6379 W RegisteredComponentCache: 	at com.android.nfc.RegisteredComponentCache$1.onReceive(RegisteredComponentCache.java:65)
05-26 00:00:36.239  6379  6379 W RegisteredComponentCache: 	at android.app.LoadedApk$ReceiverDispatcher$Args.lambda$getRunnable$0(LoadedApk.java:1830)
05-26 00:00:36.239  6379  6379 W RegisteredComponentCache: 	at android.app.LoadedApk$ReceiverDispatcher$Args.$r8$lambda$gDuJqgxY6Zb-ifyeubKeivTLAwk(Unknown Source:0)
05-26 00:00:36.239  6379  6379 W RegisteredComponentCache: 	at android.app.LoadedApk$ReceiverDispatcher$Args$$ExternalSyntheticLambda0.run(Unknown Source:2)
05-26 00:00:36.239  6379  6379 W RegisteredComponentCache: 	at android.os.Handler.handleCallback(Handler.java:1000)
05-26 00:00:36.239  6379  6379 W RegisteredComponentCache: 	at android.os.Handler.dispatchMessage(Handler.java:104)
05-26 00:00:36.239  6379  6379 W RegisteredComponentCache: 	at android.os.Looper.loopOnce(Looper.java:242)
05-26 00:00:36.239  6379  6379 W RegisteredComponentCache: 	at android.os.Looper.loop(Looper.java:362)
05-26 00:00:36.239  6379  6379 W RegisteredComponentCache: 	at android.app.ActivityThread.main(ActivityThread.java:8448)
05-26 00:00:36.239  6379  6379 W RegisteredComponentCache: 	at java.lang.reflect.Method.invoke(Native Method)
05-26 00:00:36.239  6379  6379 W RegisteredComponentCache: 	at com.android.internal.os.RuntimeInit$MethodAndArgsCaller.run(RuntimeInit.java:552)
05-26 00:00:36.239  6379  6379 W RegisteredComponentCache: 	at com.android.internal.os.ZygoteInit.main(ZygoteInit.java:992)
05-26 00:00:36.243  3077  3708 I InputReader: Reconfiguring input devices, changes=KEYBOARD_LAYOUTS
05-26 00:00:36.249 16952 16970 I PermissionControllerServiceImpl: Updating user sensitive for uid 10329
05-26 00:00:36.251  6379  6379 D RegisteredNfcFServicesCache: invalidateCache() - Service unchanged, not updating
05-26 00:00:36.257  3757  3757 I PkDeviceHelper: PkDeviceHelper.refreshDevices():87 refreshing devices
05-26 00:00:36.259  3757  3757 I PkDeviceHelper: PkDeviceHelper.refreshDevices():87 refreshing devices
05-26 00:00:36.262  3757  3757 I PkDeviceHelper: PkDeviceHelper.refreshDevices():87 refreshing devices
05-26 00:00:36.263  3757  3757 I PkDeviceHelper: PkDeviceHelper.refreshDevices():87 refreshing devices
05-26 00:00:36.265 16952 31322 D CompatibilityChangeReporter: Compat change id reported: 303742236; UID 10365; state: ENABLED
05-26 00:00:36.266  3757  3757 I PkDeviceHelper: PkDeviceHelper.refreshDevices():87 refreshing devices
05-26 00:00:36.267  3757  3757 I PkDeviceHelper: PkDeviceHelper.refreshDevices():87 refreshing devices
05-26 00:00:36.269  3757  3757 I PkDeviceHelper: PkDeviceHelper.refreshDevices():87 refreshing devices
05-26 00:00:36.303 16952 31322 E RoleControllerServiceImpl: Default/fallback role holder package doesn't qualify for the role, package: com.google.android.gms.supervision, role: android.app.role.SYSTEM_SUPERVISION, user: 0
05-26 00:00:36.312 16952 31322 W SignedPackage: Package doesn't have required signing certificate: com.google.android.apps.work.clouddpc
05-26 00:00:36.320  1758  4641 I vendor.qti.bluetooth@1.0-ibs_handler: ProcessIbsCmd: Received IBS_WAKE_IND: 0xFD
05-26 00:00:36.320  1758  4641 D vendor.qti.bluetooth@1.0-ibs_handler: SerialClockVote: vote for UART CLK ON
05-26 00:00:36.320  1758  4641 D vendor.qti.bluetooth@1.0-wake_lock: Acquire wakelock is acquired 
05-26 00:00:36.320  1758  4641 I vendor.qti.bluetooth@1.0-ibs_handler: ProcessIbsCmd: Writing IBS_WAKE_ACK
05-26 00:00:36.321  3992  4648 I bt_stack: [INFO:btm_ble_gap.cc(3287)] btm_ble_process_adv_pkt_cont Data Complete 10:60:60:63:f5:e3
05-26 00:00:36.321  3992  4648 D bt_btm_ble: bool parse_adv_audio_uuids_from_adv_pkt(const uint8_t *, size_t, uint8_t): tmap_cap_pts: false
05-26 00:00:36.334  3077  5907 D CompatibilityChangeReporter: Compat change id reported: 161145287; UID 10365; state: ENABLED
05-26 00:00:36.355 16952 31322 E FeatureFlagsImplExport: android.os.flagging.AconfigStorageReadException: ERROR_PACKAGE_NOT_FOUND: package android.app cannot be found on the device
05-26 00:00:36.355 16952 31322 E FeatureFlagsImplExport: android.os.flagging.AconfigStorageReadException: ERROR_PACKAGE_NOT_FOUND: package android.hardware.biometrics cannot be found on the device
05-26 00:00:36.357  3992  4648 I bt_stack: [INFO:btm_ble_gap.cc(3287)] btm_ble_process_adv_pkt_cont Data Complete f7:60:f0:b3:41:c6
05-26 00:00:36.358  3992  4648 I bt_stack: [INFO:btm_ble_gap.cc(3287)] btm_ble_process_adv_pkt_cont Data Complete f7:60:f0:b3:41:c6
05-26 00:00:36.358  3992  4648 D bt_btm_ble: bool parse_adv_audio_uuids_from_adv_pkt(const uint8_t *, size_t, uint8_t): tmap_cap_pts: false
05-26 00:00:36.360  4774  4991 I NearbyDiscovery: (REDACTED) BloomFilterAdvManager: Detected bloom filter but too far away, ignoring. %sm, %s
05-26 00:00:36.361 15315 15365 D Checkin : publish the event [tag = MOT_DEVICE_STATS_L1 event name = EventLogs]
05-26 00:00:36.365 28261 28442 I ThermalEngine: ACTION: CPU - Setting CPU[7] to 10
05-26 00:00:36.397  1758  4641 I vendor.qti.bluetooth@1.0-ibs_handler: ProcessIbsCmd: Received IBS_SLEEP_IND: 0xFE
05-26 00:00:36.397  1758  4641 D vendor.qti.bluetooth@1.0-ibs_handler: SerialClockVote: vote for UART CLK OFF
05-26 00:00:36.457 16952 31322 E FeatureFlagsImplExport: android.os.flagging.AconfigStorageReadException: ERROR_PACKAGE_NOT_FOUND: package com.android.internal.telephony.flags cannot be found on the device
05-26 00:00:36.503 16952 31322 E FeatureFlagsImplExport: android.os.flagging.AconfigStorageReadException: ERROR_PACKAGE_NOT_FOUND: package android.security cannot be found on the device
05-26 00:00:36.525 16952 31322 E FeatureFlagsImplExport: android.os.flagging.AconfigStorageReadException: ERROR_PACKAGE_NOT_FOUND: package android.media.audio cannot be found on the device
05-26 00:00:36.547  1758  4324 D vendor.qti.bluetooth@1.0-wake_lock: Release wakelock is released 
05-26 00:00:36.563 16952 31322 E FeatureFlagsImplExport: android.os.flagging.AconfigStorageReadException: ERROR_PACKAGE_NOT_FOUND: package com.android.window.flags cannot be found on the device
05-26 00:00:36.599 15315 15365 D Checkin : publish the event [tag = MOT_DEVICE_STATS_CHG event name = ChargerTrigger]
05-26 00:00:36.600 15315 15365 D Checkin : publish the event [tag = MOT_DEVICE_STATS_CHG event name = DataSizes]
05-26 00:00:36.601 15315 15365 D Checkin : publish the event [tag = MOT_DEVICE_STATS_CHG event name = SignalStrengths]
05-26 00:00:36.602 15315 15365 D Checkin : publish the event [tag = MOT_DEVICE_STATS_CHG event name = PhoneTimeStats]
05-26 00:00:36.611  1758  4641 I vendor.qti.bluetooth@1.0-ibs_handler: ProcessIbsCmd: Received IBS_WAKE_IND: 0xFD
05-26 00:00:36.611  1758  4641 D vendor.qti.bluetooth@1.0-ibs_handler: SerialClockVote: vote for UART CLK ON
05-26 00:00:36.611  1758  4641 D vendor.qti.bluetooth@1.0-wake_lock: Acquire wakelock is acquired 
05-26 00:00:36.611  1758  4641 I vendor.qti.bluetooth@1.0-ibs_handler: ProcessIbsCmd: Writing IBS_WAKE_ACK
05-26 00:00:36.612  3992  4648 I bt_stack: [INFO:btm_ble_gap.cc(3287)] btm_ble_process_adv_pkt_cont Data Complete f7:60:f0:b3:41:c6
05-26 00:00:36.612  3992  4648 I bt_stack: [INFO:btm_ble_gap.cc(3287)] btm_ble_process_adv_pkt_cont Data Complete 10:60:60:63:f5:e3
05-26 00:00:36.612  3992  4648 D bt_btm_ble: bool parse_adv_audio_uuids_from_adv_pkt(const uint8_t *, size_t, uint8_t): tmap_cap_pts: false
05-26 00:00:36.643 15315 15365 D Checkin : publish the event [tag = MOT_DEVICE_STATS_CHG event name = PerUidStats]
05-26 00:00:36.651  1758  4641 I vendor.qti.bluetooth@1.0-ibs_handler: ProcessIbsCmd: Received IBS_SLEEP_IND: 0xFE
05-26 00:00:36.651  1758  4641 D vendor.qti.bluetooth@1.0-ibs_handler: SerialClockVote: vote for UART CLK OFF
