06-15 20:07:04.118 D/CompatibilityChangeReporter(  517): Compat change id reported: 161145287; UID 10175; state: DISABLED
06-15 20:07:04.130 D/NetworkSecurityConfig( 2677): No Network Security Config specified, using platform default
06-15 20:07:04.131 D/NetworkSecurityConfig( 2677): No Network Security Config specified, using platform default
06-15 20:07:04.162 D/CompatibilityChangeReporter(  517): Compat change id reported: 194532703; UID 10175; state: ENABLED
06-15 20:07:04.163 W/system_server(  517): Long monitor contention with owner binder:517_D (1231) at int com.android.server.am.ActivityManagerService.bindServiceInstance(android.app.IApplicationThread, android.os.IBinder, android.content.Intent, java.lang.String, android.app.IServiceConnection, int, java.lang.String, boolean, int, java.lang.String, java.lang.String, int)(ActivityManagerService.java:12764) waiters=2 in int com.android.server.am.ActivityManagerService.getMemoryTrimLevel() for 373ms
06-15 20:07:04.163 W/Looper  (  517): Slow dispatch took 374ms main h=com.android.server.job.JobSchedulerService$JobHandler c=null m=4
06-15 20:07:04.178 W/system_server(  517): Long monitor contention with owner binder:517_D (1231) at int com.android.server.am.ActivityManagerService.bindServiceInstance(android.app.IApplicationThread, android.os.IBinder, android.content.Intent, java.lang.String, android.app.IServiceConnection, int, java.lang.String, boolean, int, java.lang.String, java.lang.String, int)(ActivityManagerService.java:12764) waiters=3 in android.content.Intent com.android.server.am.ActivityManagerService.registerReceiverWithFeature(android.app.IApplicationThread, java.lang.String, java.lang.String, java.lang.String, android.content.IIntentReceiver, android.content.IntentFilter, java.lang.String, int, int) for 249ms
06-15 20:07:04.179 W/system_server(  517): Long monitor contention with owner binder:517_D (1231) at com.android.server.pm.Computer com.android.server.pm.PackageManagerService.snapshotComputer()(PackageManagerService.java:1111) waiters=8 in com.android.server.pm.Computer com.android.server.pm.PackageManagerService.snapshotComputer() for 217ms
06-15 20:07:04.188 W/system_server(  517): Long monitor contention with owner binder:517_D (1231) at com.android.server.pm.Computer com.android.server.pm.PackageManagerService.snapshotComputer()(PackageManagerService.java:1111) waiters=9 in com.android.server.pm.Computer com.android.server.pm.PackageManagerService.snapshotComputer() for 216ms
06-15 20:07:04.213 D/ConnectivityService(  517): requestNetwork for uid/pid:1000/517 asUid: 10175 activeRequest: null callbackRequest: 72 [NetworkRequest [ REQUEST id=73, [ Capabilities: INTERNET&NOT_RESTRICTED&TRUSTED&NOT_VCN_MANAGED Uid: 10175 RequestorUid: 1000 RequestorPkg: android UnderlyingNetworks: Null] ]] callback flags: 0 order: 2147483647
06-15 20:07:04.221 D/WifiNetworkFactory(  517): got request NetworkRequest [ REQUEST id=73, [ Capabilities: INTERNET&NOT_RESTRICTED&TRUSTED&NOT_VCN_MANAGED Uid: 10175 RequestorUid: 1000 RequestorPkg: android UnderlyingNetworks: Null] ]
06-15 20:07:04.221 D/UntrustedWifiNetworkFactory(  517): got request NetworkRequest [ REQUEST id=73, [ Capabilities: INTERNET&NOT_RESTRICTED&TRUSTED&NOT_VCN_MANAGED Uid: 10175 RequestorUid: 1000 RequestorPkg: android UnderlyingNetworks: Null] ]
06-15 20:07:04.222 D/OemPaidWifiNetworkFactory(  517): got request NetworkRequest [ REQUEST id=73, [ Capabilities: INTERNET&NOT_RESTRICTED&TRUSTED&NOT_VCN_MANAGED Uid: 10175 RequestorUid: 1000 RequestorPkg: android UnderlyingNetworks: Null] ]
06-15 20:07:04.223 D/MultiInternetWifiNetworkFactory(  517): got request NetworkRequest [ REQUEST id=73, [ Capabilities: INTERNET&NOT_RESTRICTED&TRUSTED&NOT_VCN_MANAGED Uid: 10175 RequestorUid: 1000 RequestorPkg: android UnderlyingNetworks: Null] ]
06-15 20:07:04.223 D/ConnectivityService(  517): NetReassign [73 : null → 100] [c 0] [a 0] [i 9]
06-15 20:07:04.455 V/SystemUIBootTiming(  744): StartServices com.android.systemui.statusbar.phone.CentralSurfaces took to complete: 79012ms
06-15 20:07:04.455 W/SystemUIService(  744): Initialization of com.android.systemui.statusbar.phone.CentralSurfaces took 81289 ms
06-15 20:07:04.455 V/SystemUIBootTiming(  744): StartServices com.android.systemui.statusbar.phone.KeyguardLiftController took to complete: 0ms
06-15 20:07:04.483 D/CompatibilityChangeReporter(  517): Compat change id reported: 218533173; UID 10055; state: ENABLED
06-15 20:07:04.486 D/nativeloader( 2593): Configuring classloader-namespace for other apk /system/framework/com.android.location.provider.jar. target_sdk_version=33, uses_libraries=ALL, library_path=/product/priv-app/PrebuiltGmsCore/lib/x86_64:/product/priv-app/PrebuiltGmsCore/PrebuiltGmsCore.apk!/lib/x86_64, permitted_path=/data:/mnt/expand:/data/user/0/com.google.android.gms
06-15 20:07:04.493 D/nativeloader( 2593): Configuring classloader-namespace for other apk /system_ext/framework/androidx.window.extensions.jar. target_sdk_version=33, uses_libraries=ALL, library_path=/product/priv-app/PrebuiltGmsCore/lib/x86_64:/product/priv-app/PrebuiltGmsCore/PrebuiltGmsCore.apk!/lib/x86_64, permitted_path=/data:/mnt/expand:/data/user/0/com.google.android.gms
06-15 20:07:04.495 D/HostConnection( 2589): HostComposition ext ANDROID_EMU_CHECKSUM_HELPER_v1 ANDROID_EMU_native_sync_v2 ANDROID_EMU_dma_v1 ANDROID_EMU_direct_mem ANDROID_EMU_host_composition_v1 ANDROID_EMU_host_composition_v2 ANDROID_EMU_vulkan ANDROID_EMU_deferred_vulkan_commands ANDROID_EMU_vulkan_null_optional_strings ANDROID_EMU_vulkan_create_resources_with_requirements ANDROID_EMU_YUV_Cache ANDROID_EMU_vulkan_ignored_handles ANDROID_EMU_has_shared_slots_host_memory_allocator ANDROID_EMU_vulkan_free_memory_sync ANDROID_EMU_vulkan_shader_float16_int8 ANDROID_EMU_vulkan_async_queue_submit ANDROID_EMU_vulkan_queue_submit_with_commands ANDROID_EMU_sync_buffer_data ANDROID_EMU_vulkan_async_qsri ANDROID_EMU_read_color_buffer_dma ANDROID_EMU_hwc_multi_configs ANDROID_EMU_hwc_color_transform GL_OES_EGL_image_external_essl3 GL_OES_vertex_array_object GL_KHR_texture_compression_astc_ldr ANDROID_EMU_host_side_tracing ANDROID_EMU_gles_max_version_3_1 
06-15 20:07:04.511 D/EGL_emulation( 2589): eglCreateContext: 0x76e094ddc250: maj 3 min 1 rcv 4
06-15 20:07:04.544 D/EGL_emulation( 2589): eglMakeCurrent: 0x76e094ddc250: ver 3 1 (tinfo 0x76e2bc808080) (first time)
06-15 20:07:04.557 V/SystemUIBootTiming(  744): StartServices com.android.systemui.statusbar.pipeline.mobile.data.repository.CarrierConfigCoreStartable took to complete: 102ms
06-15 20:07:04.557 V/SystemUIBootTiming(  744): StartServices com.android.systemui.statusbar.pipeline.mobile.ui.MobileUiAdapter took to complete: 0ms
06-15 20:07:04.556 I/binder  (    0): undelivered TRANSACTION_COMPLETE
06-15 20:07:04.558 I/binder  (    0): undelivered transaction 63779, process died.
06-15 20:07:04.596 V/SystemUIBootTiming(  744): StartServices com.android.systemui.stylus.StylusUsiPowerStartable took to complete: 39ms
06-15 20:07:04.596 V/SystemUIBootTiming(  744): StartServices com.android.systemui.temporarydisplay.chipbar.ChipbarCoordinator took to complete: 0ms
06-15 20:07:04.605 W/ContentProviderHelper(  517): Slow operation: 74ms so far, now at getContentProviderImpl: after updateOomAdj
06-15 20:07:04.610 W/ContentProviderHelper(  517): Slow operation: 78ms so far, now at getContentProviderImpl: done!
06-15 20:07:04.610 D/CompatibilityChangeReporter(  517): Compat change id reported: 161145287; UID 1002; state: DISABLED
06-15 20:07:04.610 V/ActivityManager(  517): Got obituary of 2532:com.google.android.gms.persistent
06-15 20:07:04.611 W/ActivityManager(  517): Slow operation: 3462ms so far, now at startProcess: asking zygote to start proc
06-15 20:07:04.611 D/CompatibilityChangeReporter(  517): Compat change id reported: 143937733; UID 10120; state: ENABLED
06-15 20:07:04.637 D/CompatibilityChangeReporter( 2512): Compat change id reported: 183155436; UID 1002; state: ENABLED
06-15 20:07:04.638 D/BluetoothOppFileProvider( 2512): Initialized
06-15 20:07:04.643 D/Zygote  (  276): Forked child process 2753
06-15 20:07:04.644 W/ActivityManager(  517): Slow operation: 3495ms so far, now at startProcess: returned from zygote!
06-15 20:07:04.644 W/ActivityManager(  517): Slow operation: 3496ms so far, now at startProcess: done updating battery stats
06-15 20:07:04.644 W/ActivityManager(  517): Slow operation: 3496ms so far, now at startProcess: building log message
06-15 20:07:04.644 I/ActivityManager(  517): Start proc 2753:com.google.android.gms.persistent/u0a120 for service {com.google.android.gms/com.google.android.gms.chimera.PersistentApiService}
06-15 20:07:04.644 W/ActivityManager(  517): Slow operation: 3496ms so far, now at startProcess: starting to update pids map
06-15 20:07:04.645 W/ActivityManager(  517): Slow operation: 3496ms so far, now at startProcess: done updating pids map
06-15 20:07:04.682 I/.gms.persistent( 2753): Using CollectorTypeCC GC.
06-15 20:07:04.710 W/.gms.persistent( 2753): Unexpected CPU variant for x86: x86_64.
06-15 20:07:04.710 W/.gms.persistent( 2753): Known variants: atom, sandybridge, silvermont, kabylake, default
06-15 20:07:04.729 I/adbd    (  400): jdwp connection from 2753
06-15 20:07:04.751 I/CarrierServices( 2321): [52] bhdm.b: EngineBroadcaster: Broadcasting provisioning intent rcs.intent.action.rcsSystemBinding to Bugle with extras redacted-pii:[null] from source SYSTEM_BINDING_SERVICE
06-15 20:07:04.900 D/CompatibilityChangeReporter( 2321): Compat change id reported: 160794467; UID 10111; state: ENABLED
06-15 20:07:04.917 I/resolv  (  275): res_nsend: used send_dg 0 terrno: 110
06-15 20:07:05.000 D/DataMigration( 2512): Legacy migration skiped: already completed
06-15 20:07:05.060 I/Zygote  (  276): Process 2532 exited due to signal 9 (Killed)
06-15 20:07:05.086 W/ActivityManager(  517): Slow operation: 174ms so far, now at attachApplicationLocked: before bindApplication
06-15 20:07:05.087 D/CompatibilityChangeReporter(  517): Compat change id reported: 168419799; UID 10120; state: DISABLED
06-15 20:07:05.091 D/CompatibilityChangeReporter(  517): Compat change id reported: 273564678; UID 10120; state: DISABLED
06-15 20:07:05.092 W/ActivityManager(  517): Slow operation: 180ms so far, now at attachApplicationLocked: immediately before bindApplication
06-15 20:07:05.093 W/ActivityManager(  517): Slow operation: 181ms so far, now at attachApplicationLocked: immediately after bindApplication
06-15 20:07:05.093 W/ActivityManager(  517): Slow operation: 181ms so far, now at attachApplicationLocked: after updateLruProcessLocked
06-15 20:07:05.107 D/ConnectivityService(  517): requestNetwork for uid/pid:10140/2589 activeRequest: null callbackRequest: 74 [NetworkRequest [ REQUEST id=75, [ Capabilities: INTERNET&NOT_RESTRICTED&TRUSTED&NOT_VCN_MANAGED Uid: 10140 RequestorUid: 10140 RequestorPkg: com.google.android.apps.maps UnderlyingNetworks: Null] ]] callback flags: 0 order: 2147483647
06-15 20:07:05.109 D/WifiNetworkFactory(  517): got request NetworkRequest [ REQUEST id=75, [ Capabilities: INTERNET&NOT_RESTRICTED&TRUSTED&NOT_VCN_MANAGED Uid: 10140 RequestorUid: 10140 RequestorPkg: com.google.android.apps.maps UnderlyingNetworks: Null] ]
06-15 20:07:05.109 D/UntrustedWifiNetworkFactory(  517): got request NetworkRequest [ REQUEST id=75, [ Capabilities: INTERNET&NOT_RESTRICTED&TRUSTED&NOT_VCN_MANAGED Uid: 10140 RequestorUid: 10140 RequestorPkg: com.google.android.apps.maps UnderlyingNetworks: Null] ]
06-15 20:07:05.110 D/OemPaidWifiNetworkFactory(  517): got request NetworkRequest [ REQUEST id=75, [ Capabilities: INTERNET&NOT_RESTRICTED&TRUSTED&NOT_VCN_MANAGED Uid: 10140 RequestorUid: 10140 RequestorPkg: com.google.android.apps.maps UnderlyingNetworks: Null] ]
06-15 20:07:05.118 D/MultiInternetWifiNetworkFactory(  517): got request NetworkRequest [ REQUEST id=75, [ Capabilities: INTERNET&NOT_RESTRICTED&TRUSTED&NOT_VCN_MANAGED Uid: 10140 RequestorUid: 10140 RequestorPkg: com.google.android.apps.maps UnderlyingNetworks: Null] ]
06-15 20:07:05.119 D/ConnectivityService(  517): NetReassign [75 : null → 100] [c 0] [a 1] [i 11]
06-15 20:07:05.130 W/ActivityManager(  517): Slow operation: 218ms so far, now at attachApplicationLocked: after mServices.attachApplicationLocked
06-15 20:07:05.155 W/ActivityManager(  517): Rescheduling restart of crashed service com.google.android.inputmethod.latin/com.android.inputmethod.latin.LatinIME in 0ms for other
06-15 20:07:05.161 D/CompatibilityChangeReporter(  517): Compat change id reported: 135634846; UID 10133; state: DISABLED
06-15 20:07:05.162 D/CompatibilityChangeReporter(  517): Compat change id reported: 143937733; UID 10133; state: ENABLED
06-15 20:07:05.178 W/system_server(  517): Long monitor contention with owner binder:517_9 (980) at com.android.server.pm.Computer com.android.server.pm.PackageManagerService.snapshotComputer()(PackageManagerService.java:1111) waiters=3 in com.android.server.pm.Computer com.android.server.pm.PackageManagerService.snapshotComputer() for 201ms
06-15 20:07:05.178 W/system_server(  517): Long monitor contention with owner binder:517_9 (980) at com.android.server.pm.Computer com.android.server.pm.PackageManagerService.snapshotComputer()(PackageManagerService.java:1111) waiters=4 in com.android.server.pm.Computer com.android.server.pm.PackageManagerService.snapshotComputer() for 138ms
06-15 20:07:05.220 D/Zygote  (  276): Forked child process 2771
06-15 20:07:05.220 W/ActivityManager(  517): Slow operation: 60ms so far, now at startProcess: returned from zygote!
06-15 20:07:05.234 W/ActivityManager(  517): Slow operation: 74ms so far, now at startProcess: done updating battery stats
06-15 20:07:05.234 W/ActivityManager(  517): Slow operation: 74ms so far, now at startProcess: building log message
06-15 20:07:05.234 I/ActivityManager(  517): Start proc 2771:com.google.android.inputmethod.latin/u0a133 for service {com.google.android.inputmethod.latin/com.android.inputmethod.latin.LatinIME}
06-15 20:07:05.234 W/ActivityManager(  517): Slow operation: 74ms so far, now at startProcess: starting to update pids map
06-15 20:07:05.260 I/keystore2(  150): keystore2::watchdog: Watchdog thread idle -> terminating. Have a great day.
06-15 20:07:05.292 W/Looper  (  744): Slow dispatch took 37ms wmshell.main h=android.os.Handler c=android.window.TaskOrganizer$1$$ExternalSyntheticLambda6@e89fafe m=0
06-15 20:07:05.292 W/ActivityManager(  517): Slow operation: 132ms so far, now at startProcess: done updating pids map
06-15 20:07:05.297 I/putmethod.latin( 2771): Using CollectorTypeCC GC.
06-15 20:07:05.315 W/putmethod.latin( 2771): Unexpected CPU variant for x86: x86_64.
06-15 20:07:05.315 W/putmethod.latin( 2771): Known variants: atom, sandybridge, silvermont, kabylake, default
06-15 20:07:05.331 I/adbd    (  400): jdwp connection from 2771
06-15 20:07:05.362 W/ActivityManager(  517): Unable to start service Intent { cmp=com.google.android.projection.gearhead/com.google.android.apps.auto.carservice.service.impl.GearheadCarStartupService } U=0: not found
06-15 20:07:05.363 W/ActivityManager(  517): Unbind failed: could not find connection for android.os.BinderProxy@5375a7c
06-15 20:07:05.379 I/BluetoothAvrcpControllerJni( 2512): classInitNative: succeeds
06-15 20:07:05.489 D/CompatibilityChangeReporter( 2753): Compat change id reported: 171979766; UID 10120; state: ENABLED
06-15 20:07:05.520 D/nativeloader( 2593): Configuring classloader-namespace for other apk /system_ext/framework/androidx.window.sidecar.jar. target_sdk_version=33, uses_libraries=ALL, library_path=/product/priv-app/PrebuiltGmsCore/lib/x86_64:/product/priv-app/PrebuiltGmsCore/PrebuiltGmsCore.apk!/lib/x86_64, permitted_path=/data:/mnt/expand:/data/user/0/com.google.android.gms
06-15 20:07:05.554 W/droid.apps.maps( 2589): Suspending all threads took: 6.111ms
06-15 20:07:05.556 D/CompatibilityChangeReporter( 2484): Compat change id reported: 183155436; UID 10129; state: ENABLED
06-15 20:07:05.584 W/ActivityManager(  517): Slow operation: 139ms so far, now at attachApplicationLocked: after mServices.attachApplicationLocked
06-15 20:07:05.613 I/BluetoothHidHostServiceJni( 2512): classInitNative: succeeds
06-15 20:07:05.621 D/CompatibilityChangeReporter( 2771): Compat change id reported: 171979766; UID 10133; state: ENABLED
06-15 20:07:05.644 D/nativeloader( 2771): Configuring classloader-namespace for other apk /system_ext/framework/androidx.window.extensions.jar. target_sdk_version=33, uses_libraries=ALL, library_path=/product/app/LatinIMEGooglePrebuilt/lib/x86_64:/product/app/LatinIMEGooglePrebuilt/LatinIMEGooglePrebuilt.apk!/lib/x86_64, permitted_path=/data:/mnt/expand:/data/user/0/com.google.android.inputmethod.latin
06-15 20:07:05.647 D/nativeloader( 2753): Configuring classloader-namespace for other apk /system/framework/org.apache.http.legacy.jar. target_sdk_version=33, uses_libraries=ALL, library_path=/product/priv-app/PrebuiltGmsCore/lib/x86_64:/product/priv-app/PrebuiltGmsCore/PrebuiltGmsCore.apk!/lib/x86_64, permitted_path=/data:/mnt/expand:/data/user/0/com.google.android.gms
06-15 20:07:05.661 D/nativeloader( 2771): Configuring classloader-namespace for other apk /system_ext/framework/androidx.window.sidecar.jar. target_sdk_version=33, uses_libraries=ALL, library_path=/product/app/LatinIMEGooglePrebuilt/lib/x86_64:/product/app/LatinIMEGooglePrebuilt/LatinIMEGooglePrebuilt.apk!/lib/x86_64, permitted_path=/data:/mnt/expand:/data/user/0/com.google.android.inputmethod.latin
06-15 20:07:05.686 D/nativeloader( 2771): Configuring vendor-classloader-namespace for unbundled product apk /product/app/LatinIMEGooglePrebuilt/LatinIMEGooglePrebuilt.apk. target_sdk_version=33, uses_libraries=, library_path=/product/app/LatinIMEGooglePrebuilt/lib/x86_64:/product/app/LatinIMEGooglePrebuilt/LatinIMEGooglePrebuilt.apk!/lib/x86_64:/product/lib64:/system/product/lib64, permitted_path=/data:/mnt/expand:/data/user/0/com.google.android.inputmethod.latin:/product/lib64:/system/product/lib64
06-15 20:07:05.692 D/ThemeOverlayController(  744): Boot animation colors 1: -76039
06-15 20:07:05.692 D/ThemeOverlayController(  744): Boot animation colors 2: -6903068
06-15 20:07:05.692 D/ThemeOverlayController(  744): Boot animation colors 3: -9407094
06-15 20:07:05.692 D/ThemeOverlayController(  744): Boot animation colors 4: -2432257
06-15 20:07:05.692 D/ThemeOverlayController(  744): Start
06-15 20:07:05.698 I/BtGatt.JNI( 2512): classInitNative(L1213): classInitNative: Success!
06-15 20:07:05.713 V/GraphicsEnvironment( 2771): ANGLE Developer option for 'com.google.android.inputmethod.latin' set to: 'default'
06-15 20:07:05.716 V/GraphicsEnvironment( 2771): ANGLE GameManagerService for com.google.android.inputmethod.latin: false
06-15 20:07:05.716 V/GraphicsEnvironment( 2771): Neither updatable production driver nor prerelease driver is supported.
06-15 20:07:05.723 I/libprocessgroup(  517): Successfully killed process cgroup uid 10133 pid 1917 in 0ms
06-15 20:07:05.724 I/libprocessgroup(  517): Successfully killed process cgroup uid 10120 pid 2532 in 0ms
06-15 20:07:05.724 I/libprocessgroup(  517): Successfully killed process cgroup uid 1001 pid 2071 in 0ms
06-15 20:07:05.725 D/NetworkSecurityConfig( 2771): No Network Security Config specified, using platform default
06-15 20:07:05.736 D/NetworkSecurityConfig( 2771): No Network Security Config specified, using platform default
06-15 20:07:05.739 W/droid.apps.maps( 2589): Long monitor contention with owner Background_2 (2736) at java.lang.Object byja.b()(PG:63) waiters=0 in java.lang.Object byja.b() for 309ms
06-15 20:07:05.754 V/SystemUIBootTiming(  744): StartServices com.android.systemui.theme.ThemeOverlayController took to complete: 1158ms
06-15 20:07:05.771 W/SystemUIService(  744): Initialization of com.android.systemui.theme.ThemeOverlayController took 1175 ms
06-15 20:07:05.771 V/SystemUIBootTiming(  744): StartServices com.android.systemui.toast.ToastUI took to complete: 1ms
06-15 20:07:05.811 D/CompatibilityChangeReporter(  517): Compat change id reported: 218533173; UID 10173; state: ENABLED
06-15 20:07:05.821 D/StorageNotification(  744): Notifying about private volume: VolumeInfo{private}:
06-15 20:07:05.821 D/StorageNotification(  744):     type=PRIVATE diskId=null partGuid=null mountFlags=0 mountUserId=-10000 
06-15 20:07:05.821 D/StorageNotification(  744):     state=MOUNTED 
06-15 20:07:05.821 D/StorageNotification(  744):     fsType=null fsUuid=null fsLabel=null 
06-15 20:07:05.821 D/StorageNotification(  744):     path=/data internalPath=null 
06-15 20:07:05.837 D/nativeloader( 2753): Configuring classloader-namespace for other apk /system/framework/com.android.media.remotedisplay.jar. target_sdk_version=33, uses_libraries=ALL, library_path=/product/priv-app/PrebuiltGmsCore/lib/x86_64:/product/priv-app/PrebuiltGmsCore/PrebuiltGmsCore.apk!/lib/x86_64, permitted_path=/data:/mnt/expand:/data/user/0/com.google.android.gms
06-15 20:07:05.855 D/CompatibilityChangeReporter(  517): Compat change id reported: 161145287; UID 10133; state: DISABLED
06-15 20:07:06.062 W/system_server(  517): Long monitor contention with owner android.bg (551) at int com.android.server.job.JobSchedulerService.scheduleAsPackage(android.app.job.JobInfo, android.app.job.JobWorkItem, int, java.lang.String, int, java.lang.String)(JobSchedulerService.java:1263) waiters=1 in int com.android.server.job.JobSchedulerService.scheduleAsPackage(android.app.job.JobInfo, android.app.job.JobWorkItem, int, java.lang.String, int, java.lang.String) for 1.736s
06-15 20:07:06.133 W/CarrierServices( 2321): [52] bemz.x: Unable to send diagnostic log
06-15 20:07:06.175 W/putmethod.latin( 2771): Accessing hidden field Ljava/util/Collections$SynchronizedCollection;->mutex:Ljava/lang/Object; (max-target-o, reflection, denied)
06-15 20:07:06.176 W/putmethod.latin( 2771): Accessing hidden method Ljava/util/Collections$SynchronizedSet;-><init>(Ljava/util/Set;Ljava/lang/Object;)V (max-target-o, reflection, denied)
06-15 20:07:06.176 W/putmethod.latin( 2771): Accessing hidden method Ljava/util/Collections$SynchronizedCollection;-><init>(Ljava/util/Collection;Ljava/lang/Object;)V (max-target-o, reflection, denied)
06-15 20:07:06.193 D/CompatibilityChangeReporter( 2771): Compat change id reported: 183155436; UID 10133; state: ENABLED
06-15 20:07:06.202 W/Looper  (  517): Slow dispatch took 1922ms main h=com.android.server.job.controllers.QuotaController$QcHandler c=null m=3
06-15 20:07:06.204 W/system_server(  517): Long monitor contention with owner android.bg (551) at int com.android.server.job.JobSchedulerService.scheduleAsPackage(android.app.job.JobInfo, android.app.job.JobWorkItem, int, java.lang.String, int, java.lang.String)(JobSchedulerService.java:1263) waiters=2 in java.util.List com.android.server.job.JobSchedulerService.getPendingJobs(int) for 1.795s
06-15 20:07:06.204 W/system_server(  517): Long monitor contention with owner android.bg (551) at int com.android.server.job.JobSchedulerService.scheduleAsPackage(android.app.job.JobInfo, android.app.job.JobWorkItem, int, java.lang.String, int, java.lang.String)(JobSchedulerService.java:1263) waiters=3 in void com.android.server.job.JobStore$1.run() for 1.275s
06-15 20:07:06.228 D/CompatibilityChangeReporter(  517): Compat change id reported: 218533173; UID 10012; state: ENABLED
06-15 20:07:06.240 W/ActivityManager(  517): Receiver with filter android.content.IntentFilter@5fe8e29 already registered for pid 2771, callerPackage is com.google.android.inputmethod.latin
06-15 20:07:06.271 V/SystemUIBootTiming(  744): StartServices com.android.systemui.usb.StorageNotification took to complete: 500ms
06-15 20:07:06.288 D/nativeloader( 2753): Configuring classloader-namespace for other apk /system/framework/com.android.location.provider.jar. target_sdk_version=33, uses_libraries=ALL, library_path=/product/priv-app/PrebuiltGmsCore/lib/x86_64:/product/priv-app/PrebuiltGmsCore/PrebuiltGmsCore.apk!/lib/x86_64, permitted_path=/data:/mnt/expand:/data/user/0/com.google.android.gms
06-15 20:07:06.307 V/SystemUIBootTiming(  744): StartServices com.android.systemui.user.ui.dialog.UserSwitcherDialogCoordinator took to complete: 36ms
06-15 20:07:06.353 D/ConnectivityService(  517): requestNetwork for uid/pid:10175/2690 activeRequest: null callbackRequest: 76 [NetworkRequest [ REQUEST id=77, [ Capabilities: INTERNET&NOT_RESTRICTED&TRUSTED&NOT_VCN_MANAGED Uid: 10175 RequestorUid: 10175 RequestorPkg: com.deepeye.musicpro UnderlyingNetworks: Null] ]] callback flags: 0 order: 2147483647
06-15 20:07:06.380 D/WifiNetworkFactory(  517): got request NetworkRequest [ REQUEST id=77, [ Capabilities: INTERNET&NOT_RESTRICTED&TRUSTED&NOT_VCN_MANAGED Uid: 10175 RequestorUid: 10175 RequestorPkg: com.deepeye.musicpro UnderlyingNetworks: Null] ]
06-15 20:07:06.381 D/UntrustedWifiNetworkFactory(  517): got request NetworkRequest [ REQUEST id=77, [ Capabilities: INTERNET&NOT_RESTRICTED&TRUSTED&NOT_VCN_MANAGED Uid: 10175 RequestorUid: 10175 RequestorPkg: com.deepeye.musicpro UnderlyingNetworks: Null] ]
06-15 20:07:06.381 D/OemPaidWifiNetworkFactory(  517): got request NetworkRequest [ REQUEST id=77, [ Capabilities: INTERNET&NOT_RESTRICTED&TRUSTED&NOT_VCN_MANAGED Uid: 10175 RequestorUid: 10175 RequestorPkg: com.deepeye.musicpro UnderlyingNetworks: Null] ]
06-15 20:07:06.381 D/MultiInternetWifiNetworkFactory(  517): got request NetworkRequest [ REQUEST id=77, [ Capabilities: INTERNET&NOT_RESTRICTED&TRUSTED&NOT_VCN_MANAGED Uid: 10175 RequestorUid: 10175 RequestorPkg: com.deepeye.musicpro UnderlyingNetworks: Null] ]
06-15 20:07:06.422 I/BluetoothPanServiceJni( 2512): classInitNative(L108): succeeds
06-15 20:07:06.382 D/ConnectivityService(  517): NetReassign [77 : null → 100] [c 0] [a 11] [i 2]
06-15 20:07:06.668 D/OomAdjuster(  517): Not killing cached processes
06-15 20:07:06.672 W/Looper  (  517): Slow dispatch took 399ms main h=com.android.server.job.JobSchedulerService$JobHandler c=null m=3
06-15 20:07:06.713 D/CompatibilityChangeReporter(  517): Compat change id reported: 218533173; UID 10000; state: ENABLED
06-15 20:07:06.746 D/CompatibilityChangeReporter( 2589): Compat change id reported: 183155436; UID 10140; state: ENABLED
06-15 20:07:06.762 W/Looper  (  517): Drained
06-15 20:07:06.769 I/AdapterServiceConfig( 2512): init: profile=A2dpService, enabled=true
06-15 20:07:06.789 W/system_server(  517): Long monitor contention with owner binder:517_D (1231) at int com.android.server.am.ActivityManagerService.bindServiceInstance(android.app.IApplicationThread, android.os.IBinder, android.content.Intent, java.lang.String, android.app.IServiceConnection, int, java.lang.String, boolean, int, java.lang.String, java.lang.String, int)(ActivityManagerService.java:12764) waiters=0 in android.content.Intent com.android.server.am.ActivityManagerService.registerReceiverWithFeature(android.app.IApplicationThread, java.lang.String, java.lang.String, java.lang.String, android.content.IIntentReceiver, android.content.IntentFilter, java.lang.String, int, int) for 189ms
06-15 20:07:06.807 I/CrossProfileSharedPrefe( 2771): work profile available: false
06-15 20:07:06.808 I/MetricsManager( 2771): Start caching metrics.
06-15 20:07:06.811 V/SystemUIBootTiming(  744): StartServices com.android.systemui.util.NotificationChannels took to complete: 503ms
06-15 20:07:06.877 W/system_server(  517): Long monitor contention with owner PackageManager (581) at void com.android.server.pm.AppsFilterImpl.recomputeComponentVisibility(android.util.ArrayMap)(AppsFilterImpl.java:880) waiters=0 in void com.android.server.pm.AppsFilterImpl.recomputeComponentVisibility(android.util.ArrayMap) for 1.090s
06-15 20:07:07.016 D/nativeloader( 2753): Configuring classloader-namespace for other apk /system_ext/framework/androidx.window.extensions.jar. target_sdk_version=33, uses_libraries=ALL, library_path=/product/priv-app/PrebuiltGmsCore/lib/x86_64:/product/priv-app/PrebuiltGmsCore/PrebuiltGmsCore.apk!/lib/x86_64, permitted_path=/data:/mnt/expand:/data/user/0/com.google.android.gms
06-15 20:07:07.026 D/CompatibilityChangeReporter(  517): Compat change id reported: 161145287; UID 10140; state: DISABLED
06-15 20:07:07.096 D/CompatibilityChangeReporter(  517): Compat change id reported: 218533173; UID 10014; state: ENABLED
06-15 20:07:07.114 I/AdapterServiceConfig( 2512): init: profile=A2dpSinkService, enabled=false
06-15 20:07:07.141 I/AdapterServiceConfig( 2512): init: profile=AvrcpTargetService, enabled=true
06-15 20:07:07.141 I/AdapterServiceConfig( 2512): init: profile=AvrcpControllerService, enabled=false
06-15 20:07:07.141 I/AdapterServiceConfig( 2512): init: profile=BassClientService, enabled=true
06-15 20:07:07.155 W/ogle.android.as( 2616): Accessing hidden field Ljava/util/Collections$SynchronizedCollection;->mutex:Ljava/lang/Object; (max-target-o, reflection, denied)
06-15 20:07:07.155 W/ogle.android.as( 2616): Accessing hidden method Ljava/util/Collections$SynchronizedSet;-><init>(Ljava/util/Set;Ljava/lang/Object;)V (max-target-o, reflection, denied)
06-15 20:07:07.155 W/ogle.android.as( 2616): Accessing hidden method Ljava/util/Collections$SynchronizedCollection;-><init>(Ljava/util/Collection;Ljava/lang/Object;)V (max-target-o, reflection, denied)
06-15 20:07:07.142 I/AdapterServiceConfig( 2512): init: profile=BatteryService, enabled=true
06-15 20:07:07.196 W/earchbox:search( 2557): Long monitor contention with owner main (2557) at java.lang.Object dagger.a.e.b()(PG:2) waiters=0 in java.lang.Object dagger.a.e.b() for 1.516s
06-15 20:07:07.198 I/wpa_supplicant(  723): wlan0: CTRL-EVENT-BEACON-LOSS 
06-15 20:07:07.204 I/AdapterServiceConfig( 2512): init: profile=CsipSetCoordinatorService, enabled=true
06-15 20:07:07.204 I/AdapterServiceConfig( 2512): init: profile=HapClientService, enabled=true
06-15 20:07:07.204 I/AdapterServiceConfig( 2512): init: profile=HeadsetService, enabled=true
06-15 20:07:07.204 I/AdapterServiceConfig( 2512): init: profile=HeadsetClientService, enabled=false
06-15 20:07:07.204 I/AdapterServiceConfig( 2512): init: profile=HearingAidService, enabled=false
06-15 20:07:07.204 I/AdapterServiceConfig( 2512): init: profile=HidDeviceService, enabled=true
06-15 20:07:07.204 I/AdapterServiceConfig( 2512): init: profile=HidHostService, enabled=true
06-15 20:07:07.204 I/AdapterServiceConfig( 2512): init: profile=GattService, enabled=true
06-15 20:07:07.204 I/AdapterServiceConfig( 2512): init: profile=LeAudioService, enabled=true
06-15 20:07:07.204 I/AdapterServiceConfig( 2512): init: profile=TbsService, enabled=true
06-15 20:07:07.204 I/AdapterServiceConfig( 2512): init: profile=BluetoothMapService, enabled=true
06-15 20:07:07.204 I/AdapterServiceConfig( 2512): init: profile=MapClientService, enabled=false
06-15 20:07:07.204 I/AdapterServiceConfig( 2512): init: profile=McpService, enabled=true
06-15 20:07:07.204 I/AdapterServiceConfig( 2512): init: profile=BluetoothOppService, enabled=true
06-15 20:07:07.204 I/AdapterServiceConfig( 2512): init: profile=PanService, enabled=true
06-15 20:07:07.204 I/AdapterServiceConfig( 2512): init: profile=BluetoothPbapService, enabled=true
06-15 20:07:07.204 I/AdapterServiceConfig( 2512): init: profile=PbapClientService, enabled=false
06-15 20:07:07.230 D/nativeloader( 2753): Configuring classloader-namespace for other apk /system_ext/framework/androidx.window.sidecar.jar. target_sdk_version=33, uses_libraries=ALL, library_path=/product/priv-app/PrebuiltGmsCore/lib/x86_64:/product/priv-app/PrebuiltGmsCore/PrebuiltGmsCore.apk!/lib/x86_64, permitted_path=/data:/mnt/expand:/data/user/0/com.google.android.gms
06-15 20:07:07.280 I/AdapterServiceConfig( 2512): init: profile=SapService, enabled=false
06-15 20:07:07.280 I/AdapterServiceConfig( 2512): init: profile=VolumeControlService, enabled=true
06-15 20:07:07.386 W/ActivityTaskManager(  517): Launch timeout has expired, giving up wake lock!
06-15 20:07:07.473 D/CompatibilityChangeReporter(  517): Compat change id reported: 218533173; UID 10031; state: ENABLED
06-15 20:07:07.488 I/BluetoothMetricsLogger( 2512): setCounterMetricsAlarm()
06-15 20:07:07.550 W/.apps.wellbeing( 2627): Long monitor contention with owner binder:2627_3 (2663) at java.lang.Object mdw.generatedComponent()(PG:3) waiters=0 in java.lang.Object mdw.generatedComponent() for 2.951s
06-15 20:07:07.638 D/nativeloader( 2593): Configuring vendor-classloader-namespace for unbundled product apk /product/priv-app/PrebuiltGmsCore/PrebuiltGmsCore.apk. target_sdk_version=33, uses_libraries=, library_path=/product/priv-app/PrebuiltGmsCore/lib/x86_64:/product/priv-app/PrebuiltGmsCore/PrebuiltGmsCore.apk!/lib/x86_64:/product/lib64:/system/product/lib64, permitted_path=/data:/mnt/expand:/data/user/0/com.google.android.gms:/product/lib64:/system/product/lib64
06-15 20:07:07.661 V/SystemUIBootTiming(  744): StartServices com.android.systemui.util.leak.GarbageMonitor took to complete: 850ms
06-15 20:07:07.807 D/CompatibilityChangeReporter(  517): Compat change id reported: 218533173; UID 10150; state: ENABLED
06-15 20:07:07.895 V/SystemUIBootTiming(  744): StartServices com.android.systemui.volume.VolumeUI took to complete: 234ms
06-15 20:07:07.914 D/BluetoothAdapterService( 2512): onCreate()
06-15 20:07:07.944 D/CompatibilityChangeReporter( 2589): Compat change id reported: 160794467; UID 10140; state: ENABLED
06-15 20:07:07.970 D/nativeloader( 2753): Configuring vendor-classloader-namespace for unbundled product apk /product/priv-app/PrebuiltGmsCore/PrebuiltGmsCore.apk. target_sdk_version=33, uses_libraries=, library_path=/product/priv-app/PrebuiltGmsCore/lib/x86_64:/product/priv-app/PrebuiltGmsCore/PrebuiltGmsCore.apk!/lib/x86_64:/product/lib64:/system/product/lib64, permitted_path=/data:/mnt/expand:/data/user/0/com.google.android.gms:/product/lib64:/system/product/lib64
06-15 20:07:07.987 I/droid.bluetooth( 2512): Background concurrent copying GC freed 4033(357KB) AllocSpace objects, 2(40KB) LOS objects, 49% free, 2036KB/4073KB, paused 50.490ms,9us total 1.602s
06-15 20:07:08.020 W/JobServiceContext(  517): Time-out while trying to bind b327d69 #u0a119/159 com.google.android.googlequicksearchbox/androidx.work.impl.background.systemjob.SystemJobService, dropping.
06-15 20:07:08.229 D/CompatibilityChangeReporter( 2627): Compat change id reported: 183155436; UID 10113; state: ENABLED
06-15 20:07:08.232 I/LatinApp( 2771): LatinApp.prepareNativeLibraries():194 set BrellaInit fields for in-app training.
06-15 20:07:08.271 W/system_server(  517): Long monitor contention with owner PackageManagerBg (576) at void com.android.server.pm.AppsFilterImpl.recomputeComponentVisibility(android.util.ArrayMap)(AppsFilterImpl.java:880) waiters=0 in void com.android.server.pm.AppsFilterImpl.recomputeComponentVisibility(android.util.ArrayMap) for 1.098s
06-15 20:07:08.279 W/ProcessState( 2800): Extra binder thread started, but 0 threads requested. Do not use *startThreadPool when zero threads are requested.
06-15 20:07:08.327 D/CompatibilityChangeReporter( 2616): Compat change id reported: 183155436; UID 10117; state: ENABLED
06-15 20:07:08.354 W/system_server(  517): Long monitor contention with owner jobscheduler.bg (610) at com.android.server.pm.Computer com.android.server.pm.PackageManagerService.snapshotComputer()(PackageManagerService.java:1111) waiters=0 in com.android.server.pm.Computer com.android.server.pm.PackageManagerService.snapshotComputer() for 474ms
06-15 20:07:08.357 I/WebViewFactory( 2690): Loading com.google.android.webview version 109.0.5414.123 (code 541412337)
06-15 20:07:08.358 W/system_server(  517): Long monitor contention with owner jobscheduler.bg (610) at com.android.server.pm.Computer com.android.server.pm.PackageManagerService.snapshotComputer()(PackageManagerService.java:1111) waiters=1 in com.android.server.pm.Computer com.android.server.pm.PackageManagerService.snapshotComputer() for 461ms
06-15 20:07:08.362 W/system_server(  517): Long monitor contention with owner jobscheduler.bg (610) at com.android.server.pm.Computer com.android.server.pm.PackageManagerService.snapshotComputer()(PackageManagerService.java:1111) waiters=2 in com.android.server.pm.Computer com.android.server.pm.PackageManagerService.snapshotComputer() for 463ms
06-15 20:07:08.371 D/ziparchive( 2690): Zip: EOCD not found, /data/resource-cache/com.android.systemui-neutral-xUCX.frro is not zip
06-15 20:07:08.371 E/eepeye.musicpro( 2690): Failed to open APK '/data/resource-cache/com.android.systemui-neutral-xUCX.frro': Invalid file
06-15 20:07:08.372 D/ziparchive( 2690): Zip: EOCD not found, /data/resource-cache/com.android.systemui-accent-3DM1.frro is not zip
06-15 20:07:08.372 E/eepeye.musicpro( 2690): Failed to open APK '/data/resource-cache/com.android.systemui-accent-3DM1.frro': Invalid file
06-15 20:07:08.377 W/system_server(  517): Long monitor contention with owner jobscheduler.bg (610) at com.android.server.pm.Computer com.android.server.pm.PackageManagerService.snapshotComputer()(PackageManagerService.java:1111) waiters=3 in com.android.server.pm.Computer com.android.server.pm.PackageManagerService.snapshotComputer() for 454ms
06-15 20:07:08.378 W/system_server(  517): Long monitor contention with owner jobscheduler.bg (610) at com.android.server.pm.Computer com.android.server.pm.PackageManagerService.snapshotComputer()(PackageManagerService.java:1111) waiters=4 in com.android.server.pm.Computer com.android.server.pm.PackageManagerService.snapshotComputer() for 424ms
06-15 20:07:08.379 W/system_server(  517): Long monitor contention with owner jobscheduler.bg (610) at com.android.server.pm.Computer com.android.server.pm.PackageManagerService.snapshotComputer()(PackageManagerService.java:1111) waiters=7 in com.android.server.pm.Computer com.android.server.pm.PackageManagerService.snapshotComputer() for 349ms
06-15 20:07:08.386 W/system_server(  517): Long monitor contention with owner jobscheduler.bg (610) at com.android.server.pm.Computer com.android.server.pm.PackageManagerService.snapshotComputer()(PackageManagerService.java:1111) waiters=8 in com.android.server.pm.Computer com.android.server.pm.PackageManagerService.snapshotComputer() for 341ms
06-15 20:07:08.387 V/SystemUIBootTiming(  744): StartServices com.android.systemui.wmshell.WMShell took to complete: 491ms
06-15 20:07:08.397 W/ServiceManager(  372): Permission failure: android.permission.CAPTURE_BLACKOUT_CONTENT from uid=2000 pid=2800
06-15 20:07:08.397 D/PermissionCache(  372): checking android.permission.CAPTURE_BLACKOUT_CONTENT for uid=2000 => denied (105520 us)
06-15 20:07:08.439 D/CompatibilityChangeReporter( 2589): Compat change id reported: 194532703; UID 10140; state: ENABLED
06-15 20:07:08.440 W/.apps.wellbeing( 2627): Long monitor contention with owner main (2627) at java.lang.Object mek.b()(PG:2) waiters=0 in java.lang.Object mek.b() for 194ms
06-15 20:07:08.456 W/ziparchive( 2690): Unable to open '/data/app/~~uFVG-B1hqtqjTa0hclvJmQ==/com.google.android.trichromelibrary_541412337-7m2WXkP1i8mET1tq4x7liA==/TrichromeLibrary.dm': No such file or directory
06-15 20:07:08.456 W/ziparchive( 2690): Unable to open '/data/app/~~uFVG-B1hqtqjTa0hclvJmQ==/com.google.android.trichromelibrary_541412337-7m2WXkP1i8mET1tq4x7liA==/TrichromeLibrary.dm': No such file or directory
06-15 20:07:08.456 W/eepeye.musicpro( 2690): Entry not found
06-15 20:07:08.460 D/nativeloader( 2690): Configuring classloader-namespace for other apk /data/app/~~uFVG-B1hqtqjTa0hclvJmQ==/com.google.android.trichromelibrary_541412337-7m2WXkP1i8mET1tq4x7liA==/TrichromeLibrary.apk. target_sdk_version=33, uses_libraries=ALL, library_path=/data/app/~~-dzcEw-Yewglchr4E6ou9g==/com.google.android.webview-v4JdWrranaGK7gqWGZa2bw==/lib/x86_64:/data/app/~~-dzcEw-Yewglchr4E6ou9g==/com.google.android.webview-v4JdWrranaGK7gqWGZa2bw==/WebViewGoogle.apk!/lib/x86_64:/data/app/~~uFVG-B1hqtqjTa0hclvJmQ==/com.google.android.trichromelibrary_541412337-7m2WXkP1i8mET1tq4x7liA==/TrichromeLibrary.apk!/lib/x86_64, permitted_path=/data:/mnt/expand
06-15 20:07:08.471 D/nativeloader( 2690): Configuring classloader-namespace for other apk /data/app/~~-dzcEw-Yewglchr4E6ou9g==/com.google.android.webview-v4JdWrranaGK7gqWGZa2bw==/WebViewGoogle.apk. target_sdk_version=33, uses_libraries=, library_path=/data/app/~~-dzcEw-Yewglchr4E6ou9g==/com.google.android.webview-v4JdWrranaGK7gqWGZa2bw==/lib/x86_64:/data/app/~~-dzcEw-Yewglchr4E6ou9g==/com.google.android.webview-v4JdWrranaGK7gqWGZa2bw==/WebViewGoogle.apk!/lib/x86_64:/data/app/~~uFVG-B1hqtqjTa0hclvJmQ==/com.google.android.trichromelibrary_541412337-7m2WXkP1i8mET1tq4x7liA==/TrichromeLibrary.apk!/lib/x86_64, permitted_path=/data:/mnt/expand
06-15 20:07:08.513 I/DeviceStatusMonitor( 2771): DeviceStatusMonitor.updateCountryInfo():138 updateCountryInfo(), notifyAnyway = true
06-15 20:07:08.529 D/CompatibilityChangeReporter(  517): Compat change id reported: 194532703; UID 10140; state: ENABLED
06-15 20:07:08.571 I/hwservicemanager(  131): getTransport: Cannot find entry android.hardware.graphics.mapper@4.0::IMapper/default in either framework or device VINTF manifest.
06-15 20:07:08.578 I/Gralloc4( 2800): mapper 4.x is not supported
06-15 20:07:08.657 V/GraphicsEnvironment( 2593): ANGLE Developer option for 'com.google.android.gms' set to: 'default'
06-15 20:07:08.663 V/GraphicsEnvironment( 2593): ANGLE GameManagerService for com.google.android.gms: false
06-15 20:07:08.664 V/GraphicsEnvironment( 2593): Neither updatable production driver nor prerelease driver is supported.
06-15 20:07:08.673 W/system_server(  517): Long monitor contention with owner main (517) at boolean com.android.server.job.JobServiceContext.executeRunnableJob(com.android.server.job.controllers.JobStatus, int)(JobServiceContext.java:382) waiters=0 in int com.android.server.job.JobSchedulerService.scheduleAsPackage(android.app.job.JobInfo, android.app.job.JobWorkItem, int, java.lang.String, int, java.lang.String) for 142ms
06-15 20:07:08.682 W/Looper  (  517): Slow dispatch took 661ms main h=com.android.server.job.JobServiceContext$JobServiceHandler c=null m=0
06-15 20:07:08.722 V/GraphicsEnvironment( 2753): ANGLE Developer option for 'com.google.android.gms' set to: 'default'
06-15 20:07:08.726 V/SystemUIBootTiming(  744): StartServices com.google.android.systemui.GoogleServices took to complete: 338ms
06-15 20:07:08.731 W/Looper  (  517): Slow delivery took 709ms main h=com.android.server.power.Notifier$NotifierHandler c=null m=7
06-15 20:07:08.744 D/HostConnection( 2800): HostComposition ext ANDROID_EMU_CHECKSUM_HELPER_v1 ANDROID_EMU_native_sync_v2 ANDROID_EMU_dma_v1 ANDROID_EMU_direct_mem ANDROID_EMU_host_composition_v1 ANDROID_EMU_host_composition_v2 ANDROID_EMU_vulkan ANDROID_EMU_deferred_vulkan_commands ANDROID_EMU_vulkan_null_optional_strings ANDROID_EMU_vulkan_create_resources_with_requirements ANDROID_EMU_YUV_Cache ANDROID_EMU_vulkan_ignored_handles ANDROID_EMU_has_shared_slots_host_memory_allocator ANDROID_EMU_vulkan_free_memory_sync ANDROID_EMU_vulkan_shader_float16_int8 ANDROID_EMU_vulkan_async_queue_submit ANDROID_EMU_vulkan_queue_submit_with_commands ANDROID_EMU_sync_buffer_data ANDROID_EMU_vulkan_async_qsri ANDROID_EMU_read_color_buffer_dma ANDROID_EMU_hwc_multi_configs ANDROID_EMU_hwc_color_transform GL_OES_EGL_image_external_essl3 GL_OES_vertex_array_object GL_KHR_texture_compression_astc_ldr ANDROID_EMU_host_side_tracing ANDROID_EMU_gles_max_version_3_1 
06-15 20:07:08.745 I/cr_WVCFactoryProvider( 2690): Loaded version=109.0.5414.123 minSdkVersion=29 isBundle=false multiprocess=true packageId=2
06-15 20:07:08.756 V/GraphicsEnvironment( 2753): ANGLE GameManagerService for com.google.android.gms: false
06-15 20:07:08.806 D/NetworkSecurityConfig( 2593): Using Network Security Config from resource network_security_config debugBuild: false
06-15 20:07:08.821 V/GraphicsEnvironment( 2753): Neither updatable production driver nor prerelease driver is supported.
06-15 20:07:08.822 D/NetworkSecurityConfig( 2593): Using Network Security Config from resource network_security_config debugBuild: false
06-15 20:07:08.830 I/cr_VariationsUtils( 2690): Failed reading seed file "/data/user/0/com.deepeye.musicpro/app_webview/variations_seed_new"
06-15 20:07:08.836 D/CompatibilityChangeReporter(  517): Compat change id reported: 218533173; UID 10167; state: ENABLED
06-15 20:07:08.838 D/NetworkSecurityConfig( 2753): Using Network Security Config from resource network_security_config debugBuild: false
06-15 20:07:08.854 I/cr_VariationsUtils( 2690): Failed reading seed file "/data/user/0/com.deepeye.musicpro/app_webview/variations_seed"
06-15 20:07:08.856 I/cr_VariationsUtils( 2690): Requesting new seed from IVariationsSeedServer
06-15 20:07:08.888 D/NetworkSecurityConfig( 2753): Using Network Security Config from resource network_security_config debugBuild: false
06-15 20:07:08.894 D/CompatibilityChangeReporter(  517): Compat change id reported: 161252188; UID 10123; state: DISABLED
06-15 20:07:08.929 V/SystemUIBootTiming(  744): StartServices com.google.android.systemui.dagger.CoroutineInitializer took to complete: 106ms
06-15 20:07:08.946 V/SystemUIBootTiming(  744): StartServices com.google.android.systemui.keyguard.ActiveUnlockChipbarManager took to complete: 10ms
06-15 20:07:08.978 V/SystemUIBootTiming(  744): StartServices com.google.android.systemui.keyguard.PreAuthRefreshRateRequester took to complete: 1ms
06-15 20:07:09.022 D/AdapterState( 2512): make() - Creating AdapterState
06-15 20:07:09.047 I/AdapterState( 2512): OFF : entered 
06-15 20:07:09.077 D/AdapterProperties( 2512): Setting state to OFF
06-15 20:07:09.161 D/BluetoothKeystoreService( 2512): new BluetoothKeystoreService isCommonCriteriaMode: false
06-15 20:07:09.162 D/BluetoothKeystoreService( 2512): start
06-15 20:07:09.172 I/droid.bluetooth( 2512): [0615/200709.172651:INFO:com_android_bluetooth_btservice_BluetoothKeystore.cpp(97)] classInitNative: succeeds
06-15 20:07:09.177 D/BluetoothKeystoreService( 2512): setBluetoothKeystoreService(): set to: com.android.bluetooth.btservice.bluetoothkeystore.BluetoothKeystoreService@b82e1c1
06-15 20:07:09.179 D/BluetoothKeystoreService( 2512): loadConfigData
06-15 20:07:09.231 D/BluetoothKeystoreService( 2512): getCompareResult: 0
06-15 20:07:09.273 V/MediaProvider( 2081): onConfigure() for internal.db
06-15 20:07:09.303 I/izy     ( 2627): SslGuard completed installation.
06-15 20:07:09.274 I/binder  (    0): undelivered transaction 63236, process died.
06-15 20:07:09.305 I/binder  (    0): undelivered TRANSACTION_COMPLETE
06-15 20:07:09.307 I/binder  (    0): undelivered transaction 63863, process died.
06-15 20:07:09.341 I/binder  (    0): send failed reply for transaction 64521 to 2690:2690
06-15 20:07:09.347 I/binder  (    0): send failed reply for transaction 65492 to 2771:2771
06-15 20:07:09.402 W/Looper  (  517): Drained
06-15 20:07:09.421 I/Zygote  (  276): Process 2071 exited due to signal 9 (Killed)
06-15 20:07:09.422 I/Zygote  (  276): Process 2153 exited due to signal 9 (Killed)
06-15 20:07:09.414 I/logd    (    0): logdr: UID=2000 GID=2000 PID=2831 n tail=0 logMask=99 pid=0 start=0ns deadline=0ns
06-15 20:07:09.544 I/viders.calendar( 2302): Background concurrent copying GC freed 3736(279KB) AllocSpace objects, 2(40KB) LOS objects, 49% free, 1907KB/3815KB, paused 77us,12us total 3.665s
