06-15 20:07:00.568 W/ActivityManager(  517): Scheduling restart of crashed service com.google.android.gms/com.google.android.location.internal.GoogleLocationManagerService in 319576ms for connection
06-15 20:07:00.569 W/ActivityManager(  517): Scheduling restart of crashed service com.google.android.gms/com.google.android.location.internal.server.HardwareArProviderService in 399520ms for connection
06-15 20:07:00.575 W/ActivityManager(  517): Scheduling restart of crashed service com.google.android.gms/com.google.android.location.network.NetworkLocationService in 479496ms for connection
06-15 20:07:00.578 W/ActivityManager(  517): Scheduling restart of crashed service com.google.android.gms/.chimera.PersistentBoundBrokerService in 559492ms for connection
06-15 20:07:00.580 D/libEGL  (  744): loaded /vendor/lib64/egl/libGLESv2_emulation.so
06-15 20:07:00.584 W/ActivityManager(  517): Scheduling restart of crashed service com.google.android.gms/com.google.android.location.fused.FusedLocationService in 639432ms for connection
06-15 20:07:00.589 W/ActivityManager(  517): Scheduling restart of crashed service com.google.android.gms/.chimera.PersistentApiService in 10965ms for connection
06-15 20:07:00.594 W/ActivityManager(  517): Scheduling restart of crashed service com.google.android.gms/.location.geocode.GeocodeService in 799420ms for connection
06-15 20:07:00.594 W/ActivityManager(  517): Scheduling restart of crashed service com.google.android.gms/.geotimezone.GeoTimeZoneService in 879420ms for connection
06-15 20:07:00.655 I/ndroid.calendar( 2677): Using CollectorTypeCC GC.
06-15 20:07:00.659 W/ndroid.calendar( 2677): Unexpected CPU variant for x86: x86_64.
06-15 20:07:00.659 W/ndroid.calendar( 2677): Known variants: atom, sandybridge, silvermont, kabylake, default
06-15 20:07:00.691 W/ActivityManager(  517): Slow operation: 540ms so far, now at startProcess: done updating battery stats
06-15 20:07:00.697 W/ActivityManager(  517): Slow operation: 541ms so far, now at startProcess: building log message
06-15 20:07:00.698 I/ActivityManager(  517): Start proc 2677:com.google.android.calendar/u0a125 for service {com.google.android.calendar/com.google.android.libraries.notifications.entrypoints.scheduled.ScheduledTaskService}
06-15 20:07:00.698 W/ActivityManager(  517): Slow operation: 547ms so far, now at startProcess: starting to update pids map
06-15 20:07:00.702 W/ActivityManager(  517): Slow operation: 550ms so far, now at startProcess: done updating pids map
06-15 20:07:00.702 W/system_server(  517): Long monitor contention with owner ActivityManager (552) at void com.android.server.am.ActivityManagerService$MainHandler.handleMessage(android.os.Message)(ActivityManagerService.java:1746) waiters=4 in android.app.ContentProviderHolder com.android.server.am.ContentProviderHelper.getContentProviderImpl(android.app.IApplicationThread, java.lang.String, android.os.IBinder, int, java.lang.String, java.lang.String, boolean, int) for 135ms
06-15 20:07:00.711 W/ActivityManager(  517): Slow operation: 515ms so far, now at startProcess: asking zygote to start proc
06-15 20:07:00.712 D/CompatibilityChangeReporter(  517): Compat change id reported: 143937733; UID 10175; state: ENABLED
06-15 20:07:00.730 I/adbd    (  400): jdwp connection from 2677
06-15 20:07:00.764 D/Zygote  (  276): Forked child process 2690
06-15 20:07:00.796 I/eepeye.musicpro( 2690): Using CollectorTypeCC GC.
06-15 20:07:00.798 W/eepeye.musicpro( 2690): Unexpected CPU variant for x86: x86_64.
06-15 20:07:00.798 W/eepeye.musicpro( 2690): Known variants: atom, sandybridge, silvermont, kabylake, default
06-15 20:07:00.809 W/ActivityManager(  517): Slow operation: 613ms so far, now at startProcess: returned from zygote!
06-15 20:07:00.811 I/adbd    (  400): jdwp connection from 2690
06-15 20:07:00.930 I/A       ( 2557): Initializing GMS Compliance Client Library...
06-15 20:07:00.942 I/A       ( 2557): Checking for device compliance...
06-15 20:07:00.963 I/A       ( 2557): Completed library init.
06-15 20:07:00.963 I/libprocessgroup(  517): Successfully killed process cgroup uid 10119 pid 2153 in 723ms
06-15 20:07:00.996 W/system_server(  517): Long monitor contention with owner android.bg (551) at void com.android.server.power.batterysaver.BatterySaverStateMachine.lambda$onBootCompleted$0()(BatterySaverStateMachine.java:340) waiters=2 in void com.android.server.power.PowerManagerService.updateUidProcStateInternal(int, int) for 285ms
06-15 20:07:01.049 W/system_server(  517): Long monitor contention with owner binder:517_1F (1585) at boolean com.android.server.am.OomAdjuster.updateOomAdjLocked(com.android.server.am.ProcessRecord, java.lang.String)(OomAdjuster.java:463) waiters=0 in void com.android.server.am.ActivityManagerService$LocalService.notifyNetworkPolicyRulesUpdated(int, long) for 338ms
06-15 20:07:01.061 W/system_server(  517): Long monitor contention with owner bgres-controller (562) at java.util.List com.android.internal.os.BatteryUsageStatsProvider.getBatteryUsageStats(java.util.List)(BatteryUsageStatsProvider.java:133) waiters=0 in void com.android.server.am.BatteryStatsService.lambda$noteServiceStartLaunch$104(int, java.lang.String, java.lang.String, long, long) for 13.476s
06-15 20:07:01.063 W/system_server(  517): Long monitor contention with owner bgres-controller (562) at java.util.List com.android.internal.os.BatteryUsageStatsProvider.getBatteryUsageStats(java.util.List)(BatteryUsageStatsProvider.java:133) waiters=1 in void com.android.server.am.AppProfiler.updateCpuStatsNow() for 12.227s
06-15 20:07:01.069 W/system_server(  517): Long monitor contention with owner bgres-controller (562) at java.util.List com.android.internal.os.BatteryUsageStatsProvider.getBatteryUsageStats(java.util.List)(BatteryUsageStatsProvider.java:133) waiters=2 in boolean com.android.server.am.BatteryStatsService.isCharging() for 5.270s
06-15 20:07:01.097 W/ContentProviderHelper(  517): Slow operation: 394ms so far, now at getContentProviderImpl: after updateOomAdj
06-15 20:07:01.099 W/ContentProviderHelper(  517): Slow operation: 396ms so far, now at getContentProviderImpl: done!
06-15 20:07:01.104 W/ActivityManager(  517): Scheduling restart of crashed service com.google.android.inputmethod.latin/com.android.inputmethod.latin.LatinIME in 20449ms for connection
06-15 20:07:01.122 W/system_server(  517): Long monitor contention with owner binder:517_1F (1585) at android.app.ContentProviderHolder com.android.server.am.ContentProviderHelper.getContentProviderImpl(android.app.IApplicationThread, java.lang.String, android.os.IBinder, int, java.lang.String, java.lang.String, boolean, int)(ContentProviderHelper.java:587) waiters=1 in android.content.Intent com.android.server.am.ActivityManagerService.registerReceiverWithFeature(android.app.IApplicationThread, java.lang.String, java.lang.String, java.lang.String, android.content.IIntentReceiver, android.content.IntentFilter, java.lang.String, int, int) for 390ms
06-15 20:07:01.123 W/ActivityManager(  517): Slow operation: 927ms so far, now at startProcess: done updating battery stats
06-15 20:07:01.123 W/ActivityManager(  517): Slow operation: 927ms so far, now at startProcess: building log message
06-15 20:07:01.123 I/ActivityManager(  517): Start proc 2690:com.deepeye.musicpro/u0a175 for next-top-activity {com.deepeye.musicpro/com.deepeye.musicpro.MainActivity}
06-15 20:07:01.124 W/ActivityManager(  517): Slow operation: 927ms so far, now at startProcess: starting to update pids map
06-15 20:07:01.124 W/ActivityManager(  517): Slow operation: 928ms so far, now at startProcess: done updating pids map
06-15 20:07:01.125 D/CompatibilityChangeReporter(  517): Compat change id reported: 168419799; UID 10125; state: DISABLED
06-15 20:07:01.126 D/CompatibilityChangeReporter(  517): Compat change id reported: 273564678; UID 10125; state: DISABLED
06-15 20:07:01.148 W/ActivityManager(  517): ProcessRecord{d6a53c6 0:com.google.android.gms.persistent/u0a120} is attached to a previous process 2532
06-15 20:07:01.150 D/CompatibilityChangeReporter(  517): Compat change id reported: 135634846; UID 10120; state: DISABLED
06-15 20:07:01.156 W/ActivityManager(  517): setHasOverlayUi called on unknown pid: 1917
06-15 20:07:01.160 W/Looper  (  517): Slow dispatch took 567ms main h=android.app.ActivityThread$H c=android.app.LoadedApk$ServiceDispatcher$RunConnection@2d0eaf6 m=0
06-15 20:07:01.197 D/ConnectivityService(  517): NetReassign [no changes] [c 0] [a 1] [i 0]
06-15 20:07:01.214 V/GraphicsEnvironment( 2616): ANGLE Developer option for 'com.google.android.as' set to: 'default'
06-15 20:07:01.214 V/GraphicsEnvironment( 2616): ANGLE GameManagerService for com.google.android.as: false
06-15 20:07:01.217 V/GraphicsEnvironment( 2616): Neither updatable production driver nor prerelease driver is supported.
06-15 20:07:01.239 D/CompatibilityChangeReporter( 2690): Compat change id reported: 171979766; UID 10175; state: ENABLED
06-15 20:07:01.248 D/CompatibilityChangeReporter( 2677): Compat change id reported: 171979766; UID 10125; state: ENABLED
06-15 20:07:01.271 D/nativeloader( 2690): Configuring classloader-namespace for other apk /system_ext/framework/androidx.window.extensions.jar. target_sdk_version=34, uses_libraries=ALL, library_path=/data/app/~~qXZEehRbCIvq6BZOSsnAyg==/com.deepeye.musicpro-nSpntdjg4QwGhvlHSgIkuw==/lib/x86_64:/data/app/~~qXZEehRbCIvq6BZOSsnAyg==/com.deepeye.musicpro-nSpntdjg4QwGhvlHSgIkuw==/base.apk!/lib/x86_64, permitted_path=/data:/mnt/expand:/data/user/0/com.deepeye.musicpro
06-15 20:07:01.277 D/nativeloader( 2690): Configuring classloader-namespace for other apk /system_ext/framework/androidx.window.sidecar.jar. target_sdk_version=34, uses_libraries=ALL, library_path=/data/app/~~qXZEehRbCIvq6BZOSsnAyg==/com.deepeye.musicpro-nSpntdjg4QwGhvlHSgIkuw==/lib/x86_64:/data/app/~~qXZEehRbCIvq6BZOSsnAyg==/com.deepeye.musicpro-nSpntdjg4QwGhvlHSgIkuw==/base.apk!/lib/x86_64, permitted_path=/data:/mnt/expand:/data/user/0/com.deepeye.musicpro
06-15 20:07:01.322 D/NetworkSecurityConfig( 2616): Using Network Security Config from resource network_security_config_aiai_mpm_sysimg_pixel6_sdk33 debugBuild: false
06-15 20:07:01.463 D/nativeloader( 2690): Configuring classloader-namespace for other apk /data/app/~~qXZEehRbCIvq6BZOSsnAyg==/com.deepeye.musicpro-nSpntdjg4QwGhvlHSgIkuw==/base.apk. target_sdk_version=34, uses_libraries=, library_path=/data/app/~~qXZEehRbCIvq6BZOSsnAyg==/com.deepeye.musicpro-nSpntdjg4QwGhvlHSgIkuw==/lib/x86_64:/data/app/~~qXZEehRbCIvq6BZOSsnAyg==/com.deepeye.musicpro-nSpntdjg4QwGhvlHSgIkuw==/base.apk!/lib/x86_64, permitted_path=/data:/mnt/expand:/data/user/0/com.deepeye.musicpro
06-15 20:07:01.473 D/NetworkSecurityConfig( 2616): Using Network Security Config from resource network_security_config_aiai_mpm_sysimg_pixel6_sdk33 debugBuild: false
06-15 20:07:01.508 V/GraphicsEnvironment( 2690): ANGLE Developer option for 'com.deepeye.musicpro' set to: 'default'
06-15 20:07:01.511 V/GraphicsEnvironment( 2690): ANGLE GameManagerService for com.deepeye.musicpro: false
06-15 20:07:01.512 V/GraphicsEnvironment( 2690): Neither updatable production driver nor prerelease driver is supported.
06-15 20:07:01.518 E/ActivityManager(  517): ANR in com.android.phone
06-15 20:07:01.518 E/ActivityManager(  517): PID: 2071
06-15 20:07:01.518 E/ActivityManager(  517): Reason: executing service com.android.phone/.TelephonyDebugService
06-15 20:07:01.518 E/ActivityManager(  517): ErrorId: 47320254-db1a-4eaf-884d-711c86fc302c
06-15 20:07:01.518 E/ActivityManager(  517): Frozen: false
06-15 20:07:01.518 E/ActivityManager(  517): Load: 0.0 / 0.0 / 0.0
06-15 20:07:01.518 E/ActivityManager(  517): ----- Output from /proc/pressure/memory -----
06-15 20:07:01.518 E/ActivityManager(  517): some avg10=13.75 avg60=8.99 avg300=2.44 total=7931159
06-15 20:07:01.518 E/ActivityManager(  517): full avg10=1.72 avg60=1.55 avg300=0.44 total=1551369
06-15 20:07:01.518 E/ActivityManager(  517): ----- End output from /proc/pressure/memory -----
06-15 20:07:01.518 E/ActivityManager(  517): 
06-15 20:07:01.518 E/ActivityManager(  517): CPU usage from 3169ms to -3506ms ago (2026-06-15 20:06:41.965 to 2026-06-15 20:06:48.640):
06-15 20:07:01.518 E/ActivityManager(  517):   20% 517/system_server: 12% user + 7.7% kernel / faults: 1734 minor 88 major
06-15 20:07:01.518 E/ActivityManager(  517):   13% 1917/com.google.android.inputmethod.latin: 11% user + 2.3% kernel / faults: 3945 minor 15 major
06-15 20:07:01.518 E/ActivityManager(  517):   4% 2321/zygote64: 3.3% user + 0.7% kernel / faults: 1125 minor
06-15 20:07:01.518 E/ActivityManager(  517):   3.7% 430/logcat: 0.1% user + 3.5% kernel
06-15 20:07:01.518 E/ActivityManager(  517):   3.5% 307/android.hardware.graphics.composer@2.4-service: 0.1% user + 3.4% kernel
06-15 20:07:01.518 E/ActivityManager(  517):   3.2% 1208/com.google.android.apps.wellbeing: 2.3% user + 0.9% kernel / faults: 688 minor 3 major
06-15 20:07:01.518 E/ActivityManager(  517):   2.9% 372/surfaceflinger: 0.7% user + 2.1% kernel / faults: 25 minor
06-15 20:07:01.518 E/ActivityManager(  517):   2.9% 2153/com.google.android.googlequicksearchbox:interactor: 2.6% user + 0.3% kernel / faults: 2439 minor
06-15 20:07:01.518 E/ActivityManager(  517):   2.5% 20/kworker/0:1-virtio_vsock: 0% user + 2.5% kernel
06-15 20:07:01.518 E/ActivityManager(  517):   1.6% 524/kworker/0:15H-kverityd: 0% user + 1.6% kernel
06-15 20:07:01.518 E/ActivityManager(  517):   1.5% 2071/com.android.phone: 0.9% user + 0.6% kernel / faults: 738 minor 5 major
06-15 20:07:01.518 E/ActivityManager(  517):   1.3% 14/rcu_preempt: 0% user + 1.3% kernel
06-15 20:07:01.518 E/ActivityManager(  517):   1.3% 127/logd: 0.4% user + 0.8% kernel / faults: 22 minor
06-15 20:07:01.518 E/ActivityManager(  517):   1.3% 744/com.android.systemui: 0.7% user + 0.6% kernel / faults: 121 minor 5 major
06-15 20:07:01.518 E/ActivityManager(  517):   0.7% 1821/com.google.android.apps.photos: 0.4% user + 0.3% kernel / faults: 224 minor 16 major
06-15 20:07:01.518 E/ActivityManager(  517):   1.1% 128/lmkd: 0.2% user + 0.8% kernel
06-15 20:07:01.518 E/ActivityManager(  517):   1.2% 324/android.hardware.sensors@2.1-service.multihal: 0.1% user + 1% kernel
06-15 20:07:01.518 E/ActivityManager(  517):   1.2% 2081/com.google.android.providers.media.module: 0.9% user + 0.3% kernel / faults: 94 minor 1 major
06-15 20:07:01.518 E/ActivityManager(  517):   0.1% 149/android.system.suspend@1.0-service: 0% user + 0.1% kernel / faults: 60 minor 1 major
06-15 20:07:01.518 E/ActivityManager(  517):   1% 1158/com.google.android.apps.nexuslauncher: 0.6% user + 0.4% kernel / faults: 18 minor
06-15 20:07:01.518 E/ActivityManager(  517):   0.7% 13/ksoftirqd/0: 0% user + 0.7% kernel
06-15 20:07:01.518 E/ActivityManager(  517):   0.3% 276/zygote64: 0% user + 0.3% kernel / faults: 188 minor
06-15 20:07:01.518 E/ActivityManager(  517):   0.3% 1981/android.process.acore: 0.2% user + 0% kernel / faults: 329 minor
06-15 20:07:01.518 E/ActivityManager(  517):   0.4% 1/init: 0.1% user + 0.2% kernel
06-15 20:07:01.518 E/ActivityManager(  517):   0.4% 274/statsd: 0% user + 0.4% kernel / faults: 2 minor
06-15 20:07:01.518 E/ActivityManager(  517):   0.4% 1943/com.google.android.gms: 0% user + 0.4% kernel
06-15 20:07:01.518 E/ActivityManager(  517):   0.2% 129/servicemanager: 0% user + 0.2% kernel
06-15 20:07:01.518 E/ActivityManager(  517):   0% 847/com.android.networkstack.process: 0% user + 0% kernel / faults: 59 minor
06-15 20:07:01.518 E/ActivityManager(  517):   0% 925/com.android.settings: 0% user + 0% kernel / faults: 10 minor
06-15 20:07:01.518 E/ActivityManager(  517):   0.3% 2270/com.google.process.gservices: 0.1% user + 0.1% kernel / faults: 68 minor
06-15 20:07:01.518 E/ActivityManager(  517):   0.1% 138/vold: 0.1% user + 0% kernel
06-15 20:07:01.518 E/ActivityManager(  517):   0.1% 174/jbd2/dm-34-8: 0% user + 0.1% kernel
06-15 20:07:01.518 E/ActivityManager(  517):   0% 180/tombstoned: 0% user + 0% kernel
06-15 20:07:01.518 E/ActivityManager(  517):   0% 263/dhcpclient: 0% user + 0% kernel
06-15 20:07:01.518 E/ActivityManager(  517):   0% 323/android.hardware.power.stats@1.0-service.mock: 0% user + 0% kernel / faults: 28 minor
06-15 20:07:01.518 E/ActivityManager(  517):   0% 330/android.hardware.wifi@1.0-service: 0% user + 0% kernel
06-15 20:07:01.518 E/ActivityManager(  517):   0.1% 400/adbd: 0.1% user + 0% kernel / faults: 608 minor
06-15 20:07:01.518 E/ActivityManager(  517):   0% 434/cameraserver: 0% user + 0% kernel / faults: 8 minor
06-15 20:07:01.518 E/ActivityManager(  517):   0% 1442/com.android.emulator.multidisplay: 0% user + 0% kernel / faults: 31 minor
06-15 20:07:01.518 E/ActivityManager(  517):   0% 1774/com.google.android.apps.wallpaper: 0% user + 0% kernel / faults: 31 minor
06-15 20:07:01.518 E/ActivityManager(  517):   0.1% 2218/com.google.android.webview:webview_service: 0.1% user + 0% kernel / faults: 201 minor
06-15 20:07:01.518 E/ActivityManager(  517):   0.1% 2302/com.android.providers.calendar: 0.1% user + 0% kernel / faults: 118 minor
06-15 20:07:01.518 E/ActivityManager(  517):  +0% 2466/com.android.remoteprovisioner: 0% user + 0% kernel
06-15 20:07:01.518 E/ActivityManager(  517):  +0% 2484/com.google.android.apps.docs: 0% user + 0% kernel
06-15 20:07:01.518 E/ActivityManager(  517):  +0% 2512/<pre-initialized>: 0% user + 0% kernel
06-15 20:07:01.518 E/ActivityManager(  517):  +0% 2532/<pre-initialized>: 0% user + 0% kernel
06-15 20:07:01.518 E/ActivityManager(  517): 100% TOTAL: 46% user + 39% kernel + 12% irq + 1.3% softirq
06-15 20:07:01.518 E/ActivityManager(  517): CPU usage from 263858ms to 263858ms ago (1970-01-01 05:30:00.000 to 1970-01-01 05:30:00.000) with 0% awake:
06-15 20:07:01.518 E/ActivityManager(  517): 0% TOTAL: 0% user + 0% kernel
06-15 20:07:01.518 W/Looper  (  517): Slow dispatch took 163ms main h=android.app.ActivityThread$H c=android.app.LoadedApk$ServiceDispatcher$RunConnection@faeb783 m=0
06-15 20:07:01.522 D/installd(  438): Found quota mount /dev/block/dm-34 at /data
06-15 20:07:01.522 D/installd(  438): Found quota mount /dev/block/dm-34 at /data/user/0
06-15 20:07:01.523 D/installd(  438): Found quota mount /dev/block/dm-34 at /mnt/pass_through/0/emulated
06-15 20:07:01.523 D/installd(  438): Found quota mount /dev/block/dm-34 at /mnt/androidwritable/0/emulated/0/Android/data
06-15 20:07:01.523 D/installd(  438): Found quota mount /dev/block/dm-34 at /mnt/installer/0/emulated/0/Android/data
06-15 20:07:01.523 D/installd(  438): Found quota mount /dev/block/dm-34 at /mnt/user/0/emulated/0/Android/data
06-15 20:07:01.523 D/installd(  438): Found quota mount /dev/block/dm-34 at /storage/emulated/0/Android/data
06-15 20:07:01.523 D/installd(  438): Found quota mount /dev/block/dm-34 at /mnt/androidwritable/0/emulated/0/Android/obb
06-15 20:07:01.523 D/installd(  438): Found quota mount /dev/block/dm-34 at /mnt/installer/0/emulated/0/Android/obb
06-15 20:07:01.523 D/installd(  438): Found quota mount /dev/block/dm-34 at /mnt/user/0/emulated/0/Android/obb
06-15 20:07:01.523 D/installd(  438): Found quota mount /dev/block/dm-34 at /storage/emulated/0/Android/obb
06-15 20:07:01.524 D/installd(  438): Found storage mount /dev/block/dm-34 at /mnt/pass_through/0/emulated
06-15 20:07:01.527 D/NetworkSecurityConfig( 2690): No Network Security Config specified, using platform default
06-15 20:07:01.528 D/NetworkSecurityConfig( 2690): No Network Security Config specified, using platform default
06-15 20:07:01.546 I/DefaultPermGrantPolicy(  517): Revoking permissions from disabled data services for user:0
06-15 20:07:01.562 W/ContentProviderHelper(  517): Slow operation: 65ms so far, now at getContentProviderImpl: after getApplicationInfo
06-15 20:07:01.562 W/ContentProviderHelper(  517): Slow operation: 65ms so far, now at getContentProviderImpl: now have ContentProviderRecord
06-15 20:07:01.563 W/ContentProviderHelper(  517): Slow operation: 65ms so far, now at getContentProviderImpl: before set stopped state
06-15 20:07:01.575 W/ContentProviderHelper(  517): Slow operation: 78ms so far, now at getContentProviderImpl: after set stopped state
06-15 20:07:01.575 W/ContentProviderHelper(  517): Slow operation: 78ms so far, now at getContentProviderImpl: looking for process record
06-15 20:07:01.576 D/CompatibilityChangeReporter( 2690): Compat change id reported: 183155436; UID 10175; state: ENABLED
06-15 20:07:01.577 W/ContentProviderHelper(  517): Slow operation: 80ms so far, now at getContentProviderImpl: before start process
06-15 20:07:01.589 I/m.android.phone( 2071): Background concurrent copying GC freed 23895(1094KB) AllocSpace objects, 14(380KB) LOS objects, 49% free, 2340KB/4681KB, paused 53us,10us total 1.299s
06-15 20:07:01.591 W/ActivityManager(  517): ProcessRecord{d6a53c6 0:com.google.android.gms.persistent/u0a120} is attached to a previous process 2532
06-15 20:07:01.602 I/DefaultPermGrantPolicy(  517): Granting permissions to enabled data services for user:0
06-15 20:07:01.612 I/FirebaseApp( 2690): Device unlocked: initializing all Firebase APIs for app [DEFAULT]
06-15 20:07:01.638 W/ContentProviderHelper(  517): Slow operation: 115ms so far, now at getContentProviderImpl: after start process
06-15 20:07:01.638 W/ContentProviderHelper(  517): Slow operation: 141ms so far, now at getContentProviderImpl: updating data structures
06-15 20:07:01.638 W/ContentProviderHelper(  517): Slow operation: 141ms so far, now at getContentProviderImpl: done!
06-15 20:07:01.678 I/FirebaseInitProvider( 2690): FirebaseApp initialization successful
06-15 20:07:01.705 W/Looper  (  517): Slow dispatch took 114ms main h=android.app.PropertyInvalidatedCache$AutoCorker$1 c=null m=0
06-15 20:07:01.714 D/nativeloader( 2677): Configuring classloader-namespace for other apk /system/framework/org.apache.http.legacy.jar. target_sdk_version=33, uses_libraries=ALL, library_path=/product/app/CalendarGooglePrebuilt/lib/x86_64, permitted_path=/data:/mnt/expand:/data/user/0/com.google.android.calendar
06-15 20:07:01.790 W/System  ( 2071): A resource failed to call AbstractCursor.close. 
06-15 20:07:01.790 W/System  ( 2071): A resource failed to call AbstractCursor.close. 
06-15 20:07:01.791 W/System  ( 2071): A resource failed to call AbstractCursor.close. 
06-15 20:07:01.795 I/DefaultPermGrantPolicy(  517): Revoking permissions from disabled data services for user:0
06-15 20:07:01.781 I/binder  (    0): 517:517 transaction failed 29189/-22, size 108-0 line 3191
06-15 20:07:01.846 D/PackageManager(  517): Instant App installer not found with android.intent.action.INSTALL_INSTANT_APP_PACKAGE
06-15 20:07:01.847 D/PackageManager(  517): Clear ephemeral installer activity
06-15 20:07:02.141 W/system_server(  517): Long monitor contention with owner main (517) at com.android.server.pm.Computer com.android.server.pm.PackageManagerService.snapshotComputer()(PackageManagerService.java:1111) waiters=0 in com.android.server.pm.Computer com.android.server.pm.PackageManagerService.snapshotComputer() for 1.105s
06-15 20:07:02.146 W/system_server(  517): Long monitor contention with owner main (517) at com.android.server.pm.Computer com.android.server.pm.PackageManagerService.snapshotComputer()(PackageManagerService.java:1111) waiters=1 in com.android.server.pm.Computer com.android.server.pm.PackageManagerService.snapshotComputer() for 3.075s
06-15 20:07:02.147 W/system_server(  517): Long monitor contention with owner main (517) at com.android.server.pm.Computer com.android.server.pm.PackageManagerService.snapshotComputer()(PackageManagerService.java:1111) waiters=2 in com.android.server.pm.Computer com.android.server.pm.PackageManagerService.snapshotComputer() for 3.057s
06-15 20:07:02.170 W/system_server(  517): Long monitor contention with owner main (517) at com.android.server.pm.Computer com.android.server.pm.PackageManagerService.snapshotComputer()(PackageManagerService.java:1111) waiters=3 in com.android.server.pm.Computer com.android.server.pm.PackageManagerService.snapshotComputer() for 2.936s
06-15 20:07:02.171 W/system_server(  517): Long monitor contention with owner main (517) at com.android.server.pm.Computer com.android.server.pm.PackageManagerService.snapshotComputer()(PackageManagerService.java:1111) waiters=4 in com.android.server.pm.Computer com.android.server.pm.PackageManagerService.snapshotComputer() for 2.451s
06-15 20:07:02.171 W/system_server(  517): Long monitor contention with owner main (517) at com.android.server.pm.Computer com.android.server.pm.PackageManagerService.snapshotComputer()(PackageManagerService.java:1111) waiters=5 in com.android.server.pm.Computer com.android.server.pm.PackageManagerService.snapshotComputer() for 2.299s
06-15 20:07:02.172 D/WM-PackageManagerHelper( 2690): androidx.work.impl.background.systemjob.SystemJobService enabled
06-15 20:07:02.172 D/WM-Schedulers( 2690): Created SystemJobScheduler and enabled SystemJobService
06-15 20:07:02.188 W/droid.apps.docs( 2484): Accessing hidden field Ljava/util/Collections$SynchronizedCollection;->mutex:Ljava/lang/Object; (max-target-o, reflection, denied)
06-15 20:07:02.188 W/droid.apps.docs( 2484): Accessing hidden method Ljava/util/Collections$SynchronizedSet;-><init>(Ljava/util/Set;Ljava/lang/Object;)V (max-target-o, reflection, denied)
06-15 20:07:02.188 W/droid.apps.docs( 2484): Accessing hidden method Ljava/util/Collections$SynchronizedCollection;-><init>(Ljava/util/Collection;Ljava/lang/Object;)V (max-target-o, reflection, denied)
06-15 20:07:02.219 I/ActivityManager(  517): Killing 2071:com.android.phone/1001 (adj -800): bg anr
06-15 20:07:02.277 D/ActivityManager(  517): Completed ANR of com.android.phone in 17161ms, latency 78ms
06-15 20:07:02.321 D/CompatibilityChangeReporter( 2690): Compat change id reported: 160794467; UID 10175; state: ENABLED
06-15 20:07:02.342 W/InputMethodManagerService(  517): Session failed to close due to remote exception
06-15 20:07:02.342 W/InputMethodManagerService(  517): android.os.DeadObjectException
06-15 20:07:02.342 W/InputMethodManagerService(  517): 	at android.os.BinderProxy.transactNative(Native Method)
06-15 20:07:02.342 W/InputMethodManagerService(  517): 	at android.os.BinderProxy.transact(BinderProxy.java:584)
06-15 20:07:02.342 W/InputMethodManagerService(  517): 	at com.android.internal.view.IInputMethodSession$Stub$Proxy.finishSession(IInputMethodSession.java:358)
06-15 20:07:02.342 W/InputMethodManagerService(  517): 	at com.android.server.inputmethod.InputMethodManagerService.finishSessionLocked(InputMethodManagerService.java:3144)
06-15 20:07:02.342 W/InputMethodManagerService(  517): 	at com.android.server.inputmethod.InputMethodManagerService.clearClientSessionLocked(InputMethodManagerService.java:3116)
06-15 20:07:02.342 W/InputMethodManagerService(  517): 	at com.android.server.inputmethod.InputMethodManagerService.clearClientSessionsLocked(InputMethodManagerService.java:3177)
06-15 20:07:02.342 W/InputMethodManagerService(  517): 	at com.android.server.inputmethod.InputMethodBindingController.clearCurMethodAndSessions(InputMethodBindingController.java:367)
06-15 20:07:02.342 W/InputMethodManagerService(  517): 	at com.android.server.inputmethod.InputMethodBindingController.-$$Nest$mclearCurMethodAndSessions(Unknown Source:0)
06-15 20:07:02.342 W/InputMethodManagerService(  517): 	at com.android.server.inputmethod.InputMethodBindingController$2.onServiceDisconnected(InputMethodBindingController.java:338)
06-15 20:07:02.342 W/InputMethodManagerService(  517): 	at android.app.LoadedApk$ServiceDispatcher.doDeath(LoadedApk.java:2208)
06-15 20:07:02.342 W/InputMethodManagerService(  517): 	at android.app.LoadedApk$ServiceDispatcher$RunConnection.run(LoadedApk.java:2223)
06-15 20:07:02.342 W/InputMethodManagerService(  517): 	at android.os.Handler.handleCallback(Handler.java:942)
06-15 20:07:02.342 W/InputMethodManagerService(  517): 	at android.os.Handler.dispatchMessage(Handler.java:99)
06-15 20:07:02.342 W/InputMethodManagerService(  517): 	at android.os.Looper.loopOnce(Looper.java:201)
06-15 20:07:02.342 W/InputMethodManagerService(  517): 	at android.os.Looper.loop(Looper.java:288)
06-15 20:07:02.342 W/InputMethodManagerService(  517): 	at com.android.server.SystemServer.run(SystemServer.java:962)
06-15 20:07:02.342 W/InputMethodManagerService(  517): 	at com.android.server.SystemServer.main(SystemServer.java:647)
06-15 20:07:02.342 W/InputMethodManagerService(  517): 	at java.lang.reflect.Method.invoke(Native Method)
06-15 20:07:02.342 W/InputMethodManagerService(  517): 	at com.android.internal.os.RuntimeInit$MethodAndArgsCaller.run(RuntimeInit.java:548)
06-15 20:07:02.342 W/InputMethodManagerService(  517): 	at com.android.internal.os.ZygoteInit.main(ZygoteInit.java:914)
06-15 20:07:02.352 I/DropBoxManagerService(  517): add tag=system_app_anr isTagEnabled=true flags=0x6
06-15 20:07:02.360 D/nativeloader( 2677): Configuring classloader-namespace for other apk /system_ext/framework/androidx.window.extensions.jar. target_sdk_version=33, uses_libraries=ALL, library_path=/product/app/CalendarGooglePrebuilt/lib/x86_64, permitted_path=/data:/mnt/expand:/data/user/0/com.google.android.calendar
06-15 20:07:02.398 W/Looper  (  517): Slow dispatch took 585ms main h=android.app.ActivityThread$H c=android.app.LoadedApk$ServiceDispatcher$RunConnection@55513a m=0
06-15 20:07:02.425 W/JobServiceContext(  517): Time-out while trying to bind 7a353fd #u0a129/111007999 com.google.android.apps.docs/com.google.android.libraries.notifications.entrypoints.scheduled.ScheduledTaskService, dropping.
06-15 20:07:02.461 I/bt_stack_config( 2512): packages/modules/Bluetooth/system/main/stack_config.cc:199 get_pts_broadcast_audio_config_options: Config isn't ready, use default option
06-15 20:07:02.483 D/nativeloader( 2677): Configuring classloader-namespace for other apk /system_ext/framework/androidx.window.sidecar.jar. target_sdk_version=33, uses_libraries=ALL, library_path=/product/app/CalendarGooglePrebuilt/lib/x86_64, permitted_path=/data:/mnt/expand:/data/user/0/com.google.android.calendar
06-15 20:07:02.491 D/HostConnection(  744): HostComposition ext ANDROID_EMU_CHECKSUM_HELPER_v1 ANDROID_EMU_native_sync_v2 ANDROID_EMU_dma_v1 ANDROID_EMU_direct_mem ANDROID_EMU_host_composition_v1 ANDROID_EMU_host_composition_v2 ANDROID_EMU_vulkan ANDROID_EMU_deferred_vulkan_commands ANDROID_EMU_vulkan_null_optional_strings ANDROID_EMU_vulkan_create_resources_with_requirements ANDROID_EMU_YUV_Cache ANDROID_EMU_vulkan_ignored_handles ANDROID_EMU_has_shared_slots_host_memory_allocator ANDROID_EMU_vulkan_free_memory_sync ANDROID_EMU_vulkan_shader_float16_int8 ANDROID_EMU_vulkan_async_queue_submit ANDROID_EMU_vulkan_queue_submit_with_commands ANDROID_EMU_sync_buffer_data ANDROID_EMU_vulkan_async_qsri ANDROID_EMU_read_color_buffer_dma ANDROID_EMU_hwc_multi_configs ANDROID_EMU_hwc_color_transform GL_OES_EGL_image_external_essl3 GL_OES_vertex_array_object GL_KHR_texture_compression_astc_ldr ANDROID_EMU_host_side_tracing ANDROID_EMU_gles_max_version_3_1 
06-15 20:07:02.521 I/droid.bluetooth( 2512): [0615/200702.497360:INFO:btif_config_cache.cc(67)] BtifConfigCache, capacity: 10000
06-15 20:07:02.528 W/OpenGLRenderer(  744): Failed to choose config with EGL_SWAP_BEHAVIOR_PRESERVED, retrying without...
06-15 20:07:02.569 I/earchbox:search( 2557): Background concurrent copying GC freed 156670(13MB) AllocSpace objects, 0(0B) LOS objects, 49% free, 3619KB/7239KB, paused 91us,42us total 2.321s
06-15 20:07:02.574 W/OpenGLRenderer(  744): Failed to initialize 101010-2 format, error = EGL_SUCCESS
06-15 20:07:02.586 D/EGL_emulation(  744): eglCreateContext: 0x76e094de8190: maj 3 min 1 rcv 4
06-15 20:07:02.638 D/EGL_emulation(  744): eglMakeCurrent: 0x76e094de8190: ver 3 1 (tinfo 0x76e2ac369080) (first time)
06-15 20:07:02.664 D/nativeloader( 2677): Configuring vendor-classloader-namespace for unbundled product apk /product/app/CalendarGooglePrebuilt/CalendarGooglePrebuilt.apk. target_sdk_version=33, uses_libraries=, library_path=/product/app/CalendarGooglePrebuilt/lib/x86_64:/product/lib64:/system/product/lib64, permitted_path=/data:/mnt/expand:/data/user/0/com.google.android.calendar:/product/lib64:/system/product/lib64
06-15 20:07:02.692 W/system_server(  517): Long monitor contention with owner PackageManager (581) at void com.android.server.pm.AppsFilterImpl.recomputeComponentVisibility(android.util.ArrayMap)(AppsFilterImpl.java:880) waiters=1 in void com.android.server.pm.AppsFilterSnapshotImpl.<init>(com.android.server.pm.AppsFilterImpl) for 505ms
06-15 20:07:02.702 W/system_server(  517): Long monitor contention with owner binder:517_1D (1583) at com.android.server.pm.Computer com.android.server.pm.PackageManagerService.snapshotComputer()(PackageManagerService.java:1111) waiters=0 in com.android.server.pm.Computer com.android.server.pm.PackageManagerService.snapshotComputer() for 515ms
06-15 20:07:02.703 W/system_server(  517): Long monitor contention with owner binder:517_1D (1583) at com.android.server.pm.Computer com.android.server.pm.PackageManagerService.snapshotComputer()(PackageManagerService.java:1111) waiters=1 in com.android.server.pm.Computer com.android.server.pm.PackageManagerService.snapshotComputer() for 512ms
06-15 20:07:02.705 W/system_server(  517): Long monitor contention with owner binder:517_1D (1583) at com.android.server.pm.Computer com.android.server.pm.PackageManagerService.snapshotComputer()(PackageManagerService.java:1111) waiters=2 in com.android.server.pm.Computer com.android.server.pm.PackageManagerService.snapshotComputer() for 512ms
06-15 20:07:02.708 W/system_server(  517): Long monitor contention with owner binder:517_1D (1583) at com.android.server.pm.Computer com.android.server.pm.PackageManagerService.snapshotComputer()(PackageManagerService.java:1111) waiters=3 in com.android.server.pm.Computer com.android.server.pm.PackageManagerService.snapshotComputer() for 506ms
06-15 20:07:02.710 W/system_server(  517): Long monitor contention with owner binder:517_1D (1583) at com.android.server.pm.Computer com.android.server.pm.PackageManagerService.snapshotComputer()(PackageManagerService.java:1111) waiters=4 in com.android.server.pm.Computer com.android.server.pm.PackageManagerService.snapshotComputer() for 502ms
06-15 20:07:02.722 W/system_server(  517): Long monitor contention with owner binder:517_1D (1583) at com.android.server.pm.Computer com.android.server.pm.PackageManagerService.snapshotComputer()(PackageManagerService.java:1111) waiters=5 in com.android.server.pm.Computer com.android.server.pm.PackageManagerService.snapshotComputer() for 428ms
06-15 20:07:02.726 W/system_server(  517): Long monitor contention with owner binder:517_1D (1583) at com.android.server.pm.Computer com.android.server.pm.PackageManagerService.snapshotComputer()(PackageManagerService.java:1111) waiters=6 in com.android.server.pm.Computer com.android.server.pm.PackageManagerService.snapshotComputer() for 405ms
06-15 20:07:02.727 W/system_server(  517): Long monitor contention with owner binder:517_1D (1583) at com.android.server.pm.Computer com.android.server.pm.PackageManagerService.snapshotComputer()(PackageManagerService.java:1111) waiters=8 in com.android.server.pm.Computer com.android.server.pm.PackageManagerService.snapshotComputer() for 310ms
06-15 20:07:02.754 V/GraphicsEnvironment( 2627): ANGLE Developer option for 'com.google.android.apps.wellbeing' set to: 'default'
06-15 20:07:02.773 V/GraphicsEnvironment( 2627): ANGLE GameManagerService for com.google.android.apps.wellbeing: false
06-15 20:07:02.775 V/GraphicsEnvironment( 2627): Neither updatable production driver nor prerelease driver is supported.
06-15 20:07:02.907 W/system_server(  517): Long monitor contention with owner binder:517_1D (1583) at com.android.server.pm.Computer com.android.server.pm.PackageManagerService.snapshotComputer()(PackageManagerService.java:1111) waiters=9 in com.android.server.pm.Computer com.android.server.pm.PackageManagerService.snapshotComputer() for 449ms
06-15 20:07:02.911 W/system_server(  517): Long monitor contention with owner binder:517_1D (1583) at com.android.server.pm.Computer com.android.server.pm.PackageManagerService.snapshotComputer()(PackageManagerService.java:1111) waiters=10 in com.android.server.pm.Computer com.android.server.pm.PackageManagerService.snapshotComputer() for 433ms
06-15 20:07:02.943 W/system_server(  517): Long monitor contention with owner binder:517_1D (1583) at com.android.server.pm.Computer com.android.server.pm.PackageManagerService.snapshotComputer()(PackageManagerService.java:1111) waiters=11 in com.android.server.pm.Computer com.android.server.pm.PackageManagerService.snapshotComputer() for 444ms
06-15 20:07:02.944 W/system_server(  517): Long monitor contention with owner binder:517_1D (1583) at com.android.server.pm.Computer com.android.server.pm.PackageManagerService.snapshotComputer()(PackageManagerService.java:1111) waiters=12 in com.android.server.pm.Computer com.android.server.pm.PackageManagerService.snapshotComputer() for 422ms
06-15 20:07:02.945 W/system_server(  517): Long monitor contention with owner binder:517_1D (1583) at com.android.server.pm.Computer com.android.server.pm.PackageManagerService.snapshotComputer()(PackageManagerService.java:1111) waiters=13 in com.android.server.pm.Computer com.android.server.pm.PackageManagerService.snapshotComputer() for 383ms
06-15 20:07:02.946 W/system_server(  517): Long monitor contention with owner binder:517_1D (1583) at com.android.server.pm.Computer com.android.server.pm.PackageManagerService.snapshotComputer()(PackageManagerService.java:1111) waiters=14 in com.android.server.pm.Computer com.android.server.pm.PackageManagerService.snapshotComputer() for 367ms
06-15 20:07:02.947 D/ConnectivityService(  517): requestNetwork for uid/pid:10111/2321 activeRequest: null callbackRequest: 70 [NetworkRequest [ REQUEST id=71, [ Capabilities: INTERNET&NOT_RESTRICTED&TRUSTED&NOT_VCN_MANAGED Uid: 10111 RequestorUid: 10111 RequestorPkg: com.google.android.apps.messaging UnderlyingNetworks: Null] ]] callback flags: 0 order: 2147483647
06-15 20:07:02.978 W/system_server(  517): Long monitor contention with owner binder:517_1D (1583) at com.android.server.pm.Computer com.android.server.pm.PackageManagerService.snapshotComputer()(PackageManagerService.java:1111) waiters=17 in com.android.server.pm.Computer com.android.server.pm.PackageManagerService.snapshotComputer() for 264ms
06-15 20:07:02.993 D/WifiNetworkFactory(  517): got request NetworkRequest [ REQUEST id=71, [ Capabilities: INTERNET&NOT_RESTRICTED&TRUSTED&NOT_VCN_MANAGED Uid: 10111 RequestorUid: 10111 RequestorPkg: com.google.android.apps.messaging UnderlyingNetworks: Null] ]
06-15 20:07:02.994 D/UntrustedWifiNetworkFactory(  517): got request NetworkRequest [ REQUEST id=71, [ Capabilities: INTERNET&NOT_RESTRICTED&TRUSTED&NOT_VCN_MANAGED Uid: 10111 RequestorUid: 10111 RequestorPkg: com.google.android.apps.messaging UnderlyingNetworks: Null] ]
06-15 20:07:02.995 D/OemPaidWifiNetworkFactory(  517): got request NetworkRequest [ REQUEST id=71, [ Capabilities: INTERNET&NOT_RESTRICTED&TRUSTED&NOT_VCN_MANAGED Uid: 10111 RequestorUid: 10111 RequestorPkg: com.google.android.apps.messaging UnderlyingNetworks: Null] ]
06-15 20:07:02.996 D/MultiInternetWifiNetworkFactory(  517): got request NetworkRequest [ REQUEST id=71, [ Capabilities: INTERNET&NOT_RESTRICTED&TRUSTED&NOT_VCN_MANAGED Uid: 10111 RequestorUid: 10111 RequestorPkg: com.google.android.apps.messaging UnderlyingNetworks: Null] ]
06-15 20:07:03.000 W/Looper  (  517): Slow dispatch took 391ms android.fg h=com.android.server.DropBoxManagerService$DropBoxManagerBroadcastHandler c=null m=1
06-15 20:07:03.012 W/system_server(  517): Long monitor contention with owner android.fg (541) at int com.android.server.am.ActivityManagerService.broadcastIntentWithFeature(android.app.IApplicationThread, java.lang.String, android.content.Intent, java.lang.String, android.content.IIntentReceiver, int, java.lang.String, android.os.Bundle, java.lang.String[], java.lang.String[], java.lang.String[], int, android.os.Bundle, boolean, boolean, int)(ActivityManagerService.java:14546) waiters=0 in int com.android.server.am.ActivityManagerService.bindServiceInstance(android.app.IApplicationThread, android.os.IBinder, android.content.Intent, java.lang.String, android.app.IServiceConnection, int, java.lang.String, boolean, int, java.lang.String, java.lang.String, int) for 237ms
06-15 20:07:03.015 W/system_server(  517): Long monitor contention with owner PackageManager (581) at void com.android.server.pm.AppsFilterImpl.recomputeComponentVisibility(android.util.ArrayMap)(AppsFilterImpl.java:880) waiters=0 in void com.android.server.pm.AppsFilterImpl.recomputeComponentVisibility(android.util.ArrayMap) for 9.863s
06-15 20:07:03.080 D/CompatibilityChangeReporter(  517): Compat change id reported: 197654537; UID 10175; state: ENABLED
06-15 20:07:03.139 V/WifiManager(  744): registerSoftApCallback: callback=com.android.systemui.statusbar.policy.HotspotControllerImpl@bb3404c, executor=android.os.HandlerExecutor@fb1b895
06-15 20:07:03.144 D/libEGL  ( 2690): loaded /vendor/lib64/egl/libEGL_emulation.so
06-15 20:07:03.153 D/libEGL  ( 2690): loaded /vendor/lib64/egl/libGLESv1_CM_emulation.so
06-15 20:07:03.153 D/ConnectivityService(  517): NetReassign [71 : null → 100] [c 0] [a 2] [i 11]
06-15 20:07:03.200 D/PackageManager(  517): Instant App installer not found with android.intent.action.INSTALL_INSTANT_APP_PACKAGE
06-15 20:07:03.208 W/TransactionTracing(  372): Could not find layer handle 0x7f51106206d0
06-15 20:07:03.208 W/TransactionTracing(  372): Could not find layer handle 0x7f511061e210
06-15 20:07:03.232 D/libEGL  ( 2690): loaded /vendor/lib64/egl/libGLESv2_emulation.so
06-15 20:07:03.322 D/PackageManager(  517): Clear ephemeral installer activity
06-15 20:07:03.391 V/WifiManager(  744): SoftApCallbackProxy on mode 1, send InfoChanged, newInfo: SoftApInfo{bandwidth= 0, frequency= 0, wifiStandard= 0, mApInstanceIdentifier= null, mIdleShutdownTimeoutMillis= 0}
06-15 20:07:03.391 V/WifiManager(  744): SoftApCallbackProxy on mode 1, send InfoChanged, changedInfoList: []
06-15 20:07:03.391 V/WifiManager(  744): SoftApCallbackProxy on mode 1, send onConnectedClientsChanged(clients): []
06-15 20:07:03.404 D/NavigationModeController(  744): getCurrentInteractionMode: mode=2 contextUser=0
06-15 20:07:03.404 D/DLObserver(  744): add listener: com.android.systemui.statusbar.phone.StatusBarKeyguardViewManager$3@3fa1538
06-15 20:07:03.453 D/NetworkSecurityConfig( 2627): No Network Security Config specified, using platform default
06-15 20:07:03.454 D/NetworkSecurityConfig( 2627): No Network Security Config specified, using platform default
06-15 20:07:03.527 I/MultiDex( 2627): VM with version 2.1.0 has multidex support
06-15 20:07:03.527 I/MultiDex( 2627): Installing application
06-15 20:07:03.527 I/MultiDex( 2627): VM has multidex support, MultiDex support library is disabled.
06-15 20:07:03.579 D/CompatibilityChangeReporter(  517): Compat change id reported: 194532703; UID 1000; state: ENABLED
06-15 20:07:03.587 I/ExoPlayerImpl( 2690): Init 1d24ace [AndroidXMedia3/1.5.1] [emu64x, sdk_gphone64_x86_64, Google, 33]
06-15 20:07:03.594 W/droid.apps.docs( 2484): Long monitor contention with owner RxCachedThreadScheduler-1 (2579) at java.lang.Object olr.generatedComponent()(PG:5) waiters=0 in java.lang.Object olr.generatedComponent() for 1.884s
06-15 20:07:03.598 D/libEGL  ( 2589): loaded /vendor/lib64/egl/libEGL_emulation.so
06-15 20:07:03.646 D/libEGL  ( 2589): loaded /vendor/lib64/egl/libGLESv1_CM_emulation.so
06-15 20:07:03.655 V/GraphicsEnvironment( 2677): ANGLE Developer option for 'com.google.android.calendar' set to: 'default'
06-15 20:07:03.661 V/GraphicsEnvironment( 2677): ANGLE GameManagerService for com.google.android.calendar: false
06-15 20:07:03.661 V/GraphicsEnvironment( 2677): Neither updatable production driver nor prerelease driver is supported.
06-15 20:07:03.705 D/CompatibilityChangeReporter(  517): Compat change id reported: 168419799; UID 10117; state: DISABLED
06-15 20:07:03.714 D/libEGL  ( 2589): loaded /vendor/lib64/egl/libGLESv2_emulation.so
06-15 20:07:03.721 D/CompatibilityChangeReporter(  517): Compat change id reported: 273564678; UID 10117; state: DISABLED
06-15 20:07:03.786 I/hwservicemanager(  131): getTransport: Cannot find entry android.hardware.graphics.mapper@4.0::IMapper/default in either framework or device VINTF manifest.
06-15 20:07:03.786 I/Gralloc4(  744): mapper 4.x is not supported
06-15 20:07:03.789 W/system_server(  517): Long monitor contention with owner main (517) at boolean com.android.server.job.JobSchedulerService.isBatteryCharging()(JobSchedulerService.java:3423) waiters=0 in android.app.job.JobWorkItem com.android.server.job.JobServiceContext.doDequeueWork(com.android.server.job.JobServiceContext$JobCallback, int) for 1.290s
06-15 20:07:03.789 W/Looper  (  517): Slow dispatch took 1364ms main h=com.android.server.job.JobServiceContext$JobServiceHandler c=null m=0
06-15 20:07:03.790 I/MediaProvider( 2081): Begin Intent { act=com.android.providers.media.action.SCAN_VOLUME (has extras) }
06-15 20:07:03.820 D/CompatibilityChangeReporter( 2690): Compat change id reported: 194532703; UID 10175; state: ENABLED
06-15 20:07:03.825 I/PresetRepository( 2690): ✅ Seeded 8 premium built-in presets
06-15 20:07:03.894 I/hwservicemanager(  131): getTransport: Cannot find entry android.hardware.graphics.allocator@4.0::IAllocator/default in either framework or device VINTF manifest.
06-15 20:07:03.896 I/servicemanager(  129): Could not find android.hardware.graphics.allocator.IAllocator/default in the VINTF manifest.
06-15 20:07:03.896 D/CompatibilityChangeReporter(  517): Compat change id reported: 218533173; UID 10015; state: ENABLED
06-15 20:07:03.896 W/Gralloc4(  744): allocator 4.x is not supported
06-15 20:07:03.980 W/DLObserver(  744): wirelessCharger is not present
06-15 20:07:03.961 D/nativeloader( 2593): Configuring classloader-namespace for other apk /system/framework/org.apache.http.legacy.jar. target_sdk_version=33, uses_libraries=ALL, library_path=/product/priv-app/PrebuiltGmsCore/lib/x86_64:/product/priv-app/PrebuiltGmsCore/PrebuiltGmsCore.apk!/lib/x86_64, permitted_path=/data:/mnt/expand:/data/user/0/com.google.android.gms
06-15 20:07:04.027 D/nativeloader( 2593): Configuring classloader-namespace for other apk /system/framework/com.android.media.remotedisplay.jar. target_sdk_version=33, uses_libraries=ALL, library_path=/product/priv-app/PrebuiltGmsCore/lib/x86_64:/product/priv-app/PrebuiltGmsCore/PrebuiltGmsCore.apk!/lib/x86_64, permitted_path=/data:/mnt/expand:/data/user/0/com.google.android.gms
06-15 20:07:04.034 D/HostConnection(  744): HostComposition ext ANDROID_EMU_CHECKSUM_HELPER_v1 ANDROID_EMU_native_sync_v2 ANDROID_EMU_dma_v1 ANDROID_EMU_direct_mem ANDROID_EMU_host_composition_v1 ANDROID_EMU_host_composition_v2 ANDROID_EMU_vulkan ANDROID_EMU_deferred_vulkan_commands ANDROID_EMU_vulkan_null_optional_strings ANDROID_EMU_vulkan_create_resources_with_requirements ANDROID_EMU_YUV_Cache ANDROID_EMU_vulkan_ignored_handles ANDROID_EMU_has_shared_slots_host_memory_allocator ANDROID_EMU_vulkan_free_memory_sync ANDROID_EMU_vulkan_shader_float16_int8 ANDROID_EMU_vulkan_async_queue_submit ANDROID_EMU_vulkan_queue_submit_with_commands ANDROID_EMU_sync_buffer_data ANDROID_EMU_vulkan_async_qsri ANDROID_EMU_read_color_buffer_dma ANDROID_EMU_hwc_multi_configs ANDROID_EMU_hwc_color_transform GL_OES_EGL_image_external_essl3 GL_OES_vertex_array_object GL_KHR_texture_compression_astc_ldr ANDROID_EMU_host_side_tracing ANDROID_EMU_gles_max_version_3_1 
06-15 20:07:04.056 E/OpenGLRenderer(  744): Unable to match the desired swap behavior.
06-15 20:07:04.097 W/system_server(  517): Long monitor contention with owner PackageManagerBg (576) at void com.android.server.pm.AppsFilterImpl.recomputeComponentVisibility(android.util.ArrayMap)(AppsFilterImpl.java:880) waiters=1 in void com.android.server.pm.AppsFilterSnapshotImpl.<init>(com.android.server.pm.AppsFilterImpl) for 325ms
06-15 20:07:04.097 W/system_server(  517): Long monitor contention with owner binder:517_D (1231) at com.android.server.pm.Computer com.android.server.pm.PackageManagerService.snapshotComputer()(PackageManagerService.java:1111) waiters=0 in com.android.server.pm.Computer com.android.server.pm.PackageManagerService.snapshotComputer() for 325ms
06-15 20:07:04.099 W/system_server(  517): Long monitor contention with owner binder:517_D (1231) at com.android.server.pm.Computer com.android.server.pm.PackageManagerService.snapshotComputer()(PackageManagerService.java:1111) waiters=1 in com.android.server.pm.Computer com.android.server.pm.PackageManagerService.snapshotComputer() for 308ms
06-15 20:07:04.104 W/system_server(  517): Long monitor contention with owner binder:517_D (1231) at com.android.server.pm.Computer com.android.server.pm.PackageManagerService.snapshotComputer()(PackageManagerService.java:1111) waiters=2 in com.android.server.pm.Computer com.android.server.pm.PackageManagerService.snapshotComputer() for 307ms
06-15 20:07:04.105 W/system_server(  517): Long monitor contention with owner binder:517_D (1231) at com.android.server.pm.Computer com.android.server.pm.PackageManagerService.snapshotComputer()(PackageManagerService.java:1111) waiters=3 in com.android.server.pm.Computer com.android.server.pm.PackageManagerService.snapshotComputer() for 308ms
06-15 20:07:04.107 W/system_server(  517): Long monitor contention with owner binder:517_D (1231) at com.android.server.pm.Computer com.android.server.pm.PackageManagerService.snapshotComputer()(PackageManagerService.java:1111) waiters=5 in com.android.server.pm.Computer com.android.server.pm.PackageManagerService.snapshotComputer() for 239ms
