--------- beginning of main
06-15 20:06:52.767 D/CompatibilityChangeReporter( 2466): Compat change id reported: 194532703; UID 10149; state: ENABLED
--------- beginning of system
06-15 20:06:52.803 D/CompatibilityChangeReporter(  517): Compat change id reported: 161145287; UID 10129; state: DISABLED
06-15 20:06:52.861 W/system_server(  517): Long monitor contention with owner ConditionProviders.ECP (678) at void com.android.server.alarm.AlarmManagerService.setImpl(int, long, long, long, android.app.PendingIntent, android.app.IAlarmListener, java.lang.String, int, android.os.WorkSource, android.app.AlarmManager$AlarmClockInfo, int, java.lang.String, android.os.Bundle, int)(AlarmManagerService.java:2318) waiters=0 in android.app.AlarmManager$AlarmClockInfo com.android.server.alarm.AlarmManagerService.getNextAlarmClockImpl(int) for 371ms
06-15 20:06:53.092 D/OomAdjuster(  517): Not killing cached processes
06-15 20:06:53.095 W/system_server(  517): Long monitor contention with owner PackageManagerBg (576) at void com.android.server.pm.AppsFilterImpl.recomputeComponentVisibility(android.util.ArrayMap)(AppsFilterImpl.java:880) waiters=0 in void com.android.server.pm.AppsFilterImpl.recomputeComponentVisibility(android.util.ArrayMap) for 601ms
06-15 20:06:53.185 W/system_server(  517): Long monitor contention with owner main (517) at int com.android.server.am.ActivityManagerService.bindServiceInstance(android.app.IApplicationThread, android.os.IBinder, android.content.Intent, java.lang.String, android.app.IServiceConnection, int, java.lang.String, boolean, int, java.lang.String, java.lang.String, int)(ActivityManagerService.java:12764) waiters=0 in android.content.Intent com.android.server.am.ActivityManagerService.registerReceiverWithFeature(android.app.IApplicationThread, java.lang.String, java.lang.String, java.lang.String, android.content.IIntentReceiver, android.content.IntentFilter, java.lang.String, int, int) for 359ms
06-15 20:06:53.186 W/system_server(  517): Long monitor contention with owner main (517) at int com.android.server.am.ActivityManagerService.bindServiceInstance(android.app.IApplicationThread, android.os.IBinder, android.content.Intent, java.lang.String, android.app.IServiceConnection, int, java.lang.String, boolean, int, java.lang.String, java.lang.String, int)(ActivityManagerService.java:12764) waiters=1 in android.content.Intent com.android.server.am.ActivityManagerService.registerReceiverWithFeature(android.app.IApplicationThread, java.lang.String, java.lang.String, java.lang.String, android.content.IIntentReceiver, android.content.IntentFilter, java.lang.String, int, int) for 350ms
06-15 20:06:53.191 W/system_server(  517): Long monitor contention with owner main (517) at int com.android.server.am.ActivityManagerService.bindServiceInstance(android.app.IApplicationThread, android.os.IBinder, android.content.Intent, java.lang.String, android.app.IServiceConnection, int, java.lang.String, boolean, int, java.lang.String, java.lang.String, int)(ActivityManagerService.java:12764) waiters=2 in void com.android.server.am.ActiveServices$ServiceRestarter.run() for 354ms
06-15 20:06:53.286 W/system_server(  517): Long monitor contention with owner main (517) at void com.android.server.job.controllers.QuotaController$Timer.stopTrackingJob(com.android.server.job.controllers.JobStatus)(QuotaController.java:2173) waiters=0 in int com.android.server.job.JobSchedulerService.scheduleAsPackage(android.app.job.JobInfo, android.app.job.JobWorkItem, int, java.lang.String, int, java.lang.String) for 511ms
06-15 20:06:53.293 W/Looper  (  517): Slow dispatch took 573ms main h=android.app.ActivityThread$H c=android.app.LoadedApk$ServiceDispatcher$RunConnection@1e0f28b m=0
06-15 20:06:53.294 D/ConnectivityService(  517): requestNetwork for uid/pid:1000/517 asUid: 10149 activeRequest: null callbackRequest: 65 [NetworkRequest [ REQUEST id=66, [ Capabilities: INTERNET&NOT_RESTRICTED&TRUSTED&NOT_VCN_MANAGED Uid: 10149 RequestorUid: 1000 RequestorPkg: android UnderlyingNetworks: Null] ]] callback flags: 0 order: 2147483647
06-15 20:06:53.295 D/WifiNetworkFactory(  517): got request NetworkRequest [ REQUEST id=66, [ Capabilities: INTERNET&NOT_RESTRICTED&TRUSTED&NOT_VCN_MANAGED Uid: 10149 RequestorUid: 1000 RequestorPkg: android UnderlyingNetworks: Null] ]
06-15 20:06:53.312 D/nativeloader( 2557): Configuring classloader-namespace for other apk /system/framework/org.apache.http.legacy.jar. target_sdk_version=31, uses_libraries=ALL, library_path=/product/priv-app/Velvet/lib/x86_64:/product/priv-app/Velvet/Velvet.apk!/lib/x86_64, permitted_path=/data:/mnt/expand:/data/user/0/com.google.android.googlequicksearchbox
06-15 20:06:53.347 W/ActivityManager(  517): Rescheduling restart of crashed service com.google.android.gms/.chimera.GmsBoundBrokerService in 0ms for other
06-15 20:06:53.347 W/ActivityManager(  517): Rescheduling restart of crashed service com.google.android.googlequicksearchbox/com.google.android.apps.gsa.shared.util.keepalive.StandaloneKeepAlive$KeepAliveService in 0ms for other
06-15 20:06:53.347 W/ActivityManager(  517): Rescheduling restart of crashed service com.google.android.googlequicksearchbox/com.google.android.apps.gsa.nowoverlayservice.DrawerOverlayService in 0ms for other
06-15 20:06:53.347 W/ActivityManager(  517): Rescheduling restart of crashed service com.google.android.as/com.google.android.apps.miphone.aiai.captions.SystemCaptionsManagerService in 0ms for other
06-15 20:06:53.348 W/ActivityManager(  517): Rescheduling restart of crashed service com.google.android.as/com.google.android.apps.miphone.aiai.app.AiAiContentSuggestionsService in 0ms for other
06-15 20:06:53.348 W/ActivityManager(  517): Rescheduling restart of crashed service com.google.android.as/com.google.android.apps.miphone.aiai.common.notification.service.AiAiNotificationListenerService in 0ms for other
06-15 20:06:53.348 W/ActivityManager(  517): Rescheduling restart of crashed service com.google.android.as/com.google.android.apps.miphone.aiai.app.AiAiPredictionService in 0ms for other
06-15 20:06:53.348 W/ActivityManager(  517): Rescheduling restart of crashed service com.google.android.as/com.google.android.apps.miphone.aiai.app.AiAiSmartspaceService in 0ms for other
06-15 20:06:53.348 W/ActivityManager(  517): Rescheduling restart of crashed service com.google.android.as/com.google.android.apps.miphone.aiai.app.AiAiAugmentedAutofillService in 0ms for other
06-15 20:06:53.348 W/ActivityManager(  517): Rescheduling restart of crashed service com.google.android.as/com.google.android.apps.miphone.aiai.app.AiAiSearchUiService in 0ms for other
06-15 20:06:53.348 W/ActivityManager(  517): Rescheduling restart of crashed service com.google.android.as/com.google.android.apps.miphone.aiai.app.AiAiContentCaptureService in 0ms for other
06-15 20:06:53.348 W/ActivityManager(  517): Rescheduling restart of crashed service com.google.android.as/com.google.android.apps.miphone.aiai.common.notification.service.AiAiNotificationAssistantService in 0ms for other
06-15 20:06:53.348 W/ActivityManager(  517): Rescheduling restart of crashed service com.google.android.gms/.backup.component.D2dTransportService in 0ms for other
06-15 20:06:53.348 W/ActivityManager(  517): Rescheduling restart of crashed service com.google.android.apps.wellbeing/androidx.work.impl.background.systemjob.SystemJobService in 0ms for other
06-15 20:06:53.385 D/CompatibilityChangeReporter(  517): Compat change id reported: 218533173; UID 10124; state: ENABLED
06-15 20:06:53.439 W/ActivityManager(  517): Rescheduling restart of crashed service com.google.android.gms/.chimera.GmsBoundBrokerService in 0ms for other
06-15 20:06:53.439 W/ActivityManager(  517): Rescheduling restart of crashed service com.google.android.googlequicksearchbox/com.google.android.apps.gsa.shared.util.keepalive.StandaloneKeepAlive$KeepAliveService in 0ms for other
06-15 20:06:53.439 W/ActivityManager(  517): Rescheduling restart of crashed service com.google.android.googlequicksearchbox/com.google.android.apps.gsa.nowoverlayservice.DrawerOverlayService in 0ms for other
06-15 20:06:53.439 W/ActivityManager(  517): Rescheduling restart of crashed service com.google.android.as/com.google.android.apps.miphone.aiai.captions.SystemCaptionsManagerService in 0ms for other
06-15 20:06:53.439 W/ActivityManager(  517): Rescheduling restart of crashed service com.google.android.as/com.google.android.apps.miphone.aiai.app.AiAiContentSuggestionsService in 0ms for other
06-15 20:06:53.439 W/ActivityManager(  517): Rescheduling restart of crashed service com.google.android.as/com.google.android.apps.miphone.aiai.common.notification.service.AiAiNotificationListenerService in 0ms for other
06-15 20:06:53.439 W/ActivityManager(  517): Rescheduling restart of crashed service com.google.android.as/com.google.android.apps.miphone.aiai.app.AiAiPredictionService in 0ms for other
06-15 20:06:53.439 W/ActivityManager(  517): Rescheduling restart of crashed service com.google.android.as/com.google.android.apps.miphone.aiai.app.AiAiSmartspaceService in 0ms for other
06-15 20:06:53.439 W/ActivityManager(  517): Rescheduling restart of crashed service com.google.android.as/com.google.android.apps.miphone.aiai.app.AiAiAugmentedAutofillService in 0ms for other
06-15 20:06:53.440 W/ActivityManager(  517): Rescheduling restart of crashed service com.google.android.as/com.google.android.apps.miphone.aiai.app.AiAiSearchUiService in 0ms for other
06-15 20:06:53.440 W/ActivityManager(  517): Rescheduling restart of crashed service com.google.android.as/com.google.android.apps.miphone.aiai.app.AiAiContentCaptureService in 0ms for other
06-15 20:06:53.440 W/ActivityManager(  517): Rescheduling restart of crashed service com.google.android.as/com.google.android.apps.miphone.aiai.common.notification.service.AiAiNotificationAssistantService in 0ms for other
06-15 20:06:53.440 W/ActivityManager(  517): Rescheduling restart of crashed service com.google.android.gms/.backup.component.D2dTransportService in 0ms for other
06-15 20:06:53.440 W/ActivityManager(  517): Rescheduling restart of crashed service com.google.android.apps.wellbeing/androidx.work.impl.background.systemjob.SystemJobService in 0ms for other
06-15 20:06:53.446 D/UntrustedWifiNetworkFactory(  517): got request NetworkRequest [ REQUEST id=66, [ Capabilities: INTERNET&NOT_RESTRICTED&TRUSTED&NOT_VCN_MANAGED Uid: 10149 RequestorUid: 1000 RequestorPkg: android UnderlyingNetworks: Null] ]
06-15 20:06:53.447 D/OemPaidWifiNetworkFactory(  517): got request NetworkRequest [ REQUEST id=66, [ Capabilities: INTERNET&NOT_RESTRICTED&TRUSTED&NOT_VCN_MANAGED Uid: 10149 RequestorUid: 1000 RequestorPkg: android UnderlyingNetworks: Null] ]
06-15 20:06:53.447 D/MultiInternetWifiNetworkFactory(  517): got request NetworkRequest [ REQUEST id=66, [ Capabilities: INTERNET&NOT_RESTRICTED&TRUSTED&NOT_VCN_MANAGED Uid: 10149 RequestorUid: 1000 RequestorPkg: android UnderlyingNetworks: Null] ]
06-15 20:06:53.477 D/ConnectivityService(  517): requestNetwork for uid/pid:10149/2466 activeRequest: null callbackRequest: 67 [NetworkRequest [ REQUEST id=68, [ Capabilities: INTERNET&NOT_RESTRICTED&TRUSTED&NOT_VCN_MANAGED Uid: 10149 RequestorUid: 10149 RequestorPkg: com.android.remoteprovisioner UnderlyingNetworks: Null] ]] callback flags: 0 order: 2147483647
06-15 20:06:53.504 D/CompatibilityChangeReporter(  517): Compat change id reported: 143937733; UID 10140; state: ENABLED
06-15 20:06:53.563 D/Zygote  (  276): Forked child process 2589
06-15 20:06:53.577 W/ActivityManager(  517): Slow operation: 77ms so far, now at startProcess: returned from zygote!
06-15 20:06:53.577 D/CompatibilityChangeReporter(  517): Compat change id reported: 135634846; UID 10120; state: DISABLED
06-15 20:06:53.577 W/ActivityManager(  517): Slow operation: 52ms so far, now at startProcess: done starting proc!
06-15 20:06:53.574 I/RemoteProvisioningService( 2466): Waking up; checking provisioning state.
06-15 20:06:53.590 W/ActivityManager(  517): Slow operation: 89ms so far, now at startProcess: done updating battery stats
06-15 20:06:53.590 W/ActivityManager(  517): Slow operation: 89ms so far, now at startProcess: building log message
06-15 20:06:53.590 I/ActivityManager(  517): Start proc 2589:com.google.android.apps.maps/u0a140 for broadcast {com.google.android.apps.maps/androidx.work.impl.background.systemalarm.RescheduleReceiver}
06-15 20:06:53.590 W/ActivityManager(  517): Slow operation: 90ms so far, now at startProcess: starting to update pids map
06-15 20:06:53.590 W/ActivityManager(  517): Slow operation: 90ms so far, now at startProcess: done updating pids map
06-15 20:06:53.590 W/ActivityManager(  517): Slow operation: 64ms so far, now at startProcess: asking zygote to start proc
06-15 20:06:53.597 D/CompatibilityChangeReporter(  517): Compat change id reported: 143937733; UID 10120; state: ENABLED
06-15 20:06:53.637 D/Zygote  (  276): Forked child process 2593
06-15 20:06:53.643 W/ActivityManager(  517): Slow operation: 116ms so far, now at startProcess: returned from zygote!
06-15 20:06:53.643 W/ActivityManager(  517): Slow operation: 117ms so far, now at startProcess: done updating battery stats
06-15 20:06:53.643 W/ActivityManager(  517): Slow operation: 117ms so far, now at startProcess: building log message
06-15 20:06:53.644 I/ActivityManager(  517): Start proc 2593:com.google.android.gms/u0a120 for service {com.google.android.gms/com.google.android.gms.chimera.GmsBoundBrokerService}
06-15 20:06:53.644 W/ActivityManager(  517): Slow operation: 117ms so far, now at startProcess: starting to update pids map
06-15 20:06:53.644 W/ActivityManager(  517): Slow operation: 118ms so far, now at startProcess: done updating pids map
06-15 20:06:53.711 I/droid.apps.maps( 2589): Using CollectorTypeCC GC.
06-15 20:06:53.754 W/droid.apps.maps( 2589): Unexpected CPU variant for x86: x86_64.
06-15 20:06:53.754 W/droid.apps.maps( 2589): Known variants: atom, sandybridge, silvermont, kabylake, default
06-15 20:06:53.762 I/RemoteProvisioner( 2466): Pool status 0, 0, 0, 0
06-15 20:06:53.762 I/RemoteProvisioningService( 2466): Pool status.
06-15 20:06:53.762 I/RemoteProvisioningService( 2466): Total: 0
06-15 20:06:53.762 I/RemoteProvisioningService( 2466): Attested: 0
06-15 20:06:53.762 I/RemoteProvisioningService( 2466): Unassigned: 0
06-15 20:06:53.762 I/RemoteProvisioningService( 2466): Expiring: 0
06-15 20:06:53.762 I/RemoteProvisioningService( 2466): Need to generate 12 keys.
06-15 20:06:53.821 I/adbd    (  400): jdwp connection from 2589
06-15 20:06:53.837 I/gle.android.gms( 2593): Using CollectorTypeCC GC.
06-15 20:06:53.845 W/gle.android.gms( 2593): Unexpected CPU variant for x86: x86_64.
06-15 20:06:53.845 W/gle.android.gms( 2593): Known variants: atom, sandybridge, silvermont, kabylake, default
06-15 20:06:53.869 I/adbd    (  400): jdwp connection from 2593
06-15 20:06:53.909 W/Looper  (  517): Slow dispatch took 271ms main h=android.app.ActivityThread$H c=android.app.LoadedApk$ServiceDispatcher$RunConnection@77f4db9 m=0
06-15 20:06:53.913 D/ConnectivityService(  517): NetReassign [66 : null → 100] [c 0] [a 0] [i 153]
06-15 20:06:53.947 D/nativeloader( 2557): Configuring classloader-namespace for other apk /system_ext/framework/androidx.window.extensions.jar. target_sdk_version=31, uses_libraries=ALL, library_path=/product/priv-app/Velvet/lib/x86_64:/product/priv-app/Velvet/Velvet.apk!/lib/x86_64, permitted_path=/data:/mnt/expand:/data/user/0/com.google.android.googlequicksearchbox
06-15 20:06:53.957 D/nativeloader( 2557): Configuring classloader-namespace for other apk /system_ext/framework/androidx.window.sidecar.jar. target_sdk_version=31, uses_libraries=ALL, library_path=/product/priv-app/Velvet/lib/x86_64:/product/priv-app/Velvet/Velvet.apk!/lib/x86_64, permitted_path=/data:/mnt/expand:/data/user/0/com.google.android.googlequicksearchbox
06-15 20:06:53.988 V/MediaStore( 2081): Examining volume emulated;0 with name external_primary and state mounted
06-15 20:06:54.043 D/nativeloader( 2557): Configuring vendor-classloader-namespace for unbundled product apk /product/priv-app/Velvet/Velvet.apk. target_sdk_version=31, uses_libraries=, library_path=/product/priv-app/Velvet/lib/x86_64:/product/priv-app/Velvet/Velvet.apk!/lib/x86_64:/product/lib64:/system/product/lib64, permitted_path=/data:/mnt/expand:/data/user/0/com.google.android.googlequicksearchbox:/product/lib64:/system/product/lib64
06-15 20:06:54.075 W/Looper  (  517): Slow dispatch took 137ms main h=android.app.ActivityThread$H c=android.app.LoadedApk$ServiceDispatcher$RunConnection@8effaf1 m=0
06-15 20:06:54.172 D/CompatibilityChangeReporter(  517): Compat change id reported: 135634846; UID 10117; state: DISABLED
06-15 20:06:54.250 D/CompatibilityChangeReporter(  517): Compat change id reported: 218533173; UID 10142; state: ENABLED
06-15 20:06:54.268 W/ActivityManager(  517): Slow operation: 147ms so far, now at startProcess: asking zygote to start proc
06-15 20:06:54.268 D/CompatibilityChangeReporter(  517): Compat change id reported: 143937733; UID 10117; state: ENABLED
06-15 20:06:54.277 W/ActivityManager(  517): Slow operation: 199ms so far, now at startProcess: done starting proc!
06-15 20:06:54.299 D/Zygote  (  276): Forked child process 2616
06-15 20:06:54.322 W/ActivityManager(  517): Slow operation: 201ms so far, now at startProcess: returned from zygote!
06-15 20:06:54.350 V/GraphicsEnvironment( 2557): ANGLE Developer option for 'com.google.android.googlequicksearchbox' set to: 'default'
06-15 20:06:54.370 V/GraphicsEnvironment( 2557): ANGLE GameManagerService for com.google.android.googlequicksearchbox: false
06-15 20:06:54.370 V/GraphicsEnvironment( 2557): Neither updatable production driver nor prerelease driver is supported.
06-15 20:06:54.375 D/NetworkSecurityConfig( 2557): Using Network Security Config from resource network_security_config debugBuild: false
06-15 20:06:54.378 D/NetworkSecurityConfig( 2557): Using Network Security Config from resource network_security_config debugBuild: false
06-15 20:06:54.485 I/ogle.android.as( 2616): Using CollectorTypeCC GC.
06-15 20:06:54.486 W/ogle.android.as( 2616): Unexpected CPU variant for x86: x86_64.
06-15 20:06:54.486 W/ogle.android.as( 2616): Known variants: atom, sandybridge, silvermont, kabylake, default
06-15 20:06:54.530 I/adbd    (  400): jdwp connection from 2616
06-15 20:06:54.534 D/CompatibilityChangeReporter(  517): Compat change id reported: 135634846; UID 10113; state: DISABLED
06-15 20:06:54.536 D/CompatibilityChangeReporter(  517): Compat change id reported: 177438394; UID 10113; state: DISABLED
06-15 20:06:54.540 D/CompatibilityChangeReporter(  517): Compat change id reported: 135772972; UID 10113; state: DISABLED
06-15 20:06:54.541 D/CompatibilityChangeReporter(  517): Compat change id reported: 135754954; UID 10113; state: ENABLED
06-15 20:06:54.562 W/ActivityManager(  517): Slow operation: 285ms so far, now at startProcess: done starting proc!
06-15 20:06:54.563 W/ActivityManager(  517): Slow operation: 443ms so far, now at startProcess: done updating battery stats
06-15 20:06:54.563 W/ActivityManager(  517): Slow operation: 443ms so far, now at startProcess: building log message
06-15 20:06:54.563 I/ActivityManager(  517): Start proc 2616:com.google.android.as/u0a117 for service {com.google.android.as/com.google.android.apps.miphone.aiai.captions.SystemCaptionsManagerService}
06-15 20:06:54.563 W/ActivityManager(  517): Slow operation: 443ms so far, now at startProcess: starting to update pids map
06-15 20:06:54.569 W/ActivityManager(  517): Slow operation: 448ms so far, now at startProcess: done updating pids map
06-15 20:06:54.569 W/ActivityManager(  517): Slow operation: 291ms so far, now at startProcess: asking zygote to start proc
06-15 20:06:54.569 D/CompatibilityChangeReporter(  517): Compat change id reported: 143937733; UID 10113; state: ENABLED
06-15 20:06:54.593 I/MultiDex( 2557): VM with version 2.1.0 has multidex support
06-15 20:06:54.593 I/MultiDex( 2557): Installing application
06-15 20:06:54.593 I/MultiDex( 2557): VM has multidex support, MultiDex support library is disabled.
06-15 20:06:54.595 D/Zygote  (  276): Forked child process 2627
06-15 20:06:54.603 W/ActivityManager(  517): Slow operation: 325ms so far, now at startProcess: returned from zygote!
06-15 20:06:54.608 W/ActivityManager(  517): Slow operation: 330ms so far, now at startProcess: done updating battery stats
06-15 20:06:54.608 W/ActivityManager(  517): Slow operation: 330ms so far, now at startProcess: building log message
06-15 20:06:54.608 I/ActivityManager(  517): Start proc 2627:com.google.android.apps.wellbeing/u0a113 for service {com.google.android.apps.wellbeing/androidx.work.impl.background.systemjob.SystemJobService}
06-15 20:06:54.608 W/ActivityManager(  517): Slow operation: 330ms so far, now at startProcess: starting to update pids map
06-15 20:06:54.610 W/ActivityManager(  517): Slow operation: 332ms so far, now at startProcess: done updating pids map
06-15 20:06:54.670 D/CompatibilityChangeReporter(  517): Compat change id reported: 161145287; UID 10119; state: DISABLED
06-15 20:06:54.674 W/Looper  (  517): Slow dispatch took 553ms main h=android.app.ActivityThread$H c=android.app.LoadedApk$ServiceDispatcher$RunConnection@266a3ba m=0
06-15 20:06:54.751 I/.apps.wellbeing( 2627): Using CollectorTypeCC GC.
06-15 20:06:54.753 W/.apps.wellbeing( 2627): Unexpected CPU variant for x86: x86_64.
06-15 20:06:54.753 W/.apps.wellbeing( 2627): Known variants: atom, sandybridge, silvermont, kabylake, default
06-15 20:06:54.784 I/RemoteProvisioningService( 2466): Generated 12 keys. 0 keys were also available for signing previous to generation.
06-15 20:06:54.852 I/adbd    (  400): jdwp connection from 2627
06-15 20:06:54.854 D/CompatibilityChangeReporter(  517): Compat change id reported: 218533173; UID 10062; state: DISABLED
06-15 20:06:54.887 I/resolv  (  275): GetAddrInfoHandler::run: {100 100 100 983140 10149 0}
06-15 20:06:54.901 I/FuseDaemon( 2081): Background concurrent copying GC freed 8215(788KB) AllocSpace objects, 5(100KB) LOS objects, 49% free, 2116KB/4233KB, paused 59us,13us total 2.983s
06-15 20:06:54.904 I/resolv  (  275): res_nmkquery: (QUERY, IN, A)
06-15 20:06:54.905 I/resolv  (  275): res_nmkquery: (QUERY, IN, AAAA)
06-15 20:06:55.034 D/CompatibilityChangeReporter(  517): Compat change id reported: 168419799; UID 10140; state: DISABLED
06-15 20:06:55.034 D/CompatibilityChangeReporter(  517): Compat change id reported: 273564678; UID 10140; state: DISABLED
06-15 20:06:55.063 D/nativeloader( 2532): Configuring vendor-classloader-namespace for unbundled product apk /product/priv-app/PrebuiltGmsCore/PrebuiltGmsCore.apk. target_sdk_version=33, uses_libraries=, library_path=/product/priv-app/PrebuiltGmsCore/lib/x86_64:/product/priv-app/PrebuiltGmsCore/PrebuiltGmsCore.apk!/lib/x86_64:/product/lib64:/system/product/lib64, permitted_path=/data:/mnt/expand:/data/user/0/com.google.android.gms:/product/lib64:/system/product/lib64
06-15 20:06:55.078 W/system_server(  517): Long monitor contention with owner ConnectivityServiceThread (671) at boolean android.os.MessageQueue.enqueueMessage(android.os.Message, long)(MessageQueue.java:600) waiters=0 in android.os.Message android.os.MessageQueue.next() for 593ms
06-15 20:06:55.081 D/WifiNetworkFactory(  517): got request NetworkRequest [ REQUEST id=68, [ Capabilities: INTERNET&NOT_RESTRICTED&TRUSTED&NOT_VCN_MANAGED Uid: 10149 RequestorUid: 10149 RequestorPkg: com.android.remoteprovisioner UnderlyingNetworks: Null] ]
06-15 20:06:55.087 D/UntrustedWifiNetworkFactory(  517): got request NetworkRequest [ REQUEST id=68, [ Capabilities: INTERNET&NOT_RESTRICTED&TRUSTED&NOT_VCN_MANAGED Uid: 10149 RequestorUid: 10149 RequestorPkg: com.android.remoteprovisioner UnderlyingNetworks: Null] ]
06-15 20:06:55.088 D/OemPaidWifiNetworkFactory(  517): got request NetworkRequest [ REQUEST id=68, [ Capabilities: INTERNET&NOT_RESTRICTED&TRUSTED&NOT_VCN_MANAGED Uid: 10149 RequestorUid: 10149 RequestorPkg: com.android.remoteprovisioner UnderlyingNetworks: Null] ]
06-15 20:06:55.090 D/MultiInternetWifiNetworkFactory(  517): got request NetworkRequest [ REQUEST id=68, [ Capabilities: INTERNET&NOT_RESTRICTED&TRUSTED&NOT_VCN_MANAGED Uid: 10149 RequestorUid: 10149 RequestorPkg: com.android.remoteprovisioner UnderlyingNetworks: Null] ]
06-15 20:06:55.091 D/ConnectivityService(  517): NetReassign [68 : null → 100] [c 0] [a 381] [i 768]
06-15 20:06:55.178 D/CompatibilityChangeReporter(  517): Compat change id reported: 161252188; UID 10175; state: DISABLED
06-15 20:06:55.179 I/ActivityTaskManager(  517): START u0 {flg=0x10000000 cmp=com.deepeye.musicpro/.MainActivity} from uid 2000
06-15 20:06:55.229 D/CdmaServiceCategoryProgramHandler(  847): Idle: release wakelock
06-15 20:06:55.238 I/resolv  (  275): res_nsend: used send_dg 115 terrno: 0
06-15 20:06:55.239 I/resolv  (  275): doQuery: rcode=0, ancount=4, return value=115
06-15 20:06:55.490 W/ActivityManager(  517): Slow operation: 110ms so far, now at attachApplicationLocked: after sendPendingBroadcastsLocked
06-15 20:06:55.510 W/Looper  (  517): Slow dispatch took 137ms main h=com.android.server.job.JobSchedulerService$JobHandler c=null m=4
06-15 20:06:55.510 D/CompatibilityChangeReporter(  517): Compat change id reported: 265464455; UID 10175; state: DISABLED
06-15 20:06:55.511 D/CompatibilityChangeReporter(  517): Compat change id reported: 265452344; UID 10175; state: DISABLED
06-15 20:06:55.512 D/CompatibilityChangeReporter(  517): Compat change id reported: 266124927; UID 10175; state: DISABLED
06-15 20:06:55.513 D/CompatibilityChangeReporter(  517): Compat change id reported: 265451093; UID 10175; state: DISABLED
06-15 20:06:55.513 D/CompatibilityChangeReporter(  517): Compat change id reported: 265456536; UID 10175; state: DISABLED
06-15 20:06:55.513 D/CompatibilityChangeReporter(  517): Compat change id reported: 255940284; UID 10175; state: DISABLED
06-15 20:06:55.531 D/CompatibilityChangeReporter(  517): Compat change id reported: 236283604; UID 10175; state: DISABLED
06-15 20:06:55.538 W/system_server(  517): Long monitor contention with owner binder:517_16 (1417) at void com.android.server.am.ActivityManagerService.attachApplication(android.app.IApplicationThread, long)(ActivityManagerService.java:5077) waiters=0 in void com.android.server.am.BroadcastQueue.processNextBroadcast(boolean) for 498ms
06-15 20:06:55.555 W/system_server(  517): Long monitor contention with owner binder:517_16 (1417) at void com.android.server.am.ActivityManagerService.attachApplication(android.app.IApplicationThread, long)(ActivityManagerService.java:5077) waiters=1 in int com.android.server.am.ActivityManagerService.broadcastIntentWithFeature(android.app.IApplicationThread, java.lang.String, android.content.Intent, java.lang.String, android.content.IIntentReceiver, int, java.lang.String, android.os.Bundle, java.lang.String[], java.lang.String[], java.lang.String[], int, android.os.Bundle, boolean, boolean, int) for 505ms
06-15 20:06:55.561 D/StorageManagerService(  517): Volume emulated;0 broadcasting checking to UserHandle{0}
06-15 20:06:55.561 W/system_server(  517): Long monitor contention with owner binder:517_16 (1417) at void com.android.server.am.ActivityManagerService.attachApplication(android.app.IApplicationThread, long)(ActivityManagerService.java:5077) waiters=3 in void com.android.server.am.ActivityManagerService.attachApplication(android.app.IApplicationThread, long) for 299ms
06-15 20:06:55.570 D/CompatibilityChangeReporter( 2589): Compat change id reported: 171979766; UID 10140; state: ENABLED
06-15 20:06:55.622 D/nativeloader( 2589): Configuring classloader-namespace for other apk /system/framework/org.apache.http.legacy.jar. target_sdk_version=35, uses_libraries=ALL, library_path=/product/app/Maps/lib/x86_64:/product/app/Maps/Maps.apk!/lib/x86_64, permitted_path=/data:/mnt/expand:/data/user/0/com.google.android.apps.maps
06-15 20:06:55.637 W/FuseDaemon( 2081): Long monitor contention with owner android.bg (2393) at boolean android.os.MessageQueue.enqueueMessage(android.os.Message, long)(MessageQueue.java:600) waiters=0 in android.os.Message android.os.MessageQueue.next() for 1.052s
06-15 20:06:55.651 D/nativeloader( 2589): Configuring classloader-namespace for other apk /system_ext/framework/androidx.window.extensions.jar. target_sdk_version=35, uses_libraries=ALL, library_path=/product/app/Maps/lib/x86_64:/product/app/Maps/Maps.apk!/lib/x86_64, permitted_path=/data:/mnt/expand:/data/user/0/com.google.android.apps.maps
06-15 20:06:55.653 V/MediaStore( 2081): Examining volume emulated;0 with name external_primary and state mounted
06-15 20:06:55.669 D/nativeloader( 2589): Configuring classloader-namespace for other apk /system_ext/framework/androidx.window.sidecar.jar. target_sdk_version=35, uses_libraries=ALL, library_path=/product/app/Maps/lib/x86_64:/product/app/Maps/Maps.apk!/lib/x86_64, permitted_path=/data:/mnt/expand:/data/user/0/com.google.android.apps.maps
06-15 20:06:55.688 V/MediaStore( 2081): Examining volume emulated;0 with name external_primary and state mounted
06-15 20:06:55.711 D/CompatibilityChangeReporter(  517): Compat change id reported: 263959004; UID 10175; state: DISABLED
06-15 20:06:55.713 D/CompatibilityChangeReporter(  517): Compat change id reported: 264304459; UID 10175; state: DISABLED
06-15 20:06:55.718 D/CompatibilityChangeReporter(  517): Compat change id reported: 264301586; UID 10175; state: DISABLED
06-15 20:06:55.767 D/CompatibilityChangeReporter(  517): Compat change id reported: 254631730; UID 10175; state: DISABLED
06-15 20:06:55.773 D/CompatibilityChangeReporter(  517): Compat change id reported: 273509367; UID 10175; state: DISABLED
06-15 20:06:55.779 D/nativeloader( 2589): Configuring vendor-classloader-namespace for unbundled product apk /product/app/Maps/Maps.apk. target_sdk_version=35, uses_libraries=, library_path=/product/app/Maps/lib/x86_64:/product/app/Maps/Maps.apk!/lib/x86_64:/product/lib64:/system/product/lib64, permitted_path=/data:/mnt/expand:/data/user/0/com.google.android.apps.maps:/product/lib64:/system/product/lib64
06-15 20:06:55.787 W/earchbox:search( 2557): Accessing hidden field Ljava/util/Collections$SynchronizedCollection;->mutex:Ljava/lang/Object; (max-target-o, reflection, denied)
06-15 20:06:55.787 W/earchbox:search( 2557): Accessing hidden method Ljava/util/Collections$SynchronizedSet;-><init>(Ljava/util/Set;Ljava/lang/Object;)V (max-target-o, reflection, denied)
06-15 20:06:55.787 W/earchbox:search( 2557): Accessing hidden method Ljava/util/Collections$SynchronizedCollection;-><init>(Ljava/util/Collection;Ljava/lang/Object;)V (max-target-o, reflection, denied)
06-15 20:06:55.796 D/CompatibilityChangeReporter(  517): Compat change id reported: 263259275; UID 10175; state: DISABLED
06-15 20:06:55.875 D/CellBroadcastHandler(  847): Idle: release wakelock
06-15 20:06:55.929 V/GraphicsEnvironment( 2589): ANGLE Developer option for 'com.google.android.apps.maps' set to: 'default'
06-15 20:06:56.106 V/GraphicsEnvironment( 2532): ANGLE Developer option for 'com.google.android.gms' set to: 'default'
06-15 20:06:56.194 V/GraphicsEnvironment( 2532): ANGLE GameManagerService for com.google.android.gms: false
06-15 20:06:56.194 V/GraphicsEnvironment( 2532): Neither updatable production driver nor prerelease driver is supported.
06-15 20:06:56.195 D/NetworkSecurityConfig( 2512): No Network Security Config specified, using platform default
06-15 20:06:56.211 V/GraphicsEnvironment( 2589): ANGLE GameManagerService for com.google.android.apps.maps: false
06-15 20:06:56.211 V/GraphicsEnvironment( 2589): Neither updatable production driver nor prerelease driver is supported.
06-15 20:06:56.212 D/NetworkSecurityConfig( 2512): No Network Security Config specified, using platform default
06-15 20:06:56.222 D/GsmCellBroadcastHandler(  847): Idle: release wakelock
06-15 20:06:56.225 D/NetworkSecurityConfig( 2589): No Network Security Config specified, using platform default
06-15 20:06:56.225 D/NetworkSecurityConfig( 2589): No Network Security Config specified, using platform default
06-15 20:06:56.291 D/CompatibilityChangeReporter(  517): Compat change id reported: 194480991; UID 10175; state: ENABLED
06-15 20:06:56.354 D/CompatibilityChangeReporter(  517): Compat change id reported: 174042980; UID 10175; state: DISABLED
06-15 20:06:56.452 D/CompatibilityChangeReporter(  517): Compat change id reported: 184838306; UID 10175; state: DISABLED
06-15 20:06:56.467 D/NetworkSecurityConfig( 2532): Using Network Security Config from resource network_security_config debugBuild: false
06-15 20:06:56.468 D/NetworkSecurityConfig( 2532): Using Network Security Config from resource network_security_config debugBuild: false
06-15 20:06:56.473 I/A       ( 2153): Initializing GMS Compliance Client Library...
06-15 20:06:56.486 D/CompatibilityChangeReporter(  517): Compat change id reported: 185004937; UID 10175; state: DISABLED
06-15 20:06:56.497 D/CompatibilityChangeReporter(  517): Compat change id reported: 181136395; UID 10175; state: DISABLED
06-15 20:06:56.511 D/CompatibilityChangeReporter(  517): Compat change id reported: 174042936; UID 10175; state: DISABLED
06-15 20:06:56.540 I/ShortcutsDataManager( 1917): AbstractContentDataManager.importRecords():338 importRecords() : Success : Count = 0
06-15 20:06:56.543 D/CompatibilityChangeReporter(  517): Compat change id reported: 197654537; UID 10175; state: ENABLED
06-15 20:06:56.550 I/ShortcutsDataManager( 1917): AbstractContentDataManager.importContentData():288 importContentData() : Ending import process
06-15 20:06:56.566 D/CompatibilityChangeReporter(  517): Compat change id reported: 205907456; UID 10175; state: ENABLED
06-15 20:06:56.761 W/Parcel  (  744): Expecting binder but got null!
06-15 20:06:57.167 I/PersonalLanguageModelUpdater( 1917): PersonalLanguageModelUpdater$UpdateOperation.performInternal():162 run() : Added 0 words and 0 shortcuts
06-15 20:06:57.167 I/DynamicLanguageModelOperation( 1917): DynamicLanguageModelOperation.perform():41 perform() : 4 : cje : Completed
06-15 20:06:57.287 I/ShortcutsDataManager( 1917): AbstractContentDataManager$ImportContentTask.onPostExecute():259 onPostExecute() : Result = [2,0]
06-15 20:06:57.288 I/ShortcutsDataManager( 1917): ShortcutsDataManager.onImportFinished():80 onImportFinished() : Result = 2 : Count = 0
06-15 20:06:57.396 W/system_server(  517): Long monitor contention with owner binder:517_1F (1585) at com.android.server.wm.StartingSurfaceController$StartingSurface com.android.server.wm.StartingSurfaceController.createSplashScreenStartingSurface(com.android.server.wm.ActivityRecord, int)(StartingSurfaceController.java:87) waiters=0 in android.content.res.CompatibilityInfo com.android.server.wm.ActivityTaskManagerService$LocalService.compatibilityInfoForPackage(android.content.pm.ApplicationInfo) for 1.834s
06-15 20:06:57.401 W/ActivityManager(  517): Slow operation: 1840ms so far, now at attachApplicationLocked: immediately before bindApplication
06-15 20:06:57.404 W/system_server(  517): Long monitor contention with owner binder:517_1F (1585) at com.android.server.wm.StartingSurfaceController$StartingSurface com.android.server.wm.StartingSurfaceController.createSplashScreenStartingSurface(com.android.server.wm.ActivityRecord, int)(StartingSurfaceController.java:87) waiters=1 in void com.android.server.wm.RootWindowContainer$RankTaskLayersRunnable.run() for 1.013s
06-15 20:06:57.434 W/system_server(  517): Long monitor contention with owner binder:517_1F (1585) at com.android.server.wm.StartingSurfaceController$StartingSurface com.android.server.wm.StartingSurfaceController.createSplashScreenStartingSurface(com.android.server.wm.ActivityRecord, int)(StartingSurfaceController.java:87) waiters=3 in void com.android.server.wm.ActivityClientController.activityTopResumedStateLost() for 869ms
06-15 20:06:57.437 W/system_server(  517): Long monitor contention with owner binder:517_1F (1585) at com.android.server.wm.StartingSurfaceController$StartingSurface com.android.server.wm.StartingSurfaceController.createSplashScreenStartingSurface(com.android.server.wm.ActivityRecord, int)(StartingSurfaceController.java:87) waiters=4 in int com.android.server.wm.WindowManagerService.addWindow(com.android.server.wm.Session, android.view.IWindow, android.view.WindowManager$LayoutParams, int, int, int, android.view.InsetsVisibilities, android.view.InputChannel, android.view.InsetsState, android.view.InsetsSourceControl[], android.graphics.Rect, float[]) for 675ms
06-15 20:06:57.442 D/CompatibilityChangeReporter(  517): Compat change id reported: 168419799; UID 10175; state: DISABLED
06-15 20:06:57.447 D/CompatibilityChangeReporter(  517): Compat change id reported: 273564678; UID 10175; state: DISABLED
06-15 20:06:57.741 W/ActivityManager(  517): Slow operation: 2179ms so far, now at attachApplicationLocked: immediately after bindApplication
06-15 20:06:57.741 W/ActivityManager(  517): Slow operation: 2180ms so far, now at attachApplicationLocked: after updateLruProcessLocked
06-15 20:06:57.747 D/CoreBackPreview(  517): Window{41e0310 u0 Splash Screen com.deepeye.musicpro}: Setting back callback OnBackInvokedCallbackInfo{mCallback=android.window.IOnBackInvokedCallback$Stub$Proxy@6bdd1c5, mPriority=0}
06-15 20:06:57.881 I/A       ( 2153): Checking for device compliance...
06-15 20:06:57.881 I/A       ( 2153): Feature is disabled!
06-15 20:06:57.882 I/A       ( 2153): Completed library init.
06-15 20:06:57.930 D/CompatibilityChangeReporter(  517): Compat change id reported: 218533173; UID 10105; state: ENABLED
06-15 20:06:57.973 W/Looper  (  517): Slow delivery took 243ms android.ui h=com.android.server.wm.DisplayPolicy$PolicyHandler c=com.android.server.wm.DisplayPolicy$2$$ExternalSyntheticLambda0@2e5ad4 m=0
06-15 20:06:58.166 W/ActivityManager(  517): Slow operation: 2605ms so far, now at attachApplicationLocked: after mServices.attachApplicationLocked
06-15 20:06:58.172 W/system_server(  517): Long monitor contention with owner binder:517_7 (839) at void com.android.server.am.ActivityManagerService.attachApplication(android.app.IApplicationThread, long)(ActivityManagerService.java:5077) waiters=2 in int com.android.server.am.ActivityManagerService.broadcastIntentWithFeature(android.app.IApplicationThread, java.lang.String, android.content.Intent, java.lang.String, android.content.IIntentReceiver, int, java.lang.String, android.os.Bundle, java.lang.String[], java.lang.String[], java.lang.String[], int, android.os.Bundle, boolean, boolean, int) for 2.609s
06-15 20:06:58.174 W/system_server(  517): Long monitor contention with owner binder:517_7 (839) at void com.android.server.am.ActivityManagerService.attachApplication(android.app.IApplicationThread, long)(ActivityManagerService.java:5077) waiters=3 in void com.android.server.am.BroadcastQueue.processNextBroadcast(boolean) for 2.611s
06-15 20:06:58.175 W/system_server(  517): Long monitor contention with owner binder:517_7 (839) at void com.android.server.am.ActivityManagerService.attachApplication(android.app.IApplicationThread, long)(ActivityManagerService.java:5077) waiters=4 in void com.android.server.am.ContentProviderHelper.publishContentProviders(android.app.IApplicationThread, java.util.List) for 2.362s
06-15 20:06:58.176 W/system_server(  517): Long monitor contention with owner binder:517_7 (839) at void com.android.server.am.ActivityManagerService.attachApplication(android.app.IApplicationThread, long)(ActivityManagerService.java:5077) waiters=8 in android.app.ContentProviderHolder com.android.server.am.ContentProviderHelper.getContentProviderImpl(android.app.IApplicationThread, java.lang.String, android.os.IBinder, int, java.lang.String, java.lang.String, boolean, int) for 1.757s
06-15 20:06:58.179 D/StorageManagerService(  517): Volume emulated;0 broadcasting mounted to UserHandle{0}
06-15 20:06:58.212 D/CompatibilityChangeReporter( 2616): Compat change id reported: 171979766; UID 10117; state: ENABLED
06-15 20:06:58.405 W/Looper  (  517): Slow dispatch took 431ms android.ui h=com.android.server.am.ActivityManagerService$UiHandler c=com.android.server.am.UidObserverController$$ExternalSyntheticLambda0@fdc41c4 m=0
06-15 20:06:58.544 W/ActivityManager(  517): Slow operation: 356ms so far, now at attachApplicationLocked: after mServices.attachApplicationLocked
06-15 20:06:58.553 D/CompatibilityChangeReporter(  517): Compat change id reported: 168419799; UID 10120; state: DISABLED
06-15 20:06:58.554 D/CompatibilityChangeReporter(  517): Compat change id reported: 273564678; UID 10120; state: DISABLED
06-15 20:06:58.583 D/CompatibilityChangeReporter( 2627): Compat change id reported: 171979766; UID 10113; state: ENABLED
06-15 20:06:58.991 W/ActivityManager(  517): Slow operation: 445ms so far, now at attachApplicationLocked: after mServices.attachApplicationLocked
06-15 20:06:59.002 D/CompatibilityChangeReporter( 2593): Compat change id reported: 171979766; UID 10120; state: ENABLED
06-15 20:06:59.028 W/System  (  744): ClassLoader referenced unknown path: 
06-15 20:06:59.028 D/nativeloader(  744): Configuring classloader-namespace for other apk . target_sdk_version=34, uses_libraries=, library_path=/data/app/~~qXZEehRbCIvq6BZOSsnAyg==/com.deepeye.musicpro-nSpntdjg4QwGhvlHSgIkuw==/lib/x86_64:/data/app/~~qXZEehRbCIvq6BZOSsnAyg==/com.deepeye.musicpro-nSpntdjg4QwGhvlHSgIkuw==/base.apk!/lib/x86_64, permitted_path=/data:/mnt/expand
06-15 20:06:59.029 D/CompatibilityChangeReporter(  517): Compat change id reported: 218533173; UID 10003; state: ENABLED
06-15 20:06:59.034 D/SplashScreenView(  744): Build android.window.SplashScreenView{1c46f87 V.E...... ......ID 0,0-0,0}
06-15 20:06:59.034 D/SplashScreenView(  744): Icon: view: android.widget.ImageView{408ceb4 V.ED..... ......I. 0,0-0,0 #10204dd android:id/splashscreen_icon_view} drawable: com.android.wm.shell.startingsurface.SplashscreenIconDrawableFactory$ImmobileIconDrawable@9f30add size: 160
06-15 20:06:59.034 D/SplashScreenView(  744): Branding: view: android.view.View{db92652 G.ED..... ......I. 0,0-0,0 #10204dc android:id/splashscreen_branding_view} drawable: null size w: 0 h: 0
06-15 20:06:59.036 I/Choreographer(  744): Skipped 135 frames!  The application may be doing too much work on its main thread.
06-15 20:06:59.087 D/nativeloader( 2627): Configuring classloader-namespace for other apk /system/framework/org.apache.http.legacy.jar. target_sdk_version=33, uses_libraries=ALL, library_path=/product/priv-app/WellbeingPrebuilt/lib/x86_64, permitted_path=/data:/mnt/expand:/data/user/0/com.google.android.apps.wellbeing
06-15 20:06:59.267 I/wpa_supplicant(  723): wlan0: CTRL-EVENT-BEACON-LOSS 
06-15 20:06:59.320 D/EGL_emulation( 1158): app_time_stats: avg=8409.40ms min=8409.40ms max=8409.40ms count=1
06-15 20:06:59.695 D/nativeloader( 2627): Configuring classloader-namespace for other apk /system_ext/framework/androidx.window.extensions.jar. target_sdk_version=33, uses_libraries=ALL, library_path=/product/priv-app/WellbeingPrebuilt/lib/x86_64, permitted_path=/data:/mnt/expand:/data/user/0/com.google.android.apps.wellbeing
06-15 20:06:59.697 D/nativeloader( 2627): Configuring classloader-namespace for other apk /system_ext/framework/androidx.window.sidecar.jar. target_sdk_version=33, uses_libraries=ALL, library_path=/product/priv-app/WellbeingPrebuilt/lib/x86_64, permitted_path=/data:/mnt/expand:/data/user/0/com.google.android.apps.wellbeing
06-15 20:06:59.770 D/nativeloader( 2627): Configuring vendor-classloader-namespace for unbundled product apk /product/priv-app/WellbeingPrebuilt/WellbeingPrebuilt.apk. target_sdk_version=33, uses_libraries=, library_path=/product/priv-app/WellbeingPrebuilt/lib/x86_64:/product/lib64:/system/product/lib64, permitted_path=/data:/mnt/expand:/data/user/0/com.google.android.apps.wellbeing:/product/lib64:/system/product/lib64
06-15 20:06:59.878 D/libEGL  (  744): loaded /vendor/lib64/egl/libEGL_emulation.so
06-15 20:06:59.912 I/resolv  (  275): res_nsend: used send_dg 0 terrno: 110
06-15 20:06:59.937 D/nativeloader( 2616): Configuring vendor-classloader-namespace for unbundled product apk /product/priv-app/DevicePersonalizationPrebuiltPixel2021/DevicePersonalizationPrebuiltPixel2021.apk. target_sdk_version=33, uses_libraries=, library_path=/product/priv-app/DevicePersonalizationPrebuiltPixel2021/lib/x86_64:/product/priv-app/DevicePersonalizationPrebuiltPixel2021/DevicePersonalizationPrebuiltPixel2021.apk!/lib/x86_64:/product/lib64:/system/product/lib64, permitted_path=/data:/mnt/expand:/data/user/0/com.google.android.as:/product/lib64:/system/product/lib64
--------- beginning of kernel
06-15 20:07:00.313 I/binder  (    0): undelivered TRANSACTION_COMPLETE
06-15 20:06:59.963 W/system_server(  517): Long monitor contention with owner PackageManager (581) at void com.android.server.pm.AppsFilterImpl.recomputeComponentVisibility(android.util.ArrayMap)(AppsFilterImpl.java:880) waiters=1 in void com.android.server.pm.AppsFilterSnapshotImpl.<init>(com.android.server.pm.AppsFilterImpl) for 961ms
06-15 20:07:00.139 W/ActivityManager(  517): Slow operation: 176ms so far, now at startProcess: done creating new process record
06-15 20:07:00.140 W/ActivityManager(  517): Slow operation: 177ms so far, now at startProcess: stepping in to startProcess
06-15 20:07:00.154 D/CompatibilityChangeReporter(  517): Compat change id reported: 177438394; UID 10125; state: DISABLED
06-15 20:07:00.155 D/CompatibilityChangeReporter(  517): Compat change id reported: 135772972; UID 10125; state: DISABLED
06-15 20:07:00.155 D/CompatibilityChangeReporter(  517): Compat change id reported: 135754954; UID 10125; state: ENABLED
06-15 20:07:00.157 D/CompatibilityChangeReporter(  517): Compat change id reported: 143937733; UID 10125; state: ENABLED
06-15 20:07:00.163 W/ActivityManager(  517): Slow operation: 200ms so far, now at startProcess: done starting proc!
06-15 20:07:00.190 D/Zygote  (  276): Forked child process 2677
06-15 20:07:00.191 D/OomAdjuster(  517): Not killing cached processes
06-15 20:07:00.192 W/Looper  (  517): Drained
06-15 20:07:00.196 D/CompatibilityChangeReporter(  517): Compat change id reported: 135634846; UID 10175; state: DISABLED
06-15 20:07:00.203 W/ActivityManager(  517): Slow operation: 52ms so far, now at startProcess: returned from zygote!
06-15 20:07:00.236 W/ActivityManager(  517): Unable to launch app com.google.android.gms/10120 for provider com.google.android.chimera;com.google.android.gms.chimera: launching app became null
06-15 20:07:00.237 E/ActivityThread( 1917): Failed to find provider info for com.google.android.gms.chimera
06-15 20:07:00.237 W/DynamiteModule( 1917): Failed to retrieve remote module version.
06-15 20:07:00.238 W/ActivityManager(  517): Unable to launch app com.google.android.gms/10120 for provider com.google.android.chimera;com.google.android.gms.chimera: launching app became null
06-15 20:07:00.238 I/ActivityManager(  517): Killing 2153:com.google.android.googlequicksearchbox:interactor/u0a119 (adj 0): depends on provider com.google.android.gms/.chimera.container.GmsModuleProvider in dying proc com.google.android.gms.persistent (adj 0)
06-15 20:07:00.239 I/ActivityManager(  517): Killing 1917:com.google.android.inputmethod.latin/u0a133 (adj 200): depends on provider com.google.android.gms/.chimera.container.GmsModuleProvider in dying proc com.google.android.gms.persistent (adj 0)
06-15 20:07:00.243 W/ActivityManager(  517): Unable to launch app com.google.android.gms/10120 for provider com.google.android.gms.phenotype: launching app became null
06-15 20:07:00.243 W/ActivityManager(  517): Unable to launch app com.google.android.gms/10120 for provider com.google.android.gms.phenotype: launching app became null
06-15 20:07:00.244 E/ActivityThread( 2321): Failed to find provider info for com.google.android.gms.phenotype
06-15 20:07:00.273 I/ActivityManager(  517): Killing 2532:com.google.android.gms.persistent/u0a120 (adj 0): timeout publishing content providers
06-15 20:07:00.335 W/system_server(  517): Long monitor contention with owner main (517) at void com.android.server.job.controllers.QuotaController$Timer.stopTrackingJob(com.android.server.job.controllers.JobStatus)(QuotaController.java:2173) waiters=0 in void com.android.server.job.JobStore$1.run() for 3.716s
06-15 20:07:00.317 I/binder  (    0): undelivered transaction 63251, process died.
06-15 20:07:00.447 I/binder  (    0): undelivered transaction 63237, process died.
06-15 20:07:00.362 I/Zygote  (  276): Process 1917 exited due to signal 9 (Killed)
06-15 20:07:00.362 W/Looper  (  517): Slow dispatch took 4851ms main h=android.app.ActivityThread$H c=android.app.LoadedApk$ServiceDispatcher$RunConnection@faf956e m=0
06-15 20:07:00.486 I/WindowManager(  517): WIN DEATH: Window{35f44e3 u0 InputMethod}
06-15 20:07:00.487 W/InputManager-JNI(  517): Input channel object '35f44e3 InputMethod (client)' was disposed without first being removed with the input manager!
06-15 20:07:00.496 D/libEGL  (  744): loaded /vendor/lib64/egl/libGLESv1_CM_emulation.so
06-15 20:07:00.528 W/TransactionTracing(  372): Could not find layer handle 0x7f5110620730
06-15 20:07:00.553 W/ActivityManager(  517): Scheduling restart of crashed service com.google.android.gms/.chimera.PersistentDirectBootAwareApiService in 1000ms for connection
06-15 20:07:00.561 W/ActivityManager(  517): Scheduling restart of crashed service com.google.android.gms/.auth.account.authenticator.GoogleAccountAuthenticatorService in 160012ms for connection
06-15 20:07:00.564 W/ActivityManager(  517): Scheduling restart of crashed service com.google.android.gms/com.google.android.location.settings.DrivingConditionProvider in 239592ms for connection
