06-04 03:48:39.954 W/McpService( 4031): updatePlaybackState state PlaybackState {state=PAUSED(2), position=1276919, buffered position=0, speed=1.0, updated=256414354, actions=8615, custom actions=[], active item id=-1, error=null}
06-04 03:48:39.954 W/Avrcp_ext( 4031): updated player state = PlaybackState {state=PAUSED(2), position=1276919, buffered position=0, speed=1.0, updated=256414354, actions=8615, custom actions=[], active item id=-1, error=null}to MCP module also
06-04 03:48:39.957 V/Avrcp_ext( 4031): updateCurrentMediaState: mMediaController: MediaController (com.google.android.youtube@cdfd85) Real Truth of Godi Media | Paper Leak उद्योग भूलना मत | Reply to All | Abhinay Sharma, Abhinay Maths, Abhinay Maths
06-04 03:48:39.958 D/Avrcp_ext( 4031): isMusicActive = false mAudioPlaybackIsActive = false player state = PlaybackState {state=PAUSED(2), position=1276919, buffered position=0, speed=1.0, updated=256414354, actions=8615, custom actions=[], active item id=-1, error=null}
06-04 03:48:39.963 V/Avrcp_ext( 4031): updatePlaybackState, state: PlaybackState {state=PAUSED(2), position=1276919, buffered position=0, speed=1.0, updated=256414354, actions=8615, custom actions=[], active item id=-1, error=null} device: null
06-04 03:48:39.964 V/Avrcp_ext( 4031): updatePlayerStateAndPosition, old=PlaybackState {state=PAUSED(2), position=1276919, buffered position=0, speed=1.0, updated=256414354, actions=8615, custom actions=[], active item id=-1, error=null}, state=PlaybackState {state=PAUSED(2), position=1276919, buffered position=0, speed=1.0, updated=256414354, actions=8615, custom actions=[], active item id=-1, error=null}
06-04 03:48:39.964 V/Avrcp_ext( 4031): old state = PlaybackState {state=PAUSED(2), position=1276919, buffered position=0, speed=1.0, updated=256414354, actions=8615, custom actions=[], active item id=-1, error=null}, new state= PlaybackState {state=PAUSED(2), position=1276919, buffered position=0, speed=1.0, updated=256414354, actions=8615, custom actions=[], active item id=-1, error=null}
06-04 03:48:39.965 V/Avrcp_ext( 4031): updatePlaybackState (1): old=PlaybackState {state=PAUSED(2), position=1276919, buffered position=0, speed=1.0, updated=256414354, actions=8615, custom actions=[], active item id=-1, error=null}(2), new=PlaybackState {state=PAUSED(2), position=1276919, buffered position=0, speed=1.0, updated=256414354, actions=8615, custom actions=[], active item id=-1, error=null}(2)
06-04 03:48:39.965 V/Avrcp_ext( 4031): updatePlaybackState (1): old=PlaybackState {state=PAUSED(2), position=1276919, buffered position=0, speed=1.0, updated=256414354, actions=8615, custom actions=[], active item id=-1, error=null}(2), new=PlaybackState {state=PAUSED(2), position=1276919, buffered position=0, speed=1.0, updated=256414354, actions=8615, custom actions=[], active item id=-1, error=null}(2)
06-04 03:48:39.965 V/Avrcp_ext( 4031): updatePlaybackState (1): old=PlaybackState {state=PAUSED(2), position=1276919, buffered position=0, speed=1.0, updated=256414354, actions=8615, custom actions=[], active item id=-1, error=null}(2), new=PlaybackState {state=PAUSED(2), position=1276919, buffered position=0, speed=1.0, updated=256414354, actions=8615, custom actions=[], active item id=-1, error=null}(2)
06-04 03:48:39.965 V/Avrcp_ext( 4031): updatePlaybackState (1): old=PlaybackState {state=PAUSED(2), position=1276919, buffered position=0, speed=1.0, updated=256414354, actions=8615, custom actions=[], active item id=-1, error=null}(2), new=PlaybackState {state=PAUSED(2), position=1276919, buffered position=0, speed=1.0, updated=256414354, actions=8615, custom actions=[], active item id=-1, error=null}(2)
06-04 03:48:39.966 V/Avrcp_ext( 4031): updatePlaybackState (1): old=PlaybackState {state=PAUSED(2), position=1276919, buffered position=0, speed=1.0, updated=256414354, actions=8615, custom actions=[], active item id=-1, error=null}(2), new=PlaybackState {state=PAUSED(2), position=1276919, buffered position=0, speed=1.0, updated=256414354, actions=8615, custom actions=[], active item id=-1, error=null}(2)
06-04 03:48:39.967 W/McpService( 4031): updatePlaybackState state PlaybackState {state=PAUSED(2), position=1276919, buffered position=0, speed=1.0, updated=256414354, actions=8615, custom actions=[], active item id=-1, error=null}
06-04 03:48:39.967 W/Avrcp_ext( 4031): updated player state = PlaybackState {state=PAUSED(2), position=1276919, buffered position=0, speed=1.0, updated=256414354, actions=8615, custom actions=[], active item id=-1, error=null}to MCP module also
06-04 03:48:39.971 V/Avrcp_ext( 4031): ActiveSession: MediaController (com.google.android.youtube@f8ae32c) Real Truth of Godi Media | Paper Leak उद्योग भूलना मत | Reply to All | Abhinay Sharma, Abhinay Maths, Abhinay Maths
06-04 03:48:39.974 D/Avrcp_ext( 4031): update #2:MediaPlayerInfo com.google.android.youtube (as 'YouTube') Type = 1, SubType = 0, Status = 2 Feature Bits [40 41 42 44 45 47 48 58] Controller: MediaController (com.google.android.youtube@f8ae32c) Real Truth of Godi Media | Paper Leak उद्योग भूलना मत | Reply to All | Abhinay Sharma, Abhinay Maths, Abhinay Maths
06-04 03:48:39.979 D/Avrcp_ext( 4031): updateCurrentController: MediaController (com.google.android.youtube@cdfd85) Real Truth of Godi Media | Paper Leak उद्योग भूलना मत | Reply to All | Abhinay Sharma, Abhinay Maths, Abhinay Maths to MediaController (com.google.android.youtube@f8ae32c) Real Truth of Godi Media | Paper Leak उद्योग भूलना मत | Reply to All | Abhinay Sharma, Abhinay Maths, Abhinay Maths
06-04 03:48:39.983 V/Avrcp_ext( 4031): updateCurrentMediaState: mMediaController: MediaController (com.google.android.youtube@f8ae32c) Real Truth of Godi Media | Paper Leak उद्योग भूलना मत | Reply to All | Abhinay Sharma, Abhinay Maths, Abhinay Maths
06-04 03:48:39.983 D/Avrcp_ext( 4031): isMusicActive = false mAudioPlaybackIsActive = false player state = PlaybackState {state=PAUSED(2), position=1276919, buffered position=0, speed=1.0, updated=256414354, actions=8615, custom actions=[], active item id=-1, error=null}
06-04 03:48:39.991 V/Avrcp_ext( 4031): updatePlaybackState, state: PlaybackState {state=PAUSED(2), position=1276919, buffered position=0, speed=1.0, updated=256414354, actions=8615, custom actions=[], active item id=-1, error=null} device: null
06-04 03:48:39.992 V/Avrcp_ext( 4031): updatePlayerStateAndPosition, old=PlaybackState {state=PAUSED(2), position=1276919, buffered position=0, speed=1.0, updated=256414354, actions=8615, custom actions=[], active item id=-1, error=null}, state=PlaybackState {state=PAUSED(2), position=1276919, buffered position=0, speed=1.0, updated=256414354, actions=8615, custom actions=[], active item id=-1, error=null}
06-04 03:48:39.992 V/Avrcp_ext( 4031): old state = PlaybackState {state=PAUSED(2), position=1276919, buffered position=0, speed=1.0, updated=256414354, actions=8615, custom actions=[], active item id=-1, error=null}, new state= PlaybackState {state=PAUSED(2), position=1276919, buffered position=0, speed=1.0, updated=256414354, actions=8615, custom actions=[], active item id=-1, error=null}
06-04 03:48:39.992 V/Avrcp_ext( 4031): updatePlaybackState (1): old=PlaybackState {state=PAUSED(2), position=1276919, buffered position=0, speed=1.0, updated=256414354, actions=8615, custom actions=[], active item id=-1, error=null}(2), new=PlaybackState {state=PAUSED(2), position=1276919, buffered position=0, speed=1.0, updated=256414354, actions=8615, custom actions=[], active item id=-1, error=null}(2)
06-04 03:48:39.993 V/Avrcp_ext( 4031): updatePlaybackState (1): old=PlaybackState {state=PAUSED(2), position=1276919, buffered position=0, speed=1.0, updated=256414354, actions=8615, custom actions=[], active item id=-1, error=null}(2), new=PlaybackState {state=PAUSED(2), position=1276919, buffered position=0, speed=1.0, updated=256414354, actions=8615, custom actions=[], active item id=-1, error=null}(2)
06-04 03:48:39.994 V/Avrcp_ext( 4031): updatePlaybackState (1): old=PlaybackState {state=PAUSED(2), position=1276919, buffered position=0, speed=1.0, updated=256414354, actions=8615, custom actions=[], active item id=-1, error=null}(2), new=PlaybackState {state=PAUSED(2), position=1276919, buffered position=0, speed=1.0, updated=256414354, actions=8615, custom actions=[], active item id=-1, error=null}(2)
06-04 03:48:39.994 V/Avrcp_ext( 4031): updatePlaybackState (1): old=PlaybackState {state=PAUSED(2), position=1276919, buffered position=0, speed=1.0, updated=256414354, actions=8615, custom actions=[], active item id=-1, error=null}(2), new=PlaybackState {state=PAUSED(2), position=1276919, buffered position=0, speed=1.0, updated=256414354, actions=8615, custom actions=[], active item id=-1, error=null}(2)
06-04 03:48:39.995 V/Avrcp_ext( 4031): updatePlaybackState (1): old=PlaybackState {state=PAUSED(2), position=1276919, buffered position=0, speed=1.0, updated=256414354, actions=8615, custom actions=[], active item id=-1, error=null}(2), new=PlaybackState {state=PAUSED(2), position=1276919, buffered position=0, speed=1.0, updated=256414354, actions=8615, custom actions=[], active item id=-1, error=null}(2)
06-04 03:48:39.996 W/McpService( 4031): updatePlaybackState state PlaybackState {state=PAUSED(2), position=1276919, buffered position=0, speed=1.0, updated=256414354, actions=8615, custom actions=[], active item id=-1, error=null}
06-04 03:48:39.996 W/Avrcp_ext( 4031): updated player state = PlaybackState {state=PAUSED(2), position=1276919, buffered position=0, speed=1.0, updated=256414354, actions=8615, custom actions=[], active item id=-1, error=null}to MCP module also
06-04 03:48:40.000 V/Avrcp_ext( 4031): updateCurrentMediaState: mMediaController: MediaController (com.google.android.youtube@f8ae32c) Real Truth of Godi Media | Paper Leak उद्योग भूलना मत | Reply to All | Abhinay Sharma, Abhinay Maths, Abhinay Maths
06-04 03:48:40.001 D/Avrcp_ext( 4031): isMusicActive = false mAudioPlaybackIsActive = false player state = PlaybackState {state=PAUSED(2), position=1276919, buffered position=0, speed=1.0, updated=256414354, actions=8615, custom actions=[], active item id=-1, error=null}
06-04 03:48:40.007 V/Avrcp_ext( 4031): updatePlaybackState, state: PlaybackState {state=PAUSED(2), position=1276919, buffered position=0, speed=1.0, updated=256414354, actions=8615, custom actions=[], active item id=-1, error=null} device: null
06-04 03:48:40.007 V/Avrcp_ext( 4031): updatePlayerStateAndPosition, old=PlaybackState {state=PAUSED(2), position=1276919, buffered position=0, speed=1.0, updated=256414354, actions=8615, custom actions=[], active item id=-1, error=null}, state=PlaybackState {state=PAUSED(2), position=1276919, buffered position=0, speed=1.0, updated=256414354, actions=8615, custom actions=[], active item id=-1, error=null}
06-04 03:48:40.007 V/Avrcp_ext( 4031): old state = PlaybackState {state=PAUSED(2), position=1276919, buffered position=0, speed=1.0, updated=256414354, actions=8615, custom actions=[], active item id=-1, error=null}, new state= PlaybackState {state=PAUSED(2), position=1276919, buffered position=0, speed=1.0, updated=256414354, actions=8615, custom actions=[], active item id=-1, error=null}
06-04 03:48:40.007 V/Avrcp_ext( 4031): updatePlaybackState (1): old=PlaybackState {state=PAUSED(2), position=1276919, buffered position=0, speed=1.0, updated=256414354, actions=8615, custom actions=[], active item id=-1, error=null}(2), new=PlaybackState {state=PAUSED(2), position=1276919, buffered position=0, speed=1.0, updated=256414354, actions=8615, custom actions=[], active item id=-1, error=null}(2)
06-04 03:48:40.007 V/Avrcp_ext( 4031): updatePlaybackState (1): old=PlaybackState {state=PAUSED(2), position=1276919, buffered position=0, speed=1.0, updated=256414354, actions=8615, custom actions=[], active item id=-1, error=null}(2), new=PlaybackState {state=PAUSED(2), position=1276919, buffered position=0, speed=1.0, updated=256414354, actions=8615, custom actions=[], active item id=-1, error=null}(2)
06-04 03:48:40.007 V/Avrcp_ext( 4031): updatePlaybackState (1): old=PlaybackState {state=PAUSED(2), position=1276919, buffered position=0, speed=1.0, updated=256414354, actions=8615, custom actions=[], active item id=-1, error=null}(2), new=PlaybackState {state=PAUSED(2), position=1276919, buffered position=0, speed=1.0, updated=256414354, actions=8615, custom actions=[], active item id=-1, error=null}(2)
06-04 03:48:40.008 V/Avrcp_ext( 4031): updatePlaybackState (1): old=PlaybackState {state=PAUSED(2), position=1276919, buffered position=0, speed=1.0, updated=256414354, actions=8615, custom actions=[], active item id=-1, error=null}(2), new=PlaybackState {state=PAUSED(2), position=1276919, buffered position=0, speed=1.0, updated=256414354, actions=8615, custom actions=[], active item id=-1, error=null}(2)
06-04 03:48:40.008 V/Avrcp_ext( 4031): updatePlaybackState (1): old=PlaybackState {state=PAUSED(2), position=1276919, buffered position=0, speed=1.0, updated=256414354, actions=8615, custom actions=[], active item id=-1, error=null}(2), new=PlaybackState {state=PAUSED(2), position=1276919, buffered position=0, speed=1.0, updated=256414354, actions=8615, custom actions=[], active item id=-1, error=null}(2)
06-04 03:48:40.008 W/McpService( 4031): updatePlaybackState state PlaybackState {state=PAUSED(2), position=1276919, buffered position=0, speed=1.0, updated=256414354, actions=8615, custom actions=[], active item id=-1, error=null}
06-04 03:48:40.008 W/Avrcp_ext( 4031): updated player state = PlaybackState {state=PAUSED(2), position=1276919, buffered position=0, speed=1.0, updated=256414354, actions=8615, custom actions=[], active item id=-1, error=null}to MCP module also
06-04 03:48:40.011 D/Avrcp_ext( 4031): updateCurrentController: MediaController (com.google.android.youtube@f8ae32c) Real Truth of Godi Media | Paper Leak उद्योग भूलना मत | Reply to All | Abhinay Sharma, Abhinay Maths, Abhinay Maths to MediaController (com.deepeye.musicpro.debug@5b4c57e) null, null, null
06-04 03:48:40.014 D/Avrcp_ext( 4031): isMusicActive = false mAudioPlaybackIsActive = false player state = PlaybackState {state=PLAYING(3), position=0, buffered position=0, speed=1.0, updated=266222929, actions=7339703, custom actions=[], active item id=0, error=null}
06-04 03:48:40.015 V/Avrcp_ext( 4031): updatePlaybackState, state: PlaybackState {state=PLAYING(3), position=0, buffered position=0, speed=1.0, updated=266222929, actions=7339703, custom actions=[], active item id=0, error=null} device: null
06-04 03:48:40.015 V/Avrcp_ext( 4031): updatePlayerStateAndPosition, old=PlaybackState {state=PAUSED(2), position=1276919, buffered position=0, speed=1.0, updated=256414354, actions=8615, custom actions=[], active item id=-1, error=null}, state=PlaybackState {state=PLAYING(3), position=0, buffered position=0, speed=1.0, updated=266222929, actions=7339703, custom actions=[], active item id=0, error=null}
06-04 03:48:40.015 V/Avrcp_ext( 4031): old state = PlaybackState {state=PAUSED(2), position=1276919, buffered position=0, speed=1.0, updated=256414354, actions=8615, custom actions=[], active item id=-1, error=null}, new state= PlaybackState {state=PLAYING(3), position=0, buffered position=0, speed=1.0, updated=266222929, actions=7339703, custom actions=[], active item id=0, error=null}
06-04 03:48:40.019 W/McpService( 4031): updatePlaybackState state PlaybackState {state=PLAYING(3), position=0, buffered position=0, speed=1.0, updated=266222929, actions=7339703, custom actions=[], active item id=0, error=null}
06-04 03:48:40.019 W/Avrcp_ext( 4031): updated player state = PlaybackState {state=PLAYING(3), position=0, buffered position=0, speed=1.0, updated=266222929, actions=7339703, custom actions=[], active item id=0, error=null}to MCP module also
06-04 03:48:40.020 D/Avrcp_ext( 4031): isMusicActive = false mAudioPlaybackIsActive = false player state = PlaybackState {state=PLAYING(3), position=0, buffered position=0, speed=1.0, updated=266222935, actions=7339703, custom actions=[], active item id=0, error=null}
06-04 03:48:40.020 V/Avrcp_ext( 4031): updatePlaybackState, state: PlaybackState {state=PLAYING(3), position=0, buffered position=0, speed=1.0, updated=266222935, actions=7339703, custom actions=[], active item id=0, error=null} device: null
06-04 03:48:40.020 V/Avrcp_ext( 4031): updatePlayerStateAndPosition, old=PlaybackState {state=PLAYING(3), position=0, buffered position=0, speed=1.0, updated=266222929, actions=7339703, custom actions=[], active item id=0, error=null}, state=PlaybackState {state=PLAYING(3), position=0, buffered position=0, speed=1.0, updated=266222935, actions=7339703, custom actions=[], active item id=0, error=null}
06-04 03:48:40.020 V/Avrcp_ext( 4031): old state = PlaybackState {state=PLAYING(3), position=0, buffered position=0, speed=1.0, updated=266222929, actions=7339703, custom actions=[], active item id=0, error=null}, new state= PlaybackState {state=PLAYING(3), position=0, buffered position=0, speed=1.0, updated=266222935, actions=7339703, custom actions=[], active item id=0, error=null}
06-04 03:48:40.021 W/McpService( 4031): updatePlaybackState state PlaybackState {state=PLAYING(3), position=0, buffered position=0, speed=1.0, updated=266222935, actions=7339703, custom actions=[], active item id=0, error=null}
06-04 03:48:40.021 W/Avrcp_ext( 4031): updated player state = PlaybackState {state=PLAYING(3), position=0, buffered position=0, speed=1.0, updated=266222935, actions=7339703, custom actions=[], active item id=0, error=null}to MCP module also
06-04 03:48:40.037 V/Avrcp_ext( 4031): onPlaybackStateChanged: state PlaybackState {state=PLAYING(3), position=0, buffered position=0, speed=1.0, updated=266222951, actions=7339703, custom actions=[], active item id=0, error=null}
06-04 03:48:40.037 W/McpService( 4031): updatePlaybackState state PlaybackState {state=PLAYING(3), position=0, buffered position=0, speed=1.0, updated=266222951, actions=7339703, custom actions=[], active item id=0, error=null}
06-04 03:48:40.039 D/Avrcp_ext( 4031): isMusicActive = false mAudioPlaybackIsActive = false player state = PlaybackState {state=PLAYING(3), position=0, buffered position=0, speed=1.0, updated=266222953, actions=7339703, custom actions=[], active item id=0, error=null}
06-04 03:48:40.040 V/Avrcp_ext( 4031): updatePlaybackState, state: PlaybackState {state=PLAYING(3), position=0, buffered position=0, speed=1.0, updated=266222953, actions=7339703, custom actions=[], active item id=0, error=null} device: null
06-04 03:48:40.040 V/Avrcp_ext( 4031): updatePlayerStateAndPosition, old=PlaybackState {state=PLAYING(3), position=0, buffered position=0, speed=1.0, updated=266222935, actions=7339703, custom actions=[], active item id=0, error=null}, state=PlaybackState {state=PLAYING(3), position=0, buffered position=0, speed=1.0, updated=266222953, actions=7339703, custom actions=[], active item id=0, error=null}
06-04 03:48:40.040 V/Avrcp_ext( 4031): old state = PlaybackState {state=PLAYING(3), position=0, buffered position=0, speed=1.0, updated=266222935, actions=7339703, custom actions=[], active item id=0, error=null}, new state= PlaybackState {state=PLAYING(3), position=0, buffered position=0, speed=1.0, updated=266222953, actions=7339703, custom actions=[], active item id=0, error=null}
06-04 03:48:40.044 W/McpService( 4031): updatePlaybackState state PlaybackState {state=PLAYING(3), position=0, buffered position=0, speed=1.0, updated=266222953, actions=7339703, custom actions=[], active item id=0, error=null}
06-04 03:48:40.044 W/Avrcp_ext( 4031): updated player state = PlaybackState {state=PLAYING(3), position=0, buffered position=0, speed=1.0, updated=266222953, actions=7339703, custom actions=[], active item id=0, error=null}to MCP module also
06-04 03:48:40.044 V/Avrcp_ext( 4031): onPlaybackStateChanged: state PlaybackState {state=PLAYING(3), position=0, buffered position=0, speed=1.0, updated=266222952, actions=7339703, custom actions=[], active item id=0, error=null}
06-04 03:48:40.044 W/McpService( 4031): updatePlaybackState state PlaybackState {state=PLAYING(3), position=0, buffered position=0, speed=1.0, updated=266222952, actions=7339703, custom actions=[], active item id=0, error=null}
06-04 03:48:40.046 D/Avrcp_ext( 4031): isMusicActive = false mAudioPlaybackIsActive = false player state = PlaybackState {state=PLAYING(3), position=0, buffered position=0, speed=1.0, updated=266222960, actions=7339703, custom actions=[], active item id=0, error=null}
06-04 03:48:40.047 V/Avrcp_ext( 4031): updatePlaybackState, state: PlaybackState {state=PLAYING(3), position=0, buffered position=0, speed=1.0, updated=266222960, actions=7339703, custom actions=[], active item id=0, error=null} device: null
06-04 03:48:40.047 V/Avrcp_ext( 4031): updatePlayerStateAndPosition, old=PlaybackState {state=PLAYING(3), position=0, buffered position=0, speed=1.0, updated=266222953, actions=7339703, custom actions=[], active item id=0, error=null}, state=PlaybackState {state=PLAYING(3), position=0, buffered position=0, speed=1.0, updated=266222960, actions=7339703, custom actions=[], active item id=0, error=null}
06-04 03:48:40.047 V/Avrcp_ext( 4031): old state = PlaybackState {state=PLAYING(3), position=0, buffered position=0, speed=1.0, updated=266222953, actions=7339703, custom actions=[], active item id=0, error=null}, new state= PlaybackState {state=PLAYING(3), position=0, buffered position=0, speed=1.0, updated=266222960, actions=7339703, custom actions=[], active item id=0, error=null}
06-04 03:48:40.051 W/McpService( 4031): updatePlaybackState state PlaybackState {state=PLAYING(3), position=0, buffered position=0, speed=1.0, updated=266222960, actions=7339703, custom actions=[], active item id=0, error=null}
06-04 03:48:40.051 W/Avrcp_ext( 4031): updated player state = PlaybackState {state=PLAYING(3), position=0, buffered position=0, speed=1.0, updated=266222960, actions=7339703, custom actions=[], active item id=0, error=null}to MCP module also
06-04 03:48:40.051 V/Avrcp_ext( 4031): onPlaybackStateChanged: state PlaybackState {state=PLAYING(3), position=0, buffered position=0, speed=1.0, updated=266222952, actions=7339703, custom actions=[], active item id=0, error=null}
06-04 03:48:40.051 W/McpService( 4031): updatePlaybackState state PlaybackState {state=PLAYING(3), position=0, buffered position=0, speed=1.0, updated=266222952, actions=7339703, custom actions=[], active item id=0, error=null}
06-04 03:48:40.052 D/Avrcp_ext( 4031): isMusicActive = false mAudioPlaybackIsActive = false player state = PlaybackState {state=PLAYING(3), position=0, buffered position=0, speed=1.0, updated=266222967, actions=7339703, custom actions=[], active item id=0, error=null}
06-04 03:48:40.053 V/Avrcp_ext( 4031): updatePlaybackState, state: PlaybackState {state=PLAYING(3), position=0, buffered position=0, speed=1.0, updated=266222967, actions=7339703, custom actions=[], active item id=0, error=null} device: null
06-04 03:48:40.053 V/Avrcp_ext( 4031): updatePlayerStateAndPosition, old=PlaybackState {state=PLAYING(3), position=0, buffered position=0, speed=1.0, updated=266222960, actions=7339703, custom actions=[], active item id=0, error=null}, state=PlaybackState {state=PLAYING(3), position=0, buffered position=0, speed=1.0, updated=266222967, actions=7339703, custom actions=[], active item id=0, error=null}
06-04 03:48:40.053 V/Avrcp_ext( 4031): old state = PlaybackState {state=PLAYING(3), position=0, buffered position=0, speed=1.0, updated=266222960, actions=7339703, custom actions=[], active item id=0, error=null}, new state= PlaybackState {state=PLAYING(3), position=0, buffered position=0, speed=1.0, updated=266222967, actions=7339703, custom actions=[], active item id=0, error=null}
06-04 03:48:40.057 W/McpService( 4031): updatePlaybackState state PlaybackState {state=PLAYING(3), position=0, buffered position=0, speed=1.0, updated=266222967, actions=7339703, custom actions=[], active item id=0, error=null}
06-04 03:48:40.057 W/Avrcp_ext( 4031): updated player state = PlaybackState {state=PLAYING(3), position=0, buffered position=0, speed=1.0, updated=266222967, actions=7339703, custom actions=[], active item id=0, error=null}to MCP module also
06-04 03:48:40.060 D/Avrcp_ext( 4031): isMusicActive = false mAudioPlaybackIsActive = false player state = PlaybackState {state=PLAYING(3), position=0, buffered position=0, speed=1.0, updated=266222975, actions=7339703, custom actions=[], active item id=0, error=null}
06-04 03:48:40.060 V/Avrcp_ext( 4031): updatePlaybackState, state: PlaybackState {state=PLAYING(3), position=0, buffered position=0, speed=1.0, updated=266222975, actions=7339703, custom actions=[], active item id=0, error=null} device: null
06-04 03:48:40.061 V/Avrcp_ext( 4031): updatePlayerStateAndPosition, old=PlaybackState {state=PLAYING(3), position=0, buffered position=0, speed=1.0, updated=266222967, actions=7339703, custom actions=[], active item id=0, error=null}, state=PlaybackState {state=PLAYING(3), position=0, buffered position=0, speed=1.0, updated=266222975, actions=7339703, custom actions=[], active item id=0, error=null}
06-04 03:48:40.061 V/Avrcp_ext( 4031): old state = PlaybackState {state=PLAYING(3), position=0, buffered position=0, speed=1.0, updated=266222967, actions=7339703, custom actions=[], active item id=0, error=null}, new state= PlaybackState {state=PLAYING(3), position=0, buffered position=0, speed=1.0, updated=266222975, actions=7339703, custom actions=[], active item id=0, error=null}
06-04 03:48:40.061 W/McpService( 4031): updatePlaybackState state PlaybackState {state=PLAYING(3), position=0, buffered position=0, speed=1.0, updated=266222975, actions=7339703, custom actions=[], active item id=0, error=null}
06-04 03:48:40.061 W/Avrcp_ext( 4031): updated player state = PlaybackState {state=PLAYING(3), position=0, buffered position=0, speed=1.0, updated=266222975, actions=7339703, custom actions=[], active item id=0, error=null}to MCP module also
06-04 03:48:40.061 V/Avrcp_ext( 4031): onPlaybackStateChanged: state PlaybackState {state=PLAYING(3), position=0, buffered position=0, speed=1.0, updated=266222954, actions=7339703, custom actions=[], active item id=0, error=null}
06-04 03:48:40.061 W/McpService( 4031): updatePlaybackState state PlaybackState {state=PLAYING(3), position=0, buffered position=0, speed=1.0, updated=266222954, actions=7339703, custom actions=[], active item id=0, error=null}
06-04 03:48:40.062 D/Avrcp_ext( 4031): isMusicActive = false mAudioPlaybackIsActive = false player state = PlaybackState {state=PLAYING(3), position=0, buffered position=0, speed=1.0, updated=266222977, actions=7339703, custom actions=[], active item id=0, error=null}
06-04 03:48:40.062 V/Avrcp_ext( 4031): updatePlaybackState, state: PlaybackState {state=PLAYING(3), position=0, buffered position=0, speed=1.0, updated=266222977, actions=7339703, custom actions=[], active item id=0, error=null} device: null
06-04 03:48:40.062 V/Avrcp_ext( 4031): updatePlayerStateAndPosition, old=PlaybackState {state=PLAYING(3), position=0, buffered position=0, speed=1.0, updated=266222975, actions=7339703, custom actions=[], active item id=0, error=null}, state=PlaybackState {state=PLAYING(3), position=0, buffered position=0, speed=1.0, updated=266222977, actions=7339703, custom actions=[], active item id=0, error=null}
06-04 03:48:40.062 V/Avrcp_ext( 4031): old state = PlaybackState {state=PLAYING(3), position=0, buffered position=0, speed=1.0, updated=266222975, actions=7339703, custom actions=[], active item id=0, error=null}, new state= PlaybackState {state=PLAYING(3), position=0, buffered position=0, speed=1.0, updated=266222977, actions=7339703, custom actions=[], active item id=0, error=null}
06-04 03:48:40.063 W/McpService( 4031): updatePlaybackState state PlaybackState {state=PLAYING(3), position=0, buffered position=0, speed=1.0, updated=266222977, actions=7339703, custom actions=[], active item id=0, error=null}
06-04 03:48:40.063 W/Avrcp_ext( 4031): updated player state = PlaybackState {state=PLAYING(3), position=0, buffered position=0, speed=1.0, updated=266222977, actions=7339703, custom actions=[], active item id=0, error=null}to MCP module also
06-04 03:48:40.452 E/Diag_Lib( 1730):  Diag_LSM_Init: Failed to open handle to diag driver, error = 13
06-04 03:48:40.484 D/YouTubeWebViewConsole(31562): level=ERROR message=Access to XMLHttpRequest at 'https://googleads.g.doubleclick.net/pagead/id' from origin 'https://www.youtube.com' has been blocked by CORS policy: No 'Access-Control-Allow-Origin' header is present on the requested resource. line=11 source=https://www.youtube.com/embed/rS3-P_X3KOA?autoplay=1&controls=0&playsinline=1&enablejsapi=1&rel=0&modestbranding=1&iv_load_policy=3&start=0
06-04 03:48:40.495 D/Avrcp_ext( 4031): isMusicActive = false mAudioPlaybackIsActive = false player state = PlaybackState {state=PLAYING(3), position=0, buffered position=0, speed=1.0, updated=266223409, actions=7339703, custom actions=[], active item id=0, error=null}
06-04 03:48:40.496 V/Avrcp_ext( 4031): updatePlaybackState, state: PlaybackState {state=PLAYING(3), position=0, buffered position=0, speed=1.0, updated=266223409, actions=7339703, custom actions=[], active item id=0, error=null} device: null
06-04 03:48:40.496 V/Avrcp_ext( 4031): updatePlayerStateAndPosition, old=PlaybackState {state=PLAYING(3), position=0, buffered position=0, speed=1.0, updated=266222977, actions=7339703, custom actions=[], active item id=0, error=null}, state=PlaybackState {state=PLAYING(3), position=0, buffered position=0, speed=1.0, updated=266223409, actions=7339703, custom actions=[], active item id=0, error=null}
06-04 03:48:40.496 V/Avrcp_ext( 4031): old state = PlaybackState {state=PLAYING(3), position=0, buffered position=0, speed=1.0, updated=266222977, actions=7339703, custom actions=[], active item id=0, error=null}, new state= PlaybackState {state=PLAYING(3), position=0, buffered position=0, speed=1.0, updated=266223409, actions=7339703, custom actions=[], active item id=0, error=null}
06-04 03:48:40.498 W/McpService( 4031): updatePlaybackState state PlaybackState {state=PLAYING(3), position=0, buffered position=0, speed=1.0, updated=266223409, actions=7339703, custom actions=[], active item id=0, error=null}
06-04 03:48:40.498 W/Avrcp_ext( 4031): updated player state = PlaybackState {state=PLAYING(3), position=0, buffered position=0, speed=1.0, updated=266223409, actions=7339703, custom actions=[], active item id=0, error=null}to MCP module also
06-04 03:48:40.501 E/Diag_Lib( 1730):  Diag_LSM_Init: Failed to open handle to diag driver, error = 13
06-04 03:48:40.513 V/WindowManager( 3059):     startWCT=WindowContainerTransaction { changes = {} hops = [] errorCallbackToken=null taskFragmentOrganizer=null }
06-04 03:48:40.623 E/YouTubeVideoPlayer(31562): webview_http_error mainFrame=false url=https://sponsor.ajay.app/api/skipSegments?videoID=rS3-P_X3KOA&categories=[%22sponsor%22,%22selfpromo%22,%22interaction%22,%22intro%22,%22outro%22,%22preview%22] status=404 reason=
06-04 03:48:40.662 V/Avrcp_ext( 4031): onPlaybackStateChanged: state PlaybackState {state=PLAYING(3), position=0, buffered position=0, speed=1.0, updated=266223576, actions=7339703, custom actions=[], active item id=0, error=null}
06-04 03:48:40.662 W/McpService( 4031): updatePlaybackState state PlaybackState {state=PLAYING(3), position=0, buffered position=0, speed=1.0, updated=266223576, actions=7339703, custom actions=[], active item id=0, error=null}
06-04 03:48:40.665 D/Avrcp_ext( 4031): isMusicActive = false mAudioPlaybackIsActive = false player state = PlaybackState {state=PLAYING(3), position=0, buffered position=0, speed=1.0, updated=266223580, actions=7339703, custom actions=[], active item id=0, error=null}
06-04 03:48:40.667 V/Avrcp_ext( 4031): updatePlaybackState, state: PlaybackState {state=PLAYING(3), position=0, buffered position=0, speed=1.0, updated=266223580, actions=7339703, custom actions=[], active item id=0, error=null} device: null
06-04 03:48:40.667 V/Avrcp_ext( 4031): updatePlayerStateAndPosition, old=PlaybackState {state=PLAYING(3), position=0, buffered position=0, speed=1.0, updated=266223409, actions=7339703, custom actions=[], active item id=0, error=null}, state=PlaybackState {state=PLAYING(3), position=0, buffered position=0, speed=1.0, updated=266223580, actions=7339703, custom actions=[], active item id=0, error=null}
06-04 03:48:40.667 V/Avrcp_ext( 4031): old state = PlaybackState {state=PLAYING(3), position=0, buffered position=0, speed=1.0, updated=266223409, actions=7339703, custom actions=[], active item id=0, error=null}, new state= PlaybackState {state=PLAYING(3), position=0, buffered position=0, speed=1.0, updated=266223580, actions=7339703, custom actions=[], active item id=0, error=null}
06-04 03:48:40.675 W/McpService( 4031): updatePlaybackState state PlaybackState {state=PLAYING(3), position=0, buffered position=0, speed=1.0, updated=266223580, actions=7339703, custom actions=[], active item id=0, error=null}
06-04 03:48:40.675 W/Avrcp_ext( 4031): updated player state = PlaybackState {state=PLAYING(3), position=0, buffered position=0, speed=1.0, updated=266223580, actions=7339703, custom actions=[], active item id=0, error=null}to MCP module also
06-04 03:48:40.676 V/Avrcp_ext( 4031): onPlaybackStateChanged: state PlaybackState {state=PLAYING(3), position=0, buffered position=0, speed=1.0, updated=266223576, actions=7339703, custom actions=[], active item id=0, error=null}
06-04 03:48:40.676 W/McpService( 4031): updatePlaybackState state PlaybackState {state=PLAYING(3), position=0, buffered position=0, speed=1.0, updated=266223576, actions=7339703, custom actions=[], active item id=0, error=null}
06-04 03:48:40.677 D/Avrcp_ext( 4031): isMusicActive = false mAudioPlaybackIsActive = false player state = PlaybackState {state=PLAYING(3), position=0, buffered position=0, speed=1.0, updated=266223592, actions=7339703, custom actions=[], active item id=0, error=null}
06-04 03:48:40.678 V/Avrcp_ext( 4031): updatePlaybackState, state: PlaybackState {state=PLAYING(3), position=0, buffered position=0, speed=1.0, updated=266223592, actions=7339703, custom actions=[], active item id=0, error=null} device: null
06-04 03:48:40.678 V/Avrcp_ext( 4031): updatePlayerStateAndPosition, old=PlaybackState {state=PLAYING(3), position=0, buffered position=0, speed=1.0, updated=266223580, actions=7339703, custom actions=[], active item id=0, error=null}, state=PlaybackState {state=PLAYING(3), position=0, buffered position=0, speed=1.0, updated=266223592, actions=7339703, custom actions=[], active item id=0, error=null}
06-04 03:48:40.679 V/Avrcp_ext( 4031): old state = PlaybackState {state=PLAYING(3), position=0, buffered position=0, speed=1.0, updated=266223580, actions=7339703, custom actions=[], active item id=0, error=null}, new state= PlaybackState {state=PLAYING(3), position=0, buffered position=0, speed=1.0, updated=266223592, actions=7339703, custom actions=[], active item id=0, error=null}
06-04 03:48:40.682 W/McpService( 4031): updatePlaybackState state PlaybackState {state=PLAYING(3), position=0, buffered position=0, speed=1.0, updated=266223592, actions=7339703, custom actions=[], active item id=0, error=null}
06-04 03:48:40.682 W/Avrcp_ext( 4031): updated player state = PlaybackState {state=PLAYING(3), position=0, buffered position=0, speed=1.0, updated=266223592, actions=7339703, custom actions=[], active item id=0, error=null}to MCP module also
06-04 03:48:40.682 V/Avrcp_ext( 4031): onPlaybackStateChanged: state PlaybackState {state=PLAYING(3), position=0, buffered position=0, speed=1.0, updated=266223577, actions=7339703, custom actions=[], active item id=0, error=null}
06-04 03:48:40.683 W/McpService( 4031): updatePlaybackState state PlaybackState {state=PLAYING(3), position=0, buffered position=0, speed=1.0, updated=266223577, actions=7339703, custom actions=[], active item id=0, error=null}
06-04 03:48:40.684 D/Avrcp_ext( 4031): isMusicActive = false mAudioPlaybackIsActive = false player state = PlaybackState {state=PLAYING(3), position=0, buffered position=0, speed=1.0, updated=266223599, actions=7339703, custom actions=[], active item id=0, error=null}
06-04 03:48:40.684 V/Avrcp_ext( 4031): updatePlaybackState, state: PlaybackState {state=PLAYING(3), position=0, buffered position=0, speed=1.0, updated=266223599, actions=7339703, custom actions=[], active item id=0, error=null} device: null
06-04 03:48:40.684 V/Avrcp_ext( 4031): updatePlayerStateAndPosition, old=PlaybackState {state=PLAYING(3), position=0, buffered position=0, speed=1.0, updated=266223592, actions=7339703, custom actions=[], active item id=0, error=null}, state=PlaybackState {state=PLAYING(3), position=0, buffered position=0, speed=1.0, updated=266223599, actions=7339703, custom actions=[], active item id=0, error=null}
06-04 03:48:40.684 V/Avrcp_ext( 4031): old state = PlaybackState {state=PLAYING(3), position=0, buffered position=0, speed=1.0, updated=266223592, actions=7339703, custom actions=[], active item id=0, error=null}, new state= PlaybackState {state=PLAYING(3), position=0, buffered position=0, speed=1.0, updated=266223599, actions=7339703, custom actions=[], active item id=0, error=null}
06-04 03:48:40.685 W/McpService( 4031): updatePlaybackState state PlaybackState {state=PLAYING(3), position=0, buffered position=0, speed=1.0, updated=266223599, actions=7339703, custom actions=[], active item id=0, error=null}
06-04 03:48:40.685 W/Avrcp_ext( 4031): updated player state = PlaybackState {state=PLAYING(3), position=0, buffered position=0, speed=1.0, updated=266223599, actions=7339703, custom actions=[], active item id=0, error=null}to MCP module also
06-04 03:48:40.685 V/Avrcp_ext( 4031): onPlaybackStateChanged: state PlaybackState {state=PLAYING(3), position=0, buffered position=0, speed=1.0, updated=266223577, actions=7339703, custom actions=[], active item id=0, error=null}
06-04 03:48:40.685 W/McpService( 4031): updatePlaybackState state PlaybackState {state=PLAYING(3), position=0, buffered position=0, speed=1.0, updated=266223577, actions=7339703, custom actions=[], active item id=0, error=null}
06-04 03:48:40.686 D/Avrcp_ext( 4031): isMusicActive = false mAudioPlaybackIsActive = false player state = PlaybackState {state=PLAYING(3), position=0, buffered position=0, speed=1.0, updated=266223601, actions=7339703, custom actions=[], active item id=0, error=null}
06-04 03:48:40.686 V/Avrcp_ext( 4031): updatePlaybackState, state: PlaybackState {state=PLAYING(3), position=0, buffered position=0, speed=1.0, updated=266223601, actions=7339703, custom actions=[], active item id=0, error=null} device: null
06-04 03:48:40.686 V/Avrcp_ext( 4031): updatePlayerStateAndPosition, old=PlaybackState {state=PLAYING(3), position=0, buffered position=0, speed=1.0, updated=266223599, actions=7339703, custom actions=[], active item id=0, error=null}, state=PlaybackState {state=PLAYING(3), position=0, buffered position=0, speed=1.0, updated=266223601, actions=7339703, custom actions=[], active item id=0, error=null}
06-04 03:48:40.686 V/Avrcp_ext( 4031): old state = PlaybackState {state=PLAYING(3), position=0, buffered position=0, speed=1.0, updated=266223599, actions=7339703, custom actions=[], active item id=0, error=null}, new state= PlaybackState {state=PLAYING(3), position=0, buffered position=0, speed=1.0, updated=266223601, actions=7339703, custom actions=[], active item id=0, error=null}
06-04 03:48:40.687 W/McpService( 4031): updatePlaybackState state PlaybackState {state=PLAYING(3), position=0, buffered position=0, speed=1.0, updated=266223601, actions=7339703, custom actions=[], active item id=0, error=null}
06-04 03:48:40.687 W/Avrcp_ext( 4031): updated player state = PlaybackState {state=PLAYING(3), position=0, buffered position=0, speed=1.0, updated=266223601, actions=7339703, custom actions=[], active item id=0, error=null}to MCP module also
06-04 03:48:41.230 E/ExoPlayerImplInternal(31562): Playback error
06-04 03:48:41.230 E/ExoPlayerImplInternal(31562):   androidx.media3.exoplayer.ExoPlaybackException: Source error
06-04 03:48:41.230 E/ExoPlayerImplInternal(31562):       at androidx.media3.exoplayer.ExoPlayerImplInternal.handleIoException(ExoPlayerImplInternal.java:737)
06-04 03:48:41.230 E/ExoPlayerImplInternal(31562):   Caused by: androidx.media3.exoplayer.source.UnrecognizedInputFormatException: None of the available extractors (FlvExtractor, FlacExtractor, WavExtractor, FragmentedMp4Extractor, Mp4Extractor, AmrExtractor, PsExtractor, OggExtractor, TsExtractor, MatroskaExtractor, AdtsExtractor, Ac3Extractor, Ac4Extractor, Mp3Extractor, AviExtractor, JpegExtractor, PngExtractor, WebpExtractor, BmpExtractor, HeifExtractor, AvifExtractor) could read the stream. {contentIsMalformed=false, dataType=1}
06-04 03:48:41.235 D/ExoPlayerForensics(31562): [ERROR] Code: ERROR_CODE_PARSING_CONTAINER_UNSUPPORTED (3003), msg: Source error
06-04 03:48:41.235 E/PlayerController(31562): ExoPlayer Error: Source error
06-04 03:48:41.235 E/PlayerController(31562): androidx.media3.exoplayer.ExoPlaybackException: Source error
06-04 03:48:41.235 E/PlayerController(31562): 	at androidx.media3.exoplayer.ExoPlayerImplInternal.handleIoException(ExoPlayerImplInternal.java:737)
06-04 03:48:41.235 E/PlayerController(31562): Caused by: androidx.media3.exoplayer.source.UnrecognizedInputFormatException: None of the available extractors (FlvExtractor, FlacExtractor, WavExtractor, FragmentedMp4Extractor, Mp4Extractor, AmrExtractor, PsExtractor, OggExtractor, TsExtractor, MatroskaExtractor, AdtsExtractor, Ac3Extractor, Ac4Extractor, Mp3Extractor, AviExtractor, JpegExtractor, PngExtractor, WebpExtractor, BmpExtractor, HeifExtractor, AvifExtractor) could read the stream. {contentIsMalformed=false, dataType=1}
06-04 03:48:41.236 W/PlayerController(31562): ExoPlayer error in video/DSP mode — ignoring (WebView still playing)
06-04 03:48:41.240 V/Avrcp_ext( 4031): onPlaybackStateChanged: state PlaybackState {state=ERROR(7), position=0, buffered position=0, speed=1.0, updated=266224154, actions=7339703, custom actions=[], active item id=0, error=Source error}
06-04 03:48:41.240 W/McpService( 4031): updatePlaybackState state PlaybackState {state=ERROR(7), position=0, buffered position=0, speed=1.0, updated=266224154, actions=7339703, custom actions=[], active item id=0, error=Source error}
06-04 03:48:41.241 D/Avrcp_ext( 4031): isMusicActive = false mAudioPlaybackIsActive = false player state = PlaybackState {state=ERROR(7), position=0, buffered position=0, speed=1.0, updated=266224155, actions=7339703, custom actions=[], active item id=0, error=Source error}
06-04 03:48:41.241 I/Avrcp_ext( 4031): Players updated current playback state is error, skip updating playback state
06-04 03:48:41.241 V/Avrcp_ext( 4031): onPlaybackStateChanged: state PlaybackState {state=ERROR(7), position=0, buffered position=0, speed=1.0, updated=266224154, actions=7339703, custom actions=[], active item id=0, error=Source error}
06-04 03:48:41.241 W/McpService( 4031): updatePlaybackState state PlaybackState {state=ERROR(7), position=0, buffered position=0, speed=1.0, updated=266224154, actions=7339703, custom actions=[], active item id=0, error=Source error}
06-04 03:48:41.242 D/Avrcp_ext( 4031): isMusicActive = false mAudioPlaybackIsActive = false player state = PlaybackState {state=ERROR(7), position=0, buffered position=0, speed=1.0, updated=266224156, actions=7339703, custom actions=[], active item id=0, error=Source error}
06-04 03:48:41.243 I/Avrcp_ext( 4031): Players updated current playback state is error, skip updating playback state
06-04 03:48:41.243 V/Avrcp_ext( 4031): onPlaybackStateChanged: state PlaybackState {state=ERROR(7), position=0, buffered position=0, speed=1.0, updated=266224155, actions=7339703, custom actions=[], active item id=0, error=Source error}
06-04 03:48:41.243 W/McpService( 4031): updatePlaybackState state PlaybackState {state=ERROR(7), position=0, buffered position=0, speed=1.0, updated=266224155, actions=7339703, custom actions=[], active item id=0, error=Source error}
06-04 03:48:41.244 D/Avrcp_ext( 4031): isMusicActive = false mAudioPlaybackIsActive = false player state = PlaybackState {state=ERROR(7), position=0, buffered position=0, speed=1.0, updated=266224156, actions=7339703, custom actions=[], active item id=0, error=Source error}
06-04 03:48:41.244 I/Avrcp_ext( 4031): Players updated current playback state is error, skip updating playback state
06-04 03:48:41.244 V/Avrcp_ext( 4031): onPlaybackStateChanged: state PlaybackState {state=ERROR(7), position=0, buffered position=0, speed=1.0, updated=266224156, actions=7339703, custom actions=[], active item id=0, error=Source error}
06-04 03:48:41.244 W/McpService( 4031): updatePlaybackState state PlaybackState {state=ERROR(7), position=0, buffered position=0, speed=1.0, updated=266224156, actions=7339703, custom actions=[], active item id=0, error=Source error}
06-04 03:48:41.245 D/Avrcp_ext( 4031): isMusicActive = false mAudioPlaybackIsActive = false player state = PlaybackState {state=ERROR(7), position=0, buffered position=0, speed=1.0, updated=266224156, actions=7339703, custom actions=[], active item id=0, error=Source error}
06-04 03:48:41.245 I/Avrcp_ext( 4031): Players updated current playback state is error, skip updating playback state
06-04 03:48:41.271 E/YoutubeDS(31562): org.schabi.newpipe.extractor.exceptions.ContentNotAvailableException: The page needs to be reloaded.
06-04 03:48:41.625 W/JavaBinder(31562): BinderProxy is being destroyed but the application did not call unlinkToDeath to unlink all of its death recipients beforehand.  Releasing leaked death recipient: WV.bf2
06-04 03:48:43.130 I/YouTubeVideoPlayer(31562): player_text_probe videoId=rS3-P_X3KOA result="\n🛡️\nSmartTube Shield: Sponsor/Intro skipped!\nThis video is unavailable\nError code: 152 - 4\nWatch video on YouTube"
06-04 03:48:43.130 W/YouTubeVideoPlayer(31562): loading_watch_fallback videoId=rS3-P_X3KOA reason=page_text:"\n🛡️\nSmartTube Shield: Sponsor/Intro skipped!\nThis video is unavailable\nError code: 152 - 4\nWatch video on YouTube" url=https://m.youtube.com/watch?v=rS3-P_X3KOA&app=desktop
06-04 03:48:43.449 E/YoutubeDS(31562): Alternative Extractor error: UNKNOWN
06-04 03:48:43.900 E/QuickAccessWalletKeyguardQuickAffordanceConfig( 3873): Wallet card retrieval error, message: "null"
06-04 03:48:43.901 E/QuickAccessWalletKeyguardQuickAffordanceConfig( 3873): Wallet card retrieval error, message: "null"
06-04 03:48:43.902 E/QuickAccessWalletKeyguardQuickAffordanceConfig( 3873): Wallet card retrieval error, message: "null"
06-04 03:48:44.062 E/Diag_Lib( 1730):  Diag_LSM_Init: Failed to open handle to diag driver, error = 13
06-04 03:48:44.225 W/ActivityManager( 3059): pid 3059 system sent binder code 1 with flags 1 to frozen apps and got error -32
06-04 03:48:44.291 V/Avrcp_ext( 4031): onPlaybackStateChanged: state PlaybackState {state=ERROR(7), position=0, buffered position=0, speed=1.0, updated=266227201, actions=7339703, custom actions=[], active item id=0, error=Source error}
06-04 03:48:44.292 W/McpService( 4031): updatePlaybackState state PlaybackState {state=ERROR(7), position=0, buffered position=0, speed=1.0, updated=266227201, actions=7339703, custom actions=[], active item id=0, error=Source error}
06-04 03:48:44.294 D/Avrcp_ext( 4031): isMusicActive = false mAudioPlaybackIsActive = false player state = PlaybackState {state=ERROR(7), position=0, buffered position=0, speed=1.0, updated=266227201, actions=7339703, custom actions=[], active item id=0, error=Source error}
06-04 03:48:44.297 I/Avrcp_ext( 4031): Players updated current playback state is error, skip updating playback state
06-04 03:48:44.484 I/adbd    (15586): UsbFfs: connection terminated: read 4 failed with error Cannot send after transport endpoint shutdown
06-04 03:48:44.521 W/areo    (12786): java.util.concurrent.ExecutionException: gfbg: No data was found for the table autofill-domain-predictions-prod-spanner.
06-04 03:48:44.917 D/nativeloader( 1278): Load /data/app/~~PXcndQlyA54U8XEVuQlofA==/com.google.android.apps.messaging-28TsN0Lp-tcTog62KJ18Ow==/split_config.arm64_v8a.apk!/lib/arm64-v8a/libnative_crash_handler_jni.so using class loader ns clns-5 (caller=/data/app/~~PXcndQlyA54U8XEVuQlofA==/com.google.android.apps.messaging-28TsN0Lp-tcTog62KJ18Ow==/base.apk!classes3.dex): ok
06-04 03:48:45.083 I/BugleRcs( 1278): android.content.pm.PackageManager$NameNotFoundException: com.google.android.ims
06-04 03:48:45.135 D/YouTubeWebViewConsole(31562): level=ERROR message=Access to XMLHttpRequest at 'https://googleads.g.doubleclick.net/pagead/id' from origin 'https://www.youtube.com' has been blocked by CORS policy: No 'Access-Control-Allow-Origin' header is present on the requested resource. line=0 source=https://www.youtube.com/watch?app=desktop&v=rS3-P_X3KOA
06-04 03:48:45.327 V/Avrcp_ext( 4031): onPlaybackStateChanged: state PlaybackState {state=ERROR(7), position=19921, buffered position=20021, speed=1.0, updated=266228233, actions=7339703, custom actions=[], active item id=0, error=Source error}
06-04 03:48:45.327 W/McpService( 4031): updatePlaybackState state PlaybackState {state=ERROR(7), position=19921, buffered position=20021, speed=1.0, updated=266228233, actions=7339703, custom actions=[], active item id=0, error=Source error}
06-04 03:48:45.328 D/Avrcp_ext( 4031): isMusicActive = false mAudioPlaybackIsActive = false player state = PlaybackState {state=ERROR(7), position=19921, buffered position=20021, speed=1.0, updated=266228238, actions=7339703, custom actions=[], active item id=0, error=Source error}
06-04 03:48:45.329 I/Avrcp_ext( 4031): Players updated current playback state is error, skip updating playback state
