06-04 03:48:24.657 V/WindowManager( 3059):     startWCT=WindowContainerTransaction { changes = {} hops = [] errorCallbackToken=null taskFragmentOrganizer=null }
06-04 03:48:29.277 E/YoutubeDS(31562): org.schabi.newpipe.extractor.exceptions.ContentNotAvailableException: The page needs to be reloaded.
06-04 03:48:29.321 E/YoutubeDS(31562): kotlinx.coroutines.JobCancellationException: StandaloneCoroutine was cancelled; job=StandaloneCoroutine{Cancelling}@9114c0d
06-04 03:48:29.499 E/YoutubeDS(31562): org.schabi.newpipe.extractor.exceptions.ContentNotAvailableException: The page needs to be reloaded.
06-04 03:48:29.764 E/Diag_Lib( 1730):  Diag_LSM_Init: Failed to open handle to diag driver, error = 13
06-04 03:48:29.873 W/JavaBinder(31562): BinderProxy is being destroyed but the application did not call unlinkToDeath to unlink all of its death recipients beforehand.  Releasing leaked death recipient: WV.bf2
06-04 03:48:29.911 E/YoutubeDS(31562): org.schabi.newpipe.extractor.exceptions.ContentNotAvailableException: The page needs to be reloaded.
06-04 03:48:29.931 E/YoutubeDS(31562): kotlinx.coroutines.JobCancellationException: StandaloneCoroutine was cancelled; job=StandaloneCoroutine{Cancelling}@318f3a2
06-04 03:48:30.532 E/YoutubeDS(31562): org.schabi.newpipe.extractor.exceptions.ContentNotAvailableException: The page needs to be reloaded.
06-04 03:48:30.821 W/JavaBinder(31562): BinderProxy is being destroyed but the application did not call unlinkToDeath to unlink all of its death recipients beforehand.  Releasing leaked death recipient: WV.bf2
06-04 03:48:31.972 E/YoutubeDS(31562): Alternative Extractor error: UNKNOWN
06-04 03:48:32.120 W/MediaProvider( 6838): java.io.IOException: No thumbnails in Downloads directories
06-04 03:48:32.461 E/YoutubeDS(31562): kotlinx.coroutines.JobCancellationException: StandaloneCoroutine was cancelled; job=StandaloneCoroutine{Cancelling}@1630e9
06-04 03:48:32.585 E/YoutubeDS(31562): kotlinx.coroutines.JobCancellationException: StandaloneCoroutine was cancelled; job=StandaloneCoroutine{Cancelling}@95b6ea9
06-04 03:48:32.742 E/YoutubeDS(31562): kotlinx.coroutines.JobCancellationException: StandaloneCoroutine was cancelled; job=StandaloneCoroutine{Cancelling}@6c918d5
06-04 03:48:32.853 V/WindowManager( 3059):     startWCT=WindowContainerTransaction { changes = {} hops = [] errorCallbackToken=null taskFragmentOrganizer=null }
06-04 03:48:32.919 E/NetworkErrorMessage(12600): (REDACTED) Invalid connectivity state: %s
06-04 03:48:32.972 V/WindowManager( 3059):     startWCT=WindowContainerTransaction { changes = {} hops = [] errorCallbackToken=null taskFragmentOrganizer=null }
06-04 03:48:33.140 E/YoutubeDS(31562): kotlinx.coroutines.JobCancellationException: StandaloneCoroutine was cancelled; job=StandaloneCoroutine{Cancelling}@71d4ec9
06-04 03:48:33.143 W/MediaProvider( 6838): java.io.IOException: No thumbnails in Downloads directories
06-04 03:48:33.176 V/WindowManager( 3059):     startWCT=WindowContainerTransaction { changes = {} hops = [] errorCallbackToken=null taskFragmentOrganizer=null }
06-04 03:48:33.183 E/YoutubeDS(31562): org.schabi.newpipe.extractor.exceptions.ContentNotAvailableException: The page needs to be reloaded.
06-04 03:48:33.217 E/YoutubeDS(31562): org.schabi.newpipe.extractor.exceptions.ContentNotAvailableException: The page needs to be reloaded.
06-04 03:48:33.294 E/YoutubeDS(31562): org.schabi.newpipe.extractor.exceptions.ContentNotAvailableException: The page needs to be reloaded.
06-04 03:48:33.320 E/YoutubeDS(31562): kotlinx.coroutines.JobCancellationException: StandaloneCoroutine was cancelled; job=StandaloneCoroutine{Cancelling}@54b7a43
06-04 03:48:33.497 E/Diag_Lib( 1730):  Diag_LSM_Init: Failed to open handle to diag driver, error = 13
06-04 03:48:33.601 E/YoutubeDS(31562): kotlinx.coroutines.JobCancellationException: StandaloneCoroutine was cancelled; job=StandaloneCoroutine{Cancelling}@9fa49ad
06-04 03:48:33.773 E/YoutubeDS(31562): org.schabi.newpipe.extractor.exceptions.ContentNotAvailableException: The page needs to be reloaded.
06-04 03:48:33.902 E/YoutubeDS(31562): org.schabi.newpipe.extractor.exceptions.ContentNotAvailableException: The page needs to be reloaded.
06-04 03:48:33.974 I/adbd    (15586): UsbFfs: connection terminated: read 36 failed with error Cannot send after transport endpoint shutdown
06-04 03:48:34.208 E/YoutubeDS(31562): org.schabi.newpipe.extractor.exceptions.ContentNotAvailableException: The page needs to be reloaded.
06-04 03:48:34.427 W/MetricsTransporter(14059): IOException thrown when uploading metrics
06-04 03:48:34.427 W/MetricsTransporter(14059): java.net.ConnectException: Failed to connect to 5aa25954e40ffb18984989b59487dfe054549e213a2e64a12187f8deb5a4cb5.us-east-1.prod.service.minerva.devices.a2z.com/[::]:443
06-04 03:48:34.429 W/MetricsTransmissionManager(14059): Transmission failed on unexpected error, IOException, and re-try metric batch.
06-04 03:48:34.537 V/WindowManager( 3059):     startWCT=WindowContainerTransaction { changes = {} hops = [] errorCallbackToken=null taskFragmentOrganizer=null }
06-04 03:48:34.720 V/WindowManager( 3059):     startWCT=WindowContainerTransaction { changes = {} hops = [] errorCallbackToken=null taskFragmentOrganizer=null }
06-04 03:48:34.737 W/MetricsTransporter(14059): IOException thrown when uploading metrics
06-04 03:48:34.737 W/MetricsTransporter(14059): java.net.ConnectException: Failed to connect to 5aa25954e40ffb18984989b59487dfe054549e213a2e64a12187f8deb5a4cb5.us-east-1.prod.service.minerva.devices.a2z.com/[::]:443
06-04 03:48:34.738 W/MetricsTransmissionManager(14059): Transmission failed on unexpected error, IOException, and re-try metric batch.
06-04 03:48:34.754 W/MetricsTransporter(14059): IOException thrown when uploading metrics
06-04 03:48:34.754 W/MetricsTransporter(14059): java.net.ConnectException: Failed to connect to 5aa25954e40ffb18984989b59487dfe054549e213a2e64a12187f8deb5a4cb5.us-east-1.prod.service.minerva.devices.a2z.com/[::]:443
06-04 03:48:34.756 W/MetricsTransmissionManager(14059): Transmission failed on unexpected error, IOException, and re-try metric batch.
06-04 03:48:34.773 W/MetricsTransporter(14059): IOException thrown when uploading metrics
06-04 03:48:34.773 W/MetricsTransporter(14059): java.net.ConnectException: Failed to connect to 5aa25954e40ffb18984989b59487dfe054549e213a2e64a12187f8deb5a4cb5.us-east-1.prod.service.minerva.devices.a2z.com/[::]:443
06-04 03:48:34.774 W/MetricsTransmissionManager(14059): Transmission failed on unexpected error, IOException, and re-try metric batch.
06-04 03:48:34.792 W/MetricsTransporter(14059): IOException thrown when uploading metrics
06-04 03:48:34.792 W/MetricsTransporter(14059): java.net.ConnectException: Failed to connect to 5aa25954e40ffb18984989b59487dfe054549e213a2e64a12187f8deb5a4cb5.us-east-1.prod.service.minerva.devices.a2z.com/[::]:443
06-04 03:48:34.793 W/MetricsTransmissionManager(14059): Transmission failed on unexpected error, IOException, and re-try metric batch.
06-04 03:48:34.810 W/MetricsTransporter(14059): IOException thrown when uploading metrics
06-04 03:48:34.810 W/MetricsTransporter(14059): java.net.ConnectException: Failed to connect to 5aa25954e40ffb18984989b59487dfe054549e213a2e64a12187f8deb5a4cb5.us-east-1.prod.service.minerva.devices.a2z.com/[::]:443
06-04 03:48:34.811 W/MetricsTransmissionManager(14059): Transmission failed on unexpected error, IOException, and re-try metric batch.
06-04 03:48:34.826 W/MetricsTransporter(14059): IOException thrown when uploading metrics
06-04 03:48:34.826 W/MetricsTransporter(14059): java.net.ConnectException: Failed to connect to 5aa25954e40ffb18984989b59487dfe054549e213a2e64a12187f8deb5a4cb5.us-east-1.prod.service.minerva.devices.a2z.com/[::]:443
06-04 03:48:34.828 W/MetricsTransmissionManager(14059): Transmission failed on unexpected error, IOException, and re-try metric batch.
06-04 03:48:34.843 W/MetricsTransporter(14059): IOException thrown when uploading metrics
06-04 03:48:34.843 W/MetricsTransporter(14059): java.net.ConnectException: Failed to connect to 5aa25954e40ffb18984989b59487dfe054549e213a2e64a12187f8deb5a4cb5.us-east-1.prod.service.minerva.devices.a2z.com/[::]:443
06-04 03:48:34.844 W/MetricsTransmissionManager(14059): Transmission failed on unexpected error, IOException, and re-try metric batch.
06-04 03:48:34.861 W/MetricsTransporter(14059): IOException thrown when uploading metrics
06-04 03:48:34.861 W/MetricsTransporter(14059): java.net.ConnectException: Failed to connect to 5aa25954e40ffb18984989b59487dfe054549e213a2e64a12187f8deb5a4cb5.us-east-1.prod.service.minerva.devices.a2z.com/[::]:443
06-04 03:48:34.862 W/MetricsTransmissionManager(14059): Transmission failed on unexpected error, IOException, and re-try metric batch.
06-04 03:48:34.876 W/MetricsTransporter(14059): IOException thrown when uploading metrics
06-04 03:48:34.876 W/MetricsTransporter(14059): java.net.ConnectException: Failed to connect to 5aa25954e40ffb18984989b59487dfe054549e213a2e64a12187f8deb5a4cb5.us-east-1.prod.service.minerva.devices.a2z.com/[::]:443
06-04 03:48:34.877 W/MetricsTransmissionManager(14059): Transmission failed on unexpected error, IOException, and re-try metric batch.
06-04 03:48:34.893 W/MetricsTransporter(14059): IOException thrown when uploading metrics
06-04 03:48:34.893 W/MetricsTransporter(14059): java.net.ConnectException: Failed to connect to 5aa25954e40ffb18984989b59487dfe054549e213a2e64a12187f8deb5a4cb5.us-east-1.prod.service.minerva.devices.a2z.com/[::]:443
06-04 03:48:34.894 W/MetricsTransmissionManager(14059): Transmission failed on unexpected error, IOException, and re-try metric batch.
06-04 03:48:34.915 W/MetricsTransporter(14059): IOException thrown when uploading metrics
06-04 03:48:34.915 W/MetricsTransporter(14059): java.net.ConnectException: Failed to connect to 5aa25954e40ffb18984989b59487dfe054549e213a2e64a12187f8deb5a4cb5.us-east-1.prod.service.minerva.devices.a2z.com/[::]:443
06-04 03:48:34.917 W/MetricsTransmissionManager(14059): Transmission failed on unexpected error, IOException, and re-try metric batch.
06-04 03:48:34.933 W/MetricsTransporter(14059): IOException thrown when uploading metrics
06-04 03:48:34.933 W/MetricsTransporter(14059): java.net.ConnectException: Failed to connect to 5aa25954e40ffb18984989b59487dfe054549e213a2e64a12187f8deb5a4cb5.us-east-1.prod.service.minerva.devices.a2z.com/[::]:443
06-04 03:48:34.934 W/MetricsTransmissionManager(14059): Transmission failed on unexpected error, IOException, and re-try metric batch.
06-04 03:48:34.952 W/MetricsTransporter(14059): IOException thrown when uploading metrics
06-04 03:48:34.952 W/MetricsTransporter(14059): java.net.ConnectException: Failed to connect to 5aa25954e40ffb18984989b59487dfe054549e213a2e64a12187f8deb5a4cb5.us-east-1.prod.service.minerva.devices.a2z.com/[::]:443
06-04 03:48:34.954 W/MetricsTransmissionManager(14059): Transmission failed on unexpected error, IOException, and re-try metric batch.
06-04 03:48:34.972 W/MetricsTransporter(14059): IOException thrown when uploading metrics
06-04 03:48:34.972 W/MetricsTransporter(14059): java.net.ConnectException: Failed to connect to 5aa25954e40ffb18984989b59487dfe054549e213a2e64a12187f8deb5a4cb5.us-east-1.prod.service.minerva.devices.a2z.com/[::]:443
06-04 03:48:34.973 W/MetricsTransmissionManager(14059): Transmission failed on unexpected error, IOException, and re-try metric batch.
06-04 03:48:34.990 W/MetricsTransporter(14059): IOException thrown when uploading metrics
06-04 03:48:34.990 W/MetricsTransporter(14059): java.net.ConnectException: Failed to connect to 5aa25954e40ffb18984989b59487dfe054549e213a2e64a12187f8deb5a4cb5.us-east-1.prod.service.minerva.devices.a2z.com/[::]:443
06-04 03:48:34.992 W/MetricsTransmissionManager(14059): Transmission failed on unexpected error, IOException, and re-try metric batch.
06-04 03:48:35.007 W/MetricsTransporter(14059): IOException thrown when uploading metrics
06-04 03:48:35.007 W/MetricsTransporter(14059): java.net.ConnectException: Failed to connect to 5aa25954e40ffb18984989b59487dfe054549e213a2e64a12187f8deb5a4cb5.us-east-1.prod.service.minerva.devices.a2z.com/[::]:443
06-04 03:48:35.008 W/MetricsTransmissionManager(14059): Transmission failed on unexpected error, IOException, and re-try metric batch.
06-04 03:48:35.024 W/MetricsTransporter(14059): IOException thrown when uploading metrics
06-04 03:48:35.024 W/MetricsTransporter(14059): java.net.ConnectException: Failed to connect to 5aa25954e40ffb18984989b59487dfe054549e213a2e64a12187f8deb5a4cb5.us-east-1.prod.service.minerva.devices.a2z.com/[::]:443
06-04 03:48:35.026 W/MetricsTransmissionManager(14059): Transmission failed on unexpected error, IOException, and re-try metric batch.
06-04 03:48:35.042 W/MetricsTransporter(14059): IOException thrown when uploading metrics
06-04 03:48:35.042 W/MetricsTransporter(14059): java.net.ConnectException: Failed to connect to 5aa25954e40ffb18984989b59487dfe054549e213a2e64a12187f8deb5a4cb5.us-east-1.prod.service.minerva.devices.a2z.com/[::]:443
06-04 03:48:35.044 W/MetricsTransmissionManager(14059): Transmission failed on unexpected error, IOException, and re-try metric batch.
06-04 03:48:35.061 W/MetricsTransporter(14059): IOException thrown when uploading metrics
06-04 03:48:35.061 W/MetricsTransporter(14059): java.net.ConnectException: Failed to connect to 5aa25954e40ffb18984989b59487dfe054549e213a2e64a12187f8deb5a4cb5.us-east-1.prod.service.minerva.devices.a2z.com/[::]:443
06-04 03:48:35.063 W/MetricsTransmissionManager(14059): Transmission failed on unexpected error, IOException, and re-try metric batch.
06-04 03:48:35.079 W/MetricsTransporter(14059): IOException thrown when uploading metrics
06-04 03:48:35.079 W/MetricsTransporter(14059): java.net.ConnectException: Failed to connect to 5aa25954e40ffb18984989b59487dfe054549e213a2e64a12187f8deb5a4cb5.us-east-1.prod.service.minerva.devices.a2z.com/[::]:443
06-04 03:48:35.080 W/MetricsTransmissionManager(14059): Transmission failed on unexpected error, IOException, and re-try metric batch.
06-04 03:48:35.097 W/MetricsTransporter(14059): IOException thrown when uploading metrics
06-04 03:48:35.097 W/MetricsTransporter(14059): java.net.ConnectException: Failed to connect to 5aa25954e40ffb18984989b59487dfe054549e213a2e64a12187f8deb5a4cb5.us-east-1.prod.service.minerva.devices.a2z.com/[::]:443
06-04 03:48:35.099 W/MetricsTransmissionManager(14059): Transmission failed on unexpected error, IOException, and re-try metric batch.
06-04 03:48:35.114 W/MetricsTransporter(14059): IOException thrown when uploading metrics
06-04 03:48:35.114 W/MetricsTransporter(14059): java.net.ConnectException: Failed to connect to 5aa25954e40ffb18984989b59487dfe054549e213a2e64a12187f8deb5a4cb5.us-east-1.prod.service.minerva.devices.a2z.com/[::]:443
06-04 03:48:35.115 W/MetricsTransmissionManager(14059): Transmission failed on unexpected error, IOException, and re-try metric batch.
06-04 03:48:35.136 W/MetricsTransporter(14059): IOException thrown when uploading metrics
06-04 03:48:35.136 W/MetricsTransporter(14059): java.net.ConnectException: Failed to connect to 5aa25954e40ffb18984989b59487dfe054549e213a2e64a12187f8deb5a4cb5.us-east-1.prod.service.minerva.devices.a2z.com/[::]:443
06-04 03:48:35.138 W/MetricsTransmissionManager(14059): Transmission failed on unexpected error, IOException, and re-try metric batch.
06-04 03:48:35.157 W/MetricsTransporter(14059): IOException thrown when uploading metrics
06-04 03:48:35.157 W/MetricsTransporter(14059): java.net.ConnectException: Failed to connect to 5aa25954e40ffb18984989b59487dfe054549e213a2e64a12187f8deb5a4cb5.us-east-1.prod.service.minerva.devices.a2z.com/[::]:443
06-04 03:48:35.158 W/MetricsTransmissionManager(14059): Transmission failed on unexpected error, IOException, and re-try metric batch.
06-04 03:48:35.176 W/MetricsTransporter(14059): IOException thrown when uploading metrics
06-04 03:48:35.176 W/MetricsTransporter(14059): java.net.ConnectException: Failed to connect to 5aa25954e40ffb18984989b59487dfe054549e213a2e64a12187f8deb5a4cb5.us-east-1.prod.service.minerva.devices.a2z.com/[::]:443
06-04 03:48:35.177 W/MetricsTransmissionManager(14059): Transmission failed on unexpected error, IOException, and re-try metric batch.
06-04 03:48:35.200 W/MetricsTransporter(14059): IOException thrown when uploading metrics
06-04 03:48:35.200 W/MetricsTransporter(14059): java.net.ConnectException: Failed to connect to 5aa25954e40ffb18984989b59487dfe054549e213a2e64a12187f8deb5a4cb5.us-east-1.prod.service.minerva.devices.a2z.com/[::]:443
06-04 03:48:35.202 W/MetricsTransmissionManager(14059): Transmission failed on unexpected error, IOException, and re-try metric batch.
06-04 03:48:35.216 W/MetricsTransporter(14059): IOException thrown when uploading metrics
06-04 03:48:35.216 W/MetricsTransporter(14059): java.net.ConnectException: Failed to connect to 5aa25954e40ffb18984989b59487dfe054549e213a2e64a12187f8deb5a4cb5.us-east-1.prod.service.minerva.devices.a2z.com/[::]:443
06-04 03:48:35.217 W/MetricsTransmissionManager(14059): Transmission failed on unexpected error, IOException, and re-try metric batch.
06-04 03:48:35.236 W/MetricsTransporter(14059): IOException thrown when uploading metrics
06-04 03:48:35.236 W/MetricsTransporter(14059): java.net.ConnectException: Failed to connect to 5aa25954e40ffb18984989b59487dfe054549e213a2e64a12187f8deb5a4cb5.us-east-1.prod.service.minerva.devices.a2z.com/[::]:443
06-04 03:48:35.238 W/MetricsTransmissionManager(14059): Transmission failed on unexpected error, IOException, and re-try metric batch.
06-04 03:48:35.256 W/MetricsTransporter(14059): IOException thrown when uploading metrics
06-04 03:48:35.256 W/MetricsTransporter(14059): java.net.ConnectException: Failed to connect to 5aa25954e40ffb18984989b59487dfe054549e213a2e64a12187f8deb5a4cb5.us-east-1.prod.service.minerva.devices.a2z.com/[::]:443
06-04 03:48:35.257 W/MetricsTransmissionManager(14059): Transmission failed on unexpected error, IOException, and re-try metric batch.
06-04 03:48:35.271 W/MetricsTransporter(14059): IOException thrown when uploading metrics
06-04 03:48:35.271 W/MetricsTransporter(14059): java.net.ConnectException: Failed to connect to 5aa25954e40ffb18984989b59487dfe054549e213a2e64a12187f8deb5a4cb5.us-east-1.prod.service.minerva.devices.a2z.com/[::]:443
06-04 03:48:35.272 W/MetricsTransmissionManager(14059): Transmission failed on unexpected error, IOException, and re-try metric batch.
06-04 03:48:35.286 W/MetricsTransporter(14059): IOException thrown when uploading metrics
06-04 03:48:35.286 W/MetricsTransporter(14059): java.net.ConnectException: Failed to connect to 5aa25954e40ffb18984989b59487dfe054549e213a2e64a12187f8deb5a4cb5.us-east-1.prod.service.minerva.devices.a2z.com/[::]:443
06-04 03:48:35.287 W/MetricsTransmissionManager(14059): Transmission failed on unexpected error, IOException, and re-try metric batch.
06-04 03:48:35.301 W/MetricsTransporter(14059): IOException thrown when uploading metrics
06-04 03:48:35.301 W/MetricsTransporter(14059): java.net.ConnectException: Failed to connect to 5aa25954e40ffb18984989b59487dfe054549e213a2e64a12187f8deb5a4cb5.us-east-1.prod.service.minerva.devices.a2z.com/[::]:443
06-04 03:48:35.302 W/MetricsTransmissionManager(14059): Transmission failed on unexpected error, IOException, and re-try metric batch.
06-04 03:48:35.316 W/MetricsTransporter(14059): IOException thrown when uploading metrics
06-04 03:48:35.316 W/MetricsTransporter(14059): java.net.ConnectException: Failed to connect to 5aa25954e40ffb18984989b59487dfe054549e213a2e64a12187f8deb5a4cb5.us-east-1.prod.service.minerva.devices.a2z.com/[::]:443
06-04 03:48:35.317 W/MetricsTransmissionManager(14059): Transmission failed on unexpected error, IOException, and re-try metric batch.
06-04 03:48:35.334 W/MetricsTransporter(14059): IOException thrown when uploading metrics
06-04 03:48:35.334 W/MetricsTransporter(14059): java.net.ConnectException: Failed to connect to 5aa25954e40ffb18984989b59487dfe054549e213a2e64a12187f8deb5a4cb5.us-east-1.prod.service.minerva.devices.a2z.com/[::]:443
06-04 03:48:35.336 W/MetricsTransmissionManager(14059): Transmission failed on unexpected error, IOException, and re-try metric batch.
06-04 03:48:35.352 W/MetricsTransporter(14059): IOException thrown when uploading metrics
06-04 03:48:35.352 W/MetricsTransporter(14059): java.net.ConnectException: Failed to connect to 5aa25954e40ffb18984989b59487dfe054549e213a2e64a12187f8deb5a4cb5.us-east-1.prod.service.minerva.devices.a2z.com/[::]:443
06-04 03:48:35.354 W/MetricsTransmissionManager(14059): Transmission failed on unexpected error, IOException, and re-try metric batch.
06-04 03:48:35.371 W/MetricsTransporter(14059): IOException thrown when uploading metrics
06-04 03:48:35.371 W/MetricsTransporter(14059): java.net.ConnectException: Failed to connect to 5aa25954e40ffb18984989b59487dfe054549e213a2e64a12187f8deb5a4cb5.us-east-1.prod.service.minerva.devices.a2z.com/[::]:443
06-04 03:48:35.373 W/MetricsTransmissionManager(14059): Transmission failed on unexpected error, IOException, and re-try metric batch.
06-04 03:48:35.387 W/MetricsTransporter(14059): IOException thrown when uploading metrics
06-04 03:48:35.387 W/MetricsTransporter(14059): java.net.ConnectException: Failed to connect to 5aa25954e40ffb18984989b59487dfe054549e213a2e64a12187f8deb5a4cb5.us-east-1.prod.service.minerva.devices.a2z.com/[::]:443
06-04 03:48:35.390 W/MetricsTransmissionManager(14059): Transmission failed on unexpected error, IOException, and re-try metric batch.
06-04 03:48:35.408 W/MetricsTransporter(14059): IOException thrown when uploading metrics
06-04 03:48:35.408 W/MetricsTransporter(14059): java.net.ConnectException: Failed to connect to 5aa25954e40ffb18984989b59487dfe054549e213a2e64a12187f8deb5a4cb5.us-east-1.prod.service.minerva.devices.a2z.com/[::]:443
06-04 03:48:35.409 W/MetricsTransmissionManager(14059): Transmission failed on unexpected error, IOException, and re-try metric batch.
06-04 03:48:35.425 W/MetricsTransporter(14059): IOException thrown when uploading metrics
06-04 03:48:35.425 W/MetricsTransporter(14059): java.net.ConnectException: Failed to connect to 5aa25954e40ffb18984989b59487dfe054549e213a2e64a12187f8deb5a4cb5.us-east-1.prod.service.minerva.devices.a2z.com/[::]:443
06-04 03:48:35.427 W/MetricsTransmissionManager(14059): Transmission failed on unexpected error, IOException, and re-try metric batch.
06-04 03:48:35.451 W/MetricsTransporter(14059): IOException thrown when uploading metrics
06-04 03:48:35.451 W/MetricsTransporter(14059): java.net.ConnectException: Failed to connect to 5aa25954e40ffb18984989b59487dfe054549e213a2e64a12187f8deb5a4cb5.us-east-1.prod.service.minerva.devices.a2z.com/[::]:443
06-04 03:48:35.453 W/MetricsTransmissionManager(14059): Transmission failed on unexpected error, IOException, and re-try metric batch.
06-04 03:48:35.469 W/MetricsTransporter(14059): IOException thrown when uploading metrics
06-04 03:48:35.469 W/MetricsTransporter(14059): java.net.ConnectException: Failed to connect to 5aa25954e40ffb18984989b59487dfe054549e213a2e64a12187f8deb5a4cb5.us-east-1.prod.service.minerva.devices.a2z.com/[::]:443
06-04 03:48:35.470 W/MetricsTransmissionManager(14059): Transmission failed on unexpected error, IOException, and re-try metric batch.
06-04 03:48:35.472 V/WindowManager( 3059):     startWCT=WindowContainerTransaction { changes = {} hops = [] errorCallbackToken=null taskFragmentOrganizer=null }
06-04 03:48:35.486 W/MetricsTransporter(14059): IOException thrown when uploading metrics
06-04 03:48:35.486 W/MetricsTransporter(14059): java.net.ConnectException: Failed to connect to 5aa25954e40ffb18984989b59487dfe054549e213a2e64a12187f8deb5a4cb5.us-east-1.prod.service.minerva.devices.a2z.com/[::]:443
06-04 03:48:35.487 W/MetricsTransmissionManager(14059): Transmission failed on unexpected error, IOException, and re-try metric batch.
06-04 03:48:35.504 W/MetricsTransporter(14059): IOException thrown when uploading metrics
06-04 03:48:35.504 W/MetricsTransporter(14059): java.net.ConnectException: Failed to connect to 5aa25954e40ffb18984989b59487dfe054549e213a2e64a12187f8deb5a4cb5.us-east-1.prod.service.minerva.devices.a2z.com/[::]:443
06-04 03:48:35.505 W/MetricsTransmissionManager(14059): Transmission failed on unexpected error, IOException, and re-try metric batch.
06-04 03:48:35.523 W/MetricsTransporter(14059): IOException thrown when uploading metrics
06-04 03:48:35.523 W/MetricsTransporter(14059): java.net.ConnectException: Failed to connect to 5aa25954e40ffb18984989b59487dfe054549e213a2e64a12187f8deb5a4cb5.us-east-1.prod.service.minerva.devices.a2z.com/[::]:443
06-04 03:48:35.524 W/MetricsTransmissionManager(14059): Transmission failed on unexpected error, IOException, and re-try metric batch.
06-04 03:48:35.528 I/Monkey  (  653): Got IOException performing flipjava.io.FileNotFoundException: /dev/input/event0: open failed: EACCES (Permission denied)
06-04 03:48:35.542 W/MetricsTransporter(14059): IOException thrown when uploading metrics
06-04 03:48:35.542 W/MetricsTransporter(14059): java.net.ConnectException: Failed to connect to 5aa25954e40ffb18984989b59487dfe054549e213a2e64a12187f8deb5a4cb5.us-east-1.prod.service.minerva.devices.a2z.com/[::]:443
06-04 03:48:35.544 W/MetricsTransmissionManager(14059): Transmission failed on unexpected error, IOException, and re-try metric batch.
06-04 03:48:35.556 W/MetricsTransporter(14059): IOException thrown when uploading metrics
06-04 03:48:35.556 W/MetricsTransporter(14059): java.net.ConnectException: Failed to connect to 5aa25954e40ffb18984989b59487dfe054549e213a2e64a12187f8deb5a4cb5.us-east-1.prod.service.minerva.devices.a2z.com/[::]:443
06-04 03:48:35.557 W/MetricsTransmissionManager(14059): Transmission failed on unexpected error, IOException, and re-try metric batch.
06-04 03:48:35.573 W/MetricsTransporter(14059): IOException thrown when uploading metrics
06-04 03:48:35.573 W/MetricsTransporter(14059): java.net.ConnectException: Failed to connect to 5aa25954e40ffb18984989b59487dfe054549e213a2e64a12187f8deb5a4cb5.us-east-1.prod.service.minerva.devices.a2z.com/[::]:443
06-04 03:48:35.574 W/MetricsTransmissionManager(14059): Transmission failed on unexpected error, IOException, and re-try metric batch.
06-04 03:48:35.591 W/MetricsTransporter(14059): IOException thrown when uploading metrics
06-04 03:48:35.591 W/MetricsTransporter(14059): java.net.ConnectException: Failed to connect to 5aa25954e40ffb18984989b59487dfe054549e213a2e64a12187f8deb5a4cb5.us-east-1.prod.service.minerva.devices.a2z.com/[::]:443
06-04 03:48:35.592 W/MetricsTransmissionManager(14059): Transmission failed on unexpected error, IOException, and re-try metric batch.
06-04 03:48:35.608 W/MetricsTransporter(14059): IOException thrown when uploading metrics
06-04 03:48:35.608 W/MetricsTransporter(14059): java.net.ConnectException: Failed to connect to 5aa25954e40ffb18984989b59487dfe054549e213a2e64a12187f8deb5a4cb5.us-east-1.prod.service.minerva.devices.a2z.com/[::]:443
06-04 03:48:35.609 W/MetricsTransmissionManager(14059): Transmission failed on unexpected error, IOException, and re-try metric batch.
06-04 03:48:35.625 W/MetricsTransporter(14059): IOException thrown when uploading metrics
06-04 03:48:35.625 W/MetricsTransporter(14059): java.net.ConnectException: Failed to connect to 5aa25954e40ffb18984989b59487dfe054549e213a2e64a12187f8deb5a4cb5.us-east-1.prod.service.minerva.devices.a2z.com/[::]:443
06-04 03:48:35.627 W/MetricsTransmissionManager(14059): Transmission failed on unexpected error, IOException, and re-try metric batch.
06-04 03:48:35.642 W/MetricsTransporter(14059): IOException thrown when uploading metrics
06-04 03:48:35.642 W/MetricsTransporter(14059): java.net.ConnectException: Failed to connect to 5aa25954e40ffb18984989b59487dfe054549e213a2e64a12187f8deb5a4cb5.us-east-1.prod.service.minerva.devices.a2z.com/[::]:443
06-04 03:48:35.644 W/MetricsTransmissionManager(14059): Transmission failed on unexpected error, IOException, and re-try metric batch.
06-04 03:48:35.663 W/MetricsTransporter(14059): IOException thrown when uploading metrics
06-04 03:48:35.663 W/MetricsTransporter(14059): java.net.ConnectException: Failed to connect to 5aa25954e40ffb18984989b59487dfe054549e213a2e64a12187f8deb5a4cb5.us-east-1.prod.service.minerva.devices.a2z.com/[::]:443
06-04 03:48:35.664 W/MetricsTransmissionManager(14059): Transmission failed on unexpected error, IOException, and re-try metric batch.
06-04 03:48:35.682 W/MetricsTransporter(14059): IOException thrown when uploading metrics
06-04 03:48:35.682 W/MetricsTransporter(14059): java.net.ConnectException: Failed to connect to 5aa25954e40ffb18984989b59487dfe054549e213a2e64a12187f8deb5a4cb5.us-east-1.prod.service.minerva.devices.a2z.com/[::]:443
06-04 03:48:35.684 W/MetricsTransmissionManager(14059): Transmission failed on unexpected error, IOException, and re-try metric batch.
06-04 03:48:35.699 W/MetricsTransporter(14059): IOException thrown when uploading metrics
06-04 03:48:35.699 W/MetricsTransporter(14059): java.net.ConnectException: Failed to connect to 5aa25954e40ffb18984989b59487dfe054549e213a2e64a12187f8deb5a4cb5.us-east-1.prod.service.minerva.devices.a2z.com/[::]:443
06-04 03:48:35.701 W/MetricsTransmissionManager(14059): Transmission failed on unexpected error, IOException, and re-try metric batch.
06-04 03:48:35.716 W/MetricsTransporter(14059): IOException thrown when uploading metrics
06-04 03:48:35.716 W/MetricsTransporter(14059): java.net.ConnectException: Failed to connect to 5aa25954e40ffb18984989b59487dfe054549e213a2e64a12187f8deb5a4cb5.us-east-1.prod.service.minerva.devices.a2z.com/[::]:443
06-04 03:48:35.718 W/MetricsTransmissionManager(14059): Transmission failed on unexpected error, IOException, and re-try metric batch.
06-04 03:48:35.733 W/MetricsTransporter(14059): IOException thrown when uploading metrics
06-04 03:48:35.733 W/MetricsTransporter(14059): java.net.ConnectException: Failed to connect to 5aa25954e40ffb18984989b59487dfe054549e213a2e64a12187f8deb5a4cb5.us-east-1.prod.service.minerva.devices.a2z.com/[::]:443
06-04 03:48:35.734 W/MetricsTransmissionManager(14059): Transmission failed on unexpected error, IOException, and re-try metric batch.
06-04 03:48:35.754 W/MetricsTransporter(14059): IOException thrown when uploading metrics
06-04 03:48:35.754 W/MetricsTransporter(14059): java.net.ConnectException: Failed to connect to 5aa25954e40ffb18984989b59487dfe054549e213a2e64a12187f8deb5a4cb5.us-east-1.prod.service.minerva.devices.a2z.com/[::]:443
06-04 03:48:35.756 W/MetricsTransmissionManager(14059): Transmission failed on unexpected error, IOException, and re-try metric batch.
06-04 03:48:35.761 E/Icing   (12219): Failed to remove thing with error code :error uri not found
06-04 03:48:35.778 W/MetricsTransporter(14059): IOException thrown when uploading metrics
06-04 03:48:35.778 W/MetricsTransporter(14059): java.net.ConnectException: Failed to connect to 5aa25954e40ffb18984989b59487dfe054549e213a2e64a12187f8deb5a4cb5.us-east-1.prod.service.minerva.devices.a2z.com/[::]:443
06-04 03:48:35.780 W/MetricsTransmissionManager(14059): Transmission failed on unexpected error, IOException, and re-try metric batch.
06-04 03:48:35.795 W/MetricsTransporter(14059): IOException thrown when uploading metrics
06-04 03:48:35.795 W/MetricsTransporter(14059): java.net.ConnectException: Failed to connect to 5aa25954e40ffb18984989b59487dfe054549e213a2e64a12187f8deb5a4cb5.us-east-1.prod.service.minerva.devices.a2z.com/[::]:443
06-04 03:48:35.797 W/MetricsTransmissionManager(14059): Transmission failed on unexpected error, IOException, and re-try metric batch.
06-04 03:48:35.813 W/MetricsTransporter(14059): IOException thrown when uploading metrics
06-04 03:48:35.813 W/MetricsTransporter(14059): java.net.ConnectException: Failed to connect to 5aa25954e40ffb18984989b59487dfe054549e213a2e64a12187f8deb5a4cb5.us-east-1.prod.service.minerva.devices.a2z.com/[::]:443
06-04 03:48:35.815 W/MetricsTransmissionManager(14059): Transmission failed on unexpected error, IOException, and re-try metric batch.
06-04 03:48:35.832 W/MetricsTransporter(14059): IOException thrown when uploading metrics
06-04 03:48:35.832 W/MetricsTransporter(14059): java.net.ConnectException: Failed to connect to 5aa25954e40ffb18984989b59487dfe054549e213a2e64a12187f8deb5a4cb5.us-east-1.prod.service.minerva.devices.a2z.com/[::]:443
06-04 03:48:35.834 W/MetricsTransmissionManager(14059): Transmission failed on unexpected error, IOException, and re-try metric batch.
06-04 03:48:35.851 W/MetricsTransporter(14059): IOException thrown when uploading metrics
06-04 03:48:35.851 W/MetricsTransporter(14059): java.net.ConnectException: Failed to connect to 5aa25954e40ffb18984989b59487dfe054549e213a2e64a12187f8deb5a4cb5.us-east-1.prod.service.minerva.devices.a2z.com/[::]:443
06-04 03:48:35.853 W/MetricsTransmissionManager(14059): Transmission failed on unexpected error, IOException, and re-try metric batch.
06-04 03:48:35.870 W/MetricsTransporter(14059): IOException thrown when uploading metrics
06-04 03:48:35.870 W/MetricsTransporter(14059): java.net.ConnectException: Failed to connect to 5aa25954e40ffb18984989b59487dfe054549e213a2e64a12187f8deb5a4cb5.us-east-1.prod.service.minerva.devices.a2z.com/[::]:443
06-04 03:48:35.872 W/MetricsTransmissionManager(14059): Transmission failed on unexpected error, IOException, and re-try metric batch.
06-04 03:48:35.888 W/MetricsTransporter(14059): IOException thrown when uploading metrics
06-04 03:48:35.888 W/MetricsTransporter(14059): java.net.ConnectException: Failed to connect to 5aa25954e40ffb18984989b59487dfe054549e213a2e64a12187f8deb5a4cb5.us-east-1.prod.service.minerva.devices.a2z.com/[::]:443
06-04 03:48:35.889 W/MetricsTransmissionManager(14059): Transmission failed on unexpected error, IOException, and re-try metric batch.
06-04 03:48:35.905 W/MetricsTransporter(14059): IOException thrown when uploading metrics
06-04 03:48:35.905 W/MetricsTransporter(14059): java.net.ConnectException: Failed to connect to 5aa25954e40ffb18984989b59487dfe054549e213a2e64a12187f8deb5a4cb5.us-east-1.prod.service.minerva.devices.a2z.com/[::]:443
06-04 03:48:35.906 W/MetricsTransmissionManager(14059): Transmission failed on unexpected error, IOException, and re-try metric batch.
06-04 03:48:35.923 W/MetricsTransporter(14059): IOException thrown when uploading metrics
06-04 03:48:35.923 W/MetricsTransporter(14059): java.net.ConnectException: Failed to connect to 5aa25954e40ffb18984989b59487dfe054549e213a2e64a12187f8deb5a4cb5.us-east-1.prod.service.minerva.devices.a2z.com/[::]:443
06-04 03:48:35.924 W/MetricsTransmissionManager(14059): Transmission failed on unexpected error, IOException, and re-try metric batch.
06-04 03:48:35.940 W/MetricsTransporter(14059): IOException thrown when uploading metrics
06-04 03:48:35.940 W/MetricsTransporter(14059): java.net.ConnectException: Failed to connect to 5aa25954e40ffb18984989b59487dfe054549e213a2e64a12187f8deb5a4cb5.us-east-1.prod.service.minerva.devices.a2z.com/[::]:443
06-04 03:48:35.942 W/MetricsTransmissionManager(14059): Transmission failed on unexpected error, IOException, and re-try metric batch.
06-04 03:48:36.232 E/YoutubeDS(31562): Alternative Extractor error: UNKNOWN
06-04 03:48:36.912 D/LOWI-9.0.1.68( 3454): [LOWIScanResultReceiver] Send scan meas to listener
06-04 03:48:36.912 D/LOWI-9.0.1.68( 3454): [LOWIScanResultReceiver] Enter passive listening mode
06-04 03:48:36.912 D/LOWI-9.0.1.68( 3454): [LOWIControllerExtn] sendLOWILpDiscoveryScanResponse: Not a discovery scan response
06-04 03:48:37.093 W/JavaBinder(31562): BinderProxy is being destroyed but the application did not call unlinkToDeath to unlink all of its death recipients beforehand.  Releasing leaked death recipient: WV.bf2
06-04 03:48:38.110 V/WindowManager( 3059):     startWCT=WindowContainerTransaction { changes = {} hops = [] errorCallbackToken=null taskFragmentOrganizer=null }
06-04 03:48:39.058 E/YoutubeDS(31562): Alternative Extractor error: UNKNOWN
06-04 03:48:39.906 V/Avrcp_ext( 4031): ActiveSession: MediaController (com.google.android.youtube@fccd4f6) Real Truth of Godi Media | Paper Leak उद्योग भूलना मत | Reply to All | Abhinay Sharma, Abhinay Maths, Abhinay Maths
06-04 03:48:39.907 D/Avrcp_ext( 4031): update #2:MediaPlayerInfo com.google.android.youtube (as 'YouTube') Type = 1, SubType = 0, Status = 2 Feature Bits [40 41 42 44 45 47 48 58] Controller: MediaController (com.google.android.youtube@fccd4f6) Real Truth of Godi Media | Paper Leak उद्योग भूलना मत | Reply to All | Abhinay Sharma, Abhinay Maths, Abhinay Maths
06-04 03:48:39.910 D/Avrcp_ext( 4031): updateCurrentController: MediaController (com.google.android.youtube@37471f) Real Truth of Godi Media | Paper Leak उद्योग भूलना मत | Reply to All | Abhinay Sharma, Abhinay Maths, Abhinay Maths to MediaController (com.google.android.youtube@fccd4f6) Real Truth of Godi Media | Paper Leak उद्योग भूलना मत | Reply to All | Abhinay Sharma, Abhinay Maths, Abhinay Maths
06-04 03:48:39.913 V/Avrcp_ext( 4031): updateCurrentMediaState: mMediaController: MediaController (com.google.android.youtube@fccd4f6) Real Truth of Godi Media | Paper Leak उद्योग भूलना मत | Reply to All | Abhinay Sharma, Abhinay Maths, Abhinay Maths
06-04 03:48:39.913 D/Avrcp_ext( 4031): isMusicActive = false mAudioPlaybackIsActive = false player state = PlaybackState {state=PAUSED(2), position=1276919, buffered position=0, speed=1.0, updated=256414354, actions=8615, custom actions=[], active item id=-1, error=null}
06-04 03:48:39.916 V/Avrcp_ext( 4031): updatePlaybackState, state: PlaybackState {state=PAUSED(2), position=1276919, buffered position=0, speed=1.0, updated=256414354, actions=8615, custom actions=[], active item id=-1, error=null} device: null
06-04 03:48:39.916 V/Avrcp_ext( 4031): updatePlayerStateAndPosition, old=PlaybackState {state=PAUSED(2), position=1276919, buffered position=0, speed=1.0, updated=256414354, actions=8615, custom actions=[], active item id=-1, error=null}, state=PlaybackState {state=PAUSED(2), position=1276919, buffered position=0, speed=1.0, updated=256414354, actions=8615, custom actions=[], active item id=-1, error=null}
06-04 03:48:39.916 V/Avrcp_ext( 4031): old state = PlaybackState {state=PAUSED(2), position=1276919, buffered position=0, speed=1.0, updated=256414354, actions=8615, custom actions=[], active item id=-1, error=null}, new state= PlaybackState {state=PAUSED(2), position=1276919, buffered position=0, speed=1.0, updated=256414354, actions=8615, custom actions=[], active item id=-1, error=null}
06-04 03:48:39.916 V/Avrcp_ext( 4031): updatePlaybackState (1): old=PlaybackState {state=PAUSED(2), position=1276919, buffered position=0, speed=1.0, updated=256414354, actions=8615, custom actions=[], active item id=-1, error=null}(2), new=PlaybackState {state=PAUSED(2), position=1276919, buffered position=0, speed=1.0, updated=256414354, actions=8615, custom actions=[], active item id=-1, error=null}(2)
06-04 03:48:39.916 V/Avrcp_ext( 4031): updatePlaybackState (1): old=PlaybackState {state=PAUSED(2), position=1276919, buffered position=0, speed=1.0, updated=256414354, actions=8615, custom actions=[], active item id=-1, error=null}(2), new=PlaybackState {state=PAUSED(2), position=1276919, buffered position=0, speed=1.0, updated=256414354, actions=8615, custom actions=[], active item id=-1, error=null}(2)
06-04 03:48:39.916 V/Avrcp_ext( 4031): updatePlaybackState (1): old=PlaybackState {state=PAUSED(2), position=1276919, buffered position=0, speed=1.0, updated=256414354, actions=8615, custom actions=[], active item id=-1, error=null}(2), new=PlaybackState {state=PAUSED(2), position=1276919, buffered position=0, speed=1.0, updated=256414354, actions=8615, custom actions=[], active item id=-1, error=null}(2)
06-04 03:48:39.916 V/Avrcp_ext( 4031): updatePlaybackState (1): old=PlaybackState {state=PAUSED(2), position=1276919, buffered position=0, speed=1.0, updated=256414354, actions=8615, custom actions=[], active item id=-1, error=null}(2), new=PlaybackState {state=PAUSED(2), position=1276919, buffered position=0, speed=1.0, updated=256414354, actions=8615, custom actions=[], active item id=-1, error=null}(2)
06-04 03:48:39.917 V/Avrcp_ext( 4031): updatePlaybackState (1): old=PlaybackState {state=PAUSED(2), position=1276919, buffered position=0, speed=1.0, updated=256414354, actions=8615, custom actions=[], active item id=-1, error=null}(2), new=PlaybackState {state=PAUSED(2), position=1276919, buffered position=0, speed=1.0, updated=256414354, actions=8615, custom actions=[], active item id=-1, error=null}(2)
06-04 03:48:39.917 W/McpService( 4031): updatePlaybackState state PlaybackState {state=PAUSED(2), position=1276919, buffered position=0, speed=1.0, updated=256414354, actions=8615, custom actions=[], active item id=-1, error=null}
06-04 03:48:39.917 W/Avrcp_ext( 4031): updated player state = PlaybackState {state=PAUSED(2), position=1276919, buffered position=0, speed=1.0, updated=256414354, actions=8615, custom actions=[], active item id=-1, error=null}to MCP module also
06-04 03:48:39.918 V/Avrcp_ext( 4031): updateCurrentMediaState: mMediaController: MediaController (com.google.android.youtube@fccd4f6) Real Truth of Godi Media | Paper Leak उद्योग भूलना मत | Reply to All | Abhinay Sharma, Abhinay Maths, Abhinay Maths
06-04 03:48:39.918 D/Avrcp_ext( 4031): isMusicActive = false mAudioPlaybackIsActive = false player state = PlaybackState {state=PAUSED(2), position=1276919, buffered position=0, speed=1.0, updated=256414354, actions=8615, custom actions=[], active item id=-1, error=null}
06-04 03:48:39.921 V/Avrcp_ext( 4031): updatePlaybackState, state: PlaybackState {state=PAUSED(2), position=1276919, buffered position=0, speed=1.0, updated=256414354, actions=8615, custom actions=[], active item id=-1, error=null} device: null
06-04 03:48:39.921 V/Avrcp_ext( 4031): updatePlayerStateAndPosition, old=PlaybackState {state=PAUSED(2), position=1276919, buffered position=0, speed=1.0, updated=256414354, actions=8615, custom actions=[], active item id=-1, error=null}, state=PlaybackState {state=PAUSED(2), position=1276919, buffered position=0, speed=1.0, updated=256414354, actions=8615, custom actions=[], active item id=-1, error=null}
06-04 03:48:39.921 V/Avrcp_ext( 4031): old state = PlaybackState {state=PAUSED(2), position=1276919, buffered position=0, speed=1.0, updated=256414354, actions=8615, custom actions=[], active item id=-1, error=null}, new state= PlaybackState {state=PAUSED(2), position=1276919, buffered position=0, speed=1.0, updated=256414354, actions=8615, custom actions=[], active item id=-1, error=null}
06-04 03:48:39.921 V/Avrcp_ext( 4031): updatePlaybackState (1): old=PlaybackState {state=PAUSED(2), position=1276919, buffered position=0, speed=1.0, updated=256414354, actions=8615, custom actions=[], active item id=-1, error=null}(2), new=PlaybackState {state=PAUSED(2), position=1276919, buffered position=0, speed=1.0, updated=256414354, actions=8615, custom actions=[], active item id=-1, error=null}(2)
06-04 03:48:39.922 V/Avrcp_ext( 4031): updatePlaybackState (1): old=PlaybackState {state=PAUSED(2), position=1276919, buffered position=0, speed=1.0, updated=256414354, actions=8615, custom actions=[], active item id=-1, error=null}(2), new=PlaybackState {state=PAUSED(2), position=1276919, buffered position=0, speed=1.0, updated=256414354, actions=8615, custom actions=[], active item id=-1, error=null}(2)
06-04 03:48:39.922 V/Avrcp_ext( 4031): updatePlaybackState (1): old=PlaybackState {state=PAUSED(2), position=1276919, buffered position=0, speed=1.0, updated=256414354, actions=8615, custom actions=[], active item id=-1, error=null}(2), new=PlaybackState {state=PAUSED(2), position=1276919, buffered position=0, speed=1.0, updated=256414354, actions=8615, custom actions=[], active item id=-1, error=null}(2)
06-04 03:48:39.922 V/Avrcp_ext( 4031): updatePlaybackState (1): old=PlaybackState {state=PAUSED(2), position=1276919, buffered position=0, speed=1.0, updated=256414354, actions=8615, custom actions=[], active item id=-1, error=null}(2), new=PlaybackState {state=PAUSED(2), position=1276919, buffered position=0, speed=1.0, updated=256414354, actions=8615, custom actions=[], active item id=-1, error=null}(2)
06-04 03:48:39.922 V/Avrcp_ext( 4031): updatePlaybackState (1): old=PlaybackState {state=PAUSED(2), position=1276919, buffered position=0, speed=1.0, updated=256414354, actions=8615, custom actions=[], active item id=-1, error=null}(2), new=PlaybackState {state=PAUSED(2), position=1276919, buffered position=0, speed=1.0, updated=256414354, actions=8615, custom actions=[], active item id=-1, error=null}(2)
06-04 03:48:39.922 W/McpService( 4031): updatePlaybackState state PlaybackState {state=PAUSED(2), position=1276919, buffered position=0, speed=1.0, updated=256414354, actions=8615, custom actions=[], active item id=-1, error=null}
06-04 03:48:39.922 W/Avrcp_ext( 4031): updated player state = PlaybackState {state=PAUSED(2), position=1276919, buffered position=0, speed=1.0, updated=256414354, actions=8615, custom actions=[], active item id=-1, error=null}to MCP module also
06-04 03:48:39.928 V/Avrcp_ext( 4031): ActiveSession: MediaController (com.google.android.youtube@cdfd85) Real Truth of Godi Media | Paper Leak उद्योग भूलना मत | Reply to All | Abhinay Sharma, Abhinay Maths, Abhinay Maths
06-04 03:48:39.932 D/Avrcp_ext( 4031): update #2:MediaPlayerInfo com.google.android.youtube (as 'YouTube') Type = 1, SubType = 0, Status = 2 Feature Bits [40 41 42 44 45 47 48 58] Controller: MediaController (com.google.android.youtube@cdfd85) Real Truth of Godi Media | Paper Leak उद्योग भूलना मत | Reply to All | Abhinay Sharma, Abhinay Maths, Abhinay Maths
06-04 03:48:39.939 D/Avrcp_ext( 4031): updateCurrentController: MediaController (com.google.android.youtube@fccd4f6) Real Truth of Godi Media | Paper Leak उद्योग भूलना मत | Reply to All | Abhinay Sharma, Abhinay Maths, Abhinay Maths to MediaController (com.google.android.youtube@cdfd85) Real Truth of Godi Media | Paper Leak उद्योग भूलना मत | Reply to All | Abhinay Sharma, Abhinay Maths, Abhinay Maths
06-04 03:48:39.945 V/Avrcp_ext( 4031): updateCurrentMediaState: mMediaController: MediaController (com.google.android.youtube@cdfd85) Real Truth of Godi Media | Paper Leak उद्योग भूलना मत | Reply to All | Abhinay Sharma, Abhinay Maths, Abhinay Maths
06-04 03:48:39.945 D/Avrcp_ext( 4031): isMusicActive = false mAudioPlaybackIsActive = false player state = PlaybackState {state=PAUSED(2), position=1276919, buffered position=0, speed=1.0, updated=256414354, actions=8615, custom actions=[], active item id=-1, error=null}
06-04 03:48:39.951 V/Avrcp_ext( 4031): updatePlaybackState, state: PlaybackState {state=PAUSED(2), position=1276919, buffered position=0, speed=1.0, updated=256414354, actions=8615, custom actions=[], active item id=-1, error=null} device: null
06-04 03:48:39.951 V/Avrcp_ext( 4031): updatePlayerStateAndPosition, old=PlaybackState {state=PAUSED(2), position=1276919, buffered position=0, speed=1.0, updated=256414354, actions=8615, custom actions=[], active item id=-1, error=null}, state=PlaybackState {state=PAUSED(2), position=1276919, buffered position=0, speed=1.0, updated=256414354, actions=8615, custom actions=[], active item id=-1, error=null}
06-04 03:48:39.951 V/Avrcp_ext( 4031): old state = PlaybackState {state=PAUSED(2), position=1276919, buffered position=0, speed=1.0, updated=256414354, actions=8615, custom actions=[], active item id=-1, error=null}, new state= PlaybackState {state=PAUSED(2), position=1276919, buffered position=0, speed=1.0, updated=256414354, actions=8615, custom actions=[], active item id=-1, error=null}
06-04 03:48:39.952 V/Avrcp_ext( 4031): updatePlaybackState (1): old=PlaybackState {state=PAUSED(2), position=1276919, buffered position=0, speed=1.0, updated=256414354, actions=8615, custom actions=[], active item id=-1, error=null}(2), new=PlaybackState {state=PAUSED(2), position=1276919, buffered position=0, speed=1.0, updated=256414354, actions=8615, custom actions=[], active item id=-1, error=null}(2)
06-04 03:48:39.952 V/Avrcp_ext( 4031): updatePlaybackState (1): old=PlaybackState {state=PAUSED(2), position=1276919, buffered position=0, speed=1.0, updated=256414354, actions=8615, custom actions=[], active item id=-1, error=null}(2), new=PlaybackState {state=PAUSED(2), position=1276919, buffered position=0, speed=1.0, updated=256414354, actions=8615, custom actions=[], active item id=-1, error=null}(2)
06-04 03:48:39.952 V/Avrcp_ext( 4031): updatePlaybackState (1): old=PlaybackState {state=PAUSED(2), position=1276919, buffered position=0, speed=1.0, updated=256414354, actions=8615, custom actions=[], active item id=-1, error=null}(2), new=PlaybackState {state=PAUSED(2), position=1276919, buffered position=0, speed=1.0, updated=256414354, actions=8615, custom actions=[], active item id=-1, error=null}(2)
06-04 03:48:39.953 V/Avrcp_ext( 4031): updatePlaybackState (1): old=PlaybackState {state=PAUSED(2), position=1276919, buffered position=0, speed=1.0, updated=256414354, actions=8615, custom actions=[], active item id=-1, error=null}(2), new=PlaybackState {state=PAUSED(2), position=1276919, buffered position=0, speed=1.0, updated=256414354, actions=8615, custom actions=[], active item id=-1, error=null}(2)
06-04 03:48:39.953 V/Avrcp_ext( 4031): updatePlaybackState (1): old=PlaybackState {state=PAUSED(2), position=1276919, buffered position=0, speed=1.0, updated=256414354, actions=8615, custom actions=[], active item id=-1, error=null}(2), new=PlaybackState {state=PAUSED(2), position=1276919, buffered position=0, speed=1.0, updated=256414354, actions=8615, custom actions=[], active item id=-1, error=null}(2)
