06-16 01:40:57.854  3286  4228 W ProcessStats: Tracking association SourceState{7a405c7 com.google.android.gms.persistent/10192 BTop #105248} whose proc state 2 is better than process ProcessState{94479f4 com.google.android.adservices.api/10357 pkg=com.google.android.adservices.api} proc state 13 (49 skipped)
06-16 01:40:58.329  3286  7395 I MR2ServiceImpl: startScan | manager: 1
06-16 01:40:59.492  4198  4198 D ViewRootImpl: update {(0,102)(wrapxwrap) gr=BOTTOM CENTER ty=TOAST fmt=TRANSLUCENT
06-16 01:40:59.492  4198  4198 D ViewRootImpl:   fl=NOT_FOCUSABLE NOT_TOUCHABLE KEEP_SCREEN_ON HARDWARE_ACCELERATED
06-16 01:40:59.492  4198  4198 D ViewRootImpl:   pfl=FIT_INSETS_CONTROLLED TRUSTED_OVERLAY
06-16 01:40:59.492  4198  4198 D ViewRootImpl:   bhv=DEFAULT
06-16 01:40:59.492  4198  4198 D ViewRootImpl:   fitTypes=STATUS_BARS NAVIGATION_BARS CAPTION_BAR
06-16 01:40:59.492  4198  4198 D ViewRootImpl:   fitIgnoreVis} by setView
06-16 01:40:59.499  3286  4228 D CoreBackPreview: Window{e36036d u0 Toast}: Setting back callback OnBackInvokedCallbackInfo{mCallback=android.window.IOnBackInvokedCallback$Stub$Proxy@9f19ff0, mPriority=0, mIsAnimationCallback=false}
06-16 01:40:59.521  3286  7395 I MR2ServiceImpl: stopScan | manager: 1
06-16 01:41:02.072  3286  3303 D CoreBackPreview: Window{e36036d u0 Toast}: Setting back callback null
06-16 01:41:02.083  3286  3303 W NotificationService: Toast already killed. pkg=com.deepeye.musicpro token=android.os.BinderProxy@1129261
06-16 01:41:02.800  3286  6606 I MediaSessionStack: onPlaybackStateChanged - Pushing session to top | record: com.deepeye.musicpro/androidx.media3.session.id. (userId=0)
06-16 01:41:02.801  3286  6606 I ActivityManager: Background started FGS: Allowed [callingPackage: com.deepeye.musicpro; callingUid: 10527; uidState: TOP ; uidBFSL: [BFSL]; intent: Intent { cmp=com.deepeye.musicpro/.player.service.MusicPlayerService }; code:PROC_STATE_TOP; tempAllowListReason:<null>; targetSdkVersion:34; callerTargetSdkVersion:34; startForegroundCount:38; bindFromPackage:null: isBindService:false]
06-16 01:41:03.270  3286  4228 I MR2ServiceImpl: startScan | manager: 1
06-16 01:41:04.150  4198  4198 D ViewRootImpl: update {(0,102)(wrapxwrap) gr=BOTTOM CENTER ty=TOAST fmt=TRANSLUCENT
06-16 01:41:04.150  4198  4198 D ViewRootImpl:   fl=NOT_FOCUSABLE NOT_TOUCHABLE KEEP_SCREEN_ON HARDWARE_ACCELERATED
06-16 01:41:04.150  4198  4198 D ViewRootImpl:   pfl=FIT_INSETS_CONTROLLED TRUSTED_OVERLAY
06-16 01:41:04.150  4198  4198 D ViewRootImpl:   bhv=DEFAULT
06-16 01:41:04.150  4198  4198 D ViewRootImpl:   fitTypes=STATUS_BARS NAVIGATION_BARS CAPTION_BAR
06-16 01:41:04.150  4198  4198 D ViewRootImpl:   fitIgnoreVis} by setView
06-16 01:41:04.157  3286  3303 D CoreBackPreview: Window{2dd3de1 u0 Toast}: Setting back callback OnBackInvokedCallbackInfo{mCallback=android.window.IOnBackInvokedCallback$Stub$Proxy@dbf23f4, mPriority=0, mIsAnimationCallback=false}
06-16 01:41:04.180  3286  3303 I MR2ServiceImpl: stopScan | manager: 1
06-16 01:41:06.729  3286  3304 D CoreBackPreview: Window{2dd3de1 u0 Toast}: Setting back callback null
06-16 01:41:06.739  3286  3304 W NotificationService: Toast already killed. pkg=com.deepeye.musicpro token=android.os.BinderProxy@2a48b60
06-16 01:41:07.476  3286  4228 I MediaSessionStack: onPlaybackStateChanged - Pushing session to top | record: com.deepeye.musicpro/androidx.media3.session.id. (userId=0)
06-16 01:41:07.476  3286  3304 I ActivityManager: Background started FGS: Allowed [callingPackage: com.deepeye.musicpro; callingUid: 10527; uidState: TOP ; uidBFSL: [BFSL]; intent: Intent { cmp=com.deepeye.musicpro/.player.service.MusicPlayerService }; code:PROC_STATE_TOP; tempAllowListReason:<null>; targetSdkVersion:34; callerTargetSdkVersion:34; startForegroundCount:39; bindFromPackage:null: isBindService:false]
06-16 01:41:07.952  3286  3303 I MR2ServiceImpl: startScan | manager: 1
06-16 01:41:07.955  3286  3286 W ProcessStats: Tracking association SourceState{7a405c7 com.google.android.gms.persistent/10192 BTop #105283} whose proc state 2 is better than process ProcessState{94479f4 com.google.android.adservices.api/10357 pkg=com.google.android.adservices.api} proc state 13 (25 skipped)
06-16 01:41:08.880  4198  4198 D ViewRootImpl: update {(0,102)(wrapxwrap) gr=BOTTOM CENTER ty=TOAST fmt=TRANSLUCENT
06-16 01:41:08.880  4198  4198 D ViewRootImpl:   fl=NOT_FOCUSABLE NOT_TOUCHABLE KEEP_SCREEN_ON HARDWARE_ACCELERATED
06-16 01:41:08.880  4198  4198 D ViewRootImpl:   pfl=FIT_INSETS_CONTROLLED TRUSTED_OVERLAY
06-16 01:41:08.880  4198  4198 D ViewRootImpl:   bhv=DEFAULT
06-16 01:41:08.880  4198  4198 D ViewRootImpl:   fitTypes=STATUS_BARS NAVIGATION_BARS CAPTION_BAR
06-16 01:41:08.880  4198  4198 D ViewRootImpl:   fitIgnoreVis} by setView
06-16 01:41:08.889  3286  4271 D CoreBackPreview: Window{1ceaf43 u0 Toast}: Setting back callback OnBackInvokedCallbackInfo{mCallback=android.window.IOnBackInvokedCallback$Stub$Proxy@a92463e, mPriority=0, mIsAnimationCallback=false}
06-16 01:41:08.917  3286  6909 I MR2ServiceImpl: stopScan | manager: 1
06-16 01:41:09.398  3286  4271 I MediaSessionStack: onPlaybackStateChanged - Pushing session to top | record: com.deepeye.musicpro/androidx.media3.session.id. (userId=0)
06-16 01:41:09.399  3286  4271 I ActivityManager: Background started FGS: Allowed [callingPackage: com.deepeye.musicpro; callingUid: 10527; uidState: TOP ; uidBFSL: [BFSL]; intent: Intent { cmp=com.deepeye.musicpro/.player.service.MusicPlayerService }; code:PROC_STATE_TOP; tempAllowListReason:<null>; targetSdkVersion:34; callerTargetSdkVersion:34; startForegroundCount:40; bindFromPackage:null: isBindService:false]
06-16 01:41:09.879  3286  7151 I MR2ServiceImpl: startScan | manager: 1
06-16 01:41:11.168  3286  6909 I MR2ServiceImpl: stopScan | manager: 1
06-16 01:41:11.456  3286  4271 D CoreBackPreview: Window{1ceaf43 u0 Toast}: Setting back callback null
06-16 01:41:11.461  3286  4271 W NotificationService: Toast already killed. pkg=com.deepeye.musicpro token=android.os.BinderProxy@c4cbec3
06-16 01:41:11.469  4198  4198 D ViewRootImpl: update {(0,102)(wrapxwrap) gr=BOTTOM CENTER ty=TOAST fmt=TRANSLUCENT
06-16 01:41:11.469  4198  4198 D ViewRootImpl:   fl=NOT_FOCUSABLE NOT_TOUCHABLE KEEP_SCREEN_ON HARDWARE_ACCELERATED
06-16 01:41:11.469  4198  4198 D ViewRootImpl:   pfl=FIT_INSETS_CONTROLLED TRUSTED_OVERLAY
06-16 01:41:11.469  4198  4198 D ViewRootImpl:   bhv=DEFAULT
06-16 01:41:11.469  4198  4198 D ViewRootImpl:   fitTypes=STATUS_BARS NAVIGATION_BARS CAPTION_BAR
06-16 01:41:11.469  4198  4198 D ViewRootImpl:   fitIgnoreVis} by setView
06-16 01:41:11.478  3286  3304 D CoreBackPreview: Window{b3de36c u0 Toast}: Setting back callback OnBackInvokedCallbackInfo{mCallback=android.window.IOnBackInvokedCallback$Stub$Proxy@885433b, mPriority=0, mIsAnimationCallback=false}
06-16 01:41:14.039  3286  3304 D CoreBackPreview: Window{b3de36c u0 Toast}: Setting back callback null
06-16 01:41:14.049  3286  3304 W NotificationService: Toast already killed. pkg=com.deepeye.musicpro token=android.os.BinderProxy@eeaa6f4
06-16 01:41:14.546  3286  4271 I MediaSessionStack: onPlaybackStateChanged - Pushing session to top | record: com.deepeye.musicpro/androidx.media3.session.id. (userId=0)
06-16 01:41:14.546  3286  4271 I ActivityManager: Background started FGS: Allowed [callingPackage: com.deepeye.musicpro; callingUid: 10527; uidState: TOP ; uidBFSL: [BFSL]; intent: Intent { cmp=com.deepeye.musicpro/.player.service.MusicPlayerService }; code:PROC_STATE_TOP; tempAllowListReason:<null>; targetSdkVersion:34; callerTargetSdkVersion:34; startForegroundCount:41; bindFromPackage:null: isBindService:false]
06-16 01:41:15.017  3286  4271 I MR2ServiceImpl: startScan | manager: 1
06-16 01:41:16.239  4198  4198 D ViewRootImpl: update {(0,102)(wrapxwrap) gr=BOTTOM CENTER ty=TOAST fmt=TRANSLUCENT
06-16 01:41:16.239  4198  4198 D ViewRootImpl:   fl=NOT_FOCUSABLE NOT_TOUCHABLE KEEP_SCREEN_ON HARDWARE_ACCELERATED
06-16 01:41:16.239  4198  4198 D ViewRootImpl:   pfl=FIT_INSETS_CONTROLLED TRUSTED_OVERLAY
06-16 01:41:16.239  4198  4198 D ViewRootImpl:   bhv=DEFAULT
06-16 01:41:16.239  4198  4198 D ViewRootImpl:   fitTypes=STATUS_BARS NAVIGATION_BARS CAPTION_BAR
06-16 01:41:16.239  4198  4198 D ViewRootImpl:   fitIgnoreVis} by setView
06-16 01:41:16.255  3286  7050 D CoreBackPreview: Window{c75234a u0 Toast}: Setting back callback OnBackInvokedCallbackInfo{mCallback=android.window.IOnBackInvokedCallback$Stub$Proxy@6e27331, mPriority=0, mIsAnimationCallback=false}
06-16 01:41:16.320  3286  4271 I MR2ServiceImpl: stopScan | manager: 1
06-16 01:41:18.795  3286  4228 D CoreBackPreview: Window{c75234a u0 Toast}: Setting back callback null
06-16 01:41:18.804  3286  4228 W NotificationService: Toast already killed. pkg=com.deepeye.musicpro token=android.os.BinderProxy@b610125
06-16 01:41:19.592  3286  4271 I MediaSessionStack: onPlaybackStateChanged - Pushing session to top | record: com.deepeye.musicpro/androidx.media3.session.id. (userId=0)
06-16 01:41:19.592  3286  4228 I ActivityManager: Background started FGS: Allowed [callingPackage: com.deepeye.musicpro; callingUid: 10527; uidState: TOP ; uidBFSL: [BFSL]; intent: Intent { cmp=com.deepeye.musicpro/.player.service.MusicPlayerService }; code:PROC_STATE_TOP; tempAllowListReason:<null>; targetSdkVersion:34; callerTargetSdkVersion:34; startForegroundCount:42; bindFromPackage:null: isBindService:false]
06-16 01:41:19.593  3286  4228 W ProcessStats: Tracking association SourceState{7a405c7 com.google.android.gms.persistent/10192 BTop #105334} whose proc state 2 is better than process ProcessState{94479f4 com.google.android.adservices.api/10357 pkg=com.google.android.adservices.api} proc state 13 (33 skipped)
06-16 01:41:20.053  3286  3304 I MR2ServiceImpl: startScan | manager: 1
06-16 01:41:21.150  4198  4198 D ViewRootImpl: update {(0,102)(wrapxwrap) gr=BOTTOM CENTER ty=TOAST fmt=TRANSLUCENT
06-16 01:41:21.150  4198  4198 D ViewRootImpl:   fl=NOT_FOCUSABLE NOT_TOUCHABLE KEEP_SCREEN_ON HARDWARE_ACCELERATED
06-16 01:41:21.150  4198  4198 D ViewRootImpl:   pfl=FIT_INSETS_CONTROLLED TRUSTED_OVERLAY
06-16 01:41:21.150  4198  4198 D ViewRootImpl:   bhv=DEFAULT
06-16 01:41:21.150  4198  4198 D ViewRootImpl:   fitTypes=STATUS_BARS NAVIGATION_BARS CAPTION_BAR
06-16 01:41:21.150  4198  4198 D ViewRootImpl:   fitIgnoreVis} by setView
06-16 01:41:21.167  3286  4271 D CoreBackPreview: Window{ed067b8 u0 Toast}: Setting back callback OnBackInvokedCallbackInfo{mCallback=android.window.IOnBackInvokedCallback$Stub$Proxy@1609cf7, mPriority=0, mIsAnimationCallback=false}
06-16 01:41:21.234  3286  7152 I MR2ServiceImpl: stopScan | manager: 1
06-16 01:41:23.457  3286  3286 V UiModeManager: updateLocked: null action, mDockState=0, category=null
06-16 01:41:23.457  3286  3286 D UiModeManager: updateConfigurationLocked: mDockState=0; mCarMode=false; mNightMode=2; mNightModeCustomType=-1; uiMode=33
06-16 01:41:23.460  4198  5218 D PowerUI : can't show warning due to - plugged: true status unknown: false
06-16 01:41:23.730  3286  7050 D CoreBackPreview: Window{ed067b8 u0 Toast}: Setting back callback null
06-16 01:41:23.740  3286  7050 W NotificationService: Toast already killed. pkg=com.deepeye.musicpro token=android.os.BinderProxy@32939db
06-16 01:41:24.498  3286  3708 I MediaSessionStack: onPlaybackStateChanged - Pushing session to top | record: com.deepeye.musicpro/androidx.media3.session.id. (userId=0)
06-16 01:41:24.498  3286  7050 I ActivityManager: Background started FGS: Allowed [callingPackage: com.deepeye.musicpro; callingUid: 10527; uidState: TOP ; uidBFSL: [BFSL]; intent: Intent { cmp=com.deepeye.musicpro/.player.service.MusicPlayerService }; code:PROC_STATE_TOP; tempAllowListReason:<null>; targetSdkVersion:34; callerTargetSdkVersion:34; startForegroundCount:43; bindFromPackage:null: isBindService:false]
06-16 01:41:24.935  3286  3428 I PackageManager: Integrity check passed for file:///data/app/vmdl1990113329.tmp
06-16 01:41:24.950  3286  3349 I ActivityManager: Force stopping com.deepeye.musicpro appid=10527 user=-1: installPackageLI
06-16 01:41:24.952  3286  3428 I PackageManager: Update package com.deepeye.musicpro code path from /data/app/~~CbJwCzR_IP7MkpBGf1eLlw==/com.deepeye.musicpro-G4LjmttzW8w7uU39RA_TWQ== to /data/app/~~xR8UIQaC626W5-HAPh7QSA==/com.deepeye.musicpro-4KKiiN8QlLMxiar4CmOtXw==; Retain data and using new
06-16 01:41:24.952  3286  3349 I ActivityManager: Killing 1235:com.deepeye.musicpro/u0a527 (adj 0, setSvc -10000): stop com.deepeye.musicpro due to installPackageLI
06-16 01:41:24.952  3286  3428 I AppsFilter: interaction: PackageSetting{129f75a com.deepeye.agent/10515} -> PackageSetting{835e98f com.deepeye.musicpro/10527} BLOCKED
06-16 01:41:24.952  3286  3428 I AppsFilter: interaction: PackageSetting{fafe44e com.deepeye.musicpro.extractor.plugin/10523} -> PackageSetting{835e98f com.deepeye.musicpro/10527} BLOCKED
06-16 01:41:24.953  3286  3428 I AppsFilter: interaction: PackageSetting{129f75a com.deepeye.agent/10515} -> PackageSetting{528349c com.deepeye.musicpro/10527} BLOCKED
06-16 01:41:24.953  3286  3428 I AppsFilter: interaction: PackageSetting{fafe44e com.deepeye.musicpro.extractor.plugin/10523} -> PackageSetting{528349c com.deepeye.musicpro/10527} BLOCKED
06-16 01:41:24.965  3286  3428 I PermissionManager: Permission ownership changed. Updating all permissions.
06-16 01:41:25.058  3286  7152 I WindowManager: WIN DEATH: Window{53a40f9 u0 com.deepeye.musicpro/com.deepeye.musicpro.MainActivity}
06-16 01:41:25.060  3286  7151 I MediaSessionStack: removeSession | record: com.deepeye.musicpro/androidx.media3.session.id. (userId=0)
06-16 01:41:25.066  3286  7152 D PowerManagerService: nativeReleaseSuspendBlocker name:PowerManagerService.WakeLocks duration ms: 0
06-16 01:41:25.102  3286  3428 W PackageSettings: Skipping PackageSetting{64e2815 com.whatsapp/10465} due to missing metadata
06-16 01:41:25.103  3286  3428 W PackageSettings: Skipping PackageSetting{4bba72a us.zoom.videomeetings/10399} due to missing metadata
06-16 01:41:25.109  3286  3340 D DisplayManagerService: Drop pending events for gone uid 10527
06-16 01:41:25.112  3286  3349 D CompatibilityChangeReporter: Compat change id reported: 261072174; UID 10192; state: ENABLED
06-16 01:41:25.112  3286  3339 W Looper  : Slow dispatch took 145ms android.fg h=android.os.Handler c=<recycled PooledLambda@2feb98> m=0
06-16 01:41:25.112  3286  3349 D CompatibilityChangeReporter: Compat change id reported: 261072174; UID 10228; state: ENABLED
06-16 01:41:25.112  3286  3340 W Looper  : Slow dispatch took 161ms android.ui h=com.android.server.am.ActivityManagerService$UiHandler c=com.android.server.am.UidObserverController$$ExternalSyntheticLambda0@d6c5c72 m=0
06-16 01:41:25.112  3286  6397 D PowerManagerService: nativeAcquireSuspendBlocker name:PowerManagerService.WakeLocks duration ms: 2
06-16 01:41:25.113  3286  3349 W ActivityManager: pid 3286 system sent binder code 41 with flags 1 to frozen apps and got error -32
06-16 01:41:25.113  3286  3349 I ActivityManager: Killing 1643:com.google.android.webview:sandboxed_process0:org.chromium.content.app.SandboxedProcessService0:0/u0a527i55 (adj 0, setSvc -10000): isolated not needed
06-16 01:41:25.117  3286  3349 W ActivityTaskManager: Force removing ActivityRecord{d1708bf u0 com.deepeye.musicpro/.MainActivity t7092 f}}: app died, no saved state
06-16 01:41:25.120  4198  4238 V WindowManagerShell: Transition requested: android.os.BinderProxy@9b6e423 TransitionRequestInfo { type = 2, triggerTask = TaskInfo{userId=0 taskId=7092 displayId=0 isRunning=false baseIntent=Intent { flg=0x10000000 cmp=com.deepeye.musicpro/.MainActivity } baseActivity=null topActivity=null origActivity=null realActivity=ComponentInfo{com.deepeye.musicpro/com.deepeye.musicpro.MainActivity} numActivities=0 lastActiveTime=47642191 supportsMultiWindow=true supportsGlobalFreeform=true resizeMode=1 isResizeable=true isAppLocked=false canKillAndRestart=false isShowDecorCaptionWindowRequest=false minWidth=-1 minHeight=-1 defaultMinSize=200 token=WCT{android.window.IWindowContainerToken$Stub$Proxy@273fd20} topActivityType=1 pictureInPictureParams=null shouldDockBigOverlays=false launchIntoPipHostTaskId=-1 lastParentTaskIdBeforePip=-1 displayCutoutSafeInsets=Rect(0, 90 - 0, 0) topActivityInfo=null launchCookies=[] positionInParent=Point(0, 0) parentTaskId=-1 isFocused=true isVisible=true isVisibleRequested=true isSleeping=false topActivityInSizeCompat=false topActivityEligibleForLetterboxEducation= false topActivityLetterboxed= false isFromDoubleTap= false topActivityLetterboxVerticalPosition= -1 topActivityLetterboxHorizontalPosition= -1 topActivityLetterboxWidth=-1 topActivityLetterboxHeight=-1 locusId=null displayAreaFeatureId=1 cameraCompatControlState=hidden}, remoteTransition = null, displayChange = null, flags = 0 }
06-16 01:41:25.120  3286  6612 I MR2ServiceImpl: startScan | manager: 1
06-16 01:41:25.122  3286  3349 D ActivityTaskManager: handleAppDied: uid=10527,diedCount=0,lastDiedTime=0,forceStopUids=false
06-16 01:41:25.136  3286  3342 W ActivityManager: setHasOverlayUi called on unknown pid: 1235
06-16 01:41:25.137  3286  3342 V WindowManager: Unknown focus tokens, dropping reportFocusChanged
06-16 01:41:25.272  3286  3286 D CompatibilityChangeReporter: Compat change id reported: 261072174; UID 10200; state: ENABLED
06-16 01:41:25.280  3286  7395 V ActivityManager: Got obituary of 1235:com.deepeye.musicpro
06-16 01:41:25.282  3286  3286 W Looper  : Slow dispatch took 161ms main h=com.android.server.media.MediaRouter2ServiceImpl$UserHandler c=<recycled PooledLambda@b545f6b> m=0
06-16 01:41:25.282  3286  4090 W TopAppMonitor: resend missed activity state ActivityState{com.deepeye.musicpro, userId=0, uid=10527, displayId=0, category=0, isLauncher=false, isTop=false, lastTopTime=47642201}
06-16 01:41:25.287  3286  7050 I ActivityManager: appDiedLocked: app=ProcessRecord{e28c0a5 1643:com.google.android.webview:sandboxed_process0:org.chromium.content.app.SandboxedProcessService0:0/u0a527i55} thread=android.os.BinderProxy@6fd3286 fromBinderDied=true isKilledByAm=true reason=null
06-16 01:41:25.302  3286  7050 D ActivityTaskManager: handleAppDied: uid=99055,diedCount=0,lastDiedTime=0,forceStopUids=false
06-16 01:41:25.310  3286  3340 W Looper  : Slow dispatch took 179ms android.ui h=com.android.server.am.ActivityManagerService$UiHandler c=com.android.server.am.UidObserverController$$ExternalSyntheticLambda0@d6c5c72 m=0
06-16 01:41:25.313  3286  3340 D DisplayManagerService: Drop pending events for gone uid 99055
06-16 01:41:25.324  3286  3428 D ActivityManager: unfreezing ProcessRecord{6cb5e65 10853:com.google.android.gms/u0a192}, reason = shouldNotFreeze_service_1: ProcessRecord{69d1df9 2925:com.google.android.gms.ui/u0a192}, adj = 920, adjType = cch-empty, adjSource = null
06-16 01:41:25.325  3286  3428 D ActivityManager: sync unfroze 10853 com.google.android.gms for 10
06-16 01:41:25.325  3286  3428 D ActivityManager: unfreezing ProcessRecord{a3a07f0 12527:com.google.process.gservices/u0a192}, reason = shouldNotFreeze_allowlist, adj = 925, adjType = cch-empty, adjSource = null
06-16 01:41:25.325  3286  3428 D ActivityManager: sync unfroze 12527 com.google.process.gservices for 10
06-16 01:41:25.325  3286  3428 D ActivityManager: unfreezing ProcessRecord{a7e9dcd 10802:com.google.android.gms.unstable/u0a192}, reason = shouldNotFreeze_allowlist, adj = 925, adjType = cch-empty, adjSource = null
06-16 01:41:25.325  3286  3428 D ActivityManager: sync unfroze 10802 com.google.android.gms.unstable for 10
06-16 01:41:25.325  3286  3428 D ActivityManager: unfreezing ProcessRecord{69d1df9 2925:com.google.android.gms.ui/u0a192}, reason = shouldNotFreeze_allowlist, adj = 935, adjType = cch-empty, adjSource = null
06-16 01:41:25.326  3286  3428 D ActivityManager: sync unfroze 2925 com.google.android.gms.ui for 10
06-16 01:41:25.333  3286  3339 V WindowManager: Sent Transition #518 createdAt=06-16 01:41:25.118 via request=TransitionRequestInfo { type = 2, triggerTask = TaskInfo{userId=0 taskId=7092 displayId=0 isRunning=false baseIntent=Intent { flg=0x10000000 cmp=com.deepeye.musicpro/.MainActivity } baseActivity=null topActivity=null origActivity=null realActivity=ComponentInfo{com.deepeye.musicpro/com.deepeye.musicpro.MainActivity} numActivities=0 lastActiveTime=47642191 supportsMultiWindow=true supportsGlobalFreeform=true resizeMode=1 isResizeable=true isAppLocked=false canKillAndRestart=true isShowDecorCaptionWindowRequest=false minWidth=-1 minHeight=-1 defaultMinSize=200 token=WCT{RemoteToken{eb2b14 Task{e8f5024 #7092 type=standard A=10527:com.deepeye.musicpro}}} topActivityType=1 pictureInPictureParams=null shouldDockBigOverlays=false launchIntoPipHostTaskId=-1 lastParentTaskIdBeforePip=-1 displayCutoutSafeInsets=Rect(0, 90 - 0, 0) topActivityInfo=null launchCookies=[] positionInParent=Point(0, 0) parentTaskId=-1 isFocused=true isVisible=true isVisibleRequested=true isSleeping=false topActivityInSizeCompat=false topActivityEligibleForLetterboxEducation= false topActivityLetterboxed= false isFromDoubleTap= false topActivityLetterboxVerticalPosition= -1 topActivityLetterboxHorizontalPosition= -1 topActivityLetterboxWidth=-1 topActivityLetterboxHeight=-1 locusId=null displayAreaFeatureId=1 cameraCompatControlState=hidden}, remoteTransition = null, displayChange = null, flags = 0 }
06-16 01:41:25.333  3286  3339 V WindowManager:     startWCT=WindowContainerTransaction { changes = {} hops = [] errorCallbackToken=null taskFragmentOrganizer=null }
06-16 01:41:25.333  3286  3339 V WindowManager:     info={id=518 t=CLOSE f=0x0 trk=0 r=[0@Point(0, 0)] c=[{WCT{RemoteToken{6efc357 Task{ef21b25 #1 type=home}}} m=TO_FRONT f=SHOW_WALLPAPER|MOVE_TO_TOP pTaskId=-1 leash=Surface(name=Task=1)/@0xad1b655 sb=Rect(0, 0 - 1080, 2400) eb=Rect(0, 0 - 1080, 2400) d=0},{null m=TO_FRONT f=IS_WALLPAPER leash=Surface(name=WallpaperWindowToken{7e78e8c token=android.os.Binder@5d967bf})/@0xbb5f013 sb=Rect(0, 0 - 1080, 2400) eb=Rect(0, 0 - 1080, 2400) d=0}]}
06-16 01:41:25.337  4198  4238 V WindowManagerShell: onTransitionReady android.os.BinderProxy@9b6e423: {id=518 t=CLOSE f=0x0 trk=0 r=[0@Point(0, 0)] c=[{WCT{android.window.IWindowContainerToken$Stub$Proxy@96c0019} m=TO_FRONT f=SHOW_WALLPAPER|MOVE_TO_TOP pTaskId=-1 leash=Surface(name=Task=1)/@0xf94bbf4 sb=Rect(0, 0 - 1080, 2400) eb=Rect(0, 0 - 1080, 2400) d=0},{null m=TO_FRONT f=IS_WALLPAPER leash=Surface(name=WallpaperWindowToken{7e78e8c token=android.os.Binder@5d967bf})/@0x6508f1d sb=Rect(0, 0 - 1080, 2400) eb=Rect(0, 0 - 1080, 2400) d=0}]}
06-16 01:41:25.337  4198  4238 V WindowManagerShell: Playing animation for (#518)android.os.BinderProxy@9b6e423@0
06-16 01:41:25.337  4198  4238 V WindowManagerShell:  try handler com.android.wm.shell.transition.DefaultMixedHandler@a3fe38c
06-16 01:41:25.337  4198  4238 V WindowManagerShell:  try handler com.android.wm.shell.keyguard.KeyguardTransitionHandler@ed0bad5
06-16 01:41:25.337  4198  4238 V WindowManagerShell:  try handler com.android.wm.shell.activityembedding.ActivityEmbeddingController@d8aa2ea
06-16 01:41:25.337  4198  4238 V WindowManagerShell:  try handler com.android.wm.shell.recents.RecentsTransitionHandler@ca6d9db
06-16 01:41:25.337  4198  4238 V ShellRecents: RecentsTransitionHandler.startAnimation: no controller found
06-16 01:41:25.337  4198  4238 V WindowManagerShell:  try handler com.android.wm.shell.pip.PipTransition@3cdac78
06-16 01:41:25.337  4198  4238 V WindowManagerShell:  try handler com.android.wm.shell.splitscreen.StageCoordinator@5ef2f51
06-16 01:41:25.337  4198  4238 V WindowManagerShell:  try handler com.android.wm.shell.transition.RemoteTransitionHandler@e803b6
06-16 01:41:25.337  4198  4238 V WindowManagerShell: Transition doesn't have explicit remote, search filters for match for {id=518 t=CLOSE f=0x0 trk=0 r=[0@Point(0, 0)] c=[{WCT{android.window.IWindowContainerToken$Stub$Proxy@96c0019} m=TO_FRONT f=SHOW_WALLPAPER|MOVE_TO_TOP pTaskId=-1 leash=Surface(name=Task=1)/@0xf94bbf4 sb=Rect(0, 0 - 1080, 2400) eb=Rect(0, 0 - 1080, 2400) d=0},{null m=TO_FRONT f=IS_WALLPAPER leash=Surface(name=WallpaperWindowToken{7e78e8c token=android.os.Binder@5d967bf})/@0x6508f1d sb=Rect(0, 0 - 1080, 2400) eb=Rect(0, 0 - 1080, 2400) d=0}]}
06-16 01:41:25.337  4198  4238 V WindowManagerShell:  Checking filter Pair{{types=[] flags=0x0] notFlags=0x100 checks=[{atype=home independent=true modes=[OPEN,TO_FRONT] flags=NONE mustBeTask=false order=TOP topActivity=ComponentInfo{com.motorola.launcher3/com.android.launcher3.uioverrides.QuickstepLauncher}},{atype=standard independent=true modes=[CLOSE,TO_BACK] flags=NONE mustBeTask=false order=ANY topActivity=null}]} RemoteTransition { remoteTransition = android.window.IRemoteTransition$Stub$Proxy@6ec3e4f, appThread = android.app.IApplicationThread$Stub$Proxy@dacc9dc, debugName = QuickstepLaunchHome }}
06-16 01:41:25.337  4198  4238 V WindowManagerShell:  Delegate animation for #518 to null
06-16 01:41:25.337  4198  4238 V WindowManagerShell:  try handler com.android.wm.shell.transition.DefaultTransitionHandler@8af38b7
06-16 01:41:25.337  4198  4238 V WindowManagerShell: start default transition animation, info = {id=518 t=CLOSE f=0x0 trk=0 r=[0@Point(0, 0)] c=[{WCT{android.window.IWindowContainerToken$Stub$Proxy@96c0019} m=TO_FRONT f=SHOW_WALLPAPER|MOVE_TO_TOP pTaskId=-1 leash=Surface(name=Task=1)/@0xf94bbf4 sb=Rect(0, 0 - 1080, 2400) eb=Rect(0, 0 - 1080, 2400) d=0},{null m=TO_FRONT f=IS_WALLPAPER leash=Surface(name=WallpaperWindowToken{7e78e8c token=android.os.Binder@5d967bf})/@0x6508f1d sb=Rect(0, 0 - 1080, 2400) eb=Rect(0, 0 - 1080, 2400) d=0}]}
06-16 01:41:25.338  4198  4238 V WindowManagerShell: loadAnimation: anim=android.view.animation.AnimationSet@b092abf animAttr=0x10 type=CLOSE isEntrance=true
06-16 01:41:25.342  4198  4238 V WindowManagerShell:  animated by com.android.wm.shell.transition.DefaultTransitionHandler@8af38b7
06-16 01:41:25.346  3286  3428 I AppsFilter: interaction: PackageSetting{129f75a com.deepeye.agent/10515} -> PackageSetting{528349c com.deepeye.musicpro/10527} BLOCKED
06-16 01:41:25.346  3286  3428 I AppsFilter: interaction: PackageSetting{fafe44e com.deepeye.musicpro.extractor.plugin/10523} -> PackageSetting{528349c com.deepeye.musicpro/10527} BLOCKED
06-16 01:41:25.363  3286  7396 W PackageConfigPersister: App-specific configuration not found for packageName: com.motorola.launcher3 and userId: 0
06-16 01:41:25.365  3286  3408 D KernelCpuUidUserSysTimeReader: Removing uids 99053-99053
06-16 01:41:25.365  3286  3408 D KernelCpuUidUserSysTimeReader: Removing uids 10526-10526
06-16 01:41:25.369  3286  3428 I ActivityManager: Force stopping com.deepeye.musicpro appid=10527 user=0: pkg removed
06-16 01:41:25.408  3286  7392 I MR2ServiceImpl: stopScan | manager: 1
06-16 01:41:25.450  3286  4058 E AppOps  : attributionTag VCN not declared in manifest of android
06-16 01:41:25.451  3286  4058 E AppOps  : attributionTag VCN not declared in manifest of android
06-16 01:41:25.451  3286  4058 E AppOps  : attributionTag VCN not declared in manifest of android
06-16 01:41:25.452  3286  4058 E AppOps  : attributionTag VCN not declared in manifest of android
06-16 01:41:25.465  3286  3286 D ActivityManager: unfreezing ProcessRecord{bf5ed93 32507:com.android.keychain/1000}, reason = shouldNotFreeze_allowlist, adj = 985, adjType = cch-empty, adjSource = null
06-16 01:41:25.465  3286  3286 D ActivityManager: sync unfroze 32507 com.android.keychain for 10
06-16 01:41:25.484  3286  3428 D CompatibilityChangeReporter: Compat change id reported: 168419799; UID 10527; state: DISABLED
06-16 01:41:25.484  3286  3428 D CompatibilityChangeReporter: Compat change id reported: 273564678; UID 10527; state: DISABLED
06-16 01:41:25.498  3286  3286 I Telecom : CarModeTracker: Package com.deepeye.musicpro is not tracked.: SSH.oR@HWU
06-16 01:41:25.500  3286  3286 I Telecom : InCallController: updateCarModeForConnections: car mode apps: : SSH.oR@HWU
06-16 01:41:25.502  3286  3349 D ActivityManager: unfreezing ProcessRecord{4abe6e4 28498:com.google.android.permissioncontroller/u0a365}, reason = unfreezeTemporarily, adj = 925, adjType = cch-empty, adjSource = null
06-16 01:41:25.505  3286  3286 I Telecom : InCallController: update carmode current:UserHandle{0} parent:null: SSH.oR@HWU
06-16 01:41:25.510  3286  3349 D ActivityManager: sync unfroze 28498 com.google.android.permissioncontroller for 3
06-16 01:41:25.581  3286  3428 D PackageInstallerSession: Marking session 1990113329 as applied
06-16 01:41:25.586  4198  4238 V WindowManagerShell: Transition animation finished (aborted=false), notifying core (#518)android.os.BinderProxy@9b6e423@0
06-16 01:41:25.588  3286  3339 V WindowManager: Finish Transition #518: created at 06-16 01:41:25.118 collect-started=0.035ms request-sent=0.452ms started=11.05ms ready=11.013ms sent=213.723ms finished=469.949ms
06-16 01:41:25.589  3286  1680 D IntervalStats: Unable to parse usage stats packages: [395, 396, 398, 399, 400, 402, 403, 404, 405, 406, 407, 408, 409, 410, 411, 413, 414, 415, 416, 418, 419, 422, 425, 426, 427, 431, 434, 435, 436, 437, 438, 439, 440, 441, 442, 443, 445, 446, 447, 448, 449, 450, 451, 452, 453, 454, 455, 456, 457, 458, 460, 461, 462, 463, 465, 466, 467, 468, 469, 470, 471, 472, 473, 474, 476, 477, 478, 480, 481, 482, 484, 485, 486, 488, 489, 490, 491, 493, 494, 495, 512]
06-16 01:41:25.594  4198  4238 V WindowManagerShell: Track 0 became idle
06-16 01:41:25.594  4198  4238 V WindowManagerShell: All active transition animations finished
06-16 01:41:25.601  3286  1680 D IntervalStats: Unable to parse usage stats packages: [395, 396, 398, 399, 400, 402, 403, 404, 405, 406, 407, 408, 409, 410, 411, 413, 414, 415, 416, 418, 419, 422, 425, 426, 427, 431, 434, 435, 436, 437, 438, 439, 440, 441, 442, 443, 445, 446, 447, 448, 449, 450, 451, 452, 453, 454, 455, 456, 457, 458, 460, 461, 462, 463, 465, 466, 467, 468, 469, 470, 471, 472, 473, 474, 476, 477, 478, 480, 481, 482, 484, 485, 486, 488, 489, 490, 491, 493, 494, 495, 496, 497, 498, 500, 501, 502, 503]
06-16 01:41:25.601  3286  4115 W Looper  : Slow dispatch took 108ms android.perm h=android.os.Handler c=<recycled PooledLambda@763cf32> m=0
06-16 01:41:25.940  3286  6397 D CompatibilityChangeReporter: Compat change id reported: 161252188; UID 10527; state: DISABLED
06-16 01:41:25.943  3286  6397 W ActivityTaskManager: callingPackage for (uid=2000, pid=16635) has no WPC
06-16 01:41:25.944  3286  6397 I SettingsAccessControlPolicy: isDeviceSettingsChangeDisabled: value -> false
06-16 01:41:25.945  3286  6397 D CompatibilityChangeReporter: Compat change id reported: 265464455; UID 10527; state: DISABLED
06-16 01:41:25.945  3286  6397 D CompatibilityChangeReporter: Compat change id reported: 265452344; UID 10527; state: DISABLED
06-16 01:41:25.945  3286  6397 D CompatibilityChangeReporter: Compat change id reported: 266124927; UID 10527; state: DISABLED
06-16 01:41:25.946  3286  6397 D CompatibilityChangeReporter: Compat change id reported: 265451093; UID 10527; state: DISABLED
06-16 01:41:25.946  3286  6397 D CompatibilityChangeReporter: Compat change id reported: 265456536; UID 10527; state: DISABLED
06-16 01:41:25.946  3286  6397 D CompatibilityChangeReporter: Compat change id reported: 255940284; UID 10527; state: DISABLED
06-16 01:41:25.946  3286  6397 D CompatibilityChangeReporter: Compat change id reported: 236283604; UID 10527; state: DISABLED
06-16 01:41:25.946  3286  6397 D CompatibilityChangeReporter: Compat change id reported: 263959004; UID 10527; state: DISABLED
06-16 01:41:25.946  3286  6397 D CompatibilityChangeReporter: Compat change id reported: 264304459; UID 10527; state: DISABLED
06-16 01:41:25.946  3286  6397 D CompatibilityChangeReporter: Compat change id reported: 264301586; UID 10527; state: DISABLED
06-16 01:41:25.947  3286  6397 D CompatibilityChangeReporter: Compat change id reported: 254631730; UID 10527; state: DISABLED
06-16 01:41:25.947  3286  6397 D CompatibilityChangeReporter: Compat change id reported: 273509367; UID 10527; state: DISABLED
06-16 01:41:25.947  3286  6397 D CompatibilityChangeReporter: Compat change id reported: 263259275; UID 10527; state: DISABLED
06-16 01:41:25.947  3286  6397 D CompatibilityChangeReporter: Compat change id reported: 174042980; UID 10527; state: DISABLED
06-16 01:41:25.947  3286  6397 D CompatibilityChangeReporter: Compat change id reported: 174042936; UID 10527; state: DISABLED
06-16 01:41:25.947  3286  6397 D CompatibilityChangeReporter: Compat change id reported: 181136395; UID 10527; state: DISABLED
06-16 01:41:25.956  3286  6397 D CompatibilityChangeReporter: Compat change id reported: 194480991; UID 10527; state: ENABLED
06-16 01:41:25.958  3286  6397 D ActivityTaskManager: getPreferredLaunchDisplay userset_displayid false user set display id -1, current focus display 0
06-16 01:41:25.958  3286  6397 D ActivityTaskManager: getPreferredLaunchDisplay userset_displayid false user set display id -1, current focus display 0
06-16 01:41:25.961  3286  6397 D ActivityTaskManager: getPreferredLaunchDisplay userset_displayid false user set display id -1, current focus display 0
06-16 01:41:25.961  3286  6397 D ActivityTaskManager: getPreferredLaunchDisplay userset_displayid false user set display id -1, current focus display 0
06-16 01:41:25.962  3286  3981 W PackageConfigPersister: App-specific configuration not found for packageName: com.deepeye.musicpro and userId: 0
06-16 01:41:25.964  3286  4058 E AppOps  : attributionTag VCN not declared in manifest of android
06-16 01:41:25.972  3286  4058 E AppOps  : attributionTag VCN not declared in manifest of android
06-16 01:41:25.974  3286  4058 E AppOps  : attributionTag VCN not declared in manifest of android
06-16 01:41:25.982  3286  4058 E AppOps  : attributionTag VCN not declared in manifest of android
06-16 01:41:25.989  3286  6397 D ActivityTaskManager: getPreferredLaunchDisplay userset_displayid false user set display id 0, current focus display 0
06-16 01:41:25.989  3286  6397 D ActivityTaskManager: getPreferredLaunchDisplay userset_displayid false user set display id 0, current focus display 0
06-16 01:41:25.990  3286  4058 E AppOps  : attributionTag VCN not declared in manifest of android
06-16 01:41:25.997  3286  3991 D ActivityManager: unfreezing ProcessRecord{7a609c2 32690:com.google.android.apps.wellbeing/u0a223}, reason = oom_uncached, adj = 0, adjType = provider, adjSource = ProcessRecord{38110c5 4571:com.motorola.launcher3/u0a296}
06-16 01:41:25.997  3286  3991 D ActivityManager: sync unfroze 32690 com.google.android.apps.wellbeing for 7
06-16 01:41:26.000  3286  3286 D CompatibilityChangeReporter: Compat change id reported: 171306433; UID 10527; state: ENABLED
06-16 01:41:26.000  3286  3286 W AlarmManager: Package com.deepeye.musicpro, uid 10527 lost permission to set exact alarms!
06-16 01:41:26.004  3286  4058 E AppOps  : attributionTag VCN not declared in manifest of android
06-16 01:41:26.007  3286  6397 D PowerManagerService: nativeSetPowerMode ret:false mode:5 enabled:true duration ms: 0
06-16 01:41:26.007  3286  6397 D CompatibilityChangeReporter: Compat change id reported: 205907456; UID 10527; state: ENABLED
06-16 01:41:26.008  3286  4058 E AppOps  : attributionTag VCN not declared in manifest of android
06-16 01:41:26.009  3286  4058 E AppOps  : attributionTag VCN not declared in manifest of android
06-16 01:41:26.016  3286  6397 I ActivityTaskManager: START u0 {flg=0x10000000 cmp=com.deepeye.musicpro/.MainActivity} with LAUNCH_SINGLE_TASK from uid 2000 (startActivityAsUser) (BAL_ALLOW_PERMISSION) result code=0
06-16 01:41:26.036  3286  3342 D CompatibilityChangeReporter: Compat change id reported: 135634846; UID 10527; state: DISABLED
06-16 01:41:26.036  3286  3342 D CompatibilityChangeReporter: Compat change id reported: 177438394; UID 10527; state: DISABLED
06-16 01:41:26.036  3286  3342 D CompatibilityChangeReporter: Compat change id reported: 135772972; UID 10527; state: DISABLED
06-16 01:41:26.036  3286  3342 D CompatibilityChangeReporter: Compat change id reported: 135754954; UID 10527; state: ENABLED
06-16 01:41:26.037  4198  4238 V WindowManagerShell: Transition requested: android.os.BinderProxy@4b49951 TransitionRequestInfo { type = 1, triggerTask = TaskInfo{userId=0 taskId=7093 displayId=0 isRunning=true baseIntent=Intent { flg=0x10000000 cmp=com.deepeye.musicpro/.MainActivity } baseActivity=ComponentInfo{com.deepeye.musicpro/com.deepeye.musicpro.MainActivity} topActivity=ComponentInfo{com.deepeye.musicpro/com.deepeye.musicpro.MainActivity} origActivity=null realActivity=ComponentInfo{com.deepeye.musicpro/com.deepeye.musicpro.MainActivity} numActivities=1 lastActiveTime=47921946 supportsMultiWindow=true supportsGlobalFreeform=true resizeMode=1 isResizeable=true isAppLocked=false canKillAndRestart=false isShowDecorCaptionWindowRequest=false minWidth=-1 minHeight=-1 defaultMinSize=200 token=WCT{android.window.IWindowContainerToken$Stub$Proxy@d4225b6} topActivityType=1 pictureInPictureParams=null shouldDockBigOverlays=false launchIntoPipHostTaskId=-1 lastParentTaskIdBeforePip=-1 displayCutoutSafeInsets=Rect(0, 90 - 0, 0) topActivityInfo=ActivityInfo{d6bb2b7 com.deepeye.musicpro.MainActivity} launchCookies=[] positionInParent=Point(0, 0) parentTaskId=-1 isFocused=false isVisible=false isVisibleRequested=false isSleeping=false topActivityInSizeCompat=false topActivityEligibleForLetterboxEducation= false topActivityLetterboxed= false isFromDoubleTap= false topActivityLetterboxVerticalPosition= -1 topActivityLetterboxHorizontalPosition= -1 topActivityLetterboxWidth=-1 topActivityLetterboxHeight=-1 locusId=null displayAreaFeatureId=1 cameraCompatControlState=hidden}, remoteTransition = null, displayChange = null, flags = 0 }
06-16 01:41:26.037  3286  3350 D CompatibilityChangeReporter: Compat change id reported: 143937733; UID 10527; state: ENABLED
06-16 01:41:26.043  4198  4252 D ViewRootImpl: update {(0,0)(fillxfill) ty=APPLICATION_STARTING fmt=TRANSLUCENT wanim=0x10302fe
06-16 01:41:26.043  4198  4252 D ViewRootImpl:   fl=NOT_FOCUSABLE NOT_TOUCHABLE LAYOUT_IN_SCREEN LAYOUT_INSET_DECOR ALT_FOCUSABLE_IM HARDWARE_ACCELERATED DRAWS_SYSTEM_BAR_BACKGROUNDS
06-16 01:41:26.043  4198  4252 D ViewRootImpl:   pfl=SHOW_FOR_ALL_USERS FIT_INSETS_CONTROLLED
06-16 01:41:26.043  4198  4252 D ViewRootImpl:   bhv=DEFAULT
06-16 01:41:26.043  4198  4252 D ViewRootImpl:   fitSides=} by setView
06-16 01:41:26.051  3286  3721 D CompatibilityChangeReporter: Compat change id reported: 265195908; UID 10527; state: ENABLED
06-16 01:41:26.058  3286  3991 D CoreBackPreview: Window{f5be37f u0 Splash Screen com.deepeye.musicpro}: Setting back callback OnBackInvokedCallbackInfo{mCallback=android.window.IOnBackInvokedCallback$Stub$Proxy@31044aa, mPriority=0, mIsAnimationCallback=false}
06-16 01:41:26.066  3286  3350 I ActivityManager: Start proc 16654:com.deepeye.musicpro/u0a527 for next-top-activity {com.deepeye.musicpro/com.deepeye.musicpro.MainActivity}
06-16 01:41:26.077  3286  3339 V WindowManager: Sent Transition #519 createdAt=06-16 01:41:25.957 via request=TransitionRequestInfo { type = 1, triggerTask = TaskInfo{userId=0 taskId=7093 displayId=0 isRunning=true baseIntent=Intent { flg=0x10000000 cmp=com.deepeye.musicpro/.MainActivity } baseActivity=ComponentInfo{com.deepeye.musicpro/com.deepeye.musicpro.MainActivity} topActivity=ComponentInfo{com.deepeye.musicpro/com.deepeye.musicpro.MainActivity} origActivity=null realActivity=ComponentInfo{com.deepeye.musicpro/com.deepeye.musicpro.MainActivity} numActivities=1 lastActiveTime=47921946 supportsMultiWindow=true supportsGlobalFreeform=true resizeMode=1 isResizeable=true isAppLocked=false canKillAndRestart=true isShowDecorCaptionWindowRequest=false minWidth=-1 minHeight=-1 defaultMinSize=200 token=WCT{RemoteToken{973d84d Task{505ceb5 #7093 type=standard A=10527:com.deepeye.musicpro}}} topActivityType=1 pictureInPictureParams=null shouldDockBigOverlays=false launchIntoPipHostTaskId=-1 lastParentTaskIdBeforePip=-1 displayCutoutSafeInsets=Rect(0, 90 - 0, 0) topActivityInfo=ActivityInfo{ac8bf02 com.deepeye.musicpro.MainActivity} launchCookies=[] positionInParent=Point(0, 0) parentTaskId=-1 isFocused=false isVisible=false isVisibleRequested=false isSleeping=false topActivityInSizeCompat=false topActivityEligibleForLetterboxEducation= false topActivityLetterboxed= false isFromDoubleTap= false topActivityLetterboxVerticalPosition= -1 topActivityLetterboxHorizontalPosition= -1 topActivityLetterboxWidth=-1 topActivityLetterboxHeight=-1 locusId=null displayAreaFeatureId=1 cameraCompatControlState=hidden}, remoteTransition = null, displayChange = null, flags = 0 }
06-16 01:41:26.077  3286  3339 V WindowManager:     startWCT=WindowContainerTransaction { changes = {} hops = [] errorCallbackToken=null taskFragmentOrganizer=null }
06-16 01:41:26.077  3286  3339 V WindowManager:     info={id=519 t=OPEN f=0x0 trk=0 r=[0@Point(0, 0)] c=[{WCT{RemoteToken{973d84d Task{505ceb5 #7093 type=standard A=10527:com.deepeye.musicpro}}} m=OPEN f=NONE pTaskId=-1 leash=Surface(name=Task=7093)/@0x8c4c377 sb=Rect(0, 0 - 1080, 2400) eb=Rect(0, 0 - 1080, 2400) d=0},{WCT{RemoteToken{6efc357 Task{ef21b25 #1 type=home}}} m=TO_BACK f=SHOW_WALLPAPER pTaskId=-1 leash=Surface(name=Task=1)/@0xad1b655 sb=Rect(0, 0 - 1080, 2400) eb=Rect(0, 0 - 1080, 2400) d=0}]}
06-16 01:41:26.078  3286  3286 V BackupManagerConstants: getFullBackupIntervalMilliseconds(...) returns 86400000
06-16 01:41:26.078  3286  3286 V BackupManagerConstants: getFullBackupRequiredNetworkType(...) returns 2
06-16 01:41:26.078  3286  3286 V BackupManagerConstants: getFullBackupRequireCharging(...) returns true
06-16 01:41:26.078  4198  4238 V WindowManagerShell: onTransitionReady android.os.BinderProxy@4b49951: {id=519 t=OPEN f=0x0 trk=0 r=[0@Point(0, 0)] c=[{WCT{android.window.IWindowContainerToken$Stub$Proxy@925427c} m=OPEN f=NONE pTaskId=-1 leash=Surface(name=Task=7093)/@0xd6ff49 sb=Rect(0, 0 - 1080, 2400) eb=Rect(0, 0 - 1080, 2400) d=0},{WCT{android.window.IWindowContainerToken$Stub$Proxy@7074705} m=TO_BACK f=SHOW_WALLPAPER pTaskId=-1 leash=Surface(name=Task=1)/@0x8c9204e sb=Rect(0, 0 - 1080, 2400) eb=Rect(0, 0 - 1080, 2400) d=0}]}
06-16 01:41:26.079  4198  4238 V WindowManagerShell: Playing animation for (#519)android.os.BinderProxy@4b49951@0
06-16 01:41:26.079  4198  4238 V WindowManagerShell:  try handler com.android.wm.shell.transition.DefaultMixedHandler@a3fe38c
06-16 01:41:26.079  4198  4238 V WindowManagerShell:  try handler com.android.wm.shell.keyguard.KeyguardTransitionHandler@ed0bad5
06-16 01:41:26.079  4198  4238 V WindowManagerShell:  try handler com.android.wm.shell.activityembedding.ActivityEmbeddingController@d8aa2ea
06-16 01:41:26.079  4198  4238 V WindowManagerShell:  try handler com.android.wm.shell.recents.RecentsTransitionHandler@ca6d9db
06-16 01:41:26.079  4198  4238 V ShellRecents: RecentsTransitionHandler.startAnimation: no controller found
06-16 01:41:26.079  4198  4238 V WindowManagerShell:  try handler com.android.wm.shell.pip.PipTransition@3cdac78
06-16 01:41:26.079  4198  4238 V WindowManagerShell:  try handler com.android.wm.shell.splitscreen.StageCoordinator@5ef2f51
06-16 01:41:26.079  4198  4238 V WindowManagerShell:  try handler com.android.wm.shell.transition.RemoteTransitionHandler@e803b6
06-16 01:41:26.079  4198  4238 V WindowManagerShell: Transition doesn't have explicit remote, search filters for match for {id=519 t=OPEN f=0x0 trk=0 r=[0@Point(0, 0)] c=[{WCT{android.window.IWindowContainerToken$Stub$Proxy@925427c} m=OPEN f=NONE pTaskId=-1 leash=Surface(name=Task=7093)/@0xd6ff49 sb=Rect(0, 0 - 1080, 2400) eb=Rect(0, 0 - 1080, 2400) d=0},{WCT{android.window.IWindowContainerToken$Stub$Proxy@7074705} m=TO_BACK f=SHOW_WALLPAPER pTaskId=-1 leash=Surface(name=Task=1)/@0x8c9204e sb=Rect(0, 0 - 1080, 2400) eb=Rect(0, 0 - 1080, 2400) d=0}]}
06-16 01:41:26.080  4198  4238 V WindowManagerShell:  Checking filter Pair{{types=[] flags=0x0] notFlags=0x100 checks=[{atype=home independent=true modes=[OPEN,TO_FRONT] flags=NONE mustBeTask=false order=TOP topActivity=ComponentInfo{com.motorola.launcher3/com.android.launcher3.uioverrides.QuickstepLauncher}},{atype=standard independent=true modes=[CLOSE,TO_BACK] flags=NONE mustBeTask=false order=ANY topActivity=null}]} RemoteTransition { remoteTransition = android.window.IRemoteTransition$Stub$Proxy@6ec3e4f, appThread = android.app.IApplicationThread$Stub$Proxy@dacc9dc, debugName = QuickstepLaunchHome }}
06-16 01:41:26.080  4198  4238 V WindowManagerShell:  Delegate animation for #519 to null
06-16 01:41:26.080  4198  4238 V WindowManagerShell:  try handler com.android.wm.shell.transition.DefaultTransitionHandler@8af38b7
06-16 01:41:26.080  4198  4238 V WindowManagerShell: start default transition animation, info = {id=519 t=OPEN f=0x0 trk=0 r=[0@Point(0, 0)] c=[{WCT{android.window.IWindowContainerToken$Stub$Proxy@925427c} m=OPEN f=NONE pTaskId=-1 leash=Surface(name=Task=7093)/@0xd6ff49 sb=Rect(0, 0 - 1080, 2400) eb=Rect(0, 0 - 1080, 2400) d=0},{WCT{android.window.IWindowContainerToken$Stub$Proxy@7074705} m=TO_BACK f=SHOW_WALLPAPER pTaskId=-1 leash=Surface(name=Task=1)/@0x8c9204e sb=Rect(0, 0 - 1080, 2400) eb=Rect(0, 0 - 1080, 2400) d=0}]}
06-16 01:41:26.083  4198  4238 V WindowManagerShell: loadAnimation: anim=android.view.animation.AnimationSet@1bb398b animAttr=0x13 type=OPEN isEntrance=false
06-16 01:41:26.084  4198  4238 V WindowManagerShell: loadAnimation: anim=android.view.animation.AnimationSet@8a1e367 animAttr=0x12 type=OPEN isEntrance=true
06-16 01:41:26.089  4198  4238 V WindowManagerShell:  animated by com.android.wm.shell.transition.DefaultTransitionHandler@8af38b7
06-16 01:41:26.093  3286  3707 W ActivityManager: Unable to start service Intent { act=com.motorola.intent.action.EXPERIENCE cmp=com.motorola.help/com.motorola.feedback.logrequest.service.LogCollectionService } U=0: not found
06-16 01:41:26.113  3286  7396 D IntervalStats: Unable to parse usage stats packages: [395, 396, 398, 399, 400, 402, 403, 404, 405, 406, 407, 408, 409, 410, 411, 413, 414, 415, 416, 418, 419, 422, 425, 426, 427, 431, 434, 435, 436, 437, 438, 439, 440, 441, 442, 443, 445, 446, 447, 448, 449, 450, 451, 452, 453, 454, 455, 456, 457, 458, 460, 461, 462, 463, 465, 466, 467, 468, 469, 470, 471, 472, 473, 474, 476, 477, 478, 480, 481, 482, 484, 485, 486, 488, 489, 490, 491, 493, 494, 495, 512]
06-16 01:41:26.136  3286  7396 D IntervalStats: Unable to parse usage stats packages: [395, 396, 398, 399, 400, 402, 403, 404, 405, 406, 407, 408, 409, 410, 411, 413, 414, 415, 416, 418, 419, 422, 425, 426, 427, 431, 434, 435, 436, 437, 438, 439, 440, 441, 442, 443, 445, 446, 447, 448, 449, 450, 451, 452, 453, 454, 455, 456, 457, 458, 460, 461, 462, 463, 465, 466, 467, 468, 469, 470, 471, 472, 473, 474, 476, 477, 478, 480, 481, 482, 484, 485, 486, 488, 489, 490, 491, 493, 494, 495, 496, 497, 498, 500, 501, 502, 503]
06-16 01:41:26.161  3286  7152 D CompatibilityChangeReporter: Compat change id reported: 170503758; UID 10527; state: ENABLED
06-16 01:41:26.225  3286  6909 D IntervalStats: Unable to parse usage stats packages: [395, 396, 398, 399, 400, 402, 403, 404, 405, 406, 407, 408, 409, 410, 411, 413, 414, 415, 416, 418, 419, 422, 425, 426, 427, 431, 434, 435, 436, 437, 438, 439, 440, 441, 442, 443, 445, 446, 447, 448, 449, 450, 451, 452, 453, 454, 455, 456, 457, 458, 460, 461, 462, 463, 465, 466, 467, 468, 469, 470, 471, 472, 473, 474, 476, 477, 478, 480, 481, 482, 484, 485, 486, 488, 489, 490, 491, 493, 494, 495, 512]
06-16 01:41:26.235  3286  6909 D IntervalStats: Unable to parse usage stats packages: [395, 396, 398, 399, 400, 402, 403, 404, 405, 406, 407, 408, 409, 410, 411, 413, 414, 415, 416, 418, 419, 422, 425, 426, 427, 431, 434, 435, 436, 437, 438, 439, 440, 441, 442, 443, 445, 446, 447, 448, 449, 450, 451, 452, 453, 454, 455, 456, 457, 458, 460, 461, 462, 463, 465, 466, 467, 468, 469, 470, 471, 472, 473, 474, 476, 477, 478, 480, 481, 482, 484, 485, 486, 488, 489, 490, 491, 493, 494, 495, 496, 497, 498, 500, 501, 502, 503]
06-16 01:41:26.376  4198  4238 V WindowManagerShell: Transition animation finished (aborted=false), notifying core (#519)android.os.BinderProxy@4b49951@0
06-16 01:41:26.377  3286  3339 V WindowManager: Finish Transition #519: created at 06-16 01:41:25.957 collect-started=0.245ms request-sent=55.42ms started=79.911ms ready=116.116ms sent=118.833ms finished=419.396ms
06-16 01:41:26.378  4198  4238 V WindowManagerShell: Track 0 became idle
06-16 01:41:26.378  4198  4238 V WindowManagerShell: All active transition animations finished
06-16 01:41:26.563  3286  4268 D CompatibilityChangeReporter: Compat change id reported: 161145287; UID 10192; state: ENABLED
06-16 01:41:26.583  3286  3348 W WindowMagnificationMgr: requestConnection duplicated request: connect=false, mConnectionState=DISCONNECTED
06-16 01:41:26.592  3286  3348 W WindowMagnificationMgr: requestConnection duplicated request: connect=false, mConnectionState=DISCONNECTED
06-16 01:41:26.802  3286  7395 D CompatibilityChangeReporter: Compat change id reported: 161252188; UID 10527; state: DISABLED
06-16 01:41:27.039  3286  7396 D CompatibilityChangeReporter: Compat change id reported: 161145287; UID 10527; state: ENABLED
06-16 01:41:27.050  3286  7396 I ActivityManager: Flag disabled. Ignoring finishAttachApplication from uid: 10527. pid: 16654
06-16 01:41:27.120  3286  7203 D CompatibilityChangeReporter: Compat change id reported: 261072174; UID 10527; state: ENABLED
06-16 01:41:27.197  3286  7203 D CompatibilityChangeReporter: Compat change id reported: 135634846; UID 10114; state: DISABLED
06-16 01:41:27.197  3286  7203 D CompatibilityChangeReporter: Compat change id reported: 177438394; UID 10114; state: DISABLED
06-16 01:41:27.197  3286  7203 D CompatibilityChangeReporter: Compat change id reported: 135772972; UID 10114; state: DISABLED
