06-16 01:38:00.087  3286  6606 D CompatibilityChangeReporter: Compat change id reported: 170668199; UID 10527; state: ENABLED
06-16 01:38:00.514  3286  7148 D CompatibilityChangeReporter: Compat change id reported: 203800354; UID 10527; state: ENABLED
06-16 01:38:00.537  3286  6606 I MR2ServiceImpl: startScan | manager: 1
06-16 01:38:01.453  3286  6606 I AppsFilter: interaction: PackageSetting{3636142 com.deepeye.musicpro/10527} -> PackageSetting{3feb553 com.motorola.motosignature.app/10134} BLOCKED
06-16 01:38:01.724  1352 13454 E keystore2: system/security/keystore2/src/rkpd_client.rs:172 - IGetKeyCallback failed: Device doesnot support RKP
06-16 01:38:01.726  1352  8065 W keystore2: system/security/keystore2/src/remote_provisioning.rs:102 - Error occurred: system/security/keystore2/src/rkpd_client.rs:187: GetKeyCallback failed: r#ERROR_UNKNOWN "Device doesnot support RKP"
06-16 01:38:01.726  1352  8065 W keystore2: 
06-16 01:38:01.726  1352  8065 W keystore2: Caused by:
06-16 01:38:01.726  1352  8065 W keystore2:     Error::Rc(r#OUT_OF_KEYS_TRANSIENT_ERROR)
06-16 01:38:02.355  3286  7203 W ContextImpl: Calling a method in the system process without a qualified user: android.app.ContextImpl.sendBroadcastMultiplePermissions:1281 android.content.Context.sendBroadcastMultiplePermissions:2476 com.android.server.TelephonyRegistry.broadcastServiceStateChanged:3597 com.android.server.TelephonyRegistry.notifyServiceStateForPhoneId:1734 com.android.internal.telephony.ITelephonyRegistry$Stub.onTransact:550 
06-16 01:38:02.356  3286  7203 W ContextImpl: Calling a method in the system process without a qualified user: android.app.ContextImpl.sendBroadcastMultiplePermissions:1314 com.android.server.TelephonyRegistry.broadcastServiceStateChanged:3602 com.android.server.TelephonyRegistry.notifyServiceStateForPhoneId:1734 com.android.internal.telephony.ITelephonyRegistry$Stub.onTransact:550 android.os.Binder.execTransactInternal:1380 
06-16 01:38:02.358  3286  7203 W ContextImpl: Calling a method in the system process without a qualified user: android.app.ContextImpl.sendBroadcastMultiplePermissions:1314 com.android.server.TelephonyRegistry.broadcastServiceStateChanged:3611 com.android.server.TelephonyRegistry.notifyServiceStateForPhoneId:1734 com.android.internal.telephony.ITelephonyRegistry$Stub.onTransact:550 android.os.Binder.execTransactInternal:1380 
06-16 01:38:02.359  3286  7203 W ContextImpl: Calling a method in the system process without a qualified user: android.app.ContextImpl.sendBroadcastMultiplePermissions:1314 com.android.server.TelephonyRegistry.broadcastServiceStateChanged:3617 com.android.server.TelephonyRegistry.notifyServiceStateForPhoneId:1734 com.android.internal.telephony.ITelephonyRegistry$Stub.onTransact:550 android.os.Binder.execTransactInternal:1380 
06-16 01:38:02.360  3286  3349 D ActivityManager: unfreezing ProcessRecord{9b6f275 21361:com.google.android.cellbroadcastreceiver/u0a367}, reason = unfreezeTemporarily, adj = 925, adjType = cch-empty, adjSource = null
06-16 01:38:02.367  3286  3349 D ActivityManager: sync unfroze 21361 com.google.android.cellbroadcastreceiver for 3
06-16 01:38:03.404  3286  3991 W ContextImpl: Calling a method in the system process without a qualified user: android.app.ContextImpl.sendBroadcastMultiplePermissions:1281 android.content.Context.sendBroadcastMultiplePermissions:2476 com.android.server.TelephonyRegistry.broadcastServiceStateChanged:3597 com.android.server.TelephonyRegistry.notifyServiceStateForPhoneId:1734 com.android.internal.telephony.ITelephonyRegistry$Stub.onTransact:550 
06-16 01:38:03.405  3286  3991 W ContextImpl: Calling a method in the system process without a qualified user: android.app.ContextImpl.sendBroadcastMultiplePermissions:1314 com.android.server.TelephonyRegistry.broadcastServiceStateChanged:3602 com.android.server.TelephonyRegistry.notifyServiceStateForPhoneId:1734 com.android.internal.telephony.ITelephonyRegistry$Stub.onTransact:550 android.os.Binder.execTransactInternal:1380 
06-16 01:38:03.407  3286  3991 W ContextImpl: Calling a method in the system process without a qualified user: android.app.ContextImpl.sendBroadcastMultiplePermissions:1314 com.android.server.TelephonyRegistry.broadcastServiceStateChanged:3611 com.android.server.TelephonyRegistry.notifyServiceStateForPhoneId:1734 com.android.internal.telephony.ITelephonyRegistry$Stub.onTransact:550 android.os.Binder.execTransactInternal:1380 
06-16 01:38:03.407  3286  3991 W ContextImpl: Calling a method in the system process without a qualified user: android.app.ContextImpl.sendBroadcastMultiplePermissions:1314 com.android.server.TelephonyRegistry.broadcastServiceStateChanged:3617 com.android.server.TelephonyRegistry.notifyServiceStateForPhoneId:1734 com.android.internal.telephony.ITelephonyRegistry$Stub.onTransact:550 android.os.Binder.execTransactInternal:1380 
06-16 01:38:03.476  3286  3991 W ContextImpl: Calling a method in the system process without a qualified user: android.app.ContextImpl.sendBroadcastMultiplePermissions:1281 android.content.Context.sendBroadcastMultiplePermissions:2476 com.android.server.TelephonyRegistry.broadcastServiceStateChanged:3597 com.android.server.TelephonyRegistry.notifyServiceStateForPhoneId:1734 com.android.internal.telephony.ITelephonyRegistry$Stub.onTransact:550 
06-16 01:38:03.478  3286  3991 W ContextImpl: Calling a method in the system process without a qualified user: android.app.ContextImpl.sendBroadcastMultiplePermissions:1314 com.android.server.TelephonyRegistry.broadcastServiceStateChanged:3602 com.android.server.TelephonyRegistry.notifyServiceStateForPhoneId:1734 com.android.internal.telephony.ITelephonyRegistry$Stub.onTransact:550 android.os.Binder.execTransactInternal:1380 
06-16 01:38:03.479  3286  3991 W ContextImpl: Calling a method in the system process without a qualified user: android.app.ContextImpl.sendBroadcastMultiplePermissions:1314 com.android.server.TelephonyRegistry.broadcastServiceStateChanged:3611 com.android.server.TelephonyRegistry.notifyServiceStateForPhoneId:1734 com.android.internal.telephony.ITelephonyRegistry$Stub.onTransact:550 android.os.Binder.execTransactInternal:1380 
06-16 01:38:03.480  3286  3991 W ContextImpl: Calling a method in the system process without a qualified user: android.app.ContextImpl.sendBroadcastMultiplePermissions:1314 com.android.server.TelephonyRegistry.broadcastServiceStateChanged:3617 com.android.server.TelephonyRegistry.notifyServiceStateForPhoneId:1734 com.android.internal.telephony.ITelephonyRegistry$Stub.onTransact:550 android.os.Binder.execTransactInternal:1380 
06-16 01:38:04.443  3286  4063 D CompatibilityChangeReporter: Compat change id reported: 171306433; UID 1000; state: ENABLED
06-16 01:38:04.443  3286  4063 D CompatibilityChangeReporter: Compat change id reported: 218533173; UID 1000; state: ENABLED
06-16 01:38:04.817  4198  4198 D ViewRootImpl: update {(0,102)(wrapxwrap) gr=BOTTOM CENTER ty=TOAST fmt=TRANSLUCENT
06-16 01:38:04.817  4198  4198 D ViewRootImpl:   fl=NOT_FOCUSABLE NOT_TOUCHABLE KEEP_SCREEN_ON HARDWARE_ACCELERATED
06-16 01:38:04.817  4198  4198 D ViewRootImpl:   pfl=FIT_INSETS_CONTROLLED TRUSTED_OVERLAY
06-16 01:38:04.817  4198  4198 D ViewRootImpl:   bhv=DEFAULT
06-16 01:38:04.817  4198  4198 D ViewRootImpl:   fitTypes=STATUS_BARS NAVIGATION_BARS CAPTION_BAR
06-16 01:38:04.817  4198  4198 D ViewRootImpl:   fitIgnoreVis} by setView
06-16 01:38:04.836  3286  3708 D CoreBackPreview: Window{869c5fa u0 Toast}: Setting back callback OnBackInvokedCallbackInfo{mCallback=android.window.IOnBackInvokedCallback$Stub$Proxy@242b9a1, mPriority=0, mIsAnimationCallback=false}
06-16 01:38:04.857  3286  3708 I MR2ServiceImpl: stopScan | manager: 1
06-16 01:38:07.380  3286  7398 D CoreBackPreview: Window{869c5fa u0 Toast}: Setting back callback null
06-16 01:38:07.387  3286  7398 W NotificationService: Toast already killed. pkg=com.deepeye.musicpro token=android.os.BinderProxy@23c5ab9
06-16 01:38:08.085  3286  3708 I MediaSessionStack: onPlaybackStateChanged - Pushing session to top | record: com.deepeye.musicpro/androidx.media3.session.id. (userId=0)
06-16 01:38:08.086  3286  7203 I ActivityManager: Background started FGS: Allowed [callingPackage: com.deepeye.musicpro; callingUid: 10527; uidState: TOP ; uidBFSL: [BFSL]; intent: Intent { cmp=com.deepeye.musicpro/.player.service.MusicPlayerService }; code:PROC_STATE_TOP; tempAllowListReason:<null>; targetSdkVersion:34; callerTargetSdkVersion:34; startForegroundCount:1; bindFromPackage:null: isBindService:false]
06-16 01:38:08.087  3286  7203 W ProcessStats: Tracking association SourceState{7a405c7 com.google.android.gms.persistent/10192 BTop #104401} whose proc state 2 is better than process ProcessState{94479f4 com.google.android.adservices.api/10357 pkg=com.google.android.adservices.api} proc state 13 (29 skipped)
06-16 01:38:08.549  3286  7398 I MR2ServiceImpl: startScan | manager: 1
06-16 01:38:10.246  4198  4198 D ViewRootImpl: update {(0,102)(wrapxwrap) gr=BOTTOM CENTER ty=TOAST fmt=TRANSLUCENT
06-16 01:38:10.246  4198  4198 D ViewRootImpl:   fl=NOT_FOCUSABLE NOT_TOUCHABLE KEEP_SCREEN_ON HARDWARE_ACCELERATED
06-16 01:38:10.246  4198  4198 D ViewRootImpl:   pfl=FIT_INSETS_CONTROLLED TRUSTED_OVERLAY
06-16 01:38:10.246  4198  4198 D ViewRootImpl:   bhv=DEFAULT
06-16 01:38:10.246  4198  4198 D ViewRootImpl:   fitTypes=STATUS_BARS NAVIGATION_BARS CAPTION_BAR
06-16 01:38:10.246  4198  4198 D ViewRootImpl:   fitIgnoreVis} by setView
06-16 01:38:10.255  3286  4271 D CoreBackPreview: Window{9529fb7 u0 Toast}: Setting back callback OnBackInvokedCallbackInfo{mCallback=android.window.IOnBackInvokedCallback$Stub$Proxy@8147842, mPriority=0, mIsAnimationCallback=false}
06-16 01:38:10.307  3286  7398 I MR2ServiceImpl: stopScan | manager: 1
06-16 01:38:11.534  3286  3759 D ActivityManager: freezing 15083 com.google.android.apps.nbu.files, reason = oom_cached
06-16 01:38:12.465  1352  7839 I keystore2: system/security/keystore2/src/watchdog.rs:319 - Watchdog thread idle -> terminating. Have a great day.
06-16 01:38:12.827  3286  7168 D CoreBackPreview: Window{9529fb7 u0 Toast}: Setting back callback null
06-16 01:38:12.840  3286  7168 W NotificationService: Toast already killed. pkg=com.deepeye.musicpro token=android.os.BinderProxy@b7ccd9a
06-16 01:38:13.491  3286  3759 D ActivityManager: freezing 21361 com.google.android.cellbroadcastreceiver, reason = oom_cached
06-16 01:38:13.728  3286  3708 I MediaSessionStack: onPlaybackStateChanged - Pushing session to top | record: com.deepeye.musicpro/androidx.media3.session.id. (userId=0)
06-16 01:38:13.729  3286  7168 I ActivityManager: Background started FGS: Allowed [callingPackage: com.deepeye.musicpro; callingUid: 10527; uidState: TOP ; uidBFSL: [BFSL]; intent: Intent { cmp=com.deepeye.musicpro/.player.service.MusicPlayerService }; code:PROC_STATE_TOP; tempAllowListReason:<null>; targetSdkVersion:34; callerTargetSdkVersion:34; startForegroundCount:2; bindFromPackage:null: isBindService:false]
06-16 01:38:14.229  3286  4271 I MR2ServiceImpl: startScan | manager: 1
06-16 01:38:15.341  4198  4198 D ViewRootImpl: update {(0,102)(wrapxwrap) gr=BOTTOM CENTER ty=TOAST fmt=TRANSLUCENT
06-16 01:38:15.341  4198  4198 D ViewRootImpl:   fl=NOT_FOCUSABLE NOT_TOUCHABLE KEEP_SCREEN_ON HARDWARE_ACCELERATED
06-16 01:38:15.341  4198  4198 D ViewRootImpl:   pfl=FIT_INSETS_CONTROLLED TRUSTED_OVERLAY
06-16 01:38:15.341  4198  4198 D ViewRootImpl:   bhv=DEFAULT
06-16 01:38:15.341  4198  4198 D ViewRootImpl:   fitTypes=STATUS_BARS NAVIGATION_BARS CAPTION_BAR
06-16 01:38:15.341  4198  4198 D ViewRootImpl:   fitIgnoreVis} by setView
06-16 01:38:15.355  3286  7398 D CoreBackPreview: Window{5f1509b u0 Toast}: Setting back callback OnBackInvokedCallbackInfo{mCallback=android.window.IOnBackInvokedCallback$Stub$Proxy@d82f976, mPriority=0, mIsAnimationCallback=false}
06-16 01:38:15.383  3286  7168 I MR2ServiceImpl: stopScan | manager: 1
06-16 01:38:17.923  3286  7398 D CoreBackPreview: Window{5f1509b u0 Toast}: Setting back callback null
06-16 01:38:17.932  3286  7398 W NotificationService: Toast already killed. pkg=com.deepeye.musicpro token=android.os.BinderProxy@501096e
06-16 01:38:18.820  3286  3708 I MediaSessionStack: onPlaybackStateChanged - Pushing session to top | record: com.deepeye.musicpro/androidx.media3.session.id. (userId=0)
06-16 01:38:18.820  3286  7398 I ActivityManager: Background started FGS: Allowed [callingPackage: com.deepeye.musicpro; callingUid: 10527; uidState: TOP ; uidBFSL: [BFSL]; intent: Intent { cmp=com.deepeye.musicpro/.player.service.MusicPlayerService }; code:PROC_STATE_TOP; tempAllowListReason:<null>; targetSdkVersion:34; callerTargetSdkVersion:34; startForegroundCount:3; bindFromPackage:null: isBindService:false]
06-16 01:38:18.821  3286  7398 W ProcessStats: Tracking association SourceState{7a405c7 com.google.android.gms.persistent/10192 BTop #104433} whose proc state 2 is better than process ProcessState{94479f4 com.google.android.adservices.api/10357 pkg=com.google.android.adservices.api} proc state 13 (23 skipped)
06-16 01:38:19.308  3286  3708 I MR2ServiceImpl: startScan | manager: 1
06-16 01:38:20.606  4198  4198 D ViewRootImpl: update {(0,102)(wrapxwrap) gr=BOTTOM CENTER ty=TOAST fmt=TRANSLUCENT
06-16 01:38:20.606  4198  4198 D ViewRootImpl:   fl=NOT_FOCUSABLE NOT_TOUCHABLE KEEP_SCREEN_ON HARDWARE_ACCELERATED
06-16 01:38:20.606  4198  4198 D ViewRootImpl:   pfl=FIT_INSETS_CONTROLLED TRUSTED_OVERLAY
06-16 01:38:20.606  4198  4198 D ViewRootImpl:   bhv=DEFAULT
06-16 01:38:20.606  4198  4198 D ViewRootImpl:   fitTypes=STATUS_BARS NAVIGATION_BARS CAPTION_BAR
06-16 01:38:20.606  4198  4198 D ViewRootImpl:   fitIgnoreVis} by setView
06-16 01:38:20.625  3286  7203 D CoreBackPreview: Window{6698945 u0 Toast}: Setting back callback OnBackInvokedCallbackInfo{mCallback=android.window.IOnBackInvokedCallback$Stub$Proxy@2b813a7, mPriority=0, mIsAnimationCallback=false}
06-16 01:38:20.650  3286  7203 I MR2ServiceImpl: stopScan | manager: 1
06-16 01:38:21.138  3286  7203 I MediaSessionStack: onPlaybackStateChanged - Pushing session to top | record: com.deepeye.musicpro/androidx.media3.session.id. (userId=0)
06-16 01:38:21.139  3286  7203 I ActivityManager: Background started FGS: Allowed [callingPackage: com.deepeye.musicpro; callingUid: 10527; uidState: TOP ; uidBFSL: [BFSL]; intent: Intent { cmp=com.deepeye.musicpro/.player.service.MusicPlayerService }; code:PROC_STATE_TOP; tempAllowListReason:<null>; targetSdkVersion:34; callerTargetSdkVersion:34; startForegroundCount:4; bindFromPackage:null: isBindService:false]
06-16 01:38:21.625  3286  7168 I MR2ServiceImpl: startScan | manager: 1
06-16 01:38:23.182  3286  4271 I MR2ServiceImpl: stopScan | manager: 1
06-16 01:38:23.193  3286  4271 D CoreBackPreview: Window{6698945 u0 Toast}: Setting back callback null
06-16 01:38:23.199  3286  4271 W NotificationService: Toast already killed. pkg=com.deepeye.musicpro token=android.os.BinderProxy@4e8cf9b
06-16 01:38:23.212  4198  4198 D ViewRootImpl: update {(0,102)(wrapxwrap) gr=BOTTOM CENTER ty=TOAST fmt=TRANSLUCENT
06-16 01:38:23.212  4198  4198 D ViewRootImpl:   fl=NOT_FOCUSABLE NOT_TOUCHABLE KEEP_SCREEN_ON HARDWARE_ACCELERATED
06-16 01:38:23.212  4198  4198 D ViewRootImpl:   pfl=FIT_INSETS_CONTROLLED TRUSTED_OVERLAY
06-16 01:38:23.212  4198  4198 D ViewRootImpl:   bhv=DEFAULT
06-16 01:38:23.212  4198  4198 D ViewRootImpl:   fitTypes=STATUS_BARS NAVIGATION_BARS CAPTION_BAR
06-16 01:38:23.212  4198  4198 D ViewRootImpl:   fitIgnoreVis} by setView
06-16 01:38:23.225  3286  4271 D CoreBackPreview: Window{a527b11 u0 Toast}: Setting back callback OnBackInvokedCallbackInfo{mCallback=android.window.IOnBackInvokedCallback$Stub$Proxy@d02a6e4, mPriority=0, mIsAnimationCallback=false}
06-16 01:38:25.757  3286  7168 D CoreBackPreview: Window{a527b11 u0 Toast}: Setting back callback null
06-16 01:38:25.766  3286  7168 W NotificationService: Toast already killed. pkg=com.deepeye.musicpro token=android.os.BinderProxy@7b12974
06-16 01:38:26.842  3286  5295 I MediaSessionStack: onPlaybackStateChanged - Pushing session to top | record: com.deepeye.musicpro/androidx.media3.session.id. (userId=0)
06-16 01:38:26.843  3286  5295 I ActivityManager: Background started FGS: Allowed [callingPackage: com.deepeye.musicpro; callingUid: 10527; uidState: TOP ; uidBFSL: [BFSL]; intent: Intent { cmp=com.deepeye.musicpro/.player.service.MusicPlayerService }; code:PROC_STATE_TOP; tempAllowListReason:<null>; targetSdkVersion:34; callerTargetSdkVersion:34; startForegroundCount:5; bindFromPackage:null: isBindService:false]
06-16 01:38:27.309  3286  7168 I MR2ServiceImpl: startScan | manager: 1
06-16 01:38:28.258  4198  4198 D ViewRootImpl: update {(0,102)(wrapxwrap) gr=BOTTOM CENTER ty=TOAST fmt=TRANSLUCENT
06-16 01:38:28.258  4198  4198 D ViewRootImpl:   fl=NOT_FOCUSABLE NOT_TOUCHABLE KEEP_SCREEN_ON HARDWARE_ACCELERATED
06-16 01:38:28.258  4198  4198 D ViewRootImpl:   pfl=FIT_INSETS_CONTROLLED TRUSTED_OVERLAY
06-16 01:38:28.258  4198  4198 D ViewRootImpl:   bhv=DEFAULT
06-16 01:38:28.258  4198  4198 D ViewRootImpl:   fitTypes=STATUS_BARS NAVIGATION_BARS CAPTION_BAR
06-16 01:38:28.258  4198  4198 D ViewRootImpl:   fitIgnoreVis} by setView
06-16 01:38:28.271  3286  7398 D CoreBackPreview: Window{fba7924 u0 Toast}: Setting back callback OnBackInvokedCallbackInfo{mCallback=android.window.IOnBackInvokedCallback$Stub$Proxy@d663e53, mPriority=0, mIsAnimationCallback=false}
06-16 01:38:28.294  3286  7398 I MR2ServiceImpl: stopScan | manager: 1
06-16 01:38:30.833  3286  5295 D CoreBackPreview: Window{fba7924 u0 Toast}: Setting back callback null
06-16 01:38:30.837  3286  5295 W NotificationService: Toast already killed. pkg=com.deepeye.musicpro token=android.os.BinderProxy@68ce2fd
06-16 01:38:31.063  3286  7398 I MediaSessionStack: onPlaybackStateChanged - Pushing session to top | record: com.deepeye.musicpro/androidx.media3.session.id. (userId=0)
06-16 01:38:31.064  3286  7398 I ActivityManager: Background started FGS: Allowed [callingPackage: com.deepeye.musicpro; callingUid: 10527; uidState: TOP ; uidBFSL: [BFSL]; intent: Intent { cmp=com.deepeye.musicpro/.player.service.MusicPlayerService }; code:PROC_STATE_TOP; tempAllowListReason:<null>; targetSdkVersion:34; callerTargetSdkVersion:34; startForegroundCount:6; bindFromPackage:null: isBindService:false]
06-16 01:38:31.064  3286  7398 W ProcessStats: Tracking association SourceState{7a405c7 com.google.android.gms.persistent/10192 BTop #104485} whose proc state 2 is better than process ProcessState{94479f4 com.google.android.adservices.api/10357 pkg=com.google.android.adservices.api} proc state 13 (33 skipped)
06-16 01:38:31.531  3286  7398 I MR2ServiceImpl: startScan | manager: 1
06-16 01:38:33.064  4198  4198 D ViewRootImpl: update {(0,102)(wrapxwrap) gr=BOTTOM CENTER ty=TOAST fmt=TRANSLUCENT
06-16 01:38:33.064  4198  4198 D ViewRootImpl:   fl=NOT_FOCUSABLE NOT_TOUCHABLE KEEP_SCREEN_ON HARDWARE_ACCELERATED
06-16 01:38:33.064  4198  4198 D ViewRootImpl:   pfl=FIT_INSETS_CONTROLLED TRUSTED_OVERLAY
06-16 01:38:33.064  4198  4198 D ViewRootImpl:   bhv=DEFAULT
06-16 01:38:33.064  4198  4198 D ViewRootImpl:   fitTypes=STATUS_BARS NAVIGATION_BARS CAPTION_BAR
06-16 01:38:33.064  4198  4198 D ViewRootImpl:   fitIgnoreVis} by setView
06-16 01:38:33.076  3286  3707 D CoreBackPreview: Window{747195 u0 Toast}: Setting back callback OnBackInvokedCallbackInfo{mCallback=android.window.IOnBackInvokedCallback$Stub$Proxy@282e238, mPriority=0, mIsAnimationCallback=false}
06-16 01:38:33.104  3286  3707 I MR2ServiceImpl: stopScan | manager: 1
06-16 01:38:35.646  3286  5295 D CoreBackPreview: Window{747195 u0 Toast}: Setting back callback null
06-16 01:38:35.655  3286  5295 W NotificationService: Toast already killed. pkg=com.deepeye.musicpro token=android.os.BinderProxy@1815a27
06-16 01:38:36.605  3286  7398 I MediaSessionStack: onPlaybackStateChanged - Pushing session to top | record: com.deepeye.musicpro/androidx.media3.session.id. (userId=0)
06-16 01:38:36.606  3286  7168 I ActivityManager: Background started FGS: Allowed [callingPackage: com.deepeye.musicpro; callingUid: 10527; uidState: TOP ; uidBFSL: [BFSL]; intent: Intent { cmp=com.deepeye.musicpro/.player.service.MusicPlayerService }; code:PROC_STATE_TOP; tempAllowListReason:<null>; targetSdkVersion:34; callerTargetSdkVersion:34; startForegroundCount:7; bindFromPackage:null: isBindService:false]
06-16 01:38:37.082  3286  7168 I MR2ServiceImpl: startScan | manager: 1
06-16 01:38:37.088  3286  3286 V UiModeManager: updateLocked: null action, mDockState=0, category=null
06-16 01:38:37.089  3286  3286 D UiModeManager: updateConfigurationLocked: mDockState=0; mCarMode=false; mNightMode=2; mNightModeCustomType=-1; uiMode=33
06-16 01:38:37.091  4198  5215 D PowerUI : can't show warning due to - plugged: true status unknown: false
06-16 01:38:38.701  4198  4198 D ViewRootImpl: update {(0,102)(wrapxwrap) gr=BOTTOM CENTER ty=TOAST fmt=TRANSLUCENT
06-16 01:38:38.701  4198  4198 D ViewRootImpl:   fl=NOT_FOCUSABLE NOT_TOUCHABLE KEEP_SCREEN_ON HARDWARE_ACCELERATED
06-16 01:38:38.701  4198  4198 D ViewRootImpl:   pfl=FIT_INSETS_CONTROLLED TRUSTED_OVERLAY
06-16 01:38:38.701  4198  4198 D ViewRootImpl:   bhv=DEFAULT
06-16 01:38:38.701  4198  4198 D ViewRootImpl:   fitTypes=STATUS_BARS NAVIGATION_BARS CAPTION_BAR
06-16 01:38:38.701  4198  4198 D ViewRootImpl:   fitIgnoreVis} by setView
06-16 01:38:38.718  3286  4271 D CoreBackPreview: Window{54da3c0 u0 Toast}: Setting back callback OnBackInvokedCallbackInfo{mCallback=android.window.IOnBackInvokedCallback$Stub$Proxy@fe9ee9f, mPriority=0, mIsAnimationCallback=false}
06-16 01:38:38.755  3286  4271 I MR2ServiceImpl: stopScan | manager: 1
06-16 01:38:41.280  3286  7398 D CoreBackPreview: Window{54da3c0 u0 Toast}: Setting back callback null
06-16 01:38:41.285  3286  7398 W NotificationService: Toast already killed. pkg=com.deepeye.musicpro token=android.os.BinderProxy@1651297
06-16 01:38:42.217  3286  5295 I MediaSessionStack: onPlaybackStateChanged - Pushing session to top | record: com.deepeye.musicpro/androidx.media3.session.id. (userId=0)
06-16 01:38:42.218  3286  5295 I ActivityManager: Background started FGS: Allowed [callingPackage: com.deepeye.musicpro; callingUid: 10527; uidState: TOP ; uidBFSL: [BFSL]; intent: Intent { cmp=com.deepeye.musicpro/.player.service.MusicPlayerService }; code:PROC_STATE_TOP; tempAllowListReason:<null>; targetSdkVersion:34; callerTargetSdkVersion:34; startForegroundCount:8; bindFromPackage:null: isBindService:false]
06-16 01:38:42.219  3286  5295 W ProcessStats: Tracking association SourceState{7a405c7 com.google.android.gms.persistent/10192 BTop #104520} whose proc state 2 is better than process ProcessState{94479f4 com.google.android.adservices.api/10357 pkg=com.google.android.adservices.api} proc state 13 (27 skipped)
06-16 01:38:42.693  3286  4271 I MR2ServiceImpl: startScan | manager: 1
06-16 01:38:44.676  4198  4198 D ViewRootImpl: update {(0,102)(wrapxwrap) gr=BOTTOM CENTER ty=TOAST fmt=TRANSLUCENT
06-16 01:38:44.676  4198  4198 D ViewRootImpl:   fl=NOT_FOCUSABLE NOT_TOUCHABLE KEEP_SCREEN_ON HARDWARE_ACCELERATED
06-16 01:38:44.676  4198  4198 D ViewRootImpl:   pfl=FIT_INSETS_CONTROLLED TRUSTED_OVERLAY
06-16 01:38:44.676  4198  4198 D ViewRootImpl:   bhv=DEFAULT
06-16 01:38:44.676  4198  4198 D ViewRootImpl:   fitTypes=STATUS_BARS NAVIGATION_BARS CAPTION_BAR
06-16 01:38:44.676  4198  4198 D ViewRootImpl:   fitIgnoreVis} by setView
06-16 01:38:44.687  3286  4271 D CoreBackPreview: Window{92c0ac5 u0 Toast}: Setting back callback OnBackInvokedCallbackInfo{mCallback=android.window.IOnBackInvokedCallback$Stub$Proxy@d417128, mPriority=0, mIsAnimationCallback=false}
06-16 01:38:44.711  3286  7168 I MR2ServiceImpl: stopScan | manager: 1
06-16 01:38:47.258  3286  4271 D CoreBackPreview: Window{92c0ac5 u0 Toast}: Setting back callback null
06-16 01:38:47.268  3286  4271 W NotificationService: Toast already killed. pkg=com.deepeye.musicpro token=android.os.BinderProxy@60e5c06
06-16 01:38:48.301  3286  5295 I MediaSessionStack: onPlaybackStateChanged - Pushing session to top | record: com.deepeye.musicpro/androidx.media3.session.id. (userId=0)
06-16 01:38:48.302  3286  5295 I ActivityManager: Background started FGS: Allowed [callingPackage: com.deepeye.musicpro; callingUid: 10527; uidState: TOP ; uidBFSL: [BFSL]; intent: Intent { cmp=com.deepeye.musicpro/.player.service.MusicPlayerService }; code:PROC_STATE_TOP; tempAllowListReason:<null>; targetSdkVersion:34; callerTargetSdkVersion:34; startForegroundCount:9; bindFromPackage:null: isBindService:false]
06-16 01:38:48.780  3286  5295 I MR2ServiceImpl: startScan | manager: 1
06-16 01:38:49.649  4198  4198 D ViewRootImpl: update {(0,102)(wrapxwrap) gr=BOTTOM CENTER ty=TOAST fmt=TRANSLUCENT
06-16 01:38:49.649  4198  4198 D ViewRootImpl:   fl=NOT_FOCUSABLE NOT_TOUCHABLE KEEP_SCREEN_ON HARDWARE_ACCELERATED
06-16 01:38:49.649  4198  4198 D ViewRootImpl:   pfl=FIT_INSETS_CONTROLLED TRUSTED_OVERLAY
06-16 01:38:49.649  4198  4198 D ViewRootImpl:   bhv=DEFAULT
06-16 01:38:49.649  4198  4198 D ViewRootImpl:   fitTypes=STATUS_BARS NAVIGATION_BARS CAPTION_BAR
06-16 01:38:49.649  4198  4198 D ViewRootImpl:   fitIgnoreVis} by setView
06-16 01:38:49.661  3286  3707 D CoreBackPreview: Window{96170fd u0 Toast}: Setting back callback OnBackInvokedCallbackInfo{mCallback=android.window.IOnBackInvokedCallback$Stub$Proxy@36bd6c0, mPriority=0, mIsAnimationCallback=false}
06-16 01:38:49.689  3286  7168 I MR2ServiceImpl: stopScan | manager: 1
06-16 01:38:52.228  3286  3708 D CoreBackPreview: Window{96170fd u0 Toast}: Setting back callback null
06-16 01:38:52.237  3286  3708 W NotificationService: Toast already killed. pkg=com.deepeye.musicpro token=android.os.BinderProxy@8979eec
06-16 01:38:52.872  3286  7203 I MediaSessionStack: onPlaybackStateChanged - Pushing session to top | record: com.deepeye.musicpro/androidx.media3.session.id. (userId=0)
06-16 01:38:52.873  3286  7203 I ActivityManager: Background started FGS: Allowed [callingPackage: com.deepeye.musicpro; callingUid: 10527; uidState: TOP ; uidBFSL: [BFSL]; intent: Intent { cmp=com.deepeye.musicpro/.player.service.MusicPlayerService }; code:PROC_STATE_TOP; tempAllowListReason:<null>; targetSdkVersion:34; callerTargetSdkVersion:34; startForegroundCount:10; bindFromPackage:null: isBindService:false]
06-16 01:38:52.874  3286  7203 W ProcessStats: Tracking association SourceState{7a405c7 com.google.android.gms.persistent/10192 BTop #104561} whose proc state 2 is better than process ProcessState{94479f4 com.google.android.adservices.api/10357 pkg=com.google.android.adservices.api} proc state 13 (25 skipped)
06-16 01:38:53.345  3286  7203 I MR2ServiceImpl: startScan | manager: 1
06-16 01:38:54.209  4198  4198 D ViewRootImpl: update {(0,102)(wrapxwrap) gr=BOTTOM CENTER ty=TOAST fmt=TRANSLUCENT
06-16 01:38:54.209  4198  4198 D ViewRootImpl:   fl=NOT_FOCUSABLE NOT_TOUCHABLE KEEP_SCREEN_ON HARDWARE_ACCELERATED
06-16 01:38:54.209  4198  4198 D ViewRootImpl:   pfl=FIT_INSETS_CONTROLLED TRUSTED_OVERLAY
06-16 01:38:54.209  4198  4198 D ViewRootImpl:   bhv=DEFAULT
06-16 01:38:54.209  4198  4198 D ViewRootImpl:   fitTypes=STATUS_BARS NAVIGATION_BARS CAPTION_BAR
06-16 01:38:54.209  4198  4198 D ViewRootImpl:   fitIgnoreVis} by setView
06-16 01:38:54.223  3286  3708 D CoreBackPreview: Window{548ff72 u0 Toast}: Setting back callback OnBackInvokedCallbackInfo{mCallback=android.window.IOnBackInvokedCallback$Stub$Proxy@9e27b79, mPriority=0, mIsAnimationCallback=false}
06-16 01:38:54.249  3286  7203 I MR2ServiceImpl: stopScan | manager: 1
06-16 01:38:56.793  3286  5295 D CoreBackPreview: Window{548ff72 u0 Toast}: Setting back callback null
06-16 01:38:56.804  3286  5295 W NotificationService: Toast already killed. pkg=com.deepeye.musicpro token=android.os.BinderProxy@d999065
06-16 01:38:58.016  3286  5295 I MediaSessionStack: onPlaybackStateChanged - Pushing session to top | record: com.deepeye.musicpro/androidx.media3.session.id. (userId=0)
06-16 01:38:58.017  3286  5295 I ActivityManager: Background started FGS: Allowed [callingPackage: com.deepeye.musicpro; callingUid: 10527; uidState: TOP ; uidBFSL: [BFSL]; intent: Intent { cmp=com.deepeye.musicpro/.player.service.MusicPlayerService }; code:PROC_STATE_TOP; tempAllowListReason:<null>; targetSdkVersion:34; callerTargetSdkVersion:34; startForegroundCount:11; bindFromPackage:null: isBindService:false]
06-16 01:38:58.486  3286  3708 I MR2ServiceImpl: startScan | manager: 1
06-16 01:38:59.453  4198  4198 D ViewRootImpl: update {(0,102)(wrapxwrap) gr=BOTTOM CENTER ty=TOAST fmt=TRANSLUCENT
06-16 01:38:59.453  4198  4198 D ViewRootImpl:   fl=NOT_FOCUSABLE NOT_TOUCHABLE KEEP_SCREEN_ON HARDWARE_ACCELERATED
06-16 01:38:59.453  4198  4198 D ViewRootImpl:   pfl=FIT_INSETS_CONTROLLED TRUSTED_OVERLAY
06-16 01:38:59.453  4198  4198 D ViewRootImpl:   bhv=DEFAULT
06-16 01:38:59.453  4198  4198 D ViewRootImpl:   fitTypes=STATUS_BARS NAVIGATION_BARS CAPTION_BAR
06-16 01:38:59.453  4198  4198 D ViewRootImpl:   fitIgnoreVis} by setView
06-16 01:38:59.467  3286  7203 D CoreBackPreview: Window{da0b1bc u0 Toast}: Setting back callback OnBackInvokedCallbackInfo{mCallback=android.window.IOnBackInvokedCallback$Stub$Proxy@4f3e1cb, mPriority=0, mIsAnimationCallback=false}
06-16 01:38:59.493  3286  7168 I MR2ServiceImpl: stopScan | manager: 1
06-16 01:38:59.974  3286  4271 I MediaSessionStack: onPlaybackStateChanged - Pushing session to top | record: com.deepeye.musicpro/androidx.media3.session.id. (userId=0)
06-16 01:38:59.975  3286  7203 I ActivityManager: Background started FGS: Allowed [callingPackage: com.deepeye.musicpro; callingUid: 10527; uidState: TOP ; uidBFSL: [BFSL]; intent: Intent { cmp=com.deepeye.musicpro/.player.service.MusicPlayerService }; code:PROC_STATE_TOP; tempAllowListReason:<null>; targetSdkVersion:34; callerTargetSdkVersion:34; startForegroundCount:12; bindFromPackage:null: isBindService:false]
06-16 01:39:00.434  3286  7203 I MR2ServiceImpl: startScan | manager: 1
06-16 01:39:01.811  3286  7203 I MR2ServiceImpl: stopScan | manager: 1
06-16 01:39:02.036  3286  7203 D CoreBackPreview: Window{da0b1bc u0 Toast}: Setting back callback null
06-16 01:39:02.044  3286  7203 W NotificationService: Toast already killed. pkg=com.deepeye.musicpro token=android.os.BinderProxy@7bc7a7c
06-16 01:39:02.052  4198  4198 D ViewRootImpl: update {(0,102)(wrapxwrap) gr=BOTTOM CENTER ty=TOAST fmt=TRANSLUCENT
06-16 01:39:02.052  4198  4198 D ViewRootImpl:   fl=NOT_FOCUSABLE NOT_TOUCHABLE KEEP_SCREEN_ON HARDWARE_ACCELERATED
06-16 01:39:02.052  4198  4198 D ViewRootImpl:   pfl=FIT_INSETS_CONTROLLED TRUSTED_OVERLAY
06-16 01:39:02.052  4198  4198 D ViewRootImpl:   bhv=DEFAULT
06-16 01:39:02.052  4198  4198 D ViewRootImpl:   fitTypes=STATUS_BARS NAVIGATION_BARS CAPTION_BAR
06-16 01:39:02.052  4198  4198 D ViewRootImpl:   fitIgnoreVis} by setView
06-16 01:39:02.064  3286  7203 D CoreBackPreview: Window{c50eb5a u0 Toast}: Setting back callback OnBackInvokedCallbackInfo{mCallback=android.window.IOnBackInvokedCallback$Stub$Proxy@402a681, mPriority=0, mIsAnimationCallback=false}
06-16 01:39:04.396  3286  5295 D CoreBackPreview: Window{c50eb5a u0 Toast}: Setting back callback null
06-16 01:39:04.403  3286  5295 W NotificationService: Toast already killed. pkg=com.deepeye.musicpro token=android.os.BinderProxy@121e291
06-16 01:39:05.193  3286  4271 I MediaSessionStack: onPlaybackStateChanged - Pushing session to top | record: com.deepeye.musicpro/androidx.media3.session.id. (userId=0)
06-16 01:39:05.193  3286  4271 I ActivityManager: Background started FGS: Allowed [callingPackage: com.deepeye.musicpro; callingUid: 10527; uidState: TOP ; uidBFSL: [BFSL]; intent: Intent { cmp=com.deepeye.musicpro/.player.service.MusicPlayerService }; code:PROC_STATE_TOP; tempAllowListReason:<null>; targetSdkVersion:34; callerTargetSdkVersion:34; startForegroundCount:13; bindFromPackage:null: isBindService:false]
06-16 01:39:05.196  3286  4271 W ProcessStats: Tracking association SourceState{7a405c7 com.google.android.gms.persistent/10192 BTop #104618} whose proc state 2 is better than process ProcessState{94479f4 com.google.android.adservices.api/10357 pkg=com.google.android.adservices.api} proc state 13 (37 skipped)
06-16 01:39:05.681  3286  5295 I MR2ServiceImpl: startScan | manager: 1
06-16 01:39:06.661  4198  4198 D ViewRootImpl: update {(0,102)(wrapxwrap) gr=BOTTOM CENTER ty=TOAST fmt=TRANSLUCENT
06-16 01:39:06.661  4198  4198 D ViewRootImpl:   fl=NOT_FOCUSABLE NOT_TOUCHABLE KEEP_SCREEN_ON HARDWARE_ACCELERATED
06-16 01:39:06.661  4198  4198 D ViewRootImpl:   pfl=FIT_INSETS_CONTROLLED TRUSTED_OVERLAY
06-16 01:39:06.661  4198  4198 D ViewRootImpl:   bhv=DEFAULT
06-16 01:39:06.661  4198  4198 D ViewRootImpl:   fitTypes=STATUS_BARS NAVIGATION_BARS CAPTION_BAR
06-16 01:39:06.661  4198  4198 D ViewRootImpl:   fitIgnoreVis} by setView
06-16 01:39:06.672  3286  3707 D CoreBackPreview: Window{d88d u0 Toast}: Setting back callback OnBackInvokedCallbackInfo{mCallback=android.window.IOnBackInvokedCallback$Stub$Proxy@37dcf90, mPriority=0, mIsAnimationCallback=false}
06-16 01:39:06.696  3286  3707 I MR2ServiceImpl: stopScan | manager: 1
06-16 01:39:07.207  3286  3721 D ActivityManager: unfreezing ProcessRecord{3934ef0 30804:in.amazon.mShop.android.shopping/u0a476}, reason = oom_uncached, adj = 0, adjType = service, adjSource = ProcessRecord{c7535df 3286:system/1000}
06-16 01:39:07.209  3286  3721 D ActivityManager: sync unfroze 30804 in.amazon.mShop.android.shopping for 6
06-16 01:39:07.223  3286  3721 D CompatibilityChangeReporter: Compat change id reported: 135634846; UID 10200; state: DISABLED
06-16 01:39:07.223  3286  3721 D CompatibilityChangeReporter: Compat change id reported: 177438394; UID 10200; state: DISABLED
06-16 01:39:07.224  3286  3721 D CompatibilityChangeReporter: Compat change id reported: 135772972; UID 10200; state: DISABLED
06-16 01:39:07.224  3286  3721 D CompatibilityChangeReporter: Compat change id reported: 135754954; UID 10200; state: ENABLED
06-16 01:39:07.224  3286  3350 D CompatibilityChangeReporter: Compat change id reported: 143937733; UID 10200; state: ENABLED
06-16 01:39:07.227  3286  3721 D ActivityManager: unfreezing ProcessRecord{ecd0cc 4765:com.google.android.googlequicksearchbox:search/u0a228}, reason = oom_uncached, adj = 0, adjType = service, adjSource = ProcessRecord{c7535df 3286:system/1000}
06-16 01:39:07.229  3286  3721 D ActivityManager: sync unfroze 4765 com.google.android.googlequicksearchbox:search for 6
06-16 01:39:07.238  3286  3350 I ActivityManager: Start proc 10713:com.google.android.apps.messaging/u0a200 for service {com.google.android.apps.messaging/androidx.work.impl.background.systemjob.SystemJobService}
06-16 01:39:07.257  3286  3707 W JobScheduler: Job didn't exist in JobStore: 19a73b9 #u0a301/0 com.motorola.bach.modemstats/.nrcheckin.NRCheckinJobService
06-16 01:39:07.269  3286  7168 D CompatibilityChangeReporter: Compat change id reported: 168419799; UID 10200; state: DISABLED
06-16 01:39:07.269  3286  7168 D CompatibilityChangeReporter: Compat change id reported: 273564678; UID 10200; state: DISABLED
06-16 01:39:07.276  3286  7203 D CompatibilityChangeReporter: Compat change id reported: 170503758; UID 10200; state: ENABLED
06-16 01:39:07.350  3286  7168 W JobScheduler: Job didn't exist in JobStore: 2320bc #u0a476/-1578490490 in.amazon.mShop.android.shopping/com.amazon.mls.config.internal.sushi.uploader.BackupUploaderService
06-16 01:39:07.584  3286  4271 I ActivityManager: Flag disabled. Ignoring finishAttachApplication from uid: 10200. pid: 10713
06-16 01:39:07.596  3286  4271 D CompatibilityChangeReporter: Compat change id reported: 161145287; UID 10200; state: ENABLED
06-16 01:39:07.677  3286  7203 W JobScheduler: Job didn't exist in JobStore: fb72ce6 {androidx.work.systemjobscheduler} #u0a228/55184 @androidx.work.systemjobscheduler@com.google.android.googlequicksearchbox/androidx.work.impl.background.systemjob.SystemJobService
06-16 01:39:07.793  3286  3708 D ActivityManager: unfreezing ProcessRecord{7b40bf2 2883:com.google.process.gservices/u0a192}, reason = oom_uncached, adj = 250, adjType = provider, adjSource = ProcessRecord{77400a8 10713:com.google.android.apps.messaging/u0a200}
06-16 01:39:07.794  3286  3708 D ActivityManager: sync unfroze 2883 com.google.process.gservices for 7
06-16 01:39:07.964  3286  7203 D CompatibilityChangeReporter: Compat change id reported: 253665015; UID 10200; state: ENABLED
06-16 01:39:07.964  3286  7203 D CompatibilityChangeReporter: Compat change id reported: 194532703; UID 10200; state: ENABLED
06-16 01:39:08.145  3286  7203 W JobScheduler: Job didn't exist in JobStore: 77e295d {androidx.work.systemjobscheduler} #u0a200/2355 @androidx.work.systemjobscheduler@com.google.android.apps.messaging/androidx.work.impl.background.systemjob.SystemJobService
06-16 01:39:08.453  3286  3707 I ActivityManager: Killing 21773:com.motorola.coresettingsext/u0a308 (adj 999, setSvc -10000): empty #31
06-16 01:39:08.488  3286  3707 I ActivityManager: appDiedLocked: app=ProcessRecord{3048bb1 21773:com.motorola.coresettingsext/u0a308} thread=android.os.BinderProxy@85d4f70 fromBinderDied=true isKilledByAm=true reason=null
06-16 01:39:08.489  3286  3707 D RestartModeController: markWaitRestartAppIsSuicided null processName=com.motorola.coresettingsext
06-16 01:39:08.490  3286  3707 D ActivityTaskManager: handleAppDied: uid=10308,diedCount=1,lastDiedTime=33615402,forceStopUids=false
06-16 01:39:08.491  3286  3340 D DisplayManagerService: Drop pending events for gone uid 10308
06-16 01:39:08.493 21216 21216 I ActivityThread: Removing dead content provider:android.content.ContentProviderProxy@cb6cda7
06-16 01:39:08.521  3286  3707 W ActivityManager: pid 10713 com.google.android.apps.messaging sent binder code 46 with flags 2 to frozen apps and got error -2147483646
06-16 01:39:08.522  3286  3349 I ActivityManager: Killing 966:com.google.android.gms/u0a192 (adj 925, setSvc -10000): Sync transaction while frozen
06-16 01:39:08.822  3286  4271 I ActivityManager: appDiedLocked: app=ProcessRecord{5433f56 966:com.google.android.gms/u0a192} thread=android.os.BinderProxy@4933acc fromBinderDied=true isKilledByAm=true reason=null
06-16 01:39:08.824  3286  4271 W ActivityManager: Scheduling restart of crashed service com.google.android.gms/.chimera.GmsInternalApiService in 1000ms for connection
06-16 01:39:08.824  3286  4271 W ActivityManager: Scheduling restart of crashed service com.google.android.gms/.chimera.GmsBoundBrokerService in 11000ms for connection
06-16 01:39:08.824  3286  4271 W ActivityManager: Scheduling restart of crashed service com.google.android.gms/.measurement.service.MeasurementBrokerService in 21000ms for connection
06-16 01:39:08.824  3286  4271 W ActivityManager: Scheduling restart of crashed service com.google.android.gms/.auth.api.proxy.AuthService in 31000ms for connection
06-16 01:39:08.824  3286  4271 W ActivityManager: Scheduling restart of crashed service com.google.android.gms/.chimera.GmsApiService in 40999ms for connection
06-16 01:39:08.825  3286  4271 D RestartModeController: markWaitRestartAppIsSuicided null processName=com.google.android.gms
06-16 01:39:08.825  3286  4271 D ActivityTaskManager: handleAppDied: uid=10192,diedCount=1,lastDiedTime=42734719,forceStopUids=false
06-16 01:39:09.178  3286  4271 D CompatibilityChangeReporter: Compat change id reported: 135634846; UID 10192; state: DISABLED
06-16 01:39:09.180  3286  4271 D CompatibilityChangeReporter: Compat change id reported: 177438394; UID 10192; state: DISABLED
06-16 01:39:09.180  3286  4271 D CompatibilityChangeReporter: Compat change id reported: 135772972; UID 10192; state: DISABLED
06-16 01:39:09.180  3286  4271 D CompatibilityChangeReporter: Compat change id reported: 135754954; UID 10192; state: ENABLED
06-16 01:39:09.181  3286  3350 D CompatibilityChangeReporter: Compat change id reported: 143937733; UID 10192; state: ENABLED
06-16 01:39:09.198  3286  3350 I ActivityManager: Start proc 10802:com.google.android.gms.unstable/u0a192 for service {com.google.android.gms/com.google.android.gms.droidguard.DroidGuardService}
06-16 01:39:09.242  3286  4271 D CoreBackPreview: Window{d88d u0 Toast}: Setting back callback null
06-16 01:39:09.249  3286  7148 D CompatibilityChangeReporter: Compat change id reported: 168419799; UID 10192; state: DISABLED
06-16 01:39:09.250  3286  4268 W NotificationService: Toast already killed. pkg=com.deepeye.musicpro token=android.os.BinderProxy@1e449c9
06-16 01:39:09.250  3286  7148 D CompatibilityChangeReporter: Compat change id reported: 273564678; UID 10192; state: DISABLED
06-16 01:39:09.272  3286  4271 D CompatibilityChangeReporter: Compat change id reported: 170503758; UID 10192; state: ENABLED
06-16 01:39:09.583  3286  4268 I ActivityManager: Flag disabled. Ignoring finishAttachApplication from uid: 10192. pid: 10802
06-16 01:39:09.826  3286  3349 D CompatibilityChangeReporter: Compat change id reported: 135634846; UID 10192; state: DISABLED
06-16 01:39:09.826  3286  3349 D CompatibilityChangeReporter: Compat change id reported: 177438394; UID 10192; state: DISABLED
06-16 01:39:09.826  3286  3349 D CompatibilityChangeReporter: Compat change id reported: 135772972; UID 10192; state: DISABLED
06-16 01:39:09.826  3286  3349 D CompatibilityChangeReporter: Compat change id reported: 135754954; UID 10192; state: ENABLED
06-16 01:39:09.827  3286  3350 D CompatibilityChangeReporter: Compat change id reported: 143937733; UID 10192; state: ENABLED
06-16 01:39:09.840  3286  3350 I ActivityManager: Start proc 10853:com.google.android.gms/u0a192 for service {com.google.android.gms/com.google.android.gms.chimera.GmsInternalApiService}
06-16 01:39:10.093  3286  7148 I ActivityManager: Flag disabled. Ignoring finishAttachApplication from uid: 10192. pid: 10853
06-16 01:39:10.236  3286  4271 I ActivityManager: Killing 26173:com.motorola.screenshoteditor/u0a154 (adj 995, setSvc -10000): empty #31
06-16 01:39:10.275  3286  4271 I ActivityManager: appDiedLocked: app=ProcessRecord{35b4e13 26173:com.motorola.screenshoteditor/u0a154} thread=android.os.BinderProxy@5271f51 fromBinderDied=true isKilledByAm=true reason=null
06-16 01:39:10.276  3286  4271 D RestartModeController: markWaitRestartAppIsSuicided null processName=com.motorola.screenshoteditor
06-16 01:39:10.277  3286  4271 D ActivityTaskManager: handleAppDied: uid=10154,diedCount=1,lastDiedTime=33027521,forceStopUids=false
06-16 01:39:10.277  3286  3340 D DisplayManagerService: Drop pending events for gone uid 10154
06-16 01:39:10.413  1352  8065 E keystore2: system/security/keystore2/src/rkpd_client.rs:172 - IGetKeyCallback failed: Device doesnot support RKP
06-16 01:39:10.413  1352 13454 W keystore2: system/security/keystore2/src/remote_provisioning.rs:102 - Error occurred: system/security/keystore2/src/rkpd_client.rs:187: GetKeyCallback failed: r#ERROR_UNKNOWN "Device doesnot support RKP"
06-16 01:39:10.413  1352 13454 W keystore2: 
06-16 01:39:10.413  1352 13454 W keystore2: Caused by:
06-16 01:39:10.413  1352 13454 W keystore2:     Error::Rc(r#OUT_OF_KEYS_TRANSIENT_ERROR)
06-16 01:39:10.413  3286  7148 I MediaSessionStack: onPlaybackStateChanged - Pushing session to top | record: com.deepeye.musicpro/androidx.media3.session.id. (userId=0)
06-16 01:39:10.414  3286  7395 I ActivityManager: Background started FGS: Allowed [callingPackage: com.deepeye.musicpro; callingUid: 10527; uidState: TOP ; uidBFSL: [BFSL]; intent: Intent { cmp=com.deepeye.musicpro/.player.service.MusicPlayerService }; code:PROC_STATE_TOP; tempAllowListReason:<null>; targetSdkVersion:34; callerTargetSdkVersion:34; startForegroundCount:14; bindFromPackage:null: isBindService:false]
06-16 01:39:10.882  3286  4271 I MR2ServiceImpl: startScan | manager: 1
06-16 01:39:12.171  4198  4198 D ViewRootImpl: update {(0,102)(wrapxwrap) gr=BOTTOM CENTER ty=TOAST fmt=TRANSLUCENT
06-16 01:39:12.171  4198  4198 D ViewRootImpl:   fl=NOT_FOCUSABLE NOT_TOUCHABLE KEEP_SCREEN_ON HARDWARE_ACCELERATED
06-16 01:39:12.171  4198  4198 D ViewRootImpl:   pfl=FIT_INSETS_CONTROLLED TRUSTED_OVERLAY
06-16 01:39:12.171  4198  4198 D ViewRootImpl:   bhv=DEFAULT
06-16 01:39:12.171  4198  4198 D ViewRootImpl:   fitTypes=STATUS_BARS NAVIGATION_BARS CAPTION_BAR
06-16 01:39:12.171  4198  4198 D ViewRootImpl:   fitIgnoreVis} by setView
06-16 01:39:12.186  3286  6909 D CoreBackPreview: Window{6a74527 u0 Toast}: Setting back callback OnBackInvokedCallbackInfo{mCallback=android.window.IOnBackInvokedCallback$Stub$Proxy@61bb072, mPriority=0, mIsAnimationCallback=false}
06-16 01:39:12.206  3286  7395 I MR2ServiceImpl: stopScan | manager: 1
06-16 01:39:12.238  1352  8065 E keystore2: system/security/keystore2/src/rkpd_client.rs:172 - IGetKeyCallback failed: Device doesnot support RKP
06-16 01:39:12.239  1352 13454 W keystore2: system/security/keystore2/src/remote_provisioning.rs:102 - Error occurred: system/security/keystore2/src/rkpd_client.rs:187: GetKeyCallback failed: r#ERROR_UNKNOWN "Device doesnot support RKP"
06-16 01:39:12.239  1352 13454 W keystore2: 
06-16 01:39:12.239  1352 13454 W keystore2: Caused by:
06-16 01:39:12.239  1352 13454 W keystore2:     Error::Rc(r#OUT_OF_KEYS_TRANSIENT_ERROR)
06-16 01:39:14.759  3286  6909 D CoreBackPreview: Window{6a74527 u0 Toast}: Setting back callback null
06-16 01:39:14.770  3286  7395 W NotificationService: Toast already killed. pkg=com.deepeye.musicpro token=android.os.BinderProxy@a092aec
06-16 01:39:14.774  1352  8065 E keystore2: system/security/keystore2/src/rkpd_client.rs:172 - IGetKeyCallback failed: Device doesnot support RKP
06-16 01:39:14.774  1352 13454 W keystore2: system/security/keystore2/src/remote_provisioning.rs:102 - Error occurred: system/security/keystore2/src/rkpd_client.rs:187: GetKeyCallback failed: r#ERROR_UNKNOWN "Device doesnot support RKP"
06-16 01:39:14.774  1352 13454 W keystore2: 
06-16 01:39:14.774  1352 13454 W keystore2: Caused by:
06-16 01:39:14.774  1352 13454 W keystore2:     Error::Rc(r#OUT_OF_KEYS_TRANSIENT_ERROR)
06-16 01:39:15.532  3286  7396 I MediaSessionStack: onPlaybackStateChanged - Pushing session to top | record: com.deepeye.musicpro/androidx.media3.session.id. (userId=0)
06-16 01:39:15.532  3286  7396 I ActivityManager: Background started FGS: Allowed [callingPackage: com.deepeye.musicpro; callingUid: 10527; uidState: TOP ; uidBFSL: [BFSL]; intent: Intent { cmp=com.deepeye.musicpro/.player.service.MusicPlayerService }; code:PROC_STATE_TOP; tempAllowListReason:<null>; targetSdkVersion:34; callerTargetSdkVersion:34; startForegroundCount:15; bindFromPackage:null: isBindService:false]
06-16 01:39:15.533  3286  7396 W ProcessStats: Tracking association SourceState{7a405c7 com.google.android.gms.persistent/10192 BTop #104765} whose proc state 2 is better than process ProcessState{94479f4 com.google.android.adservices.api/10357 pkg=com.google.android.adservices.api} proc state 13 (141 skipped)
06-16 01:39:15.997  3286  7396 I MR2ServiceImpl: startScan | manager: 1
06-16 01:39:16.428  1352 13454 E keystore2: system/security/keystore2/src/rkpd_client.rs:172 - IGetKeyCallback failed: Device doesnot support RKP
06-16 01:39:16.428  1352  8065 W keystore2: system/security/keystore2/src/remote_provisioning.rs:102 - Error occurred: system/security/keystore2/src/rkpd_client.rs:187: GetKeyCallback failed: r#ERROR_UNKNOWN "Device doesnot support RKP"
06-16 01:39:16.428  1352  8065 W keystore2: 
06-16 01:39:16.428  1352  8065 W keystore2: Caused by:
06-16 01:39:16.428  1352  8065 W keystore2:     Error::Rc(r#OUT_OF_KEYS_TRANSIENT_ERROR)
06-16 01:39:17.252  4198  4198 D ViewRootImpl: update {(0,102)(wrapxwrap) gr=BOTTOM CENTER ty=TOAST fmt=TRANSLUCENT
06-16 01:39:17.252  4198  4198 D ViewRootImpl:   fl=NOT_FOCUSABLE NOT_TOUCHABLE KEEP_SCREEN_ON HARDWARE_ACCELERATED
06-16 01:39:17.252  4198  4198 D ViewRootImpl:   pfl=FIT_INSETS_CONTROLLED TRUSTED_OVERLAY
06-16 01:39:17.252  4198  4198 D ViewRootImpl:   bhv=DEFAULT
06-16 01:39:17.252  4198  4198 D ViewRootImpl:   fitTypes=STATUS_BARS NAVIGATION_BARS CAPTION_BAR
06-16 01:39:17.252  4198  4198 D ViewRootImpl:   fitIgnoreVis} by setView
06-16 01:39:17.265  3286  7396 D CoreBackPreview: Window{8fa5405 u0 Toast}: Setting back callback OnBackInvokedCallbackInfo{mCallback=android.window.IOnBackInvokedCallback$Stub$Proxy@c263b68, mPriority=0, mIsAnimationCallback=false}
06-16 01:39:17.283  3286  7152 I MR2ServiceImpl: stopScan | manager: 1
06-16 01:39:17.361  3286  3759 D ActivityManager: freezing 30804 in.amazon.mShop.android.shopping, reason = oom_cached
06-16 01:39:17.770  3286  6909 I MediaSessionStack: onPlaybackStateChanged - Pushing session to top | record: com.deepeye.musicpro/androidx.media3.session.id. (userId=0)
06-16 01:39:17.771  3286  6909 I ActivityManager: Background started FGS: Allowed [callingPackage: com.deepeye.musicpro; callingUid: 10527; uidState: TOP ; uidBFSL: [BFSL]; intent: Intent { cmp=com.deepeye.musicpro/.player.service.MusicPlayerService }; code:PROC_STATE_TOP; tempAllowListReason:<null>; targetSdkVersion:34; callerTargetSdkVersion:34; startForegroundCount:16; bindFromPackage:null: isBindService:false]
06-16 01:39:18.178  3286  3759 D ActivityManager: freezing 4765 com.google.android.googlequicksearchbox:search, reason = oom_cached
06-16 01:39:18.248  3286  7396 I MR2ServiceImpl: startScan | manager: 1
06-16 01:39:19.510  3286  3759 D ActivityManager: freezing 10713 com.google.android.apps.messaging, reason = oom_cached
06-16 01:39:19.513  3286  3759 D ActivityManager: freezing 2883 com.google.process.gservices, reason = oom_cached
06-16 01:39:19.536  3286  6909 I MR2ServiceImpl: stopScan | manager: 1
06-16 01:39:19.832  3286  7396 D CoreBackPreview: Window{8fa5405 u0 Toast}: Setting back callback null
06-16 01:39:19.840  3286  7396 W NotificationService: Toast already killed. pkg=com.deepeye.musicpro token=android.os.BinderProxy@c88680c
