--------- beginning of system
06-16 01:36:15.124  4198  4238 D WindowManagerShell: onFixedRotationFinished: TaskInfo{userId=0 taskId=7071 displayId=0 isRunning=true baseIntent=Intent { act=android.intent.action.MAIN cat=[android.intent.category.LAUNCHER] flg=0x10200000 cmp=com.deepeye.musicpro/.MainActivity } baseActivity=ComponentInfo{com.deepeye.musicpro/com.deepeye.musicpro.MainActivity} topActivity=ComponentInfo{com.deepeye.musicpro/com.deepeye.musicpro.MainActivity} origActivity=null realActivity=ComponentInfo{com.deepeye.musicpro/com.deepeye.musicpro.MainActivity} numActivities=1 lastActiveTime=42017269 supportsMultiWindow=true supportsGlobalFreeform=true resizeMode=1 isResizeable=true isAppLocked=false canKillAndRestart=false isShowDecorCaptionWindowRequest=false minWidth=-1 minHeight=-1 defaultMinSize=200 token=WCT{android.window.IWindowContainerToken$Stub$Proxy@1a155b0} topActivityType=1 pictureInPictureParams=PictureInPictureParams( aspectRatio=16/9 expandedAspectRatio=null sourceRectHint=null hasSetActions=true hasSetCloseAction=false isAutoPipEnabled=true isSeamlessResizeEnabled=true title=null subtitle=null isLaunchIntoPip=false) shouldDockBigOverlays=false launchIntoPipHostTaskId=-1 lastParentTaskIdBeforePip=-1 displayCutoutSafeInsets=null topActivityInfo=ActivityInfo{fed4c29 com.deepeye.musicpro.MainActivity} launchCookies=[android.os.BinderProxy@4796528] positionInParent=Point(0, 0) parentTaskId=-1 isFocused=false isVisible=true isVisibleRequested=true isSleeping=false topActivityInSizeCompat=false topActivityEligibleForLetterboxEducation= false topActivityLetterboxed= false isFromDoubleTap= false topActivityLetterboxVerticalPosition= -1 topActivityLetterboxHorizontalPosition= -1 topActivityLetterboxWidth=-1 topActivityLetterboxHeight=-1 locusId=null displayAreaFeatureId=1 cameraCompatControlState=hidden}, state=PipTransitionState(mState=undefined, mInSwipePipToHomeTransition=false)
06-16 01:36:15.151  3286  3343 D WindowManager: Screen brightness override to: 1.0 by: com.deepeye.musicpro
06-16 01:36:15.152  3286  3339 V WindowManager: Sent Transition #507 createdAt=06-16 01:36:13.984 via request=TransitionRequestInfo { type = 2, triggerTask = TaskInfo{userId=0 taskId=7090 displayId=0 isRunning=false baseIntent=Intent { flg=0x10000000 cmp=com.deepeye.musicpro/.MainActivity } baseActivity=null topActivity=null origActivity=null realActivity=ComponentInfo{com.deepeye.musicpro/com.deepeye.musicpro.MainActivity} numActivities=0 lastActiveTime=46331548 supportsMultiWindow=true supportsGlobalFreeform=true resizeMode=1 isResizeable=true isAppLocked=false canKillAndRestart=true isShowDecorCaptionWindowRequest=false minWidth=-1 minHeight=-1 defaultMinSize=200 token=WCT{RemoteToken{b790250 Task{c1e98db #7090 type=standard A=10526:com.deepeye.musicpro}}} topActivityType=1 pictureInPictureParams=null shouldDockBigOverlays=false launchIntoPipHostTaskId=-1 lastParentTaskIdBeforePip=-1 displayCutoutSafeInsets=null topActivityInfo=null launchCookies=[] positionInParent=Point(0, 0) parentTaskId=-1 isFocused=true isVisible=true isVisibleRequested=true isSleeping=false topActivityInSizeCompat=false topActivityEligibleForLetterboxEducation= false topActivityLetterboxed= false isFromDoubleTap= false topActivityLetterboxVerticalPosition= -1 topActivityLetterboxHorizontalPosition= -1 topActivityLetterboxWidth=-1 topActivityLetterboxHeight=-1 locusId=null displayAreaFeatureId=1 cameraCompatControlState=hidden}, remoteTransition = null, displayChange = null, flags = 0 }
06-16 01:36:15.152  3286  3339 V WindowManager:     startWCT=WindowContainerTransaction { changes = {} hops = [] errorCallbackToken=null taskFragmentOrganizer=null }
06-16 01:36:15.152  3286  3339 V WindowManager:     info={id=507 t=CLOSE f=0x0 trk=0 r=[0@Point(0, 0)] c=[{WCT{RemoteToken{b790250 Task{c1e98db #7090 type=standard A=10526:com.deepeye.musicpro}}} m=CLOSE f=NONE pTaskId=-1 leash=Surface(name=Task=7090)/@0xc850be4 sb=Rect(0, 0 - 2400, 1080) eb=Rect(0, 0 - 2400, 1080) d=0},{WCT{RemoteToken{6efc357 Task{ef21b25 #1 type=home}}} m=TO_FRONT f=SHOW_WALLPAPER pTaskId=-1 leash=Surface(name=Task=1)/@0xad1b655 sb=Rect(0, 0 - 2400, 1080) eb=Rect(0, 0 - 2400, 1080) d=0 endFixedRotation=0},{null m=TO_FRONT f=IS_WALLPAPER leash=Surface(name=Surface(name=WallpaperWindowToken{7e78e8c token=android.os.Binder@5d967bf})/@0xbb5f013 - rotation-leash)/@0x737a86f sb=Rect(0, 0 - 2400, 1080) eb=Rect(0, 0 - 1080, 2400) d=0 r=1->0:-1}]}
06-16 01:36:15.156  3286  4058 D CompatibilityChangeReporter: Compat change id reported: 151105954; UID 1000; state: ENABLED
06-16 01:36:15.157  3286  3978 V StorageManagerService: Package com.deepeye.musicpro does not have legacy storage
06-16 01:36:15.157  3286  4058 E AppOps  : attributionTag VCN not declared in manifest of android
06-16 01:36:15.159  3286  4058 E AppOps  : attributionTag VCN not declared in manifest of android
06-16 01:36:15.165  3286  3343 D WindowManager: Screen brightness override to: 1.0 by: com.deepeye.musicpro
06-16 01:36:15.167  3286  4058 E AppOps  : attributionTag VCN not declared in manifest of android
06-16 01:36:15.169  3286  6437 D HealthConnectTrackerManagerImpl: No packages eligible for step tracking. Aborting initialization.
06-16 01:36:15.173  3286  4058 E AppOps  : attributionTag VCN not declared in manifest of android
06-16 01:36:15.213  3286  6437 E HCPackageInfoUtils: NameNotFoundException for com.deepeye.musicpro
06-16 01:36:15.222  3286  6437 E HCPackageInfoUtils: NameNotFoundException for com.deepeye.musicpro
06-16 01:36:15.222  3286  6437 E HCPackageInfoUtils: NameNotFoundException for com.deepeye.musicpro
06-16 01:36:15.223  3286  6437 E HCPackageInfoUtils: NameNotFoundException for com.deepeye.musicpro
06-16 01:36:15.223  3286  6437 E HCPackageInfoUtils: NameNotFoundException for com.deepeye.musicpro
06-16 01:36:15.223  3286  6437 E HCPackageInfoUtils: NameNotFoundException for com.deepeye.musicpro
06-16 01:36:15.223  3286  6437 E HCPackageInfoUtils: NameNotFoundException for com.deepeye.musicpro
06-16 01:36:15.223  3286  6437 E HCPackageInfoUtils: NameNotFoundException for com.deepeye.musicpro
06-16 01:36:15.235  3286  3339 V WindowManager: Finish Transition #507: created at 06-16 01:36:13.984 collect-started=0.042ms request-sent=0.182ms started=25.805ms ready=25.783ms sent=662.595ms finished=966.607ms
06-16 01:36:15.236  3286  3339 V WindowManager: Sent Transition #508 createdAt=06-16 01:36:14.964 via request=TransitionRequestInfo { type = 6, triggerTask = null, remoteTransition = null, displayChange = DisplayChange { displayId = 0, startAbsBounds = null, endAbsBounds = null, startRotation = 1, endRotation = 0, physicalDisplayChanged = false }, flags = 0 }
06-16 01:36:15.236  3286  3339 V WindowManager:     startWCT=WindowContainerTransaction { changes = {} hops = [] errorCallbackToken=null taskFragmentOrganizer=null }
06-16 01:36:15.236  3286  3339 V WindowManager:     info={id=508 t=CHANGE f=0x0 trk=0 r=[0@Point(0, 0)] c=[{WCT{RemoteToken{6efc357 Task{ef21b25 #1 type=home}}} m=CHANGE f=SHOW_WALLPAPER p=WCT{RemoteToken{de4de44 DefaultTaskDisplayArea@238869526(displayId=0)}} pTaskId=-1 leash=Surface(name=Task=1)/@0xad1b655 sb=Rect(0, 0 - 2400, 1080) eb=Rect(0, 0 - 1080, 2400) d=0 r=1->0:0},{WCT{RemoteToken{de4de44 DefaultTaskDisplayArea@238869526(displayId=0)}} m=CHANGE f=SHOW_WALLPAPER p=WCT{RemoteToken{ef34752 Display{#0 state=ON size=1080x2400 ROTATION_0}}} leash=Surface(name=DefaultTaskDisplayArea)/@0xd019d0c sb=Rect(0, 0 - 2400, 1080) eb=Rect(0, 0 - 1080, 2400) d=0 r=1->0:-1},{WCT{RemoteToken{ef34752 Display{#0 state=ON size=1080x2400 ROTATION_0}}} m=CHANGE f=SHOW_WALLPAPER|IS_DISPLAY leash=Surface(name=WindowedMagnification:0:31)/@0xb65f9ea sb=Rect(0, 0 - 2400, 1080) eb=Rect(0, 0 - 1080, 2400) d=0 r=1->0:3}]}
06-16 01:36:15.262  4198  4238 V WindowManagerShell: Display changed: 0
06-16 01:36:15.266  4198  4238 V WindowManagerShell: onTransitionReady android.os.BinderProxy@a8dd8a3: {id=508 t=CHANGE f=0x0 trk=0 r=[0@Point(0, 0)] c=[{WCT{android.window.IWindowContainerToken$Stub$Proxy@46e3ab8} m=CHANGE f=SHOW_WALLPAPER p=WCT{android.window.IWindowContainerToken$Stub$Proxy@b234091} pTaskId=-1 leash=Surface(name=Task=1)/@0x77917a0 sb=Rect(0, 0 - 2400, 1080) eb=Rect(0, 0 - 1080, 2400) d=0 r=1->0:0},{WCT{android.window.IWindowContainerToken$Stub$Proxy@cd4dbf6} m=CHANGE f=SHOW_WALLPAPER p=WCT{android.window.IWindowContainerToken$Stub$Proxy@7eacbf7} leash=Surface(name=DefaultTaskDisplayArea)/@0x981ff59 sb=Rect(0, 0 - 2400, 1080) eb=Rect(0, 0 - 1080, 2400) d=0 r=1->0:-1},{WCT{android.window.IWindowContainerToken$Stub$Proxy@1284a64} m=CHANGE f=SHOW_WALLPAPER|IS_DISPLAY leash=Surface(name=WindowedMagnification:0:31)/@0xffd071e sb=Rect(0, 0 - 2400, 1080) eb=Rect(0, 0 - 1080, 2400) d=0 r=1->0:3}]}
06-16 01:36:15.266  4198  4238 V WindowManagerShell: Playing animation for (#508)android.os.BinderProxy@a8dd8a3@0
06-16 01:36:15.266  4198  4238 V WindowManagerShell:  try handler com.android.wm.shell.transition.DefaultMixedHandler@a3fe38c
06-16 01:36:15.266  4198  4238 V WindowManagerShell:  try handler com.android.wm.shell.keyguard.KeyguardTransitionHandler@ed0bad5
06-16 01:36:15.266  4198  4238 V WindowManagerShell:  try handler com.android.wm.shell.activityembedding.ActivityEmbeddingController@d8aa2ea
06-16 01:36:15.266  4198  4238 V WindowManagerShell:  try handler com.android.wm.shell.recents.RecentsTransitionHandler@ca6d9db
06-16 01:36:15.266  4198  4238 V ShellRecents: RecentsTransitionHandler.startAnimation: no controller found
06-16 01:36:15.266  4198  4238 V WindowManagerShell:  try handler com.android.wm.shell.pip.PipTransition@3cdac78
06-16 01:36:15.266  4198  4238 V WindowManagerShell:  try handler com.android.wm.shell.splitscreen.StageCoordinator@5ef2f51
06-16 01:36:15.266  4198  4238 V WindowManagerShell:  try handler com.android.wm.shell.transition.RemoteTransitionHandler@e803b6
06-16 01:36:15.266  4198  4238 V WindowManagerShell:  try handler com.android.wm.shell.transition.DefaultTransitionHandler@8af38b7
06-16 01:36:15.266  4198  4238 V WindowManagerShell: start default transition animation, info = {id=508 t=CHANGE f=0x0 trk=0 r=[0@Point(0, 0)] c=[{WCT{android.window.IWindowContainerToken$Stub$Proxy@46e3ab8} m=CHANGE f=SHOW_WALLPAPER p=WCT{android.window.IWindowContainerToken$Stub$Proxy@b234091} pTaskId=-1 leash=Surface(name=Task=1)/@0x77917a0 sb=Rect(0, 0 - 2400, 1080) eb=Rect(0, 0 - 1080, 2400) d=0 r=1->0:0},{WCT{android.window.IWindowContainerToken$Stub$Proxy@cd4dbf6} m=CHANGE f=SHOW_WALLPAPER p=WCT{android.window.IWindowContainerToken$Stub$Proxy@7eacbf7} leash=Surface(name=DefaultTaskDisplayArea)/@0x981ff59 sb=Rect(0, 0 - 2400, 1080) eb=Rect(0, 0 - 1080, 2400) d=0 r=1->0:-1},{WCT{android.window.IWindowContainerToken$Stub$Proxy@1284a64} m=CHANGE f=SHOW_WALLPAPER|IS_DISPLAY leash=Surface(name=WindowedMagnification:0:31)/@0xffd071e sb=Rect(0, 0 - 2400, 1080) eb=Rect(0, 0 - 1080, 2400) d=0 r=1->0:3}]}
06-16 01:36:15.266  4198  4238 V WindowManagerShell: Display is changing, resolve the animation hint.
06-16 01:36:15.266  4198  4238 V WindowManagerShell:   display requests explicit seamless
06-16 01:36:15.268  4198  4238 V WindowManagerShell: Transition animation finished (aborted=false), notifying core (#508)android.os.BinderProxy@a8dd8a3@0
06-16 01:36:15.281  3286  7152 D PowerManagerService: nativeSetPowerMode ret:false mode:5 enabled:false duration ms: 0
06-16 01:36:15.282  3286  3339 V WindowManager: Finish Transition #508: created at 06-16 01:36:14.964 collect-started=0.042ms request-sent=0.201ms started=149.449ms ready=150.513ms sent=190.12ms finished=317.226ms
06-16 01:36:15.282  3286  3339 W Looper  : Drained
06-16 01:36:15.314  4198  4198 D VRI[NavigationBar0]: update {(0,0)(fillx102) gr=BOTTOM CENTER_VERTICAL layoutInDisplayCutoutMode=always ty=NAVIGATION_BAR fmt=TRANSLUCENT
06-16 01:36:15.314  4198  4198 D VRI[NavigationBar0]:   fl=NOT_FOCUSABLE NOT_TOUCH_MODAL WATCH_OUTSIDE_TOUCH SPLIT_TOUCH FLAG_SLIPPERY
06-16 01:36:15.314  4198  4198 D VRI[NavigationBar0]:   pfl=LAYOUT_SIZE_EXTENDED_BY_CUTOUT COLOR_SPACE_AGNOSTIC FIT_INSETS_CONTROLLED TRUSTED_OVERLAY
06-16 01:36:15.314  4198  4198 D VRI[NavigationBar0]:   bhv=DEFAULT
06-16 01:36:15.314  4198  4198 D VRI[NavigationBar0]:   providedInsets:
06-16 01:36:15.314  4198  4198 D VRI[NavigationBar0]:     InsetsFrameProvider: {id=#ad9b0001, index=0, type=navigationBars, source=FRAME, flags=[SUPPRESS_SCRIM], insetsSize=Insets{left=0, top=0, right=0, bottom=51}, insetsSizeOverrides=[TypedInsetsSize: {windowType=INPUT_METHOD, insetsSize=null}]}
06-16 01:36:15.314  4198  4198 D VRI[NavigationBar0]:     InsetsFrameProvider: {id=#ad9b0006, index=0, type=tappableElement, source=FRAME, flags=[], insetsSize=Insets{left=0, top=0, right=0, bottom=0}}
06-16 01:36:15.314  4198  4198 D VRI[NavigationBar0]:     InsetsFrameProvider: {id=#ad9b0005, index=0, type=mandatorySystemGestures, source=FRAME, flags=[], insetsSize=Insets{left=0, top=0, right=0, bottom=68}}
06-16 01:36:15.314  4198  4198 D VRI[NavigationBar0]:     InsetsFrameProvider: {id=#ad9b0004, index=0, type=systemGestures, source=DISPLAY, flags=[], insetsSize=Insets{left=63, top=0, right=0, bottom=0}, mMinimalInsetsSizeInDisplayCutoutSafe=Insets{left=63, top=0, right=0, bottom=0}}
06-16 01:36:15.314  4198  4198 D VRI[NavigationBar0]:     InsetsFrameProvider: {id=#ad9b0024, index=1, type=systemGestures, source=DISPLAY, flags=[], insetsSize=Insets{left=0, top=0, right=63, bottom=0}, mMinimalInsetsSizeInDisplayCutoutSafe=Insets{left=0, top=0, right=63, bottom=0}}
06-16 01:36:15.314  4198  4198 D VRI[NavigationBar0]:   paramsForRotation:
06-16 01:36:15.314  4198  4198 D VRI[NavigationBar0]:     ROTATION_0={(0,0)(fillx102) gr=BOTTOM CENTER_VERTICAL layoutInDisplayCutoutMode=always ty=NAVIGATION_BAR fmt=TRANSLUCENT
06-16 01:36:15.314  4198  4198 D VRI[NavigationBar0]:       fl=NOT_FOCUSABLE NOT_TOUCH_MODAL WATCH_OUTSIDE_TOUCH SPLIT_TOUCH FLAG_SLIPPERY
06-16 01:36:15.314  4198  4198 D VRI[NavigationBar0]:       pfl=LAYOUT_SIZE_EXTENDED_BY_CUTOUT COLOR_SPACE_AGNOSTIC FIT_INSETS_CONTROLLED TRUSTED_OVERLAY
06-16 01:36:15.314  4198  4198 D VRI[NavigationBar0]:       bhv=DEFAULT
06-16 01:36:15.314  4198  4198 D VRI[NavigationBar0]:       providedInsets:
06-16 01:36:15.314  4198  4198 D VRI[NavigationBar0]:         InsetsFrameProvider: {id=#ad9b0001, index=0, type=navigationBars, source=FRAME, flags=[SUPPRESS_SCRIM], insetsSize=Insets{left=0, top=0, right=0, bottom=51}, insetsSizeOverrides=[TypedInsetsSize: {windowType=INPUT_METHOD, insetsSize=null}]}
06-16 01:36:15.314  4198  4198 D VRI[NavigationBar0]:         InsetsFrameProvider: {id=#ad9b0006, index=0, type=tappableElement, source=FRAME, flags=[], insetsSize=Insets{left=0, top=0, right=0, bottom=0}}
06-16 01:36:15.314  4198  4198 D VRI[NavigationBar0]:         InsetsFrameProvider: {id=#ad9b0005, index=0, type=mandatorySystemGestures, source=FRAME, flags=[], insetsSize=Insets{left=0, top=0, right=0, bottom=68}}
06-16 01:36:15.314  4198  4198 D VRI[NavigationBar0]:         InsetsFrameProvider: {id=#ad9b0004, index=0, type=systemGestures, source=DISPLAY, flags=[], insetsSize=Insets{left=63, top=0, right=0, bottom=0}, mMinimalInsetsSizeInDisplayCutoutSafe=Insets{left=63, top=0, right=0, bottom=0}}
06-16 01:36:15.314  4198  4198 D VRI[NavigationBar0]:         InsetsFrameProvider: {id=#ad9b0024, index=1, type=systemGestures, source=DISPLAY, flags=[], insetsSize=Insets{left=0, top=0, right=63, bottom=0}, mMinimalInsetsSizeInDisplayCutoutSafe=Insets{left=0, top=0, right=63, bottom=0}}}
06-16 01:36:15.314  4198  4198 D VRI[NavigationBar0]:     ROTATION_90={(0,0)(fillx102) gr=BOTTOM CENTER_VERTICAL layoutInDisplayCutoutMode=always ty=NAVIGATION_BAR fmt=TRANSLUCENT
06-16 01:36:15.314  4198  4198 D VRI[NavigationBar0]:       fl=NOT_FOCUSABLE NOT_TOUCH_MODAL WATCH_OUTSIDE_TOUCH SPLIT_TOUCH FLAG_SLIPPERY
06-16 01:36:15.314  4198  4198 D VRI[NavigationBar0]:       pfl=LAYOUT_SIZE_EXTENDED_BY_CUTOUT COLOR_SPACE_AGNOSTIC FIT_INSETS_CONTROLLED TRUSTED_OVERLAY
06-16 01:36:15.314  4198  4198 D VRI[NavigationBar0]:       bhv=DEFAULT
06-16 01:36:15.314  4198  4198 D VRI[NavigationBar0]:       providedInsets:
06-16 01:36:15.314  4198  4198 D VRI[NavigationBar0]:         InsetsFrameProvider: {id=#ad9b0001, index=0, type=navigationBars, source=FRAME, flags=[SUPPRESS_SCRIM], insetsSize=Insets{left=0, top=0, right=0, bottom=51}, insetsSizeOverrides=[TypedInsetsSize: {windowType=INPUT_METHOD, insetsSize=null}]}
06-16 01:36:15.314  4198  4198 D VRI[NavigationBar0]:         InsetsFrameProvider: {id=#ad9b0006, index=0, type=tappableElement, source=FRAME, flags=[], insetsSize=Insets{left=0, top=0, right=0, bottom=0}}
06-16 01:36:15.314  4198  4198 D VRI[NavigationBar0]:         InsetsFrameProvider: {id=#ad9b0005, index=0, type=mandatorySystemGestures, source=FRAME, flags=[], insetsSize=Insets{left=0, top=0, right=0, bottom=68}}
06-16 01:36:15.314  4198  4198 D VRI[NavigationBar0]:         InsetsFrameProvider: {id=#ad9b0004, index=0, type=systemGestures, source=DISPLAY, flags=[], insetsSize=Insets{left=63, top=0, right=0, bottom=0}, mMinimalInsetsSizeInDisplayCutoutSafe=Insets{left=63, top=0, right=0, bottom=0}}
06-16 01:36:15.314  4198  4198 D VRI[NavigationBar0]:         InsetsFrameProvider: {id=#ad9b0024, index=1, type=systemGestures, source=DISPLAY, flags=[], insetsSize=Insets{left=0, top=0, right=63, bottom=0}, mMinimalInsetsSizeInDisplayCutoutSafe=Insets{left=0, top=0, right=63, bottom=0}}}
06-16 01:36:15.314  4198  4198 D VRI[NavigationBar0]:     ROTATION_180={(0,0)(fillx102) gr=BOTTOM CENTER_VERTICAL layoutInDisplayCutoutMode=always ty=NAVIGATION_BAR fmt=TRANSLUCENT
06-16 01:36:15.314  4198  4198 D VRI[NavigationBar0]:       fl=NOT_FOCUSABLE NOT_TOUCH_MODAL WATCH_OUTSIDE_TOUCH SPLIT_TOUCH FLAG_SLIPPERY
06-16 01:36:15.314  4198  4198 D VRI[NavigationBar0]:       pfl=LAYOUT_SIZE_EXTENDED_BY_CUTOUT COLOR_SPACE_AGNOSTIC FIT_INSETS_CONTROLLED TRUSTED_OVERLAY
06-16 01:36:15.314  4198  4198 D VRI[NavigationBar0]:       bhv=DEFAULT
06-16 01:36:15.314  4198  4198 D VRI[NavigationBar0]:       providedInsets:
06-16 01:36:15.314  4198  4198 D VRI[NavigationBar0]:         InsetsFrameProvider: {id=#ad9b0001, index=0, type=navigationBars, source=FRAME, flags=[SUPPRESS_SCRIM], insetsSize=Insets{left=0, top=0, right=0, bottom=51}, insetsSizeOverrides=[TypedInsetsSize: {windowType=INPUT_METHOD, insetsSize=null}]}
06-16 01:36:15.314  4198  4198 D VRI[NavigationBar0]:         InsetsFrameProvider: {id=#ad9b0006, index=0, type=tappableElement, source=FRAME, flags=[], insetsSize=Insets{left=0, top=0, right=0, bottom=0}}
06-16 01:36:15.314  4198  4198 D VRI[NavigationBar0]:         InsetsFrameProvider: {id=#ad9b0005, index=0, type=mandatorySystemGestures, source=FRAME, flags=[], insetsSize=Insets{left=0, top=0, right=0, bottom=68}}
06-16 01:36:15.314  4198  4198 D VRI[NavigationBar0]:         InsetsFrameProvider: {id=#ad9b0004, index=0, type=systemGestures, source=DISPLAY, flags=[], insetsSize=Insets{left=63, top=0, right=0, bottom=0}, mMinimalInsetsSizeInDisplayCutoutSafe=Insets{left=63, top=0, right=0, bottom=0}}
06-16 01:36:15.314  4198  4198 D VRI[NavigationBar0]:         InsetsFrameProvider: {id=#ad9b0024, index=1, type=systemGestures, source=DISPLAY, flags=[], insetsSize=Insets{left=0, top=0, right=63, bottom=0}, mMinimalInsetsSizeInDisplayCutoutSafe=Insets{left=0, top=0, right=63, bottom=0}}}
06-16 01:36:15.314  4198  4198 D VRI[NavigationBar0]:     ROTATION_270={(0,0)(fillx102) gr=BOTTOM CENTER_VERTICAL layoutInDisplayCutoutMode=always ty=NAVIGATION_BAR fmt=TRANSLUCENT
06-16 01:36:15.314  4198  4198 D VRI[NavigationBar0]:       fl=NOT_FOCUSABLE NOT_TOUCH_MODAL WATCH_OUTSIDE_TOUCH SPLIT_TOUCH FLAG_SLIPPERY
06-16 01:36:15.314  4198  4198 D VRI[NavigationBar0]:       pfl=LAYOUT_SIZE_EXTENDED_BY_CUTOUT COLOR_SPACE_AGNOSTIC FIT_INSETS_CONTROLLED TRUSTED_OVERLAY
06-16 01:36:15.314  4198  4198 D VRI[NavigationBar0]:       bhv=DEFAULT
06-16 01:36:15.314  4198  4198 D VRI[NavigationBar0]:       providedInsets:
06-16 01:36:15.314  4198  4198 D VRI[NavigationBar0]:         InsetsFrameProvider: {id=#ad9b0001, index=0, type=navigationBars, source=FRAME, flags=[SUPPRESS_SCRIM], insetsSize=Insets{left=0, top=0, right=0, bottom=51}, insetsSizeOverrides=[TypedInsetsSize: {windowType=INPUT_METHOD, insetsSize=null}]}
06-16 01:36:15.314  4198  4198 D VRI[NavigationBar0]:         InsetsFrameProvider: {id=#ad9b0006, index=0, type=tappableElement, source=FRAME, flags=[], insetsSize=Insets{left=0, top=0, right=0, bottom=0}}
06-16 01:36:15.314  4198  4198 D VRI[NavigationBar0]:         InsetsFrameProvider: {id=#ad9b0005, index=0, type=mandatorySystemGestures, source=FRAME, flags=[], insetsSize=Insets{left=0, top=0, right=0, bottom=68}}
06-16 01:36:15.314  4198  4198 D VRI[NavigationBar0]:         InsetsFrameProvider: {id=#ad9b0004, index=0, type=systemGestures, source=DISPLAY, flags=[], insetsSize=Insets{left=63, top=0, right=0, bottom=0}, mMinimalInsetsSizeInDisplayCutoutSafe=Insets{left=63, top=0, right=0, bottom=0}}
06-16 01:36:15.314  4198  4198 D VRI[NavigationBar0]:         InsetsFrameProvider: {id=#ad9b0024, index=1, type=systemGestures, source=DISPLAY, flags=[], insetsSize=Insets{left=0, top=0, right=63, bottom=0}, mMinimalInsetsSizeInDisplayCutoutSafe=Insets{left=0, top=0, right=63, bottom=0}}}} by setLayoutParams
06-16 01:36:15.328  4198  4198 D VRI[StatusBar]: update {(0,0)(fillx90) gr=TOP CENTER_VERTICAL layoutInDisplayCutoutMode=always ty=STATUS_BAR fmt=TRANSLUCENT
06-16 01:36:15.328  4198  4198 D VRI[StatusBar]:   fl=NOT_FOCUSABLE SPLIT_TOUCH HARDWARE_ACCELERATED DRAWS_SYSTEM_BAR_BACKGROUNDS
06-16 01:36:15.328  4198  4198 D VRI[StatusBar]:   pfl=COLOR_SPACE_AGNOSTIC FIT_INSETS_CONTROLLED
06-16 01:36:15.328  4198  4198 D VRI[StatusBar]:   bhv=DEFAULT
06-16 01:36:15.328  4198  4198 D VRI[StatusBar]:   providedInsets:
06-16 01:36:15.328  4198  4198 D VRI[StatusBar]:     InsetsFrameProvider: {id=#c6500000, index=0, type=statusBars, source=FRAME, flags=[], insetsSize=Insets{left=0, top=90, right=0, bottom=0}}
06-16 01:36:15.328  4198  4198 D VRI[StatusBar]:     InsetsFrameProvider: {id=#c6500006, index=0, type=tappableElement, source=FRAME, flags=[], insetsSize=Insets{left=0, top=90, right=0, bottom=0}}
06-16 01:36:15.328  4198  4198 D VRI[StatusBar]:     InsetsFrameProvider: {id=#c6500005, index=0, type=mandatorySystemGestures, source=FRAME, flags=[], mMinimalInsetsSizeInDisplayCutoutSafe=Insets{left=0, top=33, right=0, bottom=0}}
06-16 01:36:15.328  4198  4198 D VRI[StatusBar]:   paramsForRotation:
06-16 01:36:15.328  4198  4198 D VRI[StatusBar]:     ROTATION_0={(0,0)(fillx90) gr=TOP CENTER_VERTICAL layoutInDisplayCutoutMode=always ty=STATUS_BAR fmt=TRANSLUCENT
06-16 01:36:15.328  4198  4198 D VRI[StatusBar]:       fl=NOT_FOCUSABLE SPLIT_TOUCH DRAWS_SYSTEM_BAR_BACKGROUNDS
06-16 01:36:15.328  4198  4198 D VRI[StatusBar]:       pfl=COLOR_SPACE_AGNOSTIC FIT_INSETS_CONTROLLED
06-16 01:36:15.328  4198  4198 D VRI[StatusBar]:       bhv=DEFAULT
06-16 01:36:15.328  4198  4198 D VRI[StatusBar]:       providedInsets:
06-16 01:36:15.328  4198  4198 D VRI[StatusBar]:         InsetsFrameProvider: {id=#c6500000, index=0, type=statusBars, source=FRAME, flags=[], insetsSize=Insets{left=0, top=90, right=0, bottom=0}}
06-16 01:36:15.328  4198  4198 D VRI[StatusBar]:         InsetsFrameProvider: {id=#c6500006, index=0, type=tappableElement, source=FRAME, flags=[], insetsSize=Insets{left=0, top=90, right=0, bottom=0}}
06-16 01:36:15.328  4198  4198 D VRI[StatusBar]:         InsetsFrameProvider: {id=#c6500005, index=0, type=mandatorySystemGestures, source=FRAME, flags=[], insetsSize=Insets{left=0, top=90, right=0, bottom=0}, mMinimalInsetsSizeInDisplayCutoutSafe=Insets{left=0, top=33, right=0, bottom=0}}}
06-16 01:36:15.328  4198  4198 D VRI[StatusBar]:     ROTATION_90={(0,0)(fillx51) gr=TOP CENTER_VERTICAL layoutInDisplayCutoutMode=always ty=STATUS_BAR fmt=TRANSLUCENT
06-16 01:36:15.328  4198  4198 D VRI[StatusBar]:       fl=NOT_FOCUSABLE SPLIT_TOUCH DRAWS_SYSTEM_BAR_BACKGROUNDS
06-16 01:36:15.328  4198  4198 D VRI[StatusBar]:       pfl=COLOR_SPACE_AGNOSTIC FIT_INSETS_CONTROLLED
06-16 01:36:15.328  4198  4198 D VRI[StatusBar]:       bhv=DEFAULT
06-16 01:36:15.328  4198  4198 D VRI[StatusBar]:       providedInsets:
06-16 01:36:15.328  4198  4198 D VRI[StatusBar]:         InsetsFrameProvider: {id=#c6500000, index=0, type=statusBars, source=FRAME, flags=[], insetsSize=Insets{left=0, top=51, right=0, bottom=0}}
06-16 01:36:15.328  4198  4198 D VRI[StatusBar]:         InsetsFrameProvider: {id=#c6500006, index=0, type=tappableElement, source=FRAME, flags=[], insetsSize=Insets{left=0, top=51, right=0, bottom=0}}
06-16 01:36:15.328  4198  4198 D VRI[StatusBar]:         InsetsFrameProvider: {id=#c6500005, index=0, type=mandatorySystemGestures, source=FRAME, flags=[], insetsSize=Insets{left=0, top=51, right=0, bottom=0}, mMinimalInsetsSizeInDisplayCutoutSafe=Insets{left=0, top=33, right=0, bottom=0}}}
06-16 01:36:15.328  4198  4198 D VRI[StatusBar]:     ROTATION_180={(0,0)(fillx51) gr=TOP CENTER_VERTICAL layoutInDisplayCutoutMode=always ty=STATUS_BAR fmt=TRANSLUCENT
06-16 01:36:15.328  4198  4198 D VRI[StatusBar]:       fl=NOT_FOCUSABLE SPLIT_TOUCH DRAWS_SYSTEM_BAR_BACKGROUNDS
06-16 01:36:15.328  4198  4198 D VRI[StatusBar]:       pfl=COLOR_SPACE_AGNOSTIC FIT_INSETS_CONTROLLED
06-16 01:36:15.328  4198  4198 D VRI[StatusBar]:       bhv=DEFAULT
06-16 01:36:15.328  4198  4198 D VRI[StatusBar]:       providedInsets:
06-16 01:36:15.328  4198  4198 D VRI[StatusBar]:         InsetsFrameProvider: {id=#c6500000, index=0, type=statusBars, source=FRAME, flags=[], insetsSize=Insets{left=0, top=51, right=0, bottom=0}}
06-16 01:36:15.328  4198  4198 D VRI[StatusBar]:         InsetsFrameProvider: {id=#c6500006, index=0, type=tappableElement, source=FRAME, flags=[], insetsSize=Insets{left=0, top=51, right=0, bottom=0}}
06-16 01:36:15.328  4198  4198 D VRI[StatusBar]:         InsetsFrameProvider: {id=#c6500005, index=0, type=mandatorySystemGestures, source=FRAME, flags=[], insetsSize=Insets{left=0, top=51, right=0, bottom=0}, mMinimalInsetsSizeInDisplayCutoutSafe=Insets{left=0, top=33, right=0, bottom=0}}}
06-16 01:36:15.328  4198  4198 D VRI[StatusBar]:     ROTATION_270={(0,0)(fillx51) gr=TOP CENTER_VERTICAL layoutInDisplayCutoutMode=always ty=STATUS_BAR fmt=TRANSLUCENT
06-16 01:36:15.328  4198  4198 D VRI[StatusBar]:       fl=NOT_FOCUSABLE SPLIT_TOUCH DRAWS_SYSTEM_BAR_BACKGROUNDS
06-16 01:36:15.328  4198  4198 D VRI[StatusBar]:       pfl=COLOR_SPACE_AGNOSTIC FIT_INSETS_CONTROLLED
06-16 01:36:15.328  4198  4198 D VRI[StatusBar]:       bhv=DEFAULT
06-16 01:36:15.328  4198  4198 D VRI[StatusBar]:       providedInsets:
06-16 01:36:15.328  4198  4198 D VRI[StatusBar]:         InsetsFrameProvider: {id=#c6500000, index=0, type=statusBars, source=FRAME, flags=[], insetsSize=Insets{left=0, top=51, right=0, bottom=0}}
06-16 01:36:15.328  4198  4198 D VRI[StatusBar]:         InsetsFrameProvider: {id=#c6500006, index=0, type=tappableElement, source=FRAME, flags=[], insetsSize=Insets{left=0, top=51, right=0, bottom=0}}
06-16 01:36:15.328  4198  4198 D VRI[StatusBar]:         InsetsFrameProvider: {id=#c6500005, index=0, type=mandatorySystemGestures, source=FRAME, flags=[], insetsSize=Insets{left=0, top=51, right=0, bottom=0}, mMinimalInsetsSizeInDisplayCutoutSafe=Insets{left=0, top=33, right=0, bottom=0}}}} by setLayoutParams
06-16 01:36:15.340  3286  3407 E BatteryStatsImpl: Unable to find object for WindowManager/displayId:0 in uid 10526 mapsize=0 activeoverflow=null curoverflow=null
06-16 01:36:15.367  4198  4238 V WindowManagerShell: Track 0 became idle
06-16 01:36:15.367  4198  4238 V WindowManagerShell: All active transition animations finished
06-16 01:36:15.367  4198  4238 V WindowManagerShell:  animated by com.android.wm.shell.transition.DefaultTransitionHandler@8af38b7
06-16 01:36:15.367  4198  4238 V WindowManagerShell: Track 0 became idle
06-16 01:36:15.367  4198  4238 V WindowManagerShell: All active transition animations finished
06-16 01:36:15.403  4198  4398 D VRI[ScreenDecorOverlay]: update {(0,0)(fillxwrap) gr=TOP CENTER_VERTICAL layoutInDisplayCutoutMode=always ty=NAVIGATION_BAR_PANEL fmt=TRANSLUCENT
06-16 01:36:15.403  4198  4398 D VRI[ScreenDecorOverlay]:   fl=NOT_FOCUSABLE NOT_TOUCHABLE NOT_TOUCH_MODAL LAYOUT_IN_SCREEN SPLIT_TOUCH FLAG_SLIPPERY
06-16 01:36:15.403  4198  4398 D VRI[ScreenDecorOverlay]:   pfl=SHOW_FOR_ALL_USERS NO_MOVE_ANIMATION IS_ROUNDED_CORNERS_OVERLAY COLOR_SPACE_AGNOSTIC FIT_INSETS_CONTROLLED TRUSTED_OVERLAY
06-16 01:36:15.403  4198  4398 D VRI[ScreenDecorOverlay]:   bhv=DEFAULT} by setLayoutParams
06-16 01:36:15.404  4198  4398 D VRI[ScreenDecorOverlayBottom]: update {(0,0)(fillxwrap) gr=BOTTOM CENTER_VERTICAL layoutInDisplayCutoutMode=always ty=NAVIGATION_BAR_PANEL fmt=TRANSLUCENT
06-16 01:36:15.404  4198  4398 D VRI[ScreenDecorOverlayBottom]:   fl=NOT_FOCUSABLE NOT_TOUCHABLE NOT_TOUCH_MODAL LAYOUT_IN_SCREEN SPLIT_TOUCH FLAG_SLIPPERY
06-16 01:36:15.404  4198  4398 D VRI[ScreenDecorOverlayBottom]:   pfl=SHOW_FOR_ALL_USERS NO_MOVE_ANIMATION IS_ROUNDED_CORNERS_OVERLAY COLOR_SPACE_AGNOSTIC FIT_INSETS_CONTROLLED TRUSTED_OVERLAY
06-16 01:36:15.404  4198  4398 D VRI[ScreenDecorOverlayBottom]:   bhv=DEFAULT} by setLayoutParams
06-16 01:36:15.405  4198  4398 D VRI[ScreenDecorOverlay]: update {(0,0)(fillxwrap) gr=TOP CENTER_VERTICAL layoutInDisplayCutoutMode=always ty=NAVIGATION_BAR_PANEL fmt=TRANSLUCENT
06-16 01:36:15.405  4198  4398 D VRI[ScreenDecorOverlay]:   fl=NOT_FOCUSABLE NOT_TOUCHABLE NOT_TOUCH_MODAL LAYOUT_IN_SCREEN SPLIT_TOUCH FLAG_SLIPPERY
06-16 01:36:15.405  4198  4398 D VRI[ScreenDecorOverlay]:   pfl=SHOW_FOR_ALL_USERS NO_MOVE_ANIMATION IS_ROUNDED_CORNERS_OVERLAY COLOR_SPACE_AGNOSTIC FIT_INSETS_CONTROLLED TRUSTED_OVERLAY
06-16 01:36:15.405  4198  4398 D VRI[ScreenDecorOverlay]:   bhv=DEFAULT} by setLayoutParams
06-16 01:36:15.406  4198  4398 D VRI[ScreenDecorOverlayBottom]: update {(0,0)(fillxwrap) gr=BOTTOM CENTER_VERTICAL layoutInDisplayCutoutMode=always ty=NAVIGATION_BAR_PANEL fmt=TRANSLUCENT
06-16 01:36:15.406  4198  4398 D VRI[ScreenDecorOverlayBottom]:   fl=NOT_FOCUSABLE NOT_TOUCHABLE NOT_TOUCH_MODAL LAYOUT_IN_SCREEN SPLIT_TOUCH FLAG_SLIPPERY
06-16 01:36:15.406  4198  4398 D VRI[ScreenDecorOverlayBottom]:   pfl=SHOW_FOR_ALL_USERS NO_MOVE_ANIMATION IS_ROUNDED_CORNERS_OVERLAY COLOR_SPACE_AGNOSTIC FIT_INSETS_CONTROLLED TRUSTED_OVERLAY
06-16 01:36:15.406  4198  4398 D VRI[ScreenDecorOverlayBottom]:   bhv=DEFAULT} by setLayoutParams
06-16 01:36:15.413  3286  7151 W PackageConfigPersister: App-specific configuration not found for packageName: com.motorola.launcher3 and userId: 0
06-16 01:36:15.425  3286  3303 I ActivityManager: appDiedLocked: app=ProcessRecord{6dc4ec6 4161:com.whizdm.moneyview.loans/u0a469} thread=android.os.BinderProxy@c6a0f5d fromBinderDied=true isKilledByAm=false reason=null
06-16 01:36:15.425  3286  3303 I ActivityManager: Process com.whizdm.moneyview.loans (pid 4161) has died: prcl TRNB
06-16 01:36:15.429  3286  3303 W ActivityManager: Scheduling restart of crashed service com.whizdm.moneyview.loans/androidx.work.impl.background.systemjob.SystemJobService in 1000ms for connection
06-16 01:36:15.430  3286  3303 D RestartModeController: markWaitRestartAppIsSuicided null processName=com.whizdm.moneyview.loans
06-16 01:36:15.431  3286  3303 D ActivityTaskManager: handleAppDied: uid=10469,diedCount=1,lastDiedTime=41271214,forceStopUids=false
06-16 01:36:15.431  3286  3340 D DisplayManagerService: Drop pending events for gone uid 10469
06-16 01:36:15.435  4198  4198 D VRI[NavigationBar0]: update {(0,0)(fillx102) gr=BOTTOM CENTER_VERTICAL layoutInDisplayCutoutMode=always ty=NAVIGATION_BAR fmt=TRANSLUCENT
06-16 01:36:15.435  4198  4198 D VRI[NavigationBar0]:   fl=NOT_FOCUSABLE NOT_TOUCH_MODAL WATCH_OUTSIDE_TOUCH SPLIT_TOUCH FLAG_SLIPPERY
06-16 01:36:15.435  4198  4198 D VRI[NavigationBar0]:   pfl=LAYOUT_SIZE_EXTENDED_BY_CUTOUT COLOR_SPACE_AGNOSTIC FIT_INSETS_CONTROLLED TRUSTED_OVERLAY
06-16 01:36:15.435  4198  4198 D VRI[NavigationBar0]:   bhv=DEFAULT
06-16 01:36:15.435  4198  4198 D VRI[NavigationBar0]:   providedInsets:
06-16 01:36:15.435  4198  4198 D VRI[NavigationBar0]:     InsetsFrameProvider: {id=#ad9b0001, index=0, type=navigationBars, source=FRAME, flags=[SUPPRESS_SCRIM], insetsSize=Insets{left=0, top=0, right=0, bottom=51}, insetsSizeOverrides=[TypedInsetsSize: {windowType=INPUT_METHOD, insetsSize=null}]}
06-16 01:36:15.435  4198  4198 D VRI[NavigationBar0]:     InsetsFrameProvider: {id=#ad9b0006, index=0, type=tappableElement, source=FRAME, flags=[], insetsSize=Insets{left=0, top=0, right=0, bottom=0}}
06-16 01:36:15.435  4198  4198 D VRI[NavigationBar0]:     InsetsFrameProvider: {id=#ad9b0005, index=0, type=mandatorySystemGestures, source=FRAME, flags=[], insetsSize=Insets{left=0, top=0, right=0, bottom=68}}
06-16 01:36:15.435  4198  4198 D VRI[NavigationBar0]:     InsetsFrameProvider: {id=#ad9b0004, index=0, type=systemGestures, source=DISPLAY, flags=[], insetsSize=Insets{left=63, top=0, right=0, bottom=0}, mMinimalInsetsSizeInDisplayCutoutSafe=Insets{left=63, top=0, right=0, bottom=0}}
06-16 01:36:15.435  4198  4198 D VRI[NavigationBar0]:     InsetsFrameProvider: {id=#ad9b0024, index=1, type=systemGestures, source=DISPLAY, flags=[], insetsSize=Insets{left=0, top=0, right=63, bottom=0}, mMinimalInsetsSizeInDisplayCutoutSafe=Insets{left=0, top=0, right=63, bottom=0}}
06-16 01:36:15.435  4198  4198 D VRI[NavigationBar0]:   paramsForRotation:
06-16 01:36:15.435  4198  4198 D VRI[NavigationBar0]:     ROTATION_0={(0,0)(fillx102) gr=BOTTOM CENTER_VERTICAL layoutInDisplayCutoutMode=always ty=NAVIGATION_BAR fmt=TRANSLUCENT
06-16 01:36:15.435  4198  4198 D VRI[NavigationBar0]:       fl=NOT_FOCUSABLE NOT_TOUCH_MODAL WATCH_OUTSIDE_TOUCH SPLIT_TOUCH FLAG_SLIPPERY
06-16 01:36:15.435  4198  4198 D VRI[NavigationBar0]:       pfl=LAYOUT_SIZE_EXTENDED_BY_CUTOUT COLOR_SPACE_AGNOSTIC FIT_INSETS_CONTROLLED TRUSTED_OVERLAY
06-16 01:36:15.435  4198  4198 D VRI[NavigationBar0]:       bhv=DEFAULT
06-16 01:36:15.435  4198  4198 D VRI[NavigationBar0]:       providedInsets:
06-16 01:36:15.435  4198  4198 D VRI[NavigationBar0]:         InsetsFrameProvider: {id=#ad9b0001, index=0, type=navigationBars, source=FRAME, flags=[SUPPRESS_SCRIM], insetsSize=Insets{left=0, top=0, right=0, bottom=51}, insetsSizeOverrides=[TypedInsetsSize: {windowType=INPUT_METHOD, insetsSize=null}]}
06-16 01:36:15.435  4198  4198 D VRI[NavigationBar0]:         InsetsFrameProvider: {id=#ad9b0006, index=0, type=tappableElement, source=FRAME, flags=[], insetsSize=Insets{left=0, top=0, right=0, bottom=0}}
06-16 01:36:15.435  4198  4198 D VRI[NavigationBar0]:         InsetsFrameProvider: {id=#ad9b0005, index=0, type=mandatorySystemGestures, source=FRAME, flags=[], insetsSize=Insets{left=0, top=0, right=0, bottom=68}}
06-16 01:36:15.435  4198  4198 D VRI[NavigationBar0]:         InsetsFrameProvider: {id=#ad9b0004, index=0, type=systemGestures, source=DISPLAY, flags=[], insetsSize=Insets{left=63, top=0, right=0, bottom=0}, mMinimalInsetsSizeInDisplayCutoutSafe=Insets{left=63, top=0, right=0, bottom=0}}
06-16 01:36:15.435  4198  4198 D VRI[NavigationBar0]:         InsetsFrameProvider: {id=#ad9b0024, index=1, type=systemGestures, source=DISPLAY, flags=[], insetsSize=Insets{left=0, top=0, right=63, bottom=0}, mMinimalInsetsSizeInDisplayCutoutSafe=Insets{left=0, top=0, right=63, bottom=0}}}
06-16 01:36:15.435  4198  4198 D VRI[NavigationBar0]:     ROTATION_90={(0,0)(fillx102) gr=BOTTOM CENTER_VERTICAL layoutInDisplayCutoutMode=always ty=NAVIGATION_BAR fmt=TRANSLUCENT
06-16 01:36:15.435  4198  4198 D VRI[NavigationBar0]:       fl=NOT_FOCUSABLE NOT_TOUCH_MODAL WATCH_OUTSIDE_TOUCH SPLIT_TOUCH FLAG_SLIPPERY
06-16 01:36:15.435  4198  4198 D VRI[NavigationBar0]:       pfl=LAYOUT_SIZE_EXTENDED_BY_CUTOUT COLOR_SPACE_AGNOSTIC FIT_INSETS_CONTROLLED TRUSTED_OVERLAY
06-16 01:36:15.435  4198  4198 D VRI[NavigationBar0]:       bhv=DEFAULT
06-16 01:36:15.435  4198  4198 D VRI[NavigationBar0]:       providedInsets:
06-16 01:36:15.435  4198  4198 D VRI[NavigationBar0]:         InsetsFrameProvider: {id=#ad9b0001, index=0, type=navigationBars, source=FRAME, flags=[SUPPRESS_SCRIM], insetsSize=Insets{left=0, top=0, right=0, bottom=51}, insetsSizeOverrides=[TypedInsetsSize: {windowType=INPUT_METHOD, insetsSize=null}]}
06-16 01:36:15.435  4198  4198 D VRI[NavigationBar0]:         InsetsFrameProvider: {id=#ad9b0006, index=0, type=tappableElement, source=FRAME, flags=[], insetsSize=Insets{left=0, top=0, right=0, bottom=0}}
06-16 01:36:15.435  4198  4198 D VRI[NavigationBar0]:         InsetsFrameProvider: {id=#ad9b0005, index=0, type=mandatorySystemGestures, source=FRAME, flags=[], insetsSize=Insets{left=0, top=0, right=0, bottom=68}}
06-16 01:36:15.435  4198  4198 D VRI[NavigationBar0]:         InsetsFrameProvider: {id=#ad9b0004, index=0, type=systemGestures, source=DISPLAY, flags=[], insetsSize=Insets{left=63, top=0, right=0, bottom=0}, mMinimalInsetsSizeInDisplayCutoutSafe=Insets{left=63, top=0, right=0, bottom=0}}
06-16 01:36:15.435  4198  4198 D VRI[NavigationBar0]:         InsetsFrameProvider: {id=#ad9b0024, index=1, type=systemGestures, source=DISPLAY, flags=[], insetsSize=Insets{left=0, top=0, right=63, bottom=0}, mMinimalInsetsSizeInDisplayCutoutSafe=Insets{left=0, top=0, right=63, bottom=0}}}
06-16 01:36:15.435  4198  4198 D VRI[NavigationBar0]:     ROTATION_180={(0,0)(fillx102) gr=BOTTOM CENTER_VERTICAL layoutInDisplayCutoutMode=always ty=NAVIGATION_BAR fmt=TRANSLUCENT
06-16 01:36:15.435  4198  4198 D VRI[NavigationBar0]:       fl=NOT_FOCUSABLE NOT_TOUCH_MODAL WATCH_OUTSIDE_TOUCH SPLIT_TOUCH FLAG_SLIPPERY
06-16 01:36:15.435  4198  4198 D VRI[NavigationBar0]:       pfl=LAYOUT_SIZE_EXTENDED_BY_CUTOUT COLOR_SPACE_AGNOSTIC FIT_INSETS_CONTROLLED TRUSTED_OVERLAY
06-16 01:36:15.435  4198  4198 D VRI[NavigationBar0]:       bhv=DEFAULT
06-16 01:36:15.435  4198  4198 D VRI[NavigationBar0]:       providedInsets:
06-16 01:36:15.435  4198  4198 D VRI[NavigationBar0]:         InsetsFrameProvider: {id=#ad9b0001, index=0, type=navigationBars, source=FRAME, flags=[SUPPRESS_SCRIM], insetsSize=Insets{left=0, top=0, right=0, bottom=51}, insetsSizeOverrides=[TypedInsetsSize: {windowType=INPUT_METHOD, insetsSize=null}]}
06-16 01:36:15.435  4198  4198 D VRI[NavigationBar0]:         InsetsFrameProvider: {id=#ad9b0006, index=0, type=tappableElement, source=FRAME, flags=[], insetsSize=Insets{left=0, top=0, right=0, bottom=0}}
06-16 01:36:15.435  4198  4198 D VRI[NavigationBar0]:         InsetsFrameProvider: {id=#ad9b0005, index=0, type=mandatorySystemGestures, source=FRAME, flags=[], insetsSize=Insets{left=0, top=0, right=0, bottom=68}}
06-16 01:36:15.435  4198  4198 D VRI[NavigationBar0]:         InsetsFrameProvider: {id=#ad9b0004, index=0, type=systemGestures, source=DISPLAY, flags=[], insetsSize=Insets{left=63, top=0, right=0, bottom=0}, mMinimalInsetsSizeInDisplayCutoutSafe=Insets{left=63, top=0, right=0, bottom=0}}
06-16 01:36:15.435  4198  4198 D VRI[NavigationBar0]:         InsetsFrameProvider: {id=#ad9b0024, index=1, type=systemGestures, source=DISPLAY, flags=[], insetsSize=Insets{left=0, top=0, right=63, bottom=0}, mMinimalInsetsSizeInDisplayCutoutSafe=Insets{left=0, top=0, right=63, bottom=0}}}
06-16 01:36:15.435  4198  4198 D VRI[NavigationBar0]:     ROTATION_270={(0,0)(fillx102) gr=BOTTOM CENTER_VERTICAL layoutInDisplayCutoutMode=always ty=NAVIGATION_BAR fmt=TRANSLUCENT
06-16 01:36:15.435  4198  4198 D VRI[NavigationBar0]:       fl=NOT_FOCUSABLE NOT_TOUCH_MODAL WATCH_OUTSIDE_TOUCH SPLIT_TOUCH FLAG_SLIPPERY
06-16 01:36:15.435  4198  4198 D VRI[NavigationBar0]:       pfl=LAYOUT_SIZE_EXTENDED_BY_CUTOUT COLOR_SPACE_AGNOSTIC FIT_INSETS_CONTROLLED TRUSTED_OVERLAY
06-16 01:36:15.435  4198  4198 D VRI[NavigationBar0]:       bhv=DEFAULT
06-16 01:36:15.435  4198  4198 D VRI[NavigationBar0]:       providedInsets:
06-16 01:36:15.435  4198  4198 D VRI[NavigationBar0]:         InsetsFrameProvider: {id=#ad9b0001, index=0, type=navigationBars, source=FRAME, flags=[SUPPRESS_SCRIM], insetsSize=Insets{left=0, top=0, right=0, bottom=51}, insetsSizeOverrides=[TypedInsetsSize: {windowType=INPUT_METHOD, insetsSize=null}]}
06-16 01:36:15.435  4198  4198 D VRI[NavigationBar0]:         InsetsFrameProvider: {id=#ad9b0006, index=0, type=tappableElement, source=FRAME, flags=[], insetsSize=Insets{left=0, top=0, right=0, bottom=0}}
06-16 01:36:15.435  4198  4198 D VRI[NavigationBar0]:         InsetsFrameProvider: {id=#ad9b0005, index=0, type=mandatorySystemGestures, source=FRAME, flags=[], insetsSize=Insets{left=0, top=0, right=0, bottom=68}}
06-16 01:36:15.435  4198  4198 D VRI[NavigationBar0]:         InsetsFrameProvider: {id=#ad9b0004, index=0, type=systemGestures, source=DISPLAY, flags=[], insetsSize=Insets{left=63, top=0, right=0, bottom=0}, mMinimalInsetsSizeInDisplayCutoutSafe=Insets{left=63, top=0, right=0, bottom=0}}
06-16 01:36:15.435  4198  4198 D VRI[NavigationBar0]:         InsetsFrameProvider: {id=#ad9b0024, index=1, type=systemGestures, source=DISPLAY, flags=[], insetsSize=Insets{left=0, top=0, right=63, bottom=0}, mMinimalInsetsSizeInDisplayCutoutSafe=Insets{left=0, top=0, right=63, bottom=0}}}} by setLayoutParams
06-16 01:36:15.444  3286  3286 D ActivityManager: unfreezing ProcessRecord{3048bb1 21773:com.motorola.coresettingsext/u0a308}, reason = shouldNotFreeze_provider: ProcessRecord{8348925 21216:com.android.settings/1000}, adj = 925, adjType = cch-empty, adjSource = null
06-16 01:36:15.444  3286  3286 D ActivityManager: sync unfroze 21773 com.motorola.coresettingsext for 10
06-16 01:36:15.461  3286  3723 I RollbackManager: broadcast=ACTION_PACKAGE_FULLY_REMOVED pkg=com.deepeye.musicpro
06-16 01:36:15.481  3286  3286 D CompatibilityChangeReporter: Compat change id reported: 135634846; UID 1000; state: DISABLED
06-16 01:36:15.481  3286  3286 D CompatibilityChangeReporter: Compat change id reported: 177438394; UID 1000; state: DISABLED
06-16 01:36:15.481  3286  3286 D CompatibilityChangeReporter: Compat change id reported: 135772972; UID 1000; state: DISABLED
06-16 01:36:15.481  3286  3286 D CompatibilityChangeReporter: Compat change id reported: 135754954; UID 1000; state: ENABLED
06-16 01:36:15.482  3286  3286 W Looper  : Slow dispatch took 321ms main h=android.app.ActivityThread$H c=android.app.LoadedApk$ReceiverDispatcher$Args$$ExternalSyntheticLambda0@8cb21d0 m=0
06-16 01:36:15.482  3286  3286 W Looper  : Slow delivery took 329ms main h=android.app.ActivityThread$H c=android.app.LoadedApk$ReceiverDispatcher$Args$$ExternalSyntheticLambda0@9aaf5c9 m=0
06-16 01:36:15.482  3286  4268 D CompatibilityChangeReporter: Compat change id reported: 161145287; UID 10380; state: ENABLED
06-16 01:36:15.482  3286  3342 W ActivityManager: setHasOverlayUi called on unknown pid: 20543
06-16 01:36:15.507  3286  3419 I DisplayBrightnessStrategySelector: Changing the DisplayBrightnessStrategy from OverrideBrightnessStrategy toInvalidBrightnessStrategy for display 0
06-16 01:36:15.508  3286  3419 V DisplayPowerController2[0]: Brightness [0.93627626] reason changing to: 'manual', previous reason: 'override'.
06-16 01:36:15.524  3286  3350 I ActivityManager: Start proc 32507:com.android.keychain/1000 for service {com.android.keychain/com.android.keychain.KeyChainService}
06-16 01:36:15.563  3286  3419 I DisplayPowerController2[0]: 2026-06-15 20:06:15 - BrightnessEvent: disp=0, physDisp=local:4630947043778501762, brt=0.93627626, initBrt=0.9999, rcmdBrt=NaN, preBrt=NaN, lux=0.0, preLux=0.0, brtNits=347.14844, hdrNits=NaN, initNits=499.77582, preNits=NaN, rcmdNits=NaN, hdrBrightness=NaN, brt(%)=94%, brtInt=239, hbmMax=0.9999, hbmMode=off, rbcStrength=50, thrmMax=1.0, powerFactor=1.0, wasShortTermModelActive=false, flags=, reason=manual, autoBrightness=false, strategy=InvalidBrightnessStrategy
06-16 01:36:15.580  3286  3286 I Telecom : CarModeTracker: Package com.deepeye.musicpro is not tracked.: SSH.oR@HHE
06-16 01:36:15.580  3286  3286 I Telecom : InCallController: updateCarModeForConnections: car mode apps: : SSH.oR@HHE
06-16 01:36:15.580  3286  3286 I Telecom : InCallController: update carmode current:UserHandle{0} parent:null: SSH.oR@HHE
06-16 01:36:15.631  3286  3342 D DisplayManagerService: Ignore redundant display event 0/4 to 10464/7355
06-16 01:36:15.631  3286  3342 D DisplayManagerService: Ignore redundant display event 0/4 to 10115/8280
06-16 01:36:15.631  3286  3342 D DisplayManagerService: Ignore redundant display event 0/4 to 10224/15083
06-16 01:36:15.631  3286  3342 D DisplayManagerService: Ignore redundant display event 0/4 to 10289/18349
06-16 01:36:15.631  3286  3342 D DisplayManagerService: Ignore redundant display event 0/4 to 10280/19463
06-16 01:36:15.631  3286  3342 D DisplayManagerService: Ignore redundant display event 0/4 to 10128/21010
06-16 01:36:15.631  3286  3342 D DisplayManagerService: Ignore redundant display event 0/4 to 10392/23279
06-16 01:36:15.631  3286  3342 D DisplayManagerService: Ignore redundant display event 0/4 to 10383/24751
06-16 01:36:15.631  3286  3342 D DisplayManagerService: Ignore redundant display event 0/4 to 10285/25237
06-16 01:36:15.631  3286  3342 D DisplayManagerService: Ignore redundant display event 0/4 to 10365/28498
06-16 01:36:15.631  3286  3342 D DisplayManagerService: Ignore redundant display event 0/4 to 10285/29774
06-16 01:36:15.657  3286  3762 D ActivityManager: unfreezing ProcessRecord{4abe6e4 28498:com.google.android.permissioncontroller/u0a365}, reason = shouldNotFreeze_service_1: ProcessRecord{c7535df 3286:system/1000}, adj = 0, adjType = service, adjSource = ProcessRecord{c7535df 3286:system/1000}
06-16 01:36:15.658  3286  3762 D ActivityManager: sync unfroze 28498 com.google.android.permissioncontroller for 6
06-16 01:36:15.670  3286  4268 D CompatibilityChangeReporter: Compat change id reported: 168419799; UID 1000; state: DISABLED
06-16 01:36:15.671  3286  4268 D CompatibilityChangeReporter: Compat change id reported: 273564678; UID 1000; state: DISABLED
06-16 01:36:15.692  3286  6397 D CompatibilityChangeReporter: Compat change id reported: 261072174; UID 10380; state: ENABLED
06-16 01:36:15.707  3286 32547 W UserUtils: Couldn't find DevicePolicyManager adapter implementation
06-16 01:36:15.719  3286 32547 D BatteryOptimizationPolicy: setNonBatteryOptimizedModeForAppList: [com.motorola.oemconfig.rel, com.motorola.oemconfig.demo, com.motorola.enterprise.adapter.service]
06-16 01:36:15.719  3286 32547 E DeviceIdleController: Tried to add unknown package to power save whitelist: com.motorola.oemconfig.demo
06-16 01:36:15.719  3286 32547 E DeviceIdleController: Tried to add unknown package to power save whitelist: com.motorola.oemconfig.rel
06-16 01:36:15.719  3286 32547 D BatteryOptimizationPolicy: Package not found: com.motorola.oemconfig.rel Current user: 0
06-16 01:36:15.719  3286 32547 D BatteryOptimizationPolicy: Package not found: com.motorola.oemconfig.demo Current user: 0
06-16 01:36:15.719  3286 32547 D BatteryOptimizationPolicy: Granting permission to run jobs when in background: com.motorola.enterprise.adapter.service(UID: 10360)
06-16 01:36:15.720  3286 32547 D BatteryOptimizationPolicy: setNonBatteryOptimizedModeForAppList: [com.motorola.oemconfig.rel, com.motorola.oemconfig.demo, com.motorola.enterprise.adapter.service]
06-16 01:36:15.720  3286 32547 E DeviceIdleController: Tried to add unknown package to power save whitelist: com.motorola.oemconfig.demo
06-16 01:36:15.720  3286 32547 E DeviceIdleController: Tried to add unknown package to power save whitelist: com.motorola.oemconfig.rel
06-16 01:36:15.720  3286 32547 D BatteryOptimizationPolicy: Package not found: com.motorola.oemconfig.rel Current user: 0
06-16 01:36:15.720  3286 32547 D BatteryOptimizationPolicy: Package not found: com.motorola.oemconfig.demo Current user: 0
06-16 01:36:15.720  3286 32547 D BatteryOptimizationPolicy: Granting permission to run jobs when in background: com.motorola.enterprise.adapter.service(UID: 10360)
06-16 01:36:15.747  3286  3286 I ConditionProviders: Disallowing condition provider com.deepeye.musicpro (userSet: true)
06-16 01:36:15.749  3286  3286 I BrightnessSynchronizer: New Update: {[1575] 0.93627626(f), mUpdatedTypes=0, mConfirmedTypes=0, mTimeUpdated=0, mState=2}
06-16 01:36:15.749  3286  3286 I BrightnessSynchronizer: New Update: {[1576] 0.93627626(f), mUpdatedTypes=0, mConfirmedTypes=0, mTimeUpdated=0, mState=2}
06-16 01:36:15.755  3286  6397 D IntervalStats: Unable to parse usage stats packages: [395, 396, 398, 399, 400, 402, 403, 404, 405, 406, 407, 408, 409, 410, 411, 413, 414, 415, 416, 418, 419, 422, 425, 426, 427, 431, 434, 435, 436, 437, 438, 439, 440, 441, 442, 443, 445, 446, 447, 448, 449, 450, 451, 452, 453, 454, 455, 456, 457, 458, 460, 461, 462, 463, 465, 466, 467, 468, 469, 470, 471, 472, 473, 474, 476, 477, 478, 480, 481, 482, 484, 485, 486, 488, 489, 490, 491, 493, 494, 495, 512]
06-16 01:36:15.768  3286  3721 D ActivityManager: unfreezing ProcessRecord{3882eb9 14128:com.tradingview.tradingviewapp/u0a499}, reason = shouldNotFreeze_service_1: ProcessRecord{c7535df 3286:system/1000}, adj = 0, adjType = service, adjSource = ProcessRecord{c7535df 3286:system/1000}
06-16 01:36:15.769  3286  3721 D ActivityManager: sync unfroze 14128 com.tradingview.tradingviewapp for 6
06-16 01:36:15.782  3286  3349 D CompatibilityChangeReporter: Compat change id reported: 135634846; UID 10165; state: DISABLED
06-16 01:36:15.782  3286  3349 D CompatibilityChangeReporter: Compat change id reported: 177438394; UID 10165; state: DISABLED
06-16 01:36:15.782  3286  3349 D CompatibilityChangeReporter: Compat change id reported: 135772972; UID 10165; state: DISABLED
06-16 01:36:15.782  3286  3349 D CompatibilityChangeReporter: Compat change id reported: 135754954; UID 10165; state: ENABLED
06-16 01:36:15.783  3286  3350 D CompatibilityChangeReporter: Compat change id reported: 143937733; UID 10165; state: ENABLED
