06-16 01:36:31.733  4198  4198 D VRI[NavigationBar0]:     InsetsFrameProvider: {id=#ad9b0001, index=0, type=navigationBars, source=FRAME, flags=[SUPPRESS_SCRIM], insetsSize=Insets{left=0, top=0, right=0, bottom=51}, insetsSizeOverrides=[TypedInsetsSize: {windowType=INPUT_METHOD, insetsSize=null}]}
06-16 01:36:31.733  4198  4198 D VRI[NavigationBar0]:     InsetsFrameProvider: {id=#ad9b0006, index=0, type=tappableElement, source=FRAME, flags=[], insetsSize=Insets{left=0, top=0, right=0, bottom=0}}
06-16 01:36:31.733  4198  4198 D VRI[NavigationBar0]:     InsetsFrameProvider: {id=#ad9b0005, index=0, type=mandatorySystemGestures, source=FRAME, flags=[], insetsSize=Insets{left=0, top=0, right=0, bottom=68}}
06-16 01:36:31.733  4198  4198 D VRI[NavigationBar0]:     InsetsFrameProvider: {id=#ad9b0004, index=0, type=systemGestures, source=DISPLAY, flags=[], insetsSize=Insets{left=63, top=0, right=0, bottom=0}, mMinimalInsetsSizeInDisplayCutoutSafe=Insets{left=63, top=0, right=0, bottom=0}}
06-16 01:36:31.733  4198  4198 D VRI[NavigationBar0]:     InsetsFrameProvider: {id=#ad9b0024, index=1, type=systemGestures, source=DISPLAY, flags=[], insetsSize=Insets{left=0, top=0, right=63, bottom=0}, mMinimalInsetsSizeInDisplayCutoutSafe=Insets{left=0, top=0, right=63, bottom=0}}
06-16 01:36:31.733  4198  4198 D VRI[NavigationBar0]:   paramsForRotation:
06-16 01:36:31.733  4198  4198 D VRI[NavigationBar0]:     ROTATION_0={(0,0)(fillx102) gr=BOTTOM CENTER_VERTICAL layoutInDisplayCutoutMode=always ty=NAVIGATION_BAR fmt=TRANSLUCENT
06-16 01:36:31.733  4198  4198 D VRI[NavigationBar0]:       fl=NOT_FOCUSABLE NOT_TOUCH_MODAL WATCH_OUTSIDE_TOUCH SPLIT_TOUCH FLAG_SLIPPERY
06-16 01:36:31.733  4198  4198 D VRI[NavigationBar0]:       pfl=LAYOUT_SIZE_EXTENDED_BY_CUTOUT COLOR_SPACE_AGNOSTIC FIT_INSETS_CONTROLLED TRUSTED_OVERLAY
06-16 01:36:31.733  4198  4198 D VRI[NavigationBar0]:       bhv=DEFAULT
06-16 01:36:31.733  4198  4198 D VRI[NavigationBar0]:       providedInsets:
06-16 01:36:31.733  4198  4198 D VRI[NavigationBar0]:         InsetsFrameProvider: {id=#ad9b0001, index=0, type=navigationBars, source=FRAME, flags=[SUPPRESS_SCRIM], insetsSize=Insets{left=0, top=0, right=0, bottom=51}, insetsSizeOverrides=[TypedInsetsSize: {windowType=INPUT_METHOD, insetsSize=null}]}
06-16 01:36:31.733  4198  4198 D VRI[NavigationBar0]:         InsetsFrameProvider: {id=#ad9b0006, index=0, type=tappableElement, source=FRAME, flags=[], insetsSize=Insets{left=0, top=0, right=0, bottom=0}}
06-16 01:36:31.733  4198  4198 D VRI[NavigationBar0]:         InsetsFrameProvider: {id=#ad9b0005, index=0, type=mandatorySystemGestures, source=FRAME, flags=[], insetsSize=Insets{left=0, top=0, right=0, bottom=68}}
06-16 01:36:31.733  4198  4198 D VRI[NavigationBar0]:         InsetsFrameProvider: {id=#ad9b0004, index=0, type=systemGestures, source=DISPLAY, flags=[], insetsSize=Insets{left=63, top=0, right=0, bottom=0}, mMinimalInsetsSizeInDisplayCutoutSafe=Insets{left=63, top=0, right=0, bottom=0}}
06-16 01:36:31.733  4198  4198 D VRI[NavigationBar0]:         InsetsFrameProvider: {id=#ad9b0024, index=1, type=systemGestures, source=DISPLAY, flags=[], insetsSize=Insets{left=0, top=0, right=63, bottom=0}, mMinimalInsetsSizeInDisplayCutoutSafe=Insets{left=0, top=0, right=63, bottom=0}}}
06-16 01:36:31.733  4198  4198 D VRI[NavigationBar0]:     ROTATION_90={(0,0)(fillx102) gr=BOTTOM CENTER_VERTICAL layoutInDisplayCutoutMode=always ty=NAVIGATION_BAR fmt=TRANSLUCENT
06-16 01:36:31.733  4198  4198 D VRI[NavigationBar0]:       fl=NOT_FOCUSABLE NOT_TOUCH_MODAL WATCH_OUTSIDE_TOUCH SPLIT_TOUCH FLAG_SLIPPERY
06-16 01:36:31.733  4198  4198 D VRI[NavigationBar0]:       pfl=LAYOUT_SIZE_EXTENDED_BY_CUTOUT COLOR_SPACE_AGNOSTIC FIT_INSETS_CONTROLLED TRUSTED_OVERLAY
06-16 01:36:31.733  4198  4198 D VRI[NavigationBar0]:       bhv=DEFAULT
06-16 01:36:31.733  4198  4198 D VRI[NavigationBar0]:       providedInsets:
06-16 01:36:31.733  4198  4198 D VRI[NavigationBar0]:         InsetsFrameProvider: {id=#ad9b0001, index=0, type=navigationBars, source=FRAME, flags=[SUPPRESS_SCRIM], insetsSize=Insets{left=0, top=0, right=0, bottom=51}, insetsSizeOverrides=[TypedInsetsSize: {windowType=INPUT_METHOD, insetsSize=null}]}
06-16 01:36:31.733  4198  4198 D VRI[NavigationBar0]:         InsetsFrameProvider: {id=#ad9b0006, index=0, type=tappableElement, source=FRAME, flags=[], insetsSize=Insets{left=0, top=0, right=0, bottom=0}}
06-16 01:36:31.733  4198  4198 D VRI[NavigationBar0]:         InsetsFrameProvider: {id=#ad9b0005, index=0, type=mandatorySystemGestures, source=FRAME, flags=[], insetsSize=Insets{left=0, top=0, right=0, bottom=68}}
06-16 01:36:31.733  4198  4198 D VRI[NavigationBar0]:         InsetsFrameProvider: {id=#ad9b0004, index=0, type=systemGestures, source=DISPLAY, flags=[], insetsSize=Insets{left=63, top=0, right=0, bottom=0}, mMinimalInsetsSizeInDisplayCutoutSafe=Insets{left=63, top=0, right=0, bottom=0}}
06-16 01:36:31.733  4198  4198 D VRI[NavigationBar0]:         InsetsFrameProvider: {id=#ad9b0024, index=1, type=systemGestures, source=DISPLAY, flags=[], insetsSize=Insets{left=0, top=0, right=63, bottom=0}, mMinimalInsetsSizeInDisplayCutoutSafe=Insets{left=0, top=0, right=63, bottom=0}}}
06-16 01:36:31.733  4198  4198 D VRI[NavigationBar0]:     ROTATION_180={(0,0)(fillx102) gr=BOTTOM CENTER_VERTICAL layoutInDisplayCutoutMode=always ty=NAVIGATION_BAR fmt=TRANSLUCENT
06-16 01:36:31.733  4198  4198 D VRI[NavigationBar0]:       fl=NOT_FOCUSABLE NOT_TOUCH_MODAL WATCH_OUTSIDE_TOUCH SPLIT_TOUCH FLAG_SLIPPERY
06-16 01:36:31.733  4198  4198 D VRI[NavigationBar0]:       pfl=LAYOUT_SIZE_EXTENDED_BY_CUTOUT COLOR_SPACE_AGNOSTIC FIT_INSETS_CONTROLLED TRUSTED_OVERLAY
06-16 01:36:31.733  4198  4198 D VRI[NavigationBar0]:       bhv=DEFAULT
06-16 01:36:31.733  4198  4198 D VRI[NavigationBar0]:       providedInsets:
06-16 01:36:31.733  4198  4198 D VRI[NavigationBar0]:         InsetsFrameProvider: {id=#ad9b0001, index=0, type=navigationBars, source=FRAME, flags=[SUPPRESS_SCRIM], insetsSize=Insets{left=0, top=0, right=0, bottom=51}, insetsSizeOverrides=[TypedInsetsSize: {windowType=INPUT_METHOD, insetsSize=null}]}
06-16 01:36:31.733  4198  4198 D VRI[NavigationBar0]:         InsetsFrameProvider: {id=#ad9b0006, index=0, type=tappableElement, source=FRAME, flags=[], insetsSize=Insets{left=0, top=0, right=0, bottom=0}}
06-16 01:36:31.733  4198  4198 D VRI[NavigationBar0]:         InsetsFrameProvider: {id=#ad9b0005, index=0, type=mandatorySystemGestures, source=FRAME, flags=[], insetsSize=Insets{left=0, top=0, right=0, bottom=68}}
06-16 01:36:31.733  4198  4198 D VRI[NavigationBar0]:         InsetsFrameProvider: {id=#ad9b0004, index=0, type=systemGestures, source=DISPLAY, flags=[], insetsSize=Insets{left=63, top=0, right=0, bottom=0}, mMinimalInsetsSizeInDisplayCutoutSafe=Insets{left=63, top=0, right=0, bottom=0}}
06-16 01:36:31.733  4198  4198 D VRI[NavigationBar0]:         InsetsFrameProvider: {id=#ad9b0024, index=1, type=systemGestures, source=DISPLAY, flags=[], insetsSize=Insets{left=0, top=0, right=63, bottom=0}, mMinimalInsetsSizeInDisplayCutoutSafe=Insets{left=0, top=0, right=63, bottom=0}}}
06-16 01:36:31.733  4198  4198 D VRI[NavigationBar0]:     ROTATION_270={(0,0)(fillx102) gr=BOTTOM CENTER_VERTICAL layoutInDisplayCutoutMode=always ty=NAVIGATION_BAR fmt=TRANSLUCENT
06-16 01:36:31.733  4198  4198 D VRI[NavigationBar0]:       fl=NOT_FOCUSABLE NOT_TOUCH_MODAL WATCH_OUTSIDE_TOUCH SPLIT_TOUCH FLAG_SLIPPERY
06-16 01:36:31.733  4198  4198 D VRI[NavigationBar0]:       pfl=LAYOUT_SIZE_EXTENDED_BY_CUTOUT COLOR_SPACE_AGNOSTIC FIT_INSETS_CONTROLLED TRUSTED_OVERLAY
06-16 01:36:31.733  4198  4198 D VRI[NavigationBar0]:       bhv=DEFAULT
06-16 01:36:31.733  4198  4198 D VRI[NavigationBar0]:       providedInsets:
06-16 01:36:31.733  4198  4198 D VRI[NavigationBar0]:         InsetsFrameProvider: {id=#ad9b0001, index=0, type=navigationBars, source=FRAME, flags=[SUPPRESS_SCRIM], insetsSize=Insets{left=0, top=0, right=0, bottom=51}, insetsSizeOverrides=[TypedInsetsSize: {windowType=INPUT_METHOD, insetsSize=null}]}
06-16 01:36:31.733  4198  4198 D VRI[NavigationBar0]:         InsetsFrameProvider: {id=#ad9b0006, index=0, type=tappableElement, source=FRAME, flags=[], insetsSize=Insets{left=0, top=0, right=0, bottom=0}}
06-16 01:36:31.733  4198  4198 D VRI[NavigationBar0]:         InsetsFrameProvider: {id=#ad9b0005, index=0, type=mandatorySystemGestures, source=FRAME, flags=[], insetsSize=Insets{left=0, top=0, right=0, bottom=68}}
06-16 01:36:31.733  4198  4198 D VRI[NavigationBar0]:         InsetsFrameProvider: {id=#ad9b0004, index=0, type=systemGestures, source=DISPLAY, flags=[], insetsSize=Insets{left=63, top=0, right=0, bottom=0}, mMinimalInsetsSizeInDisplayCutoutSafe=Insets{left=63, top=0, right=0, bottom=0}}
06-16 01:36:31.733  4198  4198 D VRI[NavigationBar0]:         InsetsFrameProvider: {id=#ad9b0024, index=1, type=systemGestures, source=DISPLAY, flags=[], insetsSize=Insets{left=0, top=0, right=63, bottom=0}, mMinimalInsetsSizeInDisplayCutoutSafe=Insets{left=0, top=0, right=63, bottom=0}}}} by setLayoutParams
06-16 01:36:31.736  4198  4398 D VRI[ScreenDecorOverlayBottom]: update {(0,0)(fillxwrap) gr=BOTTOM CENTER_VERTICAL layoutInDisplayCutoutMode=always ty=NAVIGATION_BAR_PANEL fmt=TRANSLUCENT
06-16 01:36:31.736  4198  4398 D VRI[ScreenDecorOverlayBottom]:   fl=NOT_FOCUSABLE NOT_TOUCHABLE NOT_TOUCH_MODAL LAYOUT_IN_SCREEN SPLIT_TOUCH FLAG_SLIPPERY
06-16 01:36:31.736  4198  4398 D VRI[ScreenDecorOverlayBottom]:   pfl=SHOW_FOR_ALL_USERS NO_MOVE_ANIMATION IS_ROUNDED_CORNERS_OVERLAY COLOR_SPACE_AGNOSTIC FIT_INSETS_CONTROLLED TRUSTED_OVERLAY
06-16 01:36:31.736  4198  4398 D VRI[ScreenDecorOverlayBottom]:   bhv=DEFAULT} by setLayoutParams
06-16 01:36:31.739  4198  4398 D VRI[ScreenDecorOverlay]: update {(0,0)(fillxwrap) gr=TOP CENTER_VERTICAL layoutInDisplayCutoutMode=always ty=NAVIGATION_BAR_PANEL fmt=TRANSLUCENT
06-16 01:36:31.739  4198  4398 D VRI[ScreenDecorOverlay]:   fl=NOT_FOCUSABLE NOT_TOUCHABLE NOT_TOUCH_MODAL LAYOUT_IN_SCREEN SPLIT_TOUCH FLAG_SLIPPERY
06-16 01:36:31.739  4198  4398 D VRI[ScreenDecorOverlay]:   pfl=SHOW_FOR_ALL_USERS NO_MOVE_ANIMATION IS_ROUNDED_CORNERS_OVERLAY COLOR_SPACE_AGNOSTIC FIT_INSETS_CONTROLLED TRUSTED_OVERLAY
06-16 01:36:31.739  4198  4398 D VRI[ScreenDecorOverlay]:   bhv=DEFAULT} by setLayoutParams
06-16 01:36:31.745  4198  4398 D VRI[ScreenDecorOverlayBottom]: update {(0,0)(fillxwrap) gr=BOTTOM CENTER_VERTICAL layoutInDisplayCutoutMode=always ty=NAVIGATION_BAR_PANEL fmt=TRANSLUCENT
06-16 01:36:31.745  4198  4398 D VRI[ScreenDecorOverlayBottom]:   fl=NOT_FOCUSABLE NOT_TOUCHABLE NOT_TOUCH_MODAL LAYOUT_IN_SCREEN SPLIT_TOUCH FLAG_SLIPPERY
06-16 01:36:31.745  4198  4398 D VRI[ScreenDecorOverlayBottom]:   pfl=SHOW_FOR_ALL_USERS NO_MOVE_ANIMATION IS_ROUNDED_CORNERS_OVERLAY COLOR_SPACE_AGNOSTIC FIT_INSETS_CONTROLLED TRUSTED_OVERLAY
06-16 01:36:31.745  4198  4398 D VRI[ScreenDecorOverlayBottom]:   bhv=DEFAULT} by setLayoutParams
06-16 01:36:31.759 28498 28498 D VRI[GrantPermissionsActivity]: update {(0,0)(wrapxwrap) gr=CENTER sim={state=always_hidden adjust=nothing} ty=BASE_APPLICATION fmt=TRANSPARENT wanim=0x10302ff
06-16 01:36:31.759 28498 28498 D VRI[GrantPermissionsActivity]:   fl=DIM_BEHIND SPLIT_TOUCH HARDWARE_ACCELERATED
06-16 01:36:31.759 28498 28498 D VRI[GrantPermissionsActivity]:   pfl=HIDE_NON_SYSTEM_OVERLAY_WINDOWS
06-16 01:36:31.759 28498 28498 D VRI[GrantPermissionsActivity]:   bhv=DEFAULT
06-16 01:36:31.759 28498 28498 D VRI[GrantPermissionsActivity]:   fitTypes=STATUS_BARS NAVIGATION_BARS CAPTION_BAR} by setLayoutParams
06-16 01:36:31.760 28498 28498 D VRI[GrantPermissionsActivity]: update {(0,0)(wrapxwrap) gr=CENTER sim={state=always_hidden adjust=nothing} ty=BASE_APPLICATION fmt=TRANSPARENT wanim=0x10302ff
06-16 01:36:31.760 28498 28498 D VRI[GrantPermissionsActivity]:   fl=DIM_BEHIND SPLIT_TOUCH HARDWARE_ACCELERATED
06-16 01:36:31.760 28498 28498 D VRI[GrantPermissionsActivity]:   pfl=HIDE_NON_SYSTEM_OVERLAY_WINDOWS
06-16 01:36:31.760 28498 28498 D VRI[GrantPermissionsActivity]:   bhv=DEFAULT
06-16 01:36:31.760 28498 28498 D VRI[GrantPermissionsActivity]:   fitTypes=STATUS_BARS NAVIGATION_BARS CAPTION_BAR} by setLayoutParams
06-16 01:36:31.775  3286  7394 I WindowManager: finishDrawing of orientation change: Window{2d0c3a0 u0 NavigationBar0} 145ms
06-16 01:36:31.789  3286  7299 I WindowManager: finishDrawing of orientation change: Window{ad1096b u0 com.deepeye.musicpro/com.deepeye.musicpro.MainActivity} 159ms
06-16 01:36:31.875  3286  7151 I WindowManager: finishDrawing of orientation change: Window{53a40f9 u0 com.deepeye.musicpro/com.deepeye.musicpro.MainActivity} 245ms
06-16 01:36:31.876  3286  3343 W ActivityTaskManager: activity boost didn't release as expected
06-16 01:36:31.882  3286  3339 V WindowManager: Sent Transition #512 createdAt=06-16 01:36:31.549 via request=TransitionRequestInfo { type = 6, triggerTask = null, remoteTransition = null, displayChange = DisplayChange { displayId = 0, startAbsBounds = null, endAbsBounds = null, startRotation = 1, endRotation = 0, physicalDisplayChanged = false }, flags = 0 }
06-16 01:36:31.882  3286  3339 V WindowManager:     startWCT=WindowContainerTransaction { changes = {} hops = [] errorCallbackToken=null taskFragmentOrganizer=null }
06-16 01:36:31.882  3286  3339 V WindowManager:     info={id=512 t=CHANGE f=0x0 trk=0 r=[0@Point(0, 0)] c=[{WCT{RemoteToken{eb2b14 Task{e8f5024 #7092 type=standard A=10527:com.deepeye.musicpro}}} m=CHANGE f=NONE p=WCT{RemoteToken{de4de44 DefaultTaskDisplayArea@238869526(displayId=0)}} pTaskId=-1 leash=Surface(name=Task=7092)/@0xbc126 sb=Rect(0, 0 - 2400, 1080) eb=Rect(0, 0 - 1080, 2400) d=0 r=1->0:0},{WCT{RemoteToken{de4de44 DefaultTaskDisplayArea@238869526(displayId=0)}} m=CHANGE f=NONE p=WCT{RemoteToken{ef34752 Display{#0 state=ON size=1080x2400 ROTATION_0}}} leash=Surface(name=DefaultTaskDisplayArea)/@0xd019d0c sb=Rect(0, 0 - 2400, 1080) eb=Rect(0, 0 - 1080, 2400) d=0 r=1->0:-1},{WCT{RemoteToken{ef34752 Display{#0 state=ON size=1080x2400 ROTATION_0}}} m=CHANGE f=IS_DISPLAY leash=Surface(name=WindowedMagnification:0:31)/@0xb65f9ea sb=Rect(0, 0 - 2400, 1080) eb=Rect(0, 0 - 1080, 2400) d=0 r=1->0:-1}]}
06-16 01:36:31.883  4198  4238 V WindowManagerShell: onTransitionReady android.os.BinderProxy@6670004: {id=512 t=CHANGE f=0x0 trk=0 r=[0@Point(0, 0)] c=[{WCT{android.window.IWindowContainerToken$Stub$Proxy@e082f08} m=CHANGE f=NONE p=WCT{android.window.IWindowContainerToken$Stub$Proxy@a6a1} pTaskId=-1 leash=Surface(name=Task=7092)/@0x965168f sb=Rect(0, 0 - 2400, 1080) eb=Rect(0, 0 - 1080, 2400) d=0 r=1->0:0},{WCT{android.window.IWindowContainerToken$Stub$Proxy@49230c6} m=CHANGE f=NONE p=WCT{android.window.IWindowContainerToken$Stub$Proxy@c3f4887} leash=Surface(name=DefaultTaskDisplayArea)/@0xe845d1c sb=Rect(0, 0 - 2400, 1080) eb=Rect(0, 0 - 1080, 2400) d=0 r=1->0:-1},{WCT{android.window.IWindowContainerToken$Stub$Proxy@e7533b4} m=CHANGE f=IS_DISPLAY leash=Surface(name=WindowedMagnification:0:31)/@0x2625d25 sb=Rect(0, 0 - 2400, 1080) eb=Rect(0, 0 - 1080, 2400) d=0 r=1->0:-1 snapshot=Surface(name=RotationLayer)/@0xbe11efa}]}
06-16 01:36:31.884  4198  4238 V WindowManagerShell: Playing animation for (#512)android.os.BinderProxy@6670004@0
06-16 01:36:31.884  4198  4238 V WindowManagerShell:  try handler com.android.wm.shell.transition.DefaultMixedHandler@a3fe38c
06-16 01:36:31.884  4198  4238 V WindowManagerShell:  try handler com.android.wm.shell.keyguard.KeyguardTransitionHandler@ed0bad5
06-16 01:36:31.884  4198  4238 V WindowManagerShell:  try handler com.android.wm.shell.activityembedding.ActivityEmbeddingController@d8aa2ea
06-16 01:36:31.884  4198  4238 V WindowManagerShell:  try handler com.android.wm.shell.recents.RecentsTransitionHandler@ca6d9db
06-16 01:36:31.884  4198  4238 V ShellRecents: RecentsTransitionHandler.startAnimation: no controller found
06-16 01:36:31.884  4198  4238 V WindowManagerShell:  try handler com.android.wm.shell.pip.PipTransition@3cdac78
06-16 01:36:31.884  4198  4238 V WindowManagerShell:  try handler com.android.wm.shell.splitscreen.StageCoordinator@5ef2f51
06-16 01:36:31.884  4198  4238 V WindowManagerShell:  try handler com.android.wm.shell.transition.RemoteTransitionHandler@e803b6
06-16 01:36:31.884  4198  4238 V WindowManagerShell:  try handler com.android.wm.shell.transition.DefaultTransitionHandler@8af38b7
06-16 01:36:31.884  4198  4238 V WindowManagerShell: start default transition animation, info = {id=512 t=CHANGE f=0x0 trk=0 r=[0@Point(0, 0)] c=[{WCT{android.window.IWindowContainerToken$Stub$Proxy@e082f08} m=CHANGE f=NONE p=WCT{android.window.IWindowContainerToken$Stub$Proxy@a6a1} pTaskId=-1 leash=Surface(name=Task=7092)/@0x965168f sb=Rect(0, 0 - 2400, 1080) eb=Rect(0, 0 - 1080, 2400) d=0 r=1->0:0},{WCT{android.window.IWindowContainerToken$Stub$Proxy@49230c6} m=CHANGE f=NONE p=WCT{android.window.IWindowContainerToken$Stub$Proxy@c3f4887} leash=Surface(name=DefaultTaskDisplayArea)/@0xe845d1c sb=Rect(0, 0 - 2400, 1080) eb=Rect(0, 0 - 1080, 2400) d=0 r=1->0:-1},{WCT{android.window.IWindowContainerToken$Stub$Proxy@e7533b4} m=CHANGE f=IS_DISPLAY leash=Surface(name=WindowedMagnification:0:31)/@0x2625d25 sb=Rect(0, 0 - 2400, 1080) eb=Rect(0, 0 - 1080, 2400) d=0 r=1->0:-1 snapshot=Surface(name=RotationLayer)/@0xbe11efa}]}
06-16 01:36:31.884  4198  4238 V WindowManagerShell: Display is changing, resolve the animation hint.
06-16 01:36:31.884  4198  4238 V WindowManagerShell:   task 7092 isn't requesting seamless, so not seamless.
06-16 01:36:31.890  4198  4238 V WindowManagerShell:  animated by com.android.wm.shell.transition.DefaultTransitionHandler@8af38b7
06-16 01:36:31.950  3286  7151 D CompatibilityChangeReporter: Compat change id reported: 261072174; UID 10527; state: ENABLED
06-16 01:36:32.008  3286  7151 I WindowManager: finishDrawing of orientation change: Window{7b3484e u0 StatusBar} 377ms
06-16 01:36:32.009  3286  6612 W PackageConfigPersister: App-specific configuration not found for packageName: com.google.android.permissioncontroller and userId: 0
06-16 01:36:32.185  4198  4238 V WindowManagerShell: Transition animation finished (aborted=false), notifying core (#512)android.os.BinderProxy@6670004@0
06-16 01:36:32.186  3286  6612 D PowerManagerService: nativeSetPowerMode ret:false mode:5 enabled:false duration ms: 0
06-16 01:36:32.187  3286  3339 V WindowManager: Finish Transition #512: created at 06-16 01:36:31.549 collect-started=0.086ms request-sent=0.13ms started=7.219ms ready=74.491ms sent=330.641ms finished=636.87ms
06-16 01:36:32.190  4198  4238 V WindowManagerShell: Track 0 became idle
06-16 01:36:32.190  4198  4238 V WindowManagerShell: All active transition animations finished
06-16 01:36:32.247  3286  3349 D ActivityManager: unfreezing ProcessRecord{a11f22e 17543:com.facebook.services/u0a233}, reason = unfreezeTemporarily, adj = 999, adjType = cch-started-services, adjSource = null
06-16 01:36:32.248  3286  3767 D PowerManagerService: nativeAcquireSuspendBlocker name:PowerManagerService.WakeLocks duration ms: 1
06-16 01:36:32.251  3286  3349 D ActivityManager: sync unfroze 17543 com.facebook.services for 3
06-16 01:36:32.579  1352 32436 I keystore2: system/security/keystore2/src/watchdog.rs:319 - Watchdog thread idle -> terminating. Have a great day.
06-16 01:36:32.845  3286  7148 W ContextImpl: Calling a method in the system process without a qualified user: android.app.ContextImpl.sendBroadcastMultiplePermissions:1281 android.content.Context.sendBroadcastMultiplePermissions:2476 com.android.server.TelephonyRegistry.broadcastServiceStateChanged:3597 com.android.server.TelephonyRegistry.notifyServiceStateForPhoneId:1734 com.android.internal.telephony.ITelephonyRegistry$Stub.onTransact:550 
06-16 01:36:32.845  3286  7148 W ContextImpl: Calling a method in the system process without a qualified user: android.app.ContextImpl.sendBroadcastMultiplePermissions:1314 com.android.server.TelephonyRegistry.broadcastServiceStateChanged:3602 com.android.server.TelephonyRegistry.notifyServiceStateForPhoneId:1734 com.android.internal.telephony.ITelephonyRegistry$Stub.onTransact:550 android.os.Binder.execTransactInternal:1380 
06-16 01:36:32.846  3286  7148 W ContextImpl: Calling a method in the system process without a qualified user: android.app.ContextImpl.sendBroadcastMultiplePermissions:1314 com.android.server.TelephonyRegistry.broadcastServiceStateChanged:3611 com.android.server.TelephonyRegistry.notifyServiceStateForPhoneId:1734 com.android.internal.telephony.ITelephonyRegistry$Stub.onTransact:550 android.os.Binder.execTransactInternal:1380 
06-16 01:36:32.848  3286  7148 W ContextImpl: Calling a method in the system process without a qualified user: android.app.ContextImpl.sendBroadcastMultiplePermissions:1314 com.android.server.TelephonyRegistry.broadcastServiceStateChanged:3617 com.android.server.TelephonyRegistry.notifyServiceStateForPhoneId:1734 com.android.internal.telephony.ITelephonyRegistry$Stub.onTransact:550 android.os.Binder.execTransactInternal:1380 
06-16 01:36:32.849  3286  3349 D ActivityManager: unfreezing ProcessRecord{9b6f275 21361:com.google.android.cellbroadcastreceiver/u0a367}, reason = unfreezeTemporarily, adj = 975, adjType = cch-empty, adjSource = null
06-16 01:36:32.850  3286  3349 D ActivityManager: sync unfroze 21361 com.google.android.cellbroadcastreceiver for 3
06-16 01:36:32.855  3286  6612 D CompatibilityChangeReporter: Compat change id reported: 181658987; UID 1000; state: ENABLED
06-16 01:36:33.636  3286  3759 D ActivityManager: freezing 15083 com.google.android.apps.nbu.files, reason = oom_cached
06-16 01:36:34.028  3286  3759 D ActivityManager: freezing 1345 com.android.soundpicker, reason = oom_cached
06-16 01:36:34.072  3286  3759 D ActivityManager: freezing 1410 com.motorola.aiservices, reason = oom_cached
06-16 01:36:34.438  3286  3759 D ActivityManager: freezing 1297 com.whizdm.moneyview.loans, reason = oom_cached
06-16 01:36:34.515  3286  4268 D PowerManagerService: nativeReleaseSuspendBlocker name:PowerManagerService.WakeLocks duration ms: 0
06-16 01:36:34.578  3286  7151 D PowerManagerService: nativeAcquireSuspendBlocker name:PowerManagerService.WakeLocks duration ms: 2
06-16 01:36:34.583  3286  7151 D PowerManagerService: nativeReleaseSuspendBlocker name:PowerManagerService.WakeLocks duration ms: 0
06-16 01:36:35.071  3286  3759 D ActivityManager: freezing 1398 com.motorola.camera3, reason = oom_cached
06-16 01:36:35.844  3286  3286 D PowerManagerService: nativeAcquireSuspendBlocker name:PowerManagerService.WakeLocks duration ms: 2
06-16 01:36:35.849 28498 28498 D VRI[GrantPermissionsActivity]: update {(0,0)(wrapxwrap) gr=CENTER sim={state=always_hidden adjust=nothing} ty=BASE_APPLICATION fmt=TRANSPARENT wanim=0x10302ff
06-16 01:36:35.849 28498 28498 D VRI[GrantPermissionsActivity]:   fl=DIM_BEHIND SPLIT_TOUCH HARDWARE_ACCELERATED
06-16 01:36:35.849 28498 28498 D VRI[GrantPermissionsActivity]:   pfl=HIDE_NON_SYSTEM_OVERLAY_WINDOWS
06-16 01:36:35.849 28498 28498 D VRI[GrantPermissionsActivity]:   bhv=DEFAULT
06-16 01:36:35.849 28498 28498 D VRI[GrantPermissionsActivity]:   fitTypes=STATUS_BARS NAVIGATION_BARS CAPTION_BAR} by setLayoutParams
06-16 01:36:35.849  3286  3339 D PowerManagerService: nativeReleaseSuspendBlocker name:PowerManagerService.WakeLocks duration ms: 0
06-16 01:36:35.852 28498 28498 D VRI[GrantPermissionsActivity]: update {(0,0)(wrapxwrap) gr=CENTER sim={state=always_hidden adjust=nothing} ty=BASE_APPLICATION fmt=TRANSPARENT wanim=0x10302ff
06-16 01:36:35.852 28498 28498 D VRI[GrantPermissionsActivity]:   fl=DIM_BEHIND SPLIT_TOUCH HARDWARE_ACCELERATED
06-16 01:36:35.852 28498 28498 D VRI[GrantPermissionsActivity]:   pfl=HIDE_NON_SYSTEM_OVERLAY_WINDOWS
06-16 01:36:35.852 28498 28498 D VRI[GrantPermissionsActivity]:   bhv=DEFAULT
06-16 01:36:35.852 28498 28498 D VRI[GrantPermissionsActivity]:   fitTypes=STATUS_BARS NAVIGATION_BARS CAPTION_BAR} by setLayoutParams
06-16 01:36:35.852  3286  3286 D PowerManagerService: nativeAcquireSuspendBlocker name:PowerManagerService.WakeLocks duration ms: 1
06-16 01:36:35.853  3286  3339 D PowerManagerService: nativeReleaseSuspendBlocker name:PowerManagerService.WakeLocks duration ms: 0
06-16 01:36:35.893 28498 28498 D VRI[GrantPermissionsActivity]: update {(0,0)(wrapxwrap) gr=CENTER sim={state=always_hidden adjust=nothing} ty=BASE_APPLICATION fmt=TRANSPARENT wanim=0x10302ff
06-16 01:36:35.893 28498 28498 D VRI[GrantPermissionsActivity]:   fl=DIM_BEHIND SPLIT_TOUCH HARDWARE_ACCELERATED
06-16 01:36:35.893 28498 28498 D VRI[GrantPermissionsActivity]:   pfl=HIDE_NON_SYSTEM_OVERLAY_WINDOWS
06-16 01:36:35.893 28498 28498 D VRI[GrantPermissionsActivity]:   bhv=DEFAULT
06-16 01:36:35.893 28498 28498 D VRI[GrantPermissionsActivity]:   fitTypes=STATUS_BARS NAVIGATION_BARS CAPTION_BAR} by setLayoutParams
06-16 01:36:35.904  3286  6437 D HealthConnectTrackerManagerImpl: No packages eligible for step tracking. Aborting initialization.
06-16 01:36:36.573  3286  3286 D PowerManagerService: nativeAcquireSuspendBlocker name:PowerManagerService.WakeLocks duration ms: 3
06-16 01:36:36.574  3286  3339 D PowerManagerService: nativeReleaseSuspendBlocker name:PowerManagerService.WakeLocks duration ms: 0
06-16 01:36:36.575 28498 28498 D VRI[GrantPermissionsActivity]: update {(0,0)(wrapxwrap) gr=CENTER sim={state=always_hidden adjust=nothing} ty=BASE_APPLICATION fmt=TRANSPARENT wanim=0x10302ff
06-16 01:36:36.575 28498 28498 D VRI[GrantPermissionsActivity]:   fl=DIM_BEHIND SPLIT_TOUCH HARDWARE_ACCELERATED
06-16 01:36:36.575 28498 28498 D VRI[GrantPermissionsActivity]:   pfl=HIDE_NON_SYSTEM_OVERLAY_WINDOWS
06-16 01:36:36.575 28498 28498 D VRI[GrantPermissionsActivity]:   bhv=DEFAULT
06-16 01:36:36.575 28498 28498 D VRI[GrantPermissionsActivity]:   fitTypes=STATUS_BARS NAVIGATION_BARS CAPTION_BAR} by setLayoutParams
06-16 01:36:36.576  3286  3286 D PowerManagerService: nativeAcquireSuspendBlocker name:PowerManagerService.WakeLocks duration ms: 2
06-16 01:36:36.577  3286  3339 D PowerManagerService: nativeReleaseSuspendBlocker name:PowerManagerService.WakeLocks duration ms: 0
06-16 01:36:36.578 28498 28498 D VRI[GrantPermissionsActivity]: update {(0,0)(wrapxwrap) gr=CENTER sim={state=always_hidden adjust=nothing} ty=BASE_APPLICATION fmt=TRANSPARENT wanim=0x10302ff
06-16 01:36:36.578 28498 28498 D VRI[GrantPermissionsActivity]:   fl=DIM_BEHIND SPLIT_TOUCH HARDWARE_ACCELERATED
06-16 01:36:36.578 28498 28498 D VRI[GrantPermissionsActivity]:   pfl=HIDE_NON_SYSTEM_OVERLAY_WINDOWS
06-16 01:36:36.578 28498 28498 D VRI[GrantPermissionsActivity]:   bhv=DEFAULT
06-16 01:36:36.578 28498 28498 D VRI[GrantPermissionsActivity]:   fitTypes=STATUS_BARS NAVIGATION_BARS CAPTION_BAR} by setLayoutParams
06-16 01:36:36.630  3286  6437 D HealthConnectTrackerManagerImpl: No packages eligible for step tracking. Aborting initialization.
06-16 01:36:37.079  4198  5218 D PowerUI : can't show warning due to - plugged: true status unknown: false
06-16 01:36:37.081  3286  3286 V UiModeManager: updateLocked: null action, mDockState=0, category=null
06-16 01:36:37.081  3286  3286 D UiModeManager: updateConfigurationLocked: mDockState=0; mCarMode=false; mNightMode=2; mNightModeCustomType=-1; uiMode=33
06-16 01:36:37.179  3286  3759 D ActivityManager: freezing 1843 com.google.android.webview:webview_service, reason = oom_cached
06-16 01:36:37.286  3286  3767 D PowerManagerService: nativeAcquireSuspendBlocker name:PowerManagerService.WakeLocks duration ms: 2
06-16 01:36:37.293  3286  3286 D PowerManagerService: nativeReleaseSuspendBlocker name:PowerManagerService.WakeLocks duration ms: 0
06-16 01:36:37.298  3286  4272 D PowerManagerService: nativeAcquireSuspendBlocker name:PowerManagerService.WakeLocks duration ms: 1
06-16 01:36:37.361  3286  4272 D CompatibilityChangeReporter: Compat change id reported: 201794303; UID 10192; state: ENABLED
06-16 01:36:37.361  3286  4911 D CompatibilityChangeReporter: Compat change id reported: 201794303; UID 10192; state: ENABLED
06-16 01:36:37.362  3286  4272 D CompatibilityChangeReporter: Compat change id reported: 207133734; UID 10192; state: ENABLED
06-16 01:36:37.362  3286  4911 D CompatibilityChangeReporter: Compat change id reported: 207133734; UID 10192; state: ENABLED
06-16 01:36:37.398  3286  4911 D PowerManagerService: nativeReleaseSuspendBlocker name:PowerManagerService.WakeLocks duration ms: 0
06-16 01:36:37.399  3286  7203 D PowerManagerService: nativeAcquireSuspendBlocker name:PowerManagerService.WakeLocks duration ms: 1
06-16 01:36:37.402  3286  4272 D PowerManagerService: nativeReleaseSuspendBlocker name:PowerManagerService.WakeLocks duration ms: 0
06-16 01:36:37.403  3286  7203 D PowerManagerService: nativeAcquireSuspendBlocker name:PowerManagerService.WakeLocks duration ms: 0
06-16 01:36:37.409  3286  7203 D RestartModeController: determineRescueAppAfterAppFinishItself@1 null pkgName=com.google.android.permissioncontroller
06-16 01:36:37.410  4198  4238 V WindowManagerShell: Transition requested: android.os.BinderProxy@5618fda TransitionRequestInfo { type = 2, triggerTask = null, remoteTransition = null, displayChange = null, flags = 0 }
06-16 01:36:37.440  4198  4238 V WindowManagerShell: onTransitionReady android.os.BinderProxy@5618fda: {id=513 t=CLOSE f=0x0 trk=0 r=[0@Point(0, 0)] c=[{null m=CLOSE f=TRANSLUCENT|FILLS_TASK leash=Surface(name=ActivityRecord{aeeffb6 u0 com.google.android.permissioncontroller/com.android.permissioncontroller.permission.ui.GrantPermissionsActivity)/@0xfadc0b sb=Rect(0, 0 - 1080, 2400) eb=Rect(0, 0 - 1080, 2400) d=0}]}
06-16 01:36:37.440  4198  4238 V WindowManagerShell: Playing animation for (#513)android.os.BinderProxy@5618fda@0
06-16 01:36:37.440  3286  3339 V WindowManager: Sent Transition #513 createdAt=06-16 01:36:37.409 via request=TransitionRequestInfo { type = 2, triggerTask = null, remoteTransition = null, displayChange = null, flags = 0 }
06-16 01:36:37.440  3286  3339 V WindowManager:     startWCT=WindowContainerTransaction { changes = {} hops = [] errorCallbackToken=null taskFragmentOrganizer=null }
06-16 01:36:37.440  4198  4238 V WindowManagerShell:  try handler com.android.wm.shell.transition.DefaultMixedHandler@a3fe38c
06-16 01:36:37.440  3286  3339 V WindowManager:     info={id=513 t=CLOSE f=0x0 trk=0 r=[0@Point(0, 0)] c=[{null m=CLOSE f=TRANSLUCENT|FILLS_TASK leash=Surface(name=ActivityRecord{aeeffb6 u0 com.google.android.permissioncontroller/com.android.permissioncontroller.permission.ui.GrantPermissionsActivity)/@0x80043d6 sb=Rect(0, 0 - 1080, 2400) eb=Rect(0, 0 - 1080, 2400) d=0}]}
06-16 01:36:37.440  4198  4238 V WindowManagerShell:  try handler com.android.wm.shell.keyguard.KeyguardTransitionHandler@ed0bad5
06-16 01:36:37.440  4198  4238 V WindowManagerShell:  try handler com.android.wm.shell.activityembedding.ActivityEmbeddingController@d8aa2ea
06-16 01:36:37.443  1235  1235 D VRI[MainActivity]: update {(0,0)(fillxfill) sim={adjust=pan} layoutInDisplayCutoutMode=shortEdges ty=BASE_APPLICATION fmt=TRANSPARENT wanim=0x10302fe
06-16 01:36:37.443  1235  1235 D VRI[MainActivity]:   fl=LAYOUT_IN_SCREEN LAYOUT_INSET_DECOR SPLIT_TOUCH HARDWARE_ACCELERATED DRAWS_SYSTEM_BAR_BACKGROUNDS
06-16 01:36:37.443  1235  1235 D VRI[MainActivity]:   pfl=NO_MOVE_ANIMATION FORCE_DRAW_STATUS_BAR_BACKGROUND USE_BLAST APPEARANCE_CONTROLLED FIT_INSETS_CONTROLLED
06-16 01:36:37.443  1235  1235 D VRI[MainActivity]:   vsysui=LAYOUT_STABLE
06-16 01:36:37.443  1235  1235 D VRI[MainActivity]:   bhv=DEFAULT
06-16 01:36:37.443  1235  1235 D VRI[MainActivity]:   fitSides=} by setLayoutParams
06-16 01:36:37.444  4198  4238 V WindowManagerShell:  try handler com.android.wm.shell.recents.RecentsTransitionHandler@ca6d9db
06-16 01:36:37.444  4198  4238 V ShellRecents: RecentsTransitionHandler.startAnimation: no controller found
06-16 01:36:37.444  4198  4238 V WindowManagerShell:  try handler com.android.wm.shell.pip.PipTransition@3cdac78
06-16 01:36:37.444  4198  4238 V WindowManagerShell:  try handler com.android.wm.shell.splitscreen.StageCoordinator@5ef2f51
06-16 01:36:37.444  4198  4238 V WindowManagerShell:  try handler com.android.wm.shell.transition.RemoteTransitionHandler@e803b6
06-16 01:36:37.445  4198  4238 V WindowManagerShell: Transition doesn't have explicit remote, search filters for match for {id=513 t=CLOSE f=0x0 trk=0 r=[0@Point(0, 0)] c=[{null m=CLOSE f=TRANSLUCENT|FILLS_TASK leash=Surface(name=ActivityRecord{aeeffb6 u0 com.google.android.permissioncontroller/com.android.permissioncontroller.permission.ui.GrantPermissionsActivity)/@0xfadc0b sb=Rect(0, 0 - 1080, 2400) eb=Rect(0, 0 - 1080, 2400) d=0}]}
06-16 01:36:37.448  4198  4238 V WindowManagerShell:  Checking filter Pair{{types=[] flags=0x0] notFlags=0x100 checks=[{atype=home independent=true modes=[OPEN,TO_FRONT] flags=NONE mustBeTask=false order=TOP topActivity=ComponentInfo{com.motorola.launcher3/com.android.launcher3.uioverrides.QuickstepLauncher}},{atype=standard independent=true modes=[CLOSE,TO_BACK] flags=NONE mustBeTask=false order=ANY topActivity=null}]} RemoteTransition { remoteTransition = android.window.IRemoteTransition$Stub$Proxy@6ec3e4f, appThread = android.app.IApplicationThread$Stub$Proxy@dacc9dc, debugName = QuickstepLaunchHome }}
06-16 01:36:37.448  4198  4238 V WindowManagerShell:  Delegate animation for #513 to null
06-16 01:36:37.448  4198  4238 V WindowManagerShell:  try handler com.android.wm.shell.transition.DefaultTransitionHandler@8af38b7
06-16 01:36:37.448  4198  4238 V WindowManagerShell: start default transition animation, info = {id=513 t=CLOSE f=0x0 trk=0 r=[0@Point(0, 0)] c=[{null m=CLOSE f=TRANSLUCENT|FILLS_TASK leash=Surface(name=ActivityRecord{aeeffb6 u0 com.google.android.permissioncontroller/com.android.permissioncontroller.permission.ui.GrantPermissionsActivity)/@0xfadc0b sb=Rect(0, 0 - 1080, 2400) eb=Rect(0, 0 - 1080, 2400) d=0}]}
06-16 01:36:37.448  4198  4238 V WindowManagerShell: loadAnimation: anim=null animAttr=0x7 type=CLOSE isEntrance=false
06-16 01:36:37.449  4198  4238 V WindowManagerShell: Transition animation finished (aborted=false), notifying core (#513)android.os.BinderProxy@5618fda@0
06-16 01:36:37.458  3286  3339 V WindowManager: Finish Transition #513: created at 06-16 01:36:37.409 collect-started=0.053ms request-sent=0.123ms started=6.733ms ready=20.347ms sent=29.58ms finished=48.64ms
06-16 01:36:37.463  4198  4238 V WindowManagerShell: Track 0 became idle
06-16 01:36:37.463  4198  4238 V WindowManagerShell: All active transition animations finished
06-16 01:36:37.463  4198  4238 V WindowManagerShell:  animated by com.android.wm.shell.transition.DefaultTransitionHandler@8af38b7
06-16 01:36:37.463  4198  4238 V WindowManagerShell: Track 0 became idle
06-16 01:36:37.463  4198  4238 V WindowManagerShell: All active transition animations finished
06-16 01:36:37.464  3286  5295 D CompatibilityChangeReporter: Compat change id reported: 214016041; UID 10527; state: ENABLED
06-16 01:36:37.476  3286  5292 W PackageConfigPersister: App-specific configuration not found for packageName: com.deepeye.musicpro and userId: 0
06-16 01:36:37.479  3286  6437 D HealthConnectTrackerManagerImpl: No packages eligible for step tracking. Aborting initialization.
06-16 01:36:37.495  3286  7151 D CoreBackPreview: Window{52fa0f1 u0 com.google.android.permissioncontroller/com.android.permissioncontroller.permission.ui.GrantPermissionsActivity}: Setting back callback null
06-16 01:36:38.471  3286  3304 D PowerManagerService: nativeReleaseSuspendBlocker name:PowerManagerService.WakeLocks duration ms: 0
06-16 01:36:39.160  3286  3304 D CoreBackPreview: Window{ad1096b u0 com.deepeye.musicpro/com.deepeye.musicpro.MainActivity}: Setting back callback null
06-16 01:36:39.191  3286  3342 V WindowManager: Unknown focus tokens, dropping reportFocusChanged
06-16 01:36:39.213  3286  4270 W PackageConfigPersister: App-specific configuration not found for packageName: com.deepeye.musicpro and userId: 0
06-16 01:36:41.129  3286  3304 I ActivityManager: Killing 10005:com.motorola.moto/u0a214 (adj 999, setSvc -10000): empty #31
06-16 01:36:41.131  3286  3304 W ProcessStats: Tracking association SourceState{7a405c7 com.google.android.gms.persistent/10192 BTop #104100} whose proc state 2 is better than process ProcessState{94479f4 com.google.android.adservices.api/10357 pkg=com.google.android.adservices.api} proc state 13 (181 skipped)
06-16 01:36:41.182  3286  7398 I ActivityManager: appDiedLocked: app=ProcessRecord{a73de6e 10005:com.motorola.moto/u0a214} thread=android.os.BinderProxy@c3a4dd4 fromBinderDied=true isKilledByAm=true reason=null
06-16 01:36:41.184  3286  7398 D RestartModeController: markWaitRestartAppIsSuicided null processName=com.motorola.moto
06-16 01:36:41.184  3286  7398 D ActivityTaskManager: handleAppDied: uid=10214,diedCount=1,lastDiedTime=41245180,forceStopUids=false
06-16 01:36:41.185  3286  3340 D DisplayManagerService: Drop pending events for gone uid 10214
06-16 01:36:41.886  3286  5292 I CredManSysService: starting executeGetCredential with callingPackage: com.deepeye.musicpro
06-16 01:36:41.887  3286  5292 I CredManSysServiceImpl: Service does not have the required capabilities
06-16 01:36:41.887  3286  5292 I ProviderGetSession: Filtering request options for: ComponentInfo{com.google.android.gms/com.google.android.gms.auth.api.credentials.credman.service.GoogleIdService}
06-16 01:36:41.888  3286  5292 I ProviderGetSession: Option of type: com.google.android.libraries.identity.googleid.TYPE_GOOGLE_ID_TOKEN_CREDENTIAL meets all filteringconditions
06-16 01:36:41.888  3286  5292 I GetRequestSession: Provider session created and being added for: ComponentInfo{com.google.android.gms/com.google.android.gms.auth.api.credentials.credman.service.GoogleIdService}
06-16 01:36:41.888  3286  5292 I CredManSysServiceImpl: Service does not have the required capabilities
06-16 01:36:42.269  3286  3759 D ActivityManager: freezing 17543 com.facebook.services, reason = oom_cached
06-16 01:36:42.608  3286  5292 D PowerManagerService: nativeAcquireSuspendBlocker name:PowerManagerService.WakeLocks duration ms: 2
06-16 01:36:42.616  3286  7151 D PowerManagerService: nativeReleaseSuspendBlocker name:PowerManagerService.WakeLocks duration ms: 0
06-16 01:36:42.667  3286  3286 I ProviderGetSession: Remote provider responded with a valid response: ComponentInfo{com.google.android.gms/com.google.android.gms.auth.api.credentials.credman.service.GoogleIdService}
06-16 01:36:42.668  3286  3286 I GetRequestSession: Status changed for: ComponentInfo{com.google.android.gms/com.google.android.gms.auth.api.credentials.credman.service.GoogleIdService}, with status: CREDENTIALS_RECEIVED, and source: REMOTE_PROVIDER
06-16 01:36:42.668  3286  3286 I GetRequestSession: Provider status changed - ui invocation is needed
06-16 01:36:42.668  3286  3286 I RequestSession: For ui, provider data size: 1
06-16 01:36:42.683  3286  3304 I SettingsAccessControlPolicy: isDeviceSettingsChangeDisabled: value -> false
06-16 01:36:42.684  3286  3304 D CompatibilityChangeReporter: Compat change id reported: 265464455; UID 10128; state: DISABLED
06-16 01:36:42.684  3286  3304 D CompatibilityChangeReporter: Compat change id reported: 265452344; UID 10128; state: DISABLED
06-16 01:36:42.684  3286  3304 D CompatibilityChangeReporter: Compat change id reported: 266124927; UID 10128; state: DISABLED
06-16 01:36:42.684  3286  3304 D CompatibilityChangeReporter: Compat change id reported: 265451093; UID 10128; state: DISABLED
06-16 01:36:42.685  3286  3304 D CompatibilityChangeReporter: Compat change id reported: 265456536; UID 10128; state: DISABLED
06-16 01:36:42.685  3286  3304 D CompatibilityChangeReporter: Compat change id reported: 255940284; UID 10128; state: DISABLED
06-16 01:36:42.685  3286  3304 D CompatibilityChangeReporter: Compat change id reported: 236283604; UID 10128; state: DISABLED
06-16 01:36:42.685  3286  3304 D CompatibilityChangeReporter: Compat change id reported: 263959004; UID 10128; state: DISABLED
06-16 01:36:42.685  3286  3304 D CompatibilityChangeReporter: Compat change id reported: 264304459; UID 10128; state: DISABLED
06-16 01:36:42.686  3286  3304 D CompatibilityChangeReporter: Compat change id reported: 264301586; UID 10128; state: DISABLED
06-16 01:36:42.686  3286  3304 D CompatibilityChangeReporter: Compat change id reported: 254631730; UID 10128; state: DISABLED
06-16 01:36:42.686  3286  3304 D CompatibilityChangeReporter: Compat change id reported: 273509367; UID 10128; state: DISABLED
06-16 01:36:42.686  3286  3304 D CompatibilityChangeReporter: Compat change id reported: 263259275; UID 10128; state: DISABLED
06-16 01:36:42.687  3286  3304 D CompatibilityChangeReporter: Compat change id reported: 174042980; UID 10128; state: DISABLED
06-16 01:36:42.687  3286  3304 D CompatibilityChangeReporter: Compat change id reported: 174042936; UID 10128; state: DISABLED
06-16 01:36:42.687  3286  3304 D CompatibilityChangeReporter: Compat change id reported: 181136395; UID 10128; state: DISABLED
06-16 01:36:42.694  3286  3304 D CompatibilityChangeReporter: Compat change id reported: 194480991; UID 10128; state: ENABLED
06-16 01:36:42.695  3286  3304 D ActivityTaskManager: getPreferredLaunchDisplay userset_displayid false user set display id 0, current focus display 0
06-16 01:36:42.695  3286  3304 D ActivityTaskManager: getPreferredLaunchDisplay userset_displayid false user set display id 0, current focus display 0
06-16 01:36:42.696  3286  3304 D ActivityTaskManager: getPreferredLaunchDisplay userset_displayid false user set display id 0, current focus display 0
06-16 01:36:42.696  3286  3304 D ActivityTaskManager: getPreferredLaunchDisplay userset_displayid false user set display id 0, current focus display 0
06-16 01:36:42.699  3286  3304 D CompatibilityChangeReporter: Compat change id reported: 184838306; UID 10128; state: DISABLED
06-16 01:36:42.699  3286  3304 D CompatibilityChangeReporter: Compat change id reported: 185004937; UID 10128; state: DISABLED
06-16 01:36:42.702  3286  3304 D PowerManagerService: nativeSetPowerMode ret:false mode:5 enabled:true duration ms: 0
06-16 01:36:42.702  3286  3304 D CompatibilityChangeReporter: Compat change id reported: 205907456; UID 10128; state: ENABLED
06-16 01:36:42.707  3286  3304 D PowerManagerService: nativeAcquireSuspendBlocker name:PowerManagerService.WakeLocks duration ms: 2
06-16 01:36:42.707  3286  3304 E Transition: Trying to add a ready-group twice: Display{#0 state=ON size=1080x2400 ROTATION_0}
06-16 01:36:42.708  3286  3304 I ActivityTaskManager: START u0 {act=74c0eea9-321a-4ba4-ae76-b2bb1699b6b0 cmp=com.android.credentialmanager/.CredentialSelectorActivity (has extras)} with LAUNCH_SINGLE_TOP from uid 1000 (realCallingUid=10527) (PendingIntentRecord) (BAL_ALLOW_ALLOWLISTED_UID) result code=0
06-16 01:36:42.708  4198  4238 V WindowManagerShell: Transition requested: android.os.BinderProxy@358cfa6 TransitionRequestInfo { type = 1, triggerTask = TaskInfo{userId=0 taskId=7092 displayId=0 isRunning=true baseIntent=Intent { flg=0x10000000 cmp=com.deepeye.musicpro/.MainActivity } baseActivity=ComponentInfo{com.deepeye.musicpro/com.deepeye.musicpro.MainActivity} topActivity=ComponentInfo{com.android.credentialmanager/com.android.credentialmanager.CredentialSelectorActivity} origActivity=null realActivity=ComponentInfo{com.deepeye.musicpro/com.deepeye.musicpro.MainActivity} numActivities=2 lastActiveTime=47638638 supportsMultiWindow=true supportsGlobalFreeform=true resizeMode=1 isResizeable=true isAppLocked=false canKillAndRestart=false isShowDecorCaptionWindowRequest=false minWidth=-1 minHeight=-1 defaultMinSize=200 token=WCT{android.window.IWindowContainerToken$Stub$Proxy@c792de7} topActivityType=1 pictureInPictureParams=null shouldDockBigOverlays=false launchIntoPipHostTaskId=-1 lastParentTaskIdBeforePip=-1 displayCutoutSafeInsets=null topActivityInfo=ActivityInfo{33f1d94 com.android.credentialmanager.CredentialSelectorActivity} launchCookies=[] positionInParent=Point(0, 0) parentTaskId=-1 isFocused=true isVisible=true isVisibleRequested=true isSleeping=false topActivityInSizeCompat=false topActivityEligibleForLetterboxEducation= false topActivityLetterboxed= false isFromDoubleTap= false topActivityLetterboxVerticalPosition= -1 topActivityLetterboxHorizontalPosition= -1 topActivityLetterboxWidth=-1 topActivityLetterboxHeight=-1 locusId=null displayAreaFeatureId=1 cameraCompatControlState=hidden}, remoteTransition = null, displayChange = null, flags = 0 }
06-16 01:36:42.709  3286  3342 D CompatibilityChangeReporter: Compat change id reported: 135634846; UID 10128; state: DISABLED
06-16 01:36:42.709  3286  3342 D CompatibilityChangeReporter: Compat change id reported: 177438394; UID 10128; state: DISABLED
06-16 01:36:42.709  3286  3342 D CompatibilityChangeReporter: Compat change id reported: 135772972; UID 10128; state: DISABLED
06-16 01:36:42.709  3286  3342 D CompatibilityChangeReporter: Compat change id reported: 135754954; UID 10128; state: ENABLED
06-16 01:36:42.710  3286  3350 D CompatibilityChangeReporter: Compat change id reported: 143937733; UID 10128; state: ENABLED
06-16 01:36:42.724  3286  3350 I ActivityManager: Start proc 2865:com.android.credentialmanager/u0a128 for next-top-activity {com.android.credentialmanager/com.android.credentialmanager.CredentialSelectorActivity}
06-16 01:36:42.758  3286  3304 D CompatibilityChangeReporter: Compat change id reported: 168419799; UID 10128; state: DISABLED
06-16 01:36:42.758  3286  3304 D CompatibilityChangeReporter: Compat change id reported: 273564678; UID 10128; state: DISABLED
06-16 01:36:42.770  3286  3304 D CompatibilityChangeReporter: Compat change id reported: 170503758; UID 10128; state: ENABLED
06-16 01:36:42.774  3286  3721 D CompatibilityChangeReporter: Compat change id reported: 265195908; UID 10128; state: ENABLED
06-16 01:36:42.801  3286  7151 I ActivityManager: Flag disabled. Ignoring finishAttachApplication from uid: 10128. pid: 2865
06-16 01:36:42.838  2865  2865 D ViewRootImpl: update {(0,0)(fillxfill) sim={forwardNavigation} ty=BASE_APPLICATION fmt=TRANSPARENT wanim=0x10302fe
06-16 01:36:42.838  2865  2865 D ViewRootImpl:   fl=LAYOUT_IN_SCREEN LAYOUT_INSET_DECOR SPLIT_TOUCH HARDWARE_ACCELERATED DRAWS_SYSTEM_BAR_BACKGROUNDS
06-16 01:36:42.838  2865  2865 D ViewRootImpl:   pfl=NO_MOVE_ANIMATION FORCE_DRAW_STATUS_BAR_BACKGROUND FIT_INSETS_CONTROLLED
06-16 01:36:42.838  2865  2865 D ViewRootImpl:   bhv=DEFAULT
06-16 01:36:42.838  2865  2865 D ViewRootImpl:   fitSides=} by setView
06-16 01:36:42.865  3286  3759 D ActivityManager: freezing 21361 com.google.android.cellbroadcastreceiver, reason = oom_cached
06-16 01:36:42.877  3286  7151 D CoreBackPreview: Window{bd1e0eb u0 com.android.credentialmanager/com.android.credentialmanager.CredentialSelectorActivity}: Setting back callback OnBackInvokedCallbackInfo{mCallback=android.window.IOnBackInvokedCallback$Stub$Proxy@2ba46f4, mPriority=0, mIsAnimationCallback=false}
06-16 01:36:42.992  3286  3343 I LaunchCheckinHandler: MotoDisplayed com.android.credentialmanager/.CredentialSelectorActivity,cp,ca,280
06-16 01:36:42.992  3286  3343 W ActivityTaskManager: activity boost didn't release as expected
06-16 01:36:42.998  4198  4238 V WindowManagerShell: onTransitionReady android.os.BinderProxy@358cfa6: {id=514 t=OPEN f=0x0 trk=0 r=[0@Point(0, 0)] c=[{null m=OPEN f=TRANSLUCENT|FILLS_TASK leash=Surface(name=ActivityRecord{17328da u0 com.android.credentialmanager/.CredentialSelectorActivity)/@0x15ae03d sb=Rect(0, 0 - 0, 0) eb=Rect(0, 0 - 1080, 2400) d=-1->0 r=-1->0:-1}]}
06-16 01:36:42.998  4198  4238 V WindowManagerShell: Playing animation for (#514)android.os.BinderProxy@358cfa6@0
06-16 01:36:42.998  4198  4238 V WindowManagerShell:  try handler com.android.wm.shell.transition.DefaultMixedHandler@a3fe38c
06-16 01:36:42.998  4198  4238 V WindowManagerShell:  try handler com.android.wm.shell.keyguard.KeyguardTransitionHandler@ed0bad5
06-16 01:36:42.998  4198  4238 V WindowManagerShell:  try handler com.android.wm.shell.activityembedding.ActivityEmbeddingController@d8aa2ea
06-16 01:36:42.998  4198  4238 V WindowManagerShell:  try handler com.android.wm.shell.recents.RecentsTransitionHandler@ca6d9db
06-16 01:36:42.998  4198  4238 V ShellRecents: RecentsTransitionHandler.startAnimation: no controller found
06-16 01:36:42.998  4198  4238 V WindowManagerShell:  try handler com.android.wm.shell.pip.PipTransition@3cdac78
06-16 01:36:42.998  4198  4238 V WindowManagerShell:  try handler com.android.wm.shell.splitscreen.StageCoordinator@5ef2f51
06-16 01:36:42.998  4198  4238 V WindowManagerShell:  try handler com.android.wm.shell.transition.RemoteTransitionHandler@e803b6
06-16 01:36:42.998  4198  4238 V WindowManagerShell: Transition doesn't have explicit remote, search filters for match for {id=514 t=OPEN f=0x0 trk=0 r=[0@Point(0, 0)] c=[{null m=OPEN f=TRANSLUCENT|FILLS_TASK leash=Surface(name=ActivityRecord{17328da u0 com.android.credentialmanager/.CredentialSelectorActivity)/@0x15ae03d sb=Rect(0, 0 - 0, 0) eb=Rect(0, 0 - 1080, 2400) d=-1->0 r=-1->0:-1}]}
06-16 01:36:42.998  4198  4238 V WindowManagerShell:  Checking filter Pair{{types=[] flags=0x0] notFlags=0x100 checks=[{atype=home independent=true modes=[OPEN,TO_FRONT] flags=NONE mustBeTask=false order=TOP topActivity=ComponentInfo{com.motorola.launcher3/com.android.launcher3.uioverrides.QuickstepLauncher}},{atype=standard independent=true modes=[CLOSE,TO_BACK] flags=NONE mustBeTask=false order=ANY topActivity=null}]} RemoteTransition { remoteTransition = android.window.IRemoteTransition$Stub$Proxy@6ec3e4f, appThread = android.app.IApplicationThread$Stub$Proxy@dacc9dc, debugName = QuickstepLaunchHome }}
06-16 01:36:42.998  4198  4238 V WindowManagerShell:  Delegate animation for #514 to null
06-16 01:36:42.998  4198  4238 V WindowManagerShell:  try handler com.android.wm.shell.transition.DefaultTransitionHandler@8af38b7
