05-25 10:36:40.992  3992 18536 V Avrcp_ext: updatePlayerStateAndPosition, old=PlaybackState {state=PLAYING(3), position=11, buffered position=0, speed=1.0, updated=1508390138, actions=7339703, custom actions=[], active item id=0, error=null}, state=PlaybackState {state=PLAYING(3), position=13, buffered position=0, speed=1.0, updated=1508390140, actions=7339703, custom actions=[], active item id=0, error=null}
05-25 10:36:40.992  3992 18536 V Avrcp_ext: old state = PlaybackState {state=PLAYING(3), position=11, buffered position=0, speed=1.0, updated=1508390138, actions=7339703, custom actions=[], active item id=0, error=null}, new state= PlaybackState {state=PLAYING(3), position=13, buffered position=0, speed=1.0, updated=1508390140, actions=7339703, custom actions=[], active item id=0, error=null}
05-25 10:36:40.992  3992 18536 D HeadsetService: getHeadsetService(): returning com.android.bluetooth.hfp.HeadsetService@9390a13
05-25 10:36:40.992  3992 18536 E HeadsetStateMachine: returning mCurrentState as Disconnected
05-25 10:36:40.992  3992 18536 E HeadsetStateMachine: returning mCurrentState as Disconnected
05-25 10:36:40.992  3992 18536 D HeadsetService:  isAudioOn: The number of audio connected devices 0
05-25 10:36:40.992  3992 18536 D HeadsetService: isScoOrCallActive(): Call Active:falseCall is Ringing:falseSCO is Active:false
05-25 10:36:40.992  3992 18536 E HeadsetStateMachine: returning mCurrentState as Disconnected
05-25 10:36:40.992  3992 18536 E HeadsetStateMachine: returning mCurrentState as Disconnected
05-25 10:36:40.992  3992 18536 D HeadsetService:  isAudioOn: The number of audio connected devices 0
05-25 10:36:40.992  3992 18536 V Avrcp_ext: isPlayStateTobeUpdated: device: null
05-25 10:36:40.992  3992 18536 V Avrcp_ext: Single connection exists
05-25 10:36:40.992  3992 18536 E HeadsetStateMachine: returning mCurrentState as Disconnected
05-25 10:36:40.992  3992 18536 E HeadsetStateMachine: returning mCurrentState as Disconnected
05-25 10:36:40.992  3992 18536 D HeadsetService:  isAudioOn: The number of audio connected devices 0
05-25 10:36:40.992  3992 18536 D HeadsetService: isScoOrCallActive(): Call Active:falseCall is Ringing:falseSCO is Active:false
05-25 10:36:40.992  3992 18536 E HeadsetStateMachine: returning mCurrentState as Disconnected
05-25 10:36:40.992  3992 18536 E HeadsetStateMachine: returning mCurrentState as Disconnected
05-25 10:36:40.992  3992 18536 D HeadsetService:  isAudioOn: The number of audio connected devices 0
05-25 10:36:40.992  3992 18536 V Avrcp_ext: isPlayStateTobeUpdated: device: null
05-25 10:36:40.992  3992 18536 V Avrcp_ext: Single connection exists
05-25 10:36:40.993  3992 18536 E HeadsetStateMachine: returning mCurrentState as Disconnected
05-25 10:36:40.993  3992 18536 E HeadsetStateMachine: returning mCurrentState as Disconnected
05-25 10:36:40.993  3992 18536 D HeadsetService:  isAudioOn: The number of audio connected devices 0
05-25 10:36:40.993  3992 18536 D HeadsetService: isScoOrCallActive(): Call Active:falseCall is Ringing:falseSCO is Active:false
05-25 10:36:40.993  3992 18536 E HeadsetStateMachine: returning mCurrentState as Disconnected
05-25 10:36:40.993  3992 18536 E HeadsetStateMachine: returning mCurrentState as Disconnected
05-25 10:36:40.993  3992 18536 D HeadsetService:  isAudioOn: The number of audio connected devices 0
05-25 10:36:40.993  3992 18536 V Avrcp_ext: isPlayStateTobeUpdated: device: null
05-25 10:36:40.993  3992 18536 V Avrcp_ext: Single connection exists
05-25 10:36:40.993  3992 18536 E HeadsetStateMachine: returning mCurrentState as Disconnected
05-25 10:36:40.993  3992 18536 E HeadsetStateMachine: returning mCurrentState as Disconnected
05-25 10:36:40.993  3992 18536 D HeadsetService:  isAudioOn: The number of audio connected devices 0
05-25 10:36:40.993  3992 18536 D HeadsetService: isScoOrCallActive(): Call Active:falseCall is Ringing:falseSCO is Active:false
05-25 10:36:40.993  3992 18536 E HeadsetStateMachine: returning mCurrentState as Disconnected
05-25 10:36:40.993  3992 18536 E HeadsetStateMachine: returning mCurrentState as Disconnected
05-25 10:36:40.993  3992 18536 D HeadsetService:  isAudioOn: The number of audio connected devices 0
05-25 10:36:40.993  3992 18536 V Avrcp_ext: isPlayStateTobeUpdated: device: null
05-25 10:36:40.993  3992 18536 V Avrcp_ext: Single connection exists
05-25 10:36:40.993  3992 18536 E HeadsetStateMachine: returning mCurrentState as Disconnected
05-25 10:36:40.993  3992 18536 E HeadsetStateMachine: returning mCurrentState as Disconnected
05-25 10:36:40.993  3992 18536 D HeadsetService:  isAudioOn: The number of audio connected devices 0
05-25 10:36:40.993  3992 18536 D HeadsetService: isScoOrCallActive(): Call Active:falseCall is Ringing:falseSCO is Active:false
05-25 10:36:40.993  3992 18536 E HeadsetStateMachine: returning mCurrentState as Disconnected
05-25 10:36:40.993  3992 18536 E HeadsetStateMachine: returning mCurrentState as Disconnected
05-25 10:36:40.993  3992 18536 D HeadsetService:  isAudioOn: The number of audio connected devices 0
05-25 10:36:40.993  3992 18536 V Avrcp_ext: isPlayStateTobeUpdated: device: null
05-25 10:36:40.993  3992 18536 V Avrcp_ext: Single connection exists
05-25 10:36:40.993  3992 18536 D Avrcp_ext: Enter sendPlayPosNotificationRsp
05-25 10:36:40.993  3992 18536 D Avrcp_ext: sendPlayPosNotificationRsp: Not registered or requesting.
05-25 10:36:40.993  3992 18536 D Avrcp_ext: Enter sendPlayPosNotificationRsp
05-25 10:36:40.993  3992 18536 D Avrcp_ext: sendPlayPosNotificationRsp: Not registered or requesting.
05-25 10:36:40.993  3992 18536 D Avrcp_ext: Enter sendPlayPosNotificationRsp
05-25 10:36:40.993  3992 18536 D Avrcp_ext: sendPlayPosNotificationRsp: Not registered or requesting.
05-25 10:36:40.993  3992 18536 D Avrcp_ext: Enter sendPlayPosNotificationRsp
05-25 10:36:40.993  3992 18536 D Avrcp_ext: sendPlayPosNotificationRsp: Not registered or requesting.
05-25 10:36:40.993  3992 18536 D Avrcp_ext: Enter sendPlayPosNotificationRsp
05-25 10:36:40.993  3992 18536 D Avrcp_ext: sendPlayPosNotificationRsp: Not registered or requesting.
05-25 10:36:40.993  3992 18536 V Avrcp_ext: Exit updatePlayerStateAndPosition
05-25 10:36:40.993  3992 18536 D APM: ActiveDeviceManagerServiceLegacy: getActiveAbsoluteDevice(): device: null
05-25 10:36:40.993  3992 18536 D APM: ActiveDeviceManagerServiceLegacy: isStableState(): true
05-25 10:36:40.993  3992 18536 D Avrcp_ext: isAdmStable = true activeAbsAddr = null device = null
05-25 10:36:40.993  3992 18536 V APM: MediaControlManager: onPlaybackStateChanged
05-25 10:36:40.993  3992 18536 W McpService: updatePlaybackState state PlaybackState {state=PLAYING(3), position=13, buffered position=0, speed=1.0, updated=1508390140, actions=7339703, custom actions=[], active item id=0, error=null}
05-25 10:36:40.993  3992 18536 W McpService: updatePlaybackState mState: 1 state: 1
05-25 10:36:40.993  3992 18536 W Avrcp_ext: updated player state = PlaybackState {state=PLAYING(3), position=13, buffered position=0, speed=1.0, updated=1508390140, actions=7339703, custom actions=[], active item id=0, error=null}to MCP module also
05-25 10:36:41.066  7361  7422 W cr_media: BLUETOOTH_CONNECT permission is missing.
05-25 10:36:41.067  7361  7422 W cr_media: getBluetoothAdapter() requires BLUETOOTH permission
05-25 10:36:41.067  7361  7422 W cr_media: registerBluetoothIntentsIfNeeded: Requires BLUETOOTH permission
05-25 10:36:41.068  3077  3457 D CompatibilityChangeReporter: Compat change id reported: 161145287; UID 10520; state: ENABLED
05-25 10:36:41.074  7361  7548 D vulkan  : searching for layers in '/data/app/~~VzB25zBeAAZ_NzkqrWn1zA==/com.deepeye.musicpro.debug-AECKF_1pIMI5NRg5bbVh7w==/lib/arm64'
05-25 10:36:41.074  7361  7548 D vulkan  : searching for layers in '/data/app/~~VzB25zBeAAZ_NzkqrWn1zA==/com.deepeye.musicpro.debug-AECKF_1pIMI5NRg5bbVh7w==/base.apk!/lib/arm64-v8a'
05-25 10:36:41.076  7406  7438 I cr_LibraryLoader: Successfully loaded native library
05-25 10:36:41.077  7406  7438 I cr_CachingUmaRecorder: Flushed 2 samples from 2 histograms, 0 samples were dropped.
05-25 10:36:41.077  7406  7438 W chromium: [WARNING:content/app/android/content_main_android.cc:82] android_setCpu already initialized
05-25 10:36:41.084  7361  7361 D CompatibilityChangeReporter: Compat change id reported: 193247900; UID 10520; state: ENABLED
05-25 10:36:41.084  7361  7548 I AdrenoVK-0: ===== BEGIN DUMP OF OVERRIDDEN SETTINGS =====
05-25 10:36:41.084  7361  7548 I AdrenoVK-0: ===== END DUMP OF OVERRIDDEN SETTINGS =====
05-25 10:36:41.087  7361  7548 I AdrenoVK-0: QUALCOMM build          : dad4038ba6, If56d4a5bb8
05-25 10:36:41.087  7361  7548 I AdrenoVK-0: Build Date              : 07/28/23
05-25 10:36:41.087  7361  7548 I AdrenoVK-0: Shader Compiler Version : EV031.36.08.24
05-25 10:36:41.087  7361  7548 I AdrenoVK-0: Local Branch            : 
05-25 10:36:41.087  7361  7548 I AdrenoVK-0: Remote Branch           : refs/tags/AU_LINUX_ANDROID_LA.VENDOR.1.0.11.00.00.766.892
05-25 10:36:41.087  7361  7548 I AdrenoVK-0: Remote Branch           : NONE
05-25 10:36:41.087  7361  7548 I AdrenoVK-0: Reconstruct Branch      : NOTHING
05-25 10:36:41.087  7361  7548 I AdrenoVK-0: Build Config            : S P 12.1.1 AArch64
05-25 10:36:41.087  7361  7548 I AdrenoVK-0: Driver Path             : /vendor/lib64/hw/vulkan.adreno.so
05-25 10:36:41.087  7361  7548 I AdrenoVK-0: Driver Version          : 0615.74
05-25 10:36:41.087  7361  7548 I AdrenoVK-0: PFP                     : 0x01730158
05-25 10:36:41.087  7361  7548 I AdrenoVK-0: ME                      : 0x00000000
05-25 10:36:41.087  7361  7548 I AdrenoVK-0: Application Name    : 
05-25 10:36:41.087  7361  7548 I AdrenoVK-0: Application Version : 0x00000001
05-25 10:36:41.087  7361  7548 I AdrenoVK-0: Engine Name         : 
05-25 10:36:41.087  7361  7548 I AdrenoVK-0: Engine Version      : 0x00000001
05-25 10:36:41.087  7361  7548 I AdrenoVK-0: Api Version         : 0x00403000
05-25 10:36:41.096  7406  7438 W chromium: [WARNING:content/child/runtime_features.cc:540] Fenced frames cannot be enabled in this configuration. Use --enable-features=FencedFrames instead.
05-25 10:36:41.096  7406  7438 W chromium: [WARNING:content/child/runtime_features.cc:565] Topics cannot be enabled in this configuration. Use --enable-features=BrowsingTopics in addition.
05-25 10:36:41.096  7406  7438 W chromium: [WARNING:content/child/runtime_features.cc:586] SharedStorage cannot be enabled in this configuration. Use --enable-features=SharedStorageAPI in addition.
05-25 10:36:41.120  4774  4990 I FontLog : (REDACTED) Received query %s, URI %s
05-25 10:36:41.120  4774  4990 I FontLog : (REDACTED) Query [%s] resolved to %s
05-25 10:36:41.120  4774  4990 I FontLog : (REDACTED) Font PFD returned from cache for %s
05-25 10:36:41.121  4774  4990 I FontLog : (REDACTED) Fetch %s end status %s
05-25 10:36:41.122  4774  4990 I FontLog : (REDACTED) Pulling font file for id = %d, cache size = %d
05-25 10:36:41.125  4774  4990 I FontLog : (REDACTED) Received query %s, URI %s
05-25 10:36:41.126  4774  4990 I FontLog : (REDACTED) Query [%s] resolved to %s
05-25 10:36:41.128  4774  4990 I FontLog : (REDACTED) Fetch %s end status %s
05-25 10:36:41.135  4774  4990 I FontLog : (REDACTED) Pulling font file for id = %d, cache size = %d
05-25 10:36:41.143  4774  4990 I FontLog : (REDACTED) Received query %s, URI %s
05-25 10:36:41.143  4774  4990 I FontLog : (REDACTED) Query [%s] resolved to %s
05-25 10:36:41.144  4774  4990 I FontLog : (REDACTED) Font PFD returned from cache for %s
05-25 10:36:41.144  4774  4990 I FontLog : (REDACTED) Fetch %s end status %s
05-25 10:36:41.147  4774  4990 I FontLog : (REDACTED) Pulling font file for id = %d, cache size = %d
05-25 10:36:41.152  4774  4990 I FontLog : (REDACTED) Received query %s, URI %s
05-25 10:36:41.152  4774  4990 I FontLog : (REDACTED) Query [%s] resolved to %s
05-25 10:36:41.153  4774  4990 I FontLog : (REDACTED) Font PFD returned from cache for %s
05-25 10:36:41.153  4774  4990 I FontLog : (REDACTED) Fetch %s end status %s
05-25 10:36:41.154  4774  4990 I FontLog : (REDACTED) Pulling font file for id = %d, cache size = %d
05-25 10:36:41.157  4774  4990 I FontLog : (REDACTED) Received query %s, URI %s
05-25 10:36:41.157  4774  4990 I FontLog : (REDACTED) Query [%s] resolved to %s
05-25 10:36:41.158  4774  4990 I FontLog : (REDACTED) Font PFD returned from cache for %s
05-25 10:36:41.158  4774  4990 I FontLog : (REDACTED) Fetch %s end status %s
05-25 10:36:41.160  4774  4990 I FontLog : (REDACTED) Pulling font file for id = %d, cache size = %d
05-25 10:36:41.187  3992 18536 V Avrcp_ext: onPlaybackStateChanged: state PlaybackState {state=PLAYING(3), position=0, buffered position=0, speed=1.0, updated=1508390334, actions=7339703, custom actions=[], active item id=0, error=null}
05-25 10:36:41.187  3992 18536 V APM: MediaControlManager: onPlaybackStateChanged
05-25 10:36:41.187  3992 18536 W McpService: updatePlaybackState state PlaybackState {state=PLAYING(3), position=0, buffered position=0, speed=1.0, updated=1508390334, actions=7339703, custom actions=[], active item id=0, error=null}
05-25 10:36:41.187  3992 18536 W McpService: updatePlaybackState mState: 1 state: 1
05-25 10:36:41.189  3992 18536 V Avrcp_ext: updateCurrentMediaState: mMediaController: MediaController (com.deepeye.musicpro.debug@54d02ce) Chaand Baaliyan – Aditya A. | Trending Song | Official Video, Sony Music India, null
05-25 10:36:41.189  3992 18536 W Avrcp_ext: isMusicActive: false getBluetoothPlayState: 1 A2dp State: 11 mAudioPlaybackIsActive: false
05-25 10:36:41.190  3992 18536 D Avrcp_ext: isMusicActive = false mAudioPlaybackIsActive = false player state = PlaybackState {state=PLAYING(3), position=1, buffered position=0, speed=1.0, updated=1508390337, actions=7339703, custom actions=[], active item id=0, error=null}
05-25 10:36:41.190  3992 18536 D Avrcp_ext: overwrite album_artist :if album is blank
05-25 10:36:41.191  3992 18536 V Avrcp_ext: Media update: id 0➡0? [MediaAttributes: C⋯o -  by S⋯a (0 0/0) - ] : [MediaAttributes: C⋯o -  by S⋯a (0 0/0) - ]
05-25 10:36:41.191  3992 18536 D Avrcp_ext: isPackageNameValid: browsedPackage = com.deepeye.musicpro.debugisValid = true
05-25 10:36:41.191  3992 18536 V Avrcp_ext: isBrowseSupported for com.deepeye.musicpro.debug: false
05-25 10:36:41.191  3992 18536 W Avrcp_ext: updateCurrentMediaState: isInactivePlayer = false
05-25 10:36:41.191  3992 18536 V Avrcp_ext: updatePlaybackState, state: PlaybackState {state=PLAYING(3), position=1, buffered position=0, speed=1.0, updated=1508390337, actions=7339703, custom actions=[], active item id=0, error=null} device: null
05-25 10:36:41.191  3992 18536 V Avrcp_ext: Device: no name: 
05-25 10:36:41.191  3992 18536 V Avrcp_ext: Device: no name: 
05-25 10:36:41.191  3992 18536 V Avrcp_ext: Device: no name: 
05-25 10:36:41.191  3992 18536 V Avrcp_ext: Device: no name: 
05-25 10:36:41.191  3992 18536 V Avrcp_ext: Device: no name: 
05-25 10:36:41.191  3992 18536 V Avrcp_ext: updatePlayerStateAndPosition, old=PlaybackState {state=PLAYING(3), position=13, buffered position=0, speed=1.0, updated=1508390140, actions=7339703, custom actions=[], active item id=0, error=null}, state=PlaybackState {state=PLAYING(3), position=1, buffered position=0, speed=1.0, updated=1508390337, actions=7339703, custom actions=[], active item id=0, error=null}
05-25 10:36:41.192  3992 18536 V Avrcp_ext: old state = PlaybackState {state=PLAYING(3), position=13, buffered position=0, speed=1.0, updated=1508390140, actions=7339703, custom actions=[], active item id=0, error=null}, new state= PlaybackState {state=PLAYING(3), position=1, buffered position=0, speed=1.0, updated=1508390337, actions=7339703, custom actions=[], active item id=0, error=null}
05-25 10:36:41.192  3992 18536 D HeadsetService: getHeadsetService(): returning com.android.bluetooth.hfp.HeadsetService@9390a13
05-25 10:36:41.192  3992 18536 E HeadsetStateMachine: returning mCurrentState as Disconnected
05-25 10:36:41.192  3992 18536 E HeadsetStateMachine: returning mCurrentState as Disconnected
05-25 10:36:41.192  3992 18536 D HeadsetService:  isAudioOn: The number of audio connected devices 0
05-25 10:36:41.192  3992 18536 D HeadsetService: isScoOrCallActive(): Call Active:falseCall is Ringing:falseSCO is Active:false
05-25 10:36:41.192  3992 18536 E HeadsetStateMachine: returning mCurrentState as Disconnected
05-25 10:36:41.192  3992 18536 E HeadsetStateMachine: returning mCurrentState as Disconnected
05-25 10:36:41.192  3992 18536 D HeadsetService:  isAudioOn: The number of audio connected devices 0
05-25 10:36:41.192  3992 18536 V Avrcp_ext: isPlayStateTobeUpdated: device: null
05-25 10:36:41.192  3992 18536 V Avrcp_ext: Single connection exists
05-25 10:36:41.192  3992 18536 E HeadsetStateMachine: returning mCurrentState as Disconnected
05-25 10:36:41.192  3992 18536 E HeadsetStateMachine: returning mCurrentState as Disconnected
05-25 10:36:41.192  3992 18536 D HeadsetService:  isAudioOn: The number of audio connected devices 0
05-25 10:36:41.192  3992 18536 D HeadsetService: isScoOrCallActive(): Call Active:falseCall is Ringing:falseSCO is Active:false
05-25 10:36:41.192  3992 18536 E HeadsetStateMachine: returning mCurrentState as Disconnected
05-25 10:36:41.192  3992 18536 E HeadsetStateMachine: returning mCurrentState as Disconnected
05-25 10:36:41.192  3992 18536 D HeadsetService:  isAudioOn: The number of audio connected devices 0
05-25 10:36:41.192  3992 18536 V Avrcp_ext: isPlayStateTobeUpdated: device: null
05-25 10:36:41.192  3992 18536 V Avrcp_ext: Single connection exists
05-25 10:36:41.193  3992 18536 E HeadsetStateMachine: returning mCurrentState as Disconnected
05-25 10:36:41.193  3992 18536 E HeadsetStateMachine: returning mCurrentState as Disconnected
05-25 10:36:41.193  3992 18536 D HeadsetService:  isAudioOn: The number of audio connected devices 0
05-25 10:36:41.193  3992 18536 D HeadsetService: isScoOrCallActive(): Call Active:falseCall is Ringing:falseSCO is Active:false
05-25 10:36:41.193  3992 18536 E HeadsetStateMachine: returning mCurrentState as Disconnected
05-25 10:36:41.193  3992 18536 E HeadsetStateMachine: returning mCurrentState as Disconnected
05-25 10:36:41.193  3992 18536 D HeadsetService:  isAudioOn: The number of audio connected devices 0
05-25 10:36:41.193  3992 18536 V Avrcp_ext: isPlayStateTobeUpdated: device: null
05-25 10:36:41.193  3992 18536 V Avrcp_ext: Single connection exists
05-25 10:36:41.193  3992 18536 E HeadsetStateMachine: returning mCurrentState as Disconnected
05-25 10:36:41.193  3992 18536 E HeadsetStateMachine: returning mCurrentState as Disconnected
05-25 10:36:41.193  3992 18536 D HeadsetService:  isAudioOn: The number of audio connected devices 0
05-25 10:36:41.193  3992 18536 D HeadsetService: isScoOrCallActive(): Call Active:falseCall is Ringing:falseSCO is Active:false
05-25 10:36:41.193  3992 18536 E HeadsetStateMachine: returning mCurrentState as Disconnected
05-25 10:36:41.193  3992 18536 E HeadsetStateMachine: returning mCurrentState as Disconnected
05-25 10:36:41.193  3992 18536 D HeadsetService:  isAudioOn: The number of audio connected devices 0
05-25 10:36:41.193  3992 18536 V Avrcp_ext: isPlayStateTobeUpdated: device: null
05-25 10:36:41.193  3992 18536 V Avrcp_ext: Single connection exists
05-25 10:36:41.193  3992 18536 E HeadsetStateMachine: returning mCurrentState as Disconnected
05-25 10:36:41.193  3992 18536 E HeadsetStateMachine: returning mCurrentState as Disconnected
05-25 10:36:41.193  3992 18536 D HeadsetService:  isAudioOn: The number of audio connected devices 0
05-25 10:36:41.193  3992 18536 D HeadsetService: isScoOrCallActive(): Call Active:falseCall is Ringing:falseSCO is Active:false
05-25 10:36:41.193  3992 18536 E HeadsetStateMachine: returning mCurrentState as Disconnected
05-25 10:36:41.193  3992 18536 E HeadsetStateMachine: returning mCurrentState as Disconnected
05-25 10:36:41.193  3992 18536 D HeadsetService:  isAudioOn: The number of audio connected devices 0
05-25 10:36:41.193  3992 18536 V Avrcp_ext: isPlayStateTobeUpdated: device: null
05-25 10:36:41.193  3992 18536 V Avrcp_ext: Single connection exists
05-25 10:36:41.193  3992 18536 D Avrcp_ext: Enter sendPlayPosNotificationRsp
05-25 10:36:41.193  3992 18536 D Avrcp_ext: sendPlayPosNotificationRsp: Not registered or requesting.
05-25 10:36:41.193  3992 18536 D Avrcp_ext: Enter sendPlayPosNotificationRsp
05-25 10:36:41.193  3992 18536 D Avrcp_ext: sendPlayPosNotificationRsp: Not registered or requesting.
05-25 10:36:41.193  3992 18536 D Avrcp_ext: Enter sendPlayPosNotificationRsp
05-25 10:36:41.193  3992 18536 D Avrcp_ext: sendPlayPosNotificationRsp: Not registered or requesting.
05-25 10:36:41.193  3992 18536 D Avrcp_ext: Enter sendPlayPosNotificationRsp
05-25 10:36:41.193  3992 18536 D Avrcp_ext: sendPlayPosNotificationRsp: Not registered or requesting.
05-25 10:36:41.193  3992 18536 D Avrcp_ext: Enter sendPlayPosNotificationRsp
05-25 10:36:41.193  3992 18536 D Avrcp_ext: sendPlayPosNotificationRsp: Not registered or requesting.
05-25 10:36:41.193  3992 18536 V Avrcp_ext: Exit updatePlayerStateAndPosition
05-25 10:36:41.193  3992 18536 D APM: ActiveDeviceManagerServiceLegacy: getActiveAbsoluteDevice(): device: null
05-25 10:36:41.193  3992 18536 D APM: ActiveDeviceManagerServiceLegacy: isStableState(): true
05-25 10:36:41.193  3992 18536 D Avrcp_ext: isAdmStable = true activeAbsAddr = null device = null
05-25 10:36:41.193  3992 18536 V APM: MediaControlManager: onPlaybackStateChanged
05-25 10:36:41.193  3992 18536 W McpService: updatePlaybackState state PlaybackState {state=PLAYING(3), position=1, buffered position=0, speed=1.0, updated=1508390337, actions=7339703, custom actions=[], active item id=0, error=null}
05-25 10:36:41.193  3992 18536 W McpService: updatePlaybackState mState: 1 state: 1
05-25 10:36:41.193  3992 18536 W Avrcp_ext: updated player state = PlaybackState {state=PLAYING(3), position=1, buffered position=0, speed=1.0, updated=1508390337, actions=7339703, custom actions=[], active item id=0, error=null}to MCP module also
05-25 10:36:41.193  3992 18536 V Avrcp_ext:  Exit onPlaybackStateChanged
05-25 10:36:41.193  3992 18536 V Avrcp_ext: onPlaybackStateChanged: state PlaybackState {state=PLAYING(3), position=0, buffered position=0, speed=1.0, updated=1508390335, actions=7339703, custom actions=[], active item id=0, error=null}
05-25 10:36:41.193  3992 18536 V APM: MediaControlManager: onPlaybackStateChanged
05-25 10:36:41.193  3992 18536 W McpService: updatePlaybackState state PlaybackState {state=PLAYING(3), position=0, buffered position=0, speed=1.0, updated=1508390335, actions=7339703, custom actions=[], active item id=0, error=null}
05-25 10:36:41.193  3992 18536 W McpService: updatePlaybackState mState: 1 state: 1
05-25 10:36:41.194  3992 18536 V Avrcp_ext: updateCurrentMediaState: mMediaController: MediaController (com.deepeye.musicpro.debug@54d02ce) Chaand Baaliyan – Aditya A. | Trending Song | Official Video, Sony Music India, null
05-25 10:36:41.194  3992 18536 W Avrcp_ext: isMusicActive: false getBluetoothPlayState: 1 A2dp State: 11 mAudioPlaybackIsActive: false
05-25 10:36:41.194  3992 18536 D Avrcp_ext: isMusicActive = false mAudioPlaybackIsActive = false player state = PlaybackState {state=PLAYING(3), position=6, buffered position=0, speed=1.0, updated=1508390342, actions=7339703, custom actions=[], active item id=0, error=null}
05-25 10:36:41.194  3992 18536 D Avrcp_ext: overwrite album_artist :if album is blank
05-25 10:36:41.195  3992 18536 V Avrcp_ext: Media update: id 0➡0? [MediaAttributes: C⋯o -  by S⋯a (0 0/0) - ] : [MediaAttributes: C⋯o -  by S⋯a (0 0/0) - ]
05-25 10:36:41.195  3992 18536 D Avrcp_ext: isPackageNameValid: browsedPackage = com.deepeye.musicpro.debugisValid = true
05-25 10:36:41.195  3992 18536 V Avrcp_ext: isBrowseSupported for com.deepeye.musicpro.debug: false
05-25 10:36:41.195  3992 18536 W Avrcp_ext: updateCurrentMediaState: isInactivePlayer = false
05-25 10:36:41.195  3992 18536 V Avrcp_ext: updatePlaybackState, state: PlaybackState {state=PLAYING(3), position=6, buffered position=0, speed=1.0, updated=1508390342, actions=7339703, custom actions=[], active item id=0, error=null} device: null
05-25 10:36:41.195  3992 18536 V Avrcp_ext: Device: no name: 
05-25 10:36:41.195  3992 18536 V Avrcp_ext: Device: no name: 
05-25 10:36:41.195  3992 18536 V Avrcp_ext: Device: no name: 
05-25 10:36:41.195  3992 18536 V Avrcp_ext: Device: no name: 
05-25 10:36:41.195  3992 18536 V Avrcp_ext: Device: no name: 
05-25 10:36:41.195  3992 18536 V Avrcp_ext: updatePlayerStateAndPosition, old=PlaybackState {state=PLAYING(3), position=1, buffered position=0, speed=1.0, updated=1508390337, actions=7339703, custom actions=[], active item id=0, error=null}, state=PlaybackState {state=PLAYING(3), position=6, buffered position=0, speed=1.0, updated=1508390342, actions=7339703, custom actions=[], active item id=0, error=null}
05-25 10:36:41.195  3992 18536 V Avrcp_ext: old state = PlaybackState {state=PLAYING(3), position=1, buffered position=0, speed=1.0, updated=1508390337, actions=7339703, custom actions=[], active item id=0, error=null}, new state= PlaybackState {state=PLAYING(3), position=6, buffered position=0, speed=1.0, updated=1508390342, actions=7339703, custom actions=[], active item id=0, error=null}
05-25 10:36:41.195  3992 18536 D HeadsetService: getHeadsetService(): returning com.android.bluetooth.hfp.HeadsetService@9390a13
05-25 10:36:41.195  3992 18536 E HeadsetStateMachine: returning mCurrentState as Disconnected
05-25 10:36:41.195  3992 18536 E HeadsetStateMachine: returning mCurrentState as Disconnected
05-25 10:36:41.195  3992 18536 D HeadsetService:  isAudioOn: The number of audio connected devices 0
05-25 10:36:41.195  3992 18536 D HeadsetService: isScoOrCallActive(): Call Active:falseCall is Ringing:falseSCO is Active:false
05-25 10:36:41.195  3992 18536 E HeadsetStateMachine: returning mCurrentState as Disconnected
05-25 10:36:41.195  3992 18536 E HeadsetStateMachine: returning mCurrentState as Disconnected
05-25 10:36:41.195  3992 18536 D HeadsetService:  isAudioOn: The number of audio connected devices 0
05-25 10:36:41.195  3992 18536 V Avrcp_ext: isPlayStateTobeUpdated: device: null
05-25 10:36:41.195  3992 18536 V Avrcp_ext: Single connection exists
05-25 10:36:41.195  3992 18536 E HeadsetStateMachine: returning mCurrentState as Disconnected
05-25 10:36:41.195  3992 18536 E HeadsetStateMachine: returning mCurrentState as Disconnected
05-25 10:36:41.195  3992 18536 D HeadsetService:  isAudioOn: The number of audio connected devices 0
05-25 10:36:41.195  3992 18536 D HeadsetService: isScoOrCallActive(): Call Active:falseCall is Ringing:falseSCO is Active:false
05-25 10:36:41.195  3992 18536 E HeadsetStateMachine: returning mCurrentState as Disconnected
05-25 10:36:41.195  3992 18536 E HeadsetStateMachine: returning mCurrentState as Disconnected
05-25 10:36:41.195  3992 18536 D HeadsetService:  isAudioOn: The number of audio connected devices 0
05-25 10:36:41.195  3992 18536 V Avrcp_ext: isPlayStateTobeUpdated: device: null
05-25 10:36:41.195  3992 18536 V Avrcp_ext: Single connection exists
05-25 10:36:41.195  3992 18536 E HeadsetStateMachine: returning mCurrentState as Disconnected
05-25 10:36:41.195  3992 18536 E HeadsetStateMachine: returning mCurrentState as Disconnected
05-25 10:36:41.195  3992 18536 D HeadsetService:  isAudioOn: The number of audio connected devices 0
05-25 10:36:41.195  3992 18536 D HeadsetService: isScoOrCallActive(): Call Active:falseCall is Ringing:falseSCO is Active:false
05-25 10:36:41.195  3992 18536 E HeadsetStateMachine: returning mCurrentState as Disconnected
05-25 10:36:41.195  3992 18536 E HeadsetStateMachine: returning mCurrentState as Disconnected
05-25 10:36:41.195  3992 18536 D HeadsetService:  isAudioOn: The number of audio connected devices 0
05-25 10:36:41.195  3992 18536 V Avrcp_ext: isPlayStateTobeUpdated: device: null
05-25 10:36:41.195  3992 18536 V Avrcp_ext: Single connection exists
05-25 10:36:41.195  3992 18536 E HeadsetStateMachine: returning mCurrentState as Disconnected
05-25 10:36:41.195  3992 18536 E HeadsetStateMachine: returning mCurrentState as Disconnected
05-25 10:36:41.195  7361  7361 E HybridPlayerCard: LaunchedEffect: controlsVisible=true, isPlaying=true, interactionCount=0
05-25 10:36:41.195  3992 18536 D HeadsetService:  isAudioOn: The number of audio connected devices 0
05-25 10:36:41.195  3992 18536 D HeadsetService: isScoOrCallActive(): Call Active:falseCall is Ringing:falseSCO is Active:false
05-25 10:36:41.195  3992 18536 E HeadsetStateMachine: returning mCurrentState as Disconnected
05-25 10:36:41.195  3992 18536 E HeadsetStateMachine: returning mCurrentState as Disconnected
05-25 10:36:41.195  3992 18536 D HeadsetService:  isAudioOn: The number of audio connected devices 0
05-25 10:36:41.195  3992 18536 V Avrcp_ext: isPlayStateTobeUpdated: device: null
05-25 10:36:41.195  3992 18536 V Avrcp_ext: Single connection exists
05-25 10:36:41.195  3992 18536 E HeadsetStateMachine: returning mCurrentState as Disconnected
05-25 10:36:41.195  3992 18536 E HeadsetStateMachine: returning mCurrentState as Disconnected
05-25 10:36:41.195  3992 18536 D HeadsetService:  isAudioOn: The number of audio connected devices 0
05-25 10:36:41.195  3992 18536 D HeadsetService: isScoOrCallActive(): Call Active:falseCall is Ringing:falseSCO is Active:false
05-25 10:36:41.195  3992 18536 E HeadsetStateMachine: returning mCurrentState as Disconnected
05-25 10:36:41.195  3992 18536 E HeadsetStateMachine: returning mCurrentState as Disconnected
05-25 10:36:41.195  3992 18536 D HeadsetService:  isAudioOn: The number of audio connected devices 0
05-25 10:36:41.195  3992 18536 V Avrcp_ext: isPlayStateTobeUpdated: device: null
05-25 10:36:41.195  3992 18536 V Avrcp_ext: Single connection exists
05-25 10:36:41.195  3992 18536 D Avrcp_ext: Enter sendPlayPosNotificationRsp
05-25 10:36:41.195  3992 18536 D Avrcp_ext: sendPlayPosNotificationRsp: Not registered or requesting.
05-25 10:36:41.195  3992 18536 D Avrcp_ext: Enter sendPlayPosNotificationRsp
05-25 10:36:41.195  3992 18536 D Avrcp_ext: sendPlayPosNotificationRsp: Not registered or requesting.
05-25 10:36:41.195  3992 18536 D Avrcp_ext: Enter sendPlayPosNotificationRsp
05-25 10:36:41.195  3992 18536 D Avrcp_ext: sendPlayPosNotificationRsp: Not registered or requesting.
05-25 10:36:41.195  3992 18536 D Avrcp_ext: Enter sendPlayPosNotificationRsp
05-25 10:36:41.195  3992 18536 D Avrcp_ext: sendPlayPosNotificationRsp: Not registered or requesting.
05-25 10:36:41.195  3992 18536 D Avrcp_ext: Enter sendPlayPosNotificationRsp
05-25 10:36:41.195  3992 18536 D Avrcp_ext: sendPlayPosNotificationRsp: Not registered or requesting.
05-25 10:36:41.195  3992 18536 V Avrcp_ext: Exit updatePlayerStateAndPosition
05-25 10:36:41.195  3992 18536 D APM: ActiveDeviceManagerServiceLegacy: getActiveAbsoluteDevice(): device: null
05-25 10:36:41.195  3992 18536 D APM: ActiveDeviceManagerServiceLegacy: isStableState(): true
05-25 10:36:41.195  3992 18536 D Avrcp_ext: isAdmStable = true activeAbsAddr = null device = null
05-25 10:36:41.195  3992 18536 V APM: MediaControlManager: onPlaybackStateChanged
05-25 10:36:41.195  3992 18536 W McpService: updatePlaybackState state PlaybackState {state=PLAYING(3), position=6, buffered position=0, speed=1.0, updated=1508390342, actions=7339703, custom actions=[], active item id=0, error=null}
05-25 10:36:41.195  3992 18536 W McpService: updatePlaybackState mState: 1 state: 1
05-25 10:36:41.195  3992 18536 W Avrcp_ext: updated player state = PlaybackState {state=PLAYING(3), position=6, buffered position=0, speed=1.0, updated=1508390342, actions=7339703, custom actions=[], active item id=0, error=null}to MCP module also
05-25 10:36:41.195  3992 18536 V Avrcp_ext:  Exit onPlaybackStateChanged
05-25 10:36:41.195  3992 18536 V Avrcp_ext: onPlaybackStateChanged: state PlaybackState {state=PLAYING(3), position=0, buffered position=0, speed=1.0, updated=1508390336, actions=7339703, custom actions=[], active item id=0, error=null}
05-25 10:36:41.195  3992 18536 V APM: MediaControlManager: onPlaybackStateChanged
05-25 10:36:41.195  3992 18536 W McpService: updatePlaybackState state PlaybackState {state=PLAYING(3), position=0, buffered position=0, speed=1.0, updated=1508390336, actions=7339703, custom actions=[], active item id=0, error=null}
05-25 10:36:41.195  3992 18536 W McpService: updatePlaybackState mState: 1 state: 1
05-25 10:36:41.196  7361  7361 E YouTubeVideoPlayer: LaunchedEffect triggered - videoId: 7c3-Gei5j4w, isPlaying: true, muteWebViewAudio: false
05-25 10:36:41.196  3992 18536 V Avrcp_ext: updateCurrentMediaState: mMediaController: MediaController (com.deepeye.musicpro.debug@54d02ce) Chaand Baaliyan – Aditya A. | Trending Song | Official Video, Sony Music India, null
05-25 10:36:41.196  3992 18536 W Avrcp_ext: isMusicActive: false getBluetoothPlayState: 1 A2dp State: 11 mAudioPlaybackIsActive: false
05-25 10:36:41.196  3992 18536 D Avrcp_ext: isMusicActive = false mAudioPlaybackIsActive = false player state = PlaybackState {state=PLAYING(3), position=8, buffered position=0, speed=1.0, updated=1508390344, actions=7339703, custom actions=[], active item id=0, error=null}
05-25 10:36:41.196  3992 18536 D Avrcp_ext: overwrite album_artist :if album is blank
05-25 10:36:41.197  3992 18536 V Avrcp_ext: Media update: id 0➡0? [MediaAttributes: C⋯o -  by S⋯a (0 0/0) - ] : [MediaAttributes: C⋯o -  by S⋯a (0 0/0) - ]
05-25 10:36:41.197  3992 18536 D Avrcp_ext: isPackageNameValid: browsedPackage = com.deepeye.musicpro.debugisValid = true
05-25 10:36:41.197  3992 18536 V Avrcp_ext: isBrowseSupported for com.deepeye.musicpro.debug: false
05-25 10:36:41.197  3992 18536 W Avrcp_ext: updateCurrentMediaState: isInactivePlayer = false
05-25 10:36:41.197  3992 18536 V Avrcp_ext: updatePlaybackState, state: PlaybackState {state=PLAYING(3), position=8, buffered position=0, speed=1.0, updated=1508390344, actions=7339703, custom actions=[], active item id=0, error=null} device: null
05-25 10:36:41.197  3992 18536 V Avrcp_ext: Device: no name: 
05-25 10:36:41.197  3992 18536 V Avrcp_ext: Device: no name: 
05-25 10:36:41.197  3992 18536 V Avrcp_ext: Device: no name: 
05-25 10:36:41.197  3992 18536 V Avrcp_ext: Device: no name: 
05-25 10:36:41.197  3992 18536 V Avrcp_ext: Device: no name: 
05-25 10:36:41.197  3992 18536 V Avrcp_ext: updatePlayerStateAndPosition, old=PlaybackState {state=PLAYING(3), position=6, buffered position=0, speed=1.0, updated=1508390342, actions=7339703, custom actions=[], active item id=0, error=null}, state=PlaybackState {state=PLAYING(3), position=8, buffered position=0, speed=1.0, updated=1508390344, actions=7339703, custom actions=[], active item id=0, error=null}
05-25 10:36:41.197  3992 18536 V Avrcp_ext: old state = PlaybackState {state=PLAYING(3), position=6, buffered position=0, speed=1.0, updated=1508390342, actions=7339703, custom actions=[], active item id=0, error=null}, new state= PlaybackState {state=PLAYING(3), position=8, buffered position=0, speed=1.0, updated=1508390344, actions=7339703, custom actions=[], active item id=0, error=null}
05-25 10:36:41.197  3992 18536 D HeadsetService: getHeadsetService(): returning com.android.bluetooth.hfp.HeadsetService@9390a13
05-25 10:36:41.197  3992 18536 E HeadsetStateMachine: returning mCurrentState as Disconnected
05-25 10:36:41.197  3992 18536 E HeadsetStateMachine: returning mCurrentState as Disconnected
05-25 10:36:41.197  3992 18536 D HeadsetService:  isAudioOn: The number of audio connected devices 0
05-25 10:36:41.197  3992 18536 D HeadsetService: isScoOrCallActive(): Call Active:falseCall is Ringing:falseSCO is Active:false
05-25 10:36:41.197  3992 18536 E HeadsetStateMachine: returning mCurrentState as Disconnected
05-25 10:36:41.197  3992 18536 E HeadsetStateMachine: returning mCurrentState as Disconnected
05-25 10:36:41.197  3992 18536 D HeadsetService:  isAudioOn: The number of audio connected devices 0
05-25 10:36:41.197  3992 18536 V Avrcp_ext: isPlayStateTobeUpdated: device: null
05-25 10:36:41.197  3992 18536 V Avrcp_ext: Single connection exists
05-25 10:36:41.197  3992 18536 E HeadsetStateMachine: returning mCurrentState as Disconnected
05-25 10:36:41.197  3992 18536 E HeadsetStateMachine: returning mCurrentState as Disconnected
05-25 10:36:41.197  3992 18536 D HeadsetService:  isAudioOn: The number of audio connected devices 0
05-25 10:36:41.197  3992 18536 D HeadsetService: isScoOrCallActive(): Call Active:falseCall is Ringing:falseSCO is Active:false
05-25 10:36:41.197  3992 18536 E HeadsetStateMachine: returning mCurrentState as Disconnected
05-25 10:36:41.197  3992 18536 E HeadsetStateMachine: returning mCurrentState as Disconnected
05-25 10:36:41.197  3992 18536 D HeadsetService:  isAudioOn: The number of audio connected devices 0
05-25 10:36:41.197  3992 18536 V Avrcp_ext: isPlayStateTobeUpdated: device: null
05-25 10:36:41.197  3992 18536 V Avrcp_ext: Single connection exists
05-25 10:36:41.197  3992 18536 E HeadsetStateMachine: returning mCurrentState as Disconnected
05-25 10:36:41.197  3992 18536 E HeadsetStateMachine: returning mCurrentState as Disconnected
05-25 10:36:41.197  3992 18536 D HeadsetService:  isAudioOn: The number of audio connected devices 0
05-25 10:36:41.197  3992 18536 D HeadsetService: isScoOrCallActive(): Call Active:falseCall is Ringing:falseSCO is Active:false
05-25 10:36:41.197  3992 18536 E HeadsetStateMachine: returning mCurrentState as Disconnected
05-25 10:36:41.197  3992 18536 E HeadsetStateMachine: returning mCurrentState as Disconnected
05-25 10:36:41.197  3992 18536 D HeadsetService:  isAudioOn: The number of audio connected devices 0
05-25 10:36:41.197  3992 18536 V Avrcp_ext: isPlayStateTobeUpdated: device: null
05-25 10:36:41.197  3992 18536 V Avrcp_ext: Single connection exists
05-25 10:36:41.197  3992 18536 E HeadsetStateMachine: returning mCurrentState as Disconnected
05-25 10:36:41.197  3992 18536 E HeadsetStateMachine: returning mCurrentState as Disconnected
05-25 10:36:41.197  3992 18536 D HeadsetService:  isAudioOn: The number of audio connected devices 0
05-25 10:36:41.197  3992 18536 D HeadsetService: isScoOrCallActive(): Call Active:falseCall is Ringing:falseSCO is Active:false
05-25 10:36:41.197  3992 18536 E HeadsetStateMachine: returning mCurrentState as Disconnected
05-25 10:36:41.197  3992 18536 E HeadsetStateMachine: returning mCurrentState as Disconnected
05-25 10:36:41.197  3992 18536 D HeadsetService:  isAudioOn: The number of audio connected devices 0
05-25 10:36:41.197  3992 18536 V Avrcp_ext: isPlayStateTobeUpdated: device: null
05-25 10:36:41.197  3992 18536 V Avrcp_ext: Single connection exists
05-25 10:36:41.197  3992 18536 E HeadsetStateMachine: returning mCurrentState as Disconnected
05-25 10:36:41.197  3992 18536 E HeadsetStateMachine: returning mCurrentState as Disconnected
05-25 10:36:41.197  3992 18536 D HeadsetService:  isAudioOn: The number of audio connected devices 0
05-25 10:36:41.197  3992 18536 D HeadsetService: isScoOrCallActive(): Call Active:falseCall is Ringing:falseSCO is Active:false
05-25 10:36:41.197  3992 18536 E HeadsetStateMachine: returning mCurrentState as Disconnected
05-25 10:36:41.197  3992 18536 E HeadsetStateMachine: returning mCurrentState as Disconnected
05-25 10:36:41.197  3992 18536 D HeadsetService:  isAudioOn: The number of audio connected devices 0
05-25 10:36:41.197  3992 18536 V Avrcp_ext: isPlayStateTobeUpdated: device: null
05-25 10:36:41.197  3992 18536 V Avrcp_ext: Single connection exists
05-25 10:36:41.197  3992 18536 D Avrcp_ext: Enter sendPlayPosNotificationRsp
05-25 10:36:41.197  3992 18536 D Avrcp_ext: sendPlayPosNotificationRsp: Not registered or requesting.
05-25 10:36:41.197  3992 18536 D Avrcp_ext: Enter sendPlayPosNotificationRsp
05-25 10:36:41.197  3992 18536 D Avrcp_ext: sendPlayPosNotificationRsp: Not registered or requesting.
05-25 10:36:41.197  3992 18536 D Avrcp_ext: Enter sendPlayPosNotificationRsp
05-25 10:36:41.197  3992 18536 D Avrcp_ext: sendPlayPosNotificationRsp: Not registered or requesting.
05-25 10:36:41.197  3992 18536 D Avrcp_ext: Enter sendPlayPosNotificationRsp
05-25 10:36:41.197  3992 18536 D Avrcp_ext: sendPlayPosNotificationRsp: Not registered or requesting.
05-25 10:36:41.197  3992 18536 D Avrcp_ext: Enter sendPlayPosNotificationRsp
05-25 10:36:41.197  3992 18536 D Avrcp_ext: sendPlayPosNotificationRsp: Not registered or requesting.
05-25 10:36:41.197  3992 18536 V Avrcp_ext: Exit updatePlayerStateAndPosition
05-25 10:36:41.197  3992 18536 D APM: ActiveDeviceManagerServiceLegacy: getActiveAbsoluteDevice(): device: null
05-25 10:36:41.197  3992 18536 D APM: ActiveDeviceManagerServiceLegacy: isStableState(): true
05-25 10:36:41.197  3992 18536 D Avrcp_ext: isAdmStable = true activeAbsAddr = null device = null
05-25 10:36:41.197  3992 18536 V APM: MediaControlManager: onPlaybackStateChanged
05-25 10:36:41.197  3992 18536 W McpService: updatePlaybackState state PlaybackState {state=PLAYING(3), position=8, buffered position=0, speed=1.0, updated=1508390344, actions=7339703, custom actions=[], active item id=0, error=null}
05-25 10:36:41.197  3992 18536 W McpService: updatePlaybackState mState: 1 state: 1
05-25 10:36:41.197  3992 18536 W Avrcp_ext: updated player state = PlaybackState {state=PLAYING(3), position=8, buffered position=0, speed=1.0, updated=1508390344, actions=7339703, custom actions=[], active item id=0, error=null}to MCP module also
05-25 10:36:41.197  3992 18536 V Avrcp_ext:  Exit onPlaybackStateChanged
05-25 10:36:41.251  7361  7433 W VideoCapabilities: Unsupported mime image/vnd.android.heic
05-25 10:36:41.251  7361  7433 W VideoCapabilities: Unsupported mime image/vnd.android.heic
05-25 10:36:41.387  7361  7457 D CompatibilityChangeReporter: Compat change id reported: 289878283; UID 10520; state: ENABLED
05-25 10:36:41.698  7268  7274 W facebook.system: userfaultfd: MOVE ioctl seems unsupported: Connection timed out
05-25 10:36:41.744  3077  3729 D WifiStaIfaceHidlImpl: getCachedScanData is not implemented by HIDL
05-25 10:36:41.749  3077  3077 D EnhancedConnectivityController: Wifi onCapabilitiesChanged
05-25 10:36:41.749  3077  3077 D EnhancedConnectivityController: Default net onCapabilitiesChanged
05-25 10:36:41.749  3077  3077 D EnhancedConnectivityController: updateDefaultNet:882
05-25 10:36:41.749  3077  3077 D EnhancedConnectivityController: mayUpdateNotification: shouldShow=false,UidsBlocked=false, net info=net:882,ifName=wlan0,securityType=2,isDefault=true,ssid="Airtel_Siddhanth's wifi",notificationId=0
05-25 10:36:41.752  4019  4769 D QCNEJ/NativeHalConnector: -> SND notifyDefaultNetworkChanged(1)
05-25 10:36:41.752  6458  7001 I ModemStats: [DataStallDetectService] onCapabilitiesChanged networkCapabilities=[ Transports: WIFI Capabilities: NOT_METERED&INTERNET&NOT_RESTRICTED&TRUSTED&NOT_VPN&VALIDATED&NOT_ROAMING&FOREGROUND&NOT_CONGESTED&NOT_SUSPENDED&NOT_VCN_MANAGED LinkUpBandwidth>=12321Kbps LinkDnBandwidth>=15606Kbps TransportInfo: <SSID: <unknown ssid>, BSSID: 02:00:00:00:00:00, MAC: 02:00:00:00:00:00, IP: /192.168.1.9, Security type: 2, Supplicant state: COMPLETED, Wi-Fi standard: 11n, RSSI: -49, Link speed: 108Mbps, Tx Link speed: 108Mbps, Max Supported Tx Link speed: 300Mbps, Rx Link speed: 54Mbps, Max Supported Rx Link speed: 300Mbps, Frequency: 2412MHz, Net ID: -1, Metered hint: false, score: 100, isUsable: true, CarrierMerged: false, SubscriptionId: -1, IsPrimary: -1, Trusted: true, Restricted: false, Ephemeral: false, OEM paid: false, OEM private: false, OSU AP: false, FQDN: <none>, Provider friendly name: <none>, Requesting package name: <none><none>MLO Information: , Is TID-To-Link negotiation supported by the AP: false, AP MLD Address: <none>, AP MLO Link Id: <none>, AP MLO Affiliated links: <none>, Vendor Data: <none>> SignalStrength: -49 UnderlyingNetworks: Null]
05-25 10:36:41.752  6458  7001 I ModemStats: [DataStallDetectService] onCapabilitiesChanged NET_CAPABILITY_VALIDATED=true
05-25 10:36:41.752  6458  7001 I ModemStats: [DataStallDetectService] onCapabilitiesChanged mDataStallManager.mDataStallInstance=null
05-25 10:36:41.753  6458  7001 I ModemStats: [DataStallDetectService] onCapabilitiesChanged mDataStallSmart5gManager.mDataStallInstance=null
05-25 10:36:41.755  3077  3729 I HalDevMgr: bestIfaceCreationProposal is null, requestIface=STA, existingIface=[name=ap_br_wlan2 type=AP_BRIDGE, name=wlan0 type=STA]
05-25 10:36:41.768  4774  6215 I NullBinder: NullBinder for android.net.action.RECOMMEND_NETWORKS triggering remote TransactionTooLargeException due to Service without Chimera impl, calling uid: 1000, calling pid: 0
05-25 10:36:41.768  4774  6215 W Binder  : reply too large data on java level: InterfaceDescriptor = null, code = 1
05-25 10:36:41.768  4774  6215 W .gms.persistent: Large reply transaction of 1056768 bytes, interface descriptor , code 1
05-25 10:36:41.771 32264 32440 I ThermalEngine: ACTION: freeze_rule - Setting freeze_rule to 0
05-25 10:36:41.771 32264 32440 I ThermalEngine: Monitor:INACTIVE:FREEZE-CHG:freeze_rule=1:DETECT-STANDBY=0
05-25 10:36:41.771 32264 32439 I ThermalEngine: Thermal-Server: Thermal received msg from  freezing
05-25 10:36:41.771 32264  7581 I Thermal-Lib: Thermal-Lib-Client: Client request sent
05-25 10:36:41.772 32264 32440 I ThermalEngine: ACTION: override_c - Setting override_c to 0
05-25 10:36:41.772 32264 32440 I ThermalEngine: Monitor:INACTIVE:OVERRIDE-CHG:internal_override=1:DETECT-STANDBY=0
05-25 10:36:41.772 32264 32439 I ThermalEngine: Thermal-Server: Thermal received msg from  override_c
05-25 10:36:41.773 32264  7582 I Thermal-Lib: Thermal-Lib-Client: Client request sent
05-25 10:36:41.773 32264 32440 I ThermalEngine: Monitor:ACTIVE:MON-MSM-charge:battery=5:CHG-SENSORS=44933
05-25 10:36:42.196  4049 30671 I QImsService: VtDataUsageProvider : onSetAlert:2097152
05-25 10:36:42.197  4049  4049 I QImsService: ImsServiceClassTracker : updateAlertQuota:newQuota=2097152,Remaining=2097152
05-25 10:36:42.253  3077  3457 I AppsFilter: interaction: PackageSetting{436e2b0 com.deepeye.musicpro.debug/10520} -> PackageSetting{d30d21f com.motorola.motosignature.app/10134} BLOCKED
05-25 10:36:42.260  4774 25575 I NearbySharing: Network state changed: NetworkState(isRestricted=false, isOnline=true, isCongested=false, isMetered=false, isWifiConnected=true)
05-25 10:36:42.299  1753  1753 I sensors-hal: batch:206, android.sensor.game_rotation_vector/151, period=16666000, max_latency=0
05-25 10:36:42.299  1753  1753 I sensors-hal: set_config:57, sample_period_ns is adjusted to 16666000 based on min/max delay_ns
05-25 10:36:42.299  1753  1753 I sensors-hal: batch:215, android.sensor.game_rotation_vector/151, period=16666000, max_latency=0 request completed
05-25 10:36:42.299  1753  1753 I sensors-hal: activate:173, android.sensor.game_rotation_vector/151 en=1
05-25 10:36:42.300  1753  1753 I sensors-hal: get_qmi_debug_flag:239, support_qmi_debug : false
05-25 10:36:42.301  1748  1925 E minksocket: MinkIPC_QRTR_Service: client with node 1 port 7a19 went down
05-25 10:36:42.302  1748  1925 E minksocket: MinkIPC_QRTR_Service: client with node 1 port 7a1a went down
05-25 10:36:42.302  1748  1925 E minksocket: MinkIPC_QRTR_Service: client with node 1 port 7a1b went down
05-25 10:36:42.303  1753  1753 E Diag_Lib: diag: Diag_LSM_Init: invoked for pid: 1753 with init_count: 0
05-25 10:36:42.303  1753  1753 E Diag_Lib: diag:failed to connect to diag socket
05-25 10:36:42.303  1748  1925 E minksocket: MinkIPC_QRTR_Service: client with node 1 port 7a1c went down
05-25 10:36:42.303  1753  1753 E Diag_Lib:  Diag_LSM_Init: Failed to open handle to diag driver, error = 13
05-25 10:36:42.303  1753  1753 I sensors-hal: send_sync_sensor_request:341, send sync request
05-25 10:36:42.303  1753  1753 I sensors-hal: send_sync_sensor_request:367, wait for notification of response
05-25 10:36:42.306  1753  7592 I sensors-hal: ssc_conn_resp_cb:632, resp_value = 0
05-25 10:36:42.306  1753  1753 I sensors-hal: send_sync_sensor_request:373, takes 2 ms to receive the response with 0
05-25 10:36:42.306  1753  1753 I sensors-hal: activate:184, android.sensor.game_rotation_vector/151 en=1 completed
05-25 10:36:42.341  7361  7361 I PlayCore: UID: [10520]  PID: [7361] StandardIntegrity : warmUpIntegrityToken(868618676952)
05-25 10:36:42.342  7361  7594 I PlayCore: UID: [10520]  PID: [7361] StandardIntegrity : Initiate binding to the service.
05-25 10:36:42.351  7361  7361 I PlayCore: UID: [10520]  PID: [7361] StandardIntegrity : ServiceConnectionImpl.onServiceConnected(ComponentInfo{com.android.vending/com.google.android.finsky.expressintegrityservice.ExpressIntegrityService})
05-25 10:36:42.351  7361  7594 I PlayCore: UID: [10520]  PID: [7361] StandardIntegrity : linkToDeath
05-25 10:36:42.369  3077  5756 I RemoteProvisionSysSvc: getRegistration(android.hardware.security.keymint.IRemotelyProvisionedComponent/default)
05-25 10:36:42.370  3077  3077 I RegistrationProxy: onServiceConnected: com.android.rkpdapp.service.RemoteProvisioningService
05-25 10:36:42.373  3077  5756 I RegistrationProxy: IGetRegistrationCallback.onSuccess
05-25 10:36:42.375  3077  5756 E RemoteProvisionSysSvc: RKP not allowed. Key 10207 for client 122446360
05-25 10:36:42.376  1354 15121 E keystore2: system/security/keystore2/src/rkpd_client.rs:172 - IGetKeyCallback failed: Device doesnot support RKP
05-25 10:36:42.376  1354 22017 W keystore2: system/security/keystore2/src/remote_provisioning.rs:102 - Error occurred: system/security/keystore2/src/rkpd_client.rs:187: GetKeyCallback failed: r#ERROR_UNKNOWN "Device doesnot support RKP"
05-25 10:36:42.376  1354 22017 W keystore2: 
05-25 10:36:42.376  1354 22017 W keystore2: Caused by:
05-25 10:36:42.376  1354 22017 W keystore2:     Error::Rc(r#OUT_OF_KEYS_TRANSIENT_ERROR)
