--------- beginning of system
06-16 01:14:55.637  3286  3339 V WindowManager: Sent Transition #499 createdAt=06-16 01:14:55.596 via request=TransitionRequestInfo { type = 2, triggerTask = TaskInfo{userId=0 taskId=7091 displayId=0 isRunning=false baseIntent=Intent { act=android.intent.action.VIEW dat=content://com.deepeye.musicpro.provider/... typ=application/vnd.android.package-archive flg=0x10800001 cmp=com.google.android.packageinstaller/com.android.packageinstaller.InstallStart } baseActivity=null topActivity=null origActivity=null realActivity=ComponentInfo{com.google.android.packageinstaller/com.android.packageinstaller.InstallStart} numActivities=0 lastActiveTime=46331505 supportsMultiWindow=true supportsGlobalFreeform=true resizeMode=1 isResizeable=true isAppLocked=false canKillAndRestart=true isShowDecorCaptionWindowRequest=false minWidth=-1 minHeight=-1 defaultMinSize=200 token=WCT{RemoteToken{ecea5a2 Task{f77edb #7091 type=standard A=10115:com.google.android.packageinstaller}}} topActivityType=1 pictureInPictureParams=null shouldDockBigOverlays=false launchIntoPipHostTaskId=-1 lastParentTaskIdBeforePip=-1 displayCutoutSafeInsets=Rect(0, 90 - 0, 0) topActivityInfo=null launchCookies=[] positionInParent=Point(0, 0) parentTaskId=-1 isFocused=true isVisible=true isVisibleRequested=true isSleeping=false topActivityInSizeCompat=false topActivityEligibleForLetterboxEducation= false topActivityLetterboxed= false isFromDoubleTap= false topActivityLetterboxVerticalPosition= -1 topActivityLetterboxHorizontalPosition= -1 topActivityLetterboxWidth=-1 topActivityLetterboxHeight=-1 locusId=null displayAreaFeatureId=1 cameraCompatControlState=hidden}, remoteTransition = null, displayChange = null, flags = 0 }
06-16 01:14:55.637  3286  3339 V WindowManager:     startWCT=WindowContainerTransaction { changes = {} hops = [] errorCallbackToken=null taskFragmentOrganizer=null }
06-16 01:14:55.638  3286  3339 V WindowManager:     info={id=499 t=CLOSE f=0x0 trk=1 r=[0@Point(0, 0)] c=[{WCT{RemoteToken{ecea5a2 Task{f77edb #7091 type=standard A=10115:com.google.android.packageinstaller}}} m=CLOSE f=TRANSLUCENT pTaskId=-1 leash=Surface(name=Task=7091)/@0xda987d8 sb=Rect(0, 0 - 1080, 2400) eb=Rect(0, 0 - 1080, 2400) d=0}]}
06-16 01:14:55.638  4198  4238 V WindowManagerShell: onTransitionReady android.os.BinderProxy@ac1dd9f: {id=499 t=CLOSE f=0x0 trk=1 r=[0@Point(0, 0)] c=[{WCT{android.window.IWindowContainerToken$Stub$Proxy@df0b4bb} m=CLOSE f=TRANSLUCENT pTaskId=-1 leash=Surface(name=Task=7091)/@0x94fa2b5 sb=Rect(0, 0 - 1080, 2400) eb=Rect(0, 0 - 1080, 2400) d=0}]}
06-16 01:14:55.638  4198  4238 V WindowManagerShell: Playing animation for (#499)android.os.BinderProxy@ac1dd9f@1
06-16 01:14:55.638  4198  4238 V WindowManagerShell:  try handler com.android.wm.shell.transition.DefaultMixedHandler@a3fe38c
06-16 01:14:55.638  4198  4238 V WindowManagerShell:  try handler com.android.wm.shell.keyguard.KeyguardTransitionHandler@ed0bad5
06-16 01:14:55.638  4198  4238 V WindowManagerShell:  try handler com.android.wm.shell.activityembedding.ActivityEmbeddingController@d8aa2ea
06-16 01:14:55.638  4198  4238 V WindowManagerShell:  try handler com.android.wm.shell.recents.RecentsTransitionHandler@ca6d9db
06-16 01:14:55.638  4198  4238 V ShellRecents: RecentsTransitionHandler.startAnimation: no controller found
06-16 01:14:55.638  4198  4238 V WindowManagerShell:  try handler com.android.wm.shell.pip.PipTransition@3cdac78
06-16 01:14:55.638  4198  4238 V WindowManagerShell:  try handler com.android.wm.shell.splitscreen.StageCoordinator@5ef2f51
06-16 01:14:55.639  4198  4238 V WindowManagerShell:  try handler com.android.wm.shell.transition.RemoteTransitionHandler@e803b6
06-16 01:14:55.639  4198  4238 V WindowManagerShell: Transition doesn't have explicit remote, search filters for match for {id=499 t=CLOSE f=0x0 trk=1 r=[0@Point(0, 0)] c=[{WCT{android.window.IWindowContainerToken$Stub$Proxy@df0b4bb} m=CLOSE f=TRANSLUCENT pTaskId=-1 leash=Surface(name=Task=7091)/@0x94fa2b5 sb=Rect(0, 0 - 1080, 2400) eb=Rect(0, 0 - 1080, 2400) d=0}]}
06-16 01:14:55.639  4198  4238 V WindowManagerShell:  Checking filter Pair{{types=[] flags=0x0] notFlags=0x100 checks=[{atype=home independent=true modes=[OPEN,TO_FRONT] flags=NONE mustBeTask=false order=TOP topActivity=ComponentInfo{com.motorola.launcher3/com.android.launcher3.uioverrides.QuickstepLauncher}},{atype=standard independent=true modes=[CLOSE,TO_BACK] flags=NONE mustBeTask=false order=ANY topActivity=null}]} RemoteTransition { remoteTransition = android.window.IRemoteTransition$Stub$Proxy@6ec3e4f, appThread = android.app.IApplicationThread$Stub$Proxy@dacc9dc, debugName = QuickstepLaunchHome }}
06-16 01:14:55.639  4198  4238 V WindowManagerShell:  Delegate animation for #499 to null
06-16 01:14:55.639  4198  4238 V WindowManagerShell:  try handler com.android.wm.shell.transition.DefaultTransitionHandler@8af38b7
06-16 01:14:55.639  4198  4238 V WindowManagerShell: start default transition animation, info = {id=499 t=CLOSE f=0x0 trk=1 r=[0@Point(0, 0)] c=[{WCT{android.window.IWindowContainerToken$Stub$Proxy@df0b4bb} m=CLOSE f=TRANSLUCENT pTaskId=-1 leash=Surface(name=Task=7091)/@0x94fa2b5 sb=Rect(0, 0 - 1080, 2400) eb=Rect(0, 0 - 1080, 2400) d=0}]}
06-16 01:14:55.644  4198  4238 V WindowManagerShell: loadAnimation: anim=android.view.animation.AnimationSet@5753f84 animAttr=0x7 type=CLOSE isEntrance=false
06-16 01:14:55.645  3286  7392 D PowerManagerService: nativeReleaseSuspendBlocker name:PowerManagerService.WakeLocks duration ms: 0
06-16 01:14:55.648  3286  3342 I ActivityManager: Killing 15986:com.google.android.apps.photos/u0a290 (adj 999, setSvc -10000): empty #31
06-16 01:14:55.654  4198  4238 V WindowManagerShell:  animated by com.android.wm.shell.transition.DefaultTransitionHandler@8af38b7
06-16 01:14:55.663  3286  7392 D CoreBackPreview: Window{cd194c9 u0 com.google.android.packageinstaller/com.android.packageinstaller.InstallFailed EXITING}: Setting back callback null
06-16 01:14:55.666  3286  7203 W PackageConfigPersister: App-specific configuration not found for packageName: com.deepeye.musicpro and userId: 0
06-16 01:14:55.669  3286  5295 D CoreBackPreview: Window{9e33f20 u0 com.google.android.packageinstaller/com.android.packageinstaller.DeleteStagedFileOnResult}: Setting back callback null
06-16 01:14:55.743  3286  7392 I ActivityManager: appDiedLocked: app=ProcessRecord{18dd630 15986:com.google.android.apps.photos/u0a290} thread=android.os.BinderProxy@fb950a7 fromBinderDied=true isKilledByAm=true reason=null
06-16 01:14:55.746  3286  7392 D RestartModeController: markWaitRestartAppIsSuicided null processName=com.google.android.apps.photos
06-16 01:14:55.747  3286  7392 D ActivityTaskManager: handleAppDied: uid=10290,diedCount=1,lastDiedTime=40122338,forceStopUids=false
06-16 01:14:55.747  3286  3340 D DisplayManagerService: Drop pending events for gone uid 10290
06-16 01:14:55.910  4198  4238 V WindowManagerShell: Transition animation finished (aborted=false), notifying core (#499)android.os.BinderProxy@ac1dd9f@1
06-16 01:14:55.913  3286  3339 V WindowManager: Finish Transition #499: created at 06-16 01:14:55.596 collect-started=0.145ms request-sent=0.273ms started=15.648ms ready=24.746ms sent=39.698ms finished=316.188ms
06-16 01:14:55.929  4198  4238 V WindowManagerShell: Track 1 became idle
06-16 01:14:55.929  4198  4238 V WindowManagerShell: All active transition animations finished
06-16 01:15:00.004  3286  3767 D PowerManagerService: nativeAcquireSuspendBlocker name:PowerManagerService.WakeLocks duration ms: 2
06-16 01:15:00.005  3286  3286 D PowerManagerService: nativeReleaseSuspendBlocker name:PowerManagerService.WakeLocks duration ms: 0
06-16 01:15:00.174  1352 21850 I keystore2: system/security/keystore2/src/watchdog.rs:319 - Watchdog thread idle -> terminating. Have a great day.
06-16 01:15:05.689  3286  5292 W ProcessStats: Tracking association SourceState{7a405c7 com.google.android.gms.persistent/10192 BTop #101360} whose proc state 2 is better than process ProcessState{94479f4 com.google.android.adservices.api/10357 pkg=com.google.android.adservices.api} proc state 13 (21 skipped)
06-16 01:15:08.797  3286  3759 D ActivityManager: freezing 21892 udc.lenovo.com.udclient, reason = oom_cached
06-16 01:15:13.033  3286  3767 D PowerManagerService: nativeAcquireSuspendBlocker name:PowerManagerService.WakeLocks duration ms: 1
06-16 01:15:13.043  3286  3286 D PowerManagerService: nativeReleaseSuspendBlocker name:PowerManagerService.WakeLocks duration ms: 0
06-16 01:15:13.050  3286  7392 D PowerManagerService: nativeAcquireSuspendBlocker name:PowerManagerService.WakeLocks duration ms: 1
06-16 01:15:13.230  3286  5292 D PowerManagerService: nativeReleaseSuspendBlocker name:PowerManagerService.WakeLocks duration ms: 0
06-16 01:15:13.232  3286  5292 D PowerManagerService: nativeAcquireSuspendBlocker name:PowerManagerService.WakeLocks duration ms: 2
06-16 01:15:13.243  3286  7394 D PowerManagerService: nativeReleaseSuspendBlocker name:PowerManagerService.WakeLocks duration ms: 0
06-16 01:15:13.246  3286  7394 D PowerManagerService: nativeAcquireSuspendBlocker name:PowerManagerService.WakeLocks duration ms: 1
06-16 01:15:13.251  3286  7392 D PowerManagerService: nativeReleaseSuspendBlocker name:PowerManagerService.WakeLocks duration ms: 0
06-16 01:15:15.840  3286  7392 D PowerManagerService: nativeAcquireSuspendBlocker name:PowerManagerService.WakeLocks duration ms: 1
06-16 01:15:15.905  3286  7394 W ContextImpl: Calling a method in the system process without a qualified user: android.app.ContextImpl.sendBroadcastMultiplePermissions:1281 android.content.Context.sendBroadcastMultiplePermissions:2476 com.android.server.TelephonyRegistry.broadcastServiceStateChanged:3597 com.android.server.TelephonyRegistry.notifyServiceStateForPhoneId:1734 com.android.internal.telephony.ITelephonyRegistry$Stub.onTransact:550 
06-16 01:15:15.907  3286  7394 W ContextImpl: Calling a method in the system process without a qualified user: android.app.ContextImpl.sendBroadcastMultiplePermissions:1314 com.android.server.TelephonyRegistry.broadcastServiceStateChanged:3602 com.android.server.TelephonyRegistry.notifyServiceStateForPhoneId:1734 com.android.internal.telephony.ITelephonyRegistry$Stub.onTransact:550 android.os.Binder.execTransactInternal:1380 
06-16 01:15:15.908  3286  7394 W ContextImpl: Calling a method in the system process without a qualified user: android.app.ContextImpl.sendBroadcastMultiplePermissions:1314 com.android.server.TelephonyRegistry.broadcastServiceStateChanged:3611 com.android.server.TelephonyRegistry.notifyServiceStateForPhoneId:1734 com.android.internal.telephony.ITelephonyRegistry$Stub.onTransact:550 android.os.Binder.execTransactInternal:1380 
06-16 01:15:15.909  3286  7394 W ContextImpl: Calling a method in the system process without a qualified user: android.app.ContextImpl.sendBroadcastMultiplePermissions:1314 com.android.server.TelephonyRegistry.broadcastServiceStateChanged:3617 com.android.server.TelephonyRegistry.notifyServiceStateForPhoneId:1734 com.android.internal.telephony.ITelephonyRegistry$Stub.onTransact:550 android.os.Binder.execTransactInternal:1380 
06-16 01:15:15.910  3286  3349 D ActivityManager: unfreezing ProcessRecord{9b6f275 21361:com.google.android.cellbroadcastreceiver/u0a367}, reason = unfreezeTemporarily, adj = 920, adjType = cch-empty, adjSource = null
06-16 01:15:15.911  3286  3349 D ActivityManager: sync unfroze 21361 com.google.android.cellbroadcastreceiver for 3
06-16 01:15:15.960  3286  7392 W ContextImpl: Calling a method in the system process without a qualified user: android.app.ContextImpl.sendBroadcastMultiplePermissions:1281 android.content.Context.sendBroadcastMultiplePermissions:2476 com.android.server.TelephonyRegistry.broadcastServiceStateChanged:3597 com.android.server.TelephonyRegistry.notifyServiceStateForPhoneId:1734 com.android.internal.telephony.ITelephonyRegistry$Stub.onTransact:550 
06-16 01:15:15.962  3286  7392 W ContextImpl: Calling a method in the system process without a qualified user: android.app.ContextImpl.sendBroadcastMultiplePermissions:1314 com.android.server.TelephonyRegistry.broadcastServiceStateChanged:3602 com.android.server.TelephonyRegistry.notifyServiceStateForPhoneId:1734 com.android.internal.telephony.ITelephonyRegistry$Stub.onTransact:550 android.os.Binder.execTransactInternal:1380 
06-16 01:15:15.963  3286  7392 W ContextImpl: Calling a method in the system process without a qualified user: android.app.ContextImpl.sendBroadcastMultiplePermissions:1314 com.android.server.TelephonyRegistry.broadcastServiceStateChanged:3611 com.android.server.TelephonyRegistry.notifyServiceStateForPhoneId:1734 com.android.internal.telephony.ITelephonyRegistry$Stub.onTransact:550 android.os.Binder.execTransactInternal:1380 
06-16 01:15:15.964  3286  7392 W ContextImpl: Calling a method in the system process without a qualified user: android.app.ContextImpl.sendBroadcastMultiplePermissions:1314 com.android.server.TelephonyRegistry.broadcastServiceStateChanged:3617 com.android.server.TelephonyRegistry.notifyServiceStateForPhoneId:1734 com.android.internal.telephony.ITelephonyRegistry$Stub.onTransact:550 android.os.Binder.execTransactInternal:1380 
06-16 01:15:16.097  3286  7394 D PowerManagerService: nativeReleaseSuspendBlocker name:PowerManagerService.WakeLocks duration ms: 0
06-16 01:15:16.650  3286  7394 D PowerManagerService: nativeAcquireSuspendBlocker name:PowerManagerService.WakeLocks duration ms: 1
06-16 01:15:16.677  3286  7394 W ContextImpl: Calling a method in the system process without a qualified user: android.app.ContextImpl.sendBroadcastMultiplePermissions:1281 android.content.Context.sendBroadcastMultiplePermissions:2476 com.android.server.TelephonyRegistry.broadcastServiceStateChanged:3597 com.android.server.TelephonyRegistry.notifyServiceStateForPhoneId:1734 com.android.internal.telephony.ITelephonyRegistry$Stub.onTransact:550 
06-16 01:15:16.678  3286  7394 W ContextImpl: Calling a method in the system process without a qualified user: android.app.ContextImpl.sendBroadcastMultiplePermissions:1314 com.android.server.TelephonyRegistry.broadcastServiceStateChanged:3602 com.android.server.TelephonyRegistry.notifyServiceStateForPhoneId:1734 com.android.internal.telephony.ITelephonyRegistry$Stub.onTransact:550 android.os.Binder.execTransactInternal:1380 
06-16 01:15:16.679  3286  7394 W ContextImpl: Calling a method in the system process without a qualified user: android.app.ContextImpl.sendBroadcastMultiplePermissions:1314 com.android.server.TelephonyRegistry.broadcastServiceStateChanged:3611 com.android.server.TelephonyRegistry.notifyServiceStateForPhoneId:1734 com.android.internal.telephony.ITelephonyRegistry$Stub.onTransact:550 android.os.Binder.execTransactInternal:1380 
06-16 01:15:16.680  3286  7394 W ContextImpl: Calling a method in the system process without a qualified user: android.app.ContextImpl.sendBroadcastMultiplePermissions:1314 com.android.server.TelephonyRegistry.broadcastServiceStateChanged:3617 com.android.server.TelephonyRegistry.notifyServiceStateForPhoneId:1734 com.android.internal.telephony.ITelephonyRegistry$Stub.onTransact:550 android.os.Binder.execTransactInternal:1380 
06-16 01:15:16.756  3286  5295 W ContextImpl: Calling a method in the system process without a qualified user: android.app.ContextImpl.sendBroadcastMultiplePermissions:1281 android.content.Context.sendBroadcastMultiplePermissions:2476 com.android.server.TelephonyRegistry.broadcastServiceStateChanged:3597 com.android.server.TelephonyRegistry.notifyServiceStateForPhoneId:1734 com.android.internal.telephony.ITelephonyRegistry$Stub.onTransact:550 
06-16 01:15:16.756  3286  5295 W ContextImpl: Calling a method in the system process without a qualified user: android.app.ContextImpl.sendBroadcastMultiplePermissions:1314 com.android.server.TelephonyRegistry.broadcastServiceStateChanged:3602 com.android.server.TelephonyRegistry.notifyServiceStateForPhoneId:1734 com.android.internal.telephony.ITelephonyRegistry$Stub.onTransact:550 android.os.Binder.execTransactInternal:1380 
06-16 01:15:16.757  3286  5295 W ContextImpl: Calling a method in the system process without a qualified user: android.app.ContextImpl.sendBroadcastMultiplePermissions:1314 com.android.server.TelephonyRegistry.broadcastServiceStateChanged:3611 com.android.server.TelephonyRegistry.notifyServiceStateForPhoneId:1734 com.android.internal.telephony.ITelephonyRegistry$Stub.onTransact:550 android.os.Binder.execTransactInternal:1380 
06-16 01:15:16.759  3286  5295 W ContextImpl: Calling a method in the system process without a qualified user: android.app.ContextImpl.sendBroadcastMultiplePermissions:1314 com.android.server.TelephonyRegistry.broadcastServiceStateChanged:3617 com.android.server.TelephonyRegistry.notifyServiceStateForPhoneId:1734 com.android.internal.telephony.ITelephonyRegistry$Stub.onTransact:550 android.os.Binder.execTransactInternal:1380 
06-16 01:15:16.906  3286  5295 D PowerManagerService: nativeReleaseSuspendBlocker name:PowerManagerService.WakeLocks duration ms: 0
06-16 01:15:18.117  3286  5295 W ProcessStats: Tracking association SourceState{7a405c7 com.google.android.gms.persistent/10192 BTop #101390} whose proc state 2 is better than process ProcessState{94479f4 com.google.android.adservices.api/10357 pkg=com.google.android.adservices.api} proc state 13 (47 skipped)
06-16 01:15:18.268  3286  7392 D PowerManagerService: nativeAcquireSuspendBlocker name:PowerManagerService.WakeLocks duration ms: 2
06-16 01:15:18.274  3286  5295 D PowerManagerService: nativeReleaseSuspendBlocker name:PowerManagerService.WakeLocks duration ms: 0
06-16 01:15:23.265  3286  3759 D ActivityManager: freezing 966 com.google.android.gms, reason = oom_cached
06-16 01:15:23.711  3286  7392 D PowerManagerService: nativeAcquireSuspendBlocker name:PowerManagerService.WakeLocks duration ms: 1
06-16 01:15:23.912  3286  5295 D PowerManagerService: nativeReleaseSuspendBlocker name:PowerManagerService.WakeLocks duration ms: 0
06-16 01:15:24.901  3286  3764 D PowerManagerService: nativeAcquireSuspendBlocker name:PowerManagerService.WakeLocks duration ms: 1
06-16 01:15:24.938  3286  3764 D PowerManagerService: nativeReleaseSuspendBlocker name:PowerManagerService.WakeLocks duration ms: 0
06-16 01:15:25.443  3286  7392 D PowerManagerService: nativeAcquireSuspendBlocker name:PowerManagerService.WakeLocks duration ms: 2
06-16 01:15:25.452  3286  5295 D PowerManagerService: nativeReleaseSuspendBlocker name:PowerManagerService.WakeLocks duration ms: 0
06-16 01:15:26.291  3286  7392 D PowerManagerService: nativeAcquireSuspendBlocker name:PowerManagerService.WakeLocks duration ms: 2
06-16 01:15:26.301  3286  5295 D PowerManagerService: nativeReleaseSuspendBlocker name:PowerManagerService.WakeLocks duration ms: 0
06-16 01:15:26.832  3286  3759 D ActivityManager: freezing 21361 com.google.android.cellbroadcastreceiver, reason = oom_cached
06-16 01:15:28.163  3286  5295 W ProcessStats: Tracking association SourceState{7a405c7 com.google.android.gms.persistent/10192 BTop #101396} whose proc state 2 is better than process ProcessState{94479f4 com.google.android.adservices.api/10357 pkg=com.google.android.adservices.api} proc state 13 (3 skipped)
06-16 01:15:33.628  3286  3764 D PowerManagerService: nativeAcquireSuspendBlocker name:PowerManagerService.WakeLocks duration ms: 2
06-16 01:15:33.665  3286  3764 D PowerManagerService: nativeReleaseSuspendBlocker name:PowerManagerService.WakeLocks duration ms: 0
06-16 01:15:33.754  3286  3764 D PowerManagerService: nativeAcquireSuspendBlocker name:PowerManagerService.WakeLocks duration ms: 2
06-16 01:15:33.791  3286  3764 D PowerManagerService: nativeReleaseSuspendBlocker name:PowerManagerService.WakeLocks duration ms: 0
06-16 01:15:33.957  3286  3764 D PowerManagerService: nativeAcquireSuspendBlocker name:PowerManagerService.WakeLocks duration ms: 1
06-16 01:15:33.993  3286  3764 D PowerManagerService: nativeReleaseSuspendBlocker name:PowerManagerService.WakeLocks duration ms: 0
06-16 01:15:34.029  3286  3764 D PowerManagerService: nativeAcquireSuspendBlocker name:PowerManagerService.WakeLocks duration ms: 1
06-16 01:15:34.065  3286  3764 D PowerManagerService: nativeReleaseSuspendBlocker name:PowerManagerService.WakeLocks duration ms: 0
06-16 01:15:34.320  3286  7392 D PowerManagerService: nativeAcquireSuspendBlocker name:PowerManagerService.WakeLocks duration ms: 1
06-16 01:15:34.325  3286  7394 D PowerManagerService: nativeReleaseSuspendBlocker name:PowerManagerService.WakeLocks duration ms: 0
06-16 01:15:37.085  3286  3286 V UiModeManager: updateLocked: null action, mDockState=0, category=null
06-16 01:15:37.088  3286  3286 D UiModeManager: updateConfigurationLocked: mDockState=0; mCarMode=false; mNightMode=2; mNightModeCustomType=-1; uiMode=33
06-16 01:15:37.090  4198  5221 D PowerUI : can't show warning due to - plugged: true status unknown: false
06-16 01:15:38.536  3286  4042 D PowerManagerService: nativeAcquireSuspendBlocker name:PowerManagerService.WakeLocks duration ms: 2
06-16 01:15:38.564  3286  4042 D PowerManagerService: nativeReleaseSuspendBlocker name:PowerManagerService.WakeLocks duration ms: 0
06-16 01:15:39.324  3286  5295 D PowerManagerService: nativeAcquireSuspendBlocker name:PowerManagerService.WakeLocks duration ms: 1
06-16 01:15:39.329  3286  4270 I ActivityManager: Background started FGS: Allowed [callingPackage: com.deepeye.musicpro; callingUid: 10526; uidState: TOP ; uidBFSL: [BFSL]; intent: Intent { cmp=com.deepeye.musicpro/.player.service.MusicPlayerService }; code:PROC_STATE_TOP; tempAllowListReason:<null>; targetSdkVersion:34; callerTargetSdkVersion:34; startForegroundCount:0; bindFromPackage:null: isBindService:false]
06-16 01:15:39.679  3286  7203 I MediaSessionStack: addSession to bottom of stack | record: com.deepeye.musicpro/androidx.media3.session.id. (userId=0)
06-16 01:15:39.702  3286  7392 I MediaSessionStack: onPlaybackStateChanged - Pushing session to top | record: com.deepeye.musicpro/androidx.media3.session.id. (userId=0)
06-16 01:15:39.736  3286  7392 W ProcessStats: Tracking association SourceState{7a405c7 com.google.android.gms.persistent/10192 BTop #101399} whose proc state 2 is better than process ProcessState{94479f4 com.google.android.adservices.api/10357 pkg=com.google.android.adservices.api} proc state 13 (3 skipped)
06-16 01:15:39.738  3286  5292 D CompatibilityChangeReporter: Compat change id reported: 170668199; UID 10526; state: ENABLED
06-16 01:15:40.173  3286  5292 D CompatibilityChangeReporter: Compat change id reported: 203800354; UID 10526; state: ENABLED
06-16 01:15:40.205  3286  5292 I MR2ServiceImpl: startScan | manager: 1
06-16 01:15:41.013  3286  7394 I AppsFilter: interaction: PackageSetting{b467f3d com.deepeye.musicpro/10526} -> PackageSetting{df6f332 com.motorola.motosignature.app/10134} BLOCKED
06-16 01:15:41.264  1352  8065 E keystore2: system/security/keystore2/src/rkpd_client.rs:172 - IGetKeyCallback failed: Device doesnot support RKP
06-16 01:15:41.266  1352 19869 W keystore2: system/security/keystore2/src/remote_provisioning.rs:102 - Error occurred: system/security/keystore2/src/rkpd_client.rs:187: GetKeyCallback failed: r#ERROR_UNKNOWN "Device doesnot support RKP"
06-16 01:15:41.266  1352 19869 W keystore2: 
06-16 01:15:41.266  1352 19869 W keystore2: Caused by:
06-16 01:15:41.266  1352 19869 W keystore2:     Error::Rc(r#OUT_OF_KEYS_TRANSIENT_ERROR)
06-16 01:15:43.282  3286  4063 D CompatibilityChangeReporter: Compat change id reported: 171306433; UID 1000; state: ENABLED
06-16 01:15:43.283  3286  4063 D CompatibilityChangeReporter: Compat change id reported: 218533173; UID 1000; state: ENABLED
06-16 01:15:45.095  3286  7394 W ContextImpl: Calling a method in the system process without a qualified user: android.app.ContextImpl.sendBroadcastMultiplePermissions:1281 android.content.Context.sendBroadcastMultiplePermissions:2476 com.android.server.TelephonyRegistry.broadcastServiceStateChanged:3597 com.android.server.TelephonyRegistry.notifyServiceStateForPhoneId:1734 com.android.internal.telephony.ITelephonyRegistry$Stub.onTransact:550 
06-16 01:15:45.096  3286  7394 W ContextImpl: Calling a method in the system process without a qualified user: android.app.ContextImpl.sendBroadcastMultiplePermissions:1314 com.android.server.TelephonyRegistry.broadcastServiceStateChanged:3602 com.android.server.TelephonyRegistry.notifyServiceStateForPhoneId:1734 com.android.internal.telephony.ITelephonyRegistry$Stub.onTransact:550 android.os.Binder.execTransactInternal:1380 
06-16 01:15:45.098  3286  7394 W ContextImpl: Calling a method in the system process without a qualified user: android.app.ContextImpl.sendBroadcastMultiplePermissions:1314 com.android.server.TelephonyRegistry.broadcastServiceStateChanged:3611 com.android.server.TelephonyRegistry.notifyServiceStateForPhoneId:1734 com.android.internal.telephony.ITelephonyRegistry$Stub.onTransact:550 android.os.Binder.execTransactInternal:1380 
06-16 01:15:45.100  3286  7394 W ContextImpl: Calling a method in the system process without a qualified user: android.app.ContextImpl.sendBroadcastMultiplePermissions:1314 com.android.server.TelephonyRegistry.broadcastServiceStateChanged:3617 com.android.server.TelephonyRegistry.notifyServiceStateForPhoneId:1734 com.android.internal.telephony.ITelephonyRegistry$Stub.onTransact:550 android.os.Binder.execTransactInternal:1380 
06-16 01:15:45.100  3286  3349 D ActivityManager: unfreezing ProcessRecord{9b6f275 21361:com.google.android.cellbroadcastreceiver/u0a367}, reason = unfreezeTemporarily, adj = 925, adjType = cch-empty, adjSource = null
06-16 01:15:45.102  3286  3349 D ActivityManager: sync unfroze 21361 com.google.android.cellbroadcastreceiver for 3
06-16 01:15:45.169  3286  7299 W ContextImpl: Calling a method in the system process without a qualified user: android.app.ContextImpl.sendBroadcastMultiplePermissions:1281 android.content.Context.sendBroadcastMultiplePermissions:2476 com.android.server.TelephonyRegistry.broadcastServiceStateChanged:3597 com.android.server.TelephonyRegistry.notifyServiceStateForPhoneId:1734 com.android.internal.telephony.ITelephonyRegistry$Stub.onTransact:550 
06-16 01:15:45.170  3286  7299 W ContextImpl: Calling a method in the system process without a qualified user: android.app.ContextImpl.sendBroadcastMultiplePermissions:1314 com.android.server.TelephonyRegistry.broadcastServiceStateChanged:3602 com.android.server.TelephonyRegistry.notifyServiceStateForPhoneId:1734 com.android.internal.telephony.ITelephonyRegistry$Stub.onTransact:550 android.os.Binder.execTransactInternal:1380 
06-16 01:15:45.172  3286  7299 W ContextImpl: Calling a method in the system process without a qualified user: android.app.ContextImpl.sendBroadcastMultiplePermissions:1314 com.android.server.TelephonyRegistry.broadcastServiceStateChanged:3611 com.android.server.TelephonyRegistry.notifyServiceStateForPhoneId:1734 com.android.internal.telephony.ITelephonyRegistry$Stub.onTransact:550 android.os.Binder.execTransactInternal:1380 
06-16 01:15:45.172  3286  7299 W ContextImpl: Calling a method in the system process without a qualified user: android.app.ContextImpl.sendBroadcastMultiplePermissions:1314 com.android.server.TelephonyRegistry.broadcastServiceStateChanged:3617 com.android.server.TelephonyRegistry.notifyServiceStateForPhoneId:1734 com.android.internal.telephony.ITelephonyRegistry$Stub.onTransact:550 android.os.Binder.execTransactInternal:1380 
06-16 01:15:51.659  3286  3991 D PowerManagerService: nativeSetPowerMode ret:false mode:5 enabled:true duration ms: 0
06-16 01:15:51.660  4198  4238 V WindowManagerShell: Transition requested: android.os.BinderProxy@babfae0 TransitionRequestInfo { type = 6, triggerTask = null, remoteTransition = null, displayChange = DisplayChange { displayId = 0, startAbsBounds = null, endAbsBounds = null, startRotation = 0, endRotation = 1, physicalDisplayChanged = false }, flags = 0 }
06-16 01:15:51.671  3286  7203 D CompatibilityChangeReporter: Compat change id reported: 170503758; UID 10526; state: ENABLED
06-16 01:15:51.678  3286  3991 I ActivityTaskManager: Config changes=20000580 {0.85 404mcc10mnc [en_IN] ldltr sw508dp w1087dp h460dp 340dpi nrml long layoutCompatNeeded land night finger -keyb/v/h -nav/h winConfig={ mBounds=Rect(0, 0 - 2400, 1080) mAppBounds=Rect(90, 0 - 2400, 1029) mMaxBounds=Rect(0, 0 - 2400, 1080) mDisplayRotation=ROTATION_90 mWindowingMode=fullscreen mDisplayWindowingMode=fullscreen mActivityType=undefined mAlwaysOnTop=undefined mRotation=ROTATION_90} as.6 s.12041 fontWeightAdjustment=0 spnairtel gidffffffffffffffffffff}
06-16 01:15:51.704  3286  3991 I WindowManager: Override config changes=20000580 {0.85 404mcc10mnc [en_IN] ldltr sw508dp w1087dp h460dp 340dpi nrml long layoutCompatNeeded land night finger -keyb/v/h -nav/h winConfig={ mBounds=Rect(0, 0 - 2400, 1080) mAppBounds=Rect(90, 0 - 2400, 1029) mMaxBounds=Rect(0, 0 - 2400, 1080) mDisplayRotation=ROTATION_90 mWindowingMode=fullscreen mDisplayWindowingMode=fullscreen mActivityType=undefined mAlwaysOnTop=undefined mRotation=ROTATION_90} as.6 s.12041 fontWeightAdjustment=0 spnairtel gidffffffffffffffffffff} for displayId=0
06-16 01:15:51.736  3286  3991 D CompatibilityChangeReporter: Compat change id reported: 184838306; UID 10526; state: DISABLED
06-16 01:15:51.736  3286  3991 D CompatibilityChangeReporter: Compat change id reported: 185004937; UID 10526; state: DISABLED
06-16 01:15:51.738  4198  4198 D VRI[NavigationBar0]: update {(0,0)(fillx102) gr=BOTTOM CENTER_VERTICAL layoutInDisplayCutoutMode=always ty=NAVIGATION_BAR fmt=TRANSLUCENT
06-16 01:15:51.738  4198  4198 D VRI[NavigationBar0]:   fl=NOT_FOCUSABLE NOT_TOUCH_MODAL WATCH_OUTSIDE_TOUCH SPLIT_TOUCH FLAG_SLIPPERY
06-16 01:15:51.738  4198  4198 D VRI[NavigationBar0]:   pfl=LAYOUT_SIZE_EXTENDED_BY_CUTOUT COLOR_SPACE_AGNOSTIC FIT_INSETS_CONTROLLED TRUSTED_OVERLAY
06-16 01:15:51.738  4198  4198 D VRI[NavigationBar0]:   bhv=DEFAULT
06-16 01:15:51.738  4198  4198 D VRI[NavigationBar0]:   providedInsets:
06-16 01:15:51.738  4198  4198 D VRI[NavigationBar0]:     InsetsFrameProvider: {id=#ad9b0001, index=0, type=navigationBars, source=FRAME, flags=[SUPPRESS_SCRIM], insetsSize=Insets{left=0, top=0, right=0, bottom=51}, insetsSizeOverrides=[TypedInsetsSize: {windowType=INPUT_METHOD, insetsSize=null}]}
06-16 01:15:51.738  4198  4198 D VRI[NavigationBar0]:     InsetsFrameProvider: {id=#ad9b0006, index=0, type=tappableElement, source=FRAME, flags=[], insetsSize=Insets{left=0, top=0, right=0, bottom=0}}
06-16 01:15:51.738  4198  4198 D VRI[NavigationBar0]:     InsetsFrameProvider: {id=#ad9b0005, index=0, type=mandatorySystemGestures, source=FRAME, flags=[], insetsSize=Insets{left=0, top=0, right=0, bottom=68}}
06-16 01:15:51.738  4198  4198 D VRI[NavigationBar0]:     InsetsFrameProvider: {id=#ad9b0004, index=0, type=systemGestures, source=DISPLAY, flags=[], insetsSize=Insets{left=63, top=0, right=0, bottom=0}, mMinimalInsetsSizeInDisplayCutoutSafe=Insets{left=63, top=0, right=0, bottom=0}}
06-16 01:15:51.738  4198  4198 D VRI[NavigationBar0]:     InsetsFrameProvider: {id=#ad9b0024, index=1, type=systemGestures, source=DISPLAY, flags=[], insetsSize=Insets{left=0, top=0, right=63, bottom=0}, mMinimalInsetsSizeInDisplayCutoutSafe=Insets{left=0, top=0, right=63, bottom=0}}
06-16 01:15:51.738  4198  4198 D VRI[NavigationBar0]:   paramsForRotation:
06-16 01:15:51.738  4198  4198 D VRI[NavigationBar0]:     ROTATION_0={(0,0)(fillx102) gr=BOTTOM CENTER_VERTICAL layoutInDisplayCutoutMode=always ty=NAVIGATION_BAR fmt=TRANSLUCENT
06-16 01:15:51.738  4198  4198 D VRI[NavigationBar0]:       fl=NOT_FOCUSABLE NOT_TOUCH_MODAL WATCH_OUTSIDE_TOUCH SPLIT_TOUCH FLAG_SLIPPERY
06-16 01:15:51.738  4198  4198 D VRI[NavigationBar0]:       pfl=LAYOUT_SIZE_EXTENDED_BY_CUTOUT COLOR_SPACE_AGNOSTIC FIT_INSETS_CONTROLLED TRUSTED_OVERLAY
06-16 01:15:51.738  4198  4198 D VRI[NavigationBar0]:       bhv=DEFAULT
06-16 01:15:51.738  4198  4198 D VRI[NavigationBar0]:       providedInsets:
06-16 01:15:51.738  4198  4198 D VRI[NavigationBar0]:         InsetsFrameProvider: {id=#ad9b0001, index=0, type=navigationBars, source=FRAME, flags=[SUPPRESS_SCRIM], insetsSize=Insets{left=0, top=0, right=0, bottom=51}, insetsSizeOverrides=[TypedInsetsSize: {windowType=INPUT_METHOD, insetsSize=null}]}
06-16 01:15:51.738  4198  4198 D VRI[NavigationBar0]:         InsetsFrameProvider: {id=#ad9b0006, index=0, type=tappableElement, source=FRAME, flags=[], insetsSize=Insets{left=0, top=0, right=0, bottom=0}}
06-16 01:15:51.738  4198  4198 D VRI[NavigationBar0]:         InsetsFrameProvider: {id=#ad9b0005, index=0, type=mandatorySystemGestures, source=FRAME, flags=[], insetsSize=Insets{left=0, top=0, right=0, bottom=68}}
06-16 01:15:51.738  4198  4198 D VRI[NavigationBar0]:         InsetsFrameProvider: {id=#ad9b0004, index=0, type=systemGestures, source=DISPLAY, flags=[], insetsSize=Insets{left=63, top=0, right=0, bottom=0}, mMinimalInsetsSizeInDisplayCutoutSafe=Insets{left=63, top=0, right=0, bottom=0}}
06-16 01:15:51.738  4198  4198 D VRI[NavigationBar0]:         InsetsFrameProvider: {id=#ad9b0024, index=1, type=systemGestures, source=DISPLAY, flags=[], insetsSize=Insets{left=0, top=0, right=63, bottom=0}, mMinimalInsetsSizeInDisplayCutoutSafe=Insets{left=0, top=0, right=63, bottom=0}}}
06-16 01:15:51.738  4198  4198 D VRI[NavigationBar0]:     ROTATION_90={(0,0)(fillx102) gr=BOTTOM CENTER_VERTICAL layoutInDisplayCutoutMode=always ty=NAVIGATION_BAR fmt=TRANSLUCENT
06-16 01:15:51.738  4198  4198 D VRI[NavigationBar0]:       fl=NOT_FOCUSABLE NOT_TOUCH_MODAL WATCH_OUTSIDE_TOUCH SPLIT_TOUCH FLAG_SLIPPERY
06-16 01:15:51.738  4198  4198 D VRI[NavigationBar0]:       pfl=LAYOUT_SIZE_EXTENDED_BY_CUTOUT COLOR_SPACE_AGNOSTIC FIT_INSETS_CONTROLLED TRUSTED_OVERLAY
06-16 01:15:51.738  4198  4198 D VRI[NavigationBar0]:       bhv=DEFAULT
06-16 01:15:51.738  4198  4198 D VRI[NavigationBar0]:       providedInsets:
06-16 01:15:51.738  4198  4198 D VRI[NavigationBar0]:         InsetsFrameProvider: {id=#ad9b0001, index=0, type=navigationBars, source=FRAME, flags=[SUPPRESS_SCRIM], insetsSize=Insets{left=0, top=0, right=0, bottom=51}, insetsSizeOverrides=[TypedInsetsSize: {windowType=INPUT_METHOD, insetsSize=null}]}
06-16 01:15:51.738  4198  4198 D VRI[NavigationBar0]:         InsetsFrameProvider: {id=#ad9b0006, index=0, type=tappableElement, source=FRAME, flags=[], insetsSize=Insets{left=0, top=0, right=0, bottom=0}}
06-16 01:15:51.738  4198  4198 D VRI[NavigationBar0]:         InsetsFrameProvider: {id=#ad9b0005, index=0, type=mandatorySystemGestures, source=FRAME, flags=[], insetsSize=Insets{left=0, top=0, right=0, bottom=68}}
06-16 01:15:51.738  4198  4198 D VRI[NavigationBar0]:         InsetsFrameProvider: {id=#ad9b0004, index=0, type=systemGestures, source=DISPLAY, flags=[], insetsSize=Insets{left=63, top=0, right=0, bottom=0}, mMinimalInsetsSizeInDisplayCutoutSafe=Insets{left=63, top=0, right=0, bottom=0}}
06-16 01:15:51.738  4198  4198 D VRI[NavigationBar0]:         InsetsFrameProvider: {id=#ad9b0024, index=1, type=systemGestures, source=DISPLAY, flags=[], insetsSize=Insets{left=0, top=0, right=63, bottom=0}, mMinimalInsetsSizeInDisplayCutoutSafe=Insets{left=0, top=0, right=63, bottom=0}}}
06-16 01:15:51.738  4198  4198 D VRI[NavigationBar0]:     ROTATION_180={(0,0)(fillx102) gr=BOTTOM CENTER_VERTICAL layoutInDisplayCutoutMode=always ty=NAVIGATION_BAR fmt=TRANSLUCENT
06-16 01:15:51.738  4198  4198 D VRI[NavigationBar0]:       fl=NOT_FOCUSABLE NOT_TOUCH_MODAL WATCH_OUTSIDE_TOUCH SPLIT_TOUCH FLAG_SLIPPERY
06-16 01:15:51.738  4198  4198 D VRI[NavigationBar0]:       pfl=LAYOUT_SIZE_EXTENDED_BY_CUTOUT COLOR_SPACE_AGNOSTIC FIT_INSETS_CONTROLLED TRUSTED_OVERLAY
06-16 01:15:51.738  4198  4198 D VRI[NavigationBar0]:       bhv=DEFAULT
06-16 01:15:51.738  4198  4198 D VRI[NavigationBar0]:       providedInsets:
06-16 01:15:51.738  4198  4198 D VRI[NavigationBar0]:         InsetsFrameProvider: {id=#ad9b0001, index=0, type=navigationBars, source=FRAME, flags=[SUPPRESS_SCRIM], insetsSize=Insets{left=0, top=0, right=0, bottom=51}, insetsSizeOverrides=[TypedInsetsSize: {windowType=INPUT_METHOD, insetsSize=null}]}
06-16 01:15:51.738  4198  4198 D VRI[NavigationBar0]:         InsetsFrameProvider: {id=#ad9b0006, index=0, type=tappableElement, source=FRAME, flags=[], insetsSize=Insets{left=0, top=0, right=0, bottom=0}}
06-16 01:15:51.738  4198  4198 D VRI[NavigationBar0]:         InsetsFrameProvider: {id=#ad9b0005, index=0, type=mandatorySystemGestures, source=FRAME, flags=[], insetsSize=Insets{left=0, top=0, right=0, bottom=68}}
06-16 01:15:51.738  4198  4198 D VRI[NavigationBar0]:         InsetsFrameProvider: {id=#ad9b0004, index=0, type=systemGestures, source=DISPLAY, flags=[], insetsSize=Insets{left=63, top=0, right=0, bottom=0}, mMinimalInsetsSizeInDisplayCutoutSafe=Insets{left=63, top=0, right=0, bottom=0}}
06-16 01:15:51.738  4198  4198 D VRI[NavigationBar0]:         InsetsFrameProvider: {id=#ad9b0024, index=1, type=systemGestures, source=DISPLAY, flags=[], insetsSize=Insets{left=0, top=0, right=63, bottom=0}, mMinimalInsetsSizeInDisplayCutoutSafe=Insets{left=0, top=0, right=63, bottom=0}}}
06-16 01:15:51.738  4198  4198 D VRI[NavigationBar0]:     ROTATION_270={(0,0)(fillx102) gr=BOTTOM CENTER_VERTICAL layoutInDisplayCutoutMode=always ty=NAVIGATION_BAR fmt=TRANSLUCENT
06-16 01:15:51.738  4198  4198 D VRI[NavigationBar0]:       fl=NOT_FOCUSABLE NOT_TOUCH_MODAL WATCH_OUTSIDE_TOUCH SPLIT_TOUCH FLAG_SLIPPERY
06-16 01:15:51.738  4198  4198 D VRI[NavigationBar0]:       pfl=LAYOUT_SIZE_EXTENDED_BY_CUTOUT COLOR_SPACE_AGNOSTIC FIT_INSETS_CONTROLLED TRUSTED_OVERLAY
06-16 01:15:51.738  4198  4198 D VRI[NavigationBar0]:       bhv=DEFAULT
06-16 01:15:51.738  4198  4198 D VRI[NavigationBar0]:       providedInsets:
06-16 01:15:51.738  4198  4198 D VRI[NavigationBar0]:         InsetsFrameProvider: {id=#ad9b0001, index=0, type=navigationBars, source=FRAME, flags=[SUPPRESS_SCRIM], insetsSize=Insets{left=0, top=0, right=0, bottom=51}, insetsSizeOverrides=[TypedInsetsSize: {windowType=INPUT_METHOD, insetsSize=null}]}
06-16 01:15:51.738  4198  4198 D VRI[NavigationBar0]:         InsetsFrameProvider: {id=#ad9b0006, index=0, type=tappableElement, source=FRAME, flags=[], insetsSize=Insets{left=0, top=0, right=0, bottom=0}}
06-16 01:15:51.738  4198  4198 D VRI[NavigationBar0]:         InsetsFrameProvider: {id=#ad9b0005, index=0, type=mandatorySystemGestures, source=FRAME, flags=[], insetsSize=Insets{left=0, top=0, right=0, bottom=68}}
06-16 01:15:51.738  4198  4198 D VRI[NavigationBar0]:         InsetsFrameProvider: {id=#ad9b0004, index=0, type=systemGestures, source=DISPLAY, flags=[], insetsSize=Insets{left=63, top=0, right=0, bottom=0}, mMinimalInsetsSizeInDisplayCutoutSafe=Insets{left=63, top=0, right=0, bottom=0}}
06-16 01:15:51.738  4198  4198 D VRI[NavigationBar0]:         InsetsFrameProvider: {id=#ad9b0024, index=1, type=systemGestures, source=DISPLAY, flags=[], insetsSize=Insets{left=0, top=0, right=63, bottom=0}, mMinimalInsetsSizeInDisplayCutoutSafe=Insets{left=0, top=0, right=63, bottom=0}}}} by setLayoutParams
06-16 01:15:51.821  4198  4238 V WindowManagerShell: Display changed: 0
06-16 01:15:51.832  4198  4198 D VRI[NavigationBar0]: update {(0,0)(fillx102) gr=BOTTOM CENTER_VERTICAL layoutInDisplayCutoutMode=always ty=NAVIGATION_BAR fmt=TRANSLUCENT
06-16 01:15:51.832  4198  4198 D VRI[NavigationBar0]:   fl=NOT_FOCUSABLE NOT_TOUCH_MODAL WATCH_OUTSIDE_TOUCH SPLIT_TOUCH FLAG_SLIPPERY
06-16 01:15:51.832  4198  4198 D VRI[NavigationBar0]:   pfl=LAYOUT_SIZE_EXTENDED_BY_CUTOUT COLOR_SPACE_AGNOSTIC FIT_INSETS_CONTROLLED TRUSTED_OVERLAY
06-16 01:15:51.832  4198  4198 D VRI[NavigationBar0]:   bhv=DEFAULT
06-16 01:15:51.832  4198  4198 D VRI[NavigationBar0]:   providedInsets:
06-16 01:15:51.832  4198  4198 D VRI[NavigationBar0]:     InsetsFrameProvider: {id=#ad9b0001, index=0, type=navigationBars, source=FRAME, flags=[SUPPRESS_SCRIM], insetsSize=Insets{left=0, top=0, right=0, bottom=51}, insetsSizeOverrides=[TypedInsetsSize: {windowType=INPUT_METHOD, insetsSize=null}]}
06-16 01:15:51.832  4198  4198 D VRI[NavigationBar0]:     InsetsFrameProvider: {id=#ad9b0006, index=0, type=tappableElement, source=FRAME, flags=[], insetsSize=Insets{left=0, top=0, right=0, bottom=0}}
06-16 01:15:51.832  4198  4198 D VRI[NavigationBar0]:     InsetsFrameProvider: {id=#ad9b0005, index=0, type=mandatorySystemGestures, source=FRAME, flags=[], insetsSize=Insets{left=0, top=0, right=0, bottom=68}}
06-16 01:15:51.832  4198  4198 D VRI[NavigationBar0]:     InsetsFrameProvider: {id=#ad9b0004, index=0, type=systemGestures, source=DISPLAY, flags=[], insetsSize=Insets{left=63, top=0, right=0, bottom=0}, mMinimalInsetsSizeInDisplayCutoutSafe=Insets{left=63, top=0, right=0, bottom=0}}
06-16 01:15:51.832  4198  4198 D VRI[NavigationBar0]:     InsetsFrameProvider: {id=#ad9b0024, index=1, type=systemGestures, source=DISPLAY, flags=[], insetsSize=Insets{left=0, top=0, right=63, bottom=0}, mMinimalInsetsSizeInDisplayCutoutSafe=Insets{left=0, top=0, right=63, bottom=0}}
06-16 01:15:51.832  4198  4198 D VRI[NavigationBar0]:   paramsForRotation:
06-16 01:15:51.832  4198  4198 D VRI[NavigationBar0]:     ROTATION_0={(0,0)(fillx102) gr=BOTTOM CENTER_VERTICAL layoutInDisplayCutoutMode=always ty=NAVIGATION_BAR fmt=TRANSLUCENT
06-16 01:15:51.832  4198  4198 D VRI[NavigationBar0]:       fl=NOT_FOCUSABLE NOT_TOUCH_MODAL WATCH_OUTSIDE_TOUCH SPLIT_TOUCH FLAG_SLIPPERY
06-16 01:15:51.832  4198  4198 D VRI[NavigationBar0]:       pfl=LAYOUT_SIZE_EXTENDED_BY_CUTOUT COLOR_SPACE_AGNOSTIC FIT_INSETS_CONTROLLED TRUSTED_OVERLAY
06-16 01:15:51.832  4198  4198 D VRI[NavigationBar0]:       bhv=DEFAULT
06-16 01:15:51.832  4198  4198 D VRI[NavigationBar0]:       providedInsets:
06-16 01:15:51.832  4198  4198 D VRI[NavigationBar0]:         InsetsFrameProvider: {id=#ad9b0001, index=0, type=navigationBars, source=FRAME, flags=[SUPPRESS_SCRIM], insetsSize=Insets{left=0, top=0, right=0, bottom=51}, insetsSizeOverrides=[TypedInsetsSize: {windowType=INPUT_METHOD, insetsSize=null}]}
06-16 01:15:51.832  4198  4198 D VRI[NavigationBar0]:         InsetsFrameProvider: {id=#ad9b0006, index=0, type=tappableElement, source=FRAME, flags=[], insetsSize=Insets{left=0, top=0, right=0, bottom=0}}
06-16 01:15:51.832  4198  4198 D VRI[NavigationBar0]:         InsetsFrameProvider: {id=#ad9b0005, index=0, type=mandatorySystemGestures, source=FRAME, flags=[], insetsSize=Insets{left=0, top=0, right=0, bottom=68}}
06-16 01:15:51.832  4198  4198 D VRI[NavigationBar0]:         InsetsFrameProvider: {id=#ad9b0004, index=0, type=systemGestures, source=DISPLAY, flags=[], insetsSize=Insets{left=63, top=0, right=0, bottom=0}, mMinimalInsetsSizeInDisplayCutoutSafe=Insets{left=63, top=0, right=0, bottom=0}}
06-16 01:15:51.832  4198  4198 D VRI[NavigationBar0]:         InsetsFrameProvider: {id=#ad9b0024, index=1, type=systemGestures, source=DISPLAY, flags=[], insetsSize=Insets{left=0, top=0, right=63, bottom=0}, mMinimalInsetsSizeInDisplayCutoutSafe=Insets{left=0, top=0, right=63, bottom=0}}}
06-16 01:15:51.832  4198  4198 D VRI[NavigationBar0]:     ROTATION_90={(0,0)(fillx102) gr=BOTTOM CENTER_VERTICAL layoutInDisplayCutoutMode=always ty=NAVIGATION_BAR fmt=TRANSLUCENT
06-16 01:15:51.832  4198  4198 D VRI[NavigationBar0]:       fl=NOT_FOCUSABLE NOT_TOUCH_MODAL WATCH_OUTSIDE_TOUCH SPLIT_TOUCH FLAG_SLIPPERY
06-16 01:15:51.832  4198  4198 D VRI[NavigationBar0]:       pfl=LAYOUT_SIZE_EXTENDED_BY_CUTOUT COLOR_SPACE_AGNOSTIC FIT_INSETS_CONTROLLED TRUSTED_OVERLAY
06-16 01:15:51.832  4198  4198 D VRI[NavigationBar0]:       bhv=DEFAULT
06-16 01:15:51.832  4198  4198 D VRI[NavigationBar0]:       providedInsets:
06-16 01:15:51.832  4198  4198 D VRI[NavigationBar0]:         InsetsFrameProvider: {id=#ad9b0001, index=0, type=navigationBars, source=FRAME, flags=[SUPPRESS_SCRIM], insetsSize=Insets{left=0, top=0, right=0, bottom=51}, insetsSizeOverrides=[TypedInsetsSize: {windowType=INPUT_METHOD, insetsSize=null}]}
06-16 01:15:51.832  4198  4198 D VRI[NavigationBar0]:         InsetsFrameProvider: {id=#ad9b0006, index=0, type=tappableElement, source=FRAME, flags=[], insetsSize=Insets{left=0, top=0, right=0, bottom=0}}
06-16 01:15:51.832  4198  4198 D VRI[NavigationBar0]:         InsetsFrameProvider: {id=#ad9b0005, index=0, type=mandatorySystemGestures, source=FRAME, flags=[], insetsSize=Insets{left=0, top=0, right=0, bottom=68}}
06-16 01:15:51.832  4198  4198 D VRI[NavigationBar0]:         InsetsFrameProvider: {id=#ad9b0004, index=0, type=systemGestures, source=DISPLAY, flags=[], insetsSize=Insets{left=63, top=0, right=0, bottom=0}, mMinimalInsetsSizeInDisplayCutoutSafe=Insets{left=63, top=0, right=0, bottom=0}}
06-16 01:15:51.832  4198  4198 D VRI[NavigationBar0]:         InsetsFrameProvider: {id=#ad9b0024, index=1, type=systemGestures, source=DISPLAY, flags=[], insetsSize=Insets{left=0, top=0, right=63, bottom=0}, mMinimalInsetsSizeInDisplayCutoutSafe=Insets{left=0, top=0, right=63, bottom=0}}}
06-16 01:15:51.832  4198  4198 D VRI[NavigationBar0]:     ROTATION_180={(0,0)(fillx102) gr=BOTTOM CENTER_VERTICAL layoutInDisplayCutoutMode=always ty=NAVIGATION_BAR fmt=TRANSLUCENT
06-16 01:15:51.832  4198  4198 D VRI[NavigationBar0]:       fl=NOT_FOCUSABLE NOT_TOUCH_MODAL WATCH_OUTSIDE_TOUCH SPLIT_TOUCH FLAG_SLIPPERY
06-16 01:15:51.832  4198  4198 D VRI[NavigationBar0]:       pfl=LAYOUT_SIZE_EXTENDED_BY_CUTOUT COLOR_SPACE_AGNOSTIC FIT_INSETS_CONTROLLED TRUSTED_OVERLAY
06-16 01:15:51.832  4198  4198 D VRI[NavigationBar0]:       bhv=DEFAULT
06-16 01:15:51.832  4198  4198 D VRI[NavigationBar0]:       providedInsets:
06-16 01:15:51.832  4198  4198 D VRI[NavigationBar0]:         InsetsFrameProvider: {id=#ad9b0001, index=0, type=navigationBars, source=FRAME, flags=[SUPPRESS_SCRIM], insetsSize=Insets{left=0, top=0, right=0, bottom=51}, insetsSizeOverrides=[TypedInsetsSize: {windowType=INPUT_METHOD, insetsSize=null}]}
06-16 01:15:51.832  4198  4198 D VRI[NavigationBar0]:         InsetsFrameProvider: {id=#ad9b0006, index=0, type=tappableElement, source=FRAME, flags=[], insetsSize=Insets{left=0, top=0, right=0, bottom=0}}
06-16 01:15:51.832  4198  4198 D VRI[NavigationBar0]:         InsetsFrameProvider: {id=#ad9b0005, index=0, type=mandatorySystemGestures, source=FRAME, flags=[], insetsSize=Insets{left=0, top=0, right=0, bottom=68}}
06-16 01:15:51.832  4198  4198 D VRI[NavigationBar0]:         InsetsFrameProvider: {id=#ad9b0004, index=0, type=systemGestures, source=DISPLAY, flags=[], insetsSize=Insets{left=63, top=0, right=0, bottom=0}, mMinimalInsetsSizeInDisplayCutoutSafe=Insets{left=63, top=0, right=0, bottom=0}}
06-16 01:15:51.832  4198  4198 D VRI[NavigationBar0]:         InsetsFrameProvider: {id=#ad9b0024, index=1, type=systemGestures, source=DISPLAY, flags=[], insetsSize=Insets{left=0, top=0, right=63, bottom=0}, mMinimalInsetsSizeInDisplayCutoutSafe=Insets{left=0, top=0, right=63, bottom=0}}}
06-16 01:15:51.832  4198  4198 D VRI[NavigationBar0]:     ROTATION_270={(0,0)(fillx102) gr=BOTTOM CENTER_VERTICAL layoutInDisplayCutoutMode=always ty=NAVIGATION_BAR fmt=TRANSLUCENT
06-16 01:15:51.832  4198  4198 D VRI[NavigationBar0]:       fl=NOT_FOCUSABLE NOT_TOUCH_MODAL WATCH_OUTSIDE_TOUCH SPLIT_TOUCH FLAG_SLIPPERY
06-16 01:15:51.832  4198  4198 D VRI[NavigationBar0]:       pfl=LAYOUT_SIZE_EXTENDED_BY_CUTOUT COLOR_SPACE_AGNOSTIC FIT_INSETS_CONTROLLED TRUSTED_OVERLAY
06-16 01:15:51.832  4198  4198 D VRI[NavigationBar0]:       bhv=DEFAULT
06-16 01:15:51.832  4198  4198 D VRI[NavigationBar0]:       providedInsets:
06-16 01:15:51.832  4198  4198 D VRI[NavigationBar0]:         InsetsFrameProvider: {id=#ad9b0001, index=0, type=navigationBars, source=FRAME, flags=[SUPPRESS_SCRIM], insetsSize=Insets{left=0, top=0, right=0, bottom=51}, insetsSizeOverrides=[TypedInsetsSize: {windowType=INPUT_METHOD, insetsSize=null}]}
06-16 01:15:51.832  4198  4198 D VRI[NavigationBar0]:         InsetsFrameProvider: {id=#ad9b0006, index=0, type=tappableElement, source=FRAME, flags=[], insetsSize=Insets{left=0, top=0, right=0, bottom=0}}
06-16 01:15:51.832  4198  4198 D VRI[NavigationBar0]:         InsetsFrameProvider: {id=#ad9b0005, index=0, type=mandatorySystemGestures, source=FRAME, flags=[], insetsSize=Insets{left=0, top=0, right=0, bottom=68}}
06-16 01:15:51.832  4198  4198 D VRI[NavigationBar0]:         InsetsFrameProvider: {id=#ad9b0004, index=0, type=systemGestures, source=DISPLAY, flags=[], insetsSize=Insets{left=63, top=0, right=0, bottom=0}, mMinimalInsetsSizeInDisplayCutoutSafe=Insets{left=63, top=0, right=0, bottom=0}}
06-16 01:15:51.832  4198  4198 D VRI[NavigationBar0]:         InsetsFrameProvider: {id=#ad9b0024, index=1, type=systemGestures, source=DISPLAY, flags=[], insetsSize=Insets{left=0, top=0, right=63, bottom=0}, mMinimalInsetsSizeInDisplayCutoutSafe=Insets{left=0, top=0, right=63, bottom=0}}}} by setLayoutParams
06-16 01:15:51.839  4198  4198 D VRI[StatusBar]: update {(0,0)(fillx60) gr=TOP CENTER_VERTICAL layoutInDisplayCutoutMode=always ty=STATUS_BAR fmt=TRANSLUCENT
06-16 01:15:51.839  4198  4198 D VRI[StatusBar]:   fl=NOT_FOCUSABLE SPLIT_TOUCH HARDWARE_ACCELERATED DRAWS_SYSTEM_BAR_BACKGROUNDS
06-16 01:15:51.839  4198  4198 D VRI[StatusBar]:   pfl=COLOR_SPACE_AGNOSTIC FIT_INSETS_CONTROLLED
06-16 01:15:51.839  4198  4198 D VRI[StatusBar]:   bhv=DEFAULT
06-16 01:15:51.839  4198  4198 D VRI[StatusBar]:   providedInsets:
06-16 01:15:51.839  4198  4198 D VRI[StatusBar]:     InsetsFrameProvider: {id=#c6500000, index=0, type=statusBars, source=FRAME, flags=[], insetsSize=Insets{left=0, top=90, right=0, bottom=0}}
06-16 01:15:51.839  4198  4198 D VRI[StatusBar]:     InsetsFrameProvider: {id=#c6500006, index=0, type=tappableElement, source=FRAME, flags=[], insetsSize=Insets{left=0, top=90, right=0, bottom=0}}
