05-25 11:07:32.741 E/HeadsetStateMachine( 3992): returning mCurrentState as Disconnected
05-25 11:07:32.741 E/HeadsetStateMachine( 3992): returning mCurrentState as Disconnected
05-25 11:07:32.741 E/HeadsetStateMachine( 3992): returning mCurrentState as Disconnected
05-25 11:07:32.741 E/HeadsetStateMachine( 3992): returning mCurrentState as Disconnected
05-25 11:07:32.741 E/HeadsetStateMachine( 3992): returning mCurrentState as Disconnected
05-25 11:07:32.741 E/HeadsetStateMachine( 3992): returning mCurrentState as Disconnected
05-25 11:07:32.741 E/HeadsetStateMachine( 3992): returning mCurrentState as Disconnected
05-25 11:07:32.742 E/HeadsetStateMachine( 3992): returning mCurrentState as Disconnected
05-25 11:07:32.742 E/HeadsetStateMachine( 3992): returning mCurrentState as Disconnected
05-25 11:07:32.742 E/HeadsetStateMachine( 3992): returning mCurrentState as Disconnected
05-25 11:07:32.742 E/BluetoothAvrcpServiceJni( 3992): updatePlayStatusToStack
05-25 11:07:32.742 E/bt_btif ( 3992): update_play_status_to_stack:invalid index,remote suspend not set
05-25 11:07:32.742 E/BluetoothAvrcpServiceJni( 3992): updatePlayStatusToStack: status: 1
05-25 11:07:32.746 E/HeadsetStateMachine( 3992): returning mCurrentState as Disconnected
05-25 11:07:32.746 E/HeadsetStateMachine( 3992): returning mCurrentState as Disconnected
05-25 11:07:32.746 E/HeadsetStateMachine( 3992): returning mCurrentState as Disconnected
05-25 11:07:32.746 E/HeadsetStateMachine( 3992): returning mCurrentState as Disconnected
05-25 11:07:32.746 E/HeadsetStateMachine( 3992): returning mCurrentState as Disconnected
05-25 11:07:32.747 E/HeadsetStateMachine( 3992): returning mCurrentState as Disconnected
05-25 11:07:32.747 E/HeadsetStateMachine( 3992): returning mCurrentState as Disconnected
05-25 11:07:32.747 E/HeadsetStateMachine( 3992): returning mCurrentState as Disconnected
05-25 11:07:32.747 E/HeadsetStateMachine( 3992): returning mCurrentState as Disconnected
05-25 11:07:32.747 E/HeadsetStateMachine( 3992): returning mCurrentState as Disconnected
05-25 11:07:32.748 E/HeadsetStateMachine( 3992): returning mCurrentState as Disconnected
05-25 11:07:32.748 E/HeadsetStateMachine( 3992): returning mCurrentState as Disconnected
05-25 11:07:32.748 E/HeadsetStateMachine( 3992): returning mCurrentState as Disconnected
05-25 11:07:32.748 E/HeadsetStateMachine( 3992): returning mCurrentState as Disconnected
05-25 11:07:32.748 E/HeadsetStateMachine( 3992): returning mCurrentState as Disconnected
05-25 11:07:32.748 E/HeadsetStateMachine( 3992): returning mCurrentState as Disconnected
05-25 11:07:32.749 E/HeadsetStateMachine( 3992): returning mCurrentState as Disconnected
05-25 11:07:32.749 E/HeadsetStateMachine( 3992): returning mCurrentState as Disconnected
05-25 11:07:32.749 E/HeadsetStateMachine( 3992): returning mCurrentState as Disconnected
05-25 11:07:32.749 E/HeadsetStateMachine( 3992): returning mCurrentState as Disconnected
05-25 11:07:32.751 E/HeadsetStateMachine( 3992): returning mCurrentState as Disconnected
05-25 11:07:32.751 E/HeadsetStateMachine( 3992): returning mCurrentState as Disconnected
05-25 11:07:32.751 E/HeadsetStateMachine( 3992): returning mCurrentState as Disconnected
05-25 11:07:32.751 E/HeadsetStateMachine( 3992): returning mCurrentState as Disconnected
05-25 11:07:32.756 E/HeadsetStateMachine( 3992): returning mCurrentState as Disconnected
05-25 11:07:32.756 E/HeadsetStateMachine( 3992): returning mCurrentState as Disconnected
05-25 11:07:32.756 E/HeadsetStateMachine( 3992): returning mCurrentState as Disconnected
05-25 11:07:32.756 E/HeadsetStateMachine( 3992): returning mCurrentState as Disconnected
05-25 11:07:32.756 E/HeadsetStateMachine( 3992): returning mCurrentState as Disconnected
05-25 11:07:32.756 E/HeadsetStateMachine( 3992): returning mCurrentState as Disconnected
05-25 11:07:32.756 E/HeadsetStateMachine( 3992): returning mCurrentState as Disconnected
05-25 11:07:32.756 E/HeadsetStateMachine( 3992): returning mCurrentState as Disconnected
05-25 11:07:32.756 E/HeadsetStateMachine( 3992): returning mCurrentState as Disconnected
05-25 11:07:32.756 E/HeadsetStateMachine( 3992): returning mCurrentState as Disconnected
05-25 11:07:32.756 E/HeadsetStateMachine( 3992): returning mCurrentState as Disconnected
05-25 11:07:32.756 E/HeadsetStateMachine( 3992): returning mCurrentState as Disconnected
05-25 11:07:32.756 E/HeadsetStateMachine( 3992): returning mCurrentState as Disconnected
05-25 11:07:32.756 E/HeadsetStateMachine( 3992): returning mCurrentState as Disconnected
05-25 11:07:32.756 E/HeadsetStateMachine( 3992): returning mCurrentState as Disconnected
05-25 11:07:32.756 E/HeadsetStateMachine( 3992): returning mCurrentState as Disconnected
05-25 11:07:32.756 E/HeadsetStateMachine( 3992): returning mCurrentState as Disconnected
05-25 11:07:32.756 E/HeadsetStateMachine( 3992): returning mCurrentState as Disconnected
05-25 11:07:32.756 E/HeadsetStateMachine( 3992): returning mCurrentState as Disconnected
05-25 11:07:32.756 E/HeadsetStateMachine( 3992): returning mCurrentState as Disconnected
05-25 11:07:32.758 E/HeadsetStateMachine( 3992): returning mCurrentState as Disconnected
05-25 11:07:32.758 E/HeadsetStateMachine( 3992): returning mCurrentState as Disconnected
05-25 11:07:32.758 E/HeadsetStateMachine( 3992): returning mCurrentState as Disconnected
05-25 11:07:32.758 E/HeadsetStateMachine( 3992): returning mCurrentState as Disconnected
05-25 11:07:32.758 E/HeadsetStateMachine( 3992): returning mCurrentState as Disconnected
05-25 11:07:32.758 E/HeadsetStateMachine( 3992): returning mCurrentState as Disconnected
05-25 11:07:32.758 E/HeadsetStateMachine( 3992): returning mCurrentState as Disconnected
05-25 11:07:32.758 E/HeadsetStateMachine( 3992): returning mCurrentState as Disconnected
05-25 11:07:32.758 E/HeadsetStateMachine( 3992): returning mCurrentState as Disconnected
05-25 11:07:32.758 E/HeadsetStateMachine( 3992): returning mCurrentState as Disconnected
05-25 11:07:32.758 E/HeadsetStateMachine( 3992): returning mCurrentState as Disconnected
05-25 11:07:32.758 E/HeadsetStateMachine( 3992): returning mCurrentState as Disconnected
05-25 11:07:32.758 E/HeadsetStateMachine( 3992): returning mCurrentState as Disconnected
05-25 11:07:32.758 E/HeadsetStateMachine( 3992): returning mCurrentState as Disconnected
05-25 11:07:32.758 E/HeadsetStateMachine( 3992): returning mCurrentState as Disconnected
05-25 11:07:32.758 E/HeadsetStateMachine( 3992): returning mCurrentState as Disconnected
05-25 11:07:32.758 E/HeadsetStateMachine( 3992): returning mCurrentState as Disconnected
05-25 11:07:32.758 E/HeadsetStateMachine( 3992): returning mCurrentState as Disconnected
05-25 11:07:32.758 E/HeadsetStateMachine( 3992): returning mCurrentState as Disconnected
05-25 11:07:32.758 E/HeadsetStateMachine( 3992): returning mCurrentState as Disconnected
05-25 11:07:32.951 E/HybridPlayerCard(27537): LaunchedEffect: controlsVisible=true, isPlaying=true, interactionCount=0
05-25 11:07:32.952 E/YouTubeVideoPlayer(27537): LaunchedEffect triggered - videoId: 7c3-Gei5j4w, isPlaying: true, muteWebViewAudio: true
05-25 11:07:32.952 E/HeadsetStateMachine( 3992): returning mCurrentState as Disconnected
05-25 11:07:32.952 E/HeadsetStateMachine( 3992): returning mCurrentState as Disconnected
05-25 11:07:32.952 E/HeadsetStateMachine( 3992): returning mCurrentState as Disconnected
05-25 11:07:32.952 E/HeadsetStateMachine( 3992): returning mCurrentState as Disconnected
05-25 11:07:32.952 E/HeadsetStateMachine( 3992): returning mCurrentState as Disconnected
05-25 11:07:32.952 E/HeadsetStateMachine( 3992): returning mCurrentState as Disconnected
05-25 11:07:32.952 E/HeadsetStateMachine( 3992): returning mCurrentState as Disconnected
05-25 11:07:32.952 E/HeadsetStateMachine( 3992): returning mCurrentState as Disconnected
05-25 11:07:32.952 E/HeadsetStateMachine( 3992): returning mCurrentState as Disconnected
05-25 11:07:32.952 E/HeadsetStateMachine( 3992): returning mCurrentState as Disconnected
05-25 11:07:32.952 E/HeadsetStateMachine( 3992): returning mCurrentState as Disconnected
05-25 11:07:32.952 E/HeadsetStateMachine( 3992): returning mCurrentState as Disconnected
05-25 11:07:32.952 E/HeadsetStateMachine( 3992): returning mCurrentState as Disconnected
05-25 11:07:32.952 E/HeadsetStateMachine( 3992): returning mCurrentState as Disconnected
05-25 11:07:32.953 E/HeadsetStateMachine( 3992): returning mCurrentState as Disconnected
05-25 11:07:32.953 E/HeadsetStateMachine( 3992): returning mCurrentState as Disconnected
05-25 11:07:32.953 E/HeadsetStateMachine( 3992): returning mCurrentState as Disconnected
05-25 11:07:32.953 E/HeadsetStateMachine( 3992): returning mCurrentState as Disconnected
05-25 11:07:32.953 E/HeadsetStateMachine( 3992): returning mCurrentState as Disconnected
05-25 11:07:32.953 E/HeadsetStateMachine( 3992): returning mCurrentState as Disconnected
05-25 11:07:32.956 E/HeadsetStateMachine( 3992): returning mCurrentState as Disconnected
05-25 11:07:32.956 E/HeadsetStateMachine( 3992): returning mCurrentState as Disconnected
05-25 11:07:32.956 E/HeadsetStateMachine( 3992): returning mCurrentState as Disconnected
05-25 11:07:32.956 E/HeadsetStateMachine( 3992): returning mCurrentState as Disconnected
05-25 11:07:32.956 E/HeadsetStateMachine( 3992): returning mCurrentState as Disconnected
05-25 11:07:32.956 E/HeadsetStateMachine( 3992): returning mCurrentState as Disconnected
05-25 11:07:32.957 E/HeadsetStateMachine( 3992): returning mCurrentState as Disconnected
05-25 11:07:32.957 E/HeadsetStateMachine( 3992): returning mCurrentState as Disconnected
05-25 11:07:32.957 E/HeadsetStateMachine( 3992): returning mCurrentState as Disconnected
05-25 11:07:32.957 E/HeadsetStateMachine( 3992): returning mCurrentState as Disconnected
05-25 11:07:32.957 E/HeadsetStateMachine( 3992): returning mCurrentState as Disconnected
05-25 11:07:32.957 E/HeadsetStateMachine( 3992): returning mCurrentState as Disconnected
05-25 11:07:32.957 E/HeadsetStateMachine( 3992): returning mCurrentState as Disconnected
05-25 11:07:32.957 E/HeadsetStateMachine( 3992): returning mCurrentState as Disconnected
05-25 11:07:32.957 E/HeadsetStateMachine( 3992): returning mCurrentState as Disconnected
05-25 11:07:32.957 E/HeadsetStateMachine( 3992): returning mCurrentState as Disconnected
05-25 11:07:32.957 E/HeadsetStateMachine( 3992): returning mCurrentState as Disconnected
05-25 11:07:32.957 E/HeadsetStateMachine( 3992): returning mCurrentState as Disconnected
05-25 11:07:32.957 E/HeadsetStateMachine( 3992): returning mCurrentState as Disconnected
05-25 11:07:32.957 E/HeadsetStateMachine( 3992): returning mCurrentState as Disconnected
05-25 11:07:32.960 E/HeadsetStateMachine( 3992): returning mCurrentState as Disconnected
05-25 11:07:32.960 E/HeadsetStateMachine( 3992): returning mCurrentState as Disconnected
05-25 11:07:32.960 E/HeadsetStateMachine( 3992): returning mCurrentState as Disconnected
05-25 11:07:32.960 E/HeadsetStateMachine( 3992): returning mCurrentState as Disconnected
05-25 11:07:32.960 E/HeadsetStateMachine( 3992): returning mCurrentState as Disconnected
05-25 11:07:32.960 E/HeadsetStateMachine( 3992): returning mCurrentState as Disconnected
05-25 11:07:32.960 E/HeadsetStateMachine( 3992): returning mCurrentState as Disconnected
05-25 11:07:32.960 E/HeadsetStateMachine( 3992): returning mCurrentState as Disconnected
05-25 11:07:32.960 E/HeadsetStateMachine( 3992): returning mCurrentState as Disconnected
05-25 11:07:32.960 E/HeadsetStateMachine( 3992): returning mCurrentState as Disconnected
05-25 11:07:32.960 E/HeadsetStateMachine( 3992): returning mCurrentState as Disconnected
05-25 11:07:32.960 E/HeadsetStateMachine( 3992): returning mCurrentState as Disconnected
05-25 11:07:32.960 E/HeadsetStateMachine( 3992): returning mCurrentState as Disconnected
05-25 11:07:32.960 E/HeadsetStateMachine( 3992): returning mCurrentState as Disconnected
05-25 11:07:32.960 E/HeadsetStateMachine( 3992): returning mCurrentState as Disconnected
05-25 11:07:32.960 E/HeadsetStateMachine( 3992): returning mCurrentState as Disconnected
05-25 11:07:32.960 E/HeadsetStateMachine( 3992): returning mCurrentState as Disconnected
05-25 11:07:32.960 E/HeadsetStateMachine( 3992): returning mCurrentState as Disconnected
05-25 11:07:32.961 E/HeadsetStateMachine( 3992): returning mCurrentState as Disconnected
05-25 11:07:32.961 E/HeadsetStateMachine( 3992): returning mCurrentState as Disconnected
05-25 11:07:33.097 E/HeadsetStateMachine( 3992): returning mCurrentState as Disconnected
05-25 11:07:33.098 E/HeadsetStateMachine( 3992): returning mCurrentState as Disconnected
05-25 11:07:33.098 E/HeadsetStateMachine( 3992): returning mCurrentState as Disconnected
05-25 11:07:33.098 E/HeadsetStateMachine( 3992): returning mCurrentState as Disconnected
05-25 11:07:33.098 E/HeadsetStateMachine( 3992): returning mCurrentState as Disconnected
05-25 11:07:33.098 E/HeadsetStateMachine( 3992): returning mCurrentState as Disconnected
05-25 11:07:33.099 E/HeadsetStateMachine( 3992): returning mCurrentState as Disconnected
05-25 11:07:33.099 E/HeadsetStateMachine( 3992): returning mCurrentState as Disconnected
05-25 11:07:33.099 E/HeadsetStateMachine( 3992): returning mCurrentState as Disconnected
05-25 11:07:33.099 E/HeadsetStateMachine( 3992): returning mCurrentState as Disconnected
05-25 11:07:33.099 E/HeadsetStateMachine( 3992): returning mCurrentState as Disconnected
05-25 11:07:33.099 E/HeadsetStateMachine( 3992): returning mCurrentState as Disconnected
05-25 11:07:33.099 E/HeadsetStateMachine( 3992): returning mCurrentState as Disconnected
05-25 11:07:33.099 E/HeadsetStateMachine( 3992): returning mCurrentState as Disconnected
05-25 11:07:33.099 E/HeadsetStateMachine( 3992): returning mCurrentState as Disconnected
05-25 11:07:33.099 E/HeadsetStateMachine( 3992): returning mCurrentState as Disconnected
05-25 11:07:33.100 E/HeadsetStateMachine( 3992): returning mCurrentState as Disconnected
05-25 11:07:33.100 E/HeadsetStateMachine( 3992): returning mCurrentState as Disconnected
05-25 11:07:33.100 E/HeadsetStateMachine( 3992): returning mCurrentState as Disconnected
05-25 11:07:33.100 E/HeadsetStateMachine( 3992): returning mCurrentState as Disconnected
05-25 11:07:33.102 E/HeadsetStateMachine( 3992): returning mCurrentState as Disconnected
05-25 11:07:33.102 E/HeadsetStateMachine( 3992): returning mCurrentState as Disconnected
05-25 11:07:33.102 E/HeadsetStateMachine( 3992): returning mCurrentState as Disconnected
05-25 11:07:33.102 E/HeadsetStateMachine( 3992): returning mCurrentState as Disconnected
05-25 11:07:33.102 E/HeadsetStateMachine( 3992): returning mCurrentState as Disconnected
05-25 11:07:33.102 E/HeadsetStateMachine( 3992): returning mCurrentState as Disconnected
05-25 11:07:33.102 E/HeadsetStateMachine( 3992): returning mCurrentState as Disconnected
05-25 11:07:33.102 E/HeadsetStateMachine( 3992): returning mCurrentState as Disconnected
05-25 11:07:33.102 E/HeadsetStateMachine( 3992): returning mCurrentState as Disconnected
05-25 11:07:33.102 E/HeadsetStateMachine( 3992): returning mCurrentState as Disconnected
05-25 11:07:33.102 E/HeadsetStateMachine( 3992): returning mCurrentState as Disconnected
05-25 11:07:33.102 E/HeadsetStateMachine( 3992): returning mCurrentState as Disconnected
05-25 11:07:33.102 E/HeadsetStateMachine( 3992): returning mCurrentState as Disconnected
05-25 11:07:33.102 E/HeadsetStateMachine( 3992): returning mCurrentState as Disconnected
05-25 11:07:33.102 E/HeadsetStateMachine( 3992): returning mCurrentState as Disconnected
05-25 11:07:33.102 E/HeadsetStateMachine( 3992): returning mCurrentState as Disconnected
05-25 11:07:33.102 E/HeadsetStateMachine( 3992): returning mCurrentState as Disconnected
05-25 11:07:33.102 E/HeadsetStateMachine( 3992): returning mCurrentState as Disconnected
05-25 11:07:33.102 E/HeadsetStateMachine( 3992): returning mCurrentState as Disconnected
05-25 11:07:33.102 E/HeadsetStateMachine( 3992): returning mCurrentState as Disconnected
05-25 11:07:33.104 E/HeadsetStateMachine( 3992): returning mCurrentState as Disconnected
05-25 11:07:33.104 E/HeadsetStateMachine( 3992): returning mCurrentState as Disconnected
05-25 11:07:33.104 E/HeadsetStateMachine( 3992): returning mCurrentState as Disconnected
05-25 11:07:33.104 E/HeadsetStateMachine( 3992): returning mCurrentState as Disconnected
05-25 11:07:33.104 E/HeadsetStateMachine( 3992): returning mCurrentState as Disconnected
05-25 11:07:33.104 E/HeadsetStateMachine( 3992): returning mCurrentState as Disconnected
05-25 11:07:33.104 E/HeadsetStateMachine( 3992): returning mCurrentState as Disconnected
05-25 11:07:33.104 E/HeadsetStateMachine( 3992): returning mCurrentState as Disconnected
05-25 11:07:33.104 E/HeadsetStateMachine( 3992): returning mCurrentState as Disconnected
05-25 11:07:33.105 E/HeadsetStateMachine( 3992): returning mCurrentState as Disconnected
05-25 11:07:33.105 E/HeadsetStateMachine( 3992): returning mCurrentState as Disconnected
05-25 11:07:33.105 E/HeadsetStateMachine( 3992): returning mCurrentState as Disconnected
05-25 11:07:33.105 E/HeadsetStateMachine( 3992): returning mCurrentState as Disconnected
05-25 11:07:33.105 E/HeadsetStateMachine( 3992): returning mCurrentState as Disconnected
05-25 11:07:33.105 E/HeadsetStateMachine( 3992): returning mCurrentState as Disconnected
05-25 11:07:33.105 E/HeadsetStateMachine( 3992): returning mCurrentState as Disconnected
05-25 11:07:33.105 E/HeadsetStateMachine( 3992): returning mCurrentState as Disconnected
05-25 11:07:33.105 E/HeadsetStateMachine( 3992): returning mCurrentState as Disconnected
05-25 11:07:33.105 E/HeadsetStateMachine( 3992): returning mCurrentState as Disconnected
05-25 11:07:33.105 E/HeadsetStateMachine( 3992): returning mCurrentState as Disconnected
05-25 11:07:33.160 E/Codec2-ComponentInterface( 2447): We have a failed config
05-25 11:07:33.569 E/HeadsetStateMachine( 3992): returning mCurrentState as Disconnected
05-25 11:07:33.569 E/HeadsetStateMachine( 3992): returning mCurrentState as Disconnected
05-25 11:07:33.569 E/HeadsetStateMachine( 3992): returning mCurrentState as Disconnected
05-25 11:07:33.569 E/HeadsetStateMachine( 3992): returning mCurrentState as Disconnected
05-25 11:07:33.569 E/HeadsetStateMachine( 3992): returning mCurrentState as Disconnected
05-25 11:07:33.569 E/HeadsetStateMachine( 3992): returning mCurrentState as Disconnected
05-25 11:07:33.569 E/HeadsetStateMachine( 3992): returning mCurrentState as Disconnected
05-25 11:07:33.569 E/HeadsetStateMachine( 3992): returning mCurrentState as Disconnected
05-25 11:07:33.569 E/HeadsetStateMachine( 3992): returning mCurrentState as Disconnected
05-25 11:07:33.569 E/HeadsetStateMachine( 3992): returning mCurrentState as Disconnected
05-25 11:07:33.569 E/HeadsetStateMachine( 3992): returning mCurrentState as Disconnected
05-25 11:07:33.569 E/HeadsetStateMachine( 3992): returning mCurrentState as Disconnected
05-25 11:07:33.569 E/HeadsetStateMachine( 3992): returning mCurrentState as Disconnected
05-25 11:07:33.569 E/HeadsetStateMachine( 3992): returning mCurrentState as Disconnected
05-25 11:07:33.569 E/HeadsetStateMachine( 3992): returning mCurrentState as Disconnected
05-25 11:07:33.569 E/HeadsetStateMachine( 3992): returning mCurrentState as Disconnected
05-25 11:07:33.569 E/HeadsetStateMachine( 3992): returning mCurrentState as Disconnected
05-25 11:07:33.569 E/HeadsetStateMachine( 3992): returning mCurrentState as Disconnected
05-25 11:07:33.569 E/HeadsetStateMachine( 3992): returning mCurrentState as Disconnected
05-25 11:07:33.569 E/HeadsetStateMachine( 3992): returning mCurrentState as Disconnected
05-25 11:07:33.590 E/minksocket( 1748): MinkIPC_QRTR_Service: client with node 1 port 7daf went down
05-25 11:07:33.591 E/minksocket( 1748): MinkIPC_QRTR_Service: client with node 1 port 7db0 went down
05-25 11:07:33.591 E/minksocket( 1748): MinkIPC_QRTR_Service: client with node 1 port 7db1 went down
05-25 11:07:33.592 E/Diag_Lib( 1753): diag: Diag_LSM_Init: invoked for pid: 1753 with init_count: 0
05-25 11:07:33.592 E/Diag_Lib( 1753): diag:failed to connect to diag socket
05-25 11:07:33.592 E/minksocket( 1748): MinkIPC_QRTR_Service: client with node 1 port 7db2 went down
05-25 11:07:33.592 E/Diag_Lib( 1753):  Diag_LSM_Init: Failed to open handle to diag driver, error = 13
05-25 11:07:33.672 E/RemoteProvisionSysSvc( 3077): RKP not allowed. Key 10207 for client 124651923
05-25 11:07:33.672 E/keystore2( 1354): system/security/keystore2/src/rkpd_client.rs:172 - IGetKeyCallback failed: Device doesnot support RKP
05-25 11:07:33.679 E/QC-time-services( 1269): Receive Passed == base = 13, unit = 1, operation = 2, result = 0
05-25 11:07:33.679 E/QC-time-services( 1573): Daemon: Time-services: Waiting to acceptconnection
05-25 11:07:33.683 E/QC-time-services( 1573): Daemon: Time-services: Waiting to acceptconnection
05-25 11:07:33.722 E/minksocket( 1748): MinkIPC_QRTR_Service: client with node 1 port 7db3 went down
05-25 11:07:33.950 E/QConfig ( 1822): failed to find module QModKey_Static_VppFilter
05-25 11:07:33.951 E/QConfig ( 1822): failed to find module QModKey_Static_VppFilter
05-25 11:07:33.951 E/QConfig ( 1822): failed to find module QModKey_Dynamic_VppFilter
05-25 11:07:33.952 E/QConfig ( 1822): failed to find module QModKey_Dynamic_VppFilter
05-25 11:07:33.997 E/QC2V4l2Codec( 1859): [vp9D_1523]  ? is not a supported pixel format!
05-25 11:07:34.003 E/ACDB    ( 1830): AcdbCmdGetGraphAlias:4153 Error[19]: Graph Alias chunk data does not exist. Is it enabled?.
05-25 11:07:34.003 E/gsl     ( 1830): gsl_get_graph_alias:2191 acdb get graph alias failed 19, len 255
05-25 11:07:34.004 E/QC2Interface( 1859): Few parameters failed to configure
05-25 11:07:34.006 E/gsl     ( 1830): gsl_graph_send_nonpersist_cal:790 send non-perist cal failed 3
05-25 11:07:34.006 E/ACDB    ( 1830): AcdbCmdGetProcSubgraphCalDataPersist:8416 Error[19]: No calibration found
05-25 11:07:34.016 E/ACDB    ( 1830): AcdbCmdGetGraphAlias:4153 Error[19]: Graph Alias chunk data does not exist. Is it enabled?.
05-25 11:07:34.016 E/gsl     ( 1830): gsl_get_graph_alias:2191 acdb get graph alias failed 19, len 255
05-25 11:07:34.026 E/HeadsetStateMachine( 3992): returning mCurrentState as Disconnected
05-25 11:07:34.026 E/HeadsetStateMachine( 3992): returning mCurrentState as Disconnected
05-25 11:07:34.026 E/HeadsetStateMachine( 3992): returning mCurrentState as Disconnected
05-25 11:07:34.026 E/HeadsetStateMachine( 3992): returning mCurrentState as Disconnected
05-25 11:07:34.026 E/HeadsetStateMachine( 3992): returning mCurrentState as Disconnected
05-25 11:07:34.026 E/HeadsetStateMachine( 3992): returning mCurrentState as Disconnected
05-25 11:07:34.027 E/HeadsetStateMachine( 3992): returning mCurrentState as Disconnected
05-25 11:07:34.027 E/HeadsetStateMachine( 3992): returning mCurrentState as Disconnected
05-25 11:07:34.027 E/HeadsetStateMachine( 3992): returning mCurrentState as Disconnected
05-25 11:07:34.027 E/HeadsetStateMachine( 3992): returning mCurrentState as Disconnected
05-25 11:07:34.027 E/HeadsetStateMachine( 3992): returning mCurrentState as Disconnected
05-25 11:07:34.027 E/HeadsetStateMachine( 3992): returning mCurrentState as Disconnected
05-25 11:07:34.027 E/HeadsetStateMachine( 3992): returning mCurrentState as Disconnected
05-25 11:07:34.027 E/HeadsetStateMachine( 3992): returning mCurrentState as Disconnected
05-25 11:07:34.027 E/HeadsetStateMachine( 3992): returning mCurrentState as Disconnected
05-25 11:07:34.027 E/HeadsetStateMachine( 3992): returning mCurrentState as Disconnected
05-25 11:07:34.027 E/HeadsetStateMachine( 3992): returning mCurrentState as Disconnected
05-25 11:07:34.027 E/HeadsetStateMachine( 3992): returning mCurrentState as Disconnected
05-25 11:07:34.027 E/HeadsetStateMachine( 3992): returning mCurrentState as Disconnected
05-25 11:07:34.027 E/HeadsetStateMachine( 3992): returning mCurrentState as Disconnected
05-25 11:07:34.030 E/QC2V4l2Driver( 1859): [vp9D_1523] failed to set format on port:OUT
05-25 11:07:34.030 E/QC2V4l2Codec( 1859): [vp9D_1523] Failed to set resolution and buffer size for OUT port
05-25 11:07:34.030 E/QC2Comp ( 1859): [vp9D_1523] handleQueue: Codec failed to configure !!
05-25 11:07:34.034 E/ACDB    ( 1830): AcdbCmdGetProcSubgraphCalDataPersist:8416 Error[19]: No calibration found
05-25 11:07:34.034 E/ACDB    ( 1830): AcdbCmdGetProcSubgraphCalDataPersist:8416 Error[19]: No calibration found
05-25 11:07:34.034 E/ACDB    ( 1830): AcdbCmdGetProcSubgraphCalDataPersist:8416 Error[19]: No calibration found
05-25 11:07:34.034 E/ACDB    ( 1830): AcdbCmdGetProcSubgraphCalDataPersist:8416 Error[19]: No calibration found
05-25 11:07:34.042 E/AGM: graph( 1830): configure_buffer_params: 298 Unsupported buffer mode : 0, Default to Blocking
05-25 11:07:34.050 E/HeadsetStateMachine( 3992): returning mCurrentState as Disconnected
05-25 11:07:34.050 E/HeadsetStateMachine( 3992): returning mCurrentState as Disconnected
05-25 11:07:34.050 E/HeadsetStateMachine( 3992): returning mCurrentState as Disconnected
05-25 11:07:34.050 E/HeadsetStateMachine( 3992): returning mCurrentState as Disconnected
05-25 11:07:34.051 E/HeadsetStateMachine( 3992): returning mCurrentState as Disconnected
05-25 11:07:34.051 E/HeadsetStateMachine( 3992): returning mCurrentState as Disconnected
05-25 11:07:34.051 E/HeadsetStateMachine( 3992): returning mCurrentState as Disconnected
05-25 11:07:34.051 E/HeadsetStateMachine( 3992): returning mCurrentState as Disconnected
05-25 11:07:34.051 E/HeadsetStateMachine( 3992): returning mCurrentState as Disconnected
05-25 11:07:34.051 E/HeadsetStateMachine( 3992): returning mCurrentState as Disconnected
05-25 11:07:34.051 E/HeadsetStateMachine( 3992): returning mCurrentState as Disconnected
05-25 11:07:34.051 E/HeadsetStateMachine( 3992): returning mCurrentState as Disconnected
05-25 11:07:34.051 E/HeadsetStateMachine( 3992): returning mCurrentState as Disconnected
05-25 11:07:34.051 E/HeadsetStateMachine( 3992): returning mCurrentState as Disconnected
05-25 11:07:34.051 E/HeadsetStateMachine( 3992): returning mCurrentState as Disconnected
05-25 11:07:34.051 E/HeadsetStateMachine( 3992): returning mCurrentState as Disconnected
05-25 11:07:34.051 E/HeadsetStateMachine( 3992): returning mCurrentState as Disconnected
05-25 11:07:34.051 E/HeadsetStateMachine( 3992): returning mCurrentState as Disconnected
05-25 11:07:34.051 E/HeadsetStateMachine( 3992): returning mCurrentState as Disconnected
05-25 11:07:34.051 E/HeadsetStateMachine( 3992): returning mCurrentState as Disconnected
05-25 11:07:34.073 E/chromium(27537): [ERROR:media/gpu/android/frame_info_helper.cc:231] Guessed coded size incorrectly. Expected 856x480, got 854x480
05-25 11:07:34.081 E/HeadsetStateMachine( 3992): returning mCurrentState as Disconnected
05-25 11:07:34.081 E/HeadsetStateMachine( 3992): returning mCurrentState as Disconnected
05-25 11:07:34.081 E/HeadsetStateMachine( 3992): returning mCurrentState as Disconnected
05-25 11:07:34.081 E/HeadsetStateMachine( 3992): returning mCurrentState as Disconnected
05-25 11:07:34.081 E/HeadsetStateMachine( 3992): returning mCurrentState as Disconnected
05-25 11:07:34.081 E/HeadsetStateMachine( 3992): returning mCurrentState as Disconnected
05-25 11:07:34.081 E/HeadsetStateMachine( 3992): returning mCurrentState as Disconnected
05-25 11:07:34.081 E/HeadsetStateMachine( 3992): returning mCurrentState as Disconnected
05-25 11:07:34.081 E/HeadsetStateMachine( 3992): returning mCurrentState as Disconnected
05-25 11:07:34.081 E/HeadsetStateMachine( 3992): returning mCurrentState as Disconnected
05-25 11:07:34.081 E/HeadsetStateMachine( 3992): returning mCurrentState as Disconnected
05-25 11:07:34.081 E/HeadsetStateMachine( 3992): returning mCurrentState as Disconnected
05-25 11:07:34.081 E/HeadsetStateMachine( 3992): returning mCurrentState as Disconnected
05-25 11:07:34.081 E/HeadsetStateMachine( 3992): returning mCurrentState as Disconnected
05-25 11:07:34.081 E/HeadsetStateMachine( 3992): returning mCurrentState as Disconnected
05-25 11:07:34.081 E/HeadsetStateMachine( 3992): returning mCurrentState as Disconnected
05-25 11:07:34.082 E/HeadsetStateMachine( 3992): returning mCurrentState as Disconnected
05-25 11:07:34.082 E/HeadsetStateMachine( 3992): returning mCurrentState as Disconnected
05-25 11:07:34.082 E/HeadsetStateMachine( 3992): returning mCurrentState as Disconnected
05-25 11:07:34.082 E/HeadsetStateMachine( 3992): returning mCurrentState as Disconnected
05-25 11:07:34.103 E/HeadsetStateMachine( 3992): returning mCurrentState as Disconnected
05-25 11:07:34.103 E/HeadsetStateMachine( 3992): returning mCurrentState as Disconnected
05-25 11:07:34.103 E/HeadsetStateMachine( 3992): returning mCurrentState as Disconnected
05-25 11:07:34.103 E/HeadsetStateMachine( 3992): returning mCurrentState as Disconnected
05-25 11:07:34.103 E/HeadsetStateMachine( 3992): returning mCurrentState as Disconnected
05-25 11:07:34.103 E/HeadsetStateMachine( 3992): returning mCurrentState as Disconnected
05-25 11:07:34.103 E/HeadsetStateMachine( 3992): returning mCurrentState as Disconnected
05-25 11:07:34.103 E/HeadsetStateMachine( 3992): returning mCurrentState as Disconnected
05-25 11:07:34.103 E/HeadsetStateMachine( 3992): returning mCurrentState as Disconnected
05-25 11:07:34.103 E/HeadsetStateMachine( 3992): returning mCurrentState as Disconnected
05-25 11:07:34.103 E/HeadsetStateMachine( 3992): returning mCurrentState as Disconnected
05-25 11:07:34.103 E/HeadsetStateMachine( 3992): returning mCurrentState as Disconnected
05-25 11:07:34.104 E/HeadsetStateMachine( 3992): returning mCurrentState as Disconnected
05-25 11:07:34.104 E/HeadsetStateMachine( 3992): returning mCurrentState as Disconnected
05-25 11:07:34.104 E/HeadsetStateMachine( 3992): returning mCurrentState as Disconnected
05-25 11:07:34.104 E/HeadsetStateMachine( 3992): returning mCurrentState as Disconnected
05-25 11:07:34.104 E/HeadsetStateMachine( 3992): returning mCurrentState as Disconnected
05-25 11:07:34.104 E/HeadsetStateMachine( 3992): returning mCurrentState as Disconnected
05-25 11:07:34.104 E/HeadsetStateMachine( 3992): returning mCurrentState as Disconnected
05-25 11:07:34.104 E/HeadsetStateMachine( 3992): returning mCurrentState as Disconnected
05-25 11:07:34.117 E/HeadsetStateMachine( 3992): returning mCurrentState as Disconnected
05-25 11:07:34.117 E/HeadsetStateMachine( 3992): returning mCurrentState as Disconnected
05-25 11:07:34.117 E/HeadsetStateMachine( 3992): returning mCurrentState as Disconnected
05-25 11:07:34.117 E/HeadsetStateMachine( 3992): returning mCurrentState as Disconnected
05-25 11:07:34.117 E/HeadsetStateMachine( 3992): returning mCurrentState as Disconnected
05-25 11:07:34.117 E/HeadsetStateMachine( 3992): returning mCurrentState as Disconnected
05-25 11:07:34.117 E/HeadsetStateMachine( 3992): returning mCurrentState as Disconnected
05-25 11:07:34.117 E/HeadsetStateMachine( 3992): returning mCurrentState as Disconnected
05-25 11:07:34.117 E/HeadsetStateMachine( 3992): returning mCurrentState as Disconnected
05-25 11:07:34.117 E/HeadsetStateMachine( 3992): returning mCurrentState as Disconnected
05-25 11:07:34.117 E/HeadsetStateMachine( 3992): returning mCurrentState as Disconnected
05-25 11:07:34.117 E/HeadsetStateMachine( 3992): returning mCurrentState as Disconnected
05-25 11:07:34.117 E/HeadsetStateMachine( 3992): returning mCurrentState as Disconnected
05-25 11:07:34.117 E/HeadsetStateMachine( 3992): returning mCurrentState as Disconnected
05-25 11:07:34.118 E/HeadsetStateMachine( 3992): returning mCurrentState as Disconnected
05-25 11:07:34.118 E/HeadsetStateMachine( 3992): returning mCurrentState as Disconnected
05-25 11:07:34.118 E/HeadsetStateMachine( 3992): returning mCurrentState as Disconnected
05-25 11:07:34.118 E/HeadsetStateMachine( 3992): returning mCurrentState as Disconnected
05-25 11:07:34.118 E/HeadsetStateMachine( 3992): returning mCurrentState as Disconnected
05-25 11:07:34.118 E/HeadsetStateMachine( 3992): returning mCurrentState as Disconnected
05-25 11:07:34.131 E/HeadsetStateMachine( 3992): returning mCurrentState as Disconnected
05-25 11:07:34.131 E/HeadsetStateMachine( 3992): returning mCurrentState as Disconnected
05-25 11:07:34.131 E/HeadsetStateMachine( 3992): returning mCurrentState as Disconnected
05-25 11:07:34.131 E/HeadsetStateMachine( 3992): returning mCurrentState as Disconnected
05-25 11:07:34.131 E/HeadsetStateMachine( 3992): returning mCurrentState as Disconnected
05-25 11:07:34.131 E/HeadsetStateMachine( 3992): returning mCurrentState as Disconnected
05-25 11:07:34.131 E/HeadsetStateMachine( 3992): returning mCurrentState as Disconnected
05-25 11:07:34.131 E/HeadsetStateMachine( 3992): returning mCurrentState as Disconnected
05-25 11:07:34.132 E/HeadsetStateMachine( 3992): returning mCurrentState as Disconnected
05-25 11:07:34.132 E/HeadsetStateMachine( 3992): returning mCurrentState as Disconnected
05-25 11:07:34.132 E/HeadsetStateMachine( 3992): returning mCurrentState as Disconnected
05-25 11:07:34.132 E/HeadsetStateMachine( 3992): returning mCurrentState as Disconnected
05-25 11:07:34.132 E/HeadsetStateMachine( 3992): returning mCurrentState as Disconnected
05-25 11:07:34.132 E/HeadsetStateMachine( 3992): returning mCurrentState as Disconnected
05-25 11:07:34.132 E/HeadsetStateMachine( 3992): returning mCurrentState as Disconnected
05-25 11:07:34.132 E/HeadsetStateMachine( 3992): returning mCurrentState as Disconnected
05-25 11:07:34.132 E/HeadsetStateMachine( 3992): returning mCurrentState as Disconnected
05-25 11:07:34.132 E/HeadsetStateMachine( 3992): returning mCurrentState as Disconnected
05-25 11:07:34.132 E/HeadsetStateMachine( 3992): returning mCurrentState as Disconnected
05-25 11:07:34.132 E/HeadsetStateMachine( 3992): returning mCurrentState as Disconnected
05-25 11:07:34.147 E/HeadsetStateMachine( 3992): returning mCurrentState as Disconnected
05-25 11:07:34.147 E/HeadsetStateMachine( 3992): returning mCurrentState as Disconnected
05-25 11:07:34.147 E/HeadsetStateMachine( 3992): returning mCurrentState as Disconnected
05-25 11:07:34.147 E/HeadsetStateMachine( 3992): returning mCurrentState as Disconnected
05-25 11:07:34.147 E/HeadsetStateMachine( 3992): returning mCurrentState as Disconnected
05-25 11:07:34.147 E/HeadsetStateMachine( 3992): returning mCurrentState as Disconnected
05-25 11:07:34.147 E/HeadsetStateMachine( 3992): returning mCurrentState as Disconnected
05-25 11:07:34.147 E/HeadsetStateMachine( 3992): returning mCurrentState as Disconnected
05-25 11:07:34.147 E/HeadsetStateMachine( 3992): returning mCurrentState as Disconnected
05-25 11:07:34.147 E/HeadsetStateMachine( 3992): returning mCurrentState as Disconnected
05-25 11:07:34.147 E/HeadsetStateMachine( 3992): returning mCurrentState as Disconnected
05-25 11:07:34.147 E/HeadsetStateMachine( 3992): returning mCurrentState as Disconnected
05-25 11:07:34.147 E/HeadsetStateMachine( 3992): returning mCurrentState as Disconnected
05-25 11:07:34.147 E/HeadsetStateMachine( 3992): returning mCurrentState as Disconnected
05-25 11:07:34.147 E/HeadsetStateMachine( 3992): returning mCurrentState as Disconnected
05-25 11:07:34.147 E/HeadsetStateMachine( 3992): returning mCurrentState as Disconnected
05-25 11:07:34.147 E/HeadsetStateMachine( 3992): returning mCurrentState as Disconnected
05-25 11:07:34.147 E/HeadsetStateMachine( 3992): returning mCurrentState as Disconnected
05-25 11:07:34.147 E/HeadsetStateMachine( 3992): returning mCurrentState as Disconnected
05-25 11:07:34.147 E/HeadsetStateMachine( 3992): returning mCurrentState as Disconnected
05-25 11:07:34.157 E/HeadsetStateMachine( 3992): returning mCurrentState as Disconnected
05-25 11:07:34.157 E/HeadsetStateMachine( 3992): returning mCurrentState as Disconnected
05-25 11:07:34.157 E/HeadsetStateMachine( 3992): returning mCurrentState as Disconnected
05-25 11:07:34.157 E/HeadsetStateMachine( 3992): returning mCurrentState as Disconnected
05-25 11:07:34.157 E/HeadsetStateMachine( 3992): returning mCurrentState as Disconnected
05-25 11:07:34.157 E/HeadsetStateMachine( 3992): returning mCurrentState as Disconnected
05-25 11:07:34.157 E/HeadsetStateMachine( 3992): returning mCurrentState as Disconnected
05-25 11:07:34.157 E/HeadsetStateMachine( 3992): returning mCurrentState as Disconnected
05-25 11:07:34.157 E/HeadsetStateMachine( 3992): returning mCurrentState as Disconnected
05-25 11:07:34.157 E/HeadsetStateMachine( 3992): returning mCurrentState as Disconnected
05-25 11:07:34.157 E/HeadsetStateMachine( 3992): returning mCurrentState as Disconnected
05-25 11:07:34.157 E/HeadsetStateMachine( 3992): returning mCurrentState as Disconnected
05-25 11:07:34.158 E/HeadsetStateMachine( 3992): returning mCurrentState as Disconnected
05-25 11:07:34.158 E/HeadsetStateMachine( 3992): returning mCurrentState as Disconnected
05-25 11:07:34.158 E/HeadsetStateMachine( 3992): returning mCurrentState as Disconnected
05-25 11:07:34.158 E/HeadsetStateMachine( 3992): returning mCurrentState as Disconnected
05-25 11:07:34.158 E/HeadsetStateMachine( 3992): returning mCurrentState as Disconnected
05-25 11:07:34.158 E/HeadsetStateMachine( 3992): returning mCurrentState as Disconnected
05-25 11:07:34.158 E/HeadsetStateMachine( 3992): returning mCurrentState as Disconnected
05-25 11:07:34.158 E/HeadsetStateMachine( 3992): returning mCurrentState as Disconnected
05-25 11:07:34.201 E/HybridPlayerCard(27537): LaunchedEffect: controlsVisible=true, isPlaying=false, interactionCount=0
05-25 11:07:34.202 E/HeadsetStateMachine( 3992): returning mCurrentState as Disconnected
05-25 11:07:34.202 E/HeadsetStateMachine( 3992): returning mCurrentState as Disconnected
05-25 11:07:34.202 E/HeadsetStateMachine( 3992): returning mCurrentState as Disconnected
05-25 11:07:34.202 E/HeadsetStateMachine( 3992): returning mCurrentState as Disconnected
05-25 11:07:34.203 E/HeadsetStateMachine( 3992): returning mCurrentState as Disconnected
05-25 11:07:34.203 E/HeadsetStateMachine( 3992): returning mCurrentState as Disconnected
05-25 11:07:34.203 E/HeadsetStateMachine( 3992): returning mCurrentState as Disconnected
05-25 11:07:34.203 E/HeadsetStateMachine( 3992): returning mCurrentState as Disconnected
05-25 11:07:34.203 E/HeadsetStateMachine( 3992): returning mCurrentState as Disconnected
05-25 11:07:34.203 E/HeadsetStateMachine( 3992): returning mCurrentState as Disconnected
05-25 11:07:34.203 E/HeadsetStateMachine( 3992): returning mCurrentState as Disconnected
05-25 11:07:34.203 E/HeadsetStateMachine( 3992): returning mCurrentState as Disconnected
05-25 11:07:34.203 E/HeadsetStateMachine( 3992): returning mCurrentState as Disconnected
05-25 11:07:34.203 E/HeadsetStateMachine( 3992): returning mCurrentState as Disconnected
05-25 11:07:34.204 E/HeadsetStateMachine( 3992): returning mCurrentState as Disconnected
05-25 11:07:34.204 E/HeadsetStateMachine( 3992): returning mCurrentState as Disconnected
05-25 11:07:34.204 E/HeadsetStateMachine( 3992): returning mCurrentState as Disconnected
05-25 11:07:34.204 E/HeadsetStateMachine( 3992): returning mCurrentState as Disconnected
05-25 11:07:34.204 E/HeadsetStateMachine( 3992): returning mCurrentState as Disconnected
05-25 11:07:34.204 E/HeadsetStateMachine( 3992): returning mCurrentState as Disconnected
05-25 11:07:34.222 E/HeadsetStateMachine( 3992): returning mCurrentState as Disconnected
05-25 11:07:34.222 E/HeadsetStateMachine( 3992): returning mCurrentState as Disconnected
05-25 11:07:34.222 E/HeadsetStateMachine( 3992): returning mCurrentState as Disconnected
05-25 11:07:34.222 E/HeadsetStateMachine( 3992): returning mCurrentState as Disconnected
05-25 11:07:34.223 E/HeadsetStateMachine( 3992): returning mCurrentState as Disconnected
05-25 11:07:34.223 E/HeadsetStateMachine( 3992): returning mCurrentState as Disconnected
05-25 11:07:34.223 E/HeadsetStateMachine( 3992): returning mCurrentState as Disconnected
05-25 11:07:34.223 E/HeadsetStateMachine( 3992): returning mCurrentState as Disconnected
05-25 11:07:34.223 E/HeadsetStateMachine( 3992): returning mCurrentState as Disconnected
05-25 11:07:34.223 E/HeadsetStateMachine( 3992): returning mCurrentState as Disconnected
05-25 11:07:34.223 E/HeadsetStateMachine( 3992): returning mCurrentState as Disconnected
05-25 11:07:34.223 E/HeadsetStateMachine( 3992): returning mCurrentState as Disconnected
05-25 11:07:34.223 E/HeadsetStateMachine( 3992): returning mCurrentState as Disconnected
05-25 11:07:34.223 E/HeadsetStateMachine( 3992): returning mCurrentState as Disconnected
05-25 11:07:34.224 E/HeadsetStateMachine( 3992): returning mCurrentState as Disconnected
05-25 11:07:34.224 E/HeadsetStateMachine( 3992): returning mCurrentState as Disconnected
05-25 11:07:34.224 E/HeadsetStateMachine( 3992): returning mCurrentState as Disconnected
05-25 11:07:34.224 E/HeadsetStateMachine( 3992): returning mCurrentState as Disconnected
05-25 11:07:34.224 E/HeadsetStateMachine( 3992): returning mCurrentState as Disconnected
05-25 11:07:34.224 E/HeadsetStateMachine( 3992): returning mCurrentState as Disconnected
05-25 11:07:34.248 E/HeadsetStateMachine( 3992): returning mCurrentState as Disconnected
05-25 11:07:34.248 E/HeadsetStateMachine( 3992): returning mCurrentState as Disconnected
05-25 11:07:34.248 E/HeadsetStateMachine( 3992): returning mCurrentState as Disconnected
05-25 11:07:34.248 E/HeadsetStateMachine( 3992): returning mCurrentState as Disconnected
05-25 11:07:34.248 E/HeadsetStateMachine( 3992): returning mCurrentState as Disconnected
05-25 11:07:34.248 E/HeadsetStateMachine( 3992): returning mCurrentState as Disconnected
05-25 11:07:34.248 E/HeadsetStateMachine( 3992): returning mCurrentState as Disconnected
05-25 11:07:34.248 E/HeadsetStateMachine( 3992): returning mCurrentState as Disconnected
05-25 11:07:34.248 E/HeadsetStateMachine( 3992): returning mCurrentState as Disconnected
05-25 11:07:34.248 E/HeadsetStateMachine( 3992): returning mCurrentState as Disconnected
05-25 11:07:34.248 E/HeadsetStateMachine( 3992): returning mCurrentState as Disconnected
05-25 11:07:34.248 E/HeadsetStateMachine( 3992): returning mCurrentState as Disconnected
05-25 11:07:34.248 E/HeadsetStateMachine( 3992): returning mCurrentState as Disconnected
05-25 11:07:34.248 E/HeadsetStateMachine( 3992): returning mCurrentState as Disconnected
05-25 11:07:34.248 E/HeadsetStateMachine( 3992): returning mCurrentState as Disconnected
05-25 11:07:34.248 E/HeadsetStateMachine( 3992): returning mCurrentState as Disconnected
05-25 11:07:34.248 E/HeadsetStateMachine( 3992): returning mCurrentState as Disconnected
05-25 11:07:34.248 E/HeadsetStateMachine( 3992): returning mCurrentState as Disconnected
05-25 11:07:34.248 E/HeadsetStateMachine( 3992): returning mCurrentState as Disconnected
05-25 11:07:34.248 E/HeadsetStateMachine( 3992): returning mCurrentState as Disconnected
05-25 11:07:37.219 E/HeadsetStateMachine( 3992): returning mCurrentState as Disconnected
05-25 11:07:37.219 E/HeadsetStateMachine( 3992): returning mCurrentState as Disconnected
05-25 11:07:37.219 E/HeadsetStateMachine( 3992): returning mCurrentState as Disconnected
05-25 11:07:37.219 E/HeadsetStateMachine( 3992): returning mCurrentState as Disconnected
05-25 11:07:37.219 E/HeadsetStateMachine( 3992): returning mCurrentState as Disconnected
05-25 11:07:37.219 E/HeadsetStateMachine( 3992): returning mCurrentState as Disconnected
05-25 11:07:37.219 E/HeadsetStateMachine( 3992): returning mCurrentState as Disconnected
05-25 11:07:37.219 E/HeadsetStateMachine( 3992): returning mCurrentState as Disconnected
05-25 11:07:37.219 E/HeadsetStateMachine( 3992): returning mCurrentState as Disconnected
05-25 11:07:37.219 E/HeadsetStateMachine( 3992): returning mCurrentState as Disconnected
05-25 11:07:37.219 E/HeadsetStateMachine( 3992): returning mCurrentState as Disconnected
05-25 11:07:37.219 E/HeadsetStateMachine( 3992): returning mCurrentState as Disconnected
05-25 11:07:37.220 E/HeadsetStateMachine( 3992): returning mCurrentState as Disconnected
05-25 11:07:37.220 E/HeadsetStateMachine( 3992): returning mCurrentState as Disconnected
05-25 11:07:37.220 E/HeadsetStateMachine( 3992): returning mCurrentState as Disconnected
05-25 11:07:37.220 E/HeadsetStateMachine( 3992): returning mCurrentState as Disconnected
05-25 11:07:37.220 E/HeadsetStateMachine( 3992): returning mCurrentState as Disconnected
05-25 11:07:37.220 E/HeadsetStateMachine( 3992): returning mCurrentState as Disconnected
05-25 11:07:37.220 E/HeadsetStateMachine( 3992): returning mCurrentState as Disconnected
05-25 11:07:37.220 E/HeadsetStateMachine( 3992): returning mCurrentState as Disconnected
05-25 11:07:38.142 E/OrchestrationWorker(19712): [Offline] Controller for Entity [164] Action [OFFLINE_ORCHESTRATION_ACTION_TYPE_REFRESH] timed out
05-25 11:07:38.218 E/NotificationsErrorLogge(19712): YTN: The custom payload could not be unpacked.
05-25 11:07:39.309 E/CommandUtil(19712): java.lang.IllegalStateException: Expected only one extension, saw 0
05-25 11:07:39.309 E/CommandUtil(19712): java.lang.IllegalStateException: Expected only one extension, saw 0
05-25 11:07:39.309 E/CommandUtil(19712): 	at awrd.d(PG:74)
05-25 11:07:39.309 E/CommandUtil(19712): 	at ahnp.a(PG:1)
05-25 11:07:39.309 E/CommandUtil(19712): 	at ahnp.e(PG:80)
05-25 11:07:39.309 E/CommandUtil(19712): 	at ahnj.f(PG:1)
05-25 11:07:39.309 E/CommandUtil(19712): 	at ahnh.h(PG:16)
05-25 11:07:39.309 E/CommandUtil(19712): 	at ahnh.c(PG:144)
05-25 11:07:39.309 E/CommandUtil(19712): 	at arkl.r(PG:312)
05-25 11:07:39.309 E/CommandUtil(19712): 	at wvn.h(PG:997)
05-25 11:07:39.309 E/CommandUtil(19712): 	at wvn.i(PG:304)
05-25 11:07:39.309 E/CommandUtil(19712): 	at wvd.b(PG:21)
05-25 11:07:39.309 E/CommandUtil(19712): 	at bqph.es(PG:11)
05-25 11:07:39.309 E/CommandUtil(19712): 	at bqvu.run(PG:107)
05-25 11:07:39.309 E/CommandUtil(19712): 	at tlf.run(PG:7)
05-25 11:07:39.309 E/CommandUtil(19712): 	at aviv.run(PG:44)
05-25 11:07:39.309 E/CommandUtil(19712): 	at txm.run(PG:863)
05-25 11:07:39.309 E/CommandUtil(19712): 	at fea.run(PG:1104)
05-25 11:07:39.309 E/CommandUtil(19712): 	at java.lang.Thread.run(Thread.java:1564)
05-25 11:07:39.309 E/CommandUtil(19712): 	at tma.run(PG:61)
05-25 11:07:39.310 E/NotificationsErrorLogge(19712): YTN: InteractionLoggingScreen missing for logging event.
05-25 11:07:39.930 E/OpenGLRenderer( 7709): Unable to match the desired swap behavior.
05-25 11:07:39.973 E/QuickAccessWalletKeyguardQuickAffordanceConfig( 7709): Wallet card retrieval error, message: "null"
05-25 11:07:39.978 E/QuickAccessWalletKeyguardQuickAffordanceConfig( 7709): Wallet card retrieval error, message: "null"
05-25 11:07:39.979 E/QuickAccessWalletKeyguardQuickAffordanceConfig( 7709): Wallet card retrieval error, message: "null"
05-25 11:07:40.219 E/HeadsetStateMachine( 3992): returning mCurrentState as Disconnected
05-25 11:07:40.219 E/HeadsetStateMachine( 3992): returning mCurrentState as Disconnected
05-25 11:07:40.219 E/HeadsetStateMachine( 3992): returning mCurrentState as Disconnected
05-25 11:07:40.219 E/HeadsetStateMachine( 3992): returning mCurrentState as Disconnected
05-25 11:07:40.220 E/HeadsetStateMachine( 3992): returning mCurrentState as Disconnected
05-25 11:07:40.220 E/HeadsetStateMachine( 3992): returning mCurrentState as Disconnected
05-25 11:07:40.220 E/HeadsetStateMachine( 3992): returning mCurrentState as Disconnected
05-25 11:07:40.220 E/HeadsetStateMachine( 3992): returning mCurrentState as Disconnected
05-25 11:07:40.220 E/HeadsetStateMachine( 3992): returning mCurrentState as Disconnected
05-25 11:07:40.220 E/HeadsetStateMachine( 3992): returning mCurrentState as Disconnected
05-25 11:07:40.220 E/HeadsetStateMachine( 3992): returning mCurrentState as Disconnected
05-25 11:07:40.220 E/HeadsetStateMachine( 3992): returning mCurrentState as Disconnected
05-25 11:07:40.220 E/HeadsetStateMachine( 3992): returning mCurrentState as Disconnected
05-25 11:07:40.220 E/HeadsetStateMachine( 3992): returning mCurrentState as Disconnected
05-25 11:07:40.220 E/HeadsetStateMachine( 3992): returning mCurrentState as Disconnected
05-25 11:07:40.220 E/HeadsetStateMachine( 3992): returning mCurrentState as Disconnected
05-25 11:07:40.220 E/HeadsetStateMachine( 3992): returning mCurrentState as Disconnected
05-25 11:07:40.220 E/HeadsetStateMachine( 3992): returning mCurrentState as Disconnected
05-25 11:07:40.220 E/HeadsetStateMachine( 3992): returning mCurrentState as Disconnected
05-25 11:07:40.220 E/HeadsetStateMachine( 3992): returning mCurrentState as Disconnected
05-25 11:07:43.227 E/HeadsetStateMachine( 3992): returning mCurrentState as Disconnected
05-25 11:07:43.227 E/HeadsetStateMachine( 3992): returning mCurrentState as Disconnected
05-25 11:07:43.227 E/HeadsetStateMachine( 3992): returning mCurrentState as Disconnected
05-25 11:07:43.228 E/HeadsetStateMachine( 3992): returning mCurrentState as Disconnected
05-25 11:07:43.228 E/HeadsetStateMachine( 3992): returning mCurrentState as Disconnected
05-25 11:07:43.228 E/HeadsetStateMachine( 3992): returning mCurrentState as Disconnected
05-25 11:07:43.228 E/HeadsetStateMachine( 3992): returning mCurrentState as Disconnected
05-25 11:07:43.228 E/HeadsetStateMachine( 3992): returning mCurrentState as Disconnected
05-25 11:07:43.229 E/HeadsetStateMachine( 3992): returning mCurrentState as Disconnected
05-25 11:07:43.229 E/HeadsetStateMachine( 3992): returning mCurrentState as Disconnected
05-25 11:07:43.229 E/HeadsetStateMachine( 3992): returning mCurrentState as Disconnected
05-25 11:07:43.229 E/HeadsetStateMachine( 3992): returning mCurrentState as Disconnected
05-25 11:07:43.229 E/HeadsetStateMachine( 3992): returning mCurrentState as Disconnected
05-25 11:07:43.229 E/HeadsetStateMachine( 3992): returning mCurrentState as Disconnected
05-25 11:07:43.230 E/HeadsetStateMachine( 3992): returning mCurrentState as Disconnected
05-25 11:07:43.230 E/HeadsetStateMachine( 3992): returning mCurrentState as Disconnected
