06-16 01:31:05.249  3286  3991 W ContextImpl: Calling a method in the system process without a qualified user: android.app.ContextImpl.sendBroadcastMultiplePermissions:1314 com.android.server.TelephonyRegistry.broadcastServiceStateChanged:3611 com.android.server.TelephonyRegistry.notifyServiceStateForPhoneId:1734 com.android.internal.telephony.ITelephonyRegistry$Stub.onTransact:550 android.os.Binder.execTransactInternal:1380 
06-16 01:31:05.251  3286  3991 W ContextImpl: Calling a method in the system process without a qualified user: android.app.ContextImpl.sendBroadcastMultiplePermissions:1314 com.android.server.TelephonyRegistry.broadcastServiceStateChanged:3617 com.android.server.TelephonyRegistry.notifyServiceStateForPhoneId:1734 com.android.internal.telephony.ITelephonyRegistry$Stub.onTransact:550 android.os.Binder.execTransactInternal:1380 
06-16 01:31:15.275  3286  3759 D ActivityManager: freezing 21361 com.google.android.cellbroadcastreceiver, reason = oom_cached
06-16 01:31:16.088  3286  6909 W ProcessStats: Tracking association SourceState{7a405c7 com.google.android.gms.persistent/10192 BFgs #102995} whose proc state 4 is better than process ProcessState{94479f4 com.google.android.adservices.api/10357 pkg=com.google.android.adservices.api} proc state 13 (5 skipped)
06-16 01:31:22.348  3286  3286 V UiModeManager: updateLocked: null action, mDockState=0, category=null
06-16 01:31:22.349  3286  3286 D UiModeManager: updateConfigurationLocked: mDockState=0; mCarMode=false; mNightMode=2; mNightModeCustomType=-1; uiMode=33
06-16 01:31:22.356  4198  5216 D PowerUI : can't show warning due to - plugged: true status unknown: false
06-16 01:31:25.975  3286  4228 D ActivityManager: unfreezing ProcessRecord{5433f56 966:com.google.android.gms/u0a192}, reason = oom_uncached, adj = 0, adjType = exec-service, adjSource = null
06-16 01:31:25.979  3286  4228 D ActivityManager: sync unfroze 966 com.google.android.gms for 6
06-16 01:31:26.126  3286  6909 W ProcessStats: Tracking association SourceState{7a405c7 com.google.android.gms.persistent/10192 BFgs #103030} whose proc state 4 is better than process ProcessState{94479f4 com.google.android.adservices.api/10357 pkg=com.google.android.adservices.api} proc state 13 (27 skipped)
06-16 01:31:37.078  3286  3286 V UiModeManager: updateLocked: null action, mDockState=0, category=null
06-16 01:31:37.078  3286  3286 D UiModeManager: updateConfigurationLocked: mDockState=0; mCarMode=false; mNightMode=2; mNightModeCustomType=-1; uiMode=33
06-16 01:31:37.082  3286  3349 W ProcessStats: Tracking association SourceState{7a405c7 com.google.android.gms.persistent/10192 BFgs #103045} whose proc state 4 is better than process ProcessState{94479f4 com.google.android.adservices.api/10357 pkg=com.google.android.adservices.api} proc state 13 (9 skipped)
06-16 01:31:37.082  4198  5219 D PowerUI : can't show warning due to - plugged: true status unknown: false
06-16 01:31:40.930  3286  3759 D ActivityManager: freezing 966 com.google.android.gms, reason = oom_cached
06-16 01:31:41.364  3286  4271 D ActivityManager: unfreezing ProcessRecord{5433f56 966:com.google.android.gms/u0a192}, reason = oom_uncached, adj = 0, adjType = exec-service, adjSource = null
06-16 01:31:41.366  3286  4271 D ActivityManager: sync unfroze 966 com.google.android.gms for 5
06-16 01:31:49.035  3286  4265 W ProcessStats: Tracking association SourceState{7a405c7 com.google.android.gms.persistent/10192 BFgs #103049} whose proc state 4 is better than process ProcessState{94479f4 com.google.android.adservices.api/10357 pkg=com.google.android.adservices.api} proc state 13 (7 skipped)
06-16 01:31:51.427  3286  3759 D ActivityManager: freezing 966 com.google.android.gms, reason = oom_cached
06-16 01:31:53.143  3286  3340 D PowerManagerService: nativeSetPowerMode ret:false mode:5 enabled:true duration ms: 0
06-16 01:31:53.143  4198  4238 V WindowManagerShell: Transition requested: android.os.BinderProxy@cce46c8 TransitionRequestInfo { type = 6, triggerTask = null, remoteTransition = null, displayChange = DisplayChange { displayId = 0, startAbsBounds = null, endAbsBounds = null, startRotation = 0, endRotation = 1, physicalDisplayChanged = false }, flags = 0 }
06-16 01:31:53.154  3286  3342 D DisplayManagerService: Ignore redundant display event 0/2 to 10464/7355
06-16 01:31:53.154  3286  3342 D DisplayManagerService: Ignore redundant display event 0/2 to 10115/8280
06-16 01:31:53.154  3286  3342 D DisplayManagerService: Ignore redundant display event 0/2 to 10224/15083
06-16 01:31:53.154  3286  3342 D DisplayManagerService: Ignore redundant display event 0/2 to 10280/19463
06-16 01:31:53.154  3286  3342 D DisplayManagerService: Ignore redundant display event 0/2 to 10128/21010
06-16 01:31:53.155  3286  3342 D DisplayManagerService: Ignore redundant display event 0/2 to 10383/24751
06-16 01:31:53.155  3286  3342 D DisplayManagerService: Ignore redundant display event 0/2 to 10285/25237
06-16 01:31:53.155  3286  3342 D DisplayManagerService: Ignore redundant display event 0/2 to 10285/29774
06-16 01:31:53.161  3286  4228 I ActivityTaskManager: Config changes=20000580 {0.85 404mcc10mnc [en_IN] ldltr sw508dp w1087dp h460dp 340dpi nrml long layoutCompatNeeded land night finger -keyb/v/h -nav/h winConfig={ mBounds=Rect(0, 0 - 2400, 1080) mAppBounds=Rect(90, 0 - 2400, 1029) mMaxBounds=Rect(0, 0 - 2400, 1080) mDisplayRotation=ROTATION_90 mWindowingMode=fullscreen mDisplayWindowingMode=fullscreen mActivityType=undefined mAlwaysOnTop=undefined mRotation=ROTATION_90} as.6 s.12451 fontWeightAdjustment=0 spnairtel gidffffffffffffffffffff}
06-16 01:31:53.187  3286  4228 I WindowManager: Override config changes=20000580 {0.85 404mcc10mnc [en_IN] ldltr sw508dp w1087dp h460dp 340dpi nrml long layoutCompatNeeded land night finger -keyb/v/h -nav/h winConfig={ mBounds=Rect(0, 0 - 2400, 1080) mAppBounds=Rect(90, 0 - 2400, 1029) mMaxBounds=Rect(0, 0 - 2400, 1080) mDisplayRotation=ROTATION_90 mWindowingMode=fullscreen mDisplayWindowingMode=fullscreen mActivityType=undefined mAlwaysOnTop=undefined mRotation=ROTATION_90} as.6 s.12451 fontWeightAdjustment=0 spnairtel gidffffffffffffffffffff} for displayId=0
06-16 01:31:53.267  4198  4238 V WindowManagerShell: Display changed: 0
06-16 01:31:53.295  4198  4198 D VRI[NavigationBar0]: update {(0,0)(fillx102) gr=BOTTOM CENTER_VERTICAL layoutInDisplayCutoutMode=always ty=NAVIGATION_BAR fmt=TRANSLUCENT
06-16 01:31:53.295  4198  4198 D VRI[NavigationBar0]:   fl=NOT_FOCUSABLE NOT_TOUCH_MODAL WATCH_OUTSIDE_TOUCH SPLIT_TOUCH FLAG_SLIPPERY
06-16 01:31:53.295  4198  4198 D VRI[NavigationBar0]:   pfl=LAYOUT_SIZE_EXTENDED_BY_CUTOUT COLOR_SPACE_AGNOSTIC FIT_INSETS_CONTROLLED TRUSTED_OVERLAY
06-16 01:31:53.295  4198  4198 D VRI[NavigationBar0]:   bhv=DEFAULT
06-16 01:31:53.295  4198  4198 D VRI[NavigationBar0]:   providedInsets:
06-16 01:31:53.295  4198  4198 D VRI[NavigationBar0]:     InsetsFrameProvider: {id=#ad9b0001, index=0, type=navigationBars, source=FRAME, flags=[SUPPRESS_SCRIM], insetsSize=Insets{left=0, top=0, right=0, bottom=51}, insetsSizeOverrides=[TypedInsetsSize: {windowType=INPUT_METHOD, insetsSize=null}]}
06-16 01:31:53.295  4198  4198 D VRI[NavigationBar0]:     InsetsFrameProvider: {id=#ad9b0006, index=0, type=tappableElement, source=FRAME, flags=[], insetsSize=Insets{left=0, top=0, right=0, bottom=0}}
06-16 01:31:53.295  4198  4198 D VRI[NavigationBar0]:     InsetsFrameProvider: {id=#ad9b0005, index=0, type=mandatorySystemGestures, source=FRAME, flags=[], insetsSize=Insets{left=0, top=0, right=0, bottom=68}}
06-16 01:31:53.295  4198  4198 D VRI[NavigationBar0]:     InsetsFrameProvider: {id=#ad9b0004, index=0, type=systemGestures, source=DISPLAY, flags=[], insetsSize=Insets{left=63, top=0, right=0, bottom=0}, mMinimalInsetsSizeInDisplayCutoutSafe=Insets{left=63, top=0, right=0, bottom=0}}
06-16 01:31:53.295  4198  4198 D VRI[NavigationBar0]:     InsetsFrameProvider: {id=#ad9b0024, index=1, type=systemGestures, source=DISPLAY, flags=[], insetsSize=Insets{left=0, top=0, right=63, bottom=0}, mMinimalInsetsSizeInDisplayCutoutSafe=Insets{left=0, top=0, right=63, bottom=0}}
06-16 01:31:53.295  4198  4198 D VRI[NavigationBar0]:   paramsForRotation:
06-16 01:31:53.295  4198  4198 D VRI[NavigationBar0]:     ROTATION_0={(0,0)(fillx102) gr=BOTTOM CENTER_VERTICAL layoutInDisplayCutoutMode=always ty=NAVIGATION_BAR fmt=TRANSLUCENT
06-16 01:31:53.295  4198  4198 D VRI[NavigationBar0]:       fl=NOT_FOCUSABLE NOT_TOUCH_MODAL WATCH_OUTSIDE_TOUCH SPLIT_TOUCH FLAG_SLIPPERY
06-16 01:31:53.295  4198  4198 D VRI[NavigationBar0]:       pfl=LAYOUT_SIZE_EXTENDED_BY_CUTOUT COLOR_SPACE_AGNOSTIC FIT_INSETS_CONTROLLED TRUSTED_OVERLAY
06-16 01:31:53.295  4198  4198 D VRI[NavigationBar0]:       bhv=DEFAULT
06-16 01:31:53.295  4198  4198 D VRI[NavigationBar0]:       providedInsets:
06-16 01:31:53.295  4198  4198 D VRI[NavigationBar0]:         InsetsFrameProvider: {id=#ad9b0001, index=0, type=navigationBars, source=FRAME, flags=[SUPPRESS_SCRIM], insetsSize=Insets{left=0, top=0, right=0, bottom=51}, insetsSizeOverrides=[TypedInsetsSize: {windowType=INPUT_METHOD, insetsSize=null}]}
06-16 01:31:53.295  4198  4198 D VRI[NavigationBar0]:         InsetsFrameProvider: {id=#ad9b0006, index=0, type=tappableElement, source=FRAME, flags=[], insetsSize=Insets{left=0, top=0, right=0, bottom=0}}
06-16 01:31:53.295  4198  4198 D VRI[NavigationBar0]:         InsetsFrameProvider: {id=#ad9b0005, index=0, type=mandatorySystemGestures, source=FRAME, flags=[], insetsSize=Insets{left=0, top=0, right=0, bottom=68}}
06-16 01:31:53.295  4198  4198 D VRI[NavigationBar0]:         InsetsFrameProvider: {id=#ad9b0004, index=0, type=systemGestures, source=DISPLAY, flags=[], insetsSize=Insets{left=63, top=0, right=0, bottom=0}, mMinimalInsetsSizeInDisplayCutoutSafe=Insets{left=63, top=0, right=0, bottom=0}}
06-16 01:31:53.295  4198  4198 D VRI[NavigationBar0]:         InsetsFrameProvider: {id=#ad9b0024, index=1, type=systemGestures, source=DISPLAY, flags=[], insetsSize=Insets{left=0, top=0, right=63, bottom=0}, mMinimalInsetsSizeInDisplayCutoutSafe=Insets{left=0, top=0, right=63, bottom=0}}}
06-16 01:31:53.295  4198  4198 D VRI[NavigationBar0]:     ROTATION_90={(0,0)(fillx102) gr=BOTTOM CENTER_VERTICAL layoutInDisplayCutoutMode=always ty=NAVIGATION_BAR fmt=TRANSLUCENT
06-16 01:31:53.295  4198  4198 D VRI[NavigationBar0]:       fl=NOT_FOCUSABLE NOT_TOUCH_MODAL WATCH_OUTSIDE_TOUCH SPLIT_TOUCH FLAG_SLIPPERY
06-16 01:31:53.295  4198  4198 D VRI[NavigationBar0]:       pfl=LAYOUT_SIZE_EXTENDED_BY_CUTOUT COLOR_SPACE_AGNOSTIC FIT_INSETS_CONTROLLED TRUSTED_OVERLAY
06-16 01:31:53.295  4198  4198 D VRI[NavigationBar0]:       bhv=DEFAULT
06-16 01:31:53.295  4198  4198 D VRI[NavigationBar0]:       providedInsets:
06-16 01:31:53.295  4198  4198 D VRI[NavigationBar0]:         InsetsFrameProvider: {id=#ad9b0001, index=0, type=navigationBars, source=FRAME, flags=[SUPPRESS_SCRIM], insetsSize=Insets{left=0, top=0, right=0, bottom=51}, insetsSizeOverrides=[TypedInsetsSize: {windowType=INPUT_METHOD, insetsSize=null}]}
06-16 01:31:53.295  4198  4198 D VRI[NavigationBar0]:         InsetsFrameProvider: {id=#ad9b0006, index=0, type=tappableElement, source=FRAME, flags=[], insetsSize=Insets{left=0, top=0, right=0, bottom=0}}
06-16 01:31:53.295  4198  4198 D VRI[NavigationBar0]:         InsetsFrameProvider: {id=#ad9b0005, index=0, type=mandatorySystemGestures, source=FRAME, flags=[], insetsSize=Insets{left=0, top=0, right=0, bottom=68}}
06-16 01:31:53.295  4198  4198 D VRI[NavigationBar0]:         InsetsFrameProvider: {id=#ad9b0004, index=0, type=systemGestures, source=DISPLAY, flags=[], insetsSize=Insets{left=63, top=0, right=0, bottom=0}, mMinimalInsetsSizeInDisplayCutoutSafe=Insets{left=63, top=0, right=0, bottom=0}}
06-16 01:31:53.295  4198  4198 D VRI[NavigationBar0]:         InsetsFrameProvider: {id=#ad9b0024, index=1, type=systemGestures, source=DISPLAY, flags=[], insetsSize=Insets{left=0, top=0, right=63, bottom=0}, mMinimalInsetsSizeInDisplayCutoutSafe=Insets{left=0, top=0, right=63, bottom=0}}}
06-16 01:31:53.295  4198  4198 D VRI[NavigationBar0]:     ROTATION_180={(0,0)(fillx102) gr=BOTTOM CENTER_VERTICAL layoutInDisplayCutoutMode=always ty=NAVIGATION_BAR fmt=TRANSLUCENT
06-16 01:31:53.295  4198  4198 D VRI[NavigationBar0]:       fl=NOT_FOCUSABLE NOT_TOUCH_MODAL WATCH_OUTSIDE_TOUCH SPLIT_TOUCH FLAG_SLIPPERY
06-16 01:31:53.295  4198  4198 D VRI[NavigationBar0]:       pfl=LAYOUT_SIZE_EXTENDED_BY_CUTOUT COLOR_SPACE_AGNOSTIC FIT_INSETS_CONTROLLED TRUSTED_OVERLAY
06-16 01:31:53.295  4198  4198 D VRI[NavigationBar0]:       bhv=DEFAULT
06-16 01:31:53.295  4198  4198 D VRI[NavigationBar0]:       providedInsets:
06-16 01:31:53.295  4198  4198 D VRI[NavigationBar0]:         InsetsFrameProvider: {id=#ad9b0001, index=0, type=navigationBars, source=FRAME, flags=[SUPPRESS_SCRIM], insetsSize=Insets{left=0, top=0, right=0, bottom=51}, insetsSizeOverrides=[TypedInsetsSize: {windowType=INPUT_METHOD, insetsSize=null}]}
06-16 01:31:53.295  4198  4198 D VRI[NavigationBar0]:         InsetsFrameProvider: {id=#ad9b0006, index=0, type=tappableElement, source=FRAME, flags=[], insetsSize=Insets{left=0, top=0, right=0, bottom=0}}
06-16 01:31:53.295  4198  4198 D VRI[NavigationBar0]:         InsetsFrameProvider: {id=#ad9b0005, index=0, type=mandatorySystemGestures, source=FRAME, flags=[], insetsSize=Insets{left=0, top=0, right=0, bottom=68}}
06-16 01:31:53.295  4198  4198 D VRI[NavigationBar0]:         InsetsFrameProvider: {id=#ad9b0004, index=0, type=systemGestures, source=DISPLAY, flags=[], insetsSize=Insets{left=63, top=0, right=0, bottom=0}, mMinimalInsetsSizeInDisplayCutoutSafe=Insets{left=63, top=0, right=0, bottom=0}}
06-16 01:31:53.295  4198  4198 D VRI[NavigationBar0]:         InsetsFrameProvider: {id=#ad9b0024, index=1, type=systemGestures, source=DISPLAY, flags=[], insetsSize=Insets{left=0, top=0, right=63, bottom=0}, mMinimalInsetsSizeInDisplayCutoutSafe=Insets{left=0, top=0, right=63, bottom=0}}}
06-16 01:31:53.295  4198  4198 D VRI[NavigationBar0]:     ROTATION_270={(0,0)(fillx102) gr=BOTTOM CENTER_VERTICAL layoutInDisplayCutoutMode=always ty=NAVIGATION_BAR fmt=TRANSLUCENT
06-16 01:31:53.295  4198  4198 D VRI[NavigationBar0]:       fl=NOT_FOCUSABLE NOT_TOUCH_MODAL WATCH_OUTSIDE_TOUCH SPLIT_TOUCH FLAG_SLIPPERY
06-16 01:31:53.295  4198  4198 D VRI[NavigationBar0]:       pfl=LAYOUT_SIZE_EXTENDED_BY_CUTOUT COLOR_SPACE_AGNOSTIC FIT_INSETS_CONTROLLED TRUSTED_OVERLAY
06-16 01:31:53.295  4198  4198 D VRI[NavigationBar0]:       bhv=DEFAULT
06-16 01:31:53.295  4198  4198 D VRI[NavigationBar0]:       providedInsets:
06-16 01:31:53.295  4198  4198 D VRI[NavigationBar0]:         InsetsFrameProvider: {id=#ad9b0001, index=0, type=navigationBars, source=FRAME, flags=[SUPPRESS_SCRIM], insetsSize=Insets{left=0, top=0, right=0, bottom=51}, insetsSizeOverrides=[TypedInsetsSize: {windowType=INPUT_METHOD, insetsSize=null}]}
06-16 01:31:53.295  4198  4198 D VRI[NavigationBar0]:         InsetsFrameProvider: {id=#ad9b0006, index=0, type=tappableElement, source=FRAME, flags=[], insetsSize=Insets{left=0, top=0, right=0, bottom=0}}
06-16 01:31:53.295  4198  4198 D VRI[NavigationBar0]:         InsetsFrameProvider: {id=#ad9b0005, index=0, type=mandatorySystemGestures, source=FRAME, flags=[], insetsSize=Insets{left=0, top=0, right=0, bottom=68}}
06-16 01:31:53.295  4198  4198 D VRI[NavigationBar0]:         InsetsFrameProvider: {id=#ad9b0004, index=0, type=systemGestures, source=DISPLAY, flags=[], insetsSize=Insets{left=63, top=0, right=0, bottom=0}, mMinimalInsetsSizeInDisplayCutoutSafe=Insets{left=63, top=0, right=0, bottom=0}}
06-16 01:31:53.295  4198  4198 D VRI[NavigationBar0]:         InsetsFrameProvider: {id=#ad9b0024, index=1, type=systemGestures, source=DISPLAY, flags=[], insetsSize=Insets{left=0, top=0, right=63, bottom=0}, mMinimalInsetsSizeInDisplayCutoutSafe=Insets{left=0, top=0, right=63, bottom=0}}}} by setLayoutParams
06-16 01:31:53.304  4198  4198 D VRI[StatusBar]: update {(0,0)(fillx60) gr=TOP CENTER_VERTICAL layoutInDisplayCutoutMode=always ty=STATUS_BAR fmt=TRANSLUCENT
06-16 01:31:53.304  4198  4198 D VRI[StatusBar]:   fl=NOT_FOCUSABLE SPLIT_TOUCH HARDWARE_ACCELERATED DRAWS_SYSTEM_BAR_BACKGROUNDS
06-16 01:31:53.304  4198  4198 D VRI[StatusBar]:   pfl=COLOR_SPACE_AGNOSTIC FIT_INSETS_CONTROLLED
06-16 01:31:53.304  4198  4198 D VRI[StatusBar]:   bhv=DEFAULT
06-16 01:31:53.304  4198  4198 D VRI[StatusBar]:   providedInsets:
06-16 01:31:53.304  4198  4198 D VRI[StatusBar]:     InsetsFrameProvider: {id=#c6500000, index=0, type=statusBars, source=FRAME, flags=[], insetsSize=Insets{left=0, top=90, right=0, bottom=0}}
06-16 01:31:53.304  4198  4198 D VRI[StatusBar]:     InsetsFrameProvider: {id=#c6500006, index=0, type=tappableElement, source=FRAME, flags=[], insetsSize=Insets{left=0, top=90, right=0, bottom=0}}
06-16 01:31:53.304  4198  4198 D VRI[StatusBar]:     InsetsFrameProvider: {id=#c6500005, index=0, type=mandatorySystemGestures, source=FRAME, flags=[], mMinimalInsetsSizeInDisplayCutoutSafe=Insets{left=0, top=33, right=0, bottom=0}}
06-16 01:31:53.304  4198  4198 D VRI[StatusBar]:   paramsForRotation:
06-16 01:31:53.304  4198  4198 D VRI[StatusBar]:     ROTATION_0={(0,0)(fillx90) gr=TOP CENTER_VERTICAL layoutInDisplayCutoutMode=always ty=STATUS_BAR fmt=TRANSLUCENT
06-16 01:31:53.304  4198  4198 D VRI[StatusBar]:       fl=NOT_FOCUSABLE SPLIT_TOUCH DRAWS_SYSTEM_BAR_BACKGROUNDS
06-16 01:31:53.304  4198  4198 D VRI[StatusBar]:       pfl=COLOR_SPACE_AGNOSTIC FIT_INSETS_CONTROLLED
06-16 01:31:53.304  4198  4198 D VRI[StatusBar]:       bhv=DEFAULT
06-16 01:31:53.304  4198  4198 D VRI[StatusBar]:       providedInsets:
06-16 01:31:53.304  4198  4198 D VRI[StatusBar]:         InsetsFrameProvider: {id=#c6500000, index=0, type=statusBars, source=FRAME, flags=[], insetsSize=Insets{left=0, top=90, right=0, bottom=0}}
06-16 01:31:53.304  4198  4198 D VRI[StatusBar]:         InsetsFrameProvider: {id=#c6500006, index=0, type=tappableElement, source=FRAME, flags=[], insetsSize=Insets{left=0, top=90, right=0, bottom=0}}
06-16 01:31:53.304  4198  4198 D VRI[StatusBar]:         InsetsFrameProvider: {id=#c6500005, index=0, type=mandatorySystemGestures, source=FRAME, flags=[], insetsSize=Insets{left=0, top=90, right=0, bottom=0}, mMinimalInsetsSizeInDisplayCutoutSafe=Insets{left=0, top=33, right=0, bottom=0}}}
06-16 01:31:53.304  4198  4198 D VRI[StatusBar]:     ROTATION_90={(0,0)(fillx51) gr=TOP CENTER_VERTICAL layoutInDisplayCutoutMode=always ty=STATUS_BAR fmt=TRANSLUCENT
06-16 01:31:53.304  4198  4198 D VRI[StatusBar]:       fl=NOT_FOCUSABLE SPLIT_TOUCH DRAWS_SYSTEM_BAR_BACKGROUNDS
06-16 01:31:53.304  4198  4198 D VRI[StatusBar]:       pfl=COLOR_SPACE_AGNOSTIC FIT_INSETS_CONTROLLED
06-16 01:31:53.304  4198  4198 D VRI[StatusBar]:       bhv=DEFAULT
06-16 01:31:53.304  4198  4198 D VRI[StatusBar]:       providedInsets:
06-16 01:31:53.304  4198  4198 D VRI[StatusBar]:         InsetsFrameProvider: {id=#c6500000, index=0, type=statusBars, source=FRAME, flags=[], insetsSize=Insets{left=0, top=51, right=0, bottom=0}}
06-16 01:31:53.304  4198  4198 D VRI[StatusBar]:         InsetsFrameProvider: {id=#c6500006, index=0, type=tappableElement, source=FRAME, flags=[], insetsSize=Insets{left=0, top=51, right=0, bottom=0}}
06-16 01:31:53.304  4198  4198 D VRI[StatusBar]:         InsetsFrameProvider: {id=#c6500005, index=0, type=mandatorySystemGestures, source=FRAME, flags=[], insetsSize=Insets{left=0, top=51, right=0, bottom=0}, mMinimalInsetsSizeInDisplayCutoutSafe=Insets{left=0, top=33, right=0, bottom=0}}}
06-16 01:31:53.304  4198  4198 D VRI[StatusBar]:     ROTATION_180={(0,0)(fillx51) gr=TOP CENTER_VERTICAL layoutInDisplayCutoutMode=always ty=STATUS_BAR fmt=TRANSLUCENT
06-16 01:31:53.304  4198  4198 D VRI[StatusBar]:       fl=NOT_FOCUSABLE SPLIT_TOUCH DRAWS_SYSTEM_BAR_BACKGROUNDS
06-16 01:31:53.304  4198  4198 D VRI[StatusBar]:       pfl=COLOR_SPACE_AGNOSTIC FIT_INSETS_CONTROLLED
06-16 01:31:53.304  4198  4198 D VRI[StatusBar]:       bhv=DEFAULT
06-16 01:31:53.304  4198  4198 D VRI[StatusBar]:       providedInsets:
06-16 01:31:53.304  4198  4198 D VRI[StatusBar]:         InsetsFrameProvider: {id=#c6500000, index=0, type=statusBars, source=FRAME, flags=[], insetsSize=Insets{left=0, top=51, right=0, bottom=0}}
06-16 01:31:53.304  4198  4198 D VRI[StatusBar]:         InsetsFrameProvider: {id=#c6500006, index=0, type=tappableElement, source=FRAME, flags=[], insetsSize=Insets{left=0, top=51, right=0, bottom=0}}
06-16 01:31:53.304  4198  4198 D VRI[StatusBar]:         InsetsFrameProvider: {id=#c6500005, index=0, type=mandatorySystemGestures, source=FRAME, flags=[], insetsSize=Insets{left=0, top=51, right=0, bottom=0}, mMinimalInsetsSizeInDisplayCutoutSafe=Insets{left=0, top=33, right=0, bottom=0}}}
06-16 01:31:53.304  4198  4198 D VRI[StatusBar]:     ROTATION_270={(0,0)(fillx51) gr=TOP CENTER_VERTICAL layoutInDisplayCutoutMode=always ty=STATUS_BAR fmt=TRANSLUCENT
06-16 01:31:53.304  4198  4198 D VRI[StatusBar]:       fl=NOT_FOCUSABLE SPLIT_TOUCH DRAWS_SYSTEM_BAR_BACKGROUNDS
06-16 01:31:53.304  4198  4198 D VRI[StatusBar]:       pfl=COLOR_SPACE_AGNOSTIC FIT_INSETS_CONTROLLED
06-16 01:31:53.304  4198  4198 D VRI[StatusBar]:       bhv=DEFAULT
06-16 01:31:53.304  4198  4198 D VRI[StatusBar]:       providedInsets:
06-16 01:31:53.304  4198  4198 D VRI[StatusBar]:         InsetsFrameProvider: {id=#c6500000, index=0, type=statusBars, source=FRAME, flags=[], insetsSize=Insets{left=0, top=51, right=0, bottom=0}}
06-16 01:31:53.304  4198  4198 D VRI[StatusBar]:         InsetsFrameProvider: {id=#c6500006, index=0, type=tappableElement, source=FRAME, flags=[], insetsSize=Insets{left=0, top=51, right=0, bottom=0}}
06-16 01:31:53.304  4198  4198 D VRI[StatusBar]:         InsetsFrameProvider: {id=#c6500005, index=0, type=mandatorySystemGestures, source=FRAME, flags=[], insetsSize=Insets{left=0, top=51, right=0, bottom=0}, mMinimalInsetsSizeInDisplayCutoutSafe=Insets{left=0, top=33, right=0, bottom=0}}}} by setLayoutParams
06-16 01:31:53.356  4198  4398 D VRI[ScreenDecorOverlay]: update {(0,0)(wrapxfill) gr=LEFT CENTER_HORIZONTAL layoutInDisplayCutoutMode=always ty=NAVIGATION_BAR_PANEL fmt=TRANSLUCENT
06-16 01:31:53.356  4198  4398 D VRI[ScreenDecorOverlay]:   fl=NOT_FOCUSABLE NOT_TOUCHABLE NOT_TOUCH_MODAL LAYOUT_IN_SCREEN SPLIT_TOUCH FLAG_SLIPPERY
06-16 01:31:53.356  4198  4398 D VRI[ScreenDecorOverlay]:   pfl=SHOW_FOR_ALL_USERS NO_MOVE_ANIMATION IS_ROUNDED_CORNERS_OVERLAY COLOR_SPACE_AGNOSTIC FIT_INSETS_CONTROLLED TRUSTED_OVERLAY
06-16 01:31:53.356  4198  4398 D VRI[ScreenDecorOverlay]:   bhv=DEFAULT} by setLayoutParams
06-16 01:31:53.356  3286  6909 W PackageConfigPersister: App-specific configuration not found for packageName: com.deepeye.musicpro and userId: 0
06-16 01:31:53.361  4198  4198 D VRI[NavigationBar0]: update {(0,0)(fillx102) gr=BOTTOM CENTER_VERTICAL layoutInDisplayCutoutMode=always ty=NAVIGATION_BAR fmt=TRANSLUCENT
06-16 01:31:53.361  4198  4198 D VRI[NavigationBar0]:   fl=NOT_FOCUSABLE NOT_TOUCH_MODAL WATCH_OUTSIDE_TOUCH SPLIT_TOUCH FLAG_SLIPPERY
06-16 01:31:53.361  4198  4198 D VRI[NavigationBar0]:   pfl=LAYOUT_SIZE_EXTENDED_BY_CUTOUT COLOR_SPACE_AGNOSTIC FIT_INSETS_CONTROLLED TRUSTED_OVERLAY
06-16 01:31:53.361  4198  4198 D VRI[NavigationBar0]:   bhv=DEFAULT
06-16 01:31:53.361  4198  4198 D VRI[NavigationBar0]:   providedInsets:
06-16 01:31:53.361  4198  4198 D VRI[NavigationBar0]:     InsetsFrameProvider: {id=#ad9b0001, index=0, type=navigationBars, source=FRAME, flags=[SUPPRESS_SCRIM], insetsSize=Insets{left=0, top=0, right=0, bottom=51}, insetsSizeOverrides=[TypedInsetsSize: {windowType=INPUT_METHOD, insetsSize=null}]}
06-16 01:31:53.361  4198  4198 D VRI[NavigationBar0]:     InsetsFrameProvider: {id=#ad9b0006, index=0, type=tappableElement, source=FRAME, flags=[], insetsSize=Insets{left=0, top=0, right=0, bottom=0}}
06-16 01:31:53.361  4198  4198 D VRI[NavigationBar0]:     InsetsFrameProvider: {id=#ad9b0005, index=0, type=mandatorySystemGestures, source=FRAME, flags=[], insetsSize=Insets{left=0, top=0, right=0, bottom=68}}
06-16 01:31:53.361  4198  4198 D VRI[NavigationBar0]:     InsetsFrameProvider: {id=#ad9b0004, index=0, type=systemGestures, source=DISPLAY, flags=[], insetsSize=Insets{left=63, top=0, right=0, bottom=0}, mMinimalInsetsSizeInDisplayCutoutSafe=Insets{left=63, top=0, right=0, bottom=0}}
06-16 01:31:53.361  4198  4198 D VRI[NavigationBar0]:     InsetsFrameProvider: {id=#ad9b0024, index=1, type=systemGestures, source=DISPLAY, flags=[], insetsSize=Insets{left=0, top=0, right=63, bottom=0}, mMinimalInsetsSizeInDisplayCutoutSafe=Insets{left=0, top=0, right=63, bottom=0}}
06-16 01:31:53.361  4198  4198 D VRI[NavigationBar0]:   paramsForRotation:
06-16 01:31:53.361  4198  4198 D VRI[NavigationBar0]:     ROTATION_0={(0,0)(fillx102) gr=BOTTOM CENTER_VERTICAL layoutInDisplayCutoutMode=always ty=NAVIGATION_BAR fmt=TRANSLUCENT
06-16 01:31:53.361  4198  4198 D VRI[NavigationBar0]:       fl=NOT_FOCUSABLE NOT_TOUCH_MODAL WATCH_OUTSIDE_TOUCH SPLIT_TOUCH FLAG_SLIPPERY
06-16 01:31:53.361  4198  4198 D VRI[NavigationBar0]:       pfl=LAYOUT_SIZE_EXTENDED_BY_CUTOUT COLOR_SPACE_AGNOSTIC FIT_INSETS_CONTROLLED TRUSTED_OVERLAY
06-16 01:31:53.361  4198  4198 D VRI[NavigationBar0]:       bhv=DEFAULT
06-16 01:31:53.361  4198  4198 D VRI[NavigationBar0]:       providedInsets:
06-16 01:31:53.361  4198  4198 D VRI[NavigationBar0]:         InsetsFrameProvider: {id=#ad9b0001, index=0, type=navigationBars, source=FRAME, flags=[SUPPRESS_SCRIM], insetsSize=Insets{left=0, top=0, right=0, bottom=51}, insetsSizeOverrides=[TypedInsetsSize: {windowType=INPUT_METHOD, insetsSize=null}]}
06-16 01:31:53.361  4198  4198 D VRI[NavigationBar0]:         InsetsFrameProvider: {id=#ad9b0006, index=0, type=tappableElement, source=FRAME, flags=[], insetsSize=Insets{left=0, top=0, right=0, bottom=0}}
06-16 01:31:53.361  4198  4198 D VRI[NavigationBar0]:         InsetsFrameProvider: {id=#ad9b0005, index=0, type=mandatorySystemGestures, source=FRAME, flags=[], insetsSize=Insets{left=0, top=0, right=0, bottom=68}}
06-16 01:31:53.361  4198  4198 D VRI[NavigationBar0]:         InsetsFrameProvider: {id=#ad9b0004, index=0, type=systemGestures, source=DISPLAY, flags=[], insetsSize=Insets{left=63, top=0, right=0, bottom=0}, mMinimalInsetsSizeInDisplayCutoutSafe=Insets{left=63, top=0, right=0, bottom=0}}
06-16 01:31:53.361  4198  4198 D VRI[NavigationBar0]:         InsetsFrameProvider: {id=#ad9b0024, index=1, type=systemGestures, source=DISPLAY, flags=[], insetsSize=Insets{left=0, top=0, right=63, bottom=0}, mMinimalInsetsSizeInDisplayCutoutSafe=Insets{left=0, top=0, right=63, bottom=0}}}
06-16 01:31:53.361  4198  4198 D VRI[NavigationBar0]:     ROTATION_90={(0,0)(fillx102) gr=BOTTOM CENTER_VERTICAL layoutInDisplayCutoutMode=always ty=NAVIGATION_BAR fmt=TRANSLUCENT
06-16 01:31:53.361  4198  4198 D VRI[NavigationBar0]:       fl=NOT_FOCUSABLE NOT_TOUCH_MODAL WATCH_OUTSIDE_TOUCH SPLIT_TOUCH FLAG_SLIPPERY
06-16 01:31:53.361  4198  4198 D VRI[NavigationBar0]:       pfl=LAYOUT_SIZE_EXTENDED_BY_CUTOUT COLOR_SPACE_AGNOSTIC FIT_INSETS_CONTROLLED TRUSTED_OVERLAY
06-16 01:31:53.361  4198  4198 D VRI[NavigationBar0]:       bhv=DEFAULT
06-16 01:31:53.361  4198  4198 D VRI[NavigationBar0]:       providedInsets:
06-16 01:31:53.361  4198  4198 D VRI[NavigationBar0]:         InsetsFrameProvider: {id=#ad9b0001, index=0, type=navigationBars, source=FRAME, flags=[SUPPRESS_SCRIM], insetsSize=Insets{left=0, top=0, right=0, bottom=51}, insetsSizeOverrides=[TypedInsetsSize: {windowType=INPUT_METHOD, insetsSize=null}]}
06-16 01:31:53.361  4198  4198 D VRI[NavigationBar0]:         InsetsFrameProvider: {id=#ad9b0006, index=0, type=tappableElement, source=FRAME, flags=[], insetsSize=Insets{left=0, top=0, right=0, bottom=0}}
06-16 01:31:53.361  4198  4198 D VRI[NavigationBar0]:         InsetsFrameProvider: {id=#ad9b0005, index=0, type=mandatorySystemGestures, source=FRAME, flags=[], insetsSize=Insets{left=0, top=0, right=0, bottom=68}}
06-16 01:31:53.361  4198  4198 D VRI[NavigationBar0]:         InsetsFrameProvider: {id=#ad9b0004, index=0, type=systemGestures, source=DISPLAY, flags=[], insetsSize=Insets{left=63, top=0, right=0, bottom=0}, mMinimalInsetsSizeInDisplayCutoutSafe=Insets{left=63, top=0, right=0, bottom=0}}
06-16 01:31:53.361  4198  4198 D VRI[NavigationBar0]:         InsetsFrameProvider: {id=#ad9b0024, index=1, type=systemGestures, source=DISPLAY, flags=[], insetsSize=Insets{left=0, top=0, right=63, bottom=0}, mMinimalInsetsSizeInDisplayCutoutSafe=Insets{left=0, top=0, right=63, bottom=0}}}
06-16 01:31:53.361  4198  4198 D VRI[NavigationBar0]:     ROTATION_180={(0,0)(fillx102) gr=BOTTOM CENTER_VERTICAL layoutInDisplayCutoutMode=always ty=NAVIGATION_BAR fmt=TRANSLUCENT
06-16 01:31:53.361  4198  4198 D VRI[NavigationBar0]:       fl=NOT_FOCUSABLE NOT_TOUCH_MODAL WATCH_OUTSIDE_TOUCH SPLIT_TOUCH FLAG_SLIPPERY
06-16 01:31:53.361  4198  4198 D VRI[NavigationBar0]:       pfl=LAYOUT_SIZE_EXTENDED_BY_CUTOUT COLOR_SPACE_AGNOSTIC FIT_INSETS_CONTROLLED TRUSTED_OVERLAY
06-16 01:31:53.361  4198  4198 D VRI[NavigationBar0]:       bhv=DEFAULT
06-16 01:31:53.361  4198  4198 D VRI[NavigationBar0]:       providedInsets:
06-16 01:31:53.361  4198  4198 D VRI[NavigationBar0]:         InsetsFrameProvider: {id=#ad9b0001, index=0, type=navigationBars, source=FRAME, flags=[SUPPRESS_SCRIM], insetsSize=Insets{left=0, top=0, right=0, bottom=51}, insetsSizeOverrides=[TypedInsetsSize: {windowType=INPUT_METHOD, insetsSize=null}]}
06-16 01:31:53.361  4198  4198 D VRI[NavigationBar0]:         InsetsFrameProvider: {id=#ad9b0006, index=0, type=tappableElement, source=FRAME, flags=[], insetsSize=Insets{left=0, top=0, right=0, bottom=0}}
06-16 01:31:53.361  4198  4198 D VRI[NavigationBar0]:         InsetsFrameProvider: {id=#ad9b0005, index=0, type=mandatorySystemGestures, source=FRAME, flags=[], insetsSize=Insets{left=0, top=0, right=0, bottom=68}}
06-16 01:31:53.361  4198  4198 D VRI[NavigationBar0]:         InsetsFrameProvider: {id=#ad9b0004, index=0, type=systemGestures, source=DISPLAY, flags=[], insetsSize=Insets{left=63, top=0, right=0, bottom=0}, mMinimalInsetsSizeInDisplayCutoutSafe=Insets{left=63, top=0, right=0, bottom=0}}
06-16 01:31:53.361  4198  4198 D VRI[NavigationBar0]:         InsetsFrameProvider: {id=#ad9b0024, index=1, type=systemGestures, source=DISPLAY, flags=[], insetsSize=Insets{left=0, top=0, right=63, bottom=0}, mMinimalInsetsSizeInDisplayCutoutSafe=Insets{left=0, top=0, right=63, bottom=0}}}
06-16 01:31:53.361  4198  4198 D VRI[NavigationBar0]:     ROTATION_270={(0,0)(fillx102) gr=BOTTOM CENTER_VERTICAL layoutInDisplayCutoutMode=always ty=NAVIGATION_BAR fmt=TRANSLUCENT
06-16 01:31:53.361  4198  4198 D VRI[NavigationBar0]:       fl=NOT_FOCUSABLE NOT_TOUCH_MODAL WATCH_OUTSIDE_TOUCH SPLIT_TOUCH FLAG_SLIPPERY
06-16 01:31:53.361  4198  4198 D VRI[NavigationBar0]:       pfl=LAYOUT_SIZE_EXTENDED_BY_CUTOUT COLOR_SPACE_AGNOSTIC FIT_INSETS_CONTROLLED TRUSTED_OVERLAY
06-16 01:31:53.361  4198  4198 D VRI[NavigationBar0]:       bhv=DEFAULT
06-16 01:31:53.361  4198  4198 D VRI[NavigationBar0]:       providedInsets:
06-16 01:31:53.361  4198  4198 D VRI[NavigationBar0]:         InsetsFrameProvider: {id=#ad9b0001, index=0, type=navigationBars, source=FRAME, flags=[SUPPRESS_SCRIM], insetsSize=Insets{left=0, top=0, right=0, bottom=51}, insetsSizeOverrides=[TypedInsetsSize: {windowType=INPUT_METHOD, insetsSize=null}]}
06-16 01:31:53.361  4198  4198 D VRI[NavigationBar0]:         InsetsFrameProvider: {id=#ad9b0006, index=0, type=tappableElement, source=FRAME, flags=[], insetsSize=Insets{left=0, top=0, right=0, bottom=0}}
06-16 01:31:53.361  4198  4198 D VRI[NavigationBar0]:         InsetsFrameProvider: {id=#ad9b0005, index=0, type=mandatorySystemGestures, source=FRAME, flags=[], insetsSize=Insets{left=0, top=0, right=0, bottom=68}}
06-16 01:31:53.361  4198  4198 D VRI[NavigationBar0]:         InsetsFrameProvider: {id=#ad9b0004, index=0, type=systemGestures, source=DISPLAY, flags=[], insetsSize=Insets{left=63, top=0, right=0, bottom=0}, mMinimalInsetsSizeInDisplayCutoutSafe=Insets{left=63, top=0, right=0, bottom=0}}
06-16 01:31:53.361  4198  4198 D VRI[NavigationBar0]:         InsetsFrameProvider: {id=#ad9b0024, index=1, type=systemGestures, source=DISPLAY, flags=[], insetsSize=Insets{left=0, top=0, right=63, bottom=0}, mMinimalInsetsSizeInDisplayCutoutSafe=Insets{left=0, top=0, right=63, bottom=0}}}} by setLayoutParams
06-16 01:31:53.364  4198  4398 D VRI[ScreenDecorOverlayBottom]: update {(0,0)(wrapxfill) gr=RIGHT CENTER_HORIZONTAL layoutInDisplayCutoutMode=always ty=NAVIGATION_BAR_PANEL fmt=TRANSLUCENT
06-16 01:31:53.364  4198  4398 D VRI[ScreenDecorOverlayBottom]:   fl=NOT_FOCUSABLE NOT_TOUCHABLE NOT_TOUCH_MODAL LAYOUT_IN_SCREEN SPLIT_TOUCH FLAG_SLIPPERY
06-16 01:31:53.364  4198  4398 D VRI[ScreenDecorOverlayBottom]:   pfl=SHOW_FOR_ALL_USERS NO_MOVE_ANIMATION IS_ROUNDED_CORNERS_OVERLAY COLOR_SPACE_AGNOSTIC FIT_INSETS_CONTROLLED TRUSTED_OVERLAY
06-16 01:31:53.364  4198  4398 D VRI[ScreenDecorOverlayBottom]:   bhv=DEFAULT} by setLayoutParams
06-16 01:31:53.366  4198  4398 D VRI[ScreenDecorOverlay]: update {(0,0)(wrapxfill) gr=LEFT CENTER_HORIZONTAL layoutInDisplayCutoutMode=always ty=NAVIGATION_BAR_PANEL fmt=TRANSLUCENT
06-16 01:31:53.366  4198  4398 D VRI[ScreenDecorOverlay]:   fl=NOT_FOCUSABLE NOT_TOUCHABLE NOT_TOUCH_MODAL LAYOUT_IN_SCREEN SPLIT_TOUCH FLAG_SLIPPERY
06-16 01:31:53.366  4198  4398 D VRI[ScreenDecorOverlay]:   pfl=SHOW_FOR_ALL_USERS NO_MOVE_ANIMATION IS_ROUNDED_CORNERS_OVERLAY COLOR_SPACE_AGNOSTIC FIT_INSETS_CONTROLLED TRUSTED_OVERLAY
06-16 01:31:53.366  4198  4398 D VRI[ScreenDecorOverlay]:   bhv=DEFAULT} by setLayoutParams
06-16 01:31:53.374  4198  4398 D VRI[ScreenDecorOverlayBottom]: update {(0,0)(wrapxfill) gr=RIGHT CENTER_HORIZONTAL layoutInDisplayCutoutMode=always ty=NAVIGATION_BAR_PANEL fmt=TRANSLUCENT
06-16 01:31:53.374  4198  4398 D VRI[ScreenDecorOverlayBottom]:   fl=NOT_FOCUSABLE NOT_TOUCHABLE NOT_TOUCH_MODAL LAYOUT_IN_SCREEN SPLIT_TOUCH FLAG_SLIPPERY
06-16 01:31:53.374  4198  4398 D VRI[ScreenDecorOverlayBottom]:   pfl=SHOW_FOR_ALL_USERS NO_MOVE_ANIMATION IS_ROUNDED_CORNERS_OVERLAY COLOR_SPACE_AGNOSTIC FIT_INSETS_CONTROLLED TRUSTED_OVERLAY
06-16 01:31:53.374  4198  4398 D VRI[ScreenDecorOverlayBottom]:   bhv=DEFAULT} by setLayoutParams
06-16 01:31:53.406  3286  7050 I WindowManager: finishDrawing of orientation change: Window{dbe8ec4 u0 com.deepeye.musicpro/com.deepeye.musicpro.MainActivity} 161ms
06-16 01:31:53.407  3286  3343 W ActivityTaskManager: activity boost didn't release as expected
06-16 01:31:53.412  3286  3339 V WindowManager: Sent Transition #506 createdAt=06-16 01:31:53.142 via request=TransitionRequestInfo { type = 6, triggerTask = null, remoteTransition = null, displayChange = DisplayChange { displayId = 0, startAbsBounds = null, endAbsBounds = null, startRotation = 0, endRotation = 1, physicalDisplayChanged = false }, flags = 0 }
06-16 01:31:53.412  3286  3339 V WindowManager:     startWCT=WindowContainerTransaction { changes = {} hops = [] errorCallbackToken=null taskFragmentOrganizer=null }
06-16 01:31:53.412  3286  3339 V WindowManager:     info={id=506 t=CHANGE f=0x0 trk=0 r=[0@Point(0, 0)] c=[{WCT{RemoteToken{b790250 Task{c1e98db #7090 type=standard A=10526:com.deepeye.musicpro}}} m=CHANGE f=NONE p=WCT{RemoteToken{de4de44 DefaultTaskDisplayArea@238869526(displayId=0)}} pTaskId=-1 leash=Surface(name=Task=7090)/@0xc850be4 sb=Rect(0, 0 - 1080, 2400) eb=Rect(0, 0 - 2400, 1080) d=0 r=0->1:0},{WCT{RemoteToken{de4de44 DefaultTaskDisplayArea@238869526(displayId=0)}} m=CHANGE f=NONE p=WCT{RemoteToken{ef34752 Display{#0 state=ON size=2400x1080 ROTATION_90}}} leash=Surface(name=DefaultTaskDisplayArea)/@0xd019d0c sb=Rect(0, 0 - 1080, 2400) eb=Rect(0, 0 - 2400, 1080) d=0 r=0->1:-1},{WCT{RemoteToken{ef34752 Display{#0 state=ON size=2400x1080 ROTATION_90}}} m=CHANGE f=IS_DISPLAY leash=Surface(name=WindowedMagnification:0:31)/@0xb65f9ea sb=Rect(0, 0 - 1080, 2400) eb=Rect(0, 0 - 2400, 1080) d=0 r=0->1:-1}]}
06-16 01:31:53.417  4198  4238 V WindowManagerShell: onTransitionReady android.os.BinderProxy@cce46c8: {id=506 t=CHANGE f=0x0 trk=0 r=[0@Point(0, 0)] c=[{WCT{android.window.IWindowContainerToken$Stub$Proxy@46c7048} m=CHANGE f=NONE p=WCT{android.window.IWindowContainerToken$Stub$Proxy@c11eee1} pTaskId=-1 leash=Surface(name=Task=7090)/@0x8d130cf sb=Rect(0, 0 - 1080, 2400) eb=Rect(0, 0 - 2400, 1080) d=0 r=0->1:0},{WCT{android.window.IWindowContainerToken$Stub$Proxy@d717406} m=CHANGE f=NONE p=WCT{android.window.IWindowContainerToken$Stub$Proxy@d4c6ac7} leash=Surface(name=DefaultTaskDisplayArea)/@0xd0b0a5c sb=Rect(0, 0 - 1080, 2400) eb=Rect(0, 0 - 2400, 1080) d=0 r=0->1:-1},{WCT{android.window.IWindowContainerToken$Stub$Proxy@efc48f4} m=CHANGE f=IS_DISPLAY leash=Surface(name=WindowedMagnification:0:31)/@0xa03a165 sb=Rect(0, 0 - 1080, 2400) eb=Rect(0, 0 - 2400, 1080) d=0 r=0->1:-1 snapshot=Surface(name=RotationLayer)/@0x7d6ae3a}]}
06-16 01:31:53.417  4198  4238 V WindowManagerShell: Playing animation for (#506)android.os.BinderProxy@cce46c8@0
06-16 01:31:53.417  4198  4238 V WindowManagerShell:  try handler com.android.wm.shell.transition.DefaultMixedHandler@a3fe38c
06-16 01:31:53.418  4198  4238 V WindowManagerShell:  try handler com.android.wm.shell.keyguard.KeyguardTransitionHandler@ed0bad5
06-16 01:31:53.418  4198  4238 V WindowManagerShell:  try handler com.android.wm.shell.activityembedding.ActivityEmbeddingController@d8aa2ea
06-16 01:31:53.418  4198  4238 V WindowManagerShell:  try handler com.android.wm.shell.recents.RecentsTransitionHandler@ca6d9db
06-16 01:31:53.418  4198  4238 V ShellRecents: RecentsTransitionHandler.startAnimation: no controller found
06-16 01:31:53.418  4198  4238 V WindowManagerShell:  try handler com.android.wm.shell.pip.PipTransition@3cdac78
06-16 01:31:53.418  4198  4238 V WindowManagerShell:  try handler com.android.wm.shell.splitscreen.StageCoordinator@5ef2f51
06-16 01:31:53.418  4198  4238 V WindowManagerShell:  try handler com.android.wm.shell.transition.RemoteTransitionHandler@e803b6
06-16 01:31:53.418  4198  4238 V WindowManagerShell:  try handler com.android.wm.shell.transition.DefaultTransitionHandler@8af38b7
06-16 01:31:53.419  4198  4238 V WindowManagerShell: start default transition animation, info = {id=506 t=CHANGE f=0x0 trk=0 r=[0@Point(0, 0)] c=[{WCT{android.window.IWindowContainerToken$Stub$Proxy@46c7048} m=CHANGE f=NONE p=WCT{android.window.IWindowContainerToken$Stub$Proxy@c11eee1} pTaskId=-1 leash=Surface(name=Task=7090)/@0x8d130cf sb=Rect(0, 0 - 1080, 2400) eb=Rect(0, 0 - 2400, 1080) d=0 r=0->1:0},{WCT{android.window.IWindowContainerToken$Stub$Proxy@d717406} m=CHANGE f=NONE p=WCT{android.window.IWindowContainerToken$Stub$Proxy@d4c6ac7} leash=Surface(name=DefaultTaskDisplayArea)/@0xd0b0a5c sb=Rect(0, 0 - 1080, 2400) eb=Rect(0, 0 - 2400, 1080) d=0 r=0->1:-1},{WCT{android.window.IWindowContainerToken$Stub$Proxy@efc48f4} m=CHANGE f=IS_DISPLAY leash=Surface(name=WindowedMagnification:0:31)/@0xa03a165 sb=Rect(0, 0 - 1080, 2400) eb=Rect(0, 0 - 2400, 1080) d=0 r=0->1:-1 snapshot=Surface(name=RotationLayer)/@0x7d6ae3a}]}
06-16 01:31:53.419  4198  4238 V WindowManagerShell: Display is changing, resolve the animation hint.
06-16 01:31:53.419  4198  4238 V WindowManagerShell:   task 7090 isn't requesting seamless, so not seamless.
06-16 01:31:53.426  4198  4238 V WindowManagerShell:  animated by com.android.wm.shell.transition.DefaultTransitionHandler@8af38b7
06-16 01:31:53.576  3286  7050 W PackageConfigPersister: App-specific configuration not found for packageName: com.deepeye.musicpro and userId: 0
06-16 01:31:53.720  4198  4238 V WindowManagerShell: Transition animation finished (aborted=false), notifying core (#506)android.os.BinderProxy@cce46c8@0
06-16 01:31:53.722  3286  7397 D PowerManagerService: nativeSetPowerMode ret:false mode:5 enabled:false duration ms: 0
06-16 01:31:53.723  3286  3339 V WindowManager: Finish Transition #506: created at 06-16 01:31:53.142 collect-started=0.06ms request-sent=0.163ms started=6.272ms ready=96.729ms sent=268.294ms finished=580.023ms
06-16 01:31:53.725  4198  4238 V WindowManagerShell: Track 0 became idle
06-16 01:31:53.725  4198  4238 V WindowManagerShell: All active transition animations finished
06-16 01:31:53.873  3286  6909 I WindowManager: finishDrawing of orientation change: Window{2d0c3a0 u0 NavigationBar0} 627ms
06-16 01:31:53.900  3286  6909 I WindowManager: finishDrawing of orientation change: Window{7b3484e u0 StatusBar} 654ms
06-16 01:31:53.937  4198  4198 D VRI[NavigationBar0]: update {(0,0)(fillx102) gr=BOTTOM CENTER_VERTICAL layoutInDisplayCutoutMode=always ty=NAVIGATION_BAR fmt=TRANSLUCENT
06-16 01:31:53.937  4198  4198 D VRI[NavigationBar0]:   fl=NOT_FOCUSABLE NOT_TOUCH_MODAL WATCH_OUTSIDE_TOUCH SPLIT_TOUCH
06-16 01:31:53.937  4198  4198 D VRI[NavigationBar0]:   pfl=LAYOUT_SIZE_EXTENDED_BY_CUTOUT COLOR_SPACE_AGNOSTIC FIT_INSETS_CONTROLLED TRUSTED_OVERLAY
06-16 01:31:53.937  4198  4198 D VRI[NavigationBar0]:   bhv=DEFAULT
06-16 01:31:53.937  4198  4198 D VRI[NavigationBar0]:   providedInsets:
06-16 01:31:53.937  4198  4198 D VRI[NavigationBar0]:     InsetsFrameProvider: {id=#ad9b0001, index=0, type=navigationBars, source=FRAME, flags=[SUPPRESS_SCRIM], insetsSize=Insets{left=0, top=0, right=0, bottom=51}, insetsSizeOverrides=[TypedInsetsSize: {windowType=INPUT_METHOD, insetsSize=null}]}
06-16 01:31:53.937  4198  4198 D VRI[NavigationBar0]:     InsetsFrameProvider: {id=#ad9b0006, index=0, type=tappableElement, source=FRAME, flags=[], insetsSize=Insets{left=0, top=0, right=0, bottom=0}}
06-16 01:31:53.937  4198  4198 D VRI[NavigationBar0]:     InsetsFrameProvider: {id=#ad9b0005, index=0, type=mandatorySystemGestures, source=FRAME, flags=[], insetsSize=Insets{left=0, top=0, right=0, bottom=68}}
06-16 01:31:53.937  4198  4198 D VRI[NavigationBar0]:     InsetsFrameProvider: {id=#ad9b0004, index=0, type=systemGestures, source=DISPLAY, flags=[], insetsSize=Insets{left=63, top=0, right=0, bottom=0}, mMinimalInsetsSizeInDisplayCutoutSafe=Insets{left=63, top=0, right=0, bottom=0}}
06-16 01:31:53.937  4198  4198 D VRI[NavigationBar0]:     InsetsFrameProvider: {id=#ad9b0024, index=1, type=systemGestures, source=DISPLAY, flags=[], insetsSize=Insets{left=0, top=0, right=63, bottom=0}, mMinimalInsetsSizeInDisplayCutoutSafe=Insets{left=0, top=0, right=63, bottom=0}}
06-16 01:31:53.937  4198  4198 D VRI[NavigationBar0]:   paramsForRotation:
06-16 01:31:53.937  4198  4198 D VRI[NavigationBar0]:     ROTATION_0={(0,0)(fillx102) gr=BOTTOM CENTER_VERTICAL layoutInDisplayCutoutMode=always ty=NAVIGATION_BAR fmt=TRANSLUCENT
06-16 01:31:53.937  4198  4198 D VRI[NavigationBar0]:       fl=NOT_FOCUSABLE NOT_TOUCH_MODAL WATCH_OUTSIDE_TOUCH SPLIT_TOUCH FLAG_SLIPPERY
06-16 01:31:53.937  4198  4198 D VRI[NavigationBar0]:       pfl=LAYOUT_SIZE_EXTENDED_BY_CUTOUT COLOR_SPACE_AGNOSTIC FIT_INSETS_CONTROLLED TRUSTED_OVERLAY
06-16 01:31:53.937  4198  4198 D VRI[NavigationBar0]:       bhv=DEFAULT
06-16 01:31:53.937  4198  4198 D VRI[NavigationBar0]:       providedInsets:
06-16 01:31:53.937  4198  4198 D VRI[NavigationBar0]:         InsetsFrameProvider: {id=#ad9b0001, index=0, type=navigationBars, source=FRAME, flags=[SUPPRESS_SCRIM], insetsSize=Insets{left=0, top=0, right=0, bottom=51}, insetsSizeOverrides=[TypedInsetsSize: {windowType=INPUT_METHOD, insetsSize=null}]}
06-16 01:31:53.937  4198  4198 D VRI[NavigationBar0]:         InsetsFrameProvider: {id=#ad9b0006, index=0, type=tappableElement, source=FRAME, flags=[], insetsSize=Insets{left=0, top=0, right=0, bottom=0}}
06-16 01:31:53.937  4198  4198 D VRI[NavigationBar0]:         InsetsFrameProvider: {id=#ad9b0005, index=0, type=mandatorySystemGestures, source=FRAME, flags=[], insetsSize=Insets{left=0, top=0, right=0, bottom=68}}
06-16 01:31:53.937  4198  4198 D VRI[NavigationBar0]:         InsetsFrameProvider: {id=#ad9b0004, index=0, type=systemGestures, source=DISPLAY, flags=[], insetsSize=Insets{left=63, top=0, right=0, bottom=0}, mMinimalInsetsSizeInDisplayCutoutSafe=Insets{left=63, top=0, right=0, bottom=0}}
06-16 01:31:53.937  4198  4198 D VRI[NavigationBar0]:         InsetsFrameProvider: {id=#ad9b0024, index=1, type=systemGestures, source=DISPLAY, flags=[], insetsSize=Insets{left=0, top=0, right=63, bottom=0}, mMinimalInsetsSizeInDisplayCutoutSafe=Insets{left=0, top=0, right=63, bottom=0}}}
06-16 01:31:53.937  4198  4198 D VRI[NavigationBar0]:     ROTATION_90={(0,0)(fillx102) gr=BOTTOM CENTER_VERTICAL layoutInDisplayCutoutMode=always ty=NAVIGATION_BAR fmt=TRANSLUCENT
06-16 01:31:53.937  4198  4198 D VRI[NavigationBar0]:       fl=NOT_FOCUSABLE NOT_TOUCH_MODAL WATCH_OUTSIDE_TOUCH SPLIT_TOUCH FLAG_SLIPPERY
06-16 01:31:53.937  4198  4198 D VRI[NavigationBar0]:       pfl=LAYOUT_SIZE_EXTENDED_BY_CUTOUT COLOR_SPACE_AGNOSTIC FIT_INSETS_CONTROLLED TRUSTED_OVERLAY
06-16 01:31:53.937  4198  4198 D VRI[NavigationBar0]:       bhv=DEFAULT
06-16 01:31:53.937  4198  4198 D VRI[NavigationBar0]:       providedInsets:
06-16 01:31:53.937  4198  4198 D VRI[NavigationBar0]:         InsetsFrameProvider: {id=#ad9b0001, index=0, type=navigationBars, source=FRAME, flags=[SUPPRESS_SCRIM], insetsSize=Insets{left=0, top=0, right=0, bottom=51}, insetsSizeOverrides=[TypedInsetsSize: {windowType=INPUT_METHOD, insetsSize=null}]}
06-16 01:31:53.937  4198  4198 D VRI[NavigationBar0]:         InsetsFrameProvider: {id=#ad9b0006, index=0, type=tappableElement, source=FRAME, flags=[], insetsSize=Insets{left=0, top=0, right=0, bottom=0}}
06-16 01:31:53.937  4198  4198 D VRI[NavigationBar0]:         InsetsFrameProvider: {id=#ad9b0005, index=0, type=mandatorySystemGestures, source=FRAME, flags=[], insetsSize=Insets{left=0, top=0, right=0, bottom=68}}
06-16 01:31:53.937  4198  4198 D VRI[NavigationBar0]:         InsetsFrameProvider: {id=#ad9b0004, index=0, type=systemGestures, source=DISPLAY, flags=[], insetsSize=Insets{left=63, top=0, right=0, bottom=0}, mMinimalInsetsSizeInDisplayCutoutSafe=Insets{left=63, top=0, right=0, bottom=0}}
06-16 01:31:53.937  4198  4198 D VRI[NavigationBar0]:         InsetsFrameProvider: {id=#ad9b0024, index=1, type=systemGestures, source=DISPLAY, flags=[], insetsSize=Insets{left=0, top=0, right=63, bottom=0}, mMinimalInsetsSizeInDisplayCutoutSafe=Insets{left=0, top=0, right=63, bottom=0}}}
06-16 01:31:53.937  4198  4198 D VRI[NavigationBar0]:     ROTATION_180={(0,0)(fillx102) gr=BOTTOM CENTER_VERTICAL layoutInDisplayCutoutMode=always ty=NAVIGATION_BAR fmt=TRANSLUCENT
06-16 01:31:53.937  4198  4198 D VRI[NavigationBar0]:       fl=NOT_FOCUSABLE NOT_TOUCH_MODAL WATCH_OUTSIDE_TOUCH SPLIT_TOUCH FLAG_SLIPPERY
06-16 01:31:53.937  4198  4198 D VRI[NavigationBar0]:       pfl=LAYOUT_SIZE_EXTENDED_BY_CUTOUT COLOR_SPACE_AGNOSTIC FIT_INSETS_CONTROLLED TRUSTED_OVERLAY
06-16 01:31:53.937  4198  4198 D VRI[NavigationBar0]:       bhv=DEFAULT
06-16 01:31:53.937  4198  4198 D VRI[NavigationBar0]:       providedInsets:
06-16 01:31:53.937  4198  4198 D VRI[NavigationBar0]:         InsetsFrameProvider: {id=#ad9b0001, index=0, type=navigationBars, source=FRAME, flags=[SUPPRESS_SCRIM], insetsSize=Insets{left=0, top=0, right=0, bottom=51}, insetsSizeOverrides=[TypedInsetsSize: {windowType=INPUT_METHOD, insetsSize=null}]}
06-16 01:31:53.937  4198  4198 D VRI[NavigationBar0]:         InsetsFrameProvider: {id=#ad9b0006, index=0, type=tappableElement, source=FRAME, flags=[], insetsSize=Insets{left=0, top=0, right=0, bottom=0}}
06-16 01:31:53.937  4198  4198 D VRI[NavigationBar0]:         InsetsFrameProvider: {id=#ad9b0005, index=0, type=mandatorySystemGestures, source=FRAME, flags=[], insetsSize=Insets{left=0, top=0, right=0, bottom=68}}
06-16 01:31:53.937  4198  4198 D VRI[NavigationBar0]:         InsetsFrameProvider: {id=#ad9b0004, index=0, type=systemGestures, source=DISPLAY, flags=[], insetsSize=Insets{left=63, top=0, right=0, bottom=0}, mMinimalInsetsSizeInDisplayCutoutSafe=Insets{left=63, top=0, right=0, bottom=0}}
06-16 01:31:53.937  4198  4198 D VRI[NavigationBar0]:         InsetsFrameProvider: {id=#ad9b0024, index=1, type=systemGestures, source=DISPLAY, flags=[], insetsSize=Insets{left=0, top=0, right=63, bottom=0}, mMinimalInsetsSizeInDisplayCutoutSafe=Insets{left=0, top=0, right=63, bottom=0}}}
06-16 01:31:53.937  4198  4198 D VRI[NavigationBar0]:     ROTATION_270={(0,0)(fillx102) gr=BOTTOM CENTER_VERTICAL layoutInDisplayCutoutMode=always ty=NAVIGATION_BAR fmt=TRANSLUCENT
06-16 01:31:53.937  4198  4198 D VRI[NavigationBar0]:       fl=NOT_FOCUSABLE NOT_TOUCH_MODAL WATCH_OUTSIDE_TOUCH SPLIT_TOUCH FLAG_SLIPPERY
06-16 01:31:53.937  4198  4198 D VRI[NavigationBar0]:       pfl=LAYOUT_SIZE_EXTENDED_BY_CUTOUT COLOR_SPACE_AGNOSTIC FIT_INSETS_CONTROLLED TRUSTED_OVERLAY
06-16 01:31:53.937  4198  4198 D VRI[NavigationBar0]:       bhv=DEFAULT
06-16 01:31:53.937  4198  4198 D VRI[NavigationBar0]:       providedInsets:
06-16 01:31:53.937  4198  4198 D VRI[NavigationBar0]:         InsetsFrameProvider: {id=#ad9b0001, index=0, type=navigationBars, source=FRAME, flags=[SUPPRESS_SCRIM], insetsSize=Insets{left=0, top=0, right=0, bottom=51}, insetsSizeOverrides=[TypedInsetsSize: {windowType=INPUT_METHOD, insetsSize=null}]}
06-16 01:31:53.937  4198  4198 D VRI[NavigationBar0]:         InsetsFrameProvider: {id=#ad9b0006, index=0, type=tappableElement, source=FRAME, flags=[], insetsSize=Insets{left=0, top=0, right=0, bottom=0}}
06-16 01:31:53.937  4198  4198 D VRI[NavigationBar0]:         InsetsFrameProvider: {id=#ad9b0005, index=0, type=mandatorySystemGestures, source=FRAME, flags=[], insetsSize=Insets{left=0, top=0, right=0, bottom=68}}
06-16 01:31:53.937  4198  4198 D VRI[NavigationBar0]:         InsetsFrameProvider: {id=#ad9b0004, index=0, type=systemGestures, source=DISPLAY, flags=[], insetsSize=Insets{left=63, top=0, right=0, bottom=0}, mMinimalInsetsSizeInDisplayCutoutSafe=Insets{left=63, top=0, right=0, bottom=0}}
