05-25 10:36:42.379  1269  1276 D DrmLibTime: got the req here! ret=0
05-25 10:36:42.379  1269  1276 D DrmLibTime: command id, time_cmd_id = 770
05-25 10:36:42.379  1269  1276 D DrmLibTime: time_getutcsec starts!
05-25 10:36:42.379  1269  1276 D DrmLibTime: QSEE Time Listener: time_getutcsec
05-25 10:36:42.379  1269  1276 D DrmLibTime: QSEE Time Listener: get_utc_seconds
05-25 10:36:42.379  1269  1276 D DrmLibTime: QSEE Time Listener: time_get_modem_time
05-25 10:36:42.379  1269  1276 D DrmLibTime: QSEE Time Listener: Checking if ATS_MODEM is set or not.
05-25 10:36:42.379  1269  1276 D QC-time-services: Lib:time_genoff_operation: pargs->base = 13
05-25 10:36:42.380  1269  1276 D QC-time-services: Lib:time_genoff_operation: pargs->operation = 2
05-25 10:36:42.380  1269  1276 D QC-time-services: Lib:time_genoff_operation: pargs->ts_val = 0
05-25 10:36:42.380  1269  1276 D QC-time-services: Lib:time_genoff_operation: Send to server  passed!!
05-25 10:36:42.380  1573  1588 D QC-time-services: Daemon: Connection accepted:time_genoff
05-25 10:36:42.381  1573  7598 D QC-time-services: Daemon:Received base = 13, unit = 1, operation = 2,value = 0
05-25 10:36:42.381  1573  7598 D QC-time-services: Daemon:genoff_opr: Base = 13, val = 0, operation = 2
05-25 10:36:42.381  1573  7598 D QC-time-services: offset is: 1 for base: 13
05-25 10:36:42.381  1269  1276 E QC-time-services: Receive Passed == base = 13, unit = 1, operation = 2, result = 0
05-25 10:36:42.381  1269  1276 D DrmLibTime: QSEE Time Listener: ATS_MODEM is set. Try to retrieve it.
05-25 10:36:42.381  1573  1588 E QC-time-services: Daemon: Time-services: Waiting to acceptconnection
05-25 10:36:42.381  1573  1588 D QC-time-services: Daemon: Connection accepted:time_genoff
05-25 10:36:42.382  1573  7600 D QC-time-services: Daemon:Received base = 13, unit = 1, operation = 1,value = 0
05-25 10:36:42.382  1573  7600 D QC-time-services: Daemon:genoff_opr: Base = 13, val = 0, operation = 1
05-25 10:36:42.382  1573  7600 D QC-time-services: Daemon: genoff get for 13
05-25 10:36:42.382  1573  7600 D QC-time-services: Daemon:Value read from QTimer mseconds = 1508395443
05-25 10:36:42.382  1573  7600 D QC-time-services: Daemon:Value read from RTC mseconds on boot = 18280000
05-25 10:36:42.382  1573  7600 D QC-time-services: Daemon:Value read from QTimer mseconds = 1508395443
05-25 10:36:42.382  1573  7600 D QC-time-services: Daemon:Value read from generic offset = 1778158931900
05-25 10:36:42.382  1573  7600 D QC-time-services: Daemon:Delta read on boot mseconds = 18270199
05-25 10:36:42.382  1573  7600 D QC-time-services: Daemon:Final Time = 1779685597542
05-25 10:36:42.382  1269  1276 D DrmLibTime: QSEE Time Listener: Time GenOff - seconds: 1779685597
05-25 10:36:42.382  1269  1276 D DrmLibTime: time_getutcsec returns 0, sec = 1779685597; nsec = 0
05-25 10:36:42.382  1269  1276 D DrmLibTime: time_getutcsec finished! 
05-25 10:36:42.382  1269  1276 D DrmLibTime: iotcl_continue_command finished! and return 0 
05-25 10:36:42.382  1269  1276 D DrmLibTime: before calling ioctl to read the next time_cmd
05-25 10:36:42.386  1573  1588 E QC-time-services: Daemon: Time-services: Waiting to acceptconnection
05-25 10:36:42.414  1753  7592 I sensors-hal: handle_indication_realtime:467,  SCHED_FIFO(10) for qmi_cbk
05-25 10:36:42.418  1753  1753 I sensors-hal: activate:173, android.sensor.game_rotation_vector/151 en=0
05-25 10:36:42.419  1753  1753 I sensors-hal: activate:184, android.sensor.game_rotation_vector/151 en=0 completed
05-25 10:36:42.419  1748  1925 E minksocket: MinkIPC_QRTR_Service: client with node 1 port 7a1d went down
05-25 10:36:42.440  1880  2118 D AudioFlinger: getParameters() io 0, keys offloadVariableRateSupported, calling pid 7361
05-25 10:36:42.441  1756 21354 D AHAL: AudioDevice: GetParameters: 2389: enter
05-25 10:36:42.441  1756 21354 D AHAL: FM: fm_get_parameters: 232: enter
05-25 10:36:42.441  1756 21354 D AHAL: FM: fm_get_parameters: 239: exit
05-25 10:36:42.441  1756 21354 D AHAL: AudioDevice: GetParameters: 2502: exit: returns - 
05-25 10:36:42.444  3992 18536 V Avrcp_ext: onQueueChanged: NowPlaying list changed, Queue Size = 1
05-25 10:36:42.444  3992 18536 D Avrcp_ext: Exit onQueueChanged
05-25 10:36:42.444  3992 18536 V Avrcp_ext: onMetadataChanged
05-25 10:36:42.444  3992 18536 V APM: MediaControlManager: onMetadataChanged
05-25 10:36:42.444  3992 18536 W McpService: updateMetaData data android.media.MediaMetadata@e4e91d02
05-25 10:36:42.444  3992 18536 D BroadcastService: isBroadcastActive: Broadcast is turned to off
05-25 10:36:42.444  3992 18605 V McpService: McsMessageHandler: received message=12
05-25 10:36:42.444  3992 18605 V McpService: TRACK_DURATION_UPDATE msg: 121521
05-25 10:36:42.444  3992 18605 I bt_stack: [INFO:com_android_bluetooth_mcp.cpp(299)] trackDurationNative
05-25 10:36:42.445  3992 18605 I bt_stack: [INFO:btif_mcp.cc(127)] TrackDuration: duration12152
05-25 10:36:42.445  3992 18605 V McpService: Exit handleMessage
05-25 10:36:42.445  3992  4648 I bt_stack: [INFO:bta_mcp_main.cc(480)] TrackDuration
05-25 10:36:42.445  3992  4648 I bt_stack: [INFO:bta_mcp_main.cc(895)] HandleMcsEvent   mcs handle event MCP_TRACK_DURATION_UPDATE
05-25 10:36:42.445  3992  4648 I bt_stack: [INFO:bta_mcp_main.cc(1634)] HandleMcsEvent event to media handler MCP_NOTIFY_ALL
05-25 10:36:42.445  3992 18536 V Avrcp_ext: updateCurrentMediaState: mMediaController: MediaController (com.deepeye.musicpro.debug@54d02ce) Chaand Baaliyan – Aditya A. | Trending Song | Official Video, Sony Music India, null
05-25 10:36:42.445  3992  4648 I bt_stack: [INFO:bta_mcp_main.cc(1989)] MediaStatePlayingHandler handle event MCP_NOTIFY_ALL in state MCP_STATE_PLAYING
05-25 10:36:42.445  3992 18536 W Avrcp_ext: isMusicActive: false getBluetoothPlayState: 1 A2dp State: 11 mAudioPlaybackIsActive: false
05-25 10:36:42.445  3992  4648 I bt_stack: [INFO:bta_mcp_main.cc(1997)] MediaStatePlayingHandler device: 0xb4000077a6cd7610
05-25 10:36:42.445  3992  4648 I bt_stack: [INFO:bta_mcp_main.cc(2000)] MediaStatePlayingHandler Notify all handle 63
05-25 10:36:42.445  3992  4648 I bt_stack: [INFO:bta_mcp_main.cc(2006)] MediaStatePlayingHandler Number of devices to send the notification to: 0
05-25 10:36:42.445  3992  4648 I bt_stack: [INFO:bta_mcp_main.cc(2010)] MediaStatePlayingHandler No device register for notification
05-25 10:36:42.445  3992 18536 D Avrcp_ext: isMusicActive = false mAudioPlaybackIsActive = false player state = PlaybackState {state=PLAYING(3), position=0, buffered position=0, speed=1.0, updated=1508391593, actions=7340031, custom actions=[], active item id=0, error=null}
05-25 10:36:42.445  3992  4648 I bt_stack: [INFO:bta_mcp_main.cc(1638)] HandleMcsEventfree rsp data
05-25 10:36:42.445  3992 18536 D Avrcp_ext: overwrite album_artist :if album is blank
05-25 10:36:42.446  3992 18536 V Avrcp_ext: Media update: id 0➡0? [MediaAttributes: C⋯o -  by S⋯a (121521 0/0) - ] : [MediaAttributes: C⋯o -  by S⋯a (0 0/0) - ]
05-25 10:36:42.446  3992 18536 D Avrcp_ext: isPackageNameValid: browsedPackage = com.deepeye.musicpro.debugisValid = true
05-25 10:36:42.446  3992 18536 V Avrcp_ext: isBrowseSupported for com.deepeye.musicpro.debug: false
05-25 10:36:42.446  3992 18536 V Avrcp_ext: Send track changed
05-25 10:36:42.446  3992 18536 W Avrcp_ext: updateCurrentMediaState: isInactivePlayer = false
05-25 10:36:42.446  3992 18536 V Avrcp_ext: updatePlaybackState, state: PlaybackState {state=PLAYING(3), position=0, buffered position=0, speed=1.0, updated=1508391593, actions=7340031, custom actions=[], active item id=0, error=null} device: null
05-25 10:36:42.446  3992 18536 V Avrcp_ext: Device: no name: 
05-25 10:36:42.446  3992 18536 V Avrcp_ext: Device: no name: 
05-25 10:36:42.446  3992 18536 V Avrcp_ext: Device: no name: 
05-25 10:36:42.446  3992 18536 V Avrcp_ext: Device: no name: 
05-25 10:36:42.446  3992 18536 V Avrcp_ext: Device: no name: 
05-25 10:36:42.446  3992 18536 V Avrcp_ext: updatePlayerStateAndPosition, old=PlaybackState {state=PLAYING(3), position=8, buffered position=0, speed=1.0, updated=1508390344, actions=7339703, custom actions=[], active item id=0, error=null}, state=PlaybackState {state=PLAYING(3), position=0, buffered position=0, speed=1.0, updated=1508391593, actions=7340031, custom actions=[], active item id=0, error=null}
05-25 10:36:42.446  3992 18536 V Avrcp_ext: old state = PlaybackState {state=PLAYING(3), position=8, buffered position=0, speed=1.0, updated=1508390344, actions=7339703, custom actions=[], active item id=0, error=null}, new state= PlaybackState {state=PLAYING(3), position=0, buffered position=0, speed=1.0, updated=1508391593, actions=7340031, custom actions=[], active item id=0, error=null}
05-25 10:36:42.446  3992 18536 D HeadsetService: getHeadsetService(): returning com.android.bluetooth.hfp.HeadsetService@9390a13
05-25 10:36:42.446  3992 18536 E HeadsetStateMachine: returning mCurrentState as Disconnected
05-25 10:36:42.446  3992 18536 E HeadsetStateMachine: returning mCurrentState as Disconnected
05-25 10:36:42.446  3992 18536 D HeadsetService:  isAudioOn: The number of audio connected devices 0
05-25 10:36:42.446  3992 18536 D HeadsetService: isScoOrCallActive(): Call Active:falseCall is Ringing:falseSCO is Active:false
05-25 10:36:42.446  3992 18536 E HeadsetStateMachine: returning mCurrentState as Disconnected
05-25 10:36:42.446  3992 18536 E HeadsetStateMachine: returning mCurrentState as Disconnected
05-25 10:36:42.446  3992 18536 D HeadsetService:  isAudioOn: The number of audio connected devices 0
05-25 10:36:42.446  3992 18536 V Avrcp_ext: isPlayStateTobeUpdated: device: null
05-25 10:36:42.446  3992 18536 V Avrcp_ext: Single connection exists
05-25 10:36:42.446  3992 18536 E HeadsetStateMachine: returning mCurrentState as Disconnected
05-25 10:36:42.446  3992 18536 E HeadsetStateMachine: returning mCurrentState as Disconnected
05-25 10:36:42.446  3992 18536 D HeadsetService:  isAudioOn: The number of audio connected devices 0
05-25 10:36:42.446  3992 18536 D HeadsetService: isScoOrCallActive(): Call Active:falseCall is Ringing:falseSCO is Active:false
05-25 10:36:42.446  3992 18536 E HeadsetStateMachine: returning mCurrentState as Disconnected
05-25 10:36:42.446  3992 18536 E HeadsetStateMachine: returning mCurrentState as Disconnected
05-25 10:36:42.446  3992 18536 D HeadsetService:  isAudioOn: The number of audio connected devices 0
05-25 10:36:42.446  3992 18536 V Avrcp_ext: isPlayStateTobeUpdated: device: null
05-25 10:36:42.446  3992 18536 V Avrcp_ext: Single connection exists
05-25 10:36:42.446  3992 18536 E HeadsetStateMachine: returning mCurrentState as Disconnected
05-25 10:36:42.446  3992 18536 E HeadsetStateMachine: returning mCurrentState as Disconnected
05-25 10:36:42.446  3992 18536 D HeadsetService:  isAudioOn: The number of audio connected devices 0
05-25 10:36:42.446  3992 18536 D HeadsetService: isScoOrCallActive(): Call Active:falseCall is Ringing:falseSCO is Active:false
05-25 10:36:42.446  3992 18536 E HeadsetStateMachine: returning mCurrentState as Disconnected
05-25 10:36:42.446  3992 18536 E HeadsetStateMachine: returning mCurrentState as Disconnected
05-25 10:36:42.446  3992 18536 D HeadsetService:  isAudioOn: The number of audio connected devices 0
05-25 10:36:42.446  3992 18536 V Avrcp_ext: isPlayStateTobeUpdated: device: null
05-25 10:36:42.446  3992 18536 V Avrcp_ext: Single connection exists
05-25 10:36:42.446  3992 18536 E HeadsetStateMachine: returning mCurrentState as Disconnected
05-25 10:36:42.446  3992 18536 E HeadsetStateMachine: returning mCurrentState as Disconnected
05-25 10:36:42.446  3992 18536 D HeadsetService:  isAudioOn: The number of audio connected devices 0
05-25 10:36:42.446  3992 18536 D HeadsetService: isScoOrCallActive(): Call Active:falseCall is Ringing:falseSCO is Active:false
05-25 10:36:42.446  3992 18536 E HeadsetStateMachine: returning mCurrentState as Disconnected
05-25 10:36:42.446  3992 18536 E HeadsetStateMachine: returning mCurrentState as Disconnected
05-25 10:36:42.447  3992 18536 D HeadsetService:  isAudioOn: The number of audio connected devices 0
05-25 10:36:42.447  3992 18536 V Avrcp_ext: isPlayStateTobeUpdated: device: null
05-25 10:36:42.447  3992 18536 V Avrcp_ext: Single connection exists
05-25 10:36:42.447  3992 18536 E HeadsetStateMachine: returning mCurrentState as Disconnected
05-25 10:36:42.447  3992 18536 E HeadsetStateMachine: returning mCurrentState as Disconnected
05-25 10:36:42.447  3992 18536 D HeadsetService:  isAudioOn: The number of audio connected devices 0
05-25 10:36:42.447  3992 18536 D HeadsetService: isScoOrCallActive(): Call Active:falseCall is Ringing:falseSCO is Active:false
05-25 10:36:42.447  3992 18536 E HeadsetStateMachine: returning mCurrentState as Disconnected
05-25 10:36:42.447  3992 18536 E HeadsetStateMachine: returning mCurrentState as Disconnected
05-25 10:36:42.447  3992 18536 D HeadsetService:  isAudioOn: The number of audio connected devices 0
05-25 10:36:42.447  3992 18536 V Avrcp_ext: isPlayStateTobeUpdated: device: null
05-25 10:36:42.447  3992 18536 V Avrcp_ext: Single connection exists
05-25 10:36:42.447  3992 18536 D Avrcp_ext: Enter sendPlayPosNotificationRsp
05-25 10:36:42.447  3992 18536 D Avrcp_ext: sendPlayPosNotificationRsp: Not registered or requesting.
05-25 10:36:42.447  3992 18536 D Avrcp_ext: Enter sendPlayPosNotificationRsp
05-25 10:36:42.447  3992 18536 D Avrcp_ext: sendPlayPosNotificationRsp: Not registered or requesting.
05-25 10:36:42.447  3992 18536 D Avrcp_ext: Enter sendPlayPosNotificationRsp
05-25 10:36:42.447  3992 18536 D Avrcp_ext: sendPlayPosNotificationRsp: Not registered or requesting.
05-25 10:36:42.447  3992 18536 D Avrcp_ext: Enter sendPlayPosNotificationRsp
05-25 10:36:42.447  3992 18536 D Avrcp_ext: sendPlayPosNotificationRsp: Not registered or requesting.
05-25 10:36:42.447  3992 18536 D Avrcp_ext: Enter sendPlayPosNotificationRsp
05-25 10:36:42.447  3992 18536 D Avrcp_ext: sendPlayPosNotificationRsp: Not registered or requesting.
05-25 10:36:42.447  3992 18536 V Avrcp_ext: Exit updatePlayerStateAndPosition
05-25 10:36:42.447  3992 18536 D APM: ActiveDeviceManagerServiceLegacy: getActiveAbsoluteDevice(): device: null
05-25 10:36:42.447  3992 18536 D APM: ActiveDeviceManagerServiceLegacy: isStableState(): true
05-25 10:36:42.447  3992 18536 D Avrcp_ext: isAdmStable = true activeAbsAddr = null device = null
05-25 10:36:42.447  3992 18536 V APM: MediaControlManager: onPlaybackStateChanged
05-25 10:36:42.447  3992 18536 W McpService: updatePlaybackState state PlaybackState {state=PLAYING(3), position=0, buffered position=0, speed=1.0, updated=1508391593, actions=7340031, custom actions=[], active item id=0, error=null}
05-25 10:36:42.447  3992 18536 W McpService: updatePlaybackState mState: 1 state: 1
05-25 10:36:42.447  3992 18536 W Avrcp_ext: updated player state = PlaybackState {state=PLAYING(3), position=0, buffered position=0, speed=1.0, updated=1508391593, actions=7340031, custom actions=[], active item id=0, error=null}to MCP module also
05-25 10:36:42.447  3992 18536 V Avrcp_ext: AvrcpMessageHandler: received message=19
05-25 10:36:42.447  3992 18536 V Avrcp_ext: MSG_NOW_PLAYING_CHANGED_RSP
05-25 10:36:42.449  3992 18536 V Avrcp_ext: updateCurrentMediaState: mMediaController: MediaController (com.deepeye.musicpro.debug@54d02ce) Chaand Baaliyan – Aditya A. | Trending Song | Official Video, Sony Music India, null
05-25 10:36:42.449  3992 18536 W Avrcp_ext: isMusicActive: false getBluetoothPlayState: 1 A2dp State: 11 mAudioPlaybackIsActive: false
05-25 10:36:42.449  3992 18536 D Avrcp_ext: isMusicActive = false mAudioPlaybackIsActive = false player state = PlaybackState {state=PLAYING(3), position=5, buffered position=0, speed=1.0, updated=1508391598, actions=7340031, custom actions=[], active item id=0, error=null}
05-25 10:36:42.450  3992 18536 D Avrcp_ext: overwrite album_artist :if album is blank
05-25 10:36:42.450  3992 18536 V Avrcp_ext: Media update: id 0➡0? [MediaAttributes: C⋯o -  by S⋯a (121521 0/0) - ] : [MediaAttributes: C⋯o -  by S⋯a (121521 0/0) - ]
05-25 10:36:42.450  3992 18536 D Avrcp_ext: isPackageNameValid: browsedPackage = com.deepeye.musicpro.debugisValid = true
05-25 10:36:42.450  3992 18536 V Avrcp_ext: isBrowseSupported for com.deepeye.musicpro.debug: false
05-25 10:36:42.450  3992 18536 W Avrcp_ext: updateCurrentMediaState: isInactivePlayer = false
05-25 10:36:42.450  3992 18536 V Avrcp_ext: updatePlaybackState, state: PlaybackState {state=PLAYING(3), position=5, buffered position=0, speed=1.0, updated=1508391598, actions=7340031, custom actions=[], active item id=0, error=null} device: null
05-25 10:36:42.450  3992 18536 V Avrcp_ext: Device: no name: 
05-25 10:36:42.450  3992 18536 V Avrcp_ext: Device: no name: 
05-25 10:36:42.450  3992 18536 V Avrcp_ext: Device: no name: 
05-25 10:36:42.450  3992 18536 V Avrcp_ext: Device: no name: 
05-25 10:36:42.450  3992 18536 V Avrcp_ext: Device: no name: 
05-25 10:36:42.450  3992 18536 V Avrcp_ext: updatePlayerStateAndPosition, old=PlaybackState {state=PLAYING(3), position=0, buffered position=0, speed=1.0, updated=1508391593, actions=7340031, custom actions=[], active item id=0, error=null}, state=PlaybackState {state=PLAYING(3), position=5, buffered position=0, speed=1.0, updated=1508391598, actions=7340031, custom actions=[], active item id=0, error=null}
05-25 10:36:42.450  3992 18536 V Avrcp_ext: old state = PlaybackState {state=PLAYING(3), position=0, buffered position=0, speed=1.0, updated=1508391593, actions=7340031, custom actions=[], active item id=0, error=null}, new state= PlaybackState {state=PLAYING(3), position=5, buffered position=0, speed=1.0, updated=1508391598, actions=7340031, custom actions=[], active item id=0, error=null}
05-25 10:36:42.450  3992 18536 D HeadsetService: getHeadsetService(): returning com.android.bluetooth.hfp.HeadsetService@9390a13
05-25 10:36:42.450  3992 18536 E HeadsetStateMachine: returning mCurrentState as Disconnected
05-25 10:36:42.450  3992 18536 E HeadsetStateMachine: returning mCurrentState as Disconnected
05-25 10:36:42.450  3992 18536 D HeadsetService:  isAudioOn: The number of audio connected devices 0
05-25 10:36:42.450  3992 18536 D HeadsetService: isScoOrCallActive(): Call Active:falseCall is Ringing:falseSCO is Active:false
05-25 10:36:42.450  3992 18536 E HeadsetStateMachine: returning mCurrentState as Disconnected
05-25 10:36:42.450  3992 18536 E HeadsetStateMachine: returning mCurrentState as Disconnected
05-25 10:36:42.450  3992 18536 D HeadsetService:  isAudioOn: The number of audio connected devices 0
05-25 10:36:42.450  3992 18536 V Avrcp_ext: isPlayStateTobeUpdated: device: null
05-25 10:36:42.450  3992 18536 V Avrcp_ext: Single connection exists
05-25 10:36:42.450  3992 18536 E HeadsetStateMachine: returning mCurrentState as Disconnected
05-25 10:36:42.450  3992 18536 E HeadsetStateMachine: returning mCurrentState as Disconnected
05-25 10:36:42.450  3992 18536 D HeadsetService:  isAudioOn: The number of audio connected devices 0
05-25 10:36:42.450  3992 18536 D HeadsetService: isScoOrCallActive(): Call Active:falseCall is Ringing:falseSCO is Active:false
05-25 10:36:42.450  3992 18536 E HeadsetStateMachine: returning mCurrentState as Disconnected
05-25 10:36:42.450  3992 18536 E HeadsetStateMachine: returning mCurrentState as Disconnected
05-25 10:36:42.450  3992 18536 D HeadsetService:  isAudioOn: The number of audio connected devices 0
05-25 10:36:42.450  3992 18536 V Avrcp_ext: isPlayStateTobeUpdated: device: null
05-25 10:36:42.450  3992 18536 V Avrcp_ext: Single connection exists
05-25 10:36:42.450  3992 18536 E HeadsetStateMachine: returning mCurrentState as Disconnected
05-25 10:36:42.450  3992 18536 E HeadsetStateMachine: returning mCurrentState as Disconnected
05-25 10:36:42.450  3992 18536 D HeadsetService:  isAudioOn: The number of audio connected devices 0
05-25 10:36:42.450  3992 18536 D HeadsetService: isScoOrCallActive(): Call Active:falseCall is Ringing:falseSCO is Active:false
05-25 10:36:42.450  3992 18536 E HeadsetStateMachine: returning mCurrentState as Disconnected
05-25 10:36:42.450  3992 18536 E HeadsetStateMachine: returning mCurrentState as Disconnected
05-25 10:36:42.450  3992 18536 D HeadsetService:  isAudioOn: The number of audio connected devices 0
05-25 10:36:42.450  3992 18536 V Avrcp_ext: isPlayStateTobeUpdated: device: null
05-25 10:36:42.450  3992 18536 V Avrcp_ext: Single connection exists
05-25 10:36:42.450  3992 18536 E HeadsetStateMachine: returning mCurrentState as Disconnected
05-25 10:36:42.450  3992 18536 E HeadsetStateMachine: returning mCurrentState as Disconnected
05-25 10:36:42.450  3992 18536 D HeadsetService:  isAudioOn: The number of audio connected devices 0
05-25 10:36:42.450  3992 18536 D HeadsetService: isScoOrCallActive(): Call Active:falseCall is Ringing:falseSCO is Active:false
05-25 10:36:42.451  3992 18536 E HeadsetStateMachine: returning mCurrentState as Disconnected
05-25 10:36:42.451  3992 18536 E HeadsetStateMachine: returning mCurrentState as Disconnected
05-25 10:36:42.451  3992 18536 D HeadsetService:  isAudioOn: The number of audio connected devices 0
05-25 10:36:42.451  3992 18536 V Avrcp_ext: isPlayStateTobeUpdated: device: null
05-25 10:36:42.451  3992 18536 V Avrcp_ext: Single connection exists
05-25 10:36:42.451  3992 18536 E HeadsetStateMachine: returning mCurrentState as Disconnected
05-25 10:36:42.451  3992 18536 E HeadsetStateMachine: returning mCurrentState as Disconnected
05-25 10:36:42.451  3992 18536 D HeadsetService:  isAudioOn: The number of audio connected devices 0
05-25 10:36:42.451  3992 18536 D HeadsetService: isScoOrCallActive(): Call Active:falseCall is Ringing:falseSCO is Active:false
05-25 10:36:42.451  3992 18536 E HeadsetStateMachine: returning mCurrentState as Disconnected
05-25 10:36:42.451  3992 18536 E HeadsetStateMachine: returning mCurrentState as Disconnected
05-25 10:36:42.451  3992 18536 D HeadsetService:  isAudioOn: The number of audio connected devices 0
05-25 10:36:42.451  3992 18536 V Avrcp_ext: isPlayStateTobeUpdated: device: null
05-25 10:36:42.451  3992 18536 V Avrcp_ext: Single connection exists
05-25 10:36:42.451  3992 18536 D Avrcp_ext: Enter sendPlayPosNotificationRsp
05-25 10:36:42.451  3992 18536 D Avrcp_ext: sendPlayPosNotificationRsp: Not registered or requesting.
05-25 10:36:42.451  3992 18536 D Avrcp_ext: Enter sendPlayPosNotificationRsp
05-25 10:36:42.451  3992 18536 D Avrcp_ext: sendPlayPosNotificationRsp: Not registered or requesting.
05-25 10:36:42.451  3992 18536 D Avrcp_ext: Enter sendPlayPosNotificationRsp
05-25 10:36:42.451  3992 18536 D Avrcp_ext: sendPlayPosNotificationRsp: Not registered or requesting.
05-25 10:36:42.451  3992 18536 D Avrcp_ext: Enter sendPlayPosNotificationRsp
05-25 10:36:42.451  3992 18536 D Avrcp_ext: sendPlayPosNotificationRsp: Not registered or requesting.
05-25 10:36:42.451  3992 18536 D Avrcp_ext: Enter sendPlayPosNotificationRsp
05-25 10:36:42.451  3992 18536 D Avrcp_ext: sendPlayPosNotificationRsp: Not registered or requesting.
05-25 10:36:42.451  3992 18536 V Avrcp_ext: Exit updatePlayerStateAndPosition
05-25 10:36:42.451  3992 18536 D APM: ActiveDeviceManagerServiceLegacy: getActiveAbsoluteDevice(): device: null
05-25 10:36:42.451  3992 18536 D APM: ActiveDeviceManagerServiceLegacy: isStableState(): true
05-25 10:36:42.451  3992 18536 D Avrcp_ext: isAdmStable = true activeAbsAddr = null device = null
05-25 10:36:42.451  3992 18536 V APM: MediaControlManager: onPlaybackStateChanged
05-25 10:36:42.451  3992 18536 W McpService: updatePlaybackState state PlaybackState {state=PLAYING(3), position=5, buffered position=0, speed=1.0, updated=1508391598, actions=7340031, custom actions=[], active item id=0, error=null}
05-25 10:36:42.451  3992 18536 W McpService: updatePlaybackState mState: 1 state: 1
05-25 10:36:42.451  3992 18536 W Avrcp_ext: updated player state = PlaybackState {state=PLAYING(3), position=5, buffered position=0, speed=1.0, updated=1508391598, actions=7340031, custom actions=[], active item id=0, error=null}to MCP module also
05-25 10:36:42.451  3992 18536 V Avrcp_ext: Exit handleMessage
05-25 10:36:42.451  3992 18536 V Avrcp_ext: onPlaybackStateChanged: state PlaybackState {state=PLAYING(3), position=0, buffered position=0, speed=1.0, updated=1508391593, actions=7340031, custom actions=[], active item id=0, error=null}
05-25 10:36:42.451  3992 18536 V APM: MediaControlManager: onPlaybackStateChanged
05-25 10:36:42.451  3992 18536 W McpService: updatePlaybackState state PlaybackState {state=PLAYING(3), position=0, buffered position=0, speed=1.0, updated=1508391593, actions=7340031, custom actions=[], active item id=0, error=null}
05-25 10:36:42.451  3992 18536 W McpService: updatePlaybackState mState: 1 state: 1
05-25 10:36:42.452  3992 18536 V Avrcp_ext: updateCurrentMediaState: mMediaController: MediaController (com.deepeye.musicpro.debug@54d02ce) Chaand Baaliyan – Aditya A. | Trending Song | Official Video, Sony Music India, null
05-25 10:36:42.452  3992 18536 W Avrcp_ext: isMusicActive: false getBluetoothPlayState: 1 A2dp State: 11 mAudioPlaybackIsActive: false
05-25 10:36:42.453  3992 18536 D Avrcp_ext: isMusicActive = false mAudioPlaybackIsActive = false player state = PlaybackState {state=PLAYING(3), position=8, buffered position=0, speed=1.0, updated=1508391601, actions=7340031, custom actions=[], active item id=0, error=null}
05-25 10:36:42.453  9843  7596 I Finsky  : [2205] Integrity key attestation record generated successfully.
05-25 10:36:42.453  3992 18536 D Avrcp_ext: overwrite album_artist :if album is blank
05-25 10:36:42.454  3992 18536 V Avrcp_ext: Media update: id 0➡0? [MediaAttributes: C⋯o -  by S⋯a (121521 0/0) - ] : [MediaAttributes: C⋯o -  by S⋯a (121521 0/0) - ]
05-25 10:36:42.454  3992 18536 D Avrcp_ext: isPackageNameValid: browsedPackage = com.deepeye.musicpro.debugisValid = true
05-25 10:36:42.454  3992 18536 V Avrcp_ext: isBrowseSupported for com.deepeye.musicpro.debug: false
05-25 10:36:42.454  3992 18536 W Avrcp_ext: updateCurrentMediaState: isInactivePlayer = false
05-25 10:36:42.454  3992 18536 V Avrcp_ext: updatePlaybackState, state: PlaybackState {state=PLAYING(3), position=8, buffered position=0, speed=1.0, updated=1508391601, actions=7340031, custom actions=[], active item id=0, error=null} device: null
05-25 10:36:42.454  3992 18536 V Avrcp_ext: Device: no name: 
05-25 10:36:42.454  3992 18536 V Avrcp_ext: Device: no name: 
05-25 10:36:42.454  3992 18536 V Avrcp_ext: Device: no name: 
05-25 10:36:42.454  3992 18536 V Avrcp_ext: Device: no name: 
05-25 10:36:42.454  3992 18536 V Avrcp_ext: Device: no name: 
05-25 10:36:42.455  3992 18536 V Avrcp_ext: updatePlayerStateAndPosition, old=PlaybackState {state=PLAYING(3), position=5, buffered position=0, speed=1.0, updated=1508391598, actions=7340031, custom actions=[], active item id=0, error=null}, state=PlaybackState {state=PLAYING(3), position=8, buffered position=0, speed=1.0, updated=1508391601, actions=7340031, custom actions=[], active item id=0, error=null}
05-25 10:36:42.455  3992 18536 V Avrcp_ext: old state = PlaybackState {state=PLAYING(3), position=5, buffered position=0, speed=1.0, updated=1508391598, actions=7340031, custom actions=[], active item id=0, error=null}, new state= PlaybackState {state=PLAYING(3), position=8, buffered position=0, speed=1.0, updated=1508391601, actions=7340031, custom actions=[], active item id=0, error=null}
05-25 10:36:42.455  3992 18536 D HeadsetService: getHeadsetService(): returning com.android.bluetooth.hfp.HeadsetService@9390a13
05-25 10:36:42.456  3992 18536 E HeadsetStateMachine: returning mCurrentState as Disconnected
05-25 10:36:42.456  3992 18536 E HeadsetStateMachine: returning mCurrentState as Disconnected
05-25 10:36:42.456  3992 18536 D HeadsetService:  isAudioOn: The number of audio connected devices 0
05-25 10:36:42.456  3992 18536 D HeadsetService: isScoOrCallActive(): Call Active:falseCall is Ringing:falseSCO is Active:false
05-25 10:36:42.456  3992 18536 E HeadsetStateMachine: returning mCurrentState as Disconnected
05-25 10:36:42.456  3992 18536 E HeadsetStateMachine: returning mCurrentState as Disconnected
05-25 10:36:42.456  3992 18536 D HeadsetService:  isAudioOn: The number of audio connected devices 0
05-25 10:36:42.457  3992 18536 V Avrcp_ext: isPlayStateTobeUpdated: device: null
05-25 10:36:42.457  3992 18536 V Avrcp_ext: Single connection exists
05-25 10:36:42.457  3992 18536 E HeadsetStateMachine: returning mCurrentState as Disconnected
05-25 10:36:42.457  3992 18536 E HeadsetStateMachine: returning mCurrentState as Disconnected
05-25 10:36:42.457  3992 18536 D HeadsetService:  isAudioOn: The number of audio connected devices 0
05-25 10:36:42.457  3992 18536 D HeadsetService: isScoOrCallActive(): Call Active:falseCall is Ringing:falseSCO is Active:false
05-25 10:36:42.457  3992 18536 E HeadsetStateMachine: returning mCurrentState as Disconnected
05-25 10:36:42.457  3992 18536 E HeadsetStateMachine: returning mCurrentState as Disconnected
05-25 10:36:42.457  3992 18536 D HeadsetService:  isAudioOn: The number of audio connected devices 0
05-25 10:36:42.457  3992 18536 V Avrcp_ext: isPlayStateTobeUpdated: device: null
05-25 10:36:42.457  3992 18536 V Avrcp_ext: Single connection exists
05-25 10:36:42.457  3992 18536 E HeadsetStateMachine: returning mCurrentState as Disconnected
05-25 10:36:42.457  3992 18536 E HeadsetStateMachine: returning mCurrentState as Disconnected
05-25 10:36:42.458  3992 18536 D HeadsetService:  isAudioOn: The number of audio connected devices 0
05-25 10:36:42.458  3992 18536 D HeadsetService: isScoOrCallActive(): Call Active:falseCall is Ringing:falseSCO is Active:false
05-25 10:36:42.458  3992 18536 E HeadsetStateMachine: returning mCurrentState as Disconnected
05-25 10:36:42.458  3992 18536 E HeadsetStateMachine: returning mCurrentState as Disconnected
05-25 10:36:42.458  3992 18536 D HeadsetService:  isAudioOn: The number of audio connected devices 0
05-25 10:36:42.458  3992 18536 V Avrcp_ext: isPlayStateTobeUpdated: device: null
05-25 10:36:42.458  3992 18536 V Avrcp_ext: Single connection exists
05-25 10:36:42.458  3992 18536 E HeadsetStateMachine: returning mCurrentState as Disconnected
05-25 10:36:42.458  3992 18536 E HeadsetStateMachine: returning mCurrentState as Disconnected
05-25 10:36:42.458  3992 18536 D HeadsetService:  isAudioOn: The number of audio connected devices 0
05-25 10:36:42.458  3992 18536 D HeadsetService: isScoOrCallActive(): Call Active:falseCall is Ringing:falseSCO is Active:false
05-25 10:36:42.458  3992 18536 E HeadsetStateMachine: returning mCurrentState as Disconnected
05-25 10:36:42.459  3992 18536 E HeadsetStateMachine: returning mCurrentState as Disconnected
05-25 10:36:42.459  3992 18536 D HeadsetService:  isAudioOn: The number of audio connected devices 0
05-25 10:36:42.459  3992 18536 V Avrcp_ext: isPlayStateTobeUpdated: device: null
05-25 10:36:42.459  3992 18536 V Avrcp_ext: Single connection exists
05-25 10:36:42.459  3992 18536 E HeadsetStateMachine: returning mCurrentState as Disconnected
05-25 10:36:42.459  3992 18536 E HeadsetStateMachine: returning mCurrentState as Disconnected
05-25 10:36:42.459  3992 18536 D HeadsetService:  isAudioOn: The number of audio connected devices 0
05-25 10:36:42.459  3992 18536 D HeadsetService: isScoOrCallActive(): Call Active:falseCall is Ringing:falseSCO is Active:false
05-25 10:36:42.459  3992 18536 E HeadsetStateMachine: returning mCurrentState as Disconnected
05-25 10:36:42.459  3992 18536 E HeadsetStateMachine: returning mCurrentState as Disconnected
05-25 10:36:42.459  3992 18536 D HeadsetService:  isAudioOn: The number of audio connected devices 0
05-25 10:36:42.459  3992 18536 V Avrcp_ext: isPlayStateTobeUpdated: device: null
05-25 10:36:42.459  3992 18536 V Avrcp_ext: Single connection exists
05-25 10:36:42.459  3992 18536 D Avrcp_ext: Enter sendPlayPosNotificationRsp
05-25 10:36:42.459  3992 18536 D Avrcp_ext: sendPlayPosNotificationRsp: Not registered or requesting.
05-25 10:36:42.459  3992 18536 D Avrcp_ext: Enter sendPlayPosNotificationRsp
05-25 10:36:42.459  3992 18536 D Avrcp_ext: sendPlayPosNotificationRsp: Not registered or requesting.
05-25 10:36:42.459  3992 18536 D Avrcp_ext: Enter sendPlayPosNotificationRsp
05-25 10:36:42.459  3992 18536 D Avrcp_ext: sendPlayPosNotificationRsp: Not registered or requesting.
05-25 10:36:42.459  3992 18536 D Avrcp_ext: Enter sendPlayPosNotificationRsp
05-25 10:36:42.459  3992 18536 D Avrcp_ext: sendPlayPosNotificationRsp: Not registered or requesting.
05-25 10:36:42.459  3992 18536 D Avrcp_ext: Enter sendPlayPosNotificationRsp
05-25 10:36:42.459  3992 18536 D Avrcp_ext: sendPlayPosNotificationRsp: Not registered or requesting.
05-25 10:36:42.459  3992 18536 V Avrcp_ext: Exit updatePlayerStateAndPosition
05-25 10:36:42.459  3992 18536 D APM: ActiveDeviceManagerServiceLegacy: getActiveAbsoluteDevice(): device: null
05-25 10:36:42.459  3992 18536 D APM: ActiveDeviceManagerServiceLegacy: isStableState(): true
05-25 10:36:42.459  3992 18536 D Avrcp_ext: isAdmStable = true activeAbsAddr = null device = null
05-25 10:36:42.459  3992 18536 V APM: MediaControlManager: onPlaybackStateChanged
05-25 10:36:42.460  3992 18536 W McpService: updatePlaybackState state PlaybackState {state=PLAYING(3), position=8, buffered position=0, speed=1.0, updated=1508391601, actions=7340031, custom actions=[], active item id=0, error=null}
05-25 10:36:42.460  3992 18536 W McpService: updatePlaybackState mState: 1 state: 1
05-25 10:36:42.460  3992 18536 W Avrcp_ext: updated player state = PlaybackState {state=PLAYING(3), position=8, buffered position=0, speed=1.0, updated=1508391601, actions=7340031, custom actions=[], active item id=0, error=null}to MCP module also
05-25 10:36:42.460  3992 18536 V Avrcp_ext:  Exit onPlaybackStateChanged
05-25 10:36:42.464  3992 18536 V Avrcp_ext: onPlaybackStateChanged: state PlaybackState {state=PLAYING(3), position=0, buffered position=121521, speed=1.0, updated=1508391612, actions=7340031, custom actions=[], active item id=0, error=null}
05-25 10:36:42.464  3992 18536 V APM: MediaControlManager: onPlaybackStateChanged
05-25 10:36:42.464  3992 18536 W McpService: updatePlaybackState state PlaybackState {state=PLAYING(3), position=0, buffered position=121521, speed=1.0, updated=1508391612, actions=7340031, custom actions=[], active item id=0, error=null}
05-25 10:36:42.464  3992 18536 W McpService: updatePlaybackState mState: 1 state: 1
05-25 10:36:42.465  3992 18536 V Avrcp_ext: updateCurrentMediaState: mMediaController: MediaController (com.deepeye.musicpro.debug@54d02ce) Chaand Baaliyan – Aditya A. | Trending Song | Official Video, Sony Music India, null
05-25 10:36:42.465  3992 18536 W Avrcp_ext: isMusicActive: false getBluetoothPlayState: 1 A2dp State: 11 mAudioPlaybackIsActive: false
05-25 10:36:42.465  3992 18536 D Avrcp_ext: isMusicActive = false mAudioPlaybackIsActive = false player state = PlaybackState {state=PLAYING(3), position=1, buffered position=121521, speed=1.0, updated=1508391613, actions=7340031, custom actions=[], active item id=0, error=null}
05-25 10:36:42.466  3992 18536 D Avrcp_ext: overwrite album_artist :if album is blank
05-25 10:36:42.466  3992 18536 V Avrcp_ext: Media update: id 0➡0? [MediaAttributes: C⋯o -  by S⋯a (121521 0/0) - ] : [MediaAttributes: C⋯o -  by S⋯a (121521 0/0) - ]
05-25 10:36:42.466  3992 18536 D Avrcp_ext: isPackageNameValid: browsedPackage = com.deepeye.musicpro.debugisValid = true
05-25 10:36:42.466  3992 18536 V Avrcp_ext: isBrowseSupported for com.deepeye.musicpro.debug: false
05-25 10:36:42.466  3992 18536 W Avrcp_ext: updateCurrentMediaState: isInactivePlayer = false
05-25 10:36:42.466  3992 18536 V Avrcp_ext: updatePlaybackState, state: PlaybackState {state=PLAYING(3), position=1, buffered position=121521, speed=1.0, updated=1508391613, actions=7340031, custom actions=[], active item id=0, error=null} device: null
05-25 10:36:42.466  3992 18536 V Avrcp_ext: Device: no name: 
05-25 10:36:42.466  3992 18536 V Avrcp_ext: Device: no name: 
05-25 10:36:42.466  3992 18536 V Avrcp_ext: Device: no name: 
05-25 10:36:42.466  3992 18536 V Avrcp_ext: Device: no name: 
05-25 10:36:42.466  3992 18536 V Avrcp_ext: Device: no name: 
05-25 10:36:42.466  3992 18536 V Avrcp_ext: updatePlayerStateAndPosition, old=PlaybackState {state=PLAYING(3), position=8, buffered position=0, speed=1.0, updated=1508391601, actions=7340031, custom actions=[], active item id=0, error=null}, state=PlaybackState {state=PLAYING(3), position=1, buffered position=121521, speed=1.0, updated=1508391613, actions=7340031, custom actions=[], active item id=0, error=null}
05-25 10:36:42.466  3992 18536 V Avrcp_ext: old state = PlaybackState {state=PLAYING(3), position=8, buffered position=0, speed=1.0, updated=1508391601, actions=7340031, custom actions=[], active item id=0, error=null}, new state= PlaybackState {state=PLAYING(3), position=1, buffered position=121521, speed=1.0, updated=1508391613, actions=7340031, custom actions=[], active item id=0, error=null}
05-25 10:36:42.466  3992 18536 D HeadsetService: getHeadsetService(): returning com.android.bluetooth.hfp.HeadsetService@9390a13
05-25 10:36:42.466  3992 18536 E HeadsetStateMachine: returning mCurrentState as Disconnected
05-25 10:36:42.466  3992 18536 E HeadsetStateMachine: returning mCurrentState as Disconnected
05-25 10:36:42.466  3992 18536 D HeadsetService:  isAudioOn: The number of audio connected devices 0
05-25 10:36:42.466  3992 18536 D HeadsetService: isScoOrCallActive(): Call Active:falseCall is Ringing:falseSCO is Active:false
05-25 10:36:42.466  3992 18536 E HeadsetStateMachine: returning mCurrentState as Disconnected
05-25 10:36:42.466  3992 18536 E HeadsetStateMachine: returning mCurrentState as Disconnected
05-25 10:36:42.466  3992 18536 D HeadsetService:  isAudioOn: The number of audio connected devices 0
05-25 10:36:42.466  3992 18536 V Avrcp_ext: isPlayStateTobeUpdated: device: null
05-25 10:36:42.466  3992 18536 V Avrcp_ext: Single connection exists
05-25 10:36:42.466  3992 18536 E HeadsetStateMachine: returning mCurrentState as Disconnected
05-25 10:36:42.466  3992 18536 E HeadsetStateMachine: returning mCurrentState as Disconnected
05-25 10:36:42.466  3992 18536 D HeadsetService:  isAudioOn: The number of audio connected devices 0
05-25 10:36:42.466  3992 18536 D HeadsetService: isScoOrCallActive(): Call Active:falseCall is Ringing:falseSCO is Active:false
05-25 10:36:42.466  3992 18536 E HeadsetStateMachine: returning mCurrentState as Disconnected
05-25 10:36:42.466  3992 18536 E HeadsetStateMachine: returning mCurrentState as Disconnected
05-25 10:36:42.466  3992 18536 D HeadsetService:  isAudioOn: The number of audio connected devices 0
05-25 10:36:42.466  3992 18536 V Avrcp_ext: isPlayStateTobeUpdated: device: null
05-25 10:36:42.466  3992 18536 V Avrcp_ext: Single connection exists
05-25 10:36:42.466  3992 18536 E HeadsetStateMachine: returning mCurrentState as Disconnected
05-25 10:36:42.466  3992 18536 E HeadsetStateMachine: returning mCurrentState as Disconnected
05-25 10:36:42.466  3992 18536 D HeadsetService:  isAudioOn: The number of audio connected devices 0
05-25 10:36:42.466  3992 18536 D HeadsetService: isScoOrCallActive(): Call Active:falseCall is Ringing:falseSCO is Active:false
05-25 10:36:42.466  3992 18536 E HeadsetStateMachine: returning mCurrentState as Disconnected
05-25 10:36:42.467  3992 18536 E HeadsetStateMachine: returning mCurrentState as Disconnected
05-25 10:36:42.467  3992 18536 D HeadsetService:  isAudioOn: The number of audio connected devices 0
05-25 10:36:42.467  3992 18536 V Avrcp_ext: isPlayStateTobeUpdated: device: null
05-25 10:36:42.467  3992 18536 V Avrcp_ext: Single connection exists
05-25 10:36:42.467  3992 18536 E HeadsetStateMachine: returning mCurrentState as Disconnected
05-25 10:36:42.467  3992 18536 E HeadsetStateMachine: returning mCurrentState as Disconnected
05-25 10:36:42.467  3992 18536 D HeadsetService:  isAudioOn: The number of audio connected devices 0
05-25 10:36:42.467  3992 18536 D HeadsetService: isScoOrCallActive(): Call Active:falseCall is Ringing:falseSCO is Active:false
05-25 10:36:42.467  3992 18536 E HeadsetStateMachine: returning mCurrentState as Disconnected
05-25 10:36:42.467  3992 18536 E HeadsetStateMachine: returning mCurrentState as Disconnected
05-25 10:36:42.467  3992 18536 D HeadsetService:  isAudioOn: The number of audio connected devices 0
05-25 10:36:42.467  3992 18536 V Avrcp_ext: isPlayStateTobeUpdated: device: null
05-25 10:36:42.467  3992 18536 V Avrcp_ext: Single connection exists
05-25 10:36:42.467  3992 18536 E HeadsetStateMachine: returning mCurrentState as Disconnected
05-25 10:36:42.467  3992 18536 E HeadsetStateMachine: returning mCurrentState as Disconnected
05-25 10:36:42.467  3992 18536 D HeadsetService:  isAudioOn: The number of audio connected devices 0
05-25 10:36:42.467  3992 18536 D HeadsetService: isScoOrCallActive(): Call Active:falseCall is Ringing:falseSCO is Active:false
05-25 10:36:42.467  3992 18536 E HeadsetStateMachine: returning mCurrentState as Disconnected
05-25 10:36:42.467  3992 18536 E HeadsetStateMachine: returning mCurrentState as Disconnected
05-25 10:36:42.467  3992 18536 D HeadsetService:  isAudioOn: The number of audio connected devices 0
05-25 10:36:42.467  3992 18536 V Avrcp_ext: isPlayStateTobeUpdated: device: null
05-25 10:36:42.467  3992 18536 V Avrcp_ext: Single connection exists
05-25 10:36:42.467  3992 18536 D Avrcp_ext: Enter sendPlayPosNotificationRsp
05-25 10:36:42.467  3992 18536 D Avrcp_ext: sendPlayPosNotificationRsp: Not registered or requesting.
05-25 10:36:42.467  3992 18536 D Avrcp_ext: Enter sendPlayPosNotificationRsp
05-25 10:36:42.467  3992 18536 D Avrcp_ext: sendPlayPosNotificationRsp: Not registered or requesting.
05-25 10:36:42.467  3992 18536 D Avrcp_ext: Enter sendPlayPosNotificationRsp
05-25 10:36:42.467  3992 18536 D Avrcp_ext: sendPlayPosNotificationRsp: Not registered or requesting.
05-25 10:36:42.467  3992 18536 D Avrcp_ext: Enter sendPlayPosNotificationRsp
05-25 10:36:42.467  3992 18536 D Avrcp_ext: sendPlayPosNotificationRsp: Not registered or requesting.
05-25 10:36:42.467  3992 18536 D Avrcp_ext: Enter sendPlayPosNotificationRsp
05-25 10:36:42.467  3992 18536 D Avrcp_ext: sendPlayPosNotificationRsp: Not registered or requesting.
05-25 10:36:42.467  3992 18536 V Avrcp_ext: Exit updatePlayerStateAndPosition
05-25 10:36:42.467  3992 18536 D APM: ActiveDeviceManagerServiceLegacy: getActiveAbsoluteDevice(): device: null
05-25 10:36:42.467  3992 18536 D APM: ActiveDeviceManagerServiceLegacy: isStableState(): true
05-25 10:36:42.467  3992 18536 D Avrcp_ext: isAdmStable = true activeAbsAddr = null device = null
05-25 10:36:42.467  3992 18536 V APM: MediaControlManager: onPlaybackStateChanged
05-25 10:36:42.467  3992 18536 W McpService: updatePlaybackState state PlaybackState {state=PLAYING(3), position=1, buffered position=121521, speed=1.0, updated=1508391613, actions=7340031, custom actions=[], active item id=0, error=null}
05-25 10:36:42.467  3992 18536 W McpService: updatePlaybackState mState: 1 state: 1
05-25 10:36:42.467  3992 18536 W Avrcp_ext: updated player state = PlaybackState {state=PLAYING(3), position=1, buffered position=121521, speed=1.0, updated=1508391613, actions=7340031, custom actions=[], active item id=0, error=null}to MCP module also
05-25 10:36:42.467  3992 18536 V Avrcp_ext:  Exit onPlaybackStateChanged
05-25 10:36:42.467  3992 18536 V Avrcp_ext: onPlaybackStateChanged: state PlaybackState {state=PLAYING(3), position=0, buffered position=121521, speed=1.0, updated=1508391613, actions=7340031, custom actions=[], active item id=0, error=null}
05-25 10:36:42.467  3992 18536 V APM: MediaControlManager: onPlaybackStateChanged
05-25 10:36:42.467  3992 18536 W McpService: updatePlaybackState state PlaybackState {state=PLAYING(3), position=0, buffered position=121521, speed=1.0, updated=1508391613, actions=7340031, custom actions=[], active item id=0, error=null}
05-25 10:36:42.467  3992 18536 W McpService: updatePlaybackState mState: 1 state: 1
05-25 10:36:42.468  3992 18536 V Avrcp_ext: updateCurrentMediaState: mMediaController: MediaController (com.deepeye.musicpro.debug@54d02ce) Chaand Baaliyan – Aditya A. | Trending Song | Official Video, Sony Music India, null
05-25 10:36:42.468  3992 18536 W Avrcp_ext: isMusicActive: false getBluetoothPlayState: 1 A2dp State: 11 mAudioPlaybackIsActive: false
05-25 10:36:42.468  3992 18536 D Avrcp_ext: isMusicActive = false mAudioPlaybackIsActive = false player state = PlaybackState {state=PLAYING(3), position=3, buffered position=121521, speed=1.0, updated=1508391616, actions=7340031, custom actions=[], active item id=0, error=null}
05-25 10:36:42.468  3992 18536 D Avrcp_ext: overwrite album_artist :if album is blank
05-25 10:36:42.469  3992 18536 V Avrcp_ext: Media update: id 0➡0? [MediaAttributes: C⋯o -  by S⋯a (121521 0/0) - ] : [MediaAttributes: C⋯o -  by S⋯a (121521 0/0) - ]
05-25 10:36:42.469  3992 18536 D Avrcp_ext: isPackageNameValid: browsedPackage = com.deepeye.musicpro.debugisValid = true
05-25 10:36:42.469  3992 18536 V Avrcp_ext: isBrowseSupported for com.deepeye.musicpro.debug: false
05-25 10:36:42.469  3992 18536 W Avrcp_ext: updateCurrentMediaState: isInactivePlayer = false
05-25 10:36:42.469  3992 18536 V Avrcp_ext: updatePlaybackState, state: PlaybackState {state=PLAYING(3), position=3, buffered position=121521, speed=1.0, updated=1508391616, actions=7340031, custom actions=[], active item id=0, error=null} device: null
05-25 10:36:42.469  3992 18536 V Avrcp_ext: Device: no name: 
05-25 10:36:42.469  3992 18536 V Avrcp_ext: Device: no name: 
05-25 10:36:42.469  3992 18536 V Avrcp_ext: Device: no name: 
05-25 10:36:42.469  3992 18536 V Avrcp_ext: Device: no name: 
05-25 10:36:42.469  3992 18536 V Avrcp_ext: Device: no name: 
05-25 10:36:42.469  3992 18536 V Avrcp_ext: updatePlayerStateAndPosition, old=PlaybackState {state=PLAYING(3), position=1, buffered position=121521, speed=1.0, updated=1508391613, actions=7340031, custom actions=[], active item id=0, error=null}, state=PlaybackState {state=PLAYING(3), position=3, buffered position=121521, speed=1.0, updated=1508391616, actions=7340031, custom actions=[], active item id=0, error=null}
05-25 10:36:42.469  3992 18536 V Avrcp_ext: old state = PlaybackState {state=PLAYING(3), position=1, buffered position=121521, speed=1.0, updated=1508391613, actions=7340031, custom actions=[], active item id=0, error=null}, new state= PlaybackState {state=PLAYING(3), position=3, buffered position=121521, speed=1.0, updated=1508391616, actions=7340031, custom actions=[], active item id=0, error=null}
05-25 10:36:42.469  3992 18536 D HeadsetService: getHeadsetService(): returning com.android.bluetooth.hfp.HeadsetService@9390a13
05-25 10:36:42.469  3992 18536 E HeadsetStateMachine: returning mCurrentState as Disconnected
05-25 10:36:42.469  3992 18536 E HeadsetStateMachine: returning mCurrentState as Disconnected
05-25 10:36:42.469  3992 18536 D HeadsetService:  isAudioOn: The number of audio connected devices 0
05-25 10:36:42.469  3992 18536 D HeadsetService: isScoOrCallActive(): Call Active:falseCall is Ringing:falseSCO is Active:false
05-25 10:36:42.469  3992 18536 E HeadsetStateMachine: returning mCurrentState as Disconnected
05-25 10:36:42.469  3992 18536 E HeadsetStateMachine: returning mCurrentState as Disconnected
05-25 10:36:42.469  3992 18536 D HeadsetService:  isAudioOn: The number of audio connected devices 0
05-25 10:36:42.469  3992 18536 V Avrcp_ext: isPlayStateTobeUpdated: device: null
05-25 10:36:42.469  3992 18536 V Avrcp_ext: Single connection exists
05-25 10:36:42.469  3992 18536 E HeadsetStateMachine: returning mCurrentState as Disconnected
05-25 10:36:42.469  3992 18536 E HeadsetStateMachine: returning mCurrentState as Disconnected
05-25 10:36:42.469  3992 18536 D HeadsetService:  isAudioOn: The number of audio connected devices 0
05-25 10:36:42.469  3992 18536 D HeadsetService: isScoOrCallActive(): Call Active:falseCall is Ringing:falseSCO is Active:false
05-25 10:36:42.469  3992 18536 E HeadsetStateMachine: returning mCurrentState as Disconnected
05-25 10:36:42.469  3992 18536 E HeadsetStateMachine: returning mCurrentState as Disconnected
05-25 10:36:42.469  3992 18536 D HeadsetService:  isAudioOn: The number of audio connected devices 0
05-25 10:36:42.469  3992 18536 V Avrcp_ext: isPlayStateTobeUpdated: device: null
05-25 10:36:42.469  3992 18536 V Avrcp_ext: Single connection exists
05-25 10:36:42.469  3992 18536 E HeadsetStateMachine: returning mCurrentState as Disconnected
05-25 10:36:42.469  3992 18536 E HeadsetStateMachine: returning mCurrentState as Disconnected
05-25 10:36:42.469  3992 18536 D HeadsetService:  isAudioOn: The number of audio connected devices 0
05-25 10:36:42.469  3992 18536 D HeadsetService: isScoOrCallActive(): Call Active:falseCall is Ringing:falseSCO is Active:false
05-25 10:36:42.469  3992 18536 E HeadsetStateMachine: returning mCurrentState as Disconnected
05-25 10:36:42.469  3992 18536 E HeadsetStateMachine: returning mCurrentState as Disconnected
05-25 10:36:42.469  3992 18536 D HeadsetService:  isAudioOn: The number of audio connected devices 0
05-25 10:36:42.469  3992 18536 V Avrcp_ext: isPlayStateTobeUpdated: device: null
05-25 10:36:42.469  3992 18536 V Avrcp_ext: Single connection exists
05-25 10:36:42.469  3992 18536 E HeadsetStateMachine: returning mCurrentState as Disconnected
05-25 10:36:42.469  3992 18536 E HeadsetStateMachine: returning mCurrentState as Disconnected
05-25 10:36:42.469  3992 18536 D HeadsetService:  isAudioOn: The number of audio connected devices 0
05-25 10:36:42.469  3992 18536 D HeadsetService: isScoOrCallActive(): Call Active:falseCall is Ringing:falseSCO is Active:false
