06-16 01:23:13.584  3286  3349 D ActivityManager: unfreezing ProcessRecord{737ed98 21044:com.google.android.gms.ui/u0a192}, reason = shouldNotFreeze_allowlist, adj = 955, adjType = cch-empty, adjSource = null
06-16 01:23:13.585  3286  3349 D ActivityManager: sync unfroze 21044 com.google.android.gms.ui for 10
06-16 01:23:13.585  3286  3349 D ActivityManager: unfreezing ProcessRecord{7b40bf2 2883:com.google.process.gservices/u0a192}, reason = shouldNotFreeze_allowlist, adj = 955, adjType = cch-empty, adjSource = null
06-16 01:23:13.585  3286  3349 D ActivityManager: sync unfroze 2883 com.google.process.gservices for 10
06-16 01:23:14.309  3286  4266 E ClipboardService: Denying clipboard access to com.google.android.gm, application is not in focus nor is it a system service for user 0
06-16 01:23:14.311  3286  4266 E ClipboardService: Denying clipboard access to com.phonepe.app, application is not in focus nor is it a system service for user 0
06-16 01:23:14.314  3286  4266 E ClipboardService: Denying clipboard access to ai.perplexity.app.android, application is not in focus nor is it a system service for user 0
06-16 01:23:14.315  3286  4266 E ClipboardService: Denying clipboard access to com.android.chrome, application is not in focus nor is it a system service for user 0
06-16 01:23:14.315  3286  4266 E ClipboardService: Denying clipboard access to org.kde.kdeconnect_tp, application is not in focus nor is it a system service for user 0
06-16 01:23:14.421  3286  4102 E ClipboardService: Denying clipboard access to com.google.android.gm, application is not in focus nor is it a system service for user 0
06-16 01:23:14.422  3286  4102 E ClipboardService: Denying clipboard access to com.phonepe.app, application is not in focus nor is it a system service for user 0
06-16 01:23:14.423  3286  4102 E ClipboardService: Denying clipboard access to ai.perplexity.app.android, application is not in focus nor is it a system service for user 0
06-16 01:23:14.423  3286  4102 E ClipboardService: Denying clipboard access to com.android.chrome, application is not in focus nor is it a system service for user 0
06-16 01:23:14.423  3286  4102 E ClipboardService: Denying clipboard access to org.kde.kdeconnect_tp, application is not in focus nor is it a system service for user 0
06-16 01:23:14.454  4198  4198 D ViewRootImpl: update {(0,0)(fillxfill) layoutInDisplayCutoutMode=always ty=SCREENSHOT fmt=TRANSLUCENT
06-16 01:23:14.454  4198  4198 D ViewRootImpl:   fl=NOT_FOCUSABLE NOT_TOUCH_MODAL LAYOUT_IN_SCREEN FULLSCREEN ALT_FOCUSABLE_IM WATCH_OUTSIDE_TOUCH SHOW_WHEN_LOCKED HARDWARE_ACCELERATED
06-16 01:23:14.454  4198  4198 D ViewRootImpl:   pfl=FIT_INSETS_CONTROLLED TRUSTED_OVERLAY
06-16 01:23:14.454  4198  4198 D ViewRootImpl:   bhv=DEFAULT} by setView
06-16 01:23:14.495  3286  6909 D CoreBackPreview: Window{602adcd u0 ClipboardOverlay}: Setting back callback OnBackInvokedCallbackInfo{mCallback=android.window.IOnBackInvokedCallback$Stub$Proxy@5853efc, mPriority=0, mIsAnimationCallback=false}
06-16 01:23:21.133  3286  4266 D CoreBackPreview: Window{602adcd u0 ClipboardOverlay}: Setting back callback null
06-16 01:23:22.855  3286  3759 D ActivityManager: freezing 21361 com.google.android.cellbroadcastreceiver, reason = oom_cached
06-16 01:23:23.678  3286  3349 W ProcessStats: Tracking association SourceState{7a405c7 com.google.android.gms.persistent/10192 BFgs #102295} whose proc state 4 is better than process ProcessState{94479f4 com.google.android.adservices.api/10357 pkg=com.google.android.adservices.api} proc state 13 (55 skipped)
06-16 01:23:35.208  3286  3339 D CompatibilityChangeReporter: Compat change id reported: 168936375; UID 1000; state: ENABLED
06-16 01:23:35.216  3286  3339 D CompatibilityChangeReporter: Compat change id reported: 73144566; UID 1000; state: ENABLED
06-16 01:23:35.224  3286  6909 W ProcessStats: Tracking association SourceState{7a405c7 com.google.android.gms.persistent/10192 BFgs #102327} whose proc state 4 is better than process ProcessState{94479f4 com.google.android.adservices.api/10357 pkg=com.google.android.adservices.api} proc state 13 (70 skipped)
06-16 01:23:37.074  3286  3286 V UiModeManager: updateLocked: null action, mDockState=0, category=null
06-16 01:23:37.074  3286  3286 D UiModeManager: updateConfigurationLocked: mDockState=0; mCarMode=false; mNightMode=2; mNightModeCustomType=-1; uiMode=33
06-16 01:23:37.077  4198  5214 D PowerUI : can't show warning due to - plugged: true status unknown: false
06-16 01:23:37.482  3286  6909 W ContextImpl: Calling a method in the system process without a qualified user: android.app.ContextImpl.sendBroadcast:1246 com.android.server.location.provider.LocationProviderManager$LocationRegistration$1.test:1004 com.android.server.location.provider.LocationProviderManager$LocationRegistration$1.test:958 android.location.LocationResult.filter:191 com.android.server.location.provider.LocationProviderManager$LocationRegistration.acceptLocationChange:957 
06-16 01:23:37.483  3286  6909 W ContextImpl: Calling a method in the system process without a qualified user: android.app.ContextImpl.sendBroadcast:1246 com.android.server.location.provider.LocationProviderManager$LocationRegistration$1.test:1004 com.android.server.location.provider.LocationProviderManager$LocationRegistration$1.test:958 android.location.LocationResult.filter:191 com.android.server.location.provider.LocationProviderManager$LocationRegistration.acceptLocationChange:957 
06-16 01:23:37.486  3286  6909 W ContextImpl: Calling a method in the system process without a qualified user: android.app.ContextImpl.sendBroadcast:1246 com.android.server.location.provider.LocationProviderManager$LocationRegistration$1.test:1004 com.android.server.location.provider.LocationProviderManager$LocationRegistration$1.test:958 android.location.LocationResult.filter:191 com.android.server.location.provider.LocationProviderManager$LocationRegistration.acceptLocationChange:957 
06-16 01:23:37.490  3286  6909 W ContextImpl: Calling a method in the system process without a qualified user: android.app.ContextImpl.sendBroadcast:1246 com.android.server.location.provider.LocationProviderManager$LocationRegistration$1.test:1004 com.android.server.location.provider.LocationProviderManager$LocationRegistration$1.test:958 android.location.LocationResult.filter:191 com.android.server.location.provider.LocationProviderManager$LocationRegistration.acceptLocationChange:957 
06-16 01:23:37.492  3286  6909 W ContextImpl: Calling a method in the system process without a qualified user: android.app.ContextImpl.sendBroadcast:1246 com.android.server.location.provider.LocationProviderManager$LocationRegistration$1.test:1004 com.android.server.location.provider.LocationProviderManager$LocationRegistration$1.test:958 android.location.LocationResult.filter:191 com.android.server.location.provider.LocationProviderManager$LocationRegistration.acceptLocationChange:957 
06-16 01:23:43.593  3286  3349 D ActivityManager: unfreezing ProcessRecord{3048bb1 21773:com.motorola.coresettingsext/u0a308}, reason = shouldNotFreeze_provider: ProcessRecord{8348925 21216:com.android.settings/1000}, adj = 945, adjType = cch-empty, adjSource = null
06-16 01:23:43.594  3286  3349 D ActivityManager: sync unfroze 21773 com.motorola.coresettingsext for 10
06-16 01:23:43.594  3286  3349 D ActivityManager: unfreezing ProcessRecord{40e524 19691:com.android.keychain/1000}, reason = shouldNotFreeze_allowlist, adj = 995, adjType = cch-empty, adjSource = null
06-16 01:23:43.595  3286  3349 D ActivityManager: sync unfroze 19691 com.android.keychain for 10
06-16 01:23:43.639  3286  3759 D ActivityManager: freezing 966 com.google.android.gms, reason = oom_cached
06-16 01:23:43.641  3286  3759 D ActivityManager: freezing 21044 com.google.android.gms.ui, reason = oom_cached
06-16 01:23:43.643  3286  3759 D ActivityManager: freezing 2883 com.google.process.gservices, reason = oom_cached
06-16 01:23:45.925  4198  4198 D ViewRootImpl: update {(0,102)(wrapxwrap) gr=BOTTOM CENTER ty=TOAST fmt=TRANSLUCENT
06-16 01:23:45.925  4198  4198 D ViewRootImpl:   fl=NOT_FOCUSABLE NOT_TOUCHABLE KEEP_SCREEN_ON HARDWARE_ACCELERATED
06-16 01:23:45.925  4198  4198 D ViewRootImpl:   pfl=FIT_INSETS_CONTROLLED TRUSTED_OVERLAY
06-16 01:23:45.925  4198  4198 D ViewRootImpl:   bhv=DEFAULT
06-16 01:23:45.925  4198  4198 D ViewRootImpl:   fitTypes=STATUS_BARS NAVIGATION_BARS CAPTION_BAR
06-16 01:23:45.925  4198  4198 D ViewRootImpl:   fitIgnoreVis} by setView
06-16 01:23:45.944  3286  3708 D CoreBackPreview: Window{15b0162 u0 Toast}: Setting back callback OnBackInvokedCallbackInfo{mCallback=android.window.IOnBackInvokedCallback$Stub$Proxy@e3a1a29, mPriority=0, mIsAnimationCallback=false}
06-16 01:23:48.472  3286  7203 D CoreBackPreview: Window{15b0162 u0 Toast}: Setting back callback null
06-16 01:23:48.506  3286  7203 W NotificationService: Toast already killed. pkg=com.deepeye.musicpro token=android.os.BinderProxy@30607be
06-16 01:23:52.521  3286  7168 W ProcessStats: Tracking association SourceState{7a405c7 com.google.android.gms.persistent/10192 BFgs #102356} whose proc state 4 is better than process ProcessState{94479f4 com.google.android.adservices.api/10357 pkg=com.google.android.adservices.api} proc state 13 (33 skipped)
06-16 01:23:55.374  3286  3721 D CompatibilityChangeReporter: Compat change id reported: 135634846; UID 10228; state: DISABLED
06-16 01:23:55.374  3286  3721 D CompatibilityChangeReporter: Compat change id reported: 177438394; UID 10228; state: DISABLED
06-16 01:23:55.374  3286  3721 D CompatibilityChangeReporter: Compat change id reported: 135772972; UID 10228; state: DISABLED
06-16 01:23:55.374  3286  3721 D CompatibilityChangeReporter: Compat change id reported: 135754954; UID 10228; state: ENABLED
06-16 01:23:55.375  3286  3350 D CompatibilityChangeReporter: Compat change id reported: 143937733; UID 10228; state: ENABLED
06-16 01:23:55.390  3286  3350 I ActivityManager: Start proc 7974:com.google.android.googlequicksearchbox:search/u0a228 for service {com.google.android.googlequicksearchbox/androidx.work.impl.background.systemjob.SystemJobService}
06-16 01:23:55.424  3286  4911 D CompatibilityChangeReporter: Compat change id reported: 168419799; UID 10228; state: DISABLED
06-16 01:23:55.424  3286  4911 D CompatibilityChangeReporter: Compat change id reported: 273564678; UID 10228; state: DISABLED
06-16 01:23:55.431  3286  4911 D CompatibilityChangeReporter: Compat change id reported: 170503758; UID 10228; state: ENABLED
06-16 01:23:55.547  3286  6909 W ContextImpl: Calling a method in the system process without a qualified user: android.app.ContextImpl.sendBroadcast:1246 com.android.server.location.provider.LocationProviderManager$LocationRegistration$1.test:1004 com.android.server.location.provider.LocationProviderManager$LocationRegistration$1.test:958 android.location.LocationResult.filter:191 com.android.server.location.provider.LocationProviderManager$LocationRegistration.acceptLocationChange:957 
06-16 01:23:55.548  3286  6909 W ContextImpl: Calling a method in the system process without a qualified user: android.app.ContextImpl.sendBroadcast:1246 com.android.server.location.provider.LocationProviderManager$LocationRegistration$1.test:1004 com.android.server.location.provider.LocationProviderManager$LocationRegistration$1.test:958 android.location.LocationResult.filter:191 com.android.server.location.provider.LocationProviderManager$LocationRegistration.acceptLocationChange:957 
06-16 01:23:55.550  3286  6909 W ContextImpl: Calling a method in the system process without a qualified user: android.app.ContextImpl.sendBroadcast:1246 com.android.server.location.provider.LocationProviderManager$LocationRegistration$1.test:1004 com.android.server.location.provider.LocationProviderManager$LocationRegistration$1.test:958 android.location.LocationResult.filter:191 com.android.server.location.provider.LocationProviderManager$LocationRegistration.acceptLocationChange:957 
06-16 01:23:55.551  3286  6909 W ContextImpl: Calling a method in the system process without a qualified user: android.app.ContextImpl.sendBroadcast:1246 com.android.server.location.provider.LocationProviderManager$LocationRegistration$1.test:1004 com.android.server.location.provider.LocationProviderManager$LocationRegistration$1.test:958 android.location.LocationResult.filter:191 com.android.server.location.provider.LocationProviderManager$LocationRegistration.acceptLocationChange:957 
06-16 01:23:55.786  3286  6909 D CompatibilityChangeReporter: Compat change id reported: 161145287; UID 10228; state: ENABLED
06-16 01:23:55.897  3286  6909 I ActivityManager: Flag disabled. Ignoring finishAttachApplication from uid: 10228. pid: 7974
06-16 01:23:55.907  3286  7203 D ActivityManager: unfreezing ProcessRecord{7b40bf2 2883:com.google.process.gservices/u0a192}, reason = oom_uncached, adj = 0, adjType = provider, adjSource = ProcessRecord{704f352 7974:com.google.android.googlequicksearchbox:search/u0a228}
06-16 01:23:55.908  3286  7203 D ActivityManager: sync unfroze 2883 com.google.process.gservices for 7
06-16 01:23:56.047  3286  4911 D CompatibilityChangeReporter: Compat change id reported: 271850009; UID 10228; state: ENABLED
06-16 01:23:56.048  3286  4911 D CompatibilityChangeReporter: Compat change id reported: 253665015; UID 10228; state: ENABLED
06-16 01:23:56.048  3286  4911 D CompatibilityChangeReporter: Compat change id reported: 194532703; UID 10228; state: ENABLED
06-16 01:23:56.092  3286  4911 W JobScheduler: Job didn't exist in JobStore: 7b5ca3d {androidx.work.systemjobscheduler} #u0a228/55305 @androidx.work.systemjobscheduler@com.google.android.googlequicksearchbox/androidx.work.impl.background.systemjob.SystemJobService
06-16 01:23:56.369  3286  6909 I ActivityManager: Killing 20102:com.google.android.videos/u0a269 (adj 935, setSvc -10000): empty #31
06-16 01:23:56.415  3286  4911 D CompatibilityChangeReporter: Compat change id reported: 241766793; UID 10297; state: ENABLED
06-16 01:23:56.418  3286  4911 D CompatibilityChangeReporter: Compat change id reported: 161252188; UID 10297; state: DISABLED
06-16 01:23:56.419  3286  4911 D ActivityManager: unfreezing ProcessRecord{bf0f87 12149:com.motorola.ccc.ota/u0a297}, reason = shouldNotFreeze_service_3: ProcessRecord{cff4722 4198:com.android.systemui/u0a342}, adj = 0, adjType = exec-service, adjSource = null
06-16 01:23:56.421  3286  4911 D ActivityManager: sync unfroze 12149 com.motorola.ccc.ota for 6
06-16 01:23:56.431  3286  6909 I ActivityManager: appDiedLocked: app=ProcessRecord{d389169 20102:com.google.android.videos/u0a269} thread=android.os.BinderProxy@dfe5534 fromBinderDied=true isKilledByAm=true reason=null
06-16 01:23:56.432  3286  4266 I MediaSessionStack: removeSession | record: com.google.android.videos/play_movies_media (userId=0)
06-16 01:23:56.443  3286  6909 D RestartModeController: markWaitRestartAppIsSuicided null processName=com.google.android.videos
06-16 01:23:56.445  3286  6909 D ActivityTaskManager: handleAppDied: uid=10269,diedCount=1,lastDiedTime=39900553,forceStopUids=false
06-16 01:23:56.445  3286  3340 D DisplayManagerService: Drop pending events for gone uid 10269
06-16 01:23:56.461  3286  4044 D CompatibilityChangeReporter: Compat change id reported: 218533173; UID 10269; state: ENABLED
06-16 01:23:56.461  3286  4044 D CompatibilityChangeReporter: Compat change id reported: 262645982; UID 10269; state: ENABLED
06-16 01:23:56.493  3286  7151 D ActivityManager: unfreezing ProcessRecord{5433f56 966:com.google.android.gms/u0a192}, reason = shouldNotFreeze_service_1: ProcessRecord{a5a52e6 22794:com.google.android.googlequicksearchbox:googleapp/u0a228}, adj = 0, adjType = exec-service, adjSource = null
06-16 01:23:56.495  3286  7151 D ActivityManager: sync unfroze 966 com.google.android.gms for 6
06-16 01:24:00.818  4198  4238 D ShellBackPreview: Finishing gesture with event action: 1
06-16 01:24:00.818  4198  4238 D ShellBackPreview: onGestureFinished() mTriggerBack == false
06-16 01:24:00.818  4198  4238 D ShellBackPreview: BackAnimationController: finishBackNavigation()
06-16 01:24:00.839 20543 20543 D ViewRootImpl: update {(0,0)(wrapxwrap) gr=CENTER sim={adjust=pan forwardNavigation} ty=APPLICATION fmt=TRANSPARENT wanim=0x10302ff
06-16 01:24:00.839 20543 20543 D ViewRootImpl:   fl=DIM_BEHIND SPLIT_TOUCH HARDWARE_ACCELERATED
06-16 01:24:00.839 20543 20543 D ViewRootImpl:   bhv=DEFAULT
06-16 01:24:00.839 20543 20543 D ViewRootImpl:   fitTypes=STATUS_BARS NAVIGATION_BARS CAPTION_BAR} by setView
06-16 01:24:00.844  3286  5295 D CompatibilityChangeReporter: Compat change id reported: 168419799; UID 10526; state: DISABLED
06-16 01:24:00.844  3286  5295 D CompatibilityChangeReporter: Compat change id reported: 273564678; UID 10526; state: DISABLED
06-16 01:24:00.859 20543 20543 D VRI[MainActivity]: update {(0,0)(wrapxwrap) gr=CENTER sim={adjust=pan} ty=APPLICATION fmt=TRANSPARENT wanim=0x10302ff
06-16 01:24:00.859 20543 20543 D VRI[MainActivity]:   fl=DIM_BEHIND SPLIT_TOUCH HARDWARE_ACCELERATED
06-16 01:24:00.859 20543 20543 D VRI[MainActivity]:   bhv=DEFAULT
06-16 01:24:00.859 20543 20543 D VRI[MainActivity]:   fitTypes=STATUS_BARS NAVIGATION_BARS CAPTION_BAR} by setLayoutParams
06-16 01:24:00.860 20543 20543 D VRI[MainActivity]: update {(0,0)(wrapxwrap) gr=CENTER sim={adjust=pan} ty=APPLICATION fmt=TRANSPARENT wanim=0x10302ff
06-16 01:24:00.860 20543 20543 D VRI[MainActivity]:   fl=DIM_BEHIND SPLIT_TOUCH HARDWARE_ACCELERATED
06-16 01:24:00.860 20543 20543 D VRI[MainActivity]:   bhv=DEFAULT
06-16 01:24:00.860 20543 20543 D VRI[MainActivity]:   fitTypes=STATUS_BARS NAVIGATION_BARS CAPTION_BAR} by setLayoutParams
06-16 01:24:00.879  3286  4911 D CoreBackPreview: Window{3b32ad u0 com.deepeye.musicpro/com.deepeye.musicpro.MainActivity}: Setting back callback OnBackInvokedCallbackInfo{mCallback=android.window.IOnBackInvokedCallback$Stub$Proxy@d9831cf, mPriority=0, mIsAnimationCallback=false}
06-16 01:24:00.904 20543 20543 D VRI[MainActivity]: update {(0,0)(wrapxwrap) gr=CENTER sim={adjust=pan} ty=APPLICATION fmt=TRANSPARENT wanim=0x10302ff
06-16 01:24:00.904 20543 20543 D VRI[MainActivity]:   fl=DIM_BEHIND SPLIT_TOUCH HARDWARE_ACCELERATED
06-16 01:24:00.904 20543 20543 D VRI[MainActivity]:   bhv=DEFAULT
06-16 01:24:00.904 20543 20543 D VRI[MainActivity]:   fitTypes=STATUS_BARS NAVIGATION_BARS CAPTION_BAR} by setLayoutParams
06-16 01:24:00.906 20543 20543 D VRI[MainActivity]: update {(0,0)(wrapxwrap) gr=CENTER sim={adjust=pan} ty=APPLICATION fmt=TRANSPARENT wanim=0x10302ff
06-16 01:24:00.906 20543 20543 D VRI[MainActivity]:   fl=DIM_BEHIND SPLIT_TOUCH HARDWARE_ACCELERATED
06-16 01:24:00.906 20543 20543 D VRI[MainActivity]:   bhv=DEFAULT
06-16 01:24:00.906 20543 20543 D VRI[MainActivity]:   fitTypes=STATUS_BARS NAVIGATION_BARS CAPTION_BAR} by setLayoutParams
06-16 01:24:00.949  3286  5295 W PackageConfigPersister: App-specific configuration not found for packageName: com.deepeye.musicpro and userId: 0
06-16 01:24:02.586  3286  4911 I AppsFilter: interaction: PackageSetting{b467f3d com.deepeye.musicpro/10526} -> PackageSetting{9bddcee com.google.android.inputmethod.latin/10275} BLOCKED
06-16 01:24:02.586  3286  4911 W FillRequestEventLogger: Couldn't find packageName: com.google.android.inputmethod.latin
06-16 01:24:02.619  3286  3303 W ProcessStats: Tracking association SourceState{7a405c7 com.google.android.gms.persistent/10192 BFgs #102415} whose proc state 4 is better than process ProcessState{94479f4 com.google.android.adservices.api/10357 pkg=com.google.android.adservices.api} proc state 13 (77 skipped)
06-16 01:24:02.639  3286  3303 D AutofillSession: createPendingIntent for request 24
06-16 01:24:02.639  3286  3303 D ContentCapturePerUserService: Notified activity assist data for activity: Token{163e7b7 ActivityRecord{83d4e5c u0 com.deepeye.musicpro/.MainActivity t7090}} without a session Id
06-16 01:24:02.643  3286  3304 W PackageConfigPersister: App-specific configuration not found for packageName: com.deepeye.musicpro and userId: 0
06-16 01:24:02.645  3286  4911 W PackageConfigPersister: App-specific configuration not found for packageName: com.deepeye.musicpro and userId: 0
06-16 01:24:02.651  5043  5043 D VRI[InputMethod]: update {(0,0)(fillxfill) gr=BOTTOM CENTER_VERTICAL ty=INPUT_METHOD fmt=TRANSPARENT wanim=0x1030056 receive insets ignoring z-order
06-16 01:24:02.651  5043  5043 D VRI[InputMethod]:   fl=NOT_FOCUSABLE LAYOUT_IN_SCREEN SPLIT_TOUCH HARDWARE_ACCELERATED DRAWS_SYSTEM_BAR_BACKGROUNDS
06-16 01:24:02.651  5043  5043 D VRI[InputMethod]:   pfl=FIT_INSETS_CONTROLLED
06-16 01:24:02.651  5043  5043 D VRI[InputMethod]:   bhv=DEFAULT
06-16 01:24:02.651  5043  5043 D VRI[InputMethod]:   fitTypes=STATUS_BARS NAVIGATION_BARS
06-16 01:24:02.651  5043  5043 D VRI[InputMethod]:   fitSides=LEFT TOP RIGHT} by setLayoutParams
06-16 01:24:02.908  3286  3286 W FillRequestEventLogger: Shouldn't be logging AutofillFillRequestReported again for same event
06-16 01:24:02.908  3286  3286 W FillResponseEventLogger: Shouldn't be logging AutofillFillRequestReported again for same event
06-16 01:24:02.908  3286  3286 D AutofillSession: clearPendingIntentLocked
06-16 01:24:02.936  3286  7050 D InputMethodManagerService: applyImeVisibility setVisible = true; mCurClient = ClientState{677c331 mUid=10526 mPid=20543 mSelfReportedDisplayId=0}
06-16 01:24:02.940  3286  7395 D CoreBackPreview: Window{3b32ad u0 com.deepeye.musicpro/com.deepeye.musicpro.MainActivity}: Setting back callback OnBackInvokedCallbackInfo{mCallback=android.window.IOnBackInvokedCallback$Stub$Proxy@34e5798, mPriority=0, mIsAnimationCallback=false}
06-16 01:24:02.944  3286  4265 D InputMethodManagerService: applyImeVisibility setVisible = true; mCurClient = ClientState{677c331 mUid=10526 mPid=20543 mSelfReportedDisplayId=0}
06-16 01:24:03.610  3286  3759 D ActivityManager: freezing 21773 com.motorola.coresettingsext, reason = oom_cached
06-16 01:24:03.612  3286  3759 D ActivityManager: freezing 19691 com.android.keychain, reason = oom_cached
06-16 01:24:04.202  3286  3349 D ActivityManager: unfreezing ProcessRecord{5cdecf2 16002:android.process.media/u0a122}, reason = unfreezeTemporarily, adj = 955, adjType = cch-empty, adjSource = null
06-16 01:24:04.203  3286  3349 D ActivityManager: sync unfroze 16002 android.process.media for 3
06-16 01:24:06.325  3286  4265 D CoreBackPreview: Window{3b32ad u0 com.deepeye.musicpro/com.deepeye.musicpro.MainActivity}: Setting back callback OnBackInvokedCallbackInfo{mCallback=android.window.IOnBackInvokedCallback$Stub$Proxy@67ff165, mPriority=0, mIsAnimationCallback=false}
06-16 01:24:06.326  3286  4265 D CoreBackPreview: Window{3b32ad u0 com.deepeye.musicpro/com.deepeye.musicpro.MainActivity}: Setting back callback null
06-16 01:24:06.370  3286  3342 V WindowManager: Unknown focus tokens, dropping reportFocusChanged
06-16 01:24:06.497  3286  6909 D InputMethodManagerService: applyImeVisibility setVisible = false; mCurClient = ClientState{677c331 mUid=10526 mPid=20543 mSelfReportedDisplayId=0}
06-16 01:24:06.512  5043  5043 D VRI[InputMethod]: update {(0,0)(fillxfill) gr=BOTTOM CENTER_VERTICAL ty=INPUT_METHOD fmt=TRANSPARENT wanim=0x1030056 receive insets ignoring z-order
06-16 01:24:06.512  5043  5043 D VRI[InputMethod]:   fl=NOT_FOCUSABLE LAYOUT_IN_SCREEN SPLIT_TOUCH HARDWARE_ACCELERATED DRAWS_SYSTEM_BAR_BACKGROUNDS
06-16 01:24:06.512  5043  5043 D VRI[InputMethod]:   pfl=FIT_INSETS_CONTROLLED
06-16 01:24:06.512  5043  5043 D VRI[InputMethod]:   bhv=DEFAULT
06-16 01:24:06.512  5043  5043 D VRI[InputMethod]:   fitTypes=STATUS_BARS NAVIGATION_BARS
06-16 01:24:06.512  5043  5043 D VRI[InputMethod]:   fitSides=LEFT TOP RIGHT} by setLayoutParams
06-16 01:24:06.517  3286  4911 W PackageConfigPersister: App-specific configuration not found for packageName: com.deepeye.musicpro and userId: 0
06-16 01:24:07.171  3286  3759 D ActivityManager: freezing 7974 com.google.android.googlequicksearchbox:search, reason = oom_cached
06-16 01:24:07.173  3286  3759 D ActivityManager: freezing 2883 com.google.process.gservices, reason = oom_cached
06-16 01:24:07.706  3286  3721 D CompatibilityChangeReporter: Compat change id reported: 261072174; UID 10251; state: ENABLED
06-16 01:24:11.419  3286  3759 D ActivityManager: freezing 12149 com.motorola.ccc.ota, reason = oom_cached
06-16 01:24:14.221  3286  6909 W ProcessStats: Tracking association SourceState{2e4141b com.google.android.gms.persistent/10192 BFgs #102475} whose proc state 4 is better than process ProcessState{fbf4d3c com.google.android.gms/10192 pkg=com.google.android.gms} proc state 14 (179 skipped)
06-16 01:24:20.864  3286  3759 D ActivityManager: freezing 16002 android.process.media, reason = oom_cached
06-16 01:24:26.545  3286  7151 W ProcessStats: Tracking association SourceState{7a405c7 com.google.android.gms.persistent/10192 BFgs #102495} whose proc state 4 is better than process ProcessState{94479f4 com.google.android.adservices.api/10357 pkg=com.google.android.adservices.api} proc state 13 (65 skipped)
06-16 01:24:36.559  3286  3759 D ActivityManager: freezing 966 com.google.android.gms, reason = oom_cached
06-16 01:24:37.073  3286  3286 V UiModeManager: updateLocked: null action, mDockState=0, category=null
06-16 01:24:37.076  3286  3286 D UiModeManager: updateConfigurationLocked: mDockState=0; mCarMode=false; mNightMode=2; mNightModeCustomType=-1; uiMode=33
06-16 01:24:37.076  4198  5215 D PowerUI : can't show warning due to - plugged: true status unknown: false
06-16 01:24:37.080  3286  3349 W ProcessStats: Tracking association SourceState{7a405c7 com.google.android.gms.persistent/10192 BFgs #102499} whose proc state 4 is better than process ProcessState{94479f4 com.google.android.adservices.api/10357 pkg=com.google.android.adservices.api} proc state 13 (7 skipped)
06-16 01:24:42.330  3286  3349 D ActivityManager: unfreezing ProcessRecord{5cdecf2 16002:android.process.media/u0a122}, reason = unfreezeTemporarily, adj = 925, adjType = cch-empty, adjSource = null
06-16 01:24:42.330  3286  3349 D ActivityManager: sync unfroze 16002 android.process.media for 3
06-16 01:24:43.603  3286  3349 D ActivityManager: unfreezing ProcessRecord{3048bb1 21773:com.motorola.coresettingsext/u0a308}, reason = shouldNotFreeze_provider: ProcessRecord{8348925 21216:com.android.settings/1000}, adj = 955, adjType = cch-empty, adjSource = null
06-16 01:24:43.604  3286  3349 D ActivityManager: sync unfroze 21773 com.motorola.coresettingsext for 10
06-16 01:24:43.604  3286  3349 D ActivityManager: unfreezing ProcessRecord{40e524 19691:com.android.keychain/1000}, reason = shouldNotFreeze_allowlist, adj = 999, adjType = cch-empty, adjSource = null
06-16 01:24:43.605  3286  3349 D ActivityManager: sync unfroze 19691 com.android.keychain for 10
06-16 01:24:47.582  3286  3348 I UsageStatsService: User[0] Flushing usage stats to disk
06-16 01:24:50.549  3286  3349 D ActivityManager: unfreezing ProcessRecord{76ff71 21892:udc.lenovo.com.udclient/u0a181}, reason = unfreezeTemporarily, adj = 955, adjType = cch-empty, adjSource = null
06-16 01:24:50.549  3286  3349 D ActivityManager: sync unfroze 21892 udc.lenovo.com.udclient for 3
06-16 01:24:50.555  3286  3349 W ProcessStats: Tracking association SourceState{7a405c7 com.google.android.gms.persistent/10192 BFgs #102504} whose proc state 4 is better than process ProcessState{94479f4 com.google.android.adservices.api/10357 pkg=com.google.android.adservices.api} proc state 13 (5 skipped)
06-16 01:24:52.352  3286  3759 D ActivityManager: freezing 16002 android.process.media, reason = oom_cached
06-16 01:24:56.419  3286  7152 D CompatibilityChangeReporter: Compat change id reported: 241766793; UID 10139; state: ENABLED
06-16 01:24:56.421  3286  7152 D CompatibilityChangeReporter: Compat change id reported: 161252188; UID 10139; state: DISABLED
06-16 01:24:56.422  3286  7152 D CompatibilityChangeReporter: Compat change id reported: 135634846; UID 10139; state: DISABLED
06-16 01:24:56.423  3286  7152 D CompatibilityChangeReporter: Compat change id reported: 177438394; UID 10139; state: DISABLED
06-16 01:24:56.423  3286  7152 D CompatibilityChangeReporter: Compat change id reported: 135772972; UID 10139; state: DISABLED
06-16 01:24:56.423  3286  7152 D CompatibilityChangeReporter: Compat change id reported: 135754954; UID 10139; state: ENABLED
06-16 01:24:56.424  3286  3350 D CompatibilityChangeReporter: Compat change id reported: 143937733; UID 10139; state: ENABLED
06-16 01:24:56.437  3286  3350 I ActivityManager: Start proc 9942:com.motorola.dolby.dolbyui/u0a139 for service {com.motorola.dolby.dolbyui/com.motorola.dolby.dolbyui.AudioEffectTileService}
06-16 01:24:56.474  3286  6909 D CompatibilityChangeReporter: Compat change id reported: 168419799; UID 10139; state: DISABLED
06-16 01:24:56.474  3286  6909 D CompatibilityChangeReporter: Compat change id reported: 273564678; UID 10139; state: DISABLED
06-16 01:24:56.478  3286  3721 D CompatibilityChangeReporter: Compat change id reported: 265195908; UID 10139; state: ENABLED
06-16 01:24:56.486  3286  6909 D CompatibilityChangeReporter: Compat change id reported: 170503758; UID 10139; state: ENABLED
06-16 01:24:56.668  3286  6909 I ActivityManager: Flag disabled. Ignoring finishAttachApplication from uid: 10139. pid: 9942
06-16 01:24:56.720  3286  7050 D CompatibilityChangeReporter: Compat change id reported: 253665015; UID 10139; state: ENABLED
06-16 01:24:56.720  3286  7050 D CompatibilityChangeReporter: Compat change id reported: 194532703; UID 10139; state: ENABLED
06-16 01:24:56.751  3286  4044 D CompatibilityChangeReporter: Compat change id reported: 218533173; UID 10139; state: ENABLED
06-16 01:24:56.751  3286  4044 D CompatibilityChangeReporter: Compat change id reported: 262645982; UID 10139; state: ENABLED
06-16 01:24:56.769  3286  7152 D CompatibilityChangeReporter: Compat change id reported: 135634846; UID 10214; state: DISABLED
06-16 01:24:56.770  3286  7152 D CompatibilityChangeReporter: Compat change id reported: 177438394; UID 10214; state: DISABLED
06-16 01:24:56.770  3286  7152 D CompatibilityChangeReporter: Compat change id reported: 135772972; UID 10214; state: DISABLED
06-16 01:24:56.770  3286  7152 D CompatibilityChangeReporter: Compat change id reported: 135754954; UID 10214; state: ENABLED
06-16 01:24:56.771  3286  3350 D CompatibilityChangeReporter: Compat change id reported: 143937733; UID 10214; state: ENABLED
06-16 01:24:56.784  3286  3350 I ActivityManager: Start proc 10005:com.motorola.moto/u0a214 for content provider {com.motorola.moto/com.motorola.data.engineprovider.EngineContentProvider}
06-16 01:24:56.809  3286  7050 D CompatibilityChangeReporter: Compat change id reported: 161145287; UID 10139; state: ENABLED
06-16 01:24:56.819  3286  7152 D CompatibilityChangeReporter: Compat change id reported: 168419799; UID 10214; state: DISABLED
06-16 01:24:56.819  3286  7152 D CompatibilityChangeReporter: Compat change id reported: 273564678; UID 10214; state: DISABLED
06-16 01:24:56.824  3286  3721 D CompatibilityChangeReporter: Compat change id reported: 265195908; UID 10214; state: ENABLED
06-16 01:24:56.828  3286  7050 D CompatibilityChangeReporter: Compat change id reported: 170503758; UID 10214; state: ENABLED
06-16 01:24:57.147  3286  7152 D ActivityManager: unfreezing ProcessRecord{1a78a77 20628:com.motorola.securityhub/u0a302}, reason = shouldNotFreeze_provider: ProcessRecord{a73de6e 10005:com.motorola.moto/u0a214}, adj = 227, adjType = provider, adjSource = ProcessRecord{a73de6e 10005:com.motorola.moto/u0a214}
06-16 01:24:57.148  3286  7152 D ActivityManager: sync unfroze 20628 com.motorola.securityhub for 7
06-16 01:24:57.150 10005 10064 E ActivityThread: Failed to find provider info for com.motorola.motoaudio.provider.moto
06-16 01:24:57.154  3286  4911 D CompatibilityChangeReporter: Compat change id reported: 135634846; UID 10318; state: DISABLED
06-16 01:24:57.154  3286  4911 D CompatibilityChangeReporter: Compat change id reported: 177438394; UID 10318; state: DISABLED
06-16 01:24:57.154  3286  4911 D CompatibilityChangeReporter: Compat change id reported: 135772972; UID 10318; state: DISABLED
06-16 01:24:57.154  3286  4911 D CompatibilityChangeReporter: Compat change id reported: 135754954; UID 10318; state: ENABLED
06-16 01:24:57.155  3286  3350 D CompatibilityChangeReporter: Compat change id reported: 143937733; UID 10318; state: ENABLED
06-16 01:24:57.155 10005 10065 E ActivityThread: Failed to find provider info for com.motorola.securevault.provider
06-16 01:24:57.159  3286  4266 D CompatibilityChangeReporter: Compat change id reported: 135634846; UID 10183; state: DISABLED
06-16 01:24:57.159  3286  4266 D CompatibilityChangeReporter: Compat change id reported: 177438394; UID 10183; state: DISABLED
06-16 01:24:57.159  3286  4266 D CompatibilityChangeReporter: Compat change id reported: 135772972; UID 10183; state: DISABLED
06-16 01:24:57.159  3286  4266 D CompatibilityChangeReporter: Compat change id reported: 135754954; UID 10183; state: ENABLED
06-16 01:24:57.159 10005 10078 E ActivityThread: Failed to find provider info for com.motorola.motowaves.provider.moto
06-16 01:24:57.162 10005 10074 E ActivityThread: Failed to find provider info for com.motorola.motoedgeassistant.provide
06-16 01:24:57.169 10005 10076 E ActivityThread: Failed to find provider info for com.motorola.motoaudio.provider.moto
06-16 01:24:57.171 10005 10086 E ActivityThread: Failed to find provider info for com.motorola.securevault.provider
06-16 01:24:57.174  3286  3350 I ActivityManager: Start proc 10117:com.motorola.personalize/u0a318 for content provider {com.motorola.personalize/com.motorola.personalize.provider.StylesMotoAppProvider}
06-16 01:24:57.175  3286  3350 D CompatibilityChangeReporter: Compat change id reported: 143937733; UID 10183; state: ENABLED
06-16 01:24:57.177  3286  7152 W JobScheduler: Job didn't exist in JobStore: c1dba1f #u0a139/41583 com.motorola.dolby.dolbyui/androidx.work.impl.background.systemjob.SystemJobService
06-16 01:24:57.177 10005 10055 E ActivityThread: Failed to find provider info for com.motorola.motofpstouch.provider
06-16 01:24:57.179 10005 10055 E ActivityThread: Failed to find provider info for com.motorola.motofpstouch.provider
06-16 01:24:57.180  3286  4266 D CompatibilityChangeReporter: Compat change id reported: 135634846; UID 10329; state: DISABLED
06-16 01:24:57.180  3286  4266 D CompatibilityChangeReporter: Compat change id reported: 177438394; UID 10329; state: DISABLED
06-16 01:24:57.180  3286  4266 D CompatibilityChangeReporter: Compat change id reported: 135772972; UID 10329; state: DISABLED
06-16 01:24:57.180  3286  4266 D CompatibilityChangeReporter: Compat change id reported: 135754954; UID 10329; state: ENABLED
06-16 01:24:57.182 10005 10072 E ActivityThread: Failed to find provider info for com.motorola.motofpstouch.provider
06-16 01:24:57.190 10005 10091 E ActivityThread: Failed to find provider info for com.motorola.securevault.provider
06-16 01:24:57.190 10005 10074 E ActivityThread: Failed to find provider info for com.motorola.motoedgeassistant.provider
06-16 01:24:57.197 10005 10095 E ActivityThread: Failed to find provider info for com.motorola.motoaudio.provider.moto
06-16 01:24:57.199 10005 10078 E ActivityThread: Failed to find provider info for com.motorola.motofpstouch.provider
06-16 01:24:57.200  3286  6909 W JobScheduler: Job didn't exist in JobStore: ab16b07 #u0a139/41585 com.motorola.dolby.dolbyui/androidx.work.impl.background.systemjob.SystemJobService
06-16 01:24:57.200  3286  3350 I ActivityManager: Start proc 10120:com.motorola.mototour/u0a183 for content provider {com.motorola.mototour/com.motorola.mototour.motoappdataprovider.TourProvider}
06-16 01:24:57.201  3286  3350 D CompatibilityChangeReporter: Compat change id reported: 143937733; UID 10329; state: ENABLED
06-16 01:24:57.204 10005 10074 E ActivityThread: Failed to find provider info for com.motorola.motoedgeassistant.provider
06-16 01:24:57.207 10005 10055 E ActivityThread: Failed to find provider info for com.motorola.motowaves.provider.moto
06-16 01:24:57.209  3286  4265 I ActivityManager: Killing 19691:com.android.keychain/1000 (adj 999, setSvc -10000): empty #31
06-16 01:24:57.218  3286  4265 I ActivityManager: Killing 14125:com.jio.myjio/u0a380 (adj 999, setSvc -10000): empty #32
06-16 01:24:57.238  3286  3708 D CompatibilityChangeReporter: Compat change id reported: 168419799; UID 10318; state: DISABLED
06-16 01:24:57.238  3286  3708 D CompatibilityChangeReporter: Compat change id reported: 273564678; UID 10318; state: DISABLED
06-16 01:24:57.241  3286  3708 I ActivityManager: Killing 20129:com.motorola.spaces/u0a168 (adj 999, setSvc -10000): empty #31
06-16 01:24:57.245  3286  3350 W ActivityManager: Slow operation: 65ms so far, now at startProcess: done updating battery stats
06-16 01:24:57.245  3286  3350 W ActivityManager: Slow operation: 65ms so far, now at startProcess: building log message
06-16 01:24:57.245  3286  3350 I ActivityManager: Start proc 10133:com.motorola.motcameradesktop/u0a329 for content provider {com.motorola.motcameradesktop/com.motorola.motoprovider.VideoEffectsProvider}
06-16 01:24:57.245  3286  3350 W ActivityManager: Slow operation: 65ms so far, now at startProcess: starting to update pids map
06-16 01:24:57.245  3286  3350 W ActivityManager: Slow operation: 65ms so far, now at startProcess: done updating pids map
06-16 01:24:57.245  3286  3721 D CompatibilityChangeReporter: Compat change id reported: 265195908; UID 10318; state: ENABLED
06-16 01:24:57.245 10005 10077 E ActivityThread: Failed to find provider info for com.motorola.motoaudio.provider.moto
06-16 01:24:57.246 10005 10076 E ActivityThread: Failed to find provider info for com.motorola.motowaves.provider.moto
06-16 01:24:57.247  3286  6909 D CompatibilityChangeReporter: Compat change id reported: 168419799; UID 10183; state: DISABLED
06-16 01:24:57.247  3286  6909 D CompatibilityChangeReporter: Compat change id reported: 273564678; UID 10183; state: DISABLED
06-16 01:24:57.248 10005 10092 E ActivityThread: Failed to find provider info for com.motorola.motoedgeassistant.provider
06-16 01:24:57.249 10005 10096 E ActivityThread: Failed to find provider info for com.motorola.securevault.provider
06-16 01:24:57.249  3286  6909 I ActivityManager: Killing 14732:com.google.android.contactkeys/u0a450 (adj 935, setSvc -10000): empty #31
06-16 01:24:57.251  3286  3721 D CompatibilityChangeReporter: Compat change id reported: 265195908; UID 10183; state: ENABLED
06-16 01:24:57.252  3286  7151 D CompatibilityChangeReporter: Compat change id reported: 168419799; UID 10329; state: DISABLED
06-16 01:24:57.252  3286  7151 D CompatibilityChangeReporter: Compat change id reported: 273564678; UID 10329; state: DISABLED
06-16 01:24:57.253  3286  7151 I ActivityManager: Killing 14152:com.google.android.apps.messaging/u0a200 (adj 935, setSvc -10000): empty #31
06-16 01:24:57.255  3286  3721 D CompatibilityChangeReporter: Compat change id reported: 265195908; UID 10329; state: ENABLED
06-16 01:24:57.256 10005 10079 E ActivityThread: Failed to find provider info for com.motorola.motowaves.provider.moto
06-16 01:24:57.276  3286  7152 D CompatibilityChangeReporter: Compat change id reported: 170503758; UID 10318; state: ENABLED
06-16 01:24:57.277  3286  7151 D CompatibilityChangeReporter: Compat change id reported: 170503758; UID 10183; state: ENABLED
06-16 01:24:57.291  3286  7151 D CompatibilityChangeReporter: Compat change id reported: 170503758; UID 10329; state: ENABLED
06-16 01:24:57.324  3286  7151 I ActivityManager: Flag disabled. Ignoring finishAttachApplication from uid: 10214. pid: 10005
06-16 01:24:57.328  3286  4268 I ActivityManager: appDiedLocked: app=ProcessRecord{40e524 19691:com.android.keychain/1000} thread=android.os.BinderProxy@5acb006 fromBinderDied=true isKilledByAm=true reason=null
06-16 01:24:57.329  3286  4268 D RestartModeController: markWaitRestartAppIsSuicided null processName=com.android.keychain
06-16 01:24:57.329  3286  4268 D ActivityTaskManager: handleAppDied: uid=1000,diedCount=1,lastDiedTime=41320733,forceStopUids=false
06-16 01:24:57.381  3286  6909 D CompatibilityChangeReporter: Compat change id reported: 211757425; UID 10139; state: ENABLED
06-16 01:24:57.435  3286  4268 I ActivityManager: appDiedLocked: app=ProcessRecord{2e7881f 14732:com.google.android.contactkeys/u0a450} thread=android.os.BinderProxy@74bf7bf fromBinderDied=true isKilledByAm=true reason=null
06-16 01:24:57.436  3286  4268 D RestartModeController: markWaitRestartAppIsSuicided null processName=com.google.android.contactkeys
06-16 01:24:57.437  3286  3340 D DisplayManagerService: Drop pending events for gone uid 10450
06-16 01:24:57.437  3286  4268 D ActivityTaskManager: handleAppDied: uid=10450,diedCount=1,lastDiedTime=39901902,forceStopUids=false
06-16 01:24:57.506  3286  4265 I ActivityManager: Flag disabled. Ignoring finishAttachApplication from uid: 10183. pid: 10120
06-16 01:24:57.519  3286  4265 I ActivityManager: appDiedLocked: app=ProcessRecord{eaef081 14125:com.jio.myjio/u0a380} thread=android.os.BinderProxy@3407324 fromBinderDied=true isKilledByAm=true reason=null
06-16 01:24:57.520  3286  4265 D RestartModeController: markWaitRestartAppIsSuicided null processName=com.jio.myjio
06-16 01:24:57.521  3286  3340 D DisplayManagerService: Drop pending events for gone uid 10380
06-16 01:24:57.523  3286  4265 D ActivityTaskManager: handleAppDied: uid=10380,diedCount=1,lastDiedTime=39076742,forceStopUids=false
06-16 01:24:57.533  3286  7168 D CompatibilityChangeReporter: Compat change id reported: 161145287; UID 10214; state: ENABLED
06-16 01:24:57.575  3286  7168 I ActivityManager: appDiedLocked: app=ProcessRecord{a42c76a 20129:com.motorola.spaces/u0a168} thread=android.os.BinderProxy@ecd02bc fromBinderDied=true isKilledByAm=true reason=null
06-16 01:24:57.579  3286  7168 D RestartModeController: markWaitRestartAppIsSuicided null processName=com.motorola.spaces
06-16 01:24:57.580  3286  7168 D ActivityTaskManager: handleAppDied: uid=10168,diedCount=1,lastDiedTime=33022488,forceStopUids=false
06-16 01:24:57.580  3286  3340 D DisplayManagerService: Drop pending events for gone uid 10168
06-16 01:24:57.581  3286  4044 D CompatibilityChangeReporter: Compat change id reported: 218533173; UID 10168; state: ENABLED
06-16 01:24:57.581  3286  4044 D CompatibilityChangeReporter: Compat change id reported: 262645982; UID 10168; state: ENABLED
06-16 01:24:57.608  3286  4271 I ActivityManager: appDiedLocked: app=ProcessRecord{91f6657 14152:com.google.android.apps.messaging/u0a200} thread=android.os.BinderProxy@d87a245 fromBinderDied=true isKilledByAm=true reason=null
06-16 01:24:57.610  3286  4271 D RestartModeController: markWaitRestartAppIsSuicided null processName=com.google.android.apps.messaging
06-16 01:24:57.610  3286  4271 D ActivityTaskManager: handleAppDied: uid=10200,diedCount=1,lastDiedTime=39082604,forceStopUids=false
06-16 01:24:57.655  3286  7397 I ActivityManager: Flag disabled. Ignoring finishAttachApplication from uid: 10329. pid: 10133
06-16 01:24:57.714  3286  3428 I AppsFilter: interaction: PackageSetting{7ccd7e9 com.deepeye.agent/10515} -> PackageSetting{691a443 com.motorola.dolby.dolbyui/10139} BLOCKED
06-16 01:24:57.714  3286  3428 I AppsFilter: interaction: PackageSetting{434cf0f com.deepeye.musicpro.extractor.plugin/10523} -> PackageSetting{691a443 com.motorola.dolby.dolbyui/10139} BLOCKED
06-16 01:24:57.715  3286  3428 I AppsFilter: interaction: PackageSetting{b467f3d com.deepeye.musicpro/10526} -> PackageSetting{691a443 com.motorola.dolby.dolbyui/10139} BLOCKED
06-16 01:24:57.734  3286  4115 D ActivityManager: unfreezing ProcessRecord{4abe6e4 28498:com.google.android.permissioncontroller/u0a365}, reason = oom_uncached, adj = 0, adjType = service, adjSource = ProcessRecord{c7535df 3286:system/1000}
06-16 01:24:57.736  3286  4115 D ActivityManager: sync unfroze 28498 com.google.android.permissioncontroller for 6
06-16 01:24:57.771  3286  4271 I ActivityManager: Flag disabled. Ignoring finishAttachApplication from uid: 10318. pid: 10117
06-16 01:24:58.236 10005 10091 E ActivityThread: Failed to find provider info for com.motorola.securevault.provider
06-16 01:24:58.243 10005 10061 E ActivityThread: Failed to find provider info for com.motorola.motoedgeassistant.provider
06-16 01:24:58.244 10005 10069 E ActivityThread: Failed to find provider info for com.motorola.securevault.provider
06-16 01:24:58.247  3286  4268 D ActivityManager: unfreezing ProcessRecord{5433f56 966:com.google.android.gms/u0a192}, reason = oom_uncached, adj = 0, adjType = exec-service, adjSource = null
06-16 01:24:58.251  3286  4268 D ActivityManager: sync unfroze 966 com.google.android.gms for 6
06-16 01:24:58.256 10005 10077 E ActivityThread: Failed to find provider info for com.motorola.motofpstouch.provider
06-16 01:24:58.257 10005 10053 E ActivityThread: Failed to find provider info for com.motorola.motoaudio.provider.moto
06-16 01:24:58.258 10005 10059 E ActivityThread: Failed to find provider info for com.motorola.motowaves.provider.moto
06-16 01:24:58.259 10005 10069 E ActivityThread: Failed to find provider info for com.motorola.motoedgeassistant.provider
06-16 01:24:58.271 10005 10083 E ActivityThread: Failed to find provider info for com.motorola.motofpstouch.provider
06-16 01:24:58.272 10005 10086 E ActivityThread: Failed to find provider info for com.motorola.securevault.provider
06-16 01:24:58.273 10005 10093 E ActivityThread: Failed to find provider info for com.motorola.securevault.provider
06-16 01:24:58.274 10005 10113 E ActivityThread: Failed to find provider info for com.motorola.motoaudio.provider.moto
06-16 01:24:58.275 10005 10097 E ActivityThread: Failed to find provider info for com.motorola.motoaudio.provider.moto
06-16 01:24:58.275 10005 10053 E ActivityThread: Failed to find provider info for com.motorola.motofpstouch.provider
06-16 01:24:58.275 10005 10090 E ActivityThread: Failed to find provider info for com.motorola.motowaves.provider.moto
06-16 01:24:58.279 10005 10074 E ActivityThread: Failed to find provider info for com.motorola.motoedgeassistant.provide
06-16 01:24:58.282 10005 10099 E ActivityThread: Failed to find provider info for com.motorola.motofpstouch.provider
06-16 01:24:58.283 10005 10100 E ActivityThread: Failed to find provider info for com.motorola.motowaves.provider.moto
06-16 01:24:58.285 10005 10094 E ActivityThread: Failed to find provider info for com.motorola.motowaves.provider.moto
06-16 01:24:58.286 10005 10066 E ActivityThread: Failed to find provider info for com.motorola.motoedgeassistant.provider
06-16 01:24:58.318 10005 10049 E ActivityThread: Failed to find provider info for com.motorola.motoaudio.provider.moto
06-16 01:24:59.848  3286  3428 I AppsFilter: interaction: PackageSetting{7ccd7e9 com.deepeye.agent/10515} -> PackageSetting{cbd5b65 com.motorola.dolby.dolbyui/10139} BLOCKED
06-16 01:24:59.848  3286  3428 I AppsFilter: interaction: PackageSetting{434cf0f com.deepeye.musicpro.extractor.plugin/10523} -> PackageSetting{cbd5b65 com.motorola.dolby.dolbyui/10139} BLOCKED
06-16 01:24:59.849  3286  3428 I AppsFilter: interaction: PackageSetting{b467f3d com.deepeye.musicpro/10526} -> PackageSetting{cbd5b65 com.motorola.dolby.dolbyui/10139} BLOCKED
06-16 01:25:00.378 10005 10066 E ActivityThread: Failed to find provider info for com.motorola.motoaudio.provider.moto
06-16 01:25:00.381 10005 10076 E ActivityThread: Failed to find provider info for com.motorola.motofpstouch.provider
06-16 01:25:00.381 10005 10056 E ActivityThread: Failed to find provider info for com.motorola.motoedgeassistant.provider
06-16 01:25:00.384 10005 10052 E ActivityThread: Failed to find provider info for com.motorola.motofpstouch.provider
06-16 01:25:00.390 10005 10082 E ActivityThread: Failed to find provider info for com.motorola.securevault.provider
06-16 01:25:00.393 10005 10066 E ActivityThread: Failed to find provider info for com.motorola.motoedgeassistant.provide
06-16 01:25:00.394 10005 10062 E ActivityThread: Failed to find provider info for com.motorola.motoedgeassistant.provider
06-16 01:25:00.395 10005 10072 E ActivityThread: Failed to find provider info for com.motorola.motowaves.provider.moto
06-16 01:25:00.396 10005 10087 E ActivityThread: Failed to find provider info for com.motorola.motoaudio.provider.moto
06-16 01:25:00.397 10005 10092 E ActivityThread: Failed to find provider info for com.motorola.motofpstouch.provider
06-16 01:25:00.399 10005 10053 E ActivityThread: Failed to find provider info for com.motorola.motowaves.provider.moto
06-16 01:25:00.400 10005 10099 E ActivityThread: Failed to find provider info for com.motorola.motoaudio.provider.moto
06-16 01:25:00.400 10005 10049 E ActivityThread: Failed to find provider info for com.motorola.securevault.provider
06-16 01:25:00.405 10005 10083 E ActivityThread: Failed to find provider info for com.motorola.securevault.provider
06-16 01:25:00.406 10005 10056 E ActivityThread: Failed to find provider info for com.motorola.securevault.provider
06-16 01:25:00.407 10005 10105 E ActivityThread: Failed to find provider info for com.motorola.motofpstouch.provider
06-16 01:25:00.418 10005 10083 E ActivityThread: Failed to find provider info for com.motorola.motowaves.provider.moto
06-16 01:25:00.420 10005 10072 E ActivityThread: Failed to find provider info for com.motorola.motoedgeassistant.provider
06-16 01:25:00.421 10005 10086 E ActivityThread: Failed to find provider info for com.motorola.motowaves.provider.moto
06-16 01:25:00.425 10005 10076 E ActivityThread: Failed to find provider info for com.motorola.motoaudio.provider.moto
