06-16 01:26:51.179  3286  3349 D ActivityManager: unfreezing ProcessRecord{704f352 7974:com.google.android.googlequicksearchbox:search/u0a228}, reason = unfreezeTemporarily, adj = 925, adjType = cch-empty, adjSource = null
06-16 01:26:51.182  3286  3349 D ActivityManager: sync unfroze 7974 com.google.android.googlequicksearchbox:search for 3
06-16 01:26:51.236  3286  7396 D ActivityManager: unfreezing ProcessRecord{7b40bf2 2883:com.google.process.gservices/u0a192}, reason = oom_uncached, adj = 0, adjType = provider, adjSource = ProcessRecord{704f352 7974:com.google.android.googlequicksearchbox:search/u0a228}
06-16 01:26:51.236  3286  7396 D ActivityManager: sync unfroze 2883 com.google.process.gservices for 7
06-16 01:26:51.305  3286  3759 D ActivityManager: freezing 16002 android.process.media, reason = oom_cached
06-16 01:27:01.358  3286  3759 D ActivityManager: freezing 2883 com.google.process.gservices, reason = oom_cached
06-16 01:27:01.558  3286  3349 D ActivityManager: unfreezing ProcessRecord{5cdecf2 16002:android.process.media/u0a122}, reason = unfreezeTemporarily, adj = 925, adjType = cch-empty, adjSource = null
06-16 01:27:01.559  3286  3349 D ActivityManager: sync unfroze 16002 android.process.media for 3
06-16 01:27:11.192  3286  3759 D ActivityManager: freezing 7974 com.google.android.googlequicksearchbox:search, reason = oom_cached
06-16 01:27:11.508  3286  3759 D ActivityManager: freezing 966 com.google.android.gms, reason = oom_cached
06-16 01:27:11.675  3286  3759 D ActivityManager: freezing 16002 android.process.media, reason = oom_cached
06-16 01:27:23.130  3286  3349 D ActivityManager: unfreezing ProcessRecord{3048bb1 21773:com.motorola.coresettingsext/u0a308}, reason = shouldNotFreeze_provider: ProcessRecord{8348925 21216:com.android.settings/1000}, adj = 985, adjType = cch-empty, adjSource = null
06-16 01:27:23.132  3286  3349 D ActivityManager: sync unfroze 21773 com.motorola.coresettingsext for 10
06-16 01:27:23.132  3286  3349 W ProcessStats: Tracking association SourceState{7a405c7 com.google.android.gms.persistent/10192 BFgs #102804} whose proc state 4 is better than process ProcessState{94479f4 com.google.android.adservices.api/10357 pkg=com.google.android.adservices.api} proc state 13 (28 skipped)
06-16 01:27:33.138  3286  3721 W ProcessStats: Tracking association SourceState{7a405c7 com.google.android.gms.persistent/10192 BFgs #102805} whose proc state 4 is better than process ProcessState{94479f4 com.google.android.adservices.api/10357 pkg=com.google.android.adservices.api} proc state 13 (1 skipped)
06-16 01:27:37.082  3286  3286 V UiModeManager: updateLocked: null action, mDockState=0, category=null
06-16 01:27:37.083  3286  3286 D UiModeManager: updateConfigurationLocked: mDockState=0; mCarMode=false; mNightMode=2; mNightModeCustomType=-1; uiMode=33
06-16 01:27:37.089  4198  5221 D PowerUI : can't show warning due to - plugged: true status unknown: false
06-16 01:27:42.089  3286  3349 D ActivityManager: unfreezing ProcessRecord{5cdecf2 16002:android.process.media/u0a122}, reason = unfreezeTemporarily, adj = 925, adjType = cch-empty, adjSource = null
06-16 01:27:42.089  3286  3349 D ActivityManager: sync unfroze 16002 android.process.media for 3
06-16 01:27:43.142  3286  3759 D ActivityManager: freezing 21773 com.motorola.coresettingsext, reason = oom_cached
06-16 01:27:50.874  3286  7151 W ProcessStats: Tracking association SourceState{7a405c7 com.google.android.gms.persistent/10192 BFgs #102812} whose proc state 4 is better than process ProcessState{94479f4 com.google.android.adservices.api/10357 pkg=com.google.android.adservices.api} proc state 13 (5 skipped)
06-16 01:27:52.029  3286  3991 W ContextImpl: Calling a method in the system process without a qualified user: android.app.ContextImpl.sendBroadcastMultiplePermissions:1281 android.content.Context.sendBroadcastMultiplePermissions:2476 com.android.server.TelephonyRegistry.broadcastServiceStateChanged:3597 com.android.server.TelephonyRegistry.notifyServiceStateForPhoneId:1734 com.android.internal.telephony.ITelephonyRegistry$Stub.onTransact:550 
06-16 01:27:52.031  3286  3991 W ContextImpl: Calling a method in the system process without a qualified user: android.app.ContextImpl.sendBroadcastMultiplePermissions:1314 com.android.server.TelephonyRegistry.broadcastServiceStateChanged:3602 com.android.server.TelephonyRegistry.notifyServiceStateForPhoneId:1734 com.android.internal.telephony.ITelephonyRegistry$Stub.onTransact:550 android.os.Binder.execTransactInternal:1380 
06-16 01:27:52.031  3286  3991 W ContextImpl: Calling a method in the system process without a qualified user: android.app.ContextImpl.sendBroadcastMultiplePermissions:1314 com.android.server.TelephonyRegistry.broadcastServiceStateChanged:3611 com.android.server.TelephonyRegistry.notifyServiceStateForPhoneId:1734 com.android.internal.telephony.ITelephonyRegistry$Stub.onTransact:550 android.os.Binder.execTransactInternal:1380 
06-16 01:27:52.033  3286  3991 W ContextImpl: Calling a method in the system process without a qualified user: android.app.ContextImpl.sendBroadcastMultiplePermissions:1314 com.android.server.TelephonyRegistry.broadcastServiceStateChanged:3617 com.android.server.TelephonyRegistry.notifyServiceStateForPhoneId:1734 com.android.internal.telephony.ITelephonyRegistry$Stub.onTransact:550 android.os.Binder.execTransactInternal:1380 
06-16 01:27:52.033  3286  3349 D ActivityManager: unfreezing ProcessRecord{9b6f275 21361:com.google.android.cellbroadcastreceiver/u0a367}, reason = unfreezeTemporarily, adj = 945, adjType = cch-empty, adjSource = null
06-16 01:27:52.034  3286  3349 D ActivityManager: sync unfroze 21361 com.google.android.cellbroadcastreceiver for 3
06-16 01:27:52.080  3286  7151 W ContextImpl: Calling a method in the system process without a qualified user: android.app.ContextImpl.sendBroadcastMultiplePermissions:1281 android.content.Context.sendBroadcastMultiplePermissions:2476 com.android.server.TelephonyRegistry.broadcastServiceStateChanged:3597 com.android.server.TelephonyRegistry.notifyServiceStateForPhoneId:1734 com.android.internal.telephony.ITelephonyRegistry$Stub.onTransact:550 
06-16 01:27:52.082  3286  7151 W ContextImpl: Calling a method in the system process without a qualified user: android.app.ContextImpl.sendBroadcastMultiplePermissions:1314 com.android.server.TelephonyRegistry.broadcastServiceStateChanged:3602 com.android.server.TelephonyRegistry.notifyServiceStateForPhoneId:1734 com.android.internal.telephony.ITelephonyRegistry$Stub.onTransact:550 android.os.Binder.execTransactInternal:1380 
06-16 01:27:52.083  3286  7151 W ContextImpl: Calling a method in the system process without a qualified user: android.app.ContextImpl.sendBroadcastMultiplePermissions:1314 com.android.server.TelephonyRegistry.broadcastServiceStateChanged:3611 com.android.server.TelephonyRegistry.notifyServiceStateForPhoneId:1734 com.android.internal.telephony.ITelephonyRegistry$Stub.onTransact:550 android.os.Binder.execTransactInternal:1380 
06-16 01:27:52.084  3286  7151 W ContextImpl: Calling a method in the system process without a qualified user: android.app.ContextImpl.sendBroadcastMultiplePermissions:1314 com.android.server.TelephonyRegistry.broadcastServiceStateChanged:3617 com.android.server.TelephonyRegistry.notifyServiceStateForPhoneId:1734 com.android.internal.telephony.ITelephonyRegistry$Stub.onTransact:550 android.os.Binder.execTransactInternal:1380 
06-16 01:27:52.104  3286  3759 D ActivityManager: freezing 16002 android.process.media, reason = oom_cached
06-16 01:27:57.977  3286  3707 W ContextImpl: Calling a method in the system process without a qualified user: android.app.ContextImpl.sendBroadcastMultiplePermissions:1281 android.content.Context.sendBroadcastMultiplePermissions:2476 com.android.server.TelephonyRegistry.broadcastServiceStateChanged:3597 com.android.server.TelephonyRegistry.notifyServiceStateForPhoneId:1734 com.android.internal.telephony.ITelephonyRegistry$Stub.onTransact:550 
06-16 01:27:57.978  3286  3707 W ContextImpl: Calling a method in the system process without a qualified user: android.app.ContextImpl.sendBroadcastMultiplePermissions:1314 com.android.server.TelephonyRegistry.broadcastServiceStateChanged:3602 com.android.server.TelephonyRegistry.notifyServiceStateForPhoneId:1734 com.android.internal.telephony.ITelephonyRegistry$Stub.onTransact:550 android.os.Binder.execTransactInternal:1380 
06-16 01:27:57.980  3286  3707 W ContextImpl: Calling a method in the system process without a qualified user: android.app.ContextImpl.sendBroadcastMultiplePermissions:1314 com.android.server.TelephonyRegistry.broadcastServiceStateChanged:3611 com.android.server.TelephonyRegistry.notifyServiceStateForPhoneId:1734 com.android.internal.telephony.ITelephonyRegistry$Stub.onTransact:550 android.os.Binder.execTransactInternal:1380 
06-16 01:27:57.980  3286  3707 W ContextImpl: Calling a method in the system process without a qualified user: android.app.ContextImpl.sendBroadcastMultiplePermissions:1314 com.android.server.TelephonyRegistry.broadcastServiceStateChanged:3617 com.android.server.TelephonyRegistry.notifyServiceStateForPhoneId:1734 com.android.internal.telephony.ITelephonyRegistry$Stub.onTransact:550 android.os.Binder.execTransactInternal:1380 
06-16 01:27:58.045  3286  3991 W ContextImpl: Calling a method in the system process without a qualified user: android.app.ContextImpl.sendBroadcastMultiplePermissions:1281 android.content.Context.sendBroadcastMultiplePermissions:2476 com.android.server.TelephonyRegistry.broadcastServiceStateChanged:3597 com.android.server.TelephonyRegistry.notifyServiceStateForPhoneId:1734 com.android.internal.telephony.ITelephonyRegistry$Stub.onTransact:550 
06-16 01:27:58.046  3286  3991 W ContextImpl: Calling a method in the system process without a qualified user: android.app.ContextImpl.sendBroadcastMultiplePermissions:1314 com.android.server.TelephonyRegistry.broadcastServiceStateChanged:3602 com.android.server.TelephonyRegistry.notifyServiceStateForPhoneId:1734 com.android.internal.telephony.ITelephonyRegistry$Stub.onTransact:550 android.os.Binder.execTransactInternal:1380 
06-16 01:27:58.047  3286  3991 W ContextImpl: Calling a method in the system process without a qualified user: android.app.ContextImpl.sendBroadcastMultiplePermissions:1314 com.android.server.TelephonyRegistry.broadcastServiceStateChanged:3611 com.android.server.TelephonyRegistry.notifyServiceStateForPhoneId:1734 com.android.internal.telephony.ITelephonyRegistry$Stub.onTransact:550 android.os.Binder.execTransactInternal:1380 
06-16 01:27:58.048  3286  3991 W ContextImpl: Calling a method in the system process without a qualified user: android.app.ContextImpl.sendBroadcastMultiplePermissions:1314 com.android.server.TelephonyRegistry.broadcastServiceStateChanged:3617 com.android.server.TelephonyRegistry.notifyServiceStateForPhoneId:1734 com.android.internal.telephony.ITelephonyRegistry$Stub.onTransact:550 android.os.Binder.execTransactInternal:1380 
06-16 01:28:06.020  3286  7168 W ProcessStats: Tracking association SourceState{7a405c7 com.google.android.gms.persistent/10192 BFgs #102823} whose proc state 4 is better than process ProcessState{94479f4 com.google.android.adservices.api/10357 pkg=com.google.android.adservices.api} proc state 13 (1 skipped)
06-16 01:28:08.103  3286  3759 D ActivityManager: freezing 21361 com.google.android.cellbroadcastreceiver, reason = oom_cached
06-16 01:28:16.363  3286  7398 W ProcessStats: Tracking association SourceState{7a405c7 com.google.android.gms.persistent/10192 BFgs #102826} whose proc state 4 is better than process ProcessState{94479f4 com.google.android.adservices.api/10357 pkg=com.google.android.adservices.api} proc state 13 (1 skipped)
06-16 01:28:18.064  4198  4731 D PowerUI : can't show warning due to - plugged: true status unknown: false
06-16 01:28:18.075  3286  3286 V UiModeManager: updateLocked: null action, mDockState=0, category=null
06-16 01:28:18.076  3286  3286 D UiModeManager: updateConfigurationLocked: mDockState=0; mCarMode=false; mNightMode=2; mNightModeCustomType=-1; uiMode=33
06-16 01:28:18.608  3286  3349 D ActivityManager: unfreezing ProcessRecord{5cdecf2 16002:android.process.media/u0a122}, reason = unfreezeTemporarily, adj = 925, adjType = cch-empty, adjSource = null
06-16 01:28:18.609  3286  3349 D ActivityManager: sync unfroze 16002 android.process.media for 3
06-16 01:28:22.160  3286  7168 W ContextImpl: Calling a method in the system process without a qualified user: android.app.ContextImpl.sendBroadcastMultiplePermissions:1281 android.content.Context.sendBroadcastMultiplePermissions:2476 com.android.server.TelephonyRegistry.broadcastServiceStateChanged:3597 com.android.server.TelephonyRegistry.notifyServiceStateForPhoneId:1734 com.android.internal.telephony.ITelephonyRegistry$Stub.onTransact:550 
06-16 01:28:22.161  3286  7168 W ContextImpl: Calling a method in the system process without a qualified user: android.app.ContextImpl.sendBroadcastMultiplePermissions:1314 com.android.server.TelephonyRegistry.broadcastServiceStateChanged:3602 com.android.server.TelephonyRegistry.notifyServiceStateForPhoneId:1734 com.android.internal.telephony.ITelephonyRegistry$Stub.onTransact:550 android.os.Binder.execTransactInternal:1380 
06-16 01:28:22.162  3286  7168 W ContextImpl: Calling a method in the system process without a qualified user: android.app.ContextImpl.sendBroadcastMultiplePermissions:1314 com.android.server.TelephonyRegistry.broadcastServiceStateChanged:3611 com.android.server.TelephonyRegistry.notifyServiceStateForPhoneId:1734 com.android.internal.telephony.ITelephonyRegistry$Stub.onTransact:550 android.os.Binder.execTransactInternal:1380 
06-16 01:28:22.163  3286  7168 W ContextImpl: Calling a method in the system process without a qualified user: android.app.ContextImpl.sendBroadcastMultiplePermissions:1314 com.android.server.TelephonyRegistry.broadcastServiceStateChanged:3617 com.android.server.TelephonyRegistry.notifyServiceStateForPhoneId:1734 com.android.internal.telephony.ITelephonyRegistry$Stub.onTransact:550 android.os.Binder.execTransactInternal:1380 
06-16 01:28:22.163  3286  3349 D ActivityManager: unfreezing ProcessRecord{9b6f275 21361:com.google.android.cellbroadcastreceiver/u0a367}, reason = unfreezeTemporarily, adj = 925, adjType = cch-empty, adjSource = null
06-16 01:28:22.164  3286  3349 D ActivityManager: sync unfroze 21361 com.google.android.cellbroadcastreceiver for 3
06-16 01:28:22.206  3286  7203 W ContextImpl: Calling a method in the system process without a qualified user: android.app.ContextImpl.sendBroadcastMultiplePermissions:1281 android.content.Context.sendBroadcastMultiplePermissions:2476 com.android.server.TelephonyRegistry.broadcastServiceStateChanged:3597 com.android.server.TelephonyRegistry.notifyServiceStateForPhoneId:1734 com.android.internal.telephony.ITelephonyRegistry$Stub.onTransact:550 
06-16 01:28:22.207  3286  7203 W ContextImpl: Calling a method in the system process without a qualified user: android.app.ContextImpl.sendBroadcastMultiplePermissions:1314 com.android.server.TelephonyRegistry.broadcastServiceStateChanged:3602 com.android.server.TelephonyRegistry.notifyServiceStateForPhoneId:1734 com.android.internal.telephony.ITelephonyRegistry$Stub.onTransact:550 android.os.Binder.execTransactInternal:1380 
06-16 01:28:22.207  3286  7203 W ContextImpl: Calling a method in the system process without a qualified user: android.app.ContextImpl.sendBroadcastMultiplePermissions:1314 com.android.server.TelephonyRegistry.broadcastServiceStateChanged:3611 com.android.server.TelephonyRegistry.notifyServiceStateForPhoneId:1734 com.android.internal.telephony.ITelephonyRegistry$Stub.onTransact:550 android.os.Binder.execTransactInternal:1380 
06-16 01:28:22.208  3286  7203 W ContextImpl: Calling a method in the system process without a qualified user: android.app.ContextImpl.sendBroadcastMultiplePermissions:1314 com.android.server.TelephonyRegistry.broadcastServiceStateChanged:3617 com.android.server.TelephonyRegistry.notifyServiceStateForPhoneId:1734 com.android.internal.telephony.ITelephonyRegistry$Stub.onTransact:550 android.os.Binder.execTransactInternal:1380 
06-16 01:28:24.109  3286  3349 D CompatibilityChangeReporter: Compat change id reported: 135634846; UID 10326; state: DISABLED
06-16 01:28:24.110  3286  3349 D CompatibilityChangeReporter: Compat change id reported: 177438394; UID 10326; state: DISABLED
06-16 01:28:24.110  3286  3349 D CompatibilityChangeReporter: Compat change id reported: 135772972; UID 10326; state: DISABLED
06-16 01:28:24.110  3286  3349 D CompatibilityChangeReporter: Compat change id reported: 135754954; UID 10326; state: ENABLED
06-16 01:28:24.112  3286  3350 D CompatibilityChangeReporter: Compat change id reported: 143937733; UID 10326; state: ENABLED
06-16 01:28:24.126  3286  3350 I ActivityManager: Start proc 16648:com.motorola.lifetimedata/u0a326 for broadcast {com.motorola.lifetimedata/com.motorola.lifetimedata.receiver.LifetimeDataReceiver}
06-16 01:28:24.141  3286  4228 W JobScheduler: Job didn't exist in JobStore: 2be9152 #u0a301/0 com.motorola.bach.modemstats/.nrcheckin.NRCheckinJobService
06-16 01:28:24.169  3286  7203 D CompatibilityChangeReporter: Compat change id reported: 168419799; UID 10326; state: DISABLED
06-16 01:28:24.169  3286  7203 D CompatibilityChangeReporter: Compat change id reported: 273564678; UID 10326; state: DISABLED
06-16 01:28:24.176  3286  3721 D CompatibilityChangeReporter: Compat change id reported: 265195908; UID 10326; state: ENABLED
06-16 01:28:24.184  3286  7203 D CompatibilityChangeReporter: Compat change id reported: 170503758; UID 10326; state: ENABLED
06-16 01:28:24.299  3286  4270 I ActivityManager: Flag disabled. Ignoring finishAttachApplication from uid: 10326. pid: 16648
06-16 01:28:24.302  3286  4270 D CompatibilityChangeReporter: Compat change id reported: 253665015; UID 10326; state: ENABLED
06-16 01:28:24.302  3286  4270 D CompatibilityChangeReporter: Compat change id reported: 194532703; UID 10326; state: ENABLED
06-16 01:28:28.648  3286  3759 D ActivityManager: freezing 16002 android.process.media, reason = oom_cached
06-16 01:28:32.227  3286  3759 D ActivityManager: freezing 21361 com.google.android.cellbroadcastreceiver, reason = oom_cached
06-16 01:28:34.335  3286  3759 D ActivityManager: freezing 16648 com.motorola.lifetimedata, reason = oom_cached
06-16 01:28:37.073  3286  3286 V UiModeManager: updateLocked: null action, mDockState=0, category=null
06-16 01:28:37.073  3286  3286 D UiModeManager: updateConfigurationLocked: mDockState=0; mCarMode=false; mNightMode=2; mNightModeCustomType=-1; uiMode=33
06-16 01:28:37.078  3286  3349 I ActivityManager: Killing 19943:com.google.android.apps.wellbeing/u0a223 (adj 925, setSvc -10000): empty #31
06-16 01:28:37.079  3286  3349 W ProcessStats: Tracking association SourceState{7a405c7 com.google.android.gms.persistent/10192 BFgs #102881} whose proc state 4 is better than process ProcessState{94479f4 com.google.android.adservices.api/10357 pkg=com.google.android.adservices.api} proc state 13 (25 skipped)
06-16 01:28:37.081  4198  5216 D PowerUI : can't show warning due to - plugged: true status unknown: false
06-16 01:28:37.166  3286  7168 I ActivityManager: appDiedLocked: app=ProcessRecord{185d421 19943:com.google.android.apps.wellbeing/u0a223} thread=android.os.BinderProxy@b444164 fromBinderDied=true isKilledByAm=true reason=null
06-16 01:28:37.168  3286  7168 D RestartModeController: markWaitRestartAppIsSuicided null processName=com.google.android.apps.wellbeing
06-16 01:28:37.168  3286  3340 D DisplayManagerService: Drop pending events for gone uid 10223
06-16 01:28:37.171  3286  7168 D ActivityTaskManager: handleAppDied: uid=10223,diedCount=1,lastDiedTime=39070780,forceStopUids=false
06-16 01:28:48.377  4198  4238 D ShellBackPreview: Finishing gesture with event action: 1
06-16 01:28:48.377  4198  4238 D ShellBackPreview: onGestureFinished() mTriggerBack == false
06-16 01:28:48.377  4198  4238 D ShellBackPreview: BackAnimationController: finishBackNavigation()
06-16 01:28:51.864  3286  3349 D ActivityManager: unfreezing ProcessRecord{5cdecf2 16002:android.process.media/u0a122}, reason = unfreezeTemporarily, adj = 925, adjType = cch-empty, adjSource = null
06-16 01:28:51.865  3286  3349 D ActivityManager: sync unfroze 16002 android.process.media for 3
06-16 01:29:01.922  3286  3759 D ActivityManager: freezing 16002 android.process.media, reason = oom_cached
06-16 01:29:16.617  3286  3721 D CompatibilityChangeReporter: Compat change id reported: 271850009; UID 1000; state: ENABLED
06-16 01:29:16.652  3286  3707 D ActivityManager: unfreezing ProcessRecord{3fa2637 18188:android.process.acore/u0a114}, reason = shouldNotFreeze_provider: ProcessRecord{b0ac51e 23279:com.whatsapp.w4b/u0a392}, adj = 999, adjType = cch-empty, adjSource = null
06-16 01:29:16.653  3286  3707 D ActivityManager: sync unfroze 18188 android.process.acore for 7
06-16 01:29:20.404  3286  3349 D ActivityManager: unfreezing ProcessRecord{3048bb1 21773:com.motorola.coresettingsext/u0a308}, reason = shouldNotFreeze_provider: ProcessRecord{8348925 21216:com.android.settings/1000}, adj = 985, adjType = cch-empty, adjSource = null
06-16 01:29:20.404  3286  3349 D ActivityManager: sync unfroze 21773 com.motorola.coresettingsext for 10
06-16 01:29:20.405  3286  3349 W ProcessStats: Tracking association SourceState{7a405c7 com.google.android.gms.persistent/10192 BFgs #102894} whose proc state 4 is better than process ProcessState{94479f4 com.google.android.adservices.api/10357 pkg=com.google.android.adservices.api} proc state 13 (5 skipped)
06-16 01:29:30.408  3286  3721 W ProcessStats: Tracking association SourceState{7a405c7 com.google.android.gms.persistent/10192 BFgs #102895} whose proc state 4 is better than process ProcessState{94479f4 com.google.android.adservices.api/10357 pkg=com.google.android.adservices.api} proc state 13 (1 skipped)
06-16 01:29:37.076  3286  3286 V UiModeManager: updateLocked: null action, mDockState=0, category=null
06-16 01:29:37.076  3286  3286 D UiModeManager: updateConfigurationLocked: mDockState=0; mCarMode=false; mNightMode=2; mNightModeCustomType=-1; uiMode=33
06-16 01:29:37.076  4198  5219 D PowerUI : can't show warning due to - plugged: true status unknown: false
06-16 01:29:40.409  3286  3759 D ActivityManager: freezing 21773 com.motorola.coresettingsext, reason = oom_cached
06-16 01:30:00.004  3286  3349 D ActivityManager: unfreezing ProcessRecord{3048bb1 21773:com.motorola.coresettingsext/u0a308}, reason = shouldNotFreeze_provider: ProcessRecord{8348925 21216:com.android.settings/1000}, adj = 0, adjType = provider, adjSource = ProcessRecord{8348925 21216:com.android.settings/1000}
06-16 01:30:00.004  3286  3349 D ActivityManager: sync unfroze 21773 com.motorola.coresettingsext for 10
06-16 01:30:00.006  3286  3349 W ProcessStats: Tracking association SourceState{7a405c7 com.google.android.gms.persistent/10192 BFgs #102897} whose proc state 4 is better than process ProcessState{94479f4 com.google.android.adservices.api/10357 pkg=com.google.android.adservices.api} proc state 13 (3 skipped)
06-16 01:30:00.163 21216 21772 W PowerProfile: screen.on is deprecated! Use screen.on.display0 instead.
06-16 01:30:00.163 21216 21772 W PowerProfile: screen.full is deprecated! Use screen.full.display0 instead.
06-16 01:30:00.163 21216 21772 W ModemPowerProfile: getAverageBatteryDrainMaH called with unexpected key: 0x0, drain:SLEEP,RAT:DEFAULT
06-16 01:30:00.163 21216 21772 W ModemPowerProfile: getAverageBatteryDrainMaH called with unexpected key: 0x10000000, drain:IDLE,RAT:DEFAULT
06-16 01:30:00.164 21216 21772 W ModemPowerProfile: getAverageBatteryDrainMaH called with unexpected key: 0x20000000, drain:RX,RAT:DEFAULT
06-16 01:30:00.164 21216 21772 W ModemPowerProfile: getAverageBatteryDrainMaH called with unexpected key: 0x30000000, drain:TX,level:0,RAT:DEFAULT
06-16 01:30:00.164 21216 21772 W ModemPowerProfile: getAverageBatteryDrainMaH called with unexpected key: 0x31000000, drain:TX,level:1,RAT:DEFAULT
06-16 01:30:00.164 21216 21772 W ModemPowerProfile: getAverageBatteryDrainMaH called with unexpected key: 0x32000000, drain:TX,level:2,RAT:DEFAULT
06-16 01:30:00.164 21216 21772 W ModemPowerProfile: getAverageBatteryDrainMaH called with unexpected key: 0x33000000, drain:TX,level:3,RAT:DEFAULT
06-16 01:30:00.164 21216 21772 W ModemPowerProfile: getAverageBatteryDrainMaH called with unexpected key: 0x34000000, drain:TX,level:4,RAT:DEFAULT
06-16 01:30:00.422  3286  3286 V UiModeManager: updateLocked: null action, mDockState=0, category=null
06-16 01:30:00.422  3286  3286 D UiModeManager: updateConfigurationLocked: mDockState=0; mCarMode=false; mNightMode=2; mNightModeCustomType=-1; uiMode=33
06-16 01:30:00.423  4198  5218 D PowerUI : can't show warning due to - plugged: true status unknown: false
06-16 01:30:10.012  3286  3721 W ProcessStats: Tracking association SourceState{7a405c7 com.google.android.gms.persistent/10192 BFgs #102900} whose proc state 4 is better than process ProcessState{94479f4 com.google.android.adservices.api/10357 pkg=com.google.android.adservices.api} proc state 13 (3 skipped)
06-16 01:30:20.038  3286  3759 D ActivityManager: freezing 21773 com.motorola.coresettingsext, reason = oom_cached
06-16 01:30:20.418  3286  3349 D ActivityManager: unfreezing ProcessRecord{3048bb1 21773:com.motorola.coresettingsext/u0a308}, reason = shouldNotFreeze_provider: ProcessRecord{8348925 21216:com.android.settings/1000}, adj = 985, adjType = cch-empty, adjSource = null
06-16 01:30:20.418  3286  3349 D ActivityManager: sync unfroze 21773 com.motorola.coresettingsext for 10
06-16 01:30:20.419  3286  3349 W ProcessStats: Tracking association SourceState{7a405c7 com.google.android.gms.persistent/10192 BFgs #102905} whose proc state 4 is better than process ProcessState{94479f4 com.google.android.adservices.api/10357 pkg=com.google.android.adservices.api} proc state 13 (3 skipped)
06-16 01:30:30.433  3286  3721 W ProcessStats: Tracking association SourceState{7a405c7 com.google.android.gms.persistent/10192 BFgs #102907} whose proc state 4 is better than process ProcessState{94479f4 com.google.android.adservices.api/10357 pkg=com.google.android.adservices.api} proc state 13 (1 skipped)
06-16 01:30:30.455  3286  3759 D ActivityManager: freezing 18188 android.process.acore, reason = oom_cached
06-16 01:30:31.128  3286  3717 D BatteryService: uevent={POWER_SUPPLY_POWER_AVG=44774951, POWER_SUPPLY_VOLTAGE_NOW=3744486, POWER_SUPPLY_POWER_NOW=60648963, POWER_SUPPLY_CHARGE_CONTROL_LIMIT_MAX=11, POWER_SUPPLY_TYPE=Battery, POWER_SUPPLY_HEALTH=Warm, POWER_SUPPLY_TECHNOLOGY=Li-ion, POWER_SUPPLY_CHARGE_FULL_DESIGN=4846000, SEQNUM=16014, POWER_SUPPLY_CHARGE_CONTROL_LIMIT=11, POWER_SUPPLY_MODEL_NAME=5371113_LENOVO_NINGDE_4800MAH_AVERAGED_MASTERSLAVE_SEPT17TH2021, POWER_SUPPLY_STATUS=Charging, POWER_SUPPLY_CYCLE_COUNT=3, POWER_SUPPLY_CAPACITY=44, DEVPATH=/devices/platform/soc/soc:qcom,pmic_glink/soc:qcom,pmic_glink:qcom,battery_charger/power_supply/battery, POWER_SUPPLY_CHARGE_TYPE=Fast, POWER_SUPPLY_CHARGE_RATE=Weak, POWER_SUPPLY_CURRENT_NOW=-917371, POWER_SUPPLY_TIME_TO_FULL_AVG=78088, POWER_SUPPLY_PRESENT=1, POWER_SUPPLY_CHARGE_FULL=3986000, POWER_SUPPLY_TIME_TO_FULL_NOW=78088, SUBSYSTEM=power_supply, POWER_SUPPLY_VOLTAGE_OCV=3846508, POWER_SUPPLY_TEMP=480, ACTION=change, POWER_SUPPLY_NAME=battery, POWER_SUPPLY_VOLTAGE_MAX=4200000, POWER_SUPPLY_CHARGE_COUNTER=1757427, POWER_SUPPLY_TIME_TO_EMPTY_AVG=-1}
06-16 01:30:31.129  3286  3717 D BatteryService: uevent={POWER_SUPPLY_POWER_AVG=44774951, POWER_SUPPLY_VOLTAGE_NOW=3744486, POWER_SUPPLY_POWER_NOW=60648963, POWER_SUPPLY_CHARGE_CONTROL_LIMIT_MAX=11, POWER_SUPPLY_TYPE=Battery, POWER_SUPPLY_HEALTH=Warm, POWER_SUPPLY_TECHNOLOGY=Li-ion, POWER_SUPPLY_CHARGE_FULL_DESIGN=4846000, SEQNUM=16014, POWER_SUPPLY_CHARGE_CONTROL_LIMIT=11, POWER_SUPPLY_MODEL_NAME=5371113_LENOVO_NINGDE_4800MAH_AVERAGED_MASTERSLAVE_SEPT17TH2021, POWER_SUPPLY_STATUS=Charging, POWER_SUPPLY_CYCLE_COUNT=3, POWER_SUPPLY_CAPACITY=44, DEVPATH=/devices/platform/soc/soc:qcom,pmic_glink/soc:qcom,pmic_glink:qcom,battery_charger/power_supply/battery, POWER_SUPPLY_CHARGE_TYPE=Fast, POWER_SUPPLY_CHARGE_RATE=Weak, POWER_SUPPLY_CURRENT_NOW=-917371, POWER_SUPPLY_TIME_TO_FULL_AVG=78088, POWER_SUPPLY_PRESENT=1, POWER_SUPPLY_CHARGE_FULL=3986000, POWER_SUPPLY_TIME_TO_FULL_NOW=78088, SUBSYSTEM=power_supply, POWER_SUPPLY_VOLTAGE_OCV=3846508, POWER_SUPPLY_TEMP=480, ACTION=change, POWER_SUPPLY_NAME=battery, POWER_SUPPLY_VOLTAGE_MAX=4200000, POWER_SUPPLY_CHARGE_COUNTER=1757427, POWER_SUPPLY_TIME_TO_EMPTY_AVG=-1}
06-16 01:30:31.134  4198  5214 D PowerUI : can't show warning due to - plugged: true status unknown: false
06-16 01:30:31.139  3286  3286 V UiModeManager: updateLocked: null action, mDockState=0, category=null
06-16 01:30:31.139  4198  5215 D PowerUI : can't show warning due to - plugged: true status unknown: false
06-16 01:30:31.140  3286  3286 D UiModeManager: updateConfigurationLocked: mDockState=0; mCarMode=false; mNightMode=2; mNightModeCustomType=-1; uiMode=33
06-16 01:30:31.140  3286  3286 V UiModeManager: updateLocked: null action, mDockState=0, category=null
06-16 01:30:31.140  3286  3286 D UiModeManager: updateConfigurationLocked: mDockState=0; mCarMode=false; mNightMode=2; mNightModeCustomType=-1; uiMode=33
06-16 01:30:31.143  4198  5212 D PowerUI : can't show warning due to - plugged: true status unknown: false
06-16 01:30:31.148  3286  3717 D BatteryService: uevent={POWER_SUPPLY_POWER_AVG=44774951, POWER_SUPPLY_VOLTAGE_NOW=3724828, POWER_SUPPLY_POWER_NOW=60648963, POWER_SUPPLY_CHARGE_CONTROL_LIMIT_MAX=11, POWER_SUPPLY_TYPE=Battery, POWER_SUPPLY_HEALTH=Warm, POWER_SUPPLY_TECHNOLOGY=Li-ion, POWER_SUPPLY_CHARGE_FULL_DESIGN=4846000, SEQNUM=16015, POWER_SUPPLY_CHARGE_CONTROL_LIMIT=11, POWER_SUPPLY_MODEL_NAME=5371113_LENOVO_NINGDE_4800MAH_AVERAGED_MASTERSLAVE_SEPT17TH2021, POWER_SUPPLY_STATUS=Charging, POWER_SUPPLY_CYCLE_COUNT=3, POWER_SUPPLY_CAPACITY=44, DEVPATH=/devices/platform/soc/soc:qcom,pmic_glink/soc:qcom,pmic_glink:qcom,battery_charger/power_supply/battery, POWER_SUPPLY_CHARGE_TYPE=Fast, POWER_SUPPLY_CURRENT_NOW=-1199967, POWER_SUPPLY_TIME_TO_FULL_AVG=78088, POWER_SUPPLY_PRESENT=1, POWER_SUPPLY_POWER_WATT=1, POWER_SUPPLY_CHARGE_FULL=3986000, POWER_SUPPLY_TIME_TO_FULL_NOW=78088, SUBSYSTEM=power_supply, POWER_SUPPLY_VOLTAGE_OCV=3846508, POWER_SUPPLY_TEMP=480, ACTION=change, POWER_SUPPLY_NAME=battery, POWER_SUPPLY_VOLTAGE_MAX=4200000, POWER_SUPPLY_CHARGE_COUNTER=1757427, POWER_SUPPLY_TIME_TO_EMPTY_AVG=-1}
06-16 01:30:31.149  3286  3717 D BatteryService: uevent={POWER_SUPPLY_POWER_AVG=44774951, POWER_SUPPLY_VOLTAGE_NOW=3724828, POWER_SUPPLY_POWER_NOW=60648963, POWER_SUPPLY_CHARGE_CONTROL_LIMIT_MAX=11, POWER_SUPPLY_TYPE=Battery, POWER_SUPPLY_HEALTH=Warm, POWER_SUPPLY_TECHNOLOGY=Li-ion, POWER_SUPPLY_CHARGE_FULL_DESIGN=4846000, SEQNUM=16015, POWER_SUPPLY_CHARGE_CONTROL_LIMIT=11, POWER_SUPPLY_MODEL_NAME=5371113_LENOVO_NINGDE_4800MAH_AVERAGED_MASTERSLAVE_SEPT17TH2021, POWER_SUPPLY_STATUS=Charging, POWER_SUPPLY_CYCLE_COUNT=3, POWER_SUPPLY_CAPACITY=44, DEVPATH=/devices/platform/soc/soc:qcom,pmic_glink/soc:qcom,pmic_glink:qcom,battery_charger/power_supply/battery, POWER_SUPPLY_CHARGE_TYPE=Fast, POWER_SUPPLY_CURRENT_NOW=-1199967, POWER_SUPPLY_TIME_TO_FULL_AVG=78088, POWER_SUPPLY_PRESENT=1, POWER_SUPPLY_POWER_WATT=1, POWER_SUPPLY_CHARGE_FULL=3986000, POWER_SUPPLY_TIME_TO_FULL_NOW=78088, SUBSYSTEM=power_supply, POWER_SUPPLY_VOLTAGE_OCV=3846508, POWER_SUPPLY_TEMP=480, ACTION=change, POWER_SUPPLY_NAME=battery, POWER_SUPPLY_VOLTAGE_MAX=4200000, POWER_SUPPLY_CHARGE_COUNTER=1757427, POWER_SUPPLY_TIME_TO_EMPTY_AVG=-1}
06-16 01:30:31.153  4198  5221 D PowerUI : can't show warning due to - plugged: true status unknown: false
06-16 01:30:31.157  3286  3286 V UiModeManager: updateLocked: null action, mDockState=0, category=null
06-16 01:30:31.158  3286  3286 D UiModeManager: updateConfigurationLocked: mDockState=0; mCarMode=false; mNightMode=2; mNightModeCustomType=-1; uiMode=33
06-16 01:30:31.159  4198  4731 D PowerUI : can't show warning due to - plugged: true status unknown: false
06-16 01:30:31.160  3286  3286 V UiModeManager: updateLocked: null action, mDockState=0, category=null
06-16 01:30:31.160  3286  3286 D UiModeManager: updateConfigurationLocked: mDockState=0; mCarMode=false; mNightMode=2; mNightModeCustomType=-1; uiMode=33
06-16 01:30:31.162  4198  5216 D PowerUI : can't show warning due to - plugged: true status unknown: false
06-16 01:30:31.162  3286  3286 V UiModeManager: updateLocked: null action, mDockState=0, category=null
06-16 01:30:31.162  3286  3286 D UiModeManager: updateConfigurationLocked: mDockState=0; mCarMode=false; mNightMode=2; mNightModeCustomType=-1; uiMode=33
06-16 01:30:31.450  3286  3349 D ActivityManager: unfreezing ProcessRecord{5cdecf2 16002:android.process.media/u0a122}, reason = unfreezeTemporarily, adj = 925, adjType = cch-empty, adjSource = null
06-16 01:30:31.451  3286  3349 D ActivityManager: sync unfroze 16002 android.process.media for 3
06-16 01:30:32.660  3286  4270 D ActivityManager: unfreezing ProcessRecord{5433f56 966:com.google.android.gms/u0a192}, reason = shouldNotFreeze_service_1: ProcessRecord{a26d157 4721:com.google.android.gms.persistent/u0a192}, adj = 0, adjType = exec-service, adjSource = null
06-16 01:30:32.661  3286  4270 D ActivityManager: sync unfroze 966 com.google.android.gms for 6
06-16 01:30:37.085  3286  3286 V UiModeManager: updateLocked: null action, mDockState=0, category=null
06-16 01:30:37.085  3286  3286 D UiModeManager: updateConfigurationLocked: mDockState=0; mCarMode=false; mNightMode=2; mNightModeCustomType=-1; uiMode=33
06-16 01:30:37.085  4198  5219 D PowerUI : can't show warning due to - plugged: true status unknown: false
06-16 01:30:40.462  3286  3759 D ActivityManager: freezing 21773 com.motorola.coresettingsext, reason = oom_cached
06-16 01:30:41.371  3286  3717 D BatteryService: uevent={POWER_SUPPLY_POWER_AVG=29759657, POWER_SUPPLY_VOLTAGE_NOW=3822727, POWER_SUPPLY_POWER_NOW=40108094, POWER_SUPPLY_CHARGE_CONTROL_LIMIT_MAX=11, POWER_SUPPLY_TYPE=Battery, POWER_SUPPLY_HEALTH=Warm, POWER_SUPPLY_TECHNOLOGY=Li-ion, POWER_SUPPLY_CHARGE_FULL_DESIGN=4846000, SEQNUM=16019, POWER_SUPPLY_CHARGE_CONTROL_LIMIT=11, POWER_SUPPLY_MODEL_NAME=5371113_LENOVO_NINGDE_4800MAH_AVERAGED_MASTERSLAVE_SEPT17TH2021, POWER_SUPPLY_STATUS=Charging, POWER_SUPPLY_CYCLE_COUNT=3, POWER_SUPPLY_CAPACITY=44, DEVPATH=/devices/platform/soc/soc:qcom,pmic_glink/soc:qcom,pmic_glink:qcom,battery_charger/power_supply/battery, POWER_SUPPLY_CHARGE_TYPE=Fast, POWER_SUPPLY_CHARGE_RATE=Normal, POWER_SUPPLY_CURRENT_NOW=70801, POWER_SUPPLY_TIME_TO_FULL_AVG=-1, POWER_SUPPLY_PRESENT=1, POWER_SUPPLY_CHARGE_FULL=3986000, POWER_SUPPLY_TIME_TO_FULL_NOW=-1, SUBSYSTEM=power_supply, POWER_SUPPLY_VOLTAGE_OCV=3829739, POWER_SUPPLY_TEMP=480, ACTION=change, POWER_SUPPLY_NAME=battery, POWER_SUPPLY_VOLTAGE_MAX=4200000, POWER_SUPPLY_CHARGE_COUNTER=1757826, POWER_SUPPLY_TIME_TO_EMPTY_AVG=74114}
06-16 01:30:41.371  3286  3717 D BatteryService: uevent={POWER_SUPPLY_POWER_AVG=29759657, POWER_SUPPLY_VOLTAGE_NOW=3822727, POWER_SUPPLY_POWER_NOW=40108094, POWER_SUPPLY_CHARGE_CONTROL_LIMIT_MAX=11, POWER_SUPPLY_TYPE=Battery, POWER_SUPPLY_HEALTH=Warm, POWER_SUPPLY_TECHNOLOGY=Li-ion, POWER_SUPPLY_CHARGE_FULL_DESIGN=4846000, SEQNUM=16019, POWER_SUPPLY_CHARGE_CONTROL_LIMIT=11, POWER_SUPPLY_MODEL_NAME=5371113_LENOVO_NINGDE_4800MAH_AVERAGED_MASTERSLAVE_SEPT17TH2021, POWER_SUPPLY_STATUS=Charging, POWER_SUPPLY_CYCLE_COUNT=3, POWER_SUPPLY_CAPACITY=44, DEVPATH=/devices/platform/soc/soc:qcom,pmic_glink/soc:qcom,pmic_glink:qcom,battery_charger/power_supply/battery, POWER_SUPPLY_CHARGE_TYPE=Fast, POWER_SUPPLY_CHARGE_RATE=Normal, POWER_SUPPLY_CURRENT_NOW=70801, POWER_SUPPLY_TIME_TO_FULL_AVG=-1, POWER_SUPPLY_PRESENT=1, POWER_SUPPLY_CHARGE_FULL=3986000, POWER_SUPPLY_TIME_TO_FULL_NOW=-1, SUBSYSTEM=power_supply, POWER_SUPPLY_VOLTAGE_OCV=3829739, POWER_SUPPLY_TEMP=480, ACTION=change, POWER_SUPPLY_NAME=battery, POWER_SUPPLY_VOLTAGE_MAX=4200000, POWER_SUPPLY_CHARGE_COUNTER=1757826, POWER_SUPPLY_TIME_TO_EMPTY_AVG=74114}
06-16 01:30:41.380  4198  5218 D PowerUI : can't show warning due to - plugged: true status unknown: false
06-16 01:30:41.384  3286  3286 V UiModeManager: updateLocked: null action, mDockState=0, category=null
06-16 01:30:41.384  4198  5214 D PowerUI : can't show warning due to - plugged: true status unknown: false
06-16 01:30:41.384  3286  3286 D UiModeManager: updateConfigurationLocked: mDockState=0; mCarMode=false; mNightMode=2; mNightModeCustomType=-1; uiMode=33
06-16 01:30:41.389  3286  3349 W ProcessStats: Tracking association SourceState{978aab7 com.google.android.gms.persistent/10192 BFgs #102941} whose proc state 4 is better than process ProcessState{fbf4d3c com.google.android.gms/10192 pkg=com.google.android.gms} proc state 14 (69 skipped)
06-16 01:30:41.394  3286  3717 D BatteryService: uevent={POWER_SUPPLY_POWER_AVG=29759657, POWER_SUPPLY_VOLTAGE_NOW=3811828, POWER_SUPPLY_POWER_NOW=40108094, POWER_SUPPLY_CHARGE_CONTROL_LIMIT_MAX=11, POWER_SUPPLY_TYPE=Battery, POWER_SUPPLY_HEALTH=Warm, POWER_SUPPLY_TECHNOLOGY=Li-ion, POWER_SUPPLY_CHARGE_FULL_DESIGN=4846000, SEQNUM=16020, POWER_SUPPLY_CHARGE_CONTROL_LIMIT=11, POWER_SUPPLY_MODEL_NAME=5371113_LENOVO_NINGDE_4800MAH_AVERAGED_MASTERSLAVE_SEPT17TH2021, POWER_SUPPLY_STATUS=Charging, POWER_SUPPLY_CYCLE_COUNT=3, POWER_SUPPLY_CAPACITY=44, DEVPATH=/devices/platform/soc/soc:qcom,pmic_glink/soc:qcom,pmic_glink:qcom,battery_charger/power_supply/battery, POWER_SUPPLY_CHARGE_TYPE=Fast, POWER_SUPPLY_CURRENT_NOW=-158083, POWER_SUPPLY_TIME_TO_FULL_AVG=-1, POWER_SUPPLY_PRESENT=1, POWER_SUPPLY_POWER_WATT=4, POWER_SUPPLY_CHARGE_FULL=3986000, POWER_SUPPLY_TIME_TO_FULL_NOW=-1, SUBSYSTEM=power_supply, POWER_SUPPLY_VOLTAGE_OCV=3829739, POWER_SUPPLY_TEMP=480, ACTION=change, POWER_SUPPLY_NAME=battery, POWER_SUPPLY_VOLTAGE_MAX=4200000, POWER_SUPPLY_CHARGE_COUNTER=1757826, POWER_SUPPLY_TIME_TO_EMPTY_AVG=74114}
06-16 01:30:41.394  3286  3717 D BatteryService: uevent={POWER_SUPPLY_POWER_AVG=29759657, POWER_SUPPLY_VOLTAGE_NOW=3811828, POWER_SUPPLY_POWER_NOW=40108094, POWER_SUPPLY_CHARGE_CONTROL_LIMIT_MAX=11, POWER_SUPPLY_TYPE=Battery, POWER_SUPPLY_HEALTH=Warm, POWER_SUPPLY_TECHNOLOGY=Li-ion, POWER_SUPPLY_CHARGE_FULL_DESIGN=4846000, SEQNUM=16020, POWER_SUPPLY_CHARGE_CONTROL_LIMIT=11, POWER_SUPPLY_MODEL_NAME=5371113_LENOVO_NINGDE_4800MAH_AVERAGED_MASTERSLAVE_SEPT17TH2021, POWER_SUPPLY_STATUS=Charging, POWER_SUPPLY_CYCLE_COUNT=3, POWER_SUPPLY_CAPACITY=44, DEVPATH=/devices/platform/soc/soc:qcom,pmic_glink/soc:qcom,pmic_glink:qcom,battery_charger/power_supply/battery, POWER_SUPPLY_CHARGE_TYPE=Fast, POWER_SUPPLY_CURRENT_NOW=-158083, POWER_SUPPLY_TIME_TO_FULL_AVG=-1, POWER_SUPPLY_PRESENT=1, POWER_SUPPLY_POWER_WATT=4, POWER_SUPPLY_CHARGE_FULL=3986000, POWER_SUPPLY_TIME_TO_FULL_NOW=-1, SUBSYSTEM=power_supply, POWER_SUPPLY_VOLTAGE_OCV=3829739, POWER_SUPPLY_TEMP=480, ACTION=change, POWER_SUPPLY_NAME=battery, POWER_SUPPLY_VOLTAGE_MAX=4200000, POWER_SUPPLY_CHARGE_COUNTER=1757826, POWER_SUPPLY_TIME_TO_EMPTY_AVG=74114}
06-16 01:30:41.401  3286  3286 V UiModeManager: updateLocked: null action, mDockState=0, category=null
06-16 01:30:41.401  3286  3286 D UiModeManager: updateConfigurationLocked: mDockState=0; mCarMode=false; mNightMode=2; mNightModeCustomType=-1; uiMode=33
06-16 01:30:41.402  3286  3286 V UiModeManager: updateLocked: null action, mDockState=0, category=null
06-16 01:30:41.402  3286  3286 D UiModeManager: updateConfigurationLocked: mDockState=0; mCarMode=false; mNightMode=2; mNightModeCustomType=-1; uiMode=33
06-16 01:30:41.402  4198  5215 D PowerUI : can't show warning due to - plugged: true status unknown: false
06-16 01:30:41.404  4198  5212 D PowerUI : can't show warning due to - plugged: true status unknown: false
06-16 01:30:41.404  4198  5221 D PowerUI : can't show warning due to - plugged: true status unknown: false
06-16 01:30:41.411  4198  4731 D PowerUI : can't show warning due to - plugged: true status unknown: false
06-16 01:30:41.412  3286  3286 V UiModeManager: updateLocked: null action, mDockState=0, category=null
06-16 01:30:41.413  3286  3286 D UiModeManager: updateConfigurationLocked: mDockState=0; mCarMode=false; mNightMode=2; mNightModeCustomType=-1; uiMode=33
06-16 01:30:41.474  3286  3759 D ActivityManager: freezing 16002 android.process.media, reason = oom_cached
06-16 01:30:46.958  3286  7396 I MediaSessionStack: onPlaybackStateChanged - Pushing session to top | record: com.deepeye.musicpro/androidx.media3.session.id. (userId=0)
06-16 01:30:46.971  3286  4265 I ActivityManager: Background started FGS: Allowed [callingPackage: com.deepeye.musicpro; callingUid: 10526; uidState: TOP ; uidBFSL: [BFSL]; intent: Intent { cmp=com.deepeye.musicpro/.player.service.MusicPlayerService }; code:PROC_STATE_TOP; tempAllowListReason:<null>; targetSdkVersion:34; callerTargetSdkVersion:34; startForegroundCount:7; bindFromPackage:null: isBindService:false]
06-16 01:30:57.723  3286  3759 D ActivityManager: freezing 966 com.google.android.gms, reason = oom_cached
06-16 01:31:00.784  3286  4265 W ContextImpl: Calling a method in the system process without a qualified user: android.app.ContextImpl.sendBroadcastMultiplePermissions:1281 android.content.Context.sendBroadcastMultiplePermissions:2476 com.android.server.TelephonyRegistry.broadcastServiceStateChanged:3597 com.android.server.TelephonyRegistry.notifyServiceStateForPhoneId:1734 com.android.internal.telephony.ITelephonyRegistry$Stub.onTransact:550 
06-16 01:31:00.786  3286  4265 W ContextImpl: Calling a method in the system process without a qualified user: android.app.ContextImpl.sendBroadcastMultiplePermissions:1314 com.android.server.TelephonyRegistry.broadcastServiceStateChanged:3602 com.android.server.TelephonyRegistry.notifyServiceStateForPhoneId:1734 com.android.internal.telephony.ITelephonyRegistry$Stub.onTransact:550 android.os.Binder.execTransactInternal:1380 
06-16 01:31:00.788  3286  4265 W ContextImpl: Calling a method in the system process without a qualified user: android.app.ContextImpl.sendBroadcastMultiplePermissions:1314 com.android.server.TelephonyRegistry.broadcastServiceStateChanged:3611 com.android.server.TelephonyRegistry.notifyServiceStateForPhoneId:1734 com.android.internal.telephony.ITelephonyRegistry$Stub.onTransact:550 android.os.Binder.execTransactInternal:1380 
06-16 01:31:00.790  3286  4265 W ContextImpl: Calling a method in the system process without a qualified user: android.app.ContextImpl.sendBroadcastMultiplePermissions:1314 com.android.server.TelephonyRegistry.broadcastServiceStateChanged:3617 com.android.server.TelephonyRegistry.notifyServiceStateForPhoneId:1734 com.android.internal.telephony.ITelephonyRegistry$Stub.onTransact:550 android.os.Binder.execTransactInternal:1380 
06-16 01:31:00.792  3286  3349 D ActivityManager: unfreezing ProcessRecord{9b6f275 21361:com.google.android.cellbroadcastreceiver/u0a367}, reason = unfreezeTemporarily, adj = 925, adjType = cch-empty, adjSource = null
06-16 01:31:00.793  3286  3349 D ActivityManager: sync unfroze 21361 com.google.android.cellbroadcastreceiver for 3
06-16 01:31:00.844  3286  3707 W ContextImpl: Calling a method in the system process without a qualified user: android.app.ContextImpl.sendBroadcastMultiplePermissions:1281 android.content.Context.sendBroadcastMultiplePermissions:2476 com.android.server.TelephonyRegistry.broadcastServiceStateChanged:3597 com.android.server.TelephonyRegistry.notifyServiceStateForPhoneId:1734 com.android.internal.telephony.ITelephonyRegistry$Stub.onTransact:550 
06-16 01:31:00.845  3286  3707 W ContextImpl: Calling a method in the system process without a qualified user: android.app.ContextImpl.sendBroadcastMultiplePermissions:1314 com.android.server.TelephonyRegistry.broadcastServiceStateChanged:3602 com.android.server.TelephonyRegistry.notifyServiceStateForPhoneId:1734 com.android.internal.telephony.ITelephonyRegistry$Stub.onTransact:550 android.os.Binder.execTransactInternal:1380 
06-16 01:31:00.846  3286  3707 W ContextImpl: Calling a method in the system process without a qualified user: android.app.ContextImpl.sendBroadcastMultiplePermissions:1314 com.android.server.TelephonyRegistry.broadcastServiceStateChanged:3611 com.android.server.TelephonyRegistry.notifyServiceStateForPhoneId:1734 com.android.internal.telephony.ITelephonyRegistry$Stub.onTransact:550 android.os.Binder.execTransactInternal:1380 
06-16 01:31:00.846  3286  3707 W ContextImpl: Calling a method in the system process without a qualified user: android.app.ContextImpl.sendBroadcastMultiplePermissions:1314 com.android.server.TelephonyRegistry.broadcastServiceStateChanged:3617 com.android.server.TelephonyRegistry.notifyServiceStateForPhoneId:1734 com.android.internal.telephony.ITelephonyRegistry$Stub.onTransact:550 android.os.Binder.execTransactInternal:1380 
06-16 01:31:00.887  3286  4265 W ContextImpl: Calling a method in the system process without a qualified user: android.app.ContextImpl.sendBroadcastMultiplePermissions:1281 android.content.Context.sendBroadcastMultiplePermissions:2476 com.android.server.TelephonyRegistry.broadcastServiceStateChanged:3597 com.android.server.TelephonyRegistry.notifyServiceStateForPhoneId:1734 com.android.internal.telephony.ITelephonyRegistry$Stub.onTransact:550 
06-16 01:31:00.888  3286  4265 W ContextImpl: Calling a method in the system process without a qualified user: android.app.ContextImpl.sendBroadcastMultiplePermissions:1314 com.android.server.TelephonyRegistry.broadcastServiceStateChanged:3602 com.android.server.TelephonyRegistry.notifyServiceStateForPhoneId:1734 com.android.internal.telephony.ITelephonyRegistry$Stub.onTransact:550 android.os.Binder.execTransactInternal:1380 
06-16 01:31:00.889  3286  4265 W ContextImpl: Calling a method in the system process without a qualified user: android.app.ContextImpl.sendBroadcastMultiplePermissions:1314 com.android.server.TelephonyRegistry.broadcastServiceStateChanged:3611 com.android.server.TelephonyRegistry.notifyServiceStateForPhoneId:1734 com.android.internal.telephony.ITelephonyRegistry$Stub.onTransact:550 android.os.Binder.execTransactInternal:1380 
06-16 01:31:00.891  3286  4265 W ContextImpl: Calling a method in the system process without a qualified user: android.app.ContextImpl.sendBroadcastMultiplePermissions:1314 com.android.server.TelephonyRegistry.broadcastServiceStateChanged:3617 com.android.server.TelephonyRegistry.notifyServiceStateForPhoneId:1734 com.android.internal.telephony.ITelephonyRegistry$Stub.onTransact:550 android.os.Binder.execTransactInternal:1380 
06-16 01:31:00.904  3286  7396 D CompatibilityChangeReporter: Compat change id reported: 181658987; UID 1000; state: ENABLED
06-16 01:31:02.777  3286  3303 W ProcessStats: Tracking association SourceState{7a405c7 com.google.android.gms.persistent/10192 BFgs #102986} whose proc state 4 is better than process ProcessState{94479f4 com.google.android.adservices.api/10357 pkg=com.google.android.adservices.api} proc state 13 (41 skipped)
06-16 01:31:05.171  3286  3303 W ContextImpl: Calling a method in the system process without a qualified user: android.app.ContextImpl.sendBroadcastMultiplePermissions:1281 android.content.Context.sendBroadcastMultiplePermissions:2476 com.android.server.TelephonyRegistry.broadcastServiceStateChanged:3597 com.android.server.TelephonyRegistry.notifyServiceStateForPhoneId:1734 com.android.internal.telephony.ITelephonyRegistry$Stub.onTransact:550 
06-16 01:31:05.172  3286  3303 W ContextImpl: Calling a method in the system process without a qualified user: android.app.ContextImpl.sendBroadcastMultiplePermissions:1314 com.android.server.TelephonyRegistry.broadcastServiceStateChanged:3602 com.android.server.TelephonyRegistry.notifyServiceStateForPhoneId:1734 com.android.internal.telephony.ITelephonyRegistry$Stub.onTransact:550 android.os.Binder.execTransactInternal:1380 
06-16 01:31:05.172  3286  3303 W ContextImpl: Calling a method in the system process without a qualified user: android.app.ContextImpl.sendBroadcastMultiplePermissions:1314 com.android.server.TelephonyRegistry.broadcastServiceStateChanged:3611 com.android.server.TelephonyRegistry.notifyServiceStateForPhoneId:1734 com.android.internal.telephony.ITelephonyRegistry$Stub.onTransact:550 android.os.Binder.execTransactInternal:1380 
06-16 01:31:05.174  3286  3303 W ContextImpl: Calling a method in the system process without a qualified user: android.app.ContextImpl.sendBroadcastMultiplePermissions:1314 com.android.server.TelephonyRegistry.broadcastServiceStateChanged:3617 com.android.server.TelephonyRegistry.notifyServiceStateForPhoneId:1734 com.android.internal.telephony.ITelephonyRegistry$Stub.onTransact:550 android.os.Binder.execTransactInternal:1380 
06-16 01:31:05.248  3286  3991 W ContextImpl: Calling a method in the system process without a qualified user: android.app.ContextImpl.sendBroadcastMultiplePermissions:1281 android.content.Context.sendBroadcastMultiplePermissions:2476 com.android.server.TelephonyRegistry.broadcastServiceStateChanged:3597 com.android.server.TelephonyRegistry.notifyServiceStateForPhoneId:1734 com.android.internal.telephony.ITelephonyRegistry$Stub.onTransact:550 
06-16 01:31:05.249  3286  3991 W ContextImpl: Calling a method in the system process without a qualified user: android.app.ContextImpl.sendBroadcastMultiplePermissions:1314 com.android.server.TelephonyRegistry.broadcastServiceStateChanged:3602 com.android.server.TelephonyRegistry.notifyServiceStateForPhoneId:1734 com.android.internal.telephony.ITelephonyRegistry$Stub.onTransact:550 android.os.Binder.execTransactInternal:1380 
