05-25 10:36:29.974  7361  7361 I VisualizerEngine: ✅ Visualizer attached to session 42169 (captureSize=1024)
05-25 10:36:30.016  1849  5299 E ANDR-PERF-LM: VmRssMeter:: start() 358: Could not find pid, can not collect vmrss data
05-25 10:36:30.016  1849  5298 E ANDR-PERF-LM: VmRssMeter:: start() 358: Could not find pid, can not collect vmrss data
05-25 10:36:30.016  1849  5299 E ANDR-PERF-LM: AdaptiveLaunch: writeToDataBase() 64: Meter aborted or could not get meter data for this run
05-25 10:36:30.102  7361  7361 I WebViewFactory: Loading com.google.android.webview version 148.0.7778.120 (code 777812003)
05-25 10:36:30.104  7361  7361 D ApplicationLoaders: Returning zygote-cached class loader: /system/framework/android.test.base.jar
05-25 10:36:30.105  7361  7361 W .musicpro.debug: Loading /data/app/~~xPwWNV70PBVC9Od97fy6Tg==/com.google.android.webview-xEUrP01-z-K6FKEJccuF6g==/oat/arm64/base.odex non-executable as it requires an image which we failed to load
05-25 10:36:30.106  7361  7361 D nativeloader: Configuring clns-5 for other apk /data/app/~~xPwWNV70PBVC9Od97fy6Tg==/com.google.android.webview-xEUrP01-z-K6FKEJccuF6g==/base.apk. target_sdk_version=36, uses_libraries=, library_path=/data/app/~~xPwWNV70PBVC9Od97fy6Tg==/com.google.android.webview-xEUrP01-z-K6FKEJccuF6g==/lib/arm64:/data/app/~~xPwWNV70PBVC9Od97fy6Tg==/com.google.android.webview-xEUrP01-z-K6FKEJccuF6g==/base.apk!/lib/arm64-v8a, permitted_path=/data:/mnt/expand
05-25 10:36:30.131  7361  7361 I cr_WVCFactoryProvider: version=148.0.7778.120 (777812003) minSdkVersion=29 multiprocess=true packageId=127 splits=<none>
05-25 10:36:30.146  7361  7361 D nativeloader: Load /data/app/~~xPwWNV70PBVC9Od97fy6Tg==/com.google.android.webview-xEUrP01-z-K6FKEJccuF6g==/base.apk!/lib/arm64-v8a/libwebviewchromium.so using class loader ns clns-5 (caller=/data/app/~~xPwWNV70PBVC9Od97fy6Tg==/com.google.android.webview-xEUrP01-z-K6FKEJccuF6g==/base.apk): ok
05-25 10:36:30.147  7361  7361 D nativeloader: Load /system/lib64/libwebviewchromium_plat_support.so using class loader ns clns-5 (caller=/data/app/~~xPwWNV70PBVC9Od97fy6Tg==/com.google.android.webview-xEUrP01-z-K6FKEJccuF6g==/base.apk): ok
05-25 10:36:30.149  7361  7401 E chromium: [0525/103630.149002:ERROR:android_webview/browser/variations/variations_seed_loader.cc:39] Seed missing signature.
05-25 10:36:30.156  7361  7361 I cr_LibraryLoader: Successfully loaded native library
05-25 10:36:30.157  7361  7361 I cr_CachingUmaRecorder: Flushed 20 samples from 19 histograms, 0 samples were dropped.
05-25 10:36:30.158  7361  7361 I cr_ChildProcLH: ScopedServiceBindingBatch.tryActivate: false
05-25 10:36:30.159  7361  7361 I cr_CombinedPProvider: #registerProvider() provider:WV.wk@a8a4d39 isPolicyCacheEnabled:false policyProvidersSize:0
05-25 10:36:30.160  7361  7361 I cr_PolicyProvider: #setManagerAndSource() 0
05-25 10:36:30.162  7361  7361 I cr_DisplayManager: Is Display Topology available: false
05-25 10:36:30.163  4774 20963 I NearbySharing: Network state changed: NetworkState(isRestricted=false, isOnline=true, isCongested=false, isMetered=false, isWifiConnected=true)
05-25 10:36:30.165  3077  3378 D CompatibilityChangeReporter: Compat change id reported: 143937733; UID 10520; state: ENABLED
05-25 10:36:30.174  7361  7361 I cr_CombinedPProvider: #linkNativeInternal() 1
05-25 10:36:30.174  7361  7361 D CompatibilityChangeReporter: Compat change id reported: 183155436; UID 10520; state: ENABLED
05-25 10:36:30.175  7361  7361 I cr_AppResProvider: #getApplicationRestrictionsFromUserManager() Bundle[EMPTY_PARCEL]
05-25 10:36:30.175  7361  7361 I cr_PolicyProvider: #notifySettingsAvailable() 0
05-25 10:36:30.175  7361  7361 I cr_CombinedPProvider: #onSettingsAvailable() 0
05-25 10:36:30.175  7361  7361 I cr_CombinedPProvider: #flushPolicies()
05-25 10:36:30.176 29264 29264 D Zygote  : Forked child process 7406
05-25 10:36:30.179  3077  3378 I ActivityManager: Start proc 7406:com.google.android.webview:sandboxed_process0:org.chromium.content.app.SandboxedProcessService0:0/u0i341 for  {com.deepeye.musicpro.debug/org.chromium.content.app.SandboxedProcessService0:0}
05-25 10:36:30.183  7406  7406 E libc    : SetHeapTaggingLevel: re-enabling tagging after it was disabled is not supported
05-25 10:36:30.188  7406  7406 I ocessService0:0: Using CollectorTypeCMC GC.
05-25 10:36:30.194  7406  7406 D nativeloader: Load libframework-connectivity-tiramisu-jni.so using APEX ns com_android_tethering for caller /apex/com.android.tethering/javalib/framework-connectivity-t.jar: ok
05-25 10:36:30.205  7361  7361 W chromium: [WARNING:android_webview/browser/network_service/net_helpers.cc:137] HTTP Cache size is: 28998457
05-25 10:36:30.211  3077  7720 D CompatibilityChangeReporter: Compat change id reported: 261072174; UID 10520; state: ENABLED
05-25 10:36:30.213  7406  7406 D CompatibilityChangeReporter: Compat change id reported: 171979766; UID 99341; state: ENABLED
05-25 10:36:30.213  7406  7406 D CompatibilityChangeReporter: Compat change id reported: 242716250; UID 99341; state: ENABLED
05-25 10:36:30.219  7361  7361 D CompatibilityChangeReporter: Compat change id reported: 214741472; UID 10520; state: ENABLED
05-25 10:36:30.219  7406  7406 D ApplicationLoaders: Returning zygote-cached class loader: /system/framework/android.test.base.jar
05-25 10:36:30.225  7361  7361 D CompatibilityChangeReporter: Compat change id reported: 171228096; UID 10520; state: ENABLED
05-25 10:36:30.228  7406  7406 I cr_WebViewApkApp: version=148.0.7778.120 (777812003) minSdkVersion=29 processName=com.google.android.webview:sandboxed_process0:org.chromium.content.app.SandboxedProcessService0:0 splits=<none>
05-25 10:36:30.231  7406  7406 I Typeface: updateThemeFont new=Rookery-Regular;old=sans-serif;new=Rookery-Stacked;old=
05-25 10:36:30.232  3077  3457 I ActivityManager: Flag disabled. Ignoring finishAttachApplication from uid: 99341. pid: 7406
05-25 10:36:30.232  3077  4432 D ConnectivityService: requestNetwork for uid/pid:10520/7361 activeRequest: null callbackRequest: 47531 [NetworkRequest [ REQUEST id=47532, [ Capabilities: INTERNET&NOT_RESTRICTED&TRUSTED&NOT_VCN_MANAGED Uid: 10520 RequestorUid: 10520 RequestorPkg: com.deepeye.musicpro.debug UnderlyingNetworks: Null] ]] callback flags: 0 order: 2147483647 isUidTracked: false declaredMethods: AVAIL|LOST|NC|LP
05-25 10:36:30.234  3077  4432 D CompatibilityChangeReporter: Compat change id reported: 319212206; UID 10520; state: DISABLED
05-25 10:36:30.234  7406  7406 W SystemServiceRegistry: No service published for: virtualdevice
05-25 10:36:30.235  7406  7406 I cr_ChildProcessService: Creating new ChildProcessService pid=7406
05-25 10:36:30.236  3077  3729 D WifiNetworkFactory: got request NetworkRequest [ REQUEST id=47532, [ Capabilities: INTERNET&NOT_RESTRICTED&TRUSTED&NOT_VCN_MANAGED Uid: 10520 RequestorUid: 10520 RequestorPkg: com.deepeye.musicpro.debug UnderlyingNetworks: Null] ]
05-25 10:36:30.237  3077  3729 D UntrustedWifiNetworkFactory: got request NetworkRequest [ REQUEST id=47532, [ Capabilities: INTERNET&NOT_RESTRICTED&TRUSTED&NOT_VCN_MANAGED Uid: 10520 RequestorUid: 10520 RequestorPkg: com.deepeye.musicpro.debug UnderlyingNetworks: Null] ]
05-25 10:36:30.237  3077  3729 D OemPaidWifiNetworkFactory: got request NetworkRequest [ REQUEST id=47532, [ Capabilities: INTERNET&NOT_RESTRICTED&TRUSTED&NOT_VCN_MANAGED Uid: 10520 RequestorUid: 10520 RequestorPkg: com.deepeye.musicpro.debug UnderlyingNetworks: Null] ]
05-25 10:36:30.238  3077  3729 D MultiInternetWifiNetworkFactory: got request NetworkRequest [ REQUEST id=47532, [ Capabilities: INTERNET&NOT_RESTRICTED&TRUSTED&NOT_VCN_MANAGED Uid: 10520 RequestorUid: 10520 RequestorPkg: com.deepeye.musicpro.debug UnderlyingNetworks: Null] ]
05-25 10:36:30.239  3077  3736 D ConnectivityService: NetReassign [47532 : null → 882] [c 1] [a 2] [i 3]
05-25 10:36:30.243  3077  3736 D ConnectivityService: NetReassign [no changes] [c 1] [a 2] [i 1]
05-25 10:36:30.266  3077  7720 I AppsFilter: interaction: PackageSetting{436e2b0 com.deepeye.musicpro.debug/10520} -> PackageSetting{46b4a67 org.kde.kdeconnect_tp/10386} BLOCKED
05-25 10:36:30.306  3077  7720 D CoreBackPreview: Window{ee15a8f u0 com.deepeye.musicpro.debug/com.deepeye.musicpro.MainActivity}: Setting back callback OnBackInvokedCallbackInfo{mCallback=android.window.IOnBackInvokedCallback$Stub$Proxy@3bae4f, mPriority=0, mIsAnimationCallback=false}
05-25 10:36:30.370  7361  7383 I AdrenoGLES-0: QUALCOMM build                   : dad4038ba6, If56d4a5bb8
05-25 10:36:30.370  7361  7383 I AdrenoGLES-0: Build Date                       : 07/28/23
05-25 10:36:30.370  7361  7383 I AdrenoGLES-0: OpenGL ES Shader Compiler Version: EV031.36.08.24
05-25 10:36:30.370  7361  7383 I AdrenoGLES-0: Local Branch                     : 
05-25 10:36:30.370  7361  7383 I AdrenoGLES-0: Remote Branch                    : refs/tags/AU_LINUX_ANDROID_LA.VENDOR.1.0.11.00.00.766.892
05-25 10:36:30.370  7361  7383 I AdrenoGLES-0: Remote Branch                    : NONE
05-25 10:36:30.370  7361  7383 I AdrenoGLES-0: Reconstruct Branch               : NOTHING
05-25 10:36:30.370  7361  7383 I AdrenoGLES-0: Build Config                     : S P 12.1.1 AArch64
05-25 10:36:30.370  7361  7383 I AdrenoGLES-0: Driver Path                      : /vendor/lib64/egl/libGLESv2_adreno.so
05-25 10:36:30.370  7361  7383 I AdrenoGLES-0: Driver Version                   : 0615.74
05-25 10:36:30.374  7361  7383 I AdrenoGLES-0: PFP: 0x01730158, ME: 0x00000000
05-25 10:36:30.391  7361  7361 I Choreographer: Skipped 57 frames!  The application may be doing too much work on its main thread.
05-25 10:36:30.392  7361  7442 I CameraManagerGlobal: Connecting to camera service
05-25 10:36:30.394  7361  7383 I OpenGLRenderer: setGrContext nullptr-->validptr
05-25 10:36:30.397  7361  7383 E OpenGLRenderer: Unable to match the desired swap behavior.
05-25 10:36:30.403  7361  7361 D ChangelogDialogTest: currentVersionCode: 4, lastShown: 4, shouldShow: false
05-25 10:36:30.410  7361  7361 W .musicpro.debug: Method boolean androidx.compose.runtime.snapshots.SnapshotStateList.conditionalUpdate(boolean, kotlin.jvm.functions.Function1) failed lock verification and will run slower.
05-25 10:36:30.410  7361  7361 W .musicpro.debug: Common causes for lock verification issues are non-optimized dex code
05-25 10:36:30.410  7361  7361 W .musicpro.debug: and incorrect proguard optimizations.
05-25 10:36:30.410  7361  7361 W .musicpro.debug: Method boolean androidx.compose.runtime.snapshots.SnapshotStateList.conditionalUpdate$default(androidx.compose.runtime.snapshots.SnapshotStateList, boolean, kotlin.jvm.functions.Function1, int, java.lang.Object) failed lock verification and will run slower.
05-25 10:36:30.410  7361  7361 W .musicpro.debug: Method java.lang.Object androidx.compose.runtime.snapshots.SnapshotStateList.mutate(kotlin.jvm.functions.Function1) failed lock verification and will run slower.
05-25 10:36:30.410  7361  7361 W .musicpro.debug: Method void androidx.compose.runtime.snapshots.SnapshotStateList.update(boolean, kotlin.jvm.functions.Function1) failed lock verification and will run slower.
05-25 10:36:30.410  7361  7361 W .musicpro.debug: Method void androidx.compose.runtime.snapshots.SnapshotStateList.update$default(androidx.compose.runtime.snapshots.SnapshotStateList, boolean, kotlin.jvm.functions.Function1, int, java.lang.Object) failed lock verification and will run slower.
05-25 10:36:30.441  7361  7366 I .musicpro.debug: Compiler allocated 4496KB to compile void android.view.ViewRootImpl.performTraversals()
05-25 10:36:30.480  7361  7380 D NewPipeDownloader: Executing request: https://www.youtube.com/sw.js
05-25 10:36:30.481  7361  7440 D NewPipeDownloader: Executing request: https://www.youtube.com/sw.js
05-25 10:36:30.483  7361  7439 D NewPipeDownloader: Executing request: https://music.youtube.com/youtubei/v1/music/get_search_suggestions?prettyPrint=false
05-25 10:36:30.679  4774 20963 I NearbyConnections: Invalidate cached hpkeKey for client 75937372
05-25 10:36:30.714  3077  3370 I LaunchCheckinHandler: MotoDisplayed com.deepeye.musicpro.debug/com.deepeye.musicpro.MainActivity,cp,ca,1713
05-25 10:36:30.714  3077  3370 W ActivityTaskManager: activity boost didn't release as expected
05-25 10:36:30.715  3077  3776 D PerfTracer: Delay com.deepeye.musicpro.debug/com.deepeye.musicpro.MainActivity, this launch cost: 1713, is bigger than min[49], avg[977], max[2893], true, true
05-25 10:36:30.720  3077  3366 I ActivityTaskManager: Displayed com.deepeye.musicpro.debug/com.deepeye.musicpro.MainActivity for user 0: +1s737ms
05-25 10:36:30.722  7361  7361 I Choreographer: Skipped 30 frames!  The application may be doing too much work on its main thread.
05-25 10:36:30.824  3077  4432 D CompatibilityChangeReporter: Compat change id reported: 214016041; UID 10520; state: ENABLED
05-25 10:36:30.824  3077  4432 I ImeTracker: com.deepeye.musicpro.debug:5a4817d: onRequestHide at ORIGIN_SERVER_HIDE_INPUT reason HIDE_UNSPECIFIED_WINDOW
05-25 10:36:30.825  3077  4432 I ImeTracker: com.deepeye.musicpro.debug:5a4817d: onCancelled at PHASE_SERVER_SHOULD_HIDE
05-25 10:36:30.831  3757  3757 I GoogleInputMethodService: GoogleInputMethodService.onFinishInput():2259 
05-25 10:36:30.831  3757  3757 I Module  : DeviceLockedStatusModuleProvider$Module.updateDeviceLockedStatusInternal():127 repeatCheckTimes = 0, locked = false
05-25 10:36:30.832  3757  3757 I GoogleInputMethodService: GoogleInputMethodService.onStartInput():1446 onStartInput(EditorInfo{EditorInfo{packageName=com.deepeye.musicpro.debug, inputType=0, inputTypeString=NULL, enableLearning=false, autoCorrection=false, autoComplete=false, imeOptions=0, privateImeOptions=null, actionName=UNSPECIFIED, actionLabel=null, initialSelStart=-1, initialSelEnd=-1, initialCapsMode=0, label=null, fieldId=0, fieldName=null, extras=null, hintText=null, hintLocales=[]}}, false)
05-25 10:36:30.832  3757  3757 W AndroidIME: LatinIMEBase.updateInputViewCoverNavigation():326 Null input view, cannot update padding!
05-25 10:36:30.833  3757  3757 I Module  : DeviceLockedStatusModuleProvider$Module.updateDeviceLockedStatusInternal():127 repeatCheckTimes = 1, locked = false
05-25 10:36:30.834  3077  4432 W PackageConfigPersister: App-specific configuration not found for packageName: com.deepeye.musicpro.debug and userId: 0
05-25 10:36:31.068  7709  7790 D Surface : Surface::disconnect
05-25 10:36:31.068  7709  7790 D BufferQueueProducer: [VRI[debug]#790(BLAST Consumer)790](id:1e1d0000031a,api:1,p:7709,c:7709) disconnect: api 1
05-25 10:36:31.073  7709  7774 W WindowOnBackDispatcher: sendCancelIfRunning: isInProgress=falsecallback=android.view.ViewRootImpl$$ExternalSyntheticLambda17@4449827
05-25 10:36:31.074  3077  4432 D CoreBackPreview: Window{e7cabde u0 Splash Screen com.deepeye.musicpro.debug EXITING}: Setting back callback null
05-25 10:36:31.074  3077  3457 W InputManager-JNI: Input channel object 'e7cabde Splash Screen com.deepeye.musicpro.debug (client)' was disposed without first being removed with the input manager!
05-25 10:36:31.090 18704 18704 I bygx    : onStop
05-25 10:36:31.091  9681  9698 I ImeTracker: com.motorola.launcher3:92b7f4fd: onRequestHide at ORIGIN_CLIENT_HIDE_SOFT_INPUT reason HIDE_SOFT_INPUT
05-25 10:36:31.091  9681  9698 I ImeTracker: com.motorola.launcher3:92b7f4fd: onFailed at PHASE_CLIENT_VIEW_SERVED
05-25 10:36:31.179  7361  7440 D NewPipeDownloader: Response Code: 200 for https://www.youtube.com/sw.js
05-25 10:36:31.184  7361  7440 D NewPipeDownloader: Executing request: https://www.youtube.com/youtubei/v1/search?prettyPrint=false
05-25 10:36:31.250  7361  7439 D NewPipeDownloader: Response Code: 200 for https://music.youtube.com/youtubei/v1/music/get_search_suggestions?prettyPrint=false
05-25 10:36:31.255  7361  7439 D NewPipeDownloader: Executing request: https://music.youtube.com/youtubei/v1/search?prettyPrint=false
05-25 10:36:31.321  7361  7380 D NewPipeDownloader: Response Code: 200 for https://www.youtube.com/sw.js
05-25 10:36:31.325  7361  7380 D NewPipeDownloader: Executing request: https://www.youtube.com/youtubei/v1/search?prettyPrint=false
05-25 10:36:31.732  3077  7720 D PowerManagerService: nativeSetPowerMode ret:false mode:5 enabled:false duration ms: 0
05-25 10:36:31.790  7361  7439 D NewPipeDownloader: Response Code: 200 for https://music.youtube.com/youtubei/v1/search?prettyPrint=false
05-25 10:36:31.816 23180 23323 I MlsIntegration: Treatment for Weblab MLS_USE_PSEUDO_DEVICE_ID_ANDROID_1109242 is C_default (changed?: false)
05-25 10:36:31.816 23180 23323 I MlsIntegration: Treatment for Weblab MLS_ANDROID_ZAZ_MIGRATION_1364350 is C_default (changed?: false)
05-25 10:36:31.816 23180 23323 I MlsIntegration: Treatment for Weblab MLS_ENABLE_DEBUG_LOGS_1366122 is C_default (changed?: false)
05-25 10:36:31.889  3077  3726 D PowerManagerService: nativeReleaseSuspendBlocker name:PowerManagerService.WakeLocks duration ms: 0
05-25 10:36:31.891  4049 30671 I QImsService: VtDataUsageProvider : onSetAlert:2097152
05-25 10:36:31.891  4049  4049 I QImsService: ImsServiceClassTracker : updateAlertQuota:newQuota=2097152,Remaining=2097152
05-25 10:36:31.903  7361  7440 D NewPipeDownloader: Response Code: 200 for https://www.youtube.com/youtubei/v1/search?prettyPrint=false
05-25 10:36:31.916  7361  7439 D YoutubeDS: Extracted Video ID: 5XTxuz-_myg from https://music.youtube.com/watch?v=5XTxuz-_myg
05-25 10:36:31.916  7361  7439 D YoutubeDS: Extracted Video ID: NJAv_7lHUIU from https://music.youtube.com/watch?v=NJAv_7lHUIU
05-25 10:36:31.916  7361  7439 D YoutubeDS: Extracted Video ID: 0hg3Y0YOaa8 from https://music.youtube.com/watch?v=0hg3Y0YOaa8
05-25 10:36:31.916  7361  7439 D YoutubeDS: Extracted Video ID: YALvuUpY_b0 from https://music.youtube.com/watch?v=YALvuUpY_b0
05-25 10:36:31.916  7361  7439 D YoutubeDS: Extracted Video ID: J7p4bzqLvCw from https://music.youtube.com/watch?v=J7p4bzqLvCw
05-25 10:36:31.916  7361  7439 D YoutubeDS: Extracted Video ID: 7uSj-x6EIUE from https://music.youtube.com/watch?v=7uSj-x6EIUE
05-25 10:36:31.916  7361  7439 D YoutubeDS: Extracted Video ID: WMK3JXG3Fx0 from https://music.youtube.com/watch?v=WMK3JXG3Fx0
05-25 10:36:31.916  7361  7439 D YoutubeDS: Extracted Video ID: BdMTcZwCokI from https://music.youtube.com/watch?v=BdMTcZwCokI
05-25 10:36:31.916  7361  7439 D YoutubeDS: Extracted Video ID: 68RLvhxk_4g from https://music.youtube.com/watch?v=68RLvhxk_4g
05-25 10:36:31.916  7361  7439 D YoutubeDS: Extracted Video ID: COatCg74F70 from https://music.youtube.com/watch?v=COatCg74F70
05-25 10:36:31.916  7361  7439 D YoutubeDS: Extracted Video ID: o-TTwijwArY from https://music.youtube.com/watch?v=o-TTwijwArY
05-25 10:36:31.916  7361  7439 D YoutubeDS: Extracted Video ID: BciS5krYL80 from https://music.youtube.com/watch?v=BciS5krYL80
05-25 10:36:31.916  7361  7439 D YoutubeDS: Extracted Video ID: PVDPkS4v8FQ from https://music.youtube.com/watch?v=PVDPkS4v8FQ
05-25 10:36:31.916  7361  7439 D YoutubeDS: Extracted Video ID: GqWYJT-iMTw from https://music.youtube.com/watch?v=GqWYJT-iMTw
05-25 10:36:31.916  7361  7439 D YoutubeDS: Extracted Video ID: 9nRvqemGydw from https://music.youtube.com/watch?v=9nRvqemGydw
05-25 10:36:31.916  7361  7439 D YoutubeDS: Extracted Video ID: FXxuVh9KIPs from https://music.youtube.com/watch?v=FXxuVh9KIPs
05-25 10:36:31.916  7361  7439 D YoutubeDS: Extracted Video ID: WqHzTIjoooQ from https://music.youtube.com/watch?v=WqHzTIjoooQ
05-25 10:36:31.916  7361  7439 D YoutubeDS: Extracted Video ID: n9qQiuwBywU from https://music.youtube.com/watch?v=n9qQiuwBywU
05-25 10:36:31.917  7361  7439 D YoutubeDS: Extracted Video ID: xTvyyoF_LZY from https://music.youtube.com/watch?v=xTvyyoF_LZY
05-25 10:36:31.917  7361  7439 D YoutubeDS: Extracted Video ID: 0jj4gx1P8x4 from https://music.youtube.com/watch?v=0jj4gx1P8x4
05-25 10:36:31.982  7361  7440 D YoutubeDS: Extracted Video ID: 7c3-Gei5j4w from https://www.youtube.com/watch?v=7c3-Gei5j4w
05-25 10:36:31.982  7361  7440 D YoutubeDS: Extracted Video ID: -MPHg4wPiyg from https://www.youtube.com/watch?v=-MPHg4wPiyg
05-25 10:36:31.982  7361  7440 D YoutubeDS: Extracted Video ID: hOyn0bCydZo from https://www.youtube.com/watch?v=hOyn0bCydZo
05-25 10:36:31.982  7361  7440 D YoutubeDS: Extracted Video ID: rIt4pBtu0QA from https://www.youtube.com/watch?v=rIt4pBtu0QA
05-25 10:36:31.982  7361  7440 D YoutubeDS: Extracted Video ID: CP7GY11pmG0 from https://www.youtube.com/watch?v=CP7GY11pmG0
05-25 10:36:31.982  7361  7440 D YoutubeDS: Extracted Video ID: Hi-uxR2Bq3c from https://www.youtube.com/watch?v=Hi-uxR2Bq3c
05-25 10:36:31.982  7361  7440 D YoutubeDS: Extracted Video ID: LuzXr3He9NI from https://www.youtube.com/watch?v=LuzXr3He9NI
05-25 10:36:31.982  7361  7440 D YoutubeDS: Extracted Video ID: L13OySSpjeI from https://www.youtube.com/watch?v=L13OySSpjeI
05-25 10:36:31.982  7361  7440 D YoutubeDS: Extracted Video ID: uV3cillyhLk from https://www.youtube.com/watch?v=uV3cillyhLk
05-25 10:36:31.982  7361  7440 D YoutubeDS: Extracted Video ID: 27QmkvKQLDk from https://www.youtube.com/watch?v=27QmkvKQLDk
05-25 10:36:31.982  7361  7440 D YoutubeDS: Extracted Video ID: fTVvhkhCMuo from https://www.youtube.com/watch?v=fTVvhkhCMuo
05-25 10:36:31.982  7361  7440 D YoutubeDS: Extracted Video ID: WugV5g1jtPY from https://www.youtube.com/watch?v=WugV5g1jtPY
05-25 10:36:32.268  7361  7380 D NewPipeDownloader: Response Code: 200 for https://www.youtube.com/youtubei/v1/search?prettyPrint=false
05-25 10:36:32.299  7361  7380 D HomeFeed: Trending: 12, Shorts: 0, Music: 20, Local: 1
05-25 10:36:32.351  3077  3736 D ConnectivityService: NetReassign [no changes] [c 1] [a 1] [i 1]
05-25 10:36:32.666  3077  3729 D WifiStaIfaceHidlImpl: getCachedScanData is not implemented by HIDL
05-25 10:36:32.672  3077  3077 D EnhancedConnectivityController: Wifi onCapabilitiesChanged
05-25 10:36:32.672  3077  3077 D EnhancedConnectivityController: Default net onCapabilitiesChanged
05-25 10:36:32.672  3077  3077 D EnhancedConnectivityController: updateDefaultNet:882
05-25 10:36:32.672  3077  3077 D EnhancedConnectivityController: mayUpdateNotification: shouldShow=false,UidsBlocked=false, net info=net:882,ifName=wlan0,securityType=2,isDefault=true,ssid="Airtel_Siddhanth's wifi",notificationId=0
05-25 10:36:32.674  6458  7001 I ModemStats: [DataStallDetectService] onCapabilitiesChanged networkCapabilities=[ Transports: WIFI Capabilities: NOT_METERED&INTERNET&NOT_RESTRICTED&TRUSTED&NOT_VPN&VALIDATED&NOT_ROAMING&FOREGROUND&NOT_CONGESTED&NOT_SUSPENDED&NOT_VCN_MANAGED LinkUpBandwidth>=12321Kbps LinkDnBandwidth>=15606Kbps TransportInfo: <SSID: <unknown ssid>, BSSID: 02:00:00:00:00:00, MAC: 02:00:00:00:00:00, IP: /192.168.1.9, Security type: 2, Supplicant state: COMPLETED, Wi-Fi standard: 11n, RSSI: -50, Link speed: 72Mbps, Tx Link speed: 72Mbps, Max Supported Tx Link speed: 300Mbps, Rx Link speed: 81Mbps, Max Supported Rx Link speed: 300Mbps, Frequency: 2412MHz, Net ID: -1, Metered hint: false, score: 100, isUsable: true, CarrierMerged: false, SubscriptionId: -1, IsPrimary: -1, Trusted: true, Restricted: false, Ephemeral: false, OEM paid: false, OEM private: false, OSU AP: false, FQDN: <none>, Provider friendly name: <none>, Requesting package name: <none><none>MLO Information: , Is TID-To-Link negotiation supported by the AP: false, AP MLD Address: <none>, AP MLO Link Id: <none>, AP MLO Affiliated links: <none>, Vendor Data: <none>> SignalStrength: -50 UnderlyingNetworks: Null]
05-25 10:36:32.674  6458  7001 I ModemStats: [DataStallDetectService] onCapabilitiesChanged NET_CAPABILITY_VALIDATED=true
05-25 10:36:32.674  6458  7001 I ModemStats: [DataStallDetectService] onCapabilitiesChanged mDataStallManager.mDataStallInstance=null
05-25 10:36:32.674  6458  7001 I ModemStats: [DataStallDetectService] onCapabilitiesChanged mDataStallSmart5gManager.mDataStallInstance=null
05-25 10:36:32.674  4019  4769 D QCNEJ/NativeHalConnector: -> SND notifyDefaultNetworkChanged(1)
05-25 10:36:32.679  3077  3729 I HalDevMgr: bestIfaceCreationProposal is null, requestIface=STA, existingIface=[name=ap_br_wlan2 type=AP_BRIDGE, name=wlan0 type=STA]
05-25 10:36:32.685  4774  6215 I NullBinder: NullBinder for android.net.action.RECOMMEND_NETWORKS triggering remote TransactionTooLargeException due to Service without Chimera impl, calling uid: 1000, calling pid: 0
05-25 10:36:32.686  4774  6215 W Binder  : reply too large data on java level: InterfaceDescriptor = null, code = 1
05-25 10:36:32.686  4774  6215 W .gms.persistent: Large reply transaction of 1056768 bytes, interface descriptor , code 1
05-25 10:36:33.164  1354  7309 I keystore2: system/security/keystore2/src/watchdog.rs:319 - Watchdog thread idle -> terminating. Have a great day.
05-25 10:36:33.188  4774 25575 I NearbySharing: Network state changed: NetworkState(isRestricted=false, isOnline=true, isCongested=false, isMetered=false, isWifiConnected=true)
05-25 10:36:33.386 28347 28347 D BoundBrokerSvc: onUnbind: Intent { act=com.google.android.gms.feedback.internal.IFeedbackService dat=chimera-action:/... cmp=com.google.android.gms/.chimera.GmsBoundBrokerService }
05-25 10:36:33.758 32264 32440 I ThermalEngine: Monitor:ACTIVE:FREEZE-CHG:freeze_rule=1:DETECT-STANDBY=1
05-25 10:36:33.759 32264 32440 I ThermalEngine: ACTION: freeze_rule - Setting freeze_rule to 1
05-25 10:36:33.760 32264 32439 I ThermalEngine: Thermal-Server: Thermal received msg from  freezing
05-25 10:36:33.760 32264  7518 I Thermal-Lib: Thermal-Lib-Client: Client request sent
05-25 10:36:33.761 32264 32440 I ThermalEngine: Monitor:ACTIVE:OVERRIDE-CHG:internal_override=1:DETECT-STANDBY=1
05-25 10:36:33.762 32264 32440 I ThermalEngine: ACTION: override_c - Setting override_c to 1
05-25 10:36:33.762 32264 32439 I ThermalEngine: Thermal-Server: Thermal received msg from  override_c
05-25 10:36:33.762 32264  7519 I Thermal-Lib: Thermal-Lib-Client: Client request sent
05-25 10:36:35.426  4774 25575 I NearbyMediums: No BLE Fast/GATT advertisements found in the latest cycle.
05-25 10:36:35.426  4774 25575 I NearbyMediums: Current Tracked Scanning Clients are : {NearbyConnections.EnvironmentMonitor, NearbySharing, NearbyConnections.TxAdvertisement}
05-25 10:36:35.696  3077  3729 D WifiStaIfaceHidlImpl: getCachedScanData is not implemented by HIDL
05-25 10:36:35.700  3077  3077 D EnhancedConnectivityController: Wifi onCapabilitiesChanged
05-25 10:36:35.700  3077  3077 D EnhancedConnectivityController: Default net onCapabilitiesChanged
05-25 10:36:35.700  3077  3077 D EnhancedConnectivityController: updateDefaultNet:882
05-25 10:36:35.700  3077  3077 D EnhancedConnectivityController: mayUpdateNotification: shouldShow=false,UidsBlocked=false, net info=net:882,ifName=wlan0,securityType=2,isDefault=true,ssid="Airtel_Siddhanth's wifi",notificationId=0
05-25 10:36:35.702  6458  7001 I ModemStats: [DataStallDetectService] onCapabilitiesChanged networkCapabilities=[ Transports: WIFI Capabilities: NOT_METERED&INTERNET&NOT_RESTRICTED&TRUSTED&NOT_VPN&VALIDATED&NOT_ROAMING&FOREGROUND&NOT_CONGESTED&NOT_SUSPENDED&NOT_VCN_MANAGED LinkUpBandwidth>=12321Kbps LinkDnBandwidth>=15606Kbps TransportInfo: <SSID: <unknown ssid>, BSSID: 02:00:00:00:00:00, MAC: 02:00:00:00:00:00, IP: /192.168.1.9, Security type: 2, Supplicant state: COMPLETED, Wi-Fi standard: 11n, RSSI: -49, Link speed: 162Mbps, Tx Link speed: 162Mbps, Max Supported Tx Link speed: 300Mbps, Rx Link speed: 27Mbps, Max Supported Rx Link speed: 300Mbps, Frequency: 2412MHz, Net ID: -1, Metered hint: false, score: 100, isUsable: true, CarrierMerged: false, SubscriptionId: -1, IsPrimary: -1, Trusted: true, Restricted: false, Ephemeral: false, OEM paid: false, OEM private: false, OSU AP: false, FQDN: <none>, Provider friendly name: <none>, Requesting package name: <none><none>MLO Information: , Is TID-To-Link negotiation supported by the AP: false, AP MLD Address: <none>, AP MLO Link Id: <none>, AP MLO Affiliated links: <none>, Vendor Data: <none>> SignalStrength: -49 UnderlyingNetworks: Null]
05-25 10:36:35.702  6458  7001 I ModemStats: [DataStallDetectService] onCapabilitiesChanged NET_CAPABILITY_VALIDATED=true
05-25 10:36:35.702  6458  7001 I ModemStats: [DataStallDetectService] onCapabilitiesChanged mDataStallManager.mDataStallInstance=null
05-25 10:36:35.702  6458  7001 I ModemStats: [DataStallDetectService] onCapabilitiesChanged mDataStallSmart5gManager.mDataStallInstance=null
05-25 10:36:35.703  4019  4769 D QCNEJ/NativeHalConnector: -> SND notifyDefaultNetworkChanged(1)
05-25 10:36:35.706  3077  3729 I HalDevMgr: bestIfaceCreationProposal is null, requestIface=STA, existingIface=[name=ap_br_wlan2 type=AP_BRIDGE, name=wlan0 type=STA]
05-25 10:36:35.709  7709  7709 D StatusBarIconController: ignoring old pipeline callback because the new wifi icon is enabled
05-25 10:36:35.714  4774  6215 I NullBinder: NullBinder for android.net.action.RECOMMEND_NETWORKS triggering remote TransactionTooLargeException due to Service without Chimera impl, calling uid: 1000, calling pid: 0
05-25 10:36:35.714  4774  6215 W Binder  : reply too large data on java level: InterfaceDescriptor = null, code = 1
05-25 10:36:35.714  4774  6215 W .gms.persistent: Large reply transaction of 1056768 bytes, interface descriptor , code 1
05-25 10:36:36.214  4774 25575 I NearbySharing: Network state changed: NetworkState(isRestricted=false, isOnline=true, isCongested=false, isMetered=false, isWifiConnected=true)
05-25 10:36:37.394  7361  7361 E PlayerController: playMedia called with item: Remote(id=7c3-Gei5j4w, title=Chaand Baaliyan – Aditya A. | Trending Song | Official Video, artist=Sony Music India, artworkUri=https://i.ytimg.com/vi/7c3-Gei5j4w/hq720.jpg?sqp=-oaymwEcCNAFEJQDSFXyq4qpAw4IARUAAIhCGAFwAcABBg==&rs=AOn4CLC4g6eQMG5eZgivYA73UaxnR7Lnaw, duration=122000, streamUri=null, isVideo=true)
05-25 10:36:37.566  7361  7367 W .musicpro.debug: userfaultfd: MOVE ioctl seems unsupported: Connection timed out
05-25 10:36:37.625  7361  7361 E PlayerController: Remote item: Chaand Baaliyan – Aditya A. | Trending Song | Official Video, id: 7c3-Gei5j4w, streamUri: null
05-25 10:36:37.625  7361  7361 E PlayerController: streamUri is null or empty, fetching getStreamUrl...
05-25 10:36:37.640  7361  7380 D NewPipeDownloader: Executing request: https://youtubei.googleapis.com/youtubei/v1/visitor_id?prettyPrint=false
05-25 10:36:37.675  4774  4774 D BoundBrokerSvc: onUnbind: Intent { act=com.google.android.gms.nearby.presence.service.START dat=chimera-action:/... cmp=com.google.android.gms/.chimera.PersistentApiServiceNoInstantApps }
05-25 10:36:37.767 32264 32439 I ThermalEngine: Thermal-Server: Thermal received msg from  freezing
05-25 10:36:37.767 32264  7530 I Thermal-Lib: Thermal-Lib-Client: Client request sent
05-25 10:36:37.767 32264 32440 I ThermalEngine: ACTION: freeze_rule - Setting freeze_rule to 0
05-25 10:36:37.767 32264 32440 I ThermalEngine: Monitor:INACTIVE:FREEZE-CHG:freeze_rule=1:DETECT-STANDBY=0
05-25 10:36:37.767 32264 32440 I ThermalEngine: ACTION: override_c - Setting override_c to 0
05-25 10:36:37.767 32264 32440 I ThermalEngine: Monitor:INACTIVE:OVERRIDE-CHG:internal_override=1:DETECT-STANDBY=0
05-25 10:36:37.767 32264 32439 I ThermalEngine: Thermal-Server: Thermal received msg from  override_c
05-25 10:36:37.768 32264  7531 I Thermal-Lib: Thermal-Lib-Client: Client request sent
05-25 10:36:37.769 32264 32440 I ThermalEngine: Monitor:ACTIVE:MON-MSM-charge:battery=5:CHG-SENSORS=44954
05-25 10:36:37.803  7361  7380 D NewPipeDownloader: Response Code: 200 for https://youtubei.googleapis.com/youtubei/v1/visitor_id?prettyPrint=false
05-25 10:36:37.811  7361  7380 D NewPipeDownloader: Executing request: https://youtubei.googleapis.com/youtubei/v1/reel/reel_item_watch?prettyPrint=false&t=_O_7MxmvaY3_&id=7c3-Gei5j4w&$fields=playerResponse
05-25 10:36:38.156  7361  7380 D NewPipeDownloader: Response Code: 200 for https://youtubei.googleapis.com/youtubei/v1/reel/reel_item_watch?prettyPrint=false&t=_O_7MxmvaY3_&id=7c3-Gei5j4w&$fields=playerResponse
05-25 10:36:38.184  7361  7380 D NewPipeDownloader: Executing request: https://www.youtube.com/youtubei/v1/visitor_id?prettyPrint=false
05-25 10:36:38.364  7361  7380 D NewPipeDownloader: Response Code: 200 for https://www.youtube.com/youtubei/v1/visitor_id?prettyPrint=false
05-25 10:36:38.368  7361  7380 D NewPipeDownloader: Executing request: https://www.youtube.com/youtubei/v1/player?prettyPrint=false&$fields=microformat,playabilityStatus,storyboards,videoDetails
05-25 10:36:38.445  2337  2337 I CNSS    : DIAG_TYPE_FW_DEBUG_MSG: id = 1824 payloadlen = 32, payload = 0xb40000782087831c 
05-25 10:36:38.478  3077  3507 D ActivityManager: freezing 7320 com.motorola.lifetimedata, reason = oom_cached
05-25 10:36:38.543  7361  7380 D NewPipeDownloader: Response Code: 200 for https://www.youtube.com/youtubei/v1/player?prettyPrint=false&$fields=microformat,playabilityStatus,storyboards,videoDetails
05-25 10:36:38.549  7361  7380 D NewPipeDownloader: Executing request: https://www.youtube.com/youtubei/v1/next?prettyPrint=false
05-25 10:36:38.673  3077  4432 W ProcessStats: Tracking association SourceState{3297f com.google.android.gms/10192 BTop #2376757} whose proc state 2 is better than process ProcessState{f378d4c com.google.android.gms.persistent/10192 pkg=com.google.android.gms} proc state 4 (520 skipped)
05-25 10:36:38.722  3077  3729 D WifiStaIfaceHidlImpl: getCachedScanData is not implemented by HIDL
05-25 10:36:38.727  3077  3077 D EnhancedConnectivityController: Wifi onCapabilitiesChanged
05-25 10:36:38.728  3077  3077 D EnhancedConnectivityController: Default net onCapabilitiesChanged
05-25 10:36:38.728  3077  3077 D EnhancedConnectivityController: updateDefaultNet:882
05-25 10:36:38.728  3077  3077 D EnhancedConnectivityController: mayUpdateNotification: shouldShow=false,UidsBlocked=false, net info=net:882,ifName=wlan0,securityType=2,isDefault=true,ssid="Airtel_Siddhanth's wifi",notificationId=0
05-25 10:36:38.731  4019  4769 D QCNEJ/NativeHalConnector: -> SND notifyDefaultNetworkChanged(1)
05-25 10:36:38.731  6458  7001 I ModemStats: [DataStallDetectService] onCapabilitiesChanged networkCapabilities=[ Transports: WIFI Capabilities: NOT_METERED&INTERNET&NOT_RESTRICTED&TRUSTED&NOT_VPN&VALIDATED&NOT_ROAMING&FOREGROUND&NOT_CONGESTED&NOT_SUSPENDED&NOT_VCN_MANAGED LinkUpBandwidth>=12321Kbps LinkDnBandwidth>=15606Kbps TransportInfo: <SSID: <unknown ssid>, BSSID: 02:00:00:00:00:00, MAC: 02:00:00:00:00:00, IP: /192.168.1.9, Security type: 2, Supplicant state: COMPLETED, Wi-Fi standard: 11n, RSSI: -49, Link speed: 108Mbps, Tx Link speed: 108Mbps, Max Supported Tx Link speed: 300Mbps, Rx Link speed: 27Mbps, Max Supported Rx Link speed: 300Mbps, Frequency: 2412MHz, Net ID: -1, Metered hint: false, score: 100, isUsable: true, CarrierMerged: false, SubscriptionId: -1, IsPrimary: -1, Trusted: true, Restricted: false, Ephemeral: false, OEM paid: false, OEM private: false, OSU AP: false, FQDN: <none>, Provider friendly name: <none>, Requesting package name: <none><none>MLO Information: , Is TID-To-Link negotiation supported by the AP: false, AP MLD Address: <none>, AP MLO Link Id: <none>, AP MLO Affiliated links: <none>, Vendor Data: <none>> SignalStrength: -49 UnderlyingNetworks: Null]
05-25 10:36:38.732  6458  7001 I ModemStats: [DataStallDetectService] onCapabilitiesChanged NET_CAPABILITY_VALIDATED=true
05-25 10:36:38.732  6458  7001 I ModemStats: [DataStallDetectService] onCapabilitiesChanged mDataStallManager.mDataStallInstance=null
05-25 10:36:38.732  6458  7001 I ModemStats: [DataStallDetectService] onCapabilitiesChanged mDataStallSmart5gManager.mDataStallInstance=null
05-25 10:36:38.734  3077  3729 I HalDevMgr: bestIfaceCreationProposal is null, requestIface=STA, existingIface=[name=ap_br_wlan2 type=AP_BRIDGE, name=wlan0 type=STA]
05-25 10:36:38.739  4774  6215 I NullBinder: NullBinder for android.net.action.RECOMMEND_NETWORKS triggering remote TransactionTooLargeException due to Service without Chimera impl, calling uid: 1000, calling pid: 0
05-25 10:36:38.739  4774  6215 W Binder  : reply too large data on java level: InterfaceDescriptor = null, code = 1
05-25 10:36:38.739  4774  6215 W .gms.persistent: Large reply transaction of 1056768 bytes, interface descriptor , code 1
05-25 10:36:38.889  3077  3789 D MotoSxfService: unknown touch type
05-25 10:36:39.246  4774 20963 I NearbySharing: Network state changed: NetworkState(isRestricted=false, isOnline=true, isCongested=false, isMetered=false, isWifiConnected=true)
05-25 10:36:39.460  3077  3507 D ActivityManager: freezing 6571 com.google.android.permissioncontroller, reason = oom_cached
05-25 10:36:39.513  7361  7380 D NewPipeDownloader: Response Code: 200 for https://www.youtube.com/youtubei/v1/next?prettyPrint=false
05-25 10:36:39.575  7361  7380 D YoutubeDS: Video stream extraction for 7c3-Gei5j4w: DASH=false, HLS=false
05-25 10:36:39.575  7361  7380 W YoutubeDS: getStreamUrl: No valid DASH/HLS URL found for 7c3-Gei5j4w. Falling back to audio stream.
05-25 10:36:39.575  7361  7361 E PlayerController: First extraction fetched: StreamResult(url=https://rr1---sn-ci5gup-qxall.googlevideo.com/videoplayback?expire=1779707199&ei=39gTasr5Dp-gmtIPqOGSqQw&ip=2401%3A4900%3A8811%3Aefd%3Afcd3%3A9187%3A82a3%3A7d4f&id=o-ACe_2-1JEAfONxl1qVAuQMTnMBI_LnFExqgw9tQ2Seu4&itag=251&source=youtube&requiressl=yes&xpc=EgVo2aDSNQ%3D%3D&cps=273&met=1779685599%2C&mh=99&mm=31%2C26&mn=sn-ci5gup-qxall%2Csn-cvh7knze&ms=au%2Conr&mv=m&mvi=1&pl=51&rms=au%2Cau&initcwndbps=1965000&bui=AbKmrwphHjTIB-BQcganwtMmcWXrHzJMM7JQjk4s2uFuJS1VDGB9G1YaXUBGFTABrluD6qxclf23bbqE&spc=96Xrv7As4DlxjrX2bwLFSmLXXp8eaPiuODOi-e-10erJiSuXJYSDWK5zXO24HyDg&vprv=1&svpuc=1&mime=audio%2Fwebm&rqh=1&gir=yes&clen=2046844&dur=121.521&lmt=1754048026479896&mt=1779685268&fvip=4&keepalive=yes&fexp=51565115%2C51565682&c=ANDROID&txp=4532534&sparams=expire%2Cei%2Cip%2Cid%2Citag%2Csource%2Crequiressl%2Cxpc%2Cbui%2Cspc%2Cvprv%2Csvpuc%2Cmime%2Crqh%2Cgir%2Cclen%2Cdur%2Clmt&sig=AHEqNM4wRgIhAPKsntjr-vHACuJ9CTOHhk7JHtxgYWYM9GxFhfjX0GIRAiEA6V80R_gzv3iskSS3BvLIWgdElG7WSzI_2vrGe2hzsLo%3D&lsparams=cps%2Cmet%2Cmh%2Cmm%2Cmn%2Cms%2Cmv%2Cmvi%2Cpl%2Crms%2Cinitcwndbps&lsig=APaTxxMwRQIhAL2X8nQgiEEfk020V4qQbXRtyOgRSnOcGVuIXAYwIBpVAiAsGWtr49c6fU8aLB6soIORFROeLkbwjy-ffLUvH_fFDA%3D%3D&cpn=NmiLu9cqNif72m28, isVideo=false)
05-25 10:36:39.768 32264 32440 I ThermalEngine: Monitor:ACTIVE:FREEZE-CHG:freeze_rule=1:DETECT-STANDBY=1
05-25 10:36:39.769 32264 32440 I ThermalEngine: ACTION: freeze_rule - Setting freeze_rule to 1
05-25 10:36:39.769 32264 32439 I ThermalEngine: Thermal-Server: Thermal received msg from  freezing
05-25 10:36:39.769 32264  7536 I Thermal-Lib: Thermal-Lib-Client: Client request sent
05-25 10:36:39.770 32264 32440 I ThermalEngine: Monitor:ACTIVE:OVERRIDE-CHG:internal_override=1:DETECT-STANDBY=1
05-25 10:36:39.771 32264 32440 I ThermalEngine: ACTION: override_c - Setting override_c to 1
05-25 10:36:39.771 32264 32439 I ThermalEngine: Thermal-Server: Thermal received msg from  override_c
05-25 10:36:39.771 32264  7537 I Thermal-Lib: Thermal-Lib-Client: Client request sent
05-25 10:36:40.661  4774  4774 D BoundBrokerSvc: onUnbind: Intent { act=com.google.android.gms.libs.gmscorelogger.service.START dat=chimera-action:/... cmp=com.google.android.gms/.chimera.PersistentDirectBootAwareApiService }
05-25 10:36:40.904  7361  7380 D SponsorBlock: Found 1 segments for 7c3-Gei5j4w
05-25 10:36:40.923  3077  4432 D PowerManagerService: nativeAcquireSuspendBlocker name:PowerManagerService.WakeLocks duration ms: 1
05-25 10:36:40.924  3077  4432 I WifiService: acquireWifiLock uid=10520 lockMode=3 packageName=com.deepeye.musicpro.debug
05-25 10:36:40.928  1770  1770 D WifiHAL : wifi_set_latency_mode: 1
05-25 10:36:40.944  7361  7361 D MusicPlayerService: onCreate: Initializing MusicPlayerService
05-25 10:36:40.949  7361  7361 I MediaSessionImpl: Init 8da1046 [AndroidXMedia3/1.5.1] [hiphi, motorola edge 30 pro, motorola, 34]
05-25 10:36:40.957  7361  7361 W MediaSessionCompat: Couldn't find a unique registered media button receiver in the given context.
05-25 10:36:40.958  3077  3457 I MediaSessionStack: addSession to bottom of stack | record: com.deepeye.musicpro.debug/androidx.media3.session.id. (userId=0)
05-25 10:36:40.959  3077  3457 D MediaSessionService: Media button session is changed to com.deepeye.musicpro.debug/androidx.media3.session.id. (userId=0)
05-25 10:36:40.961  3992 18537 D Avrcp_ext: onMediaKeyEventSessionChanged: player = MediaPlayerInfo com.deepeye.musicpro.debug (as 'DeepEye Music Pro') Type = 1, SubType = 0, Status = 1 Feature Bits [40 41 42 44 45 47 48 58] Controller: null, id = 16, updateController = true
05-25 10:36:40.961  3992 18537 W Avrcp_ext: onMediaKeyEventSessionChanged(Token): Addressed Player changed to a player we didn't have a session for
05-25 10:36:40.961  3992 18536 V Avrcp_ext: updateCurrentMediaState: mMediaController: null
05-25 10:36:40.961  3992 18536 W Avrcp_ext: isMusicActive: false getBluetoothPlayState: 2 A2dp State: 11 mAudioPlaybackIsActive: false
05-25 10:36:40.961  3992 18536 W Avrcp_ext: updateCurrentMediaState: isPlaying = false
05-25 10:36:40.961  3992 18536 V Avrcp_ext: Media update: id -1➡-1? [MediaAttributes: none] : [MediaAttributes: none]
05-25 10:36:40.961  3992 18536 D Avrcp_ext: isPackageNameValid: browsedPackage = isValid = false
05-25 10:36:40.961  3992 18536 W Avrcp_ext: updateCurrentMediaState: isInactivePlayer = true
05-25 10:36:40.961  3992 18536 V Avrcp_ext: updatePlaybackState, state: PlaybackState {state=PAUSED(2), position=-1, buffered position=0, speed=0.0, updated=1508390110, actions=0, custom actions=[], active item id=-1, error=null} device: null
05-25 10:36:40.961  3992 18536 V Avrcp_ext: Device: no name: 
05-25 10:36:40.961  3992 18536 V Avrcp_ext: Device: no name: 
05-25 10:36:40.961  3992 18536 V Avrcp_ext: Device: no name: 
05-25 10:36:40.961  3992 18536 V Avrcp_ext: Device: no name: 
05-25 10:36:40.962  3992 18536 V Avrcp_ext: Device: no name: 
05-25 10:36:40.961  7709  7709 D MotoMediaSessionUtils: onActiveSessionsChanged - controllers size: 0 mActiveControllers size: 0
05-25 10:36:40.962  3992 18536 V Avrcp_ext: updatePlayerStateAndPosition, old=PlaybackState {state=PAUSED(2), position=-1, buffered position=0, speed=0.0, updated=1508368594, actions=0, custom actions=[], active item id=-1, error=null}, state=PlaybackState {state=PAUSED(2), position=-1, buffered position=0, speed=0.0, updated=1508390110, actions=0, custom actions=[], active item id=-1, error=null}
05-25 10:36:40.962  7709  7709 D MotoMediaSessionUtils: Final controllers count: 0
05-25 10:36:40.962  3992 18536 V Avrcp_ext: old state = PlaybackState {state=PAUSED(2), position=-1, buffered position=0, speed=0.0, updated=1508368594, actions=0, custom actions=[], active item id=-1, error=null}, new state= PlaybackState {state=PAUSED(2), position=-1, buffered position=0, speed=0.0, updated=1508390110, actions=0, custom actions=[], active item id=-1, error=null}
05-25 10:36:40.962  3992 18536 D HeadsetService: getHeadsetService(): returning com.android.bluetooth.hfp.HeadsetService@9390a13
05-25 10:36:40.962  7709  7709 D MotoMediaSessionUtils: onActiveSessionsChanged - controllers size: 0 mActiveControllers size: 0
05-25 10:36:40.962  3992 18536 E HeadsetStateMachine: returning mCurrentState as Disconnected
05-25 10:36:40.962  7709  7709 D MotoMediaSessionUtils: Final controllers count: 0
05-25 10:36:40.962  3992 18536 E HeadsetStateMachine: returning mCurrentState as Disconnected
05-25 10:36:40.962  3992 18536 D HeadsetService:  isAudioOn: The number of audio connected devices 0
05-25 10:36:40.962  3992 18536 D HeadsetService: isScoOrCallActive(): Call Active:falseCall is Ringing:falseSCO is Active:false
05-25 10:36:40.962  3992 18536 E HeadsetStateMachine: returning mCurrentState as Disconnected
05-25 10:36:40.962  3992 18536 E HeadsetStateMachine: returning mCurrentState as Disconnected
05-25 10:36:40.962  3992 18536 D HeadsetService:  isAudioOn: The number of audio connected devices 0
05-25 10:36:40.962  3992 18536 I Avrcp_ext: updatePlayStatusForDevice: device: null
05-25 10:36:40.962  3992 18536 V Avrcp_ext: updatePlaybackState (1): old=PlaybackState {state=PAUSED(2), position=-1, buffered position=0, speed=0.0, updated=1508368594, actions=0, custom actions=[], active item id=-1, error=null}(2), new=PlaybackState {state=PAUSED(2), position=-1, buffered position=0, speed=0.0, updated=1508390110, actions=0, custom actions=[], active item id=-1, error=null}(2)
05-25 10:36:40.962  3992 18536 I Avrcp_ext: Exit updatePlayStatusForDevice
05-25 10:36:40.962  3992 18536 E HeadsetStateMachine: returning mCurrentState as Disconnected
05-25 10:36:40.962  3992 18536 E HeadsetStateMachine: returning mCurrentState as Disconnected
05-25 10:36:40.962  3992 18536 D HeadsetService:  isAudioOn: The number of audio connected devices 0
05-25 10:36:40.962  3992 18536 D HeadsetService: isScoOrCallActive(): Call Active:falseCall is Ringing:falseSCO is Active:false
05-25 10:36:40.962  3992 18536 E HeadsetStateMachine: returning mCurrentState as Disconnected
05-25 10:36:40.962  3992 18536 E HeadsetStateMachine: returning mCurrentState as Disconnected
05-25 10:36:40.962  3992 18536 D HeadsetService:  isAudioOn: The number of audio connected devices 0
05-25 10:36:40.962  3992 18536 I Avrcp_ext: updatePlayStatusForDevice: device: null
05-25 10:36:40.962  3992 18536 V Avrcp_ext: updatePlaybackState (1): old=PlaybackState {state=PAUSED(2), position=-1, buffered position=0, speed=0.0, updated=1508368594, actions=0, custom actions=[], active item id=-1, error=null}(2), new=PlaybackState {state=PAUSED(2), position=-1, buffered position=0, speed=0.0, updated=1508390110, actions=0, custom actions=[], active item id=-1, error=null}(2)
05-25 10:36:40.962  3992 18536 I Avrcp_ext: Exit updatePlayStatusForDevice
05-25 10:36:40.962  3992 18536 E HeadsetStateMachine: returning mCurrentState as Disconnected
05-25 10:36:40.962  3992 18536 E HeadsetStateMachine: returning mCurrentState as Disconnected
05-25 10:36:40.962  3992 18536 D HeadsetService:  isAudioOn: The number of audio connected devices 0
05-25 10:36:40.962  3992 18536 D HeadsetService: isScoOrCallActive(): Call Active:falseCall is Ringing:falseSCO is Active:false
05-25 10:36:40.962  3992 18536 E HeadsetStateMachine: returning mCurrentState as Disconnected
05-25 10:36:40.962  3992 18536 E HeadsetStateMachine: returning mCurrentState as Disconnected
05-25 10:36:40.962  3992 18536 D HeadsetService:  isAudioOn: The number of audio connected devices 0
05-25 10:36:40.962  3992 18536 I Avrcp_ext: updatePlayStatusForDevice: device: null
05-25 10:36:40.962  3992 18536 V Avrcp_ext: updatePlaybackState (1): old=PlaybackState {state=PAUSED(2), position=-1, buffered position=0, speed=0.0, updated=1508368594, actions=0, custom actions=[], active item id=-1, error=null}(2), new=PlaybackState {state=PAUSED(2), position=-1, buffered position=0, speed=0.0, updated=1508390110, actions=0, custom actions=[], active item id=-1, error=null}(2)
05-25 10:36:40.962  3992 18536 I Avrcp_ext: Exit updatePlayStatusForDevice
05-25 10:36:40.962  3992 18536 E HeadsetStateMachine: returning mCurrentState as Disconnected
05-25 10:36:40.962  3992 18536 E HeadsetStateMachine: returning mCurrentState as Disconnected
05-25 10:36:40.962  3992 18536 D HeadsetService:  isAudioOn: The number of audio connected devices 0
05-25 10:36:40.962  3992 18536 D HeadsetService: isScoOrCallActive(): Call Active:falseCall is Ringing:falseSCO is Active:false
05-25 10:36:40.962  3992 18536 E HeadsetStateMachine: returning mCurrentState as Disconnected
05-25 10:36:40.962  3992 18536 E HeadsetStateMachine: returning mCurrentState as Disconnected
05-25 10:36:40.962  3992 18536 D HeadsetService:  isAudioOn: The number of audio connected devices 0
05-25 10:36:40.962  3992 18536 I Avrcp_ext: updatePlayStatusForDevice: device: null
05-25 10:36:40.962  3992 18537 W Avrcp_ext: playState object null, sending STOPPED
05-25 10:36:40.962  3992 18536 V Avrcp_ext: updatePlaybackState (1): old=PlaybackState {state=PAUSED(2), position=-1, buffered position=0, speed=0.0, updated=1508368594, actions=0, custom actions=[], active item id=-1, error=null}(2), new=PlaybackState {state=PAUSED(2), position=-1, buffered position=0, speed=0.0, updated=1508390110, actions=0, custom actions=[], active item id=-1, error=null}(2)
05-25 10:36:40.962  3992 18536 I Avrcp_ext: Exit updatePlayStatusForDevice
05-25 10:36:40.962  3992 18536 E HeadsetStateMachine: returning mCurrentState as Disconnected
05-25 10:36:40.962  3992 18536 E HeadsetStateMachine: returning mCurrentState as Disconnected
05-25 10:36:40.962  3992 18536 D HeadsetService:  isAudioOn: The number of audio connected devices 0
05-25 10:36:40.962  3992 18536 D HeadsetService: isScoOrCallActive(): Call Active:falseCall is Ringing:falseSCO is Active:false
05-25 10:36:40.962  3992 18536 E HeadsetStateMachine: returning mCurrentState as Disconnected
05-25 10:36:40.962  3992 18536 E HeadsetStateMachine: returning mCurrentState as Disconnected
05-25 10:36:40.962  3992 18536 D HeadsetService:  isAudioOn: The number of audio connected devices 0
05-25 10:36:40.962  3992 18536 I Avrcp_ext: updatePlayStatusForDevice: device: null
05-25 10:36:40.962  3992 18536 V Avrcp_ext: updatePlaybackState (1): old=PlaybackState {state=PAUSED(2), position=-1, buffered position=0, speed=0.0, updated=1508368594, actions=0, custom actions=[], active item id=-1, error=null}(2), new=PlaybackState {state=PAUSED(2), position=-1, buffered position=0, speed=0.0, updated=1508390110, actions=0, custom actions=[], active item id=-1, error=null}(2)
05-25 10:36:40.962  3992 18536 I Avrcp_ext: Exit updatePlayStatusForDevice
05-25 10:36:40.962  3992 18536 D Avrcp_ext: Enter sendPlayPosNotificationRsp
05-25 10:36:40.962  3992 18536 D Avrcp_ext: sendPlayPosNotificationRsp: Not registered or requesting.
05-25 10:36:40.962  3992 18536 D Avrcp_ext: Enter sendPlayPosNotificationRsp
