05-25 10:36:40.962  3992 18536 D Avrcp_ext: sendPlayPosNotificationRsp: Not registered or requesting.
05-25 10:36:40.962  3992 18536 D Avrcp_ext: Enter sendPlayPosNotificationRsp
05-25 10:36:40.962  3992 18536 D Avrcp_ext: sendPlayPosNotificationRsp: Not registered or requesting.
05-25 10:36:40.962  3992 18536 D Avrcp_ext: Enter sendPlayPosNotificationRsp
05-25 10:36:40.962  3992 18536 D Avrcp_ext: sendPlayPosNotificationRsp: Not registered or requesting.
05-25 10:36:40.962  3992 18536 D Avrcp_ext: Enter sendPlayPosNotificationRsp
05-25 10:36:40.962  3992 18536 D Avrcp_ext: sendPlayPosNotificationRsp: Not registered or requesting.
05-25 10:36:40.962  3992 18536 V Avrcp_ext: Exit updatePlayerStateAndPosition
05-25 10:36:40.962  3992 18536 D APM: ActiveDeviceManagerServiceLegacy: getActiveAbsoluteDevice(): device: null
05-25 10:36:40.962  3992 18536 D APM: ActiveDeviceManagerServiceLegacy: isStableState(): true
05-25 10:36:40.962  3992 18536 D Avrcp_ext: isAdmStable = true activeAbsAddr = null device = null
05-25 10:36:40.963  3992 18536 V Avrcp_ext: updateCurrentMediaState: mMediaController: null
05-25 10:36:40.963  3992 18536 W Avrcp_ext: isMusicActive: false getBluetoothPlayState: 2 A2dp State: 11 mAudioPlaybackIsActive: false
05-25 10:36:40.963  3992 18536 W Avrcp_ext: updateCurrentMediaState: isPlaying = false
05-25 10:36:40.963  3992 18536 V Avrcp_ext: Media update: id -1➡-1? [MediaAttributes: none] : [MediaAttributes: none]
05-25 10:36:40.963  3992 18536 D Avrcp_ext: isPackageNameValid: browsedPackage = isValid = false
05-25 10:36:40.963  3992 18536 W Avrcp_ext: updateCurrentMediaState: isInactivePlayer = true
05-25 10:36:40.963  3992 18536 V Avrcp_ext: updatePlaybackState, state: PlaybackState {state=PAUSED(2), position=-1, buffered position=0, speed=0.0, updated=1508390111, actions=0, custom actions=[], active item id=-1, error=null} device: null
05-25 10:36:40.963  3992 18536 V Avrcp_ext: Device: no name: 
05-25 10:36:40.963  3992 18536 V Avrcp_ext: Device: no name: 
05-25 10:36:40.963  3992 18536 V Avrcp_ext: Device: no name: 
05-25 10:36:40.963  3992 18536 V Avrcp_ext: Device: no name: 
05-25 10:36:40.963  3992 18536 V Avrcp_ext: Device: no name: 
05-25 10:36:40.963  3992 18536 V Avrcp_ext: updatePlayerStateAndPosition, old=PlaybackState {state=PAUSED(2), position=-1, buffered position=0, speed=0.0, updated=1508390110, actions=0, custom actions=[], active item id=-1, error=null}, state=PlaybackState {state=PAUSED(2), position=-1, buffered position=0, speed=0.0, updated=1508390111, actions=0, custom actions=[], active item id=-1, error=null}
05-25 10:36:40.963  3992 18536 V Avrcp_ext: old state = PlaybackState {state=PAUSED(2), position=-1, buffered position=0, speed=0.0, updated=1508390110, actions=0, custom actions=[], active item id=-1, error=null}, new state= PlaybackState {state=PAUSED(2), position=-1, buffered position=0, speed=0.0, updated=1508390111, actions=0, custom actions=[], active item id=-1, error=null}
05-25 10:36:40.963  3992 18536 D HeadsetService: getHeadsetService(): returning com.android.bluetooth.hfp.HeadsetService@9390a13
05-25 10:36:40.963  3992 18536 E HeadsetStateMachine: returning mCurrentState as Disconnected
05-25 10:36:40.963  3992 18536 E HeadsetStateMachine: returning mCurrentState as Disconnected
05-25 10:36:40.963  3992 18536 D HeadsetService:  isAudioOn: The number of audio connected devices 0
05-25 10:36:40.963  3992 18536 D HeadsetService: isScoOrCallActive(): Call Active:falseCall is Ringing:falseSCO is Active:false
05-25 10:36:40.963  3992 18536 E HeadsetStateMachine: returning mCurrentState as Disconnected
05-25 10:36:40.963  3992 18536 E HeadsetStateMachine: returning mCurrentState as Disconnected
05-25 10:36:40.963  3992 18536 D HeadsetService:  isAudioOn: The number of audio connected devices 0
05-25 10:36:40.963  3992 18536 I Avrcp_ext: updatePlayStatusForDevice: device: null
05-25 10:36:40.963  3992 18536 V Avrcp_ext: updatePlaybackState (1): old=PlaybackState {state=PAUSED(2), position=-1, buffered position=0, speed=0.0, updated=1508390110, actions=0, custom actions=[], active item id=-1, error=null}(2), new=PlaybackState {state=PAUSED(2), position=-1, buffered position=0, speed=0.0, updated=1508390111, actions=0, custom actions=[], active item id=-1, error=null}(2)
05-25 10:36:40.963  3992 18536 I Avrcp_ext: Exit updatePlayStatusForDevice
05-25 10:36:40.963  3992 18536 E HeadsetStateMachine: returning mCurrentState as Disconnected
05-25 10:36:40.963  3992 18536 E HeadsetStateMachine: returning mCurrentState as Disconnected
05-25 10:36:40.963  3992 18536 D HeadsetService:  isAudioOn: The number of audio connected devices 0
05-25 10:36:40.963  3992 18536 D HeadsetService: isScoOrCallActive(): Call Active:falseCall is Ringing:falseSCO is Active:false
05-25 10:36:40.963  3992 18536 E HeadsetStateMachine: returning mCurrentState as Disconnected
05-25 10:36:40.963  3992 18536 E HeadsetStateMachine: returning mCurrentState as Disconnected
05-25 10:36:40.963  3992 18536 D HeadsetService:  isAudioOn: The number of audio connected devices 0
05-25 10:36:40.963  3992 18536 I Avrcp_ext: updatePlayStatusForDevice: device: null
05-25 10:36:40.963  3992 18536 V Avrcp_ext: updatePlaybackState (1): old=PlaybackState {state=PAUSED(2), position=-1, buffered position=0, speed=0.0, updated=1508390110, actions=0, custom actions=[], active item id=-1, error=null}(2), new=PlaybackState {state=PAUSED(2), position=-1, buffered position=0, speed=0.0, updated=1508390111, actions=0, custom actions=[], active item id=-1, error=null}(2)
05-25 10:36:40.963  3992 18536 I Avrcp_ext: Exit updatePlayStatusForDevice
05-25 10:36:40.963  3992 18536 E HeadsetStateMachine: returning mCurrentState as Disconnected
05-25 10:36:40.963  3992 18536 E HeadsetStateMachine: returning mCurrentState as Disconnected
05-25 10:36:40.963  3992 18536 D HeadsetService:  isAudioOn: The number of audio connected devices 0
05-25 10:36:40.963  3992 18536 D HeadsetService: isScoOrCallActive(): Call Active:falseCall is Ringing:falseSCO is Active:false
05-25 10:36:40.963  3992 18536 E HeadsetStateMachine: returning mCurrentState as Disconnected
05-25 10:36:40.963  3992 18536 E HeadsetStateMachine: returning mCurrentState as Disconnected
05-25 10:36:40.963  3992 18536 D HeadsetService:  isAudioOn: The number of audio connected devices 0
05-25 10:36:40.963  3992 18536 I Avrcp_ext: updatePlayStatusForDevice: device: null
05-25 10:36:40.963  3992 18536 V Avrcp_ext: updatePlaybackState (1): old=PlaybackState {state=PAUSED(2), position=-1, buffered position=0, speed=0.0, updated=1508390110, actions=0, custom actions=[], active item id=-1, error=null}(2), new=PlaybackState {state=PAUSED(2), position=-1, buffered position=0, speed=0.0, updated=1508390111, actions=0, custom actions=[], active item id=-1, error=null}(2)
05-25 10:36:40.963  3992 18536 I Avrcp_ext: Exit updatePlayStatusForDevice
05-25 10:36:40.963  3992 18536 E HeadsetStateMachine: returning mCurrentState as Disconnected
05-25 10:36:40.963  3992 18536 E HeadsetStateMachine: returning mCurrentState as Disconnected
05-25 10:36:40.963  3992 18536 D HeadsetService:  isAudioOn: The number of audio connected devices 0
05-25 10:36:40.963  3992 18536 D HeadsetService: isScoOrCallActive(): Call Active:falseCall is Ringing:falseSCO is Active:false
05-25 10:36:40.963  3992 18536 E HeadsetStateMachine: returning mCurrentState as Disconnected
05-25 10:36:40.963  3992 18536 E HeadsetStateMachine: returning mCurrentState as Disconnected
05-25 10:36:40.963  3992 18536 D HeadsetService:  isAudioOn: The number of audio connected devices 0
05-25 10:36:40.963  3992 18536 I Avrcp_ext: updatePlayStatusForDevice: device: null
05-25 10:36:40.963  3992 18536 V Avrcp_ext: updatePlaybackState (1): old=PlaybackState {state=PAUSED(2), position=-1, buffered position=0, speed=0.0, updated=1508390110, actions=0, custom actions=[], active item id=-1, error=null}(2), new=PlaybackState {state=PAUSED(2), position=-1, buffered position=0, speed=0.0, updated=1508390111, actions=0, custom actions=[], active item id=-1, error=null}(2)
05-25 10:36:40.963  3992 18536 I Avrcp_ext: Exit updatePlayStatusForDevice
05-25 10:36:40.963  3992 18536 E HeadsetStateMachine: returning mCurrentState as Disconnected
05-25 10:36:40.963  3992 18536 E HeadsetStateMachine: returning mCurrentState as Disconnected
05-25 10:36:40.963  3992 18536 D HeadsetService:  isAudioOn: The number of audio connected devices 0
05-25 10:36:40.963  3992 18536 D HeadsetService: isScoOrCallActive(): Call Active:falseCall is Ringing:falseSCO is Active:false
05-25 10:36:40.964  3992 18536 E HeadsetStateMachine: returning mCurrentState as Disconnected
05-25 10:36:40.964  3992 18536 E HeadsetStateMachine: returning mCurrentState as Disconnected
05-25 10:36:40.964  3992 18536 D HeadsetService:  isAudioOn: The number of audio connected devices 0
05-25 10:36:40.964  3992 18536 I Avrcp_ext: updatePlayStatusForDevice: device: null
05-25 10:36:40.964  3992 18536 V Avrcp_ext: updatePlaybackState (1): old=PlaybackState {state=PAUSED(2), position=-1, buffered position=0, speed=0.0, updated=1508390110, actions=0, custom actions=[], active item id=-1, error=null}(2), new=PlaybackState {state=PAUSED(2), position=-1, buffered position=0, speed=0.0, updated=1508390111, actions=0, custom actions=[], active item id=-1, error=null}(2)
05-25 10:36:40.964  3992 18536 I Avrcp_ext: Exit updatePlayStatusForDevice
05-25 10:36:40.964  3992 18536 D Avrcp_ext: Enter sendPlayPosNotificationRsp
05-25 10:36:40.964  3992 18536 D Avrcp_ext: sendPlayPosNotificationRsp: Not registered or requesting.
05-25 10:36:40.964  3992 18536 D Avrcp_ext: Enter sendPlayPosNotificationRsp
05-25 10:36:40.964  3992 18536 D Avrcp_ext: sendPlayPosNotificationRsp: Not registered or requesting.
05-25 10:36:40.964  3992 18536 D Avrcp_ext: Enter sendPlayPosNotificationRsp
05-25 10:36:40.964  3992 18536 D Avrcp_ext: sendPlayPosNotificationRsp: Not registered or requesting.
05-25 10:36:40.964  3992 18536 D Avrcp_ext: Enter sendPlayPosNotificationRsp
05-25 10:36:40.964  3992 18536 D Avrcp_ext: sendPlayPosNotificationRsp: Not registered or requesting.
05-25 10:36:40.964  3992 18536 D Avrcp_ext: Enter sendPlayPosNotificationRsp
05-25 10:36:40.964  3992 18536 D Avrcp_ext: sendPlayPosNotificationRsp: Not registered or requesting.
05-25 10:36:40.964  3992 18536 V Avrcp_ext: Exit updatePlayerStateAndPosition
05-25 10:36:40.964  3992 18536 D APM: ActiveDeviceManagerServiceLegacy: getActiveAbsoluteDevice(): device: null
05-25 10:36:40.964  3992 18536 D APM: ActiveDeviceManagerServiceLegacy: isStableState(): true
05-25 10:36:40.964  3992 18536 D Avrcp_ext: isAdmStable = true activeAbsAddr = null device = null
05-25 10:36:40.964  3992 18537 V Avrcp_ext: isBrowseSupported for com.deepeye.musicpro.debug: false
05-25 10:36:40.969  3992 18537 D Avrcp_ext: Adding media player info for com.deepeye.musicpro.debug with id 16
05-25 10:36:40.969  3992 18537 D Avrcp_ext: update #16:MediaPlayerInfo com.deepeye.musicpro.debug (as 'DeepEye Music Pro') Type = 1, SubType = 0, Status = 0 Feature Bits [40 41 42 44 45 47 48 58] Controller: MediaController (com.deepeye.musicpro.debug@4adbc9) null
05-25 10:36:40.970  3992 18537 I Avrcp_ext: onMediaKeyEventSessionChanged: token=com.deepeye.musicpro.debug
05-25 10:36:40.970  3992 18537 V APM: MediaControlManager: onPackageChanged
05-25 10:36:40.970  3992 18537 W McpService: updatePlayerName pkg com.deepeye.musicpro.debug removed false
05-25 10:36:40.970  3992 18537 D McpService: sending player change update
05-25 10:36:40.970  3992 18537 D McpService:  MediaControlPointOpcodeUpdate feature: 6175
05-25 10:36:40.970  3992 18537 D McpService:  PlayingOrderSupportedUpdate support: 1
05-25 10:36:40.970  3992 18537 D McpService:  MediaPlayerNameUpdate name: com.deepeye.musicpro.debug
05-25 10:36:40.970  3992 18605 V McpService: McsMessageHandler: received message=6
05-25 10:36:40.971  3992 18537 W Avrcp_ext: No package name for player (0 not valid)
05-25 10:36:40.971  3992 18605 V McpService: MEDIA_CONTROL_POINT_OPCODES_SUPPORTED_UPDATE msg: 6175
05-25 10:36:40.971  3992 18537 W Avrcp_ext: Changing addressed media session to com.deepeye.musicpro.debug
05-25 10:36:40.971  3992 18605 I bt_stack: [INFO:com_android_bluetooth_mcp.cpp(227)] mediaControlPointOpcodeSupportedNative
05-25 10:36:40.971  3992 18537 V Avrcp_ext: getMediaPlayerInfo: Found com.deepeye.musicpro.debug
05-25 10:36:40.971  3992 18605 I bt_stack: [INFO:btif_mcp.cc(93)] MediaControlPointOpcodeSupported: feature6175
05-25 10:36:40.971  3992 18605 V McpService: Exit handleMessage
05-25 10:36:40.972  3992  4648 I bt_stack: [INFO:bta_mcp_main.cc(445)] MediaControlPointOpcodeSupported
05-25 10:36:40.972  3992 18537 V Avrcp_ext: Set addressed #16 MediaPlayerInfo com.deepeye.musicpro.debug (as 'DeepEye Music Pro') Type = 1, SubType = 0, Status = 0 Feature Bits [40 41 42 44 45 47 48 58] Controller: MediaController (com.deepeye.musicpro.debug@4adbc9) null
05-25 10:36:40.972  3992  4648 I bt_stack: [INFO:bta_mcp_main.cc(895)] HandleMcsEvent   mcs handle event MCP_MEDIA_SUPPORTED_OPCODE_UPDATE
05-25 10:36:40.972  3992 18605 V McpService: McsMessageHandler: received message=13
05-25 10:36:40.972  3992  4648 I bt_stack: [INFO:bta_mcp_main.cc(1634)] HandleMcsEvent event to media handler MCP_NOTIFY_ALL
05-25 10:36:40.972  3992  4648 I bt_stack: [INFO:bta_mcp_main.cc(1645)] MediaStateInactiveHandler handle event MCP_NOTIFY_ALL in state MCP_STATE_INACTIVE
05-25 10:36:40.972  3992  4648 I bt_stack: [INFO:bta_mcp_main.cc(1653)] MediaStateInactiveHandler device: 0xb4000077a6cd7610
05-25 10:36:40.972  3992  4648 I bt_stack: [INFO:bta_mcp_main.cc(1654)] MediaStateInactiveHandler inactive mcs handle event MCP_NOTIFY_ALL
05-25 10:36:40.972  3992 18605 V McpService: PLAYING_ORDER_SUPPORT_UPDATE msg: 1
05-25 10:36:40.972  3992  4648 I bt_stack: [INFO:bta_mcp_main.cc(1657)] MediaStateInactiveHandler Notify all handle 48
05-25 10:36:40.972  3992 18605 I bt_stack: [INFO:com_android_bluetooth_mcp.cpp(379)] playingOrderNative
05-25 10:36:40.972  3992  4648 I bt_stack: [INFO:bta_mcp_main.cc(1663)] MediaStateInactiveHandler Number of devices to send the notification to: 0
05-25 10:36:40.972  3992 18537 V Avrcp_ext: updateNewIds: Addressed:0 to 16, Browse:-1 to -1
05-25 10:36:40.972  3992  4648 I bt_stack: [INFO:bta_mcp_main.cc(1667)] MediaStateInactiveHandler No device register for notification
05-25 10:36:40.972  3992  4648 I bt_stack: [INFO:bta_mcp_main.cc(1638)] HandleMcsEventfree rsp data
05-25 10:36:40.973  3992 18605 I bt_stack: [INFO:btif_mcp.cc(145)] PlayingOrder: value
05-25 10:36:40.973  3992 18537 D Avrcp_ext: updateCurrentController: null to MediaController (com.deepeye.musicpro.debug@4adbc9) Chaand Baaliyan – Aditya A. | Trending Song | Official Video, Sony Music India, null
05-25 10:36:40.973  3992  4648 I bt_stack: [INFO:bta_mcp_main.cc(501)] PlayingOrder
05-25 10:36:40.973  3992 18605 V McpService: Exit handleMessage
05-25 10:36:40.973  3992  4648 I bt_stack: [INFO:bta_mcp_main.cc(895)] HandleMcsEvent   mcs handle event MCP_PLAYING_ORDER_UPDATE
05-25 10:36:40.973  3992 18605 V McpService: McsMessageHandler: received message=8
05-25 10:36:40.973  3992  4648 I bt_stack: [INFO:bta_mcp_main.cc(1634)] HandleMcsEvent event to media handler MCP_NOTIFY_ALL
05-25 10:36:40.973  3992 18605 V McpService: MEDIA_PLAYER_NAME_UPDATE msg: com.deepeye.musicpro.debug
05-25 10:36:40.973  3992  4648 I bt_stack: [INFO:bta_mcp_main.cc(1645)] MediaStateInactiveHandler handle event MCP_NOTIFY_ALL in state MCP_STATE_INACTIVE
05-25 10:36:40.973  3992 18605 I bt_stack: [INFO:com_android_bluetooth_mcp.cpp(260)] mediaPlayerNameNative
05-25 10:36:40.973  3992  4648 I bt_stack: [INFO:bta_mcp_main.cc(1653)] MediaStateInactiveHandler device: 0xb4000077a6cd7610
05-25 10:36:40.974  3992 18605 I bt_stack: [INFO:btif_mcp.cc(83)] MediaPlayerName: namecom.deepeye.musicpro.debug
05-25 10:36:40.974  3992  4648 I bt_stack: [INFO:bta_mcp_main.cc(1654)] MediaStateInactiveHandler inactive mcs handle event MCP_NOTIFY_ALL
05-25 10:36:40.974  3992 18605 V McpService: Exit handleMessage
05-25 10:36:40.974  3992  4648 I bt_stack: [INFO:bta_mcp_main.cc(1657)] MediaStateInactiveHandler Notify all handle 71
05-25 10:36:40.974  3992 18605 V McpService: McsMessageHandler: received message=15
05-25 10:36:40.974  3992  4648 I bt_stack: [INFO:bta_mcp_main.cc(1663)] MediaStateInactiveHandler Number of devices to send the notification to: 0
05-25 10:36:40.974  3992 18605 V McpService: CONTENT_CONTROL_ID_UPDATE msg: 1
05-25 10:36:40.974  3992  4648 I bt_stack: [INFO:bta_mcp_main.cc(1667)] MediaStateInactiveHandler No device register for notification
05-25 10:36:40.974  3992 18537 V Avrcp_ext: updateCurrentMediaState: mMediaController: MediaController (com.deepeye.musicpro.debug@4adbc9) Chaand Baaliyan – Aditya A. | Trending Song | Official Video, Sony Music India, null
05-25 10:36:40.974  3992 18537 W Avrcp_ext: isMusicActive: false getBluetoothPlayState: 2 A2dp State: 11 mAudioPlaybackIsActive: false
05-25 10:36:40.974  3992 18605 I bt_stack: [INFO:com_android_bluetooth_mcp.cpp(391)] contentControlIdNative
05-25 10:36:40.974  3992  4648 I bt_stack: [INFO:bta_mcp_main.cc(1638)] HandleMcsEventfree rsp data
05-25 10:36:40.974  3992 18605 I bt_stack: [INFO:btif_mcp.cc(133)] ContentControlId: ccid
05-25 10:36:40.974  3992 18537 W Avrcp_ext: playState object null, sending STOPPED
05-25 10:36:40.974  3992 18537 D Avrcp_ext: isMusicActive = false mAudioPlaybackIsActive = false player state = null 
05-25 10:36:40.974  3992  4648 I bt_stack: [INFO:bta_mcp_main.cc(430)] MediaPlayerName
05-25 10:36:40.974  3992  4648 I bt_stack: [INFO:bta_mcp_main.cc(895)] HandleMcsEvent   mcs handle event MCP_MEDIA_PLAYER_NAME_UPDATE
05-25 10:36:40.974  3992 18537 D Avrcp_ext: overwrite album_artist :if album is blank
05-25 10:36:40.974  3992  4648 I bt_stack: [INFO:bta_mcp_main.cc(1634)] HandleMcsEvent event to media handler MCP_NOTIFY_ALL
05-25 10:36:40.975  3992  4648 I bt_stack: [INFO:bta_mcp_main.cc(1645)] MediaStateInactiveHandler handle event MCP_NOTIFY_ALL in state MCP_STATE_INACTIVE
05-25 10:36:40.975  3992  4648 I bt_stack: [INFO:bta_mcp_main.cc(1653)] MediaStateInactiveHandler device: 0xb4000077a6cd7610
05-25 10:36:40.975  3992 18537 I Avrcp_ext: Skipping update due to invalid playback state
05-25 10:36:40.975  3992 18537 W Avrcp_ext: updateCurrentMediaState: isInactivePlayer = true
05-25 10:36:40.975  3992 18537 V Avrcp_ext: updatePlaybackState, state: null device: null
05-25 10:36:40.975  3992  4648 I bt_stack: [INFO:bta_mcp_main.cc(1654)] MediaStateInactiveHandler inactive mcs handle event MCP_NOTIFY_ALL
05-25 10:36:40.975  3992 18537 V Avrcp_ext: Device: no name: 
05-25 10:36:40.975  3992 18605 V McpService: Exit handleMessage
05-25 10:36:40.975  3992 18537 V Avrcp_ext: Device: no name: 
05-25 10:36:40.975  3992 18537 V Avrcp_ext: Device: no name: 
05-25 10:36:40.975  3992 18537 V Avrcp_ext: Device: no name: 
05-25 10:36:40.975  3992 18537 V Avrcp_ext: Device: no name: 
05-25 10:36:40.975  3992  4648 I bt_stack: [INFO:bta_mcp_main.cc(1657)] MediaStateInactiveHandler Notify all handle 51
05-25 10:36:40.975  3992 18537 V Avrcp_ext: updatePlayerStateAndPosition, old=PlaybackState {state=PAUSED(2), position=-1, buffered position=0, speed=0.0, updated=1508390111, actions=0, custom actions=[], active item id=-1, error=null}, state=null
05-25 10:36:40.975  3992 18537 I Avrcp_ext: updatePlayerStateAndPosition: device: state = null
05-25 10:36:40.975  3992 18537 D APM: ActiveDeviceManagerServiceLegacy: getActiveAbsoluteDevice(): device: null
05-25 10:36:40.975  3992 18537 D APM: ActiveDeviceManagerServiceLegacy: isStableState(): true
05-25 10:36:40.975  3992 18537 D Avrcp_ext: isAdmStable = true activeAbsAddr = null device = null
05-25 10:36:40.975  3992  4648 I bt_stack: [INFO:bta_mcp_main.cc(1663)] MediaStateInactiveHandler Number of devices to send the notification to: 0
05-25 10:36:40.975  3992  4648 I bt_stack: [INFO:bta_mcp_main.cc(1667)] MediaStateInactiveHandler No device register for notification
05-25 10:36:40.975  3992  4648 I bt_stack: [INFO:bta_mcp_main.cc(1638)] HandleMcsEventfree rsp data
05-25 10:36:40.975  3992  4648 I bt_stack: [INFO:bta_mcp_main.cc(508)] ContentControlId
05-25 10:36:40.975  3992  4648 I bt_stack: [INFO:bta_mcp_main.cc(895)] HandleMcsEvent   mcs handle event MCP_CCID_UPDATE
05-25 10:36:40.976  3992  4648 I bt_stack: [INFO:bta_mcp_main.cc(1634)] HandleMcsEvent event to media handler MCP_NOTIFY_ALL
05-25 10:36:40.976  3992  4648 I bt_stack: [INFO:bta_mcp_main.cc(1645)] MediaStateInactiveHandler handle event MCP_NOTIFY_ALL in state MCP_STATE_INACTIVE
05-25 10:36:40.976  3992 18537 V Avrcp_ext: updateCurrentMediaState: mMediaController: MediaController (com.deepeye.musicpro.debug@4adbc9) Chaand Baaliyan – Aditya A. | Trending Song | Official Video, Sony Music India, null
05-25 10:36:40.976  3992  4648 I bt_stack: [INFO:bta_mcp_main.cc(1653)] MediaStateInactiveHandler device: 0xb4000077a6cd7610
05-25 10:36:40.976  3992 18537 W Avrcp_ext: isMusicActive: false getBluetoothPlayState: 2 A2dp State: 11 mAudioPlaybackIsActive: false
05-25 10:36:40.976  3992  4648 I bt_stack: [INFO:bta_mcp_main.cc(1654)] MediaStateInactiveHandler inactive mcs handle event MCP_NOTIFY_ALL
05-25 10:36:40.976  3992  4648 I bt_stack: [INFO:bta_mcp_main.cc(1657)] MediaStateInactiveHandler Notify all handle 74
05-25 10:36:40.976  3992  4648 I bt_stack: [INFO:bta_mcp_main.cc(1663)] MediaStateInactiveHandler Number of devices to send the notification to: 0
05-25 10:36:40.976  3992 18537 W Avrcp_ext: playState object null, sending STOPPED
05-25 10:36:40.976  3992  4648 I bt_stack: [INFO:bta_mcp_main.cc(1667)] MediaStateInactiveHandler No device register for notification
05-25 10:36:40.976  3992 18537 D Avrcp_ext: isMusicActive = false mAudioPlaybackIsActive = false player state = null 
05-25 10:36:40.976  3992  4648 I bt_stack: [INFO:bta_mcp_main.cc(1638)] HandleMcsEventfree rsp data
05-25 10:36:40.976  3992 18537 D Avrcp_ext: overwrite album_artist :if album is blank
05-25 10:36:40.976  3992 18537 I Avrcp_ext: Skipping update due to invalid playback state
05-25 10:36:40.976  3992 18537 W Avrcp_ext: updateCurrentMediaState: isInactivePlayer = true
05-25 10:36:40.976  3992 18537 V Avrcp_ext: updatePlaybackState, state: null device: null
05-25 10:36:40.976  3992 18537 V Avrcp_ext: Device: no name: 
05-25 10:36:40.976  3992 18537 V Avrcp_ext: Device: no name: 
05-25 10:36:40.976  3992 18537 V Avrcp_ext: Device: no name: 
05-25 10:36:40.976  3992 18537 V Avrcp_ext: Device: no name: 
05-25 10:36:40.976  3992 18537 V Avrcp_ext: Device: no name: 
05-25 10:36:40.976  3992 18537 V Avrcp_ext: updatePlayerStateAndPosition, old=PlaybackState {state=PAUSED(2), position=-1, buffered position=0, speed=0.0, updated=1508390111, actions=0, custom actions=[], active item id=-1, error=null}, state=null
05-25 10:36:40.976  3992 18537 I Avrcp_ext: updatePlayerStateAndPosition: device: state = null
05-25 10:36:40.976  3992 18537 D APM: ActiveDeviceManagerServiceLegacy: getActiveAbsoluteDevice(): device: null
05-25 10:36:40.976  3992 18537 D APM: ActiveDeviceManagerServiceLegacy: isStableState(): true
05-25 10:36:40.976  3992 18537 D Avrcp_ext: isAdmStable = true activeAbsAddr = null device = null
05-25 10:36:40.977  3077  7763 I MediaSessionStack: onPlaybackStateChanged - Pushing session to top | record: com.deepeye.musicpro.debug/androidx.media3.session.id. (userId=0)
05-25 10:36:40.977  3992 18536 V Avrcp_ext: onPlaybackStateChanged: state PlaybackState {state=PLAYING(3), position=0, buffered position=0, speed=1.0, updated=1508390125, actions=7339703, custom actions=[], active item id=0, error=null}
05-25 10:36:40.978  3992 18536 V APM: MediaControlManager: onPlaybackStateChanged
05-25 10:36:40.978  3992 18536 W McpService: updatePlaybackState state PlaybackState {state=PLAYING(3), position=0, buffered position=0, speed=1.0, updated=1508390125, actions=7339703, custom actions=[], active item id=0, error=null}
05-25 10:36:40.978  3992 18536 W McpService: updatePlaybackState mState: 0 state: 1
05-25 10:36:40.978  3992 18605 V McpService: McsMessageHandler: received message=5
05-25 10:36:40.978  3992 18605 V McpService: MEDIA_STATE_UPDATE msg: 1
05-25 10:36:40.979  3992 18605 I bt_stack: [INFO:com_android_bluetooth_mcp.cpp(249)] mediaStateNative
05-25 10:36:40.979  3992 18605 I bt_stack: [INFO:btif_mcp.cc(77)] MediaState: state 
05-25 10:36:40.979  7709  7709 D MotoMediaSessionUtils: onActiveSessionsChanged - controllers size: 1 mActiveControllers size: 0
05-25 10:36:40.979  3992 18605 V McpService: Exit handleMessage
05-25 10:36:40.979  3992  4648 I bt_stack: [INFO:bta_mcp_main.cc(423)] MediaState state: 1
05-25 10:36:40.979  3992 18536 V Avrcp_ext: updateCurrentMediaState: mMediaController: MediaController (com.deepeye.musicpro.debug@4adbc9) Chaand Baaliyan – Aditya A. | Trending Song | Official Video, Sony Music India, null
05-25 10:36:40.979  3992 18536 W Avrcp_ext: isMusicActive: false getBluetoothPlayState: 2 A2dp State: 11 mAudioPlaybackIsActive: false
05-25 10:36:40.979  3992  4648 I bt_stack: [INFO:bta_mcp_main.cc(895)] HandleMcsEvent   mcs handle event MCP_MEDIA_STATE_UPDATE
05-25 10:36:40.979  3992  4648 I bt_stack: [INFO:bta_mcp_main.cc(1459)] HandleMcsEvent state: 1
05-25 10:36:40.979  3992  4648 I bt_stack: [INFO:bta_mcp_main.cc(1634)] HandleMcsEvent event to media handler MCP_NOTIFY_ALL
05-25 10:36:40.979  3992  4648 I bt_stack: [INFO:bta_mcp_main.cc(1989)] MediaStatePlayingHandler handle event MCP_NOTIFY_ALL in state MCP_STATE_PLAYING
05-25 10:36:40.979  3992  4648 I bt_stack: [INFO:bta_mcp_main.cc(1997)] MediaStatePlayingHandler device: 0xb4000077a6cd7610
05-25 10:36:40.979  3992  4648 I bt_stack: [INFO:bta_mcp_main.cc(2000)] MediaStatePlayingHandler Notify all handle 45
05-25 10:36:40.979  3992  4648 I bt_stack: [INFO:bta_mcp_main.cc(2006)] MediaStatePlayingHandler Number of devices to send the notification to: 0
05-25 10:36:40.979  3992  4648 I bt_stack: [INFO:bta_mcp_main.cc(2010)] MediaStatePlayingHandler No device register for notification
05-25 10:36:40.979  3992  4648 I bt_stack: [INFO:bta_mcp_main.cc(1638)] HandleMcsEventfree rsp data
05-25 10:36:40.979  3992 18536 D Avrcp_ext: isMusicActive = false mAudioPlaybackIsActive = false player state = PlaybackState {state=PLAYING(3), position=0, buffered position=0, speed=1.0, updated=1508390127, actions=7339703, custom actions=[], active item id=0, error=null}
05-25 10:36:40.979  7361  7361 E AudioSessionManager: attachToPlayer called with player: androidx.media3.exoplayer.ExoPlayerImpl@42eb09b
05-25 10:36:40.980  7361  7361 I AudioSessionManager: Attached to ExoPlayer as AnalyticsListener, initial session: 42169
05-25 10:36:40.980  3992 18536 D Avrcp_ext: overwrite album_artist :if album is blank
05-25 10:36:40.980  7709  7709 D MotoMediaSessionUtils: Final controllers count: 1
05-25 10:36:40.980  3992 18605 V McpService: McsMessageHandler: received message=11
05-25 10:36:40.980  3992 18605 V McpService: TRACK_POSITION_UPDATE msg: 0
05-25 10:36:40.980  3992 18536 V Avrcp_ext: Media update: id -1➡0? [MediaAttributes: C⋯o -  by S⋯a (0 0/0) - ] : [MediaAttributes: none]
05-25 10:36:40.980  3992 18605 I bt_stack: [INFO:com_android_bluetooth_mcp.cpp(287)] trackPositionNative
05-25 10:36:40.980  3992 18536 D Avrcp_ext: isPackageNameValid: browsedPackage = com.deepeye.musicpro.debugisValid = true
05-25 10:36:40.980  3992 18605 I bt_stack: [INFO:btif_mcp.cc(121)] TrackPosition: position0
05-25 10:36:40.980  3992 18605 V McpService: Exit handleMessage
05-25 10:36:40.980  3992  4648 I bt_stack: [INFO:bta_mcp_main.cc(487)] TrackPosition
05-25 10:36:40.980  3992  4648 I bt_stack: [INFO:bta_mcp_main.cc(895)] HandleMcsEvent   mcs handle event MCP_TRACK_POSITION_UPDATE
05-25 10:36:40.980  3992  4648 I bt_stack: [INFO:bta_mcp_main.cc(1634)] HandleMcsEvent event to media handler MCP_NOTIFY_ALL
05-25 10:36:40.980  3992 18536 V Avrcp_ext: isBrowseSupported for com.deepeye.musicpro.debug: false
05-25 10:36:40.980  3992 18536 V Avrcp_ext: Send track changed
05-25 10:36:40.981  3992  4648 I bt_stack: [INFO:bta_mcp_main.cc(1989)] MediaStatePlayingHandler handle event MCP_NOTIFY_ALL in state MCP_STATE_PLAYING
05-25 10:36:40.981  3992  4648 I bt_stack: [INFO:bta_mcp_main.cc(1997)] MediaStatePlayingHandler device: 0xb4000077a6cd7610
05-25 10:36:40.981  3992  4648 I bt_stack: [INFO:bta_mcp_main.cc(2000)] MediaStatePlayingHandler Notify all handle 66
05-25 10:36:40.981  3992 18536 W Avrcp_ext: updateCurrentMediaState: isInactivePlayer = false
05-25 10:36:40.981  3992  4648 I bt_stack: [INFO:bta_mcp_main.cc(2006)] MediaStatePlayingHandler Number of devices to send the notification to: 0
05-25 10:36:40.981  3992 18536 V Avrcp_ext: updatePlaybackState, state: PlaybackState {state=PLAYING(3), position=0, buffered position=0, speed=1.0, updated=1508390127, actions=7339703, custom actions=[], active item id=0, error=null} device: null
05-25 10:36:40.981  3992  4648 I bt_stack: [INFO:bta_mcp_main.cc(2010)] MediaStatePlayingHandler No device register for notification
05-25 10:36:40.981  3992  4648 I bt_stack: [INFO:bta_mcp_main.cc(1638)] HandleMcsEventfree rsp data
05-25 10:36:40.981  3992 18536 V Avrcp_ext: Device: no name: 
05-25 10:36:40.981  3992 18536 V Avrcp_ext: Device: no name: 
05-25 10:36:40.981  3992 18536 V Avrcp_ext: Device: no name: 
05-25 10:36:40.981  3992 18536 V Avrcp_ext: Device: no name: 
05-25 10:36:40.981  3992 18536 V Avrcp_ext: Device: no name: 
05-25 10:36:40.981  3992 18536 V Avrcp_ext: updatePlayerStateAndPosition, old=PlaybackState {state=PAUSED(2), position=-1, buffered position=0, speed=0.0, updated=1508390111, actions=0, custom actions=[], active item id=-1, error=null}, state=PlaybackState {state=PLAYING(3), position=0, buffered position=0, speed=1.0, updated=1508390127, actions=7339703, custom actions=[], active item id=0, error=null}
05-25 10:36:40.981  3992 18536 V Avrcp_ext: old state = PlaybackState {state=PAUSED(2), position=-1, buffered position=0, speed=0.0, updated=1508390111, actions=0, custom actions=[], active item id=-1, error=null}, new state= PlaybackState {state=PLAYING(3), position=0, buffered position=0, speed=1.0, updated=1508390127, actions=7339703, custom actions=[], active item id=0, error=null}
05-25 10:36:40.981  3992 18536 D HeadsetService: getHeadsetService(): returning com.android.bluetooth.hfp.HeadsetService@9390a13
05-25 10:36:40.981  3992 18536 E HeadsetStateMachine: returning mCurrentState as Disconnected
05-25 10:36:40.981  3992 18536 E HeadsetStateMachine: returning mCurrentState as Disconnected
05-25 10:36:40.981  3992 18536 D HeadsetService:  isAudioOn: The number of audio connected devices 0
05-25 10:36:40.982  3992 18536 D HeadsetService: isScoOrCallActive(): Call Active:falseCall is Ringing:falseSCO is Active:false
05-25 10:36:40.982  3992 18536 E HeadsetStateMachine: returning mCurrentState as Disconnected
05-25 10:36:40.982  3992 18536 E HeadsetStateMachine: returning mCurrentState as Disconnected
05-25 10:36:40.982  3992 18536 D HeadsetService:  isAudioOn: The number of audio connected devices 0
05-25 10:36:40.982  3992 18536 V Avrcp_ext: isPlayStateTobeUpdated: device: null
05-25 10:36:40.982  3992 18536 V Avrcp_ext: Single connection exists
05-25 10:36:40.982  3992 18536 E HeadsetStateMachine: returning mCurrentState as Disconnected
05-25 10:36:40.982  3992 18536 E HeadsetStateMachine: returning mCurrentState as Disconnected
05-25 10:36:40.982  3992 18536 D HeadsetService:  isAudioOn: The number of audio connected devices 0
05-25 10:36:40.982  3992 18536 D HeadsetService: isScoOrCallActive(): Call Active:falseCall is Ringing:falseSCO is Active:false
05-25 10:36:40.982  3992 18536 E HeadsetStateMachine: returning mCurrentState as Disconnected
05-25 10:36:40.982  3992 18536 E HeadsetStateMachine: returning mCurrentState as Disconnected
05-25 10:36:40.983  3992 18536 D HeadsetService:  isAudioOn: The number of audio connected devices 0
05-25 10:36:40.983  3992 18536 V Avrcp_ext: isPlayStateTobeUpdated: device: null
05-25 10:36:40.983  3992 18536 V Avrcp_ext: Single connection exists
05-25 10:36:40.983  3992 18536 E HeadsetStateMachine: returning mCurrentState as Disconnected
05-25 10:36:40.983  3992 18536 E HeadsetStateMachine: returning mCurrentState as Disconnected
05-25 10:36:40.983  3992 18536 D HeadsetService:  isAudioOn: The number of audio connected devices 0
05-25 10:36:40.983  3992 18536 D HeadsetService: isScoOrCallActive(): Call Active:falseCall is Ringing:falseSCO is Active:false
05-25 10:36:40.983  3992 18536 E HeadsetStateMachine: returning mCurrentState as Disconnected
05-25 10:36:40.983  3992 18536 E HeadsetStateMachine: returning mCurrentState as Disconnected
05-25 10:36:40.983  3992 18536 D HeadsetService:  isAudioOn: The number of audio connected devices 0
05-25 10:36:40.984  3992 18536 V Avrcp_ext: isPlayStateTobeUpdated: device: null
05-25 10:36:40.984  3992 18536 V Avrcp_ext: Single connection exists
05-25 10:36:40.984  3992 18536 E HeadsetStateMachine: returning mCurrentState as Disconnected
05-25 10:36:40.984  3992 18536 E HeadsetStateMachine: returning mCurrentState as Disconnected
05-25 10:36:40.984  3992 18536 D HeadsetService:  isAudioOn: The number of audio connected devices 0
05-25 10:36:40.984  3992 18536 D HeadsetService: isScoOrCallActive(): Call Active:falseCall is Ringing:falseSCO is Active:false
05-25 10:36:40.984  3992 18536 E HeadsetStateMachine: returning mCurrentState as Disconnected
05-25 10:36:40.984  3992 18536 E HeadsetStateMachine: returning mCurrentState as Disconnected
05-25 10:36:40.984  3992 18536 D HeadsetService:  isAudioOn: The number of audio connected devices 0
05-25 10:36:40.984  3992 18536 V Avrcp_ext: isPlayStateTobeUpdated: device: null
05-25 10:36:40.984  3992 18536 V Avrcp_ext: Single connection exists
05-25 10:36:40.985  3992 18536 E HeadsetStateMachine: returning mCurrentState as Disconnected
05-25 10:36:40.985  3992 18536 E HeadsetStateMachine: returning mCurrentState as Disconnected
05-25 10:36:40.985  3992 18536 D HeadsetService:  isAudioOn: The number of audio connected devices 0
05-25 10:36:40.985  3992 18536 D HeadsetService: isScoOrCallActive(): Call Active:falseCall is Ringing:falseSCO is Active:false
05-25 10:36:40.985  3992 18536 E HeadsetStateMachine: returning mCurrentState as Disconnected
05-25 10:36:40.985  3992 18536 E HeadsetStateMachine: returning mCurrentState as Disconnected
05-25 10:36:40.985  3992 18536 D HeadsetService:  isAudioOn: The number of audio connected devices 0
05-25 10:36:40.985  3992 18536 V Avrcp_ext: isPlayStateTobeUpdated: device: null
05-25 10:36:40.985  3992 18536 V Avrcp_ext: Single connection exists
05-25 10:36:40.985  3992 18536 I Avrcp_ext: No active device found, update playstate to stack
05-25 10:36:40.985  3992 18536 E BluetoothAvrcpServiceJni: updatePlayStatusToStack
05-25 10:36:40.985  3992 18536 E bt_btif : update_play_status_to_stack:invalid index,remote suspend not set
05-25 10:36:40.985  3992 18536 E BluetoothAvrcpServiceJni: updatePlayStatusToStack: status: 1
05-25 10:36:40.985  3992 18536 D Avrcp_ext: Enter sendPlayPosNotificationRsp
05-25 10:36:40.986  3992 18536 D Avrcp_ext: sendPlayPosNotificationRsp: Not registered or requesting.
05-25 10:36:40.986  3992 18536 D Avrcp_ext: Enter sendPlayPosNotificationRsp
05-25 10:36:40.986  3992 18536 D Avrcp_ext: sendPlayPosNotificationRsp: Not registered or requesting.
05-25 10:36:40.986  3992 18536 D Avrcp_ext: Enter sendPlayPosNotificationRsp
05-25 10:36:40.986  3992 18536 D Avrcp_ext: sendPlayPosNotificationRsp: Not registered or requesting.
05-25 10:36:40.986  3992 18536 D Avrcp_ext: Enter sendPlayPosNotificationRsp
05-25 10:36:40.986  3992 18536 D Avrcp_ext: sendPlayPosNotificationRsp: Not registered or requesting.
05-25 10:36:40.986  3992 18536 D Avrcp_ext: Enter sendPlayPosNotificationRsp
05-25 10:36:40.986  3992 18536 D Avrcp_ext: sendPlayPosNotificationRsp: Not registered or requesting.
05-25 10:36:40.986  3992 18536 V Avrcp_ext: Exit updatePlayerStateAndPosition
05-25 10:36:40.986  3992 18536 D APM: ActiveDeviceManagerServiceLegacy: getActiveAbsoluteDevice(): device: null
05-25 10:36:40.986  3992 18536 D APM: ActiveDeviceManagerServiceLegacy: isStableState(): true
05-25 10:36:40.986  3992 18536 D Avrcp_ext: isAdmStable = true activeAbsAddr = null device = null
05-25 10:36:40.986  3992 18536 V APM: MediaControlManager: onPlaybackStateChanged
05-25 10:36:40.986  3992 18536 W McpService: updatePlaybackState state PlaybackState {state=PLAYING(3), position=0, buffered position=0, speed=1.0, updated=1508390127, actions=7339703, custom actions=[], active item id=0, error=null}
05-25 10:36:40.987  3992 18536 W McpService: updatePlaybackState mState: 1 state: 1
05-25 10:36:40.987  3992 18536 W Avrcp_ext: updated player state = PlaybackState {state=PLAYING(3), position=0, buffered position=0, speed=1.0, updated=1508390127, actions=7339703, custom actions=[], active item id=0, error=null}to MCP module also
05-25 10:36:40.987  3992 18536 V Avrcp_ext:  Exit onPlaybackStateChanged
05-25 10:36:40.987  3992 18536 D HeadsetService: getHeadsetService(): returning com.android.bluetooth.hfp.HeadsetService@9390a13
05-25 10:36:40.987  3992 18536 E HeadsetStateMachine: returning mCurrentState as Disconnected
05-25 10:36:40.987  3992 18536 E HeadsetStateMachine: returning mCurrentState as Disconnected
05-25 10:36:40.987  3992 18536 D HeadsetService:  isAudioOn: The number of audio connected devices 0
05-25 10:36:40.987  3992 18536 D HeadsetService: isScoOrCallActive(): Call Active:falseCall is Ringing:falseSCO is Active:false
05-25 10:36:40.987  3992 18536 E HeadsetStateMachine: returning mCurrentState as Disconnected
05-25 10:36:40.987  3992 18536 E HeadsetStateMachine: returning mCurrentState as Disconnected
05-25 10:36:40.987  3992 18536 D HeadsetService:  isAudioOn: The number of audio connected devices 0
05-25 10:36:40.987  3992 18536 V Avrcp_ext: ActiveSession: MediaController (com.deepeye.musicpro.debug@54d02ce) Chaand Baaliyan – Aditya A. | Trending Song | Official Video, Sony Music India, null
05-25 10:36:40.987  3992 18536 V Avrcp_ext: isBrowseSupported for com.deepeye.musicpro.debug: false
05-25 10:36:40.988  3992 18536 D Avrcp_ext: Adding media player info for com.deepeye.musicpro.debug with id 16
05-25 10:36:40.988  3992 18536 D Avrcp_ext: update #16:MediaPlayerInfo com.deepeye.musicpro.debug (as 'DeepEye Music Pro') Type = 1, SubType = 0, Status = 1 Feature Bits [40 41 42 44 45 47 48 58] Controller: MediaController (com.deepeye.musicpro.debug@54d02ce) Chaand Baaliyan – Aditya A. | Trending Song | Official Video, Sony Music India, null
05-25 10:36:40.988  3992 18536 V Avrcp_ext: updateNewIds: Addressed:16 to 16, Browse:-1 to -1
05-25 10:36:40.988  3992 18536 D Avrcp_ext: updateCurrentController: MediaController (com.deepeye.musicpro.debug@4adbc9) Chaand Baaliyan – Aditya A. | Trending Song | Official Video, Sony Music India, null to MediaController (com.deepeye.musicpro.debug@54d02ce) Chaand Baaliyan – Aditya A. | Trending Song | Official Video, Sony Music India, null
05-25 10:36:40.989  3992 18536 V Avrcp_ext: updateCurrentMediaState: mMediaController: MediaController (com.deepeye.musicpro.debug@54d02ce) Chaand Baaliyan – Aditya A. | Trending Song | Official Video, Sony Music India, null
05-25 10:36:40.989  3992 18536 W Avrcp_ext: isMusicActive: false getBluetoothPlayState: 1 A2dp State: 11 mAudioPlaybackIsActive: false
05-25 10:36:40.989  3992 18536 D Avrcp_ext: isMusicActive = false mAudioPlaybackIsActive = false player state = PlaybackState {state=PLAYING(3), position=11, buffered position=0, speed=1.0, updated=1508390138, actions=7339703, custom actions=[], active item id=0, error=null}
05-25 10:36:40.990  3992 18536 D Avrcp_ext: overwrite album_artist :if album is blank
05-25 10:36:40.990  3992 18536 V Avrcp_ext: Media update: id 0➡0? [MediaAttributes: C⋯o -  by S⋯a (0 0/0) - ] : [MediaAttributes: C⋯o -  by S⋯a (0 0/0) - ]
05-25 10:36:40.990  3992 18536 D Avrcp_ext: isPackageNameValid: browsedPackage = com.deepeye.musicpro.debugisValid = true
05-25 10:36:40.990  3992 18536 V Avrcp_ext: isBrowseSupported for com.deepeye.musicpro.debug: false
05-25 10:36:40.990  3992 18536 W Avrcp_ext: updateCurrentMediaState: isInactivePlayer = false
05-25 10:36:40.990  3992 18536 V Avrcp_ext: updatePlaybackState, state: PlaybackState {state=PLAYING(3), position=11, buffered position=0, speed=1.0, updated=1508390138, actions=7339703, custom actions=[], active item id=0, error=null} device: null
05-25 10:36:40.990  3992 18536 V Avrcp_ext: Device: no name: 
05-25 10:36:40.990  3992 18536 V Avrcp_ext: Device: no name: 
05-25 10:36:40.990  3992 18536 V Avrcp_ext: Device: no name: 
05-25 10:36:40.990  3992 18536 V Avrcp_ext: Device: no name: 
05-25 10:36:40.990  3992 18536 V Avrcp_ext: Device: no name: 
05-25 10:36:40.990  3992 18536 V Avrcp_ext: updatePlayerStateAndPosition, old=PlaybackState {state=PLAYING(3), position=0, buffered position=0, speed=1.0, updated=1508390127, actions=7339703, custom actions=[], active item id=0, error=null}, state=PlaybackState {state=PLAYING(3), position=11, buffered position=0, speed=1.0, updated=1508390138, actions=7339703, custom actions=[], active item id=0, error=null}
05-25 10:36:40.990  3992 18536 V Avrcp_ext: old state = PlaybackState {state=PLAYING(3), position=0, buffered position=0, speed=1.0, updated=1508390127, actions=7339703, custom actions=[], active item id=0, error=null}, new state= PlaybackState {state=PLAYING(3), position=11, buffered position=0, speed=1.0, updated=1508390138, actions=7339703, custom actions=[], active item id=0, error=null}
05-25 10:36:40.990  3992 18536 D HeadsetService: getHeadsetService(): returning com.android.bluetooth.hfp.HeadsetService@9390a13
05-25 10:36:40.990  3992 18536 E HeadsetStateMachine: returning mCurrentState as Disconnected
05-25 10:36:40.990  3992 18536 E HeadsetStateMachine: returning mCurrentState as Disconnected
05-25 10:36:40.990  3992 18536 D HeadsetService:  isAudioOn: The number of audio connected devices 0
05-25 10:36:40.990  3992 18536 D HeadsetService: isScoOrCallActive(): Call Active:falseCall is Ringing:falseSCO is Active:false
05-25 10:36:40.990  3992 18536 E HeadsetStateMachine: returning mCurrentState as Disconnected
05-25 10:36:40.990  3992 18536 E HeadsetStateMachine: returning mCurrentState as Disconnected
05-25 10:36:40.990  3992 18536 D HeadsetService:  isAudioOn: The number of audio connected devices 0
05-25 10:36:40.990  3992 18536 V Avrcp_ext: isPlayStateTobeUpdated: device: null
05-25 10:36:40.990  3992 18536 V Avrcp_ext: Single connection exists
05-25 10:36:40.990  3992 18536 E HeadsetStateMachine: returning mCurrentState as Disconnected
05-25 10:36:40.990  3992 18536 E HeadsetStateMachine: returning mCurrentState as Disconnected
05-25 10:36:40.990  3992 18536 D HeadsetService:  isAudioOn: The number of audio connected devices 0
05-25 10:36:40.990  3992 18536 D HeadsetService: isScoOrCallActive(): Call Active:falseCall is Ringing:falseSCO is Active:false
05-25 10:36:40.990  3992 18536 E HeadsetStateMachine: returning mCurrentState as Disconnected
05-25 10:36:40.990  3992 18536 E HeadsetStateMachine: returning mCurrentState as Disconnected
05-25 10:36:40.990  3992 18536 D HeadsetService:  isAudioOn: The number of audio connected devices 0
05-25 10:36:40.990  3992 18536 V Avrcp_ext: isPlayStateTobeUpdated: device: null
05-25 10:36:40.990  3992 18536 V Avrcp_ext: Single connection exists
05-25 10:36:40.990  3992 18536 E HeadsetStateMachine: returning mCurrentState as Disconnected
05-25 10:36:40.990  3992 18536 E HeadsetStateMachine: returning mCurrentState as Disconnected
05-25 10:36:40.990  3992 18536 D HeadsetService:  isAudioOn: The number of audio connected devices 0
05-25 10:36:40.990  3992 18536 D HeadsetService: isScoOrCallActive(): Call Active:falseCall is Ringing:falseSCO is Active:false
05-25 10:36:40.990  3992 18536 E HeadsetStateMachine: returning mCurrentState as Disconnected
05-25 10:36:40.990  3992 18536 E HeadsetStateMachine: returning mCurrentState as Disconnected
05-25 10:36:40.990  3992 18536 D HeadsetService:  isAudioOn: The number of audio connected devices 0
05-25 10:36:40.991  3992 18536 V Avrcp_ext: isPlayStateTobeUpdated: device: null
05-25 10:36:40.991  3992 18536 V Avrcp_ext: Single connection exists
05-25 10:36:40.991  3992 18536 E HeadsetStateMachine: returning mCurrentState as Disconnected
05-25 10:36:40.991  3992 18536 E HeadsetStateMachine: returning mCurrentState as Disconnected
05-25 10:36:40.991  3992 18536 D HeadsetService:  isAudioOn: The number of audio connected devices 0
05-25 10:36:40.991  3992 18536 D HeadsetService: isScoOrCallActive(): Call Active:falseCall is Ringing:falseSCO is Active:false
05-25 10:36:40.991  3992 18536 E HeadsetStateMachine: returning mCurrentState as Disconnected
05-25 10:36:40.991  3992 18536 E HeadsetStateMachine: returning mCurrentState as Disconnected
05-25 10:36:40.991  3992 18536 D HeadsetService:  isAudioOn: The number of audio connected devices 0
05-25 10:36:40.991  3992 18536 V Avrcp_ext: isPlayStateTobeUpdated: device: null
05-25 10:36:40.991  3992 18536 V Avrcp_ext: Single connection exists
05-25 10:36:40.991  3992 18536 E HeadsetStateMachine: returning mCurrentState as Disconnected
05-25 10:36:40.991  3992 18536 E HeadsetStateMachine: returning mCurrentState as Disconnected
05-25 10:36:40.991  3992 18536 D HeadsetService:  isAudioOn: The number of audio connected devices 0
05-25 10:36:40.991  3992 18536 D HeadsetService: isScoOrCallActive(): Call Active:falseCall is Ringing:falseSCO is Active:false
05-25 10:36:40.991  3992 18536 E HeadsetStateMachine: returning mCurrentState as Disconnected
05-25 10:36:40.991  3992 18536 E HeadsetStateMachine: returning mCurrentState as Disconnected
05-25 10:36:40.991  3992 18536 D HeadsetService:  isAudioOn: The number of audio connected devices 0
05-25 10:36:40.991  3992 18536 V Avrcp_ext: isPlayStateTobeUpdated: device: null
05-25 10:36:40.991  3992 18536 V Avrcp_ext: Single connection exists
05-25 10:36:40.991  3992 18536 D Avrcp_ext: Enter sendPlayPosNotificationRsp
05-25 10:36:40.991  3992 18536 D Avrcp_ext: sendPlayPosNotificationRsp: Not registered or requesting.
05-25 10:36:40.991  3992 18536 D Avrcp_ext: Enter sendPlayPosNotificationRsp
05-25 10:36:40.991  3992 18536 D Avrcp_ext: sendPlayPosNotificationRsp: Not registered or requesting.
05-25 10:36:40.991  3077  3736 D ConnectivityService: NetReassign [no changes] [c 1] [a 1] [i 3]
05-25 10:36:40.991  3992 18536 D Avrcp_ext: Enter sendPlayPosNotificationRsp
05-25 10:36:40.991  3992 18536 D Avrcp_ext: sendPlayPosNotificationRsp: Not registered or requesting.
05-25 10:36:40.991  3992 18536 D Avrcp_ext: Enter sendPlayPosNotificationRsp
05-25 10:36:40.991  3992 18536 D Avrcp_ext: sendPlayPosNotificationRsp: Not registered or requesting.
05-25 10:36:40.991  3992 18536 D Avrcp_ext: Enter sendPlayPosNotificationRsp
05-25 10:36:40.991  3992 18536 D Avrcp_ext: sendPlayPosNotificationRsp: Not registered or requesting.
05-25 10:36:40.991  3992 18536 V Avrcp_ext: Exit updatePlayerStateAndPosition
05-25 10:36:40.991  3992 18536 D APM: ActiveDeviceManagerServiceLegacy: getActiveAbsoluteDevice(): device: null
05-25 10:36:40.991  3992 18536 D APM: ActiveDeviceManagerServiceLegacy: isStableState(): true
05-25 10:36:40.991  3992 18536 D Avrcp_ext: isAdmStable = true activeAbsAddr = null device = null
05-25 10:36:40.991  3992 18536 V APM: MediaControlManager: onPlaybackStateChanged
05-25 10:36:40.991  3992 18536 W McpService: updatePlaybackState state PlaybackState {state=PLAYING(3), position=11, buffered position=0, speed=1.0, updated=1508390138, actions=7339703, custom actions=[], active item id=0, error=null}
05-25 10:36:40.991  3992 18536 W McpService: updatePlaybackState mState: 1 state: 1
05-25 10:36:40.991  3992 18536 W Avrcp_ext: updated player state = PlaybackState {state=PLAYING(3), position=11, buffered position=0, speed=1.0, updated=1508390138, actions=7339703, custom actions=[], active item id=0, error=null}to MCP module also
05-25 10:36:40.991  3992 18536 V Avrcp_ext: updateCurrentMediaState: mMediaController: MediaController (com.deepeye.musicpro.debug@54d02ce) Chaand Baaliyan – Aditya A. | Trending Song | Official Video, Sony Music India, null
05-25 10:36:40.991  3992 18536 W Avrcp_ext: isMusicActive: false getBluetoothPlayState: 1 A2dp State: 11 mAudioPlaybackIsActive: false
05-25 10:36:40.992  3992 18536 D Avrcp_ext: isMusicActive = false mAudioPlaybackIsActive = false player state = PlaybackState {state=PLAYING(3), position=13, buffered position=0, speed=1.0, updated=1508390140, actions=7339703, custom actions=[], active item id=0, error=null}
05-25 10:36:40.992  3992 18536 D Avrcp_ext: overwrite album_artist :if album is blank
05-25 10:36:40.992  3992 18536 V Avrcp_ext: Media update: id 0➡0? [MediaAttributes: C⋯o -  by S⋯a (0 0/0) - ] : [MediaAttributes: C⋯o -  by S⋯a (0 0/0) - ]
05-25 10:36:40.992  3992 18536 D Avrcp_ext: isPackageNameValid: browsedPackage = com.deepeye.musicpro.debugisValid = true
05-25 10:36:40.992  3992 18536 V Avrcp_ext: isBrowseSupported for com.deepeye.musicpro.debug: false
05-25 10:36:40.992  3992 18536 W Avrcp_ext: updateCurrentMediaState: isInactivePlayer = false
05-25 10:36:40.992  3992 18536 V Avrcp_ext: updatePlaybackState, state: PlaybackState {state=PLAYING(3), position=13, buffered position=0, speed=1.0, updated=1508390140, actions=7339703, custom actions=[], active item id=0, error=null} device: null
05-25 10:36:40.992  3992 18536 V Avrcp_ext: Device: no name: 
05-25 10:36:40.992  3992 18536 V Avrcp_ext: Device: no name: 
05-25 10:36:40.992  3992 18536 V Avrcp_ext: Device: no name: 
05-25 10:36:40.992  3992 18536 V Avrcp_ext: Device: no name: 
05-25 10:36:40.992  3992 18536 V Avrcp_ext: Device: no name: 
