06-06 09:33:13.438  3062  3533 D KernelCpuUidUserSysTimeReader: Removing uids 99134-99134
06-06 09:33:32.759  3062  3664 D PowerManagerService: nativeAcquireSuspendBlocker name:PowerManagerService.WakeLocks duration ms: 3
06-06 09:33:32.759  3062  3569 V AutomaticBrightnessController[0]: onAlarm: timeout to invalidate short term model.
06-06 09:33:32.761  3062  3569 D PowerManagerService: nativeReleaseSuspendBlocker name:PowerManagerService.WakeLocks duration ms: 0
06-06 09:33:33.152  3062  4005 W ProcessStats: Tracking association SourceState{a3f283a com.google.android.gms.persistent/10192 BFgs #258710} whose proc state 4 is better than process ProcessState{dd37494 com.google.android.gms/10192 pkg=com.google.android.gms} proc state 14 (56 skipped)
06-06 09:33:33.510  3062  3664 D PowerManagerService: nativeAcquireSuspendBlocker name:PowerManagerService.WakeLocks duration ms: 2
06-06 09:33:33.513  3062  3624 D PowerManagerService: nativeSetPowerMode ret:false mode:8 enabled:true duration ms: 0
06-06 09:33:33.546  3062  3624 D CompatibilityChangeReporter: Compat change id reported: 218533173; UID 10318; state: ENABLED
06-06 09:33:33.546  3062  3624 D CompatibilityChangeReporter: Compat change id reported: 262645982; UID 10318; state: DISABLED
06-06 09:33:33.547  3062  3624 D PowerManagerService: nativeReleaseSuspendBlocker name:PowerManagerService.WakeLocks duration ms: 0
06-06 09:33:33.549  3062  3624 D PowerManagerService: nativeAcquireSuspendBlocker name:PowerManagerService.WakeLocks duration ms: 1
06-06 09:33:33.555  3062  4005 D PowerManagerService: nativeReleaseSuspendBlocker name:PowerManagerService.WakeLocks duration ms: 0
06-06 09:33:33.556  3062  4005 W JobScheduler: Job didn't exist in JobStore: 8887817 #u0a301/0 com.motorola.bach.modemstats/.nrcheckin.NRCheckinJobService
06-06 09:33:33.560  3062  4005 D PowerManagerService: nativeAcquireSuspendBlocker name:PowerManagerService.WakeLocks duration ms: 0
06-06 09:33:33.564  3062  4005 D PowerManagerService: nativeReleaseSuspendBlocker name:PowerManagerService.WakeLocks duration ms: 0
06-06 09:34:21.590  3062  3600 D PowerManagerService: nativeAcquireSuspendBlocker name:PowerManagerService.WakeLocks duration ms: 42
06-06 09:34:21.795  3062  3600 D PowerManagerService: nativeReleaseSuspendBlocker name:PowerManagerService.WakeLocks duration ms: 0
06-06 09:34:26.713  3062  3600 D PowerManagerService: nativeAcquireSuspendBlocker name:PowerManagerService.WakeLocks duration ms: 46
06-06 09:34:26.919  3062  3600 D PowerManagerService: nativeReleaseSuspendBlocker name:PowerManagerService.WakeLocks duration ms: 0
06-06 09:35:05.099  3062  3600 D PowerManagerService: nativeAcquireSuspendBlocker name:PowerManagerService.WakeLocks duration ms: 35
06-06 09:35:05.306  3062 10253 D PowerManagerService: nativeReleaseSuspendBlocker name:PowerManagerService.WakeLocks duration ms: 0
06-06 09:35:08.976  3062 10253 D PowerManagerService: nativeAcquireSuspendBlocker name:PowerManagerService.WakeLocks duration ms: 50
06-06 09:35:09.180  3062 10253 D PowerManagerService: nativeReleaseSuspendBlocker name:PowerManagerService.WakeLocks duration ms: 0
06-06 09:35:09.888  3062  3664 D PowerManagerService: nativeAcquireSuspendBlocker name:PowerManagerService.WakeLocks duration ms: 3
06-06 09:35:09.905  3062  3062 D PowerManagerService: nativeReleaseSuspendBlocker name:PowerManagerService.WakeLocks duration ms: 0
06-06 09:35:09.913  3062  3600 D PowerManagerService: nativeAcquireSuspendBlocker name:PowerManagerService.WakeLocks duration ms: 2
06-06 09:35:09.916  3062  3600 D PowerManagerService: nativeReleaseSuspendBlocker name:PowerManagerService.WakeLocks duration ms: 0
06-06 09:35:17.784  3062  3062 V UiModeManager: updateLocked: null action, mDockState=0, category=null
06-06 09:35:17.784  3062  3062 D UiModeManager: updateConfigurationLocked: mDockState=0; mCarMode=false; mNightMode=2; mNightModeCustomType=-1; uiMode=33
06-06 09:36:01.895  3062  3620 D BatteryService: uevent={POWER_SUPPLY_POWER_AVG=37994208, POWER_SUPPLY_VOLTAGE_NOW=4334993, POWER_SUPPLY_POWER_NOW=50838296, POWER_SUPPLY_CHARGE_CONTROL_LIMIT_MAX=11, POWER_SUPPLY_TYPE=Battery, POWER_SUPPLY_HEALTH=Good, POWER_SUPPLY_TECHNOLOGY=Li-ion, POWER_SUPPLY_CHARGE_FULL_DESIGN=4846000, SEQNUM=22016, POWER_SUPPLY_CHARGE_CONTROL_LIMIT=0, POWER_SUPPLY_MODEL_NAME=5371113_LENOVO_NINGDE_4800MAH_AVERAGED_MASTERSLAVE_SEPT17TH2021, POWER_SUPPLY_STATUS=Discharging, POWER_SUPPLY_CYCLE_COUNT=6, POWER_SUPPLY_CAPACITY=94, DEVPATH=/devices/platform/soc/soc:qcom,pmic_glink/soc:qcom,pmic_glink:qcom,battery_charger/power_supply/battery, POWER_SUPPLY_CHARGE_TYPE=N/A, POWER_SUPPLY_CURRENT_NOW=-142213, POWER_SUPPLY_TIME_TO_FULL_AVG=-1, POWER_SUPPLY_PRESENT=1, POWER_SUPPLY_CHARGE_FULL=3578000, POWER_SUPPLY_TIME_TO_FULL_NOW=-1, SUBSYSTEM=power_supply, POWER_SUPPLY_VOLTAGE_OCV=4387217, POWER_SUPPLY_TEMP=350, ACTION=change, POWER_SUPPLY_NAME=battery, POWER_SUPPLY_VOLTAGE_MAX=4450000, POWER_SUPPLY_CHARGE_COUNTER=3380852, POWER_SUPPLY_TIME_TO_EMPTY_AVG=56747}
06-06 09:36:01.896  3062  3620 D BatteryService: uevent={POWER_SUPPLY_POWER_AVG=37994208, POWER_SUPPLY_VOLTAGE_NOW=4334993, POWER_SUPPLY_POWER_NOW=50838296, POWER_SUPPLY_CHARGE_CONTROL_LIMIT_MAX=11, POWER_SUPPLY_TYPE=Battery, POWER_SUPPLY_HEALTH=Good, POWER_SUPPLY_TECHNOLOGY=Li-ion, POWER_SUPPLY_CHARGE_FULL_DESIGN=4846000, SEQNUM=22016, POWER_SUPPLY_CHARGE_CONTROL_LIMIT=0, POWER_SUPPLY_MODEL_NAME=5371113_LENOVO_NINGDE_4800MAH_AVERAGED_MASTERSLAVE_SEPT17TH2021, POWER_SUPPLY_STATUS=Discharging, POWER_SUPPLY_CYCLE_COUNT=6, POWER_SUPPLY_CAPACITY=94, DEVPATH=/devices/platform/soc/soc:qcom,pmic_glink/soc:qcom,pmic_glink:qcom,battery_charger/power_supply/battery, POWER_SUPPLY_CHARGE_TYPE=N/A, POWER_SUPPLY_CURRENT_NOW=-142213, POWER_SUPPLY_TIME_TO_FULL_AVG=-1, POWER_SUPPLY_PRESENT=1, POWER_SUPPLY_CHARGE_FULL=3578000, POWER_SUPPLY_TIME_TO_FULL_NOW=-1, SUBSYSTEM=power_supply, POWER_SUPPLY_VOLTAGE_OCV=4387217, POWER_SUPPLY_TEMP=350, ACTION=change, POWER_SUPPLY_NAME=battery, POWER_SUPPLY_VOLTAGE_MAX=4450000, POWER_SUPPLY_CHARGE_COUNTER=3380852, POWER_SUPPLY_TIME_TO_EMPTY_AVG=56747}
06-06 09:36:01.900  3062  3062 V UiModeManager: updateLocked: null action, mDockState=0, category=null
06-06 09:36:01.900  3062  3062 D UiModeManager: updateConfigurationLocked: mDockState=0; mCarMode=false; mNightMode=2; mNightModeCustomType=-1; uiMode=33
06-06 09:36:01.902  3062  3062 V UiModeManager: updateLocked: null action, mDockState=0, category=null
06-06 09:36:01.902  3062  3062 D UiModeManager: updateConfigurationLocked: mDockState=0; mCarMode=false; mNightMode=2; mNightModeCustomType=-1; uiMode=33
06-06 09:36:01.911  3062  3062 V UiModeManager: updateLocked: null action, mDockState=0, category=null
06-06 09:36:01.911  3062  3062 D UiModeManager: updateConfigurationLocked: mDockState=0; mCarMode=false; mNightMode=2; mNightModeCustomType=-1; uiMode=33
06-06 09:36:01.911  3062  3525 D ActivityManager: unfreezing ProcessRecord{7ad23c 6643:com.android.settings/1000}, reason = unfreezeTemporarily, adj = 935, adjType = cch-empty, adjSource = null
06-06 09:36:01.911  3062  3525 D ActivityManager: sync unfroze 6643 com.android.settings for 3
06-06 09:36:01.912  3062  3525 D ActivityManager: unfreezing ProcessRecord{8d45c2b 6657:com.google.android.apps.turbo/u0a210}, reason = unfreezeTemporarily, adj = 945, adjType = cch-empty, adjSource = null
06-06 09:36:01.912  3062  3525 D ActivityManager: sync unfroze 6657 com.google.android.apps.turbo for 3
06-06 09:36:01.936  3062 10253 D PowerManagerService: nativeAcquireSuspendBlocker name:PowerManagerService.WakeLocks duration ms: 1
06-06 09:36:02.725  3062 10253 D PowerManagerService: nativeReleaseSuspendBlocker name:PowerManagerService.WakeLocks duration ms: 1
06-06 09:36:14.237  3062 10253 D PowerManagerService: nativeAcquireSuspendBlocker name:PowerManagerService.WakeLocks duration ms: 46
06-06 09:36:14.442  3062 10253 D PowerManagerService: nativeReleaseSuspendBlocker name:PowerManagerService.WakeLocks duration ms: 0
06-06 09:36:18.016  3062 10253 D PowerManagerService: nativeAcquireSuspendBlocker name:PowerManagerService.WakeLocks duration ms: 2
06-06 09:36:18.222  3062 10253 D PowerManagerService: nativeReleaseSuspendBlocker name:PowerManagerService.WakeLocks duration ms: 0
06-06 09:36:59.569  3062  3659 D ActivityManager: freezing 6657 com.google.android.apps.turbo, reason = oom_cached
06-06 09:36:59.572  3062  3659 D ActivityManager: freezing 6643 com.android.settings, reason = oom_cached
06-06 09:37:05.420  3062 10253 D PowerManagerService: nativeAcquireSuspendBlocker name:PowerManagerService.WakeLocks duration ms: 33
06-06 09:37:05.625  3062 10253 D PowerManagerService: nativeReleaseSuspendBlocker name:PowerManagerService.WakeLocks duration ms: 0
06-06 09:37:13.123  3062 10253 D PowerManagerService: nativeAcquireSuspendBlocker name:PowerManagerService.WakeLocks duration ms: 33
06-06 09:37:13.326  3062 10253 D PowerManagerService: nativeReleaseSuspendBlocker name:PowerManagerService.WakeLocks duration ms: 0
06-06 09:37:28.473  3062 10253 D PowerManagerService: nativeAcquireSuspendBlocker name:PowerManagerService.WakeLocks duration ms: 31
06-06 09:37:28.678  3062 10253 D PowerManagerService: nativeReleaseSuspendBlocker name:PowerManagerService.WakeLocks duration ms: 0
06-06 09:37:48.948  3062 10253 D PowerManagerService: nativeAcquireSuspendBlocker name:PowerManagerService.WakeLocks duration ms: 45
06-06 09:37:49.153  3062 10253 D PowerManagerService: nativeReleaseSuspendBlocker name:PowerManagerService.WakeLocks duration ms: 0
06-06 09:38:19.658  3062 10253 D PowerManagerService: nativeAcquireSuspendBlocker name:PowerManagerService.WakeLocks duration ms: 33
06-06 09:38:19.862  3062 10253 D PowerManagerService: nativeReleaseSuspendBlocker name:PowerManagerService.WakeLocks duration ms: 0
06-06 09:38:23.528  3062 10253 D PowerManagerService: nativeAcquireSuspendBlocker name:PowerManagerService.WakeLocks duration ms: 54
06-06 09:38:23.733  3062 10253 D PowerManagerService: nativeReleaseSuspendBlocker name:PowerManagerService.WakeLocks duration ms: 0
06-06 09:38:42.697  3062 10253 D PowerManagerService: nativeAcquireSuspendBlocker name:PowerManagerService.WakeLocks duration ms: 32
06-06 09:38:42.903  3062 10253 D PowerManagerService: nativeReleaseSuspendBlocker name:PowerManagerService.WakeLocks duration ms: 0
06-06 09:38:54.541  3062  3664 D PowerManagerService: nativeAcquireSuspendBlocker name:PowerManagerService.WakeLocks duration ms: 2
06-06 09:38:54.543  3062  3525 D ActivityManager: unfreezing ProcessRecord{932e232 9842:udc.lenovo.com.udclient/u0a181}, reason = unfreezeTemporarily, adj = 955, adjType = cch-empty, adjSource = null
06-06 09:38:54.544  3062  3525 D ActivityManager: sync unfroze 9842 udc.lenovo.com.udclient for 3
06-06 09:38:54.575  3062  3062 D PowerManagerService: nativeReleaseSuspendBlocker name:PowerManagerService.WakeLocks duration ms: 0
06-06 09:38:55.436  3062 10253 D PowerManagerService: nativeAcquireSuspendBlocker name:PowerManagerService.WakeLocks duration ms: 2
06-06 09:38:55.643  3062  3600 D PowerManagerService: nativeReleaseSuspendBlocker name:PowerManagerService.WakeLocks duration ms: 0
06-06 09:39:18.496  3062  3600 D PowerManagerService: nativeAcquireSuspendBlocker name:PowerManagerService.WakeLocks duration ms: 2
06-06 09:39:18.701  3062  6165 D PowerManagerService: nativeReleaseSuspendBlocker name:PowerManagerService.WakeLocks duration ms: 1
06-06 09:39:28.804  3062  6165 D PowerManagerService: nativeAcquireSuspendBlocker name:PowerManagerService.WakeLocks duration ms: 35
06-06 09:39:29.005  3062  6165 D PowerManagerService: nativeReleaseSuspendBlocker name:PowerManagerService.WakeLocks duration ms: 0
06-06 09:39:33.510  3062  3664 D PowerManagerService: nativeAcquireSuspendBlocker name:PowerManagerService.WakeLocks duration ms: 2
06-06 09:39:33.516  3062  3624 D PowerManagerService: nativeSetPowerMode ret:false mode:8 enabled:false duration ms: 0
06-06 09:39:33.545  3062  3659 D ActivityManager: freezing 9842 udc.lenovo.com.udclient, reason = oom_cached
06-06 09:39:33.547  3062  3980 E SyncManager: SYNC_OP_STATE_INVALID: disallowed by settings/network
06-06 09:39:33.548  3062  7340 W JobScheduler: Job didn't exist in JobStore: b42d769 #u0a301/0 com.motorola.bach.modemstats/.nrcheckin.NRCheckinJobService
06-06 09:39:33.550  3062  3980 E SyncManager: SYNC_OP_STATE_INVALID: disallowed by settings/network
06-06 09:39:33.554  3062  3980 E SyncManager: SYNC_OP_STATE_INVALID: disallowed by settings/network
06-06 09:39:33.556  3062  3980 E SyncManager: SYNC_OP_STATE_INVALID: disallowed by settings/network
06-06 09:39:33.558  3062  3980 E SyncManager: SYNC_OP_STATE_INVALID: disallowed by settings/network
06-06 09:39:33.560  3062  3980 E SyncManager: SYNC_OP_STATE_INVALID: disallowed by settings/network
06-06 09:39:33.562  3062  3980 E SyncManager: SYNC_OP_STATE_INVALID: disallowed by settings/network
06-06 09:39:33.563  3062  3980 E SyncManager: SYNC_OP_STATE_INVALID: disallowed by settings/network
06-06 09:39:33.565  3062  3980 E SyncManager: SYNC_OP_STATE_INVALID: disallowed by settings/network
06-06 09:39:33.567  3062  3980 E SyncManager: SYNC_OP_STATE_INVALID: disallowed by settings/network
06-06 09:39:34.019  3062  4005 W ActivityManager: Background start not allowed: service Intent { act=com.whatsapp.messageservice.messaging.MessageService.START cmp=com.whatsapp.w4b/com.whatsapp.messageservice.messaging.MessageService } to com.whatsapp.w4b/com.whatsapp.messageservice.messaging.MessageService from pid=31465 uid=10392 pkg=com.whatsapp.w4b startFg?=false
06-06 09:39:36.537  3062  3624 D ActivityManager: unfreezing ProcessRecord{e51ccf3 22492:in.amazon.mShop.android.shopping/u0a476}, reason = oom_uncached, adj = 0, adjType = service, adjSource = ProcessRecord{c1f5aec 3062:system/1000}
06-06 09:39:36.546  3062  3624 D ActivityManager: sync unfroze 22492 in.amazon.mShop.android.shopping for 6
06-06 09:39:36.546  3062  3624 D ActivityManager: unfreezing ProcessRecord{b18772b 22665:com.google.android.webview:sandboxed_process0:org.chromium.content.app.SandboxedProcessService0:0/u0a476i100}, reason = shouldNotFreeze_service_3: ProcessRecord{e51ccf3 22492:in.amazon.mShop.android.shopping/u0a476}, adj = 0, adjType = service, adjSource = ProcessRecord{e51ccf3 22492:in.amazon.mShop.android.shopping/u0a476}
06-06 09:39:36.548  3062  3624 D ActivityManager: sync unfroze 22665 com.google.android.webview:sandboxed_process0:org.chromium.content.app.SandboxedProcessService0:0 for 6
06-06 09:39:36.548  3062  3624 W ProcessStats: Tracking association SourceState{288b7f8 in.amazon.mShop.android.shopping/10476 ImpBg #258820} whose proc state 6 is better than process ProcessState{18d606f com.android.vending/10207 pkg=com.android.vending} proc state 14 (1 skipped)
06-06 09:39:36.550  3062  3624 D ActivityManager: unfreezing ProcessRecord{8f78382 7041:com.tradingview.tradingviewapp/u0a499}, reason = oom_uncached, adj = 0, adjType = service, adjSource = ProcessRecord{c1f5aec 3062:system/1000}
06-06 09:39:36.552  3062  3624 D ActivityManager: sync unfroze 7041 com.tradingview.tradingviewapp for 6
06-06 09:39:36.553  3062  3624 D ActivityManager: unfreezing ProcessRecord{bb9b587 6924:com.google.android.adservices.api/u0a357}, reason = oom_uncached, adj = 0, adjType = service, adjSource = ProcessRecord{8f78382 7041:com.tradingview.tradingviewapp/u0a499}
06-06 09:39:36.554  3062  3624 D ActivityManager: sync unfroze 6924 com.google.android.adservices.api for 6
06-06 09:39:36.554  3062  3624 D ActivityManager: unfreezing ProcessRecord{f21925b 7257:com.google.android.webview:sandboxed_process0:org.chromium.content.app.SandboxedProcessService0:0/u0a499i133}, reason = shouldNotFreeze_service_3: ProcessRecord{8f78382 7041:com.tradingview.tradingviewapp/u0a499}, adj = 100, adjType = service, adjSource = ProcessRecord{8f78382 7041:com.tradingview.tradingviewapp/u0a499}
06-06 09:39:36.554  3062  3624 D ActivityManager: sync unfroze 7257 com.google.android.webview:sandboxed_process0:org.chromium.content.app.SandboxedProcessService0:0 for 6
06-06 09:39:36.588  3062  3624 D ActivityManager: unfreezing ProcessRecord{e5f0ac0 7607:com.whizdm.moneyview.loans/u0a469}, reason = oom_uncached, adj = 0, adjType = service, adjSource = ProcessRecord{c1f5aec 3062:system/1000}
06-06 09:39:36.589  3062  3624 D ActivityManager: sync unfroze 7607 com.whizdm.moneyview.loans for 6
06-06 09:39:36.592  3062  3624 D ActivityManager: unfreezing ProcessRecord{f761cf3 11899:com.android.chrome/u0a285}, reason = oom_uncached, adj = 0, adjType = service, adjSource = ProcessRecord{c1f5aec 3062:system/1000}
06-06 09:39:36.593  3062  3624 D ActivityManager: sync unfroze 11899 com.android.chrome for 6
06-06 09:39:36.594  3062  3624 D ActivityManager: unfreezing ProcessRecord{e94a4a7 12034:com.android.chrome:privileged_process0/u0a285}, reason = shouldNotFreeze_service_3: ProcessRecord{f761cf3 11899:com.android.chrome/u0a285}, adj = 0, adjType = service, adjSource = ProcessRecord{f761cf3 11899:com.android.chrome/u0a285}
06-06 09:39:36.594  3062  3624 D ActivityManager: sync unfroze 12034 com.android.chrome:privileged_process0 for 6
06-06 09:39:36.594  3062  3624 D ActivityManager: unfreezing ProcessRecord{d4f3c3 12106:com.android.chrome:sandboxed_process0:org.chromium.content.app.SandboxedProcessService0:0/u0a285i-9000}, reason = shouldNotFreeze_service_3: ProcessRecord{f761cf3 11899:com.android.chrome/u0a285}, adj = 250, adjType = service, adjSource = ProcessRecord{f761cf3 11899:com.android.chrome/u0a285}
06-06 09:39:36.595  3062  3624 D ActivityManager: sync unfroze 12106 com.android.chrome:sandboxed_process0:org.chromium.content.app.SandboxedProcessService0:0 for 6
06-06 09:39:37.764  3062  7340 I ActivityManager: appDiedLocked: app=ProcessRecord{e5f0ac0 7607:com.whizdm.moneyview.loans/u0a469} thread=android.os.BinderProxy@a5f3e4a fromBinderDied=true isKilledByAm=false reason=null
06-06 09:39:37.765  3062  7340 I ActivityManager: Process com.whizdm.moneyview.loans (pid 7607) has died: cch+15 CEM 
06-06 09:39:37.766  3062  7340 D RestartModeController: markWaitRestartAppIsSuicided null processName=com.whizdm.moneyview.loans
06-06 09:39:37.767  3062  3516 D DisplayManagerService: Drop pending events for gone uid 10469
06-06 09:39:37.768  3062  7340 D ActivityTaskManager: handleAppDied: uid=10469,diedCount=1,lastDiedTime=112838984,forceStopUids=false
06-06 09:39:40.374  3062  3624 D PowerManagerService: nativeSetPowerMode ret:false mode:8 enabled:true duration ms: 0
06-06 09:39:46.701  3062  3659 D ActivityManager: freezing 11899 com.android.chrome, reason = oom_cached
06-06 09:39:46.703  3062  3659 D ActivityManager: freezing 12034 com.android.chrome:privileged_process0, reason = oom_cached
06-06 09:39:46.704  3062  3659 D ActivityManager: freezing 12106 com.android.chrome:sandboxed_process0:org.chromium.content.app.SandboxedProcessService0:0, reason = oom_cached
06-06 09:39:48.553  3062  3659 D ActivityManager: freezing 22492 in.amazon.mShop.android.shopping, reason = oom_cached
06-06 09:39:48.563  3062  3659 D ActivityManager: freezing 22665 com.google.android.webview:sandboxed_process0:org.chromium.content.app.SandboxedProcessService0:0, reason = oom_cached
06-06 09:39:48.569  3062 10253 W ProcessStats: Tracking association SourceState{a3f283a com.google.android.gms.persistent/10192 BFgs #258874} whose proc state 4 is better than process ProcessState{dd37494 com.google.android.gms/10192 pkg=com.google.android.gms} proc state 14 (22 skipped)
06-06 09:39:50.375  3062  3659 D ActivityManager: freezing 7041 com.tradingview.tradingviewapp, reason = oom_cached
06-06 09:39:50.379  3062  3659 D ActivityManager: freezing 6924 com.google.android.adservices.api, reason = oom_cached
06-06 09:39:50.380  3062  3659 D ActivityManager: freezing 7257 com.google.android.webview:sandboxed_process0:org.chromium.content.app.SandboxedProcessService0:0, reason = oom_cached
06-06 09:39:53.835  3062  3600 W AppOps  : Noting op not finished: uid 10192 pkg com.google.android.gms code 79 startTime of in progress event=1780717236300
06-06 09:39:53.842  3062  3600 W AppOps  : Noting op not finished: uid 10192 pkg com.google.android.gms code 113 startTime of in progress event=1780717236300
06-06 09:39:53.847  3062  3600 W AppOps  : Noting op not finished: uid 10192 pkg com.google.android.gms code 113 startTime of in progress event=1780717236300
06-06 09:39:53.851  3062  4005 W AppOps  : Noting op not finished: uid 10192 pkg com.google.android.gms code 113 startTime of in progress event=1780717236300
06-06 09:39:53.856  3062 10253 W AppOps  : Noting op not finished: uid 10192 pkg com.google.android.gms code 113 startTime of in progress event=1780717236300
06-06 09:39:53.860  3062  3600 W AppOps  : Noting op not finished: uid 10192 pkg com.google.android.gms code 113 startTime of in progress event=1780717236300
06-06 09:39:53.865  3062 10253 W AppOps  : Noting op not finished: uid 10192 pkg com.google.android.gms code 113 startTime of in progress event=1780717236300
06-06 09:39:53.875  3062 10253 W AppOps  : Noting op not finished: uid 10192 pkg com.google.android.gms code 79 startTime of in progress event=1780717236300
06-06 09:39:53.879  3062 10253 W AppOps  : Noting op not finished: uid 10192 pkg com.google.android.gms code 113 startTime of in progress event=1780717236300
06-06 09:39:53.886  3062  3600 W AppOps  : Noting op not finished: uid 10192 pkg com.google.android.gms code 113 startTime of in progress event=1780717236300
06-06 09:39:53.892  3062  4005 W AppOps  : Noting op not finished: uid 10192 pkg com.google.android.gms code 113 startTime of in progress event=1780717236300
06-06 09:39:53.898  3062  4005 W AppOps  : Noting op not finished: uid 10192 pkg com.google.android.gms code 113 startTime of in progress event=1780717236300
06-06 09:39:53.904  3062  3600 W AppOps  : Noting op not finished: uid 10192 pkg com.google.android.gms code 113 startTime of in progress event=1780717236300
06-06 09:39:53.910  3062  4005 W AppOps  : Noting op not finished: uid 10192 pkg com.google.android.gms code 113 startTime of in progress event=1780717236300
06-06 09:39:54.578  3062 10253 W ContextImpl: Calling a method in the system process without a qualified user: android.app.ContextImpl.sendBroadcastMultiplePermissions:1281 android.content.Context.sendBroadcastMultiplePermissions:2476 com.android.server.TelephonyRegistry.broadcastServiceStateChanged:3597 com.android.server.TelephonyRegistry.notifyServiceStateForPhoneId:1734 com.android.internal.telephony.ITelephonyRegistry$Stub.onTransact:550 
06-06 09:39:54.579  3062 10253 W ContextImpl: Calling a method in the system process without a qualified user: android.app.ContextImpl.sendBroadcastMultiplePermissions:1314 com.android.server.TelephonyRegistry.broadcastServiceStateChanged:3602 com.android.server.TelephonyRegistry.notifyServiceStateForPhoneId:1734 com.android.internal.telephony.ITelephonyRegistry$Stub.onTransact:550 android.os.Binder.execTransactInternal:1380 
06-06 09:39:54.579  3062 10253 W ContextImpl: Calling a method in the system process without a qualified user: android.app.ContextImpl.sendBroadcastMultiplePermissions:1314 com.android.server.TelephonyRegistry.broadcastServiceStateChanged:3611 com.android.server.TelephonyRegistry.notifyServiceStateForPhoneId:1734 com.android.internal.telephony.ITelephonyRegistry$Stub.onTransact:550 android.os.Binder.execTransactInternal:1380 
06-06 09:39:54.580  3062 10253 W ContextImpl: Calling a method in the system process without a qualified user: android.app.ContextImpl.sendBroadcastMultiplePermissions:1314 com.android.server.TelephonyRegistry.broadcastServiceStateChanged:3617 com.android.server.TelephonyRegistry.notifyServiceStateForPhoneId:1734 com.android.internal.telephony.ITelephonyRegistry$Stub.onTransact:550 android.os.Binder.execTransactInternal:1380 
06-06 09:39:54.580  3062  3525 D ActivityManager: unfreezing ProcessRecord{c29dd6 920:com.google.android.cellbroadcastreceiver/u0a367}, reason = unfreezeTemporarily, adj = 945, adjType = cch-empty, adjSource = null
06-06 09:39:54.580  3062  3525 D ActivityManager: sync unfroze 920 com.google.android.cellbroadcastreceiver for 3
06-06 09:39:54.952  1572  1683 E NetlinkEvent: NetlinkEvent::FindParam(): Parameter 'INTERFACE' not found
06-06 09:39:54.952  1572  1683 E NetlinkEvent: NetlinkEvent::FindParam(): Parameter 'STATE' not found
06-06 09:39:54.952  1572  1683 E NetlinkEvent: NetlinkEvent::FindParam(): Parameter 'TIME_NS' not found
06-06 09:39:54.952  1572  1683 E NetlinkEvent: NetlinkEvent::FindParam(): Parameter 'UID' not found
06-06 09:39:55.504  3062  3600 W ContextImpl: Calling a method in the system process without a qualified user: android.app.ContextImpl.sendBroadcastMultiplePermissions:1281 android.content.Context.sendBroadcastMultiplePermissions:2476 com.android.server.TelephonyRegistry.broadcastServiceStateChanged:3597 com.android.server.TelephonyRegistry.notifyServiceStateForPhoneId:1734 com.android.internal.telephony.ITelephonyRegistry$Stub.onTransact:550 
06-06 09:39:55.506  3062  3600 W ContextImpl: Calling a method in the system process without a qualified user: android.app.ContextImpl.sendBroadcastMultiplePermissions:1314 com.android.server.TelephonyRegistry.broadcastServiceStateChanged:3602 com.android.server.TelephonyRegistry.notifyServiceStateForPhoneId:1734 com.android.internal.telephony.ITelephonyRegistry$Stub.onTransact:550 android.os.Binder.execTransactInternal:1380 
06-06 09:39:55.507  3062  3600 W ContextImpl: Calling a method in the system process without a qualified user: android.app.ContextImpl.sendBroadcastMultiplePermissions:1314 com.android.server.TelephonyRegistry.broadcastServiceStateChanged:3611 com.android.server.TelephonyRegistry.notifyServiceStateForPhoneId:1734 com.android.internal.telephony.ITelephonyRegistry$Stub.onTransact:550 android.os.Binder.execTransactInternal:1380 
06-06 09:39:55.508  3062  3600 W ContextImpl: Calling a method in the system process without a qualified user: android.app.ContextImpl.sendBroadcastMultiplePermissions:1314 com.android.server.TelephonyRegistry.broadcastServiceStateChanged:3617 com.android.server.TelephonyRegistry.notifyServiceStateForPhoneId:1734 com.android.internal.telephony.ITelephonyRegistry$Stub.onTransact:550 android.os.Binder.execTransactInternal:1380 
06-06 09:39:55.535  3062 10253 W ContextImpl: Calling a method in the system process without a qualified user: android.app.ContextImpl.sendBroadcastMultiplePermissions:1281 android.content.Context.sendBroadcastMultiplePermissions:2476 com.android.server.TelephonyRegistry.broadcastServiceStateChanged:3597 com.android.server.TelephonyRegistry.notifyServiceStateForPhoneId:1734 com.android.internal.telephony.ITelephonyRegistry$Stub.onTransact:550 
06-06 09:39:55.536  3062 10253 W ContextImpl: Calling a method in the system process without a qualified user: android.app.ContextImpl.sendBroadcastMultiplePermissions:1314 com.android.server.TelephonyRegistry.broadcastServiceStateChanged:3602 com.android.server.TelephonyRegistry.notifyServiceStateForPhoneId:1734 com.android.internal.telephony.ITelephonyRegistry$Stub.onTransact:550 android.os.Binder.execTransactInternal:1380 
06-06 09:39:55.536  3062 10253 W ContextImpl: Calling a method in the system process without a qualified user: android.app.ContextImpl.sendBroadcastMultiplePermissions:1314 com.android.server.TelephonyRegistry.broadcastServiceStateChanged:3611 com.android.server.TelephonyRegistry.notifyServiceStateForPhoneId:1734 com.android.internal.telephony.ITelephonyRegistry$Stub.onTransact:550 android.os.Binder.execTransactInternal:1380 
06-06 09:39:55.537  3062 10253 W ContextImpl: Calling a method in the system process without a qualified user: android.app.ContextImpl.sendBroadcastMultiplePermissions:1314 com.android.server.TelephonyRegistry.broadcastServiceStateChanged:3617 com.android.server.TelephonyRegistry.notifyServiceStateForPhoneId:1734 com.android.internal.telephony.ITelephonyRegistry$Stub.onTransact:550 android.os.Binder.execTransactInternal:1380 
06-06 09:40:04.611  3062  7340 D PowerManagerService: nativeReleaseSuspendBlocker name:PowerManagerService.WakeLocks duration ms: 0
06-06 09:40:09.056  3062  3659 D ActivityManager: freezing 920 com.google.android.cellbroadcastreceiver, reason = oom_cached
06-06 09:40:17.129  3062 10253 D PowerManagerService: nativeAcquireSuspendBlocker name:PowerManagerService.WakeLocks duration ms: 20
06-06 09:40:17.332  3062  7340 D PowerManagerService: nativeReleaseSuspendBlocker name:PowerManagerService.WakeLocks duration ms: 0
06-06 09:40:18.849  3062  7340 D PowerManagerService: nativeAcquireSuspendBlocker name:PowerManagerService.WakeLocks duration ms: 1
06-06 09:40:18.903  3062  7340 W ContextImpl: Calling a method in the system process without a qualified user: android.app.ContextImpl.sendBroadcastMultiplePermissions:1281 android.content.Context.sendBroadcastMultiplePermissions:2476 com.android.server.TelephonyRegistry.broadcastServiceStateChanged:3597 com.android.server.TelephonyRegistry.notifyServiceStateForPhoneId:1734 com.android.internal.telephony.ITelephonyRegistry$Stub.onTransact:550 
06-06 09:40:18.904  3062  7340 W ContextImpl: Calling a method in the system process without a qualified user: android.app.ContextImpl.sendBroadcastMultiplePermissions:1314 com.android.server.TelephonyRegistry.broadcastServiceStateChanged:3602 com.android.server.TelephonyRegistry.notifyServiceStateForPhoneId:1734 com.android.internal.telephony.ITelephonyRegistry$Stub.onTransact:550 android.os.Binder.execTransactInternal:1380 
06-06 09:40:18.904  3062  7340 W ContextImpl: Calling a method in the system process without a qualified user: android.app.ContextImpl.sendBroadcastMultiplePermissions:1314 com.android.server.TelephonyRegistry.broadcastServiceStateChanged:3611 com.android.server.TelephonyRegistry.notifyServiceStateForPhoneId:1734 com.android.internal.telephony.ITelephonyRegistry$Stub.onTransact:550 android.os.Binder.execTransactInternal:1380 
06-06 09:40:18.905  3062  7340 W ContextImpl: Calling a method in the system process without a qualified user: android.app.ContextImpl.sendBroadcastMultiplePermissions:1314 com.android.server.TelephonyRegistry.broadcastServiceStateChanged:3617 com.android.server.TelephonyRegistry.notifyServiceStateForPhoneId:1734 com.android.internal.telephony.ITelephonyRegistry$Stub.onTransact:550 android.os.Binder.execTransactInternal:1380 
06-06 09:40:18.906  3062  3525 D ActivityManager: unfreezing ProcessRecord{c29dd6 920:com.google.android.cellbroadcastreceiver/u0a367}, reason = unfreezeTemporarily, adj = 925, adjType = cch-empty, adjSource = null
06-06 09:40:18.906  3062  3525 D ActivityManager: sync unfroze 920 com.google.android.cellbroadcastreceiver for 3
06-06 09:40:19.072  3062 10253 D PowerManagerService: nativeReleaseSuspendBlocker name:PowerManagerService.WakeLocks duration ms: 0
06-06 09:40:19.912  3062  3888 D PowerManagerService: nativeAcquireSuspendBlocker name:PowerManagerService.WakeLocks duration ms: 2
06-06 09:40:19.925  3062  3888 D PowerManagerService: nativeReleaseSuspendBlocker name:PowerManagerService.WakeLocks duration ms: 1
06-06 09:40:19.961  3062  3888 D PowerManagerService: nativeAcquireSuspendBlocker name:PowerManagerService.WakeLocks duration ms: 1
06-06 09:40:19.965  3062  3888 D PowerManagerService: nativeReleaseSuspendBlocker name:PowerManagerService.WakeLocks duration ms: 0
06-06 09:40:21.415  3062 10253 D PowerManagerService: nativeAcquireSuspendBlocker name:PowerManagerService.WakeLocks duration ms: 28
06-06 09:40:21.439  3062  7340 W ContextImpl: Calling a method in the system process without a qualified user: android.app.ContextImpl.sendBroadcastMultiplePermissions:1281 android.content.Context.sendBroadcastMultiplePermissions:2476 com.android.server.TelephonyRegistry.broadcastServiceStateChanged:3597 com.android.server.TelephonyRegistry.notifyServiceStateForPhoneId:1734 com.android.internal.telephony.ITelephonyRegistry$Stub.onTransact:550 
06-06 09:40:21.440  3062  7340 W ContextImpl: Calling a method in the system process without a qualified user: android.app.ContextImpl.sendBroadcastMultiplePermissions:1314 com.android.server.TelephonyRegistry.broadcastServiceStateChanged:3602 com.android.server.TelephonyRegistry.notifyServiceStateForPhoneId:1734 com.android.internal.telephony.ITelephonyRegistry$Stub.onTransact:550 android.os.Binder.execTransactInternal:1380 
06-06 09:40:21.441  3062  7340 W ContextImpl: Calling a method in the system process without a qualified user: android.app.ContextImpl.sendBroadcastMultiplePermissions:1314 com.android.server.TelephonyRegistry.broadcastServiceStateChanged:3611 com.android.server.TelephonyRegistry.notifyServiceStateForPhoneId:1734 com.android.internal.telephony.ITelephonyRegistry$Stub.onTransact:550 android.os.Binder.execTransactInternal:1380 
06-06 09:40:21.441  3062  7340 W ContextImpl: Calling a method in the system process without a qualified user: android.app.ContextImpl.sendBroadcastMultiplePermissions:1314 com.android.server.TelephonyRegistry.broadcastServiceStateChanged:3617 com.android.server.TelephonyRegistry.notifyServiceStateForPhoneId:1734 com.android.internal.telephony.ITelephonyRegistry$Stub.onTransact:550 android.os.Binder.execTransactInternal:1380 
06-06 09:40:21.618  3062  3600 D PowerManagerService: nativeReleaseSuspendBlocker name:PowerManagerService.WakeLocks duration ms: 0
06-06 09:40:21.875  1572  1683 E NetlinkEvent: NetlinkEvent::FindParam(): Parameter 'INTERFACE' not found
06-06 09:40:21.875  1572  1683 E NetlinkEvent: NetlinkEvent::FindParam(): Parameter 'STATE' not found
06-06 09:40:21.875  1572  1683 E NetlinkEvent: NetlinkEvent::FindParam(): Parameter 'TIME_NS' not found
06-06 09:40:21.875  1572  1683 E NetlinkEvent: NetlinkEvent::FindParam(): Parameter 'UID' not found
06-06 09:40:21.894  3062  3600 D PowerManagerService: nativeAcquireSuspendBlocker name:PowerManagerService.WakeLocks duration ms: 27
06-06 09:40:21.937  3062  7340 W ContextImpl: Calling a method in the system process without a qualified user: android.app.ContextImpl.sendBroadcastMultiplePermissions:1281 android.content.Context.sendBroadcastMultiplePermissions:2476 com.android.server.TelephonyRegistry.broadcastServiceStateChanged:3597 com.android.server.TelephonyRegistry.notifyServiceStateForPhoneId:1734 com.android.internal.telephony.ITelephonyRegistry$Stub.onTransact:550 
06-06 09:40:21.937  3062  7340 W ContextImpl: Calling a method in the system process without a qualified user: android.app.ContextImpl.sendBroadcastMultiplePermissions:1314 com.android.server.TelephonyRegistry.broadcastServiceStateChanged:3602 com.android.server.TelephonyRegistry.notifyServiceStateForPhoneId:1734 com.android.internal.telephony.ITelephonyRegistry$Stub.onTransact:550 android.os.Binder.execTransactInternal:1380 
06-06 09:40:21.938  3062  7340 W ContextImpl: Calling a method in the system process without a qualified user: android.app.ContextImpl.sendBroadcastMultiplePermissions:1314 com.android.server.TelephonyRegistry.broadcastServiceStateChanged:3611 com.android.server.TelephonyRegistry.notifyServiceStateForPhoneId:1734 com.android.internal.telephony.ITelephonyRegistry$Stub.onTransact:550 android.os.Binder.execTransactInternal:1380 
06-06 09:40:21.939  3062  7340 W ContextImpl: Calling a method in the system process without a qualified user: android.app.ContextImpl.sendBroadcastMultiplePermissions:1314 com.android.server.TelephonyRegistry.broadcastServiceStateChanged:3617 com.android.server.TelephonyRegistry.notifyServiceStateForPhoneId:1734 com.android.internal.telephony.ITelephonyRegistry$Stub.onTransact:550 android.os.Binder.execTransactInternal:1380 
06-06 09:40:22.115  3062  3600 D PowerManagerService: nativeReleaseSuspendBlocker name:PowerManagerService.WakeLocks duration ms: 0
06-06 09:40:26.970  3062  3888 D PowerManagerService: nativeAcquireSuspendBlocker name:PowerManagerService.WakeLocks duration ms: 2
06-06 09:40:26.983  3062  3888 D PowerManagerService: nativeReleaseSuspendBlocker name:PowerManagerService.WakeLocks duration ms: 0
06-06 09:40:27.315  3062  7340 D PowerManagerService: nativeAcquireSuspendBlocker name:PowerManagerService.WakeLocks duration ms: 25
06-06 09:40:27.517  3062  7340 D PowerManagerService: nativeReleaseSuspendBlocker name:PowerManagerService.WakeLocks duration ms: 0
06-06 09:40:29.410  3062  7340 D PowerManagerService: nativeAcquireSuspendBlocker name:PowerManagerService.WakeLocks duration ms: 5
06-06 09:40:29.453  3062  6165 W ContextImpl: Calling a method in the system process without a qualified user: android.app.ContextImpl.sendBroadcastMultiplePermissions:1281 android.content.Context.sendBroadcastMultiplePermissions:2476 com.android.server.TelephonyRegistry.broadcastServiceStateChanged:3597 com.android.server.TelephonyRegistry.notifyServiceStateForPhoneId:1734 com.android.internal.telephony.ITelephonyRegistry$Stub.onTransact:550 
06-06 09:40:29.454  3062  6165 W ContextImpl: Calling a method in the system process without a qualified user: android.app.ContextImpl.sendBroadcastMultiplePermissions:1314 com.android.server.TelephonyRegistry.broadcastServiceStateChanged:3602 com.android.server.TelephonyRegistry.notifyServiceStateForPhoneId:1734 com.android.internal.telephony.ITelephonyRegistry$Stub.onTransact:550 android.os.Binder.execTransactInternal:1380 
06-06 09:40:29.454  3062  6165 W ContextImpl: Calling a method in the system process without a qualified user: android.app.ContextImpl.sendBroadcastMultiplePermissions:1314 com.android.server.TelephonyRegistry.broadcastServiceStateChanged:3611 com.android.server.TelephonyRegistry.notifyServiceStateForPhoneId:1734 com.android.internal.telephony.ITelephonyRegistry$Stub.onTransact:550 android.os.Binder.execTransactInternal:1380 
06-06 09:40:29.455  3062  6165 W ContextImpl: Calling a method in the system process without a qualified user: android.app.ContextImpl.sendBroadcastMultiplePermissions:1314 com.android.server.TelephonyRegistry.broadcastServiceStateChanged:3617 com.android.server.TelephonyRegistry.notifyServiceStateForPhoneId:1734 com.android.internal.telephony.ITelephonyRegistry$Stub.onTransact:550 android.os.Binder.execTransactInternal:1380 
06-06 09:40:29.635  3062  4005 D PowerManagerService: nativeReleaseSuspendBlocker name:PowerManagerService.WakeLocks duration ms: 0
06-06 09:40:30.032  3062  3062 V UiModeManager: updateLocked: null action, mDockState=0, category=null
06-06 09:40:30.032  3062  3062 D UiModeManager: updateConfigurationLocked: mDockState=0; mCarMode=false; mNightMode=2; mNightModeCustomType=-1; uiMode=33
06-06 09:40:30.461  3062  3888 D PowerManagerService: nativeAcquireSuspendBlocker name:PowerManagerService.WakeLocks duration ms: 2
06-06 09:40:30.474  3062  3888 D PowerManagerService: nativeReleaseSuspendBlocker name:PowerManagerService.WakeLocks duration ms: 0
06-06 09:40:36.540  3062  4005 D PowerManagerService: nativeAcquireSuspendBlocker name:PowerManagerService.WakeLocks duration ms: 1
06-06 09:40:36.742  3062 10253 D PowerManagerService: nativeReleaseSuspendBlocker name:PowerManagerService.WakeLocks duration ms: 1
06-06 09:40:40.159  3062  3659 D ActivityManager: freezing 920 com.google.android.cellbroadcastreceiver, reason = oom_cached
06-06 09:40:47.027  3062 10253 D PowerManagerService: nativeAcquireSuspendBlocker name:PowerManagerService.WakeLocks duration ms: 1
06-06 09:40:47.048  3062  4005 W ContextImpl: Calling a method in the system process without a qualified user: android.app.ContextImpl.sendBroadcastMultiplePermissions:1281 android.content.Context.sendBroadcastMultiplePermissions:2476 com.android.server.TelephonyRegistry.broadcastServiceStateChanged:3597 com.android.server.TelephonyRegistry.notifyServiceStateForPhoneId:1734 com.android.internal.telephony.ITelephonyRegistry$Stub.onTransact:550 
06-06 09:40:47.049  3062  4005 W ContextImpl: Calling a method in the system process without a qualified user: android.app.ContextImpl.sendBroadcastMultiplePermissions:1314 com.android.server.TelephonyRegistry.broadcastServiceStateChanged:3602 com.android.server.TelephonyRegistry.notifyServiceStateForPhoneId:1734 com.android.internal.telephony.ITelephonyRegistry$Stub.onTransact:550 android.os.Binder.execTransactInternal:1380 
06-06 09:40:47.050  3062  4005 W ContextImpl: Calling a method in the system process without a qualified user: android.app.ContextImpl.sendBroadcastMultiplePermissions:1314 com.android.server.TelephonyRegistry.broadcastServiceStateChanged:3611 com.android.server.TelephonyRegistry.notifyServiceStateForPhoneId:1734 com.android.internal.telephony.ITelephonyRegistry$Stub.onTransact:550 android.os.Binder.execTransactInternal:1380 
06-06 09:40:47.051  3062  4005 W ContextImpl: Calling a method in the system process without a qualified user: android.app.ContextImpl.sendBroadcastMultiplePermissions:1314 com.android.server.TelephonyRegistry.broadcastServiceStateChanged:3617 com.android.server.TelephonyRegistry.notifyServiceStateForPhoneId:1734 com.android.internal.telephony.ITelephonyRegistry$Stub.onTransact:550 android.os.Binder.execTransactInternal:1380 
06-06 09:40:47.051  3062  3525 D ActivityManager: unfreezing ProcessRecord{c29dd6 920:com.google.android.cellbroadcastreceiver/u0a367}, reason = unfreezeTemporarily, adj = 925, adjType = cch-empty, adjSource = null
06-06 09:40:47.052  3062  3525 D ActivityManager: sync unfroze 920 com.google.android.cellbroadcastreceiver for 3
06-06 09:40:47.230  3062  4005 D PowerManagerService: nativeReleaseSuspendBlocker name:PowerManagerService.WakeLocks duration ms: 0
06-06 09:40:48.506  1572  1683 E NetlinkEvent: NetlinkEvent::FindParam(): Parameter 'INTERFACE' not found
06-06 09:40:48.506  1572  1683 E NetlinkEvent: NetlinkEvent::FindParam(): Parameter 'STATE' not found
06-06 09:40:48.506  1572  1683 E NetlinkEvent: NetlinkEvent::FindParam(): Parameter 'TIME_NS' not found
06-06 09:40:48.506  1572  1683 E NetlinkEvent: NetlinkEvent::FindParam(): Parameter 'UID' not found
06-06 09:40:48.515  3062  4005 D PowerManagerService: nativeAcquireSuspendBlocker name:PowerManagerService.WakeLocks duration ms: 21
06-06 09:40:48.556  3062  4005 W ContextImpl: Calling a method in the system process without a qualified user: android.app.ContextImpl.sendBroadcastMultiplePermissions:1281 android.content.Context.sendBroadcastMultiplePermissions:2476 com.android.server.TelephonyRegistry.broadcastServiceStateChanged:3597 com.android.server.TelephonyRegistry.notifyServiceStateForPhoneId:1734 com.android.internal.telephony.ITelephonyRegistry$Stub.onTransact:550 
06-06 09:40:48.557  3062  4005 W ContextImpl: Calling a method in the system process without a qualified user: android.app.ContextImpl.sendBroadcastMultiplePermissions:1314 com.android.server.TelephonyRegistry.broadcastServiceStateChanged:3602 com.android.server.TelephonyRegistry.notifyServiceStateForPhoneId:1734 com.android.internal.telephony.ITelephonyRegistry$Stub.onTransact:550 android.os.Binder.execTransactInternal:1380 
06-06 09:40:48.557  3062  4005 W ContextImpl: Calling a method in the system process without a qualified user: android.app.ContextImpl.sendBroadcastMultiplePermissions:1314 com.android.server.TelephonyRegistry.broadcastServiceStateChanged:3611 com.android.server.TelephonyRegistry.notifyServiceStateForPhoneId:1734 com.android.internal.telephony.ITelephonyRegistry$Stub.onTransact:550 android.os.Binder.execTransactInternal:1380 
06-06 09:40:48.558  3062  4005 W ContextImpl: Calling a method in the system process without a qualified user: android.app.ContextImpl.sendBroadcastMultiplePermissions:1314 com.android.server.TelephonyRegistry.broadcastServiceStateChanged:3617 com.android.server.TelephonyRegistry.notifyServiceStateForPhoneId:1734 com.android.internal.telephony.ITelephonyRegistry$Stub.onTransact:550 android.os.Binder.execTransactInternal:1380 
06-06 09:40:48.733  3062  7340 D PowerManagerService: nativeReleaseSuspendBlocker name:PowerManagerService.WakeLocks duration ms: 0
06-06 09:40:51.503  3062  7340 D PowerManagerService: nativeAcquireSuspendBlocker name:PowerManagerService.WakeLocks duration ms: 31
06-06 09:40:51.705  3062 10253 D PowerManagerService: nativeReleaseSuspendBlocker name:PowerManagerService.WakeLocks duration ms: 0
06-06 09:40:57.846  3062 10253 D PowerManagerService: nativeAcquireSuspendBlocker name:PowerManagerService.WakeLocks duration ms: 1
06-06 09:40:58.048  3062  3600 D PowerManagerService: nativeReleaseSuspendBlocker name:PowerManagerService.WakeLocks duration ms: 0
06-06 09:41:00.146  3062  3600 D PowerManagerService: nativeAcquireSuspendBlocker name:PowerManagerService.WakeLocks duration ms: 4
06-06 09:41:00.204  3062  3600 W ContextImpl: Calling a method in the system process without a qualified user: android.app.ContextImpl.sendBroadcastMultiplePermissions:1281 android.content.Context.sendBroadcastMultiplePermissions:2476 com.android.server.TelephonyRegistry.broadcastServiceStateChanged:3597 com.android.server.TelephonyRegistry.notifyServiceStateForPhoneId:1734 com.android.internal.telephony.ITelephonyRegistry$Stub.onTransact:550 
06-06 09:41:00.205  3062  3600 W ContextImpl: Calling a method in the system process without a qualified user: android.app.ContextImpl.sendBroadcastMultiplePermissions:1314 com.android.server.TelephonyRegistry.broadcastServiceStateChanged:3602 com.android.server.TelephonyRegistry.notifyServiceStateForPhoneId:1734 com.android.internal.telephony.ITelephonyRegistry$Stub.onTransact:550 android.os.Binder.execTransactInternal:1380 
06-06 09:41:00.206  3062  3600 W ContextImpl: Calling a method in the system process without a qualified user: android.app.ContextImpl.sendBroadcastMultiplePermissions:1314 com.android.server.TelephonyRegistry.broadcastServiceStateChanged:3611 com.android.server.TelephonyRegistry.notifyServiceStateForPhoneId:1734 com.android.internal.telephony.ITelephonyRegistry$Stub.onTransact:550 android.os.Binder.execTransactInternal:1380 
06-06 09:41:00.208  3062  3600 W ContextImpl: Calling a method in the system process without a qualified user: android.app.ContextImpl.sendBroadcastMultiplePermissions:1314 com.android.server.TelephonyRegistry.broadcastServiceStateChanged:3617 com.android.server.TelephonyRegistry.notifyServiceStateForPhoneId:1734 com.android.internal.telephony.ITelephonyRegistry$Stub.onTransact:550 android.os.Binder.execTransactInternal:1380 
06-06 09:41:00.242  3062  3062 V UiModeManager: updateLocked: null action, mDockState=0, category=null
06-06 09:41:00.242  3062  3062 D UiModeManager: updateConfigurationLocked: mDockState=0; mCarMode=false; mNightMode=2; mNightModeCustomType=-1; uiMode=33
06-06 09:41:00.363  3062 10253 D PowerManagerService: nativeReleaseSuspendBlocker name:PowerManagerService.WakeLocks duration ms: 0
06-06 09:41:01.218  3062  3888 D PowerManagerService: nativeAcquireSuspendBlocker name:PowerManagerService.WakeLocks duration ms: 1
06-06 09:41:01.230  3062  3888 D PowerManagerService: nativeReleaseSuspendBlocker name:PowerManagerService.WakeLocks duration ms: 0
06-06 09:41:09.825  3062  3941 W Looper  : Slow delivery took 624ms moto.fg h=com.motorola.server.perf.utils.CPUMonitor$1 c=null m=1
06-06 09:41:09.825  3062  3941 W Looper  : Drained
06-06 09:41:12.440  3062 10253 D PowerManagerService: nativeAcquireSuspendBlocker name:PowerManagerService.WakeLocks duration ms: 28
06-06 09:41:12.643  3062  4005 D PowerManagerService: nativeReleaseSuspendBlocker name:PowerManagerService.WakeLocks duration ms: 0
06-06 09:41:16.713  3062  3659 D ActivityManager: freezing 30486 com.google.android.gms, reason = oom_cached
06-06 09:41:23.859  3062  3659 D ActivityManager: freezing 920 com.google.android.cellbroadcastreceiver, reason = oom_cached
06-06 09:41:42.578  3062  3664 D PowerManagerService: nativeAcquireSuspendBlocker name:PowerManagerService.WakeLocks duration ms: 35
06-06 09:41:44.673  3062  4005 D PowerManagerService: nativeReleaseSuspendBlocker name:PowerManagerService.WakeLocks duration ms: 0
06-06 09:41:44.760  3062  4005 D PowerManagerService: nativeAcquireSuspendBlocker name:PowerManagerService.WakeLocks duration ms: 43
06-06 09:41:44.810  3062  3600 W ContextImpl: Calling a method in the system process without a qualified user: android.app.ContextImpl.sendBroadcast:1246 com.android.server.location.provider.LocationProviderManager$LocationRegistration$1.test:1004 com.android.server.location.provider.LocationProviderManager$LocationRegistration$1.test:958 android.location.LocationResult.filter:191 com.android.server.location.provider.LocationProviderManager$LocationRegistration.acceptLocationChange:957 
06-06 09:41:44.811  3062 10253 D PowerManagerService: nativeReleaseSuspendBlocker name:PowerManagerService.WakeLocks duration ms: 0
06-06 09:41:44.812  3062  3600 W ContextImpl: Calling a method in the system process without a qualified user: android.app.ContextImpl.sendBroadcast:1246 com.android.server.location.provider.LocationProviderManager$LocationRegistration$1.test:1004 com.android.server.location.provider.LocationProviderManager$LocationRegistration$1.test:958 android.location.LocationResult.filter:191 com.android.server.location.provider.LocationProviderManager$LocationRegistration.acceptLocationChange:957 
06-06 09:41:44.813  3062  3600 W ContextImpl: Calling a method in the system process without a qualified user: android.app.ContextImpl.sendBroadcast:1246 com.android.server.location.provider.LocationProviderManager$LocationRegistration$1.test:1004 com.android.server.location.provider.LocationProviderManager$LocationRegistration$1.test:958 android.location.LocationResult.filter:191 com.android.server.location.provider.LocationProviderManager$LocationRegistration.acceptLocationChange:957 
06-06 09:41:44.815  3062  3600 D PowerManagerService: nativeAcquireSuspendBlocker name:PowerManagerService.WakeLocks duration ms: 1
