06-06 09:28:41.080  3062  3518 D DisplayManagerService: Ignore redundant display event 0/2 to 10285/11899
06-06 09:28:41.081  3062  3518 D DisplayManagerService: Ignore redundant display event 0/2 to 10476/22492
06-06 09:28:41.081  3062  3569 D PowerManagerService: nativeSetAutoSuspend enable:true duration ms: 1
06-06 09:28:41.081  3062  3569 D PowerManagerService: nativeReleaseSuspendBlocker name:PowerManagerService.Display duration ms: 0
06-06 09:28:41.084  3062  3062 I BrightnessSynchronizer: New Update: {[768] 0.41102165(f), mUpdatedTypes=0, mConfirmedTypes=0, mTimeUpdated=0, mState=2}
06-06 09:28:42.283  3062  3659 D ActivityManager: freezing 920 com.google.android.cellbroadcastreceiver, reason = oom_cached
06-06 09:28:44.251  1326 14402 I keystore2: system/security/keystore2/src/watchdog.rs:319 - Watchdog thread idle -> terminating. Have a great day.
06-06 09:28:44.897  3062  3664 D PowerManagerService: nativeAcquireSuspendBlocker name:PowerManagerService.WakeLocks duration ms: 2
06-06 09:28:45.689  3062  7367 D PowerManagerService: nativeReleaseSuspendBlocker name:PowerManagerService.WakeLocks duration ms: 1
06-06 09:28:50.758  3062  7367 D PowerManagerService: nativeAcquireSuspendBlocker name:PowerManagerService.WakeLocks duration ms: 1
06-06 09:28:53.762  3062  4047 D PowerManagerService: nativeReleaseSuspendBlocker name:PowerManagerService.WakeLocks duration ms: 0
06-06 09:28:54.375  3062  4047 D CompatibilityChangeReporter: Compat change id reported: 161252188; UID 10285; state: DISABLED
06-06 09:28:54.399  3062  4047 D CompatibilityChangeReporter: Compat change id reported: 161252188; UID 10289; state: DISABLED
06-06 09:28:54.401  3062  4047 D CompatibilityChangeReporter: Compat change id reported: 161252188; UID 10228; state: DISABLED
06-06 09:28:54.406  3062  4047 D CompatibilityChangeReporter: Compat change id reported: 161252188; UID 10381; state: DISABLED
06-06 09:28:54.419  3062  4047 D CompatibilityChangeReporter: Compat change id reported: 161252188; UID 10280; state: DISABLED
06-06 09:28:54.494  3062  3525 D ActivityManager: unfreezing ProcessRecord{932e232 9842:udc.lenovo.com.udclient/u0a181}, reason = unfreezeTemporarily, adj = 985, adjType = cch-empty, adjSource = null
06-06 09:28:54.494  3062  3525 D ActivityManager: sync unfroze 9842 udc.lenovo.com.udclient for 3
06-06 09:28:54.496  3062  3664 D PowerManagerService: nativeAcquireSuspendBlocker name:PowerManagerService.WakeLocks duration ms: 2
06-06 09:28:54.540  3062  3062 D PowerManagerService: nativeReleaseSuspendBlocker name:PowerManagerService.WakeLocks duration ms: 1
06-06 09:29:02.980  3062  7367 D PowerManagerService: nativeAcquireSuspendBlocker name:PowerManagerService.WakeLocks duration ms: 1
06-06 09:29:03.183  3062  7367 D PowerManagerService: nativeReleaseSuspendBlocker name:PowerManagerService.WakeLocks duration ms: 0
06-06 09:29:03.408  1572  1683 E NetlinkEvent: NetlinkEvent::FindParam(): Parameter 'INTERFACE' not found
06-06 09:29:03.408  1572  1683 E NetlinkEvent: NetlinkEvent::FindParam(): Parameter 'STATE' not found
06-06 09:29:03.408  1572  1683 E NetlinkEvent: NetlinkEvent::FindParam(): Parameter 'TIME_NS' not found
06-06 09:29:03.408  1572  1683 E NetlinkEvent: NetlinkEvent::FindParam(): Parameter 'UID' not found
06-06 09:29:08.476  3062  7367 D PowerManagerService: nativeAcquireSuspendBlocker name:PowerManagerService.WakeLocks duration ms: 1
06-06 09:29:08.681  3062  7367 D PowerManagerService: nativeReleaseSuspendBlocker name:PowerManagerService.WakeLocks duration ms: 0
06-06 09:29:10.930  3062  7367 D PowerManagerService: nativeAcquireSuspendBlocker name:PowerManagerService.WakeLocks duration ms: 42
06-06 09:29:10.992  3062  7367 W ContextImpl: Calling a method in the system process without a qualified user: android.app.ContextImpl.sendBroadcastMultiplePermissions:1281 android.content.Context.sendBroadcastMultiplePermissions:2476 com.android.server.TelephonyRegistry.broadcastServiceStateChanged:3597 com.android.server.TelephonyRegistry.notifyServiceStateForPhoneId:1734 com.android.internal.telephony.ITelephonyRegistry$Stub.onTransact:550 
06-06 09:29:10.993  3062  7367 W ContextImpl: Calling a method in the system process without a qualified user: android.app.ContextImpl.sendBroadcastMultiplePermissions:1314 com.android.server.TelephonyRegistry.broadcastServiceStateChanged:3602 com.android.server.TelephonyRegistry.notifyServiceStateForPhoneId:1734 com.android.internal.telephony.ITelephonyRegistry$Stub.onTransact:550 android.os.Binder.execTransactInternal:1380 
06-06 09:29:10.994  3062  7367 W ContextImpl: Calling a method in the system process without a qualified user: android.app.ContextImpl.sendBroadcastMultiplePermissions:1314 com.android.server.TelephonyRegistry.broadcastServiceStateChanged:3611 com.android.server.TelephonyRegistry.notifyServiceStateForPhoneId:1734 com.android.internal.telephony.ITelephonyRegistry$Stub.onTransact:550 android.os.Binder.execTransactInternal:1380 
06-06 09:29:10.995  3062  7367 W ContextImpl: Calling a method in the system process without a qualified user: android.app.ContextImpl.sendBroadcastMultiplePermissions:1314 com.android.server.TelephonyRegistry.broadcastServiceStateChanged:3617 com.android.server.TelephonyRegistry.notifyServiceStateForPhoneId:1734 com.android.internal.telephony.ITelephonyRegistry$Stub.onTransact:550 android.os.Binder.execTransactInternal:1380 
06-06 09:29:10.996  3062  3525 D ActivityManager: unfreezing ProcessRecord{c29dd6 920:com.google.android.cellbroadcastreceiver/u0a367}, reason = unfreezeTemporarily, adj = 925, adjType = cch-empty, adjSource = null
06-06 09:29:10.997  3062  3525 D ActivityManager: sync unfroze 920 com.google.android.cellbroadcastreceiver for 3
06-06 09:29:11.157  3062  4047 D PowerManagerService: nativeReleaseSuspendBlocker name:PowerManagerService.WakeLocks duration ms: 0
06-06 09:29:12.516  3062  3659 D ActivityManager: freezing 9370 com.motorola.aiservices, reason = oom_cached
06-06 09:29:12.611  3062  3888 D PowerManagerService: nativeAcquireSuspendBlocker name:PowerManagerService.WakeLocks duration ms: 1
06-06 09:29:12.622  3062  3888 D PowerManagerService: nativeReleaseSuspendBlocker name:PowerManagerService.WakeLocks duration ms: 0
06-06 09:29:12.646  3062  3659 D ActivityManager: freezing 31514 android.process.acore, reason = oom_cached
06-06 09:29:12.656  3062  3888 D PowerManagerService: nativeAcquireSuspendBlocker name:PowerManagerService.WakeLocks duration ms: 1
06-06 09:29:12.660  3062  3888 D PowerManagerService: nativeReleaseSuspendBlocker name:PowerManagerService.WakeLocks duration ms: 0
06-06 09:29:15.646  3062  4047 D PowerManagerService: nativeAcquireSuspendBlocker name:PowerManagerService.WakeLocks duration ms: 31
06-06 09:29:15.850  3062  7340 D PowerManagerService: nativeReleaseSuspendBlocker name:PowerManagerService.WakeLocks duration ms: 0
06-06 09:29:19.521  3062  7340 D PowerManagerService: nativeAcquireSuspendBlocker name:PowerManagerService.WakeLocks duration ms: 53
06-06 09:29:19.728  3062  4047 D PowerManagerService: nativeReleaseSuspendBlocker name:PowerManagerService.WakeLocks duration ms: 0
06-06 09:29:29.265  3062  3664 D PowerManagerService: nativeAcquireSuspendBlocker name:PowerManagerService.WakeLocks duration ms: 50
06-06 09:29:29.285  3062  3624 D CompatibilityChangeReporter: Compat change id reported: 135634846; UID 10162; state: DISABLED
06-06 09:29:29.285  3062  3624 D CompatibilityChangeReporter: Compat change id reported: 177438394; UID 10162; state: DISABLED
06-06 09:29:29.285  3062  3624 D CompatibilityChangeReporter: Compat change id reported: 135772972; UID 10162; state: DISABLED
06-06 09:29:29.285  3062  3624 D CompatibilityChangeReporter: Compat change id reported: 135754954; UID 10162; state: ENABLED
06-06 09:29:29.286  3062  3526 D CompatibilityChangeReporter: Compat change id reported: 143937733; UID 10162; state: ENABLED
06-06 09:29:29.290  3062  3624 D CompatibilityChangeReporter: Compat change id reported: 135634846; UID 10210; state: DISABLED
06-06 09:29:29.291  3062  3624 D CompatibilityChangeReporter: Compat change id reported: 177438394; UID 10210; state: DISABLED
06-06 09:29:29.291  3062  3624 D CompatibilityChangeReporter: Compat change id reported: 135772972; UID 10210; state: DISABLED
06-06 09:29:29.291  3062  3624 D CompatibilityChangeReporter: Compat change id reported: 135754954; UID 10210; state: ENABLED
06-06 09:29:29.298  3062  3624 D ActivityManager: unfreezing ProcessRecord{e51ccf3 22492:in.amazon.mShop.android.shopping/u0a476}, reason = oom_uncached, adj = 0, adjType = service, adjSource = ProcessRecord{c1f5aec 3062:system/1000}
06-06 09:29:29.302  3062  3624 D ActivityManager: sync unfroze 22492 in.amazon.mShop.android.shopping for 6
06-06 09:29:29.303  3062  3624 D ActivityManager: unfreezing ProcessRecord{b18772b 22665:com.google.android.webview:sandboxed_process0:org.chromium.content.app.SandboxedProcessService0:0/u0a476i100}, reason = shouldNotFreeze_service_3: ProcessRecord{e51ccf3 22492:in.amazon.mShop.android.shopping/u0a476}, adj = 0, adjType = service, adjSource = ProcessRecord{e51ccf3 22492:in.amazon.mShop.android.shopping/u0a476}
06-06 09:29:29.303  3062  3624 D ActivityManager: sync unfroze 22665 com.google.android.webview:sandboxed_process0:org.chromium.content.app.SandboxedProcessService0:0 for 6
06-06 09:29:29.303  3062  3624 W ProcessStats: Tracking association SourceState{288b7f8 in.amazon.mShop.android.shopping/10476 ImpBg #258379} whose proc state 6 is better than process ProcessState{18d606f com.android.vending/10207 pkg=com.android.vending} proc state 14 (82 skipped)
06-06 09:29:29.314  3062  3526 I ActivityManager: Start proc 14576:com.google.android.partnersetup/u0a162 for service {com.google.android.partnersetup/com.google.android.partnersetup.InstalledAppJobService}
06-06 09:29:29.314  3062  3526 D CompatibilityChangeReporter: Compat change id reported: 143937733; UID 10210; state: ENABLED
06-06 09:29:29.323  3062  3526 I ActivityManager: Start proc 14585:com.google.android.apps.turbo:aab/u0a210 for service {com.google.android.apps.turbo/com.google.android.libraries.smartbattery.appusage.library.InferAppBucketsJob}
06-06 09:29:29.329  3062  7340 D CompatibilityChangeReporter: Compat change id reported: 168419799; UID 10162; state: DISABLED
06-06 09:29:29.329  3062  7340 D CompatibilityChangeReporter: Compat change id reported: 273564678; UID 10162; state: DISABLED
06-06 09:29:29.333  3062  3624 D CompatibilityChangeReporter: Compat change id reported: 265195908; UID 10162; state: ENABLED
06-06 09:29:29.342  3062  7340 D CompatibilityChangeReporter: Compat change id reported: 168419799; UID 10210; state: DISABLED
06-06 09:29:29.342  3062  7340 D CompatibilityChangeReporter: Compat change id reported: 273564678; UID 10210; state: DISABLED
06-06 09:29:29.343  3062  3624 D CompatibilityChangeReporter: Compat change id reported: 265195908; UID 10210; state: ENABLED
06-06 09:29:29.351  3062  7340 D CompatibilityChangeReporter: Compat change id reported: 170503758; UID 10162; state: ENABLED
06-06 09:29:29.355  3062  7340 D CompatibilityChangeReporter: Compat change id reported: 170503758; UID 10210; state: ENABLED
06-06 09:29:29.505  3062  7367 I ActivityManager: Flag disabled. Ignoring finishAttachApplication from uid: 10210. pid: 14585
06-06 09:29:29.517  3062  4047 D CompatibilityChangeReporter: Compat change id reported: 161145287; UID 10210; state: DISABLED
06-06 09:29:29.524  3062  7340 D CompatibilityChangeReporter: Compat change id reported: 253665015; UID 10162; state: ENABLED
06-06 09:29:29.524  3062  7340 D CompatibilityChangeReporter: Compat change id reported: 194532703; UID 10162; state: ENABLED
06-06 09:29:29.526  3062  7367 I ActivityManager: Flag disabled. Ignoring finishAttachApplication from uid: 10162. pid: 14576
06-06 09:29:29.615  3062  4047 D ActivityManager: unfreezing ProcessRecord{5e855a3 2601:com.google.process.gservices/u0a192}, reason = oom_uncached, adj = 250, adjType = provider, adjSource = ProcessRecord{f7a78cf 14576:com.google.android.partnersetup/u0a162}
06-06 09:29:29.615  3062  4047 D ActivityManager: sync unfroze 2601 com.google.process.gservices for 7
06-06 09:29:29.661  3062  4047 D CompatibilityChangeReporter: Compat change id reported: 261072174; UID 10162; state: ENABLED
06-06 09:29:29.680  3062  7340 W JobScheduler: Job didn't exist in JobStore: aa7dd29 #u0a162/4096 com.google.android.partnersetup/.InstalledAppJobService
06-06 09:29:29.688  3062  7340 I ActivityManager: Killing 5976:com.motorola.dynamicvolume/u0a170 (adj 999, setSvc -10000): empty #31
06-06 09:29:29.714  3062  4005 I ActivityManager: appDiedLocked: app=ProcessRecord{eb9e04d 5976:com.motorola.dynamicvolume/u0a170} thread=android.os.BinderProxy@119d7cb fromBinderDied=true isKilledByAm=true reason=null
06-06 09:29:29.715  3062  4005 D RestartModeController: markWaitRestartAppIsSuicided null processName=com.motorola.dynamicvolume
06-06 09:29:29.716  3062  4005 D ActivityTaskManager: handleAppDied: uid=10170,diedCount=1,lastDiedTime=75348660,forceStopUids=false
06-06 09:29:29.716  3062  3516 D DisplayManagerService: Drop pending events for gone uid 10170
06-06 09:29:29.775  3062  4005 D CompatibilityChangeReporter: Compat change id reported: 218533173; UID 10289; state: ENABLED
06-06 09:29:29.775  3062  4005 D CompatibilityChangeReporter: Compat change id reported: 262645982; UID 10289; state: ENABLED
06-06 09:29:29.776  3062  4005 D CompatibilityChangeReporter: Compat change id reported: 218533173; UID 10228; state: ENABLED
06-06 09:29:29.776  3062  4005 D CompatibilityChangeReporter: Compat change id reported: 262645982; UID 10228; state: ENABLED
06-06 09:29:29.777  3062  4005 D CompatibilityChangeReporter: Compat change id reported: 218533173; UID 10200; state: ENABLED
06-06 09:29:29.777  3062  4005 D CompatibilityChangeReporter: Compat change id reported: 262645982; UID 10200; state: ENABLED
06-06 09:29:29.779  3062  4005 D CompatibilityChangeReporter: Compat change id reported: 218533173; UID 10504; state: ENABLED
06-06 09:29:29.779  3062  4005 D CompatibilityChangeReporter: Compat change id reported: 262645982; UID 10504; state: ENABLED
06-06 09:29:29.780  3062  4005 D CompatibilityChangeReporter: Compat change id reported: 218533173; UID 10381; state: ENABLED
06-06 09:29:29.780  3062  4005 D CompatibilityChangeReporter: Compat change id reported: 262645982; UID 10381; state: ENABLED
06-06 09:29:29.781  3062  4005 D CompatibilityChangeReporter: Compat change id reported: 218533173; UID 10280; state: ENABLED
06-06 09:29:29.781  3062  4005 D CompatibilityChangeReporter: Compat change id reported: 262645982; UID 10280; state: ENABLED
06-06 09:29:29.781  3062  4005 D CompatibilityChangeReporter: Compat change id reported: 218533173; UID 10365; state: ENABLED
06-06 09:29:29.782  3062  4005 D CompatibilityChangeReporter: Compat change id reported: 262645982; UID 10365; state: ENABLED
06-06 09:29:29.782  3062  4005 D CompatibilityChangeReporter: Compat change id reported: 218533173; UID 10522; state: ENABLED
06-06 09:29:29.782  3062  4005 D CompatibilityChangeReporter: Compat change id reported: 262645982; UID 10522; state: ENABLED
06-06 09:29:29.782  3062  4005 D CompatibilityChangeReporter: Compat change id reported: 218533173; UID 10178; state: ENABLED
06-06 09:29:29.783  3062  4005 D CompatibilityChangeReporter: Compat change id reported: 262645982; UID 10178; state: ENABLED
06-06 09:29:29.784  3062  4005 D CompatibilityChangeReporter: Compat change id reported: 218533173; UID 10285; state: ENABLED
06-06 09:29:29.784  3062  4005 D CompatibilityChangeReporter: Compat change id reported: 262645982; UID 10285; state: ENABLED
06-06 09:29:29.785  3062  4005 D CompatibilityChangeReporter: Compat change id reported: 218533173; UID 10469; state: ENABLED
06-06 09:29:29.785  3062  4005 D CompatibilityChangeReporter: Compat change id reported: 262645982; UID 10469; state: ENABLED
06-06 09:29:29.815  3062  7340 D CompatibilityChangeReporter: Compat change id reported: 253665015; UID 10210; state: DISABLED
06-06 09:29:29.816  3062  7340 D CompatibilityChangeReporter: Compat change id reported: 194532703; UID 10210; state: ENABLED
06-06 09:29:29.817  3062  4005 I ActivityManager: Killing 5923:com.qualcomm.qtil.btdsda/u0a347 (adj 999, setSvc -10000): empty #31
06-06 09:29:29.841  3062  4005 I ActivityManager: appDiedLocked: app=ProcessRecord{c4380d3 5923:com.qualcomm.qtil.btdsda/u0a347} thread=android.os.BinderProxy@6a35fec fromBinderDied=true isKilledByAm=true reason=null
06-06 09:29:29.841  3062  4005 D RestartModeController: markWaitRestartAppIsSuicided null processName=com.qualcomm.qtil.btdsda
06-06 09:29:29.842  3062  4005 D ActivityTaskManager: handleAppDied: uid=10347,diedCount=1,lastDiedTime=75514639,forceStopUids=false
06-06 09:29:29.842  3062  3516 D DisplayManagerService: Drop pending events for gone uid 10347
06-06 09:29:29.927  3062  4005 D CompatibilityChangeReporter: Compat change id reported: 135634846; UID 10192; state: DISABLED
06-06 09:29:29.927  3062  4005 D CompatibilityChangeReporter: Compat change id reported: 177438394; UID 10192; state: DISABLED
06-06 09:29:29.927  3062  4005 D CompatibilityChangeReporter: Compat change id reported: 135772972; UID 10192; state: DISABLED
06-06 09:29:29.928  3062  4005 D CompatibilityChangeReporter: Compat change id reported: 135754954; UID 10192; state: ENABLED
06-06 09:29:29.928  3062  3526 D CompatibilityChangeReporter: Compat change id reported: 143937733; UID 10192; state: ENABLED
06-06 09:29:29.942  3062  3526 I ActivityManager: Start proc 14637:com.google.process.gapps/u0a192 for content provider {com.google.android.gsf/com.google.android.gsf.settings.GoogleSettingsProvider}
06-06 09:29:29.960  3062  4005 D CompatibilityChangeReporter: Compat change id reported: 168419799; UID 10192; state: DISABLED
06-06 09:29:29.961  3062  4005 D CompatibilityChangeReporter: Compat change id reported: 273564678; UID 10192; state: DISABLED
06-06 09:29:29.966  3062  4005 D CompatibilityChangeReporter: Compat change id reported: 170503758; UID 10192; state: ENABLED
06-06 09:29:30.051  3062  5813 I ActivityManager: Flag disabled. Ignoring finishAttachApplication from uid: 10192. pid: 14637
06-06 09:29:30.144  3062  3525 D ActivityManager: unfreezing ProcessRecord{d4f3c3 12106:com.android.chrome:sandboxed_process0:org.chromium.content.app.SandboxedProcessService0:0/u0a285i-9000}, reason = unfreezeTemporarily, adj = 985, adjType = cch-empty, adjSource = null
06-06 09:29:30.145  3062  3525 D ActivityManager: sync unfroze 12106 com.android.chrome:sandboxed_process0:org.chromium.content.app.SandboxedProcessService0:0 for 3
06-06 09:29:30.145  3062  3525 D ActivityManager: unfreezing ProcessRecord{bb9b587 6924:com.google.android.adservices.api/u0a357}, reason = unfreezeTemporarily, adj = 925, adjType = cch-empty, adjSource = null
06-06 09:29:30.146  3062  3525 D ActivityManager: sync unfroze 6924 com.google.android.adservices.api for 3
06-06 09:29:30.146  3062  3525 D ActivityManager: unfreezing ProcessRecord{e94a4a7 12034:com.android.chrome:privileged_process0/u0a285}, reason = unfreezeTemporarily, adj = 935, adjType = cch-empty, adjSource = null
06-06 09:29:30.146  3062  3525 D ActivityManager: sync unfroze 12034 com.android.chrome:privileged_process0 for 3
06-06 09:29:30.147  3062  3525 D ActivityManager: unfreezing ProcessRecord{f761cf3 11899:com.android.chrome/u0a285}, reason = unfreezeTemporarily, adj = 935, adjType = cch-empty, adjSource = null
06-06 09:29:30.147  3062  3525 D ActivityManager: sync unfroze 11899 com.android.chrome for 3
06-06 09:29:30.169  3062  5813 D CompatibilityChangeReporter: Compat change id reported: 170503758; UID 10285; state: ENABLED
06-06 09:29:30.301  3062  7367 I ActivityManager: Killing 7460:com.android.providers.calendar/u0a130 (adj 999, setSvc -10000): empty #31
06-06 09:29:30.325  3062  4005 I ActivityManager: appDiedLocked: app=ProcessRecord{d1c6837 7460:com.android.providers.calendar/u0a130} thread=android.os.BinderProxy@5743655 fromBinderDied=true isKilledByAm=true reason=null
06-06 09:29:30.326  3062  4005 D RestartModeController: markWaitRestartAppIsSuicided null processName=com.android.providers.calendar
06-06 09:29:30.328  3062  3516 D DisplayManagerService: Drop pending events for gone uid 10130
06-06 09:29:30.330  3062  4005 D ActivityTaskManager: handleAppDied: uid=10130,diedCount=1,lastDiedTime=111252227,forceStopUids=false
06-06 09:29:32.458  3062  3659 D ActivityManager: freezing 920 com.google.android.cellbroadcastreceiver, reason = oom_cached
06-06 09:29:33.384  3062  3659 D ActivityManager: freezing 9842 udc.lenovo.com.udclient, reason = oom_cached
06-06 09:29:34.038  3062  5813 D PowerManagerService: nativeReleaseSuspendBlocker name:PowerManagerService.WakeLocks duration ms: 1
06-06 09:29:34.647  3062  7367 D CompatibilityChangeReporter: Compat change id reported: 261072174; UID 10210; state: DISABLED
06-06 09:29:34.663  3062  5813 D CompatibilityChangeReporter: Compat change id reported: 261072174; UID 10192; state: ENABLED
06-06 09:29:42.174  3062  3620 D BatteryService: uevent={POWER_SUPPLY_POWER_AVG=38447079, POWER_SUPPLY_VOLTAGE_NOW=4319034, POWER_SUPPLY_POWER_NOW=51382261, POWER_SUPPLY_CHARGE_CONTROL_LIMIT_MAX=11, POWER_SUPPLY_TYPE=Battery, POWER_SUPPLY_HEALTH=Good, POWER_SUPPLY_TECHNOLOGY=Li-ion, POWER_SUPPLY_CHARGE_FULL_DESIGN=4846000, SEQNUM=22013, POWER_SUPPLY_CHARGE_CONTROL_LIMIT=0, POWER_SUPPLY_MODEL_NAME=5371113_LENOVO_NINGDE_4800MAH_AVERAGED_MASTERSLAVE_SEPT17TH2021, POWER_SUPPLY_STATUS=Discharging, POWER_SUPPLY_CYCLE_COUNT=6, POWER_SUPPLY_CAPACITY=95, DEVPATH=/devices/platform/soc/soc:qcom,pmic_glink/soc:qcom,pmic_glink:qcom,battery_charger/power_supply/battery, POWER_SUPPLY_CHARGE_TYPE=N/A, POWER_SUPPLY_CURRENT_NOW=-169680, POWER_SUPPLY_TIME_TO_FULL_AVG=-1, POWER_SUPPLY_PRESENT=1, POWER_SUPPLY_CHARGE_FULL=3578000, POWER_SUPPLY_TIME_TO_FULL_NOW=-1, SUBSYSTEM=power_supply, POWER_SUPPLY_VOLTAGE_OCV=4398748, POWER_SUPPLY_TEMP=360, ACTION=change, POWER_SUPPLY_NAME=battery, POWER_SUPPLY_VOLTAGE_MAX=4450000, POWER_SUPPLY_CHARGE_COUNTER=3415916, POWER_SUPPLY_TIME_TO_EMPTY_AVG=51960}
06-06 09:29:42.175  3062  3620 D BatteryService: uevent={POWER_SUPPLY_POWER_AVG=38447079, POWER_SUPPLY_VOLTAGE_NOW=4319034, POWER_SUPPLY_POWER_NOW=51382261, POWER_SUPPLY_CHARGE_CONTROL_LIMIT_MAX=11, POWER_SUPPLY_TYPE=Battery, POWER_SUPPLY_HEALTH=Good, POWER_SUPPLY_TECHNOLOGY=Li-ion, POWER_SUPPLY_CHARGE_FULL_DESIGN=4846000, SEQNUM=22013, POWER_SUPPLY_CHARGE_CONTROL_LIMIT=0, POWER_SUPPLY_MODEL_NAME=5371113_LENOVO_NINGDE_4800MAH_AVERAGED_MASTERSLAVE_SEPT17TH2021, POWER_SUPPLY_STATUS=Discharging, POWER_SUPPLY_CYCLE_COUNT=6, POWER_SUPPLY_CAPACITY=95, DEVPATH=/devices/platform/soc/soc:qcom,pmic_glink/soc:qcom,pmic_glink:qcom,battery_charger/power_supply/battery, POWER_SUPPLY_CHARGE_TYPE=N/A, POWER_SUPPLY_CURRENT_NOW=-169680, POWER_SUPPLY_TIME_TO_FULL_AVG=-1, POWER_SUPPLY_PRESENT=1, POWER_SUPPLY_CHARGE_FULL=3578000, POWER_SUPPLY_TIME_TO_FULL_NOW=-1, SUBSYSTEM=power_supply, POWER_SUPPLY_VOLTAGE_OCV=4398748, POWER_SUPPLY_TEMP=360, ACTION=change, POWER_SUPPLY_NAME=battery, POWER_SUPPLY_VOLTAGE_MAX=4450000, POWER_SUPPLY_CHARGE_COUNTER=3415916, POWER_SUPPLY_TIME_TO_EMPTY_AVG=51960}
06-06 09:29:42.179  3062  3062 V UiModeManager: updateLocked: null action, mDockState=0, category=null
06-06 09:29:42.179  3062  3062 D UiModeManager: updateConfigurationLocked: mDockState=0; mCarMode=false; mNightMode=2; mNightModeCustomType=-1; uiMode=33
06-06 09:29:42.182  3062  3062 V UiModeManager: updateLocked: null action, mDockState=0, category=null
06-06 09:29:42.182  3062  3062 D UiModeManager: updateConfigurationLocked: mDockState=0; mCarMode=false; mNightMode=2; mNightModeCustomType=-1; uiMode=33
06-06 09:29:42.193  3062  7340 D CompatibilityChangeReporter: Compat change id reported: 161145287; UID 10162; state: ENABLED
06-06 09:29:42.196  3062  3062 V UiModeManager: updateLocked: null action, mDockState=0, category=null
06-06 09:29:42.196  3062  3062 D UiModeManager: updateConfigurationLocked: mDockState=0; mCarMode=false; mNightMode=2; mNightModeCustomType=-1; uiMode=33
06-06 09:29:42.196  3062  3525 D ActivityManager: unfreezing ProcessRecord{7ad23c 6643:com.android.settings/1000}, reason = unfreezeTemporarily, adj = 955, adjType = cch-empty, adjSource = null
06-06 09:29:42.197  3062  3525 D ActivityManager: sync unfroze 6643 com.android.settings for 3
06-06 09:29:42.198  3062  3525 D ActivityManager: unfreezing ProcessRecord{8d45c2b 6657:com.google.android.apps.turbo/u0a210}, reason = unfreezeTemporarily, adj = 915, adjType = cch-empty, adjSource = null
06-06 09:29:42.198  3062  3525 D ActivityManager: sync unfroze 6657 com.google.android.apps.turbo for 3
06-06 09:29:42.223  3062  5813 D PowerManagerService: nativeAcquireSuspendBlocker name:PowerManagerService.WakeLocks duration ms: 2
06-06 09:29:42.697  3062  7367 D CompatibilityChangeReporter: Compat change id reported: 161145287; UID 10192; state: ENABLED
06-06 09:29:43.001  3062  7367 D PowerManagerService: nativeReleaseSuspendBlocker name:PowerManagerService.WakeLocks duration ms: 1
06-06 09:29:47.898  3062  5813 W ContextImpl: Calling a method in the system process without a qualified user: android.app.ContextImpl.sendBroadcastMultiplePermissions:1281 android.content.Context.sendBroadcastMultiplePermissions:2476 com.android.server.TelephonyRegistry.broadcastServiceStateChanged:3597 com.android.server.TelephonyRegistry.notifyServiceStateForPhoneId:1734 com.android.internal.telephony.ITelephonyRegistry$Stub.onTransact:550 
06-06 09:29:47.898  3062  5813 W ContextImpl: Calling a method in the system process without a qualified user: android.app.ContextImpl.sendBroadcastMultiplePermissions:1314 com.android.server.TelephonyRegistry.broadcastServiceStateChanged:3602 com.android.server.TelephonyRegistry.notifyServiceStateForPhoneId:1734 com.android.internal.telephony.ITelephonyRegistry$Stub.onTransact:550 android.os.Binder.execTransactInternal:1380 
06-06 09:29:47.899  3062  5813 W ContextImpl: Calling a method in the system process without a qualified user: android.app.ContextImpl.sendBroadcastMultiplePermissions:1314 com.android.server.TelephonyRegistry.broadcastServiceStateChanged:3611 com.android.server.TelephonyRegistry.notifyServiceStateForPhoneId:1734 com.android.internal.telephony.ITelephonyRegistry$Stub.onTransact:550 android.os.Binder.execTransactInternal:1380 
06-06 09:29:47.899  3062  5813 W ContextImpl: Calling a method in the system process without a qualified user: android.app.ContextImpl.sendBroadcastMultiplePermissions:1314 com.android.server.TelephonyRegistry.broadcastServiceStateChanged:3617 com.android.server.TelephonyRegistry.notifyServiceStateForPhoneId:1734 com.android.internal.telephony.ITelephonyRegistry$Stub.onTransact:550 android.os.Binder.execTransactInternal:1380 
06-06 09:29:47.900  3062  3525 D ActivityManager: unfreezing ProcessRecord{c29dd6 920:com.google.android.cellbroadcastreceiver/u0a367}, reason = unfreezeTemporarily, adj = 925, adjType = cch-empty, adjSource = null
06-06 09:29:47.900  3062  3525 D ActivityManager: sync unfroze 920 com.google.android.cellbroadcastreceiver for 3
06-06 09:29:47.928  3062  5813 D PowerManagerService: nativeAcquireSuspendBlocker name:PowerManagerService.WakeLocks duration ms: 0
06-06 09:29:48.129  3062  7367 D PowerManagerService: nativeReleaseSuspendBlocker name:PowerManagerService.WakeLocks duration ms: 0
06-06 09:29:48.663  3062  3659 D ActivityManager: freezing 14585 com.google.android.apps.turbo:aab, reason = oom_cached
06-06 09:29:48.782  1572  1683 E NetlinkEvent: NetlinkEvent::FindParam(): Parameter 'INTERFACE' not found
06-06 09:29:48.782  1572  1683 E NetlinkEvent: NetlinkEvent::FindParam(): Parameter 'STATE' not found
06-06 09:29:48.782  1572  1683 E NetlinkEvent: NetlinkEvent::FindParam(): Parameter 'TIME_NS' not found
06-06 09:29:48.782  1572  1683 E NetlinkEvent: NetlinkEvent::FindParam(): Parameter 'UID' not found
06-06 09:29:49.159  3062  3659 D ActivityManager: freezing 12106 com.android.chrome:sandboxed_process0:org.chromium.content.app.SandboxedProcessService0:0, reason = oom_cached
06-06 09:29:49.161  3062  3659 D ActivityManager: freezing 6924 com.google.android.adservices.api, reason = oom_cached
06-06 09:29:49.164  3062  3659 D ActivityManager: freezing 12034 com.android.chrome:privileged_process0, reason = oom_cached
06-06 09:29:49.195  3062  3659 D ActivityManager: freezing 11899 com.android.chrome, reason = oom_cached
06-06 09:29:49.209  3062  5813 D PowerManagerService: nativeAcquireSuspendBlocker name:PowerManagerService.WakeLocks duration ms: 43
06-06 09:29:49.261  3062  4005 W ContextImpl: Calling a method in the system process without a qualified user: android.app.ContextImpl.sendBroadcastMultiplePermissions:1281 android.content.Context.sendBroadcastMultiplePermissions:2476 com.android.server.TelephonyRegistry.broadcastServiceStateChanged:3597 com.android.server.TelephonyRegistry.notifyServiceStateForPhoneId:1734 com.android.internal.telephony.ITelephonyRegistry$Stub.onTransact:550 
06-06 09:29:49.261  3062  4005 W ContextImpl: Calling a method in the system process without a qualified user: android.app.ContextImpl.sendBroadcastMultiplePermissions:1314 com.android.server.TelephonyRegistry.broadcastServiceStateChanged:3602 com.android.server.TelephonyRegistry.notifyServiceStateForPhoneId:1734 com.android.internal.telephony.ITelephonyRegistry$Stub.onTransact:550 android.os.Binder.execTransactInternal:1380 
06-06 09:29:49.262  3062  4005 W ContextImpl: Calling a method in the system process without a qualified user: android.app.ContextImpl.sendBroadcastMultiplePermissions:1314 com.android.server.TelephonyRegistry.broadcastServiceStateChanged:3611 com.android.server.TelephonyRegistry.notifyServiceStateForPhoneId:1734 com.android.internal.telephony.ITelephonyRegistry$Stub.onTransact:550 android.os.Binder.execTransactInternal:1380 
06-06 09:29:49.262  3062  4005 W ContextImpl: Calling a method in the system process without a qualified user: android.app.ContextImpl.sendBroadcastMultiplePermissions:1314 com.android.server.TelephonyRegistry.broadcastServiceStateChanged:3617 com.android.server.TelephonyRegistry.notifyServiceStateForPhoneId:1734 com.android.internal.telephony.ITelephonyRegistry$Stub.onTransact:550 android.os.Binder.execTransactInternal:1380 
06-06 09:29:49.365  3062  3659 D ActivityManager: freezing 14576 com.google.android.partnersetup, reason = oom_cached
06-06 09:29:49.366  3062  3659 D ActivityManager: freezing 14637 com.google.process.gapps, reason = oom_cached
06-06 09:29:49.367  3062  3659 D ActivityManager: freezing 2601 com.google.process.gservices, reason = oom_cached
06-06 09:29:49.441  3062  7340 D PowerManagerService: nativeReleaseSuspendBlocker name:PowerManagerService.WakeLocks duration ms: 0
06-06 09:29:51.666  3062  3888 D PowerManagerService: nativeAcquireSuspendBlocker name:PowerManagerService.WakeLocks duration ms: 2
06-06 09:29:51.680  3062  3888 D PowerManagerService: nativeReleaseSuspendBlocker name:PowerManagerService.WakeLocks duration ms: 1
06-06 09:29:53.208  3062  7340 D PowerManagerService: nativeAcquireSuspendBlocker name:PowerManagerService.WakeLocks duration ms: 1
06-06 09:29:53.413  3062  7340 D PowerManagerService: nativeReleaseSuspendBlocker name:PowerManagerService.WakeLocks duration ms: 1
06-06 09:29:57.507  3062  7340 D PowerManagerService: nativeAcquireSuspendBlocker name:PowerManagerService.WakeLocks duration ms: 48
06-06 09:29:57.641  3062  3659 D ActivityManager: freezing 22492 in.amazon.mShop.android.shopping, reason = oom_cached
06-06 09:29:57.653  3062  3659 D ActivityManager: freezing 22665 com.google.android.webview:sandboxed_process0:org.chromium.content.app.SandboxedProcessService0:0, reason = oom_cached
06-06 09:29:57.711  3062  7340 D PowerManagerService: nativeReleaseSuspendBlocker name:PowerManagerService.WakeLocks duration ms: 1
06-06 09:29:58.134  1326 14636 I keystore2: system/security/keystore2/src/watchdog.rs:319 - Watchdog thread idle -> terminating. Have a great day.
06-06 09:29:58.142  3062  3941 W Looper  : Slow delivery took 276ms moto.fg h=com.motorola.server.perf.utils.CPUMonitor$1 c=null m=1
06-06 09:29:58.142  3062  3941 W Looper  : Drained
06-06 09:29:59.311  3062  7340 D PowerManagerService: nativeAcquireSuspendBlocker name:PowerManagerService.WakeLocks duration ms: 2
06-06 09:29:59.361  3062  3600 W ContextImpl: Calling a method in the system process without a qualified user: android.app.ContextImpl.sendBroadcastMultiplePermissions:1281 android.content.Context.sendBroadcastMultiplePermissions:2476 com.android.server.TelephonyRegistry.broadcastServiceStateChanged:3597 com.android.server.TelephonyRegistry.notifyServiceStateForPhoneId:1734 com.android.internal.telephony.ITelephonyRegistry$Stub.onTransact:550 
06-06 09:29:59.362  3062  3600 W ContextImpl: Calling a method in the system process without a qualified user: android.app.ContextImpl.sendBroadcastMultiplePermissions:1314 com.android.server.TelephonyRegistry.broadcastServiceStateChanged:3602 com.android.server.TelephonyRegistry.notifyServiceStateForPhoneId:1734 com.android.internal.telephony.ITelephonyRegistry$Stub.onTransact:550 android.os.Binder.execTransactInternal:1380 
06-06 09:29:59.363  3062  3600 W ContextImpl: Calling a method in the system process without a qualified user: android.app.ContextImpl.sendBroadcastMultiplePermissions:1314 com.android.server.TelephonyRegistry.broadcastServiceStateChanged:3611 com.android.server.TelephonyRegistry.notifyServiceStateForPhoneId:1734 com.android.internal.telephony.ITelephonyRegistry$Stub.onTransact:550 android.os.Binder.execTransactInternal:1380 
06-06 09:29:59.364  3062  3600 W ContextImpl: Calling a method in the system process without a qualified user: android.app.ContextImpl.sendBroadcastMultiplePermissions:1314 com.android.server.TelephonyRegistry.broadcastServiceStateChanged:3617 com.android.server.TelephonyRegistry.notifyServiceStateForPhoneId:1734 com.android.internal.telephony.ITelephonyRegistry$Stub.onTransact:550 android.os.Binder.execTransactInternal:1380 
06-06 09:29:59.527  3062  3600 D PowerManagerService: nativeReleaseSuspendBlocker name:PowerManagerService.WakeLocks duration ms: 1
06-06 09:30:00.003  3062  3664 D PowerManagerService: nativeAcquireSuspendBlocker name:PowerManagerService.WakeLocks duration ms: 2
06-06 09:30:00.044  3062  3062 D PowerManagerService: nativeReleaseSuspendBlocker name:PowerManagerService.WakeLocks duration ms: 0
06-06 09:30:00.131  3062  3659 D ActivityManager: freezing 6657 com.google.android.apps.turbo, reason = oom_cached
06-06 09:30:00.372  3062  3888 D PowerManagerService: nativeAcquireSuspendBlocker name:PowerManagerService.WakeLocks duration ms: 1
06-06 09:30:00.382  3062  3888 D PowerManagerService: nativeReleaseSuspendBlocker name:PowerManagerService.WakeLocks duration ms: 0
06-06 09:30:10.707  3062  7367 D PowerManagerService: nativeAcquireSuspendBlocker name:PowerManagerService.WakeLocks duration ms: 35
06-06 09:30:10.909  3062  7367 D PowerManagerService: nativeReleaseSuspendBlocker name:PowerManagerService.WakeLocks duration ms: 0
06-06 09:30:20.963  3062  3600 D PowerManagerService: nativeAcquireSuspendBlocker name:PowerManagerService.WakeLocks duration ms: 29
06-06 09:30:21.168  3062  3600 D PowerManagerService: nativeReleaseSuspendBlocker name:PowerManagerService.WakeLocks duration ms: 0
06-06 09:30:32.477  3062  3600 D PowerManagerService: nativeAcquireSuspendBlocker name:PowerManagerService.WakeLocks duration ms: 45
06-06 09:30:32.683  3062  3600 D PowerManagerService: nativeReleaseSuspendBlocker name:PowerManagerService.WakeLocks duration ms: 0
06-06 09:30:39.502  3062  3659 D ActivityManager: freezing 920 com.google.android.cellbroadcastreceiver, reason = oom_cached
06-06 09:31:01.558  3062  3062 V UiModeManager: updateLocked: null action, mDockState=0, category=null
06-06 09:31:01.558  3062  3062 D UiModeManager: updateConfigurationLocked: mDockState=0; mCarMode=false; mNightMode=2; mNightModeCustomType=-1; uiMode=33
06-06 09:31:06.572  3062  3941 W Looper  : Slow delivery took 219ms moto.fg h=com.motorola.server.perf.utils.CPUMonitor$1 c=null m=1
06-06 09:31:06.572  3062  3941 W Looper  : Drained
06-06 09:31:09.992  3062  3600 D PowerManagerService: nativeAcquireSuspendBlocker name:PowerManagerService.WakeLocks duration ms: 2
06-06 09:31:09.998  3062  7367 D CompatibilityChangeReporter: Compat change id reported: 171306433; UID 10192; state: ENABLED
06-06 09:31:09.999  3062  7367 D CompatibilityChangeReporter: Compat change id reported: 218533173; UID 10192; state: ENABLED
06-06 09:31:10.027  3062  3525 D ActivityManager: unfreezing ProcessRecord{8bdd21d 12286:com.google.android.youtube/u0a289}, reason = unfreezeTemporarily, adj = 925, adjType = cch-empty, adjSource = null
06-06 09:31:10.029  3062  3525 D ActivityManager: sync unfroze 12286 com.google.android.youtube for 3
06-06 09:31:10.136  3062  4005 W ProcessStats: Tracking association SourceState{6c91245 com.google.android.youtube/10289 Service #258518} whose proc state 8 is better than process ProcessState{dd37494 com.google.android.gms/10192 pkg=com.google.android.gms} proc state 14 (19 skipped)
06-06 09:31:10.164  3062  4005 D ActivityManager: unfreezing ProcessRecord{5e855a3 2601:com.google.process.gservices/u0a192}, reason = shouldNotFreeze_provider: ProcessRecord{8bdd21d 12286:com.google.android.youtube/u0a289}, adj = 500, adjType = provider, adjSource = ProcessRecord{8bdd21d 12286:com.google.android.youtube/u0a289}
06-06 09:31:10.164  3062  4005 D ActivityManager: sync unfroze 2601 com.google.process.gservices for 7
06-06 09:31:10.244  3062  4005 D CompatibilityChangeReporter: Compat change id reported: 271850009; UID 10289; state: ENABLED
06-06 09:31:13.048  3062  3624 D CompatibilityChangeReporter: Compat change id reported: 271850009; UID 10381; state: ENABLED
06-06 09:31:13.050  3062  3624 D CompatibilityChangeReporter: Compat change id reported: 135634846; UID 10381; state: DISABLED
06-06 09:31:13.050  3062  3624 D CompatibilityChangeReporter: Compat change id reported: 177438394; UID 10381; state: DISABLED
06-06 09:31:13.050  3062  3624 D CompatibilityChangeReporter: Compat change id reported: 135772972; UID 10381; state: DISABLED
06-06 09:31:13.050  3062  3624 D CompatibilityChangeReporter: Compat change id reported: 135754954; UID 10381; state: ENABLED
06-06 09:31:13.051  3062  3526 D CompatibilityChangeReporter: Compat change id reported: 143937733; UID 10381; state: ENABLED
06-06 09:31:13.066  3062  3526 I ActivityManager: Start proc 14810:com.pinterest/u0a381 for service {com.pinterest/androidx.work.impl.background.systemjob.SystemJobService}
06-06 09:31:13.087  3062  5813 D CompatibilityChangeReporter: Compat change id reported: 168419799; UID 10381; state: DISABLED
06-06 09:31:13.087  3062  5813 D CompatibilityChangeReporter: Compat change id reported: 273564678; UID 10381; state: DISABLED
06-06 09:31:13.090  3062  3624 D CompatibilityChangeReporter: Compat change id reported: 265195908; UID 10381; state: ENABLED
06-06 09:31:13.094  3062  5813 D CompatibilityChangeReporter: Compat change id reported: 170503758; UID 10381; state: ENABLED
06-06 09:31:13.232  3062  5813 D CompatibilityChangeReporter: Compat change id reported: 161145287; UID 10381; state: ENABLED
06-06 09:31:13.274  3062  4005 D CompatibilityChangeReporter: Compat change id reported: 319212206; UID 10381; state: ENABLED
06-06 09:31:13.304  3062  5813 D CompatibilityChangeReporter: Compat change id reported: 261072174; UID 10381; state: ENABLED
06-06 09:31:13.362  3062  4005 D ActivityManager: unfreezing ProcessRecord{f761cf3 11899:com.android.chrome/u0a285}, reason = shouldNotFreeze_service_3: ProcessRecord{7ee0d69 14810:com.pinterest/u0a381}, adj = 0, adjType = exec-service, adjSource = null
06-06 09:31:13.363  3062  4005 D ActivityManager: sync unfroze 11899 com.android.chrome for 6
06-06 09:31:13.364  3062  4005 D ActivityManager: unfreezing ProcessRecord{bb9b587 6924:com.google.android.adservices.api/u0a357}, reason = shouldNotFreeze_service_1: ProcessRecord{f761cf3 11899:com.android.chrome/u0a285}, adj = 0, adjType = service, adjSource = ProcessRecord{f761cf3 11899:com.android.chrome/u0a285}
06-06 09:31:13.365  3062  4005 D ActivityManager: sync unfroze 6924 com.google.android.adservices.api for 6
06-06 09:31:13.365  3062  4005 D ActivityManager: unfreezing ProcessRecord{e94a4a7 12034:com.android.chrome:privileged_process0/u0a285}, reason = shouldNotFreeze_service_1: ProcessRecord{f761cf3 11899:com.android.chrome/u0a285}, adj = 0, adjType = service, adjSource = ProcessRecord{f761cf3 11899:com.android.chrome/u0a285}
06-06 09:31:13.366  3062  4005 D ActivityManager: sync unfroze 12034 com.android.chrome:privileged_process0 for 6
06-06 09:31:13.366  3062  4005 D ActivityManager: unfreezing ProcessRecord{d4f3c3 12106:com.android.chrome:sandboxed_process0:org.chromium.content.app.SandboxedProcessService0:0/u0a285i-9000}, reason = shouldNotFreeze_service_3: ProcessRecord{f761cf3 11899:com.android.chrome/u0a285}, adj = 250, adjType = service, adjSource = ProcessRecord{f761cf3 11899:com.android.chrome/u0a285}
06-06 09:31:13.367  3062  4005 D ActivityManager: sync unfroze 12106 com.android.chrome:sandboxed_process0:org.chromium.content.app.SandboxedProcessService0:0 for 6
06-06 09:31:13.396  3062  4005 I ActivityManager: Flag disabled. Ignoring finishAttachApplication from uid: 10381. pid: 14810
06-06 09:31:13.438  3062  5813 D PowerManagerService: nativeReleaseSuspendBlocker name:PowerManagerService.WakeLocks duration ms: 0
06-06 09:31:13.439  3062  5813 W JobScheduler: Job didn't exist in JobStore: 9488ed4 {androidx.work.systemjobscheduler} #u0a381/3150 @androidx.work.systemjobscheduler@com.pinterest/androidx.work.impl.background.systemjob.SystemJobService
06-06 09:31:13.441  3062  5813 D CompatibilityChangeReporter: Compat change id reported: 253665015; UID 10381; state: ENABLED
06-06 09:31:13.441  3062  5813 D CompatibilityChangeReporter: Compat change id reported: 194532703; UID 10381; state: ENABLED
06-06 09:31:13.442  3062  6185 I ActivityManager: Killing 5910:com.google.android.safetycore/u0a449 (adj 935, setSvc -10000): empty #31
06-06 09:31:13.484  3062  4005 I ActivityManager: appDiedLocked: app=ProcessRecord{8c24068 5910:com.google.android.safetycore/u0a449} thread=android.os.BinderProxy@e6af9d1 fromBinderDied=true isKilledByAm=true reason=null
06-06 09:31:13.485  3062  4005 D RestartModeController: markWaitRestartAppIsSuicided null processName=com.google.android.safetycore
06-06 09:31:13.486  3062  3516 D DisplayManagerService: Drop pending events for gone uid 10449
06-06 09:31:13.494  3062  5813 D PowerManagerService: nativeAcquireSuspendBlocker name:PowerManagerService.WakeLocks duration ms: 50
06-06 09:31:13.495  3062  4005 D ActivityTaskManager: handleAppDied: uid=10449,diedCount=1,lastDiedTime=93555547,forceStopUids=false
06-06 09:31:13.517  3062  5813 D PowerManagerService: nativeReleaseSuspendBlocker name:PowerManagerService.WakeLocks duration ms: 0
06-06 09:31:13.927  3062  5813 D PowerManagerService: nativeAcquireSuspendBlocker name:PowerManagerService.WakeLocks duration ms: 1
06-06 09:31:13.994  3062  8784 D ActivityManager: unfreezing ProcessRecord{86bba45 28532:com.google.android.gms.unstable/u0a192}, reason = oom_uncached, adj = 0, adjType = exec-service, adjSource = null
06-06 09:31:13.995  3062  8784 D ActivityManager: sync unfroze 28532 com.google.android.gms.unstable for 6
06-06 09:31:14.002  3062  8784 D ActivityManager: unfreezing ProcessRecord{4d53fd2 6528:com.android.rkpdapp/u0a366}, reason = oom_uncached, adj = 0, adjType = service, adjSource = ProcessRecord{c1f5aec 3062:system/1000}
06-06 09:31:14.003  3062  8784 D ActivityManager: sync unfroze 6528 com.android.rkpdapp for 6
06-06 09:31:14.013  1326 10298 E keystore2: system/security/keystore2/src/rkpd_client.rs:172 - IGetKeyCallback failed: Device doesnot support RKP
06-06 09:31:14.013  1326  7221 W keystore2: system/security/keystore2/src/remote_provisioning.rs:102 - Error occurred: system/security/keystore2/src/rkpd_client.rs:187: GetKeyCallback failed: r#ERROR_UNKNOWN "Device doesnot support RKP"
06-06 09:31:14.013  1326  7221 W keystore2: 
06-06 09:31:14.013  1326  7221 W keystore2: Caused by:
06-06 09:31:14.013  1326  7221 W keystore2:     Error::Rc(r#OUT_OF_KEYS_TRANSIENT_ERROR)
06-06 09:31:14.216  3062  4005 D CompatibilityChangeReporter: Compat change id reported: 319212206; UID 10192; state: DISABLED
06-06 09:31:14.216  3062  4005 D CompatibilityChangeReporter: Compat change id reported: 319212206; UID 10192; state: ENABLED
06-06 09:31:14.947  1326 10298 E keystore2: system/security/keystore2/src/rkpd_client.rs:172 - IGetKeyCallback failed: Device doesnot support RKP
06-06 09:31:14.947  1326  7221 W keystore2: system/security/keystore2/src/remote_provisioning.rs:102 - Error occurred: system/security/keystore2/src/rkpd_client.rs:187: GetKeyCallback failed: r#ERROR_UNKNOWN "Device doesnot support RKP"
06-06 09:31:14.947  1326  7221 W keystore2: 
06-06 09:31:14.947  1326  7221 W keystore2: Caused by:
06-06 09:31:14.947  1326  7221 W keystore2:     Error::Rc(r#OUT_OF_KEYS_TRANSIENT_ERROR)
06-06 09:31:15.733  3062  3659 D ActivityManager: freezing 6643 com.android.settings, reason = oom_cached
06-06 09:31:15.941  3062  4005 D PowerManagerService: nativeReleaseSuspendBlocker name:PowerManagerService.WakeLocks duration ms: 0
06-06 09:31:48.564  3062  3659 D ActivityManager: freezing 6924 com.google.android.adservices.api, reason = oom_cached
06-06 09:31:48.567  3062  3659 D ActivityManager: freezing 11899 com.android.chrome, reason = oom_cached
06-06 09:31:48.570  3062  3659 D ActivityManager: freezing 12034 com.android.chrome:privileged_process0, reason = oom_cached
06-06 09:31:48.571  3062  3659 D ActivityManager: freezing 12106 com.android.chrome:sandboxed_process0:org.chromium.content.app.SandboxedProcessService0:0, reason = oom_cached
06-06 09:31:48.573  3062  3659 D ActivityManager: freezing 14810 com.pinterest, reason = oom_cached
06-06 09:31:50.631  3062  3659 D ActivityManager: freezing 6528 com.android.rkpdapp, reason = oom_cached
06-06 09:31:51.270  1326 14946 I keystore2: system/security/keystore2/src/watchdog.rs:319 - Watchdog thread idle -> terminating. Have a great day.
06-06 09:31:52.143  3062  3659 D ActivityManager: freezing 2601 com.google.process.gservices, reason = oom_cached
06-06 09:31:55.702  3062  5813 D PowerManagerService: nativeAcquireSuspendBlocker name:PowerManagerService.WakeLocks duration ms: 42
06-06 09:31:55.906  3062  4005 D PowerManagerService: nativeReleaseSuspendBlocker name:PowerManagerService.WakeLocks duration ms: 0
06-06 09:32:00.801  3062  4005 D PowerManagerService: nativeAcquireSuspendBlocker name:PowerManagerService.WakeLocks duration ms: 32
06-06 09:32:01.005  3062  4005 D PowerManagerService: nativeReleaseSuspendBlocker name:PowerManagerService.WakeLocks duration ms: 0
06-06 09:32:10.923  3062  3659 D ActivityManager: freezing 28532 com.google.android.gms.unstable, reason = oom_cached
06-06 09:32:10.955  3062  4005 D PowerManagerService: nativeAcquireSuspendBlocker name:PowerManagerService.WakeLocks duration ms: 1
06-06 09:32:11.159  3062  5813 D PowerManagerService: nativeReleaseSuspendBlocker name:PowerManagerService.WakeLocks duration ms: 0
06-06 09:32:21.293  3062  5813 D PowerManagerService: nativeAcquireSuspendBlocker name:PowerManagerService.WakeLocks duration ms: 39
06-06 09:32:21.497  3062  5813 D PowerManagerService: nativeReleaseSuspendBlocker name:PowerManagerService.WakeLocks duration ms: 0
06-06 09:32:50.776  3062  3664 D PowerManagerService: nativeAcquireSuspendBlocker name:PowerManagerService.WakeLocks duration ms: 32
06-06 09:32:50.789  3062  6165 D PowerManagerService: nativeReleaseSuspendBlocker name:PowerManagerService.WakeLocks duration ms: 0
06-06 09:32:50.791  3062  5813 D PowerManagerService: nativeAcquireSuspendBlocker name:PowerManagerService.WakeLocks duration ms: 1
06-06 09:32:50.803  3062  4005 W ProcessStats: Tracking association SourceState{a3f283a com.google.android.gms.persistent/10192 BFgs #258663} whose proc state 4 is better than process ProcessState{dd37494 com.google.android.gms/10192 pkg=com.google.android.gms} proc state 14 (34 skipped)
06-06 09:32:50.924  3062  4005 D PowerManagerService: nativeReleaseSuspendBlocker name:PowerManagerService.WakeLocks duration ms: 0
06-06 09:32:50.926  3062  7340 D PowerManagerService: nativeAcquireSuspendBlocker name:PowerManagerService.WakeLocks duration ms: 1
06-06 09:32:50.933  3062 10253 D PowerManagerService: nativeReleaseSuspendBlocker name:PowerManagerService.WakeLocks duration ms: 1
06-06 09:32:50.934  3062 10253 D PowerManagerService: nativeAcquireSuspendBlocker name:PowerManagerService.WakeLocks duration ms: 0
06-06 09:32:50.938  3062 10253 D PowerManagerService: nativeReleaseSuspendBlocker name:PowerManagerService.WakeLocks duration ms: 0
06-06 09:32:54.886  3062  3533 D KernelCpuUidUserSysTimeReader: Removing uids 99135-99135
06-06 09:32:54.886  3062  3533 D KernelCpuUidUserSysTimeReader: Removing uids 99136-99136
06-06 09:32:54.886  3062  3533 D KernelCpuUidUserSysTimeReader: Removing uids 99137-99137
06-06 09:32:56.331  3062  3659 D ActivityManager: freezing 12286 com.google.android.youtube, reason = oom_cached
06-06 09:33:07.341  3062  4005 D PowerManagerService: nativeAcquireSuspendBlocker name:PowerManagerService.WakeLocks duration ms: 37
06-06 09:33:07.546  3062  4005 D PowerManagerService: nativeReleaseSuspendBlocker name:PowerManagerService.WakeLocks duration ms: 0
06-06 09:33:12.481  3062  4005 D PowerManagerService: nativeAcquireSuspendBlocker name:PowerManagerService.WakeLocks duration ms: 39
06-06 09:33:12.689  3062  4005 D PowerManagerService: nativeReleaseSuspendBlocker name:PowerManagerService.WakeLocks duration ms: 1
