06-06 09:28:32.894  3983  4199 D VRI[ScreenDecorOverlay]:   pfl=SHOW_FOR_ALL_USERS NO_MOVE_ANIMATION IS_ROUNDED_CORNERS_OVERLAY COLOR_SPACE_AGNOSTIC FIT_INSETS_CONTROLLED TRUSTED_OVERLAY
06-06 09:28:32.894  3983  4199 D VRI[ScreenDecorOverlay]:   bhv=DEFAULT} by setLayoutParams
06-06 09:28:32.895  3983  4199 D VRI[ScreenDecorOverlayBottom]: update {(0,0)(wrapxfill) gr=RIGHT CENTER_HORIZONTAL layoutInDisplayCutoutMode=always ty=NAVIGATION_BAR_PANEL fmt=TRANSLUCENT
06-06 09:28:32.895  3983  4199 D VRI[ScreenDecorOverlayBottom]:   fl=NOT_FOCUSABLE NOT_TOUCHABLE NOT_TOUCH_MODAL LAYOUT_IN_SCREEN SPLIT_TOUCH FLAG_SLIPPERY
06-06 09:28:32.895  3983  4199 D VRI[ScreenDecorOverlayBottom]:   pfl=SHOW_FOR_ALL_USERS NO_MOVE_ANIMATION IS_ROUNDED_CORNERS_OVERLAY COLOR_SPACE_AGNOSTIC FIT_INSETS_CONTROLLED TRUSTED_OVERLAY
06-06 09:28:32.895  3983  4199 D VRI[ScreenDecorOverlayBottom]:   bhv=DEFAULT} by setLayoutParams
06-06 09:28:32.918  3062  3600 I WindowManager: finishDrawing of orientation change: Window{657bcb7 u0 NavigationBar0} 80ms
06-06 09:28:32.978 31465 31465 D VRI[Conversation]: update {(0,0)(fillxfill) sim={state=always_hidden} ty=BASE_APPLICATION wanim=0x10302fe
06-06 09:28:32.978 31465 31465 D VRI[Conversation]:   fl=LAYOUT_IN_SCREEN LAYOUT_INSET_DECOR SPLIT_TOUCH HARDWARE_ACCELERATED DRAWS_SYSTEM_BAR_BACKGROUNDS
06-06 09:28:32.978 31465 31465 D VRI[Conversation]:   pfl=NO_MOVE_ANIMATION FORCE_DRAW_STATUS_BAR_BACKGROUND FIT_INSETS_CONTROLLED
06-06 09:28:32.978 31465 31465 D VRI[Conversation]:   bhv=DEFAULT
06-06 09:28:32.978 31465 31465 D VRI[Conversation]:   fitSides=} by setLayoutParams
06-06 09:28:32.985  3062 10253 W PackageConfigPersister: App-specific configuration not found for packageName: com.whatsapp.w4b and userId: 0
06-06 09:28:32.988  3062  4280 I WindowManager: finishDrawing of orientation change: Window{5aeab47 u0 StatusBar} 149ms
06-06 09:28:33.164  3062  3569 I DisplayPowerController2[0]: Blocking screen off
06-06 09:28:33.164  3062  3569 I WindowManager: Display 0 turning off...
06-06 09:28:33.165  3062  3569 I DisplayPowerController2[0]: Unblocked screen off after 0 ms
06-06 09:28:33.167  3062  3569 I WindowManager: Display0 turned off...
06-06 09:28:33.172  3983  4067 V WindowManagerShell: Transition animation finished (aborted=false), notifying core (#546)android.os.BinderProxy@9c6fbf9@0
06-06 09:28:33.175  3062  3569 D ActivityTaskManager: Top Process State changed to PROCESS_STATE_TOP_SLEEPING
06-06 09:28:33.177  3062  3569 D PowerManagerService: nativeAcquireSuspendBlocker name:PowerManagerService.WakeLocks duration ms: 1
06-06 09:28:33.178  3062  3515 V WindowManager: Sent Transition #547 createdAt=06-06 09:28:33.177 via request=TransitionRequestInfo { type = 12, triggerTask = null, remoteTransition = null, displayChange = null, flags = 0 }
06-06 09:28:33.178  3062  3515 V WindowManager:     startWCT=null
06-06 09:28:33.178  3062  3515 V WindowManager:     info={id=547 t=SLEEP f=0x0 trk=0 r=[] c=[]}
06-06 09:28:33.181  3062  3600 D PowerManagerService: nativeSetPowerMode ret:false mode:5 enabled:false duration ms: 0
06-06 09:28:33.181  3062  3515 V WindowManager: Finish Transition #546: created at 06-06 09:28:32.785 collect-started=0.085ms request-sent=0.19ms started=3.952ms ready=48.195ms sent=83.019ms finished=396.077ms
06-06 09:28:33.182  3983  4067 V WindowManagerShell: Track 0 became idle
06-06 09:28:33.182  3983  4067 V WindowManagerShell: All active transition animations finished
06-06 09:28:33.182  3983  4067 V WindowManagerShell: Transition requested: android.os.BinderProxy@72829e1 TransitionRequestInfo { type = 12, triggerTask = null, remoteTransition = null, displayChange = null, flags = 0 }
06-06 09:28:33.184  3062  4280 W Transition: Transition already started id=547 state=2
06-06 09:28:33.185  3983  4067 V WindowManagerShell: onTransitionReady android.os.BinderProxy@72829e1: {id=547 t=SLEEP f=0x0 trk=0 r=[] c=[]}
06-06 09:28:33.185  3983  4067 V WindowManagerShell: No transition roots in (#547)android.os.BinderProxy@72829e1@0 so abort
06-06 09:28:33.185  3983  4067 V WindowManagerShell: Transition animation finished (aborted=true), notifying core (#547)android.os.BinderProxy@72829e1@0
06-06 09:28:33.187  3062  3515 V WindowManager: Finish Transition #547: created at 06-06 09:28:33.177 collect-started=0.028ms request-sent=0.078ms started=0.329ms ready=0.327ms sent=0.491ms finished=10.123ms
06-06 09:28:33.188  3062  3569 I DisplayBrightnessStrategySelector: Changing the DisplayBrightnessStrategy from InvalidBrightnessStrategy toScreenOffBrightnessStrategy for display 0
06-06 09:28:33.188  3983  4067 V WindowManagerShell: Track 0 became idle
06-06 09:28:33.188  3983  4067 V WindowManagerShell: All active transition animations finished
06-06 09:28:33.191  3062  3569 V DisplayPowerController2[0]: Brightness [0.0] reason changing to: 'screen_off', previous reason: 'manual'.
06-06 09:28:33.191  3062  3569 I DisplayPowerController2[0]: 2026-06-06 03:58:33 - BrightnessEvent: disp=0, physDisp=local:4630947043778501762, brt=0.0, initBrt=0.41102165, rcmdBrt=NaN, preBrt=NaN, lux=0.0, preLux=0.0, brtNits=4.537367, hdrNits=NaN, initNits=34.72146, preNits=NaN, rcmdNits=NaN, hdrBrightness=NaN, brt(%)=0%, brtInt=1, hbmMax=0.9999, hbmMode=off, rbcStrength=50, thrmMax=1.0, powerFactor=1.0, wasShortTermModelActive=false, flags=, reason=screen_off, autoBrightness=false, strategy=ScreenOffBrightnessStrategy
06-06 09:28:33.192  3062  3518 I DisplayDeviceRepository: Display device changed state: "Built-in Screen", OFF
06-06 09:28:33.195  3062  3956 D LocalDisplayAdapter: setDisplayPowerMode mode=0 for display=android.os.BinderProxy@1b07d57
06-06 09:28:33.197  3062  7646 I DisplayDevice: [0] Layerstack set to -1 for local:4630947043778501762
06-06 09:28:33.198  3062  3062 I BrightnessSynchronizer: New Update: {[763] 0.41102165(f), mUpdatedTypes=0, mConfirmedTypes=0, mTimeUpdated=0, mState=2}
06-06 09:28:33.198  3062  3062 D PanelsService: updateDefaultDisplayState: mScreenState=OFF
06-06 09:28:33.199  3062  3515 D TouchHwService: updateDefaultDisplayState: mScreenOn=false
06-06 09:28:33.203  3983  3983 D VRI[NavigationBar0]: update {(0,0)(fillx102) gr=BOTTOM CENTER_VERTICAL layoutInDisplayCutoutMode=always ty=NAVIGATION_BAR fmt=TRANSLUCENT
06-06 09:28:33.203  3983  3983 D VRI[NavigationBar0]:   fl=NOT_FOCUSABLE NOT_TOUCH_MODAL WATCH_OUTSIDE_TOUCH SPLIT_TOUCH
06-06 09:28:33.203  3983  3983 D VRI[NavigationBar0]:   pfl=LAYOUT_SIZE_EXTENDED_BY_CUTOUT COLOR_SPACE_AGNOSTIC FIT_INSETS_CONTROLLED TRUSTED_OVERLAY
06-06 09:28:33.203  3983  3983 D VRI[NavigationBar0]:   bhv=DEFAULT
06-06 09:28:33.203  3983  3983 D VRI[NavigationBar0]:   providedInsets:
06-06 09:28:33.203  3983  3983 D VRI[NavigationBar0]:     InsetsFrameProvider: {id=#f4580001, index=0, type=navigationBars, source=FRAME, flags=[SUPPRESS_SCRIM], insetsSize=Insets{left=0, top=0, right=0, bottom=51}, insetsSizeOverrides=[TypedInsetsSize: {windowType=INPUT_METHOD, insetsSize=null}]}
06-06 09:28:33.203  3983  3983 D VRI[NavigationBar0]:     InsetsFrameProvider: {id=#f4580006, index=0, type=tappableElement, source=FRAME, flags=[], insetsSize=Insets{left=0, top=0, right=0, bottom=0}}
06-06 09:28:33.203  3983  3983 D VRI[NavigationBar0]:     InsetsFrameProvider: {id=#f4580005, index=0, type=mandatorySystemGestures, source=FRAME, flags=[], insetsSize=Insets{left=0, top=0, right=0, bottom=68}}
06-06 09:28:33.203  3983  3983 D VRI[NavigationBar0]:     InsetsFrameProvider: {id=#f4580004, index=0, type=systemGestures, source=DISPLAY, flags=[], insetsSize=Insets{left=63, top=0, right=0, bottom=0}, mMinimalInsetsSizeInDisplayCutoutSafe=Insets{left=63, top=0, right=0, bottom=0}}
06-06 09:28:33.203  3983  3983 D VRI[NavigationBar0]:     InsetsFrameProvider: {id=#f4580024, index=1, type=systemGestures, source=DISPLAY, flags=[], insetsSize=Insets{left=0, top=0, right=63, bottom=0}, mMinimalInsetsSizeInDisplayCutoutSafe=Insets{left=0, top=0, right=63, bottom=0}}
06-06 09:28:33.203  3983  3983 D VRI[NavigationBar0]:   paramsForRotation:
06-06 09:28:33.203  3983  3983 D VRI[NavigationBar0]:     ROTATION_0={(0,0)(fillx102) gr=BOTTOM CENTER_VERTICAL layoutInDisplayCutoutMode=always ty=NAVIGATION_BAR fmt=TRANSLUCENT
06-06 09:28:33.203  3983  3983 D VRI[NavigationBar0]:       fl=NOT_FOCUSABLE NOT_TOUCH_MODAL WATCH_OUTSIDE_TOUCH SPLIT_TOUCH FLAG_SLIPPERY
06-06 09:28:33.203  3983  3983 D VRI[NavigationBar0]:       pfl=LAYOUT_SIZE_EXTENDED_BY_CUTOUT COLOR_SPACE_AGNOSTIC FIT_INSETS_CONTROLLED TRUSTED_OVERLAY
06-06 09:28:33.203  3983  3983 D VRI[NavigationBar0]:       bhv=DEFAULT
06-06 09:28:33.203  3983  3983 D VRI[NavigationBar0]:       providedInsets:
06-06 09:28:33.203  3983  3983 D VRI[NavigationBar0]:         InsetsFrameProvider: {id=#f4580001, index=0, type=navigationBars, source=FRAME, flags=[SUPPRESS_SCRIM], insetsSize=Insets{left=0, top=0, right=0, bottom=51}, insetsSizeOverrides=[TypedInsetsSize: {windowType=INPUT_METHOD, insetsSize=null}]}
06-06 09:28:33.203  3983  3983 D VRI[NavigationBar0]:         InsetsFrameProvider: {id=#f4580006, index=0, type=tappableElement, source=FRAME, flags=[], insetsSize=Insets{left=0, top=0, right=0, bottom=0}}
06-06 09:28:33.203  3983  3983 D VRI[NavigationBar0]:         InsetsFrameProvider: {id=#f4580005, index=0, type=mandatorySystemGestures, source=FRAME, flags=[], insetsSize=Insets{left=0, top=0, right=0, bottom=68}}
06-06 09:28:33.203  3983  3983 D VRI[NavigationBar0]:         InsetsFrameProvider: {id=#f4580004, index=0, type=systemGestures, source=DISPLAY, flags=[], insetsSize=Insets{left=63, top=0, right=0, bottom=0}, mMinimalInsetsSizeInDisplayCutoutSafe=Insets{left=63, top=0, right=0, bottom=0}}
06-06 09:28:33.203  3983  3983 D VRI[NavigationBar0]:         InsetsFrameProvider: {id=#f4580024, index=1, type=systemGestures, source=DISPLAY, flags=[], insetsSize=Insets{left=0, top=0, right=63, bottom=0}, mMinimalInsetsSizeInDisplayCutoutSafe=Insets{left=0, top=0, right=63, bottom=0}}}
06-06 09:28:33.203  3983  3983 D VRI[NavigationBar0]:     ROTATION_90={(0,0)(fillx102) gr=BOTTOM CENTER_VERTICAL layoutInDisplayCutoutMode=always ty=NAVIGATION_BAR fmt=TRANSLUCENT
06-06 09:28:33.203  3983  3983 D VRI[NavigationBar0]:       fl=NOT_FOCUSABLE NOT_TOUCH_MODAL WATCH_OUTSIDE_TOUCH SPLIT_TOUCH FLAG_SLIPPERY
06-06 09:28:33.203  3983  3983 D VRI[NavigationBar0]:       pfl=LAYOUT_SIZE_EXTENDED_BY_CUTOUT COLOR_SPACE_AGNOSTIC FIT_INSETS_CONTROLLED TRUSTED_OVERLAY
06-06 09:28:33.203  3983  3983 D VRI[NavigationBar0]:       bhv=DEFAULT
06-06 09:28:33.203  3983  3983 D VRI[NavigationBar0]:       providedInsets:
06-06 09:28:33.203  3983  3983 D VRI[NavigationBar0]:         InsetsFrameProvider: {id=#f4580001, index=0, type=navigationBars, source=FRAME, flags=[SUPPRESS_SCRIM], insetsSize=Insets{left=0, top=0, right=0, bottom=51}, insetsSizeOverrides=[TypedInsetsSize: {windowType=INPUT_METHOD, insetsSize=null}]}
06-06 09:28:33.203  3983  3983 D VRI[NavigationBar0]:         InsetsFrameProvider: {id=#f4580006, index=0, type=tappableElement, source=FRAME, flags=[], insetsSize=Insets{left=0, top=0, right=0, bottom=0}}
06-06 09:28:33.203  3983  3983 D VRI[NavigationBar0]:         InsetsFrameProvider: {id=#f4580005, index=0, type=mandatorySystemGestures, source=FRAME, flags=[], insetsSize=Insets{left=0, top=0, right=0, bottom=68}}
06-06 09:28:33.203  3983  3983 D VRI[NavigationBar0]:         InsetsFrameProvider: {id=#f4580004, index=0, type=systemGestures, source=DISPLAY, flags=[], insetsSize=Insets{left=63, top=0, right=0, bottom=0}, mMinimalInsetsSizeInDisplayCutoutSafe=Insets{left=63, top=0, right=0, bottom=0}}
06-06 09:28:33.203  3983  3983 D VRI[NavigationBar0]:         InsetsFrameProvider: {id=#f4580024, index=1, type=systemGestures, source=DISPLAY, flags=[], insetsSize=Insets{left=0, top=0, right=63, bottom=0}, mMinimalInsetsSizeInDisplayCutoutSafe=Insets{left=0, top=0, right=63, bottom=0}}}
06-06 09:28:33.203  3983  3983 D VRI[NavigationBar0]:     ROTATION_180={(0,0)(fillx102) gr=BOTTOM CENTER_VERTICAL layoutInDisplayCutoutMode=always ty=NAVIGATION_BAR fmt=TRANSLUCENT
06-06 09:28:33.203  3983  3983 D VRI[NavigationBar0]:       fl=NOT_FOCUSABLE NOT_TOUCH_MODAL WATCH_OUTSIDE_TOUCH SPLIT_TOUCH FLAG_SLIPPERY
06-06 09:28:33.203  3983  3983 D VRI[NavigationBar0]:       pfl=LAYOUT_SIZE_EXTENDED_BY_CUTOUT COLOR_SPACE_AGNOSTIC FIT_INSETS_CONTROLLED TRUSTED_OVERLAY
06-06 09:28:33.203  3983  3983 D VRI[NavigationBar0]:       bhv=DEFAULT
06-06 09:28:33.203  3983  3983 D VRI[NavigationBar0]:       providedInsets:
06-06 09:28:33.203  3983  3983 D VRI[NavigationBar0]:         InsetsFrameProvider: {id=#f4580001, index=0, type=navigationBars, source=FRAME, flags=[SUPPRESS_SCRIM], insetsSize=Insets{left=0, top=0, right=0, bottom=51}, insetsSizeOverrides=[TypedInsetsSize: {windowType=INPUT_METHOD, insetsSize=null}]}
06-06 09:28:33.203  3983  3983 D VRI[NavigationBar0]:         InsetsFrameProvider: {id=#f4580006, index=0, type=tappableElement, source=FRAME, flags=[], insetsSize=Insets{left=0, top=0, right=0, bottom=0}}
06-06 09:28:33.203  3983  3983 D VRI[NavigationBar0]:         InsetsFrameProvider: {id=#f4580005, index=0, type=mandatorySystemGestures, source=FRAME, flags=[], insetsSize=Insets{left=0, top=0, right=0, bottom=68}}
06-06 09:28:33.203  3983  3983 D VRI[NavigationBar0]:         InsetsFrameProvider: {id=#f4580004, index=0, type=systemGestures, source=DISPLAY, flags=[], insetsSize=Insets{left=63, top=0, right=0, bottom=0}, mMinimalInsetsSizeInDisplayCutoutSafe=Insets{left=63, top=0, right=0, bottom=0}}
06-06 09:28:33.203  3983  3983 D VRI[NavigationBar0]:         InsetsFrameProvider: {id=#f4580024, index=1, type=systemGestures, source=DISPLAY, flags=[], insetsSize=Insets{left=0, top=0, right=63, bottom=0}, mMinimalInsetsSizeInDisplayCutoutSafe=Insets{left=0, top=0, right=63, bottom=0}}}
06-06 09:28:33.203  3983  3983 D VRI[NavigationBar0]:     ROTATION_270={(0,0)(fillx102) gr=BOTTOM CENTER_VERTICAL layoutInDisplayCutoutMode=always ty=NAVIGATION_BAR fmt=TRANSLUCENT
06-06 09:28:33.203  3983  3983 D VRI[NavigationBar0]:       fl=NOT_FOCUSABLE NOT_TOUCH_MODAL WATCH_OUTSIDE_TOUCH SPLIT_TOUCH FLAG_SLIPPERY
06-06 09:28:33.203  3983  3983 D VRI[NavigationBar0]:       pfl=LAYOUT_SIZE_EXTENDED_BY_CUTOUT COLOR_SPACE_AGNOSTIC FIT_INSETS_CONTROLLED TRUSTED_OVERLAY
06-06 09:28:33.203  3983  3983 D VRI[NavigationBar0]:       bhv=DEFAULT
06-06 09:28:33.203  3983  3983 D VRI[NavigationBar0]:       providedInsets:
06-06 09:28:33.203  3983  3983 D VRI[NavigationBar0]:         InsetsFrameProvider: {id=#f4580001, index=0, type=navigationBars, source=FRAME, flags=[SUPPRESS_SCRIM], insetsSize=Insets{left=0, top=0, right=0, bottom=51}, insetsSizeOverrides=[TypedInsetsSize: {windowType=INPUT_METHOD, insetsSize=null}]}
06-06 09:28:33.203  3983  3983 D VRI[NavigationBar0]:         InsetsFrameProvider: {id=#f4580006, index=0, type=tappableElement, source=FRAME, flags=[], insetsSize=Insets{left=0, top=0, right=0, bottom=0}}
06-06 09:28:33.203  3983  3983 D VRI[NavigationBar0]:         InsetsFrameProvider: {id=#f4580005, index=0, type=mandatorySystemGestures, source=FRAME, flags=[], insetsSize=Insets{left=0, top=0, right=0, bottom=68}}
06-06 09:28:33.203  3983  3983 D VRI[NavigationBar0]:         InsetsFrameProvider: {id=#f4580004, index=0, type=systemGestures, source=DISPLAY, flags=[], insetsSize=Insets{left=63, top=0, right=0, bottom=0}, mMinimalInsetsSizeInDisplayCutoutSafe=Insets{left=63, top=0, right=0, bottom=0}}
06-06 09:28:33.203  3983  3983 D VRI[NavigationBar0]:         InsetsFrameProvider: {id=#f4580024, index=1, type=systemGestures, source=DISPLAY, flags=[], insetsSize=Insets{left=0, top=0, right=63, bottom=0}, mMinimalInsetsSizeInDisplayCutoutSafe=Insets{left=0, top=0, right=63, bottom=0}}}} by setLayoutParams
06-06 09:28:33.220  3062  3062 V UiModeManager: updateLocked: null action, mDockState=0, category=null
06-06 09:28:33.220  3062  3062 D UiModeManager: updateConfigurationLocked: mDockState=0; mCarMode=false; mNightMode=2; mNightModeCustomType=-1; uiMode=33
06-06 09:28:33.234  3062  4280 D PowerManagerService: nativeReleaseSuspendBlocker name:PowerManagerService.WakeLocks duration ms: 0
06-06 09:28:33.395  3062  3956 D PowerManagerService: nativeSetPowerMode ret:false mode:9 enabled:true duration ms: 0
06-06 09:28:33.395  3062  3518 I DisplayDeviceRepository: Display device changed state: "Built-in Screen", OFF
06-06 09:28:33.398  3062  3569 D PowerManagerService: nativeSetPowerMode ret:true mode:7 enabled:false duration ms: 1
06-06 09:28:33.400  3062  3569 I DreamManagerService: Entering dreamland. callers=com.android.server.dreams.DreamManagerService.startDreamInternal:487 com.android.server.dreams.DreamManagerService.-$$Nest$mstartDreamInternal:0 com.android.server.dreams.DreamManagerService$LocalService.startDream:1110 com.android.server.power.PowerManagerService.handleSandman:4102 com.android.server.power.PowerManagerService.-$$Nest$mhandleSandman:0 
06-06 09:28:33.400  3062  3518 D DisplayManagerService: Ignore redundant display event 0/2 to 10178/5854
06-06 09:28:33.400  3062  3518 D DisplayManagerService: Ignore redundant display event 0/2 to 10499/7041
06-06 09:28:33.400  3062  3518 D DisplayManagerService: Ignore redundant display event 0/2 to 10207/7238
06-06 09:28:33.401  3062  3518 D DisplayManagerService: Ignore redundant display event 0/2 to 10285/11899
06-06 09:28:33.401  3062  3518 D DisplayManagerService: Ignore redundant display event 0/2 to 10476/22492
06-06 09:28:33.403  3062  3062 I BrightnessSynchronizer: New Update: {[764] 0.41102165(f), mUpdatedTypes=0, mConfirmedTypes=0, mTimeUpdated=0, mState=2}
06-06 09:28:33.403  3062  3569 D PowerManagerService: nativeAcquireSuspendBlocker name:PowerManagerService.WakeLocks duration ms: 1
06-06 09:28:33.404  3062  3569 I PowerManagerService: Dozing... groupId=0
06-06 09:28:33.404  3062  3515 I DreamController: Starting dream: name=ComponentInfo{com.android.systemui/com.android.systemui.doze.DozeService}, isPreviewMode=false, canDoze=true, userId=0, reason='power manager request', mCurrentDreamStartTime=123762056, isFirstTimeDream=false
06-06 09:28:33.407  3983  3983 V DreamService[DozeService]: onCreate()
06-06 09:28:33.416  3983  3983 V DreamService[DozeService]: onBind() intent = Intent { act=android.service.dreams.DreamService flg=0x800000 cmp=com.android.systemui/.doze.DozeService (has extras) }
06-06 09:28:33.417  3062  3062 I DreamController: onServiceConnected: name=ComponentInfo{com.android.systemui/com.android.systemui.doze.DozeService}, service=android.os.BinderProxy@9eb9f70
06-06 09:28:33.417  3062  3515 I DreamController: onServiceConnected to attach: name=ComponentInfo{com.android.systemui/com.android.systemui.doze.DozeService}
06-06 09:28:33.418  3983  4187 I DreamService: DreamServiceWrapper attach: dreamToken=android.os.BinderProxy@fbf598c, canDoze=true
06-06 09:28:33.418  3983  3983 I DreamService[DozeService]: attach() called: dreamToken=android.os.BinderProxy@fbf598c, canDoze=true mWindow=null mWindowless=true
06-06 09:28:33.418  3983  3983 V DreamService[DozeService]: onDreamingStarted()
06-06 09:28:33.419  3062  4280 D PowerManagerService: nativeReleaseSuspendBlocker name:PowerManagerService.Display duration ms: 0
06-06 09:28:33.419  3062  4280 D PowerManagerService: nativeSetAutoSuspend enable:true duration ms: 1
06-06 09:28:33.440  3983  3983 D VRI[NotificationShade]: update {(0,0)(fillxfill) gr=TOP CENTER_VERTICAL layoutInDisplayCutoutMode=always ty=2040 fmt=TRANSLUCENT
06-06 09:28:33.440  3983  3983 D VRI[NotificationShade]:   fl=NOT_FOCUSABLE TOUCHABLE_WHEN_WAKING WATCH_OUTSIDE_TOUCH SPLIT_TOUCH HARDWARE_ACCELERATED DRAWS_SYSTEM_BAR_BACKGROUNDS
06-06 09:28:33.440  3983  3983 D VRI[NotificationShade]:   pfl=OPTIMIZE_MEASURE BEHAVIOR_CONTROLLED FIT_INSETS_CONTROLLED
06-06 09:28:33.440  3983  3983 D VRI[NotificationShade]:   bhv=SHOW_TRANSIENT_BARS_BY_SWIPE} by setLayoutParams
06-06 09:28:33.451  3983  3983 D VRI[NotificationShade]: update {(0,0)(fillxfill) gr=TOP CENTER_VERTICAL layoutInDisplayCutoutMode=always ty=2040 fmt=TRANSLUCENT or=SCREEN_ORIENTATION_NOSENSOR
06-06 09:28:33.451  3983  3983 D VRI[NotificationShade]:   fl=NOT_FOCUSABLE TOUCHABLE_WHEN_WAKING WATCH_OUTSIDE_TOUCH SHOW_WALLPAPER SPLIT_TOUCH HARDWARE_ACCELERATED DRAWS_SYSTEM_BAR_BACKGROUNDS
06-06 09:28:33.451  3983  3983 D VRI[NotificationShade]:   pfl=OPTIMIZE_MEASURE HIDE_NON_SYSTEM_OVERLAY_WINDOWS BEHAVIOR_CONTROLLED FIT_INSETS_CONTROLLED
06-06 09:28:33.451  3983  3983 D VRI[NotificationShade]:   bhv=SHOW_TRANSIENT_BARS_BY_SWIPE} by setLayoutParams
06-06 09:28:33.469  3062  4280 I DreamManagerService: startDozing by com.android.systemui callingUid=10342 callingPid=3983
06-06 09:28:33.469  3062  4280 D DreamManagerService: Dream requested to start dozing: android.os.Binder@fb4934, screenState=1, screenBrightness=-1
06-06 09:28:33.470  3062  4280 D PowerManagerService: nativeSetAutoSuspend enable:false duration ms: 1
06-06 09:28:33.471  3062  3569 D PowerManagerService: nativeAcquireSuspendBlocker name:PowerManagerService.Display duration ms: 1
06-06 09:28:33.471  3062  4280 I DreamController: mDreamingStartedCallback sendResult
06-06 09:28:33.471  3062  3062 I WindowManager: Finished going to sleep... (groupId=0 why=OFF_BECAUSE_OF_USER) pmSleepReason=power_button
06-06 09:28:33.471  3062  3569 D PowerManagerService: nativeAcquireSuspendBlocker name:PowerManagerService.Broadcasts duration ms: 1
06-06 09:28:33.472  3062  3569 D PowerManagerService: nativeSetAutoSuspend enable:true duration ms: 0
06-06 09:28:33.472  3062  3569 D PowerManagerService: nativeReleaseSuspendBlocker name:PowerManagerService.Display duration ms: 0
06-06 09:28:33.490  3062  3062 I PowerManagerService: onFlip(): Face up.
06-06 09:28:33.497  3062  3062 D MotoFaceProvider: Receive screen off intent
06-06 09:28:33.501  3062  3600 D PowerManagerService: nativeSetPowerMode ret:false mode:5 enabled:true duration ms: 0
06-06 09:28:33.501  3983  4067 V WindowManagerShell: Transition requested: android.os.BinderProxy@dbcec08 TransitionRequestInfo { type = 6, triggerTask = null, remoteTransition = null, displayChange = DisplayChange { displayId = 0, startAbsBounds = null, endAbsBounds = null, startRotation = 1, endRotation = 0, physicalDisplayChanged = false }, flags = 0 }
06-06 09:28:33.515  3062  3600 I ActivityTaskManager: Config changes=20000580 {0.85 404mcc10mnc [en_IN] ldltr sw508dp w508dp h1063dp 340dpi lrg long layoutCompatNeeded port night finger -keyb/v/h -nav/h winConfig={ mBounds=Rect(0, 0 - 1080, 2400) mAppBounds=Rect(0, 90 - 1080, 2349) mMaxBounds=Rect(0, 0 - 1080, 2400) mDisplayRotation=ROTATION_0 mWindowingMode=fullscreen mDisplayWindowingMode=fullscreen mActivityType=undefined mAlwaysOnTop=undefined mRotation=ROTATION_0} as.2 s.3575 fontWeightAdjustment=0 spnairtel gidffffffffffffffffffff}
06-06 09:28:33.520  3062  3515 E UsbDeviceManager: Calling Update secure attr with /sys/class/android_usb/android0/secure value = true
06-06 09:28:33.520  3062  3515 E UsbDeviceManager: Actually updating secure attr with true
06-06 09:28:33.521  3062  3515 E UsbDeviceManager: Set USB secure = true by sys.usb.secure_mode
06-06 09:28:33.530  3062  3600 I WindowManager: Override config changes=20000580 {0.85 404mcc10mnc [en_IN] ldltr sw508dp w508dp h1063dp 340dpi lrg long layoutCompatNeeded port night finger -keyb/v/h -nav/h winConfig={ mBounds=Rect(0, 0 - 1080, 2400) mAppBounds=Rect(0, 90 - 1080, 2349) mMaxBounds=Rect(0, 0 - 1080, 2400) mDisplayRotation=ROTATION_0 mWindowingMode=fullscreen mDisplayWindowingMode=fullscreen mActivityType=undefined mAlwaysOnTop=undefined mRotation=ROTATION_0} as.2 s.3575 fontWeightAdjustment=0 spnairtel gidffffffffffffffffffff} for displayId=0
06-06 09:28:33.541  3983  4067 V WindowManagerShell: Display changed: 0
06-06 09:28:33.543  3062  3600 W ActivityManager: Receiver with filter android.content.IntentFilter@a1996dd already registered for pid 4379, callerPackage is com.motorola.actions
06-06 09:28:33.632  3983  3983 D VRI[NavigationBar0]: update {(0,0)(fillx102) gr=BOTTOM CENTER_VERTICAL layoutInDisplayCutoutMode=always ty=NAVIGATION_BAR fmt=TRANSLUCENT
06-06 09:28:33.632  3983  3983 D VRI[NavigationBar0]:   fl=NOT_FOCUSABLE NOT_TOUCH_MODAL WATCH_OUTSIDE_TOUCH SPLIT_TOUCH FLAG_SLIPPERY
06-06 09:28:33.632  3983  3983 D VRI[NavigationBar0]:   pfl=LAYOUT_SIZE_EXTENDED_BY_CUTOUT COLOR_SPACE_AGNOSTIC FIT_INSETS_CONTROLLED TRUSTED_OVERLAY
06-06 09:28:33.632  3983  3983 D VRI[NavigationBar0]:   bhv=DEFAULT
06-06 09:28:33.632  3983  3983 D VRI[NavigationBar0]:   providedInsets:
06-06 09:28:33.632  3983  3983 D VRI[NavigationBar0]:     InsetsFrameProvider: {id=#f4580001, index=0, type=navigationBars, source=FRAME, flags=[SUPPRESS_SCRIM], insetsSize=Insets{left=0, top=0, right=0, bottom=51}, insetsSizeOverrides=[TypedInsetsSize: {windowType=INPUT_METHOD, insetsSize=null}]}
06-06 09:28:33.632  3983  3983 D VRI[NavigationBar0]:     InsetsFrameProvider: {id=#f4580006, index=0, type=tappableElement, source=FRAME, flags=[], insetsSize=Insets{left=0, top=0, right=0, bottom=0}}
06-06 09:28:33.632  3983  3983 D VRI[NavigationBar0]:     InsetsFrameProvider: {id=#f4580005, index=0, type=mandatorySystemGestures, source=FRAME, flags=[], insetsSize=Insets{left=0, top=0, right=0, bottom=68}}
06-06 09:28:33.632  3983  3983 D VRI[NavigationBar0]:     InsetsFrameProvider: {id=#f4580004, index=0, type=systemGestures, source=DISPLAY, flags=[], insetsSize=Insets{left=63, top=0, right=0, bottom=0}, mMinimalInsetsSizeInDisplayCutoutSafe=Insets{left=63, top=0, right=0, bottom=0}}
06-06 09:28:33.632  3983  3983 D VRI[NavigationBar0]:     InsetsFrameProvider: {id=#f4580024, index=1, type=systemGestures, source=DISPLAY, flags=[], insetsSize=Insets{left=0, top=0, right=63, bottom=0}, mMinimalInsetsSizeInDisplayCutoutSafe=Insets{left=0, top=0, right=63, bottom=0}}
06-06 09:28:33.632  3983  3983 D VRI[NavigationBar0]:   paramsForRotation:
06-06 09:28:33.632  3983  3983 D VRI[NavigationBar0]:     ROTATION_0={(0,0)(fillx102) gr=BOTTOM CENTER_VERTICAL layoutInDisplayCutoutMode=always ty=NAVIGATION_BAR fmt=TRANSLUCENT
06-06 09:28:33.632  3983  3983 D VRI[NavigationBar0]:       fl=NOT_FOCUSABLE NOT_TOUCH_MODAL WATCH_OUTSIDE_TOUCH SPLIT_TOUCH FLAG_SLIPPERY
06-06 09:28:33.632  3983  3983 D VRI[NavigationBar0]:       pfl=LAYOUT_SIZE_EXTENDED_BY_CUTOUT COLOR_SPACE_AGNOSTIC FIT_INSETS_CONTROLLED TRUSTED_OVERLAY
06-06 09:28:33.632  3983  3983 D VRI[NavigationBar0]:       bhv=DEFAULT
06-06 09:28:33.632  3983  3983 D VRI[NavigationBar0]:       providedInsets:
06-06 09:28:33.632  3983  3983 D VRI[NavigationBar0]:         InsetsFrameProvider: {id=#f4580001, index=0, type=navigationBars, source=FRAME, flags=[SUPPRESS_SCRIM], insetsSize=Insets{left=0, top=0, right=0, bottom=51}, insetsSizeOverrides=[TypedInsetsSize: {windowType=INPUT_METHOD, insetsSize=null}]}
06-06 09:28:33.632  3983  3983 D VRI[NavigationBar0]:         InsetsFrameProvider: {id=#f4580006, index=0, type=tappableElement, source=FRAME, flags=[], insetsSize=Insets{left=0, top=0, right=0, bottom=0}}
06-06 09:28:33.632  3983  3983 D VRI[NavigationBar0]:         InsetsFrameProvider: {id=#f4580005, index=0, type=mandatorySystemGestures, source=FRAME, flags=[], insetsSize=Insets{left=0, top=0, right=0, bottom=68}}
06-06 09:28:33.632  3983  3983 D VRI[NavigationBar0]:         InsetsFrameProvider: {id=#f4580004, index=0, type=systemGestures, source=DISPLAY, flags=[], insetsSize=Insets{left=63, top=0, right=0, bottom=0}, mMinimalInsetsSizeInDisplayCutoutSafe=Insets{left=63, top=0, right=0, bottom=0}}
06-06 09:28:33.632  3983  3983 D VRI[NavigationBar0]:         InsetsFrameProvider: {id=#f4580024, index=1, type=systemGestures, source=DISPLAY, flags=[], insetsSize=Insets{left=0, top=0, right=63, bottom=0}, mMinimalInsetsSizeInDisplayCutoutSafe=Insets{left=0, top=0, right=63, bottom=0}}}
06-06 09:28:33.632  3983  3983 D VRI[NavigationBar0]:     ROTATION_90={(0,0)(fillx102) gr=BOTTOM CENTER_VERTICAL layoutInDisplayCutoutMode=always ty=NAVIGATION_BAR fmt=TRANSLUCENT
06-06 09:28:33.632  3983  3983 D VRI[NavigationBar0]:       fl=NOT_FOCUSABLE NOT_TOUCH_MODAL WATCH_OUTSIDE_TOUCH SPLIT_TOUCH FLAG_SLIPPERY
06-06 09:28:33.632  3983  3983 D VRI[NavigationBar0]:       pfl=LAYOUT_SIZE_EXTENDED_BY_CUTOUT COLOR_SPACE_AGNOSTIC FIT_INSETS_CONTROLLED TRUSTED_OVERLAY
06-06 09:28:33.632  3983  3983 D VRI[NavigationBar0]:       bhv=DEFAULT
06-06 09:28:33.632  3983  3983 D VRI[NavigationBar0]:       providedInsets:
06-06 09:28:33.632  3983  3983 D VRI[NavigationBar0]:         InsetsFrameProvider: {id=#f4580001, index=0, type=navigationBars, source=FRAME, flags=[SUPPRESS_SCRIM], insetsSize=Insets{left=0, top=0, right=0, bottom=51}, insetsSizeOverrides=[TypedInsetsSize: {windowType=INPUT_METHOD, insetsSize=null}]}
06-06 09:28:33.632  3983  3983 D VRI[NavigationBar0]:         InsetsFrameProvider: {id=#f4580006, index=0, type=tappableElement, source=FRAME, flags=[], insetsSize=Insets{left=0, top=0, right=0, bottom=0}}
06-06 09:28:33.632  3983  3983 D VRI[NavigationBar0]:         InsetsFrameProvider: {id=#f4580005, index=0, type=mandatorySystemGestures, source=FRAME, flags=[], insetsSize=Insets{left=0, top=0, right=0, bottom=68}}
06-06 09:28:33.632  3983  3983 D VRI[NavigationBar0]:         InsetsFrameProvider: {id=#f4580004, index=0, type=systemGestures, source=DISPLAY, flags=[], insetsSize=Insets{left=63, top=0, right=0, bottom=0}, mMinimalInsetsSizeInDisplayCutoutSafe=Insets{left=63, top=0, right=0, bottom=0}}
06-06 09:28:33.632  3983  3983 D VRI[NavigationBar0]:         InsetsFrameProvider: {id=#f4580024, index=1, type=systemGestures, source=DISPLAY, flags=[], insetsSize=Insets{left=0, top=0, right=63, bottom=0}, mMinimalInsetsSizeInDisplayCutoutSafe=Insets{left=0, top=0, right=63, bottom=0}}}
06-06 09:28:33.632  3983  3983 D VRI[NavigationBar0]:     ROTATION_180={(0,0)(fillx102) gr=BOTTOM CENTER_VERTICAL layoutInDisplayCutoutMode=always ty=NAVIGATION_BAR fmt=TRANSLUCENT
06-06 09:28:33.632  3983  3983 D VRI[NavigationBar0]:       fl=NOT_FOCUSABLE NOT_TOUCH_MODAL WATCH_OUTSIDE_TOUCH SPLIT_TOUCH FLAG_SLIPPERY
06-06 09:28:33.632  3983  3983 D VRI[NavigationBar0]:       pfl=LAYOUT_SIZE_EXTENDED_BY_CUTOUT COLOR_SPACE_AGNOSTIC FIT_INSETS_CONTROLLED TRUSTED_OVERLAY
06-06 09:28:33.632  3983  3983 D VRI[NavigationBar0]:       bhv=DEFAULT
06-06 09:28:33.632  3983  3983 D VRI[NavigationBar0]:       providedInsets:
06-06 09:28:33.632  3983  3983 D VRI[NavigationBar0]:         InsetsFrameProvider: {id=#f4580001, index=0, type=navigationBars, source=FRAME, flags=[SUPPRESS_SCRIM], insetsSize=Insets{left=0, top=0, right=0, bottom=51}, insetsSizeOverrides=[TypedInsetsSize: {windowType=INPUT_METHOD, insetsSize=null}]}
06-06 09:28:33.632  3983  3983 D VRI[NavigationBar0]:         InsetsFrameProvider: {id=#f4580006, index=0, type=tappableElement, source=FRAME, flags=[], insetsSize=Insets{left=0, top=0, right=0, bottom=0}}
06-06 09:28:33.632  3983  3983 D VRI[NavigationBar0]:         InsetsFrameProvider: {id=#f4580005, index=0, type=mandatorySystemGestures, source=FRAME, flags=[], insetsSize=Insets{left=0, top=0, right=0, bottom=68}}
06-06 09:28:33.632  3983  3983 D VRI[NavigationBar0]:         InsetsFrameProvider: {id=#f4580004, index=0, type=systemGestures, source=DISPLAY, flags=[], insetsSize=Insets{left=63, top=0, right=0, bottom=0}, mMinimalInsetsSizeInDisplayCutoutSafe=Insets{left=63, top=0, right=0, bottom=0}}
06-06 09:28:33.632  3983  3983 D VRI[NavigationBar0]:         InsetsFrameProvider: {id=#f4580024, index=1, type=systemGestures, source=DISPLAY, flags=[], insetsSize=Insets{left=0, top=0, right=63, bottom=0}, mMinimalInsetsSizeInDisplayCutoutSafe=Insets{left=0, top=0, right=63, bottom=0}}}
06-06 09:28:33.632  3983  3983 D VRI[NavigationBar0]:     ROTATION_270={(0,0)(fillx102) gr=BOTTOM CENTER_VERTICAL layoutInDisplayCutoutMode=always ty=NAVIGATION_BAR fmt=TRANSLUCENT
06-06 09:28:33.632  3983  3983 D VRI[NavigationBar0]:       fl=NOT_FOCUSABLE NOT_TOUCH_MODAL WATCH_OUTSIDE_TOUCH SPLIT_TOUCH FLAG_SLIPPERY
06-06 09:28:33.632  3983  3983 D VRI[NavigationBar0]:       pfl=LAYOUT_SIZE_EXTENDED_BY_CUTOUT COLOR_SPACE_AGNOSTIC FIT_INSETS_CONTROLLED TRUSTED_OVERLAY
06-06 09:28:33.632  3983  3983 D VRI[NavigationBar0]:       bhv=DEFAULT
06-06 09:28:33.632  3983  3983 D VRI[NavigationBar0]:       providedInsets:
06-06 09:28:33.632  3983  3983 D VRI[NavigationBar0]:         InsetsFrameProvider: {id=#f4580001, index=0, type=navigationBars, source=FRAME, flags=[SUPPRESS_SCRIM], insetsSize=Insets{left=0, top=0, right=0, bottom=51}, insetsSizeOverrides=[TypedInsetsSize: {windowType=INPUT_METHOD, insetsSize=null}]}
06-06 09:28:33.632  3983  3983 D VRI[NavigationBar0]:         InsetsFrameProvider: {id=#f4580006, index=0, type=tappableElement, source=FRAME, flags=[], insetsSize=Insets{left=0, top=0, right=0, bottom=0}}
06-06 09:28:33.632  3983  3983 D VRI[NavigationBar0]:         InsetsFrameProvider: {id=#f4580005, index=0, type=mandatorySystemGestures, source=FRAME, flags=[], insetsSize=Insets{left=0, top=0, right=0, bottom=68}}
06-06 09:28:33.632  3983  3983 D VRI[NavigationBar0]:         InsetsFrameProvider: {id=#f4580004, index=0, type=systemGestures, source=DISPLAY, flags=[], insetsSize=Insets{left=63, top=0, right=0, bottom=0}, mMinimalInsetsSizeInDisplayCutoutSafe=Insets{left=63, top=0, right=0, bottom=0}}
06-06 09:28:33.632  3983  3983 D VRI[NavigationBar0]:         InsetsFrameProvider: {id=#f4580024, index=1, type=systemGestures, source=DISPLAY, flags=[], insetsSize=Insets{left=0, top=0, right=63, bottom=0}, mMinimalInsetsSizeInDisplayCutoutSafe=Insets{left=0, top=0, right=63, bottom=0}}}} by setLayoutParams
06-06 09:28:33.637  3983  3983 D VRI[NotificationShade]: update {(0,0)(fillxfill) gr=TOP CENTER_VERTICAL layoutInDisplayCutoutMode=always ty=2040 fmt=TRANSLUCENT or=SCREEN_ORIENTATION_NOSENSOR
06-06 09:28:33.637  3983  3983 D VRI[NotificationShade]:   fl=TOUCHABLE_WHEN_WAKING ALT_FOCUSABLE_IM WATCH_OUTSIDE_TOUCH SHOW_WALLPAPER SPLIT_TOUCH HARDWARE_ACCELERATED DRAWS_SYSTEM_BAR_BACKGROUNDS
06-06 09:28:33.637  3983  3983 D VRI[NotificationShade]:   pfl=OPTIMIZE_MEASURE HIDE_NON_SYSTEM_OVERLAY_WINDOWS STATUS_FORCE_SHOW_NAVIGATION BEHAVIOR_CONTROLLED FIT_INSETS_CONTROLLED
06-06 09:28:33.637  3983  3983 D VRI[NotificationShade]:   bhv=SHOW_TRANSIENT_BARS_BY_SWIPE} by setLayoutParams
06-06 09:28:33.647  3062  4280 I WindowManager: finishDrawing of orientation change: Window{277e57 u0 NotificationShade} 111ms
06-06 09:28:33.653  3983  4067 V WindowManagerShell: onTransitionReady android.os.BinderProxy@dbcec08: {id=548 t=CHANGE f=0x400 trk=0 r=[0@Point(0, 0)] c=[{null m=CHANGE f=SHOW_WALLPAPER|TRANSLUCENT|FLAG_IS_SYSTEM_WINDOW p=WCT{android.window.IWindowContainerToken$Stub$Proxy@3062845} leash=Surface(name=WindowToken{be55bd6 type=2040 android.os.BinderProxy@657ff98})/@0xbde9b90 sb=Rect(0, 0 - 2400, 1080) eb=Rect(0, 0 - 1080, 2400) d=0 r=1->0:-1},{null m=TO_FRONT f=IS_WALLPAPER p=WCT{android.window.IWindowContainerToken$Stub$Proxy@4425b9a} leash=Surface(name=WallpaperWindowToken{ecb845f token=android.os.Binder@6d418b9})/@0x28e4c89 sb=Rect(0, 0 - 2400, 1080) eb=Rect(0, 0 - 1080, 2400) d=0 r=1->0:-1},{WCT{android.window.IWindowContainerToken$Stub$Proxy@b461ccb} m=CHANGE f=SHOW_WALLPAPER|IS_DISPLAY leash=Surface(name=WindowedMagnification:0:31)/@0xcde848e sb=Rect(0, 0 - 2400, 1080) eb=Rect(0, 0 - 1080, 2400) d=0 r=1->0:-1}]}
06-06 09:28:33.653  3983  4067 V WindowManagerShell: Playing animation for (#548)android.os.BinderProxy@dbcec08@0
06-06 09:28:33.653  3983  4067 V WindowManagerShell:  try handler com.android.wm.shell.transition.DefaultMixedHandler@57f2354
06-06 09:28:33.653  3983  4067 V WindowManagerShell:  try handler com.android.wm.shell.keyguard.KeyguardTransitionHandler@addd2fd
06-06 09:28:33.653  3983  4067 V WindowManagerShell:  try handler com.android.wm.shell.activityembedding.ActivityEmbeddingController@36a1bf2
06-06 09:28:33.653  3983  4067 V WindowManagerShell:  try handler com.android.wm.shell.recents.RecentsTransitionHandler@7ddd243
06-06 09:28:33.653  3983  4067 V ShellRecents: RecentsTransitionHandler.startAnimation: no controller found
06-06 09:28:33.653  3983  4067 V WindowManagerShell:  try handler com.android.wm.shell.pip.PipTransition@25520c0
06-06 09:28:33.654  3983  4067 V WindowManagerShell:  try handler com.android.wm.shell.splitscreen.StageCoordinator@2b9a1f9
06-06 09:28:33.654  3983  4067 V WindowManagerShell:  try handler com.android.wm.shell.transition.RemoteTransitionHandler@7fa053e
06-06 09:28:33.654  3983  4067 V WindowManagerShell:  try handler com.android.wm.shell.transition.DefaultTransitionHandler@f014f9f
06-06 09:28:33.654  3983  4067 V WindowManagerShell: start default transition animation, info = {id=548 t=CHANGE f=0x400 trk=0 r=[0@Point(0, 0)] c=[{null m=CHANGE f=SHOW_WALLPAPER|TRANSLUCENT|FLAG_IS_SYSTEM_WINDOW p=WCT{android.window.IWindowContainerToken$Stub$Proxy@3062845} leash=Surface(name=WindowToken{be55bd6 type=2040 android.os.BinderProxy@657ff98})/@0xbde9b90 sb=Rect(0, 0 - 2400, 1080) eb=Rect(0, 0 - 1080, 2400) d=0 r=1->0:-1},{null m=TO_FRONT f=IS_WALLPAPER p=WCT{android.window.IWindowContainerToken$Stub$Proxy@4425b9a} leash=Surface(name=WallpaperWindowToken{ecb845f token=android.os.Binder@6d418b9})/@0x28e4c89 sb=Rect(0, 0 - 2400, 1080) eb=Rect(0, 0 - 1080, 2400) d=0 r=1->0:-1},{WCT{android.window.IWindowContainerToken$Stub$Proxy@b461ccb} m=CHANGE f=SHOW_WALLPAPER|IS_DISPLAY leash=Surface(name=WindowedMagnification:0:31)/@0xcde848e sb=Rect(0, 0 - 2400, 1080) eb=Rect(0, 0 - 1080, 2400) d=0 r=1->0:-1}]}
06-06 09:28:33.654  3062  3515 V WindowManager: Sent Transition #548 createdAt=06-06 09:28:33.500 via request=TransitionRequestInfo { type = 6, triggerTask = null, remoteTransition = null, displayChange = DisplayChange { displayId = 0, startAbsBounds = null, endAbsBounds = null, startRotation = 1, endRotation = 0, physicalDisplayChanged = false }, flags = 0 }
06-06 09:28:33.654  3062  3515 V WindowManager:     startWCT=WindowContainerTransaction { changes = {} hops = [] errorCallbackToken=null taskFragmentOrganizer=null }
06-06 09:28:33.654  3062  3515 V WindowManager:     info={id=548 t=CHANGE f=0x400 trk=0 r=[0@Point(0, 0)] c=[{null m=CHANGE f=SHOW_WALLPAPER|TRANSLUCENT|FLAG_IS_SYSTEM_WINDOW p=WCT{RemoteToken{5848f01 Display{#0 state=OFF size=1080x2400 ROTATION_0}}} leash=Surface(name=WindowToken{be55bd6 type=2040 android.os.BinderProxy@657ff98})/@0xfeb045e sb=Rect(0, 0 - 2400, 1080) eb=Rect(0, 0 - 1080, 2400) d=0 r=1->0:-1},{null m=TO_FRONT f=IS_WALLPAPER p=WCT{RemoteToken{5848f01 Display{#0 state=OFF size=1080x2400 ROTATION_0}}} leash=Surface(name=WallpaperWindowToken{ecb845f token=android.os.Binder@6d418b9})/@0xd7df60b sb=Rect(0, 0 - 2400, 1080) eb=Rect(0, 0 - 1080, 2400) d=0 r=1->0:-1},{WCT{RemoteToken{5848f01 Display{#0 state=OFF size=1080x2400 ROTATION_0}}} m=CHANGE f=SHOW_WALLPAPER|IS_DISPLAY leash=Surface(name=WindowedMagnification:0:31)/@0x9ec56bc sb=Rect(0, 0 - 2400, 1080) eb=Rect(0, 0 - 1080, 2400) d=0 r=1->0:-1}]}
06-06 09:28:33.655  3983  4067 V WindowManagerShell: Transition animation finished (aborted=false), notifying core (#548)android.os.BinderProxy@dbcec08@0
06-06 09:28:33.657  3983  3983 D VRI[NavigationBar0]: update {(0,0)(fillx102) gr=BOTTOM CENTER_VERTICAL layoutInDisplayCutoutMode=always ty=NAVIGATION_BAR fmt=TRANSLUCENT
06-06 09:28:33.657  3983  3983 D VRI[NavigationBar0]:   fl=NOT_FOCUSABLE NOT_TOUCH_MODAL WATCH_OUTSIDE_TOUCH SPLIT_TOUCH FLAG_SLIPPERY
06-06 09:28:33.657  3983  3983 D VRI[NavigationBar0]:   pfl=LAYOUT_SIZE_EXTENDED_BY_CUTOUT COLOR_SPACE_AGNOSTIC FIT_INSETS_CONTROLLED TRUSTED_OVERLAY
06-06 09:28:33.657  3983  3983 D VRI[NavigationBar0]:   bhv=DEFAULT
06-06 09:28:33.657  3983  3983 D VRI[NavigationBar0]:   providedInsets:
06-06 09:28:33.657  3983  3983 D VRI[NavigationBar0]:     InsetsFrameProvider: {id=#f4580001, index=0, type=navigationBars, source=FRAME, flags=[SUPPRESS_SCRIM], insetsSize=Insets{left=0, top=0, right=0, bottom=51}, insetsSizeOverrides=[TypedInsetsSize: {windowType=INPUT_METHOD, insetsSize=null}]}
06-06 09:28:33.657  3983  3983 D VRI[NavigationBar0]:     InsetsFrameProvider: {id=#f4580006, index=0, type=tappableElement, source=FRAME, flags=[], insetsSize=Insets{left=0, top=0, right=0, bottom=0}}
06-06 09:28:33.657  3983  3983 D VRI[NavigationBar0]:     InsetsFrameProvider: {id=#f4580005, index=0, type=mandatorySystemGestures, source=FRAME, flags=[], insetsSize=Insets{left=0, top=0, right=0, bottom=68}}
06-06 09:28:33.657  3983  3983 D VRI[NavigationBar0]:     InsetsFrameProvider: {id=#f4580004, index=0, type=systemGestures, source=DISPLAY, flags=[], insetsSize=Insets{left=63, top=0, right=0, bottom=0}, mMinimalInsetsSizeInDisplayCutoutSafe=Insets{left=63, top=0, right=0, bottom=0}}
06-06 09:28:33.657  3983  3983 D VRI[NavigationBar0]:     InsetsFrameProvider: {id=#f4580024, index=1, type=systemGestures, source=DISPLAY, flags=[], insetsSize=Insets{left=0, top=0, right=63, bottom=0}, mMinimalInsetsSizeInDisplayCutoutSafe=Insets{left=0, top=0, right=63, bottom=0}}
06-06 09:28:33.657  3983  3983 D VRI[NavigationBar0]:   paramsForRotation:
06-06 09:28:33.657  3983  3983 D VRI[NavigationBar0]:     ROTATION_0={(0,0)(fillx102) gr=BOTTOM CENTER_VERTICAL layoutInDisplayCutoutMode=always ty=NAVIGATION_BAR fmt=TRANSLUCENT
06-06 09:28:33.657  3983  3983 D VRI[NavigationBar0]:       fl=NOT_FOCUSABLE NOT_TOUCH_MODAL WATCH_OUTSIDE_TOUCH SPLIT_TOUCH FLAG_SLIPPERY
06-06 09:28:33.657  3983  3983 D VRI[NavigationBar0]:       pfl=LAYOUT_SIZE_EXTENDED_BY_CUTOUT COLOR_SPACE_AGNOSTIC FIT_INSETS_CONTROLLED TRUSTED_OVERLAY
06-06 09:28:33.657  3983  3983 D VRI[NavigationBar0]:       bhv=DEFAULT
06-06 09:28:33.657  3983  3983 D VRI[NavigationBar0]:       providedInsets:
06-06 09:28:33.657  3983  3983 D VRI[NavigationBar0]:         InsetsFrameProvider: {id=#f4580001, index=0, type=navigationBars, source=FRAME, flags=[SUPPRESS_SCRIM], insetsSize=Insets{left=0, top=0, right=0, bottom=51}, insetsSizeOverrides=[TypedInsetsSize: {windowType=INPUT_METHOD, insetsSize=null}]}
06-06 09:28:33.657  3983  3983 D VRI[NavigationBar0]:         InsetsFrameProvider: {id=#f4580006, index=0, type=tappableElement, source=FRAME, flags=[], insetsSize=Insets{left=0, top=0, right=0, bottom=0}}
06-06 09:28:33.657  3983  3983 D VRI[NavigationBar0]:         InsetsFrameProvider: {id=#f4580005, index=0, type=mandatorySystemGestures, source=FRAME, flags=[], insetsSize=Insets{left=0, top=0, right=0, bottom=68}}
06-06 09:28:33.657  3983  3983 D VRI[NavigationBar0]:         InsetsFrameProvider: {id=#f4580004, index=0, type=systemGestures, source=DISPLAY, flags=[], insetsSize=Insets{left=63, top=0, right=0, bottom=0}, mMinimalInsetsSizeInDisplayCutoutSafe=Insets{left=63, top=0, right=0, bottom=0}}
06-06 09:28:33.657  3983  3983 D VRI[NavigationBar0]:         InsetsFrameProvider: {id=#f4580024, index=1, type=systemGestures, source=DISPLAY, flags=[], insetsSize=Insets{left=0, top=0, right=63, bottom=0}, mMinimalInsetsSizeInDisplayCutoutSafe=Insets{left=0, top=0, right=63, bottom=0}}}
06-06 09:28:33.657  3983  3983 D VRI[NavigationBar0]:     ROTATION_90={(0,0)(fillx102) gr=BOTTOM CENTER_VERTICAL layoutInDisplayCutoutMode=always ty=NAVIGATION_BAR fmt=TRANSLUCENT
06-06 09:28:33.657  3983  3983 D VRI[NavigationBar0]:       fl=NOT_FOCUSABLE NOT_TOUCH_MODAL WATCH_OUTSIDE_TOUCH SPLIT_TOUCH FLAG_SLIPPERY
06-06 09:28:33.657  3983  3983 D VRI[NavigationBar0]:       pfl=LAYOUT_SIZE_EXTENDED_BY_CUTOUT COLOR_SPACE_AGNOSTIC FIT_INSETS_CONTROLLED TRUSTED_OVERLAY
06-06 09:28:33.657  3983  3983 D VRI[NavigationBar0]:       bhv=DEFAULT
06-06 09:28:33.657  3983  3983 D VRI[NavigationBar0]:       providedInsets:
06-06 09:28:33.657  3983  3983 D VRI[NavigationBar0]:         InsetsFrameProvider: {id=#f4580001, index=0, type=navigationBars, source=FRAME, flags=[SUPPRESS_SCRIM], insetsSize=Insets{left=0, top=0, right=0, bottom=51}, insetsSizeOverrides=[TypedInsetsSize: {windowType=INPUT_METHOD, insetsSize=null}]}
06-06 09:28:33.657  3983  3983 D VRI[NavigationBar0]:         InsetsFrameProvider: {id=#f4580006, index=0, type=tappableElement, source=FRAME, flags=[], insetsSize=Insets{left=0, top=0, right=0, bottom=0}}
06-06 09:28:33.657  3983  3983 D VRI[NavigationBar0]:         InsetsFrameProvider: {id=#f4580005, index=0, type=mandatorySystemGestures, source=FRAME, flags=[], insetsSize=Insets{left=0, top=0, right=0, bottom=68}}
06-06 09:28:33.657  3983  3983 D VRI[NavigationBar0]:         InsetsFrameProvider: {id=#f4580004, index=0, type=systemGestures, source=DISPLAY, flags=[], insetsSize=Insets{left=63, top=0, right=0, bottom=0}, mMinimalInsetsSizeInDisplayCutoutSafe=Insets{left=63, top=0, right=0, bottom=0}}
06-06 09:28:33.657  3983  3983 D VRI[NavigationBar0]:         InsetsFrameProvider: {id=#f4580024, index=1, type=systemGestures, source=DISPLAY, flags=[], insetsSize=Insets{left=0, top=0, right=63, bottom=0}, mMinimalInsetsSizeInDisplayCutoutSafe=Insets{left=0, top=0, right=63, bottom=0}}}
06-06 09:28:33.657  3983  3983 D VRI[NavigationBar0]:     ROTATION_180={(0,0)(fillx102) gr=BOTTOM CENTER_VERTICAL layoutInDisplayCutoutMode=always ty=NAVIGATION_BAR fmt=TRANSLUCENT
06-06 09:28:33.657  3983  3983 D VRI[NavigationBar0]:       fl=NOT_FOCUSABLE NOT_TOUCH_MODAL WATCH_OUTSIDE_TOUCH SPLIT_TOUCH FLAG_SLIPPERY
06-06 09:28:33.657  3983  3983 D VRI[NavigationBar0]:       pfl=LAYOUT_SIZE_EXTENDED_BY_CUTOUT COLOR_SPACE_AGNOSTIC FIT_INSETS_CONTROLLED TRUSTED_OVERLAY
06-06 09:28:33.657  3983  3983 D VRI[NavigationBar0]:       bhv=DEFAULT
06-06 09:28:33.657  3983  3983 D VRI[NavigationBar0]:       providedInsets:
06-06 09:28:33.657  3983  3983 D VRI[NavigationBar0]:         InsetsFrameProvider: {id=#f4580001, index=0, type=navigationBars, source=FRAME, flags=[SUPPRESS_SCRIM], insetsSize=Insets{left=0, top=0, right=0, bottom=51}, insetsSizeOverrides=[TypedInsetsSize: {windowType=INPUT_METHOD, insetsSize=null}]}
06-06 09:28:33.657  3983  3983 D VRI[NavigationBar0]:         InsetsFrameProvider: {id=#f4580006, index=0, type=tappableElement, source=FRAME, flags=[], insetsSize=Insets{left=0, top=0, right=0, bottom=0}}
06-06 09:28:33.657  3983  3983 D VRI[NavigationBar0]:         InsetsFrameProvider: {id=#f4580005, index=0, type=mandatorySystemGestures, source=FRAME, flags=[], insetsSize=Insets{left=0, top=0, right=0, bottom=68}}
06-06 09:28:33.657  3983  3983 D VRI[NavigationBar0]:         InsetsFrameProvider: {id=#f4580004, index=0, type=systemGestures, source=DISPLAY, flags=[], insetsSize=Insets{left=63, top=0, right=0, bottom=0}, mMinimalInsetsSizeInDisplayCutoutSafe=Insets{left=63, top=0, right=0, bottom=0}}
06-06 09:28:33.657  3983  3983 D VRI[NavigationBar0]:         InsetsFrameProvider: {id=#f4580024, index=1, type=systemGestures, source=DISPLAY, flags=[], insetsSize=Insets{left=0, top=0, right=63, bottom=0}, mMinimalInsetsSizeInDisplayCutoutSafe=Insets{left=0, top=0, right=63, bottom=0}}}
06-06 09:28:33.657  3983  3983 D VRI[NavigationBar0]:     ROTATION_270={(0,0)(fillx102) gr=BOTTOM CENTER_VERTICAL layoutInDisplayCutoutMode=always ty=NAVIGATION_BAR fmt=TRANSLUCENT
06-06 09:28:33.657  3983  3983 D VRI[NavigationBar0]:       fl=NOT_FOCUSABLE NOT_TOUCH_MODAL WATCH_OUTSIDE_TOUCH SPLIT_TOUCH FLAG_SLIPPERY
06-06 09:28:33.657  3983  3983 D VRI[NavigationBar0]:       pfl=LAYOUT_SIZE_EXTENDED_BY_CUTOUT COLOR_SPACE_AGNOSTIC FIT_INSETS_CONTROLLED TRUSTED_OVERLAY
06-06 09:28:33.657  3983  3983 D VRI[NavigationBar0]:       bhv=DEFAULT
06-06 09:28:33.657  3983  3983 D VRI[NavigationBar0]:       providedInsets:
06-06 09:28:33.657  3983  3983 D VRI[NavigationBar0]:         InsetsFrameProvider: {id=#f4580001, index=0, type=navigationBars, source=FRAME, flags=[SUPPRESS_SCRIM], insetsSize=Insets{left=0, top=0, right=0, bottom=51}, insetsSizeOverrides=[TypedInsetsSize: {windowType=INPUT_METHOD, insetsSize=null}]}
06-06 09:28:33.657  3983  3983 D VRI[NavigationBar0]:         InsetsFrameProvider: {id=#f4580006, index=0, type=tappableElement, source=FRAME, flags=[], insetsSize=Insets{left=0, top=0, right=0, bottom=0}}
06-06 09:28:33.657  3983  3983 D VRI[NavigationBar0]:         InsetsFrameProvider: {id=#f4580005, index=0, type=mandatorySystemGestures, source=FRAME, flags=[], insetsSize=Insets{left=0, top=0, right=0, bottom=68}}
06-06 09:28:33.657  3983  3983 D VRI[NavigationBar0]:         InsetsFrameProvider: {id=#f4580004, index=0, type=systemGestures, source=DISPLAY, flags=[], insetsSize=Insets{left=63, top=0, right=0, bottom=0}, mMinimalInsetsSizeInDisplayCutoutSafe=Insets{left=63, top=0, right=0, bottom=0}}
06-06 09:28:33.657  3983  3983 D VRI[NavigationBar0]:         InsetsFrameProvider: {id=#f4580024, index=1, type=systemGestures, source=DISPLAY, flags=[], insetsSize=Insets{left=0, top=0, right=63, bottom=0}, mMinimalInsetsSizeInDisplayCutoutSafe=Insets{left=0, top=0, right=63, bottom=0}}}} by setLayoutParams
06-06 09:28:33.658  3062  3062 D TrustManagerService: refreshDeviceLockedForUser(userId=0, unlockedUser=-10000), secure=true, showingKeyguard=true, trusted=false, biometricAuthenticated=false, currentUserIsUnlocked=false, deviceLocked=true
06-06 09:28:33.658  3062  3062 D BiometricService: Sensor ID(1008), oemStrength: 4095, updatedStrength: 4095, modality 8, state: 0, cookie: 0, sensorId 1008, hasEnrollments: true cannot participate in Keystore operations
06-06 09:28:33.658  3983  3983 D VRI[NotificationShade]: update {(0,0)(fillxfill) gr=TOP CENTER_VERTICAL layoutInDisplayCutoutMode=always ty=2040 fmt=TRANSLUCENT or=SCREEN_ORIENTATION_NOSENSOR if=INPUT_FEATURE_DISABLE_USER_ACTIVITY userActivityTimeout=10000
06-06 09:28:33.658  3983  3983 D VRI[NotificationShade]:   fl=TOUCHABLE_WHEN_WAKING WATCH_OUTSIDE_TOUCH SHOW_WALLPAPER SPLIT_TOUCH HARDWARE_ACCELERATED DRAWS_SYSTEM_BAR_BACKGROUNDS
06-06 09:28:33.658  3983  3983 D VRI[NotificationShade]:   pfl=OPTIMIZE_MEASURE HIDE_NON_SYSTEM_OVERLAY_WINDOWS BEHAVIOR_CONTROLLED FIT_INSETS_CONTROLLED
06-06 09:28:33.658  3983  3983 D VRI[NotificationShade]:   bhv=SHOW_TRANSIENT_BARS_BY_SWIPE} by setLayoutParams
