06-06 09:27:13.623  3062  6165 D PowerManagerService: nativeReleaseSuspendBlocker name:PowerManagerService.WakeLocks duration ms: 0
06-06 09:27:18.353 25162 25173 W Binder  : reply too large data on java level: InterfaceDescriptor = null, code = 1
06-06 09:27:18.592  3062  5359 D PowerManagerService: nativeAcquireSuspendBlocker name:PowerManagerService.WakeLocks duration ms: 2
06-06 09:27:18.795  3062  5359 D PowerManagerService: nativeReleaseSuspendBlocker name:PowerManagerService.WakeLocks duration ms: 0
06-06 09:27:20.317  3062  3659 D ActivityManager: freezing 920 com.google.android.cellbroadcastreceiver, reason = oom_cached
06-06 09:27:20.591  3062  5359 D PowerManagerService: nativeAcquireSuspendBlocker name:PowerManagerService.WakeLocks duration ms: 2
06-06 09:27:20.626  3062  5359 W ContextImpl: Calling a method in the system process without a qualified user: android.app.ContextImpl.sendBroadcastMultiplePermissions:1281 android.content.Context.sendBroadcastMultiplePermissions:2476 com.android.server.TelephonyRegistry.broadcastServiceStateChanged:3597 com.android.server.TelephonyRegistry.notifyServiceStateForPhoneId:1734 com.android.internal.telephony.ITelephonyRegistry$Stub.onTransact:550 
06-06 09:27:20.627  3062  5359 W ContextImpl: Calling a method in the system process without a qualified user: android.app.ContextImpl.sendBroadcastMultiplePermissions:1314 com.android.server.TelephonyRegistry.broadcastServiceStateChanged:3602 com.android.server.TelephonyRegistry.notifyServiceStateForPhoneId:1734 com.android.internal.telephony.ITelephonyRegistry$Stub.onTransact:550 android.os.Binder.execTransactInternal:1380 
06-06 09:27:20.627  3062  5359 W ContextImpl: Calling a method in the system process without a qualified user: android.app.ContextImpl.sendBroadcastMultiplePermissions:1314 com.android.server.TelephonyRegistry.broadcastServiceStateChanged:3611 com.android.server.TelephonyRegistry.notifyServiceStateForPhoneId:1734 com.android.internal.telephony.ITelephonyRegistry$Stub.onTransact:550 android.os.Binder.execTransactInternal:1380 
06-06 09:27:20.628  3062  5359 W ContextImpl: Calling a method in the system process without a qualified user: android.app.ContextImpl.sendBroadcastMultiplePermissions:1314 com.android.server.TelephonyRegistry.broadcastServiceStateChanged:3617 com.android.server.TelephonyRegistry.notifyServiceStateForPhoneId:1734 com.android.internal.telephony.ITelephonyRegistry$Stub.onTransact:550 android.os.Binder.execTransactInternal:1380 
06-06 09:27:20.628  3062  3525 D ActivityManager: unfreezing ProcessRecord{c29dd6 920:com.google.android.cellbroadcastreceiver/u0a367}, reason = unfreezeTemporarily, adj = 925, adjType = cch-empty, adjSource = null
06-06 09:27:20.629  3062  3525 D ActivityManager: sync unfroze 920 com.google.android.cellbroadcastreceiver for 3
06-06 09:27:20.805  3062  5359 D PowerManagerService: nativeReleaseSuspendBlocker name:PowerManagerService.WakeLocks duration ms: 0
06-06 09:27:21.238  3062  3659 D ActivityManager: freezing 12774 com.facebook.appmanager, reason = unfreezeTemporarily
06-06 09:27:21.634  3062  3888 D PowerManagerService: nativeAcquireSuspendBlocker name:PowerManagerService.WakeLocks duration ms: 1
06-06 09:27:21.644  3062  3888 D PowerManagerService: nativeReleaseSuspendBlocker name:PowerManagerService.WakeLocks duration ms: 0
06-06 09:27:24.243  3062  3062 V UiModeManager: updateLocked: null action, mDockState=0, category=null
06-06 09:27:24.244  3062  3062 D UiModeManager: updateConfigurationLocked: mDockState=0; mCarMode=false; mNightMode=2; mNightModeCustomType=-1; uiMode=33
06-06 09:27:24.258  3062  7643 W ProcessStats: Tracking association SourceState{ba5c3f5 com.pinterest/10381 BTop #258121} whose proc state 2 is better than process ProcessState{2d688c8 com.google.android.gms.persistent/10192 pkg=com.google.android.gms} proc state 4 (11 skipped)
06-06 09:27:24.401 25162 25349 W Binder  : reply too large data on java level: InterfaceDescriptor = null, code = 1
06-06 09:27:25.111  3062  3664 D PowerManagerService: nativeAcquireSuspendBlocker name:PowerManagerService.WakeLocks duration ms: 2
06-06 09:27:25.115  3062  3624 D CompatibilityChangeReporter: Compat change id reported: 271850009; UID 10357; state: ENABLED
06-06 09:27:25.116  3062  3624 D CompatibilityChangeReporter: Compat change id reported: 261072174; UID 10285; state: ENABLED
06-06 09:27:25.709  3062 10251 D PowerManagerService: nativeReleaseSuspendBlocker name:PowerManagerService.WakeLocks duration ms: 0
06-06 09:27:27.431 25162 25349 W Binder  : reply too large data on java level: InterfaceDescriptor = null, code = 1
06-06 09:27:27.916  3062  3664 D PowerManagerService: nativeAcquireSuspendBlocker name:PowerManagerService.WakeLocks duration ms: 3
06-06 09:27:27.922  3062  3062 D PowerManagerService: nativeReleaseSuspendBlocker name:PowerManagerService.WakeLocks duration ms: 1
06-06 09:27:28.340  3062 10251 D PowerManagerService: nativeAcquireSuspendBlocker name:PowerManagerService.WakeLocks duration ms: 1
06-06 09:27:28.358  3062  3600 W ContextImpl: Calling a method in the system process without a qualified user: android.app.ContextImpl.sendBroadcastMultiplePermissions:1281 android.content.Context.sendBroadcastMultiplePermissions:2476 com.android.server.TelephonyRegistry.broadcastServiceStateChanged:3597 com.android.server.TelephonyRegistry.notifyServiceStateForPhoneId:1734 com.android.internal.telephony.ITelephonyRegistry$Stub.onTransact:550 
06-06 09:27:28.358  3062  3600 W ContextImpl: Calling a method in the system process without a qualified user: android.app.ContextImpl.sendBroadcastMultiplePermissions:1314 com.android.server.TelephonyRegistry.broadcastServiceStateChanged:3602 com.android.server.TelephonyRegistry.notifyServiceStateForPhoneId:1734 com.android.internal.telephony.ITelephonyRegistry$Stub.onTransact:550 android.os.Binder.execTransactInternal:1380 
06-06 09:27:28.359  3062  3600 W ContextImpl: Calling a method in the system process without a qualified user: android.app.ContextImpl.sendBroadcastMultiplePermissions:1314 com.android.server.TelephonyRegistry.broadcastServiceStateChanged:3611 com.android.server.TelephonyRegistry.notifyServiceStateForPhoneId:1734 com.android.internal.telephony.ITelephonyRegistry$Stub.onTransact:550 android.os.Binder.execTransactInternal:1380 
06-06 09:27:28.359  3062  3600 W ContextImpl: Calling a method in the system process without a qualified user: android.app.ContextImpl.sendBroadcastMultiplePermissions:1314 com.android.server.TelephonyRegistry.broadcastServiceStateChanged:3617 com.android.server.TelephonyRegistry.notifyServiceStateForPhoneId:1734 com.android.internal.telephony.ITelephonyRegistry$Stub.onTransact:550 android.os.Binder.execTransactInternal:1380 
06-06 09:27:28.544  3062  6165 D PowerManagerService: nativeReleaseSuspendBlocker name:PowerManagerService.WakeLocks duration ms: 0
06-06 09:27:28.707  1572  1683 E NetlinkEvent: NetlinkEvent::FindParam(): Parameter 'INTERFACE' not found
06-06 09:27:28.707  1572  1683 E NetlinkEvent: NetlinkEvent::FindParam(): Parameter 'STATE' not found
06-06 09:27:28.707  1572  1683 E NetlinkEvent: NetlinkEvent::FindParam(): Parameter 'TIME_NS' not found
06-06 09:27:28.707  1572  1683 E NetlinkEvent: NetlinkEvent::FindParam(): Parameter 'UID' not found
06-06 09:27:31.050  3062  6165 D PowerManagerService: nativeAcquireSuspendBlocker name:PowerManagerService.WakeLocks duration ms: 2
06-06 09:27:31.087  3062 10251 W ContextImpl: Calling a method in the system process without a qualified user: android.app.ContextImpl.sendBroadcastMultiplePermissions:1281 android.content.Context.sendBroadcastMultiplePermissions:2476 com.android.server.TelephonyRegistry.broadcastServiceStateChanged:3597 com.android.server.TelephonyRegistry.notifyServiceStateForPhoneId:1734 com.android.internal.telephony.ITelephonyRegistry$Stub.onTransact:550 
06-06 09:27:31.088  3062 10251 W ContextImpl: Calling a method in the system process without a qualified user: android.app.ContextImpl.sendBroadcastMultiplePermissions:1314 com.android.server.TelephonyRegistry.broadcastServiceStateChanged:3602 com.android.server.TelephonyRegistry.notifyServiceStateForPhoneId:1734 com.android.internal.telephony.ITelephonyRegistry$Stub.onTransact:550 android.os.Binder.execTransactInternal:1380 
06-06 09:27:31.088  3062 10251 W ContextImpl: Calling a method in the system process without a qualified user: android.app.ContextImpl.sendBroadcastMultiplePermissions:1314 com.android.server.TelephonyRegistry.broadcastServiceStateChanged:3611 com.android.server.TelephonyRegistry.notifyServiceStateForPhoneId:1734 com.android.internal.telephony.ITelephonyRegistry$Stub.onTransact:550 android.os.Binder.execTransactInternal:1380 
06-06 09:27:31.089  3062 10251 W ContextImpl: Calling a method in the system process without a qualified user: android.app.ContextImpl.sendBroadcastMultiplePermissions:1314 com.android.server.TelephonyRegistry.broadcastServiceStateChanged:3617 com.android.server.TelephonyRegistry.notifyServiceStateForPhoneId:1734 com.android.internal.telephony.ITelephonyRegistry$Stub.onTransact:550 android.os.Binder.execTransactInternal:1380 
06-06 09:27:31.120  3062  6165 W ContextImpl: Calling a method in the system process without a qualified user: android.app.ContextImpl.sendBroadcastMultiplePermissions:1281 android.content.Context.sendBroadcastMultiplePermissions:2476 com.android.server.TelephonyRegistry.broadcastServiceStateChanged:3597 com.android.server.TelephonyRegistry.notifyServiceStateForPhoneId:1734 com.android.internal.telephony.ITelephonyRegistry$Stub.onTransact:550 
06-06 09:27:31.121  3062  6165 W ContextImpl: Calling a method in the system process without a qualified user: android.app.ContextImpl.sendBroadcastMultiplePermissions:1314 com.android.server.TelephonyRegistry.broadcastServiceStateChanged:3602 com.android.server.TelephonyRegistry.notifyServiceStateForPhoneId:1734 com.android.internal.telephony.ITelephonyRegistry$Stub.onTransact:550 android.os.Binder.execTransactInternal:1380 
06-06 09:27:31.122  3062  6165 W ContextImpl: Calling a method in the system process without a qualified user: android.app.ContextImpl.sendBroadcastMultiplePermissions:1314 com.android.server.TelephonyRegistry.broadcastServiceStateChanged:3611 com.android.server.TelephonyRegistry.notifyServiceStateForPhoneId:1734 com.android.internal.telephony.ITelephonyRegistry$Stub.onTransact:550 android.os.Binder.execTransactInternal:1380 
06-06 09:27:31.122  3062  6165 W ContextImpl: Calling a method in the system process without a qualified user: android.app.ContextImpl.sendBroadcastMultiplePermissions:1314 com.android.server.TelephonyRegistry.broadcastServiceStateChanged:3617 com.android.server.TelephonyRegistry.notifyServiceStateForPhoneId:1734 com.android.internal.telephony.ITelephonyRegistry$Stub.onTransact:550 android.os.Binder.execTransactInternal:1380 
06-06 09:27:31.279  3062  7643 D PowerManagerService: nativeReleaseSuspendBlocker name:PowerManagerService.WakeLocks duration ms: 0
06-06 09:27:32.131  3062  3888 D PowerManagerService: nativeAcquireSuspendBlocker name:PowerManagerService.WakeLocks duration ms: 4
06-06 09:27:32.144  3062  3888 D PowerManagerService: nativeReleaseSuspendBlocker name:PowerManagerService.WakeLocks duration ms: 1
06-06 09:27:32.171  3062  3888 D PowerManagerService: nativeAcquireSuspendBlocker name:PowerManagerService.WakeLocks duration ms: 2
06-06 09:27:32.178  3062  3888 D PowerManagerService: nativeReleaseSuspendBlocker name:PowerManagerService.WakeLocks duration ms: 0
06-06 09:27:33.481 25162 25349 W Binder  : reply too large data on java level: InterfaceDescriptor = null, code = 1
06-06 09:27:34.751  3062  5359 D PowerManagerService: nativeAcquireSuspendBlocker name:PowerManagerService.WakeLocks duration ms: 2
06-06 09:27:34.953  3062  5359 D PowerManagerService: nativeReleaseSuspendBlocker name:PowerManagerService.WakeLocks duration ms: 0
06-06 09:27:37.927  3062  3624 W ProcessStats: Tracking association SourceState{84b31f4 com.pinterest/10381 BTop #258146} whose proc state 2 is better than process ProcessState{a45bae7 com.google.android.adservices.api/10357 pkg=com.google.android.adservices.api} proc state 4 (13 skipped)
06-06 09:27:41.152  3062  3659 D ActivityManager: freezing 920 com.google.android.cellbroadcastreceiver, reason = oom_cached
06-06 09:27:42.556 25162 31957 W Binder  : reply too large data on java level: InterfaceDescriptor = null, code = 1
06-06 09:27:44.711  3062 10251 D PowerManagerService: nativeAcquireSuspendBlocker name:PowerManagerService.WakeLocks duration ms: 2
06-06 09:27:44.732  3062 10251 W ContextImpl: Calling a method in the system process without a qualified user: android.app.ContextImpl.sendBroadcastMultiplePermissions:1281 android.content.Context.sendBroadcastMultiplePermissions:2476 com.android.server.TelephonyRegistry.broadcastServiceStateChanged:3597 com.android.server.TelephonyRegistry.notifyServiceStateForPhoneId:1734 com.android.internal.telephony.ITelephonyRegistry$Stub.onTransact:550 
06-06 09:27:44.732  3062 10251 W ContextImpl: Calling a method in the system process without a qualified user: android.app.ContextImpl.sendBroadcastMultiplePermissions:1314 com.android.server.TelephonyRegistry.broadcastServiceStateChanged:3602 com.android.server.TelephonyRegistry.notifyServiceStateForPhoneId:1734 com.android.internal.telephony.ITelephonyRegistry$Stub.onTransact:550 android.os.Binder.execTransactInternal:1380 
06-06 09:27:44.733  3062 10251 W ContextImpl: Calling a method in the system process without a qualified user: android.app.ContextImpl.sendBroadcastMultiplePermissions:1314 com.android.server.TelephonyRegistry.broadcastServiceStateChanged:3611 com.android.server.TelephonyRegistry.notifyServiceStateForPhoneId:1734 com.android.internal.telephony.ITelephonyRegistry$Stub.onTransact:550 android.os.Binder.execTransactInternal:1380 
06-06 09:27:44.734  3062 10251 W ContextImpl: Calling a method in the system process without a qualified user: android.app.ContextImpl.sendBroadcastMultiplePermissions:1314 com.android.server.TelephonyRegistry.broadcastServiceStateChanged:3617 com.android.server.TelephonyRegistry.notifyServiceStateForPhoneId:1734 com.android.internal.telephony.ITelephonyRegistry$Stub.onTransact:550 android.os.Binder.execTransactInternal:1380 
06-06 09:27:44.734  3062  3525 D ActivityManager: unfreezing ProcessRecord{c29dd6 920:com.google.android.cellbroadcastreceiver/u0a367}, reason = unfreezeTemporarily, adj = 925, adjType = cch-empty, adjSource = null
06-06 09:27:44.734  3062  3525 D ActivityManager: sync unfroze 920 com.google.android.cellbroadcastreceiver for 3
06-06 09:27:44.922  3062  3600 D PowerManagerService: nativeReleaseSuspendBlocker name:PowerManagerService.WakeLocks duration ms: 1
06-06 09:27:45.586 25162 25173 W Binder  : reply too large data on java level: InterfaceDescriptor = null, code = 1
06-06 09:27:51.644 25162 31957 W Binder  : reply too large data on java level: InterfaceDescriptor = null, code = 1
06-06 09:27:54.672 25162 31957 W Binder  : reply too large data on java level: InterfaceDescriptor = null, code = 1
06-06 09:27:54.751  3062  3659 D ActivityManager: freezing 920 com.google.android.cellbroadcastreceiver, reason = oom_cached
06-06 09:27:54.953  3062  7643 D PowerManagerService: nativeAcquireSuspendBlocker name:PowerManagerService.WakeLocks duration ms: 1
06-06 09:27:55.156  3062  7643 D PowerManagerService: nativeReleaseSuspendBlocker name:PowerManagerService.WakeLocks duration ms: 0
06-06 09:27:57.979 13014 13014 D VRI[MainActivity]: update {(0,0)(fillxfill) sim={adjust=pan} layoutInDisplayCutoutMode=always ty=BASE_APPLICATION wanim=0x7f150562
06-06 09:27:57.979 13014 13014 D VRI[MainActivity]:   fl=KEEP_SCREEN_ON LAYOUT_IN_SCREEN LAYOUT_INSET_DECOR SPLIT_TOUCH HARDWARE_ACCELERATED DRAWS_SYSTEM_BAR_BACKGROUNDS
06-06 09:27:57.979 13014 13014 D VRI[MainActivity]:   pfl=NO_MOVE_ANIMATION FORCE_DRAW_STATUS_BAR_BACKGROUND FIT_INSETS_CONTROLLED
06-06 09:27:57.979 13014 13014 D VRI[MainActivity]:   bhv=DEFAULT
06-06 09:27:57.979 13014 13014 D VRI[MainActivity]:   fitSides=} by setLayoutParams
06-06 09:27:57.987  3062  7646 D PowerManagerService: nativeAcquireSuspendBlocker name:PowerManagerService.WakeLocks duration ms: 2
06-06 09:27:59.023  3062  7646 W ContextImpl: Calling a method in the system process without a qualified user: android.app.ContextImpl.sendBroadcastMultiplePermissions:1281 android.content.Context.sendBroadcastMultiplePermissions:2476 com.android.server.TelephonyRegistry.broadcastServiceStateChanged:3597 com.android.server.TelephonyRegistry.notifyServiceStateForPhoneId:1734 com.android.internal.telephony.ITelephonyRegistry$Stub.onTransact:550 
06-06 09:27:59.024  3062  7646 W ContextImpl: Calling a method in the system process without a qualified user: android.app.ContextImpl.sendBroadcastMultiplePermissions:1314 com.android.server.TelephonyRegistry.broadcastServiceStateChanged:3602 com.android.server.TelephonyRegistry.notifyServiceStateForPhoneId:1734 com.android.internal.telephony.ITelephonyRegistry$Stub.onTransact:550 android.os.Binder.execTransactInternal:1380 
06-06 09:27:59.025  3062  7646 W ContextImpl: Calling a method in the system process without a qualified user: android.app.ContextImpl.sendBroadcastMultiplePermissions:1314 com.android.server.TelephonyRegistry.broadcastServiceStateChanged:3611 com.android.server.TelephonyRegistry.notifyServiceStateForPhoneId:1734 com.android.internal.telephony.ITelephonyRegistry$Stub.onTransact:550 android.os.Binder.execTransactInternal:1380 
06-06 09:27:59.025  3062  7646 W ContextImpl: Calling a method in the system process without a qualified user: android.app.ContextImpl.sendBroadcastMultiplePermissions:1314 com.android.server.TelephonyRegistry.broadcastServiceStateChanged:3617 com.android.server.TelephonyRegistry.notifyServiceStateForPhoneId:1734 com.android.internal.telephony.ITelephonyRegistry$Stub.onTransact:550 android.os.Binder.execTransactInternal:1380 
06-06 09:27:59.026  3062  3525 D ActivityManager: unfreezing ProcessRecord{c29dd6 920:com.google.android.cellbroadcastreceiver/u0a367}, reason = unfreezeTemporarily, adj = 925, adjType = cch-empty, adjSource = null
06-06 09:27:59.027  3062  3525 D ActivityManager: sync unfroze 920 com.google.android.cellbroadcastreceiver for 3
06-06 09:28:00.714 25162 26760 W Binder  : reply too large data on java level: InterfaceDescriptor = null, code = 1
06-06 09:28:02.829  3062  3600 W ContextImpl: Calling a method in the system process without a qualified user: android.app.ContextImpl.sendBroadcastMultiplePermissions:1281 android.content.Context.sendBroadcastMultiplePermissions:2476 com.android.server.TelephonyRegistry.broadcastServiceStateChanged:3597 com.android.server.TelephonyRegistry.notifyServiceStateForPhoneId:1734 com.android.internal.telephony.ITelephonyRegistry$Stub.onTransact:550 
06-06 09:28:02.830  3062  3600 W ContextImpl: Calling a method in the system process without a qualified user: android.app.ContextImpl.sendBroadcastMultiplePermissions:1314 com.android.server.TelephonyRegistry.broadcastServiceStateChanged:3602 com.android.server.TelephonyRegistry.notifyServiceStateForPhoneId:1734 com.android.internal.telephony.ITelephonyRegistry$Stub.onTransact:550 android.os.Binder.execTransactInternal:1380 
06-06 09:28:02.830  3062  3600 W ContextImpl: Calling a method in the system process without a qualified user: android.app.ContextImpl.sendBroadcastMultiplePermissions:1314 com.android.server.TelephonyRegistry.broadcastServiceStateChanged:3611 com.android.server.TelephonyRegistry.notifyServiceStateForPhoneId:1734 com.android.internal.telephony.ITelephonyRegistry$Stub.onTransact:550 android.os.Binder.execTransactInternal:1380 
06-06 09:28:02.831  3062  3600 W ContextImpl: Calling a method in the system process without a qualified user: android.app.ContextImpl.sendBroadcastMultiplePermissions:1314 com.android.server.TelephonyRegistry.broadcastServiceStateChanged:3617 com.android.server.TelephonyRegistry.notifyServiceStateForPhoneId:1734 com.android.internal.telephony.ITelephonyRegistry$Stub.onTransact:550 android.os.Binder.execTransactInternal:1380 
06-06 09:28:03.208  3983  4067 V ShellRecents: RecentsTransitionHandler.startRecentsTransition
06-06 09:28:03.208  3983  4067 V WindowManagerShell: Directly starting a new transition type=3 wct=WindowContainerTransaction { changes = {} hops = [{PendingIntent: options=Bundle[mParcelledData.dataSize=332]}] errorCallbackToken=null taskFragmentOrganizer=null } handler=com.android.wm.shell.recents.RecentsTransitionHandler@7ddd243
06-06 09:28:03.209  3062  7646 D PowerManagerService: nativeSetPowerMode ret:false mode:5 enabled:true duration ms: 0
06-06 09:28:03.215  3983  4067 V ShellRecents: [44757660] RecentsController.setTransition: id=android.os.BinderProxy@95d04a5
06-06 09:28:03.224  1572  1683 E NetlinkEvent: NetlinkEvent::FindParam(): Parameter 'INTERFACE' not found
06-06 09:28:03.224  1572  1683 E NetlinkEvent: NetlinkEvent::FindParam(): Parameter 'STATE' not found
06-06 09:28:03.224  1572  1683 E NetlinkEvent: NetlinkEvent::FindParam(): Parameter 'TIME_NS' not found
06-06 09:28:03.224  1572  1683 E NetlinkEvent: NetlinkEvent::FindParam(): Parameter 'UID' not found
06-06 09:28:03.227  4331  4331 D VRI[CustomizationPanelLauncher]: update {(0,0)(fillxfill) sim={adjust=nothing forwardNavigation} layoutInDisplayCutoutMode=always ty=BASE_APPLICATION fmt=TRANSPARENT wanim=0x10302f2
06-06 09:28:03.227  4331  4331 D VRI[CustomizationPanelLauncher]:   fl=BLUR_BEHIND LAYOUT_IN_SCREEN LAYOUT_INSET_DECOR SHOW_WALLPAPER SPLIT_TOUCH HARDWARE_ACCELERATED DRAWS_SYSTEM_BAR_BACKGROUNDS
06-06 09:28:03.227  4331  4331 D VRI[CustomizationPanelLauncher]:   pfl=NO_MOVE_ANIMATION OPTIMIZE_MEASURE FORCE_DRAW_STATUS_BAR_BACKGROUND USE_BLAST FIT_INSETS_CONTROLLED
06-06 09:28:03.227  4331  4331 D VRI[CustomizationPanelLauncher]:   vsysui=LAYOUT_STABLE LAYOUT_HIDE_NAVIGATION LAYOUT_FULLSCREEN
06-06 09:28:03.227  4331  4331 D VRI[CustomizationPanelLauncher]:   bhv=DEFAULT
06-06 09:28:03.227  4331  4331 D VRI[CustomizationPanelLauncher]:   fitSides=} by setLayoutParams
06-06 09:28:03.236  3062  7646 W JobScheduler: Job didn't exist in JobStore: 4fa12ae #u0a301/0 com.motorola.bach.modemstats/.nrcheckin.NRCheckinJobService
06-06 09:28:03.244  3983  4067 V WindowManagerShell: onTransitionReady android.os.BinderProxy@95d04a5: {id=544 t=TO_FRONT f=0x80 trk=0 r=[0@Point(0, 0)] c=[{WCT{android.window.IWindowContainerToken$Stub$Proxy@6f8b407} m=TO_FRONT f=SHOW_WALLPAPER|MOVE_TO_TOP pTaskId=-1 leash=Surface(name=Task=1)/@0xa38402b sb=Rect(0, 0 - 1080, 2400) eb=Rect(0, 0 - 1080, 2400) d=0},{WCT{android.window.IWindowContainerToken$Stub$Proxy@328f934} m=TO_BACK f=NONE pTaskId=-1 leash=Surface(name=Task=6138)/@0x9c29c88 sb=Rect(0, 0 - 1080, 2400) eb=Rect(0, 0 - 1080, 2400) d=0},{null m=TO_FRONT f=IS_WALLPAPER leash=Surface(name=WallpaperWindowToken{ecb845f token=android.os.Binder@6d418b9})/@0xcbe4621 sb=Rect(0, 0 - 1080, 2400) eb=Rect(0, 0 - 1080, 2400) d=0}]}
06-06 09:28:03.244  3983  4067 V WindowManagerShell: Playing animation for (#544)android.os.BinderProxy@95d04a5@0
06-06 09:28:03.244  3983  4067 V WindowManagerShell:  try firstHandler com.android.wm.shell.recents.RecentsTransitionHandler@7ddd243
06-06 09:28:03.245  3983  4067 V ShellRecents: [44757660] RecentsController.start
06-06 09:28:03.246  3062  3518 W ProcessStats: Tracking association SourceState{84b31f4 com.pinterest/10381 BTop #258166} whose proc state 2 is better than process ProcessState{a45bae7 com.google.android.adservices.api/10357 pkg=com.google.android.adservices.api} proc state 4 (6 skipped)
06-06 09:28:03.248  3983  4067 V ShellRecents:   adding pausing leaf taskId=6138 at layer=8
06-06 09:28:03.249  3062  3515 V WindowManager: Sent Transition #544 createdAt=06-06 09:28:03.208
06-06 09:28:03.249  3062  3515 V WindowManager:     startWCT=WindowContainerTransaction { changes = {} hops = [{PendingIntent: options=Bundle[{android.activity.splashScreenStyle=-1, android.activity.sourceInfo=android.app.ActivityOptions$SourceInfo@b6cac70, android.activity.transientLaunch=true}]}] errorCallbackToken=null taskFragmentOrganizer=null }
06-06 09:28:03.249  3062  3515 V WindowManager:     info={id=544 t=TO_FRONT f=0x80 trk=0 r=[0@Point(0, 0)] c=[{WCT{RemoteToken{7636a4f Task{4a1f7f #1 type=home}}} m=TO_FRONT f=SHOW_WALLPAPER|MOVE_TO_TOP pTaskId=-1 leash=Surface(name=Task=1)/@0xfb1a1da sb=Rect(0, 0 - 1080, 2400) eb=Rect(0, 0 - 1080, 2400) d=0},{WCT{RemoteToken{cf92441 Task{869c70c #6138 type=standard A=10381:com.pinterest}}} m=TO_BACK f=NONE pTaskId=-1 leash=Surface(name=Task=6138)/@0xfc5ca1a sb=Rect(0, 0 - 1080, 2400) eb=Rect(0, 0 - 1080, 2400) d=0},{null m=TO_FRONT f=IS_WALLPAPER leash=Surface(name=WallpaperWindowToken{ecb845f token=android.os.Binder@6d418b9})/@0xd7df60b sb=Rect(0, 0 - 1080, 2400) eb=Rect(0, 0 - 1080, 2400) d=0}]}
06-06 09:28:03.251  3983  4067 V ShellRecents: [44757660] RecentsController.start: calling onAnimationStart
06-06 09:28:03.251  3983  4067 V WindowManagerShell:  animated by firstHandler
06-06 09:28:03.299  3983  4067 V ShellRecents: [44757660] RecentsController.setInputConsumerEnabled: set focus to recents
06-06 09:28:03.728 25162 31957 W Binder  : reply too large data on java level: InterfaceDescriptor = null, code = 1
06-06 09:28:04.035  3983  4521 V ShellRecents: [44757660] RecentsController.screenshotTask: taskId=6138
06-06 09:28:04.067  3983  4521 V ShellRecents: [44757660] RecentsController.detachNavigationBarFromApp
06-06 09:28:04.936  3983  4067 V ShellRecents: [44757660] RecentsController.finishInner: toHome=true userLeave=false willFinishToHome=true state=0
06-06 09:28:04.936  3983  4067 V ShellRecents:   normal finish
06-06 09:28:04.936  3983  4067 V ShellRecents: [44757660] RecentsController.cleanup
06-06 09:28:04.936  3983  4067 V WindowManagerShell: Transition animation finished (aborted=false), notifying core (#544)android.os.BinderProxy@95d04a5@0
06-06 09:28:04.938  3062  3515 V WindowManager: Finish Transition #544: created at 06-06 09:28:03.208 collect-started=0.106ms started=0.167ms ready=4.878ms sent=33.589ms finished=1729.299ms
06-06 09:28:04.941  3062  6196 D PowerManagerService: nativeSetPowerMode ret:false mode:5 enabled:false duration ms: 0
06-06 09:28:04.942  3062  3518 V WindowManager: Unknown focus tokens, dropping reportFocusChanged
06-06 09:28:04.942  3983  4067 V WindowManagerShell: Track 0 became idle
06-06 09:28:04.942  3983  4067 V WindowManagerShell: All active transition animations finished
06-06 09:28:04.946  3062  3624 D CompatibilityChangeReporter: Compat change id reported: 265195908; UID 10381; state: ENABLED
06-06 09:28:04.961  3062  3519 D PowerManagerService: nativeReleaseSuspendBlocker name:PowerManagerService.WakeLocks duration ms: 1
06-06 09:28:04.964  3062  6196 W PackageConfigPersister: App-specific configuration not found for packageName: com.motorola.launcher3 and userId: 0
06-06 09:28:05.019 13014 13014 D VRI[MainActivity]: update {(0,0)(fillxfill) sim={adjust=pan} layoutInDisplayCutoutMode=always ty=BASE_APPLICATION wanim=0x7f150562
06-06 09:28:05.019 13014 13014 D VRI[MainActivity]:   fl=LAYOUT_IN_SCREEN LAYOUT_INSET_DECOR SPLIT_TOUCH HARDWARE_ACCELERATED DRAWS_SYSTEM_BAR_BACKGROUNDS
06-06 09:28:05.019 13014 13014 D VRI[MainActivity]:   pfl=NO_MOVE_ANIMATION FORCE_DRAW_STATUS_BAR_BACKGROUND FIT_INSETS_CONTROLLED
06-06 09:28:05.019 13014 13014 D VRI[MainActivity]:   bhv=DEFAULT
06-06 09:28:05.019 13014 13014 D VRI[MainActivity]:   fitSides=} by setLayoutParams
06-06 09:28:05.030  3062  6196 D CompatibilityChangeReporter: Compat change id reported: 74210811; UID 10381; state: ENABLED
06-06 09:28:05.054 13014 13014 D VRI[MainActivity]: update {(0,0)(fillxfill) sim={adjust=pan} layoutInDisplayCutoutMode=always ty=BASE_APPLICATION wanim=0x7f150562
06-06 09:28:05.054 13014 13014 D VRI[MainActivity]:   fl=LAYOUT_IN_SCREEN LAYOUT_INSET_DECOR SPLIT_TOUCH HARDWARE_ACCELERATED DRAWS_SYSTEM_BAR_BACKGROUNDS
06-06 09:28:05.054 13014 13014 D VRI[MainActivity]:   pfl=NO_MOVE_ANIMATION FORCE_DRAW_STATUS_BAR_BACKGROUND FIT_INSETS_CONTROLLED
06-06 09:28:05.054 13014 13014 D VRI[MainActivity]:   bhv=DEFAULT
06-06 09:28:05.054 13014 13014 D VRI[MainActivity]:   fitSides=} by setLayoutParams
06-06 09:28:05.081  3062  6196 D CoreBackPreview: Window{c4ce91c u0 com.pinterest/com.pinterest.activityLibrary.activity.task.activity.MainActivity}: Setting back callback null
06-06 09:28:05.118  3062  3518 I ActivityManager: Killing 13014:com.pinterest/u0a381 (adj 915, setSvc -10000): remove task
06-06 09:28:05.286  3062  5359 I ActivityManager: appDiedLocked: app=ProcessRecord{17247f8 13014:com.pinterest/u0a381} thread=android.os.BinderProxy@c50e000 fromBinderDied=true isKilledByAm=true reason=null
06-06 09:28:05.292  3062  5359 D RestartModeController: markWaitRestartAppIsSuicided null processName=com.pinterest
06-06 09:28:05.293  3062  3516 D DisplayManagerService: Drop pending events for gone uid 10381
06-06 09:28:05.293  3062  5359 D ActivityTaskManager: handleAppDied: uid=10381,diedCount=1,lastDiedTime=100319809,forceStopUids=false
06-06 09:28:05.294  3062  3518 W ActivityManager: setHasOverlayUi called on unknown pid: 13014
06-06 09:28:06.677  3062  3662 D PowerManagerService: nativeAcquireSuspendBlocker name:PowerManagerService.WakeLocks duration ms: 1
06-06 09:28:06.713  3062  3662 D PowerManagerService: nativeReleaseSuspendBlocker name:PowerManagerService.WakeLocks duration ms: 1
06-06 09:28:06.756 25162 25172 W Binder  : reply too large data on java level: InterfaceDescriptor = null, code = 1
06-06 09:28:07.219  3062  3518 I ActivityManager: Killing 11553:com.google.android.gm/u0a280 (adj 925, setSvc -10000): remove task
06-06 09:28:07.220  3062  3518 I ActivityManager: Killing 11715:com.google.android.webview:sandboxed_process0:org.chromium.content.app.SandboxedProcessService0:0/u0a280i134 (adj 925, setSvc -10000): remove task
06-06 09:28:07.259  3062  5359 I ActivityManager: appDiedLocked: app=ProcessRecord{fd1e24d 11715:com.google.android.webview:sandboxed_process0:org.chromium.content.app.SandboxedProcessService0:0/u0a280i134} thread=android.os.BinderProxy@4e1c2fb fromBinderDied=true isKilledByAm=true reason=null
06-06 09:28:07.261  3062  5359 W ActivityManager: Scheduling restart of crashed service com.google.android.gm/org.chromium.content.app.SandboxedProcessService0:0 in 1000ms for connection
06-06 09:28:07.262  3062  3516 D DisplayManagerService: Drop pending events for gone uid 99134
06-06 09:28:07.262  3062  5359 D ActivityTaskManager: handleAppDied: uid=99134,diedCount=0,lastDiedTime=0,forceStopUids=false
06-06 09:28:07.263  3062  5359 I ActivityManager: Killing 6851:com.motorola.lifetimedata/u0a326 (adj 999, setSvc -10000): empty #31
06-06 09:28:07.264  3062  5359 I ActivityManager: Killing 6283:com.ideopay.user/u0a468 (adj 999, setSvc -10000): empty #32
06-06 09:28:07.267  3062  3533 E KernelCpuUidUserSysTimeReader: Negative user/sys time delta for UID=10326
06-06 09:28:07.267  3062  3533 E KernelCpuUidUserSysTimeReader: Prev times: u=1886337 s=2554691 Curr times: u=1877736 s=2547182
06-06 09:28:07.267  3062  3533 E KernelCpuUidUserSysTimeReader: Negative user/sys time delta for UID=10468
06-06 09:28:07.267  3062  3533 E KernelCpuUidUserSysTimeReader: Prev times: u=4187652 s=2772479 Curr times: u=3993242 s=2650903
06-06 09:28:07.291  3062  5359 I ActivityManager: appDiedLocked: app=ProcessRecord{96743a9 6851:com.motorola.lifetimedata/u0a326} thread=android.os.BinderProxy@bb7f9a9 fromBinderDied=true isKilledByAm=true reason=null
06-06 09:28:07.292  3062  5359 D RestartModeController: markWaitRestartAppIsSuicided null processName=com.motorola.lifetimedata
06-06 09:28:07.292  3062  5359 D ActivityTaskManager: handleAppDied: uid=10326,diedCount=1,lastDiedTime=113702639,forceStopUids=false
06-06 09:28:07.292  3062  3516 D DisplayManagerService: Drop pending events for gone uid 10326
06-06 09:28:07.307  3062  7646 I ActivityManager: appDiedLocked: app=ProcessRecord{f9365fb 6283:com.ideopay.user/u0a468} thread=android.os.BinderProxy@d1cfb2e fromBinderDied=true isKilledByAm=true reason=null
06-06 09:28:07.307  3062  7646 D RestartModeController: markWaitRestartAppIsSuicided null processName=com.ideopay.user
06-06 09:28:07.308  3062  7646 D ActivityTaskManager: handleAppDied: uid=10468,diedCount=1,lastDiedTime=108048677,forceStopUids=false
06-06 09:28:07.308  3062  3516 D DisplayManagerService: Drop pending events for gone uid 10468
06-06 09:28:07.375  3062  4271 I WindowManager: WIN DEATH: Window{2be1051 u0 com.google.android.gm/com.google.android.gm.ui.MailActivityGmail}
06-06 09:28:07.377  3062  3600 I ActivityManager: appDiedLocked: app=ProcessRecord{535004e 11553:com.google.android.gm/u0a280} thread=android.os.BinderProxy@b5e3e1d fromBinderDied=true isKilledByAm=true reason=null
06-06 09:28:07.380  3062  3624 D CompatibilityChangeReporter: Compat change id reported: 265195908; UID 10285; state: ENABLED
06-06 09:28:07.381  3062  3600 D RestartModeController: markWaitRestartAppIsSuicided null processName=com.google.android.gm
06-06 09:28:07.381  3062  3516 D DisplayManagerService: Drop pending events for gone uid 10280
06-06 09:28:07.383  3062  3600 D ActivityTaskManager: handleAppDied: uid=10280,diedCount=1,lastDiedTime=113690120,forceStopUids=false
06-06 09:28:07.384  3062  3518 W ActivityManager: setHasOverlayUi called on unknown pid: 11553
06-06 09:28:07.384  3062  3524 W UsageStatsService: Unexpected activity event reported! (com.google.android.gm/com.google.android.gm.ui.MailActivityGmail event : 23 instanceId : 137642320)
06-06 09:28:08.224  3062  7643 D PowerManagerService: nativeAcquireSuspendBlocker name:PowerManagerService.WakeLocks duration ms: 0
06-06 09:28:08.323  3062  7643 D PowerManagerService: nativeSetPowerMode ret:false mode:5 enabled:true duration ms: 0
06-06 09:28:08.336  3983  4067 V WindowManagerShell: Transition requested: android.os.BinderProxy@311a0f6 TransitionRequestInfo { type = 3, triggerTask = TaskInfo{userId=0 taskId=6136 displayId=0 isRunning=true baseIntent=Intent { act=com.whatsapp.w4b.intent.action.OPEN dat=content://com.whatsapp.w4b.provider.contact/... flg=0x14000000 cmp=com.whatsapp.w4b/com.whatsapp.Conversation } baseActivity=ComponentInfo{com.whatsapp.w4b/com.whatsapp.Conversation} topActivity=ComponentInfo{com.whatsapp.w4b/com.whatsapp.Conversation} origActivity=null realActivity=ComponentInfo{com.whatsapp.w4b/com.whatsapp.Conversation} numActivities=1 lastActiveTime=124039958 supportsMultiWindow=true supportsGlobalFreeform=true resizeMode=2 isResizeable=true isAppLocked=false canKillAndRestart=false isShowDecorCaptionWindowRequest=false minWidth=-1 minHeight=-1 defaultMinSize=200 token=WCT{android.window.IWindowContainerToken$Stub$Proxy@1d0acf7} topActivityType=1 pictureInPictureParams=null shouldDockBigOverlays=false launchIntoPipHostTaskId=-1 lastParentTaskIdBeforePip=-1 displayCutoutSafeInsets=Rect(0, 90 - 0, 0) topActivityInfo=ActivityInfo{8971764 com.whatsapp.Conversation} launchCookies=[] positionInParent=Point(0, 0) parentTaskId=-1 isFocused=true isVisible=false isVisibleRequested=false isSleeping=false topActivityInSizeCompat=false topActivityEligibleForLetterboxEducation= false topActivityLetterboxed= false isFromDoubleTap= false topActivityLetterboxVerticalPosition= -1 topActivityLetterboxHorizontalPosition= -1 topActivityLetterboxWidth=-1 topActivityLetterboxHeight=-1 locusId=null displayAreaFeatureId=1 cameraCompatControlState=hidden}, remoteTransition = RemoteTransition { remoteTransition = android.window.IRemoteTransition$Stub$Proxy@ccd9dcd, appThread = android.app.IApplicationThread$Stub$Proxy@32ed682, debugName = QuickstepLaunch }, displayChange = null, flags = 0 }
06-06 09:28:08.336  3983  4067 V WindowManagerShell: RemoteTransition directly requested for android.os.BinderProxy@311a0f6: RemoteTransition { remoteTransition = android.window.IRemoteTransition$Stub$Proxy@ccd9dcd, appThread = android.app.IApplicationThread$Stub$Proxy@32ed682, debugName = QuickstepLaunch }
06-06 09:28:08.340  3983  4067 D WindowManagerShell: onActivityRestartAttempt: ComponentInfo{com.whatsapp.w4b/com.whatsapp.Conversation}
06-06 09:28:08.359  3062  3515 V WindowManager: Sent Transition #545 createdAt=06-06 09:28:08.324 via request=TransitionRequestInfo { type = 3, triggerTask = TaskInfo{userId=0 taskId=6136 displayId=0 isRunning=true baseIntent=Intent { act=com.whatsapp.w4b.intent.action.OPEN dat=content://com.whatsapp.w4b.provider.contact/... flg=0x14000000 cmp=com.whatsapp.w4b/com.whatsapp.Conversation } baseActivity=ComponentInfo{com.whatsapp.w4b/com.whatsapp.Conversation} topActivity=ComponentInfo{com.whatsapp.w4b/com.whatsapp.Conversation} origActivity=null realActivity=ComponentInfo{com.whatsapp.w4b/com.whatsapp.Conversation} numActivities=1 lastActiveTime=124039958 supportsMultiWindow=true supportsGlobalFreeform=true resizeMode=2 isResizeable=true isAppLocked=false canKillAndRestart=true isShowDecorCaptionWindowRequest=false minWidth=-1 minHeight=-1 defaultMinSize=200 token=WCT{RemoteToken{f664e72 Task{cd63e6a #6136 type=standard A=10392:com.whatsapp.w4b}}} topActivityType=1 pictureInPictureParams=null shouldDockBigOverlays=false launchIntoPipHostTaskId=-1 lastParentTaskIdBeforePip=-1 displayCutoutSafeInsets=Rect(0, 90 - 0, 0) topActivityInfo=ActivityInfo{8a252c3 com.whatsapp.Conversation} launchCookies=[] positionInParent=Point(0, 0) parentTaskId=-1 isFocused=true isVisible=false isVisibleRequested=false isSleeping=false topActivityInSizeCompat=false topActivityEligibleForLetterboxEducation= false topActivityLetterboxed= false isFromDoubleTap= false topActivityLetterboxVerticalPosition= -1 topActivityLetterboxHorizontalPosition= -1 topActivityLetterboxWidth=-1 topActivityLetterboxHeight=-1 locusId=null displayAreaFeatureId=1 cameraCompatControlState=hidden}, remoteTransition = RemoteTransition { remoteTransition = android.window.IRemoteTransition$Stub$Proxy@ccf2a42, appThread = android.app.IApplicationThread$Stub$Proxy@4214a53, debugName = QuickstepLaunch }, displayChange = null, flags = 0 }
06-06 09:28:08.359  3062  3515 V WindowManager:     startWCT=WindowContainerTransaction { changes = {} hops = [] errorCallbackToken=null taskFragmentOrganizer=null }
06-06 09:28:08.359  3062  3515 V WindowManager:     info={id=545 t=TO_FRONT f=0x0 trk=0 r=[0@Point(0, 0)] c=[{WCT{RemoteToken{f664e72 Task{cd63e6a #6136 type=standard A=10392:com.whatsapp.w4b}}} m=TO_FRONT f=MOVE_TO_TOP pTaskId=-1 leash=Surface(name=Task=6136)/@0x5aa71d4 sb=Rect(0, 0 - 1080, 2400) eb=Rect(0, 0 - 1080, 2400) d=0},{WCT{RemoteToken{7636a4f Task{4a1f7f #1 type=home}}} m=TO_BACK f=SHOW_WALLPAPER pTaskId=-1 leash=Surface(name=Task=1)/@0xfb1a1da sb=Rect(0, 0 - 1080, 2400) eb=Rect(0, 0 - 1080, 2400) d=0}]}
06-06 09:28:08.359  3983  4067 V WindowManagerShell: onTransitionReady android.os.BinderProxy@311a0f6: {id=545 t=TO_FRONT f=0x0 trk=0 r=[0@Point(0, 0)] c=[{WCT{android.window.IWindowContainerToken$Stub$Proxy@34beefc} m=TO_FRONT f=MOVE_TO_TOP pTaskId=-1 leash=Surface(name=Task=6136)/@0xa2349c9 sb=Rect(0, 0 - 1080, 2400) eb=Rect(0, 0 - 1080, 2400) d=0},{WCT{android.window.IWindowContainerToken$Stub$Proxy@d0db985} m=TO_BACK f=SHOW_WALLPAPER pTaskId=-1 leash=Surface(name=Task=1)/@0xbf7d8ce sb=Rect(0, 0 - 1080, 2400) eb=Rect(0, 0 - 1080, 2400) d=0}]}
06-06 09:28:08.360  3983  4067 V WindowManagerShell: Playing animation for (#545)android.os.BinderProxy@311a0f6@0
06-06 09:28:08.360  3983  4067 V WindowManagerShell:  try firstHandler com.android.wm.shell.transition.DefaultMixedHandler@57f2354
06-06 09:28:08.360  3983  4067 V WindowManagerShell:  Delegate animation for #545 to RemoteTransition { remoteTransition = android.window.IRemoteTransition$Stub$Proxy@ccd9dcd, appThread = android.app.IApplicationThread$Stub$Proxy@32ed682, debugName = QuickstepLaunch }
06-06 09:28:08.361  3983  4067 V WindowManagerShell:  animated by firstHandler
06-06 09:28:08.367 31465 31465 D VRI[Conversation]: update {(0,0)(fillxfill) sim={state=always_hidden} ty=BASE_APPLICATION wanim=0x10302fe
06-06 09:28:08.367 31465 31465 D VRI[Conversation]:   fl=LAYOUT_IN_SCREEN LAYOUT_INSET_DECOR SPLIT_TOUCH HARDWARE_ACCELERATED DRAWS_SYSTEM_BAR_BACKGROUNDS
06-06 09:28:08.367 31465 31465 D VRI[Conversation]:   pfl=NO_MOVE_ANIMATION FORCE_DRAW_STATUS_BAR_BACKGROUND FIT_INSETS_CONTROLLED
06-06 09:28:08.367 31465 31465 D VRI[Conversation]:   bhv=DEFAULT
06-06 09:28:08.367 31465 31465 D VRI[Conversation]:   fitSides=} by setLayoutParams
06-06 09:28:08.391 31465 31465 D VRI[Conversation]: update {(0,0)(fillxfill) sim={state=always_hidden adjust=pan forwardNavigation} ty=BASE_APPLICATION wanim=0x10302fe
06-06 09:28:08.391 31465 31465 D VRI[Conversation]:   fl=LAYOUT_IN_SCREEN LAYOUT_INSET_DECOR SPLIT_TOUCH HARDWARE_ACCELERATED DRAWS_SYSTEM_BAR_BACKGROUNDS
06-06 09:28:08.391 31465 31465 D VRI[Conversation]:   pfl=NO_MOVE_ANIMATION FORCE_DRAW_STATUS_BAR_BACKGROUND USE_BLAST FIT_INSETS_CONTROLLED
06-06 09:28:08.391 31465 31465 D VRI[Conversation]:   bhv=DEFAULT
06-06 09:28:08.391 31465 31465 D VRI[Conversation]:   fitSides=} by setLayoutParams
06-06 09:28:08.459 31465 31465 D VRI[Conversation]: update {(0,0)(fillxfill) sim={state=always_hidden} ty=BASE_APPLICATION wanim=0x10302fe
06-06 09:28:08.459 31465 31465 D VRI[Conversation]:   fl=LAYOUT_IN_SCREEN LAYOUT_INSET_DECOR SPLIT_TOUCH HARDWARE_ACCELERATED DRAWS_SYSTEM_BAR_BACKGROUNDS
06-06 09:28:08.459 31465 31465 D VRI[Conversation]:   pfl=NO_MOVE_ANIMATION FORCE_DRAW_STATUS_BAR_BACKGROUND FIT_INSETS_CONTROLLED
06-06 09:28:08.459 31465 31465 D VRI[Conversation]:   bhv=DEFAULT
06-06 09:28:08.459 31465 31465 D VRI[Conversation]:   fitSides=} by setLayoutParams
06-06 09:28:08.472  3062  7646 W PackageConfigPersister: App-specific configuration not found for packageName: com.whatsapp.w4b and userId: 0
06-06 09:28:08.473  3062  7643 D PowerManagerService: nativeSetPowerMode ret:false mode:5 enabled:false duration ms: 0
06-06 09:28:08.473  3062  7643 D PowerManagerService: nativeReleaseSuspendBlocker name:PowerManagerService.WakeLocks duration ms: 0
06-06 09:28:08.566  3983  4067 V WindowManagerShell: Transition animation finished (aborted=false), notifying core (#545)android.os.BinderProxy@311a0f6@0
06-06 09:28:08.569  3983  4067 V WindowManagerShell: Track 0 became idle
06-06 09:28:08.569  3983  4067 V WindowManagerShell: All active transition animations finished
06-06 09:28:08.569  3062  3515 V WindowManager: Finish Transition #545: created at 06-06 09:28:08.324 collect-started=0.079ms request-sent=11.286ms started=14.265ms ready=19.185ms sent=34.517ms finished=243.877ms
06-06 09:28:08.589  3062  7646 I ActivityManager: Killing 6881:com.android.calllogbackup/u0a114 (adj 999, setSvc -10000): empty #31
06-06 09:28:08.615  3062  3600 I ActivityManager: appDiedLocked: app=ProcessRecord{971b508 6881:com.android.calllogbackup/u0a114} thread=android.os.BinderProxy@40c9df9 fromBinderDied=true isKilledByAm=true reason=null
06-06 09:28:08.616  3062  3600 D RestartModeController: markWaitRestartAppIsSuicided null processName=com.android.calllogbackup
06-06 09:28:08.616  3062  3600 D ActivityTaskManager: handleAppDied: uid=10114,diedCount=1,lastDiedTime=112136185,forceStopUids=false
06-06 09:28:09.009  3062  7643 D ActivityManager: unfreezing ProcessRecord{d379e17 31514:android.process.acore/u0a114}, reason = oom_uncached, adj = 0, adjType = provider, adjSource = ProcessRecord{eed7b2c 31465:com.whatsapp.w4b/u0a392}
06-06 09:28:09.011  3062  7643 D ActivityManager: sync unfroze 31514 android.process.acore for 7
06-06 09:28:09.035  3062  7646 D PowerManagerService: nativeAcquireSuspendBlocker name:PowerManagerService.WakeLocks duration ms: 1
06-06 09:28:09.053  3062  7643 D PowerManagerService: nativeReleaseSuspendBlocker name:PowerManagerService.WakeLocks duration ms: 0
06-06 09:28:09.062  3062  7643 D PowerManagerService: nativeAcquireSuspendBlocker name:PowerManagerService.WakeLocks duration ms: 0
06-06 09:28:09.063  3062  7646 D PowerManagerService: nativeReleaseSuspendBlocker name:PowerManagerService.WakeLocks duration ms: 0
06-06 09:28:09.786 25162 31957 W Binder  : reply too large data on java level: InterfaceDescriptor = null, code = 1
06-06 09:28:10.504  3062  7643 D PowerManagerService: nativeAcquireSuspendBlocker name:PowerManagerService.WakeLocks duration ms: 0
06-06 09:28:10.534  3062  4269 W ContextImpl: Calling a method in the system process without a qualified user: android.app.ContextImpl.sendBroadcastMultiplePermissions:1281 android.content.Context.sendBroadcastMultiplePermissions:2476 com.android.server.TelephonyRegistry.broadcastServiceStateChanged:3597 com.android.server.TelephonyRegistry.notifyServiceStateForPhoneId:1734 com.android.internal.telephony.ITelephonyRegistry$Stub.onTransact:550 
06-06 09:28:10.535  3062  4269 W ContextImpl: Calling a method in the system process without a qualified user: android.app.ContextImpl.sendBroadcastMultiplePermissions:1314 com.android.server.TelephonyRegistry.broadcastServiceStateChanged:3602 com.android.server.TelephonyRegistry.notifyServiceStateForPhoneId:1734 com.android.internal.telephony.ITelephonyRegistry$Stub.onTransact:550 android.os.Binder.execTransactInternal:1380 
06-06 09:28:10.536  3062  4269 W ContextImpl: Calling a method in the system process without a qualified user: android.app.ContextImpl.sendBroadcastMultiplePermissions:1314 com.android.server.TelephonyRegistry.broadcastServiceStateChanged:3611 com.android.server.TelephonyRegistry.notifyServiceStateForPhoneId:1734 com.android.internal.telephony.ITelephonyRegistry$Stub.onTransact:550 android.os.Binder.execTransactInternal:1380 
06-06 09:28:10.536  3062  4269 W ContextImpl: Calling a method in the system process without a qualified user: android.app.ContextImpl.sendBroadcastMultiplePermissions:1314 com.android.server.TelephonyRegistry.broadcastServiceStateChanged:3617 com.android.server.TelephonyRegistry.notifyServiceStateForPhoneId:1734 com.android.internal.telephony.ITelephonyRegistry$Stub.onTransact:550 android.os.Binder.execTransactInternal:1380 
06-06 09:28:10.713  3062  4269 D PowerManagerService: nativeReleaseSuspendBlocker name:PowerManagerService.WakeLocks duration ms: 0
06-06 09:28:11.544  3062  3888 D PowerManagerService: nativeAcquireSuspendBlocker name:PowerManagerService.WakeLocks duration ms: 2
06-06 09:28:11.568  3062  3888 D PowerManagerService: nativeReleaseSuspendBlocker name:PowerManagerService.WakeLocks duration ms: 0
06-06 09:28:11.603  3062  3888 D PowerManagerService: nativeAcquireSuspendBlocker name:PowerManagerService.WakeLocks duration ms: 1
06-06 09:28:11.610  3062  3888 D PowerManagerService: nativeReleaseSuspendBlocker name:PowerManagerService.WakeLocks duration ms: 0
06-06 09:28:12.814 25162 25175 W Binder  : reply too large data on java level: InterfaceDescriptor = null, code = 1
06-06 09:28:12.876  3062  3600 D PowerManagerService: nativeAcquireSuspendBlocker name:PowerManagerService.WakeLocks duration ms: 1
06-06 09:28:13.081  3062  3600 D PowerManagerService: nativeReleaseSuspendBlocker name:PowerManagerService.WakeLocks duration ms: 1
06-06 09:28:16.718  3062  3600 D PowerManagerService: nativeAcquireSuspendBlocker name:PowerManagerService.WakeLocks duration ms: 1
06-06 09:28:16.924  3062  7646 D PowerManagerService: nativeReleaseSuspendBlocker name:PowerManagerService.WakeLocks duration ms: 0
06-06 09:28:17.399  3062  3659 D ActivityManager: freezing 11899 com.android.chrome, reason = oom_cached
06-06 09:28:17.402  3062  3659 D ActivityManager: freezing 6924 com.google.android.adservices.api, reason = oom_cached
06-06 09:28:17.404  3062  3659 D ActivityManager: freezing 12034 com.android.chrome:privileged_process0, reason = oom_cached
06-06 09:28:17.405  3062  3659 D ActivityManager: freezing 12106 com.android.chrome:sandboxed_process0:org.chromium.content.app.SandboxedProcessService0:0, reason = oom_cached
06-06 09:28:18.372  3062  7646 D PowerManagerService: nativeAcquireSuspendBlocker name:PowerManagerService.WakeLocks duration ms: 1
06-06 09:28:18.384  3062  7646 W ContextImpl: Calling a method in the system process without a qualified user: android.app.ContextImpl.sendBroadcastMultiplePermissions:1281 android.content.Context.sendBroadcastMultiplePermissions:2476 com.android.server.TelephonyRegistry.broadcastServiceStateChanged:3597 com.android.server.TelephonyRegistry.notifyServiceStateForPhoneId:1734 com.android.internal.telephony.ITelephonyRegistry$Stub.onTransact:550 
06-06 09:28:18.385  3062  7646 W ContextImpl: Calling a method in the system process without a qualified user: android.app.ContextImpl.sendBroadcastMultiplePermissions:1314 com.android.server.TelephonyRegistry.broadcastServiceStateChanged:3602 com.android.server.TelephonyRegistry.notifyServiceStateForPhoneId:1734 com.android.internal.telephony.ITelephonyRegistry$Stub.onTransact:550 android.os.Binder.execTransactInternal:1380 
06-06 09:28:18.385  3062  7646 W ContextImpl: Calling a method in the system process without a qualified user: android.app.ContextImpl.sendBroadcastMultiplePermissions:1314 com.android.server.TelephonyRegistry.broadcastServiceStateChanged:3611 com.android.server.TelephonyRegistry.notifyServiceStateForPhoneId:1734 com.android.internal.telephony.ITelephonyRegistry$Stub.onTransact:550 android.os.Binder.execTransactInternal:1380 
06-06 09:28:18.386  3062  7646 W ContextImpl: Calling a method in the system process without a qualified user: android.app.ContextImpl.sendBroadcastMultiplePermissions:1314 com.android.server.TelephonyRegistry.broadcastServiceStateChanged:3617 com.android.server.TelephonyRegistry.notifyServiceStateForPhoneId:1734 com.android.internal.telephony.ITelephonyRegistry$Stub.onTransact:550 android.os.Binder.execTransactInternal:1380 
