05-27 03:00:58.406 W/Finsky  (16651): [2] STU: Failed to get storage stats for package 'com.android.rkpd' (1601: Error getting stats: android.content.pm.PackageManager.NameNotFoundException)
05-27 03:00:58.414 W/Finsky  (16651): [2] STU: Failed to get storage stats for package 'com.google.android.scheduling' (1601: Error getting stats: android.content.pm.PackageManager.NameNotFoundException)
05-27 03:00:58.435 I/Finsky  (16651): [2] App states replicator found 38 unowned apps
05-27 03:00:58.464 I/Finsky  (16651): [851] Completed 0 account content syncs with 0 successful.
05-27 03:00:58.464 I/Finsky  (16651): [2] [ContentSync] Installation state replication succeeded.
05-27 03:00:58.464 I/Finsky  (16651): [2] SCH: jobFinished: 12-1. TimeElapsed: 1595ms.
05-27 03:00:58.464 I/Finsky  (16651): [2] WM::SCH: Logging work end for 12-1
05-27 03:00:58.471 I/Finsky  (16651): [851] SCH: Scheduling phonesky job Id: 1-1337, CT: 1779829096637, Constraints: [{ L: 43139595, D: 86339595, C: CHARGING_NONE, I: IDLE_NONE, N: NET_ANY, B: BATTERY_ANY }]
05-27 03:00:58.471 I/Finsky  (16651): [851] SCH: Scheduling phonesky job Id: 34-1746, CT: 1779829097995, Constraints: [{ L: 604800000, D: 2570480098, C: CHARGING_NONE, I: IDLE_NONE, N: NET_ANY, B: BATTERY_ANY }]
05-27 03:00:58.471 I/Finsky  (16651): [851] SCH: Scheduling phonesky job Id: 34-1754, CT: 1779829097996, Constraints: [{ L: 57679897, D: 1353679897, C: CHARGING_NONE, I: IDLE_NONE, N: NET_ANY, B: BATTERY_ANY }]
05-27 03:00:58.473 I/Finsky  (16651): [848] SCH: Scheduling 1 system job(s)
05-27 03:00:58.474 I/Finsky  (16651): [848] SCH: Scheduling system job Id: 9472, L: 41177759, D: 84377759, C: false, I: false, N: 1
05-27 03:00:58.477 I/Finsky  (16651): [942] SCH: job service finished with id 9462.
05-27 03:00:58.478 D/PowerManagerService( 3077): nativeReleaseSuspendBlocker name:PowerManagerService.WakeLocks duration ms: 0
05-27 03:00:58.635 D/AndroidRuntime(23715): >>>>>> START com.android.internal.os.RuntimeInit uid 2000 <<<<<<
05-27 03:00:58.637 I/app_process(23715): MMAP_TRYLOCK is supported in uffd errno:2 addr:0x769d0a8000 size:4096
05-27 03:00:58.638 I/AndroidRuntime(23715): Using default boot image
05-27 03:00:58.638 I/AndroidRuntime(23715): Leaving lock profiling enabled
05-27 03:00:58.641 I/app_process(23715): Using CollectorTypeCMC GC.
05-27 03:00:58.697 D/nativeloader(23715): InitDefaultPublicLibraries for_preload=1: libandroid.so:libaaudio.so:libamidi.so:libbinder_ndk.so:libc.so:libcamera2ndk.so:libdl.so:libEGL.so:libGLESv1_CM.so:libGLESv2.so:libGLESv3.so:libicu.so:libicui18n.so:libicuuc.so:libjnigraphics.so:liblog.so:libmediandk.so:libm.so:libnativehelper.so:libnativewindow.so:libOpenMAXAL.so:libOpenSLES.so:libRS.so:libstdc++.so:libsync.so:libvulkan.so:libwebviewchromium_plat_support.so:libz.so
05-27 03:00:58.702 D/nativeloader(23715): Load libicu_jni.so using APEX ns com_android_art for caller /apex/com.android.art/javalib/core-oj.jar: ok
05-27 03:00:58.702 D/app_process(23715): Time zone APEX ICU file found: /apex/com.android.tzdata/etc/icu/icu_tzdata.dat
05-27 03:00:58.702 D/app_process(23715): I18n APEX ICU file found: /apex/com.android.i18n/etc/icu/icudt72l.dat
05-27 03:00:58.703 D/nativeloader(23715): Load libjavacore.so using APEX ns com_android_art for caller /apex/com.android.art/javalib/core-oj.jar: ok
05-27 03:00:58.703 D/nativeloader(23715): Load libopenjdk.so using APEX ns com_android_art for caller /apex/com.android.art/javalib/core-oj.jar: ok
05-27 03:00:58.704 I/app_process(23715): Priority-to-niceness mapping: 19, 16, 13, 10, 0, -2, -4, -5, -6, -8
05-27 03:00:58.723 W/libc    (23715): Access denied finding property "ro.product.name_for_attestation"
05-27 03:00:58.723 W/libc    (23715): Access denied finding property "ro.product.brand_for_attestation"
05-27 03:00:58.723 W/libc    (23715): Access denied finding property "ro.product.model_for_attestation"
05-27 03:00:58.719 W/main    (23715): type=1400 audit(0.0:481937): avc:  denied  { read } for  name="u:object_r:build_attestation_prop:s0" dev="tmpfs" ino=112 scontext=u:r:shell:s0 tcontext=u:object_r:build_attestation_prop:s0 tclass=file permissive=0
05-27 03:00:58.719 W/main    (23715): type=1400 audit(0.0:481938): avc:  denied  { read } for  name="u:object_r:build_attestation_prop:s0" dev="tmpfs" ino=112 scontext=u:r:shell:s0 tcontext=u:object_r:build_attestation_prop:s0 tclass=file permissive=0
05-27 03:00:58.719 W/main    (23715): type=1400 audit(0.0:481939): avc:  denied  { read } for  name="u:object_r:build_attestation_prop:s0" dev="tmpfs" ino=112 scontext=u:r:shell:s0 tcontext=u:object_r:build_attestation_prop:s0 tclass=file permissive=0
05-27 03:00:58.742 D/nativeloader(23715): Load libframework-connectivity-tiramisu-jni.so using APEX ns com_android_tethering for caller /apex/com.android.tethering/javalib/framework-connectivity-t.jar: ok
05-27 03:00:58.742 D/AndroidRuntime(23715): Calling main entry com.android.commands.uiautomator.Launcher
05-27 03:00:58.746 D/UiAutomationConnection(23715): Created on user UserHandle{0}
05-27 03:00:58.746 I/UiAutomation(23715): Initialized for user 0 on display 0
05-27 03:00:58.746 W/UiAutomation(23715): Created with deprecatead constructor, assumes DEFAULT_DISPLAY
05-27 03:00:58.748 D/AccessibilityManagerService( 3077): changeCurrentUserForTestAutomationIfNeededLocked(0): ignoring because device doesn't support visible background users
05-27 03:00:58.748 I/UiAutomationManager( 3077): Registering UiTestAutomationService (id=com.android.server.accessibility/UiAutomation) when called by user 0
05-27 03:00:58.752 W/WindowMagnificationMgr( 3077): requestConnection duplicated request: connect=false, mConnectionState=DISCONNECTED
05-27 03:00:58.765 W/WindowMagnificationMgr( 3077): requestConnection duplicated request: connect=false, mConnectionState=DISCONNECTED
05-27 03:00:58.775 D/BatterySaverPolicy( 3077): accessibility changed to true, updating policy.
05-27 03:00:58.777 D/AccessibilitySourceService(11721): enabled a11y services count 0
05-27 03:00:58.777 D/AccessibilitySourceService(11721): a11y source sending 0 issue to sc
05-27 03:00:58.778 D/SafetySourceDataValidat( 3077): No cert check requested for package com.google.android.permissioncontroller
05-27 03:00:59.470 I/ThermalEngine(29098): Monitor:ACTIVE:FREEZE-CHG:freeze_rule=1:DETECT-STANDBY=1
05-27 03:00:59.471 I/ThermalEngine(29098): ACTION: freeze_rule - Setting freeze_rule to 1
05-27 03:00:59.471 I/ThermalEngine(29098): Monitor:ACTIVE:OVERRIDE-CHG:internal_override=1:DETECT-STANDBY=1
05-27 03:00:59.471 I/ThermalEngine(29098): ACTION: override_c - Setting override_c to 1
05-27 03:00:59.471 I/Thermal-Lib(29098): Thermal-Lib-Client: Client request sent
05-27 03:00:59.472 I/ThermalEngine(29098): Thermal-Server: Thermal received msg from  freezing
05-27 03:00:59.472 I/Thermal-Lib(29098): Thermal-Lib-Client: Client request sent
05-27 03:00:59.473 I/ThermalEngine(29098): Thermal-Server: Thermal received msg from  override_c
05-27 03:00:59.676 W/.musicpro.debug(23499): userfaultfd: MOVE ioctl seems unsupported: Try again
05-27 03:01:00.004 D/PowerManagerService( 3077): nativeAcquireSuspendBlocker name:PowerManagerService.WakeLocks duration ms: 3
05-27 03:01:00.006 D/PowerManagerService( 3077): nativeReleaseSuspendBlocker name:PowerManagerService.WakeLocks duration ms: 0
05-27 03:01:00.008 I/FolioManager( 7709): Doze enabled: true
05-27 03:01:00.009 D/FolioManager( 7709): Use SystemUI folio UI.  isAodComponentEmpty: true  isADEnabled: true
05-27 03:01:00.009 D/FolioManager( 7709): updateTime
05-27 03:01:00.473 I/ThermalEngine(29098): ACTION: freeze_rule - Setting freeze_rule to 0
05-27 03:01:00.473 I/ThermalEngine(29098): Monitor:INACTIVE:FREEZE-CHG:freeze_rule=1:DETECT-STANDBY=0
05-27 03:01:00.473 I/ThermalEngine(29098): ACTION: override_c - Setting override_c to 0
05-27 03:01:00.473 I/ThermalEngine(29098): Monitor:INACTIVE:OVERRIDE-CHG:internal_override=1:DETECT-STANDBY=0
05-27 03:01:00.473 I/Thermal-Lib(29098): Thermal-Lib-Client: Client request sent
05-27 03:01:00.473 I/ThermalEngine(29098): Thermal-Server: Thermal received msg from  override_c
05-27 03:01:00.473 I/Thermal-Lib(29098): Thermal-Lib-Client: Client request sent
05-27 03:01:00.474 I/ThermalEngine(29098): Thermal-Server: Thermal received msg from  freezing
05-27 03:01:00.477 I/ThermalEngine(29098): Monitor:ACTIVE:MON-MSM-charge:battery=6:CHG-SENSORS=42739
05-27 03:01:00.504 I/OtaUpdate(18746): action =android.intent.action.TIME_TICK,GlobalVariable.IS_MYDEVICEACTIVITY_UPDATE =false
05-27 03:01:00.507 I/LogTrain(18746): queryTrainingSetting  count =0
05-27 03:01:00.507 I/LogConnect(18746): h =3
05-27 03:01:00.509 I/LogPush (18746): service.crashCount = 0
05-27 03:01:00.728 W/PackageSettings( 3077): Skipping PackageSetting{cf55578 com.whatsapp/10465} due to missing metadata
05-27 03:01:00.785 W/libc    (23715): Access denied finding property "qemu.sf.lcd_density"
05-27 03:01:00.785 W/libc    (23715): Access denied finding property "qemu.sf.lcd_density"
05-27 03:01:00.783 W/uiautomator(23715): type=1400 audit(0.0:481940): avc:  denied  { read } for  name="u:object_r:qemu_sf_lcd_density_prop:s0" dev="tmpfs" ino=312 scontext=u:r:shell:s0 tcontext=u:object_r:qemu_sf_lcd_density_prop:s0 tclass=file permissive=0
05-27 03:01:00.783 W/uiautomator(23715): type=1400 audit(0.0:481941): avc:  denied  { read } for  name="u:object_r:qemu_sf_lcd_density_prop:s0" dev="tmpfs" ino=312 scontext=u:r:shell:s0 tcontext=u:object_r:qemu_sf_lcd_density_prop:s0 tclass=file permissive=0
05-27 03:01:00.793 D/CompatibilityChangeReporter( 3077): Compat change id reported: 149924527; UID 2000; state: ENABLED
05-27 03:01:00.794 D/CompatibilityChangeReporter( 3077): Compat change id reported: 132649864; UID 2000; state: DISABLED
05-27 03:01:00.807 W/MediaProvider( 6229): isAppCloneUserPair for user 0: false
05-27 03:01:00.842 W/AccessibilityNodeInfoDumper(23715): Fetch time: 55ms
05-27 03:01:00.844 W/WindowMagnificationMgr( 3077): requestConnection duplicated request: connect=false, mConnectionState=DISCONNECTED
05-27 03:01:00.844 D/AccessibilityManagerService( 3077): restoreCurrentUserForTestAutomationIfNeededLocked(): ignoring because device doesn't support visible background users
05-27 03:01:00.845 D/PowerManagerService( 3077): nativeAcquireSuspendBlocker name:PowerManagerService.WakeLocks duration ms: 2
05-27 03:01:00.846 D/AndroidRuntime(23715): Shutting down VM
05-27 03:01:00.857 D/BatterySaverPolicy( 3077): accessibility changed to false, updating policy.
05-27 03:01:00.867 W/ProcessStats( 3077): Tracking association SourceState{3297f com.google.android.gms/10192 BTop #2598244} whose proc state 2 is better than process ProcessState{f378d4c com.google.android.gms.persistent/10192 pkg=com.google.android.gms} proc state 3 (197 skipped)
05-27 03:01:00.871 I/NetworkScheduler.Stats(26027): (REDACTED) Task %s/%s started execution. cause:%s exec_start_elapsed_seconds: %s
05-27 03:01:00.875 D/PowerManagerService( 3077): nativeReleaseSuspendBlocker name:PowerManagerService.WakeLocks duration ms: 0
05-27 03:01:00.876 D/PowerManagerService( 3077): nativeAcquireSuspendBlocker name:PowerManagerService.WakeLocks duration ms: 1
05-27 03:01:00.877 I/NetworkScheduler.Stats(26027): (REDACTED) Task %s/%s finished executing. cause:%s result: %s elapsed_millis: %s uptime_millis: %s exec_start_elapsed_seconds: %s
05-27 03:01:00.882 D/PowerManagerService( 3077): nativeReleaseSuspendBlocker name:PowerManagerService.WakeLocks duration ms: 0
05-27 03:01:00.883 D/PowerManagerService( 3077): nativeAcquireSuspendBlocker name:PowerManagerService.WakeLocks duration ms: 0
05-27 03:01:00.887 D/PowerManagerService( 3077): nativeReleaseSuspendBlocker name:PowerManagerService.WakeLocks duration ms: 0
05-27 03:01:01.098 D/ActivityManager( 3077): freezing 23660 com.google.android.webview:webview_service, reason = oom_cached
05-27 03:01:01.227 D/BoundBrokerSvc(16834): onUnbind: Intent { act=com.google.android.gms.backup.GMS_MODULE_RESTORE dat=chimera-action:/... cmp=com.google.android.gms/.chimera.GmsInternalBoundBrokerService }
05-27 03:01:01.235 D/MotoSxfService( 3077): unknown touch type
05-27 03:01:01.329 W/ndroid.keychain(22777): userfaultfd: MOVE ioctl seems unsupported: Connection timed out
05-27 03:01:01.475 I/ThermalEngine(29098): Monitor:ACTIVE:FREEZE-CHG:freeze_rule=1:DETECT-STANDBY=1
05-27 03:01:01.475 I/ThermalEngine(29098): ACTION: freeze_rule - Setting freeze_rule to 1
05-27 03:01:01.476 I/ThermalEngine(29098): Monitor:ACTIVE:OVERRIDE-CHG:internal_override=1:DETECT-STANDBY=1
05-27 03:01:01.476 I/ThermalEngine(29098): Thermal-Server: Thermal received msg from  freezing
05-27 03:01:01.476 I/ThermalEngine(29098): ACTION: override_c - Setting override_c to 1
05-27 03:01:01.476 I/Thermal-Lib(29098): Thermal-Lib-Client: Client request sent
05-27 03:01:01.476 I/Thermal-Lib(29098): Thermal-Lib-Client: Client request sent
05-27 03:01:01.477 I/ThermalEngine(29098): Thermal-Server: Thermal received msg from  override_c
05-27 03:01:02.215 I/NearbyMediums(26027): No BLE Fast/GATT advertisements found in the latest cycle.
05-27 03:01:02.215 I/NearbyMediums(26027): Current Tracked Scanning Clients are : {NearbyConnections.EnvironmentMonitor, NearbySharing, NearbyConnections.TxAdvertisement}
05-27 03:01:02.343 I/MediaProvider( 6229): Deleted 0 0 0 0 0 0 1 items on external_primary due to com.android.shell
