05-27 03:02:48.636 D/BraveShields(23499): blocked url=https://www.youtube.com/api/stats/qoe?cpn=ebEltfrBRtYvLscO&el=embedded&ns=yt&fexp=v1%2C24004644%2C27058999%2C34656%2C124674%2C117689%2C9252%2C3479%2C13030%2C23206%2C68547%2C32155%2C15105%2C25059%2C4174%2C30447%2C18705%2C21437%2C4571%2C26125%2C2978%2C7518%2C1886%2C23826%2C9500%2C1840%2C18114%2C6005%2C5399%2C4727%2C11470%2C13160%2C1461%2C20059%2C9420%2C5023%2C9969%2C10619%2C4200%2C458%2C953%2C2754%2C12774%2C8150%2C750%2C454%2C2194%2C1626%2C6436%2C11279%2C906%2C6057%2C11776%2C18185%2C5494%2C5651%2C2412%2C1168%2C4%2C368%2C490%2C1682%2C642%2C2630%2C2314%2C3099%2C676%2C2847%2C2118%2C4891%2C1203%2C466%2C1165%2C5747%2C3281%2C3501%2C223%2C5105%2C8396&cl=918025328&seq=1&event=streamingstats&docid=7c3-Gei5j4w&cbrand=motorola&cbr=Chrome%20Mobile%20Webview&cbrver=148.0.7778.120&c=WEB_EMBEDDED_PLAYER&cver=2.20260526.01.00&cplayer=UNIPLAYER&cmodel=edge%2030%20pro&cos=Android&cosver=14&cplatform=MOBILE&vps=0.000:N,0.000:ER&cmt=0.000:0.000,0.000:0.000&error=0.000:embedder.identity.denied::0.000:0;a6s.0&vis=0.000:0&conn=0.000:7&bh=0.000:0.000&qclc=ChBlYkVsdGZyQlJ0WXZMc2NPEAE
05-27 03:02:48.637 I/ThermalEngine(29098): ACTION: freeze_rule - Setting freeze_rule to 0
05-27 03:02:48.637 I/ThermalEngine(29098): Monitor:INACTIVE:FREEZE-CHG:freeze_rule=1:DETECT-STANDBY=0
05-27 03:02:48.637 I/ThermalEngine(29098): ACTION: override_c - Setting override_c to 0
05-27 03:02:48.637 I/ThermalEngine(29098): Monitor:INACTIVE:OVERRIDE-CHG:internal_override=1:DETECT-STANDBY=0
05-27 03:02:48.638 I/Thermal-Lib(29098): Thermal-Lib-Client: Client request sent
05-27 03:02:48.638 I/ThermalEngine(29098): Thermal-Server: Thermal received msg from  freezing
05-27 03:02:48.638 I/Thermal-Lib(29098): Thermal-Lib-Client: Client request sent
05-27 03:02:48.638 I/ThermalEngine(29098): Thermal-Server: Thermal received msg from  override_c
05-27 03:02:48.640 I/ThermalEngine(29098): Monitor:ACTIVE:MON-MSM-charge:battery=9:CHG-SENSORS=41767
05-27 03:02:48.659 I/AppsFilter( 3077): interaction: PackageSetting{68a2348 com.deepeye.musicpro.debug/10521} -> PackageSetting{24914a5 com.motorola.motosignature.app/10134} BLOCKED
05-27 03:02:48.692 I/sensors-hal( 1753): batch:206, android.sensor.game_rotation_vector/151, period=16666000, max_latency=0
05-27 03:02:48.692 I/sensors-hal( 1753): set_config:57, sample_period_ns is adjusted to 16666000 based on min/max delay_ns
05-27 03:02:48.692 I/sensors-hal( 1753): batch:215, android.sensor.game_rotation_vector/151, period=16666000, max_latency=0 request completed
05-27 03:02:48.693 I/sensors-hal( 1753): activate:173, android.sensor.game_rotation_vector/151 en=1
05-27 03:02:48.697 I/sensors-hal( 1753): get_qmi_debug_flag:239, support_qmi_debug : false
05-27 03:02:48.698 E/minksocket( 1748): MinkIPC_QRTR_Service: client with node 1 port 6b68 went down
05-27 03:02:48.698 E/minksocket( 1748): MinkIPC_QRTR_Service: client with node 1 port 6b69 went down
05-27 03:02:48.698 E/minksocket( 1748): MinkIPC_QRTR_Service: client with node 1 port 6b6a went down
05-27 03:02:48.698 E/minksocket( 1748): MinkIPC_QRTR_Service: client with node 1 port 6b6b went down
05-27 03:02:48.700 E/Diag_Lib( 1753): diag: Diag_LSM_Init: invoked for pid: 1753 with init_count: 0
05-27 03:02:48.701 E/Diag_Lib( 1753): diag:failed to connect to diag socket
05-27 03:02:48.702 E/Diag_Lib( 1753):  Diag_LSM_Init: Failed to open handle to diag driver, error = 13
05-27 03:02:48.704 I/sensors-hal( 1753): send_sync_sensor_request:341, send sync request
05-27 03:02:48.704 I/sensors-hal( 1753): send_sync_sensor_request:367, wait for notification of response
05-27 03:02:48.706 I/YouTubeVideoPlayer(23499): page_finished url=https://www.youtube.com/
05-27 03:02:48.706 I/sensors-hal( 1753): ssc_conn_resp_cb:632, resp_value = 0
05-27 03:02:48.707 I/sensors-hal( 1753): send_sync_sensor_request:373, takes 2 ms to receive the response with 0
05-27 03:02:48.707 I/sensors-hal( 1753): activate:184, android.sensor.game_rotation_vector/151 en=1 completed
05-27 03:02:48.712 I/PlayCore(23499): UID: [10521]  PID: [23499] StandardIntegrity : warmUpIntegrityToken(868618676952)
05-27 03:02:48.713 I/PlayCore(23499): UID: [10521]  PID: [23499] StandardIntegrity : Initiate binding to the service.
05-27 03:02:48.738 I/PlayCore(23499): UID: [10521]  PID: [23499] StandardIntegrity : ServiceConnectionImpl.onServiceConnected(ComponentInfo{com.android.vending/com.google.android.finsky.expressintegrityservice.ExpressIntegrityService})
05-27 03:02:48.738 I/PlayCore(23499): UID: [10521]  PID: [23499] StandardIntegrity : linkToDeath
05-27 03:02:48.781 E/minksocket( 1748): MinkIPC_QRTR_Service: client with node 1 port 6b6d went down
05-27 03:02:48.781 E/minksocket( 1748): MinkIPC_QRTR_Service: client with node 1 port 6b6e went down
05-27 03:02:48.782 E/minksocket( 1748): MinkIPC_QRTR_Service: client with node 1 port 6b6f went down
05-27 03:02:48.782 E/minksocket( 1748): MinkIPC_QRTR_Service: client with node 1 port 6b70 went down
05-27 03:02:48.806 I/sensors-hal( 1753): handle_indication_realtime:467,  SCHED_FIFO(10) for qmi_cbk
05-27 03:02:48.823 I/sensors-hal( 1753): activate:173, android.sensor.game_rotation_vector/151 en=0
05-27 03:02:48.823 E/minksocket( 1748): MinkIPC_QRTR_Service: client with node 1 port 6b6c went down
05-27 03:02:48.824 I/sensors-hal( 1753): activate:184, android.sensor.game_rotation_vector/151 en=0 completed
05-27 03:02:48.825 I/RemoteProvisionSysSvc( 3077): getRegistration(android.hardware.security.keymint.IRemotelyProvisionedComponent/default)
05-27 03:02:48.828 I/RegistrationProxy( 3077): onServiceConnected: com.android.rkpdapp.service.RemoteProvisioningService
05-27 03:02:48.832 I/RegistrationProxy( 3077): IGetRegistrationCallback.onSuccess
05-27 03:02:48.833 E/RemoteProvisionSysSvc( 3077): RKP not allowed. Key 10207 for client 62228408
05-27 03:02:48.833 E/keystore2( 1354): system/security/keystore2/src/rkpd_client.rs:172 - IGetKeyCallback failed: Device doesnot support RKP
05-27 03:02:48.834 W/keystore2( 1354): system/security/keystore2/src/remote_provisioning.rs:102 - Error occurred: system/security/keystore2/src/rkpd_client.rs:187: GetKeyCallback failed: r#ERROR_UNKNOWN "Device doesnot support RKP"
05-27 03:02:48.834 W/keystore2( 1354): 
05-27 03:02:48.834 W/keystore2( 1354): Caused by:
05-27 03:02:48.834 W/keystore2( 1354):     Error::Rc(r#OUT_OF_KEYS_TRANSIENT_ERROR)
05-27 03:02:48.841 D/DrmLibTime( 1269): got the req here! ret=0
05-27 03:02:48.841 D/DrmLibTime( 1269): command id, time_cmd_id = 770
05-27 03:02:48.841 D/DrmLibTime( 1269): time_getutcsec starts!
05-27 03:02:48.841 D/DrmLibTime( 1269): QSEE Time Listener: time_getutcsec
05-27 03:02:48.841 D/DrmLibTime( 1269): QSEE Time Listener: get_utc_seconds
05-27 03:02:48.841 D/DrmLibTime( 1269): QSEE Time Listener: time_get_modem_time
05-27 03:02:48.841 D/DrmLibTime( 1269): QSEE Time Listener: Checking if ATS_MODEM is set or not.
05-27 03:02:48.842 D/QC-time-services( 1269): Lib:time_genoff_operation: pargs->base = 13
05-27 03:02:48.842 D/QC-time-services( 1269): Lib:time_genoff_operation: pargs->operation = 2
05-27 03:02:48.842 D/QC-time-services( 1269): Lib:time_genoff_operation: pargs->ts_val = 0
05-27 03:02:48.842 D/QC-time-services( 1269): Lib:time_genoff_operation: Send to server  passed!!
05-27 03:02:48.844 D/QC-time-services( 1573): Daemon: Connection accepted:time_genoff
05-27 03:02:48.844 D/QC-time-services( 1573): Daemon:Received base = 13, unit = 1, operation = 2,value = 0
05-27 03:02:48.844 D/QC-time-services( 1573): Daemon:genoff_opr: Base = 13, val = 0, operation = 2
05-27 03:02:48.844 D/QC-time-services( 1573): offset is: 1 for base: 13
05-27 03:02:48.844 E/QC-time-services( 1269): Receive Passed == base = 13, unit = 1, operation = 2, result = 0
05-27 03:02:48.845 D/DrmLibTime( 1269): QSEE Time Listener: ATS_MODEM is set. Try to retrieve it.
05-27 03:02:48.845 E/QC-time-services( 1573): Daemon: Time-services: Waiting to acceptconnection
05-27 03:02:48.845 D/QC-time-services( 1573): Daemon: Connection accepted:time_genoff
05-27 03:02:48.845 D/QC-time-services( 1573): Daemon:Received base = 13, unit = 1, operation = 1,value = 0
05-27 03:02:48.845 D/QC-time-services( 1573): Daemon:genoff_opr: Base = 13, val = 0, operation = 1
05-27 03:02:48.845 D/QC-time-services( 1573): Daemon: genoff get for 13
05-27 03:02:48.845 D/QC-time-services( 1573): Daemon:Value read from QTimer mseconds = 1653961906
05-27 03:02:48.845 D/QC-time-services( 1573): Daemon:Value read from RTC mseconds on boot = 18280000
05-27 03:02:48.845 D/QC-time-services( 1573): Daemon:Value read from QTimer mseconds = 1653961906
05-27 03:02:48.845 D/QC-time-services( 1573): Daemon:Value read from generic offset = 1778158931900
05-27 03:02:48.845 D/QC-time-services( 1573): Daemon:Delta read on boot mseconds = 18270199
05-27 03:02:48.845 D/QC-time-services( 1573): Daemon:Final Time = 1779831164005
05-27 03:02:48.845 D/DrmLibTime( 1269): QSEE Time Listener: Time GenOff - seconds: 1779831164
05-27 03:02:48.845 D/DrmLibTime( 1269): time_getutcsec returns 0, sec = 1779831164; nsec = 0
05-27 03:02:48.845 D/DrmLibTime( 1269): time_getutcsec finished! 
05-27 03:02:48.845 D/DrmLibTime( 1269): iotcl_continue_command finished! and return 0 
05-27 03:02:48.845 D/DrmLibTime( 1269): before calling ioctl to read the next time_cmd
05-27 03:02:48.847 E/QC-time-services( 1573): Daemon: Time-services: Waiting to acceptconnection
05-27 03:02:48.902 I/Finsky  (16651): [950] Integrity key attestation record generated successfully.
05-27 03:02:48.914 I/Finsky  (16651): [950] playLoggingServerUrl: https://play.googleapis.com/play/log
05-27 03:02:48.914 I/Finsky  (16651): [950] playLoggingServerTimestampUrl: https://play.googleapis.com/play/log/timestamp
05-27 03:02:49.327 I/PlayCore(23499): UID: [10521]  PID: [23499] StandardIntegrity : Unbind from service.
05-27 03:02:49.327 I/PlayCore(23499): UID: [10521]  PID: [23499] OnWarmUpIntegrityTokenCallback : onWarmUpExpressIntegrityToken
05-27 03:02:49.328 I/ThermalEngine(29098): ACTION: CPU - Setting CPU[7] to 1
05-27 03:02:49.333 D/BoundBrokerSvc(26027): onBind: Intent { act=com.google.android.gms.play.integrity.api.service.IntegrityApiDisplayListenerApiService.START dat=chimera-action:/... cmp=com.google.android.gms/.chimera.PersistentApiServiceNoInstantApps }
05-27 03:02:49.333 D/BoundBrokerSvc(26027): Loading bound service for intent: Intent { act=com.google.android.gms.play.integrity.api.service.IntegrityApiDisplayListenerApiService.START dat=chimera-action:/... cmp=com.google.android.gms/.chimera.PersistentApiServiceNoInstantApps }
05-27 03:02:49.335 I/ThermalEngine(29098): ACTION: CPU - Setting CPU[4] to 1
05-27 03:02:49.344 I/PlayCore(23499): UID: [10521]  PID: [23499] StandardIntegrity : requestExpressIntegrityToken(-324988960402330854)
05-27 03:02:49.344 I/PlayCore(23499): UID: [10521]  PID: [23499] StandardIntegrity : Initiate binding to the service.
05-27 03:02:49.354 I/PlayCore(23499): UID: [10521]  PID: [23499] StandardIntegrity : ServiceConnectionImpl.onServiceConnected(ComponentInfo{com.android.vending/com.google.android.finsky.expressintegrityservice.ExpressIntegrityService})
05-27 03:02:49.355 I/PlayCore(23499): UID: [10521]  PID: [23499] StandardIntegrity : linkToDeath
05-27 03:02:49.360 I/PlayCore(23499): UID: [10521]  PID: [23499] OnRequestIntegrityTokenCallback : onRequestExpressIntegrityToken
05-27 03:02:49.360 I/PlayCore(23499): UID: [10521]  PID: [23499] StandardIntegrity : Unbind from service.
05-27 03:02:49.886 E/minksocket( 1748): MinkIPC_QRTR_Service: client with node 1 port 6b71 went down
05-27 03:02:49.887 E/minksocket( 1748): MinkIPC_QRTR_Service: client with node 1 port 6b72 went down
05-27 03:02:49.889 E/minksocket( 1748): MinkIPC_QRTR_Service: client with node 1 port 6b73 went down
05-27 03:02:49.890 E/minksocket( 1748): MinkIPC_QRTR_Service: client with node 1 port 6b74 went down
05-27 03:02:50.347 I/ThermalEngine(29098): ACTION: CPU - Setting CPU[7] to 2
05-27 03:02:50.356 I/ThermalEngine(29098): ACTION: CPU - Setting CPU[4] to 2
05-27 03:02:50.639 I/ThermalEngine(29098): Monitor:ACTIVE:FREEZE-CHG:freeze_rule=1:DETECT-STANDBY=1
05-27 03:02:50.639 I/ThermalEngine(29098): ACTION: freeze_rule - Setting freeze_rule to 1
05-27 03:02:50.639 I/ThermalEngine(29098): Monitor:ACTIVE:OVERRIDE-CHG:internal_override=1:DETECT-STANDBY=1
05-27 03:02:50.639 I/ThermalEngine(29098): ACTION: override_c - Setting override_c to 1
05-27 03:02:50.639 I/Thermal-Lib(29098): Thermal-Lib-Client: Client request sent
05-27 03:02:50.639 I/ThermalEngine(29098): Thermal-Server: Thermal received msg from  freezing
05-27 03:02:50.639 I/Thermal-Lib(29098): Thermal-Lib-Client: Client request sent
05-27 03:02:50.642 I/ThermalEngine(29098): Thermal-Server: Thermal received msg from  override_c
05-27 03:02:50.642 D/PowerManagerService( 3077): nativeAcquireSuspendBlocker name:PowerManagerService.WakeLocks duration ms: 3
05-27 03:02:50.647 D/TelephonyManager( 4090): requestModemActivityInfo: Sending result to app: ModemActivityInfo{ mTimestamp=1653959795 mSleepTimeMs=1230195602 mIdleTimeMs=15022393 mActivityStatsTechSpecificInfo=[{mRat=UNKNOWN,mFrequencyRange=UNKNOWN,mTxTimeMs[]=[6842854, 5317117, 4912543, 3874836, 3984554],mRxTimeMs=383813084}]}
05-27 03:02:50.649 D/PowerManagerService( 3077): nativeReleaseSuspendBlocker name:PowerManagerService.WakeLocks duration ms: 0
05-27 03:02:50.873 W/WindowOnBackDispatcher( 7709): sendCancelIfRunning: isInProgress=falsecallback=android.view.ViewRootImpl$$ExternalSyntheticLambda17@de71216
05-27 03:02:50.874 D/CoreBackPreview( 3077): Window{52f2341 u0 Toast}: Setting back callback null
05-27 03:02:50.876 D/Surface ( 7709): Surface::disconnect
05-27 03:02:50.876 D/BufferQueueProducer( 7709): [VRI[Toast]#1275(BLAST Consumer)1275](id:1e1d00000503,api:1,p:7709,c:7709) disconnect: api 1
05-27 03:02:50.877 W/InputManager-JNI( 3077): Input channel object '52f2341 Toast (client)' was disposed without first being removed with the input manager!
05-27 03:02:50.881 W/NotificationService( 3077): Toast already killed. pkg=com.deepeye.musicpro.debug token=android.os.BinderProxy@2863efc
05-27 03:02:50.889 E/HybridPlayerCard(23499): Auto-hiding controls after 3 seconds
05-27 03:02:50.904 E/HybridPlayerCard(23499): LaunchedEffect: controlsVisible=false, isPlaying=true, interactionCount=0
05-27 03:02:50.990 E/minksocket( 1748): MinkIPC_QRTR_Service: client with node 1 port 6b53 went down
05-27 03:02:50.991 E/minksocket( 1748): MinkIPC_QRTR_Service: client with node 1 port 6b57 went down
05-27 03:02:50.992 E/minksocket( 1748): MinkIPC_QRTR_Service: client with node 1 port 6b75 went down
05-27 03:02:50.993 E/minksocket( 1748): MinkIPC_QRTR_Service: client with node 1 port 6b76 went down
05-27 03:02:50.994 E/minksocket( 1748): MinkIPC_QRTR_Service: client with node 1 port 6b77 went down
05-27 03:02:50.994 E/minksocket( 1748): MinkIPC_QRTR_Service: client with node 1 port 6b78 went down
05-27 03:02:51.365 I/ThermalEngine(29098): ACTION: CPU - Setting CPU[7] to 3
05-27 03:02:51.378 I/ThermalEngine(29098): ACTION: CPU - Setting CPU[4] to 3
05-27 03:02:51.640 I/ThermalEngine(29098): ACTION: freeze_rule - Setting freeze_rule to 0
05-27 03:02:51.640 I/ThermalEngine(29098): Monitor:INACTIVE:FREEZE-CHG:freeze_rule=1:DETECT-STANDBY=0
05-27 03:02:51.641 I/ThermalEngine(29098): ACTION: override_c - Setting override_c to 0
05-27 03:02:51.641 I/ThermalEngine(29098): Monitor:INACTIVE:OVERRIDE-CHG:internal_override=1:DETECT-STANDBY=0
05-27 03:02:51.641 I/Thermal-Lib(29098): Thermal-Lib-Client: Client request sent
05-27 03:02:51.641 I/ThermalEngine(29098): Thermal-Server: Thermal received msg from  freezing
05-27 03:02:51.641 I/ThermalEngine(29098): Thermal-Server: Thermal received msg from  override_c
05-27 03:02:51.641 I/Thermal-Lib(29098): Thermal-Lib-Client: Client request sent
05-27 03:02:51.644 I/ThermalEngine(29098): Monitor:ACTIVE:MON-MSM-charge:battery=6:CHG-SENSORS=42140
05-27 03:02:51.937 D/BraveShields(23499): blocked url=https://www.youtube.com/youtubei/v1/log_event?alt=json
05-27 03:02:52.090 E/minksocket( 1748): MinkIPC_QRTR_Service: client with node 1 port 6b79 went down
05-27 03:02:52.091 E/minksocket( 1748): MinkIPC_QRTR_Service: client with node 1 port 6b7a went down
05-27 03:02:52.092 E/minksocket( 1748): MinkIPC_QRTR_Service: client with node 1 port 6b7b went down
05-27 03:02:52.093 E/minksocket( 1748): MinkIPC_QRTR_Service: client with node 1 port 6b7c went down
05-27 03:02:52.248 I/NearbyMediums(26027): No BLE Fast/GATT advertisements found in the latest cycle.
05-27 03:02:52.248 I/NearbyMediums(26027): Current Tracked Scanning Clients are : {NearbyConnections.EnvironmentMonitor, NearbySharing, NearbyConnections.TxAdvertisement}
05-27 03:02:52.391 I/ThermalEngine(29098): ACTION: CPU - Setting CPU[7] to 4
05-27 03:02:52.398 I/ThermalEngine(29098): ACTION: CPU - Setting CPU[4] to 4
05-27 03:02:52.642 I/ThermalEngine(29098): Monitor:ACTIVE:FREEZE-CHG:freeze_rule=1:DETECT-STANDBY=1
05-27 03:02:52.642 I/ThermalEngine(29098): ACTION: freeze_rule - Setting freeze_rule to 1
05-27 03:02:52.642 I/ThermalEngine(29098): Monitor:ACTIVE:OVERRIDE-CHG:internal_override=1:DETECT-STANDBY=1
05-27 03:02:52.642 I/ThermalEngine(29098): ACTION: override_c - Setting override_c to 1
05-27 03:02:52.643 I/ThermalEngine(29098): Thermal-Server: Thermal received msg from  freezing
05-27 03:02:52.643 I/Thermal-Lib(29098): Thermal-Lib-Client: Client request sent
05-27 03:02:52.643 I/Thermal-Lib(29098): Thermal-Lib-Client: Client request sent
05-27 03:02:52.644 I/ThermalEngine(29098): Thermal-Server: Thermal received msg from  override_c
05-27 03:02:52.668 D/vendor.qti.bluetooth@1.0-ibs_handler( 1758): SerialClockVote: vote for UART CLK ON
05-27 03:02:52.669 D/vendor.qti.bluetooth@1.0-wake_lock( 1758): Acquire wakelock is acquired 
05-27 03:02:52.669 I/vendor.qti.bluetooth@1.0-ibs_handler( 1758): DeviceWakeUp: Writing IBS_WAKE_IND
05-27 03:02:52.669 I/vendor.qti.bluetooth@1.0-ibs_handler( 1758): ProcessIbsCmd: Received IBS_WAKE_ACK: 0xFC
05-27 03:02:52.669 I/vendor.qti.bluetooth@1.0-ibs_handler( 1758): ProcessIbsCmd: Signal wack_cond_
05-27 03:02:52.669 D/vendor.qti.bluetooth@1.0-ibs_handler( 1758): DeviceWakeUp: Unblocked from waiting for FC, pthread_cond_timedwait ret = 0
05-27 03:02:52.669 I/vendor.qti.bluetooth@1.0-ibs_handler( 1758): ProcessIbsCmd: Received IBS_WAKE_IND: 0xFD
05-27 03:02:52.670 I/vendor.qti.bluetooth@1.0-ibs_handler( 1758): ProcessIbsCmd: Writing IBS_WAKE_ACK
05-27 03:02:52.711 I/vendor.qti.bluetooth@1.0-ibs_handler( 1758): ProcessIbsCmd: Received IBS_SLEEP_IND: 0xFE
05-27 03:02:52.718 D/VRI[NotificationShade]( 7709): update {(0,0)(fillxfill) gr=TOP CENTER_VERTICAL layoutInDisplayCutoutMode=always ty=2040 fmt=TRANSLUCENT
05-27 03:02:52.718 D/VRI[NotificationShade]( 7709):   fl=NOT_FOCUSABLE TOUCHABLE_WHEN_WAKING WATCH_OUTSIDE_TOUCH SPLIT_TOUCH HARDWARE_ACCELERATED DRAWS_SYSTEM_BAR_BACKGROUNDS
05-27 03:02:52.718 D/VRI[NotificationShade]( 7709):   pfl=OPTIMIZE_MEASURE BEHAVIOR_CONTROLLED FIT_INSETS_CONTROLLED
05-27 03:02:52.718 D/VRI[NotificationShade]( 7709):   bhv=SHOW_TRANSIENT_BARS_BY_SWIPE} by setLayoutParams
05-27 03:02:52.720 W/WindowOnBackDispatcher( 7709): OnBackInvokedCallback is not enabled for the application.
05-27 03:02:52.720 W/WindowOnBackDispatcher( 7709): Set 'android:enableOnBackInvokedCallback="true"' in the application manifest.
05-27 03:02:52.720 D/CentralSurfaces( 7709): Received new disable state: enaihbcrso.qingr (unchanged)
05-27 03:02:52.723 D/VRI[NotificationShade]( 7709): update {(0,0)(fillxfill) gr=TOP CENTER_VERTICAL layoutInDisplayCutoutMode=always ty=2040 fmt=TRANSLUCENT
05-27 03:02:52.723 D/VRI[NotificationShade]( 7709):   fl=TOUCHABLE_WHEN_WAKING ALT_FOCUSABLE_IM WATCH_OUTSIDE_TOUCH SPLIT_TOUCH HARDWARE_ACCELERATED DRAWS_SYSTEM_BAR_BACKGROUNDS
05-27 03:02:52.723 D/VRI[NotificationShade]( 7709):   pfl=OPTIMIZE_MEASURE STATUS_FORCE_SHOW_NAVIGATION BEHAVIOR_CONTROLLED FIT_INSETS_CONTROLLED
05-27 03:02:52.723 D/VRI[NotificationShade]( 7709):   bhv=SHOW_TRANSIENT_BARS_BY_SWIPE} by setLayoutParams
05-27 03:02:52.724 D/PowerManagerService( 3077): nativeAcquireSuspendBlocker name:PowerManagerService.WakeLocks duration ms: 1
05-27 03:02:52.724 W/RingtonePlayer( 7709): STOP command without a player
05-27 03:02:52.726 D/PowerManagerService( 3077): nativeReleaseSuspendBlocker name:PowerManagerService.WakeLocks duration ms: 0
05-27 03:02:52.730 E/OpenGLRenderer( 7709): Unable to match the desired swap behavior.
05-27 03:02:52.734 W/View    ( 7709): requestLayout() improperly called by com.android.systemui.statusbar.lockscreen.NotifIconContainerHostView{b2d8d2d IF....C.. ......ID 0,1863-1080,2247 #7f0a02ac app:id/custom_notification_icon_container_host} during layout: running second layout pass
05-27 03:02:52.746 W/View    ( 7709): requestLayout() improperly called by com.android.systemui.statusbar.notification.stack.NotificationStackScrollLayout{33fc64a V.E...... ........ 0,0-1080,2247 #7f0a063d app:id/notification_stack_scroller} during second layout pass: posting in next frame
05-27 03:02:52.749 D/SystemServerTiming( 3077): getUserSwitchability-0
05-27 03:02:52.749 D/SystemServerTiming( 3077): TM.isInCall
05-27 03:02:52.749 D/SystemServerTiming( 3077): hasUserRestriction-DISALLOW_USER_SWITCH
05-27 03:02:52.750 D/SystemServerTiming( 3077): getInt-ALLOW_USER_SWITCHING_WHEN_SYSTEM_USER_LOCKED
05-27 03:02:52.750 D/SystemServerTiming( 3077): isUserUnlocked-USER_SYSTEM
05-27 03:02:52.750 D/BiometricsRepositoryImpl( 7709): currentUser authFlags changed, new value: AuthenticationFlags(userId=0, flag=0)
05-27 03:02:52.750 D/SystemServerTiming( 3077): getUserSwitchability-0
05-27 03:02:52.750 D/SystemServerTiming( 3077): TM.isInCall
05-27 03:02:52.750 D/CentralSurfaces( 7709): Received new disable state: enaihbcrso.qingr (unchanged)
05-27 03:02:52.750 D/SystemServerTiming( 3077): hasUserRestriction-DISALLOW_USER_SWITCH
05-27 03:02:52.750 D/SystemServerTiming( 3077): getInt-ALLOW_USER_SWITCHING_WHEN_SYSTEM_USER_LOCKED
05-27 03:02:52.750 D/SystemServerTiming( 3077): isUserUnlocked-USER_SYSTEM
05-27 03:02:52.752 I/BpBinder( 1884): onLastStrongRef automatically unlinking death recipients: 
05-27 03:02:52.754 I/BpBinder( 1884): onLastStrongRef automatically unlinking death recipients: 
05-27 03:02:52.756 I/QTI PowerHAL( 1767): Power setMode: 6 to: 1
05-27 03:02:52.756 E/QTI PowerHAL( 1767): Failed to acquire lock for hint_id: 10A5.
05-27 03:02:52.758 D/BiometricsRepositoryImpl( 7709): currentUser authFlags changed, new value: AuthenticationFlags(userId=0, flag=0)
05-27 03:02:52.765 E/QuickAccessWalletKeyguardQuickAffordanceConfig( 7709): Wallet card retrieval error, message: "null"
05-27 03:02:52.770 D/BiometricsRepositoryImpl( 7709): currentUser authFlags changed, new value: AuthenticationFlags(userId=0, flag=0)
05-27 03:02:52.770 D/BiometricsRepositoryImpl( 7709): currentUser authFlags changed, new value: AuthenticationFlags(userId=0, flag=0)
05-27 03:02:52.770 D/BiometricsRepositoryImpl( 7709): currentUser authFlags changed, new value: AuthenticationFlags(userId=0, flag=0)
05-27 03:02:52.770 D/BiometricsRepositoryImpl( 7709): currentUser authFlags changed, new value: AuthenticationFlags(userId=0, flag=0)
05-27 03:02:52.775 E/QuickAccessWalletKeyguardQuickAffordanceConfig( 7709): Wallet card retrieval error, message: "null"
05-27 03:02:52.776 E/QuickAccessWalletKeyguardQuickAffordanceConfig( 7709): Wallet card retrieval error, message: "null"
05-27 03:02:52.817 I/FalsingManager( 7709): Skipped falsing. interactionType=0
05-27 03:02:52.817 I/FalsingManager( 7709): Skipped falsing. interactionType=0
05-27 03:02:52.879 I/QTI PowerHAL( 1767): Power setMode: 6 to: 0
05-27 03:02:53.073 D/VRI[NavigationBar0]( 7709): update {(0,0)(fillx102) gr=BOTTOM CENTER_VERTICAL layoutInDisplayCutoutMode=always ty=NAVIGATION_BAR fmt=TRANSLUCENT
05-27 03:02:53.073 D/VRI[NavigationBar0]( 7709):   fl=NOT_FOCUSABLE NOT_TOUCH_MODAL WATCH_OUTSIDE_TOUCH SPLIT_TOUCH FLAG_SLIPPERY
05-27 03:02:53.073 D/VRI[NavigationBar0]( 7709):   pfl=LAYOUT_SIZE_EXTENDED_BY_CUTOUT COLOR_SPACE_AGNOSTIC FIT_INSETS_CONTROLLED TRUSTED_OVERLAY
05-27 03:02:53.073 D/VRI[NavigationBar0]( 7709):   bhv=DEFAULT
05-27 03:02:53.073 D/VRI[NavigationBar0]( 7709):   providedInsets:
05-27 03:02:53.073 D/VRI[NavigationBar0]( 7709):     InsetsFrameProvider: {id=#b4050001, index=0, type=navigationBars, source=FRAME, flags=[SUPPRESS_SCRIM], insetsSize=Insets{left=0, top=0, right=0, bottom=51}, insetsSizeOverrides=[TypedInsetsSize: {windowType=INPUT_METHOD, insetsSize=null}]}
05-27 03:02:53.073 D/VRI[NavigationBar0]( 7709):     InsetsFrameProvider: {id=#b4050006, index=0, type=tappableElement, source=FRAME, flags=[], insetsSize=Insets{left=0, top=0, right=0, bottom=0}}
05-27 03:02:53.073 D/VRI[NavigationBar0]( 7709):     InsetsFrameProvider: {id=#b4050005, index=0, type=mandatorySystemGestures, source=FRAME, flags=[], insetsSize=Insets{left=0, top=0, right=0, bottom=68}}
05-27 03:02:53.073 D/VRI[NavigationBar0]( 7709):     InsetsFrameProvider: {id=#b4050004, index=0, type=systemGestures, source=DISPLAY, flags=[], insetsSize=Insets{left=63, top=0, right=0, bottom=0}, mMinimalInsetsSizeInDisplayCutoutSafe=Insets{left=63, top=0, right=0, bottom=0}}
05-27 03:02:53.073 D/VRI[NavigationBar0]( 7709):     InsetsFrameProvider: {id=#b4050024, index=1, type=systemGestures, source=DISPLAY, flags=[], insetsSize=Insets{left=0, top=0, right=63, bottom=0}, mMinimalInsetsSizeInDisplayCutoutSafe=Insets{left=0, top=0, right=63, bottom=0}}
05-27 03:02:53.073 D/VRI[NavigationBar0]( 7709):   paramsForRotation:
05-27 03:02:53.073 D/VRI[NavigationBar0]( 7709):     ROTATION_0={(0,0)(fillx102) gr=BOTTOM CENTER_VERTICAL layoutInDisplayCutoutMode=always ty=NAVIGATION_BAR fmt=TRANSLUCENT
05-27 03:02:53.073 D/VRI[NavigationBar0]( 7709):       fl=NOT_FOCUSABLE NOT_TOUCH_MODAL WATCH_OUTSIDE_TOUCH SPLIT_TOUCH FLAG_SLIPPERY
05-27 03:02:53.073 D/VRI[NavigationBar0]( 7709):       pfl=LAYOUT_SIZE_EXTENDED_BY_CUTOUT COLOR_SPACE_AGNOSTIC FIT_INSETS_CONTROLLED TRUSTED_OVERLAY
05-27 03:02:53.073 D/VRI[NavigationBar0]( 7709):       bhv=DEFAULT
05-27 03:02:53.073 D/VRI[NavigationBar0]( 7709):       providedInsets:
05-27 03:02:53.073 D/VRI[NavigationBar0]( 7709):         InsetsFrameProvider: {id=#b4050001, index=0, type=navigationBars, source=FRAME, flags=[SUPPRESS_SCRIM], insetsSize=Insets{left=0, top=0, right=0, bottom=51}, insetsSizeOverrides=[TypedInsetsSize: {windowType=INPUT_METHOD, insetsSize=null}]}
05-27 03:02:53.073 D/VRI[NavigationBar0]( 7709):         InsetsFrameProvider: {id=#b4050006, index=0, type=tappableElement, source=FRAME, flags=[], insetsSize=Insets{left=0, top=0, right=0, bottom=0}}
05-27 03:02:53.073 D/VRI[NavigationBar0]( 7709):         InsetsFrameProvider: {id=#b4050005, index=0, type=mandatorySystemGestures, source=FRAME, flags=[], insetsSize=Insets{left=0, top=0, right=0, bottom=68}}
05-27 03:02:53.073 D/VRI[NavigationBar0]( 7709):         InsetsFrameProvider: {id=#b4050004, index=0, type=systemGestures, source=DISPLAY, flags=[], insetsSize=Insets{left=63, top=0, right=0, bottom=0}, mMinimalInsetsSizeInDisplayCutoutSafe=Insets{left=63, top=0, right=0, bottom=0}}
05-27 03:02:53.073 D/VRI[NavigationBar0]( 7709):         InsetsFrameProvider: {id=#b4050024, index=1, type=systemGestures, source=DISPLAY, flags=[], insetsSize=Insets{left=0, top=0, right=63, bottom=0}, mMinimalInsetsSizeInDisplayCutoutSafe=Insets{left=0, top=0, right=63, bottom=0}}}
05-27 03:02:53.073 D/VRI[NavigationBar0]( 7709):     ROTATION_90={(0,0)(fillx102) gr=BOTTOM CENTER_VERTICAL layoutInDisplayCutoutMode=always ty=NAVIGATION_BAR fmt=TRANSLUCENT
05-27 03:02:53.073 D/VRI[NavigationBar0]( 7709):       fl=NOT_FOCUSABLE NOT_TOUCH_MODAL WATCH_OUTSIDE_TOUCH SPLIT_TOUCH FLAG_SLIPPERY
05-27 03:02:53.073 D/VRI[NavigationBar0]( 7709):       pfl=LAYOUT_SIZE_EXTENDED_BY_CUTOUT COLOR_SPACE_AGNOSTIC FIT_INSETS_CONTROLLED TRUSTED_OVERLAY
05-27 03:02:53.073 D/VRI[NavigationBar0]( 7709):       bhv=DEFAULT
05-27 03:02:53.073 D/VRI[NavigationBar0]( 7709):       providedInsets:
05-27 03:02:53.073 D/VRI[NavigationBar0]( 7709):         InsetsFrameProvider: {id=#b4050001, index=0, type=navigationBars, source=FRAME, flags=[SUPPRESS_SCRIM], insetsSize=Insets{left=0, top=0, right=0, bottom=51}, insetsSizeOverrides=[TypedInsetsSize: {windowType=INPUT_METHOD, insetsSize=null}]}
05-27 03:02:53.073 D/VRI[NavigationBar0]( 7709):         InsetsFrameProvider: {id=#b4050006, index=0, type=tappableElement, source=FRAME, flags=[], insetsSize=Insets{left=0, top=0, right=0, bottom=0}}
05-27 03:02:53.073 D/VRI[NavigationBar0]( 7709):         InsetsFrameProvider: {id=#b4050005, index=0, type=mandatorySystemGestures, source=FRAME, flags=[], insetsSize=Insets{left=0, top=0, right=0, bottom=68}}
05-27 03:02:53.073 D/VRI[NavigationBar0]( 7709):         InsetsFrameProvider: {id=#b4050004, index=0, type=systemGestures, source=DISPLAY, flags=[], insetsSize=Insets{left=63, top=0, right=0, bottom=0}, mMinimalInsetsSizeInDisplayCutoutSafe=Insets{left=63, top=0, right=0, bottom=0}}
05-27 03:02:53.074 D/VRI[NavigationBar0]( 7709):         InsetsFrameProvider: {id=#b4050024, index=1, type=systemGestures, source=DISPLAY, flags=[], insetsSize=Insets{left=0, top=0, right=63, bottom=0}, mMinimalInsetsSizeInDisplayCutoutSafe=Insets{left=0, top=0, right=63, bottom=0}}}
05-27 03:02:53.074 D/VRI[NavigationBar0]( 7709):     ROTATION_180={(0,0)(fillx102) gr=BOTTOM CENTER_VERTICAL layoutInDisplayCutoutMode=always ty=NAVIGATION_BAR fmt=TRANSLUCENT
05-27 03:02:53.074 D/VRI[NavigationBar0]( 7709):       fl=NOT_FOCUSABLE NOT_TOUCH_MODAL WATCH_OUTSIDE_TOUCH SPLIT_TOUCH FLAG_SLIPPERY
05-27 03:02:53.074 D/VRI[NavigationBar0]( 7709):       pfl=LAYOUT_SIZE_EXTENDED_BY_CUTOUT COLOR_SPACE_AGNOSTIC FIT_INSETS_CONTROLLED TRUSTED_OVERLAY
05-27 03:02:53.074 D/VRI[NavigationBar0]( 7709):       bhv=DEFAULT
05-27 03:02:53.074 D/VRI[NavigationBar0]( 7709):       providedInsets:
05-27 03:02:53.074 D/VRI[NavigationBar0]( 7709):         InsetsFrameProvider: {id=#b4050001, index=0, type=navigationBars, source=FRAME, flags=[SUPPRESS_SCRIM], insetsSize=Insets{left=0, top=0, right=0, bottom=51}, insetsSizeOverrides=[TypedInsetsSize: {windowType=INPUT_METHOD, insetsSize=null}]}
05-27 03:02:53.074 D/VRI[NavigationBar0]( 7709):         InsetsFrameProvider: {id=#b4050006, index=0, type=tappableElement, source=FRAME, flags=[], insetsSize=Insets{left=0, top=0, right=0, bottom=0}}
05-27 03:02:53.074 D/VRI[NavigationBar0]( 7709):         InsetsFrameProvider: {id=#b4050005, index=0, type=mandatorySystemGestures, source=FRAME, flags=[], insetsSize=Insets{left=0, top=0, right=0, bottom=68}}
05-27 03:02:53.074 D/VRI[NavigationBar0]( 7709):         InsetsFrameProvider: {id=#b4050004, index=0, type=systemGestures, source=DISPLAY, flags=[], insetsSize=Insets{left=63, top=0, right=0, bottom=0}, mMinimalInsetsSizeInDisplayCutoutSafe=Insets{left=63, top=0, right=0, bottom=0}}
05-27 03:02:53.074 D/VRI[NavigationBar0]( 7709):         InsetsFrameProvider: {id=#b4050024, index=1, type=systemGestures, source=DISPLAY, flags=[], insetsSize=Insets{left=0, top=0, right=63, bottom=0}, mMinimalInsetsSizeInDisplayCutoutSafe=Insets{left=0, top=0, right=63, bottom=0}}}
05-27 03:02:53.074 D/VRI[NavigationBar0]( 7709):     ROTATION_270={(0,0)(fillx102) gr=BOTTOM CENTER_VERTICAL layoutInDisplayCutoutMode=always ty=NAVIGATION_BAR fmt=TRANSLUCENT
05-27 03:02:53.074 D/VRI[NavigationBar0]( 7709):       fl=NOT_FOCUSABLE NOT_TOUCH_MODAL WATCH_OUTSIDE_TOUCH SPLIT_TOUCH FLAG_SLIPPERY
05-27 03:02:53.074 D/VRI[NavigationBar0]( 7709):       pfl=LAYOUT_SIZE_EXTENDED_BY_CUTOUT COLOR_SPACE_AGNOSTIC FIT_INSETS_CONTROLLED TRUSTED_OVERLAY
05-27 03:02:53.074 D/VRI[NavigationBar0]( 7709):       bhv=DEFAULT
05-27 03:02:53.074 D/VRI[NavigationBar0]( 7709):       providedInsets:
05-27 03:02:53.074 D/VRI[NavigationBar0]( 7709):         InsetsFrameProvider: {id=#b4050001, index=0, type=navigationBars, source=FRAME, flags=[SUPPRESS_SCRIM], insetsSize=Insets{left=0, top=0, right=0, bottom=51}, insetsSizeOverrides=[TypedInsetsSize: {windowType=INPUT_METHOD, insetsSize=null}]}
05-27 03:02:53.074 D/VRI[NavigationBar0]( 7709):         InsetsFrameProvider: {id=#b4050006, index=0, type=tappableElement, source=FRAME, flags=[], insetsSize=Insets{left=0, top=0, right=0, bottom=0}}
05-27 03:02:53.074 D/VRI[NavigationBar0]( 7709):         InsetsFrameProvider: {id=#b4050005, index=0, type=mandatorySystemGestures, source=FRAME, flags=[], insetsSize=Insets{left=0, top=0, right=0, bottom=68}}
05-27 03:02:53.074 D/VRI[NavigationBar0]( 7709):         InsetsFrameProvider: {id=#b4050004, index=0, type=systemGestures, source=DISPLAY, flags=[], insetsSize=Insets{left=63, top=0, right=0, bottom=0}, mMinimalInsetsSizeInDisplayCutoutSafe=Insets{left=63, top=0, right=0, bottom=0}}
05-27 03:02:53.074 D/VRI[NavigationBar0]( 7709):         InsetsFrameProvider: {id=#b4050024, index=1, type=systemGestures, source=DISPLAY, flags=[], insetsSize=Insets{left=0, top=0, right=63, bottom=0}, mMinimalInsetsSizeInDisplayCutoutSafe=Insets{left=0, top=0, right=63, bottom=0}}}} by setLayoutParams
05-27 03:02:53.197 E/minksocket( 1748): MinkIPC_QRTR_Service: client with node 1 port 6b7d went down
05-27 03:02:53.198 E/minksocket( 1748): MinkIPC_QRTR_Service: client with node 1 port 6b7e went down
05-27 03:02:53.199 E/minksocket( 1748): MinkIPC_QRTR_Service: client with node 1 port 6b7f went down
05-27 03:02:53.199 E/minksocket( 1748): MinkIPC_QRTR_Service: client with node 1 port 6b80 went down
05-27 03:02:53.407 I/ThermalEngine(29098): ACTION: CPU - Setting CPU[7] to 5
05-27 03:02:53.414 I/ThermalEngine(29098): ACTION: CPU - Setting CPU[4] to 5
05-27 03:02:53.492 W/View    ( 7709): requestLayout() improperly called by com.android.systemui.statusbar.lockscreen.NotifIconContainerHostView{b2d8d2d IF....C.. ......ID 0,1931-1080,2281 #7f0a02ac app:id/custom_notification_icon_container_host} during layout: running second layout pass
05-27 03:02:53.507 W/View    ( 7709): requestLayout() improperly called by com.android.systemui.statusbar.notification.stack.NotificationStackScrollLayout{33fc64a V.E...... ........ 0,0-1080,2281 #7f0a063d app:id/notification_stack_scroller} during second layout pass: posting in next frame
05-27 03:02:53.520 D/CompatibilityChangeReporter( 3077): Compat change id reported: 161252188; UID 10192; state: DISABLED
05-27 03:02:53.535 D/ControlsListingControllerImpl( 7709): Subscribing callback, service count: 2
05-27 03:02:53.643 I/ThermalEngine(29098): ACTION: freeze_rule - Setting freeze_rule to 0
05-27 03:02:53.643 I/ThermalEngine(29098): Monitor:INACTIVE:FREEZE-CHG:freeze_rule=1:DETECT-STANDBY=0
05-27 03:02:53.643 I/Thermal-Lib(29098): Thermal-Lib-Client: Client request sent
05-27 03:02:53.643 I/ThermalEngine(29098): ACTION: override_c - Setting override_c to 0
05-27 03:02:53.643 I/ThermalEngine(29098): Monitor:INACTIVE:OVERRIDE-CHG:internal_override=1:DETECT-STANDBY=0
05-27 03:02:53.643 I/ThermalEngine(29098): Thermal-Server: Thermal received msg from  freezing
05-27 03:02:53.643 I/Thermal-Lib(29098): Thermal-Lib-Client: Client request sent
05-27 03:02:53.644 I/ThermalEngine(29098): Thermal-Server: Thermal received msg from  override_c
05-27 03:02:53.645 I/ThermalEngine(29098): Monitor:ACTIVE:MON-MSM-charge:battery=6:CHG-SENSORS=42434
05-27 03:02:53.655 I/FalsingManager( 7709): Skipped falsing. interactionType=0
05-27 03:02:53.670 I/vendor.qti.bluetooth@1.0-ibs_handler( 1758): DeviceSleep: TX Awake, Sending SLEEP_IND
05-27 03:02:53.671 D/vendor.qti.bluetooth@1.0-ibs_handler( 1758): SerialClockVote: vote for UART CLK OFF
05-27 03:02:53.821 D/vendor.qti.bluetooth@1.0-wake_lock( 1758): Release wakelock is released 
05-27 03:02:54.301 E/minksocket( 1748): MinkIPC_QRTR_Service: client with node 1 port 6b81 went down
05-27 03:02:54.302 E/minksocket( 1748): MinkIPC_QRTR_Service: client with node 1 port 6b82 went down
05-27 03:02:54.303 E/minksocket( 1748): MinkIPC_QRTR_Service: client with node 1 port 6b83 went down
05-27 03:02:54.304 E/minksocket( 1748): MinkIPC_QRTR_Service: client with node 1 port 6b84 went down
05-27 03:02:54.424 I/ThermalEngine(29098): ACTION: CPU - Setting CPU[7] to 6
05-27 03:02:54.644 I/ThermalEngine(29098): Monitor:ACTIVE:FREEZE-CHG:freeze_rule=1:DETECT-STANDBY=1
05-27 03:02:54.644 I/ThermalEngine(29098): ACTION: freeze_rule - Setting freeze_rule to 1
05-27 03:02:54.644 I/ThermalEngine(29098): Monitor:ACTIVE:OVERRIDE-CHG:internal_override=1:DETECT-STANDBY=1
05-27 03:02:54.644 I/ThermalEngine(29098): ACTION: override_c - Setting override_c to 1
05-27 03:02:54.644 I/ThermalEngine(29098): Thermal-Server: Thermal received msg from  override_c
05-27 03:02:54.644 I/Thermal-Lib(29098): Thermal-Lib-Client: Client request sent
05-27 03:02:54.645 I/ThermalEngine(29098): Thermal-Server: Thermal received msg from  freezing
05-27 03:02:54.645 I/Thermal-Lib(29098): Thermal-Lib-Client: Client request sent
05-27 03:02:54.653 D/StatusBarIconController( 7709): ignoring old pipeline callbacks, because the new mobile icons are enabled
05-27 03:02:55.095 D/MotoSxfService( 3077): unknown touch type
05-27 03:02:55.456 I/ThermalEngine(29098): ACTION: CPU - Setting CPU[7] to 7
05-27 03:02:55.484 W/LocalMediaManager( 7709): BluetoothAdapter is null or muting expected device not exist
05-27 03:02:55.490 D/ViewRootImpl( 7709): update {(0,0)(fillxfill) gr=CENTER sim={adjust=pan forwardNavigation} layoutInDisplayCutoutMode=always ty=STATUS_BAR_SUB_PANEL fmt=TRANSPARENT wanim=0x7f14000c
05-27 03:02:55.490 D/ViewRootImpl( 7709):   fl=ALT_FOCUSABLE_IM SHOW_WHEN_LOCKED SPLIT_TOUCH HARDWARE_ACCELERATED
05-27 03:02:55.490 D/ViewRootImpl( 7709):   pfl=FIT_INSETS_CONTROLLED
05-27 03:02:55.490 D/ViewRootImpl( 7709):   bhv=DEFAULT
05-27 03:02:55.490 D/ViewRootImpl( 7709):   fitTypes=STATUS_BARS
05-27 03:02:55.490 D/ViewRootImpl( 7709):   fitIgnoreVis} by setView
05-27 03:02:55.501 D/CoreBackPreview( 3077): Window{5e48be1 u0 MediaOutputDialog}: Setting back callback OnBackInvokedCallbackInfo{mCallback=android.window.IOnBackInvokedCallback$Stub$Proxy@150a163, mPriority=0, mIsAnimationCallback=false}
05-27 03:02:55.507 E/OpenGLRenderer( 7709): Unable to match the desired swap behavior.
05-27 03:02:55.541 D/ActivityManager( 3077): freezing 24719 com.google.android.cellbroadcastreceiver, reason = oom_cached
05-27 03:02:55.584 D/VRI[MediaOutputDialog]( 7709): update {(0,0)(fillxfill) gr=CENTER sim={adjust=pan} layoutInDisplayCutoutMode=always ty=STATUS_BAR_SUB_PANEL fmt=TRANSPARENT wanim=0x7f14000c
05-27 03:02:55.584 D/VRI[MediaOutputDialog]( 7709):   fl=DIM_BEHIND ALT_FOCUSABLE_IM SHOW_WHEN_LOCKED SPLIT_TOUCH HARDWARE_ACCELERATED
05-27 03:02:55.584 D/VRI[MediaOutputDialog]( 7709):   pfl=FIT_INSETS_CONTROLLED
05-27 03:02:55.584 D/VRI[MediaOutputDialog]( 7709):   bhv=DEFAULT
05-27 03:02:55.584 D/VRI[MediaOutputDialog]( 7709):   fitTypes=STATUS_BARS
05-27 03:02:55.584 D/VRI[MediaOutputDialog]( 7709):   fitIgnoreVis} by setLayoutParams
05-27 03:02:55.645 I/ThermalEngine(29098): ACTION: freeze_rule - Setting freeze_rule to 0
05-27 03:02:55.645 I/ThermalEngine(29098): Monitor:INACTIVE:FREEZE-CHG:freeze_rule=1:DETECT-STANDBY=0
05-27 03:02:55.645 I/ThermalEngine(29098): ACTION: override_c - Setting override_c to 0
05-27 03:02:55.645 I/ThermalEngine(29098): Monitor:INACTIVE:OVERRIDE-CHG:internal_override=1:DETECT-STANDBY=0
05-27 03:02:55.645 I/Thermal-Lib(29098): Thermal-Lib-Client: Client request sent
05-27 03:02:55.645 I/ThermalEngine(29098): Thermal-Server: Thermal received msg from  freezing
05-27 03:02:55.645 I/ThermalEngine(29098): Thermal-Server: Thermal received msg from  override_c
05-27 03:02:55.645 I/Thermal-Lib(29098): Thermal-Lib-Client: Client request sent
05-27 03:02:55.647 I/ThermalEngine(29098): Monitor:ACTIVE:MON-MSM-charge:battery=6:CHG-SENSORS=42626
05-27 03:02:55.655 D/StatusBarIconController( 7709): ignoring old pipeline callbacks, because the new mobile icons are enabled
05-27 03:02:55.925 E/minksocket( 1748): MinkIPC_QRTR_Service: client with node 1 port 6b85 went down
05-27 03:02:55.926 E/minksocket( 1748): MinkIPC_QRTR_Service: client with node 1 port 6b86 went down
05-27 03:02:55.926 E/minksocket( 1748): MinkIPC_QRTR_Service: client with node 1 port 6b87 went down
05-27 03:02:55.929 E/minksocket( 1748): MinkIPC_QRTR_Service: client with node 1 port 6b88 went down
05-27 03:02:56.204 I/bt_stack( 3992): [INFO:gatt_attr.cc(569)] gatt_connect_cback: remove untrusted client status, bda=78:02:b7:40:f7:e2
05-27 03:02:56.204 W/bt_stack( 3992): [WARNING:bta_gattc_act.cc(1508)] bta_gattc_conn_cback: cif=3 connected=0 conn_id=0x0003 reason=0x00ff
05-27 03:02:56.204 W/bt_stack( 3992): [WARNING:bta_gattc_act.cc(1508)] bta_gattc_conn_cback: cif=4 connected=0 conn_id=0x0004 reason=0x00ff
05-27 03:02:56.204 W/bt_stack( 3992): [WARNING:bta_gattc_act.cc(1508)] bta_gattc_conn_cback: cif=5 connected=0 conn_id=0x0005 reason=0x00ff
05-27 03:02:56.204 W/bt_stack( 3992): [WARNING:bta_gattc_act.cc(1508)] bta_gattc_conn_cback: cif=6 connected=0 conn_id=0x0006 reason=0x00ff
05-27 03:02:56.204 W/bt_stack( 3992): [WARNING:bta_gattc_act.cc(1508)] bta_gattc_conn_cback: cif=7 connected=0 conn_id=0x0007 reason=0x00ff
05-27 03:02:56.204 W/bt_stack( 3992): [WARNING:bta_gattc_act.cc(1508)] bta_gattc_conn_cback: cif=8 connected=0 conn_id=0x0008 reason=0x00ff
05-27 03:02:56.205 I/bt_stack( 3992): [INFO:bta_tmap_main.cc(192)] BTTmapCback: bttmap cback
05-27 03:02:56.205 I/bt_stack( 3992): [INFO:bta_tmap_main.cc(197)] HandleTmapEvent: Tmap handle event: BTA_GATTS_DISCONNECT_EVT
05-27 03:02:56.205 I/bt_stack( 3992): [INFO:bta_tmap_main.cc(274)] HandleTmapEvent: event not matched !!
05-27 03:02:56.205 W/bt_stack( 3992): [WARNING:bta_gattc_act.cc(1508)] bta_gattc_conn_cback: cif=10 connected=0 conn_id=0x000a reason=0x00ff
05-27 03:02:56.205 W/bt_stack( 3992): [WARNING:bta_gattc_act.cc(1508)] bta_gattc_conn_cback: cif=11 connected=0 conn_id=0x000b reason=0x00ff
05-27 03:02:56.205 W/bt_stack( 3992): [WARNING:bta_gattc_act.cc(1508)] bta_gattc_conn_cback: cif=12 connected=0 conn_id=0x000c reason=0x00ff
05-27 03:02:56.205 W/bt_stack( 3992): [WARNING:bta_gattc_act.cc(1508)] bta_gattc_conn_cback: cif=13 connected=0 conn_id=0x000d reason=0x00ff
05-27 03:02:56.205 I/bt_stack( 3992): [INFO:bta_mcp_main.cc(895)] HandleMcsEvent   mcs handle event BTA_GATTS_DISCONNECT_EVT
05-27 03:02:56.205 I/bt_stack( 3992): [INFO:bta_mcp_main.cc(1082)] HandleMcsEvent   remote devices disconnected conn_id 14
05-27 03:02:56.205 I/bt_stack( 3992): [INFO:bta_mcp_main.cc(1638)] HandleMcsEventfree rsp data
05-27 03:02:56.205 I/bt_stack( 3992): [INFO:bta_cc_main.cc(1163)] HandleCcsEvent: event: : Unknown bta cc event
05-27 03:02:56.205 I/bt_stack( 3992): [INFO:bta_cc_main.cc(1319)] HandleCcsEvent: remote devices disconnected, conn_id: 15
05-27 03:02:56.205 I/bt_stack( 3992): [INFO:bta_cc_main.cc(1323)] HandleCcsEvent: remote device not found 
05-27 03:02:56.205 I/bt_stack( 3992): [INFO:bta_cc_main.cc(2072)] HandleCcsEventfree rsp data
05-27 03:02:56.205 W/bt_stack( 3992): [WARNING:bta_gattc_act.cc(1508)] bta_gattc_conn_cback: cif=16 connected=0 conn_id=0x0010 reason=0x00ff
05-27 03:02:56.205 W/bt_stack( 3992): [WARNING:bta_gattc_act.cc(1508)] bta_gattc_conn_cback: cif=18 connected=0 conn_id=0x0012 reason=0x00ff
05-27 03:02:56.205 D/BtGatt.GattService( 3992): onClientConnected() connId=17, address=78:02:B7:40:F7:E2, connected=false
05-27 03:02:56.205 I/bt_stack( 3992): [INFO:connection_manager.cc(280)] lower the scan parameters used for connecting
05-27 03:02:56.205 I/bt_stack( 3992): [INFO:btm_ble_bgconn.cc(433)] Already connection initiated (or) No Pending connections(or) Resources of lcb are exhausted
05-27 03:02:56.206 W/bt_stack( 3992): [WARNING:bta_gattc_act.cc(463)] bta_gattc_open_fail: Cannot establish Connection. conn_id=000000. Return GATT_Status(255)
05-27 03:02:56.206 D/vendor.qti.bluetooth@1.0-ibs_handler( 1758): SerialClockVote: vote for UART CLK ON
05-27 03:02:56.206 D/BtGatt.GattService( 3992): onConnected() - clientIf=4, connId=0, address=78:02:B7:40:F7:E2
05-27 03:02:56.206 D/BluetoothGattServer(18909): onServerConnectionState() - status=0 serverIf=17 device=78:02:B7:40:F7:E2
05-27 03:02:56.206 D/vendor.qti.bluetooth@1.0-wake_lock( 1758): Acquire wakelock is acquired 
05-27 03:02:56.206 I/vendor.qti.bluetooth@1.0-ibs_handler( 1758): DeviceWakeUp: Writing IBS_WAKE_IND
05-27 03:02:56.206 D/BluetoothGatt(18746): onClientConnectionState() - status=255 clientIf=4 device=78:02:B7:40:F7:E2
05-27 03:02:56.206 I/LogConnect(18746): ----------->onConnectionStateChange status: 255,newState=0,gatt =android.bluetooth.BluetoothGatt@9913088,mBluetoothGatt =android.bluetooth.BluetoothGatt@9913088
05-27 03:02:56.207 I/LogSync (18746): 计时器 关闭 commandType=103
05-27 03:02:56.207 I/LogDial (18746): 表盘计时器 关闭 commandType=0
05-27 03:02:56.207 I/LogSync (18746): 移除所有命令
05-27 03:02:56.208 I/LogConnect(18746): 关闭通知命令 commandType=21
05-27 03:02:56.208 D/BroadcastService( 3992): getBroadcastAddress
05-27 03:02:56.208 D/BroadcastService( 3992): isBroadcastActive: Broadcast is turned to off
05-27 03:02:56.208 I/LogConnect(18746): 是否重连 =1,RECONNECT_ENABLE=true,bandIsResetting=false,status=255,IS_RK_FIRWARE_UPDATING=false
05-27 03:02:56.209 I/LogConnect(18746): 异常状态下的重连次数=3531
05-27 03:02:56.209 D/BluetoothGatt(18746): close()
05-27 03:02:56.209 D/BluetoothGatt(18746): unregisterApp() - mClientIf=4
05-27 03:02:56.209 D/BtGatt.GattService( 3992): unregisterClient() - clientIf=4
05-27 03:02:56.211 I/LogSync (18746): homepage result = true,status = 19
05-27 03:02:56.211 I/LogConnect(18746): OnResult 断开连接
05-27 03:02:56.211 I/LogSync (18746): DISCONNECT_MSG
05-27 03:02:56.212 I/LogSync (18746): 同步数据不超时
05-27 03:02:56.212 I/LogHome (18746): progress =0
05-27 03:02:56.212 I/vendor.qti.bluetooth@1.0-ibs_handler( 1758): ProcessIbsCmd: Received IBS_WAKE_ACK: 0xFC
05-27 03:02:56.212 I/vendor.qti.bluetooth@1.0-ibs_handler( 1758): ProcessIbsCmd: Signal wack_cond_
05-27 03:02:56.212 D/vendor.qti.bluetooth@1.0-ibs_handler( 1758): DeviceWakeUp: Unblocked from waiting for FC, pthread_cond_timedwait ret = 0
05-27 03:02:56.214 I/vendor.qti.bluetooth@1.0-ibs_handler( 1758): ProcessIbsCmd: Received IBS_WAKE_IND: 0xFD
05-27 03:02:56.214 I/vendor.qti.bluetooth@1.0-ibs_handler( 1758): ProcessIbsCmd: Writing IBS_WAKE_ACK
05-27 03:02:56.215 I/bt_stack( 3992): [INFO:btm_ble_bgconn.cc(433)] Already connection initiated (or) No Pending connections(or) Resources of lcb are exhausted
05-27 03:02:56.255 I/vendor.qti.bluetooth@1.0-ibs_handler( 1758): ProcessIbsCmd: Received IBS_SLEEP_IND: 0xFE
05-27 03:02:56.473 I/ThermalEngine(29098): ACTION: CPU - Setting CPU[7] to 8
05-27 03:02:56.498 I/MR2ServiceImpl( 3077): setRouteVolumeWithManager | manager: 8, route: com.android.server.media/.SystemMediaRoute2Provider:DEVICE_ROUTE, volume: 8
05-27 03:02:56.498 D/AS.AudioService( 3077): setStreamVolume(stream=3, index=8, dev=null, calling=android)
05-27 03:02:56.499 D/AS.AudioService( 3077): checkLimitedMusicVolumeForSpeaker mMaxMusicVolumeForSpeaker = 150index = 8
05-27 03:02:56.499 I/AS.AudioService( 3077): VolumeChanged caller:android mStreamType:11 EXTRA_VOLUME_STREAM_VALUE:8 EXTRA_PREV_VOLUME_STREAM_VALUE:10
05-27 03:02:56.501 D/CompatibilityChangeReporter( 3077): Compat change id reported: 135634846; UID 10170; state: DISABLED
05-27 03:02:56.501 D/CompatibilityChangeReporter( 3077): Compat change id reported: 177438394; UID 10170; state: DISABLED
05-27 03:02:56.501 D/CompatibilityChangeReporter( 3077): Compat change id reported: 135772972; UID 10170; state: DISABLED
05-27 03:02:56.502 D/CompatibilityChangeReporter( 3077): Compat change id reported: 135754954; UID 10170; state: ENABLED
05-27 03:02:56.502 D/CompatibilityChangeReporter( 3077): Compat change id reported: 143937733; UID 10170; state: ENABLED
05-27 03:02:56.504 I/AS.AudioService( 3077): VolumeChanged caller:android mStreamType:10 EXTRA_VOLUME_STREAM_VALUE:9 EXTRA_PREV_VOLUME_STREAM_VALUE:10
05-27 03:02:56.508 I/AS.AudioService( 3077): VolumeChanged caller:android mStreamType:9 EXTRA_VOLUME_STREAM_VALUE:8 EXTRA_PREV_VOLUME_STREAM_VALUE:6
05-27 03:02:56.509 I/AS.AudioService( 3077): VolumeChanged caller:android mStreamType:3 EXTRA_VOLUME_STREAM_VALUE:8 EXTRA_PREV_VOLUME_STREAM_VALUE:10
05-27 03:02:56.511 I/vol.Events( 7709): writeEvent level_changed STREAM_MUSIC 8
05-27 03:02:56.511 D/APM: VolumeManager( 3992): Media volume changed to 8
05-27 03:02:56.512 E/APM: VolumeManager( 3992): updateMediaStreamVolume: No Device Active for Media. Ignore
05-27 03:02:56.514 I/MR2ServiceImpl( 3077): setRouteVolumeWithManager | manager: 8, route: com.android.server.media/.SystemMediaRoute2Provider:DEVICE_ROUTE, volume: 8
05-27 03:02:56.516 D/AS.AudioService( 3077): setStreamVolume(stream=3, index=8, dev=null, calling=android)
05-27 03:02:56.516 W/LocalMediaManager( 7709): BluetoothAdapter is null or muting expected device not exist
05-27 03:02:56.516 D/MediaDeviceManager( 7709): Can not get LocalBluetoothLeBroadcast
05-27 03:02:56.516 W/LocalMediaManager( 7709): BluetoothAdapter is null or muting expected device not exist
05-27 03:02:56.518 D/Zygote  ( 1604): Forked child process 25051
05-27 03:02:56.519 I/ActivityManager( 3077): Start proc 25051:com.motorola.dynamicvolume/u0a170 for broadcast {com.motorola.dynamicvolume/com.motorola.dynamicvolume.service.VolumeBroadcastReceiver}
05-27 03:02:56.522 D/AS.AudioService( 3077): checkLimitedMusicVolumeForSpeaker mMaxMusicVolumeForSpeaker = 150index = 8
05-27 03:02:56.535 I/a.dynamicvolume(25051): Using CollectorTypeCMC GC.
05-27 03:02:56.541 D/nativeloader(25051): Load libframework-connectivity-tiramisu-jni.so using APEX ns com_android_tethering for caller /apex/com.android.tethering/javalib/framework-connectivity-t.jar: ok
05-27 03:02:56.544 I/MR2ServiceImpl( 3077): setRouteVolumeWithManager | manager: 8, route: com.android.server.media/.SystemMediaRoute2Provider:DEVICE_ROUTE, volume: 8
05-27 03:02:56.544 D/AS.AudioService( 3077): setStreamVolume(stream=3, index=8, dev=null, calling=android)
