05-27 03:00:46.785 V/Avrcp_ext( 3992): updatePlaybackState (1): old=PlaybackState {state=PAUSED(2), position=89537, buffered position=0, speed=1.0, updated=1626108012, actions=8615, custom actions=[], active item id=-1, error=null}(2), new=PlaybackState {state=PAUSED(2), position=89537, buffered position=0, speed=1.0, updated=1626108012, actions=8615, custom actions=[], active item id=-1, error=null}(2)
05-27 03:00:46.785 I/Avrcp_ext( 3992): Exit updatePlayStatusForDevice
05-27 03:00:46.785 D/Avrcp_ext( 3992): Enter sendPlayPosNotificationRsp
05-27 03:00:46.785 D/Avrcp_ext( 3992): sendPlayPosNotificationRsp: Not registered or requesting.
05-27 03:00:46.785 D/Avrcp_ext( 3992): Enter sendPlayPosNotificationRsp
05-27 03:00:46.785 D/Avrcp_ext( 3992): sendPlayPosNotificationRsp: Not registered or requesting.
05-27 03:00:46.785 D/Avrcp_ext( 3992): Enter sendPlayPosNotificationRsp
05-27 03:00:46.785 D/Avrcp_ext( 3992): sendPlayPosNotificationRsp: Not registered or requesting.
05-27 03:00:46.785 D/Avrcp_ext( 3992): Enter sendPlayPosNotificationRsp
05-27 03:00:46.785 D/Avrcp_ext( 3992): sendPlayPosNotificationRsp: Not registered or requesting.
05-27 03:00:46.785 D/Avrcp_ext( 3992): Enter sendPlayPosNotificationRsp
05-27 03:00:46.785 D/Avrcp_ext( 3992): sendPlayPosNotificationRsp: Not registered or requesting.
05-27 03:00:46.785 V/Avrcp_ext( 3992): Exit updatePlayerStateAndPosition
05-27 03:00:46.785 D/APM: ActiveDeviceManagerServiceLegacy( 3992): getActiveAbsoluteDevice(): device: null
05-27 03:00:46.785 D/APM: ActiveDeviceManagerServiceLegacy( 3992): isStableState(): true
05-27 03:00:46.785 D/Avrcp_ext( 3992): isAdmStable = true activeAbsAddr = null device = null
05-27 03:00:46.785 V/APM: MediaControlManager( 3992): onPlaybackStateChanged
05-27 03:00:46.785 W/McpService( 3992): updatePlaybackState state PlaybackState {state=PAUSED(2), position=89537, buffered position=0, speed=1.0, updated=1626108012, actions=8615, custom actions=[], active item id=-1, error=null}
05-27 03:00:46.785 W/McpService( 3992): updatePlaybackState mState: 2 state: 2
05-27 03:00:46.785 W/Avrcp_ext( 3992): updated player state = PlaybackState {state=PAUSED(2), position=89537, buffered position=0, speed=1.0, updated=1626108012, actions=8615, custom actions=[], active item id=-1, error=null}to MCP module also
05-27 03:00:46.785 V/Avrcp_ext( 3992): Exit handleMessage
05-27 03:00:46.785 E/Dck     (16834): Could not get ProviderInfo when resolving the content provider authority. [CONTEXT service_id=289 ]
05-27 03:00:46.785 E/Dck     (16834): Samsung Content Provider failed app verification [CONTEXT service_id=289 ]
05-27 03:00:46.785 W/Dck     (16834): [WirelessCapabilitiesFeatures] wccSysProp: 0 [CONTEXT service_id=289 ]
05-27 03:00:46.785 I/Dck     (16834): [WirelessCapabilitiesFeatures] wccOverride: not set [CONTEXT service_id=289 ]
05-27 03:00:46.785 D/IntervalStats( 3077): Unable to parse usage stats packages: [395, 396, 398, 399, 400, 402, 403, 404, 405, 406, 407, 408, 409, 410, 411, 413, 414, 415, 416, 418, 419, 422, 425, 426, 427, 431, 434, 435, 436, 437, 438, 439, 440, 441, 442, 443, 445, 446, 447, 448, 449, 450, 451, 452, 453, 454, 455, 456, 457, 458, 460, 461, 462, 463, 465, 466, 467, 468, 469, 470, 471, 472, 473, 474, 476, 477, 478, 480, 481, 482, 484, 485, 486, 488, 489, 490, 491, 493, 494, 495, 512]
05-27 03:00:46.789 D/CompatibilityChangeReporter( 3077): Compat change id reported: 161252188; UID 10521; state: DISABLED
05-27 03:00:46.791 I/Finsky:background(13343): [901] Wrote row to frosting DB: 15252
05-27 03:00:46.792 D/PowerManagerService( 3077): nativeAcquireSuspendBlocker name:PowerManagerService.WakeLocks duration ms: 1
05-27 03:00:46.792 D/ImsResolver( 4090): maybeAddedImsService, packageName: com.deepeye.musicpro.debug
05-27 03:00:46.792 E/Finsky  (16651): [848] [Counters] attempted to use a non-positive increment for: 4753
05-27 03:00:46.793 E/Finsky  (16651): [848] [Counters] attempted to use a non-positive increment for: 4753
05-27 03:00:46.793 E/ANDR-PERF-LM( 1849): MetaMeter: handleAsync() 166: AdaptLaunch Invalid Async
05-27 03:00:46.794 D/MotoSystemServer( 4129): Component ComponentInfo{com.motorola.discovery/com.motorola.discovery.bubble.service.BubbleHintService} is Disabled
05-27 03:00:46.795 I/Dck     (16834): (REDACTED) [WirelessCapabilitiesFeatures] returned wcc: %s
05-27 03:00:46.795 I/Dck     (16834): Dck module condition - hasWccSupport: false [CONTEXT service_id=289 ]
05-27 03:00:46.795 I/Dck     (16834): Dck module condition - downloadAllowed: false [CONTEXT service_id=289 ]
05-27 03:00:46.795 W/Dck     (16834): Dck module not eligible for asynchronous downloading [CONTEXT service_id=289 ]
05-27 03:00:46.797 D/IntervalStats( 3077): Unable to parse usage stats packages: [395, 396, 398, 399, 400, 402, 403, 404, 405, 406, 407, 408, 409, 410, 411, 413, 414, 415, 416, 418, 419, 422, 425, 426, 427, 431, 434, 435, 436, 437, 438, 439, 440, 441, 442, 443, 445, 446, 447, 448, 449, 450, 451, 452, 453, 454, 455, 456, 457, 458, 460, 461, 462, 463, 465, 466, 467, 468, 469, 470, 471, 472, 473, 474, 476, 477, 478, 480, 481, 482, 484, 485, 486, 488, 489, 490, 491, 493, 494, 495, 496, 497, 498, 500, 501, 502, 503]
05-27 03:00:46.797 W/ActivityManager( 3077): Unable to start service Intent { act=com.motorola.intent.action.EXPERIENCE cmp=com.motorola.help/com.motorola.feedback.logrequest.service.LogCollectionService } U=0: not found
05-27 03:00:46.797 W/SQLiteLog( 6407): (28) double-quoted string literal: "com.deepeye.musicpro.debug"
05-27 03:00:46.801 I/Finsky  (16651): [2] Do not start WearSupportService due to Wear service optimization
05-27 03:00:46.812 I/Finsky  (16651): [833] SCH: Received scheduling request: Id: 37-514, Constraints: [{ L: 0, D: 0, C: CHARGING_NONE, I: IDLE_NONE, N: NET_NONE, B: BATTERY_ANY }]
05-27 03:00:46.818 I/Icing   (16834): Indexing com.google.android.gms-apps from com.google.android.gms
05-27 03:00:46.869 I/Icing   (16834): Indexing done com.google.android.gms-apps
05-27 03:00:46.870 D/PowerManagerService( 3077): nativeReleaseSuspendBlocker name:PowerManagerService.WakeLocks duration ms: 0
05-27 03:00:46.875 I/Finsky  (16651): [851] AIM: AppInfoManager-Perf > ItemModel > CacheSize=113, cacheHitCount=0, cacheMissCount=0, total appsWithNoServerDataCount=0. Missed  in cache (limit 10) : []
05-27 03:00:46.877 I/Finsky  (16651): [851] AIM: AppInfoManager-Perf > ItemModel > CacheSize=113, cacheHitCount=0, cacheMissCount=0, total appsWithNoServerDataCount=0. Missed  in cache (limit 10) : []
05-27 03:00:46.881 I/Finsky  (16651): [844] WM::SCH: Logging work initialize for 37-514
05-27 03:00:46.883 I/Finsky  (16651): [851] SCH: Scheduling phonesky job Id: 37-514, CT: 1779831046812, Constraints: [{ L: 0, D: 0, C: CHARGING_NONE, I: IDLE_NONE, N: NET_NONE, B: BATTERY_ANY }, { L: 0, D: 0, C: CHARGING_NONE, I: IDLE_NONE, N: NET_NONE, B: BATTERY_ANY }]
05-27 03:00:46.885 I/Finsky  (16651): [851] AIM: AppInfoManager-Perf > getApps > data collection finished
05-27 03:00:46.885 I/Finsky  (16651): [851] AIM: AppInfoManager-Perf > maybeDestroyAppInfoManager is called. actives = 0
05-27 03:00:46.885 I/Finsky  (16651): [851] SCH: Scheduling 1 system job(s)
05-27 03:00:46.886 I/Finsky  (16651): [851] SCH: Scheduling expedited system job 9468
05-27 03:00:46.888 D/PowerManagerService( 3077): nativeAcquireSuspendBlocker name:PowerManagerService.WakeLocks duration ms: 0
05-27 03:00:46.889 W/WindowMagnificationMgr( 3077): requestConnection duplicated request: connect=false, mConnectionState=DISCONNECTED
05-27 03:00:46.891 V/SafetySourceDataValidat( 3077): Package: com.android.vending has expected signature
05-27 03:00:46.892 V/SafetySourceDataValidat( 3077): Package: com.android.vending has expected signature
05-27 03:00:46.894 I/Finsky  (16651): [2] SCH: job service start with id 9468.
05-27 03:00:46.898 I/Finsky  (16651): [929] SCH: Satisfied jobs for 9468 are: 37-514
05-27 03:00:46.899 I/Finsky  (16651): [942] SCH: Job 37-514 starting
05-27 03:00:46.899 I/Finsky  (16651): [2] WM::SCH: Logging work start for 37-514
05-27 03:00:46.900 I/Finsky  (16651): [2] Received an install/uninstall event for package com.deepeye.musicpro.debug
05-27 03:00:46.900 I/Finsky  (16651): [2] SCH: jobFinished: 37-514. TimeElapsed: 1ms.
05-27 03:00:46.900 I/Finsky  (16651): [2] WM::SCH: Logging work end for 37-514
05-27 03:00:46.901 I/Finsky  (16651): [851] Not an active Cubes user. Ignoring package install/uninstall event.
05-27 03:00:46.906 I/Finsky  (16651): [848] SCH: Scheduling phonesky job Id: 26-1414141414, CT: 1779829097176, Constraints: [{ L: 32503628, D: 33403628, C: CHARGING_NONE, I: IDLE_NONE, N: NET_NONE, B: BATTERY_ANY }]
05-27 03:00:46.908 I/Finsky  (16651): [851] SCH: Scheduling 1 system job(s)
05-27 03:00:46.908 I/Finsky  (16651): [851] SCH: Scheduling system job Id: 9471, L: 30553896, D: 31453896, C: false, I: false, N: 0
05-27 03:00:46.910 I/Finsky  (16651): [942] SCH: job service finished with id 9468.
05-27 03:00:46.911 D/PowerManagerService( 3077): nativeReleaseSuspendBlocker name:PowerManagerService.WakeLocks duration ms: 1
05-27 03:00:46.974 I/ThermalEngine(29098): ACTION: CPU - Setting CPU[7] to 4
05-27 03:00:46.981 I/ThermalEngine(29098): ACTION: CPU - Setting CPU[4] to 4
05-27 03:00:47.010 W/MotoFreeForm( 6440): [PackageMonitor] onPackageChangedcom.deepeye.musicpro.debug
05-27 03:00:47.010 I/SQLiteCacheHelper( 9681): SqliteCacheHelper---->delete whereClause = componentName LIKE ? AND profileId = ?, whereArgs = com.deepeye.musicpro.debug/%;0;
05-27 03:00:47.096 I/Finsky  (16651): [852] Installer package name of package com.android.settings is 
05-27 03:00:47.096 I/Finsky  (16651): [852] Installer package name of package com.motorola.camera3 is 
05-27 03:00:47.096 I/Finsky  (16651): [852] Installer package name of package com.android.stk is 
05-27 03:00:47.096 I/Finsky  (16651): [852] Installer package name of package com.motorola.dolby.dolbyui is 
05-27 03:00:47.096 I/Finsky  (16651): [852] Installer package name of package com.deepeye.musicpro.debug is 
05-27 03:00:47.097 I/Finsky  (16651): [852] Installer package name of package com.deepeye.otg is com.google.android.packageinstaller
05-27 03:00:47.097 I/Finsky  (16651): [852] Installer package name of package org.schabi.newpipe is com.google.android.packageinstaller
05-27 03:00:47.153 E/minksocket( 1748): MinkIPC_QRTR_Service: client with node 1 port 6a33 went down
05-27 03:00:47.153 E/minksocket( 1748): MinkIPC_QRTR_Service: client with node 1 port 6a37 went down
05-27 03:00:47.239 D/CompatibilityChangeReporter( 3077): Compat change id reported: 135634846; UID 10122; state: DISABLED
05-27 03:00:47.239 D/CompatibilityChangeReporter( 3077): Compat change id reported: 177438394; UID 10122; state: DISABLED
05-27 03:00:47.239 D/CompatibilityChangeReporter( 3077): Compat change id reported: 135772972; UID 10122; state: DISABLED
05-27 03:00:47.239 D/CompatibilityChangeReporter( 3077): Compat change id reported: 135754954; UID 10122; state: ENABLED
05-27 03:00:47.239 D/CompatibilityChangeReporter( 3077): Compat change id reported: 143937733; UID 10122; state: ENABLED
05-27 03:00:47.240 D/ControlsListingControllerImpl( 7709): ServiceConfig reloaded, count: 2
05-27 03:00:47.241 I/Finsky:background(13343): [2] ajwj - Received: android.intent.action.PACKAGE_CHANGED, [eI_8S6XR7qS7-Zr5uq7-SP7vivZbJQsNeknI8h2PC10]
05-27 03:00:47.242 I/Finsky  (16651): [2] ajwt - Received: android.intent.action.PACKAGE_CHANGED, [eI_8S6XR7qS7-Zr5uq7-SP7vivZbJQsNeknI8h2PC10]
05-27 03:00:47.244 D/FreeformGesture( 7709): onStateChanged: State{mIsPackageAvailable=true, mPillGestureEnabled=false, mVibrationEnabled=true, mShortcutPanelShowing=false, mSwipeInEnabled=false, mHunFreeformEnabled=true, mIsInGameMode=false, mIsRecentsShowing=false, mPillXPosition=1, mPillYPosition=600, mIsInTutorialMode=false, mIsDoubleTapPowerEnabled=false}
05-27 03:00:47.249 I/Finsky:background(13343): [901] Wrote row to frosting DB: 15253
05-27 03:00:47.250 D/Zygote  ( 1604): Forked child process 23432
05-27 03:00:47.251 I/ActivityManager( 3077): Start proc 23432:com.android.soundpicker/u0a122 for broadcast {com.android.soundpicker/com.android.soundpicker.PreloadedRROInit}
05-27 03:00:47.253 D/PowerManagerService( 3077): nativeAcquireSuspendBlocker name:PowerManagerService.WakeLocks duration ms: 2
05-27 03:00:47.253 I/Finsky:background(13343): [901] Wrote row to frosting DB: 15254
05-27 03:00:47.254 I/Fitness (26027): (REDACTED) OnPackageChangedOperation got intent: %s
05-27 03:00:47.258 I/Finsky:background(13343): [848] RECEIVER_PACKAGE_MONITOR_BACKGROUND#logWorkEndAndFinishGoAsync: SUCCESS
05-27 03:00:47.259 I/oid.soundpicker(23432): Using CollectorTypeCMC GC.
05-27 03:00:47.262 I/Finsky  (16651): [2] AIM: AppInfoCacheUpdater -> invalidating apps: [com.deepeye.musicpro.debug]
05-27 03:00:47.262 I/Finsky  (16651): [2] AIM: AppInfoManager-Perf > getApps > called for 1 apps
05-27 03:00:47.262 I/Finsky  (16651): [852] AIM: AppInfoManager-Perf > OnDeviceAppInfo > cacheHitCount=1, cacheMissCount=0. Missed  in cache (limit 10) : []
05-27 03:00:47.262 I/Finsky  (16651): [852] AIM: AppInfoManager-Perf > OnDeviceAppInfo > cacheHitCount=0, cacheMissCount=1. Missed  in cache (limit 10) : [com.deepeye.musicpro.debug]
05-27 03:00:47.263 I/Finsky  (16651): [835] RECEIVER_PACKAGE_MONITOR#logWorkEndAndFinishGoAsync: SUCCESS
05-27 03:00:47.263 I/Finsky  (16651): [849] AIM: Got app ownership map. App counts: . Unique apps: 0
05-27 03:00:47.263 E/Finsky  (16651): [849] [Counters] attempted to use a non-positive increment for: 4752
05-27 03:00:47.263 I/Finsky  (16651): [852] AIM: Got app ownership map. App counts: . Unique apps: 0
05-27 03:00:47.264 E/Finsky  (16651): [852] [Counters] attempted to use a non-positive increment for: 4752
05-27 03:00:47.264 E/Finsky  (16651): [849] [Counters] attempted to use a non-positive increment for: 4753
05-27 03:00:47.265 E/Finsky  (16651): [851] [Counters] attempted to use a non-positive increment for: 4753
05-27 03:00:47.266 D/AndroidRuntime(23423): >>>>>> START com.android.internal.os.RuntimeInit uid 2000 <<<<<<
05-27 03:00:47.266 D/nativeloader(23432): Load libframework-connectivity-tiramisu-jni.so using APEX ns com_android_tethering for caller /apex/com.android.tethering/javalib/framework-connectivity-t.jar: ok
05-27 03:00:47.270 I/Fitness (26027): (REDACTED) FitCleanupIntentOperation received Intent %s
05-27 03:00:47.270 I/app_process(23423): MMAP_TRYLOCK is supported in uffd errno:2 addr:0x7b89846000 size:4096
05-27 03:00:47.271 I/Finsky:background(13343): [854] RECEIVER_ENGAGE_PACKAGE_CHANGED#logWorkEndAndFinishGoAsync: SKIPPED_PRECONDITIONS_UNMET
05-27 03:00:47.271 I/AndroidRuntime(23423): Using default boot image
05-27 03:00:47.271 I/AndroidRuntime(23423): Leaving lock profiling enabled
05-27 03:00:47.272 D/IntervalStats( 3077): Unable to parse usage stats packages: [395, 396, 398, 399, 400, 402, 403, 404, 405, 406, 407, 408, 409, 410, 411, 413, 414, 415, 416, 418, 419, 422, 425, 426, 427, 431, 434, 435, 436, 437, 438, 439, 440, 441, 442, 443, 445, 446, 447, 448, 449, 450, 451, 452, 453, 454, 455, 456, 457, 458, 460, 461, 462, 463, 465, 466, 467, 468, 469, 470, 471, 472, 473, 474, 476, 477, 478, 480, 481, 482, 484, 485, 486, 488, 489, 490, 491, 493, 494, 495, 512]
05-27 03:00:47.273 D/CompatibilityChangeReporter( 3077): Compat change id reported: 168419799; UID 10122; state: DISABLED
05-27 03:00:47.273 D/CompatibilityChangeReporter( 3077): Compat change id reported: 273564678; UID 10122; state: DISABLED
05-27 03:00:47.275 D/IntervalStats( 3077): Unable to parse usage stats packages: [395, 396, 398, 399, 400, 402, 403, 404, 405, 406, 407, 408, 409, 410, 411, 413, 414, 415, 416, 418, 419, 422, 425, 426, 427, 431, 434, 435, 436, 437, 438, 439, 440, 441, 442, 443, 445, 446, 447, 448, 449, 450, 451, 452, 453, 454, 455, 456, 457, 458, 460, 461, 462, 463, 465, 466, 467, 468, 469, 470, 471, 472, 473, 474, 476, 477, 478, 480, 481, 482, 484, 485, 486, 488, 489, 490, 491, 493, 494, 495, 496, 497, 498, 500, 501, 502, 503]
05-27 03:00:47.276 D/CompatibilityChangeReporter( 3077): Compat change id reported: 265195908; UID 10122; state: ENABLED
05-27 03:00:47.277 I/app_process(23423): Using CollectorTypeCMC GC.
05-27 03:00:47.278 D/CompatibilityChangeReporter(23432): Compat change id reported: 171979766; UID 10122; state: ENABLED
05-27 03:00:47.278 D/CompatibilityChangeReporter(23432): Compat change id reported: 242716250; UID 10122; state: ENABLED
05-27 03:00:47.280 I/Icing   (16834): Indexing com.google.android.gms-apps from com.google.android.gms
05-27 03:00:47.281 D/CompatibilityChangeReporter( 3077): Compat change id reported: 135634846; UID 10302; state: DISABLED
05-27 03:00:47.281 D/CompatibilityChangeReporter( 3077): Compat change id reported: 177438394; UID 10302; state: DISABLED
05-27 03:00:47.281 D/CompatibilityChangeReporter( 3077): Compat change id reported: 135772972; UID 10302; state: DISABLED
05-27 03:00:47.281 D/CompatibilityChangeReporter( 3077): Compat change id reported: 135754954; UID 10302; state: ENABLED
05-27 03:00:47.282 D/CompatibilityChangeReporter( 3077): Compat change id reported: 143937733; UID 10302; state: ENABLED
05-27 03:00:47.284 D/CompatibilityChangeReporter( 3077): Compat change id reported: 170503758; UID 10122; state: ENABLED
05-27 03:00:47.293 I/Fitness (26027): (REDACTED) OnPackageChangedOperation got intent: %s
05-27 03:00:47.293 D/Zygote  ( 1604): Forked child process 23444
05-27 03:00:47.295 I/Finsky  (16651): [851] AIM: AppInfoManager-Perf > ItemModel > CacheSize=113, cacheHitCount=0, cacheMissCount=0, total appsWithNoServerDataCount=0. Missed  in cache (limit 10) : []
05-27 03:00:47.296 I/ActivityManager( 3077): Start proc 23444:com.motorola.securityhub/u0a302 for broadcast {com.motorola.securityhub/com.motorola.securityhub.receiver.ApkInstallationReceiver}
05-27 03:00:47.298 I/Finsky  (16651): [851] AIM: AppInfoManager-Perf > getApps > data collection finished
05-27 03:00:47.298 I/Finsky  (16651): [851] AIM: AppInfoManager-Perf > maybeDestroyAppInfoManager is called. actives = 0
05-27 03:00:47.298 I/Finsky  (16651): [849] AIM: AppInfoManager-Perf > ItemModel > CacheSize=113, cacheHitCount=0, cacheMissCount=0, total appsWithNoServerDataCount=0. Missed  in cache (limit 10) : []
05-27 03:00:47.302 I/Fitness (26027): (REDACTED) FitCleanupIntentOperation received Intent %s
05-27 03:00:47.302 D/nativeloader(23432): Configuring clns-shared-4 for other apk /system/framework/moto-settings.jar. target_sdk_version=34, uses_libraries=ALL, library_path=/system/priv-app/SoundPicker/lib/arm64:/system/lib64:/system_ext/lib64, permitted_path=/data:/mnt/expand:/data/user/0/com.android.soundpicker:/system/priv-app/SoundPicker:/system/lib64:/system_ext/lib64
05-27 03:00:47.302 D/nativeloader(23432): Extending system_exposed_libraries: libbinauralrenderer_wrapper.qti.so:libhoaeffects.qti.so:libQOC.qti.so:libparamupdater_jni.motoparamupdater.so:libjni_helper.motocameradesktop.so:libimgTuner_jni.motoimagetuner.so:libupdateprof.qti.so:libQOC.qti.so:libdiag_system.qti.so:libqape.qti.so:libqesdk_ndk_platform.qti.so:liblistenjni.qti.so
05-27 03:00:47.304 I/ola.securityhub(23444): Using CollectorTypeCMC GC.
05-27 03:00:47.308 W/.apps.nbu.files(22851): userfaultfd: MOVE ioctl seems unsupported: Connection timed out
05-27 03:00:47.309 D/nativeloader(23444): Load libframework-connectivity-tiramisu-jni.so using APEX ns com_android_tethering for caller /apex/com.android.tethering/javalib/framework-connectivity-t.jar: ok
05-27 03:00:47.311 D/nativeloader(23432): Configuring clns-shared-5 for other apk /system/priv-app/SoundPicker/SoundPicker.apk. target_sdk_version=34, uses_libraries=, library_path=/system/priv-app/SoundPicker/lib/arm64:/system/lib64:/system_ext/lib64, permitted_path=/data:/mnt/expand:/data/user/0/com.android.soundpicker:/system/priv-app/SoundPicker:/system/lib64:/system_ext/lib64
05-27 03:00:47.314 D/CompatibilityChangeReporter( 3077): Compat change id reported: 168419799; UID 10302; state: DISABLED
05-27 03:00:47.314 D/CompatibilityChangeReporter( 3077): Compat change id reported: 273564678; UID 10302; state: DISABLED
05-27 03:00:47.317 I/Icing   (16834): Indexing done com.google.android.gms-apps
05-27 03:00:47.318 I/lowmemorykiller( 1234): Kill 'com.motorola.carriersettingsext' (13302), uid 10197, oom_score_adj 999 to free 67340kB rss, 38744kB swap; reason: device is in medium stall and watermark low
05-27 03:00:47.322 D/CompatibilityChangeReporter(23444): Compat change id reported: 171979766; UID 10302; state: ENABLED
05-27 03:00:47.322 D/CompatibilityChangeReporter(23444): Compat change id reported: 242716250; UID 10302; state: ENABLED
05-27 03:00:47.322 D/nativeloader(23432): Load libframework-connectivity-jni.so using APEX ns com_android_tethering for caller /apex/com.android.tethering/javalib/framework-connectivity.jar: ok
05-27 03:00:47.323 D/CompatibilityChangeReporter( 3077): Compat change id reported: 265195908; UID 10302; state: ENABLED
05-27 03:00:47.325 I/Icing   (16834): Indexing com.google.android.gms-apps from com.google.android.gms
05-27 03:00:47.326 I/Icing   (16834): Indexing done com.google.android.gms-apps
05-27 03:00:47.328 D/PowerManagerService( 3077): nativeReleaseSuspendBlocker name:PowerManagerService.WakeLocks duration ms: 0
05-27 03:00:47.328 D/CompatibilityChangeReporter( 3077): Compat change id reported: 170503758; UID 10302; state: ENABLED
05-27 03:00:47.329 V/GraphicsEnvironment(23432): Currently set values for:
05-27 03:00:47.329 V/GraphicsEnvironment(23432):   angle_gl_driver_selection_pkgs=[]
05-27 03:00:47.329 V/GraphicsEnvironment(23432):   angle_gl_driver_selection_values=[]
05-27 03:00:47.330 V/GraphicsEnvironment(23432): ANGLE GameManagerService for com.android.soundpicker: false
05-27 03:00:47.330 V/GraphicsEnvironment(23432): com.android.soundpicker is not listed in per-application setting
05-27 03:00:47.334 I/ActivityManager( 3077): appDiedLocked: app=ProcessRecord{5ecdf6e 13302:com.motorola.carriersettingsext/u0a197} thread=android.os.BinderProxy@bc2a65d fromBinderDied=true isKilledByAm=false reason=null
05-27 03:00:47.334 I/ActivityManager( 3077): Process com.motorola.carriersettingsext (pid 13302) has died: cch+99 SVC 
05-27 03:00:47.334 I/libprocessgroup( 3077): Successfully killed process cgroup uid 10197 pid 13302 in 0ms
05-27 03:00:47.334 I/Zygote  ( 1604): Process 13302 exited due to signal 9 (Killed)
05-27 03:00:47.335 W/ActivityManager( 3077): Scheduling restart of crashed service com.motorola.carriersettingsext/.dataroaming.DataRoamingPhoneStateService in 1000ms for start-requested
05-27 03:00:47.335 D/RestartModeController( 3077): markWaitRestartAppIsSuicided null processName=com.motorola.carriersettingsext
05-27 03:00:47.335 I/lowmemorykiller( 1234): Kill 'in.amazon.mShop.android.shopping' (17526), uid 10476, oom_score_adj 995 to free 121872kB rss, 83360kB swap; reason: device is in medium stall and watermark low
05-27 03:00:47.335 D/DisplayManagerService( 3077): Drop pending events for gone uid 10197
05-27 03:00:47.336 D/ActivityTaskManager( 3077): handleAppDied: uid=10197,diedCount=1,lastDiedTime=1168859633,forceStopUids=false
05-27 03:00:47.340 D/nativeloader(23444): Configuring clns-4 for other apk /system/framework/moto-settings.jar. target_sdk_version=36, uses_libraries=ALL, library_path=/data/app/~~OA-y7rrubUQoloD1YeSNLw==/com.motorola.securityhub-2ILulhzMRNl8fuAVdl0pdQ==/lib/arm64:/data/app/~~OA-y7rrubUQoloD1YeSNLw==/com.motorola.securityhub-2ILulhzMRNl8fuAVdl0pdQ==/base.apk!/lib/arm64-v8a:/data/app/~~OA-y7rrubUQoloD1YeSNLw==/com.motorola.securityhub-2ILulhzMRNl8fuAVdl0pdQ==/split_config.arm64_v8a.apk!/lib/arm64-v8a:/data/app/~~OA-y7rrubUQoloD1YeSNLw==/com.motorola.securityhub-2ILulhzMRNl8fuAVdl0pdQ==/split_config.en.apk!/lib/arm64-v8a:/data/app/~~OA-y7rrubUQoloD1YeSNLw==/com.motorola.securityhub-2ILulhzMRNl8fuAVdl0pdQ==/split_config.xxhdpi.apk!/lib/arm64-v8a, permitted_path=/data:/mnt/expand:/data/user/0/com.motorola.securityhub
05-27 03:00:47.340 D/nativeloader(23444): Extending system_exposed_libraries: libbinauralrenderer_wrapper.qti.so:libhoaeffects.qti.so:libQOC.qti.so:libparamupdater_jni.motoparamupdater.so:libjni_helper.motocameradesktop.so:libimgTuner_jni.motoimagetuner.so:libupdateprof.qti.so:libQOC.qti.so:libdiag_system.qti.so:libqape.qti.so:libqesdk_ndk_platform.qti.so:liblistenjni.qti.so
05-27 03:00:47.342 I/Typeface(23432): updateThemeFont new=Rookery-Regular;old=sans-serif;new=Rookery-Stacked;old=
05-27 03:00:47.345 I/ActivityManager( 3077): Flag disabled. Ignoring finishAttachApplication from uid: 10122. pid: 23432
05-27 03:00:47.346 I/ActivityManager( 3077): Killing 19661:com.google.android.partnersetup/u0a162 (adj 999, setSvc -10000): empty #31
05-27 03:00:47.348 W/ActivityManager( 3077): Rescheduling restart of crashed service com.motorola.carriersettingsext/.dataroaming.DataRoamingPhoneStateService in 59987ms for mem-pressure-event
05-27 03:00:47.351 I/libprocessgroup( 3077): Successfully killed process cgroup uid 10162 pid 19661 in 0ms
05-27 03:00:47.352 D/nativeloader(23444): Configuring clns-5 for other apk /system/framework/moto-enterprise-internal.jar. target_sdk_version=36, uses_libraries=ALL, library_path=/data/app/~~OA-y7rrubUQoloD1YeSNLw==/com.motorola.securityhub-2ILulhzMRNl8fuAVdl0pdQ==/lib/arm64:/data/app/~~OA-y7rrubUQoloD1YeSNLw==/com.motorola.securityhub-2ILulhzMRNl8fuAVdl0pdQ==/base.apk!/lib/arm64-v8a:/data/app/~~OA-y7rrubUQoloD1YeSNLw==/com.motorola.securityhub-2ILulhzMRNl8fuAVdl0pdQ==/split_config.arm64_v8a.apk!/lib/arm64-v8a:/data/app/~~OA-y7rrubUQoloD1YeSNLw==/com.motorola.securityhub-2ILulhzMRNl8fuAVdl0pdQ==/split_config.en.apk!/lib/arm64-v8a:/data/app/~~OA-y7rrubUQoloD1YeSNLw==/com.motorola.securityhub-2ILulhzMRNl8fuAVdl0pdQ==/split_config.xxhdpi.apk!/lib/arm64-v8a, permitted_path=/data:/mnt/expand:/data/user/0/com.motorola.securityhub
05-27 03:00:47.352 D/nativeloader(23444): Extending system_exposed_libraries: libbinauralrenderer_wrapper.qti.so:libhoaeffects.qti.so:libQOC.qti.so:libparamupdater_jni.motoparamupdater.so:libjni_helper.motocameradesktop.so:libimgTuner_jni.motoimagetuner.so:libupdateprof.qti.so:libQOC.qti.so:libdiag_system.qti.so:libqape.qti.so:libqesdk_ndk_platform.qti.so:liblistenjni.qti.so
05-27 03:00:47.356 E/minksocket( 1748): MinkIPC_QRTR_Service: client with node 1 port 6a40 went down
05-27 03:00:47.356 D/nativeloader(23444): Configuring clns-6 for other apk /system/framework/moto-checkin.jar. target_sdk_version=36, uses_libraries=ALL, library_path=/data/app/~~OA-y7rrubUQoloD1YeSNLw==/com.motorola.securityhub-2ILulhzMRNl8fuAVdl0pdQ==/lib/arm64:/data/app/~~OA-y7rrubUQoloD1YeSNLw==/com.motorola.securityhub-2ILulhzMRNl8fuAVdl0pdQ==/base.apk!/lib/arm64-v8a:/data/app/~~OA-y7rrubUQoloD1YeSNLw==/com.motorola.securityhub-2ILulhzMRNl8fuAVdl0pdQ==/split_config.arm64_v8a.apk!/lib/arm64-v8a:/data/app/~~OA-y7rrubUQoloD1YeSNLw==/com.motorola.securityhub-2ILulhzMRNl8fuAVdl0pdQ==/split_config.en.apk!/lib/arm64-v8a:/data/app/~~OA-y7rrubUQoloD1YeSNLw==/com.motorola.securityhub-2ILulhzMRNl8fuAVdl0pdQ==/split_config.xxhdpi.apk!/lib/arm64-v8a, permitted_path=/data:/mnt/expand:/data/user/0/com.motorola.securityhub
05-27 03:00:47.356 D/nativeloader(23444): Extending system_exposed_libraries: libbinauralrenderer_wrapper.qti.so:libhoaeffects.qti.so:libQOC.qti.so:libparamupdater_jni.motoparamupdater.so:libjni_helper.motocameradesktop.so:libimgTuner_jni.motoimagetuner.so:libupdateprof.qti.so:libQOC.qti.so:libdiag_system.qti.so:libqape.qti.so:libqesdk_ndk_platform.qti.so:liblistenjni.qti.so
05-27 03:00:47.356 E/minksocket( 1748): MinkIPC_QRTR_Service: client with node 1 port 6a41 went down
05-27 03:00:47.356 E/minksocket( 1748): MinkIPC_QRTR_Service: client with node 1 port 6a42 went down
05-27 03:00:47.360 E/minksocket( 1748): MinkIPC_QRTR_Service: client with node 1 port 6a44 went down
05-27 03:00:47.360 E/minksocket( 1748): MinkIPC_QRTR_Service: client with node 1 port 6a45 went down
05-27 03:00:47.361 E/minksocket( 1748): MinkIPC_QRTR_Service: client with node 1 port 6a46 went down
05-27 03:00:47.362 D/nativeloader(23444): Configuring clns-7 for other apk /system/framework/org.apache.http.legacy.jar. target_sdk_version=36, uses_libraries=ALL, library_path=/data/app/~~OA-y7rrubUQoloD1YeSNLw==/com.motorola.securityhub-2ILulhzMRNl8fuAVdl0pdQ==/lib/arm64:/data/app/~~OA-y7rrubUQoloD1YeSNLw==/com.motorola.securityhub-2ILulhzMRNl8fuAVdl0pdQ==/base.apk!/lib/arm64-v8a:/data/app/~~OA-y7rrubUQoloD1YeSNLw==/com.motorola.securityhub-2ILulhzMRNl8fuAVdl0pdQ==/split_config.arm64_v8a.apk!/lib/arm64-v8a:/data/app/~~OA-y7rrubUQoloD1YeSNLw==/com.motorola.securityhub-2ILulhzMRNl8fuAVdl0pdQ==/split_config.en.apk!/lib/arm64-v8a:/data/app/~~OA-y7rrubUQoloD1YeSNLw==/com.motorola.securityhub-2ILulhzMRNl8fuAVdl0pdQ==/split_config.xxhdpi.apk!/lib/arm64-v8a, permitted_path=/data:/mnt/expand:/data/user/0/com.motorola.securityhub
05-27 03:00:47.362 D/nativeloader(23444): Extending system_exposed_libraries: libbinauralrenderer_wrapper.qti.so:libhoaeffects.qti.so:libQOC.qti.so:libparamupdater_jni.motoparamupdater.so:libjni_helper.motocameradesktop.so:libimgTuner_jni.motoimagetuner.so:libupdateprof.qti.so:libQOC.qti.so:libdiag_system.qti.so:libqape.qti.so:libqesdk_ndk_platform.qti.so:liblistenjni.qti.so
05-27 03:00:47.376 I/ActivityManager( 3077): appDiedLocked: app=ProcessRecord{ab39caf 19661:com.google.android.partnersetup/u0a162} thread=android.os.BinderProxy@fa044a3 fromBinderDied=true isKilledByAm=true reason=null
05-27 03:00:47.378 I/Zygote  ( 1604): Process 19661 exited due to signal 9 (Killed)
05-27 03:00:47.378 D/RestartModeController( 3077): markWaitRestartAppIsSuicided null processName=com.google.android.partnersetup
05-27 03:00:47.379 D/DisplayManagerService( 3077): Drop pending events for gone uid 10162
05-27 03:00:47.380 D/ActivityTaskManager( 3077): handleAppDied: uid=10162,diedCount=1,lastDiedTime=1169709254,forceStopUids=false
05-27 03:00:47.382 D/ConnectivityService( 3077): releasing NetworkRequest [ REQUEST id=53108, [ Capabilities: INTERNET&NOT_RESTRICTED&TRUSTED&NOT_VCN_MANAGED Uid: 10476 RequestorUid: 10476 RequestorPkg: in.amazon.mShop.android.shopping UnderlyingNetworks: Null] ] (release request)
05-27 03:00:47.382 D/ConnectivityService( 3077): releasing NetworkRequest [ REQUEST id=53110, [ Capabilities: INTERNET&NOT_RESTRICTED&TRUSTED&NOT_VCN_MANAGED Uid: 10476 RequestorUid: 10476 RequestorPkg: in.amazon.mShop.android.shopping UnderlyingNetworks: Null] ] (release request)
05-27 03:00:47.382 D/ConnectivityService( 3077): releasing NetworkRequest [ REQUEST id=53112, [ Capabilities: INTERNET&NOT_RESTRICTED&TRUSTED&NOT_VCN_MANAGED Uid: 10476 RequestorUid: 10476 RequestorPkg: in.amazon.mShop.android.shopping UnderlyingNetworks: Null] ] (release request)
05-27 03:00:47.383 I/Zygote  ( 1604): Process 17526 exited due to signal 9 (Killed)
05-27 03:00:47.383 I/lowmemorykiller( 1234): Kill 'com.google.android.gm' (20797), uid 10280, oom_score_adj 999 to free 156136kB rss, 93532kB swap; reason: device is in medium stall and watermark low
05-27 03:00:47.385 I/ActivityManager( 3077): appDiedLocked: app=ProcessRecord{cd16fba 17526:in.amazon.mShop.android.shopping/u0a476} thread=android.os.BinderProxy@53913a0 fromBinderDied=true isKilledByAm=false reason=null
05-27 03:00:47.385 I/ActivityManager( 3077): Process in.amazon.mShop.android.shopping (pid 17526) has died: cch+95 CEM 
05-27 03:00:47.385 I/libprocessgroup( 3077): Successfully killed process cgroup uid 10476 pid 17526 in 0ms
05-27 03:00:47.386 D/RestartModeController( 3077): markWaitRestartAppIsSuicided null processName=in.amazon.mShop.android.shopping
05-27 03:00:47.387 D/ActivityTaskManager( 3077): handleAppDied: uid=10476,diedCount=1,lastDiedTime=1169012307,forceStopUids=false
05-27 03:00:47.387 D/DisplayManagerService( 3077): Drop pending events for gone uid 10476
05-27 03:00:47.393 D/nativeloader(23423): InitDefaultPublicLibraries for_preload=1: libandroid.so:libaaudio.so:libamidi.so:libbinder_ndk.so:libc.so:libcamera2ndk.so:libdl.so:libEGL.so:libGLESv1_CM.so:libGLESv2.so:libGLESv3.so:libicu.so:libicui18n.so:libicuuc.so:libjnigraphics.so:liblog.so:libmediandk.so:libm.so:libnativehelper.so:libnativewindow.so:libOpenMAXAL.so:libOpenSLES.so:libRS.so:libstdc++.so:libsync.so:libvulkan.so:libwebviewchromium_plat_support.so:libz.so
05-27 03:00:47.394 E/lowmemorykiller( 1234): process_mrelease 20797 failed: No such process
05-27 03:00:47.402 W/ola.securityhub(23444): Failed to find entry 'classes.dex': Entry not found
05-27 03:00:47.403 W/ola.securityhub(23444): Failed to find entry 'classes.dex': Entry not found
05-27 03:00:47.404 W/ola.securityhub(23444): Failed to find entry 'classes.dex': Entry not found
05-27 03:00:47.405 D/nativeloader(23444): Configuring clns-8 for other apk /data/app/~~OA-y7rrubUQoloD1YeSNLw==/com.motorola.securityhub-2ILulhzMRNl8fuAVdl0pdQ==/base.apk:/data/app/~~OA-y7rrubUQoloD1YeSNLw==/com.motorola.securityhub-2ILulhzMRNl8fuAVdl0pdQ==/split_config.arm64_v8a.apk:/data/app/~~OA-y7rrubUQoloD1YeSNLw==/com.motorola.securityhub-2ILulhzMRNl8fuAVdl0pdQ==/split_config.en.apk:/data/app/~~OA-y7rrubUQoloD1YeSNLw==/com.motorola.securityhub-2ILulhzMRNl8fuAVdl0pdQ==/split_config.xxhdpi.apk. target_sdk_version=36, uses_libraries=, library_path=/data/app/~~OA-y7rrubUQoloD1YeSNLw==/com.motorola.securityhub-2ILulhzMRNl8fuAVdl0pdQ==/lib/arm64:/data/app/~~OA-y7rrubUQoloD1YeSNLw==/com.motorola.securityhub-2ILulhzMRNl8fuAVdl0pdQ==/base.apk!/lib/arm64-v8a:/data/app/~~OA-y7rrubUQoloD1YeSNLw==/com.motorola.securityhub-2ILulhzMRNl8fuAVdl0pdQ==/split_config.arm64_v8a.apk!/lib/arm64-v8a:/data/app/~~OA-y7rrubUQoloD1YeSNLw==/com.motorola.securityhub-2ILulhzMRNl8fuAVdl0pdQ==/split_config.en.apk!/lib/arm64-v8a:/data/app/~~OA-y7rrubUQoloD1YeSNLw==/com.motorola
05-27 03:00:47.416 D/nativeloader(23444): Load libframework-connectivity-jni.so using APEX ns com_android_tethering for caller /apex/com.android.tethering/javalib/framework-connectivity.jar: ok
05-27 03:00:47.419 V/GraphicsEnvironment(23444): Currently set values for:
05-27 03:00:47.419 V/GraphicsEnvironment(23444):   angle_gl_driver_selection_pkgs=[]
05-27 03:00:47.419 V/GraphicsEnvironment(23444):   angle_gl_driver_selection_values=[]
05-27 03:00:47.419 V/GraphicsEnvironment(23444): ANGLE GameManagerService for com.motorola.securityhub: false
05-27 03:00:47.419 V/GraphicsEnvironment(23444): com.motorola.securityhub is not listed in per-application setting
05-27 03:00:47.426 I/MultiDex(23444): VM with version 2.1.0 has multidex support
05-27 03:00:47.426 I/MultiDex(23444): Installing application
05-27 03:00:47.426 I/MultiDex(23444): VM has multidex support, MultiDex support library is disabled.
05-27 03:00:47.427 D/SecurityHubProvider(23444): onCreate
05-27 03:00:47.427 D/SecurityHubProvider(23444): uri: com.motorola.securityhub.provider path: v4/families code: 1
05-27 03:00:47.427 D/SecurityHubProvider(23444): uri: com.motorola.securityhub.provider path: v4/features code: 2
05-27 03:00:47.427 D/SecurityHubProvider(23444): uri: com.motorola.securityhub.provider path: v5/families code: 11
05-27 03:00:47.427 D/SecurityHubProvider(23444): uri: com.motorola.securityhub.provider path: v5/features code: 21
05-27 03:00:47.432 D/ConnectivityService( 3077): releasing NetworkRequest [ REQUEST id=53133, [ Capabilities: INTERNET&NOT_RESTRICTED&TRUSTED&NOT_VCN_MANAGED Uid: 10280 RequestorUid: 10280 RequestorPkg: com.google.android.gm UnderlyingNetworks: Null] ] (release request)
05-27 03:00:47.432 I/Zygote  ( 1604): Process 20797 exited due to signal 9 (Killed)
05-27 03:00:47.433 D/ConnectivityService( 3077): releasing NetworkRequest [ REQUEST id=53135, [ Capabilities: INTERNET&NOT_RESTRICTED&TRUSTED&NOT_VCN_MANAGED Uid: 10280 RequestorUid: 10280 RequestorPkg: com.google.android.gm UnderlyingNetworks: Null] ] (release request)
05-27 03:00:47.433 W/lowmemorykiller( 1234): Failed to open /proc/20797/oom_score_adj; errno=2: process 20797 might have been killed
05-27 03:00:47.434 I/ActivityManager( 3077): appDiedLocked: app=ProcessRecord{54a7e52 20797:com.google.android.gm/u0a280} thread=android.os.BinderProxy@953631e fromBinderDied=true isKilledByAm=false reason=null
05-27 03:00:47.434 I/ActivityManager( 3077): Process com.google.android.gm (pid 20797) has died: cch+35 CEM 
05-27 03:00:47.434 I/libprocessgroup( 3077): Successfully killed process cgroup uid 10280 pid 20797 in 0ms
05-27 03:00:47.435 D/nativeloader(23423): Load libicu_jni.so using APEX ns com_android_art for caller /apex/com.android.art/javalib/core-oj.jar: ok
05-27 03:00:47.435 D/RestartModeController( 3077): markWaitRestartAppIsSuicided null processName=com.google.android.gm
05-27 03:00:47.435 D/app_process(23423): Time zone APEX ICU file found: /apex/com.android.tzdata/etc/icu/icu_tzdata.dat
05-27 03:00:47.435 D/app_process(23423): I18n APEX ICU file found: /apex/com.android.i18n/etc/icu/icudt72l.dat
05-27 03:00:47.435 D/ActivityTaskManager( 3077): handleAppDied: uid=10280,diedCount=1,lastDiedTime=1168891809,forceStopUids=false
05-27 03:00:47.435 D/DisplayManagerService( 3077): Drop pending events for gone uid 10280
05-27 03:00:47.439 D/nativeloader(23423): Load libjavacore.so using APEX ns com_android_art for caller /apex/com.android.art/javalib/core-oj.jar: ok
05-27 03:00:47.439 D/MotoSecure>>(23444): SecureLockProvider - migration already done
05-27 03:00:47.441 D/nativeloader(23423): Load libopenjdk.so using APEX ns com_android_art for caller /apex/com.android.art/javalib/core-oj.jar: ok
05-27 03:00:47.445 I/app_process(23423): Priority-to-niceness mapping: 19, 16, 13, 10, 0, -2, -4, -5, -6, -8
05-27 03:00:47.450 I/Typeface(23444): updateThemeFont new=Rookery-Regular;old=sans-serif;new=Rookery-Stacked;old=
05-27 03:00:47.450 I/ActivityManager( 3077): Flag disabled. Ignoring finishAttachApplication from uid: 10302. pid: 23444
05-27 03:00:47.451 D/MotoSecure>>(23444): ApkInstallationReceiver - action received = android.intent.action.PACKAGE_CHANGED
05-27 03:00:47.451 D/CompatibilityChangeReporter(23444): Compat change id reported: 183155436; UID 10302; state: ENABLED
05-27 03:00:47.451 W/main    (23423): type=1400 audit(0.0:481934): avc:  denied  { read } for  name="u:object_r:build_attestation_prop:s0" dev="tmpfs" ino=112 scontext=u:r:shell:s0 tcontext=u:object_r:build_attestation_prop:s0 tclass=file permissive=0
05-27 03:00:47.451 W/main    (23423): type=1400 audit(0.0:481935): avc:  denied  { read } for  name="u:object_r:build_attestation_prop:s0" dev="tmpfs" ino=112 scontext=u:r:shell:s0 tcontext=u:object_r:build_attestation_prop:s0 tclass=file permissive=0
05-27 03:00:47.451 W/main    (23423): type=1400 audit(0.0:481936): avc:  denied  { read } for  name="u:object_r:build_attestation_prop:s0" dev="tmpfs" ino=112 scontext=u:r:shell:s0 tcontext=u:object_r:build_attestation_prop:s0 tclass=file permissive=0
05-27 03:00:47.454 W/libc    (23423): Access denied finding property "ro.product.name_for_attestation"
05-27 03:00:47.454 W/libc    (23423): Access denied finding property "ro.product.brand_for_attestation"
05-27 03:00:47.454 W/libc    (23423): Access denied finding property "ro.product.model_for_attestation"
05-27 03:00:47.456 D/WM-PackageManagerHelper(23444): Skipping component enablement for androidx.work.impl.background.systemjob.SystemJobService
05-27 03:00:47.456 D/WM-Schedulers(23444): Created SystemJobScheduler and enabled SystemJobService
05-27 03:00:47.457 D/WM-ForceStopRunnable(23444): The default process name was not specified.
05-27 03:00:47.458 D/WM-ForceStopRunnable(23444): Performing cleanup operations.
05-27 03:00:47.464 W/android.vending(16651): ApkAssets: Deleting an ApkAssets object '<empty> and /data/app/~~9BvJTjjSLMJvhP8hnMwUzA==/com.deepeye.musicpro.debug-e99e71QWbpObi2nsGMolqw==/base.apk' with 1 weak references
05-27 03:00:47.465 W/android.vending(16651): ApkAssets: Deleting an ApkAssets object '<empty> and /data/app/~~i8C4YFaV3JBJHnqyYKLIPA==/com.android.chrome-ExM83vpT8nDKAMobSmSDtg==/base.apk' with 1 weak references
05-27 03:00:47.465 W/android.vending(16651): ApkAssets: Deleting an ApkAssets object '<empty> and /data/app/~~i8C4YFaV3JBJHnqyYKLIPA==/com.android.chrome-ExM83vpT8nDKAMobSmSDtg==/split_chrome.apk' with 1 weak references
05-27 03:00:47.465 W/android.vending(16651): ApkAssets: Deleting an ApkAssets object '<empty> and /data/app/~~i8C4YFaV3JBJHnqyYKLIPA==/com.android.chrome-ExM83vpT8nDKAMobSmSDtg==/split_config.en.apk' with 1 weak references
05-27 03:00:47.465 W/android.vending(16651): ApkAssets: Deleting an ApkAssets object '<empty> and /data/app/~~i8C4YFaV3JBJHnqyYKLIPA==/com.android.chrome-ExM83vpT8nDKAMobSmSDtg==/split_dev_ui.apk' with 1 weak references
05-27 03:00:47.465 W/android.vending(16651): ApkAssets: Deleting an ApkAssets object '<empty> and /data/app/~~i8C4YFaV3JBJHnqyYKLIPA==/com.android.chrome-ExM83vpT8nDKAMobSmSDtg==/split_on_demand.apk' with 1 weak references
05-27 03:00:47.465 W/android.vending(16651): ApkAssets: Deleting an ApkAssets object '<empty> and /data/app/~~i8C4YFaV3JBJHnqyYKLIPA==/com.android.chrome-ExM83vpT8nDKAMobSmSDtg==/split_stack_unwinder.apk' with 1 weak references
05-27 03:00:47.465 W/android.vending(16651): ApkAssets: Deleting an ApkAssets object '<empty> and /data/app/~~i8C4YFaV3JBJHnqyYKLIPA==/com.android.chrome-ExM83vpT8nDKAMobSmSDtg==/split_test_dummy.apk' with 1 weak references
05-27 03:00:47.465 W/android.vending(16651): ApkAssets: Deleting an ApkAssets object '<empty> and /data/app/~~992NQwQmNa2vGM0CCWCDmQ==/com.google.android.trichromelibrary_777817833-hhPT7n1ULNeTTfcLwdO1AA==/base.apk' with 1 weak references
05-27 03:00:47.465 W/android.vending(16651): ApkAssets: Deleting an ApkAssets object '<empty> and /system_ext/priv-app/Settings/Settings.apk' with 1 weak references
05-27 03:00:47.466 W/android.vending(16651): ApkAssets: Deleting an ApkAssets object '/product/overlay/Settings__auto_generated_rro_product.apk' with 1 weak references
05-27 03:00:47.466 W/android.vending(16651): ApkAssets: Deleting an ApkAssets object '/product/overlay/MotoSettingsGlobalOverlay.apk' with 1 weak references
05-27 03:00:47.466 W/android.vending(16651): ApkAssets: Deleting an ApkAssets object '/product/overlay/MotoSettingsFPSSideOverlay.apk' with 1 weak references
05-27 03:00:47.466 W/android.vending(16651): ApkAssets: Deleting an ApkAssets object '/product/overlay/MotoSettingsUsbWebcamOverlay.apk' with 1 weak references
05-27 03:00:47.466 W/android.vending(16651): ApkAssets: Deleting an ApkAssets object '<empty> and /data/app/~~OzvZU0Ik6cH7M5fnnxKN1w==/com.google.android.apps.docs-jMJJwQSJceTdZkOXBMQooA==/base.apk' with 1 weak references
05-27 03:00:47.467 W/android.vending(16651): ApkAssets: Deleting an ApkAssets object '<empty> and /data/app/~~OzvZU0Ik6cH7M5fnnxKN1w==/com.google.android.apps.docs-jMJJwQSJceTdZkOXBMQooA==/split_config.arm64_v8a.apk' with 1 weak references
05-27 03:00:47.467 W/android.vending(16651): ApkAssets: Deleting an ApkAssets object '<empty> and /data/app/~~OzvZU0Ik6cH7M5fnnxKN1w==/com.google.android.apps.docs-jMJJwQSJceTdZkOXBMQooA==/split_config.en.apk' with 1 weak references
05-27 03:00:47.467 W/android.vending(16651): ApkAssets: Deleting an ApkAssets object '<empty> and /data/app/~~OzvZU0Ik6cH7M5fnnxKN1w==/com.google.android.apps.docs-jMJJwQSJceTdZkOXBMQooA==/split_config.xxhdpi.apk' with 1 weak references
05-27 03:00:47.467 W/android.vending(16651): ApkAssets: Deleting an ApkAssets object '<empty> and /data/app/~~-3MFu-HQeuwm5s1253oFpw==/com.google.android.apps.maps-16_qOjNr_cOcdl4PMk88lA==/base.apk' with 1 weak references
05-27 03:00:47.467 W/android.vending(16651): ApkAssets: Deleting an ApkAssets object '<empty> and /data/app/~~-3MFu-HQeuwm5s1253oFpw==/com.google.android.apps.maps-16_qOjNr_cOcdl4PMk88lA==/split_config.arm64_v8a.apk' with 1 weak references
05-27 03:00:47.467 W/android.vending(16651): ApkAssets: Deleting an ApkAssets object '<empty> and /data/app/~~-3MFu-HQeuwm5s1253oFpw==/com.google.android.apps.maps-16_qOjNr_cOcdl4PMk88lA==/split_config.en.apk' with 1 weak references
05-27 03:00:47.467 W/android.vending(16651): ApkAssets: Deleting an ApkAssets object '<empty> and /data/app/~~-3MFu-HQeuwm5s1253oFpw==/com.google.android.apps.maps-16_qOjNr_cOcdl4PMk88lA==/split_config.xxhdpi.apk' with 1 weak references
05-27 03:00:47.467 W/android.vending(16651): ApkAssets: Deleting an ApkAssets object '<empty> and /data/app/~~EAl-kgTtphWwAepiz4Ze_Q==/com.google.android.apps.messaging-_sdbFCgRAACsWJnxQQ4yjA==/base.apk' with 1 weak references
05-27 03:00:47.468 W/android.vending(16651): ApkAssets: Deleting an ApkAssets object '<empty> and /data/app/~~EAl-kgTtphWwAepiz4Ze_Q==/com.google.android.apps.messaging-_sdbFCgRAACsWJnxQQ4yjA==/split_config.arm64_v8a.apk' with 1 weak references
05-27 03:00:47.468 W/android.vending(16651): ApkAssets: Deleting an ApkAssets object '<empty> and /data/app/~~EAl-kgTtphWwAepiz4Ze_Q==/com.google.android.apps.messaging-_sdbFCgRAACsWJnxQQ4yjA==/split_config.en.apk' with 1 weak references
05-27 03:00:47.468 W/android.vending(16651): ApkAssets: Deleting an ApkAssets object '<empty> and /data/app/~~EAl-kgTtphWwAepiz4Ze_Q==/com.google.android.apps.messaging-_sdbFCgRAACsWJnxQQ4yjA==/split_config.xxhdpi.apk' with 1 weak references
05-27 03:00:47.468 W/android.vending(16651): ApkAssets: Deleting an ApkAssets object '<empty> and /data/app/~~Nky1KFsf4gjwpLYr2nhXtg==/com.google.android.apps.photos-16aMDd8fR1JqMfObmyknFA==/base.apk' with 1 weak references
05-27 03:00:47.468 W/android.vending(16651): ApkAssets: Deleting an ApkAssets object '<empty> and /data/app/~~Nky1KFsf4gjwpLYr2nhXtg==/com.google.android.apps.photos-16aMDd8fR1JqMfObmyknFA==/split_config.arm64_v8a.apk' with 1 weak references
05-27 03:00:47.468 W/android.vending(16651): ApkAssets: Deleting an ApkAssets object '<empty> and /data/app/~~Nky1KFsf4gjwpLYr2nhXtg==/com.google.android.apps.photos-16aMDd8fR1JqMfObmyknFA==/split_config.en.apk' with 1 weak references
05-27 03:00:47.468 W/android.vending(16651): ApkAssets: Deleting an ApkAssets object '<empty> and /data/app/~~Nky1KFsf4gjwpLYr2nhXtg==/com.google.android.apps.photos-16aMDd8fR1JqMfObmyknFA==/split_config.xxhdpi.apk' with 1 weak references
05-27 03:00:47.468 W/android.vending(16651): ApkAssets: Deleting an ApkAssets object '<empty> and /data/app/~~r3sAjizPhgKbIx_bbPdJwg==/com.google.android.apps.tachyon-c3G6kegwvTg2eA39CVIMfQ==/base.apk' with 1 weak references
05-27 03:00:47.469 W/android.vending(16651): ApkAssets: Deleting an ApkAssets object '<empty> and /data/app/~~r3sAjizPhgKbIx_bbPdJwg==/com.google.android.apps.tachyon-c3G6kegwvTg2eA39CVIMfQ==/split_config.arm64_v8a.apk' with 1 weak references
05-27 03:00:47.469 W/android.vending(16651): ApkAssets: Deleting an ApkAssets object '<empty> and /data/app/~~r3sAjizPhgKbIx_bbPdJwg==/com.google.android.apps.tachyon-c3G6kegwvTg2eA39CVIMfQ==/split_config.en.apk' with 1 weak references
05-27 03:00:47.469 W/android.vending(16651): ApkAssets: Deleting an ApkAssets object '<empty> and /data/app/~~r3sAjizPhgKbIx_bbPdJwg==/com.google.android.apps.tachyon-c3G6kegwvTg2eA39CVIMfQ==/split_config.xxhdpi.apk' with 1 weak references
05-27 03:00:47.469 W/android.vending(16651): ApkAssets: Deleting an ApkAssets object '<empty> and /data/app/~~iTq67ext8_D8ARv9DLmRwQ==/com.google.android.calculator--Bs_gh94wcVN97pJEAId3w==/base.apk' with 1 weak references
05-27 03:00:47.469 W/android.vending(16651): ApkAssets: Deleting an ApkAssets object '<empty> and /data/app/~~iTq67ext8_D8ARv9DLmRwQ==/com.google.android.calculator--Bs_gh94wcVN97pJEAId3w==/split_config.xxhdpi.apk' with 1 weak references
05-27 03:00:47.469 W/android.vending(16651): ApkAssets: Deleting an ApkAssets object '<empty> and /data/app/~~Fx-fpw0P0ybFPsqCwrxXfg==/com.google.android.calendar-Wk0SvwbbwRFnV0XOcHzkiw==/base.apk' with 1 weak references
05-27 03:00:47.469 W/android.vending(16651): ApkAssets: Deleting an ApkAssets object '<empty> and /data/app/~~Fx-fpw0P0ybFPsqCwrxXfg==/com.google.android.calendar-Wk0SvwbbwRFnV0XOcHzkiw==/split_config.arm64_v8a.apk' with 1 weak references
05-27 03:00:47.470 W/android.vending(16651): ApkAssets: Deleting an ApkAssets object '<empty> and /data/app/~~Fx-fpw0P0ybFPsqCwrxXfg==/com.google.android.calendar-Wk0SvwbbwRFnV0XOcHzkiw==/split_config.en.apk' with 1 weak references
05-27 03:00:47.470 W/android.vending(16651): ApkAssets: Deleting an ApkAssets object '<empty> and /data/app/~~Fx-fpw0P0ybFPsqCwrxXfg==/com.google.android.calendar-Wk0SvwbbwRFnV0XOcHzkiw==/split_config.xxhdpi.apk' with 1 weak references
05-27 03:00:47.470 W/android.vending(16651): ApkAssets: Deleting an ApkAssets object '<empty> and /data/app/~~s8x0YICVQzCSY8O3vjWOnw==/com.google.android.contacts-8rjLh2OVOi5E6TRK_B9XQw==/base.apk' with 1 weak references
05-27 03:00:47.470 W/android.vending(16651): ApkAssets: Deleting an ApkAssets object '<empty> and /data/app/~~s8x0YICVQzCSY8O3vjWOnw==/com.google.android.contacts-8rjLh2OVOi5E6TRK_B9XQw==/split_config.arm64_v8a.apk' with 1 weak references
05-27 03:00:47.470 W/android.vending(16651): ApkAssets: Deleting an ApkAssets object '<empty> and /data/app/~~s8x0YICVQzCSY8O3vjWOnw==/com.google.android.contacts-8rjLh2OVOi5E6TRK_B9XQw==/split_config.en.apk' with 1 weak references
05-27 03:00:47.470 W/android.vending(16651): ApkAssets: Deleting an ApkAssets object '<empty> and /data/app/~~s8x0YICVQzCSY8O3vjWOnw==/com.google.android.contacts-8rjLh2OVOi5E6TRK_B9XQw==/split_config.xxhdpi.apk' with 1 weak references
05-27 03:00:47.470 W/android.vending(16651): ApkAssets: Deleting an ApkAssets object '<empty> and /data/app/~~WQUddx1Nc2PUytJNr-NP2Q==/com.google.android.deskclock-JvaC_aN9UUGofeBiW7bEAg==/base.apk' with 1 weak references
05-27 03:00:47.471 W/android.vending(16651): ApkAssets: Deleting an ApkAssets object '<empty> and /data/app/~~WQUddx1Nc2PUytJNr-NP2Q==/com.google.android.deskclock-JvaC_aN9UUGofeBiW7bEAg==/split_config.xxhdpi.apk' with 1 weak references
