--------- beginning of main
05-27 03:02:43.756 E/PlayerController(23499): playMedia called with item: Remote(id=7c3-Gei5j4w, title=Chaand Baaliyan – Aditya A. | Trending Song | Official Video, artist=Sony Music India, artworkUri=https://i.ytimg.com/vi/7c3-Gei5j4w/hq720.jpg?sqp=-oaymwEcCNAFEJQDSFXyq4qpAw4IARUAAIhCGAFwAcABBg==&rs=AOn4CLC4g6eQMG5eZgivYA73UaxnR7Lnaw, duration=122000, streamUri=null, isVideo=true)
05-27 03:02:43.762 E/PlayerController(23499): Remote item: Chaand Baaliyan – Aditya A. | Trending Song | Official Video, id: 7c3-Gei5j4w, streamUri: null
05-27 03:02:43.762 E/PlayerController(23499): streamUri is null or empty, fetching getStreamUrl...
05-27 03:02:43.769 D/NewPipeDownloader(23499): Executing request: https://youtubei.googleapis.com/youtubei/v1/visitor_id?prettyPrint=false
05-27 03:02:43.903 I/QcrilOemhookMsgTunnel( 4028): [0]processOemHookIndication length=33
05-27 03:02:43.903 D/QcrilMsgTunnelIfaceManager( 4028): handleMessage what = 5
05-27 03:02:43.905 I/QcrilOemhookMsgTunnel( 4028): [0]processOemHookIndication length=12
05-27 03:02:43.905 D/QcrilMsgTunnelIfaceManager( 4028): handleMessage what = 5
05-27 03:02:43.908 I/QcrilOemhookMsgTunnel( 4028): [0]processOemHookIndication length=21
05-27 03:02:43.908 D/QcrilMsgTunnelIfaceManager( 4028): handleMessage what = 0
05-27 03:02:43.909 D/QC_RIL_OEM_HOOK( 4028): Received Broadcast Intent ACTION_UNSOL_RESPONSE_OEM_HOOK_RAW
05-27 03:02:43.909 D/QC_RIL_OEM_HOOK( 4028): Oem ID in QCRILHOOK UNSOL RESP is QOEMHOOK
--------- beginning of system
05-27 03:02:43.913 D/PowerManagerService( 3077): nativeAcquireSuspendBlocker name:PowerManagerService.WakeLocks duration ms: 1
05-27 03:02:43.913 D/GlobalActionsDialogLite( 7709): Service changed before actions created
05-27 03:02:43.913 D/GlobalActionsDialogLite( 7709): Service changed before actions created
05-27 03:02:43.913 D/GlobalActionsDialogLite( 7709): Service changed before actions created
05-27 03:02:43.914 D/HeadsetPhoneState( 3992): Enter onServiceStateChanged
05-27 03:02:43.914 W/ContextImpl( 3077): Calling a method in the system process without a qualified user: android.app.ContextImpl.sendBroadcastMultiplePermissions:1281 android.content.Context.sendBroadcastMultiplePermissions:2476 com.android.server.TelephonyRegistry.broadcastServiceStateChanged:3597 com.android.server.TelephonyRegistry.notifyServiceStateForPhoneId:1734 com.android.internal.telephony.ITelephonyRegistry$Stub.onTransact:550 
05-27 03:02:43.915 W/ContextImpl( 3077): Calling a method in the system process without a qualified user: android.app.ContextImpl.sendBroadcastMultiplePermissions:1314 com.android.server.TelephonyRegistry.broadcastServiceStateChanged:3602 com.android.server.TelephonyRegistry.notifyServiceStateForPhoneId:1734 com.android.internal.telephony.ITelephonyRegistry$Stub.onTransact:550 android.os.Binder.execTransactInternal:1380 
05-27 03:02:43.916 W/ContextImpl( 3077): Calling a method in the system process without a qualified user: android.app.ContextImpl.sendBroadcastMultiplePermissions:1314 com.android.server.TelephonyRegistry.broadcastServiceStateChanged:3611 com.android.server.TelephonyRegistry.notifyServiceStateForPhoneId:1734 com.android.internal.telephony.ITelephonyRegistry$Stub.onTransact:550 android.os.Binder.execTransactInternal:1380 
05-27 03:02:43.916 W/ContextImpl( 3077): Calling a method in the system process without a qualified user: android.app.ContextImpl.sendBroadcastMultiplePermissions:1314 com.android.server.TelephonyRegistry.broadcastServiceStateChanged:3617 com.android.server.TelephonyRegistry.notifyServiceStateForPhoneId:1734 com.android.internal.telephony.ITelephonyRegistry$Stub.onTransact:550 android.os.Binder.execTransactInternal:1380 
05-27 03:02:43.917 D/CBR_SystemUI( 7709): CarrierLabel - : updateLabel cellMsg:  cellEnabled: false
05-27 03:02:43.917 D/CBR_SystemUI( 7709): CarrierLabel - : updateLabel mCellBroadcastMessage Visibility: 8
05-27 03:02:43.917 D/CBR_SystemUI( 7709): CarrierLabel - : updateLabel cellMsg:  cellEnabled: false
05-27 03:02:43.917 D/CBR_SystemUI( 7709): CarrierLabel - : updateLabel mCellBroadcastMessage Visibility: 8
05-27 03:02:43.918 D/QC_RIL_OEM_HOOK( 4090): Received Broadcast Intent ACTION_UNSOL_RESPONSE_OEM_HOOK_RAW
05-27 03:02:43.918 D/QC_RIL_OEM_HOOK( 4090): Oem ID in QCRILHOOK UNSOL RESP is QOEMHOOK
05-27 03:02:43.918 D/QC_RIL_OEM_HOOK( 4090): Received Broadcast Intent ACTION_UNSOL_RESPONSE_OEM_HOOK_RAW
05-27 03:02:43.918 D/QC_RIL_OEM_HOOK( 4090): Oem ID in QCRILHOOK UNSOL RESP is QOEMHOOK
05-27 03:02:43.919 D/Telephony( 4090): TelecomAccountTelephonyCallback: onServiceStateChanged called.
05-27 03:02:43.919 D/CellBroadcastReceiver(24719): onReceive Intent { act=android.intent.action.SERVICE_STATE flg=0x1000010 cmp=com.google.android.cellbroadcastreceiver/com.android.cellbroadcastreceiver.CellBroadcastReceiver (has extras) }
05-27 03:02:43.919 I/Telephony( 4090): TelecomAccountTelephonyCallback: onServiceStateChanged: newState=0, mServiceState=0
05-27 03:02:43.919 E/RIL-MOTEXT( 2502): qcrilUpdateOperator, called
05-27 03:02:43.921 D/StatusBarIconController( 7709): ignoring old pipeline callbacks, because the new mobile icons are enabled
05-27 03:02:43.922 D/CellBroadcastReceiver(24719): onServiceStateChanged, ss: 0
05-27 03:02:43.922 D/CellBroadcastReceiver(24719): networkOperator: 40410
05-27 03:02:43.922 D/CellBroadcastReceiver(24719): update supported roaming operator as 
05-27 03:02:43.922 I/Telephony( 4090): AccountEntry: isRttCurrentlySupported -- regular acct, hasVoiceAvailability: true
05-27 03:02:43.922 I/Telephony( 4090):  isRttSupported: false
05-27 03:02:43.922 I/Telephony( 4090):  alwaysAllowWhileRoaming: false
05-27 03:02:43.922 I/Telephony( 4090):  isRoaming: false
05-27 03:02:43.922 I/Telephony( 4090):  isOnWfc: false
05-27 03:02:43.922 I/Telephony( 4090): VoiceActivationHandler: Service state is IN_SERVICE. Set voice activation state to ACTIVATED
05-27 03:02:43.928 W/IWlanNetworkService( 4019): 115246 > Response Processed
05-27 03:02:43.929 E/RIL-MOTEXT( 2502): qcrilUpdateOperator, called
05-27 03:02:43.929 D/CBR_SystemUI( 7709): CarrierLabel - : updateLabel cellMsg:  cellEnabled: false
05-27 03:02:43.929 D/CBR_SystemUI( 7709): CarrierLabel - : updateLabel mCellBroadcastMessage Visibility: 8
05-27 03:02:43.929 D/CBR_SystemUI( 7709): CarrierLabel - : updateLabel cellMsg:  cellEnabled: false
05-27 03:02:43.929 D/CBR_SystemUI( 7709): CarrierLabel - : updateLabel mCellBroadcastMessage Visibility: 8
05-27 03:02:43.929 D/StatusBarIconController( 7709): ignoring old pipeline callbacks, because the new mobile icons are enabled
05-27 03:02:43.933 I/QcrilOemhookMsgTunnel( 4028): [0]processOemHookIndication length=33
05-27 03:02:43.933 D/QcrilMsgTunnelIfaceManager( 4028): handleMessage what = 5
05-27 03:02:43.933 I/QcrilOemhookMsgTunnel( 4028): [0]processOemHookIndication length=12
05-27 03:02:43.934 D/QCNEJ/DataCallAgent( 4019): onLinkPropertiesChanged: 984 mSubId: 1 mSlotId: 1
05-27 03:02:43.934 D/QcrilMsgTunnelIfaceManager( 4028): handleMessage what = 5
05-27 03:02:43.936 D/QCNEJ/WwanInfoRelay( 4019): onLinkPropertiesChanged: 986{InterfaceName: rmnet_data1 LinkAddresses: [ 100.113.229.30/30,2401:4900:a068:1a85:5c53:c8ff:fe55:1839/64 ] DnsAddresses: [ /117.96.122.142,/117.96.122.144,/2401:4900:50:9::7d0,/2401:4900:50:9::7d2 ] UsePrivateDns: true PrivateDnsServerName: family.adguard-dns.com ValidatedPrivateDnsAddresses: [2a10:50c0::bad1:ff,2a10:50c0::bad2:ff,94.140.15.16,94.140.14.15] Domains: null MTU: 1500 TcpBufferSizes: 2097152,4194304,16777216,524288,1048576,8388608 Routes: [ 0.0.0.0/0 -> 100.113.229.29 rmnet_data1 mtu 1500,::/0 -> fe80::d876:9af7:7621:3778 rmnet_data1 mtu 1500,100.113.229.28/30 -> 0.0.0.0 rmnet_data1 mtu 0,2401:4900:a068:1a85::/64 -> :: rmnet_data1 mtu 0 ]}
05-27 03:02:43.939 I/Tethering( 3931): Looking for default routes on: {InterfaceName: rmnet_data1 LinkAddresses: [ 100.113.229.30/30,2401:4900:a068:1a85:5c53:c8ff:fe55:1839/64 ] DnsAddresses: [ /117.96.122.142,/117.96.122.144,/2401:4900:50:9::7d0,/2401:4900:50:9::7d2 ] UsePrivateDns: true PrivateDnsServerName: family.adguard-dns.com ValidatedPrivateDnsAddresses: [2a10:50c0::bad1:ff,2a10:50c0::bad2:ff,94.140.15.16,94.140.14.15] Domains: null MTU: 1500 TcpBufferSizes: 2097152,4194304,16777216,524288,1048576,8388608 Routes: [ 0.0.0.0/0 -> 100.113.229.29 rmnet_data1 mtu 1500,::/0 -> fe80::d876:9af7:7621:3778 rmnet_data1 mtu 1500,100.113.229.28/30 -> 0.0.0.0 rmnet_data1 mtu 0,2401:4900:a068:1a85::/64 -> :: rmnet_data1 mtu 0 ]}
05-27 03:02:43.940 I/Tethering( 3931): Found upstream interface(s): [rmnet_data1]
05-27 03:02:43.940 I/dnsmasq (28644): using nameserver 2401:4900:50:9::7d2#53
05-27 03:02:43.940 I/dnsmasq (28644): using nameserver 2401:4900:50:9::7d0#53
05-27 03:02:43.940 I/dnsmasq (28644): using nameserver 117.96.122.144#53
05-27 03:02:43.940 I/dnsmasq (28644): using nameserver 117.96.122.142#53
05-27 03:02:43.943 D/StatusBarIconController( 7709): ignoring old pipeline callbacks, because the new mobile icons are enabled
05-27 03:02:44.046 I/QcrilOemhookMsgTunnel( 4028): [0]processOemHookIndication length=33
05-27 03:02:44.046 D/QcrilMsgTunnelIfaceManager( 4028): handleMessage what = 5
05-27 03:02:44.046 I/QcrilOemhookMsgTunnel( 4028): [0]processOemHookIndication length=12
05-27 03:02:44.048 D/QcrilMsgTunnelIfaceManager( 4028): handleMessage what = 5
05-27 03:02:44.117 D/PowerManagerService( 3077): nativeReleaseSuspendBlocker name:PowerManagerService.WakeLocks duration ms: 0
05-27 03:02:44.171 E/minksocket( 1748): MinkIPC_QRTR_Service: client with node 1 port 6b50 went down
05-27 03:02:44.172 E/minksocket( 1748): MinkIPC_QRTR_Service: client with node 1 port 6b51 went down
05-27 03:02:44.173 E/minksocket( 1748): MinkIPC_QRTR_Service: client with node 1 port 6b52 went down
05-27 03:02:44.174 E/minksocket( 1748): MinkIPC_QRTR_Service: client with node 1 port 6b54 went down
05-27 03:02:44.175 E/minksocket( 1748): MinkIPC_QRTR_Service: client with node 1 port 6b55 went down
05-27 03:02:44.175 E/minksocket( 1748): MinkIPC_QRTR_Service: client with node 1 port 6b56 went down
05-27 03:02:44.325 E/NetlinkEvent( 1603): NetlinkEvent::FindParam(): Parameter 'INTERFACE' not found
05-27 03:02:44.325 E/NetlinkEvent( 1603): NetlinkEvent::FindParam(): Parameter 'STATE' not found
05-27 03:02:44.325 E/NetlinkEvent( 1603): NetlinkEvent::FindParam(): Parameter 'TIME_NS' not found
05-27 03:02:44.325 E/NetlinkEvent( 1603): NetlinkEvent::FindParam(): Parameter 'UID' not found
05-27 03:02:44.369 E/minksocket( 1748): MinkIPC_QRTR_Service: client with node 1 port 6b58 went down
05-27 03:02:44.369 E/minksocket( 1748): MinkIPC_QRTR_Service: client with node 1 port 6b59 went down
05-27 03:02:44.369 E/minksocket( 1748): MinkIPC_QRTR_Service: client with node 1 port 6b5a went down
05-27 03:02:44.371 E/minksocket( 1748): MinkIPC_QRTR_Service: client with node 1 port 6b5b went down
05-27 03:02:44.439 I/NearbySharing(26027): Network state changed: NetworkState(isRestricted=false, isOnline=true, isCongested=false, isMetered=true, isWifiConnected=false)
05-27 03:02:44.582 D/NewPipeDownloader(23499): Response Code: 200 for https://youtubei.googleapis.com/youtubei/v1/visitor_id?prettyPrint=false
05-27 03:02:44.587 D/NewPipeDownloader(23499): Executing request: https://youtubei.googleapis.com/youtubei/v1/reel/reel_item_watch?prettyPrint=false&t=_Ie5K5sr5mCx&id=7c3-Gei5j4w&$fields=playerResponse
05-27 03:02:44.628 D/StatusBarIconController( 7709): ignoring old pipeline callbacks, because the new mobile icons are enabled
05-27 03:02:44.632 I/ThermalEngine(29098): ACTION: freeze_rule - Setting freeze_rule to 0
05-27 03:02:44.632 I/ThermalEngine(29098): Monitor:INACTIVE:FREEZE-CHG:freeze_rule=1:DETECT-STANDBY=0
05-27 03:02:44.632 I/Thermal-Lib(29098): Thermal-Lib-Client: Client request sent
05-27 03:02:44.632 I/ThermalEngine(29098): Thermal-Server: Thermal received msg from  freezing
05-27 03:02:44.632 I/ThermalEngine(29098): ACTION: override_c - Setting override_c to 0
05-27 03:02:44.632 I/ThermalEngine(29098): Monitor:INACTIVE:OVERRIDE-CHG:internal_override=1:DETECT-STANDBY=0
05-27 03:02:44.632 I/Thermal-Lib(29098): Thermal-Lib-Client: Client request sent
05-27 03:02:44.632 I/ThermalEngine(29098): Thermal-Server: Thermal received msg from  override_c
05-27 03:02:44.633 I/ThermalEngine(29098): Monitor:ACTIVE:MON-MSM-charge:battery=9:CHG-SENSORS=41663
05-27 03:02:44.806 I/QcrilOemhookMsgTunnel( 4028): [0]processOemHookIndication length=33
05-27 03:02:44.807 D/QcrilMsgTunnelIfaceManager( 4028): handleMessage what = 5
05-27 03:02:44.807 I/QcrilOemhookMsgTunnel( 4028): [0]processOemHookIndication length=12
05-27 03:02:44.808 D/QcrilMsgTunnelIfaceManager( 4028): handleMessage what = 5
05-27 03:02:44.860 D/NewPipeDownloader(23499): Response Code: 200 for https://youtubei.googleapis.com/youtubei/v1/reel/reel_item_watch?prettyPrint=false&t=_Ie5K5sr5mCx&id=7c3-Gei5j4w&$fields=playerResponse
05-27 03:02:44.873 D/NewPipeDownloader(23499): Executing request: https://www.youtube.com/youtubei/v1/visitor_id?prettyPrint=false
05-27 03:02:44.919 I/QcrilOemhookMsgTunnel( 4028): [0]processOemHookIndication length=33
05-27 03:02:44.920 I/QcrilOemhookMsgTunnel( 4028): [0]processOemHookIndication length=12
05-27 03:02:44.920 D/QcrilMsgTunnelIfaceManager( 4028): handleMessage what = 5
05-27 03:02:44.922 D/QcrilMsgTunnelIfaceManager( 4028): handleMessage what = 5
05-27 03:02:44.994 D/NewPipeDownloader(23499): Response Code: 200 for https://www.youtube.com/youtubei/v1/visitor_id?prettyPrint=false
05-27 03:02:44.998 D/NewPipeDownloader(23499): Executing request: https://www.youtube.com/youtubei/v1/player?prettyPrint=false&$fields=microformat,playabilityStatus,storyboards,videoDetails
05-27 03:02:45.154 D/NewPipeDownloader(23499): Response Code: 200 for https://www.youtube.com/youtubei/v1/player?prettyPrint=false&$fields=microformat,playabilityStatus,storyboards,videoDetails
05-27 03:02:45.161 D/NewPipeDownloader(23499): Executing request: https://www.youtube.com/youtubei/v1/next?prettyPrint=false
05-27 03:02:45.257 D/MotoSxfService( 3077): unknown touch type
05-27 03:02:45.416 I/QcrilOemhookMsgTunnel( 4028): [0]processOemHookIndication length=33
05-27 03:02:45.417 D/QcrilMsgTunnelIfaceManager( 4028): handleMessage what = 5
05-27 03:02:45.418 I/QcrilOemhookMsgTunnel( 4028): [0]processOemHookIndication length=12
05-27 03:02:45.419 I/QcrilOemhookMsgTunnel( 4028): [0]processOemHookIndication length=21
05-27 03:02:45.419 D/QcrilMsgTunnelIfaceManager( 4028): handleMessage what = 5
05-27 03:02:45.420 D/QcrilMsgTunnelIfaceManager( 4028): handleMessage what = 0
05-27 03:02:45.421 D/QC_RIL_OEM_HOOK( 4028): Received Broadcast Intent ACTION_UNSOL_RESPONSE_OEM_HOOK_RAW
05-27 03:02:45.422 D/QC_RIL_OEM_HOOK( 4028): Oem ID in QCRILHOOK UNSOL RESP is QOEMHOOK
05-27 03:02:45.422 D/QC_RIL_OEM_HOOK( 4090): Received Broadcast Intent ACTION_UNSOL_RESPONSE_OEM_HOOK_RAW
05-27 03:02:45.422 D/QC_RIL_OEM_HOOK( 4090): Oem ID in QCRILHOOK UNSOL RESP is QOEMHOOK
05-27 03:02:45.422 D/QC_RIL_OEM_HOOK( 4090): Received Broadcast Intent ACTION_UNSOL_RESPONSE_OEM_HOOK_RAW
05-27 03:02:45.422 D/QC_RIL_OEM_HOOK( 4090): Oem ID in QCRILHOOK UNSOL RESP is QOEMHOOK
05-27 03:02:45.424 D/PowerManagerService( 3077): nativeAcquireSuspendBlocker name:PowerManagerService.WakeLocks duration ms: 2
05-27 03:02:45.430 I/QcrilOemhookMsgTunnel( 4028): [0]processOemHookIndication length=21
05-27 03:02:45.431 D/QcrilMsgTunnelIfaceManager( 4028): handleMessage what = 0
05-27 03:02:45.431 W/IWlanNetworkService( 4019): 115247 > Response Processed
05-27 03:02:45.433 D/QC_RIL_OEM_HOOK( 4028): Received Broadcast Intent ACTION_UNSOL_RESPONSE_OEM_HOOK_RAW
05-27 03:02:45.433 D/QC_RIL_OEM_HOOK( 4028): Oem ID in QCRILHOOK UNSOL RESP is QOEMHOOK
05-27 03:02:45.435 I/QcrilOemhookMsgTunnel( 4028): [0]processOemHookIndication length=33
05-27 03:02:45.435 D/QcrilMsgTunnelIfaceManager( 4028): handleMessage what = 5
05-27 03:02:45.435 I/QcrilOemhookMsgTunnel( 4028): [0]processOemHookIndication length=12
05-27 03:02:45.436 D/QcrilMsgTunnelIfaceManager( 4028): handleMessage what = 5
05-27 03:02:45.438 D/QC_RIL_OEM_HOOK( 4090): Received Broadcast Intent ACTION_UNSOL_RESPONSE_OEM_HOOK_RAW
05-27 03:02:45.438 D/QC_RIL_OEM_HOOK( 4090): Oem ID in QCRILHOOK UNSOL RESP is QOEMHOOK
05-27 03:02:45.438 D/QC_RIL_OEM_HOOK( 4090): Received Broadcast Intent ACTION_UNSOL_RESPONSE_OEM_HOOK_RAW
05-27 03:02:45.438 D/QC_RIL_OEM_HOOK( 4090): Oem ID in QCRILHOOK UNSOL RESP is QOEMHOOK
05-27 03:02:45.439 E/RIL-MOTEXT( 2502): qcrilUpdateOperator, called
05-27 03:02:45.441 W/IWlanNetworkService( 4019): 115248 > Response Processed
05-27 03:02:45.445 I/qcc-trd ( 2475): qdmaConnectivityInfoProvider: Into parseLTESysInfo()
05-27 03:02:45.447 E/RIL-MOTEXT( 2502): qcrilUpdRegRAT, called , rat =5
05-27 03:02:45.449 I/QImsService( 4049): ImsRadioIndicationAidl : onServiceDomainChanged()[SUB0]
05-27 03:02:45.449 I/QImsService( 4049): ImsSenderRxr : [UNSL]< UNSOL_SERVICE_DOMAIN_CHANGED 3[SUB0]
05-27 03:02:45.450 I/QcrilOemhookMsgTunnel( 4028): [0]processOemHookIndication length=16
05-27 03:02:45.450 D/QcrilMsgTunnelIfaceManager( 4028): handleMessage what = 5
05-27 03:02:45.450 I/QImsService( 4049): ImsRegistrationController : Message received: what = 5
05-27 03:02:45.450 I/QImsService( 4049): ImsRegistrationController : handleSrvDomainChanged
05-27 03:02:45.457 E/RIL-MOTEXT( 2502): qcrilUpdateOperator, called
05-27 03:02:45.459 I/QcrilOemhookMsgTunnel( 4028): [0]processOemHookIndication length=21
05-27 03:02:45.459 D/QcrilMsgTunnelIfaceManager( 4028): handleMessage what = 0
05-27 03:02:45.463 D/QtiRadioAidl( 4028): onNrIconTypeChange: slotId = 0NrIconType = 1
05-27 03:02:45.463 D/QtiRadioProxy( 4028): onNrIconType slotId = 0 NrIconType = NrIconType: 1
05-27 03:02:45.463 D/GlobalActionsDialogLite( 7709): Service changed before actions created
05-27 03:02:45.463 D/GlobalActionsDialogLite( 7709): Service changed before actions created
05-27 03:02:45.463 D/GlobalActionsDialogLite( 7709): Service changed before actions created
05-27 03:02:45.463 D/QC_RIL_OEM_HOOK( 4028): Received Broadcast Intent ACTION_UNSOL_RESPONSE_OEM_HOOK_RAW
05-27 03:02:45.463 D/QC_RIL_OEM_HOOK( 4028): Oem ID in QCRILHOOK UNSOL RESP is QOEMHOOK
05-27 03:02:45.464 D/QtiRadioProxyHandler: ( 4028): handleMessage msg.what = 1
05-27 03:02:45.464 D/QtiRadioProxyHandler: ( 4028): EVENT_ON_NR_ICON_TYPE
05-27 03:02:45.464 D/ExtTelephonyServiceImpl( 4028): Retrieved callbacks for event = 20 list = [com.qti.extphone.IExtPhoneCallback$Stub$Proxy@560e108]
05-27 03:02:45.464 D/QtiRadioProxy( 4028): onNrIconType: Responding back for transaction = null
05-27 03:02:45.464 I/QcrilOemhookMsgTunnel( 4028): [0]processOemHookIndication length=13
05-27 03:02:45.464 D/QcrilMsgTunnelIfaceManager( 4028): handleMessage what = 5
05-27 03:02:45.465 D/HeadsetPhoneState( 3992): Enter onServiceStateChanged
05-27 03:02:45.465 W/ContextImpl( 3077): Calling a method in the system process without a qualified user: android.app.ContextImpl.sendBroadcastMultiplePermissions:1281 android.content.Context.sendBroadcastMultiplePermissions:2476 com.android.server.TelephonyRegistry.broadcastServiceStateChanged:3597 com.android.server.TelephonyRegistry.notifyServiceStateForPhoneId:1734 com.android.internal.telephony.ITelephonyRegistry$Stub.onTransact:550 
05-27 03:02:45.466 W/ContextImpl( 3077): Calling a method in the system process without a qualified user: android.app.ContextImpl.sendBroadcastMultiplePermissions:1314 com.android.server.TelephonyRegistry.broadcastServiceStateChanged:3602 com.android.server.TelephonyRegistry.notifyServiceStateForPhoneId:1734 com.android.internal.telephony.ITelephonyRegistry$Stub.onTransact:550 android.os.Binder.execTransactInternal:1380 
05-27 03:02:45.466 D/CBR_SystemUI( 7709): CarrierLabel - : updateLabel cellMsg:  cellEnabled: false
05-27 03:02:45.466 D/CBR_SystemUI( 7709): CarrierLabel - : updateLabel mCellBroadcastMessage Visibility: 8
05-27 03:02:45.466 D/CBR_SystemUI( 7709): CarrierLabel - : updateLabel cellMsg:  cellEnabled: false
05-27 03:02:45.466 D/CBR_SystemUI( 7709): CarrierLabel - : updateLabel mCellBroadcastMessage Visibility: 8
05-27 03:02:45.466 W/ContextImpl( 3077): Calling a method in the system process without a qualified user: android.app.ContextImpl.sendBroadcastMultiplePermissions:1314 com.android.server.TelephonyRegistry.broadcastServiceStateChanged:3611 com.android.server.TelephonyRegistry.notifyServiceStateForPhoneId:1734 com.android.internal.telephony.ITelephonyRegistry$Stub.onTransact:550 android.os.Binder.execTransactInternal:1380 
05-27 03:02:45.466 W/ContextImpl( 3077): Calling a method in the system process without a qualified user: android.app.ContextImpl.sendBroadcastMultiplePermissions:1314 com.android.server.TelephonyRegistry.broadcastServiceStateChanged:3617 com.android.server.TelephonyRegistry.notifyServiceStateForPhoneId:1734 com.android.internal.telephony.ITelephonyRegistry$Stub.onTransact:550 android.os.Binder.execTransactInternal:1380 
05-27 03:02:45.467 D/ServiceStateProvider( 4090): subId=1
05-27 03:02:45.468 E/minksocket( 1748): MinkIPC_QRTR_Service: client with node 1 port 6b5c went down
05-27 03:02:45.469 D/CellBroadcastReceiver(24719): onReceive Intent { act=android.intent.action.SERVICE_STATE flg=0x1000010 cmp=com.google.android.cellbroadcastreceiver/com.android.cellbroadcastreceiver.CellBroadcastReceiver (has extras) }
05-27 03:02:45.469 E/minksocket( 1748): MinkIPC_QRTR_Service: client with node 1 port 6b5d went down
05-27 03:02:45.469 I/QcrilOemhookMsgTunnel( 4028): [0]processOemHookIndication length=16
05-27 03:02:45.470 D/QcrilMsgTunnelIfaceManager( 4028): handleMessage what = 5
05-27 03:02:45.470 E/minksocket( 1748): MinkIPC_QRTR_Service: client with node 1 port 6b5e went down
05-27 03:02:45.471 E/minksocket( 1748): MinkIPC_QRTR_Service: client with node 1 port 6b5f went down
05-27 03:02:45.471 D/CellBroadcastReceiver(24719): onServiceStateChanged, ss: 0
05-27 03:02:45.472 D/CellBroadcastReceiver(24719): networkOperator: 40410
05-27 03:02:45.472 E/RIL-MOTEXT( 2502): qcrilUpdateOperator, called
05-27 03:02:45.472 D/StatusBarIconController( 7709): ignoring old pipeline callbacks, because the new mobile icons are enabled
05-27 03:02:45.472 D/CellBroadcastReceiver(24719): update supported roaming operator as 
05-27 03:02:45.473 E/RIL-MOTEXT( 2502): qcrilUpdateOperator, called
05-27 03:02:45.474 D/CBR_SystemUI( 7709): CarrierLabel - : updateLabel cellMsg:  cellEnabled: false
05-27 03:02:45.474 D/CBR_SystemUI( 7709): CarrierLabel - : updateLabel mCellBroadcastMessage Visibility: 8
05-27 03:02:45.474 D/CBR_SystemUI( 7709): CarrierLabel - : updateLabel cellMsg:  cellEnabled: false
05-27 03:02:45.474 D/CBR_SystemUI( 7709): CarrierLabel - : updateLabel mCellBroadcastMessage Visibility: 8
05-27 03:02:45.474 D/StatusBarIconController( 7709): ignoring old pipeline callbacks, because the new mobile icons are enabled
05-27 03:02:45.475 W/IWlanNetworkService( 4019): 115250 > Response Processed
05-27 03:02:45.476 D/Telephony( 4090): TelecomAccountTelephonyCallback: onServiceStateChanged called.
05-27 03:02:45.476 I/Telephony( 4090): TelecomAccountTelephonyCallback: onServiceStateChanged: newState=0, mServiceState=0
05-27 03:02:45.480 I/Telephony( 4090): AccountEntry: isRttCurrentlySupported -- regular acct, hasVoiceAvailability: true
05-27 03:02:45.480 I/Telephony( 4090):  isRttSupported: false
05-27 03:02:45.480 I/Telephony( 4090):  alwaysAllowWhileRoaming: false
05-27 03:02:45.480 I/Telephony( 4090):  isRoaming: false
05-27 03:02:45.480 I/Telephony( 4090):  isOnWfc: false
05-27 03:02:45.480 I/Telephony( 4090): VoiceActivationHandler: Service state is IN_SERVICE. Set voice activation state to ACTIVATED
05-27 03:02:45.481 D/QC_RIL_OEM_HOOK( 4090): Received Broadcast Intent ACTION_UNSOL_RESPONSE_OEM_HOOK_RAW
05-27 03:02:45.481 D/QC_RIL_OEM_HOOK( 4090): Oem ID in QCRILHOOK UNSOL RESP is QOEMHOOK
05-27 03:02:45.481 D/QC_RIL_OEM_HOOK( 4090): Received Broadcast Intent ACTION_UNSOL_RESPONSE_OEM_HOOK_RAW
05-27 03:02:45.481 D/QC_RIL_OEM_HOOK( 4090): Oem ID in QCRILHOOK UNSOL RESP is QOEMHOOK
05-27 03:02:45.486 D/HeadsetPhoneState( 3992): Enter onServiceStateChanged
05-27 03:02:45.486 W/ContextImpl( 3077): Calling a method in the system process without a qualified user: android.app.ContextImpl.sendBroadcastMultiplePermissions:1281 android.content.Context.sendBroadcastMultiplePermissions:2476 com.android.server.TelephonyRegistry.broadcastServiceStateChanged:3597 com.android.server.TelephonyRegistry.notifyServiceStateForPhoneId:1734 com.android.internal.telephony.ITelephonyRegistry$Stub.onTransact:550 
05-27 03:02:45.487 D/StatusBarIconController( 7709): ignoring old pipeline callbacks, because the new mobile icons are enabled
05-27 03:02:45.487 D/StatusBarIconController( 7709): ignoring old pipeline callbacks, because the new mobile icons are enabled
05-27 03:02:45.487 W/ContextImpl( 3077): Calling a method in the system process without a qualified user: android.app.ContextImpl.sendBroadcastMultiplePermissions:1314 com.android.server.TelephonyRegistry.broadcastServiceStateChanged:3602 com.android.server.TelephonyRegistry.notifyServiceStateForPhoneId:1734 com.android.internal.telephony.ITelephonyRegistry$Stub.onTransact:550 android.os.Binder.execTransactInternal:1380 
05-27 03:02:45.487 D/GlobalActionsDialogLite( 7709): Service changed before actions created
05-27 03:02:45.487 D/GlobalActionsDialogLite( 7709): Service changed before actions created
05-27 03:02:45.487 D/GlobalActionsDialogLite( 7709): Service changed before actions created
05-27 03:02:45.487 W/ContextImpl( 3077): Calling a method in the system process without a qualified user: android.app.ContextImpl.sendBroadcastMultiplePermissions:1314 com.android.server.TelephonyRegistry.broadcastServiceStateChanged:3611 com.android.server.TelephonyRegistry.notifyServiceStateForPhoneId:1734 com.android.internal.telephony.ITelephonyRegistry$Stub.onTransact:550 android.os.Binder.execTransactInternal:1380 
05-27 03:02:45.488 W/ContextImpl( 3077): Calling a method in the system process without a qualified user: android.app.ContextImpl.sendBroadcastMultiplePermissions:1314 com.android.server.TelephonyRegistry.broadcastServiceStateChanged:3617 com.android.server.TelephonyRegistry.notifyServiceStateForPhoneId:1734 com.android.internal.telephony.ITelephonyRegistry$Stub.onTransact:550 android.os.Binder.execTransactInternal:1380 
05-27 03:02:45.489 D/CellBroadcastReceiver(24719): onReceive Intent { act=android.intent.action.SERVICE_STATE flg=0x1000010 cmp=com.google.android.cellbroadcastreceiver/com.android.cellbroadcastreceiver.CellBroadcastReceiver (has extras) }
05-27 03:02:45.491 D/CellBroadcastReceiver(24719): onServiceStateChanged, ss: 0
05-27 03:02:45.491 D/CellBroadcastReceiver(24719): networkOperator: 40410
05-27 03:02:45.491 D/CellBroadcastReceiver(24719): update supported roaming operator as 
05-27 03:02:45.492 D/Telephony( 4090): TelecomAccountTelephonyCallback: onServiceStateChanged called.
05-27 03:02:45.492 I/Telephony( 4090): TelecomAccountTelephonyCallback: onServiceStateChanged: newState=0, mServiceState=0
05-27 03:02:45.492 W/IWlanNetworkService( 4019): 115251 > Response Processed
05-27 03:02:45.492 E/RIL-MOTEXT( 2502): qcrilUpdateOperator, called
05-27 03:02:45.493 D/CBR_SystemUI( 7709): CarrierLabel - : updateLabel cellMsg:  cellEnabled: false
05-27 03:02:45.493 D/CBR_SystemUI( 7709): CarrierLabel - : updateLabel mCellBroadcastMessage Visibility: 8
05-27 03:02:45.493 D/CBR_SystemUI( 7709): CarrierLabel - : updateLabel cellMsg:  cellEnabled: false
05-27 03:02:45.493 D/CBR_SystemUI( 7709): CarrierLabel - : updateLabel mCellBroadcastMessage Visibility: 8
05-27 03:02:45.493 D/StatusBarIconController( 7709): ignoring old pipeline callbacks, because the new mobile icons are enabled
05-27 03:02:45.497 I/Telephony( 4090): AccountEntry: isRttCurrentlySupported -- regular acct, hasVoiceAvailability: true
05-27 03:02:45.497 I/Telephony( 4090):  isRttSupported: false
05-27 03:02:45.497 I/Telephony( 4090):  alwaysAllowWhileRoaming: false
05-27 03:02:45.497 I/Telephony( 4090):  isRoaming: false
05-27 03:02:45.497 I/Telephony( 4090):  isOnWfc: false
05-27 03:02:45.497 I/Telephony( 4090): VoiceActivationHandler: Service state is IN_SERVICE. Set voice activation state to ACTIVATED
05-27 03:02:45.502 D/EnhancedConnectivityController( 3077): Default net onCapabilitiesChanged
05-27 03:02:45.502 D/EnhancedConnectivityController( 3077): updateDefaultNet:986
05-27 03:02:45.502 D/QCNEJ/WwanInfoRelay( 4019): onCapabilitiesChanged: 986 [ Transports: CELLULAR Capabilities: SUPL&FOTA&INTERNET&NOT_RESTRICTED&TRUSTED&NOT_VPN&VALIDATED&NOT_ROAMING&FOREGROUND&NOT_CONGESTED&NOT_SUSPENDED&NOT_VCN_MANAGED LinkUpBandwidth>=26075Kbps LinkDnBandwidth>=26075Kbps Specifier: <TelephonyNetworkSpecifier [mSubId = 1]> SubscriptionIds: {1} UnderlyingNetworks: Null]
05-27 03:02:45.503 I/ModemStats( 6458): [DataStallDetectService] onCapabilitiesChanged networkCapabilities=[ Transports: CELLULAR Capabilities: SUPL&FOTA&INTERNET&NOT_RESTRICTED&TRUSTED&NOT_VPN&VALIDATED&NOT_ROAMING&FOREGROUND&NOT_CONGESTED&NOT_SUSPENDED&NOT_VCN_MANAGED LinkUpBandwidth>=26075Kbps LinkDnBandwidth>=26075Kbps Specifier: <TelephonyNetworkSpecifier [mSubId = 1]> SubscriptionIds: {1} UnderlyingNetworks: Null]
05-27 03:02:45.503 I/ModemStats( 6458): [DataStallDetectService] onCapabilitiesChanged NET_CAPABILITY_VALIDATED=true
05-27 03:02:45.503 I/ModemStats( 6458): [DataStallDetectService] onCapabilitiesChanged mDataStallManager.mDataStallInstance=null
05-27 03:02:45.503 I/ModemStats( 6458): [DataStallDetectService] onCapabilitiesChanged mDataStallSmart5gManager.mDataStallInstance=null
05-27 03:02:45.503 D/QCNEJ/NativeHalConnector( 4019): -> SND notifyDefaultNetworkChanged(0)
05-27 03:02:45.506 I/QCC:JobConnWait( 5351): onCapabilitiesChanged()
05-27 03:02:45.506 I/QCC:JobConnWait( 5351): capabilities: [1, 3, 12, 13, 14, 15, 16, 18, 19, 20, 21, 28]
05-27 03:02:45.506 I/QCC:JobConnWait( 5351): captivePortal: false
05-27 03:02:45.506 I/QCC:JobConnWait( 5351): runPendingJob jobType: 5, connType:1
05-27 03:02:45.506 I/QCC:NetworkStat( 5351): getActiveNetwork(ctx) invoked.
05-27 03:02:45.506 I/QCNEJ/WwanInfoRelay( 4019): cacheWwanInfo subId = 1 phoneId = 0 slotId = 0
05-27 03:02:45.509 I/QCC:NetworkStat( 5351): mobile is available
05-27 03:02:45.509 I/QCC:JobConnWait( 5351): expectedConnType is not available 
05-27 03:02:45.509 I/QCC:JobConnWait( 5351): runPendingJob ret : false
05-27 03:02:45.511 D/CBR_SystemUI( 7709): CarrierLabel - : updateLabel cellMsg:  cellEnabled: false
05-27 03:02:45.511 D/CBR_SystemUI( 7709): CarrierLabel - : updateLabel mCellBroadcastMessage Visibility: 8
05-27 03:02:45.511 D/CBR_SystemUI( 7709): CarrierLabel - : updateLabel cellMsg:  cellEnabled: false
05-27 03:02:45.511 D/CBR_SystemUI( 7709): CarrierLabel - : updateLabel mCellBroadcastMessage Visibility: 8
05-27 03:02:45.511 D/StatusBarIconController( 7709): ignoring old pipeline callbacks, because the new mobile icons are enabled
05-27 03:02:45.517 D/HeadsetPhoneState( 3992): Enter onServiceStateChanged
05-27 03:02:45.518 W/ContextImpl( 3077): Calling a method in the system process without a qualified user: android.app.ContextImpl.sendBroadcastMultiplePermissions:1281 android.content.Context.sendBroadcastMultiplePermissions:2476 com.android.server.TelephonyRegistry.broadcastServiceStateChanged:3597 com.android.server.TelephonyRegistry.notifyServiceStateForPhoneId:1734 com.android.internal.telephony.ITelephonyRegistry$Stub.onTransact:550 
05-27 03:02:45.518 W/ContextImpl( 3077): Calling a method in the system process without a qualified user: android.app.ContextImpl.sendBroadcastMultiplePermissions:1314 com.android.server.TelephonyRegistry.broadcastServiceStateChanged:3602 com.android.server.TelephonyRegistry.notifyServiceStateForPhoneId:1734 com.android.internal.telephony.ITelephonyRegistry$Stub.onTransact:550 android.os.Binder.execTransactInternal:1380 
05-27 03:02:45.519 W/ContextImpl( 3077): Calling a method in the system process without a qualified user: android.app.ContextImpl.sendBroadcastMultiplePermissions:1314 com.android.server.TelephonyRegistry.broadcastServiceStateChanged:3611 com.android.server.TelephonyRegistry.notifyServiceStateForPhoneId:1734 com.android.internal.telephony.ITelephonyRegistry$Stub.onTransact:550 android.os.Binder.execTransactInternal:1380 
05-27 03:02:45.519 W/ContextImpl( 3077): Calling a method in the system process without a qualified user: android.app.ContextImpl.sendBroadcastMultiplePermissions:1314 com.android.server.TelephonyRegistry.broadcastServiceStateChanged:3617 com.android.server.TelephonyRegistry.notifyServiceStateForPhoneId:1734 com.android.internal.telephony.ITelephonyRegistry$Stub.onTransact:550 android.os.Binder.execTransactInternal:1380 
05-27 03:02:45.519 D/ServiceStateProvider( 4090): subId=1
05-27 03:02:45.520 D/GlobalActionsDialogLite( 7709): Service changed before actions created
05-27 03:02:45.520 D/GlobalActionsDialogLite( 7709): Service changed before actions created
05-27 03:02:45.520 D/GlobalActionsDialogLite( 7709): Service changed before actions created
05-27 03:02:45.520 D/CBR_SystemUI( 7709): CarrierLabel - : updateLabel cellMsg:  cellEnabled: false
05-27 03:02:45.520 D/CBR_SystemUI( 7709): CarrierLabel - : updateLabel mCellBroadcastMessage Visibility: 8
05-27 03:02:45.520 D/CBR_SystemUI( 7709): CarrierLabel - : updateLabel cellMsg:  cellEnabled: false
05-27 03:02:45.520 D/CBR_SystemUI( 7709): CarrierLabel - : updateLabel mCellBroadcastMessage Visibility: 8
05-27 03:02:45.520 D/StatusBarIconController( 7709): ignoring old pipeline callbacks, because the new mobile icons are enabled
05-27 03:02:45.521 D/CellBroadcastReceiver(24719): onReceive Intent { act=android.intent.action.SERVICE_STATE flg=0x1000010 cmp=com.google.android.cellbroadcastreceiver/com.android.cellbroadcastreceiver.CellBroadcastReceiver (has extras) }
05-27 03:02:45.521 D/QCNEJ/DataCallAgent( 4019): onLinkPropertiesChanged: 984 mSubId: 1 mSlotId: 1
05-27 03:02:45.523 D/QCNEJ/WwanInfoRelay( 4019): onLinkPropertiesChanged: 986{InterfaceName: rmnet_data1 LinkAddresses: [ 100.113.229.30/30,2401:4900:a068:1a85:5c53:c8ff:fe55:1839/64 ] DnsAddresses: [ /117.96.122.142,/117.96.122.144,/2401:4900:50:9::7d0,/2401:4900:50:9::7d2 ] UsePrivateDns: true PrivateDnsServerName: family.adguard-dns.com ValidatedPrivateDnsAddresses: [2a10:50c0::bad1:ff,2a10:50c0::bad2:ff,94.140.15.16,94.140.14.15] Domains: null MTU: 1500 TcpBufferSizes: 2097152,6291456,16777216,512000,2097152,8388608 Routes: [ 0.0.0.0/0 -> 100.113.229.29 rmnet_data1 mtu 1500,::/0 -> fe80::d876:9af7:7621:3778 rmnet_data1 mtu 1500,100.113.229.28/30 -> 0.0.0.0 rmnet_data1 mtu 0,2401:4900:a068:1a85::/64 -> :: rmnet_data1 mtu 0 ]}
05-27 03:02:45.524 I/Tethering( 3931): Looking for default routes on: {InterfaceName: rmnet_data1 LinkAddresses: [ 100.113.229.30/30,2401:4900:a068:1a85:5c53:c8ff:fe55:1839/64 ] DnsAddresses: [ /117.96.122.142,/117.96.122.144,/2401:4900:50:9::7d0,/2401:4900:50:9::7d2 ] UsePrivateDns: true PrivateDnsServerName: family.adguard-dns.com ValidatedPrivateDnsAddresses: [2a10:50c0::bad1:ff,2a10:50c0::bad2:ff,94.140.15.16,94.140.14.15] Domains: null MTU: 1500 TcpBufferSizes: 2097152,6291456,16777216,512000,2097152,8388608 Routes: [ 0.0.0.0/0 -> 100.113.229.29 rmnet_data1 mtu 1500,::/0 -> fe80::d876:9af7:7621:3778 rmnet_data1 mtu 1500,100.113.229.28/30 -> 0.0.0.0 rmnet_data1 mtu 0,2401:4900:a068:1a85::/64 -> :: rmnet_data1 mtu 0 ]}
05-27 03:02:45.524 I/Tethering( 3931): Found upstream interface(s): [rmnet_data1]
05-27 03:02:45.525 I/dnsmasq (28644): using nameserver 2401:4900:50:9::7d2#53
05-27 03:02:45.525 I/dnsmasq (28644): using nameserver 2401:4900:50:9::7d0#53
05-27 03:02:45.525 I/dnsmasq (28644): using nameserver 117.96.122.144#53
05-27 03:02:45.525 I/dnsmasq (28644): using nameserver 117.96.122.142#53
05-27 03:02:45.525 D/CellBroadcastReceiver(24719): onServiceStateChanged, ss: 0
05-27 03:02:45.525 D/CellBroadcastReceiver(24719): networkOperator: 40410
05-27 03:02:45.525 D/CellBroadcastReceiver(24719): update supported roaming operator as 
05-27 03:02:45.528 D/Telephony( 4090): TelecomAccountTelephonyCallback: onServiceStateChanged called.
05-27 03:02:45.528 I/Telephony( 4090): TelecomAccountTelephonyCallback: onServiceStateChanged: newState=0, mServiceState=0
05-27 03:02:45.531 I/Telephony( 4090): AccountEntry: isRttCurrentlySupported -- regular acct, hasVoiceAvailability: true
05-27 03:02:45.531 I/Telephony( 4090):  isRttSupported: false
05-27 03:02:45.531 I/Telephony( 4090):  alwaysAllowWhileRoaming: false
05-27 03:02:45.531 I/Telephony( 4090):  isRoaming: false
05-27 03:02:45.531 I/Telephony( 4090):  isOnWfc: false
05-27 03:02:45.531 I/Telephony( 4090): VoiceActivationHandler: Service state is IN_SERVICE. Set voice activation state to ACTIVATED
05-27 03:02:45.632 I/ThermalEngine(29098): Monitor:ACTIVE:FREEZE-CHG:freeze_rule=1:DETECT-STANDBY=1
05-27 03:02:45.632 I/ThermalEngine(29098): ACTION: freeze_rule - Setting freeze_rule to 1
05-27 03:02:45.633 I/ThermalEngine(29098): Monitor:ACTIVE:OVERRIDE-CHG:internal_override=1:DETECT-STANDBY=1
05-27 03:02:45.633 I/ThermalEngine(29098): ACTION: override_c - Setting override_c to 1
05-27 03:02:45.633 I/Thermal-Lib(29098): Thermal-Lib-Client: Client request sent
05-27 03:02:45.633 I/ThermalEngine(29098): Thermal-Server: Thermal received msg from  freezing
05-27 03:02:45.637 D/TelephonyManager( 4090): requestModemActivityInfo: Sending result to app: ModemActivityInfo{ mTimestamp=1653954785 mSleepTimeMs=1230195025 mIdleTimeMs=15022383 mActivityStatsTechSpecificInfo=[{mRat=UNKNOWN,mFrequencyRange=UNKNOWN,mTxTimeMs[]=[6842854, 5317096, 4912534, 3874835, 3984554],mRxTimeMs=383808691}]}
05-27 03:02:45.638 I/ThermalEngine(29098): Thermal-Server: Thermal received msg from  override_c
05-27 03:02:45.638 I/Thermal-Lib(29098): Thermal-Lib-Client: Client request sent
05-27 03:02:45.664 W/IWlanProxy( 4019): RESP_WAKE_LOCK_TIMEOUT
05-27 03:02:45.676 D/PowerManagerService( 3077): nativeReleaseSuspendBlocker name:PowerManagerService.WakeLocks duration ms: 0
05-27 03:02:45.726 D/NewPipeDownloader(23499): Response Code: 200 for https://www.youtube.com/youtubei/v1/next?prettyPrint=false
05-27 03:02:45.759 D/NewPipeDownloader(23499): Executing request: https://www.youtube.com/iframe_api
05-27 03:02:45.848 I/Diag-Router( 1750): 	 log code b825 set
05-27 03:02:45.848 I/Diag-Router( 1750): diag: In diag_copy_dci senidng data 156 entry 0x0 buf 0x7ff8cb8840
05-27 03:02:45.849 D/MOT_DCI ( 6446): Parsed log output: {"code":47141,"slotId":0,"timestamp":1779831160611,"rrc_controller_state":"CONNECTED","connectivity_mode":"NSA","lte_band_list":[1,40],"nr5g_cell_#_active_cc":1,"nr5g_active_cc_list":[{"#":0,"cell_id":210,"dl_arfcn":630000,"ul_arfcn":630000,"band":78,"dl_carrier_bw":"100","ul_carrier_bw":"100"}]}
05-27 03:02:45.910 D/NewPipeDownloader(23499): Response Code: 200 for https://www.youtube.com/iframe_api
05-27 03:02:45.912 D/NewPipeDownloader(23499): Executing request: https://www.youtube.com/s/player/c2f7551f/player_ias.vflset/en_GB/base.js
05-27 03:02:46.029 I/NearbySharing(26027): Network state changed: NetworkState(isRestricted=false, isOnline=true, isCongested=false, isMetered=true, isWifiConnected=false)
05-27 03:02:46.088 D/NewPipeDownloader(23499): Response Code: 200 for https://www.youtube.com/s/player/c2f7551f/player_ias.vflset/en_GB/base.js
05-27 03:02:46.501 D/PowerManagerService( 3077): nativeAcquireSuspendBlocker name:PowerManagerService.WakeLocks duration ms: 1
05-27 03:02:46.519 D/PowerManagerService( 3077): nativeReleaseSuspendBlocker name:PowerManagerService.WakeLocks duration ms: 1
05-27 03:02:46.572 E/minksocket( 1748): MinkIPC_QRTR_Service: client with node 1 port 6b60 went down
05-27 03:02:46.572 E/minksocket( 1748): MinkIPC_QRTR_Service: client with node 1 port 6b61 went down
05-27 03:02:46.573 E/minksocket( 1748): MinkIPC_QRTR_Service: client with node 1 port 6b62 went down
05-27 03:02:46.574 E/minksocket( 1748): MinkIPC_QRTR_Service: client with node 1 port 6b63 went down
05-27 03:02:46.769 D/YoutubeDS(23499): Video stream extraction for 7c3-Gei5j4w: DASH=false, HLS=false
05-27 03:02:46.769 W/YoutubeDS(23499): getStreamUrl: No valid DASH/HLS URL found for 7c3-Gei5j4w. Falling back to audio stream.
05-27 03:02:46.769 E/PlayerController(23499): First extraction fetched: null
05-27 03:02:46.769 E/PlayerController(23499): All stream extraction attempts failed!
05-27 03:02:46.770 D/CompatibilityChangeReporter(23499): Compat change id reported: 147798919; UID 10521; state: ENABLED
05-27 03:02:46.775 E/PlayerController(23499): Video item fallback: using YouTube iframe playback
05-27 03:02:46.784 D/ViewRootImpl( 7709): update {(0,102)(wrapxwrap) gr=BOTTOM CENTER ty=TOAST fmt=TRANSLUCENT
05-27 03:02:46.784 D/ViewRootImpl( 7709):   fl=NOT_FOCUSABLE NOT_TOUCHABLE KEEP_SCREEN_ON HARDWARE_ACCELERATED
05-27 03:02:46.784 D/ViewRootImpl( 7709):   pfl=FIT_INSETS_CONTROLLED TRUSTED_OVERLAY
05-27 03:02:46.784 D/ViewRootImpl( 7709):   bhv=DEFAULT
05-27 03:02:46.784 D/ViewRootImpl( 7709):   fitTypes=STATUS_BARS NAVIGATION_BARS CAPTION_BAR
05-27 03:02:46.784 D/ViewRootImpl( 7709):   fitIgnoreVis} by setView
05-27 03:02:46.791 D/CoreBackPreview( 3077): Window{52f2341 u0 Toast}: Setting back callback OnBackInvokedCallbackInfo{mCallback=android.window.IOnBackInvokedCallback$Stub$Proxy@5f8d0d4, mPriority=0, mIsAnimationCallback=false}
05-27 03:02:46.795 E/OpenGLRenderer( 7709): Unable to match the desired swap behavior.
05-27 03:02:47.074 D/PowerManagerService( 3077): nativeAcquireSuspendBlocker name:PowerManagerService.WakeLocks duration ms: 2
05-27 03:02:47.094 D/PowerManagerService( 3077): nativeReleaseSuspendBlocker name:PowerManagerService.WakeLocks duration ms: 0
05-27 03:02:47.095 I/QImsService( 4049): VtDataUsageProvider : onSetAlert:2097152
05-27 03:02:47.095 I/QImsService( 4049): ImsServiceClassTracker : updateAlertQuota:newQuota=2097152,Remaining=2097152
05-27 03:02:47.612 D/SponsorBlock(23499): Found 1 segments for 7c3-Gei5j4w
05-27 03:02:47.613 I/PlayerController(23499): Playing YouTube fallback in WebView. Bypassing ExoPlayer.
05-27 03:02:47.621 D/MusicPlayerService(23499): onCreate: Initializing MusicPlayerService
05-27 03:02:47.624 I/MediaSessionImpl(23499): Init 86b5af3 [AndroidXMedia3/1.5.1] [hiphi, motorola edge 30 pro, motorola, 34]
05-27 03:02:47.629 W/MediaSessionCompat(23499): Couldn't find a unique registered media button receiver in the given context.
05-27 03:02:47.630 I/MediaSessionStack( 3077): addSession to bottom of stack | record: com.deepeye.musicpro.debug/androidx.media3.session.id. (userId=0)
05-27 03:02:47.631 D/HeadsetService( 3992): getHeadsetService(): returning com.android.bluetooth.hfp.HeadsetService@9390a13
05-27 03:02:47.631 E/HeadsetStateMachine( 3992): returning mCurrentState as Disconnected
05-27 03:02:47.631 E/HeadsetStateMachine( 3992): returning mCurrentState as Disconnected
05-27 03:02:47.631 D/HeadsetService( 3992):  isAudioOn: The number of audio connected devices 0
05-27 03:02:47.631 D/HeadsetService( 3992): isScoOrCallActive(): Call Active:falseCall is Ringing:falseSCO is Active:false
05-27 03:02:47.631 E/HeadsetStateMachine( 3992): returning mCurrentState as Disconnected
05-27 03:02:47.631 E/HeadsetStateMachine( 3992): returning mCurrentState as Disconnected
05-27 03:02:47.631 D/HeadsetService( 3992):  isAudioOn: The number of audio connected devices 0
05-27 03:02:47.632 D/MotoMediaSessionUtils( 7709): onActiveSessionsChanged - controllers size: 2 mActiveControllers size: 1
05-27 03:02:47.633 V/Avrcp_ext( 3992): ActiveSession: MediaController (com.google.android.youtube@e812a15) The UFO Files | What was America SECRETLY Hiding For 89 Years? | Dhruv Rathee, Dhruv Rathee, Dhruv Rathee
05-27 03:02:47.633 V/Avrcp_ext( 3992): isBrowseSupported for com.google.android.youtube: false
05-27 03:02:47.633 D/Avrcp_ext( 3992): Adding media player info for com.google.android.youtube with id 3
05-27 03:02:47.634 D/MotoMediaSessionUtils( 7709): Final controllers count: 1
05-27 03:02:47.635 D/Avrcp_ext( 3992): update #3:MediaPlayerInfo com.google.android.youtube (as 'YouTube') Type = 1, SubType = 0, Status = 2 Feature Bits [40 41 42 44 45 47 48 58] Controller: MediaController (com.google.android.youtube@e812a15) The UFO Files | What was America SECRETLY Hiding For 89 Years? | Dhruv Rathee, Dhruv Rathee, Dhruv Rathee
05-27 03:02:47.635 V/Avrcp_ext( 3992): updateNewIds: Addressed:3 to 3, Browse:-1 to -1
05-27 03:02:47.636 D/Avrcp_ext( 3992): updateCurrentController: MediaController (com.google.android.youtube@ba0f12f) The UFO Files | What was America SECRETLY Hiding For 89 Years? | Dhruv Rathee, Dhruv Rathee, Dhruv Rathee to MediaController (com.google.android.youtube@e812a15) The UFO Files | What was America SECRETLY Hiding For 89 Years? | Dhruv Rathee, Dhruv Rathee, Dhruv Rathee
05-27 03:02:47.638 I/MediaSessionStack( 3077): onPlaybackStateChanged - Pushing session to top | record: com.deepeye.musicpro.debug/androidx.media3.session.id. (userId=0)
05-27 03:02:47.639 D/MotoMediaSessionUtils( 7709): onActiveSessionsChanged - controllers size: 3 mActiveControllers size: 1
05-27 03:02:47.640 V/Avrcp_ext( 3992): updateCurrentMediaState: mMediaController: MediaController (com.google.android.youtube@e812a15) The UFO Files | What was America SECRETLY Hiding For 89 Years? | Dhruv Rathee, Dhruv Rathee, Dhruv Rathee
05-27 03:02:47.640 W/Avrcp_ext( 3992): isMusicActive: false getBluetoothPlayState: 2 A2dp State: 11 mAudioPlaybackIsActive: false
05-27 03:02:47.640 D/Avrcp_ext( 3992): isMusicActive = false mAudioPlaybackIsActive = false player state = PlaybackState {state=PAUSED(2), position=89537, buffered position=0, speed=1.0, updated=1626108012, actions=8615, custom actions=[], active item id=-1, error=null}
05-27 03:02:47.641 D/Avrcp_ext( 3992): overwrite album_artist :Dhruv Ratheeif album is blank
05-27 03:02:47.641 D/MotoMediaSessionUtils( 7709): Final controllers count: 1
05-27 03:02:47.642 V/Avrcp_ext( 3992): Media update: id -1➡-1? [MediaAttributes: T⋯e - D⋯e by D⋯e (1350000 0/0) - ] : [MediaAttributes: T⋯e - D⋯e by D⋯e (1350000 0/0) - ]
05-27 03:02:47.642 D/Avrcp_ext( 3992): isPackageNameValid: browsedPackage = com.google.android.youtubeisValid = true
05-27 03:02:47.642 V/Avrcp_ext( 3992): isBrowseSupported for com.google.android.youtube: false
05-27 03:02:47.642 W/Avrcp_ext( 3992): updateCurrentMediaState: isInactivePlayer = false
05-27 03:02:47.642 V/Avrcp_ext( 3992): updatePlaybackState, state: PlaybackState {state=PAUSED(2), position=89537, buffered position=0, speed=1.0, updated=1626108012, actions=8615, custom actions=[], active item id=-1, error=null} device: null
05-27 03:02:47.642 V/Avrcp_ext( 3992): Device: no name: 
05-27 03:02:47.642 V/Avrcp_ext( 3992): Device: no name: 
05-27 03:02:47.642 V/Avrcp_ext( 3992): Device: no name: 
05-27 03:02:47.642 V/Avrcp_ext( 3992): Device: no name: 
05-27 03:02:47.642 V/Avrcp_ext( 3992): Device: no name: 
05-27 03:02:47.642 V/Avrcp_ext( 3992): updatePlayerStateAndPosition, old=PlaybackState {state=PAUSED(2), position=89537, buffered position=0, speed=1.0, updated=1626108012, actions=8615, custom actions=[], active item id=-1, error=null}, state=PlaybackState {state=PAUSED(2), position=89537, buffered position=0, speed=1.0, updated=1626108012, actions=8615, custom actions=[], active item id=-1, error=null}
05-27 03:02:47.642 V/Avrcp_ext( 3992): old state = PlaybackState {state=PAUSED(2), position=89537, buffered position=0, speed=1.0, updated=1626108012, actions=8615, custom actions=[], active item id=-1, error=null}, new state= PlaybackState {state=PAUSED(2), position=89537, buffered position=0, speed=1.0, updated=1626108012, actions=8615, custom actions=[], active item id=-1, error=null}
05-27 03:02:47.642 D/HeadsetService( 3992): getHeadsetService(): returning com.android.bluetooth.hfp.HeadsetService@9390a13
05-27 03:02:47.642 E/HeadsetStateMachine( 3992): returning mCurrentState as Disconnected
05-27 03:02:47.642 E/HeadsetStateMachine( 3992): returning mCurrentState as Disconnected
05-27 03:02:47.642 D/HeadsetService( 3992):  isAudioOn: The number of audio connected devices 0
05-27 03:02:47.642 D/HeadsetService( 3992): isScoOrCallActive(): Call Active:falseCall is Ringing:falseSCO is Active:false
05-27 03:02:47.642 E/HeadsetStateMachine( 3992): returning mCurrentState as Disconnected
05-27 03:02:47.642 E/HeadsetStateMachine( 3992): returning mCurrentState as Disconnected
05-27 03:02:47.642 D/HeadsetService( 3992):  isAudioOn: The number of audio connected devices 0
05-27 03:02:47.642 I/Avrcp_ext( 3992): updatePlayStatusForDevice: device: null
05-27 03:02:47.642 V/Avrcp_ext( 3992): updatePlaybackState (1): old=PlaybackState {state=PAUSED(2), position=89537, buffered position=0, speed=1.0, updated=1626108012, actions=8615, custom actions=[], active item id=-1, error=null}(2), new=PlaybackState {state=PAUSED(2), position=89537, buffered position=0, speed=1.0, updated=1626108012, actions=8615, custom actions=[], active item id=-1, error=null}(2)
05-27 03:02:47.642 I/Avrcp_ext( 3992): Exit updatePlayStatusForDevice
05-27 03:02:47.642 I/MediaController(23499): Init a5ce9ae [AndroidXMedia3/1.5.1] [hiphi, motorola edge 30 pro, motorola, 34]
05-27 03:02:47.642 E/HeadsetStateMachine( 3992): returning mCurrentState as Disconnected
05-27 03:02:47.642 E/HeadsetStateMachine( 3992): returning mCurrentState as Disconnected
05-27 03:02:47.642 D/HeadsetService( 3992):  isAudioOn: The number of audio connected devices 0
05-27 03:02:47.642 D/HeadsetService( 3992): isScoOrCallActive(): Call Active:falseCall is Ringing:falseSCO is Active:false
05-27 03:02:47.642 E/HeadsetStateMachine( 3992): returning mCurrentState as Disconnected
05-27 03:02:47.642 E/HeadsetStateMachine( 3992): returning mCurrentState as Disconnected
05-27 03:02:47.642 D/HeadsetService( 3992):  isAudioOn: The number of audio connected devices 0
