05-27 03:02:56.545 D/AS.AudioService( 3077): checkLimitedMusicVolumeForSpeaker mMaxMusicVolumeForSpeaker = 150index = 8
05-27 03:02:56.547 I/MR2ServiceImpl( 3077): setRouteVolumeWithManager | manager: 8, route: com.android.server.media/.SystemMediaRoute2Provider:DEVICE_ROUTE, volume: 7
05-27 03:02:56.550 D/CompatibilityChangeReporter( 3077): Compat change id reported: 168419799; UID 10170; state: DISABLED
05-27 03:02:56.550 D/CompatibilityChangeReporter( 3077): Compat change id reported: 273564678; UID 10170; state: DISABLED
05-27 03:02:56.551 D/AS.AudioService( 3077): setStreamVolume(stream=3, index=7, dev=null, calling=android)
05-27 03:02:56.551 D/AS.AudioService( 3077): checkLimitedMusicVolumeForSpeaker mMaxMusicVolumeForSpeaker = 150index = 7
05-27 03:02:56.552 I/AS.AudioService( 3077): VolumeChanged caller:android mStreamType:11 EXTRA_VOLUME_STREAM_VALUE:7 EXTRA_PREV_VOLUME_STREAM_VALUE:8
05-27 03:02:56.554 I/MR2ServiceImpl( 3077): setRouteVolumeWithManager | manager: 8, route: com.android.server.media/.SystemMediaRoute2Provider:DEVICE_ROUTE, volume: 7
05-27 03:02:56.554 I/AS.AudioService( 3077): VolumeChanged caller:android mStreamType:10 EXTRA_VOLUME_STREAM_VALUE:8 EXTRA_PREV_VOLUME_STREAM_VALUE:9
05-27 03:02:56.555 D/CompatibilityChangeReporter( 3077): Compat change id reported: 265195908; UID 10170; state: ENABLED
05-27 03:02:56.555 I/AS.AudioService( 3077): VolumeChanged caller:android mStreamType:9 EXTRA_VOLUME_STREAM_VALUE:7 EXTRA_PREV_VOLUME_STREAM_VALUE:8
05-27 03:02:56.556 I/AS.AudioService( 3077): VolumeChanged caller:android mStreamType:3 EXTRA_VOLUME_STREAM_VALUE:7 EXTRA_PREV_VOLUME_STREAM_VALUE:8
05-27 03:02:56.556 D/AS.AudioService( 3077): setStreamVolume(stream=3, index=7, dev=null, calling=android)
05-27 03:02:56.559 D/APM: VolumeManager( 3992): Media volume changed to 7
05-27 03:02:56.559 E/APM: VolumeManager( 3992): updateMediaStreamVolume: No Device Active for Media. Ignore
05-27 03:02:56.559 D/CompatibilityChangeReporter(25051): Compat change id reported: 171979766; UID 10170; state: ENABLED
05-27 03:02:56.560 D/CompatibilityChangeReporter(25051): Compat change id reported: 242716250; UID 10170; state: ENABLED
05-27 03:02:56.562 I/MR2ServiceImpl( 3077): setRouteVolumeWithManager | manager: 8, route: com.android.server.media/.SystemMediaRoute2Provider:DEVICE_ROUTE, volume: 7
05-27 03:02:56.563 D/AS.AudioService( 3077): checkLimitedMusicVolumeForSpeaker mMaxMusicVolumeForSpeaker = 150index = 7
05-27 03:02:56.563 I/vol.Events( 7709): writeEvent level_changed STREAM_MUSIC 7
05-27 03:02:56.565 D/CompatibilityChangeReporter( 3077): Compat change id reported: 170503758; UID 10170; state: ENABLED
05-27 03:02:56.565 D/AS.AudioService( 3077): setStreamVolume(stream=3, index=7, dev=null, calling=android)
05-27 03:02:56.565 D/AS.AudioService( 3077): checkLimitedMusicVolumeForSpeaker mMaxMusicVolumeForSpeaker = 150index = 7
05-27 03:02:56.572 I/MR2ServiceImpl( 3077): setRouteVolumeWithManager | manager: 8, route: com.android.server.media/.SystemMediaRoute2Provider:DEVICE_ROUTE, volume: 7
05-27 03:02:56.572 D/AS.AudioService( 3077): setStreamVolume(stream=3, index=7, dev=null, calling=android)
05-27 03:02:56.573 D/AS.AudioService( 3077): checkLimitedMusicVolumeForSpeaker mMaxMusicVolumeForSpeaker = 150index = 7
05-27 03:02:56.574 I/MR2ServiceImpl( 3077): setRouteVolumeWithManager | manager: 8, route: com.android.server.media/.SystemMediaRoute2Provider:DEVICE_ROUTE, volume: 7
05-27 03:02:56.575 D/AS.AudioService( 3077): setStreamVolume(stream=3, index=7, dev=null, calling=android)
05-27 03:02:56.575 D/AS.AudioService( 3077): checkLimitedMusicVolumeForSpeaker mMaxMusicVolumeForSpeaker = 150index = 7
05-27 03:02:56.575 D/nativeloader(25051): Configuring clns-4 for other apk /system/framework/moto-core_services.jar. target_sdk_version=34, uses_libraries=ALL, library_path=/product/priv-app/MotoMultiVolume/lib/arm64, permitted_path=/data:/mnt/expand:/data/user/0/com.motorola.dynamicvolume
05-27 03:02:56.575 D/nativeloader(25051): Extending system_exposed_libraries: libbinauralrenderer_wrapper.qti.so:libhoaeffects.qti.so:libQOC.qti.so:libparamupdater_jni.motoparamupdater.so:libjni_helper.motocameradesktop.so:libimgTuner_jni.motoimagetuner.so:libupdateprof.qti.so:libQOC.qti.so:libdiag_system.qti.so:libqape.qti.so:libqesdk_ndk_platform.qti.so:liblistenjni.qti.so
05-27 03:02:56.576 W/LocalMediaManager( 7709): BluetoothAdapter is null or muting expected device not exist
05-27 03:02:56.577 W/LocalMediaManager( 7709): BluetoothAdapter is null or muting expected device not exist
05-27 03:02:56.577 D/MediaDeviceManager( 7709): Can not get LocalBluetoothLeBroadcast
05-27 03:02:56.578 D/nativeloader(25051): Configuring clns-5 for other apk /system/framework/moto-checkin.jar. target_sdk_version=34, uses_libraries=ALL, library_path=/product/priv-app/MotoMultiVolume/lib/arm64, permitted_path=/data:/mnt/expand:/data/user/0/com.motorola.dynamicvolume
05-27 03:02:56.578 D/nativeloader(25051): Extending system_exposed_libraries: libbinauralrenderer_wrapper.qti.so:libhoaeffects.qti.so:libQOC.qti.so:libparamupdater_jni.motoparamupdater.so:libjni_helper.motocameradesktop.so:libimgTuner_jni.motoimagetuner.so:libupdateprof.qti.so:libQOC.qti.so:libdiag_system.qti.so:libqape.qti.so:libqesdk_ndk_platform.qti.so:liblistenjni.qti.so
05-27 03:02:56.587 D/nativeloader(25051): InitLlndkLibrariesProduct: libEGL.so:libGLESv1_CM.so:libGLESv2.so:libGLESv3.so:libRS.so:libandroid_net.so:libbinder_ndk.so:libc.so:libcgrouprc.so:libclang_rt.asan-aarch64-android.so:libclang_rt.asan-arm-android.so:libclang_rt.hwasan-aarch64-android.so:libcom.android.tethering.connectivity_native.so:libdl.so:libft2.so:liblog.so:libm.so:libmediandk.so:libnativewindow.so:libneuralnetworks.so:libselinux.so:libsync.so:libvndksupport.so:libvulkan.so
05-27 03:02:56.587 D/nativeloader(25051): Configuring product-clns-6 for unbundled product apk /product/priv-app/MotoMultiVolume/MotoMultiVolume.apk. target_sdk_version=34, uses_libraries=, library_path=/product/priv-app/MotoMultiVolume/lib/arm64:/product/lib64:/system/product/lib64, permitted_path=/data:/mnt/expand:/data/user/0/com.motorola.dynamicvolume:/product/lib64:/system/product/lib64
05-27 03:02:56.604 D/nativeloader(25051): InitVndkspLibrariesProduct: android.hardware.common-V2-ndk.so:android.hardware.common-V2-ndk_platform.so:android.hardware.common.fmq-V1-ndk.so:android.hardware.common.fmq-V1-ndk_platform.so:android.hardware.graphics.allocator-V2-ndk.so:android.hardware.graphics.allocator-V2-ndk_platform.so:android.hardware.graphics.common-V4-ndk.so:android.hardware.graphics.common-V4-ndk_platform.so:android.hardware.graphics.common@1.0.so:android.hardware.graphics.common@1.1.so:android.hardware.graphics.common@1.2.so:android.hardware.graphics.composer3-V1-ndk.so:android.hardware.graphics.composer3-V1-ndk_platform.so:android.hardware.graphics.mapper@2.0.so:android.hardware.graphics.mapper@2.1.so:android.hardware.graphics.mapper@3.0.so:android.hardware.graphics.mapper@4.0.so:android.hardware.renderscript@1.0.so:android.hidl.memory.token@1.0.so:android.hidl.memory@1.0-impl.so:android.hidl.memory@1.0.so:android.hidl.safe_union@1.0.so:libRSCpuRef.so:libRSDriver.so:libRS_internal.so:libbase.so:libbcinfo.so:libblas.so:libc++.so:lib
05-27 03:02:56.609 D/nativeloader(25051): Load libframework-connectivity-jni.so using APEX ns com_android_tethering for caller /apex/com.android.tethering/javalib/framework-connectivity.jar: ok
05-27 03:02:56.612 V/GraphicsEnvironment(25051): Currently set values for:
05-27 03:02:56.612 V/GraphicsEnvironment(25051):   angle_gl_driver_selection_pkgs=[]
05-27 03:02:56.612 V/GraphicsEnvironment(25051):   angle_gl_driver_selection_values=[]
05-27 03:02:56.612 V/GraphicsEnvironment(25051): ANGLE GameManagerService for com.motorola.dynamicvolume: false
05-27 03:02:56.612 V/GraphicsEnvironment(25051): com.motorola.dynamicvolume is not listed in per-application setting
05-27 03:02:56.614 I/MR2ServiceImpl( 3077): setRouteVolumeWithManager | manager: 8, route: com.android.server.media/.SystemMediaRoute2Provider:DEVICE_ROUTE, volume: 7
05-27 03:02:56.614 D/AS.AudioService( 3077): setStreamVolume(stream=3, index=7, dev=null, calling=android)
05-27 03:02:56.615 D/AS.AudioService( 3077): checkLimitedMusicVolumeForSpeaker mMaxMusicVolumeForSpeaker = 150index = 7
05-27 03:02:56.616 I/DynamicVolume(25051): DynamicVolumeProvider: onCreate
05-27 03:02:56.616 I/MR2ServiceImpl( 3077): setRouteVolumeWithManager | manager: 8, route: com.android.server.media/.SystemMediaRoute2Provider:DEVICE_ROUTE, volume: 6
05-27 03:02:56.617 D/AS.AudioService( 3077): setStreamVolume(stream=3, index=6, dev=null, calling=android)
05-27 03:02:56.617 D/AS.AudioService( 3077): checkLimitedMusicVolumeForSpeaker mMaxMusicVolumeForSpeaker = 150index = 6
05-27 03:02:56.617 I/AS.AudioService( 3077): VolumeChanged caller:android mStreamType:11 EXTRA_VOLUME_STREAM_VALUE:6 EXTRA_PREV_VOLUME_STREAM_VALUE:7
05-27 03:02:56.620 I/AS.AudioService( 3077): VolumeChanged caller:android mStreamType:10 EXTRA_VOLUME_STREAM_VALUE:7 EXTRA_PREV_VOLUME_STREAM_VALUE:8
05-27 03:02:56.622 I/AS.AudioService( 3077): VolumeChanged caller:android mStreamType:9 EXTRA_VOLUME_STREAM_VALUE:6 EXTRA_PREV_VOLUME_STREAM_VALUE:7
05-27 03:02:56.622 W/DynamicVolume(25051): y: notifyFeatureConfigureReady, featureActive: false
05-27 03:02:56.622 I/AS.AudioService( 3077): VolumeChanged caller:android mStreamType:3 EXTRA_VOLUME_STREAM_VALUE:6 EXTRA_PREV_VOLUME_STREAM_VALUE:7
05-27 03:02:56.625 D/APM: VolumeManager( 3992): Media volume changed to 6
05-27 03:02:56.625 E/APM: VolumeManager( 3992): updateMediaStreamVolume: No Device Active for Media. Ignore
05-27 03:02:56.626 I/MR2ServiceImpl( 3077): setRouteVolumeWithManager | manager: 8, route: com.android.server.media/.SystemMediaRoute2Provider:DEVICE_ROUTE, volume: 6
05-27 03:02:56.629 I/vol.Events( 7709): writeEvent level_changed STREAM_MUSIC 6
05-27 03:02:56.629 D/AS.AudioService( 3077): setStreamVolume(stream=3, index=6, dev=null, calling=android)
05-27 03:02:56.629 D/AS.AudioService( 3077): checkLimitedMusicVolumeForSpeaker mMaxMusicVolumeForSpeaker = 150index = 6
05-27 03:02:56.631 I/MR2ServiceImpl( 3077): setRouteVolumeWithManager | manager: 8, route: com.android.server.media/.SystemMediaRoute2Provider:DEVICE_ROUTE, volume: 6
05-27 03:02:56.632 D/AS.AudioService( 3077): setStreamVolume(stream=3, index=6, dev=null, calling=android)
05-27 03:02:56.633 D/AS.AudioService( 3077): checkLimitedMusicVolumeForSpeaker mMaxMusicVolumeForSpeaker = 150index = 6
05-27 03:02:56.634 W/DynamicVolume(25051): y: notifyServiceActiveChanged, serviceActive: false
05-27 03:02:56.635 W/vol.VolumeDialogControl.dv( 7709): [MultiVolumeService] MultiVolumeService is not ready, unable to unregisterVolumeController, userId: 0
05-27 03:02:56.636 W/LocalMediaManager( 7709): BluetoothAdapter is null or muting expected device not exist
05-27 03:02:56.636 D/MediaDeviceManager( 7709): Can not get LocalBluetoothLeBroadcast
05-27 03:02:56.637 I/MR2ServiceImpl( 3077): setRouteVolumeWithManager | manager: 8, route: com.android.server.media/.SystemMediaRoute2Provider:DEVICE_ROUTE, volume: 6
05-27 03:02:56.638 W/LocalMediaManager( 7709): BluetoothAdapter is null or muting expected device not exist
05-27 03:02:56.638 D/AS.AudioService( 3077): setStreamVolume(stream=3, index=6, dev=null, calling=android)
05-27 03:02:56.638 D/AS.AudioService( 3077): checkLimitedMusicVolumeForSpeaker mMaxMusicVolumeForSpeaker = 150index = 6
05-27 03:02:56.643 I/Typeface(25051): updateThemeFont new=Rookery-Regular;old=sans-serif;new=Rookery-Stacked;old=
05-27 03:02:56.643 I/ActivityManager( 3077): Flag disabled. Ignoring finishAttachApplication from uid: 10170. pid: 25051
05-27 03:02:56.678 I/MR2ServiceImpl( 3077): setRouteVolumeWithManager | manager: 8, route: com.android.server.media/.SystemMediaRoute2Provider:DEVICE_ROUTE, volume: 6
05-27 03:02:56.678 D/AS.AudioService( 3077): setStreamVolume(stream=3, index=6, dev=null, calling=android)
05-27 03:02:56.678 D/AS.AudioService( 3077): checkLimitedMusicVolumeForSpeaker mMaxMusicVolumeForSpeaker = 150index = 6
05-27 03:02:56.680 D/StatusBarIconController( 7709): ignoring old pipeline callbacks, because the new mobile icons are enabled
05-27 03:02:56.682 I/MR2ServiceImpl( 3077): setRouteVolumeWithManager | manager: 8, route: com.android.server.media/.SystemMediaRoute2Provider:DEVICE_ROUTE, volume: 6
05-27 03:02:56.683 D/AS.AudioService( 3077): setStreamVolume(stream=3, index=6, dev=null, calling=android)
05-27 03:02:56.683 D/AS.AudioService( 3077): checkLimitedMusicVolumeForSpeaker mMaxMusicVolumeForSpeaker = 150index = 6
05-27 03:02:56.685 D/AudioAnalytics( 2360): gc(1700, 2000): log size:1700 item map size:91, item map items:1700
05-27 03:02:56.686 I/MR2ServiceImpl( 3077): setRouteVolumeWithManager | manager: 8, route: com.android.server.media/.SystemMediaRoute2Provider:DEVICE_ROUTE, volume: 6
05-27 03:02:56.686 D/AS.AudioService( 3077): setStreamVolume(stream=3, index=6, dev=null, calling=android)
05-27 03:02:56.686 D/AS.AudioService( 3077): checkLimitedMusicVolumeForSpeaker mMaxMusicVolumeForSpeaker = 150index = 6
05-27 03:02:56.693 I/MR2ServiceImpl( 3077): setRouteVolumeWithManager | manager: 8, route: com.android.server.media/.SystemMediaRoute2Provider:DEVICE_ROUTE, volume: 6
05-27 03:02:56.693 D/AS.AudioService( 3077): setStreamVolume(stream=3, index=6, dev=null, calling=android)
05-27 03:02:56.693 D/AS.AudioService( 3077): checkLimitedMusicVolumeForSpeaker mMaxMusicVolumeForSpeaker = 150index = 6
05-27 03:02:56.700 I/MR2ServiceImpl( 3077): setRouteVolumeWithManager | manager: 8, route: com.android.server.media/.SystemMediaRoute2Provider:DEVICE_ROUTE, volume: 6
05-27 03:02:56.700 D/AS.AudioService( 3077): setStreamVolume(stream=3, index=6, dev=null, calling=android)
05-27 03:02:56.700 D/AS.AudioService( 3077): checkLimitedMusicVolumeForSpeaker mMaxMusicVolumeForSpeaker = 150index = 6
05-27 03:02:56.707 I/MR2ServiceImpl( 3077): setRouteVolumeWithManager | manager: 8, route: com.android.server.media/.SystemMediaRoute2Provider:DEVICE_ROUTE, volume: 6
05-27 03:02:56.707 D/AS.AudioService( 3077): setStreamVolume(stream=3, index=6, dev=null, calling=android)
05-27 03:02:56.707 D/AS.AudioService( 3077): checkLimitedMusicVolumeForSpeaker mMaxMusicVolumeForSpeaker = 150index = 6
05-27 03:02:56.714 I/MR2ServiceImpl( 3077): setRouteVolumeWithManager | manager: 8, route: com.android.server.media/.SystemMediaRoute2Provider:DEVICE_ROUTE, volume: 6
05-27 03:02:56.714 D/AS.AudioService( 3077): setStreamVolume(stream=3, index=6, dev=null, calling=android)
05-27 03:02:56.714 D/AS.AudioService( 3077): checkLimitedMusicVolumeForSpeaker mMaxMusicVolumeForSpeaker = 150index = 6
05-27 03:02:56.728 I/MR2ServiceImpl( 3077): setRouteVolumeWithManager | manager: 8, route: com.android.server.media/.SystemMediaRoute2Provider:DEVICE_ROUTE, volume: 6
05-27 03:02:56.728 D/AS.AudioService( 3077): setStreamVolume(stream=3, index=6, dev=null, calling=android)
05-27 03:02:56.729 D/AS.AudioService( 3077): checkLimitedMusicVolumeForSpeaker mMaxMusicVolumeForSpeaker = 150index = 6
05-27 03:02:56.735 I/MR2ServiceImpl( 3077): setRouteVolumeWithManager | manager: 8, route: com.android.server.media/.SystemMediaRoute2Provider:DEVICE_ROUTE, volume: 6
05-27 03:02:56.735 D/AS.AudioService( 3077): setStreamVolume(stream=3, index=6, dev=null, calling=android)
05-27 03:02:56.735 D/AS.AudioService( 3077): checkLimitedMusicVolumeForSpeaker mMaxMusicVolumeForSpeaker = 150index = 6
05-27 03:02:56.741 I/MR2ServiceImpl( 3077): setRouteVolumeWithManager | manager: 8, route: com.android.server.media/.SystemMediaRoute2Provider:DEVICE_ROUTE, volume: 5
05-27 03:02:56.742 D/AS.AudioService( 3077): setStreamVolume(stream=3, index=5, dev=null, calling=android)
05-27 03:02:56.742 D/AS.AudioService( 3077): checkLimitedMusicVolumeForSpeaker mMaxMusicVolumeForSpeaker = 150index = 5
05-27 03:02:56.742 I/AS.AudioService( 3077): VolumeChanged caller:android mStreamType:11 EXTRA_VOLUME_STREAM_VALUE:5 EXTRA_PREV_VOLUME_STREAM_VALUE:6
05-27 03:02:56.744 I/AS.AudioService( 3077): VolumeChanged caller:android mStreamType:10 EXTRA_VOLUME_STREAM_VALUE:6 EXTRA_PREV_VOLUME_STREAM_VALUE:7
05-27 03:02:56.746 I/AS.AudioService( 3077): VolumeChanged caller:android mStreamType:9 EXTRA_VOLUME_STREAM_VALUE:5 EXTRA_PREV_VOLUME_STREAM_VALUE:6
05-27 03:02:56.748 I/AS.AudioService( 3077): VolumeChanged caller:android mStreamType:3 EXTRA_VOLUME_STREAM_VALUE:5 EXTRA_PREV_VOLUME_STREAM_VALUE:6
05-27 03:02:56.749 I/MR2ServiceImpl( 3077): setRouteVolumeWithManager | manager: 8, route: com.android.server.media/.SystemMediaRoute2Provider:DEVICE_ROUTE, volume: 5
05-27 03:02:56.752 D/APM: VolumeManager( 3992): Media volume changed to 5
05-27 03:02:56.752 E/APM: VolumeManager( 3992): updateMediaStreamVolume: No Device Active for Media. Ignore
05-27 03:02:56.752 D/AS.AudioService( 3077): setStreamVolume(stream=3, index=5, dev=null, calling=android)
05-27 03:02:56.756 I/MR2ServiceImpl( 3077): setRouteVolumeWithManager | manager: 8, route: com.android.server.media/.SystemMediaRoute2Provider:DEVICE_ROUTE, volume: 5
05-27 03:02:56.757 D/AS.AudioService( 3077): checkLimitedMusicVolumeForSpeaker mMaxMusicVolumeForSpeaker = 150index = 5
05-27 03:02:56.757 I/vol.Events( 7709): writeEvent level_changed STREAM_MUSIC 5
05-27 03:02:56.757 D/AS.AudioService( 3077): setStreamVolume(stream=3, index=5, dev=null, calling=android)
05-27 03:02:56.757 D/AS.AudioService( 3077): checkLimitedMusicVolumeForSpeaker mMaxMusicVolumeForSpeaker = 150index = 5
05-27 03:02:56.762 W/LocalMediaManager( 7709): BluetoothAdapter is null or muting expected device not exist
05-27 03:02:56.763 D/MediaDeviceManager( 7709): Can not get LocalBluetoothLeBroadcast
05-27 03:02:56.763 W/LocalMediaManager( 7709): BluetoothAdapter is null or muting expected device not exist
05-27 03:02:56.763 I/MR2ServiceImpl( 3077): setRouteVolumeWithManager | manager: 8, route: com.android.server.media/.SystemMediaRoute2Provider:DEVICE_ROUTE, volume: 5
05-27 03:02:56.764 D/AS.AudioService( 3077): setStreamVolume(stream=3, index=5, dev=null, calling=android)
05-27 03:02:56.764 D/AS.AudioService( 3077): checkLimitedMusicVolumeForSpeaker mMaxMusicVolumeForSpeaker = 150index = 5
05-27 03:02:56.793 I/MR2ServiceImpl( 3077): setRouteVolumeWithManager | manager: 8, route: com.android.server.media/.SystemMediaRoute2Provider:DEVICE_ROUTE, volume: 5
05-27 03:02:56.794 D/AS.AudioService( 3077): setStreamVolume(stream=3, index=5, dev=null, calling=android)
05-27 03:02:56.794 D/AS.AudioService( 3077): checkLimitedMusicVolumeForSpeaker mMaxMusicVolumeForSpeaker = 150index = 5
05-27 03:02:56.800 I/MR2ServiceImpl( 3077): setRouteVolumeWithManager | manager: 8, route: com.android.server.media/.SystemMediaRoute2Provider:DEVICE_ROUTE, volume: 5
05-27 03:02:56.800 D/AS.AudioService( 3077): setStreamVolume(stream=3, index=5, dev=null, calling=android)
05-27 03:02:56.800 D/AS.AudioService( 3077): checkLimitedMusicVolumeForSpeaker mMaxMusicVolumeForSpeaker = 150index = 5
05-27 03:02:56.804 I/MR2ServiceImpl( 3077): setRouteVolumeWithManager | manager: 8, route: com.android.server.media/.SystemMediaRoute2Provider:DEVICE_ROUTE, volume: 5
05-27 03:02:56.805 D/AS.AudioService( 3077): setStreamVolume(stream=3, index=5, dev=null, calling=android)
05-27 03:02:56.805 D/AS.AudioService( 3077): checkLimitedMusicVolumeForSpeaker mMaxMusicVolumeForSpeaker = 150index = 5
05-27 03:02:56.811 I/MR2ServiceImpl( 3077): setRouteVolumeWithManager | manager: 8, route: com.android.server.media/.SystemMediaRoute2Provider:DEVICE_ROUTE, volume: 5
05-27 03:02:56.812 D/AS.AudioService( 3077): setStreamVolume(stream=3, index=5, dev=null, calling=android)
05-27 03:02:56.812 D/AS.AudioService( 3077): checkLimitedMusicVolumeForSpeaker mMaxMusicVolumeForSpeaker = 150index = 5
05-27 03:02:56.818 I/MR2ServiceImpl( 3077): setRouteVolumeWithManager | manager: 8, route: com.android.server.media/.SystemMediaRoute2Provider:DEVICE_ROUTE, volume: 5
05-27 03:02:56.819 D/AS.AudioService( 3077): setStreamVolume(stream=3, index=5, dev=null, calling=android)
05-27 03:02:56.819 D/AS.AudioService( 3077): checkLimitedMusicVolumeForSpeaker mMaxMusicVolumeForSpeaker = 150index = 5
05-27 03:02:56.825 I/MR2ServiceImpl( 3077): setRouteVolumeWithManager | manager: 8, route: com.android.server.media/.SystemMediaRoute2Provider:DEVICE_ROUTE, volume: 5
05-27 03:02:56.826 D/AS.AudioService( 3077): setStreamVolume(stream=3, index=5, dev=null, calling=android)
05-27 03:02:56.826 D/AS.AudioService( 3077): checkLimitedMusicVolumeForSpeaker mMaxMusicVolumeForSpeaker = 150index = 5
05-27 03:02:56.832 I/MR2ServiceImpl( 3077): setRouteVolumeWithManager | manager: 8, route: com.android.server.media/.SystemMediaRoute2Provider:DEVICE_ROUTE, volume: 5
05-27 03:02:56.833 D/AS.AudioService( 3077): setStreamVolume(stream=3, index=5, dev=null, calling=android)
05-27 03:02:56.833 D/AS.AudioService( 3077): checkLimitedMusicVolumeForSpeaker mMaxMusicVolumeForSpeaker = 150index = 5
05-27 03:02:56.839 I/MR2ServiceImpl( 3077): setRouteVolumeWithManager | manager: 8, route: com.android.server.media/.SystemMediaRoute2Provider:DEVICE_ROUTE, volume: 5
05-27 03:02:56.840 D/AS.AudioService( 3077): setStreamVolume(stream=3, index=5, dev=null, calling=android)
05-27 03:02:56.840 D/AS.AudioService( 3077): checkLimitedMusicVolumeForSpeaker mMaxMusicVolumeForSpeaker = 150index = 5
05-27 03:02:56.846 I/MR2ServiceImpl( 3077): setRouteVolumeWithManager | manager: 8, route: com.android.server.media/.SystemMediaRoute2Provider:DEVICE_ROUTE, volume: 5
05-27 03:02:56.846 D/AS.AudioService( 3077): setStreamVolume(stream=3, index=5, dev=null, calling=android)
05-27 03:02:56.847 D/AS.AudioService( 3077): checkLimitedMusicVolumeForSpeaker mMaxMusicVolumeForSpeaker = 150index = 5
05-27 03:02:56.853 I/MR2ServiceImpl( 3077): setRouteVolumeWithManager | manager: 8, route: com.android.server.media/.SystemMediaRoute2Provider:DEVICE_ROUTE, volume: 5
05-27 03:02:56.853 D/AS.AudioService( 3077): setStreamVolume(stream=3, index=5, dev=null, calling=android)
05-27 03:02:56.854 D/AS.AudioService( 3077): checkLimitedMusicVolumeForSpeaker mMaxMusicVolumeForSpeaker = 150index = 5
05-27 03:02:56.860 I/MR2ServiceImpl( 3077): setRouteVolumeWithManager | manager: 8, route: com.android.server.media/.SystemMediaRoute2Provider:DEVICE_ROUTE, volume: 5
05-27 03:02:56.861 D/AS.AudioService( 3077): setStreamVolume(stream=3, index=5, dev=null, calling=android)
05-27 03:02:56.861 D/AS.AudioService( 3077): checkLimitedMusicVolumeForSpeaker mMaxMusicVolumeForSpeaker = 150index = 5
05-27 03:02:56.867 I/MR2ServiceImpl( 3077): setRouteVolumeWithManager | manager: 8, route: com.android.server.media/.SystemMediaRoute2Provider:DEVICE_ROUTE, volume: 5
05-27 03:02:56.867 D/AS.AudioService( 3077): setStreamVolume(stream=3, index=5, dev=null, calling=android)
05-27 03:02:56.868 D/AS.AudioService( 3077): checkLimitedMusicVolumeForSpeaker mMaxMusicVolumeForSpeaker = 150index = 5
05-27 03:02:56.874 I/MR2ServiceImpl( 3077): setRouteVolumeWithManager | manager: 8, route: com.android.server.media/.SystemMediaRoute2Provider:DEVICE_ROUTE, volume: 5
05-27 03:02:56.875 D/AS.AudioService( 3077): setStreamVolume(stream=3, index=5, dev=null, calling=android)
05-27 03:02:56.875 D/AS.AudioService( 3077): checkLimitedMusicVolumeForSpeaker mMaxMusicVolumeForSpeaker = 150index = 5
05-27 03:02:56.881 I/MR2ServiceImpl( 3077): setRouteVolumeWithManager | manager: 8, route: com.android.server.media/.SystemMediaRoute2Provider:DEVICE_ROUTE, volume: 5
05-27 03:02:56.881 D/AS.AudioService( 3077): setStreamVolume(stream=3, index=5, dev=null, calling=android)
05-27 03:02:56.882 D/AS.AudioService( 3077): checkLimitedMusicVolumeForSpeaker mMaxMusicVolumeForSpeaker = 150index = 5
05-27 03:02:56.888 I/MR2ServiceImpl( 3077): setRouteVolumeWithManager | manager: 8, route: com.android.server.media/.SystemMediaRoute2Provider:DEVICE_ROUTE, volume: 5
05-27 03:02:56.888 D/AS.AudioService( 3077): setStreamVolume(stream=3, index=5, dev=null, calling=android)
05-27 03:02:56.889 D/AS.AudioService( 3077): checkLimitedMusicVolumeForSpeaker mMaxMusicVolumeForSpeaker = 150index = 5
05-27 03:02:56.895 I/MR2ServiceImpl( 3077): setRouteVolumeWithManager | manager: 8, route: com.android.server.media/.SystemMediaRoute2Provider:DEVICE_ROUTE, volume: 5
05-27 03:02:56.896 D/AS.AudioService( 3077): setStreamVolume(stream=3, index=5, dev=null, calling=android)
05-27 03:02:56.896 D/AS.AudioService( 3077): checkLimitedMusicVolumeForSpeaker mMaxMusicVolumeForSpeaker = 150index = 5
05-27 03:02:56.902 I/MR2ServiceImpl( 3077): setRouteVolumeWithManager | manager: 8, route: com.android.server.media/.SystemMediaRoute2Provider:DEVICE_ROUTE, volume: 5
05-27 03:02:56.902 D/AS.AudioService( 3077): setStreamVolume(stream=3, index=5, dev=null, calling=android)
05-27 03:02:56.903 D/AS.AudioService( 3077): checkLimitedMusicVolumeForSpeaker mMaxMusicVolumeForSpeaker = 150index = 5
05-27 03:02:56.909 I/MR2ServiceImpl( 3077): setRouteVolumeWithManager | manager: 8, route: com.android.server.media/.SystemMediaRoute2Provider:DEVICE_ROUTE, volume: 5
05-27 03:02:56.909 D/AS.AudioService( 3077): setStreamVolume(stream=3, index=5, dev=null, calling=android)
05-27 03:02:56.909 D/AS.AudioService( 3077): checkLimitedMusicVolumeForSpeaker mMaxMusicVolumeForSpeaker = 150index = 5
05-27 03:02:56.916 I/MR2ServiceImpl( 3077): setRouteVolumeWithManager | manager: 8, route: com.android.server.media/.SystemMediaRoute2Provider:DEVICE_ROUTE, volume: 5
05-27 03:02:56.916 D/AS.AudioService( 3077): setStreamVolume(stream=3, index=5, dev=null, calling=android)
05-27 03:02:56.916 D/AS.AudioService( 3077): checkLimitedMusicVolumeForSpeaker mMaxMusicVolumeForSpeaker = 150index = 5
05-27 03:02:56.923 I/MR2ServiceImpl( 3077): setRouteVolumeWithManager | manager: 8, route: com.android.server.media/.SystemMediaRoute2Provider:DEVICE_ROUTE, volume: 5
05-27 03:02:56.923 D/AS.AudioService( 3077): setStreamVolume(stream=3, index=5, dev=null, calling=android)
05-27 03:02:56.923 D/AS.AudioService( 3077): checkLimitedMusicVolumeForSpeaker mMaxMusicVolumeForSpeaker = 150index = 5
05-27 03:02:56.930 I/MR2ServiceImpl( 3077): setRouteVolumeWithManager | manager: 8, route: com.android.server.media/.SystemMediaRoute2Provider:DEVICE_ROUTE, volume: 5
05-27 03:02:56.930 D/AS.AudioService( 3077): setStreamVolume(stream=3, index=5, dev=null, calling=android)
05-27 03:02:56.931 D/AS.AudioService( 3077): checkLimitedMusicVolumeForSpeaker mMaxMusicVolumeForSpeaker = 150index = 5
05-27 03:02:56.937 I/MR2ServiceImpl( 3077): setRouteVolumeWithManager | manager: 8, route: com.android.server.media/.SystemMediaRoute2Provider:DEVICE_ROUTE, volume: 5
05-27 03:02:56.937 D/AS.AudioService( 3077): setStreamVolume(stream=3, index=5, dev=null, calling=android)
05-27 03:02:56.937 D/AS.AudioService( 3077): checkLimitedMusicVolumeForSpeaker mMaxMusicVolumeForSpeaker = 150index = 5
05-27 03:02:56.944 I/MR2ServiceImpl( 3077): setRouteVolumeWithManager | manager: 8, route: com.android.server.media/.SystemMediaRoute2Provider:DEVICE_ROUTE, volume: 5
05-27 03:02:56.944 D/AS.AudioService( 3077): setStreamVolume(stream=3, index=5, dev=null, calling=android)
05-27 03:02:56.944 D/AS.AudioService( 3077): checkLimitedMusicVolumeForSpeaker mMaxMusicVolumeForSpeaker = 150index = 5
05-27 03:02:56.951 I/MR2ServiceImpl( 3077): setRouteVolumeWithManager | manager: 8, route: com.android.server.media/.SystemMediaRoute2Provider:DEVICE_ROUTE, volume: 5
05-27 03:02:56.951 D/AS.AudioService( 3077): setStreamVolume(stream=3, index=5, dev=null, calling=android)
05-27 03:02:56.952 D/AS.AudioService( 3077): checkLimitedMusicVolumeForSpeaker mMaxMusicVolumeForSpeaker = 150index = 5
05-27 03:02:56.958 I/MR2ServiceImpl( 3077): setRouteVolumeWithManager | manager: 8, route: com.android.server.media/.SystemMediaRoute2Provider:DEVICE_ROUTE, volume: 5
05-27 03:02:56.958 D/AS.AudioService( 3077): setStreamVolume(stream=3, index=5, dev=null, calling=android)
05-27 03:02:56.958 D/AS.AudioService( 3077): checkLimitedMusicVolumeForSpeaker mMaxMusicVolumeForSpeaker = 150index = 5
05-27 03:02:56.965 I/MR2ServiceImpl( 3077): setRouteVolumeWithManager | manager: 8, route: com.android.server.media/.SystemMediaRoute2Provider:DEVICE_ROUTE, volume: 5
05-27 03:02:56.965 D/AS.AudioService( 3077): setStreamVolume(stream=3, index=5, dev=null, calling=android)
05-27 03:02:56.965 D/AS.AudioService( 3077): checkLimitedMusicVolumeForSpeaker mMaxMusicVolumeForSpeaker = 150index = 5
05-27 03:02:56.972 I/MR2ServiceImpl( 3077): setRouteVolumeWithManager | manager: 8, route: com.android.server.media/.SystemMediaRoute2Provider:DEVICE_ROUTE, volume: 5
05-27 03:02:56.972 D/AS.AudioService( 3077): setStreamVolume(stream=3, index=5, dev=null, calling=android)
05-27 03:02:56.972 D/AS.AudioService( 3077): checkLimitedMusicVolumeForSpeaker mMaxMusicVolumeForSpeaker = 150index = 5
05-27 03:02:56.979 I/MR2ServiceImpl( 3077): setRouteVolumeWithManager | manager: 8, route: com.android.server.media/.SystemMediaRoute2Provider:DEVICE_ROUTE, volume: 5
05-27 03:02:56.979 D/AS.AudioService( 3077): setStreamVolume(stream=3, index=5, dev=null, calling=android)
05-27 03:02:56.979 D/AS.AudioService( 3077): checkLimitedMusicVolumeForSpeaker mMaxMusicVolumeForSpeaker = 150index = 5
05-27 03:02:56.986 I/MR2ServiceImpl( 3077): setRouteVolumeWithManager | manager: 8, route: com.android.server.media/.SystemMediaRoute2Provider:DEVICE_ROUTE, volume: 5
05-27 03:02:56.986 D/AS.AudioService( 3077): setStreamVolume(stream=3, index=5, dev=null, calling=android)
05-27 03:02:56.986 D/AS.AudioService( 3077): checkLimitedMusicVolumeForSpeaker mMaxMusicVolumeForSpeaker = 150index = 5
05-27 03:02:56.993 I/MR2ServiceImpl( 3077): setRouteVolumeWithManager | manager: 8, route: com.android.server.media/.SystemMediaRoute2Provider:DEVICE_ROUTE, volume: 5
05-27 03:02:56.993 D/AS.AudioService( 3077): setStreamVolume(stream=3, index=5, dev=null, calling=android)
05-27 03:02:56.993 D/AS.AudioService( 3077): checkLimitedMusicVolumeForSpeaker mMaxMusicVolumeForSpeaker = 150index = 5
05-27 03:02:57.000 I/MR2ServiceImpl( 3077): setRouteVolumeWithManager | manager: 8, route: com.android.server.media/.SystemMediaRoute2Provider:DEVICE_ROUTE, volume: 5
05-27 03:02:57.000 D/AS.AudioService( 3077): setStreamVolume(stream=3, index=5, dev=null, calling=android)
05-27 03:02:57.000 D/AS.AudioService( 3077): checkLimitedMusicVolumeForSpeaker mMaxMusicVolumeForSpeaker = 150index = 5
05-27 03:02:57.007 I/MR2ServiceImpl( 3077): setRouteVolumeWithManager | manager: 8, route: com.android.server.media/.SystemMediaRoute2Provider:DEVICE_ROUTE, volume: 5
05-27 03:02:57.007 D/AS.AudioService( 3077): setStreamVolume(stream=3, index=5, dev=null, calling=android)
05-27 03:02:57.007 D/AS.AudioService( 3077): checkLimitedMusicVolumeForSpeaker mMaxMusicVolumeForSpeaker = 150index = 5
05-27 03:02:57.014 I/MR2ServiceImpl( 3077): setRouteVolumeWithManager | manager: 8, route: com.android.server.media/.SystemMediaRoute2Provider:DEVICE_ROUTE, volume: 5
05-27 03:02:57.014 D/AS.AudioService( 3077): setStreamVolume(stream=3, index=5, dev=null, calling=android)
05-27 03:02:57.014 D/AS.AudioService( 3077): checkLimitedMusicVolumeForSpeaker mMaxMusicVolumeForSpeaker = 150index = 5
05-27 03:02:57.021 I/MR2ServiceImpl( 3077): setRouteVolumeWithManager | manager: 8, route: com.android.server.media/.SystemMediaRoute2Provider:DEVICE_ROUTE, volume: 5
05-27 03:02:57.021 D/AS.AudioService( 3077): setStreamVolume(stream=3, index=5, dev=null, calling=android)
05-27 03:02:57.021 D/AS.AudioService( 3077): checkLimitedMusicVolumeForSpeaker mMaxMusicVolumeForSpeaker = 150index = 5
05-27 03:02:57.028 I/MR2ServiceImpl( 3077): setRouteVolumeWithManager | manager: 8, route: com.android.server.media/.SystemMediaRoute2Provider:DEVICE_ROUTE, volume: 5
05-27 03:02:57.028 D/AS.AudioService( 3077): setStreamVolume(stream=3, index=5, dev=null, calling=android)
05-27 03:02:57.028 D/AS.AudioService( 3077): checkLimitedMusicVolumeForSpeaker mMaxMusicVolumeForSpeaker = 150index = 5
05-27 03:02:57.033 E/minksocket( 1748): MinkIPC_QRTR_Service: client with node 1 port 6b89 went down
05-27 03:02:57.033 E/minksocket( 1748): MinkIPC_QRTR_Service: client with node 1 port 6b8a went down
05-27 03:02:57.035 I/MR2ServiceImpl( 3077): setRouteVolumeWithManager | manager: 8, route: com.android.server.media/.SystemMediaRoute2Provider:DEVICE_ROUTE, volume: 5
05-27 03:02:57.035 E/minksocket( 1748): MinkIPC_QRTR_Service: client with node 1 port 6b8b went down
05-27 03:02:57.035 D/AS.AudioService( 3077): setStreamVolume(stream=3, index=5, dev=null, calling=android)
05-27 03:02:57.036 D/AS.AudioService( 3077): checkLimitedMusicVolumeForSpeaker mMaxMusicVolumeForSpeaker = 150index = 5
05-27 03:02:57.037 E/minksocket( 1748): MinkIPC_QRTR_Service: client with node 1 port 6b8c went down
05-27 03:02:57.042 I/MR2ServiceImpl( 3077): setRouteVolumeWithManager | manager: 8, route: com.android.server.media/.SystemMediaRoute2Provider:DEVICE_ROUTE, volume: 4
05-27 03:02:57.042 D/AS.AudioService( 3077): setStreamVolume(stream=3, index=4, dev=null, calling=android)
05-27 03:02:57.042 D/AS.AudioService( 3077): checkLimitedMusicVolumeForSpeaker mMaxMusicVolumeForSpeaker = 150index = 4
05-27 03:02:57.043 I/AS.AudioService( 3077): VolumeChanged caller:android mStreamType:11 EXTRA_VOLUME_STREAM_VALUE:4 EXTRA_PREV_VOLUME_STREAM_VALUE:5
05-27 03:02:57.044 I/AS.AudioService( 3077): VolumeChanged caller:android mStreamType:10 EXTRA_VOLUME_STREAM_VALUE:5 EXTRA_PREV_VOLUME_STREAM_VALUE:6
05-27 03:02:57.046 I/AS.AudioService( 3077): VolumeChanged caller:android mStreamType:9 EXTRA_VOLUME_STREAM_VALUE:4 EXTRA_PREV_VOLUME_STREAM_VALUE:5
05-27 03:02:57.047 I/AS.AudioService( 3077): VolumeChanged caller:android mStreamType:3 EXTRA_VOLUME_STREAM_VALUE:4 EXTRA_PREV_VOLUME_STREAM_VALUE:5
05-27 03:02:57.050 I/MR2ServiceImpl( 3077): setRouteVolumeWithManager | manager: 8, route: com.android.server.media/.SystemMediaRoute2Provider:DEVICE_ROUTE, volume: 4
05-27 03:02:57.050 D/AS.AudioService( 3077): setStreamVolume(stream=3, index=4, dev=null, calling=android)
05-27 03:02:57.051 D/APM: VolumeManager( 3992): Media volume changed to 4
05-27 03:02:57.051 E/APM: VolumeManager( 3992): updateMediaStreamVolume: No Device Active for Media. Ignore
05-27 03:02:57.053 D/AS.AudioService( 3077): checkLimitedMusicVolumeForSpeaker mMaxMusicVolumeForSpeaker = 150index = 4
05-27 03:02:57.053 I/vol.Events( 7709): writeEvent level_changed STREAM_MUSIC 4
05-27 03:02:57.056 I/MR2ServiceImpl( 3077): setRouteVolumeWithManager | manager: 8, route: com.android.server.media/.SystemMediaRoute2Provider:DEVICE_ROUTE, volume: 4
05-27 03:02:57.057 D/AS.AudioService( 3077): setStreamVolume(stream=3, index=4, dev=null, calling=android)
05-27 03:02:57.057 D/AS.AudioService( 3077): checkLimitedMusicVolumeForSpeaker mMaxMusicVolumeForSpeaker = 150index = 4
05-27 03:02:57.057 W/LocalMediaManager( 7709): BluetoothAdapter is null or muting expected device not exist
05-27 03:02:57.057 W/LocalMediaManager( 7709): BluetoothAdapter is null or muting expected device not exist
05-27 03:02:57.058 D/MediaDeviceManager( 7709): Can not get LocalBluetoothLeBroadcast
05-27 03:02:57.086 I/MR2ServiceImpl( 3077): setRouteVolumeWithManager | manager: 8, route: com.android.server.media/.SystemMediaRoute2Provider:DEVICE_ROUTE, volume: 4
05-27 03:02:57.086 D/AS.AudioService( 3077): setStreamVolume(stream=3, index=4, dev=null, calling=android)
05-27 03:02:57.086 D/AS.AudioService( 3077): checkLimitedMusicVolumeForSpeaker mMaxMusicVolumeForSpeaker = 150index = 4
05-27 03:02:57.090 I/MR2ServiceImpl( 3077): setRouteVolumeWithManager | manager: 8, route: com.android.server.media/.SystemMediaRoute2Provider:DEVICE_ROUTE, volume: 4
05-27 03:02:57.091 D/AS.AudioService( 3077): setStreamVolume(stream=3, index=4, dev=null, calling=android)
05-27 03:02:57.091 D/AS.AudioService( 3077): checkLimitedMusicVolumeForSpeaker mMaxMusicVolumeForSpeaker = 150index = 4
05-27 03:02:57.097 I/MR2ServiceImpl( 3077): setRouteVolumeWithManager | manager: 8, route: com.android.server.media/.SystemMediaRoute2Provider:DEVICE_ROUTE, volume: 4
05-27 03:02:57.098 D/AS.AudioService( 3077): setStreamVolume(stream=3, index=4, dev=null, calling=android)
05-27 03:02:57.098 D/AS.AudioService( 3077): checkLimitedMusicVolumeForSpeaker mMaxMusicVolumeForSpeaker = 150index = 4
05-27 03:02:57.104 I/MR2ServiceImpl( 3077): setRouteVolumeWithManager | manager: 8, route: com.android.server.media/.SystemMediaRoute2Provider:DEVICE_ROUTE, volume: 4
05-27 03:02:57.105 D/AS.AudioService( 3077): setStreamVolume(stream=3, index=4, dev=null, calling=android)
05-27 03:02:57.105 D/AS.AudioService( 3077): checkLimitedMusicVolumeForSpeaker mMaxMusicVolumeForSpeaker = 150index = 4
05-27 03:02:57.111 I/MR2ServiceImpl( 3077): setRouteVolumeWithManager | manager: 8, route: com.android.server.media/.SystemMediaRoute2Provider:DEVICE_ROUTE, volume: 4
05-27 03:02:57.112 D/AS.AudioService( 3077): setStreamVolume(stream=3, index=4, dev=null, calling=android)
05-27 03:02:57.112 D/AS.AudioService( 3077): checkLimitedMusicVolumeForSpeaker mMaxMusicVolumeForSpeaker = 150index = 4
05-27 03:02:57.118 I/MR2ServiceImpl( 3077): setRouteVolumeWithManager | manager: 8, route: com.android.server.media/.SystemMediaRoute2Provider:DEVICE_ROUTE, volume: 4
05-27 03:02:57.119 D/AS.AudioService( 3077): setStreamVolume(stream=3, index=4, dev=null, calling=android)
05-27 03:02:57.119 D/AS.AudioService( 3077): checkLimitedMusicVolumeForSpeaker mMaxMusicVolumeForSpeaker = 150index = 4
05-27 03:02:57.125 I/MR2ServiceImpl( 3077): setRouteVolumeWithManager | manager: 8, route: com.android.server.media/.SystemMediaRoute2Provider:DEVICE_ROUTE, volume: 4
05-27 03:02:57.126 D/AS.AudioService( 3077): setStreamVolume(stream=3, index=4, dev=null, calling=android)
05-27 03:02:57.126 D/AS.AudioService( 3077): checkLimitedMusicVolumeForSpeaker mMaxMusicVolumeForSpeaker = 150index = 4
05-27 03:02:57.132 I/MR2ServiceImpl( 3077): setRouteVolumeWithManager | manager: 8, route: com.android.server.media/.SystemMediaRoute2Provider:DEVICE_ROUTE, volume: 4
05-27 03:02:57.133 D/AS.AudioService( 3077): setStreamVolume(stream=3, index=4, dev=null, calling=android)
05-27 03:02:57.133 D/AS.AudioService( 3077): checkLimitedMusicVolumeForSpeaker mMaxMusicVolumeForSpeaker = 150index = 4
05-27 03:02:57.139 I/MR2ServiceImpl( 3077): setRouteVolumeWithManager | manager: 8, route: com.android.server.media/.SystemMediaRoute2Provider:DEVICE_ROUTE, volume: 4
05-27 03:02:57.140 D/AS.AudioService( 3077): setStreamVolume(stream=3, index=4, dev=null, calling=android)
05-27 03:02:57.140 D/AS.AudioService( 3077): checkLimitedMusicVolumeForSpeaker mMaxMusicVolumeForSpeaker = 150index = 4
05-27 03:02:57.153 I/MR2ServiceImpl( 3077): setRouteVolumeWithManager | manager: 8, route: com.android.server.media/.SystemMediaRoute2Provider:DEVICE_ROUTE, volume: 4
05-27 03:02:57.154 D/AS.AudioService( 3077): setStreamVolume(stream=3, index=4, dev=null, calling=android)
05-27 03:02:57.154 D/AS.AudioService( 3077): checkLimitedMusicVolumeForSpeaker mMaxMusicVolumeForSpeaker = 150index = 4
05-27 03:02:57.160 I/MR2ServiceImpl( 3077): setRouteVolumeWithManager | manager: 8, route: com.android.server.media/.SystemMediaRoute2Provider:DEVICE_ROUTE, volume: 4
05-27 03:02:57.161 D/AS.AudioService( 3077): setStreamVolume(stream=3, index=4, dev=null, calling=android)
05-27 03:02:57.161 D/AS.AudioService( 3077): checkLimitedMusicVolumeForSpeaker mMaxMusicVolumeForSpeaker = 150index = 4
05-27 03:02:57.167 I/MR2ServiceImpl( 3077): setRouteVolumeWithManager | manager: 8, route: com.android.server.media/.SystemMediaRoute2Provider:DEVICE_ROUTE, volume: 4
05-27 03:02:57.168 D/AS.AudioService( 3077): setStreamVolume(stream=3, index=4, dev=null, calling=android)
05-27 03:02:57.168 D/AS.AudioService( 3077): checkLimitedMusicVolumeForSpeaker mMaxMusicVolumeForSpeaker = 150index = 4
05-27 03:02:57.181 I/MR2ServiceImpl( 3077): setRouteVolumeWithManager | manager: 8, route: com.android.server.media/.SystemMediaRoute2Provider:DEVICE_ROUTE, volume: 4
05-27 03:02:57.182 D/AS.AudioService( 3077): setStreamVolume(stream=3, index=4, dev=null, calling=android)
05-27 03:02:57.182 D/AS.AudioService( 3077): checkLimitedMusicVolumeForSpeaker mMaxMusicVolumeForSpeaker = 150index = 4
05-27 03:02:57.195 I/MR2ServiceImpl( 3077): setRouteVolumeWithManager | manager: 8, route: com.android.server.media/.SystemMediaRoute2Provider:DEVICE_ROUTE, volume: 4
05-27 03:02:57.196 D/AS.AudioService( 3077): setStreamVolume(stream=3, index=4, dev=null, calling=android)
05-27 03:02:57.196 D/AS.AudioService( 3077): checkLimitedMusicVolumeForSpeaker mMaxMusicVolumeForSpeaker = 150index = 4
05-27 03:02:57.202 I/MR2ServiceImpl( 3077): setRouteVolumeWithManager | manager: 8, route: com.android.server.media/.SystemMediaRoute2Provider:DEVICE_ROUTE, volume: 4
05-27 03:02:57.203 D/AS.AudioService( 3077): setStreamVolume(stream=3, index=4, dev=null, calling=android)
05-27 03:02:57.203 D/AS.AudioService( 3077): checkLimitedMusicVolumeForSpeaker mMaxMusicVolumeForSpeaker = 150index = 4
05-27 03:02:57.212 I/vendor.qti.bluetooth@1.0-ibs_handler( 1758): DeviceSleep: TX Awake, Sending SLEEP_IND
05-27 03:02:57.212 D/vendor.qti.bluetooth@1.0-ibs_handler( 1758): SerialClockVote: vote for UART CLK OFF
05-27 03:02:57.216 I/MR2ServiceImpl( 3077): setRouteVolumeWithManager | manager: 8, route: com.android.server.media/.SystemMediaRoute2Provider:DEVICE_ROUTE, volume: 4
05-27 03:02:57.217 D/AS.AudioService( 3077): setStreamVolume(stream=3, index=4, dev=null, calling=android)
05-27 03:02:57.217 D/AS.AudioService( 3077): checkLimitedMusicVolumeForSpeaker mMaxMusicVolumeForSpeaker = 150index = 4
05-27 03:02:57.230 I/MR2ServiceImpl( 3077): setRouteVolumeWithManager | manager: 8, route: com.android.server.media/.SystemMediaRoute2Provider:DEVICE_ROUTE, volume: 4
05-27 03:02:57.231 D/AS.AudioService( 3077): setStreamVolume(stream=3, index=4, dev=null, calling=android)
05-27 03:02:57.231 D/AS.AudioService( 3077): checkLimitedMusicVolumeForSpeaker mMaxMusicVolumeForSpeaker = 150index = 4
05-27 03:02:57.237 I/MR2ServiceImpl( 3077): setRouteVolumeWithManager | manager: 8, route: com.android.server.media/.SystemMediaRoute2Provider:DEVICE_ROUTE, volume: 4
05-27 03:02:57.238 D/AS.AudioService( 3077): setStreamVolume(stream=3, index=4, dev=null, calling=android)
05-27 03:02:57.238 D/AS.AudioService( 3077): checkLimitedMusicVolumeForSpeaker mMaxMusicVolumeForSpeaker = 150index = 4
05-27 03:02:57.364 D/vendor.qti.bluetooth@1.0-wake_lock( 1758): Release wakelock is released 
05-27 03:02:57.511 I/ThermalEngine(29098): ACTION: CPU - Setting CPU[7] to 9
05-27 03:02:57.549 I/OtaUpdate(18746): action =android.media.VOLUME_CHANGED_ACTION,GlobalVariable.IS_MYDEVICEACTIVITY_UPDATE =false
05-27 03:02:57.549 I/OtaUpdate(18746): action =android.media.VOLUME_CHANGED_ACTION,GlobalVariable.IS_MYDEVICEACTIVITY_UPDATE =false
05-27 03:02:57.550 I/OtaUpdate(18746): action =android.media.VOLUME_CHANGED_ACTION,GlobalVariable.IS_MYDEVICEACTIVITY_UPDATE =false
05-27 03:02:57.550 I/OtaUpdate(18746): action =action_gatt_connect_failure_gloryfit,GlobalVariable.IS_MYDEVICEACTIVITY_UPDATE =false
05-27 03:02:57.551 I/LogDial (18746): 收到断开连接的广播
05-27 03:02:57.551 I/LogDial (18746): 收到断开连接,停止发送表盘数据
05-27 03:02:57.551 I/OtaUpdate(18746): action =android.media.VOLUME_CHANGED_ACTION,GlobalVariable.IS_MYDEVICEACTIVITY_UPDATE =false
05-27 03:02:57.555 I/LogHome (18746): isSupport5 =true,functionType =1,function =259
05-27 03:02:57.562 I/LogMusic(18746): REC volume=4,maxVolume = 15,per = 26
05-27 03:02:57.567 I/LogHome (18746): isSupport5 =true,functionType =1,function =259
05-27 03:02:57.567 I/LogSync (18746): 计时器 开启 commandType=103
05-27 03:02:57.568 I/LogUtils(18746): APK--->BLE isBusy = false
05-27 03:02:57.568 I/LogUtils(18746): APK--->BLE4 = D10E1A,T=535
05-27 03:02:57.568 I/LogUtils(18746): writeCharacteristic threadId =535
05-27 03:02:57.568 E/LogUtils(18746): ----------->writeCharacteristic result =false
05-27 03:02:57.590 I/LogUtils(18746): writeCharacteristic threadId =535
05-27 03:02:57.590 E/LogUtils(18746): ----------->writeCharacteristic result =false
05-27 03:02:57.590 I/LogUtils(18746): APK--->BLE 写不成功，延时 20ms 重新写 isWrite2 =false
05-27 03:02:57.664 D/StatusBarIconController( 7709): ignoring old pipeline callbacks, because the new mobile icons are enabled
05-27 03:02:57.836 D/MotoSxfService( 3077): unknown touch type
05-27 03:02:58.211 I/LogConnect(18746): connect  where =7,address =78:02:B7:40:F7:E2,GlobalVariable.PASS_WORD_VERIFICATION_TIME_OUT=false,GlobalVariable.isManualDisconnect=false
05-27 03:02:58.212 I/LogConnect(18746): postDelayed mBluetoothGatt=android.bluetooth.BluetoothGatt@9913088,where =7,CONNECTION_STATUS = 0
05-27 03:02:58.213 D/BluetoothGatt(18746): connect() - device: 78:02:B7:40:F7:E2, auto: false, eattSupport: false
05-27 03:02:58.213 D/BluetoothGatt(18746): registerApp()
05-27 03:02:58.213 D/BluetoothGatt(18746): registerApp() - UUID=46ac3e9d-37b8-4cf3-adb6-66e7752fb767
05-27 03:02:58.215 D/BtGatt.GattService( 3992): registerClient() - UUID=46ac3e9d-37b8-4cf3-adb6-66e7752fb767
05-27 03:02:58.216 I/bt_stack( 3992): [INFO:gatt_api.cc(1414)] GATT_Register ca640106-d23d-1e0d-1f28-2badd8f03b1e
05-27 03:02:58.216 I/bt_stack( 3992): [INFO:gatt_api.cc(1435)] allocated gatt_if=4
05-27 03:02:58.216 I/LogConnect(18746): connectGatt mBluetoothGatt=android.bluetooth.BluetoothGatt@1eee7a6
05-27 03:02:58.216 D/BtGatt.GattService( 3992): onClientRegistered() - UUID=46ac3e9d-37b8-4cf3-adb6-66e7752fb767, clientIf=4
05-27 03:02:58.217 D/BluetoothGatt(18746): onClientRegistered() - status=0 clientIf=4
05-27 03:02:58.218 D/BtGatt.GattService( 3992): clientConnect() - address=78:02:B7:40:F7:E2, addressType=0, isDirect=true, opportunistic=false, phy=1
05-27 03:02:58.218 D/bt_btif_config( 3992): btif_get_address_type: Device [78:02:b7:40:f7:e2] address type 0
05-27 03:02:58.218 D/bt_btif_config( 3992): btif_get_device_type: Device [78:02:b7:40:f7:e2] type 2
05-27 03:02:58.218 I/bt_stack( 3992): [INFO:gatt_api.cc(1604)] GATT_Connect gatt_if=4, address=78:02:b7:40:f7:e2 is_direct 1
05-27 03:02:58.218 I/bt_stack( 3992): [INFO:gatt_attr.cc(1296)] gatt_sr_init_cl_status: bda=78:02:b7:40:f7:e2, cl_supp_feat=0000, aware=1
05-27 03:02:58.219 D/vendor.qti.bluetooth@1.0-ibs_handler( 1758): SerialClockVote: vote for UART CLK ON
05-27 03:02:58.220 D/vendor.qti.bluetooth@1.0-wake_lock( 1758): Acquire wakelock is acquired 
05-27 03:02:58.220 I/vendor.qti.bluetooth@1.0-ibs_handler( 1758): DeviceWakeUp: Writing IBS_WAKE_IND
05-27 03:02:58.226 I/vendor.qti.bluetooth@1.0-ibs_handler( 1758): ProcessIbsCmd: Received IBS_WAKE_ACK: 0xFC
05-27 03:02:58.226 I/vendor.qti.bluetooth@1.0-ibs_handler( 1758): ProcessIbsCmd: Signal wack_cond_
05-27 03:02:58.226 D/vendor.qti.bluetooth@1.0-ibs_handler( 1758): DeviceWakeUp: Unblocked from waiting for FC, pthread_cond_timedwait ret = 0
05-27 03:02:58.229 I/vendor.qti.bluetooth@1.0-ibs_handler( 1758): ProcessIbsCmd: Received IBS_WAKE_IND: 0xFD
05-27 03:02:58.229 I/vendor.qti.bluetooth@1.0-ibs_handler( 1758): ProcessIbsCmd: Writing IBS_WAKE_ACK
05-27 03:02:58.261 E/minksocket( 1748): MinkIPC_QRTR_Service: client with node 1 port 6b8d went down
05-27 03:02:58.262 E/minksocket( 1748): MinkIPC_QRTR_Service: client with node 1 port 6b8e went down
05-27 03:02:58.264 E/minksocket( 1748): MinkIPC_QRTR_Service: client with node 1 port 6b8f went down
05-27 03:02:58.265 E/minksocket( 1748): MinkIPC_QRTR_Service: client with node 1 port 6b90 went down
05-27 03:02:58.269 I/vendor.qti.bluetooth@1.0-ibs_handler( 1758): ProcessIbsCmd: Received IBS_SLEEP_IND: 0xFE
05-27 03:02:58.498 D/VRI[MediaOutputDialog]( 7709): update {(0,0)(fillxfill) gr=CENTER sim={adjust=pan} layoutInDisplayCutoutMode=always ty=STATUS_BAR_SUB_PANEL fmt=TRANSPARENT wanim=0x7f14000c
05-27 03:02:58.498 D/VRI[MediaOutputDialog]( 7709):   fl=ALT_FOCUSABLE_IM SHOW_WHEN_LOCKED SPLIT_TOUCH HARDWARE_ACCELERATED
05-27 03:02:58.498 D/VRI[MediaOutputDialog]( 7709):   pfl=FIT_INSETS_CONTROLLED
05-27 03:02:58.498 D/VRI[MediaOutputDialog]( 7709):   bhv=DEFAULT
05-27 03:02:58.498 D/VRI[MediaOutputDialog]( 7709):   fitTypes=STATUS_BARS
05-27 03:02:58.498 D/VRI[MediaOutputDialog]( 7709):   fitIgnoreVis} by setLayoutParams
05-27 03:02:58.668 D/StatusBarIconController( 7709): ignoring old pipeline callbacks, because the new mobile icons are enabled
05-27 03:02:59.018 W/WindowOnBackDispatcher( 7709): sendCancelIfRunning: isInProgress=falsecallback=android.view.ViewRootImpl$$ExternalSyntheticLambda17@110e49e
05-27 03:02:59.019 D/CoreBackPreview( 3077): Window{5e48be1 u0 MediaOutputDialog}: Setting back callback null
05-27 03:02:59.020 D/Surface ( 7709): Surface::disconnect
05-27 03:02:59.020 D/BufferQueueProducer( 7709): [VRI[MediaOutputDialog]#1277(BLAST Consumer)1277](id:1e1d00000505,api:1,p:7709,c:7709) disconnect: api 1
05-27 03:02:59.021 W/InputManager-JNI( 3077): Input channel object '5e48be1 MediaOutputDialog (client)' was disposed without first being removed with the input manager!
05-27 03:02:59.033 V/WindowManager( 3077): Unknown focus tokens, dropping reportFocusChanged
05-27 03:02:59.125 I/FalsingManager( 7709): Skipped falsing. interactionType=12
05-27 03:02:59.203 D/ActivityManager( 3077): freezing 16834 com.google.android.gms, reason = oom_cached
05-27 03:02:59.226 I/vendor.qti.bluetooth@1.0-ibs_handler( 1758): DeviceSleep: TX Awake, Sending SLEEP_IND
05-27 03:02:59.226 D/vendor.qti.bluetooth@1.0-ibs_handler( 1758): SerialClockVote: vote for UART CLK OFF
05-27 03:02:59.368 E/minksocket( 1748): MinkIPC_QRTR_Service: client with node 1 port 6b91 went down
05-27 03:02:59.369 E/minksocket( 1748): MinkIPC_QRTR_Service: client with node 1 port 6b92 went down
05-27 03:02:59.370 E/minksocket( 1748): MinkIPC_QRTR_Service: client with node 1 port 6b93 went down
05-27 03:02:59.370 E/minksocket( 1748): MinkIPC_QRTR_Service: client with node 1 port 6b94 went down
