05-27 03:00:47.471 W/android.vending(16651): ApkAssets: Deleting an ApkAssets object '<empty> and /data/app/~~xtcLYoyBLuO-R5o1uNrS1A==/com.google.android.dialer-b8dDF8z_qeVzwhB433mdlg==/base.apk' with 1 weak references
05-27 03:00:47.471 W/android.vending(16651): ApkAssets: Deleting an ApkAssets object '<empty> and /data/app/~~Oael_2NBkIhLpEoXyP_5KA==/com.google.android.gm-MA0wEpeTkq6uOjBZakM9LA==/base.apk' with 1 weak references
05-27 03:00:47.472 W/android.vending(16651): ApkAssets: Deleting an ApkAssets object '<empty> and /data/app/~~Oael_2NBkIhLpEoXyP_5KA==/com.google.android.gm-MA0wEpeTkq6uOjBZakM9LA==/split_config.arm64_v8a.apk' with 1 weak references
05-27 03:00:47.472 W/android.vending(16651): ApkAssets: Deleting an ApkAssets object '<empty> and /data/app/~~Oael_2NBkIhLpEoXyP_5KA==/com.google.android.gm-MA0wEpeTkq6uOjBZakM9LA==/split_config.en.apk' with 1 weak references
05-27 03:00:47.472 W/android.vending(16651): ApkAssets: Deleting an ApkAssets object '<empty> and /data/app/~~Oael_2NBkIhLpEoXyP_5KA==/com.google.android.gm-MA0wEpeTkq6uOjBZakM9LA==/split_config.xxhdpi.apk' with 1 weak references
05-27 03:00:47.472 W/android.vending(16651): ApkAssets: Deleting an ApkAssets object '<empty> and /data/app/~~w2HJLhwrpo8O66nQAS178g==/com.google.android.videos-RFLouC1DbICcelEgRzx4wg==/base.apk' with 1 weak references
05-27 03:00:47.472 W/android.vending(16651): ApkAssets: Deleting an ApkAssets object '<empty> and /data/app/~~w2HJLhwrpo8O66nQAS178g==/com.google.android.videos-RFLouC1DbICcelEgRzx4wg==/split_config.arm64_v8a.apk' with 1 weak references
05-27 03:00:47.472 W/android.vending(16651): ApkAssets: Deleting an ApkAssets object '<empty> and /data/app/~~w2HJLhwrpo8O66nQAS178g==/com.google.android.videos-RFLouC1DbICcelEgRzx4wg==/split_config.en.apk' with 1 weak references
05-27 03:00:47.472 W/android.vending(16651): ApkAssets: Deleting an ApkAssets object '<empty> and /data/app/~~w2HJLhwrpo8O66nQAS178g==/com.google.android.videos-RFLouC1DbICcelEgRzx4wg==/split_config.xxhdpi.apk' with 1 weak references
05-27 03:00:47.473 W/android.vending(16651): ApkAssets: Deleting an ApkAssets object '<empty> and /data/app/~~KRPl8vemSK3e5PH1rVUHfQ==/com.google.android.youtube-DKBmkKfdWnnkDWqRHUA9QQ==/base.apk' with 1 weak references
05-27 03:00:47.473 W/android.vending(16651): ApkAssets: Deleting an ApkAssets object '<empty> and /data/app/~~KRPl8vemSK3e5PH1rVUHfQ==/com.google.android.youtube-DKBmkKfdWnnkDWqRHUA9QQ==/split_config.arm64_v8a.apk' with 1 weak references
05-27 03:00:47.473 W/android.vending(16651): ApkAssets: Deleting an ApkAssets object '<empty> and /data/app/~~KRPl8vemSK3e5PH1rVUHfQ==/com.google.android.youtube-DKBmkKfdWnnkDWqRHUA9QQ==/split_config.en.apk' with 1 weak references
05-27 03:00:47.473 W/android.vending(16651): ApkAssets: Deleting an ApkAssets object '<empty> and /data/app/~~KRPl8vemSK3e5PH1rVUHfQ==/com.google.android.youtube-DKBmkKfdWnnkDWqRHUA9QQ==/split_config.xxhdpi.apk' with 1 weak references
05-27 03:00:47.473 W/android.vending(16651): ApkAssets: Deleting an ApkAssets object '<empty> and /product/priv-app/MotCamera4/MotCamera4.apk' with 1 weak references
05-27 03:00:47.474 W/android.vending(16651): ApkAssets: Deleting an ApkAssets object '<empty> and /data/app/~~OA-y7rrubUQoloD1YeSNLw==/com.motorola.securityhub-2ILulhzMRNl8fuAVdl0pdQ==/base.apk' with 1 weak references
05-27 03:00:47.474 W/android.vending(16651): ApkAssets: Deleting an ApkAssets object '<empty> and /data/app/~~OA-y7rrubUQoloD1YeSNLw==/com.motorola.securityhub-2ILulhzMRNl8fuAVdl0pdQ==/split_config.arm64_v8a.apk' with 1 weak references
05-27 03:00:47.474 W/android.vending(16651): ApkAssets: Deleting an ApkAssets object '<empty> and /data/app/~~OA-y7rrubUQoloD1YeSNLw==/com.motorola.securityhub-2ILulhzMRNl8fuAVdl0pdQ==/split_config.en.apk' with 1 weak references
05-27 03:00:47.474 W/android.vending(16651): ApkAssets: Deleting an ApkAssets object '<empty> and /data/app/~~OA-y7rrubUQoloD1YeSNLw==/com.motorola.securityhub-2ILulhzMRNl8fuAVdl0pdQ==/split_config.xxhdpi.apk' with 1 weak references
05-27 03:00:47.474 W/android.vending(16651): ApkAssets: Deleting an ApkAssets object '<empty> and /data/app/~~fEDOnb10FYsQPdz__4cRFg==/com.google.android.apps.docs.editors.docs-yFBF0f7IT-D0zA_W4S7DIQ==/base.apk' with 1 weak references
05-27 03:00:47.474 W/android.vending(16651): ApkAssets: Deleting an ApkAssets object '<empty> and /data/app/~~fEDOnb10FYsQPdz__4cRFg==/com.google.android.apps.docs.editors.docs-yFBF0f7IT-D0zA_W4S7DIQ==/split_config.arm64_v8a.apk' with 1 weak references
05-27 03:00:47.474 W/android.vending(16651): ApkAssets: Deleting an ApkAssets object '<empty> and /data/app/~~fEDOnb10FYsQPdz__4cRFg==/com.google.android.apps.docs.editors.docs-yFBF0f7IT-D0zA_W4S7DIQ==/split_config.en.apk' with 1 weak references
05-27 03:00:47.474 W/android.vending(16651): ApkAssets: Deleting an ApkAssets object '<empty> and /data/app/~~fEDOnb10FYsQPdz__4cRFg==/com.google.android.apps.docs.editors.docs-yFBF0f7IT-D0zA_W4S7DIQ==/split_config.xxhdpi.apk' with 1 weak references
05-27 03:00:47.474 W/android.vending(16651): ApkAssets: Deleting an ApkAssets object '<empty> and /data/app/~~uJOx0e41ngBQYtPYreLc8Q==/com.google.android.apps.docs.editors.sheets-86cR4FwjHplaDrZbgh_4bg==/base.apk' with 1 weak references
05-27 03:00:47.475 W/android.vending(16651): ApkAssets: Deleting an ApkAssets object '<empty> and /data/app/~~uJOx0e41ngBQYtPYreLc8Q==/com.google.android.apps.docs.editors.sheets-86cR4FwjHplaDrZbgh_4bg==/split_config.arm64_v8a.apk' with 1 weak references
05-27 03:00:47.475 W/android.vending(16651): ApkAssets: Deleting an ApkAssets object '<empty> and /data/app/~~uJOx0e41ngBQYtPYreLc8Q==/com.google.android.apps.docs.editors.sheets-86cR4FwjHplaDrZbgh_4bg==/split_config.en.apk' with 1 weak references
05-27 03:00:47.475 W/android.vending(16651): ApkAssets: Deleting an ApkAssets object '<empty> and /data/app/~~uJOx0e41ngBQYtPYreLc8Q==/com.google.android.apps.docs.editors.sheets-86cR4FwjHplaDrZbgh_4bg==/split_config.xxhdpi.apk' with 1 weak references
05-27 03:00:47.475 W/android.vending(16651): ApkAssets: Deleting an ApkAssets object '<empty> and /data/app/~~Lk40QSVuV2lgiSqjUeTmtA==/com.google.android.apps.docs.editors.slides--H3vGhcZmpWZemmNGSzNVQ==/base.apk' with 1 weak references
05-27 03:00:47.475 W/android.vending(16651): ApkAssets: Deleting an ApkAssets object '<empty> and /data/app/~~Lk40QSVuV2lgiSqjUeTmtA==/com.google.android.apps.docs.editors.slides--H3vGhcZmpWZemmNGSzNVQ==/split_config.arm64_v8a.apk' with 1 weak references
05-27 03:00:47.475 W/android.vending(16651): ApkAssets: Deleting an ApkAssets object '<empty> and /data/app/~~Lk40QSVuV2lgiSqjUeTmtA==/com.google.android.apps.docs.editors.slides--H3vGhcZmpWZemmNGSzNVQ==/split_config.en.apk' with 1 weak references
05-27 03:00:47.475 W/android.vending(16651): ApkAssets: Deleting an ApkAssets object '<empty> and /data/app/~~Lk40QSVuV2lgiSqjUeTmtA==/com.google.android.apps.docs.editors.slides--H3vGhcZmpWZemmNGSzNVQ==/split_config.xxhdpi.apk' with 1 weak references
05-27 03:00:47.475 W/android.vending(16651): ApkAssets: Deleting an ApkAssets object '<empty> and /data/app/~~XtMSAYz39jM5kK3G0-MHEQ==/com.google.android.apps.magazines-KAeDGcy-wMMzrZd6mVOJTQ==/base.apk' with 1 weak references
05-27 03:00:47.476 W/android.vending(16651): ApkAssets: Deleting an ApkAssets object '<empty> and /data/app/~~XtMSAYz39jM5kK3G0-MHEQ==/com.google.android.apps.magazines-KAeDGcy-wMMzrZd6mVOJTQ==/split_config.arm64_v8a.apk' with 1 weak references
05-27 03:00:47.476 W/android.vending(16651): ApkAssets: Deleting an ApkAssets object '<empty> and /data/app/~~XtMSAYz39jM5kK3G0-MHEQ==/com.google.android.apps.magazines-KAeDGcy-wMMzrZd6mVOJTQ==/split_config.en.apk' with 1 weak references
05-27 03:00:47.476 W/android.vending(16651): ApkAssets: Deleting an ApkAssets object '<empty> and /data/app/~~XtMSAYz39jM5kK3G0-MHEQ==/com.google.android.apps.magazines-KAeDGcy-wMMzrZd6mVOJTQ==/split_config.xxhdpi.apk' with 1 weak references
05-27 03:00:47.476 W/android.vending(16651): ApkAssets: Deleting an ApkAssets object '<empty> and /data/app/~~coACPX5TnP1j68tfAb4olA==/com.jio.myjio-TowplTkSysb3ZMwc_wk7Lw==/base.apk' with 1 weak references
05-27 03:00:47.476 W/android.vending(16651): ApkAssets: Deleting an ApkAssets object '<empty> and /data/app/~~coACPX5TnP1j68tfAb4olA==/com.jio.myjio-TowplTkSysb3ZMwc_wk7Lw==/split_config.arm64_v8a.apk' with 1 weak references
05-27 03:00:47.476 W/android.vending(16651): ApkAssets: Deleting an ApkAssets object '<empty> and /data/app/~~coACPX5TnP1j68tfAb4olA==/com.jio.myjio-TowplTkSysb3ZMwc_wk7Lw==/split_config.xxhdpi.apk' with 1 weak references
05-27 03:00:47.477 W/android.vending(16651): ApkAssets: Deleting an ApkAssets object '<empty> and /data/app/~~_hVlMsmwieDwxK2TvzXwqA==/com.pinterest-0TBBnMQcbuoMOCerT0i3qg==/base.apk' with 1 weak references
05-27 03:00:47.477 W/android.vending(16651): ApkAssets: Deleting an ApkAssets object '<empty> and /data/app/~~_hVlMsmwieDwxK2TvzXwqA==/com.pinterest-0TBBnMQcbuoMOCerT0i3qg==/split_config.arm64_v8a.apk' with 1 weak references
05-27 03:00:47.477 W/android.vending(16651): ApkAssets: Deleting an ApkAssets object '<empty> and /data/app/~~_hVlMsmwieDwxK2TvzXwqA==/com.pinterest-0TBBnMQcbuoMOCerT0i3qg==/split_config.en.apk' with 1 weak references
05-27 03:00:47.477 W/android.vending(16651): ApkAssets: Deleting an ApkAssets object '<empty> and /data/app/~~_hVlMsmwieDwxK2TvzXwqA==/com.pinterest-0TBBnMQcbuoMOCerT0i3qg==/split_config.xxhdpi.apk' with 1 weak references
05-27 03:00:47.477 W/android.vending(16651): ApkAssets: Deleting an ApkAssets object '<empty> and /data/app/~~u-q_fYe_VUv3SjzwNaOrRA==/com.tradingview.tradingviewapp-IEpH2jCObak7uBE9lYb7JA==/base.apk' with 1 weak references
05-27 03:00:47.478 W/android.vending(16651): ApkAssets: Deleting an ApkAssets object '<empty> and /data/app/~~u-q_fYe_VUv3SjzwNaOrRA==/com.tradingview.tradingviewapp-IEpH2jCObak7uBE9lYb7JA==/split_config.arm64_v8a.apk' with 1 weak references
05-27 03:00:47.478 W/android.vending(16651): ApkAssets: Deleting an ApkAssets object '<empty> and /data/app/~~_ozRPGkA-zvNPjdN7n-j3A==/idm.internet.download.manager.plus-ADGdbCbAhsyaOTCts11-fQ==/base.apk' with 1 weak references
05-27 03:00:47.478 W/android.vending(16651): ApkAssets: Deleting an ApkAssets object '<empty> and /data/app/~~_ozRPGkA-zvNPjdN7n-j3A==/idm.internet.download.manager.plus-ADGdbCbAhsyaOTCts11-fQ==/split_config.arm64_v8a.apk' with 1 weak references
05-27 03:00:47.478 W/android.vending(16651): ApkAssets: Deleting an ApkAssets object '<empty> and /data/app/~~_ozRPGkA-zvNPjdN7n-j3A==/idm.internet.download.manager.plus-ADGdbCbAhsyaOTCts11-fQ==/split_config.xxhdpi.apk' with 1 weak references
05-27 03:00:47.478 W/android.vending(16651): ApkAssets: Deleting an ApkAssets object '<empty> and /system/app/Stk/Stk.apk' with 1 weak references
05-27 03:00:47.479 W/android.vending(16651): ApkAssets: Deleting an ApkAssets object '<empty> and /data/app/~~jVilmhzNBUfF0rySX15adg==/com.google.android.apps.googleassistant-dSfhOgkb2iprGSDIzju5FQ==/base.apk' with 1 weak references
05-27 03:00:47.479 W/android.vending(16651): ApkAssets: Deleting an ApkAssets object '<empty> and /data/app/~~bSiE7ahW7DavtGEqPRGm0Q==/com.google.android.apps.nbu.files-dUaMQowXNtL4C2YdJb1pXw==/base.apk' with 1 weak references
05-27 03:00:47.479 W/android.vending(16651): ApkAssets: Deleting an ApkAssets object '<empty> and /data/app/~~bSiE7ahW7DavtGEqPRGm0Q==/com.google.android.apps.nbu.files-dUaMQowXNtL4C2YdJb1pXw==/split_config.arm64_v8a.apk' with 1 weak references
05-27 03:00:47.479 W/android.vending(16651): ApkAssets: Deleting an ApkAssets object '<empty> and /data/app/~~bSiE7ahW7DavtGEqPRGm0Q==/com.google.android.apps.nbu.files-dUaMQowXNtL4C2YdJb1pXw==/split_config.en.apk' with 1 weak references
05-27 03:00:47.479 W/android.vending(16651): ApkAssets: Deleting an ApkAssets object '<empty> and /data/app/~~bSiE7ahW7DavtGEqPRGm0Q==/com.google.android.apps.nbu.files-dUaMQowXNtL4C2YdJb1pXw==/split_config.xxhdpi.apk' with 1 weak references
05-27 03:00:47.479 W/android.vending(16651): ApkAssets: Deleting an ApkAssets object '<empty> and /data/app/~~O4Tm5ObbZBU_U89qnolALw==/com.google.android.apps.subscriptions.red-HVviSWkfJguxjCIhi-IFTg==/base.apk' with 1 weak references
05-27 03:00:47.479 W/android.vending(16651): ApkAssets: Deleting an ApkAssets object '<empty> and /data/app/~~O4Tm5ObbZBU_U89qnolALw==/com.google.android.apps.subscriptions.red-HVviSWkfJguxjCIhi-IFTg==/split_config.arm64_v8a.apk' with 1 weak references
05-27 03:00:47.479 W/android.vending(16651): ApkAssets: Deleting an ApkAssets object '<empty> and /data/app/~~O4Tm5ObbZBU_U89qnolALw==/com.google.android.apps.subscriptions.red-HVviSWkfJguxjCIhi-IFTg==/split_config.en.apk' with 1 weak references
05-27 03:00:47.479 W/android.vending(16651): ApkAssets: Deleting an ApkAssets object '<empty> and /data/app/~~O4Tm5ObbZBU_U89qnolALw==/com.google.android.apps.subscriptions.red-HVviSWkfJguxjCIhi-IFTg==/split_config.xxhdpi.apk' with 1 weak references
05-27 03:00:47.480 W/android.vending(16651): ApkAssets: Deleting an ApkAssets object '<empty> and /data/app/~~exuEAnxktORPX8mqTP1sCQ==/com.google.android.googlequicksearchbox-5pdLSX9_dJLZ3jl9nvXHmw==/base.apk' with 1 weak references
05-27 03:00:47.480 W/android.vending(16651): ApkAssets: Deleting an ApkAssets object '<empty> and /data/app/~~exuEAnxktORPX8mqTP1sCQ==/com.google.android.googlequicksearchbox-5pdLSX9_dJLZ3jl9nvXHmw==/split_config.xxhdpi.apk' with 1 weak references
05-27 03:00:47.480 W/android.vending(16651): ApkAssets: Deleting an ApkAssets object '<empty> and /data/app/~~exuEAnxktORPX8mqTP1sCQ==/com.google.android.googlequicksearchbox-5pdLSX9_dJLZ3jl9nvXHmw==/split_lens_ondevice_engine_play_ml_module.apk' with 1 weak references
05-27 03:00:47.480 W/android.vending(16651): ApkAssets: Deleting an ApkAssets object '<empty> and /data/app/~~cjR47Qt0qZnCMXGvXf6Ehw==/com.motorola.audiorecorder-r2O-_EfmdoFr0wUUT0bBgg==/base.apk' with 1 weak references
05-27 03:00:47.480 W/android.vending(16651): ApkAssets: Deleting an ApkAssets object '<empty> and /data/app/~~cjR47Qt0qZnCMXGvXf6Ehw==/com.motorola.audiorecorder-r2O-_EfmdoFr0wUUT0bBgg==/split_config.arm64_v8a.apk' with 1 weak references
05-27 03:00:47.480 W/android.vending(16651): ApkAssets: Deleting an ApkAssets object '<empty> and /data/app/~~cjR47Qt0qZnCMXGvXf6Ehw==/com.motorola.audiorecorder-r2O-_EfmdoFr0wUUT0bBgg==/split_config.en.apk' with 1 weak references
05-27 03:00:47.480 W/android.vending(16651): ApkAssets: Deleting an ApkAssets object '<empty> and /data/app/~~cjR47Qt0qZnCMXGvXf6Ehw==/com.motorola.audiorecorder-r2O-_EfmdoFr0wUUT0bBgg==/split_config.xxhdpi.apk' with 1 weak references
05-27 03:00:47.481 W/android.vending(16651): ApkAssets: Deleting an ApkAssets object '<empty> and /data/app/~~CNC17nwqIm87ioaf3GtiHg==/com.motorola.ccc.notification-o9NaYsqMH2_GJnGBRCWflQ==/base.apk' with 1 weak references
05-27 03:00:47.481 W/android.vending(16651): ApkAssets: Deleting an ApkAssets object '<empty> and /system/app/MotoDolbyDax3/MotoDolbyDax3.apk' with 1 weak references
05-27 03:00:47.481 W/android.vending(16651): ApkAssets: Deleting an ApkAssets object '<empty> and /data/app/~~Z1yWOtnQYrGG3un_ECyswg==/com.motorola.gamemode-hoClpJyHa2xUVVpKHobgsA==/base.apk' with 1 weak references
05-27 03:00:47.482 W/android.vending(16651): ApkAssets: Deleting an ApkAssets object '<empty> and /data/app/~~Z1yWOtnQYrGG3un_ECyswg==/com.motorola.gamemode-hoClpJyHa2xUVVpKHobgsA==/split_config.arm64_v8a.apk' with 1 weak references
05-27 03:00:47.482 W/android.vending(16651): ApkAssets: Deleting an ApkAssets object '<empty> and /data/app/~~dy3rDKizgui-zI9ArNA5hw==/com.motorola.genie-dGFBTk6td5iGpHkYLe4Kaw==/base.apk' with 1 weak references
05-27 03:00:47.482 W/android.vending(16651): ApkAssets: Deleting an ApkAssets object '<empty> and /data/app/~~nQrCC_A3rndn1cg13w2gcw==/com.motorola.livewallpaper3-R7zZJXWR-aWnoSYKKtTDHw==/base.apk' with 1 weak references
05-27 03:00:47.482 W/android.vending(16651): ApkAssets: Deleting an ApkAssets object '<empty> and /data/app/~~nQrCC_A3rndn1cg13w2gcw==/com.motorola.livewallpaper3-R7zZJXWR-aWnoSYKKtTDHw==/split_bundle_cool_bamboo.apk' with 1 weak references
05-27 03:00:47.482 W/android.vending(16651): ApkAssets: Deleting an ApkAssets object '<empty> and /data/app/~~nQrCC_A3rndn1cg13w2gcw==/com.motorola.livewallpaper3-R7zZJXWR-aWnoSYKKtTDHw==/split_bundle_digital_revolution.apk' with 1 weak references
05-27 03:00:47.482 W/android.vending(16651): ApkAssets: Deleting an ApkAssets object '<empty> and /data/app/~~nQrCC_A3rndn1cg13w2gcw==/com.motorola.livewallpaper3-R7zZJXWR-aWnoSYKKtTDHw==/split_config.arm64_v8a.apk' with 1 weak references
05-27 03:00:47.483 W/android.vending(16651): ApkAssets: Deleting an ApkAssets object '<empty> and /data/app/~~6HXRVioIns4kDTn5MtZtPg==/com.motorola.mobiledesktop-Ii3hjhxltCDsKFc5v3YbHQ==/base.apk' with 1 weak references
05-27 03:00:47.483 W/android.vending(16651): ApkAssets: Deleting an ApkAssets object '<empty> and /data/app/~~b3nzTs21oI2jjacVle2C1A==/com.motorola.moto-1kWd9zKZJbQ60EKmwMYEOA==/base.apk' with 1 weak references
05-27 03:00:47.483 W/android.vending(16651): ApkAssets: Deleting an ApkAssets object '<empty> and /data/app/~~b3nzTs21oI2jjacVle2C1A==/com.motorola.moto-1kWd9zKZJbQ60EKmwMYEOA==/split_config.en.apk' with 1 weak references
05-27 03:00:47.483 W/android.vending(16651): ApkAssets: Deleting an ApkAssets object '<empty> and /data/app/~~b3nzTs21oI2jjacVle2C1A==/com.motorola.moto-1kWd9zKZJbQ60EKmwMYEOA==/split_config.xxhdpi.apk' with 1 weak references
05-27 03:00:47.484 W/android.vending(16651): ApkAssets: Deleting an ApkAssets object '<empty> and /data/app/~~awyxinFK2NYvk9DT0Z3UIg==/com.motorola.spaces-6zU9d4ABcziVB5LcUJ7GYg==/base.apk' with 1 weak references
05-27 03:00:47.484 W/android.vending(16651): ApkAssets: Deleting an ApkAssets object '<empty> and /data/app/~~awyxinFK2NYvk9DT0Z3UIg==/com.motorola.spaces-6zU9d4ABcziVB5LcUJ7GYg==/split_config.arm64_v8a.apk' with 1 weak references
05-27 03:00:47.484 W/android.vending(16651): ApkAssets: Deleting an ApkAssets object '<empty> and /data/app/~~awyxinFK2NYvk9DT0Z3UIg==/com.motorola.spaces-6zU9d4ABcziVB5LcUJ7GYg==/split_config.en.apk' with 1 weak references
05-27 03:00:47.484 W/android.vending(16651): ApkAssets: Deleting an ApkAssets object '<empty> and /data/app/~~awyxinFK2NYvk9DT0Z3UIg==/com.motorola.spaces-6zU9d4ABcziVB5LcUJ7GYg==/split_config.xxhdpi.apk' with 1 weak references
05-27 03:00:47.484 W/android.vending(16651): ApkAssets: Deleting an ApkAssets object '<empty> and /data/app/~~oVAN7LDAEaVqYB73txv8Hw==/com.motorola.timeweatherwidget-z3kTy5x08JkHqtimkbcrMg==/base.apk' with 1 weak references
05-27 03:00:47.484 D/CompatibilityChangeReporter(23444): Compat change id reported: 160794467; UID 10302; state: ENABLED
05-27 03:00:47.484 W/android.vending(16651): ApkAssets: Deleting an ApkAssets object '<empty> and /data/app/~~ljUTf1PGIyEQiR5NZsbZvg==/ai.perplexity.app.android-fLlapyn1SCLPb7gBkuSoxw==/base.apk' with 1 weak references
05-27 03:00:47.485 W/android.vending(16651): ApkAssets: Deleting an ApkAssets object '<empty> and /data/app/~~ljUTf1PGIyEQiR5NZsbZvg==/ai.perplexity.app.android-fLlapyn1SCLPb7gBkuSoxw==/split_config.arm64_v8a.apk' with 1 weak references
05-27 03:00:47.485 W/android.vending(16651): ApkAssets: Deleting an ApkAssets object '<empty> and /data/app/~~ljUTf1PGIyEQiR5NZsbZvg==/ai.perplexity.app.android-fLlapyn1SCLPb7gBkuSoxw==/split_config.xxhdpi.apk' with 1 weak references
05-27 03:00:47.485 W/android.vending(16651): ApkAssets: Deleting an ApkAssets object '<empty> and /data/app/~~6P8ZjzNbTgi1_KK1OJhbmw==/com.adobe.reader-NuuMpT8bLmUnJs_2RyGyLg==/base.apk' with 1 weak references
05-27 03:00:47.485 W/android.vending(16651): ApkAssets: Deleting an ApkAssets object '<empty> and /data/app/~~6P8ZjzNbTgi1_KK1OJhbmw==/com.adobe.reader-NuuMpT8bLmUnJs_2RyGyLg==/split_AdsDF.apk' with 1 weak references
05-27 03:00:47.485 W/android.vending(16651): ApkAssets: Deleting an ApkAssets object '<empty> and /data/app/~~6P8ZjzNbTgi1_KK1OJhbmw==/com.adobe.reader-NuuMpT8bLmUnJs_2RyGyLg==/split_AdsInMobiDF.apk' with 1 weak references
05-27 03:00:47.485 W/android.vending(16651): ApkAssets: Deleting an ApkAssets object '<empty> and /data/app/~~6P8ZjzNbTgi1_KK1OJhbmw==/com.adobe.reader-NuuMpT8bLmUnJs_2RyGyLg==/split_AdsInMobiDF.config.xxhdpi.apk' with 1 weak references
05-27 03:00:47.485 W/android.vending(16651): ApkAssets: Deleting an ApkAssets object '<empty> and /data/app/~~6P8ZjzNbTgi1_KK1OJhbmw==/com.adobe.reader-NuuMpT8bLmUnJs_2RyGyLg==/split_FASOpenCVDF.apk' with 1 weak references
05-27 03:00:47.485 W/android.vending(16651): ApkAssets: Deleting an ApkAssets object '<empty> and /data/app/~~6P8ZjzNbTgi1_KK1OJhbmw==/com.adobe.reader-NuuMpT8bLmUnJs_2RyGyLg==/split_FASOpenCVDF.config.arm64_v8a.apk' with 1 weak references
05-27 03:00:47.485 W/android.vending(16651): ApkAssets: Deleting an ApkAssets object '<empty> and /data/app/~~6P8ZjzNbTgi1_KK1OJhbmw==/com.adobe.reader-NuuMpT8bLmUnJs_2RyGyLg==/split_LMCODModelDF.apk' with 1 weak references
05-27 03:00:47.486 W/android.vending(16651): ApkAssets: Deleting an ApkAssets object '<empty> and /data/app/~~6P8ZjzNbTgi1_KK1OJhbmw==/com.adobe.reader-NuuMpT8bLmUnJs_2RyGyLg==/split_LMCODModelDF.config.arm64_v8a.apk' with 1 weak references
05-27 03:00:47.486 W/android.vending(16651): ApkAssets: Deleting an ApkAssets object '<empty> and /data/app/~~6P8ZjzNbTgi1_KK1OJhbmw==/com.adobe.reader-NuuMpT8bLmUnJs_2RyGyLg==/split_OCRCoreDF.apk' with 1 weak references
05-27 03:00:47.486 W/android.vending(16651): ApkAssets: Deleting an ApkAssets object '<empty> and /data/app/~~6P8ZjzNbTgi1_KK1OJhbmw==/com.adobe.reader-NuuMpT8bLmUnJs_2RyGyLg==/split_OCRCoreDF.config.arm64_v8a.apk' with 1 weak references
05-27 03:00:47.486 W/android.vending(16651): ApkAssets: Deleting an ApkAssets object '<empty> and /data/app/~~6P8ZjzNbTgi1_KK1OJhbmw==/com.adobe.reader-NuuMpT8bLmUnJs_2RyGyLg==/split_PDFEditFontsDF.apk' with 1 weak references
05-27 03:00:47.486 W/android.vending(16651): ApkAssets: Deleting an ApkAssets object '<empty> and /data/app/~~6P8ZjzNbTgi1_KK1OJhbmw==/com.adobe.reader-NuuMpT8bLmUnJs_2RyGyLg==/split_SAMSDKNativeDF.apk' with 1 weak references
05-27 03:00:47.486 W/android.vending(16651): ApkAssets: Deleting an ApkAssets object '<empty> and /data/app/~~6P8ZjzNbTgi1_KK1OJhbmw==/com.adobe.reader-NuuMpT8bLmUnJs_2RyGyLg==/split_SAMSDKNativeDF.config.arm64_v8a.apk' with 1 weak references
05-27 03:00:47.486 W/android.vending(16651): ApkAssets: Deleting an ApkAssets object '<empty> and /data/app/~~6P8ZjzNbTgi1_KK1OJhbmw==/com.adobe.reader-NuuMpT8bLmUnJs_2RyGyLg==/split_ScanSDKDF.apk' with 1 weak references
05-27 03:00:47.486 W/android.vending(16651): ApkAssets: Deleting an ApkAssets object '<empty> and /data/app/~~6P8ZjzNbTgi1_KK1OJhbmw==/com.adobe.reader-NuuMpT8bLmUnJs_2RyGyLg==/split_ScanSDKDF.config.arm64_v8a.apk' with 1 weak references
05-27 03:00:47.486 W/android.vending(16651): ApkAssets: Deleting an ApkAssets object '<empty> and /data/app/~~6P8ZjzNbTgi1_KK1OJhbmw==/com.adobe.reader-NuuMpT8bLmUnJs_2RyGyLg==/split_ScanSDKDF.config.en.apk' with 1 weak references
05-27 03:00:47.486 W/android.vending(16651): ApkAssets: Deleting an ApkAssets object '<empty> and /data/app/~~6P8ZjzNbTgi1_KK1OJhbmw==/com.adobe.reader-NuuMpT8bLmUnJs_2RyGyLg==/split_VADYamnetDF.apk' with 1 weak references
05-27 03:00:47.486 W/android.vending(16651): ApkAssets: Deleting an ApkAssets object '<empty> and /data/app/~~6P8ZjzNbTgi1_KK1OJhbmw==/com.adobe.reader-NuuMpT8bLmUnJs_2RyGyLg==/split_VADYamnetDF.config.arm64_v8a.apk' with 1 weak references
05-27 03:00:47.486 W/android.vending(16651): ApkAssets: Deleting an ApkAssets object '<empty> and /data/app/~~6P8ZjzNbTgi1_KK1OJhbmw==/com.adobe.reader-NuuMpT8bLmUnJs_2RyGyLg==/split_config.arm64_v8a.apk' with 1 weak references
05-27 03:00:47.486 W/android.vending(16651): ApkAssets: Deleting an ApkAssets object '<empty> and /data/app/~~6P8ZjzNbTgi1_KK1OJhbmw==/com.adobe.reader-NuuMpT8bLmUnJs_2RyGyLg==/split_config.en.apk' with 1 weak references
05-27 03:00:47.486 W/android.vending(16651): ApkAssets: Deleting an ApkAssets object '<empty> and /data/app/~~6P8ZjzNbTgi1_KK1OJhbmw==/com.adobe.reader-NuuMpT8bLmUnJs_2RyGyLg==/split_config.xxhdpi.apk' with 1 weak references
05-27 03:00:47.486 W/android.vending(16651): ApkAssets: Deleting an ApkAssets object '<empty> and /data/app/~~sO1hVIOcRHtYJwYAEVcsBg==/com.amazon.dee.app-rpf1VYV-w22zlUyu1kx6sw==/base.apk' with 1 weak references
05-27 03:00:47.487 W/android.vending(16651): ApkAssets: Deleting an ApkAssets object '<empty> and /data/app/~~sO1hVIOcRHtYJwYAEVcsBg==/com.amazon.dee.app-rpf1VYV-w22zlUyu1kx6sw==/split_config.arm64_v8a.apk' with 1 weak references
05-27 03:00:47.487 W/android.vending(16651): ApkAssets: Deleting an ApkAssets object '<empty> and /data/app/~~sO1hVIOcRHtYJwYAEVcsBg==/com.amazon.dee.app-rpf1VYV-w22zlUyu1kx6sw==/split_config.xxhdpi.apk' with 1 weak references
05-27 03:00:47.487 W/android.vending(16651): ApkAssets: Deleting an ApkAssets object '<empty> and /data/app/~~7CXJF6PqG4Op08jlhWBy3Q==/com.anthropic.claude-wypW-43MSzS0ZO1SX6kM5g==/base.apk' with 1 weak references
05-27 03:00:47.487 W/android.vending(16651): ApkAssets: Deleting an ApkAssets object '<empty> and /data/app/~~7CXJF6PqG4Op08jlhWBy3Q==/com.anthropic.claude-wypW-43MSzS0ZO1SX6kM5g==/split_config.arm64_v8a.apk' with 1 weak references
05-27 03:00:47.487 W/android.vending(16651): ApkAssets: Deleting an ApkAssets object '<empty> and /data/app/~~7CXJF6PqG4Op08jlhWBy3Q==/com.anthropic.claude-wypW-43MSzS0ZO1SX6kM5g==/split_config.bn.apk' with 1 weak references
05-27 03:00:47.487 W/android.vending(16651): ApkAssets: Deleting an ApkAssets object '<empty> and /data/app/~~7CXJF6PqG4Op08jlhWBy3Q==/com.anthropic.claude-wypW-43MSzS0ZO1SX6kM5g==/split_config.en.apk' with 1 weak references
05-27 03:00:47.487 W/android.vending(16651): ApkAssets: Deleting an ApkAssets object '<empty> and /data/app/~~7CXJF6PqG4Op08jlhWBy3Q==/com.anthropic.claude-wypW-43MSzS0ZO1SX6kM5g==/split_config.gu.apk' with 1 weak references
05-27 03:00:47.487 W/android.vending(16651): ApkAssets: Deleting an ApkAssets object '<empty> and /data/app/~~7CXJF6PqG4Op08jlhWBy3Q==/com.anthropic.claude-wypW-43MSzS0ZO1SX6kM5g==/split_config.mr.apk' with 1 weak references
05-27 03:00:47.487 W/android.vending(16651): ApkAssets: Deleting an ApkAssets object '<empty> and /data/app/~~7CXJF6PqG4Op08jlhWBy3Q==/com.anthropic.claude-wypW-43MSzS0ZO1SX6kM5g==/split_config.xxhdpi.apk' with 1 weak references
05-27 03:00:47.488 W/android.vending(16651): ApkAssets: Deleting an ApkAssets object '<empty> and /data/app/~~yiK2wpZDgJxP_zHTvu3otw==/com.coinswitch.kuber-ADY1z4j-HoyIxW3MPNtnBQ==/base.apk' with 1 weak references
05-27 03:00:47.488 W/android.vending(16651): ApkAssets: Deleting an ApkAssets object '<empty> and /data/app/~~QBVDx-Sw3tmyveCwQKQwaw==/com.confirmtkt.lite-8BW3KfUw0xpq_GIV0agZVA==/base.apk' with 1 weak references
05-27 03:00:47.488 W/android.vending(16651): ApkAssets: Deleting an ApkAssets object '<empty> and /data/app/~~QBVDx-Sw3tmyveCwQKQwaw==/com.confirmtkt.lite-8BW3KfUw0xpq_GIV0agZVA==/split_config.arm64_v8a.apk' with 1 weak references
05-27 03:00:47.488 W/android.vending(16651): ApkAssets: Deleting an ApkAssets object '<empty> and /data/app/~~QBVDx-Sw3tmyveCwQKQwaw==/com.confirmtkt.lite-8BW3KfUw0xpq_GIV0agZVA==/split_config.xxhdpi.apk' with 1 weak references
05-27 03:00:47.488 W/android.vending(16651): ApkAssets: Deleting an ApkAssets object '<empty> and /data/app/~~1qXoZ_rmF2RSrrMKD3koYQ==/com.creditcard.onecard-Vn9bKcsVLdGJXG0HvqivdA==/base.apk' with 1 weak references
05-27 03:00:47.488 W/android.vending(16651): ApkAssets: Deleting an ApkAssets object '<empty> and /data/app/~~1qXoZ_rmF2RSrrMKD3koYQ==/com.creditcard.onecard-Vn9bKcsVLdGJXG0HvqivdA==/split_config.arm64_v8a.apk' with 1 weak references
05-27 03:00:47.489 W/android.vending(16651): ApkAssets: Deleting an ApkAssets object '<empty> and /data/app/~~1qXoZ_rmF2RSrrMKD3koYQ==/com.creditcard.onecard-Vn9bKcsVLdGJXG0HvqivdA==/split_config.en.apk' with 1 weak references
05-27 03:00:47.489 W/android.vending(16651): ApkAssets: Deleting an ApkAssets object '<empty> and /data/app/~~1qXoZ_rmF2RSrrMKD3koYQ==/com.creditcard.onecard-Vn9bKcsVLdGJXG0HvqivdA==/split_config.xxhdpi.apk' with 1 weak references
05-27 03:00:47.489 W/android.vending(16651): ApkAssets: Deleting an ApkAssets object '<empty> and /data/app/~~CbDRg1-GntMF7vH-O8sTJw==/com.csam.icici.bank.imobile-yjTtZycaQHeyDzMX4m3JiA==/base.apk' with 1 weak references
05-27 03:00:47.489 W/android.vending(16651): ApkAssets: Deleting an ApkAssets object '<empty> and /data/app/~~CbDRg1-GntMF7vH-O8sTJw==/com.csam.icici.bank.imobile-yjTtZycaQHeyDzMX4m3JiA==/split_config.arm64_v8a.apk' with 1 weak references
05-27 03:00:47.489 W/android.vending(16651): ApkAssets: Deleting an ApkAssets object '<empty> and /data/app/~~CbDRg1-GntMF7vH-O8sTJw==/com.csam.icici.bank.imobile-yjTtZycaQHeyDzMX4m3JiA==/split_config.xxhdpi.apk' with 1 weak references
05-27 03:00:47.489 W/android.vending(16651): ApkAssets: Deleting an ApkAssets object '<empty> and /data/app/~~Hjs4JCDJQWRbpTeiiamZ_Q==/com.dbs.in.cbcards-wbLEpxiQUgbgErokIUgUFw==/base.apk' with 1 weak references
05-27 03:00:47.489 W/android.vending(16651): ApkAssets: Deleting an ApkAssets object '<empty> and /data/app/~~Hjs4JCDJQWRbpTeiiamZ_Q==/com.dbs.in.cbcards-wbLEpxiQUgbgErokIUgUFw==/split_config.arm64_v8a.apk' with 1 weak references
05-27 03:00:47.490 W/android.vending(16651): ApkAssets: Deleting an ApkAssets object '<empty> and /data/app/~~Hjs4JCDJQWRbpTeiiamZ_Q==/com.dbs.in.cbcards-wbLEpxiQUgbgErokIUgUFw==/split_config.bn.apk' with 1 weak references
05-27 03:00:47.490 W/android.vending(16651): ApkAssets: Deleting an ApkAssets object '<empty> and /data/app/~~Hjs4JCDJQWRbpTeiiamZ_Q==/com.dbs.in.cbcards-wbLEpxiQUgbgErokIUgUFw==/split_config.en.apk' with 1 weak references
05-27 03:00:47.490 W/android.vending(16651): ApkAssets: Deleting an ApkAssets object '<empty> and /data/app/~~Hjs4JCDJQWRbpTeiiamZ_Q==/com.dbs.in.cbcards-wbLEpxiQUgbgErokIUgUFw==/split_config.gu.apk' with 1 weak references
05-27 03:00:47.490 W/android.vending(16651): ApkAssets: Deleting an ApkAssets object '<empty> and /data/app/~~Hjs4JCDJQWRbpTeiiamZ_Q==/com.dbs.in.cbcards-wbLEpxiQUgbgErokIUgUFw==/split_config.hi.apk' with 1 weak references
05-27 03:00:47.490 W/android.vending(16651): ApkAssets: Deleting an ApkAssets object '<empty> and /data/app/~~Hjs4JCDJQWRbpTeiiamZ_Q==/com.dbs.in.cbcards-wbLEpxiQUgbgErokIUgUFw==/split_config.kn.apk' with 1 weak references
05-27 03:00:47.490 W/android.vending(16651): ApkAssets: Deleting an ApkAssets object '<empty> and /data/app/~~Hjs4JCDJQWRbpTeiiamZ_Q==/com.dbs.in.cbcards-wbLEpxiQUgbgErokIUgUFw==/split_config.mr.apk' with 1 weak references
05-27 03:00:47.490 W/android.vending(16651): ApkAssets: Deleting an ApkAssets object '<empty> and /data/app/~~Hjs4JCDJQWRbpTeiiamZ_Q==/com.dbs.in.cbcards-wbLEpxiQUgbgErokIUgUFw==/split_config.ta.apk' with 1 weak references
05-27 03:00:47.490 W/android.vending(16651): ApkAssets: Deleting an ApkAssets object '<empty> and /data/app/~~Hjs4JCDJQWRbpTeiiamZ_Q==/com.dbs.in.cbcards-wbLEpxiQUgbgErokIUgUFw==/split_config.te.apk' with 1 weak references
05-27 03:00:47.490 W/android.vending(16651): ApkAssets: Deleting an ApkAssets object '<empty> and /data/app/~~Hjs4JCDJQWRbpTeiiamZ_Q==/com.dbs.in.cbcards-wbLEpxiQUgbgErokIUgUFw==/split_config.xxhdpi.apk' with 1 weak references
05-27 03:00:47.490 W/android.vending(16651): ApkAssets: Deleting an ApkAssets object '<empty> and /data/app/~~IrlF06fzlEMGdGYSsa-9Gw==/com.dp.logcatapp-_g_qkfgg7EEZF1g4w52dmg==/base.apk' with 1 weak references
05-27 03:00:47.490 W/android.vending(16651): ApkAssets: Deleting an ApkAssets object '<empty> and /data/app/~~cPrADpxzT-jxOBrbu3MtDw==/com.dreamplug.androidapp-v_q6jJK55022pvYCSsx8cQ==/base.apk' with 1 weak references
05-27 03:00:47.491 W/android.vending(16651): ApkAssets: Deleting an ApkAssets object '<empty> and /data/app/~~cPrADpxzT-jxOBrbu3MtDw==/com.dreamplug.androidapp-v_q6jJK55022pvYCSsx8cQ==/split_config.arm64_v8a.apk' with 1 weak references
05-27 03:00:47.491 W/android.vending(16651): ApkAssets: Deleting an ApkAssets object '<empty> and /data/app/~~cPrADpxzT-jxOBrbu3MtDw==/com.dreamplug.androidapp-v_q6jJK55022pvYCSsx8cQ==/split_config.xxhdpi.apk' with 1 weak references
05-27 03:00:47.491 W/android.vending(16651): ApkAssets: Deleting an ApkAssets object '<empty> and /data/app/~~cPrADpxzT-jxOBrbu3MtDw==/com.dreamplug.androidapp-v_q6jJK55022pvYCSsx8cQ==/split_tapvisacore.apk' with 1 weak references
05-27 03:00:47.491 W/android.vending(16651): ApkAssets: Deleting an ApkAssets object '<empty> and /data/app/~~cPrADpxzT-jxOBrbu3MtDw==/com.dreamplug.androidapp-v_q6jJK55022pvYCSsx8cQ==/split_tapvisacore.config.xxhdpi.apk' with 1 weak references
05-27 03:00:47.491 W/android.vending(16651): ApkAssets: Deleting an ApkAssets object '<empty> and /data/app/~~gEsthl7CEEjzsXae0-OMoQ==/com.earlysalary.android-7eFPLrIyXjmsH11-T4jFxA==/base.apk' with 1 weak references
05-27 03:00:47.491 W/android.vending(16651): ApkAssets: Deleting an ApkAssets object '<empty> and /data/app/~~gEsthl7CEEjzsXae0-OMoQ==/com.earlysalary.android-7eFPLrIyXjmsH11-T4jFxA==/split_config.arm64_v8a.apk' with 1 weak references
05-27 03:00:47.491 W/android.vending(16651): ApkAssets: Deleting an ApkAssets object '<empty> and /data/app/~~gEsthl7CEEjzsXae0-OMoQ==/com.earlysalary.android-7eFPLrIyXjmsH11-T4jFxA==/split_config.en.apk' with 1 weak references
05-27 03:00:47.491 W/android.vending(16651): ApkAssets: Deleting an ApkAssets object '<empty> and /data/app/~~gEsthl7CEEjzsXae0-OMoQ==/com.earlysalary.android-7eFPLrIyXjmsH11-T4jFxA==/split_config.xxhdpi.apk' with 1 weak references
05-27 03:00:47.492 W/android.vending(16651): ApkAssets: Deleting an ApkAssets object '<empty> and /data/app/~~Yi-lXMYUK_-XHhHElzg3rA==/com.google.android.apps.chromecast.app-MJZSwCEiZf-jKseVXfmn-A==/base.apk' with 1 weak references
05-27 03:00:47.492 W/android.vending(16651): ApkAssets: Deleting an ApkAssets object '<empty> and /data/app/~~Yi-lXMYUK_-XHhHElzg3rA==/com.google.android.apps.chromecast.app-MJZSwCEiZf-jKseVXfmn-A==/split_config.arm64_v8a.apk' with 1 weak references
05-27 03:00:47.492 W/android.vending(16651): ApkAssets: Deleting an ApkAssets object '<empty> and /data/app/~~Yi-lXMYUK_-XHhHElzg3rA==/com.google.android.apps.chromecast.app-MJZSwCEiZf-jKseVXfmn-A==/split_config.en.apk' with 1 weak references
05-27 03:00:47.492 W/android.vending(16651): ApkAssets: Deleting an ApkAssets object '<empty> and /data/app/~~Yi-lXMYUK_-XHhHElzg3rA==/com.google.android.apps.chromecast.app-MJZSwCEiZf-jKseVXfmn-A==/split_config.xxhdpi.apk' with 1 weak references
05-27 03:00:47.492 W/android.vending(16651): ApkAssets: Deleting an ApkAssets object '<empty> and /data/app/~~U2xQnLWfnLMVnpBt64ZFDA==/com.google.android.apps.fitness-WAH151xLLLVEt9oASyCYhw==/base.apk' with 1 weak references
05-27 03:00:47.492 W/android.vending(16651): ApkAssets: Deleting an ApkAssets object '<empty> and /data/app/~~U2xQnLWfnLMVnpBt64ZFDA==/com.google.android.apps.fitness-WAH151xLLLVEt9oASyCYhw==/split_config.arm64_v8a.apk' with 1 weak references
05-27 03:00:47.492 W/android.vending(16651): ApkAssets: Deleting an ApkAssets object '<empty> and /data/app/~~U2xQnLWfnLMVnpBt64ZFDA==/com.google.android.apps.fitness-WAH151xLLLVEt9oASyCYhw==/split_config.en.apk' with 1 weak references
05-27 03:00:47.492 W/android.vending(16651): ApkAssets: Deleting an ApkAssets object '<empty> and /data/app/~~U2xQnLWfnLMVnpBt64ZFDA==/com.google.android.apps.fitness-WAH151xLLLVEt9oASyCYhw==/split_config.xxhdpi.apk' with 1 weak references
05-27 03:00:47.493 W/android.vending(16651): ApkAssets: Deleting an ApkAssets object '<empty> and /data/app/~~YjWEBs1wypQrLkkqCRWIkA==/com.google.android.apps.podcasts-9hyfk8GcbcYrDlLflDTN4A==/base.apk' with 1 weak references
05-27 03:00:47.493 W/android.vending(16651): ApkAssets: Deleting an ApkAssets object '<empty> and /data/app/~~jqClGhxi7pA_ojvnbmGrtw==/com.google.android.apps.translate--K0e7saEguxIqoNpMoiSRw==/base.apk' with 1 weak references
05-27 03:00:47.494 W/android.vending(16651): ApkAssets: Deleting an ApkAssets object '<empty> and /data/app/~~JubpbzSfz6wAXwC7NTO0RA==/com.ideopay.user-X5wPSPn951v_34Ih_t9-zQ==/base.apk' with 1 weak references
05-27 03:00:47.494 W/android.vending(16651): ApkAssets: Deleting an ApkAssets object '<empty> and /data/app/~~JubpbzSfz6wAXwC7NTO0RA==/com.ideopay.user-X5wPSPn951v_34Ih_t9-zQ==/split_config.arm64_v8a.apk' with 1 weak references
05-27 03:00:47.494 W/android.vending(16651): ApkAssets: Deleting an ApkAssets object '<empty> and /data/app/~~JubpbzSfz6wAXwC7NTO0RA==/com.ideopay.user-X5wPSPn951v_34Ih_t9-zQ==/split_config.en.apk' with 1 weak references
05-27 03:00:47.494 W/android.vending(16651): ApkAssets: Deleting an ApkAssets object '<empty> and /data/app/~~JubpbzSfz6wAXwC7NTO0RA==/com.ideopay.user-X5wPSPn951v_34Ih_t9-zQ==/split_config.xxhdpi.apk' with 1 weak references
05-27 03:00:47.494 W/android.vending(16651): ApkAssets: Deleting an ApkAssets object '<empty> and /data/app/~~fVNYAd7Ygi3ICf7JUXiZ_A==/com.kotak811mobilebankingapp.instantsavingsupiscanandpayrecharge-8O-9EMCNklBnMWZi78ttdw==/base.apk' with 1 weak references
05-27 03:00:47.494 W/android.vending(16651): ApkAssets: Deleting an ApkAssets object '<empty> and /data/app/~~fVNYAd7Ygi3ICf7JUXiZ_A==/com.kotak811mobilebankingapp.instantsavingsupiscanandpayrecharge-8O-9EMCNklBnMWZi78ttdw==/split_config.arm64_v8a.apk' with 1 weak references
05-27 03:00:47.494 W/android.vending(16651): ApkAssets: Deleting an ApkAssets object '<empty> and /data/app/~~fVNYAd7Ygi3ICf7JUXiZ_A==/com.kotak811mobilebankingapp.instantsavingsupiscanandpayrecharge-8O-9EMCNklBnMWZi78ttdw==/split_config.bn.apk' with 1 weak references
05-27 03:00:47.494 W/android.vending(16651): ApkAssets: Deleting an ApkAssets object '<empty> and /data/app/~~fVNYAd7Ygi3ICf7JUXiZ_A==/com.kotak811mobilebankingapp.instantsavingsupiscanandpayrecharge-8O-9EMCNklBnMWZi78ttdw==/split_config.en.apk' with 1 weak references
05-27 03:00:47.494 W/android.vending(16651): ApkAssets: Deleting an ApkAssets object '<empty> and /data/app/~~fVNYAd7Ygi3ICf7JUXiZ_A==/com.kotak811mobilebankingapp.instantsavingsupiscanandpayrecharge-8O-9EMCNklBnMWZi78ttdw==/split_config.gu.apk' with 1 weak references
05-27 03:00:47.495 W/android.vending(16651): ApkAssets: Deleting an ApkAssets object '<empty> and /data/app/~~fVNYAd7Ygi3ICf7JUXiZ_A==/com.kotak811mobilebankingapp.instantsavingsupiscanandpayrecharge-8O-9EMCNklBnMWZi78ttdw==/split_config.hi.apk' with 1 weak references
05-27 03:00:47.495 W/android.vending(16651): ApkAssets: Deleting an ApkAssets object '<empty> and /data/app/~~fVNYAd7Ygi3ICf7JUXiZ_A==/com.kotak811mobilebankingapp.instantsavingsupiscanandpayrecharge-8O-9EMCNklBnMWZi78ttdw==/split_config.kn.apk' with 1 weak references
05-27 03:00:47.495 W/android.vending(16651): ApkAssets: Deleting an ApkAssets object '<empty> and /data/app/~~fVNYAd7Ygi3ICf7JUXiZ_A==/com.kotak811mobilebankingapp.instantsavingsupiscanandpayrecharge-8O-9EMCNklBnMWZi78ttdw==/split_config.mr.apk' with 1 weak references
05-27 03:00:47.495 W/android.vending(16651): ApkAssets: Deleting an ApkAssets object '<empty> and /data/app/~~fVNYAd7Ygi3ICf7JUXiZ_A==/com.kotak811mobilebankingapp.instantsavingsupiscanandpayrecharge-8O-9EMCNklBnMWZi78ttdw==/split_config.ta.apk' with 1 weak references
05-27 03:00:47.495 W/android.vending(16651): ApkAssets: Deleting an ApkAssets object '<empty> and /data/app/~~fVNYAd7Ygi3ICf7JUXiZ_A==/com.kotak811mobilebankingapp.instantsavingsupiscanandpayrecharge-8O-9EMCNklBnMWZi78ttdw==/split_config.te.apk' with 1 weak references
05-27 03:00:47.495 W/android.vending(16651): ApkAssets: Deleting an ApkAssets object '<empty> and /data/app/~~fVNYAd7Ygi3ICf7JUXiZ_A==/com.kotak811mobilebankingapp.instantsavingsupiscanandpayrecharge-8O-9EMCNklBnMWZi78ttdw==/split_config.xxhdpi.apk' with 1 weak references
05-27 03:00:47.495 W/android.vending(16651): ApkAssets: Deleting an ApkAssets object '<empty> and /data/app/~~VDWpUxqPL2_uEc42mMCZQQ==/com.kreditbee.android-8CGSbUHj2H_JrDgdSRTCsQ==/base.apk' with 1 weak references
05-27 03:00:47.495 D/nativeloader(23423): Load libframework-connectivity-tiramisu-jni.so using APEX ns com_android_tethering for caller /apex/com.android.tethering/javalib/framework-connectivity-t.jar: ok
05-27 03:00:47.496 W/android.vending(16651): ApkAssets: Deleting an ApkAssets object '<empty> and /data/app/~~p4yij0a6NngU5mSIG3rN-g==/com.mobikwik_new-sChGqf8uWnLe541J2DOgUg==/base.apk' with 1 weak references
05-27 03:00:47.496 D/AndroidRuntime(23423): Calling main entry com.android.commands.monkey.Monkey
05-27 03:00:47.496 W/android.vending(16651): ApkAssets: Deleting an ApkAssets object '<empty> and /data/app/~~p4yij0a6NngU5mSIG3rN-g==/com.mobikwik_new-sChGqf8uWnLe541J2DOgUg==/split_config.arm64_v8a.apk' with 1 weak references
05-27 03:00:47.496 W/android.vending(16651): ApkAssets: Deleting an ApkAssets object '<empty> and /data/app/~~p4yij0a6NngU5mSIG3rN-g==/com.mobikwik_new-sChGqf8uWnLe541J2DOgUg==/split_config.xxhdpi.apk' with 1 weak references
05-27 03:00:47.496 W/android.vending(16651): ApkAssets: Deleting an ApkAssets object '<empty> and /data/app/~~JmmYykkHInKf6RFXJA0FnQ==/com.moonshot.kimichat-fs92tfmXPLOVRIJTprbZ8w==/base.apk' with 1 weak references
05-27 03:00:47.496 W/android.vending(16651): ApkAssets: Deleting an ApkAssets object '<empty> and /data/app/~~JmmYykkHInKf6RFXJA0FnQ==/com.moonshot.kimichat-fs92tfmXPLOVRIJTprbZ8w==/split_config.arm64_v8a.apk' with 1 weak references
05-27 03:00:47.496 W/android.vending(16651): ApkAssets: Deleting an ApkAssets object '<empty> and /data/app/~~JmmYykkHInKf6RFXJA0FnQ==/com.moonshot.kimichat-fs92tfmXPLOVRIJTprbZ8w==/split_config.xxhdpi.apk' with 1 weak references
05-27 03:00:47.496 W/android.vending(16651): ApkAssets: Deleting an ApkAssets object '<empty> and /data/app/~~2nGYBCUXMUn_zw1KIqybXA==/com.myprog.netscan-sWQ7WmddMwbj3pYp9wDRIw==/base.apk' with 1 weak references
05-27 03:00:47.497 W/android.vending(16651): ApkAssets: Deleting an ApkAssets object '<empty> and /data/app/~~2nGYBCUXMUn_zw1KIqybXA==/com.myprog.netscan-sWQ7WmddMwbj3pYp9wDRIw==/split_config.arm64_v8a.apk' with 1 weak references
05-27 03:00:47.497 W/Monkey  (23423): args: [-p, com.deepeye.musicpro.debug, -c, android.intent.category.LAUNCHER, 1]
05-27 03:00:47.497 W/android.vending(16651): ApkAssets: Deleting an ApkAssets object '<empty> and /data/app/~~2nGYBCUXMUn_zw1KIqybXA==/com.myprog.netscan-sWQ7WmddMwbj3pYp9wDRIw==/split_config.bn.apk' with 1 weak references
05-27 03:00:47.497 W/android.vending(16651): ApkAssets: Deleting an ApkAssets object '<empty> and /data/app/~~2nGYBCUXMUn_zw1KIqybXA==/com.myprog.netscan-sWQ7WmddMwbj3pYp9wDRIw==/split_config.en.apk' with 1 weak references
05-27 03:00:47.497 W/android.vending(16651): ApkAssets: Deleting an ApkAssets object '<empty> and /data/app/~~2nGYBCUXMUn_zw1KIqybXA==/com.myprog.netscan-sWQ7WmddMwbj3pYp9wDRIw==/split_config.gu.apk' with 1 weak references
05-27 03:00:47.497 W/Monkey  (23423):  arg: "-p"
05-27 03:00:47.497 W/Monkey  (23423):  arg: "com.deepeye.musicpro.debug"
05-27 03:00:47.497 W/android.vending(16651): ApkAssets: Deleting an ApkAssets object '<empty> and /data/app/~~2nGYBCUXMUn_zw1KIqybXA==/com.myprog.netscan-sWQ7WmddMwbj3pYp9wDRIw==/split_config.hi.apk' with 1 weak references
05-27 03:00:47.497 W/Monkey  (23423):  arg: "-c"
05-27 03:00:47.497 W/Monkey  (23423):  arg: "android.intent.category.LAUNCHER"
05-27 03:00:47.497 W/android.vending(16651): ApkAssets: Deleting an ApkAssets object '<empty> and /data/app/~~2nGYBCUXMUn_zw1KIqybXA==/com.myprog.netscan-sWQ7WmddMwbj3pYp9wDRIw==/split_config.kn.apk' with 1 weak references
05-27 03:00:47.497 W/Monkey  (23423):  arg: "1"
05-27 03:00:47.497 W/Monkey  (23423): data="com.deepeye.musicpro.debug"
05-27 03:00:47.497 W/android.vending(16651): ApkAssets: Deleting an ApkAssets object '<empty> and /data/app/~~2nGYBCUXMUn_zw1KIqybXA==/com.myprog.netscan-sWQ7WmddMwbj3pYp9wDRIw==/split_config.mr.apk' with 1 weak references
05-27 03:00:47.497 W/Monkey  (23423): data="android.intent.category.LAUNCHER"
05-27 03:00:47.497 W/android.vending(16651): ApkAssets: Deleting an ApkAssets object '<empty> and /data/app/~~2nGYBCUXMUn_zw1KIqybXA==/com.myprog.netscan-sWQ7WmddMwbj3pYp9wDRIw==/split_config.ta.apk' with 1 weak references
05-27 03:00:47.497 W/android.vending(16651): ApkAssets: Deleting an ApkAssets object '<empty> and /data/app/~~2nGYBCUXMUn_zw1KIqybXA==/com.myprog.netscan-sWQ7WmddMwbj3pYp9wDRIw==/split_config.te.apk' with 1 weak references
05-27 03:00:47.497 W/android.vending(16651): ApkAssets: Deleting an ApkAssets object '<empty> and /data/app/~~2nGYBCUXMUn_zw1KIqybXA==/com.myprog.netscan-sWQ7WmddMwbj3pYp9wDRIw==/split_config.xxhdpi.apk' with 1 weak references
05-27 03:00:47.497 W/android.vending(16651): ApkAssets: Deleting an ApkAssets object '<empty> and /data/app/~~wNMLf3qKusQqQ3njJ9VAfg==/com.naviapp-eldM4nhfhm1rN_vf6wTOFA==/base.apk' with 1 weak references
05-27 03:00:47.498 W/android.vending(16651): ApkAssets: Deleting an ApkAssets object '<empty> and /data/app/~~wNMLf3qKusQqQ3njJ9VAfg==/com.naviapp-eldM4nhfhm1rN_vf6wTOFA==/split_config.arm64_v8a.apk' with 1 weak references
05-27 03:00:47.498 W/android.vending(16651): ApkAssets: Deleting an ApkAssets object '<empty> and /data/app/~~wNMLf3qKusQqQ3njJ9VAfg==/com.naviapp-eldM4nhfhm1rN_vf6wTOFA==/split_config.xxhdpi.apk' with 1 weak references
05-27 03:00:47.498 W/android.vending(16651): ApkAssets: Deleting an ApkAssets object '<empty> and /data/app/~~rDJxqhx027rO3qmWel8Dtw==/com.niksoftware.snapseed-_06WI3M6Ic9iC3hxW3Cg9w==/base.apk' with 1 weak references
05-27 03:00:47.498 W/android.vending(16651): ApkAssets: Deleting an ApkAssets object '<empty> and /data/app/~~rDJxqhx027rO3qmWel8Dtw==/com.niksoftware.snapseed-_06WI3M6Ic9iC3hxW3Cg9w==/split_config.arm64_v8a.apk' with 1 weak references
05-27 03:00:47.498 W/android.vending(16651): ApkAssets: Deleting an ApkAssets object '<empty> and /data/app/~~rDJxqhx027rO3qmWel8Dtw==/com.niksoftware.snapseed-_06WI3M6Ic9iC3hxW3Cg9w==/split_config.bn.apk' with 1 weak references
05-27 03:00:47.498 W/android.vending(16651): ApkAssets: Deleting an ApkAssets object '<empty> and /data/app/~~rDJxqhx027rO3qmWel8Dtw==/com.niksoftware.snapseed-_06WI3M6Ic9iC3hxW3Cg9w==/split_config.en.apk' with 1 weak references
05-27 03:00:47.499 W/android.vending(16651): ApkAssets: Deleting an ApkAssets object '<empty> and /data/app/~~rDJxqhx027rO3qmWel8Dtw==/com.niksoftware.snapseed-_06WI3M6Ic9iC3hxW3Cg9w==/split_config.gu.apk' with 1 weak references
05-27 03:00:47.499 W/android.vending(16651): ApkAssets: Deleting an ApkAssets object '<empty> and /data/app/~~rDJxqhx027rO3qmWel8Dtw==/com.niksoftware.snapseed-_06WI3M6Ic9iC3hxW3Cg9w==/split_config.kn.apk' with 1 weak references
05-27 03:00:47.499 W/android.vending(16651): ApkAssets: Deleting an ApkAssets object '<empty> and /data/app/~~rDJxqhx027rO3qmWel8Dtw==/com.niksoftware.snapseed-_06WI3M6Ic9iC3hxW3Cg9w==/split_config.mr.apk' with 1 weak references
05-27 03:00:47.499 W/android.vending(16651): ApkAssets: Deleting an ApkAssets object '<empty> and /data/app/~~rDJxqhx027rO3qmWel8Dtw==/com.niksoftware.snapseed-_06WI3M6Ic9iC3hxW3Cg9w==/split_config.ta.apk' with 1 weak references
05-27 03:00:47.499 W/android.vending(16651): ApkAssets: Deleting an ApkAssets object '<empty> and /data/app/~~rDJxqhx027rO3qmWel8Dtw==/com.niksoftware.snapseed-_06WI3M6Ic9iC3hxW3Cg9w==/split_config.te.apk' with 1 weak references
05-27 03:00:47.499 W/android.vending(16651): ApkAssets: Deleting an ApkAssets object '<empty> and /data/app/~~rDJxqhx027rO3qmWel8Dtw==/com.niksoftware.snapseed-_06WI3M6Ic9iC3hxW3Cg9w==/split_config.xxhdpi.apk' with 1 weak references
05-27 03:00:47.499 W/android.vending(16651): ApkAssets: Deleting an ApkAssets object '<empty> and /data/app/~~Apwrkd8y6970MTynpc3hSQ==/com.olx.southasia-qSMKUt9fK46VZhrEITdAUw==/base.apk' with 1 weak references
05-27 03:00:47.499 W/android.vending(16651): ApkAssets: Deleting an ApkAssets object '<empty> and /data/app/~~Apwrkd8y6970MTynpc3hSQ==/com.olx.southasia-qSMKUt9fK46VZhrEITdAUw==/split_config.arm64_v8a.apk' with 1 weak references
05-27 03:00:47.499 W/android.vending(16651): ApkAssets: Deleting an ApkAssets object '<empty> and /data/app/~~Apwrkd8y6970MTynpc3hSQ==/com.olx.southasia-qSMKUt9fK46VZhrEITdAUw==/split_config.xxhdpi.apk' with 1 weak references
05-27 03:00:47.499 W/android.vending(16651): ApkAssets: Deleting an ApkAssets object '<empty> and /data/app/~~Q6ouS0ShEWAkOTLQQ8W0bg==/com.paisabazaar-Sv6v7WYeWw61IFYtFPa8_g==/base.apk' with 1 weak references
05-27 03:00:47.500 W/android.vending(16651): ApkAssets: Deleting an ApkAssets object '<empty> and /data/app/~~Q6ouS0ShEWAkOTLQQ8W0bg==/com.paisabazaar-Sv6v7WYeWw61IFYtFPa8_g==/split_config.arm64_v8a.apk' with 1 weak references
05-27 03:00:47.500 W/android.vending(16651): ApkAssets: Deleting an ApkAssets object '<empty> and /data/app/~~Q6ouS0ShEWAkOTLQQ8W0bg==/com.paisabazaar-Sv6v7WYeWw61IFYtFPa8_g==/split_config.xxhdpi.apk' with 1 weak references
05-27 03:00:47.500 W/android.vending(16651): ApkAssets: Deleting an ApkAssets object '<empty> and /data/app/~~GZ-oYemxf4FZfOo2uJi2wA==/com.paytm.business-tfMWkryv8fUh7acVq8YfKg==/base.apk' with 1 weak references
05-27 03:00:47.500 D/CompatibilityChangeReporter(23444): Compat change id reported: 194532703; UID 10302; state: ENABLED
05-27 03:00:47.500 D/CompatibilityChangeReporter(23444): Compat change id reported: 253665015; UID 10302; state: ENABLED
05-27 03:00:47.500 D/WM-SystemJobScheduler(23444): Scheduling work ID 3bf1606e-5ca6-4dc9-8cab-95224aca32f7Job ID 406
05-27 03:00:47.500 W/android.vending(16651): ApkAssets: Deleting an ApkAssets object '<empty> and /data/app/~~GZ-oYemxf4FZfOo2uJi2wA==/com.paytm.business-tfMWkryv8fUh7acVq8YfKg==/split_config.arm64_v8a.apk' with 1 weak references
