05-27 03:00:48.140 I/LogConnect(18746): OnResult 断开连接
05-27 03:00:48.140 D/CompatibilityChangeReporter(23499): Compat change id reported: 160794467; UID 10521; state: ENABLED
05-27 03:00:48.140 I/LogSync (18746): DISCONNECT_MSG
05-27 03:00:48.140 I/LogSync (18746): 同步数据不超时
05-27 03:00:48.141 I/LogHome (18746): progress =0
05-27 03:00:48.142 I/vendor.qti.bluetooth@1.0-ibs_handler( 1758): ProcessIbsCmd: Received IBS_WAKE_ACK: 0xFC
05-27 03:00:48.142 I/vendor.qti.bluetooth@1.0-ibs_handler( 1758): ProcessIbsCmd: Signal wack_cond_
05-27 03:00:48.142 D/vendor.qti.bluetooth@1.0-ibs_handler( 1758): DeviceWakeUp: Unblocked from waiting for FC, pthread_cond_timedwait ret = 0
05-27 03:00:48.143 I/vendor.qti.bluetooth@1.0-ibs_handler( 1758): ProcessIbsCmd: Received IBS_WAKE_IND: 0xFD
05-27 03:00:48.143 I/vendor.qti.bluetooth@1.0-ibs_handler( 1758): ProcessIbsCmd: Writing IBS_WAKE_ACK
05-27 03:00:48.144 I/bt_stack( 3992): [INFO:btm_ble_bgconn.cc(433)] Already connection initiated (or) No Pending connections(or) Resources of lcb are exhausted
05-27 03:00:48.155 D/CompatibilityChangeReporter(23499): Compat change id reported: 194532703; UID 10521; state: ENABLED
05-27 03:00:48.155 D/CompatibilityChangeReporter(23499): Compat change id reported: 253665015; UID 10521; state: ENABLED
05-27 03:00:48.156 D/CompatibilityChangeReporter( 3077): Compat change id reported: 271850009; UID 10521; state: ENABLED
05-27 03:00:48.157 D/CompatibilityChangeReporter( 3077): Compat change id reported: 253665015; UID 10521; state: ENABLED
05-27 03:00:48.157 D/CompatibilityChangeReporter( 3077): Compat change id reported: 194532703; UID 10521; state: ENABLED
05-27 03:00:48.157 D/ConnectivityService( 3077): requestNetwork for uid/pid:1000/3077 asUid: 10521 activeRequest: null callbackRequest: 53157 [NetworkRequest [ REQUEST id=53158, [ Capabilities: INTERNET&NOT_RESTRICTED&TRUSTED&NOT_VCN_MANAGED Uid: 10521 RequestorUid: 1000 RequestorPkg: android UnderlyingNetworks: Null] ]] callback flags: 0 order: 2147483647 isUidTracked: false declaredMethods: AVAIL|LOST|BLK
05-27 03:00:48.158 D/ConnectivityService( 3077): NetReassign [53158 : null → 985] [c 0] [a 0] [i 1]
05-27 03:00:48.159 D/WifiNetworkFactory( 3077): got request NetworkRequest [ REQUEST id=53158, [ Capabilities: INTERNET&NOT_RESTRICTED&TRUSTED&NOT_VCN_MANAGED Uid: 10521 RequestorUid: 1000 RequestorPkg: android UnderlyingNetworks: Null] ]
05-27 03:00:48.159 D/UntrustedWifiNetworkFactory( 3077): got request NetworkRequest [ REQUEST id=53158, [ Capabilities: INTERNET&NOT_RESTRICTED&TRUSTED&NOT_VCN_MANAGED Uid: 10521 RequestorUid: 1000 RequestorPkg: android UnderlyingNetworks: Null] ]
05-27 03:00:48.159 D/OemPaidWifiNetworkFactory( 3077): got request NetworkRequest [ REQUEST id=53158, [ Capabilities: INTERNET&NOT_RESTRICTED&TRUSTED&NOT_VCN_MANAGED Uid: 10521 RequestorUid: 1000 RequestorPkg: android UnderlyingNetworks: Null] ]
05-27 03:00:48.159 D/MultiInternetWifiNetworkFactory( 3077): got request NetworkRequest [ REQUEST id=53158, [ Capabilities: INTERNET&NOT_RESTRICTED&TRUSTED&NOT_VCN_MANAGED Uid: 10521 RequestorUid: 1000 RequestorPkg: android UnderlyingNetworks: Null] ]
05-27 03:00:48.174 I/ExoPlayerImpl(23499): Init 9ba044f [AndroidXMedia3/1.5.1] [hiphi, motorola edge 30 pro, motorola, 34]
05-27 03:00:48.183 D/CompatibilityChangeReporter( 3077): Compat change id reported: 161145287; UID 10521; state: ENABLED
05-27 03:00:48.184 I/vendor.qti.bluetooth@1.0-ibs_handler( 1758): ProcessIbsCmd: Received IBS_SLEEP_IND: 0xFE
05-27 03:00:48.186 W/AidlConversionCppNdk( 1880): legacy2aidl_audio_channel_mask_t_AudioChannelLayout: no AudioChannelLayout found for legacy output audio_channel_mask_t value 0x10
05-27 03:00:48.187 W/AidlConversionCppNdk(23499): aidl2legacy_AudioChannelLayout_audio_channel_mask_t: no legacy output audio_channel_mask_t found for AudioChannelLayout{layoutMask: 16}
05-27 03:00:48.189 I/PresetRepository(23499): ✅ Seeded 7 premium built-in presets
05-27 03:00:48.192 I/.musicpro.debug(23499): hiddenapi: Accessing hidden method Landroid/media/AudioTrack;->getLatency()I (runtime_flags=0, domain=platform, api=unsupported) from Landroidx/media3/exoplayer/audio/AudioTrackPositionTracker; (domain=app, TargetSdkVersion=34) using reflection: allowed
05-27 03:00:48.203 D/ConnectivityService( 3077): requestNetwork for uid/pid:10521/23499 activeRequest: null callbackRequest: 53159 [NetworkRequest [ REQUEST id=53160, [ Capabilities: INTERNET&NOT_RESTRICTED&TRUSTED&NOT_VCN_MANAGED Uid: 10521 RequestorUid: 10521 RequestorPkg: com.deepeye.musicpro.debug UnderlyingNetworks: Null] ]] callback flags: 0 order: 2147483647 isUidTracked: false declaredMethods: AVAIL|LOST|NC
05-27 03:00:48.204 D/WifiNetworkFactory( 3077): got request NetworkRequest [ REQUEST id=53160, [ Capabilities: INTERNET&NOT_RESTRICTED&TRUSTED&NOT_VCN_MANAGED Uid: 10521 RequestorUid: 10521 RequestorPkg: com.deepeye.musicpro.debug UnderlyingNetworks: Null] ]
05-27 03:00:48.204 D/UntrustedWifiNetworkFactory( 3077): got request NetworkRequest [ REQUEST id=53160, [ Capabilities: INTERNET&NOT_RESTRICTED&TRUSTED&NOT_VCN_MANAGED Uid: 10521 RequestorUid: 10521 RequestorPkg: com.deepeye.musicpro.debug UnderlyingNetworks: Null] ]
05-27 03:00:48.204 D/OemPaidWifiNetworkFactory( 3077): got request NetworkRequest [ REQUEST id=53160, [ Capabilities: INTERNET&NOT_RESTRICTED&TRUSTED&NOT_VCN_MANAGED Uid: 10521 RequestorUid: 10521 RequestorPkg: com.deepeye.musicpro.debug UnderlyingNetworks: Null] ]
05-27 03:00:48.205 D/MultiInternetWifiNetworkFactory( 3077): got request NetworkRequest [ REQUEST id=53160, [ Capabilities: INTERNET&NOT_RESTRICTED&TRUSTED&NOT_VCN_MANAGED Uid: 10521 RequestorUid: 10521 RequestorPkg: com.deepeye.musicpro.debug UnderlyingNetworks: Null] ]
05-27 03:00:48.205 D/ConnectivityService( 3077): NetReassign [53160 : null → 985] [c 0] [a 1] [i 1]
05-27 03:00:48.210 D/AudioFlinger( 1880): ro.audio.silent is ignored since no output device is set
05-27 03:00:48.211 D/AudioFlinger( 1880): ro.audio.silent is ignored since no output device is set
05-27 03:00:48.213 D/CompatibilityChangeReporter(23499): Compat change id reported: 263076149; UID 10521; state: ENABLED
05-27 03:00:48.237 E/AudioSessionManager(23499): attachToPlayer called with player: androidx.media3.exoplayer.ExoPlayerImpl@9ba044f
05-27 03:00:48.237 E/AudioSessionManager(23499): Handling session change: 0 -> 45817
05-27 03:00:48.238 I/AudioSessionManager(23499): Attached to ExoPlayer as AnalyticsListener, initial session: 45817
05-27 03:00:48.238 W/AS.AudioService( 3077): couldn't find receiver package for effect intent
05-27 03:00:48.242 I/SettingsAccessControlPolicy( 3077): isDeviceSettingsChangeDisabled: value -> false
05-27 03:00:48.243 D/CompatibilityChangeReporter( 3077): Compat change id reported: 265464455; UID 10365; state: DISABLED
05-27 03:00:48.243 D/CompatibilityChangeReporter( 3077): Compat change id reported: 265452344; UID 10365; state: DISABLED
05-27 03:00:48.243 D/CompatibilityChangeReporter( 3077): Compat change id reported: 266124927; UID 10365; state: DISABLED
05-27 03:00:48.243 D/CompatibilityChangeReporter( 3077): Compat change id reported: 265451093; UID 10365; state: DISABLED
05-27 03:00:48.243 D/CompatibilityChangeReporter( 3077): Compat change id reported: 265456536; UID 10365; state: DISABLED
05-27 03:00:48.243 D/CompatibilityChangeReporter( 3077): Compat change id reported: 255940284; UID 10365; state: DISABLED
05-27 03:00:48.243 D/CompatibilityChangeReporter( 3077): Compat change id reported: 236283604; UID 10365; state: DISABLED
05-27 03:00:48.243 D/CompatibilityChangeReporter( 3077): Compat change id reported: 263959004; UID 10365; state: DISABLED
05-27 03:00:48.243 D/CompatibilityChangeReporter( 3077): Compat change id reported: 264304459; UID 10365; state: DISABLED
05-27 03:00:48.243 D/CompatibilityChangeReporter( 3077): Compat change id reported: 264301586; UID 10365; state: DISABLED
05-27 03:00:48.243 D/CompatibilityChangeReporter( 3077): Compat change id reported: 254631730; UID 10365; state: DISABLED
05-27 03:00:48.243 D/CompatibilityChangeReporter( 3077): Compat change id reported: 273509367; UID 10365; state: DISABLED
05-27 03:00:48.243 D/CompatibilityChangeReporter( 3077): Compat change id reported: 263259275; UID 10365; state: DISABLED
05-27 03:00:48.244 D/CompatibilityChangeReporter( 3077): Compat change id reported: 174042980; UID 10365; state: DISABLED
05-27 03:00:48.244 D/CompatibilityChangeReporter( 3077): Compat change id reported: 174042936; UID 10365; state: DISABLED
05-27 03:00:48.244 D/CompatibilityChangeReporter( 3077): Compat change id reported: 181136395; UID 10365; state: DISABLED
05-27 03:00:48.247 D/CompatibilityChangeReporter( 3077): Compat change id reported: 194480991; UID 10365; state: ENABLED
05-27 03:00:48.248 D/ActivityTaskManager( 3077): getPreferredLaunchDisplay userset_displayid false user set display id 0, current focus display 0
05-27 03:00:48.248 D/ActivityTaskManager( 3077): getPreferredLaunchDisplay userset_displayid false user set display id 0, current focus display 0
05-27 03:00:48.249 D/ActivityTaskManager( 3077): getPreferredLaunchDisplay userset_displayid false user set display id 0, current focus display 0
05-27 03:00:48.249 D/ActivityTaskManager( 3077): getPreferredLaunchDisplay userset_displayid false user set display id 0, current focus display 0
05-27 03:00:48.250 D/CompatibilityChangeReporter( 3077): Compat change id reported: 184838306; UID 10365; state: DISABLED
05-27 03:00:48.251 D/CompatibilityChangeReporter( 3077): Compat change id reported: 185004937; UID 10365; state: DISABLED
05-27 03:00:48.252 D/PowerManagerService( 3077): nativeSetPowerMode ret:false mode:5 enabled:true duration ms: 0
05-27 03:00:48.253 D/ActivityTrigger( 3077): ActivityTrigger activityPauseTrigger 
05-27 03:00:48.253 W/ANDR-PERF-LM( 1849): MetaMeter: handlePrimaryAsync() 118: AdaptLaunch MetaMeter. No MeterMgr Available to handle this Primary Async. !!!!
05-27 03:00:48.253 W/ANDR-PERF-LM( 1849): MetaMeter: handlePrimaryAsync() 118: AdaptLaunch MetaMeter. No MeterMgr Available to handle this Primary Async. !!!!
05-27 03:00:48.254 E/Transition( 3077): Trying to add a ready-group twice: Display{#0 state=ON size=1080x2400 ROTATION_0}
05-27 03:00:48.254 I/ActivityTaskManager( 3077): START u0 {act=android.content.pm.action.REQUEST_PERMISSIONS pkg=com.google.android.permissioncontroller cmp=com.google.android.permissioncontroller/com.android.permissioncontroller.permission.ui.GrantPermissionsActivity (has extras)} with LAUNCH_MULTIPLE from uid 10521 (startActivityAsUser) (BAL_ALLOW_VISIBLE_WINDOW) result code=0
05-27 03:00:48.254 V/WindowManagerShell( 7709): Transition requested: android.os.BinderProxy@be1c56d TransitionRequestInfo { type = 1, triggerTask = TaskInfo{userId=0 taskId=5377 displayId=0 isRunning=true baseIntent=Intent { act=android.intent.action.MAIN cat=[android.intent.category.LAUNCHER] flg=0x10200000 cmp=com.deepeye.musicpro.debug/com.deepeye.musicpro.MainActivity } baseActivity=ComponentInfo{com.deepeye.musicpro.debug/com.deepeye.musicpro.MainActivity} topActivity=ComponentInfo{com.google.android.permissioncontroller/com.android.permissioncontroller.permission.ui.GrantPermissionsActivity} origActivity=null realActivity=ComponentInfo{com.deepeye.musicpro.debug/com.deepeye.musicpro.MainActivity} numActivities=2 lastActiveTime=1653837401 supportsMultiWindow=true supportsGlobalFreeform=true resizeMode=1 isResizeable=true isAppLocked=false canKillAndRestart=false isShowDecorCaptionWindowRequest=false minWidth=-1 minHeight=-1 defaultMinSize=200 token=WCT{android.window.IWindowContainerToken$Stub$Proxy@89675a2} topActivityType=1 pictureInPictureParams=null shouldDockBigOverlays=false launchIntoPipHostTaskId=-1 lastParentTaskIdBeforePip=-1 displayCutoutSafeInsets=Rect(0, 90 - 0, 0) topActivityInfo=ActivityInfo{d33a233 com.android.permissioncontroller.permission.ui.GrantPermissionsActivity} launchCookies=[] positionInParent=Point(0, 0) parentTaskId=-1 isFocused=true isVisible=true isVisibleRequested=true isSleeping=false topActivityInSizeCompat=false topActivityEligibleForLetterboxEducation= false topActivityLetterboxed= false isFromDoubleTap= false topActivityLetterboxVerticalPosition= -1 topActivityLetterboxHorizontalPosition= -1 topActivityLetterboxWidth=-1 topActivityLetterboxHeight=-1 locusId=null displayAreaFeatureId=1 cameraCompatControlState=hidden}, remoteTransition = null, displayChange = null, flags = 0 }
05-27 03:00:48.262 I/BpBinder( 1884): onLastStrongRef automatically unlinking death recipients: 
05-27 03:00:48.268 D/CompatibilityChangeReporter(23499): Compat change id reported: 237531167; UID 10521; state: DISABLED
05-27 03:00:48.272 D/ViewRootImpl(23499): update {(0,0)(fillxfill) sim={forwardNavigation} layoutInDisplayCutoutMode=always ty=BASE_APPLICATION wanim=0x10302fe
05-27 03:00:48.272 D/ViewRootImpl(23499):   fl=LAYOUT_IN_SCREEN LAYOUT_INSET_DECOR SPLIT_TOUCH HARDWARE_ACCELERATED DRAWS_SYSTEM_BAR_BACKGROUNDS
05-27 03:00:48.272 D/ViewRootImpl(23499):   pfl=NO_MOVE_ANIMATION FORCE_DRAW_STATUS_BAR_BACKGROUND FIT_INSETS_CONTROLLED
05-27 03:00:48.272 D/ViewRootImpl(23499):   bhv=DEFAULT
05-27 03:00:48.272 D/ViewRootImpl(23499):   fitSides=} by setView
05-27 03:00:48.282 D/CompatibilityChangeReporter( 3077): Compat change id reported: 183164979; UID 10521; state: ENABLED
05-27 03:00:48.283 D/DSPEngine(23499): Releasing DSP Engine Session: 0
05-27 03:00:48.283 D/DSPEngine(23499): Attaching DSP Engine to Session: 45817
05-27 03:00:48.283 D/DSPEngine(23499): Releasing DSP Engine Session: 0
05-27 03:00:48.288 I/EffectsFactory( 1756): EffectCreate() create_effect
05-27 03:00:48.292 D/AudioFlinger( 1880): effectCreated()
05-27 03:00:48.295 I/EffectsFactory( 1756): EffectCreate() create_effect
05-27 03:00:48.297 D/AudioFlinger( 1880): effectCreated()
05-27 03:00:48.298 I/EffectsFactory( 1756): EffectCreate() create_effect
05-27 03:00:48.300 D/AudioFlinger( 1880): effectCreated()
05-27 03:00:48.301 I/EffectsFactory( 1756): EffectCreate() create_effect
05-27 03:00:48.304 D/AudioFlinger( 1880): effectCreated()
05-27 03:00:48.305 I/EffectsFactory( 1756): EffectCreate() create_effect
05-27 03:00:48.306 D/AudioFlinger( 1880): effectCreated()
05-27 03:00:48.308 I/EffectsFactory( 1756): EffectCreate() create_effect
05-27 03:00:48.313 I/Effect-BC360-DSP-entry( 1756): EffectCreate 10
05-27 03:00:48.317 I/Effect-BC360( 1756): Initializing libbc360 NDK 3.4.0,  BAOCTC 31.18.3:28.1
05-27 03:00:48.317 I/Effect-BC360-DynProc( 1756): Initializing libbc360-dp
05-27 03:00:48.318 D/Effect-BC360-DSP-Effect( 1756): set SamplingRate: 48000.000000, status: 0
05-27 03:00:48.318 D/Effect-BC360-DSP-Effect( 1756): *********************************
05-27 03:00:48.318 D/Effect-BC360-DSP-Effect( 1756): Input : AUDIO_CHANNEL_OUT_STEREO
05-27 03:00:48.318 D/Effect-BC360-DSP-Effect( 1756): *********************************
05-27 03:00:48.318 D/Effect-BC360-DSP-Effect( 1756): *********************************
05-27 03:00:48.318 D/Effect-BC360-DSP-Effect( 1756): Output : AUDIO_CHANNEL_OUT_STEREO
05-27 03:00:48.318 D/Effect-BC360-DSP-Effect( 1756): *********************************
05-27 03:00:48.318 D/Effect-BC360-DSP-Effect( 1756): *********************************
05-27 03:00:48.318 D/Effect-BC360-DSP-Effect( 1756): Input : AUDIO_FORMAT_PCM_FLOAT
05-27 03:00:48.318 D/Effect-BC360-DSP-Effect( 1756): *********************************
05-27 03:00:48.318 D/Effect-BC360-DSP-Effect( 1756): *********************************
05-27 03:00:48.318 D/Effect-BC360-DSP-Effect( 1756): Output : AUDIO_FORMAT_PCM_FLOAT
05-27 03:00:48.318 D/Effect-BC360-DSP-Effect( 1756): *********************************
05-27 03:00:48.318 D/Effect-BC360-DSP-Effect( 1756): set SamplingRate: 48000.000000, status: 0
05-27 03:00:48.318 D/Effect-BC360-DSP-Effect( 1756): *********************************
05-27 03:00:48.318 D/Effect-BC360-DSP-Effect( 1756): Input : AUDIO_CHANNEL_OUT_STEREO
05-27 03:00:48.318 D/Effect-BC360-DSP-Effect( 1756): *********************************
05-27 03:00:48.318 D/Effect-BC360-DSP-Effect( 1756): *********************************
05-27 03:00:48.318 D/Effect-BC360-DSP-Effect( 1756): Output : AUDIO_CHANNEL_OUT_STEREO
05-27 03:00:48.318 D/Effect-BC360-DSP-Effect( 1756): *********************************
05-27 03:00:48.318 D/Effect-BC360-DSP-Effect( 1756): *********************************
05-27 03:00:48.318 D/Effect-BC360-DSP-Effect( 1756): Input : AUDIO_FORMAT_PCM_FLOAT
05-27 03:00:48.318 D/Effect-BC360-DSP-Effect( 1756): *********************************
05-27 03:00:48.318 D/Effect-BC360-DSP-Effect( 1756): *********************************
05-27 03:00:48.318 D/Effect-BC360-DSP-Effect( 1756): Output : AUDIO_FORMAT_PCM_FLOAT
05-27 03:00:48.318 D/Effect-BC360-DSP-Effect( 1756): *********************************
05-27 03:00:48.318 D/AudioFlinger( 1880): effectCreated()
05-27 03:00:48.320 D/DSPEngine(23499): Applying DSP Params: enabled=false
05-27 03:00:48.320 D/DSPEngine(23499): ✅ V4A DSP Engine successfully attached to session 45817
05-27 03:00:48.322 E/AudioEffect(23499): set(): AudioFlinger could not create effect e46b26a0-dddd-11db-8afd-0002a5d5c51b / NULL, status: -1
05-27 03:00:48.322 E/visualizers-JNI(23499): Visualizer initCheck failed -3
05-27 03:00:48.322 E/Visualizer-JAVA(23499): Error code -3 when initializing Visualizer.
05-27 03:00:48.322 W/VisualizerEngine(23499): ⚠️ Failed with captureSize=1024 for session 45817: Cannot initialize Visualizer engine, error: -3
05-27 03:00:48.323 E/AudioEffect(23499): set(): AudioFlinger could not create effect e46b26a0-dddd-11db-8afd-0002a5d5c51b / NULL, status: -1
05-27 03:00:48.323 E/visualizers-JNI(23499): Visualizer initCheck failed -3
05-27 03:00:48.323 E/Visualizer-JAVA(23499): Error code -3 when initializing Visualizer.
05-27 03:00:48.323 W/VisualizerEngine(23499): ⚠️ Failed with captureSize=128 for session 45817: Cannot initialize Visualizer engine, error: -3
05-27 03:00:48.323 E/VisualizerEngine(23499): ❌ All capture sizes failed for session 45817
05-27 03:00:48.325 I/ActivityTaskManager( 3077): The Process com.google.android.permissioncontroller Already Exists in BG. So sending its PID: 11721
05-27 03:00:48.329 E/ANDR-PERF-LM( 1849): MetaMeter: handleAsync() 166: AdaptLaunch Invalid Async
05-27 03:00:48.329 W/ANDR-PERF-LM( 1849): MetaMeter: handlePrimaryAsync() 118: AdaptLaunch MetaMeter. No MeterMgr Available to handle this Primary Async. !!!!
05-27 03:00:48.329 W/ANDR-PERF-LM( 1849): MetaMeter: handlePrimaryAsync() 118: AdaptLaunch MetaMeter. No MeterMgr Available to handle this Primary Async. !!!!
05-27 03:00:48.358 E/minksocket( 1748): MinkIPC_QRTR_Service: client with node 1 port 6a43 went down
05-27 03:00:48.360 E/minksocket( 1748): MinkIPC_QRTR_Service: client with node 1 port 6a47 went down
05-27 03:00:48.369 D/CompatibilityChangeReporter(11721): Compat change id reported: 171228096; UID 10365; state: ENABLED
05-27 03:00:48.372 D/CompatibilityChangeReporter(11721): Compat change id reported: 210923482; UID 10365; state: ENABLED
05-27 03:00:48.420 W/LOTTIE  (11721): Animation contains merge paths. Merge paths are only supported on KitKat+ and must be manually enabled by calling enableMergePathsForKitKatAndAbove().
05-27 03:00:48.426 I/WebViewFactory(23499): Loading com.google.android.webview version 148.0.7778.120 (code 777812003)
05-27 03:00:48.428 D/ApplicationLoaders(23499): Returning zygote-cached class loader: /system/framework/android.test.base.jar
05-27 03:00:48.428 W/LOTTIE  (11721): Animation contains merge paths but they are disabled.
05-27 03:00:48.430 W/.musicpro.debug(23499): Loading /data/app/~~xPwWNV70PBVC9Od97fy6Tg==/com.google.android.webview-xEUrP01-z-K6FKEJccuF6g==/oat/arm64/base.odex non-executable as it requires an image which we failed to load
05-27 03:00:48.431 D/nativeloader(23499): Configuring clns-5 for other apk /data/app/~~xPwWNV70PBVC9Od97fy6Tg==/com.google.android.webview-xEUrP01-z-K6FKEJccuF6g==/base.apk. target_sdk_version=36, uses_libraries=, library_path=/data/app/~~xPwWNV70PBVC9Od97fy6Tg==/com.google.android.webview-xEUrP01-z-K6FKEJccuF6g==/lib/arm64:/data/app/~~xPwWNV70PBVC9Od97fy6Tg==/com.google.android.webview-xEUrP01-z-K6FKEJccuF6g==/base.apk!/lib/arm64-v8a, permitted_path=/data:/mnt/expand
05-27 03:00:48.450 D/CompatibilityChangeReporter(11721): Compat change id reported: 237531167; UID 10365; state: DISABLED
05-27 03:00:48.451 D/ViewRootImpl(11721): update {(0,0)(wrapxwrap) gr=CENTER sim={state=always_hidden adjust=nothing forwardNavigation} ty=BASE_APPLICATION fmt=TRANSPARENT wanim=0x10302ff
05-27 03:00:48.451 D/ViewRootImpl(11721):   fl=DIM_BEHIND SPLIT_TOUCH HARDWARE_ACCELERATED
05-27 03:00:48.451 D/ViewRootImpl(11721):   pfl=HIDE_NON_SYSTEM_OVERLAY_WINDOWS
05-27 03:00:48.451 D/ViewRootImpl(11721):   bhv=DEFAULT
05-27 03:00:48.451 D/ViewRootImpl(11721):   fitTypes=STATUS_BARS NAVIGATION_BARS CAPTION_BAR} by setView
05-27 03:00:48.456 D/CompatibilityChangeReporter( 3077): Compat change id reported: 168419799; UID 10365; state: DISABLED
05-27 03:00:48.456 D/CompatibilityChangeReporter( 3077): Compat change id reported: 273564678; UID 10365; state: DISABLED
05-27 03:00:48.457 I/cr_WVCFactoryProvider(23499): version=148.0.7778.120 (777812003) minSdkVersion=29 multiprocess=true packageId=127 splits=<none>
05-27 03:00:48.465 D/CoreBackPreview( 3077): Window{ef1bdd1 u0 com.google.android.permissioncontroller/com.android.permissioncontroller.permission.ui.GrantPermissionsActivity}: Setting back callback OnBackInvokedCallbackInfo{mCallback=android.window.IOnBackInvokedCallback$Stub$Proxy@e61d8a4, mPriority=0, mIsAnimationCallback=false}
05-27 03:00:48.469 D/nativeloader(23499): Load /data/app/~~xPwWNV70PBVC9Od97fy6Tg==/com.google.android.webview-xEUrP01-z-K6FKEJccuF6g==/base.apk!/lib/arm64-v8a/libwebviewchromium.so using class loader ns clns-5 (caller=/data/app/~~xPwWNV70PBVC9Od97fy6Tg==/com.google.android.webview-xEUrP01-z-K6FKEJccuF6g==/base.apk): ok
05-27 03:00:48.470 D/nativeloader(23499): Load /system/lib64/libwebviewchromium_plat_support.so using class loader ns clns-5 (caller=/data/app/~~xPwWNV70PBVC9Od97fy6Tg==/com.google.android.webview-xEUrP01-z-K6FKEJccuF6g==/base.apk): ok
05-27 03:00:48.474 I/chromium(23499): [0527/030048.472128:INFO:android_webview/browser/variations/variations_seed_loader.cc:67] Failed to open file for reading.: No such file or directory (2)
05-27 03:00:48.474 I/chromium(23499): [0527/030048.474574:INFO:android_webview/browser/variations/variations_seed_loader.cc:67] Failed to open file for reading.: No such file or directory (2)
05-27 03:00:48.477 I/AdrenoGLES-0(11721): QUALCOMM build                   : dad4038ba6, If56d4a5bb8
05-27 03:00:48.477 I/AdrenoGLES-0(11721): Build Date                       : 07/28/23
05-27 03:00:48.477 I/AdrenoGLES-0(11721): OpenGL ES Shader Compiler Version: EV031.36.08.24
05-27 03:00:48.477 I/AdrenoGLES-0(11721): Local Branch                     : 
05-27 03:00:48.477 I/AdrenoGLES-0(11721): Remote Branch                    : refs/tags/AU_LINUX_ANDROID_LA.VENDOR.1.0.11.00.00.766.892
05-27 03:00:48.477 I/AdrenoGLES-0(11721): Remote Branch                    : NONE
05-27 03:00:48.477 I/AdrenoGLES-0(11721): Reconstruct Branch               : NOTHING
05-27 03:00:48.477 I/AdrenoGLES-0(11721): Build Config                     : S P 12.1.1 AArch64
05-27 03:00:48.477 I/AdrenoGLES-0(11721): Driver Path                      : /vendor/lib64/egl/libGLESv2_adreno.so
05-27 03:00:48.477 I/AdrenoGLES-0(11721): Driver Version                   : 0615.74
05-27 03:00:48.481 I/AdrenoGLES-0(11721): PFP: 0x01730158, ME: 0x00000000
05-27 03:00:48.481 I/cr_LibraryLoader(23499): Successfully loaded native library
05-27 03:00:48.482 I/cr_CachingUmaRecorder(23499): Flushed 20 samples from 19 histograms, 0 samples were dropped.
05-27 03:00:48.483 W/Adreno-AppProfiles(11721): Could not find QSPM HAL service. Skipping adreno profile processing.
05-27 03:00:48.484 I/cr_ChildProcLH(23499): ScopedServiceBindingBatch.tryActivate: false
05-27 03:00:48.485 I/cr_CombinedPProvider(23499): #registerProvider() provider:WV.wk@905fd89 isPolicyCacheEnabled:false policyProvidersSize:0
05-27 03:00:48.486 I/cr_PolicyProvider(23499): #setManagerAndSource() 0
05-27 03:00:48.488 I/cr_DisplayManager(23499): Is Display Topology available: false
05-27 03:00:48.492 I/OpenGLRenderer(11721): setGrContext nullptr-->validptr
05-27 03:00:48.493 D/CompatibilityChangeReporter( 3077): Compat change id reported: 143937733; UID 10521; state: ENABLED
05-27 03:00:48.494 E/OpenGLRenderer(11721): Unable to match the desired swap behavior.
05-27 03:00:48.496 I/LaunchCheckinHandler( 3077): MotoDisplayed com.google.android.permissioncontroller/com.android.permissioncontroller.permission.ui.GrantPermissionsActivity,wp,ca,171
05-27 03:00:48.496 W/ActivityTaskManager( 3077): activity boost didn't release as expected
05-27 03:00:48.500 V/WindowManagerShell( 7709): onTransitionReady android.os.BinderProxy@be1c56d: {id=7403 t=OPEN f=0x0 trk=0 r=[0@Point(0, 0)] c=[{null m=OPEN f=TRANSLUCENT|FILLS_TASK|IS_BEHIND_STARTING_WINDOW leash=Surface(name=ActivityRecord{11ccc7b u0 com.google.android.permissioncontroller/com.android.permissioncontroller.permission.ui.GrantPermissionsActivity)/@0xd9c9f0 sb=Rect(0, 0 - 0, 0) eb=Rect(0, 0 - 1080, 2400) d=-1->0 r=-1->0:-1}]}
05-27 03:00:48.500 V/WindowManagerShell( 7709): Playing animation for (#7403)android.os.BinderProxy@be1c56d@0
05-27 03:00:48.500 V/WindowManagerShell( 7709):  try handler com.android.wm.shell.transition.DefaultMixedHandler@a24dff4
05-27 03:00:48.500 V/WindowManagerShell( 7709):  try handler com.android.wm.shell.keyguard.KeyguardTransitionHandler@8a7e31d
05-27 03:00:48.500 V/WindowManagerShell( 7709):  try handler com.android.wm.shell.activityembedding.ActivityEmbeddingController@c1cb992
05-27 03:00:48.500 V/WindowManagerShell( 7709):  try handler com.android.wm.shell.recents.RecentsTransitionHandler@1b1af63
05-27 03:00:48.500 V/ShellRecents( 7709): RecentsTransitionHandler.startAnimation: no controller found
05-27 03:00:48.500 V/WindowManagerShell( 7709):  try handler com.android.wm.shell.pip.PipTransition@5aa0760
05-27 03:00:48.500 V/WindowManagerShell( 7709):  try handler com.android.wm.shell.splitscreen.StageCoordinator@be49419
05-27 03:00:48.500 V/WindowManagerShell( 7709):  try handler com.android.wm.shell.transition.RemoteTransitionHandler@9c8dcde
05-27 03:00:48.500 V/WindowManagerShell( 7709): Transition doesn't have explicit remote, search filters for match for {id=7403 t=OPEN f=0x0 trk=0 r=[0@Point(0, 0)] c=[{null m=OPEN f=TRANSLUCENT|FILLS_TASK|IS_BEHIND_STARTING_WINDOW leash=Surface(name=ActivityRecord{11ccc7b u0 com.google.android.permissioncontroller/com.android.permissioncontroller.permission.ui.GrantPermissionsActivity)/@0xd9c9f0 sb=Rect(0, 0 - 0, 0) eb=Rect(0, 0 - 1080, 2400) d=-1->0 r=-1->0:-1}]}
05-27 03:00:48.500 V/WindowManagerShell( 7709):  Checking filter Pair{{types=[] flags=0x0] notFlags=0x100 checks=[{atype=home independent=true modes=[OPEN,TO_FRONT] flags=NONE mustBeTask=false order=TOP topActivity=ComponentInfo{com.motorola.launcher3/com.android.launcher3.uioverrides.QuickstepLauncher}},{atype=standard independent=true modes=[CLOSE,TO_BACK] flags=NONE mustBeTask=false order=ANY topActivity=null}]} RemoteTransition { remoteTransition = android.window.IRemoteTransition$Stub$Proxy@cb754ae, appThread = android.app.IApplicationThread$Stub$Proxy@270424f, debugName = QuickstepLaunchHome }}
05-27 03:00:48.500 V/WindowManagerShell( 7709):  Delegate animation for #7403 to null
05-27 03:00:48.500 V/WindowManagerShell( 7709):  try handler com.android.wm.shell.transition.DefaultTransitionHandler@f85debf
05-27 03:00:48.500 V/WindowManagerShell( 7709): start default transition animation, info = {id=7403 t=OPEN f=0x0 trk=0 r=[0@Point(0, 0)] c=[{null m=OPEN f=TRANSLUCENT|FILLS_TASK|IS_BEHIND_STARTING_WINDOW leash=Surface(name=ActivityRecord{11ccc7b u0 com.google.android.permissioncontroller/com.android.permissioncontroller.permission.ui.GrantPermissionsActivity)/@0xd9c9f0 sb=Rect(0, 0 - 0, 0) eb=Rect(0, 0 - 1080, 2400) d=-1->0 r=-1->0:-1}]}
05-27 03:00:48.500 V/WindowManagerShell( 7709): loadAnimation: anim=null animAttr=0x4 type=OPEN isEntrance=true
05-27 03:00:48.501 V/WindowManagerShell( 7709): Transition animation finished (aborted=false), notifying core (#7403)android.os.BinderProxy@be1c56d@0
05-27 03:00:48.503 I/ActivityTaskManager( 3077): Displayed com.google.android.permissioncontroller/com.android.permissioncontroller.permission.ui.GrantPermissionsActivity for user 0: +960ms
05-27 03:00:48.504 V/WindowManager( 3077): Sent Transition #7403 createdAt=05-27 03:00:48.248 via request=TransitionRequestInfo { type = 1, triggerTask = TaskInfo{userId=0 taskId=5377 displayId=0 isRunning=true baseIntent=Intent { act=android.intent.action.MAIN cat=[android.intent.category.LAUNCHER] flg=0x10200000 cmp=com.deepeye.musicpro.debug/com.deepeye.musicpro.MainActivity } baseActivity=ComponentInfo{com.deepeye.musicpro.debug/com.deepeye.musicpro.MainActivity} topActivity=ComponentInfo{com.google.android.permissioncontroller/com.android.permissioncontroller.permission.ui.GrantPermissionsActivity} origActivity=null realActivity=ComponentInfo{com.deepeye.musicpro.debug/com.deepeye.musicpro.MainActivity} numActivities=2 lastActiveTime=1653837401 supportsMultiWindow=true supportsGlobalFreeform=true resizeMode=1 isResizeable=true isAppLocked=false canKillAndRestart=true isShowDecorCaptionWindowRequest=false minWidth=-1 minHeight=-1 defaultMinSize=200 token=WCT{RemoteToken{88a28d Task{63a6a39 #5377 type=standard A=10521:com.deepeye.musicpro.debug}}} topActivityType=1 pictureInPictureParams=null shouldDockBigOverlays=false launchIntoPipHostTaskId=-1 lastParentTaskIdBeforePip=-1 displayCutoutSafeInsets=Rect(0, 90 - 0, 0) topActivityInfo=ActivityInfo{be58196 com.android.permissioncontroller.permission.ui.GrantPermissionsActivity} launchCookies=[] positionInParent=Point(0, 0) parentTaskId=-1 isFocused=true isVisible=true isVisibleRequested=true isSleeping=false topActivityInSizeCompat=false topActivityEligibleForLetterboxEducation= false topActivityLetterboxed= false isFromDoubleTap= false topActivityLetterboxVerticalPosition= -1 topActivityLetterboxHorizontalPosition= -1 topActivityLetterboxWidth=-1 topActivityLetterboxHeight=-1 locusId=null displayAreaFeatureId=1 cameraCompatControlState=hidden}, remoteTransition = null, displayChange = null, flags = 0 }
05-27 03:00:48.504 V/WindowManager( 3077):     startWCT=WindowContainerTransaction { changes = {} hops = [] errorCallbackToken=null taskFragmentOrganizer=null }
05-27 03:00:48.504 V/WindowManager( 3077):     info={id=7403 t=OPEN f=0x0 trk=0 r=[0@Point(0, 0)] c=[{null m=OPEN f=TRANSLUCENT|FILLS_TASK|IS_BEHIND_STARTING_WINDOW leash=Surface(name=ActivityRecord{11ccc7b u0 com.google.android.permissioncontroller/com.android.permissioncontroller.permission.ui.GrantPermissionsActivity)/@0xa1118be sb=Rect(0, 0 - 0, 0) eb=Rect(0, 0 - 1080, 2400) d=-1->0 r=-1->0:-1}]}
05-27 03:00:48.505 I/cr_CombinedPProvider(23499): #linkNativeInternal() 1
05-27 03:00:48.505 D/CompatibilityChangeReporter(23499): Compat change id reported: 183155436; UID 10521; state: ENABLED
05-27 03:00:48.506 I/cr_AppResProvider(23499): #getApplicationRestrictionsFromUserManager() Bundle[EMPTY_PARCEL]
05-27 03:00:48.506 I/cr_PolicyProvider(23499): #notifySettingsAvailable() 0
05-27 03:00:48.506 I/cr_CombinedPProvider(23499): #onSettingsAvailable() 0
05-27 03:00:48.506 I/cr_CombinedPProvider(23499): #flushPolicies()
05-27 03:00:48.506 V/WindowManager( 3077): Finish Transition #7403: created at 05-27 03:00:48.248 collect-started=0.042ms request-sent=5.343ms started=6.578ms ready=79.295ms sent=250.508ms finished=257.983ms
05-27 03:00:48.507 D/Zygote  (29264): Forked child process 23582
05-27 03:00:48.508 D/CompatibilityChangeReporter( 3077): Compat change id reported: 261072174; UID 10521; state: ENABLED
05-27 03:00:48.509 I/ActivityManager( 3077): Start proc 23582:com.google.android.webview:sandboxed_process0:org.chromium.content.app.SandboxedProcessService0:0/u0i482 for  {com.deepeye.musicpro.debug/org.chromium.content.app.SandboxedProcessService0:0}
05-27 03:00:48.511 D/PowerManagerService( 3077): nativeSetPowerMode ret:false mode:5 enabled:false duration ms: 0
05-27 03:00:48.511 V/WindowManagerShell( 7709): Track 0 became idle
05-27 03:00:48.511 V/WindowManagerShell( 7709): All active transition animations finished
05-27 03:00:48.511 W/ActivityTaskManager( 3077): Request to remove task ignored for non-existent task 5376
05-27 03:00:48.511 V/WindowManagerShell( 7709):  animated by com.android.wm.shell.transition.DefaultTransitionHandler@f85debf
05-27 03:00:48.511 V/WindowManagerShell( 7709): Track 0 became idle
05-27 03:00:48.511 V/WindowManagerShell( 7709): All active transition animations finished
05-27 03:00:48.515 D/CompatibilityChangeReporter( 3077): Compat change id reported: 214016041; UID 10365; state: ENABLED
05-27 03:00:48.515 I/ImeTracker( 3077): com.google.android.permissioncontroller:7ceb6648: onRequestHide at ORIGIN_SERVER_HIDE_INPUT reason HIDE_ALWAYS_HIDDEN_STATE
05-27 03:00:48.515 I/ImeTracker( 3077): com.google.android.permissioncontroller:7ceb6648: onCancelled at PHASE_SERVER_SHOULD_HIDE
05-27 03:00:48.519 I/GoogleInputMethodService( 3757): GoogleInputMethodService.onFinishInput():2259 
05-27 03:00:48.519 I/Module  ( 3757): DeviceLockedStatusModuleProvider$Module.updateDeviceLockedStatusInternal():127 repeatCheckTimes = 0, locked = false
05-27 03:00:48.519 I/GoogleInputMethodService( 3757): GoogleInputMethodService.onStartInput():1446 onStartInput(EditorInfo{EditorInfo{packageName=com.google.android.permissioncontroller, inputType=0, inputTypeString=NULL, enableLearning=false, autoCorrection=false, autoComplete=false, imeOptions=0, privateImeOptions=null, actionName=UNSPECIFIED, actionLabel=null, initialSelStart=-1, initialSelEnd=-1, initialCapsMode=0, label=null, fieldId=0, fieldName=null, extras=null, hintText=null, hintLocales=[]}}, false)
05-27 03:00:48.520 I/AndroidIME( 3757): LatinIMEBase.updateInputViewCoverNavigation():321 Update input view padding, isNavbarOverInputWindow=false, bottom inset=102
05-27 03:00:48.520 I/Module  ( 3757): DeviceLockedStatusModuleProvider$Module.updateDeviceLockedStatusInternal():127 repeatCheckTimes = 1, locked = false
05-27 03:00:48.524 W/PackageConfigPersister( 3077): App-specific configuration not found for packageName: com.google.android.permissioncontroller and userId: 0
05-27 03:00:48.525 I/ImeTracker( 9681): com.motorola.launcher3:5bb9c0dc: onRequestHide at ORIGIN_CLIENT_HIDE_SOFT_INPUT reason HIDE_SOFT_INPUT
05-27 03:00:48.526 I/byia    (14758): onStop
05-27 03:00:48.526 W/InputMethodManagerService( 3077): Ignoring hideSoftInput of uid 10296 : com.android.internal.inputmethod.IInputMethodClient$Stub$Proxy@7beae88
05-27 03:00:48.526 I/ImeTracker( 3077): com.motorola.launcher3:5bb9c0dc: onCancelled at PHASE_SERVER_CLIENT_FOCUSED
05-27 03:00:48.529 E/libc    (23582): SetHeapTaggingLevel: re-enabling tagging after it was disabled is not supported
05-27 03:00:48.534 W/chromium(23499): [WARNING:android_webview/browser/network_service/net_helpers.cc:137] HTTP Cache size is: 20971520
05-27 03:00:48.540 I/ocessService0:0(23582): Using CollectorTypeCMC GC.
05-27 03:00:48.554 D/CompatibilityChangeReporter(23499): Compat change id reported: 214741472; UID 10521; state: ENABLED
05-27 03:00:48.558 D/nativeloader(23582): Load libframework-connectivity-tiramisu-jni.so using APEX ns com_android_tethering for caller /apex/com.android.tethering/javalib/framework-connectivity-t.jar: ok
05-27 03:00:48.571 D/CompatibilityChangeReporter(23499): Compat change id reported: 171228096; UID 10521; state: ENABLED
05-27 03:00:48.572 D/VRI[GrantPermissionsActivity](11721): update {(0,0)(wrapxwrap) gr=CENTER sim={state=always_hidden adjust=nothing} ty=BASE_APPLICATION fmt=TRANSPARENT wanim=0x10302ff
05-27 03:00:48.572 D/VRI[GrantPermissionsActivity](11721):   fl=DIM_BEHIND SPLIT_TOUCH HARDWARE_ACCELERATED
05-27 03:00:48.572 D/VRI[GrantPermissionsActivity](11721):   pfl=HIDE_NON_SYSTEM_OVERLAY_WINDOWS
05-27 03:00:48.572 D/VRI[GrantPermissionsActivity](11721):   bhv=DEFAULT
05-27 03:00:48.572 D/VRI[GrantPermissionsActivity](11721):   fitTypes=STATUS_BARS NAVIGATION_BARS CAPTION_BAR} by setLayoutParams
05-27 03:00:48.573 D/CompatibilityChangeReporter( 3077): Compat change id reported: 168419799; UID 10521; state: DISABLED
05-27 03:00:48.573 D/CompatibilityChangeReporter( 3077): Compat change id reported: 273564678; UID 10521; state: DISABLED
05-27 03:00:48.573 D/VRI[GrantPermissionsActivity](11721): update {(0,0)(wrapxwrap) gr=CENTER sim={state=always_hidden adjust=nothing} ty=BASE_APPLICATION fmt=TRANSPARENT wanim=0x10302ff
05-27 03:00:48.573 D/VRI[GrantPermissionsActivity](11721):   fl=DIM_BEHIND SPLIT_TOUCH HARDWARE_ACCELERATED
05-27 03:00:48.573 D/VRI[GrantPermissionsActivity](11721):   pfl=HIDE_NON_SYSTEM_OVERLAY_WINDOWS
05-27 03:00:48.573 D/VRI[GrantPermissionsActivity](11721):   bhv=DEFAULT
05-27 03:00:48.573 D/VRI[GrantPermissionsActivity](11721):   fitTypes=STATUS_BARS NAVIGATION_BARS CAPTION_BAR} by setLayoutParams
05-27 03:00:48.576 D/CompatibilityChangeReporter( 3077): Compat change id reported: 261072174; UID 10521; state: ENABLED
05-27 03:00:48.577 E/ANDR-PERF-LM( 1849): VmRssMeter:: start() 358: Could not find pid, can not collect vmrss data
05-27 03:00:48.577 E/ANDR-PERF-LM( 1849): AdaptiveLaunch: writeToDataBase() 64: Meter aborted or could not get meter data for this run
05-27 03:00:48.578 W/ProcessStats( 3077): Tracking association SourceState{85295a6 com.deepeye.musicpro.debug/10521 BTop #2598124} whose proc state 2 is better than process ProcessState{f378d4c com.google.android.gms.persistent/10192 pkg=com.google.android.gms} proc state 3 (1831 skipped)
05-27 03:00:48.579 D/BoundBrokerSvc(16834): onBind: Intent { act=com.google.android.gms.safebrowsing.SafeBrowsingService.START dat=chimera-action:/... cmp=com.google.android.gms/.chimera.GmsBoundBrokerService }
05-27 03:00:48.579 D/BoundBrokerSvc(16834): Loading bound service for intent: Intent { act=com.google.android.gms.safebrowsing.SafeBrowsingService.START dat=chimera-action:/... cmp=com.google.android.gms/.chimera.GmsBoundBrokerService }
05-27 03:00:48.584 D/CompatibilityChangeReporter(23582): Compat change id reported: 171979766; UID 99482; state: ENABLED
05-27 03:00:48.584 D/CompatibilityChangeReporter(23582): Compat change id reported: 242716250; UID 99482; state: ENABLED
05-27 03:00:48.585 E/ANDR-PERF-LM( 1849): VmRssMeter:: start() 358: Could not find pid, can not collect vmrss data
05-27 03:00:48.586 D/Surface (11721): Surface::disconnect
05-27 03:00:48.586 D/BufferQueueProducer(11721): [VRI[GrantPermissionsActivity]#0(BLAST Consumer)0](id:2dc900000000,api:1,p:11721,c:11721) disconnect: api 1
05-27 03:00:48.586 E/OpenGLRenderer(11721): Unable to match the desired swap behavior.
05-27 03:00:48.593 D/ApplicationLoaders(23582): Returning zygote-cached class loader: /system/framework/android.test.base.jar
05-27 03:00:48.599 I/cr_WebViewApkApp(23582): version=148.0.7778.120 (777812003) minSdkVersion=29 processName=com.google.android.webview:sandboxed_process0:org.chromium.content.app.SandboxedProcessService0:0 splits=<none>
05-27 03:00:48.601 I/Typeface(23582): updateThemeFont new=Rookery-Regular;old=sans-serif;new=Rookery-Stacked;old=
05-27 03:00:48.601 I/ActivityManager( 3077): Flag disabled. Ignoring finishAttachApplication from uid: 99482. pid: 23582
05-27 03:00:48.603 W/SystemServiceRegistry(23582): No service published for: virtualdevice
05-27 03:00:48.604 I/cr_ChildProcessService(23582): Creating new ChildProcessService pid=23582
05-27 03:00:48.612 D/ConnectivityService( 3077): requestNetwork for uid/pid:10521/23499 activeRequest: null callbackRequest: 53161 [NetworkRequest [ REQUEST id=53162, [ Capabilities: INTERNET&NOT_RESTRICTED&TRUSTED&NOT_VCN_MANAGED Uid: 10521 RequestorUid: 10521 RequestorPkg: com.deepeye.musicpro.debug UnderlyingNetworks: Null] ]] callback flags: 0 order: 2147483647 isUidTracked: false declaredMethods: AVAIL|LOST|NC|LP
05-27 03:00:48.613 D/CompatibilityChangeReporter( 3077): Compat change id reported: 319212206; UID 10521; state: DISABLED
05-27 03:00:48.615 D/WifiNetworkFactory( 3077): got request NetworkRequest [ REQUEST id=53162, [ Capabilities: INTERNET&NOT_RESTRICTED&TRUSTED&NOT_VCN_MANAGED Uid: 10521 RequestorUid: 10521 RequestorPkg: com.deepeye.musicpro.debug UnderlyingNetworks: Null] ]
05-27 03:00:48.615 D/UntrustedWifiNetworkFactory( 3077): got request NetworkRequest [ REQUEST id=53162, [ Capabilities: INTERNET&NOT_RESTRICTED&TRUSTED&NOT_VCN_MANAGED Uid: 10521 RequestorUid: 10521 RequestorPkg: com.deepeye.musicpro.debug UnderlyingNetworks: Null] ]
05-27 03:00:48.617 D/OemPaidWifiNetworkFactory( 3077): got request NetworkRequest [ REQUEST id=53162, [ Capabilities: INTERNET&NOT_RESTRICTED&TRUSTED&NOT_VCN_MANAGED Uid: 10521 RequestorUid: 10521 RequestorPkg: com.deepeye.musicpro.debug UnderlyingNetworks: Null] ]
05-27 03:00:48.617 D/MultiInternetWifiNetworkFactory( 3077): got request NetworkRequest [ REQUEST id=53162, [ Capabilities: INTERNET&NOT_RESTRICTED&TRUSTED&NOT_VCN_MANAGED Uid: 10521 RequestorUid: 10521 RequestorPkg: com.deepeye.musicpro.debug UnderlyingNetworks: Null] ]
05-27 03:00:48.617 D/ConnectivityService( 3077): NetReassign [53162 : null → 985] [c 1] [a 2] [i 2]
05-27 03:00:48.621 D/ConnectivityService( 3077): NetReassign [no changes] [c 1] [a 0] [i 3]
05-27 03:00:48.640 I/OtaUpdate(18746): action =action_gatt_connect_failure_gloryfit,GlobalVariable.IS_MYDEVICEACTIVITY_UPDATE =false
05-27 03:00:48.641 I/LogDial (18746): 收到断开连接的广播
05-27 03:00:48.641 I/LogDial (18746): 收到断开连接,停止发送表盘数据
05-27 03:00:48.642 I/.musicpro.debug(23499): Compiler allocated 4496KB to compile void android.view.ViewRootImpl.performTraversals()
05-27 03:00:48.643 I/AppsFilter( 3077): interaction: PackageSetting{68a2348 com.deepeye.musicpro.debug/10521} -> PackageSetting{14125e1 org.kde.kdeconnect_tp/10386} BLOCKED
05-27 03:00:48.704 D/CoreBackPreview( 3077): Window{2ea44b0 u0 com.deepeye.musicpro.debug/com.deepeye.musicpro.MainActivity}: Setting back callback OnBackInvokedCallbackInfo{mCallback=android.window.IOnBackInvokedCallback$Stub$Proxy@f4ddf06, mPriority=0, mIsAnimationCallback=false}
05-27 03:00:48.760 E/minksocket( 1748): MinkIPC_QRTR_Service: client with node 1 port 6a4c went down
05-27 03:00:48.761 E/minksocket( 1748): MinkIPC_QRTR_Service: client with node 1 port 6a4d went down
05-27 03:00:48.761 E/minksocket( 1748): MinkIPC_QRTR_Service: client with node 1 port 6a4e went down
05-27 03:00:48.762 E/minksocket( 1748): MinkIPC_QRTR_Service: client with node 1 port 6a4f went down
05-27 03:00:48.775 W/ServiceManagerCppClient( 1884): Permission failure: android.permission.ROTATE_SURFACE_FLINGER from uid=10521 pid=0
05-27 03:00:48.775 W/ServiceManagerCppClient( 1884): Permission failure: android.permission.ROTATE_SURFACE_FLINGER from uid=10521 pid=23499
05-27 03:00:48.775 D/PermissionCache( 1884): checking android.permission.ROTATE_SURFACE_FLINGER for uid=10521 => denied (677 us)
05-27 03:00:48.775 D/PermissionCache( 1884): checking android.permission.ROTATE_SURFACE_FLINGER for uid=10521 => denied (386 us)
05-27 03:00:48.775 W/ServiceManagerCppClient( 1884): Permission failure: android.permission.INTERNAL_SYSTEM_WINDOW from uid=10521 pid=0
05-27 03:00:48.775 W/ServiceManagerCppClient( 1884): Permission failure: android.permission.INTERNAL_SYSTEM_WINDOW from uid=10521 pid=23499
05-27 03:00:48.775 D/PermissionCache( 1884): checking android.permission.INTERNAL_SYSTEM_WINDOW for uid=10521 => denied (152 us)
05-27 03:00:48.775 D/PermissionCache( 1884): checking android.permission.INTERNAL_SYSTEM_WINDOW for uid=10521 => denied (161 us)
05-27 03:00:48.775 W/ServiceManagerCppClient( 1884): Permission failure: android.permission.ACCESS_SURFACE_FLINGER from uid=10521 pid=23499
05-27 03:00:48.776 D/PermissionCache( 1884): checking android.permission.ACCESS_SURFACE_FLINGER for uid=10521 => denied (150 us)
05-27 03:00:48.776 W/ServiceManagerCppClient( 1884): Permission failure: android.permission.ACCESS_SURFACE_FLINGER from uid=10521 pid=0
05-27 03:00:48.776 D/PermissionCache( 1884): checking android.permission.ACCESS_SURFACE_FLINGER for uid=10521 => denied (202 us)
05-27 03:00:48.776 I/AdrenoGLES-0(23499): QUALCOMM build                   : dad4038ba6, If56d4a5bb8
05-27 03:00:48.776 I/AdrenoGLES-0(23499): Build Date                       : 07/28/23
05-27 03:00:48.776 I/AdrenoGLES-0(23499): OpenGL ES Shader Compiler Version: EV031.36.08.24
05-27 03:00:48.776 I/AdrenoGLES-0(23499): Local Branch                     : 
05-27 03:00:48.776 I/AdrenoGLES-0(23499): Remote Branch                    : refs/tags/AU_LINUX_ANDROID_LA.VENDOR.1.0.11.00.00.766.892
05-27 03:00:48.776 I/AdrenoGLES-0(23499): Remote Branch                    : NONE
05-27 03:00:48.776 I/AdrenoGLES-0(23499): Reconstruct Branch               : NOTHING
05-27 03:00:48.776 I/AdrenoGLES-0(23499): Build Config                     : S P 12.1.1 AArch64
05-27 03:00:48.777 I/AdrenoGLES-0(23499): Driver Path                      : /vendor/lib64/egl/libGLESv2_adreno.so
05-27 03:00:48.777 I/AdrenoGLES-0(23499): Driver Version                   : 0615.74
05-27 03:00:48.782 I/AdrenoGLES-0(23499): PFP: 0x01730158, ME: 0x00000000
05-27 03:00:48.800 I/OpenGLRenderer(23499): setGrContext nullptr-->validptr
05-27 03:00:48.801 E/OpenGLRenderer(23499): Unable to match the desired swap behavior.
05-27 03:00:49.006 W/ServiceManagerCppClient( 3077): Permission failure: android.permission.ROTATE_SURFACE_FLINGER from uid=10521 pid=0
05-27 03:00:49.006 D/PermissionCache( 3077): checking android.permission.ROTATE_SURFACE_FLINGER for uid=10521 => denied (121 us)
05-27 03:00:49.006 W/ServiceManagerCppClient( 3077): Permission failure: android.permission.INTERNAL_SYSTEM_WINDOW from uid=10521 pid=0
05-27 03:00:49.006 D/PermissionCache( 3077): checking android.permission.INTERNAL_SYSTEM_WINDOW for uid=10521 => denied (30 us)
05-27 03:00:49.006 W/ServiceManagerCppClient( 3077): Permission failure: android.permission.ACCESS_SURFACE_FLINGER from uid=10521 pid=0
05-27 03:00:49.006 D/PermissionCache( 3077): checking android.permission.ACCESS_SURFACE_FLINGER for uid=10521 => denied (22 us)
05-27 03:00:49.008 W/ActivityTaskManager( 3077): activity boost didn't release as expected
05-27 03:00:49.015 I/CameraManagerGlobal(23499): Connecting to camera service
05-27 03:00:49.016 I/OpenGLRenderer(23499): Davey! duration=726ms; Flags=1, FrameTimelineVsyncId=276289675, IntendedVsync=1170836201103941, Vsync=1170836242977305, InputEventId=0, HandleInputStart=1170836249980233, AnimationStart=1170836249987577, PerformTraversalsStart=1170836249990024, DrawStart=1170836722555753, FrameDeadline=1170836209992829, FrameInterval=1170836249772889, FrameStartTime=6978894, SyncQueued=1170836729415701, SyncStart=1170836729507368, IssueDrawCommandsStart=1170836730008878, SwapBuffers=1170836924825024, FrameCompleted=1170836927338930, DequeueBufferDuration=12031, QueueBufferDuration=230209, GpuCompleted=1170836927338930, SwapBuffersCompleted=1170836925883774, DisplayPresentTime=0, CommandSubmissionCompleted=1170836924825024, 
05-27 03:00:49.017 I/ThermalEngine(29098): ACTION: CPU - Setting CPU[7] to 6
05-27 03:00:49.017 I/Choreographer(23499): Skipped 96 frames!  The application may be doing too much work on its main thread.
05-27 03:00:49.035 I/WM-WorkerWrapper(23499): Worker result SUCCESS for Work [ id=50d368f1-5675-490a-b109-05b0b7823eb6, tags={ com.deepeye.musicpro.workers.AutoplayPrefetchWorker } ]
05-27 03:00:49.060 W/.musicpro.debug(23499): Method boolean androidx.compose.runtime.snapshots.SnapshotStateList.conditionalUpdate(boolean, kotlin.jvm.functions.Function1) failed lock verification and will run slower.
05-27 03:00:49.060 W/.musicpro.debug(23499): Common causes for lock verification issues are non-optimized dex code
05-27 03:00:49.060 W/.musicpro.debug(23499): and incorrect proguard optimizations.
05-27 03:00:49.060 W/.musicpro.debug(23499): Method boolean androidx.compose.runtime.snapshots.SnapshotStateList.conditionalUpdate$default(androidx.compose.runtime.snapshots.SnapshotStateList, boolean, kotlin.jvm.functions.Function1, int, java.lang.Object) failed lock verification and will run slower.
05-27 03:00:49.060 W/.musicpro.debug(23499): Method java.lang.Object androidx.compose.runtime.snapshots.SnapshotStateList.mutate(kotlin.jvm.functions.Function1) failed lock verification and will run slower.
05-27 03:00:49.060 W/.musicpro.debug(23499): Method void androidx.compose.runtime.snapshots.SnapshotStateList.update(boolean, kotlin.jvm.functions.Function1) failed lock verification and will run slower.
05-27 03:00:49.060 W/.musicpro.debug(23499): Method void androidx.compose.runtime.snapshots.SnapshotStateList.update$default(androidx.compose.runtime.snapshots.SnapshotStateList, boolean, kotlin.jvm.functions.Function1, int, java.lang.Object) failed lock verification and will run slower.
05-27 03:00:49.062 D/CompatibilityChangeReporter( 3077): Compat change id reported: 261072174; UID 10192; state: ENABLED
05-27 03:00:49.118 W/PackageSettings( 3077): Skipping PackageSetting{cf55578 com.whatsapp/10465} due to missing metadata
05-27 03:00:49.126 D/CompatibilityChangeReporter( 3077): Compat change id reported: 218533173; UID 10521; state: ENABLED
05-27 03:00:49.126 D/CompatibilityChangeReporter( 3077): Compat change id reported: 262645982; UID 10521; state: ENABLED
05-27 03:00:49.126 I/PermissionControllerServiceImpl(11721): Updating user sensitive for uid 10521
05-27 03:00:49.126 D/CarrierSvcBindHelper( 4090): onPackageModified: com.deepeye.musicpro.debug
05-27 03:00:49.127 D/CarrierSvcBindHelper( 4090): No carrier app for: 0
05-27 03:00:49.128 D/CarrierSvcBindHelper( 4090): No carrier app for: 1
05-27 03:00:49.128 I/InputReader( 3077): Reconfiguring input devices, changes=KEYBOARD_LAYOUTS
