05-27 03:02:59.377 D/vendor.qti.bluetooth@1.0-wake_lock( 1758): Release wakelock is released 
05-27 03:02:59.440 I/keystore2( 1354): system/security/keystore2/src/watchdog.rs:319 - Watchdog thread idle -> terminating. Have a great day.
05-27 03:02:59.453 W/View    ( 7709): requestLayout() improperly called by com.android.systemui.statusbar.lockscreen.NotifIconContainerHostView{b2d8d2d IF....C.. ......ID 0,1863-1080,2247 #7f0a02ac app:id/custom_notification_icon_container_host} during layout: running second layout pass
05-27 03:02:59.457 D/ControlsListingControllerImpl( 7709): Unsubscribing callback
05-27 03:02:59.460 W/View    ( 7709): requestLayout() improperly called by com.android.systemui.statusbar.notification.stack.NotificationStackScrollLayout{33fc64a V.E...... ........ 0,0-1080,2247 #7f0a063d app:id/notification_stack_scroller} during second layout pass: posting in next frame
05-27 03:02:59.667 D/StatusBarIconController( 7709): ignoring old pipeline callbacks, because the new mobile icons are enabled
05-27 03:02:59.728 I/FalsingManager( 7709): Skipped falsing. interactionType=8
05-27 03:02:59.728 I/FalsingManager( 7709): Skipped falsing. interactionType=8
05-27 03:02:59.744 I/BpBinder( 1884): onLastStrongRef automatically unlinking death recipients: 
05-27 03:02:59.749 I/BpBinder( 1884): onLastStrongRef automatically unlinking death recipients: 
05-27 03:02:59.755 I/QTI PowerHAL( 1767): Power setMode: 6 to: 1
05-27 03:02:59.756 E/QTI PowerHAL( 1767): Failed to acquire lock for hint_id: 10A5.
05-27 03:02:59.805 D/CentralSurfaces( 7709): Received new disable state: enaihbcrso.qingr (unchanged)
05-27 03:02:59.815 I/QTI PowerHAL( 1767): Power setMode: 6 to: 0
05-27 03:02:59.837 D/VRI[NavigationBar0]( 7709): update {(0,0)(fillx102) gr=BOTTOM CENTER_VERTICAL layoutInDisplayCutoutMode=always ty=NAVIGATION_BAR fmt=TRANSLUCENT
05-27 03:02:59.837 D/VRI[NavigationBar0]( 7709):   fl=NOT_FOCUSABLE NOT_TOUCH_MODAL WATCH_OUTSIDE_TOUCH SPLIT_TOUCH
05-27 03:02:59.837 D/VRI[NavigationBar0]( 7709):   pfl=LAYOUT_SIZE_EXTENDED_BY_CUTOUT COLOR_SPACE_AGNOSTIC FIT_INSETS_CONTROLLED TRUSTED_OVERLAY
05-27 03:02:59.837 D/VRI[NavigationBar0]( 7709):   bhv=DEFAULT
05-27 03:02:59.837 D/VRI[NavigationBar0]( 7709):   providedInsets:
05-27 03:02:59.837 D/VRI[NavigationBar0]( 7709):     InsetsFrameProvider: {id=#b4050001, index=0, type=navigationBars, source=FRAME, flags=[SUPPRESS_SCRIM], insetsSize=Insets{left=0, top=0, right=0, bottom=51}, insetsSizeOverrides=[TypedInsetsSize: {windowType=INPUT_METHOD, insetsSize=null}]}
05-27 03:02:59.837 D/VRI[NavigationBar0]( 7709):     InsetsFrameProvider: {id=#b4050006, index=0, type=tappableElement, source=FRAME, flags=[], insetsSize=Insets{left=0, top=0, right=0, bottom=0}}
05-27 03:02:59.837 D/VRI[NavigationBar0]( 7709):     InsetsFrameProvider: {id=#b4050005, index=0, type=mandatorySystemGestures, source=FRAME, flags=[], insetsSize=Insets{left=0, top=0, right=0, bottom=68}}
05-27 03:02:59.837 D/VRI[NavigationBar0]( 7709):     InsetsFrameProvider: {id=#b4050004, index=0, type=systemGestures, source=DISPLAY, flags=[], insetsSize=Insets{left=63, top=0, right=0, bottom=0}, mMinimalInsetsSizeInDisplayCutoutSafe=Insets{left=63, top=0, right=0, bottom=0}}
05-27 03:02:59.837 D/VRI[NavigationBar0]( 7709):     InsetsFrameProvider: {id=#b4050024, index=1, type=systemGestures, source=DISPLAY, flags=[], insetsSize=Insets{left=0, top=0, right=63, bottom=0}, mMinimalInsetsSizeInDisplayCutoutSafe=Insets{left=0, top=0, right=63, bottom=0}}
05-27 03:02:59.837 D/VRI[NavigationBar0]( 7709):   paramsForRotation:
05-27 03:02:59.837 D/VRI[NavigationBar0]( 7709):     ROTATION_0={(0,0)(fillx102) gr=BOTTOM CENTER_VERTICAL layoutInDisplayCutoutMode=always ty=NAVIGATION_BAR fmt=TRANSLUCENT
05-27 03:02:59.837 D/VRI[NavigationBar0]( 7709):       fl=NOT_FOCUSABLE NOT_TOUCH_MODAL WATCH_OUTSIDE_TOUCH SPLIT_TOUCH FLAG_SLIPPERY
05-27 03:02:59.837 D/VRI[NavigationBar0]( 7709):       pfl=LAYOUT_SIZE_EXTENDED_BY_CUTOUT COLOR_SPACE_AGNOSTIC FIT_INSETS_CONTROLLED TRUSTED_OVERLAY
05-27 03:02:59.837 D/VRI[NavigationBar0]( 7709):       bhv=DEFAULT
05-27 03:02:59.837 D/VRI[NavigationBar0]( 7709):       providedInsets:
05-27 03:02:59.837 D/VRI[NavigationBar0]( 7709):         InsetsFrameProvider: {id=#b4050001, index=0, type=navigationBars, source=FRAME, flags=[SUPPRESS_SCRIM], insetsSize=Insets{left=0, top=0, right=0, bottom=51}, insetsSizeOverrides=[TypedInsetsSize: {windowType=INPUT_METHOD, insetsSize=null}]}
05-27 03:02:59.837 D/VRI[NavigationBar0]( 7709):         InsetsFrameProvider: {id=#b4050006, index=0, type=tappableElement, source=FRAME, flags=[], insetsSize=Insets{left=0, top=0, right=0, bottom=0}}
05-27 03:02:59.837 D/VRI[NavigationBar0]( 7709):         InsetsFrameProvider: {id=#b4050005, index=0, type=mandatorySystemGestures, source=FRAME, flags=[], insetsSize=Insets{left=0, top=0, right=0, bottom=68}}
05-27 03:02:59.837 D/VRI[NavigationBar0]( 7709):         InsetsFrameProvider: {id=#b4050004, index=0, type=systemGestures, source=DISPLAY, flags=[], insetsSize=Insets{left=63, top=0, right=0, bottom=0}, mMinimalInsetsSizeInDisplayCutoutSafe=Insets{left=63, top=0, right=0, bottom=0}}
05-27 03:02:59.837 D/VRI[NavigationBar0]( 7709):         InsetsFrameProvider: {id=#b4050024, index=1, type=systemGestures, source=DISPLAY, flags=[], insetsSize=Insets{left=0, top=0, right=63, bottom=0}, mMinimalInsetsSizeInDisplayCutoutSafe=Insets{left=0, top=0, right=63, bottom=0}}}
05-27 03:02:59.837 D/VRI[NavigationBar0]( 7709):     ROTATION_90={(0,0)(fillx102) gr=BOTTOM CENTER_VERTICAL layoutInDisplayCutoutMode=always ty=NAVIGATION_BAR fmt=TRANSLUCENT
05-27 03:02:59.837 D/VRI[NavigationBar0]( 7709):       fl=NOT_FOCUSABLE NOT_TOUCH_MODAL WATCH_OUTSIDE_TOUCH SPLIT_TOUCH FLAG_SLIPPERY
05-27 03:02:59.837 D/VRI[NavigationBar0]( 7709):       pfl=LAYOUT_SIZE_EXTENDED_BY_CUTOUT COLOR_SPACE_AGNOSTIC FIT_INSETS_CONTROLLED TRUSTED_OVERLAY
05-27 03:02:59.837 D/VRI[NavigationBar0]( 7709):       bhv=DEFAULT
05-27 03:02:59.837 D/VRI[NavigationBar0]( 7709):       providedInsets:
05-27 03:02:59.837 D/VRI[NavigationBar0]( 7709):         InsetsFrameProvider: {id=#b4050001, index=0, type=navigationBars, source=FRAME, flags=[SUPPRESS_SCRIM], insetsSize=Insets{left=0, top=0, right=0, bottom=51}, insetsSizeOverrides=[TypedInsetsSize: {windowType=INPUT_METHOD, insetsSize=null}]}
05-27 03:02:59.837 D/VRI[NavigationBar0]( 7709):         InsetsFrameProvider: {id=#b4050006, index=0, type=tappableElement, source=FRAME, flags=[], insetsSize=Insets{left=0, top=0, right=0, bottom=0}}
05-27 03:02:59.837 D/VRI[NavigationBar0]( 7709):         InsetsFrameProvider: {id=#b4050005, index=0, type=mandatorySystemGestures, source=FRAME, flags=[], insetsSize=Insets{left=0, top=0, right=0, bottom=68}}
05-27 03:02:59.837 D/VRI[NavigationBar0]( 7709):         InsetsFrameProvider: {id=#b4050004, index=0, type=systemGestures, source=DISPLAY, flags=[], insetsSize=Insets{left=63, top=0, right=0, bottom=0}, mMinimalInsetsSizeInDisplayCutoutSafe=Insets{left=63, top=0, right=0, bottom=0}}
05-27 03:02:59.837 D/VRI[NavigationBar0]( 7709):         InsetsFrameProvider: {id=#b4050024, index=1, type=systemGestures, source=DISPLAY, flags=[], insetsSize=Insets{left=0, top=0, right=63, bottom=0}, mMinimalInsetsSizeInDisplayCutoutSafe=Insets{left=0, top=0, right=63, bottom=0}}}
05-27 03:02:59.837 D/VRI[NavigationBar0]( 7709):     ROTATION_180={(0,0)(fillx102) gr=BOTTOM CENTER_VERTICAL layoutInDisplayCutoutMode=always ty=NAVIGATION_BAR fmt=TRANSLUCENT
05-27 03:02:59.837 D/VRI[NavigationBar0]( 7709):       fl=NOT_FOCUSABLE NOT_TOUCH_MODAL WATCH_OUTSIDE_TOUCH SPLIT_TOUCH FLAG_SLIPPERY
05-27 03:02:59.837 D/VRI[NavigationBar0]( 7709):       pfl=LAYOUT_SIZE_EXTENDED_BY_CUTOUT COLOR_SPACE_AGNOSTIC FIT_INSETS_CONTROLLED TRUSTED_OVERLAY
05-27 03:02:59.837 D/VRI[NavigationBar0]( 7709):       bhv=DEFAULT
05-27 03:02:59.837 D/VRI[NavigationBar0]( 7709):       providedInsets:
05-27 03:02:59.837 D/VRI[NavigationBar0]( 7709):         InsetsFrameProvider: {id=#b4050001, index=0, type=navigationBars, source=FRAME, flags=[SUPPRESS_SCRIM], insetsSize=Insets{left=0, top=0, right=0, bottom=51}, insetsSizeOverrides=[TypedInsetsSize: {windowType=INPUT_METHOD, insetsSize=null}]}
05-27 03:02:59.837 D/VRI[NavigationBar0]( 7709):         InsetsFrameProvider: {id=#b4050006, index=0, type=tappableElement, source=FRAME, flags=[], insetsSize=Insets{left=0, top=0, right=0, bottom=0}}
05-27 03:02:59.837 D/VRI[NavigationBar0]( 7709):         InsetsFrameProvider: {id=#b4050005, index=0, type=mandatorySystemGestures, source=FRAME, flags=[], insetsSize=Insets{left=0, top=0, right=0, bottom=68}}
05-27 03:02:59.837 D/VRI[NavigationBar0]( 7709):         InsetsFrameProvider: {id=#b4050004, index=0, type=systemGestures, source=DISPLAY, flags=[], insetsSize=Insets{left=63, top=0, right=0, bottom=0}, mMinimalInsetsSizeInDisplayCutoutSafe=Insets{left=63, top=0, right=0, bottom=0}}
05-27 03:02:59.837 D/VRI[NavigationBar0]( 7709):         InsetsFrameProvider: {id=#b4050024, index=1, type=systemGestures, source=DISPLAY, flags=[], insetsSize=Insets{left=0, top=0, right=63, bottom=0}, mMinimalInsetsSizeInDisplayCutoutSafe=Insets{left=0, top=0, right=63, bottom=0}}}
05-27 03:02:59.837 D/VRI[NavigationBar0]( 7709):     ROTATION_270={(0,0)(fillx102) gr=BOTTOM CENTER_VERTICAL layoutInDisplayCutoutMode=always ty=NAVIGATION_BAR fmt=TRANSLUCENT
05-27 03:02:59.837 D/VRI[NavigationBar0]( 7709):       fl=NOT_FOCUSABLE NOT_TOUCH_MODAL WATCH_OUTSIDE_TOUCH SPLIT_TOUCH FLAG_SLIPPERY
05-27 03:02:59.837 D/VRI[NavigationBar0]( 7709):       pfl=LAYOUT_SIZE_EXTENDED_BY_CUTOUT COLOR_SPACE_AGNOSTIC FIT_INSETS_CONTROLLED TRUSTED_OVERLAY
05-27 03:02:59.837 D/VRI[NavigationBar0]( 7709):       bhv=DEFAULT
05-27 03:02:59.837 D/VRI[NavigationBar0]( 7709):       providedInsets:
05-27 03:02:59.837 D/VRI[NavigationBar0]( 7709):         InsetsFrameProvider: {id=#b4050001, index=0, type=navigationBars, source=FRAME, flags=[SUPPRESS_SCRIM], insetsSize=Insets{left=0, top=0, right=0, bottom=51}, insetsSizeOverrides=[TypedInsetsSize: {windowType=INPUT_METHOD, insetsSize=null}]}
05-27 03:02:59.837 D/VRI[NavigationBar0]( 7709):         InsetsFrameProvider: {id=#b4050006, index=0, type=tappableElement, source=FRAME, flags=[], insetsSize=Insets{left=0, top=0, right=0, bottom=0}}
05-27 03:02:59.837 D/VRI[NavigationBar0]( 7709):         InsetsFrameProvider: {id=#b4050005, index=0, type=mandatorySystemGestures, source=FRAME, flags=[], insetsSize=Insets{left=0, top=0, right=0, bottom=68}}
05-27 03:02:59.837 D/VRI[NavigationBar0]( 7709):         InsetsFrameProvider: {id=#b4050004, index=0, type=systemGestures, source=DISPLAY, flags=[], insetsSize=Insets{left=63, top=0, right=0, bottom=0}, mMinimalInsetsSizeInDisplayCutoutSafe=Insets{left=63, top=0, right=0, bottom=0}}
05-27 03:02:59.837 D/VRI[NavigationBar0]( 7709):         InsetsFrameProvider: {id=#b4050024, index=1, type=systemGestures, source=DISPLAY, flags=[], insetsSize=Insets{left=0, top=0, right=63, bottom=0}, mMinimalInsetsSizeInDisplayCutoutSafe=Insets{left=0, top=0, right=63, bottom=0}}}} by setLayoutParams
05-27 03:02:59.838 D/VRI[NotificationShade]( 7709): update {(0,0)(fillxfill) gr=TOP CENTER_VERTICAL layoutInDisplayCutoutMode=always ty=2040 fmt=TRANSLUCENT
05-27 03:02:59.838 D/VRI[NotificationShade]( 7709):   fl=NOT_FOCUSABLE TOUCHABLE_WHEN_WAKING WATCH_OUTSIDE_TOUCH SPLIT_TOUCH HARDWARE_ACCELERATED DRAWS_SYSTEM_BAR_BACKGROUNDS
05-27 03:02:59.838 D/VRI[NotificationShade]( 7709):   pfl=OPTIMIZE_MEASURE BEHAVIOR_CONTROLLED FIT_INSETS_CONTROLLED
05-27 03:02:59.838 D/VRI[NotificationShade]( 7709):   bhv=SHOW_TRANSIENT_BARS_BY_SWIPE} by setLayoutParams
05-27 03:02:59.841 W/View    ( 7709): requestLayout() improperly called by com.android.systemui.statusbar.lockscreen.NotifIconContainerHostView{b2d8d2d IF....C.. ......ID 0,1931-1080,2281 #7f0a02ac app:id/custom_notification_icon_container_host} during layout: running second layout pass
05-27 03:02:59.845 D/VRI[NotificationShade]( 7709): update {(0,0)(fillxfill) gr=TOP CENTER_VERTICAL layoutInDisplayCutoutMode=always ty=2040 fmt=TRANSLUCENT
05-27 03:02:59.845 D/VRI[NotificationShade]( 7709):   fl=NOT_FOCUSABLE TOUCHABLE_WHEN_WAKING WATCH_OUTSIDE_TOUCH SPLIT_TOUCH HARDWARE_ACCELERATED DRAWS_SYSTEM_BAR_BACKGROUNDS
05-27 03:02:59.845 D/VRI[NotificationShade]( 7709):   pfl=OPTIMIZE_MEASURE COLOR_SPACE_AGNOSTIC BEHAVIOR_CONTROLLED FIT_INSETS_CONTROLLED
05-27 03:02:59.845 D/VRI[NotificationShade]( 7709):   bhv=SHOW_TRANSIENT_BARS_BY_SWIPE} by setLayoutParams
05-27 03:02:59.846 D/CentralSurfaces( 7709): Received new disable state: enaihbcrso.qingr (unchanged)
05-27 03:02:59.851 D/Surface ( 7709): Surface::disconnect
05-27 03:02:59.851 D/BufferQueueProducer( 7709): [VRI[NotificationShade]#1276(BLAST Consumer)1276](id:1e1d00000504,api:1,p:7709,c:7709) disconnect: api 1
05-27 03:02:59.854 W/View    ( 7709): requestLayout() improperly called by com.android.systemui.statusbar.notification.stack.NotificationStackScrollLayout{33fc64a V.E...... ......ID 0,0-1080,2281 #7f0a063d app:id/notification_stack_scroller} during second layout pass: posting in next frame
05-27 03:02:59.855 I/ImeTracker( 3077): com.deepeye.musicpro.debug:777951dd: onRequestHide at ORIGIN_SERVER_HIDE_INPUT reason HIDE_SAME_WINDOW_FOCUSED_WITHOUT_EDITOR
05-27 03:02:59.855 I/ImeTracker( 3077): com.deepeye.musicpro.debug:777951dd: onCancelled at PHASE_SERVER_SHOULD_HIDE
05-27 03:02:59.856 I/GoogleInputMethodService( 3757): GoogleInputMethodService.onFinishInput():2259 
05-27 03:02:59.857 I/Module  ( 3757): DeviceLockedStatusModuleProvider$Module.updateDeviceLockedStatusInternal():127 repeatCheckTimes = 0, locked = false
05-27 03:02:59.857 I/GoogleInputMethodService( 3757): GoogleInputMethodService.onStartInput():1446 onStartInput(EditorInfo{EditorInfo{packageName=com.deepeye.musicpro.debug, inputType=0, inputTypeString=NULL, enableLearning=false, autoCorrection=false, autoComplete=false, imeOptions=0, privateImeOptions=null, actionName=UNSPECIFIED, actionLabel=null, initialSelStart=-1, initialSelEnd=-1, initialCapsMode=0, label=null, fieldId=0, fieldName=null, extras=null, hintText=null, hintLocales=[]}}, false)
05-27 03:02:59.857 I/AndroidIME( 3757): LatinIMEBase.updateInputViewCoverNavigation():321 Update input view padding, isNavbarOverInputWindow=false, bottom inset=102
05-27 03:02:59.857 I/Module  ( 3757): DeviceLockedStatusModuleProvider$Module.updateDeviceLockedStatusInternal():127 repeatCheckTimes = 1, locked = false
05-27 03:02:59.858 W/PackageConfigPersister( 3077): App-specific configuration not found for packageName: com.deepeye.musicpro.debug and userId: 0
05-27 03:02:59.904 W/FrameTracker( 7709): Missing HWUI jank callback for vsyncId: 276339735, CUJ=J<NOTIFICATION_SHADE_EXPAND_COLLAPSE::Collapse>
05-27 03:02:59.904 W/FrameTracker( 7709): Missing HWUI jank callback for vsyncId: 276339759, CUJ=J<NOTIFICATION_SHADE_EXPAND_COLLAPSE::Collapse>
05-27 03:02:59.904 W/FrameTracker( 7709): Missing HWUI jank callback for vsyncId: 276339767, CUJ=J<NOTIFICATION_SHADE_EXPAND_COLLAPSE::Collapse>
05-27 03:02:59.904 W/FrameTracker( 7709): Missing HWUI jank callback for vsyncId: 276339815, CUJ=J<NOTIFICATION_SHADE_EXPAND_COLLAPSE::Collapse>
05-27 03:03:00.005 D/PowerManagerService( 3077): nativeAcquireSuspendBlocker name:PowerManagerService.WakeLocks duration ms: 2
05-27 03:03:00.006 D/PowerManagerService( 3077): nativeReleaseSuspendBlocker name:PowerManagerService.WakeLocks duration ms: 0
05-27 03:03:00.006 I/FolioManager( 7709): Doze enabled: true
05-27 03:03:00.006 D/FolioManager( 7709): Use SystemUI folio UI.  isAodComponentEmpty: true  isADEnabled: true
05-27 03:03:00.006 D/FolioManager( 7709): updateTime
05-27 03:03:00.504 I/OtaUpdate(18746): action =android.intent.action.TIME_TICK,GlobalVariable.IS_MYDEVICEACTIVITY_UPDATE =false
05-27 03:03:00.505 I/LogTrain(18746): queryTrainingSetting  count =0
05-27 03:03:00.505 I/LogConnect(18746): h =3
05-27 03:03:00.506 I/LogPush (18746): service.crashCount = 0
05-27 03:03:00.573 I/LogSync (18746): 计时器 超时了 commandType=103
05-27 03:03:00.575 I/LogSync (18746): 指令 103 超时了 1 次
05-27 03:03:00.577 I/LogHome (18746): isSupport5 =true,functionType =1,function =259
05-27 03:03:00.577 I/LogSync (18746): 计时器 开启 commandType=103
05-27 03:03:00.577 I/LogUtils(18746): APK--->BLE isBusy = false
05-27 03:03:00.577 I/LogUtils(18746): APK--->BLE4 = D10E1A,T=535
05-27 03:03:00.577 I/LogUtils(18746): writeCharacteristic threadId =535
05-27 03:03:00.577 E/LogUtils(18746): ----------->writeCharacteristic result =false
05-27 03:03:00.597 I/LogUtils(18746): writeCharacteristic threadId =535
05-27 03:03:00.598 E/LogUtils(18746): ----------->writeCharacteristic result =false
05-27 03:03:00.598 I/LogUtils(18746): APK--->BLE 写不成功，延时 20ms 重新写 isWrite2 =false
05-27 03:03:00.650 I/ThermalEngine(29098): Monitor:ACTIVE:FREEZE-CHG:freeze_rule=1:DETECT-STANDBY=1
05-27 03:03:00.651 I/ThermalEngine(29098): ACTION: freeze_rule - Setting freeze_rule to 1
05-27 03:03:00.651 I/ThermalEngine(29098): Monitor:ACTIVE:OVERRIDE-CHG:internal_override=1:DETECT-STANDBY=1
05-27 03:03:00.651 I/ThermalEngine(29098): ACTION: override_c - Setting override_c to 1
05-27 03:03:00.651 I/ThermalEngine(29098): Thermal-Server: Thermal received msg from  freezing
05-27 03:03:00.652 I/Thermal-Lib(29098): Thermal-Lib-Client: Client request sent
05-27 03:03:00.652 I/Thermal-Lib(29098): Thermal-Lib-Client: Client request sent
05-27 03:03:00.653 I/ThermalEngine(29098): Thermal-Server: Thermal received msg from  override_c
05-27 03:03:02.249 I/NearbyMediums(26027): No BLE Fast/GATT advertisements found in the latest cycle.
05-27 03:03:02.249 I/NearbyMediums(26027): Current Tracked Scanning Clients are : {NearbyConnections.EnvironmentMonitor, NearbySharing, NearbyConnections.TxAdvertisement}
05-27 03:03:02.425 W/BpBinder(25144): Linking to death on android.gui.ISurfaceComposer but there are no threads (yet?) listening to incoming transactions. See ProcessState::startThreadPool and ProcessState::setThreadPoolMaxThreadCount. Generally you should setup the binder threadpool before other initialization steps.
05-27 03:03:02.425 W/ProcessState(25144): Extra binder thread started, but 0 threads requested. Do not use *startThreadPool when zero threads are requested.
05-27 03:03:03.074 D/MotoSxfService( 3077): unknown touch type
05-27 03:03:03.095 D/AndroidRuntime(25146): >>>>>> START com.android.internal.os.RuntimeInit uid 2000 <<<<<<
05-27 03:03:03.104 I/app_process(25146): MMAP_TRYLOCK is supported in uffd errno:2 addr:0x7dcb037000 size:4096
05-27 03:03:03.105 I/AndroidRuntime(25146): Using default boot image
05-27 03:03:03.105 I/AndroidRuntime(25146): Leaving lock profiling enabled
05-27 03:03:03.107 I/app_process(25146): Using CollectorTypeCMC GC.
05-27 03:03:03.163 D/nativeloader(25146): InitDefaultPublicLibraries for_preload=1: libandroid.so:libaaudio.so:libamidi.so:libbinder_ndk.so:libc.so:libcamera2ndk.so:libdl.so:libEGL.so:libGLESv1_CM.so:libGLESv2.so:libGLESv3.so:libicu.so:libicui18n.so:libicuuc.so:libjnigraphics.so:liblog.so:libmediandk.so:libm.so:libnativehelper.so:libnativewindow.so:libOpenMAXAL.so:libOpenSLES.so:libRS.so:libstdc++.so:libsync.so:libvulkan.so:libwebviewchromium_plat_support.so:libz.so
05-27 03:03:03.174 D/nativeloader(25146): Load libicu_jni.so using APEX ns com_android_art for caller /apex/com.android.art/javalib/core-oj.jar: ok
05-27 03:03:03.174 D/app_process(25146): Time zone APEX ICU file found: /apex/com.android.tzdata/etc/icu/icu_tzdata.dat
05-27 03:03:03.174 D/app_process(25146): I18n APEX ICU file found: /apex/com.android.i18n/etc/icu/icudt72l.dat
05-27 03:03:03.176 D/nativeloader(25146): Load libjavacore.so using APEX ns com_android_art for caller /apex/com.android.art/javalib/core-oj.jar: ok
05-27 03:03:03.177 D/nativeloader(25146): Load libopenjdk.so using APEX ns com_android_art for caller /apex/com.android.art/javalib/core-oj.jar: ok
05-27 03:03:03.178 I/app_process(25146): Priority-to-niceness mapping: 19, 16, 13, 10, 0, -2, -4, -5, -6, -8
05-27 03:03:03.184 W/libc    (25146): Access denied finding property "ro.product.name_for_attestation"
05-27 03:03:03.184 W/libc    (25146): Access denied finding property "ro.product.brand_for_attestation"
05-27 03:03:03.184 W/libc    (25146): Access denied finding property "ro.product.model_for_attestation"
05-27 03:03:03.183 W/main    (25146): type=1400 audit(0.0:481952): avc:  denied  { read } for  name="u:object_r:build_attestation_prop:s0" dev="tmpfs" ino=112 scontext=u:r:shell:s0 tcontext=u:object_r:build_attestation_prop:s0 tclass=file permissive=0 app=com.csam.icici.bank.imobile
05-27 03:03:03.183 W/main    (25146): type=1400 audit(0.0:481953): avc:  denied  { read } for  name="u:object_r:build_attestation_prop:s0" dev="tmpfs" ino=112 scontext=u:r:shell:s0 tcontext=u:object_r:build_attestation_prop:s0 tclass=file permissive=0 app=com.csam.icici.bank.imobile
05-27 03:03:03.183 W/main    (25146): type=1400 audit(0.0:481954): avc:  denied  { read } for  name="u:object_r:build_attestation_prop:s0" dev="tmpfs" ino=112 scontext=u:r:shell:s0 tcontext=u:object_r:build_attestation_prop:s0 tclass=file permissive=0 app=com.csam.icici.bank.imobile
05-27 03:03:03.204 D/nativeloader(25146): Load libframework-connectivity-tiramisu-jni.so using APEX ns com_android_tethering for caller /apex/com.android.tethering/javalib/framework-connectivity-t.jar: ok
05-27 03:03:03.205 D/AndroidRuntime(25146): Calling main entry com.android.commands.uiautomator.Launcher
05-27 03:03:03.208 D/UiAutomationConnection(25146): Created on user UserHandle{0}
05-27 03:03:03.208 I/UiAutomation(25146): Initialized for user 0 on display 0
05-27 03:03:03.208 W/UiAutomation(25146): Created with deprecatead constructor, assumes DEFAULT_DISPLAY
05-27 03:03:03.210 D/AccessibilityManagerService( 3077): changeCurrentUserForTestAutomationIfNeededLocked(0): ignoring because device doesn't support visible background users
05-27 03:03:03.210 I/UiAutomationManager( 3077): Registering UiTestAutomationService (id=com.android.server.accessibility/UiAutomation) when called by user 0
05-27 03:03:03.213 W/WindowMagnificationMgr( 3077): requestConnection duplicated request: connect=false, mConnectionState=DISCONNECTED
05-27 03:03:03.217 W/WindowMagnificationMgr( 3077): requestConnection duplicated request: connect=false, mConnectionState=DISCONNECTED
05-27 03:03:03.232 D/BatterySaverPolicy( 3077): accessibility changed to true, updating policy.
05-27 03:03:03.577 I/LogSync (18746): 计时器 超时了 commandType=103
05-27 03:03:03.578 I/LogSync (18746): 指令 103 超时了 2 次
05-27 03:03:03.582 E/LogUtils(18746): 释放
05-27 03:03:03.583 I/LogUtils(18746): countDownLatch count =0
05-27 03:03:03.583 I/LogSync (18746): homepage result = true,status = 131
05-27 03:03:03.583 I/LogSync (18746): 计时器 关闭 commandType=103
05-27 03:03:03.586 I/LogSync (18746): 没有待执行的指令
05-27 03:03:04.073 D/MotoSxfService( 3077): unknown touch type
05-27 03:03:04.235 W/uiautomator(25146): type=1400 audit(0.0:481955): avc:  denied  { read } for  name="u:object_r:qemu_sf_lcd_density_prop:s0" dev="tmpfs" ino=312 scontext=u:r:shell:s0 tcontext=u:object_r:qemu_sf_lcd_density_prop:s0 tclass=file permissive=0 app=com.csam.icici.bank.imobile
05-27 03:03:04.235 W/uiautomator(25146): type=1400 audit(0.0:481956): avc:  denied  { read } for  name="u:object_r:qemu_sf_lcd_density_prop:s0" dev="tmpfs" ino=312 scontext=u:r:shell:s0 tcontext=u:object_r:qemu_sf_lcd_density_prop:s0 tclass=file permissive=0 app=com.csam.icici.bank.imobile
05-27 03:03:04.237 W/libc    (25146): Access denied finding property "qemu.sf.lcd_density"
05-27 03:03:04.245 W/MediaProvider( 6229): isAppCloneUserPair for user 0: false
05-27 03:03:04.254 D/PowerManagerService( 3077): nativeAcquireSuspendBlocker name:PowerManagerService.WakeLocks duration ms: 2
05-27 03:03:04.269 D/ActivityManager( 3077): unfreezing ProcessRecord{91d1677 16834:com.google.android.gms/u0a192}, reason = shouldNotFreeze_service_1: ProcessRecord{6a3b03b 26027:com.google.android.gms.persistent/u0a192}, adj = 0, adjType = exec-service, adjSource = null
05-27 03:03:04.271 D/ActivityManager( 3077): sync unfroze 16834 com.google.android.gms for 6
05-27 03:03:04.271 W/ProcessStats( 3077): Tracking association SourceState{39ae854 com.google.android.gms.persistent/10192 ImpBg #2598630} whose proc state 6 is better than process ProcessState{8ed82b5 com.google.android.gms/10192 pkg=com.google.android.gms} proc state 14 (2 skipped)
05-27 03:03:04.285 I/NetworkScheduler.Stats(26027): (REDACTED) Task %s/%s started execution. cause:%s exec_start_elapsed_seconds: %s
05-27 03:03:04.291 D/PowerManagerService( 3077): nativeReleaseSuspendBlocker name:PowerManagerService.WakeLocks duration ms: 0
05-27 03:03:04.294 D/PowerManagerService( 3077): nativeAcquireSuspendBlocker name:PowerManagerService.WakeLocks duration ms: 2
05-27 03:03:04.295 I/NetworkScheduler.Stats(26027): (REDACTED) Task %s/%s finished executing. cause:%s result: %s elapsed_millis: %s uptime_millis: %s exec_start_elapsed_seconds: %s
05-27 03:03:04.298 D/PowerManagerService( 3077): nativeReleaseSuspendBlocker name:PowerManagerService.WakeLocks duration ms: 0
05-27 03:03:04.300 D/PowerManagerService( 3077): nativeAcquireSuspendBlocker name:PowerManagerService.WakeLocks duration ms: 1
05-27 03:03:04.302 I/cr_A11yState(23499): Enabled accessibility services list updated. []
05-27 03:03:04.303 I/cr_A11yState(23499): Informing listeners of changes.
05-27 03:03:04.303 I/cr_A11yState(23499): New AccessibilityState: State{isComplexUserInteractionServiceEnabled=false, isTouchExplorationEnabled=false, isPerformGesturesEnabled=false, isAnyAccessibilityServiceEnabled=false, isAccessibilityToolPresent=false, isTextShowPasswordEnabled=true, isOnlyAutofillRunning=false, isOnlyPasswordManagersEnabled=false, isKnownScreenReaderEnabled=false}
05-27 03:03:04.325 I/NetworkScheduler.Stats(26027): (REDACTED) Task %s/%s started execution. cause:%s exec_start_elapsed_seconds: %s
05-27 03:03:04.383 W/AccessibilityNodeInfoDumper(25146): Fetch time: 144ms
05-27 03:03:04.384 W/WindowMagnificationMgr( 3077): requestConnection duplicated request: connect=false, mConnectionState=DISCONNECTED
05-27 03:03:04.385 D/AccessibilityManagerService( 3077): restoreCurrentUserForTestAutomationIfNeededLocked(): ignoring because device doesn't support visible background users
05-27 03:03:04.386 D/AndroidRuntime(25146): Shutting down VM
05-27 03:03:04.395 D/BatterySaverPolicy( 3077): accessibility changed to false, updating policy.
05-27 03:03:04.430 D/BoundBrokerSvc(26027): onUnbind: Intent { act=com.google.android.gms.play.integrity.api.service.IntegrityApiDisplayListenerApiService.START dat=chimera-action:/... cmp=com.google.android.gms/.chimera.PersistentApiServiceNoInstantApps }
05-27 03:03:04.504 I/CCTUploader(26027): Failed to get auth token for log sources [[CHIME]] because the account doesn't exist on the device.
05-27 03:03:04.681 D/StatusBarIconController( 7709): ignoring old pipeline callbacks, because the new mobile icons are enabled
05-27 03:03:04.849 E/minksocket( 1748): MinkIPC_QRTR_Service: client with node 1 port 6b95 went down
05-27 03:03:04.850 E/minksocket( 1748): MinkIPC_QRTR_Service: client with node 1 port 6b96 went down
05-27 03:03:04.851 E/minksocket( 1748): MinkIPC_QRTR_Service: client with node 1 port 6b97 went down
05-27 03:03:04.853 E/minksocket( 1748): MinkIPC_QRTR_Service: client with node 1 port 6b99 went down
05-27 03:03:04.854 E/minksocket( 1748): MinkIPC_QRTR_Service: client with node 1 port 6b9a went down
05-27 03:03:04.855 E/minksocket( 1748): MinkIPC_QRTR_Service: client with node 1 port 6b9b went down
05-27 03:03:05.057 E/minksocket( 1748): MinkIPC_QRTR_Service: client with node 1 port 6b9d went down
05-27 03:03:05.057 E/minksocket( 1748): MinkIPC_QRTR_Service: client with node 1 port 6b9e went down
05-27 03:03:05.058 E/minksocket( 1748): MinkIPC_QRTR_Service: client with node 1 port 6b9f went down
05-27 03:03:05.059 E/minksocket( 1748): MinkIPC_QRTR_Service: client with node 1 port 6ba0 went down
05-27 03:03:05.443 I/CCTUploader(26027): Failed to get auth token for log sources [[CHIME]] because the account doesn't exist on the device.
05-27 03:03:05.446 I/CCTUploader(26027): Failed to get auth token for log sources [[CHIME]] because the account doesn't exist on the device.
05-27 03:03:05.683 D/TelephonyManager( 4090): requestModemActivityInfo: Sending result to app: ModemActivityInfo{ mTimestamp=1653974831 mSleepTimeMs=1230200851 mIdleTimeMs=15022505 mActivityStatsTechSpecificInfo=[{mRat=UNKNOWN,mFrequencyRange=UNKNOWN,mTxTimeMs[]=[6842854, 5317144, 4912580, 3874837, 3984554],mRxTimeMs=383822694}]}
05-27 03:03:05.815 I/CCTUploader(26027): Failed to get auth token for log sources [[CHIME]] because the account doesn't exist on the device.
05-27 03:03:05.818 I/CCTUploader(26027): Failed to get auth token for log sources [[CHIME]] because the account doesn't exist on the device.
05-27 03:03:05.820 I/CCTUploader(26027): Failed to get auth token for log sources [[GMAIL_COUNTERS, ANDROID_GMAIL]] because the account doesn't exist on the device.
05-27 03:03:05.822 I/CCTUploader(26027): Failed to get auth token for log sources [[CHIME]] because the account doesn't exist on the device.
05-27 03:03:05.824 I/CCTUploader(26027): Failed to get auth token for log sources [[CHIME]] because the account doesn't exist on the device.
05-27 03:03:05.825 I/MediaProvider( 6229): Deleted 0 0 0 0 0 0 1 items on external_primary due to com.android.shell
05-27 03:03:06.113 I/CCTUploader(26027): Failed to get auth token for log sources [[CHIME]] because the account doesn't exist on the device.
05-27 03:03:06.123 I/CCTUploader(26027): Failed to get auth token for log sources [[CHIME]] because the account doesn't exist on the device.
05-27 03:03:06.157 E/minksocket( 1748): MinkIPC_QRTR_Service: client with node 1 port 6ba1 went down
05-27 03:03:06.158 E/minksocket( 1748): MinkIPC_QRTR_Service: client with node 1 port 6ba2 went down
05-27 03:03:06.158 E/minksocket( 1748): MinkIPC_QRTR_Service: client with node 1 port 6ba3 went down
05-27 03:03:06.160 E/minksocket( 1748): MinkIPC_QRTR_Service: client with node 1 port 6ba4 went down
