05-27 03:00:50.464 I/ThermalEngine(29098): Monitor:ACTIVE:OVERRIDE-CHG:internal_override=1:DETECT-STANDBY=1
05-27 03:00:50.464 I/ThermalEngine(29098): ACTION: override_c - Setting override_c to 1
05-27 03:00:50.464 I/ThermalEngine(29098): Thermal-Server: Thermal received msg from  freezing
05-27 03:00:50.465 I/Thermal-Lib(29098): Thermal-Lib-Client: Client request sent
05-27 03:00:50.465 I/Thermal-Lib(29098): Thermal-Lib-Client: Client request sent
05-27 03:00:50.466 I/ThermalEngine(29098): Thermal-Server: Thermal received msg from  override_c
05-27 03:00:50.478 E/minksocket( 1748): MinkIPC_QRTR_Service: client with node 1 port 6a53 went down
05-27 03:00:50.479 E/minksocket( 1748): MinkIPC_QRTR_Service: client with node 1 port 6a57 went down
05-27 03:00:50.682 I/GrantPermissionsViewModel(11721): Logged buttons presented and clicked permissionGroupName=android.permission-group.MICROPHONE uid=10521 package=com.deepeye.musicpro.debug presentedButtons=44 clickedButton=4 isPermissionRationaleShown=false sessionId=989736756559509275 targetSdk=34 prompt=ONE_TIME_FG initialLocationPrecision=0 selectedLocationPrecision=0 locationAccuracyButtonClicked= false
05-27 03:00:50.686 I/ekwx    (14205): (REDACTED) HDM. appOpsListener %s %s
05-27 03:00:50.687 I/ekwx    (14205): (REDACTED) HDM. Ignoring irrelevant audio permission changes for package %s
05-27 03:00:50.688 D/PowerManagerService( 3077): nativeAcquireSuspendBlocker name:PowerManagerService.WakeLocks duration ms: 3
05-27 03:00:50.688 D/PowerManagerService( 3077): nativeReleaseSuspendBlocker name:PowerManagerService.WakeLocks duration ms: 0
05-27 03:00:50.688 D/VRI[GrantPermissionsActivity](11721): update {(0,0)(wrapxwrap) gr=CENTER sim={state=always_hidden adjust=nothing} ty=BASE_APPLICATION fmt=TRANSPARENT wanim=0x10302ff
05-27 03:00:50.688 D/VRI[GrantPermissionsActivity](11721):   fl=DIM_BEHIND SPLIT_TOUCH HARDWARE_ACCELERATED
05-27 03:00:50.688 D/VRI[GrantPermissionsActivity](11721):   pfl=HIDE_NON_SYSTEM_OVERLAY_WINDOWS
05-27 03:00:50.688 D/VRI[GrantPermissionsActivity](11721):   bhv=DEFAULT
05-27 03:00:50.688 D/VRI[GrantPermissionsActivity](11721):   fitTypes=STATUS_BARS NAVIGATION_BARS CAPTION_BAR} by setLayoutParams
05-27 03:00:50.691 D/VRI[GrantPermissionsActivity](11721): update {(0,0)(wrapxwrap) gr=CENTER sim={state=always_hidden adjust=nothing} ty=BASE_APPLICATION fmt=TRANSPARENT wanim=0x10302ff
05-27 03:00:50.691 D/VRI[GrantPermissionsActivity](11721):   fl=DIM_BEHIND SPLIT_TOUCH HARDWARE_ACCELERATED
05-27 03:00:50.691 D/VRI[GrantPermissionsActivity](11721):   pfl=HIDE_NON_SYSTEM_OVERLAY_WINDOWS
05-27 03:00:50.691 D/VRI[GrantPermissionsActivity](11721):   bhv=DEFAULT
05-27 03:00:50.691 D/VRI[GrantPermissionsActivity](11721):   fitTypes=STATUS_BARS NAVIGATION_BARS CAPTION_BAR} by setLayoutParams
05-27 03:00:50.691 D/PowerManagerService( 3077): nativeAcquireSuspendBlocker name:PowerManagerService.WakeLocks duration ms: 2
05-27 03:00:50.692 D/HealthConnectTrackerManagerImpl( 3077): No packages eligible for step tracking. Aborting initialization.
05-27 03:00:50.693 D/PowerManagerService( 3077): nativeReleaseSuspendBlocker name:PowerManagerService.WakeLocks duration ms: 1
05-27 03:00:50.694 D/HealthConnectTrackerManagerImpl( 3077): No packages eligible for step tracking. Aborting initialization.
05-27 03:00:50.698 D/Surface (11721): Surface::disconnect
05-27 03:00:50.698 D/BufferQueueProducer(11721): [VRI[GrantPermissionsActivity]#0(BLAST Consumer)0](id:2dc900000000,api:1,p:11721,c:11721) disconnect: api 1
05-27 03:00:50.698 E/OpenGLRenderer(11721): Unable to match the desired swap behavior.
05-27 03:00:50.708 D/ActivityManager( 3077): freezing 17524 com.jio.myjio, reason = oom_cached
05-27 03:00:50.735 D/ActivityManager( 3077): freezing 21467 android.process.media, reason = oom_cached
05-27 03:00:50.981 E/minksocket( 1748): MinkIPC_QRTR_Service: client with node 1 port 6a5c went down
05-27 03:00:50.982 E/minksocket( 1748): MinkIPC_QRTR_Service: client with node 1 port 6a5d went down
05-27 03:00:50.984 E/minksocket( 1748): MinkIPC_QRTR_Service: client with node 1 port 6a5e went down
05-27 03:00:50.984 D/ActivityManager( 3077): freezing 22990 com.motorola.spaces, reason = oom_cached
05-27 03:00:50.984 E/minksocket( 1748): MinkIPC_QRTR_Service: client with node 1 port 6a5f went down
05-27 03:00:51.007 D/CompatibilityChangeReporter( 3077): Compat change id reported: 135634846; UID 10255; state: DISABLED
05-27 03:00:51.007 D/CompatibilityChangeReporter( 3077): Compat change id reported: 177438394; UID 10255; state: DISABLED
05-27 03:00:51.007 D/CompatibilityChangeReporter( 3077): Compat change id reported: 135772972; UID 10255; state: DISABLED
05-27 03:00:51.008 D/CompatibilityChangeReporter( 3077): Compat change id reported: 135754954; UID 10255; state: ENABLED
05-27 03:00:51.008 D/CompatibilityChangeReporter( 3077): Compat change id reported: 143937733; UID 10255; state: ENABLED
05-27 03:00:51.021 D/Zygote  ( 1604): Forked child process 23660
05-27 03:00:51.022 I/ActivityManager( 3077): Start proc 23660:com.google.android.webview:webview_service/u0a255 for service {com.google.android.webview/org.chromium.android_webview.services.VariationsSeedServer}
05-27 03:00:51.046 I/webview_service(23660): Using CollectorTypeCMC GC.
05-27 03:00:51.051 D/nativeloader(23660): Load libframework-connectivity-tiramisu-jni.so using APEX ns com_android_tethering for caller /apex/com.android.tethering/javalib/framework-connectivity-t.jar: ok
05-27 03:00:51.058 D/CompatibilityChangeReporter( 3077): Compat change id reported: 168419799; UID 10255; state: DISABLED
05-27 03:00:51.058 D/CompatibilityChangeReporter( 3077): Compat change id reported: 273564678; UID 10255; state: DISABLED
05-27 03:00:51.061 D/CompatibilityChangeReporter( 3077): Compat change id reported: 265195908; UID 10255; state: ENABLED
05-27 03:00:51.062 D/CompatibilityChangeReporter(23660): Compat change id reported: 171979766; UID 10255; state: ENABLED
05-27 03:00:51.062 D/CompatibilityChangeReporter(23660): Compat change id reported: 242716250; UID 10255; state: ENABLED
05-27 03:00:51.064 D/CompatibilityChangeReporter( 3077): Compat change id reported: 170503758; UID 10255; state: ENABLED
05-27 03:00:51.066 D/ApplicationLoaders(23660): Returning zygote-cached class loader: /system/framework/android.test.base.jar
05-27 03:00:51.068 I/ThermalEngine(29098): ACTION: CPU - Setting CPU[7] to 8
05-27 03:00:51.070 D/nativeloader(23660): Configuring clns-4 for other apk /data/app/~~xPwWNV70PBVC9Od97fy6Tg==/com.google.android.webview-xEUrP01-z-K6FKEJccuF6g==/base.apk. target_sdk_version=36, uses_libraries=, library_path=/data/app/~~xPwWNV70PBVC9Od97fy6Tg==/com.google.android.webview-xEUrP01-z-K6FKEJccuF6g==/lib/arm64:/data/app/~~xPwWNV70PBVC9Od97fy6Tg==/com.google.android.webview-xEUrP01-z-K6FKEJccuF6g==/base.apk!/lib/arm64-v8a, permitted_path=/data:/mnt/expand:/data/user/0/com.google.android.webview
05-27 03:00:51.074 D/nativeloader(23660): Load libframework-connectivity-jni.so using APEX ns com_android_tethering for caller /apex/com.android.tethering/javalib/framework-connectivity.jar: ok
05-27 03:00:51.078 V/GraphicsEnvironment(23660): Currently set values for:
05-27 03:00:51.078 V/GraphicsEnvironment(23660):   angle_gl_driver_selection_pkgs=[]
05-27 03:00:51.078 V/GraphicsEnvironment(23660):   angle_gl_driver_selection_values=[]
05-27 03:00:51.078 V/GraphicsEnvironment(23660): ANGLE GameManagerService for com.google.android.webview: false
05-27 03:00:51.078 V/GraphicsEnvironment(23660): com.google.android.webview is not listed in per-application setting
05-27 03:00:51.078 V/GraphicsEnvironment(23660): Updatable production driver is not supported on the device.
05-27 03:00:51.081 I/cr_WebViewApkApp(23660): version=148.0.7778.120 (777812003) minSdkVersion=29 processName=com.google.android.webview:webview_service splits=<none>
05-27 03:00:51.090 D/CompatibilityChangeReporter( 3077): Compat change id reported: 261072174; UID 10255; state: ENABLED
05-27 03:00:51.090 D/ActivityManager( 3077): freezing 22936 com.google.android.videos, reason = oom_cached
05-27 03:00:51.091 I/Typeface(23660): updateThemeFont new=Rookery-Regular;old=sans-serif;new=Rookery-Stacked;old=
05-27 03:00:51.092 I/ActivityManager( 3077): Flag disabled. Ignoring finishAttachApplication from uid: 10255. pid: 23660
05-27 03:00:51.157 I/vendor.qti.bluetooth@1.0-ibs_handler( 1758): DeviceSleep: TX Awake, Sending SLEEP_IND
05-27 03:00:51.158 D/vendor.qti.bluetooth@1.0-ibs_handler( 1758): SerialClockVote: vote for UART CLK OFF
05-27 03:00:51.264 D/CompatibilityChangeReporter(22881): Compat change id reported: 150939131; UID 10124; state: ENABLED
05-27 03:00:51.284 I/ActivityManager( 3077): Killing 14335:com.android.vending:instant_app_installer/u0a207 (adj 935, setSvc -10000): empty #31
05-27 03:00:51.291 I/libprocessgroup( 3077): Successfully killed process cgroup uid 10207 pid 14335 in 5ms
05-27 03:00:51.308 D/vendor.qti.bluetooth@1.0-wake_lock( 1758): Release wakelock is released 
05-27 03:00:51.334 I/GrantPermissionsViewModel(11721): Logged buttons presented and clicked permissionGroupName=android.permission-group.NOTIFICATIONS uid=10521 package=com.deepeye.musicpro.debug presentedButtons=9 clickedButton=1 isPermissionRationaleShown=false sessionId=989736756559509275 targetSdk=34 prompt=BASIC initialLocationPrecision=0 selectedLocationPrecision=0 locationAccuracyButtonClicked= false
05-27 03:00:51.338 I/ActivityManager( 3077): appDiedLocked: app=ProcessRecord{3b7a54e 14335:com.android.vending:instant_app_installer/u0a207} thread=android.os.BinderProxy@bbc0047 fromBinderDied=true isKilledByAm=true reason=null
05-27 03:00:51.340 I/Zygote  ( 1604): Process 14335 exited due to signal 9 (Killed)
05-27 03:00:51.340 D/ConnectivityService( 3077): releasing NetworkRequest [ REQUEST id=53096, [ Capabilities: INTERNET&NOT_RESTRICTED&TRUSTED&NOT_VCN_MANAGED Uid: 10207 RequestorUid: 10207 RequestorPkg: com.android.vending UnderlyingNetworks: Null] ] (release request)
05-27 03:00:51.341 I/GrantPermissionsViewModel(11721): Permission grant result requestId=989736756559509275 callingUid=10521 callingPackage=com.deepeye.musicpro.debug permission=android.permission.POST_NOTIFICATIONS isImplicit=false result=4 isPermissionRationaleShown=falseisPackageRestrictedByEnhancedConfirmation=false
05-27 03:00:51.342 D/PowerManagerService( 3077): nativeAcquireSuspendBlocker name:PowerManagerService.WakeLocks duration ms: 4
05-27 03:00:51.342 D/BoundBrokerSvc(26027): onUnbind: Intent { act=com.google.android.gms.instantapps.START pkg=com.google.android.gms }
05-27 03:00:51.343 D/RestartModeController( 3077): markWaitRestartAppIsSuicided null processName=com.android.vending:instant_app_installer
05-27 03:00:51.343 D/VRI[GrantPermissionsActivity](11721): update {(0,0)(wrapxwrap) gr=CENTER sim={state=always_hidden adjust=nothing} ty=BASE_APPLICATION fmt=TRANSPARENT wanim=0x10302ff
05-27 03:00:51.343 D/VRI[GrantPermissionsActivity](11721):   fl=DIM_BEHIND SPLIT_TOUCH HARDWARE_ACCELERATED
05-27 03:00:51.343 D/VRI[GrantPermissionsActivity](11721):   pfl=HIDE_NON_SYSTEM_OVERLAY_WINDOWS
05-27 03:00:51.343 D/VRI[GrantPermissionsActivity](11721):   bhv=DEFAULT
05-27 03:00:51.343 D/VRI[GrantPermissionsActivity](11721):   fitTypes=STATUS_BARS NAVIGATION_BARS CAPTION_BAR} by setLayoutParams
05-27 03:00:51.344 D/ActivityTaskManager( 3077): handleAppDied: uid=10207,diedCount=1,lastDiedTime=1170765425,forceStopUids=false
05-27 03:00:51.344 D/PowerManagerService( 3077): nativeReleaseSuspendBlocker name:PowerManagerService.WakeLocks duration ms: 1
05-27 03:00:51.345 D/VRI[GrantPermissionsActivity](11721): update {(0,0)(wrapxwrap) gr=CENTER sim={state=always_hidden adjust=nothing} ty=BASE_APPLICATION fmt=TRANSPARENT wanim=0x10302ff
05-27 03:00:51.345 D/VRI[GrantPermissionsActivity](11721):   fl=DIM_BEHIND SPLIT_TOUCH HARDWARE_ACCELERATED
05-27 03:00:51.345 D/VRI[GrantPermissionsActivity](11721):   pfl=HIDE_NON_SYSTEM_OVERLAY_WINDOWS
05-27 03:00:51.345 D/VRI[GrantPermissionsActivity](11721):   bhv=DEFAULT
05-27 03:00:51.345 D/VRI[GrantPermissionsActivity](11721):   fitTypes=STATUS_BARS NAVIGATION_BARS CAPTION_BAR} by setLayoutParams
05-27 03:00:51.346 D/PowerManagerService( 3077): nativeAcquireSuspendBlocker name:PowerManagerService.WakeLocks duration ms: 1
05-27 03:00:51.347 D/PowerManagerService( 3077): nativeReleaseSuspendBlocker name:PowerManagerService.WakeLocks duration ms: 0
05-27 03:00:51.352 D/HealthConnectTrackerManagerImpl( 3077): No packages eligible for step tracking. Aborting initialization.
05-27 03:00:51.354 D/HealthConnectTrackerManagerImpl( 3077): No packages eligible for step tracking. Aborting initialization.
05-27 03:00:51.412 E/GoogleApiManager(22965): Failed to get service from broker. 
05-27 03:00:51.412 E/GoogleApiManager(22965): java.lang.SecurityException: Unknown calling package name 'com.google.android.gms'.
05-27 03:00:51.412 E/GoogleApiManager(22965): 	at android.os.Parcel.createExceptionOrNull(Parcel.java:3079)
05-27 03:00:51.412 E/GoogleApiManager(22965): 	at android.os.Parcel.createException(Parcel.java:3063)
05-27 03:00:51.412 E/GoogleApiManager(22965): 	at android.os.Parcel.readException(Parcel.java:3046)
05-27 03:00:51.412 E/GoogleApiManager(22965): 	at android.os.Parcel.readException(Parcel.java:2988)
05-27 03:00:51.412 E/GoogleApiManager(22965): 	at bioy.a(:com.google.android.gms@261833029@26.18.33 (190400-913931251):36)
05-27 03:00:51.412 E/GoogleApiManager(22965): 	at bimu.z(:com.google.android.gms@261833029@26.18.33 (190400-913931251):143)
05-27 03:00:51.412 E/GoogleApiManager(22965): 	at bhso.run(:com.google.android.gms@261833029@26.18.33 (190400-913931251):42)
05-27 03:00:51.412 E/GoogleApiManager(22965): 	at android.os.Handler.handleCallback(Handler.java:1000)
05-27 03:00:51.412 E/GoogleApiManager(22965): 	at android.os.Handler.dispatchMessage(Handler.java:104)
05-27 03:00:51.412 E/GoogleApiManager(22965): 	at cyek.mP(:com.google.android.gms@261833029@26.18.33 (190400-913931251):1)
05-27 03:00:51.412 E/GoogleApiManager(22965): 	at cyek.dispatchMessage(:com.google.android.gms@261833029@26.18.33 (190400-913931251):5)
05-27 03:00:51.412 E/GoogleApiManager(22965): 	at android.os.Looper.loopOnce(Looper.java:242)
05-27 03:00:51.412 E/GoogleApiManager(22965): 	at android.os.Looper.loop(Looper.java:362)
05-27 03:00:51.412 E/GoogleApiManager(22965): 	at android.os.HandlerThread.run(HandlerThread.java:85)
05-27 03:00:51.413 W/GoogleApiManager(22965): Not showing notification since connectionResult is not user-facing: ConnectionResult{statusCode=DEVELOPER_ERROR, resolution=null, message=null, clientMethodKey=null}
05-27 03:00:51.465 I/ThermalEngine(29098): ACTION: freeze_rule - Setting freeze_rule to 0
05-27 03:00:51.465 I/ThermalEngine(29098): Monitor:INACTIVE:FREEZE-CHG:freeze_rule=1:DETECT-STANDBY=0
05-27 03:00:51.465 I/ThermalEngine(29098): ACTION: override_c - Setting override_c to 0
05-27 03:00:51.465 I/ThermalEngine(29098): Monitor:INACTIVE:OVERRIDE-CHG:internal_override=1:DETECT-STANDBY=0
05-27 03:00:51.466 I/ThermalEngine(29098): Thermal-Server: Thermal received msg from  freezing
05-27 03:00:51.466 I/Thermal-Lib(29098): Thermal-Lib-Client: Client request sent
05-27 03:00:51.466 I/ThermalEngine(29098): Thermal-Server: Thermal received msg from  override_c
05-27 03:00:51.466 I/Thermal-Lib(29098): Thermal-Lib-Client: Client request sent
05-27 03:00:51.468 I/ThermalEngine(29098): Monitor:ACTIVE:MON-MSM-charge:battery=6:CHG-SENSORS=42745
05-27 03:00:51.909 I/GrantPermissionsViewModel(11721): Logged buttons presented and clicked permissionGroupName=android.permission-group.READ_MEDIA_AURAL uid=10521 package=com.deepeye.musicpro.debug presentedButtons=9 clickedButton=1 isPermissionRationaleShown=false sessionId=989736756559509275 targetSdk=34 prompt=BASIC initialLocationPrecision=0 selectedLocationPrecision=0 locationAccuracyButtonClicked= false
05-27 03:00:51.914 I/GrantPermissionsViewModel(11721): Permission grant result requestId=989736756559509275 callingUid=10521 callingPackage=com.deepeye.musicpro.debug permission=android.permission.READ_MEDIA_AUDIO isImplicit=false result=4 isPermissionRationaleShown=falseisPackageRestrictedByEnhancedConfirmation=false
05-27 03:00:51.915 D/PowerManagerService( 3077): nativeAcquireSuspendBlocker name:PowerManagerService.WakeLocks duration ms: 4
05-27 03:00:51.916 D/RestartModeController( 3077): determineRescueAppAfterAppFinishItself@1 null pkgName=com.google.android.permissioncontroller
05-27 03:00:51.917 D/ActivityTrigger( 3077): ActivityTrigger activityPauseTrigger 
05-27 03:00:51.917 D/CompatibilityChangeReporter( 3077): Compat change id reported: 197654537; UID 10521; state: ENABLED
05-27 03:00:51.918 V/WindowManagerShell( 7709): Transition requested: android.os.BinderProxy@e1724ab TransitionRequestInfo { type = 2, triggerTask = null, remoteTransition = null, displayChange = null, flags = 0 }
05-27 03:00:51.920 D/HealthConnectTrackerManagerImpl( 3077): No packages eligible for step tracking. Aborting initialization.
05-27 03:00:51.921 D/HealthConnectTrackerManagerImpl( 3077): No packages eligible for step tracking. Aborting initialization.
05-27 03:00:51.927 D/MediaGrants( 6229): Removed 0 media_grants for 0 user for [com.deepeye.musicpro.debug]. Reason: Mode changed: android:read_external_storage
05-27 03:00:51.934 D/CompatibilityChangeReporter(23499): Compat change id reported: 78294732; UID 10521; state: ENABLED
05-27 03:00:51.937 D/VRI[MainActivity](23499): update {(0,0)(fillxfill) sim={adjust=pan} layoutInDisplayCutoutMode=always ty=BASE_APPLICATION wanim=0x10302fe
05-27 03:00:51.937 D/VRI[MainActivity](23499):   fl=LAYOUT_IN_SCREEN LAYOUT_INSET_DECOR SPLIT_TOUCH HARDWARE_ACCELERATED DRAWS_SYSTEM_BAR_BACKGROUNDS
05-27 03:00:51.937 D/VRI[MainActivity](23499):   pfl=NO_MOVE_ANIMATION FORCE_DRAW_STATUS_BAR_BACKGROUND USE_BLAST APPEARANCE_CONTROLLED FIT_INSETS_CONTROLLED
05-27 03:00:51.937 D/VRI[MainActivity](23499):   vsysui=LAYOUT_STABLE
05-27 03:00:51.937 D/VRI[MainActivity](23499):   bhv=DEFAULT
05-27 03:00:51.937 D/VRI[MainActivity](23499):   fitSides=} by setLayoutParams
05-27 03:00:51.938 V/WindowManager( 3077): Sent Transition #7404 createdAt=05-27 03:00:51.916 via request=TransitionRequestInfo { type = 2, triggerTask = null, remoteTransition = null, displayChange = null, flags = 0 }
05-27 03:00:51.938 V/WindowManager( 3077):     startWCT=WindowContainerTransaction { changes = {} hops = [] errorCallbackToken=null taskFragmentOrganizer=null }
05-27 03:00:51.938 V/WindowManager( 3077):     info={id=7404 t=CLOSE f=0x0 trk=0 r=[0@Point(0, 0)] c=[{null m=CLOSE f=TRANSLUCENT|FILLS_TASK leash=Surface(name=ActivityRecord{11ccc7b u0 com.google.android.permissioncontroller/com.android.permissioncontroller.permission.ui.GrantPermissionsActivity)/@0xa1118be sb=Rect(0, 0 - 1080, 2400) eb=Rect(0, 0 - 1080, 2400) d=0}]}
05-27 03:00:51.939 V/WindowManagerShell( 7709): onTransitionReady android.os.BinderProxy@e1724ab: {id=7404 t=CLOSE f=0x0 trk=0 r=[0@Point(0, 0)] c=[{null m=CLOSE f=TRANSLUCENT|FILLS_TASK leash=Surface(name=ActivityRecord{11ccc7b u0 com.google.android.permissioncontroller/com.android.permissioncontroller.permission.ui.GrantPermissionsActivity)/@0x448e708 sb=Rect(0, 0 - 1080, 2400) eb=Rect(0, 0 - 1080, 2400) d=0}]}
05-27 03:00:51.939 V/WindowManagerShell( 7709): Playing animation for (#7404)android.os.BinderProxy@e1724ab@0
05-27 03:00:51.939 V/WindowManagerShell( 7709):  try handler com.android.wm.shell.transition.DefaultMixedHandler@a24dff4
05-27 03:00:51.939 V/WindowManagerShell( 7709):  try handler com.android.wm.shell.keyguard.KeyguardTransitionHandler@8a7e31d
05-27 03:00:51.939 V/WindowManagerShell( 7709):  try handler com.android.wm.shell.activityembedding.ActivityEmbeddingController@c1cb992
05-27 03:00:51.939 V/WindowManagerShell( 7709):  try handler com.android.wm.shell.recents.RecentsTransitionHandler@1b1af63
05-27 03:00:51.939 V/ShellRecents( 7709): RecentsTransitionHandler.startAnimation: no controller found
05-27 03:00:51.939 V/WindowManagerShell( 7709):  try handler com.android.wm.shell.pip.PipTransition@5aa0760
05-27 03:00:51.939 V/WindowManagerShell( 7709):  try handler com.android.wm.shell.splitscreen.StageCoordinator@be49419
05-27 03:00:51.939 V/WindowManagerShell( 7709):  try handler com.android.wm.shell.transition.RemoteTransitionHandler@9c8dcde
05-27 03:00:51.939 V/WindowManagerShell( 7709): Transition doesn't have explicit remote, search filters for match for {id=7404 t=CLOSE f=0x0 trk=0 r=[0@Point(0, 0)] c=[{null m=CLOSE f=TRANSLUCENT|FILLS_TASK leash=Surface(name=ActivityRecord{11ccc7b u0 com.google.android.permissioncontroller/com.android.permissioncontroller.permission.ui.GrantPermissionsActivity)/@0x448e708 sb=Rect(0, 0 - 1080, 2400) eb=Rect(0, 0 - 1080, 2400) d=0}]}
05-27 03:00:51.939 V/WindowManagerShell( 7709):  Checking filter Pair{{types=[] flags=0x0] notFlags=0x100 checks=[{atype=home independent=true modes=[OPEN,TO_FRONT] flags=NONE mustBeTask=false order=TOP topActivity=ComponentInfo{com.motorola.launcher3/com.android.launcher3.uioverrides.QuickstepLauncher}},{atype=standard independent=true modes=[CLOSE,TO_BACK] flags=NONE mustBeTask=false order=ANY topActivity=null}]} RemoteTransition { remoteTransition = android.window.IRemoteTransition$Stub$Proxy@cb754ae, appThread = android.app.IApplicationThread$Stub$Proxy@270424f, debugName = QuickstepLaunchHome }}
05-27 03:00:51.939 V/WindowManagerShell( 7709):  Delegate animation for #7404 to null
05-27 03:00:51.939 V/WindowManagerShell( 7709):  try handler com.android.wm.shell.transition.DefaultTransitionHandler@f85debf
05-27 03:00:51.939 V/WindowManagerShell( 7709): start default transition animation, info = {id=7404 t=CLOSE f=0x0 trk=0 r=[0@Point(0, 0)] c=[{null m=CLOSE f=TRANSLUCENT|FILLS_TASK leash=Surface(name=ActivityRecord{11ccc7b u0 com.google.android.permissioncontroller/com.android.permissioncontroller.permission.ui.GrantPermissionsActivity)/@0x448e708 sb=Rect(0, 0 - 1080, 2400) eb=Rect(0, 0 - 1080, 2400) d=0}]}
05-27 03:00:51.939 D/PowerManagerService( 3077): nativeReleaseSuspendBlocker name:PowerManagerService.WakeLocks duration ms: 1
05-27 03:00:51.940 V/WindowManagerShell( 7709): loadAnimation: anim=null animAttr=0x7 type=CLOSE isEntrance=false
05-27 03:00:51.940 V/WindowManagerShell( 7709): Transition animation finished (aborted=false), notifying core (#7404)android.os.BinderProxy@e1724ab@0
05-27 03:00:51.943 V/WindowManager( 3077): Finish Transition #7404: created at 05-27 03:00:51.916 collect-started=0.016ms request-sent=0.059ms started=10.054ms ready=17.548ms sent=21.018ms finished=26.681ms
05-27 03:00:51.948 V/WindowManagerShell( 7709): Track 0 became idle
05-27 03:00:51.948 V/WindowManagerShell( 7709): All active transition animations finished
05-27 03:00:51.948 V/WindowManagerShell( 7709):  animated by com.android.wm.shell.transition.DefaultTransitionHandler@f85debf
05-27 03:00:51.948 V/WindowManagerShell( 7709): Track 0 became idle
05-27 03:00:51.948 V/WindowManagerShell( 7709): All active transition animations finished
05-27 03:00:51.948 D/CompatibilityChangeReporter( 3077): Compat change id reported: 214016041; UID 10521; state: ENABLED
05-27 03:00:51.948 I/ImeTracker( 3077): com.deepeye.musicpro.debug:aaad5c0b: onRequestHide at ORIGIN_SERVER_HIDE_INPUT reason HIDE_UNSPECIFIED_WINDOW
05-27 03:00:51.948 I/ImeTracker( 3077): com.deepeye.musicpro.debug:aaad5c0b: onCancelled at PHASE_SERVER_SHOULD_HIDE
05-27 03:00:51.953 I/GoogleInputMethodService( 3757): GoogleInputMethodService.onFinishInput():2259 
05-27 03:00:51.954 I/Module  ( 3757): DeviceLockedStatusModuleProvider$Module.updateDeviceLockedStatusInternal():127 repeatCheckTimes = 0, locked = false
05-27 03:00:51.954 I/GoogleInputMethodService( 3757): GoogleInputMethodService.onStartInput():1446 onStartInput(EditorInfo{EditorInfo{packageName=com.deepeye.musicpro.debug, inputType=0, inputTypeString=NULL, enableLearning=false, autoCorrection=false, autoComplete=false, imeOptions=0, privateImeOptions=null, actionName=UNSPECIFIED, actionLabel=null, initialSelStart=-1, initialSelEnd=-1, initialCapsMode=0, label=null, fieldId=0, fieldName=null, extras=null, hintText=null, hintLocales=[]}}, false)
05-27 03:00:51.954 I/AndroidIME( 3757): LatinIMEBase.updateInputViewCoverNavigation():321 Update input view padding, isNavbarOverInputWindow=false, bottom inset=102
05-27 03:00:51.955 I/Module  ( 3757): DeviceLockedStatusModuleProvider$Module.updateDeviceLockedStatusInternal():127 repeatCheckTimes = 1, locked = false
05-27 03:00:51.955 W/PackageConfigPersister( 3077): App-specific configuration not found for packageName: com.deepeye.musicpro.debug and userId: 0
05-27 03:00:51.963 W/WindowOnBackDispatcher(11721): sendCancelIfRunning: isInProgress=falsecallback=android.view.ViewRootImpl$$ExternalSyntheticLambda17@4ab2145
05-27 03:00:51.963 D/CoreBackPreview( 3077): Window{ef1bdd1 u0 com.google.android.permissioncontroller/com.android.permissioncontroller.permission.ui.GrantPermissionsActivity}: Setting back callback null
05-27 03:00:51.963 D/Surface (11721): Surface::disconnect
05-27 03:00:51.963 D/BufferQueueProducer(11721): [VRI[GrantPermissionsActivity]#0(BLAST Consumer)0](id:2dc900000000,api:1,p:11721,c:11721) disconnect: api 1
05-27 03:00:51.964 W/InputManager-JNI( 3077): Input channel object 'ef1bdd1 com.google.android.permissioncontroller/com.android.permissioncontroller.permission.ui.GrantPermissionsActivity (client)' was disposed without first being removed with the input manager!
05-27 03:00:52.074 I/gle.android.gms(16834): Explicit concurrent mark compact GC freed 17MB AllocSpace bytes, 242(20MB) LOS objects, 75% free, 16MB/64MB, paused 372us,2.746ms total 165.388ms
05-27 03:00:52.081 I/ThermalEngine(29098): ACTION: CPU - Setting CPU[7] to 9
05-27 03:00:52.083 W/gle.android.gms(16834): ApkAssets: Deleting an ApkAssets object '<empty> and /system_ext/priv-app/Settings/Settings.apk' with 1 weak references
05-27 03:00:52.084 W/gle.android.gms(16834): ApkAssets: Deleting an ApkAssets object '/product/overlay/Settings__auto_generated_rro_product.apk' with 1 weak references
05-27 03:00:52.084 W/gle.android.gms(16834): ApkAssets: Deleting an ApkAssets object '/product/overlay/MotoSettingsGlobalOverlay.apk' with 1 weak references
05-27 03:00:52.085 W/gle.android.gms(16834): ApkAssets: Deleting an ApkAssets object '/product/overlay/MotoSettingsFPSSideOverlay.apk' with 1 weak references
05-27 03:00:52.085 W/gle.android.gms(16834): ApkAssets: Deleting an ApkAssets object '/product/overlay/MotoSettingsUsbWebcamOverlay.apk' with 1 weak references
05-27 03:00:52.085 W/gle.android.gms(16834): ApkAssets: Deleting an ApkAssets object '<empty> and /data/app/~~6HXRVioIns4kDTn5MtZtPg==/com.motorola.mobiledesktop-Ii3hjhxltCDsKFc5v3YbHQ==/base.apk' with 1 weak references
05-27 03:00:52.086 W/gle.android.gms(16834): ApkAssets: Deleting an ApkAssets object '<empty> and /data/app/~~9BvJTjjSLMJvhP8hnMwUzA==/com.deepeye.musicpro.debug-e99e71QWbpObi2nsGMolqw==/base.apk' with 1 weak references
05-27 03:00:52.093 E/minksocket( 1748): MinkIPC_QRTR_Service: client with node 1 port 6a60 went down
05-27 03:00:52.093 E/minksocket( 1748): MinkIPC_QRTR_Service: client with node 1 port 6a61 went down
05-27 03:00:52.094 E/minksocket( 1748): MinkIPC_QRTR_Service: client with node 1 port 6a62 went down
05-27 03:00:52.095 E/minksocket( 1748): MinkIPC_QRTR_Service: client with node 1 port 6a63 went down
05-27 03:00:52.211 I/NearbyMediums(26027): No BLE Fast/GATT advertisements found in the latest cycle.
05-27 03:00:52.212 I/NearbyMediums(26027): Current Tracked Scanning Clients are : {NearbyConnections.EnvironmentMonitor, NearbySharing, NearbyConnections.TxAdvertisement}
05-27 03:00:52.466 I/ThermalEngine(29098): Monitor:ACTIVE:FREEZE-CHG:freeze_rule=1:DETECT-STANDBY=1
05-27 03:00:52.467 I/ThermalEngine(29098): ACTION: freeze_rule - Setting freeze_rule to 1
05-27 03:00:52.467 I/ThermalEngine(29098): Monitor:ACTIVE:OVERRIDE-CHG:internal_override=1:DETECT-STANDBY=1
05-27 03:00:52.467 I/ThermalEngine(29098): Thermal-Server: Thermal received msg from  freezing
05-27 03:00:52.467 I/Thermal-Lib(29098): Thermal-Lib-Client: Client request sent
05-27 03:00:52.467 I/ThermalEngine(29098): ACTION: override_c - Setting override_c to 1
05-27 03:00:52.468 I/Thermal-Lib(29098): Thermal-Lib-Client: Client request sent
05-27 03:00:52.469 I/ThermalEngine(29098): Thermal-Server: Thermal received msg from  override_c
05-27 03:00:52.500 D/ActivityManager( 3077): freezing 24719 com.google.android.cellbroadcastreceiver, reason = oom_cached
05-27 03:00:52.553 D/StatusBarIconController( 7709): ignoring old pipeline callbacks, because the new mobile icons are enabled
05-27 03:00:52.960 E/ANDR-PERF-LM( 1849): VmRssMeter:: start() 358: Could not find pid, can not collect vmrss data
05-27 03:00:52.964 E/ANDR-PERF-LM( 1849): VmRssMeter:: start() 358: Could not find pid, can not collect vmrss data
05-27 03:00:52.964 E/ANDR-PERF-LM( 1849): AdaptiveLaunch: writeToDataBase() 64: Meter aborted or could not get meter data for this run
05-27 03:00:53.202 E/minksocket( 1748): MinkIPC_QRTR_Service: client with node 1 port 6a64 went down
05-27 03:00:53.202 E/minksocket( 1748): MinkIPC_QRTR_Service: client with node 1 port 6a65 went down
05-27 03:00:53.203 E/minksocket( 1748): MinkIPC_QRTR_Service: client with node 1 port 6a66 went down
05-27 03:00:53.204 E/minksocket( 1748): MinkIPC_QRTR_Service: client with node 1 port 6a67 went down
05-27 03:00:53.412 D/MotoSxfService( 3077): unknown touch type
05-27 03:00:53.554 D/StatusBarIconController( 7709): ignoring old pipeline callbacks, because the new mobile icons are enabled
05-27 03:00:53.691 D/ProfileInstaller(23480): Installing profile for com.motorola.aiservices
05-27 03:00:53.960 E/minksocket( 1748): MinkIPC_QRTR_Service: client with node 1 port 6a68 went down
05-27 03:00:53.961 E/minksocket( 1748): MinkIPC_QRTR_Service: client with node 1 port 6a69 went down
05-27 03:00:53.961 E/minksocket( 1748): MinkIPC_QRTR_Service: client with node 1 port 6a6a went down
05-27 03:00:53.963 E/minksocket( 1748): MinkIPC_QRTR_Service: client with node 1 port 6a6c went down
05-27 03:00:53.964 E/minksocket( 1748): MinkIPC_QRTR_Service: client with node 1 port 6a6d went down
05-27 03:00:53.964 E/minksocket( 1748): MinkIPC_QRTR_Service: client with node 1 port 6a6e went down
05-27 03:00:54.264 E/minksocket( 1748): MinkIPC_QRTR_Service: client with node 1 port 6a70 went down
05-27 03:00:54.265 E/minksocket( 1748): MinkIPC_QRTR_Service: client with node 1 port 6a71 went down
05-27 03:00:54.266 E/minksocket( 1748): MinkIPC_QRTR_Service: client with node 1 port 6a72 went down
05-27 03:00:54.268 E/minksocket( 1748): MinkIPC_QRTR_Service: client with node 1 port 6a73 went down
05-27 03:00:54.963 E/minksocket( 1748): MinkIPC_QRTR_Service: client with node 1 port 6a6b went down
05-27 03:00:54.963 E/minksocket( 1748): MinkIPC_QRTR_Service: client with node 1 port 6a6f went down
05-27 03:00:55.072 D/BoundBrokerSvc(26027): onUnbind: Intent { act=com.google.android.gms.libs.gmscorelogger.service.START dat=chimera-action:/... cmp=com.google.android.gms/.chimera.PersistentDirectBootAwareApiService }
05-27 03:00:55.361 E/minksocket( 1748): MinkIPC_QRTR_Service: client with node 1 port 6a74 went down
05-27 03:00:55.362 E/minksocket( 1748): MinkIPC_QRTR_Service: client with node 1 port 6a75 went down
05-27 03:00:55.363 E/minksocket( 1748): MinkIPC_QRTR_Service: client with node 1 port 6a76 went down
05-27 03:00:55.365 E/minksocket( 1748): MinkIPC_QRTR_Service: client with node 1 port 6a77 went down
05-27 03:00:55.394 D/BoundBrokerSvc(16834): onUnbind: Intent { act=com.google.android.gms.feedback.internal.IFeedbackService dat=chimera-action:/... cmp=com.google.android.gms/.chimera.GmsBoundBrokerService }
05-27 03:00:55.557 D/StatusBarIconController( 7709): ignoring old pipeline callbacks, because the new mobile icons are enabled
05-27 03:00:56.185 D/ActivityManager( 3077): freezing 19745 com.android.chrome, reason = oom_cached
05-27 03:00:56.186 D/ActivityManager( 3077): freezing 22881 com.google.android.documentsui, reason = oom_cached
05-27 03:00:56.188 D/ActivityManager( 3077): freezing 22965 com.google.android.apps.docs, reason = oom_cached
05-27 03:00:56.231 I/keystore2( 1354): system/security/keystore2/src/watchdog.rs:319 - Watchdog thread idle -> terminating. Have a great day.
05-27 03:00:56.248 D/ActivityManager( 3077): freezing 15917 com.google.android.adservices.api, reason = oom_cached
05-27 03:00:56.469 I/ThermalEngine(29098): ACTION: freeze_rule - Setting freeze_rule to 0
05-27 03:00:56.469 I/ThermalEngine(29098): Monitor:INACTIVE:FREEZE-CHG:freeze_rule=1:DETECT-STANDBY=0
05-27 03:00:56.469 I/ThermalEngine(29098): ACTION: override_c - Setting override_c to 0
05-27 03:00:56.469 I/Thermal-Lib(29098): Thermal-Lib-Client: Client request sent
05-27 03:00:56.469 I/ThermalEngine(29098): Monitor:INACTIVE:OVERRIDE-CHG:internal_override=1:DETECT-STANDBY=0
05-27 03:00:56.470 I/ThermalEngine(29098): Thermal-Server: Thermal received msg from  freezing
05-27 03:00:56.470 I/Thermal-Lib(29098): Thermal-Lib-Client: Client request sent
05-27 03:00:56.470 I/ThermalEngine(29098): Thermal-Server: Thermal received msg from  override_c
05-27 03:00:56.471 I/ThermalEngine(29098): Monitor:ACTIVE:MON-MSM-charge:battery=6:CHG-SENSORS=42785
05-27 03:00:56.565 D/StatusBarIconController( 7709): ignoring old pipeline callbacks, because the new mobile icons are enabled
05-27 03:00:56.754 D/BoundBrokerSvc(16834): onUnbind: Intent { act=com.google.android.gms.facs.internal.service.START dat=chimera-action:/... cmp=com.google.android.gms/.chimera.GmsInternalApiService }
05-27 03:00:56.845 D/PowerManagerService( 3077): nativeAcquireSuspendBlocker name:PowerManagerService.WakeLocks duration ms: 2
05-27 03:00:56.860 I/Finsky  (16651): [2] SCH: job service start with id 9462.
05-27 03:00:56.865 D/WifiConfigStore( 3077): Writing to stores completed in 7 ms.
05-27 03:00:56.866 I/Finsky  (16651): [929] SCH: Satisfied jobs for 9462 are: 12-1
05-27 03:00:56.868 D/CompatibilityChangeReporter( 3077): Compat change id reported: 161145287; UID 10192; state: ENABLED
05-27 03:00:56.869 I/Finsky  (16651): [942] SCH: Job 12-1 starting
05-27 03:00:56.869 I/Finsky  (16651): [2] WM::SCH: Logging work start for 12-1
05-27 03:00:56.870 I/Finsky  (16651): [2] [ContentSync] job started
05-27 03:00:56.906 I/NetworkScheduler.Stats(26027): (REDACTED) Task %s/%s started execution. cause:%s exec_start_elapsed_seconds: %s
05-27 03:00:56.912 E/minksocket( 1748): MinkIPC_QRTR_Service: client with node 1 port 6a78 went down
05-27 03:00:56.913 E/minksocket( 1748): MinkIPC_QRTR_Service: client with node 1 port 6a79 went down
05-27 03:00:56.913 I/NetworkScheduler.Stats(26027): (REDACTED) Task %s/%s started execution. cause:%s exec_start_elapsed_seconds: %s
05-27 03:00:56.914 E/minksocket( 1748): MinkIPC_QRTR_Service: client with node 1 port 6a7a went down
05-27 03:00:56.914 E/minksocket( 1748): MinkIPC_QRTR_Service: client with node 1 port 6a7b went down
05-27 03:00:56.926 I/PlayGamesServices[GamesSyncAdapter](16834): Starting sync for 4f702f45
05-27 03:00:56.926 I/PlayGamesServices[GamesSyncAdapter](16834): Starting sync for 2d1042dc
05-27 03:00:56.927 D/CompatibilityChangeReporter( 3077): Compat change id reported: 201794303; UID 10192; state: ENABLED
05-27 03:00:56.927 D/CompatibilityChangeReporter( 3077): Compat change id reported: 201794303; UID 10192; state: ENABLED
05-27 03:00:56.927 D/CompatibilityChangeReporter( 3077): Compat change id reported: 207133734; UID 10192; state: ENABLED
05-27 03:00:56.928 D/CompatibilityChangeReporter( 3077): Compat change id reported: 207133734; UID 10192; state: ENABLED
05-27 03:00:56.928 I/PlayGamesServices[GamesSyncAdapter](16834): Sync duration for 4f702f45: 1
05-27 03:00:56.928 I/PlayGamesServices[GamesSyncAdapter](16834): Sync duration for 2d1042dc: 1
05-27 03:00:56.956 W/PlayGamesServices[DataBroker](16834): No player ID found when refreshing
05-27 03:00:56.956 W/PlayGamesServices[DataBroker](16834): No player ID found when refreshing
05-27 03:00:56.956 W/PlayGamesServices[DataBroker](16834): No player ID found when refreshing
05-27 03:00:56.957 W/PlayGamesServices[DataBroker](16834): No player ID found when refreshing
05-27 03:00:56.957 W/PlayGamesServices[DataBroker](16834): No player ID found when refreshing
05-27 03:00:56.957 W/PlayGamesServices[DataBroker](16834): No player ID found when refreshing
05-27 03:00:56.975 I/NetworkScheduler.Stats(26027): (REDACTED) Task %s/%s finished executing. cause:%s result: %s elapsed_millis: %s uptime_millis: %s exec_start_elapsed_seconds: %s
05-27 03:00:56.977 I/NetworkScheduler.Stats(26027): (REDACTED) Task %s/%s finished executing. cause:%s result: %s elapsed_millis: %s uptime_millis: %s exec_start_elapsed_seconds: %s
05-27 03:00:56.981 W/PlayGamesServices[UiUtils](16834): AppVersion: Cannot find the installed destination app.
05-27 03:00:56.985 I/GetServiceValidatorImpl(16834): (REDACTED) onGetService() from Client SDK version [%s], Module version [%s], PGA version [%s], Account [%s], Calling package [%s], Game package [%s]
05-27 03:00:56.985 I/GetGamesServiceReqFacto(16834): (REDACTED) Parsing request with ignored arguments. signInOptionsBundle [%s], isRetryingSignIn [%s], skipWelcomePopup [%s], requireGooglePlus [%s]
05-27 03:00:56.986 I/GetGamesServiceReqFacto(16834): Replacing request for `games` scope with `games_lite`
05-27 03:00:56.991 I/SignInPerformer-1(16834): (REDACTED) Handling request [%s], isFirstPartyCaller [%s]
05-27 03:00:56.993 I/SignInPerformer-1(16834): Successfully brokered first-party unauthenticated GamesService [CONTEXT service_id=1 ]
05-27 03:00:56.994 I/NetworkScheduler.Stats(26027): (REDACTED) Task %s/%s started execution. cause:%s exec_start_elapsed_seconds: %s
05-27 03:00:56.994 I/GetGamesServiceV2Op(16834): (REDACTED) Successfully brokered GamesService for request %s
05-27 03:00:56.995 W/PlayGamesServices[UiUtils](16834): AppVersion: Cannot find the installed destination app.
05-27 03:00:56.996 W/PlayGamesServices[UiUtils](16834): AppVersionName: Cannot find the installed destination app.
05-27 03:00:56.996 I/PlayGamesServices[GamesSyncAdapter](16834): Starting sync for 9b385bb2
05-27 03:00:56.996 I/PlayGamesServices[GamesSyncAdapter](16834): Sync duration for 9b385bb2: 0
05-27 03:00:57.000 W/PlayGamesServices[UiUtils](16834): AppVersion: Cannot find the installed destination app.
05-27 03:00:57.000 W/PlayGamesServices[UiUtils](16834): AppVersionName: Cannot find the installed destination app.
05-27 03:00:57.006 W/PlayGamesServices[DataBroker](16834): No player ID found when refreshing
05-27 03:00:57.007 W/PlayGamesServices[DataBroker](16834): No player ID found when refreshing
05-27 03:00:57.007 W/PlayGamesServices[DataBroker](16834): No player ID found when refreshing
05-27 03:00:57.009 I/NetworkScheduler.Stats(26027): (REDACTED) Task %s/%s started execution. cause:%s exec_start_elapsed_seconds: %s
05-27 03:00:57.009 W/PlayGamesServices[UiUtils](16834): AppVersion: Cannot find the installed destination app.
05-27 03:00:57.010 W/PlayGamesServices[UiUtils](16834): AppVersionName: Cannot find the installed destination app.
05-27 03:00:57.010 I/NetworkScheduler.Stats(26027): (REDACTED) Task %s/%s finished executing. cause:%s result: %s elapsed_millis: %s uptime_millis: %s exec_start_elapsed_seconds: %s
05-27 03:00:57.010 I/PlayGamesServices[GamesSyncAdapter](16834): Starting sync for 439b5d2c
05-27 03:00:57.012 I/PlayGamesServices[GamesSyncAdapter](16834): Sync duration for 439b5d2c: 1
05-27 03:00:57.022 W/PlayGamesServices[DataBroker](16834): No player ID found when refreshing
05-27 03:00:57.023 W/PlayGamesServices[DataBroker](16834): No player ID found when refreshing
05-27 03:00:57.023 W/PlayGamesServices[DataBroker](16834): No player ID found when refreshing
05-27 03:00:57.024 W/PlayGamesServices[UiUtils](16834): AppVersion: Cannot find the installed destination app.
05-27 03:00:57.024 W/PlayGamesServices[UiUtils](16834): AppVersionName: Cannot find the installed destination app.
05-27 03:00:57.030 I/NetworkScheduler.Stats(26027): (REDACTED) Task %s/%s started execution. cause:%s exec_start_elapsed_seconds: %s
05-27 03:00:57.032 I/PlayGamesServices[GamesSyncAdapter](16834): Starting sync for 3c228fd5
05-27 03:00:57.032 I/NetworkScheduler.Stats(26027): (REDACTED) Task %s/%s finished executing. cause:%s result: %s elapsed_millis: %s uptime_millis: %s exec_start_elapsed_seconds: %s
05-27 03:00:57.033 I/PlayGamesServices[GamesSyncAdapter](16834): Sync duration for 3c228fd5: 1
05-27 03:00:57.040 W/PlayGamesServices[DataBroker](16834): No player ID found when refreshing
05-27 03:00:57.040 W/PlayGamesServices[DataBroker](16834): No player ID found when refreshing
05-27 03:00:57.040 W/PlayGamesServices[DataBroker](16834): No player ID found when refreshing
05-27 03:00:57.041 W/PlayGamesServices[UiUtils](16834): AppVersion: Cannot find the installed destination app.
05-27 03:00:57.042 W/PlayGamesServices[UiUtils](16834): AppVersionName: Cannot find the installed destination app.
05-27 03:00:57.042 I/NetworkScheduler.Stats(26027): (REDACTED) Task %s/%s finished executing. cause:%s result: %s elapsed_millis: %s uptime_millis: %s exec_start_elapsed_seconds: %s
05-27 03:00:57.093 W/Finsky  (16651): [2] STU: Failed to get storage stats for package 'com.google.mainline.primary.libs' (1601: Error getting stats: android.content.pm.PackageManager.NameNotFoundException)
05-27 03:00:57.161 D/MotoSxfService( 3077): unknown touch type
05-27 03:00:57.181 W/Finsky  (16651): [2] STU: Failed to get storage stats for package 'com.android.apex.cts.shim' (1601: Error getting stats: android.content.pm.PackageManager.NameNotFoundException)
05-27 03:00:57.195 W/Finsky  (16651): [2] STU: Failed to get storage stats for package 'com.google.android.appsearch' (1601: Error getting stats: android.content.pm.PackageManager.NameNotFoundException)
05-27 03:00:57.198 W/Finsky  (16651): [2] STU: Failed to get storage stats for package 'com.google.android.art' (1601: Error getting stats: android.content.pm.PackageManager.NameNotFoundException)
05-27 03:00:57.229 W/Finsky  (16651): [2] STU: Failed to get storage stats for package 'com.google.android.mediaprovider' (1601: Error getting stats: android.content.pm.PackageManager.NameNotFoundException)
05-27 03:00:57.245 W/Finsky  (16651): [2] STU: Failed to get storage stats for package 'com.android.virt' (1601: Error getting stats: android.content.pm.PackageManager.NameNotFoundException)
05-27 03:00:57.249 W/Finsky  (16651): [2] STU: Failed to get storage stats for package 'com.google.android.resolv' (1601: Error getting stats: android.content.pm.PackageManager.NameNotFoundException)
05-27 03:00:57.257 W/Finsky  (16651): [2] STU: Failed to get storage stats for package 'com.google.android.configinfrastructure' (1601: Error getting stats: android.content.pm.PackageManager.NameNotFoundException)
05-27 03:00:57.258 W/Finsky  (16651): [2] STU: Failed to get storage stats for package 'com.google.android.media' (1601: Error getting stats: android.content.pm.PackageManager.NameNotFoundException)
05-27 03:00:57.268 W/Finsky  (16651): [2] STU: Failed to get storage stats for package 'com.android.vndk.v31' (1601: Error getting stats: android.content.pm.PackageManager.NameNotFoundException)
05-27 03:00:57.269 W/Finsky  (16651): [2] STU: Failed to get storage stats for package 'com.android.vndk.v30' (1601: Error getting stats: android.content.pm.PackageManager.NameNotFoundException)
05-27 03:00:57.270 W/Finsky  (16651): [2] STU: Failed to get storage stats for package 'com.android.vndk.v33' (1601: Error getting stats: android.content.pm.PackageManager.NameNotFoundException)
05-27 03:00:57.271 W/Finsky  (16651): [2] STU: Failed to get storage stats for package 'com.android.vndk.v32' (1601: Error getting stats: android.content.pm.PackageManager.NameNotFoundException)
05-27 03:00:57.273 W/Finsky  (16651): [2] STU: Failed to get storage stats for package 'com.android.vndk.v34' (1601: Error getting stats: android.content.pm.PackageManager.NameNotFoundException)
05-27 03:00:57.305 W/Finsky  (16651): [2] STU: Failed to get storage stats for package 'com.google.android.sdkext' (1601: Error getting stats: android.content.pm.PackageManager.NameNotFoundException)
05-27 03:00:57.313 W/Finsky  (16651): [2] STU: Failed to get storage stats for package 'com.google.android.adservices' (1601: Error getting stats: android.content.pm.PackageManager.NameNotFoundException)
05-27 03:00:57.315 W/Finsky  (16651): [2] STU: Failed to get storage stats for package 'com.google.android.tethering' (1601: Error getting stats: android.content.pm.PackageManager.NameNotFoundException)
05-27 03:00:57.331 W/Finsky  (16651): [2] STU: Failed to get storage stats for package 'com.android.runtime' (1601: Error getting stats: android.content.pm.PackageManager.NameNotFoundException)
05-27 03:00:57.345 W/Finsky  (16651): [2] STU: Failed to get storage stats for package 'com.google.android.cellbroadcast' (1601: Error getting stats: android.content.pm.PackageManager.NameNotFoundException)
05-27 03:00:57.393 W/Finsky  (16651): [2] STU: Failed to get storage stats for package 'com.motorola.enterprise' (1601: Error getting stats: android.content.pm.PackageManager.NameNotFoundException)
05-27 03:00:57.407 W/Finsky  (16651): [2] STU: Failed to get storage stats for package 'com.google.android.tzdata5' (1601: Error getting stats: android.content.pm.PackageManager.NameNotFoundException)
05-27 03:00:57.421 W/Finsky  (16651): [2] STU: Failed to get storage stats for package 'com.google.android.permission' (1601: Error getting stats: android.content.pm.PackageManager.NameNotFoundException)
05-27 03:00:57.437 W/Finsky  (16651): [2] STU: Failed to get storage stats for package 'com.google.android.wifi' (1601: Error getting stats: android.content.pm.PackageManager.NameNotFoundException)
05-27 03:00:57.565 D/StatusBarIconController( 7709): ignoring old pipeline callbacks, because the new mobile icons are enabled
05-27 03:00:57.760 D/ActivityManager( 3077): freezing 22851 com.google.android.apps.nbu.files, reason = oom_cached
05-27 03:00:57.762 D/ActivityManager( 3077): freezing 23432 com.android.soundpicker, reason = oom_cached
05-27 03:00:57.762 D/ActivityManager( 3077): freezing 23444 com.motorola.securityhub, reason = oom_cached
05-27 03:00:57.763 D/ActivityManager( 3077): freezing 23480 com.motorola.aiservices, reason = oom_cached
05-27 03:00:58.015 W/BpBinder(23712): Linking to death on android.gui.ISurfaceComposer but there are no threads (yet?) listening to incoming transactions. See ProcessState::startThreadPool and ProcessState::setThreadPoolMaxThreadCount. Generally you should setup the binder threadpool before other initialization steps.
05-27 03:00:58.015 W/ProcessState(23712): Extra binder thread started, but 0 threads requested. Do not use *startThreadPool when zero threads are requested.
05-27 03:00:58.032 E/minksocket( 1748): MinkIPC_QRTR_Service: client with node 1 port 6a7c went down
05-27 03:00:58.033 E/minksocket( 1748): MinkIPC_QRTR_Service: client with node 1 port 6a7d went down
05-27 03:00:58.033 E/minksocket( 1748): MinkIPC_QRTR_Service: client with node 1 port 6a7e went down
05-27 03:00:58.034 E/minksocket( 1748): MinkIPC_QRTR_Service: client with node 1 port 6a7f went down
05-27 03:00:58.223 W/Finsky  (16651): [2] STU: Failed to get storage stats for package 'com.google.android.media.swcodec' (1601: Error getting stats: android.content.pm.PackageManager.NameNotFoundException)
05-27 03:00:58.277 W/Finsky  (16651): [2] STU: Failed to get storage stats for package 'com.google.android.adbd' (1601: Error getting stats: android.content.pm.PackageManager.NameNotFoundException)
05-27 03:00:58.289 W/Finsky  (16651): [2] STU: Failed to get storage stats for package 'com.android.i18n' (1601: Error getting stats: android.content.pm.PackageManager.NameNotFoundException)
05-27 03:00:58.293 W/Finsky  (16651): [2] STU: Failed to get storage stats for package 'com.google.android.conscrypt' (1601: Error getting stats: android.content.pm.PackageManager.NameNotFoundException)
05-27 03:00:58.314 W/Finsky  (16651): [2] STU: Failed to get storage stats for package 'com.google.android.neuralnetworks' (1601: Error getting stats: android.content.pm.PackageManager.NameNotFoundException)
05-27 03:00:58.320 W/Finsky  (16651): [2] STU: Failed to get storage stats for package 'com.google.android.ipsec' (1601: Error getting stats: android.content.pm.PackageManager.NameNotFoundException)
05-27 03:00:58.325 W/Finsky  (16651): [2] STU: Failed to get storage stats for package 'com.android.devicelock' (1601: Error getting stats: android.content.pm.PackageManager.NameNotFoundException)
05-27 03:00:58.333 W/Finsky  (16651): [2] STU: Failed to get storage stats for package 'com.google.android.ondevicepersonalization' (1601: Error getting stats: android.content.pm.PackageManager.NameNotFoundException)
05-27 03:00:58.340 W/Finsky  (16651): [2] STU: Failed to get storage stats for package 'com.google.android.healthfitness' (1601: Error getting stats: android.content.pm.PackageManager.NameNotFoundException)
05-27 03:00:58.363 W/Finsky  (16651): [2] STU: Failed to get storage stats for package 'com.android.uwb' (1601: Error getting stats: android.content.pm.PackageManager.NameNotFoundException)
05-27 03:00:58.363 W/Finsky  (16651): [2] STU: Failed to get storage stats for package 'com.google.android.extservices' (1601: Error getting stats: android.content.pm.PackageManager.NameNotFoundException)
05-27 03:00:58.394 W/Finsky  (16651): [2] STU: Failed to get storage stats for package 'com.google.android.os.statsd' (1601: Error getting stats: android.content.pm.PackageManager.NameNotFoundException)
