05-27 03:00:47.500 W/android.vending(16651): ApkAssets: Deleting an ApkAssets object '<empty> and /data/app/~~GZ-oYemxf4FZfOo2uJi2wA==/com.paytm.business-tfMWkryv8fUh7acVq8YfKg==/split_config.xxhdpi.apk' with 1 weak references
05-27 03:00:47.501 W/android.vending(16651): ApkAssets: Deleting an ApkAssets object '<empty> and /data/app/~~KxVqd69v7kK0mPSrLAAoMw==/com.phonepe.app-_q6m2uMYYZCHi3Cnrqt1Vg==/base.apk' with 1 weak references
05-27 03:00:47.501 D/CompatibilityChangeReporter( 3077): Compat change id reported: 253665015; UID 10302; state: ENABLED
05-27 03:00:47.501 D/CompatibilityChangeReporter( 3077): Compat change id reported: 194532703; UID 10302; state: ENABLED
05-27 03:00:47.501 W/android.vending(16651): ApkAssets: Deleting an ApkAssets object '<empty> and /data/app/~~KxVqd69v7kK0mPSrLAAoMw==/com.phonepe.app-_q6m2uMYYZCHi3Cnrqt1Vg==/split_config.arm64_v8a.apk' with 1 weak references
05-27 03:00:47.501 W/android.vending(16651): ApkAssets: Deleting an ApkAssets object '<empty> and /data/app/~~KxVqd69v7kK0mPSrLAAoMw==/com.phonepe.app-_q6m2uMYYZCHi3Cnrqt1Vg==/split_config.xxhdpi.apk' with 1 weak references
05-27 03:00:47.501 W/android.vending(16651): ApkAssets: Deleting an ApkAssets object '<empty> and /data/app/~~RKRFxbHYttDllcZVnXmDmg==/com.rbl.rblmycard-SK02GtfpzNXIBtv18gtlnw==/base.apk' with 1 weak references
05-27 03:00:47.501 D/WM-GreedyScheduler(23444): Starting work for 3bf1606e-5ca6-4dc9-8cab-95224aca32f7
05-27 03:00:47.501 W/android.vending(16651): ApkAssets: Deleting an ApkAssets object '<empty> and /data/app/~~RKRFxbHYttDllcZVnXmDmg==/com.rbl.rblmycard-SK02GtfpzNXIBtv18gtlnw==/split_config.arm64_v8a.apk' with 1 weak references
05-27 03:00:47.501 W/android.vending(16651): ApkAssets: Deleting an ApkAssets object '<empty> and /data/app/~~RKRFxbHYttDllcZVnXmDmg==/com.rbl.rblmycard-SK02GtfpzNXIBtv18gtlnw==/split_config.xxhdpi.apk' with 1 weak references
05-27 03:00:47.502 W/android.vending(16651): ApkAssets: Deleting an ApkAssets object '<empty> and /data/app/~~o18X9TQqHluMQItQds-BoA==/com.whatsapp.w4b-Mx4vwDKN4SZAASHO6fAuow==/base.apk' with 1 weak references
05-27 03:00:47.502 W/android.vending(16651): ApkAssets: Deleting an ApkAssets object '<empty> and /data/app/~~o18X9TQqHluMQItQds-BoA==/com.whatsapp.w4b-Mx4vwDKN4SZAASHO6fAuow==/split_config.arm64_v8a.apk' with 1 weak references
05-27 03:00:47.502 W/android.vending(16651): ApkAssets: Deleting an ApkAssets object '<empty> and /data/app/~~o18X9TQqHluMQItQds-BoA==/com.whatsapp.w4b-Mx4vwDKN4SZAASHO6fAuow==/split_config.xxhdpi.apk' with 1 weak references
05-27 03:00:47.502 W/android.vending(16651): ApkAssets: Deleting an ApkAssets object '<empty> and /data/app/~~Eyv2yczwJAazjTPLW5aQow==/com.whizdm.moneyview.loans-0lMtJ9if_LW-_oBfZRI9_w==/base.apk' with 1 weak references
05-27 03:00:47.503 W/android.vending(16651): ApkAssets: Deleting an ApkAssets object '<empty> and /data/app/~~Eyv2yczwJAazjTPLW5aQow==/com.whizdm.moneyview.loans-0lMtJ9if_LW-_oBfZRI9_w==/split_config.arm64_v8a.apk' with 1 weak references
05-27 03:00:47.503 W/android.vending(16651): ApkAssets: Deleting an ApkAssets object '<empty> and /data/app/~~Eyv2yczwJAazjTPLW5aQow==/com.whizdm.moneyview.loans-0lMtJ9if_LW-_oBfZRI9_w==/split_config.xxhdpi.apk' with 1 weak references
05-27 03:00:47.503 W/android.vending(16651): ApkAssets: Deleting an ApkAssets object '<empty> and /data/app/~~lz5L59ttwi_74Uc01WRWZg==/com.yc.gloryfit-1Ib40rjSsWyIvQB_SkZnsA==/base.apk' with 1 weak references
05-27 03:00:47.503 W/android.vending(16651): ApkAssets: Deleting an ApkAssets object '<empty> and /data/app/~~lz5L59ttwi_74Uc01WRWZg==/com.yc.gloryfit-1Ib40rjSsWyIvQB_SkZnsA==/split_config.arm64_v8a.apk' with 1 weak references
05-27 03:00:47.503 W/android.vending(16651): ApkAssets: Deleting an ApkAssets object '<empty> and /data/app/~~lz5L59ttwi_74Uc01WRWZg==/com.yc.gloryfit-1Ib40rjSsWyIvQB_SkZnsA==/split_config.en.apk' with 1 weak references
05-27 03:00:47.503 W/android.vending(16651): ApkAssets: Deleting an ApkAssets object '<empty> and /data/app/~~lz5L59ttwi_74Uc01WRWZg==/com.yc.gloryfit-1Ib40rjSsWyIvQB_SkZnsA==/split_config.xxhdpi.apk' with 1 weak references
05-27 03:00:47.503 D/WM-Processor(23444): ve2: processing WorkGenerationalId(workSpecId=3bf1606e-5ca6-4dc9-8cab-95224aca32f7, generation=0)
05-27 03:00:47.504 W/android.vending(16651): ApkAssets: Deleting an ApkAssets object '<empty> and /data/app/~~lJsqkPZ9wjKK3xgc7BYelw==/in.amazon.mShop.android.shopping-Khgaf2V6_VEJ4c6nvQU-BA==/base.apk' with 1 weak references
05-27 03:00:47.504 W/android.vending(16651): ApkAssets: Deleting an ApkAssets object '<empty> and /data/app/~~lJsqkPZ9wjKK3xgc7BYelw==/in.amazon.mShop.android.shopping-Khgaf2V6_VEJ4c6nvQU-BA==/split_config.arm64_v8a.apk' with 1 weak references
05-27 03:00:47.504 W/android.vending(16651): ApkAssets: Deleting an ApkAssets object '<empty> and /data/app/~~lJsqkPZ9wjKK3xgc7BYelw==/in.amazon.mShop.android.shopping-Khgaf2V6_VEJ4c6nvQU-BA==/split_config.xxhdpi.apk' with 1 weak references
05-27 03:00:47.504 W/android.vending(16651): ApkAssets: Deleting an ApkAssets object '<empty> and /data/app/~~l50Og8K7rO095poSMDegMQ==/in.rebase.app-8EGpnx012wTNX5Mv3JA5DQ==/base.apk' with 1 weak references
05-27 03:00:47.504 W/android.vending(16651): ApkAssets: Deleting an ApkAssets object '<empty> and /data/app/~~l50Og8K7rO095poSMDegMQ==/in.rebase.app-8EGpnx012wTNX5Mv3JA5DQ==/split_config.arm64_v8a.apk' with 1 weak references
05-27 03:00:47.504 W/android.vending(16651): ApkAssets: Deleting an ApkAssets object '<empty> and /data/app/~~l50Og8K7rO095poSMDegMQ==/in.rebase.app-8EGpnx012wTNX5Mv3JA5DQ==/split_config.xxhdpi.apk' with 1 weak references
05-27 03:00:47.505 W/android.vending(16651): ApkAssets: Deleting an ApkAssets object '<empty> and /data/app/~~mY3tpNNLqihor1ZVDga9uA==/in.swiggy.android-jCsrAV_B93-FvsVwJwQo0A==/base.apk' with 1 weak references
05-27 03:00:47.505 W/android.vending(16651): ApkAssets: Deleting an ApkAssets object '<empty> and /data/app/~~mY3tpNNLqihor1ZVDga9uA==/in.swiggy.android-jCsrAV_B93-FvsVwJwQo0A==/split_config.arm64_v8a.apk' with 1 weak references
05-27 03:00:47.505 W/android.vending(16651): ApkAssets: Deleting an ApkAssets object '<empty> and /data/app/~~mY3tpNNLqihor1ZVDga9uA==/in.swiggy.android-jCsrAV_B93-FvsVwJwQo0A==/split_config.xxhdpi.apk' with 1 weak references
05-27 03:00:47.505 W/android.vending(16651): ApkAssets: Deleting an ApkAssets object '<empty> and /data/app/~~VPdiKMLd06evtyLgWmupzQ==/org.altruist.BajajExperia-4gw-GIhhjTn45hiNG5w75Q==/base.apk' with 1 weak references
05-27 03:00:47.505 W/android.vending(16651): ApkAssets: Deleting an ApkAssets object '<empty> and /data/app/~~VPdiKMLd06evtyLgWmupzQ==/org.altruist.BajajExperia-4gw-GIhhjTn45hiNG5w75Q==/split_config.arm64_v8a.apk' with 1 weak references
05-27 03:00:47.505 W/android.vending(16651): ApkAssets: Deleting an ApkAssets object '<empty> and /data/app/~~VPdiKMLd06evtyLgWmupzQ==/org.altruist.BajajExperia-4gw-GIhhjTn45hiNG5w75Q==/split_config.xxhdpi.apk' with 1 weak references
05-27 03:00:47.505 W/android.vending(16651): ApkAssets: Deleting an ApkAssets object '<empty> and /data/app/~~Ptgi_pjL8yQOa7WxI-F6dA==/org.kde.kdeconnect_tp-jXgInvrOyP2DMqjrGnU22w==/base.apk' with 1 weak references
05-27 03:00:47.506 W/android.vending(16651): ApkAssets: Deleting an ApkAssets object '<empty> and /data/app/~~DOmFZ20I19XTKX81djkYhg==/org.mozilla.firefox-uquyJfW1ewNUFpFjSD403w==/base.apk' with 1 weak references
05-27 03:00:47.506 W/android.vending(16651): ApkAssets: Deleting an ApkAssets object '<empty> and /data/app/~~DOmFZ20I19XTKX81djkYhg==/org.mozilla.firefox-uquyJfW1ewNUFpFjSD403w==/split_config.arm64_v8a.apk' with 1 weak references
05-27 03:00:47.506 W/android.vending(16651): ApkAssets: Deleting an ApkAssets object '<empty> and /data/app/~~DOmFZ20I19XTKX81djkYhg==/org.mozilla.firefox-uquyJfW1ewNUFpFjSD403w==/split_config.xxhdpi.apk' with 1 weak references
05-27 03:00:47.506 W/android.vending(16651): ApkAssets: Deleting an ApkAssets object '<empty> and /data/app/~~IRTNFRKBk3ZhWUnOMG6xOg==/org.schabi.newpipe-wMPVi4r0fn8t6igVcXTH7g==/base.apk' with 1 weak references
05-27 03:00:47.507 W/android.vending(16651): ApkAssets: Deleting an ApkAssets object '<empty> and /data/app/~~l_4KcrvJK2YAyE97lFyIpw==/org.torproject.torbrowser-vAfdb13Uq7VyHABgtAMS2g==/base.apk' with 1 weak references
05-27 03:00:47.507 W/android.vending(16651): ApkAssets: Deleting an ApkAssets object '<empty> and /data/app/~~CGj3VX9BXoeE3wFpJSjrkg==/org.videolan.vlc-gwbnMVmjx1ICws85AcRoWw==/base.apk' with 1 weak references
05-27 03:00:47.507 W/android.vending(16651): ApkAssets: Deleting an ApkAssets object '<empty> and /data/app/~~CGj3VX9BXoeE3wFpJSjrkg==/org.videolan.vlc-gwbnMVmjx1ICws85AcRoWw==/split_config.arm64_v8a.apk' with 1 weak references
05-27 03:00:47.507 W/android.vending(16651): ApkAssets: Deleting an ApkAssets object '<empty> and /data/app/~~CGj3VX9BXoeE3wFpJSjrkg==/org.videolan.vlc-gwbnMVmjx1ICws85AcRoWw==/split_config.xxhdpi.apk' with 1 weak references
05-27 03:00:47.508 W/android.vending(16651): ApkAssets: Deleting an ApkAssets object '<empty> and /data/app/~~Xn7VO8HW6YvOdcHgz04zCA==/ru.zdevs.zarchiver-JV21dW96e8Bg8GayoFiYvQ==/base.apk' with 1 weak references
05-27 03:00:47.508 D/CompatibilityChangeReporter(23444): Compat change id reported: 263076149; UID 10302; state: ENABLED
05-27 03:00:47.510 D/WM-WorkerWrapper(23444): Starting work for com.motorola.securityhub.worker.MalwareScanWorker
05-27 03:00:47.511 D/MotoSecure>>(23444): MalwareScanWorker - Pending malware scans count=1
05-27 03:00:47.511 D/WM-PackageManagerHelper(23444): androidx.work.impl.background.systemalarm.RescheduleReceivercould not be enabled
05-27 03:00:47.511 D/WM-PackageManagerHelper(23444): java.lang.IllegalArgumentException: Component class androidx.work.impl.background.systemalarm.RescheduleReceiver does not exist in com.motorola.securityhub
05-27 03:00:47.511 D/WM-PackageManagerHelper(23444): 	at android.os.Parcel.createExceptionOrNull(Parcel.java:3083)
05-27 03:00:47.511 D/WM-PackageManagerHelper(23444): 	at android.os.Parcel.createException(Parcel.java:3063)
05-27 03:00:47.511 D/WM-PackageManagerHelper(23444): 	at android.os.Parcel.readException(Parcel.java:3046)
05-27 03:00:47.511 D/WM-PackageManagerHelper(23444): 	at android.os.Parcel.readException(Parcel.java:2988)
05-27 03:00:47.511 D/WM-PackageManagerHelper(23444): 	at android.content.pm.IPackageManager$Stub$Proxy.setComponentEnabledSetting(IPackageManager.java:6119)
05-27 03:00:47.511 D/WM-PackageManagerHelper(23444): 	at android.app.ApplicationPackageManager.setComponentEnabledSetting(ApplicationPackageManager.java:3078)
05-27 03:00:47.511 D/WM-PackageManagerHelper(23444): 	at com.motorola.motoaccount.u62.a(Unknown Source:71)
05-27 03:00:47.511 D/WM-PackageManagerHelper(23444): 	at com.motorola.motoaccount.em1.invokeSuspend(Unknown Source:22)
05-27 03:00:47.511 D/WM-PackageManagerHelper(23444): 	at com.motorola.motoaccount.em1.invoke(Unknown Source:20)
05-27 03:00:47.511 D/WM-PackageManagerHelper(23444): 	at com.motorola.motoaccount.gs0.d(Unknown Source:418)
05-27 03:00:47.511 D/WM-PackageManagerHelper(23444): 	at com.motorola.motoaccount.eh0.d(Unknown Source:153)
05-27 03:00:47.511 D/WM-PackageManagerHelper(23444): 	at com.motorola.motoaccount.xq1.C(Unknown Source:129)
05-27 03:00:47.511 D/WM-PackageManagerHelper(23444): 	at com.motorola.motoaccount.ur0.invokeSuspend(Unknown Source:11)
05-27 03:00:47.511 D/WM-PackageManagerHelper(23444): 	at com.motorola.motoaccount.yo.resumeWith(Unknown Source:7)
05-27 03:00:47.511 D/WM-PackageManagerHelper(23444): 	at com.motorola.motoaccount.og0.run(Unknown Source:114)
05-27 03:00:47.511 D/WM-PackageManagerHelper(23444): 	at com.motorola.motoaccount.g3.run(Unknown Source:219)
05-27 03:00:47.511 D/WM-PackageManagerHelper(23444): 	at java.util.concurrent.ThreadPoolExecutor.runWorker(ThreadPoolExecutor.java:1154)
05-27 03:00:47.511 D/WM-PackageManagerHelper(23444): 	at java.util.concurrent.ThreadPoolExecutor$Worker.run(ThreadPoolExecutor.java:652)
05-27 03:00:47.511 D/WM-PackageManagerHelper(23444): 	at java.lang.Thread.run(Thread.java:1564)
05-27 03:00:47.511 D/WM-PackageManagerHelper(23444): Caused by: android.os.RemoteException: Remote stack trace:
05-27 03:00:47.511 D/WM-PackageManagerHelper(23444): 	at com.android.server.pm.PackageManagerService.setEnabledSettings(PackageManagerService.java:4033)
05-27 03:00:47.511 D/WM-PackageManagerHelper(23444): 	at com.android.server.pm.PackageManagerService.-$$Nest$msetEnabledSettings(PackageManagerService.java:0)
05-27 03:00:47.511 D/WM-PackageManagerHelper(23444): 	at com.android.server.pm.PackageManagerService$IPackageManagerImpl.setComponentEnabledSetting(PackageManagerService.java:6037)
05-27 03:00:47.511 D/WM-PackageManagerHelper(23444): 	at android.content.pm.IPackageManager$Stub.onTransact(IPackageManager.java:3038)
05-27 03:00:47.511 D/WM-PackageManagerHelper(23444): 	at com.android.server.pm.PackageManagerService$IPackageManagerImpl.onTransact(PackageManagerService.java:6524)
05-27 03:00:47.511 D/WM-PackageManagerHelper(23444): 
05-27 03:00:47.525 D/ActivityTaskManager( 3077): setActivityController: android.app.IActivityController$Stub$Proxy@8ab5094,imAMonkey=true
05-27 03:00:47.525 D/CompatibilityChangeReporter( 3077): Compat change id reported: 135634846; UID 10251; state: DISABLED
05-27 03:00:47.526 D/CompatibilityChangeReporter( 3077): Compat change id reported: 177438394; UID 10251; state: DISABLED
05-27 03:00:47.526 D/CompatibilityChangeReporter( 3077): Compat change id reported: 135772972; UID 10251; state: DISABLED
05-27 03:00:47.526 D/CompatibilityChangeReporter( 3077): Compat change id reported: 135754954; UID 10251; state: ENABLED
05-27 03:00:47.526 D/CompatibilityChangeReporter( 3077): Compat change id reported: 143937733; UID 10251; state: ENABLED
05-27 03:00:47.526 W/ActivityManager( 3077): registerReceiverWithFeature: no app for null
05-27 03:00:47.536 W/ActivityTaskManager( 3077): callingPackage for (uid=2000, pid=23423) has no WPC
05-27 03:00:47.536 D/CompatibilityChangeReporter( 3077): Compat change id reported: 244637991; UID 2000; state: ENABLED
05-27 03:00:47.536 I/SettingsAccessControlPolicy( 3077): isDeviceSettingsChangeDisabled: value -> false
05-27 03:00:47.537 D/CompatibilityChangeReporter( 3077): Compat change id reported: 265464455; UID 10521; state: DISABLED
05-27 03:00:47.537 D/Zygote  ( 1604): Forked child process 23480
05-27 03:00:47.537 D/CompatibilityChangeReporter( 3077): Compat change id reported: 265452344; UID 10521; state: DISABLED
05-27 03:00:47.537 D/CompatibilityChangeReporter( 3077): Compat change id reported: 266124927; UID 10521; state: DISABLED
05-27 03:00:47.537 I/ActivityManager( 3077): Start proc 23480:com.motorola.aiservices/u0a251 for content provider {com.motorola.aiservices/com.motorola.aiservices.contentprovider.ServiceContentProvider}
05-27 03:00:47.537 D/CompatibilityChangeReporter( 3077): Compat change id reported: 265451093; UID 10521; state: DISABLED
05-27 03:00:47.537 D/CompatibilityChangeReporter( 3077): Compat change id reported: 265456536; UID 10521; state: DISABLED
05-27 03:00:47.537 D/CompatibilityChangeReporter( 3077): Compat change id reported: 255940284; UID 10521; state: DISABLED
05-27 03:00:47.537 D/CompatibilityChangeReporter( 3077): Compat change id reported: 236283604; UID 10521; state: DISABLED
05-27 03:00:47.537 D/CompatibilityChangeReporter( 3077): Compat change id reported: 263959004; UID 10521; state: DISABLED
05-27 03:00:47.537 D/CompatibilityChangeReporter( 3077): Compat change id reported: 264304459; UID 10521; state: DISABLED
05-27 03:00:47.537 D/CompatibilityChangeReporter( 3077): Compat change id reported: 264301586; UID 10521; state: DISABLED
05-27 03:00:47.537 D/CompatibilityChangeReporter( 3077): Compat change id reported: 254631730; UID 10521; state: DISABLED
05-27 03:00:47.537 D/CompatibilityChangeReporter( 3077): Compat change id reported: 273509367; UID 10521; state: DISABLED
05-27 03:00:47.538 D/CompatibilityChangeReporter( 3077): Compat change id reported: 263259275; UID 10521; state: DISABLED
05-27 03:00:47.538 D/CompatibilityChangeReporter( 3077): Compat change id reported: 174042980; UID 10521; state: DISABLED
05-27 03:00:47.538 D/CompatibilityChangeReporter( 3077): Compat change id reported: 174042936; UID 10521; state: DISABLED
05-27 03:00:47.538 D/CompatibilityChangeReporter( 3077): Compat change id reported: 181136395; UID 10521; state: DISABLED
05-27 03:00:47.539 D/CompatibilityChangeReporter( 3077): Compat change id reported: 194480991; UID 10521; state: ENABLED
05-27 03:00:47.539 D/ActivityTaskManager( 3077): getPreferredLaunchDisplay userset_displayid false user set display id -1, current focus display 0
05-27 03:00:47.539 D/ActivityTaskManager( 3077): getPreferredLaunchDisplay userset_displayid false user set display id -1, current focus display 0
05-27 03:00:47.540 D/ActivityTaskManager( 3077): getPreferredLaunchDisplay userset_displayid false user set display id -1, current focus display 0
05-27 03:00:47.540 D/ActivityTaskManager( 3077): getPreferredLaunchDisplay userset_displayid false user set display id -1, current focus display 0
05-27 03:00:47.541 E/ANDR-PERF-LM( 1849): MetaMeter: handleAsync() 166: AdaptLaunch Invalid Async
05-27 03:00:47.541 E/ANDR-PERF-LM( 1849): MetaMeter: handleAsync() 166: AdaptLaunch Invalid Async
05-27 03:00:47.544 D/ActivityTaskManager( 3077): getPreferredLaunchDisplay userset_displayid false user set display id 0, current focus display 0
05-27 03:00:47.544 D/ActivityTaskManager( 3077): getPreferredLaunchDisplay userset_displayid false user set display id 0, current focus display 0
05-27 03:00:47.544 W/TopAppMonitor( 3077): resend missed activity state ActivityState{com.deepeye.musicpro.debug, userId=0, uid=10520, displayId=0, category=0, isLauncher=false, isTop=false, lastTopTime=1653774767}
05-27 03:00:47.546 D/CompatibilityChangeReporter( 3077): Compat change id reported: 184838306; UID 10521; state: DISABLED
05-27 03:00:47.546 D/CompatibilityChangeReporter( 3077): Compat change id reported: 185004937; UID 10521; state: DISABLED
05-27 03:00:47.548 D/CompatibilityChangeReporter( 3077): Compat change id reported: 197654537; UID 10521; state: ENABLED
05-27 03:00:47.548 D/PowerManagerService( 3077): nativeSetPowerMode ret:false mode:5 enabled:true duration ms: 0
05-27 03:00:47.548 I/rola.aiservices(23480): Using CollectorTypeCMC GC.
05-27 03:00:47.549 D/CompatibilityChangeReporter( 3077): Compat change id reported: 205907456; UID 10521; state: ENABLED
05-27 03:00:47.549 D/ActivityTrigger( 3077): ActivityTrigger activityPauseTrigger 
05-27 03:00:47.551 D/PowerManagerService( 3077): nativeAcquireSuspendBlocker name:PowerManagerService.WakeLocks duration ms: 1
05-27 03:00:47.551 D/CompatibilityChangeReporter( 3077): Compat change id reported: 194833441; UID 10521; state: ENABLED
05-27 03:00:47.551 I/ActivityTaskManager( 3077): START u0 {act=android.intent.action.MAIN cat=[android.intent.category.LAUNCHER] flg=0x10200000 cmp=com.deepeye.musicpro.debug/com.deepeye.musicpro.MainActivity} with LAUNCH_SINGLE_TASK from uid 2000 (startActivityAsUser) (BAL_ALLOW_PERMISSION) result code=0
05-27 03:00:47.552 V/WindowManagerShell( 7709): Transition requested: android.os.BinderProxy@42ad5bf TransitionRequestInfo { type = 1, triggerTask = TaskInfo{userId=0 taskId=5377 displayId=0 isRunning=true baseIntent=Intent { act=android.intent.action.MAIN cat=[android.intent.category.LAUNCHER] flg=0x10200000 cmp=com.deepeye.musicpro.debug/com.deepeye.musicpro.MainActivity } baseActivity=ComponentInfo{com.deepeye.musicpro.debug/com.deepeye.musicpro.MainActivity} topActivity=ComponentInfo{com.deepeye.musicpro.debug/com.deepeye.musicpro.MainActivity} origActivity=null realActivity=ComponentInfo{com.deepeye.musicpro.debug/com.deepeye.musicpro.MainActivity} numActivities=1 lastActiveTime=1653836699 supportsMultiWindow=true supportsGlobalFreeform=true resizeMode=1 isResizeable=true isAppLocked=false canKillAndRestart=false isShowDecorCaptionWindowRequest=false minWidth=-1 minHeight=-1 defaultMinSize=200 token=WCT{android.window.IWindowContainerToken$Stub$Proxy@417648c} topActivityType=1 pictureInPictureParams=null shouldDockBigOverlays=false launchIntoPipHostTaskId=-1 lastParentTaskIdBeforePip=-1 displayCutoutSafeInsets=Rect(0, 90 - 0, 0) topActivityInfo=ActivityInfo{ee0a7d5 com.deepeye.musicpro.MainActivity} launchCookies=[] positionInParent=Point(0, 0) parentTaskId=-1 isFocused=false isVisible=false isVisibleRequested=false isSleeping=false topActivityInSizeCompat=false topActivityEligibleForLetterboxEducation= false topActivityLetterboxed= false isFromDoubleTap= false topActivityLetterboxVerticalPosition= -1 topActivityLetterboxHorizontalPosition= -1 topActivityLetterboxWidth=-1 topActivityLetterboxHeight=-1 locusId=null displayAreaFeatureId=1 cameraCompatControlState=hidden}, remoteTransition = null, displayChange = null, flags = 0 }
05-27 03:00:47.552 I/Monkey  (23423): Events injected: 1
05-27 03:00:47.555 D/CompatibilityChangeReporter( 3077): Compat change id reported: 135634846; UID 10521; state: DISABLED
05-27 03:00:47.555 D/CompatibilityChangeReporter( 3077): Compat change id reported: 177438394; UID 10521; state: DISABLED
05-27 03:00:47.555 D/CompatibilityChangeReporter( 3077): Compat change id reported: 135772972; UID 10521; state: DISABLED
05-27 03:00:47.555 D/CompatibilityChangeReporter( 3077): Compat change id reported: 135754954; UID 10521; state: ENABLED
05-27 03:00:47.556 D/CompatibilityChangeReporter( 3077): Compat change id reported: 143937733; UID 10521; state: ENABLED
05-27 03:00:47.556 D/ActivityTaskManager( 3077): setActivityController: null,imAMonkey=true
05-27 03:00:47.557 D/nativeloader(23480): Load libframework-connectivity-tiramisu-jni.so using APEX ns com_android_tethering for caller /apex/com.android.tethering/javalib/framework-connectivity-t.jar: ok
05-27 03:00:47.559 I/Monkey  (23423): ## Network stats: elapsed time=21ms (0ms mobile, 0ms wifi, 21ms not connected)
05-27 03:00:47.559 I/app_process(23423): System.exit called, status: 0
05-27 03:00:47.559 I/AndroidRuntime(23423): VM exiting with result code 0.
05-27 03:00:47.560 D/ViewRootImpl( 7709): update {(0,0)(fillxfill) ty=APPLICATION_STARTING fmt=TRANSLUCENT wanim=0x10302fe
05-27 03:00:47.560 D/ViewRootImpl( 7709):   fl=NOT_FOCUSABLE NOT_TOUCHABLE LAYOUT_IN_SCREEN LAYOUT_INSET_DECOR ALT_FOCUSABLE_IM HARDWARE_ACCELERATED DRAWS_SYSTEM_BAR_BACKGROUNDS
05-27 03:00:47.560 D/ViewRootImpl( 7709):   pfl=SHOW_FOR_ALL_USERS FIT_INSETS_CONTROLLED
05-27 03:00:47.560 D/ViewRootImpl( 7709):   bhv=DEFAULT
05-27 03:00:47.560 D/ViewRootImpl( 7709):   fitSides=} by setView
05-27 03:00:47.562 W/ANDR-PERF-LM( 1849): MetaMeter: handlePrimaryAsync() 118: AdaptLaunch MetaMeter. No MeterMgr Available to handle this Primary Async. !!!!
05-27 03:00:47.562 W/ANDR-PERF-LM( 1849): MetaMeter: handlePrimaryAsync() 118: AdaptLaunch MetaMeter. No MeterMgr Available to handle this Primary Async. !!!!
05-27 03:00:47.564 I/BpBinder( 1884): onLastStrongRef automatically unlinking death recipients: 
05-27 03:00:47.570 D/CompatibilityChangeReporter( 3077): Compat change id reported: 168419799; UID 10251; state: DISABLED
05-27 03:00:47.570 D/CompatibilityChangeReporter( 3077): Compat change id reported: 273564678; UID 10251; state: DISABLED
05-27 03:00:47.572 D/CoreBackPreview( 3077): Window{77b6060 u0 Splash Screen com.deepeye.musicpro.debug}: Setting back callback OnBackInvokedCallbackInfo{mCallback=android.window.IOnBackInvokedCallback$Stub$Proxy@ca6228c, mPriority=0, mIsAnimationCallback=false}
05-27 03:00:47.574 D/Zygote  ( 1604): Forked child process 23499
05-27 03:00:47.574 E/ANDR-PERF-LM( 1849): MetaMeter: handleAsync() 166: AdaptLaunch Invalid Async
05-27 03:00:47.575 D/CompatibilityChangeReporter(23480): Compat change id reported: 171979766; UID 10251; state: ENABLED
05-27 03:00:47.575 D/CompatibilityChangeReporter(23480): Compat change id reported: 242716250; UID 10251; state: ENABLED
05-27 03:00:47.576 I/ActivityManager( 3077): Start proc 23499:com.deepeye.musicpro.debug/u0a521 for next-top-activity {com.deepeye.musicpro.debug/com.deepeye.musicpro.MainActivity}
05-27 03:00:47.578 D/CompatibilityChangeReporter( 3077): Compat change id reported: 265195908; UID 10521; state: ENABLED
05-27 03:00:47.578 E/OpenGLRenderer( 7709): Unable to match the desired swap behavior.
05-27 03:00:47.579 D/CompatibilityChangeReporter( 3077): Compat change id reported: 170503758; UID 10251; state: ENABLED
05-27 03:00:47.586 I/.musicpro.debug(23499): Late-enabling -Xcheck:jni
05-27 03:00:47.587 V/WindowManager( 3077): Sent Transition #7402 createdAt=05-27 03:00:47.539 via request=TransitionRequestInfo { type = 1, triggerTask = TaskInfo{userId=0 taskId=5377 displayId=0 isRunning=true baseIntent=Intent { act=android.intent.action.MAIN cat=[android.intent.category.LAUNCHER] flg=0x10200000 cmp=com.deepeye.musicpro.debug/com.deepeye.musicpro.MainActivity } baseActivity=ComponentInfo{com.deepeye.musicpro.debug/com.deepeye.musicpro.MainActivity} topActivity=ComponentInfo{com.deepeye.musicpro.debug/com.deepeye.musicpro.MainActivity} origActivity=null realActivity=ComponentInfo{com.deepeye.musicpro.debug/com.deepeye.musicpro.MainActivity} numActivities=1 lastActiveTime=1653836699 supportsMultiWindow=true supportsGlobalFreeform=true resizeMode=1 isResizeable=true isAppLocked=false canKillAndRestart=true isShowDecorCaptionWindowRequest=false minWidth=-1 minHeight=-1 defaultMinSize=200 token=WCT{RemoteToken{88a28d Task{63a6a39 #5377 type=standard A=10521:com.deepeye.musicpro.debug}}} topActivityType=1 pictureInPictureParams=null shouldDockBigOverlays=false launchIntoPipHostTaskId=-1 lastParentTaskIdBeforePip=-1 displayCutoutSafeInsets=Rect(0, 90 - 0, 0) topActivityInfo=ActivityInfo{1c25c42 com.deepeye.musicpro.MainActivity} launchCookies=[] positionInParent=Point(0, 0) parentTaskId=-1 isFocused=false isVisible=false isVisibleRequested=false isSleeping=false topActivityInSizeCompat=false topActivityEligibleForLetterboxEducation= false topActivityLetterboxed= false isFromDoubleTap= false topActivityLetterboxVerticalPosition= -1 topActivityLetterboxHorizontalPosition= -1 topActivityLetterboxWidth=-1 topActivityLetterboxHeight=-1 locusId=null displayAreaFeatureId=1 cameraCompatControlState=hidden}, remoteTransition = null, displayChange = null, flags = 0 }
05-27 03:00:47.587 V/WindowManager( 3077):     startWCT=WindowContainerTransaction { changes = {} hops = [] errorCallbackToken=null taskFragmentOrganizer=null }
05-27 03:00:47.587 V/WindowManager( 3077):     info={id=7402 t=OPEN f=0x0 trk=0 r=[0@Point(0, 0)] c=[{WCT{RemoteToken{88a28d Task{63a6a39 #5377 type=standard A=10521:com.deepeye.musicpro.debug}}} m=OPEN f=NONE pTaskId=-1 leash=Surface(name=Task=5377)/@0x9043251 sb=Rect(0, 0 - 1080, 2400) eb=Rect(0, 0 - 1080, 2400) d=0},{WCT{RemoteToken{16c0147 Task{ee1938e #4757 type=home}}} m=TO_BACK f=SHOW_WALLPAPER pTaskId=-1 leash=Surface(name=Task=4757)/@0xc752f88 sb=Rect(0, 0 - 1080, 2400) eb=Rect(0, 0 - 1080, 2400) d=0}]}
05-27 03:00:47.587 V/WindowManagerShell( 7709): onTransitionReady android.os.BinderProxy@42ad5bf: {id=7402 t=OPEN f=0x0 trk=0 r=[0@Point(0, 0)] c=[{WCT{android.window.IWindowContainerToken$Stub$Proxy@7bf2bf2} m=OPEN f=NONE pTaskId=-1 leash=Surface(name=Task=5377)/@0xefd82a7 sb=Rect(0, 0 - 1080, 2400) eb=Rect(0, 0 - 1080, 2400) d=0},{WCT{android.window.IWindowContainerToken$Stub$Proxy@af5a243} m=TO_BACK f=SHOW_WALLPAPER pTaskId=-1 leash=Surface(name=Task=4757)/@0x3e9b354 sb=Rect(0, 0 - 1080, 2400) eb=Rect(0, 0 - 1080, 2400) d=0}]}
05-27 03:00:47.587 V/WindowManagerShell( 7709): Playing animation for (#7402)android.os.BinderProxy@42ad5bf@0
05-27 03:00:47.587 V/WindowManagerShell( 7709):  try handler com.android.wm.shell.transition.DefaultMixedHandler@a24dff4
05-27 03:00:47.588 V/WindowManagerShell( 7709):  try handler com.android.wm.shell.keyguard.KeyguardTransitionHandler@8a7e31d
05-27 03:00:47.588 V/WindowManagerShell( 7709):  try handler com.android.wm.shell.activityembedding.ActivityEmbeddingController@c1cb992
05-27 03:00:47.588 V/WindowManagerShell( 7709):  try handler com.android.wm.shell.recents.RecentsTransitionHandler@1b1af63
05-27 03:00:47.588 V/ShellRecents( 7709): RecentsTransitionHandler.startAnimation: no controller found
05-27 03:00:47.588 V/WindowManagerShell( 7709):  try handler com.android.wm.shell.pip.PipTransition@5aa0760
05-27 03:00:47.588 V/WindowManagerShell( 7709):  try handler com.android.wm.shell.splitscreen.StageCoordinator@be49419
05-27 03:00:47.588 V/WindowManagerShell( 7709):  try handler com.android.wm.shell.transition.RemoteTransitionHandler@9c8dcde
05-27 03:00:47.588 V/WindowManagerShell( 7709): Transition doesn't have explicit remote, search filters for match for {id=7402 t=OPEN f=0x0 trk=0 r=[0@Point(0, 0)] c=[{WCT{android.window.IWindowContainerToken$Stub$Proxy@7bf2bf2} m=OPEN f=NONE pTaskId=-1 leash=Surface(name=Task=5377)/@0xefd82a7 sb=Rect(0, 0 - 1080, 2400) eb=Rect(0, 0 - 1080, 2400) d=0},{WCT{android.window.IWindowContainerToken$Stub$Proxy@af5a243} m=TO_BACK f=SHOW_WALLPAPER pTaskId=-1 leash=Surface(name=Task=4757)/@0x3e9b354 sb=Rect(0, 0 - 1080, 2400) eb=Rect(0, 0 - 1080, 2400) d=0}]}
05-27 03:00:47.588 V/WindowManagerShell( 7709):  Checking filter Pair{{types=[] flags=0x0] notFlags=0x100 checks=[{atype=home independent=true modes=[OPEN,TO_FRONT] flags=NONE mustBeTask=false order=TOP topActivity=ComponentInfo{com.motorola.launcher3/com.android.launcher3.uioverrides.QuickstepLauncher}},{atype=standard independent=true modes=[CLOSE,TO_BACK] flags=NONE mustBeTask=false order=ANY topActivity=null}]} RemoteTransition { remoteTransition = android.window.IRemoteTransition$Stub$Proxy@cb754ae, appThread = android.app.IApplicationThread$Stub$Proxy@270424f, debugName = QuickstepLaunchHome }}
05-27 03:00:47.588 V/WindowManagerShell( 7709):  Delegate animation for #7402 to null
05-27 03:00:47.588 V/WindowManagerShell( 7709):  try handler com.android.wm.shell.transition.DefaultTransitionHandler@f85debf
05-27 03:00:47.588 V/WindowManagerShell( 7709): start default transition animation, info = {id=7402 t=OPEN f=0x0 trk=0 r=[0@Point(0, 0)] c=[{WCT{android.window.IWindowContainerToken$Stub$Proxy@7bf2bf2} m=OPEN f=NONE pTaskId=-1 leash=Surface(name=Task=5377)/@0xefd82a7 sb=Rect(0, 0 - 1080, 2400) eb=Rect(0, 0 - 1080, 2400) d=0},{WCT{android.window.IWindowContainerToken$Stub$Proxy@af5a243} m=TO_BACK f=SHOW_WALLPAPER pTaskId=-1 leash=Surface(name=Task=4757)/@0x3e9b354 sb=Rect(0, 0 - 1080, 2400) eb=Rect(0, 0 - 1080, 2400) d=0}]}
05-27 03:00:47.589 V/WindowManagerShell( 7709): loadAnimation: anim=android.view.animation.AnimationSet@a9df1f9 animAttr=0x13 type=OPEN isEntrance=false
05-27 03:00:47.589 V/WindowManagerShell( 7709): loadAnimation: anim=android.view.animation.AnimationSet@fc2b4b5 animAttr=0x12 type=OPEN isEntrance=true
05-27 03:00:47.589 V/WindowManagerShell( 7709):  animated by com.android.wm.shell.transition.DefaultTransitionHandler@f85debf
05-27 03:00:47.593 D/nativeloader(23480): Configuring clns-4 for other apk /system/framework/com.motorola.motosignature.jar. target_sdk_version=35, uses_libraries=ALL, library_path=/data/app/~~zDz-wq6vdyVRTSWioGmetw==/com.motorola.aiservices-WCGxfSNFQw804BNf0HY2uA==/lib/arm64:/data/app/~~zDz-wq6vdyVRTSWioGmetw==/com.motorola.aiservices-WCGxfSNFQw804BNf0HY2uA==/base.apk!/lib/arm64-v8a:/data/app/~~zDz-wq6vdyVRTSWioGmetw==/com.motorola.aiservices-WCGxfSNFQw804BNf0HY2uA==/split_adaptivebrightness.apk!/lib/arm64-v8a:/data/app/~~zDz-wq6vdyVRTSWioGmetw==/com.motorola.aiservices-WCGxfSNFQw804BNf0HY2uA==/split_adaptivebrightness.config.arm64_v8a.apk!/lib/arm64-v8a:/data/app/~~zDz-wq6vdyVRTSWioGmetw==/com.motorola.aiservices-WCGxfSNFQw804BNf0HY2uA==/split_adaptiveicons.apk!/lib/arm64-v8a:/data/app/~~zDz-wq6vdyVRTSWioGmetw==/com.motorola.aiservices-WCGxfSNFQw804BNf0HY2uA==/split_aicropping.apk!/lib/arm64-v8a:/data/app/~~zDz-wq6vdyVRTSWioGmetw==/com.motorola.aiservices-WCGxfSNFQw804BNf0HY2uA==/split_aisepia.apk!/lib/arm64-v8a:/data/app/~~zDz-wq6vdyVRTSWioGmetw=
05-27 03:00:47.593 D/nativeloader(23480): Extending system_exposed_libraries: libbinauralrenderer_wrapper.qti.so:libhoaeffects.qti.so:libQOC.qti.so:libparamupdater_jni.motoparamupdater.so:libjni_helper.motocameradesktop.so:libimgTuner_jni.motoimagetuner.so:libupdateprof.qti.so:libQOC.qti.so:libdiag_system.qti.so:libqape.qti.so:libqesdk_ndk_platform.qti.so:liblistenjni.qti.so
05-27 03:00:47.598 D/nativeloader(23480): Configuring clns-5 for other apk /system/framework/moto-checkin.jar. target_sdk_version=35, uses_libraries=ALL, library_path=/data/app/~~zDz-wq6vdyVRTSWioGmetw==/com.motorola.aiservices-WCGxfSNFQw804BNf0HY2uA==/lib/arm64:/data/app/~~zDz-wq6vdyVRTSWioGmetw==/com.motorola.aiservices-WCGxfSNFQw804BNf0HY2uA==/base.apk!/lib/arm64-v8a:/data/app/~~zDz-wq6vdyVRTSWioGmetw==/com.motorola.aiservices-WCGxfSNFQw804BNf0HY2uA==/split_adaptivebrightness.apk!/lib/arm64-v8a:/data/app/~~zDz-wq6vdyVRTSWioGmetw==/com.motorola.aiservices-WCGxfSNFQw804BNf0HY2uA==/split_adaptivebrightness.config.arm64_v8a.apk!/lib/arm64-v8a:/data/app/~~zDz-wq6vdyVRTSWioGmetw==/com.motorola.aiservices-WCGxfSNFQw804BNf0HY2uA==/split_adaptiveicons.apk!/lib/arm64-v8a:/data/app/~~zDz-wq6vdyVRTSWioGmetw==/com.motorola.aiservices-WCGxfSNFQw804BNf0HY2uA==/split_aicropping.apk!/lib/arm64-v8a:/data/app/~~zDz-wq6vdyVRTSWioGmetw==/com.motorola.aiservices-WCGxfSNFQw804BNf0HY2uA==/split_aisepia.apk!/lib/arm64-v8a:/data/app/~~zDz-wq6vdyVRTSWioGmetw==/com.motorola
05-27 03:00:47.598 D/nativeloader(23480): Extending system_exposed_libraries: libbinauralrenderer_wrapper.qti.so:libhoaeffects.qti.so:libQOC.qti.so:libparamupdater_jni.motoparamupdater.so:libjni_helper.motocameradesktop.so:libimgTuner_jni.motoimagetuner.so:libupdateprof.qti.so:libQOC.qti.so:libdiag_system.qti.so:libqape.qti.so:libqesdk_ndk_platform.qti.so:liblistenjni.qti.so
05-27 03:00:47.603 D/nativeloader(23480): Configuring clns-6 for other apk /system/framework/org.apache.http.legacy.jar. target_sdk_version=35, uses_libraries=ALL, library_path=/data/app/~~zDz-wq6vdyVRTSWioGmetw==/com.motorola.aiservices-WCGxfSNFQw804BNf0HY2uA==/lib/arm64:/data/app/~~zDz-wq6vdyVRTSWioGmetw==/com.motorola.aiservices-WCGxfSNFQw804BNf0HY2uA==/base.apk!/lib/arm64-v8a:/data/app/~~zDz-wq6vdyVRTSWioGmetw==/com.motorola.aiservices-WCGxfSNFQw804BNf0HY2uA==/split_adaptivebrightness.apk!/lib/arm64-v8a:/data/app/~~zDz-wq6vdyVRTSWioGmetw==/com.motorola.aiservices-WCGxfSNFQw804BNf0HY2uA==/split_adaptivebrightness.config.arm64_v8a.apk!/lib/arm64-v8a:/data/app/~~zDz-wq6vdyVRTSWioGmetw==/com.motorola.aiservices-WCGxfSNFQw804BNf0HY2uA==/split_adaptiveicons.apk!/lib/arm64-v8a:/data/app/~~zDz-wq6vdyVRTSWioGmetw==/com.motorola.aiservices-WCGxfSNFQw804BNf0HY2uA==/split_aicropping.apk!/lib/arm64-v8a:/data/app/~~zDz-wq6vdyVRTSWioGmetw==/com.motorola.aiservices-WCGxfSNFQw804BNf0HY2uA==/split_aisepia.apk!/lib/arm64-v8a:/data/app/~~zDz-wq6vdyVRTSWioGmetw==/co
05-27 03:00:47.603 D/nativeloader(23480): Extending system_exposed_libraries: libbinauralrenderer_wrapper.qti.so:libhoaeffects.qti.so:libQOC.qti.so:libparamupdater_jni.motoparamupdater.so:libjni_helper.motocameradesktop.so:libimgTuner_jni.motoimagetuner.so:libupdateprof.qti.so:libQOC.qti.so:libdiag_system.qti.so:libqape.qti.so:libqesdk_ndk_platform.qti.so:liblistenjni.qti.so
05-27 03:00:47.608 I/.musicpro.debug(23499): Using CollectorTypeCMC GC.
05-27 03:00:47.612 I/adbd    (22364): jdwp connection from 23499
05-27 03:00:47.616 D/nativeloader(23499): Load libframework-connectivity-tiramisu-jni.so using APEX ns com_android_tethering for caller /apex/com.android.tethering/javalib/framework-connectivity-t.jar: ok
05-27 03:00:47.628 E/ANDR-PERF-LM( 1849): MetaMeter: handleAsync() 166: AdaptLaunch Invalid Async
05-27 03:00:47.637 D/CompatibilityChangeReporter(23499): Compat change id reported: 171979766; UID 10521; state: ENABLED
05-27 03:00:47.637 D/CompatibilityChangeReporter(23499): Compat change id reported: 242716250; UID 10521; state: ENABLED
05-27 03:00:47.640 D/CompatibilityChangeReporter( 3077): Compat change id reported: 170503758; UID 10521; state: ENABLED
05-27 03:00:47.641 D/IntervalStats( 3077): Unable to parse usage stats packages: [781, 785, 788]
05-27 03:00:47.646 D/IntervalStats( 3077): Unable to parse usage stats packages: [788]
05-27 03:00:47.647 W/rola.aiservices(23480): Failed to find entry 'classes.dex': Entry not found
05-27 03:00:47.652 D/IntervalStats( 3077): Unable to parse usage stats packages: [788]
05-27 03:00:47.654 I/byia    (14758): onPause
05-27 03:00:47.655 W/doej    (14758): measuring already stopped.
05-27 03:00:47.656 E/minksocket( 1748): MinkIPC_QRTR_Service: client with node 1 port 6a48 went down
05-27 03:00:47.657 E/minksocket( 1748): MinkIPC_QRTR_Service: client with node 1 port 6a49 went down
05-27 03:00:47.657 E/minksocket( 1748): MinkIPC_QRTR_Service: client with node 1 port 6a4a went down
05-27 03:00:47.658 D/IntervalStats( 3077): Unable to parse usage stats packages: [787, 788]
05-27 03:00:47.658 E/minksocket( 1748): MinkIPC_QRTR_Service: client with node 1 port 6a4b went down
05-27 03:00:47.667 D/CompatibilityChangeReporter( 3077): Compat change id reported: 197654537; UID 1000; state: ENABLED
05-27 03:00:47.667 D/IntervalStats( 3077): Unable to parse usage stats packages: [787, 789, 791]
05-27 03:00:47.668 D/IntervalStats( 3077): Unable to parse event packages: [791]
05-27 03:00:47.673 D/IntervalStats( 3077): Unable to parse usage stats packages: [791]
05-27 03:00:47.673 D/IntervalStats( 3077): Unable to parse event packages: [791]
05-27 03:00:47.675 W/rola.aiservices(23480): Failed to find entry 'classes.dex': Entry not found
05-27 03:00:47.676 W/rola.aiservices(23480): Failed to find entry 'classes.dex': Entry not found
05-27 03:00:47.679 D/IntervalStats( 3077): Unable to parse usage stats packages: [791]
05-27 03:00:47.680 D/IntervalStats( 3077): Unable to parse event packages: [791]
05-27 03:00:47.693 D/nativeloader(23480): Configuring clns-7 for other apk /data/app/~~zDz-wq6vdyVRTSWioGmetw==/com.motorola.aiservices-WCGxfSNFQw804BNf0HY2uA==/base.apk:/data/app/~~zDz-wq6vdyVRTSWioGmetw==/com.motorola.aiservices-WCGxfSNFQw804BNf0HY2uA==/split_adaptivebrightness.apk:/data/app/~~zDz-wq6vdyVRTSWioGmetw==/com.motorola.aiservices-WCGxfSNFQw804BNf0HY2uA==/split_adaptivebrightness.config.arm64_v8a.apk:/data/app/~~zDz-wq6vdyVRTSWioGmetw==/com.motorola.aiservices-WCGxfSNFQw804BNf0HY2uA==/split_adaptiveicons.apk:/data/app/~~zDz-wq6vdyVRTSWioGmetw==/com.motorola.aiservices-WCGxfSNFQw804BNf0HY2uA==/split_aicropping.apk:/data/app/~~zDz-wq6vdyVRTSWioGmetw==/com.motorola.aiservices-WCGxfSNFQw804BNf0HY2uA==/split_aisepia.apk:/data/app/~~zDz-wq6vdyVRTSWioGmetw==/com.motorola.aiservices-WCGxfSNFQw804BNf0HY2uA==/split_appusage.apk:/data/app/~~zDz-wq6vdyVRTSWioGmetw==/com.motorola.aiservices-WCGxfSNFQw804BNf0HY2uA==/split_bwart.apk:/data/app/~~zDz-wq6vdyVRTSWioGmetw==/com.motorola.aiservices-WCGxfSNFQw804BNf0HY2uA==/split_bwregular.apk:/data/app/~~zD
05-27 03:00:47.710 D/nativeloader(23480): Load libframework-connectivity-jni.so using APEX ns com_android_tethering for caller /apex/com.android.tethering/javalib/framework-connectivity.jar: ok
05-27 03:00:47.713 V/GraphicsEnvironment(23480): Currently set values for:
05-27 03:00:47.713 V/GraphicsEnvironment(23480):   angle_gl_driver_selection_pkgs=[]
05-27 03:00:47.713 V/GraphicsEnvironment(23480):   angle_gl_driver_selection_values=[]
05-27 03:00:47.714 V/GraphicsEnvironment(23480): ANGLE GameManagerService for com.motorola.aiservices: false
05-27 03:00:47.714 V/GraphicsEnvironment(23480): com.motorola.aiservices is not listed in per-application setting
05-27 03:00:47.740 D/CompatibilityChangeReporter( 3077): Compat change id reported: 161145287; UID 10251; state: ENABLED
05-27 03:00:47.751 I/AI.AiServices(23480): Starting AiServices version 1.1.183.10-release
05-27 03:00:47.771 I/cn_CronetUrlRequestContext(16651): destroyNativeStreamLocked android.net.http.internal.org.chromium.net.impl.CronetBidirectionalStream@d177849
05-27 03:00:47.777 E/Finsky  (16651): [2] Failed to load an Item com.android.vending, missing shared fields: [4], missing type-specific fields: [0, 0, 0, 0, 0, 0, 0, 0, 64]
05-27 03:00:47.777 E/Finsky  (16651): [2] Required items [com.android.vending]
05-27 03:00:47.777 E/Finsky  (16651): [2] Requested items [[com.android.vending]]
05-27 03:00:47.777 E/Finsky  (16651): [2] Retrieved items []
05-27 03:00:47.822 I/Typeface(23480): updateThemeFont new=Rookery-Regular;old=sans-serif;new=Rookery-Stacked;old=
05-27 03:00:47.823 I/ActivityManager( 3077): Flag disabled. Ignoring finishAttachApplication from uid: 10251. pid: 23480
05-27 03:00:47.837 I/PlayCore(23480): UID: [10251]  PID: [23480] SplitInstallListenerRegistry : registerListener
05-27 03:00:47.838 I/AI.AiServices(23480): isDownloading: MALWARE_DETECTION? - currentUseCase: null - currentStatus: null
05-27 03:00:47.838 I/AI.AiServices(23480): isDownloading MALWARE_DETECTION: false
05-27 03:00:47.838 I/AI.AiServices(23480): MALWARE_DETECTION -> isAvailableByDeviceConfig(true), isInstalled(false), isDownloading(false), isInstallable(true)
05-27 03:00:47.838 I/AI.AiServices(23480): MALWARE_DETECTION final status -> UNINSTALLED
05-27 03:00:47.840 D/MotoSecure>>(23444): MalwareDetectionViewMod - status :  com.motorola.aiservices.sdk.model.AiStatus$Uninstalled@37886b5
05-27 03:00:47.842 I/WM-WorkerWrapper(23444): Worker result SUCCESS for Work [ id=3bf1606e-5ca6-4dc9-8cab-95224aca32f7, tags={ com.motorola.securityhub.worker.MalwareScanWorker,MalwareScanWorker } ]
05-27 03:00:47.842 D/WM-Processor(23444): ve2 3bf1606e-5ca6-4dc9-8cab-95224aca32f7 executed; reschedule = false
05-27 03:00:47.843 D/WM-GreedyScheduler(23444): Cancelling work ID 3bf1606e-5ca6-4dc9-8cab-95224aca32f7
05-27 03:00:47.846 D/WM-PackageManagerHelper(23444): Skipping component enablement for androidx.work.impl.background.systemalarm.RescheduleReceiver
05-27 03:00:47.876 V/WindowManagerShell( 7709): Transition animation finished (aborted=false), notifying core (#7402)android.os.BinderProxy@42ad5bf@0
05-27 03:00:47.878 V/WindowManager( 3077): Finish Transition #7402: created at 05-27 03:00:47.539 collect-started=0.021ms request-sent=12.303ms started=14.176ms ready=44.988ms sent=47.039ms finished=338.692ms
05-27 03:00:47.880 V/WindowManagerShell( 7709): Track 0 became idle
05-27 03:00:47.880 V/WindowManagerShell( 7709): All active transition animations finished
05-27 03:00:47.883 D/Surface (14758): Surface::disconnect
05-27 03:00:47.883 D/BufferQueueProducer(14758): [VRI[GoogleDiscoverWindow]#29(BLAST Consumer)29](id:39a60000001d,api:1,p:14758,c:14758) disconnect: api 1
05-27 03:00:47.885 D/Surface ( 9681): Surface::disconnect
05-27 03:00:47.885 D/BufferQueueProducer( 9681): [VRI[CustomizationPanelLauncher]#135(BLAST Consumer)135](id:25d1000002ad,api:1,p:9681,c:9681) disconnect: api 1
05-27 03:00:48.001 I/ThermalEngine(29098): ACTION: CPU - Setting CPU[7] to 5
05-27 03:00:48.008 I/ThermalEngine(29098): ACTION: CPU - Setting CPU[4] to 5
05-27 03:00:48.063 D/nativeloader(23499): Configuring clns-4 for other apk /data/app/~~9BvJTjjSLMJvhP8hnMwUzA==/com.deepeye.musicpro.debug-e99e71QWbpObi2nsGMolqw==/base.apk. target_sdk_version=34, uses_libraries=, library_path=/data/app/~~9BvJTjjSLMJvhP8hnMwUzA==/com.deepeye.musicpro.debug-e99e71QWbpObi2nsGMolqw==/lib/arm64:/data/app/~~9BvJTjjSLMJvhP8hnMwUzA==/com.deepeye.musicpro.debug-e99e71QWbpObi2nsGMolqw==/base.apk!/lib/arm64-v8a, permitted_path=/data:/mnt/expand:/data/user/0/com.deepeye.musicpro.debug
05-27 03:00:48.068 D/nativeloader(23499): Load libframework-connectivity-jni.so using APEX ns com_android_tethering for caller /apex/com.android.tethering/javalib/framework-connectivity.jar: ok
05-27 03:00:48.070 V/GraphicsEnvironment(23499): Currently set values for:
05-27 03:00:48.070 V/GraphicsEnvironment(23499):   angle_gl_driver_selection_pkgs=[]
05-27 03:00:48.070 V/GraphicsEnvironment(23499):   angle_gl_driver_selection_values=[]
05-27 03:00:48.070 V/GraphicsEnvironment(23499): ANGLE GameManagerService for com.deepeye.musicpro.debug: false
05-27 03:00:48.070 V/GraphicsEnvironment(23499): com.deepeye.musicpro.debug is not listed in per-application setting
05-27 03:00:48.070 V/GraphicsEnvironment(23499): Updatable production driver is not supported on the device.
05-27 03:00:48.113 D/WM-PackageManagerHelper(23499): androidx.work.impl.background.systemjob.SystemJobService enabled
05-27 03:00:48.113 D/WM-Schedulers(23499): Created SystemJobScheduler and enabled SystemJobService
05-27 03:00:48.125 I/Typeface(23499): updateThemeFont new=Rookery-Regular;old=sans-serif;new=Rookery-Stacked;old=
05-27 03:00:48.126 I/ActivityManager( 3077): Flag disabled. Ignoring finishAttachApplication from uid: 10521. pid: 23499
05-27 03:00:48.134 I/bt_stack( 3992): [INFO:gatt_attr.cc(569)] gatt_connect_cback: remove untrusted client status, bda=78:02:b7:40:f7:e2
05-27 03:00:48.135 W/bt_stack( 3992): [WARNING:bta_gattc_act.cc(1508)] bta_gattc_conn_cback: cif=3 connected=0 conn_id=0x0003 reason=0x00ff
05-27 03:00:48.135 W/bt_stack( 3992): [WARNING:bta_gattc_act.cc(1508)] bta_gattc_conn_cback: cif=4 connected=0 conn_id=0x0004 reason=0x00ff
05-27 03:00:48.135 W/bt_stack( 3992): [WARNING:bta_gattc_act.cc(1508)] bta_gattc_conn_cback: cif=5 connected=0 conn_id=0x0005 reason=0x00ff
05-27 03:00:48.135 W/bt_stack( 3992): [WARNING:bta_gattc_act.cc(1508)] bta_gattc_conn_cback: cif=6 connected=0 conn_id=0x0006 reason=0x00ff
05-27 03:00:48.135 W/bt_stack( 3992): [WARNING:bta_gattc_act.cc(1508)] bta_gattc_conn_cback: cif=7 connected=0 conn_id=0x0007 reason=0x00ff
05-27 03:00:48.135 W/bt_stack( 3992): [WARNING:bta_gattc_act.cc(1508)] bta_gattc_conn_cback: cif=8 connected=0 conn_id=0x0008 reason=0x00ff
05-27 03:00:48.135 I/bt_stack( 3992): [INFO:bta_tmap_main.cc(192)] BTTmapCback: bttmap cback
05-27 03:00:48.135 I/bt_stack( 3992): [INFO:bta_tmap_main.cc(197)] HandleTmapEvent: Tmap handle event: BTA_GATTS_DISCONNECT_EVT
05-27 03:00:48.135 I/bt_stack( 3992): [INFO:bta_tmap_main.cc(274)] HandleTmapEvent: event not matched !!
05-27 03:00:48.135 W/bt_stack( 3992): [WARNING:bta_gattc_act.cc(1508)] bta_gattc_conn_cback: cif=10 connected=0 conn_id=0x000a reason=0x00ff
05-27 03:00:48.135 W/bt_stack( 3992): [WARNING:bta_gattc_act.cc(1508)] bta_gattc_conn_cback: cif=11 connected=0 conn_id=0x000b reason=0x00ff
05-27 03:00:48.135 W/bt_stack( 3992): [WARNING:bta_gattc_act.cc(1508)] bta_gattc_conn_cback: cif=12 connected=0 conn_id=0x000c reason=0x00ff
05-27 03:00:48.135 W/bt_stack( 3992): [WARNING:bta_gattc_act.cc(1508)] bta_gattc_conn_cback: cif=13 connected=0 conn_id=0x000d reason=0x00ff
05-27 03:00:48.135 I/bt_stack( 3992): [INFO:bta_mcp_main.cc(895)] HandleMcsEvent   mcs handle event BTA_GATTS_DISCONNECT_EVT
05-27 03:00:48.135 I/bt_stack( 3992): [INFO:bta_mcp_main.cc(1082)] HandleMcsEvent   remote devices disconnected conn_id 14
05-27 03:00:48.135 I/bt_stack( 3992): [INFO:bta_mcp_main.cc(1638)] HandleMcsEventfree rsp data
05-27 03:00:48.135 I/bt_stack( 3992): [INFO:bta_cc_main.cc(1163)] HandleCcsEvent: event: : Unknown bta cc event
05-27 03:00:48.135 I/bt_stack( 3992): [INFO:bta_cc_main.cc(1319)] HandleCcsEvent: remote devices disconnected, conn_id: 15
05-27 03:00:48.135 I/bt_stack( 3992): [INFO:bta_cc_main.cc(1323)] HandleCcsEvent: remote device not found 
05-27 03:00:48.135 I/bt_stack( 3992): [INFO:bta_cc_main.cc(2072)] HandleCcsEventfree rsp data
05-27 03:00:48.135 W/bt_stack( 3992): [WARNING:bta_gattc_act.cc(1508)] bta_gattc_conn_cback: cif=16 connected=0 conn_id=0x0010 reason=0x00ff
05-27 03:00:48.135 W/bt_stack( 3992): [WARNING:bta_gattc_act.cc(1508)] bta_gattc_conn_cback: cif=18 connected=0 conn_id=0x0012 reason=0x00ff
05-27 03:00:48.135 I/bt_stack( 3992): [INFO:connection_manager.cc(280)] lower the scan parameters used for connecting
05-27 03:00:48.135 I/bt_stack( 3992): [INFO:btm_ble_bgconn.cc(433)] Already connection initiated (or) No Pending connections(or) Resources of lcb are exhausted
05-27 03:00:48.135 W/bt_stack( 3992): [WARNING:bta_gattc_act.cc(463)] bta_gattc_open_fail: Cannot establish Connection. conn_id=000000. Return GATT_Status(255)
05-27 03:00:48.136 D/vendor.qti.bluetooth@1.0-ibs_handler( 1758): SerialClockVote: vote for UART CLK ON
05-27 03:00:48.136 D/BtGatt.GattService( 3992): onClientConnected() connId=17, address=78:02:B7:40:F7:E2, connected=false
05-27 03:00:48.136 D/vendor.qti.bluetooth@1.0-wake_lock( 1758): Acquire wakelock is acquired 
05-27 03:00:48.136 I/vendor.qti.bluetooth@1.0-ibs_handler( 1758): DeviceWakeUp: Writing IBS_WAKE_IND
05-27 03:00:48.136 D/BtGatt.GattService( 3992): onConnected() - clientIf=4, connId=0, address=78:02:B7:40:F7:E2
05-27 03:00:48.136 D/BluetoothGattServer(18909): onServerConnectionState() - status=0 serverIf=17 device=78:02:B7:40:F7:E2
05-27 03:00:48.136 D/BluetoothGatt(18746): onClientConnectionState() - status=255 clientIf=4 device=78:02:B7:40:F7:E2
05-27 03:00:48.137 I/LogConnect(18746): ----------->onConnectionStateChange status: 255,newState=0,gatt =android.bluetooth.BluetoothGatt@39717c,mBluetoothGatt =android.bluetooth.BluetoothGatt@39717c
05-27 03:00:48.137 I/LogSync (18746): 计时器 关闭 commandType=103
05-27 03:00:48.137 I/LogDial (18746): 表盘计时器 关闭 commandType=0
05-27 03:00:48.137 I/LogSync (18746): 移除所有命令
05-27 03:00:48.137 I/LogConnect(18746): 关闭通知命令 commandType=21
05-27 03:00:48.137 I/LogConnect(18746): 是否重连 =1,RECONNECT_ENABLE=true,bandIsResetting=false,status=255,IS_RK_FIRWARE_UPDATING=false
05-27 03:00:48.137 I/LogConnect(18746): 异常状态下的重连次数=3527
05-27 03:00:48.138 D/BluetoothGatt(18746): close()
05-27 03:00:48.138 D/BluetoothGatt(18746): unregisterApp() - mClientIf=4
05-27 03:00:48.139 D/BroadcastService( 3992): getBroadcastAddress
05-27 03:00:48.139 D/BroadcastService( 3992): isBroadcastActive: Broadcast is turned to off
05-27 03:00:48.139 D/BtGatt.GattService( 3992): unregisterClient() - clientIf=4
05-27 03:00:48.140 I/LogSync (18746): homepage result = true,status = 19
