--------- beginning of main
05-27 03:00:46.692 D/AdaptivePerfD( 6558): PackageChangedReceiver.onReceive [android.intent.action.PACKAGE_DATA_CLEARED, com.deepeye.musicpro.debug]
05-27 03:00:46.700 D/AdaptivePerfD( 6558): h.onPackageChanged [ApplicationInfo{54c0bf com.deepeye.musicpro.debug}.enabled]
--------- beginning of system
05-27 03:00:46.730 W/UserUtils( 3077): Couldn't find DevicePolicyManager adapter implementation
05-27 03:00:46.736 I/Finsky  (16651): [2] ajwt - Received: android.intent.action.PACKAGE_ADDED, [eI_8S6XR7qS7-Zr5uq7-SP7vivZbJQsNeknI8h2PC10]
05-27 03:00:46.737 I/dtki    (14205): (REDACTED) maybeUpdateCacheDataForAddedPackage %s
05-27 03:00:46.737 D/BatteryOptimizationPolicy( 3077): setNonBatteryOptimizedModeForAppList: [com.motorola.oemconfig.rel, com.motorola.oemconfig.demo, com.motorola.enterprise.adapter.service]
05-27 03:00:46.737 E/DeviceIdleController( 3077): Tried to add unknown package to power save whitelist: com.motorola.oemconfig.demo
05-27 03:00:46.737 E/DeviceIdleController( 3077): Tried to add unknown package to power save whitelist: com.motorola.oemconfig.rel
05-27 03:00:46.737 I/Finsky:background(13343): [2] ajwj - Received: android.intent.action.PACKAGE_ADDED, [eI_8S6XR7qS7-Zr5uq7-SP7vivZbJQsNeknI8h2PC10]
05-27 03:00:46.737 D/BatteryOptimizationPolicy( 3077): Package not found: com.motorola.oemconfig.rel Current user: 0
05-27 03:00:46.737 D/BatteryOptimizationPolicy( 3077): Package not found: com.motorola.oemconfig.demo Current user: 0
05-27 03:00:46.737 D/BatteryOptimizationPolicy( 3077): Granting permission to run jobs when in background: com.motorola.enterprise.adapter.service(UID: 10360)
05-27 03:00:46.737 D/BatteryOptimizationPolicy( 3077): setNonBatteryOptimizedModeForAppList: [com.motorola.oemconfig.rel, com.motorola.oemconfig.demo, com.motorola.enterprise.adapter.service]
05-27 03:00:46.737 E/DeviceIdleController( 3077): Tried to add unknown package to power save whitelist: com.motorola.oemconfig.demo
05-27 03:00:46.737 E/DeviceIdleController( 3077): Tried to add unknown package to power save whitelist: com.motorola.oemconfig.rel
05-27 03:00:46.737 D/BatteryOptimizationPolicy( 3077): Package not found: com.motorola.oemconfig.rel Current user: 0
05-27 03:00:46.737 D/BatteryOptimizationPolicy( 3077): Package not found: com.motorola.oemconfig.demo Current user: 0
05-27 03:00:46.737 D/BatteryOptimizationPolicy( 3077): Granting permission to run jobs when in background: com.motorola.enterprise.adapter.service(UID: 10360)
05-27 03:00:46.738 D/MotoSystemServer( 4129): #1 mRemovedPackages remove: com.deepeye.musicpro.debug
05-27 03:00:46.739 D/ControlsListingControllerImpl( 7709): ServiceConfig reloaded, count: 2
05-27 03:00:46.740 D/CarrierSvcBindHelper( 4090): onPackageModified: com.deepeye.musicpro.debug
05-27 03:00:46.741 I/MotoDesktopLog(18909): [ PluginUIController ] - queryShowUIPlugin() pkg com.deepeye.musicpro.debug
05-27 03:00:46.741 D/CarrierSvcBindHelper( 4090): No carrier app for: 0
05-27 03:00:46.741 D/CarrierSvcBindHelper( 4090): No carrier app for: 1
05-27 03:00:46.741 I/MotoFreeForm( 6440): [PackageMonitor] package_change : pkgName = com.deepeye.musicpro.debug enabledState = 0
05-27 03:00:46.741 W/MotoFreeForm( 6440): [FreeFormProvider] notifyConfigChanged: key = supported_packages
05-27 03:00:46.742 D/Avrcp_ext( 3992): AvrcpServiceBroadcastReceiver-> Action: android.intent.action.PACKAGE_CHANGED
05-27 03:00:46.742 D/Avrcp_ext( 3992): AvrcpServiceBroadcastReceiver-> packageName: com.deepeye.musicpro.debug
05-27 03:00:46.742 V/Avrcp_ext( 3992): AvrcpMessageHandler: received message=40
05-27 03:00:46.743 D/Avrcp_ext( 3992): packageName: com.deepeye.musicpro.debug removed: false
05-27 03:00:46.743 D/Avrcp_ext( 3992): isBrowsableListUpdated: browsable list size mismatch, true
05-27 03:00:46.743 D/Avrcp_ext( 3992): Exit handlePackageModified
05-27 03:00:46.743 V/Avrcp_ext( 3992): Exit handleMessage
05-27 03:00:46.743 E/MotoFreeForm( 6440): [FreeFormProvider] query: uri: content://com.motorola.freeform.settings/supported_packages
05-27 03:00:46.743 V/Avrcp_ext( 3992): AvrcpMessageHandler: received message=39
05-27 03:00:46.743 D/Avrcp_ext( 3992): MSG_UPDATE_MEDIA_PLAYER_LIST
05-27 03:00:46.743 D/Avrcp_ext( 3992): buildBrowsablePlayerList 
05-27 03:00:46.744 V/Avrcp_ext( 3992): getMediaPlayerInfo: Found com.google.android.googlequicksearchbox
05-27 03:00:46.744 V/Avrcp_ext( 3992): isBrowseSupported for com.google.android.googlequicksearchbox: false
05-27 03:00:46.745 I/InputReader( 3077): Reconfiguring input devices, changes=KEYBOARD_LAYOUTS
05-27 03:00:46.746 D/Avrcp_ext( 3992): Adding media player info for com.google.android.googlequicksearchbox with id 2
05-27 03:00:46.746 D/Avrcp_ext( 3992): update #2:MediaPlayerInfo com.google.android.googlequicksearchbox (as 'Google') Type = 1, SubType = 0, Status = 0 Feature Bits [40 41 42 44 45 47 48 58] Controller: null
05-27 03:00:46.746 D/Avrcp_ext( 3992): Added MediaPlayerController/MediaPlayerPackage
05-27 03:00:46.746 V/Avrcp_ext( 3992): getMediaPlayerInfo: Found com.google.android.youtube
05-27 03:00:46.746 V/Avrcp_ext( 3992): isBrowseSupported for com.google.android.youtube: false
05-27 03:00:46.746 D/Avrcp_ext( 3992): Adding media player info for com.google.android.youtube with id 3
05-27 03:00:46.747 I/PkDeviceHelper( 3757): PkDeviceHelper.refreshDevices():87 refreshing devices
05-27 03:00:46.748 D/Avrcp_ext( 3992): update #3:MediaPlayerInfo com.google.android.youtube (as 'YouTube') Type = 1, SubType = 0, Status = 2 Feature Bits [40 41 42 44 45 47 48 58] Controller: MediaController (com.google.android.youtube@ba0f12f) The UFO Files | What was America SECRETLY Hiding For 89 Years? | Dhruv Rathee, Dhruv Rathee, Dhruv Rathee
05-27 03:00:46.748 V/Avrcp_ext( 3992): updateNewIds: Addressed:3 to 3, Browse:-1 to -1
05-27 03:00:46.748 W/RegisteredComponentCache( 6379): Unable to load component info ResolveInfo{60c7cbe com.creditcard.onecard/in.juspay.hypernfc.NfcActivity m=0x108000 userHandle=UserHandle{0}}
05-27 03:00:46.748 W/RegisteredComponentCache( 6379): org.xmlpull.v1.XmlPullParserException: No android.nfc.action.TECH_DISCOVERED meta-data
05-27 03:00:46.748 W/RegisteredComponentCache( 6379): 	at com.android.nfc.RegisteredComponentCache.parseComponentInfo(RegisteredComponentCache.java:186)
05-27 03:00:46.748 W/RegisteredComponentCache( 6379): 	at com.android.nfc.RegisteredComponentCache.generateComponentsList(RegisteredComponentCache.java:160)
05-27 03:00:46.748 W/RegisteredComponentCache( 6379): 	at com.android.nfc.RegisteredComponentCache$1.onReceive(RegisteredComponentCache.java:65)
05-27 03:00:46.748 W/RegisteredComponentCache( 6379): 	at android.app.LoadedApk$ReceiverDispatcher$Args.lambda$getRunnable$0(LoadedApk.java:1830)
05-27 03:00:46.748 W/RegisteredComponentCache( 6379): 	at android.app.LoadedApk$ReceiverDispatcher$Args.$r8$lambda$gDuJqgxY6Zb-ifyeubKeivTLAwk(Unknown Source:0)
05-27 03:00:46.748 W/RegisteredComponentCache( 6379): 	at android.app.LoadedApk$ReceiverDispatcher$Args$$ExternalSyntheticLambda0.run(Unknown Source:2)
05-27 03:00:46.748 W/RegisteredComponentCache( 6379): 	at android.os.Handler.handleCallback(Handler.java:1000)
05-27 03:00:46.748 W/RegisteredComponentCache( 6379): 	at android.os.Handler.dispatchMessage(Handler.java:104)
05-27 03:00:46.748 W/RegisteredComponentCache( 6379): 	at android.os.Looper.loopOnce(Looper.java:242)
05-27 03:00:46.748 W/RegisteredComponentCache( 6379): 	at android.os.Looper.loop(Looper.java:362)
05-27 03:00:46.748 W/RegisteredComponentCache( 6379): 	at android.app.ActivityThread.main(ActivityThread.java:8448)
05-27 03:00:46.748 W/RegisteredComponentCache( 6379): 	at java.lang.reflect.Method.invoke(Native Method)
05-27 03:00:46.748 W/RegisteredComponentCache( 6379): 	at com.android.internal.os.RuntimeInit$MethodAndArgsCaller.run(RuntimeInit.java:552)
05-27 03:00:46.748 W/RegisteredComponentCache( 6379): 	at com.android.internal.os.ZygoteInit.main(ZygoteInit.java:992)
05-27 03:00:46.748 W/RegisteredComponentCache( 6379): Unable to load component info ResolveInfo{e418c6c com.earlysalary.android/com.cashfree.pg.ui.hidden.checkout.CashfreeNativeCheckoutActivity m=0x108000 userHandle=UserHandle{0}}
05-27 03:00:46.748 W/RegisteredComponentCache( 6379): org.xmlpull.v1.XmlPullParserException: No android.nfc.action.TECH_DISCOVERED meta-data
05-27 03:00:46.748 W/RegisteredComponentCache( 6379): 	at com.android.nfc.RegisteredComponentCache.parseComponentInfo(RegisteredComponentCache.java:186)
05-27 03:00:46.748 W/RegisteredComponentCache( 6379): 	at com.android.nfc.RegisteredComponentCache.generateComponentsList(RegisteredComponentCache.java:160)
05-27 03:00:46.748 W/RegisteredComponentCache( 6379): 	at com.android.nfc.RegisteredComponentCache$1.onReceive(RegisteredComponentCache.java:65)
05-27 03:00:46.748 W/RegisteredComponentCache( 6379): 	at android.app.LoadedApk$ReceiverDispatcher$Args.lambda$getRunnable$0(LoadedApk.java:1830)
05-27 03:00:46.748 W/RegisteredComponentCache( 6379): 	at android.app.LoadedApk$ReceiverDispatcher$Args.$r8$lambda$gDuJqgxY6Zb-ifyeubKeivTLAwk(Unknown Source:0)
05-27 03:00:46.748 W/RegisteredComponentCache( 6379): 	at android.app.LoadedApk$ReceiverDispatcher$Args$$ExternalSyntheticLambda0.run(Unknown Source:2)
05-27 03:00:46.748 W/RegisteredComponentCache( 6379): 	at android.os.Handler.handleCallback(Handler.java:1000)
05-27 03:00:46.748 W/RegisteredComponentCache( 6379): 	at android.os.Handler.dispatchMessage(Handler.java:104)
05-27 03:00:46.748 W/RegisteredComponentCache( 6379): 	at android.os.Looper.loopOnce(Looper.java:242)
05-27 03:00:46.748 W/RegisteredComponentCache( 6379): 	at android.os.Looper.loop(Looper.java:362)
05-27 03:00:46.748 W/RegisteredComponentCache( 6379): 	at android.app.ActivityThread.main(ActivityThread.java:8448)
05-27 03:00:46.748 W/RegisteredComponentCache( 6379): 	at java.lang.reflect.Method.invoke(Native Method)
05-27 03:00:46.748 W/RegisteredComponentCache( 6379): 	at com.android.internal.os.RuntimeInit$MethodAndArgsCaller.run(RuntimeInit.java:552)
05-27 03:00:46.748 W/RegisteredComponentCache( 6379): 	at com.android.internal.os.ZygoteInit.main(ZygoteInit.java:992)
05-27 03:00:46.748 D/MotoSystemServer( 4129): Finding service package:com.motorola.actions and service:com.motorola.actions.motoservice.MotoService
05-27 03:00:46.749 I/PkDeviceHelper( 3757): PkDeviceHelper.refreshDevices():87 refreshing devices
05-27 03:00:46.749 W/RegisteredComponentCache( 6379): Unable to load component info ResolveInfo{f8fa6ca com.ideopay.user/in.juspay.hypernfc.NfcActivity m=0x108000 userHandle=UserHandle{0}}
05-27 03:00:46.749 W/RegisteredComponentCache( 6379): org.xmlpull.v1.XmlPullParserException: No android.nfc.action.TECH_DISCOVERED meta-data
05-27 03:00:46.749 W/RegisteredComponentCache( 6379): 	at com.android.nfc.RegisteredComponentCache.parseComponentInfo(RegisteredComponentCache.java:186)
05-27 03:00:46.749 W/RegisteredComponentCache( 6379): 	at com.android.nfc.RegisteredComponentCache.generateComponentsList(RegisteredComponentCache.java:160)
05-27 03:00:46.749 W/RegisteredComponentCache( 6379): 	at com.android.nfc.RegisteredComponentCache$1.onReceive(RegisteredComponentCache.java:65)
05-27 03:00:46.749 W/RegisteredComponentCache( 6379): 	at android.app.LoadedApk$ReceiverDispatcher$Args.lambda$getRunnable$0(LoadedApk.java:1830)
05-27 03:00:46.749 W/RegisteredComponentCache( 6379): 	at android.app.LoadedApk$ReceiverDispatcher$Args.$r8$lambda$gDuJqgxY6Zb-ifyeubKeivTLAwk(Unknown Source:0)
05-27 03:00:46.749 W/RegisteredComponentCache( 6379): 	at android.app.LoadedApk$ReceiverDispatcher$Args$$ExternalSyntheticLambda0.run(Unknown Source:2)
05-27 03:00:46.749 W/RegisteredComponentCache( 6379): 	at android.os.Handler.handleCallback(Handler.java:1000)
05-27 03:00:46.749 W/RegisteredComponentCache( 6379): 	at android.os.Handler.dispatchMessage(Handler.java:104)
05-27 03:00:46.749 W/RegisteredComponentCache( 6379): 	at android.os.Looper.loopOnce(Looper.java:242)
05-27 03:00:46.749 W/RegisteredComponentCache( 6379): 	at android.os.Looper.loop(Looper.java:362)
05-27 03:00:46.749 W/RegisteredComponentCache( 6379): 	at android.app.ActivityThread.main(ActivityThread.java:8448)
05-27 03:00:46.749 W/RegisteredComponentCache( 6379): 	at java.lang.reflect.Method.invoke(Native Method)
05-27 03:00:46.749 W/RegisteredComponentCache( 6379): 	at com.android.internal.os.RuntimeInit$MethodAndArgsCaller.run(RuntimeInit.java:552)
05-27 03:00:46.749 W/RegisteredComponentCache( 6379): 	at com.android.internal.os.ZygoteInit.main(ZygoteInit.java:992)
05-27 03:00:46.749 D/FreeformGesture( 7709): onStateChanged: State{mIsPackageAvailable=true, mPillGestureEnabled=false, mVibrationEnabled=true, mShortcutPanelShowing=false, mSwipeInEnabled=false, mHunFreeformEnabled=true, mIsInGameMode=false, mIsRecentsShowing=false, mPillXPosition=1, mPillYPosition=600, mIsInTutorialMode=false, mIsDoubleTapPowerEnabled=false}
05-27 03:00:46.749 D/MotoSystemServer( 4129): Finding service package:com.motorola.aiservices and service:com.motorola.mya.MayaManagerService
05-27 03:00:46.749 W/RegisteredComponentCache( 6379): Unable to load component info ResolveInfo{ff10358 com.muthootfincorpone.superapp/com.cashfree.pg.ui.hidden.checkout.CashfreeNativeCheckoutActivity m=0x108000 userHandle=UserHandle{0}}
05-27 03:00:46.749 W/RegisteredComponentCache( 6379): org.xmlpull.v1.XmlPullParserException: No android.nfc.action.TECH_DISCOVERED meta-data
05-27 03:00:46.749 W/RegisteredComponentCache( 6379): 	at com.android.nfc.RegisteredComponentCache.parseComponentInfo(RegisteredComponentCache.java:186)
05-27 03:00:46.749 W/RegisteredComponentCache( 6379): 	at com.android.nfc.RegisteredComponentCache.generateComponentsList(RegisteredComponentCache.java:160)
05-27 03:00:46.749 W/RegisteredComponentCache( 6379): 	at com.android.nfc.RegisteredComponentCache$1.onReceive(RegisteredComponentCache.java:65)
05-27 03:00:46.749 W/RegisteredComponentCache( 6379): 	at android.app.LoadedApk$ReceiverDispatcher$Args.lambda$getRunnable$0(LoadedApk.java:1830)
05-27 03:00:46.749 W/RegisteredComponentCache( 6379): 	at android.app.LoadedApk$ReceiverDispatcher$Args.$r8$lambda$gDuJqgxY6Zb-ifyeubKeivTLAwk(Unknown Source:0)
05-27 03:00:46.749 W/RegisteredComponentCache( 6379): 	at android.app.LoadedApk$ReceiverDispatcher$Args$$ExternalSyntheticLambda0.run(Unknown Source:2)
05-27 03:00:46.749 W/RegisteredComponentCache( 6379): 	at android.os.Handler.handleCallback(Handler.java:1000)
05-27 03:00:46.749 W/RegisteredComponentCache( 6379): 	at android.os.Handler.dispatchMessage(Handler.java:104)
05-27 03:00:46.749 W/RegisteredComponentCache( 6379): 	at android.os.Looper.loopOnce(Looper.java:242)
05-27 03:00:46.749 W/RegisteredComponentCache( 6379): 	at android.os.Looper.loop(Looper.java:362)
05-27 03:00:46.749 W/RegisteredComponentCache( 6379): 	at android.app.ActivityThread.main(ActivityThread.java:8448)
05-27 03:00:46.749 W/RegisteredComponentCache( 6379): 	at java.lang.reflect.Method.invoke(Native Method)
05-27 03:00:46.749 W/RegisteredComponentCache( 6379): 	at com.android.internal.os.RuntimeInit$MethodAndArgsCaller.run(RuntimeInit.java:552)
05-27 03:00:46.749 W/RegisteredComponentCache( 6379): 	at com.android.internal.os.ZygoteInit.main(ZygoteInit.java:992)
05-27 03:00:46.749 W/RegisteredComponentCache( 6379): Unable to load component info ResolveInfo{7696596 com.naviapp/in.juspay.hypernfc.NfcActivity m=0x108000 userHandle=UserHandle{0}}
05-27 03:00:46.749 W/RegisteredComponentCache( 6379): org.xmlpull.v1.XmlPullParserException: No android.nfc.action.TECH_DISCOVERED meta-data
05-27 03:00:46.749 W/RegisteredComponentCache( 6379): 	at com.android.nfc.RegisteredComponentCache.parseComponentInfo(RegisteredComponentCache.java:186)
05-27 03:00:46.749 W/RegisteredComponentCache( 6379): 	at com.android.nfc.RegisteredComponentCache.generateComponentsList(RegisteredComponentCache.java:160)
05-27 03:00:46.749 W/RegisteredComponentCache( 6379): 	at com.android.nfc.RegisteredComponentCache$1.onReceive(RegisteredComponentCache.java:65)
05-27 03:00:46.749 W/RegisteredComponentCache( 6379): 	at android.app.LoadedApk$ReceiverDispatcher$Args.lambda$getRunnable$0(LoadedApk.java:1830)
05-27 03:00:46.749 W/RegisteredComponentCache( 6379): 	at android.app.LoadedApk$ReceiverDispatcher$Args.$r8$lambda$gDuJqgxY6Zb-ifyeubKeivTLAwk(Unknown Source:0)
05-27 03:00:46.749 W/RegisteredComponentCache( 6379): 	at android.app.LoadedApk$ReceiverDispatcher$Args$$ExternalSyntheticLambda0.run(Unknown Source:2)
05-27 03:00:46.749 W/RegisteredComponentCache( 6379): 	at android.os.Handler.handleCallback(Handler.java:1000)
05-27 03:00:46.749 W/RegisteredComponentCache( 6379): 	at android.os.Handler.dispatchMessage(Handler.java:104)
05-27 03:00:46.749 W/RegisteredComponentCache( 6379): 	at android.os.Looper.loopOnce(Looper.java:242)
05-27 03:00:46.749 W/RegisteredComponentCache( 6379): 	at android.os.Looper.loop(Looper.java:362)
05-27 03:00:46.749 W/RegisteredComponentCache( 6379): 	at android.app.ActivityThread.main(ActivityThread.java:8448)
05-27 03:00:46.749 W/RegisteredComponentCache( 6379): 	at java.lang.reflect.Method.invoke(Native Method)
05-27 03:00:46.749 W/RegisteredComponentCache( 6379): 	at com.android.internal.os.RuntimeInit$MethodAndArgsCaller.run(RuntimeInit.java:552)
05-27 03:00:46.749 W/RegisteredComponentCache( 6379): 	at com.android.internal.os.ZygoteInit.main(ZygoteInit.java:992)
05-27 03:00:46.749 D/MotoSystemServer( 4129): Finding service package:com.motorola.ccc.devicemanagement and service:com.motorola.ccc.devicemanagement.SystemServerBindService
05-27 03:00:46.749 W/RegisteredComponentCache( 6379): Unable to load component info ResolveInfo{a1efd04 com.whizdm.moneyview.loans/in.juspay.hypernfc.NfcActivity m=0x108000 userHandle=UserHandle{0}}
05-27 03:00:46.749 W/RegisteredComponentCache( 6379): org.xmlpull.v1.XmlPullParserException: No android.nfc.action.TECH_DISCOVERED meta-data
05-27 03:00:46.749 W/RegisteredComponentCache( 6379): 	at com.android.nfc.RegisteredComponentCache.parseComponentInfo(RegisteredComponentCache.java:186)
05-27 03:00:46.749 W/RegisteredComponentCache( 6379): 	at com.android.nfc.RegisteredComponentCache.generateComponentsList(RegisteredComponentCache.java:160)
05-27 03:00:46.749 W/RegisteredComponentCache( 6379): 	at com.android.nfc.RegisteredComponentCache$1.onReceive(RegisteredComponentCache.java:65)
05-27 03:00:46.749 W/RegisteredComponentCache( 6379): 	at android.app.LoadedApk$ReceiverDispatcher$Args.lambda$getRunnable$0(LoadedApk.java:1830)
05-27 03:00:46.749 W/RegisteredComponentCache( 6379): 	at android.app.LoadedApk$ReceiverDispatcher$Args.$r8$lambda$gDuJqgxY6Zb-ifyeubKeivTLAwk(Unknown Source:0)
05-27 03:00:46.749 W/RegisteredComponentCache( 6379): 	at android.app.LoadedApk$ReceiverDispatcher$Args$$ExternalSyntheticLambda0.run(Unknown Source:2)
05-27 03:00:46.749 W/RegisteredComponentCache( 6379): 	at android.os.Handler.handleCallback(Handler.java:1000)
05-27 03:00:46.749 W/RegisteredComponentCache( 6379): 	at android.os.Handler.dispatchMessage(Handler.java:104)
05-27 03:00:46.749 W/RegisteredComponentCache( 6379): 	at android.os.Looper.loopOnce(Looper.java:242)
05-27 03:00:46.749 W/RegisteredComponentCache( 6379): 	at android.os.Looper.loop(Looper.java:362)
05-27 03:00:46.749 W/RegisteredComponentCache( 6379): 	at android.app.ActivityThread.main(ActivityThread.java:8448)
05-27 03:00:46.749 W/RegisteredComponentCache( 6379): 	at java.lang.reflect.Method.invoke(Native Method)
05-27 03:00:46.749 W/RegisteredComponentCache( 6379): 	at com.android.internal.os.RuntimeInit$MethodAndArgsCaller.run(RuntimeInit.java:552)
05-27 03:00:46.749 W/RegisteredComponentCache( 6379): 	at com.android.internal.os.ZygoteInit.main(ZygoteInit.java:992)
05-27 03:00:46.749 D/MotoSystemServer( 4129): package com.motorola.colorbook has no such kind of permission
05-27 03:00:46.749 W/RegisteredComponentCache( 6379): Unable to load component info ResolveInfo{34e4522 com.whizdm.moneyview.loans/com.cashfree.pg.ui.hidden.checkout.CashfreeNativeCheckoutActivity m=0x108000 userHandle=UserHandle{0}}
05-27 03:00:46.749 W/RegisteredComponentCache( 6379): org.xmlpull.v1.XmlPullParserException: No android.nfc.action.TECH_DISCOVERED meta-data
05-27 03:00:46.749 W/RegisteredComponentCache( 6379): 	at com.android.nfc.RegisteredComponentCache.parseComponentInfo(RegisteredComponentCache.java:186)
05-27 03:00:46.749 W/RegisteredComponentCache( 6379): 	at com.android.nfc.RegisteredComponentCache.generateComponentsList(RegisteredComponentCache.java:160)
05-27 03:00:46.749 W/RegisteredComponentCache( 6379): 	at com.android.nfc.RegisteredComponentCache$1.onReceive(RegisteredComponentCache.java:65)
05-27 03:00:46.749 W/RegisteredComponentCache( 6379): 	at android.app.LoadedApk$ReceiverDispatcher$Args.lambda$getRunnable$0(LoadedApk.java:1830)
05-27 03:00:46.749 W/RegisteredComponentCache( 6379): 	at android.app.LoadedApk$ReceiverDispatcher$Args.$r8$lambda$gDuJqgxY6Zb-ifyeubKeivTLAwk(Unknown Source:0)
05-27 03:00:46.749 W/RegisteredComponentCache( 6379): 	at android.app.LoadedApk$ReceiverDispatcher$Args$$ExternalSyntheticLambda0.run(Unknown Source:2)
05-27 03:00:46.749 W/RegisteredComponentCache( 6379): 	at android.os.Handler.handleCallback(Handler.java:1000)
05-27 03:00:46.749 W/RegisteredComponentCache( 6379): 	at android.os.Handler.dispatchMessage(Handler.java:104)
05-27 03:00:46.749 W/RegisteredComponentCache( 6379): 	at android.os.Looper.loopOnce(Looper.java:242)
05-27 03:00:46.749 W/RegisteredComponentCache( 6379): 	at android.os.Looper.loop(Looper.java:362)
05-27 03:00:46.749 W/RegisteredComponentCache( 6379): 	at android.app.ActivityThread.main(ActivityThread.java:8448)
05-27 03:00:46.749 W/RegisteredComponentCache( 6379): 	at java.lang.reflect.Method.invoke(Native Method)
05-27 03:00:46.749 W/RegisteredComponentCache( 6379): 	at com.android.internal.os.RuntimeInit$MethodAndArgsCaller.run(RuntimeInit.java:552)
05-27 03:00:46.749 W/RegisteredComponentCache( 6379): 	at com.android.internal.os.ZygoteInit.main(ZygoteInit.java:992)
05-27 03:00:46.750 D/MotoSystemServer( 4129): Finding service package:com.motorola.discovery and service:com.motorola.discovery.bubble.service.BubbleHintService
05-27 03:00:46.750 I/PkDeviceHelper( 3757): PkDeviceHelper.refreshDevices():87 refreshing devices
05-27 03:00:46.750 D/MotoSystemServer( 4129): Finding service package:com.motorola.dynamicvolume and service:com.motorola.dynamicvolume.service.DynamicVolumeService
05-27 03:00:46.750 D/MotoSystemServer( 4129): Finding service package:com.motorola.gamemode and service:com.motorola.gamemode.GMPersistentService
05-27 03:00:46.750 D/MotoSystemServer( 4129): Finding service package:com.motorola.help and service:com.motorola.feedback.logrequest.service.LogCollectionService
05-27 03:00:46.750 D/MotoSystemServer( 4129): Finding service package:com.motorola.leanbacklauncher and service:com.motorola.leanbacklauncher.MLLPersistentService
05-27 03:00:46.750 I/PkDeviceHelper( 3757): PkDeviceHelper.refreshDevices():87 refreshing devices
05-27 03:00:46.751 D/MotoSystemServer( 4129): Finding service package:com.motorola.mobiledesktop.core and service:com.motorola.mobiledesktop.core.WakeupService
05-27 03:00:46.751 I/PkDeviceHelper( 3757): PkDeviceHelper.refreshDevices():87 refreshing devices
05-27 03:00:46.751 D/MotoSystemServer( 4129): Finding service package:com.motorola.moto and service:com.motorola.mya.MayaManagerService
05-27 03:00:46.752 D/MotoSystemServer( 4129): Finding service package:com.motorola.msimsettings and service:com.motorola.msimsettings.services.PersistentService
05-27 03:00:46.751 W/pool-64-thread-( 3077): type=1400 audit(0.0:481933): avc:  denied  { read } for  name="u:object_r:build_bootimage_prop:s0" dev="tmpfs" ino=113 scontext=u:r:system_server:s0 tcontext=u:object_r:build_bootimage_prop:s0 tclass=file permissive=0
05-27 03:00:46.752 I/PkDeviceHelper( 3757): PkDeviceHelper.refreshDevices():87 refreshing devices
05-27 03:00:46.752 D/MotoSystemServer( 4129): Finding service package:com.motorola.setupwizard.phoneservice and service:com.motorola.setupwizard.phoneservice.LivePhoneService
05-27 03:00:46.752 D/PowerManagerService( 3077): nativeAcquireSuspendBlocker name:PowerManagerService.WakeLocks duration ms: 10
05-27 03:00:46.753 D/AppSearchAppsIndexerManagerS( 3077): userid in package receiver: 10521
05-27 03:00:46.753 I/PkDeviceHelper( 3757): PkDeviceHelper.refreshDevices():87 refreshing devices
05-27 03:00:46.753 W/libc    ( 3077): Access denied finding property "ro.bootimage.build.fingerprint"
05-27 03:00:46.753 D/MotoSystemServer( 4129): Finding service package:com.motorola.stylus and service:com.motorola.stylus.StylusService
05-27 03:00:46.754 D/MotoSystemServer( 4129): Finding service package:com.motorola.timeweatherwidget and service:com.motorola.commandcenter.weather.KeepLiveService
05-27 03:00:46.756 I/PermissionControllerServiceImpl(11721): Updating user sensitive for uid 10521
05-27 03:00:46.756 D/MotoSystemServer( 4129): Finding service package:com.motorola.vzw.settings.extensions and service:com.motorola.vzw.settings.extensions.unifiedsettings.ObserverService
05-27 03:00:46.758 D/MotoSystemServer( 4129): Finding service package:com.thundercomm.ar.core and service:com.thundercomm.ar.core.PersistCoreService
05-27 03:00:46.758 D/Avrcp_ext( 3992): updateCurrentController: MediaController (com.google.android.youtube@ba0f12f) The UFO Files | What was America SECRETLY Hiding For 89 Years? | Dhruv Rathee, Dhruv Rathee, Dhruv Rathee to MediaController (com.google.android.youtube@ba0f12f) The UFO Files | What was America SECRETLY Hiding For 89 Years? | Dhruv Rathee, Dhruv Rathee, Dhruv Rathee
05-27 03:00:46.759 D/RegisteredNfcFServicesCache( 6379): invalidateCache() - Service unchanged, not updating
05-27 03:00:46.759 D/MotoSystemServer( 4129): Component ComponentInfo{com.motorola.leanbacklauncher/com.motorola.leanbacklauncher.MLLPersistentService} is Disabled
05-27 03:00:46.760 V/Avrcp_ext( 3992): updateCurrentMediaState: mMediaController: MediaController (com.google.android.youtube@ba0f12f) The UFO Files | What was America SECRETLY Hiding For 89 Years? | Dhruv Rathee, Dhruv Rathee, Dhruv Rathee
05-27 03:00:46.760 W/Avrcp_ext( 3992): isMusicActive: false getBluetoothPlayState: 2 A2dp State: 11 mAudioPlaybackIsActive: false
05-27 03:00:46.761 D/Avrcp_ext( 3992): isMusicActive = false mAudioPlaybackIsActive = false player state = PlaybackState {state=PAUSED(2), position=89537, buffered position=0, speed=1.0, updated=1626108012, actions=8615, custom actions=[], active item id=-1, error=null}
05-27 03:00:46.761 D/MotoSystemServer( 4129): package com.motorola.stylus disabled. Unschedule
05-27 03:00:46.761 D/MotoSystemServer( 4129): package com.motorola.vzw.settings.extensions disabled. Unschedule
05-27 03:00:46.763 D/Avrcp_ext( 3992): overwrite album_artist :Dhruv Ratheeif album is blank
05-27 03:00:46.764 D/PowerManagerService( 3077): nativeReleaseSuspendBlocker name:PowerManagerService.WakeLocks duration ms: 0
05-27 03:00:46.764 I/Finsky  (16651): [2] Clearing split related stale data.
05-27 03:00:46.765 V/Avrcp_ext( 3992): Media update: id -1➡-1? [MediaAttributes: T⋯e - D⋯e by D⋯e (1350000 0/0) - ] : [MediaAttributes: T⋯e - D⋯e by D⋯e (1350000 0/0) - ]
05-27 03:00:46.765 D/Avrcp_ext( 3992): isPackageNameValid: browsedPackage = com.google.android.youtubeisValid = true
05-27 03:00:46.765 V/Avrcp_ext( 3992): isBrowseSupported for com.google.android.youtube: false
05-27 03:00:46.765 W/Avrcp_ext( 3992): updateCurrentMediaState: isInactivePlayer = false
05-27 03:00:46.765 V/Avrcp_ext( 3992): updatePlaybackState, state: PlaybackState {state=PAUSED(2), position=89537, buffered position=0, speed=1.0, updated=1626108012, actions=8615, custom actions=[], active item id=-1, error=null} device: null
05-27 03:00:46.765 V/Avrcp_ext( 3992): Device: no name: 
05-27 03:00:46.765 V/Avrcp_ext( 3992): Device: no name: 
05-27 03:00:46.765 V/Avrcp_ext( 3992): Device: no name: 
05-27 03:00:46.765 V/Avrcp_ext( 3992): Device: no name: 
05-27 03:00:46.765 V/Avrcp_ext( 3992): Device: no name: 
05-27 03:00:46.765 V/Avrcp_ext( 3992): updatePlayerStateAndPosition, old=PlaybackState {state=PAUSED(2), position=89537, buffered position=0, speed=1.0, updated=1626108012, actions=8615, custom actions=[], active item id=-1, error=null}, state=PlaybackState {state=PAUSED(2), position=89537, buffered position=0, speed=1.0, updated=1626108012, actions=8615, custom actions=[], active item id=-1, error=null}
05-27 03:00:46.765 V/Avrcp_ext( 3992): old state = PlaybackState {state=PAUSED(2), position=89537, buffered position=0, speed=1.0, updated=1626108012, actions=8615, custom actions=[], active item id=-1, error=null}, new state= PlaybackState {state=PAUSED(2), position=89537, buffered position=0, speed=1.0, updated=1626108012, actions=8615, custom actions=[], active item id=-1, error=null}
05-27 03:00:46.765 D/HeadsetService( 3992): getHeadsetService(): returning com.android.bluetooth.hfp.HeadsetService@9390a13
05-27 03:00:46.765 E/HeadsetStateMachine( 3992): returning mCurrentState as Disconnected
05-27 03:00:46.765 E/HeadsetStateMachine( 3992): returning mCurrentState as Disconnected
05-27 03:00:46.765 D/HeadsetService( 3992):  isAudioOn: The number of audio connected devices 0
05-27 03:00:46.765 D/HeadsetService( 3992): isScoOrCallActive(): Call Active:falseCall is Ringing:falseSCO is Active:false
05-27 03:00:46.765 E/HeadsetStateMachine( 3992): returning mCurrentState as Disconnected
05-27 03:00:46.765 E/HeadsetStateMachine( 3992): returning mCurrentState as Disconnected
05-27 03:00:46.765 D/HeadsetService( 3992):  isAudioOn: The number of audio connected devices 0
05-27 03:00:46.765 I/Avrcp_ext( 3992): updatePlayStatusForDevice: device: null
05-27 03:00:46.765 V/Avrcp_ext( 3992): updatePlaybackState (1): old=PlaybackState {state=PAUSED(2), position=89537, buffered position=0, speed=1.0, updated=1626108012, actions=8615, custom actions=[], active item id=-1, error=null}(2), new=PlaybackState {state=PAUSED(2), position=89537, buffered position=0, speed=1.0, updated=1626108012, actions=8615, custom actions=[], active item id=-1, error=null}(2)
05-27 03:00:46.765 I/Avrcp_ext( 3992): Exit updatePlayStatusForDevice
05-27 03:00:46.765 E/HeadsetStateMachine( 3992): returning mCurrentState as Disconnected
05-27 03:00:46.765 E/HeadsetStateMachine( 3992): returning mCurrentState as Disconnected
05-27 03:00:46.765 D/HeadsetService( 3992):  isAudioOn: The number of audio connected devices 0
05-27 03:00:46.765 D/HeadsetService( 3992): isScoOrCallActive(): Call Active:falseCall is Ringing:falseSCO is Active:false
05-27 03:00:46.765 E/HeadsetStateMachine( 3992): returning mCurrentState as Disconnected
05-27 03:00:46.765 E/HeadsetStateMachine( 3992): returning mCurrentState as Disconnected
05-27 03:00:46.765 D/HeadsetService( 3992):  isAudioOn: The number of audio connected devices 0
05-27 03:00:46.765 I/Avrcp_ext( 3992): updatePlayStatusForDevice: device: null
05-27 03:00:46.765 V/Avrcp_ext( 3992): updatePlaybackState (1): old=PlaybackState {state=PAUSED(2), position=89537, buffered position=0, speed=1.0, updated=1626108012, actions=8615, custom actions=[], active item id=-1, error=null}(2), new=PlaybackState {state=PAUSED(2), position=89537, buffered position=0, speed=1.0, updated=1626108012, actions=8615, custom actions=[], active item id=-1, error=null}(2)
05-27 03:00:46.765 I/Avrcp_ext( 3992): Exit updatePlayStatusForDevice
05-27 03:00:46.765 E/HeadsetStateMachine( 3992): returning mCurrentState as Disconnected
05-27 03:00:46.766 E/HeadsetStateMachine( 3992): returning mCurrentState as Disconnected
05-27 03:00:46.766 D/HeadsetService( 3992):  isAudioOn: The number of audio connected devices 0
05-27 03:00:46.766 D/HeadsetService( 3992): isScoOrCallActive(): Call Active:falseCall is Ringing:falseSCO is Active:false
05-27 03:00:46.766 E/HeadsetStateMachine( 3992): returning mCurrentState as Disconnected
05-27 03:00:46.766 E/HeadsetStateMachine( 3992): returning mCurrentState as Disconnected
05-27 03:00:46.766 D/HeadsetService( 3992):  isAudioOn: The number of audio connected devices 0
05-27 03:00:46.766 I/Avrcp_ext( 3992): updatePlayStatusForDevice: device: null
05-27 03:00:46.766 V/Avrcp_ext( 3992): updatePlaybackState (1): old=PlaybackState {state=PAUSED(2), position=89537, buffered position=0, speed=1.0, updated=1626108012, actions=8615, custom actions=[], active item id=-1, error=null}(2), new=PlaybackState {state=PAUSED(2), position=89537, buffered position=0, speed=1.0, updated=1626108012, actions=8615, custom actions=[], active item id=-1, error=null}(2)
05-27 03:00:46.766 I/Avrcp_ext( 3992): Exit updatePlayStatusForDevice
05-27 03:00:46.766 E/HeadsetStateMachine( 3992): returning mCurrentState as Disconnected
05-27 03:00:46.766 E/HeadsetStateMachine( 3992): returning mCurrentState as Disconnected
05-27 03:00:46.766 D/HeadsetService( 3992):  isAudioOn: The number of audio connected devices 0
05-27 03:00:46.766 D/HeadsetService( 3992): isScoOrCallActive(): Call Active:falseCall is Ringing:falseSCO is Active:false
05-27 03:00:46.766 E/HeadsetStateMachine( 3992): returning mCurrentState as Disconnected
05-27 03:00:46.766 I/Finsky  (16651): [929] [ContentSync] finished, scheduled=false
05-27 03:00:46.767 I/Auth    (16834): (REDACTED) [SupervisedAccountIntentOperation] onHandleIntent: %s
05-27 03:00:46.768 W/AppInstallOperation(16834): FDL Migration::InstallIntentOperation by FDL Module [CONTEXT service_id=77 ]
05-27 03:00:46.768 D/MotoSystemServer( 4129): Component ComponentInfo{com.motorola.moto/com.motorola.mya.MayaManagerService} is Disabled
05-27 03:00:46.768 I/FraudProtectUtils(16834): (REDACTED) Latest bank app list size: %d, %s isBankApp: %b
05-27 03:00:46.768 I/PackageInstalledIntentO(16834): (REDACTED) Package %s is not a bank app. Skipping updates.
05-27 03:00:46.772 D/MotoSystemServer( 4129): Component ComponentInfo{com.motorola.dynamicvolume/com.motorola.dynamicvolume.service.DynamicVolumeService} is Disabled
05-27 03:00:46.772 E/HeadsetStateMachine( 3992): returning mCurrentState as Disconnected
05-27 03:00:46.772 D/HeadsetService( 3992):  isAudioOn: The number of audio connected devices 0
05-27 03:00:46.772 I/Avrcp_ext( 3992): updatePlayStatusForDevice: device: null
05-27 03:00:46.773 V/Avrcp_ext( 3992): updatePlaybackState (1): old=PlaybackState {state=PAUSED(2), position=89537, buffered position=0, speed=1.0, updated=1626108012, actions=8615, custom actions=[], active item id=-1, error=null}(2), new=PlaybackState {state=PAUSED(2), position=89537, buffered position=0, speed=1.0, updated=1626108012, actions=8615, custom actions=[], active item id=-1, error=null}(2)
05-27 03:00:46.773 I/Avrcp_ext( 3992): Exit updatePlayStatusForDevice
05-27 03:00:46.773 E/HeadsetStateMachine( 3992): returning mCurrentState as Disconnected
05-27 03:00:46.773 E/HeadsetStateMachine( 3992): returning mCurrentState as Disconnected
05-27 03:00:46.773 D/HeadsetService( 3992):  isAudioOn: The number of audio connected devices 0
05-27 03:00:46.773 D/HeadsetService( 3992): isScoOrCallActive(): Call Active:falseCall is Ringing:falseSCO is Active:false
05-27 03:00:46.773 E/HeadsetStateMachine( 3992): returning mCurrentState as Disconnected
05-27 03:00:46.773 E/HeadsetStateMachine( 3992): returning mCurrentState as Disconnected
05-27 03:00:46.773 D/HeadsetService( 3992):  isAudioOn: The number of audio connected devices 0
05-27 03:00:46.773 I/Avrcp_ext( 3992): updatePlayStatusForDevice: device: null
05-27 03:00:46.773 V/Avrcp_ext( 3992): updatePlaybackState (1): old=PlaybackState {state=PAUSED(2), position=89537, buffered position=0, speed=1.0, updated=1626108012, actions=8615, custom actions=[], active item id=-1, error=null}(2), new=PlaybackState {state=PAUSED(2), position=89537, buffered position=0, speed=1.0, updated=1626108012, actions=8615, custom actions=[], active item id=-1, error=null}(2)
05-27 03:00:46.773 I/Avrcp_ext( 3992): Exit updatePlayStatusForDevice
05-27 03:00:46.773 D/Avrcp_ext( 3992): Enter sendPlayPosNotificationRsp
05-27 03:00:46.773 D/Avrcp_ext( 3992): sendPlayPosNotificationRsp: Not registered or requesting.
05-27 03:00:46.773 D/Avrcp_ext( 3992): Enter sendPlayPosNotificationRsp
05-27 03:00:46.773 D/Avrcp_ext( 3992): sendPlayPosNotificationRsp: Not registered or requesting.
05-27 03:00:46.773 D/Avrcp_ext( 3992): Enter sendPlayPosNotificationRsp
05-27 03:00:46.773 D/Avrcp_ext( 3992): sendPlayPosNotificationRsp: Not registered or requesting.
05-27 03:00:46.773 D/Avrcp_ext( 3992): Enter sendPlayPosNotificationRsp
05-27 03:00:46.773 D/Avrcp_ext( 3992): sendPlayPosNotificationRsp: Not registered or requesting.
05-27 03:00:46.773 D/Avrcp_ext( 3992): Enter sendPlayPosNotificationRsp
05-27 03:00:46.773 D/Avrcp_ext( 3992): sendPlayPosNotificationRsp: Not registered or requesting.
05-27 03:00:46.773 V/Avrcp_ext( 3992): Exit updatePlayerStateAndPosition
05-27 03:00:46.773 D/APM: ActiveDeviceManagerServiceLegacy( 3992): getActiveAbsoluteDevice(): device: null
05-27 03:00:46.773 D/APM: ActiveDeviceManagerServiceLegacy( 3992): isStableState(): true
05-27 03:00:46.773 D/Avrcp_ext( 3992): isAdmStable = true activeAbsAddr = null device = null
05-27 03:00:46.773 V/APM: MediaControlManager( 3992): onPlaybackStateChanged
05-27 03:00:46.773 I/ProximityAuth(26027): [RecentAppsMediator] Package added: (user=UserHandle{0}) com.deepeye.musicpro.debug
05-27 03:00:46.773 W/McpService( 3992): updatePlaybackState state PlaybackState {state=PAUSED(2), position=89537, buffered position=0, speed=1.0, updated=1626108012, actions=8615, custom actions=[], active item id=-1, error=null}
05-27 03:00:46.773 W/McpService( 3992): updatePlaybackState mState: 2 state: 2
05-27 03:00:46.773 W/Avrcp_ext( 3992): updated player state = PlaybackState {state=PAUSED(2), position=89537, buffered position=0, speed=1.0, updated=1626108012, actions=8615, custom actions=[], active item id=-1, error=null}to MCP module also
05-27 03:00:46.773 D/Avrcp_ext( 3992): Added MediaPlayerController/MediaPlayerPackage
05-27 03:00:46.773 V/Avrcp_ext( 3992): getMediaPlayerInfo: Found com.jio.myjio
05-27 03:00:46.773 V/Avrcp_ext( 3992): isBrowseSupported for com.jio.myjio: false
05-27 03:00:46.773 D/Avrcp_ext( 3992): Adding media player info for com.jio.myjio with id 4
05-27 03:00:46.774 D/Avrcp_ext( 3992): update #4:MediaPlayerInfo com.jio.myjio (as 'MyJio') Type = 1, SubType = 0, Status = 0 Feature Bits [40 41 42 44 45 47 48 58] Controller: null
05-27 03:00:46.774 D/Avrcp_ext( 3992): Added MediaPlayerController/MediaPlayerPackage
05-27 03:00:46.774 V/Avrcp_ext( 3992): getMediaPlayerInfo: Found org.schabi.newpipe
05-27 03:00:46.774 V/Avrcp_ext( 3992): isBrowseSupported for org.schabi.newpipe: false
05-27 03:00:46.774 D/Avrcp_ext( 3992): Adding media player info for org.schabi.newpipe with id 8
05-27 03:00:46.774 I/FontLog (26027): (REDACTED) Package %s has no metadata
05-27 03:00:46.774 D/Avrcp_ext( 3992): update #8:MediaPlayerInfo org.schabi.newpipe (as 'NewPipe') Type = 1, SubType = 0, Status = 0 Feature Bits [40 41 42 44 45 47 48 58] Controller: null
05-27 03:00:46.774 D/Avrcp_ext( 3992): Added MediaPlayerController/MediaPlayerPackage
05-27 03:00:46.774 V/Avrcp_ext( 3992): getMediaPlayerInfo: Found org.videolan.vlc
05-27 03:00:46.774 V/Avrcp_ext( 3992): isBrowseSupported for org.videolan.vlc: false
05-27 03:00:46.775 D/Avrcp_ext( 3992): Adding media player info for org.videolan.vlc with id 5
05-27 03:00:46.775 D/Avrcp_ext( 3992): update #5:MediaPlayerInfo org.videolan.vlc (as 'VLC') Type = 1, SubType = 0, Status = 0 Feature Bits [40 41 42 44 45 47 48 58] Controller: null
05-27 03:00:46.775 D/Avrcp_ext( 3992): Added MediaPlayerController/MediaPlayerPackage
05-27 03:00:46.775 D/MotoSystemServer( 4129): package com.motorola.setupwizard.phoneservice disabled. Unschedule
05-27 03:00:46.777 I/Finsky  (16651): [2] AIM: AppInfoCacheUpdater -> invalidating apps: [com.deepeye.musicpro.debug]
05-27 03:00:46.777 I/Finsky  (16651): [2] AIM: AppInfoManager-Perf > getApps > called for 1 apps
05-27 03:00:46.777 I/Finsky  (16651): [848] AIM: AppInfoManager-Perf > OnDeviceAppInfo > cacheHitCount=0, cacheMissCount=1. Missed  in cache (limit 10) : [com.deepeye.musicpro.debug]
05-27 03:00:46.777 I/Finsky  (16651): [848] AIM: Got app ownership map. App counts: . Unique apps: 0
05-27 03:00:46.777 E/Finsky  (16651): [848] [Counters] attempted to use a non-positive increment for: 4752
05-27 03:00:46.777 I/Finsky  (16651): [848] AIM: AppInfoManager-Perf > OnDeviceAppInfo > cacheHitCount=0, cacheMissCount=1. Missed  in cache (limit 10) : [com.deepeye.musicpro.debug]
05-27 03:00:46.778 V/Avrcp_ext( 3992): updateCurrentMediaState: mMediaController: MediaController (com.google.android.youtube@ba0f12f) The UFO Files | What was America SECRETLY Hiding For 89 Years? | Dhruv Rathee, Dhruv Rathee, Dhruv Rathee
05-27 03:00:46.778 W/Avrcp_ext( 3992): isMusicActive: false getBluetoothPlayState: 2 A2dp State: 11 mAudioPlaybackIsActive: false
05-27 03:00:46.778 I/Finsky  (16651): [852] AIM: Got app ownership map. App counts: . Unique apps: 0
05-27 03:00:46.778 E/Finsky  (16651): [852] [Counters] attempted to use a non-positive increment for: 4752
05-27 03:00:46.778 W/GCM     (26027): Unexpected forwarded intent: Intent { act=android.intent.action.PACKAGE_ADDED dat=package: flg=0x4000010 pkg=com.google.android.gms cmp=com.google.android.gms/.chimera.PersistentIntentOperationService (has extras) }
05-27 03:00:46.778 I/Finsky  (16651): [2] DTU: Received onPackageAdded, replacing: false
05-27 03:00:46.778 W/NetworkScheduler(26027): Unexpected forwarded intent: Intent { act=android.intent.action.PACKAGE_ADDED dat=package: flg=0x4000010 pkg=com.google.android.gms cmp=com.google.android.gms/.chimera.PersistentIntentOperationService (has extras) }
05-27 03:00:46.780 D/Avrcp_ext( 3992): isMusicActive = false mAudioPlaybackIsActive = false player state = PlaybackState {state=PAUSED(2), position=89537, buffered position=0, speed=1.0, updated=1626108012, actions=8615, custom actions=[], active item id=-1, error=null}
05-27 03:00:46.781 I/Finsky:background(13343): [901] Wrote row to frosting DB: 15251
05-27 03:00:46.783 I/NearbyDiscovery(16834): (REDACTED) processGrantSlicePermission: %s
05-27 03:00:46.783 D/Avrcp_ext( 3992): overwrite album_artist :Dhruv Ratheeif album is blank
05-27 03:00:46.784 V/Avrcp_ext( 3992): Media update: id -1➡-1? [MediaAttributes: T⋯e - D⋯e by D⋯e (1350000 0/0) - ] : [MediaAttributes: T⋯e - D⋯e by D⋯e (1350000 0/0) - ]
05-27 03:00:46.784 D/Avrcp_ext( 3992): isPackageNameValid: browsedPackage = com.google.android.youtubeisValid = true
05-27 03:00:46.784 V/Avrcp_ext( 3992): isBrowseSupported for com.google.android.youtube: false
05-27 03:00:46.784 W/Avrcp_ext( 3992): updateCurrentMediaState: isInactivePlayer = false
05-27 03:00:46.784 V/Avrcp_ext( 3992): updatePlaybackState, state: PlaybackState {state=PAUSED(2), position=89537, buffered position=0, speed=1.0, updated=1626108012, actions=8615, custom actions=[], active item id=-1, error=null} device: null
05-27 03:00:46.784 V/Avrcp_ext( 3992): Device: no name: 
05-27 03:00:46.784 V/Avrcp_ext( 3992): Device: no name: 
05-27 03:00:46.784 V/Avrcp_ext( 3992): Device: no name: 
05-27 03:00:46.784 V/Avrcp_ext( 3992): Device: no name: 
05-27 03:00:46.784 V/Avrcp_ext( 3992): Device: no name: 
05-27 03:00:46.784 V/Avrcp_ext( 3992): updatePlayerStateAndPosition, old=PlaybackState {state=PAUSED(2), position=89537, buffered position=0, speed=1.0, updated=1626108012, actions=8615, custom actions=[], active item id=-1, error=null}, state=PlaybackState {state=PAUSED(2), position=89537, buffered position=0, speed=1.0, updated=1626108012, actions=8615, custom actions=[], active item id=-1, error=null}
05-27 03:00:46.784 V/Avrcp_ext( 3992): old state = PlaybackState {state=PAUSED(2), position=89537, buffered position=0, speed=1.0, updated=1626108012, actions=8615, custom actions=[], active item id=-1, error=null}, new state= PlaybackState {state=PAUSED(2), position=89537, buffered position=0, speed=1.0, updated=1626108012, actions=8615, custom actions=[], active item id=-1, error=null}
05-27 03:00:46.784 D/HeadsetService( 3992): getHeadsetService(): returning com.android.bluetooth.hfp.HeadsetService@9390a13
05-27 03:00:46.784 E/HeadsetStateMachine( 3992): returning mCurrentState as Disconnected
05-27 03:00:46.784 E/HeadsetStateMachine( 3992): returning mCurrentState as Disconnected
05-27 03:00:46.784 D/HeadsetService( 3992):  isAudioOn: The number of audio connected devices 0
05-27 03:00:46.784 D/HeadsetService( 3992): isScoOrCallActive(): Call Active:falseCall is Ringing:falseSCO is Active:false
05-27 03:00:46.784 E/HeadsetStateMachine( 3992): returning mCurrentState as Disconnected
05-27 03:00:46.784 E/HeadsetStateMachine( 3992): returning mCurrentState as Disconnected
05-27 03:00:46.784 D/HeadsetService( 3992):  isAudioOn: The number of audio connected devices 0
05-27 03:00:46.784 I/Avrcp_ext( 3992): updatePlayStatusForDevice: device: null
05-27 03:00:46.784 V/Avrcp_ext( 3992): updatePlaybackState (1): old=PlaybackState {state=PAUSED(2), position=89537, buffered position=0, speed=1.0, updated=1626108012, actions=8615, custom actions=[], active item id=-1, error=null}(2), new=PlaybackState {state=PAUSED(2), position=89537, buffered position=0, speed=1.0, updated=1626108012, actions=8615, custom actions=[], active item id=-1, error=null}(2)
05-27 03:00:46.784 I/Avrcp_ext( 3992): Exit updatePlayStatusForDevice
05-27 03:00:46.784 E/HeadsetStateMachine( 3992): returning mCurrentState as Disconnected
05-27 03:00:46.784 E/HeadsetStateMachine( 3992): returning mCurrentState as Disconnected
05-27 03:00:46.784 D/HeadsetService( 3992):  isAudioOn: The number of audio connected devices 0
05-27 03:00:46.784 D/HeadsetService( 3992): isScoOrCallActive(): Call Active:falseCall is Ringing:falseSCO is Active:false
05-27 03:00:46.784 E/HeadsetStateMachine( 3992): returning mCurrentState as Disconnected
05-27 03:00:46.784 E/HeadsetStateMachine( 3992): returning mCurrentState as Disconnected
05-27 03:00:46.784 D/HeadsetService( 3992):  isAudioOn: The number of audio connected devices 0
05-27 03:00:46.784 I/Avrcp_ext( 3992): updatePlayStatusForDevice: device: null
05-27 03:00:46.784 V/Avrcp_ext( 3992): updatePlaybackState (1): old=PlaybackState {state=PAUSED(2), position=89537, buffered position=0, speed=1.0, updated=1626108012, actions=8615, custom actions=[], active item id=-1, error=null}(2), new=PlaybackState {state=PAUSED(2), position=89537, buffered position=0, speed=1.0, updated=1626108012, actions=8615, custom actions=[], active item id=-1, error=null}(2)
05-27 03:00:46.784 I/Avrcp_ext( 3992): Exit updatePlayStatusForDevice
05-27 03:00:46.784 E/HeadsetStateMachine( 3992): returning mCurrentState as Disconnected
05-27 03:00:46.784 E/HeadsetStateMachine( 3992): returning mCurrentState as Disconnected
05-27 03:00:46.784 D/HeadsetService( 3992):  isAudioOn: The number of audio connected devices 0
05-27 03:00:46.784 D/HeadsetService( 3992): isScoOrCallActive(): Call Active:falseCall is Ringing:falseSCO is Active:false
05-27 03:00:46.784 E/HeadsetStateMachine( 3992): returning mCurrentState as Disconnected
05-27 03:00:46.784 E/HeadsetStateMachine( 3992): returning mCurrentState as Disconnected
05-27 03:00:46.784 D/HeadsetService( 3992):  isAudioOn: The number of audio connected devices 0
05-27 03:00:46.784 I/Avrcp_ext( 3992): updatePlayStatusForDevice: device: null
05-27 03:00:46.784 V/Avrcp_ext( 3992): updatePlaybackState (1): old=PlaybackState {state=PAUSED(2), position=89537, buffered position=0, speed=1.0, updated=1626108012, actions=8615, custom actions=[], active item id=-1, error=null}(2), new=PlaybackState {state=PAUSED(2), position=89537, buffered position=0, speed=1.0, updated=1626108012, actions=8615, custom actions=[], active item id=-1, error=null}(2)
05-27 03:00:46.784 I/Avrcp_ext( 3992): Exit updatePlayStatusForDevice
05-27 03:00:46.785 E/HeadsetStateMachine( 3992): returning mCurrentState as Disconnected
05-27 03:00:46.785 E/HeadsetStateMachine( 3992): returning mCurrentState as Disconnected
05-27 03:00:46.785 D/HeadsetService( 3992):  isAudioOn: The number of audio connected devices 0
05-27 03:00:46.785 D/HeadsetService( 3992): isScoOrCallActive(): Call Active:falseCall is Ringing:falseSCO is Active:false
05-27 03:00:46.785 E/HeadsetStateMachine( 3992): returning mCurrentState as Disconnected
05-27 03:00:46.785 E/HeadsetStateMachine( 3992): returning mCurrentState as Disconnected
05-27 03:00:46.785 D/HeadsetService( 3992):  isAudioOn: The number of audio connected devices 0
05-27 03:00:46.785 I/Avrcp_ext( 3992): updatePlayStatusForDevice: device: null
05-27 03:00:46.785 I/Dck     (16834): (REDACTED) disableDckSupport: %s
05-27 03:00:46.785 V/Avrcp_ext( 3992): updatePlaybackState (1): old=PlaybackState {state=PAUSED(2), position=89537, buffered position=0, speed=1.0, updated=1626108012, actions=8615, custom actions=[], active item id=-1, error=null}(2), new=PlaybackState {state=PAUSED(2), position=89537, buffered position=0, speed=1.0, updated=1626108012, actions=8615, custom actions=[], active item id=-1, error=null}(2)
05-27 03:00:46.785 I/Avrcp_ext( 3992): Exit updatePlayStatusForDevice
05-27 03:00:46.785 E/HeadsetStateMachine( 3992): returning mCurrentState as Disconnected
05-27 03:00:46.785 E/HeadsetStateMachine( 3992): returning mCurrentState as Disconnected
05-27 03:00:46.785 D/HeadsetService( 3992):  isAudioOn: The number of audio connected devices 0
05-27 03:00:46.785 D/HeadsetService( 3992): isScoOrCallActive(): Call Active:falseCall is Ringing:falseSCO is Active:false
05-27 03:00:46.785 E/HeadsetStateMachine( 3992): returning mCurrentState as Disconnected
05-27 03:00:46.785 E/HeadsetStateMachine( 3992): returning mCurrentState as Disconnected
05-27 03:00:46.785 D/HeadsetService( 3992):  isAudioOn: The number of audio connected devices 0
05-27 03:00:46.785 I/Avrcp_ext( 3992): updatePlayStatusForDevice: device: null
