05-27 03:00:58.406 W/Finsky  (16651): [2] STU: Failed to get storage stats for package 'com.android.rkpd' (1601: Error getting stats: android.content.pm.PackageManager.NameNotFoundException)
05-27 03:00:58.414 W/Finsky  (16651): [2] STU: Failed to get storage stats for package 'com.google.android.scheduling' (1601: Error getting stats: android.content.pm.PackageManager.NameNotFoundException)
05-27 03:00:58.435 I/Finsky  (16651): [2] App states replicator found 38 unowned apps
05-27 03:00:58.464 I/Finsky  (16651): [851] Completed 0 account content syncs with 0 successful.
05-27 03:00:58.464 I/Finsky  (16651): [2] [ContentSync] Installation state replication succeeded.
05-27 03:00:58.464 I/Finsky  (16651): [2] SCH: jobFinished: 12-1. TimeElapsed: 1595ms.
05-27 03:00:58.464 I/Finsky  (16651): [2] WM::SCH: Logging work end for 12-1
05-27 03:00:58.471 I/Finsky  (16651): [851] SCH: Scheduling phonesky job Id: 1-1337, CT: 1779829096637, Constraints: [{ L: 43139595, D: 86339595, C: CHARGING_NONE, I: IDLE_NONE, N: NET_ANY, B: BATTERY_ANY }]
05-27 03:00:58.471 I/Finsky  (16651): [851] SCH: Scheduling phonesky job Id: 34-1746, CT: 1779829097995, Constraints: [{ L: 604800000, D: 2570480098, C: CHARGING_NONE, I: IDLE_NONE, N: NET_ANY, B: BATTERY_ANY }]
05-27 03:00:58.471 I/Finsky  (16651): [851] SCH: Scheduling phonesky job Id: 34-1754, CT: 1779829097996, Constraints: [{ L: 57679897, D: 1353679897, C: CHARGING_NONE, I: IDLE_NONE, N: NET_ANY, B: BATTERY_ANY }]
05-27 03:00:58.473 I/Finsky  (16651): [848] SCH: Scheduling 1 system job(s)
05-27 03:00:58.474 I/Finsky  (16651): [848] SCH: Scheduling system job Id: 9472, L: 41177759, D: 84377759, C: false, I: false, N: 1
05-27 03:00:58.477 I/Finsky  (16651): [942] SCH: job service finished with id 9462.
05-27 03:00:58.478 D/PowerManagerService( 3077): nativeReleaseSuspendBlocker name:PowerManagerService.WakeLocks duration ms: 0
05-27 03:00:58.635 D/AndroidRuntime(23715): >>>>>> START com.android.internal.os.RuntimeInit uid 2000 <<<<<<
05-27 03:00:58.637 I/app_process(23715): MMAP_TRYLOCK is supported in uffd errno:2 addr:0x769d0a8000 size:4096
05-27 03:00:58.638 I/AndroidRuntime(23715): Using default boot image
05-27 03:00:58.638 I/AndroidRuntime(23715): Leaving lock profiling enabled
05-27 03:00:58.641 I/app_process(23715): Using CollectorTypeCMC GC.
05-27 03:00:58.697 D/nativeloader(23715): InitDefaultPublicLibraries for_preload=1: libandroid.so:libaaudio.so:libamidi.so:libbinder_ndk.so:libc.so:libcamera2ndk.so:libdl.so:libEGL.so:libGLESv1_CM.so:libGLESv2.so:libGLESv3.so:libicu.so:libicui18n.so:libicuuc.so:libjnigraphics.so:liblog.so:libmediandk.so:libm.so:libnativehelper.so:libnativewindow.so:libOpenMAXAL.so:libOpenSLES.so:libRS.so:libstdc++.so:libsync.so:libvulkan.so:libwebviewchromium_plat_support.so:libz.so
05-27 03:00:58.702 D/nativeloader(23715): Load libicu_jni.so using APEX ns com_android_art for caller /apex/com.android.art/javalib/core-oj.jar: ok
05-27 03:00:58.702 D/app_process(23715): Time zone APEX ICU file found: /apex/com.android.tzdata/etc/icu/icu_tzdata.dat
05-27 03:00:58.702 D/app_process(23715): I18n APEX ICU file found: /apex/com.android.i18n/etc/icu/icudt72l.dat
05-27 03:00:58.703 D/nativeloader(23715): Load libjavacore.so using APEX ns com_android_art for caller /apex/com.android.art/javalib/core-oj.jar: ok
05-27 03:00:58.703 D/nativeloader(23715): Load libopenjdk.so using APEX ns com_android_art for caller /apex/com.android.art/javalib/core-oj.jar: ok
05-27 03:00:58.704 I/app_process(23715): Priority-to-niceness mapping: 19, 16, 13, 10, 0, -2, -4, -5, -6, -8
05-27 03:00:58.723 W/libc    (23715): Access denied finding property "ro.product.name_for_attestation"
05-27 03:00:58.723 W/libc    (23715): Access denied finding property "ro.product.brand_for_attestation"
05-27 03:00:58.723 W/libc    (23715): Access denied finding property "ro.product.model_for_attestation"
05-27 03:00:58.719 W/main    (23715): type=1400 audit(0.0:481937): avc:  denied  { read } for  name="u:object_r:build_attestation_prop:s0" dev="tmpfs" ino=112 scontext=u:r:shell:s0 tcontext=u:object_r:build_attestation_prop:s0 tclass=file permissive=0
05-27 03:00:58.719 W/main    (23715): type=1400 audit(0.0:481938): avc:  denied  { read } for  name="u:object_r:build_attestation_prop:s0" dev="tmpfs" ino=112 scontext=u:r:shell:s0 tcontext=u:object_r:build_attestation_prop:s0 tclass=file permissive=0
05-27 03:00:58.719 W/main    (23715): type=1400 audit(0.0:481939): avc:  denied  { read } for  name="u:object_r:build_attestation_prop:s0" dev="tmpfs" ino=112 scontext=u:r:shell:s0 tcontext=u:object_r:build_attestation_prop:s0 tclass=file permissive=0
05-27 03:00:58.742 D/nativeloader(23715): Load libframework-connectivity-tiramisu-jni.so using APEX ns com_android_tethering for caller /apex/com.android.tethering/javalib/framework-connectivity-t.jar: ok
05-27 03:00:58.742 D/AndroidRuntime(23715): Calling main entry com.android.commands.uiautomator.Launcher
05-27 03:00:58.746 D/UiAutomationConnection(23715): Created on user UserHandle{0}
05-27 03:00:58.746 I/UiAutomation(23715): Initialized for user 0 on display 0
05-27 03:00:58.746 W/UiAutomation(23715): Created with deprecatead constructor, assumes DEFAULT_DISPLAY
05-27 03:00:58.748 D/AccessibilityManagerService( 3077): changeCurrentUserForTestAutomationIfNeededLocked(0): ignoring because device doesn't support visible background users
05-27 03:00:58.748 I/UiAutomationManager( 3077): Registering UiTestAutomationService (id=com.android.server.accessibility/UiAutomation) when called by user 0
05-27 03:00:58.752 W/WindowMagnificationMgr( 3077): requestConnection duplicated request: connect=false, mConnectionState=DISCONNECTED
05-27 03:00:58.765 W/WindowMagnificationMgr( 3077): requestConnection duplicated request: connect=false, mConnectionState=DISCONNECTED
05-27 03:00:58.775 D/BatterySaverPolicy( 3077): accessibility changed to true, updating policy.
05-27 03:00:58.777 D/AccessibilitySourceService(11721): enabled a11y services count 0
05-27 03:00:58.777 D/AccessibilitySourceService(11721): a11y source sending 0 issue to sc
05-27 03:00:58.778 D/SafetySourceDataValidat( 3077): No cert check requested for package com.google.android.permissioncontroller
05-27 03:00:59.470 I/ThermalEngine(29098): Monitor:ACTIVE:FREEZE-CHG:freeze_rule=1:DETECT-STANDBY=1
05-27 03:00:59.471 I/ThermalEngine(29098): ACTION: freeze_rule - Setting freeze_rule to 1
05-27 03:00:59.471 I/ThermalEngine(29098): Monitor:ACTIVE:OVERRIDE-CHG:internal_override=1:DETECT-STANDBY=1
05-27 03:00:59.471 I/ThermalEngine(29098): ACTION: override_c - Setting override_c to 1
05-27 03:00:59.471 I/Thermal-Lib(29098): Thermal-Lib-Client: Client request sent
05-27 03:00:59.472 I/ThermalEngine(29098): Thermal-Server: Thermal received msg from  freezing
05-27 03:00:59.472 I/Thermal-Lib(29098): Thermal-Lib-Client: Client request sent
05-27 03:00:59.473 I/ThermalEngine(29098): Thermal-Server: Thermal received msg from  override_c
05-27 03:00:59.676 W/.musicpro.debug(23499): userfaultfd: MOVE ioctl seems unsupported: Try again
05-27 03:01:00.004 D/PowerManagerService( 3077): nativeAcquireSuspendBlocker name:PowerManagerService.WakeLocks duration ms: 3
05-27 03:01:00.006 D/PowerManagerService( 3077): nativeReleaseSuspendBlocker name:PowerManagerService.WakeLocks duration ms: 0
05-27 03:01:00.008 I/FolioManager( 7709): Doze enabled: true
05-27 03:01:00.009 D/FolioManager( 7709): Use SystemUI folio UI.  isAodComponentEmpty: true  isADEnabled: true
05-27 03:01:00.009 D/FolioManager( 7709): updateTime
05-27 03:01:00.473 I/ThermalEngine(29098): ACTION: freeze_rule - Setting freeze_rule to 0
05-27 03:01:00.473 I/ThermalEngine(29098): Monitor:INACTIVE:FREEZE-CHG:freeze_rule=1:DETECT-STANDBY=0
05-27 03:01:00.473 I/ThermalEngine(29098): ACTION: override_c - Setting override_c to 0
05-27 03:01:00.473 I/ThermalEngine(29098): Monitor:INACTIVE:OVERRIDE-CHG:internal_override=1:DETECT-STANDBY=0
05-27 03:01:00.473 I/Thermal-Lib(29098): Thermal-Lib-Client: Client request sent
05-27 03:01:00.473 I/ThermalEngine(29098): Thermal-Server: Thermal received msg from  override_c
05-27 03:01:00.473 I/Thermal-Lib(29098): Thermal-Lib-Client: Client request sent
05-27 03:01:00.474 I/ThermalEngine(29098): Thermal-Server: Thermal received msg from  freezing
05-27 03:01:00.477 I/ThermalEngine(29098): Monitor:ACTIVE:MON-MSM-charge:battery=6:CHG-SENSORS=42739
05-27 03:01:00.504 I/OtaUpdate(18746): action =android.intent.action.TIME_TICK,GlobalVariable.IS_MYDEVICEACTIVITY_UPDATE =false
05-27 03:01:00.507 I/LogTrain(18746): queryTrainingSetting  count =0
05-27 03:01:00.507 I/LogConnect(18746): h =3
05-27 03:01:00.509 I/LogPush (18746): service.crashCount = 0
05-27 03:01:00.728 W/PackageSettings( 3077): Skipping PackageSetting{cf55578 com.whatsapp/10465} due to missing metadata
05-27 03:01:00.785 W/libc    (23715): Access denied finding property "qemu.sf.lcd_density"
05-27 03:01:00.785 W/libc    (23715): Access denied finding property "qemu.sf.lcd_density"
05-27 03:01:00.783 W/uiautomator(23715): type=1400 audit(0.0:481940): avc:  denied  { read } for  name="u:object_r:qemu_sf_lcd_density_prop:s0" dev="tmpfs" ino=312 scontext=u:r:shell:s0 tcontext=u:object_r:qemu_sf_lcd_density_prop:s0 tclass=file permissive=0
05-27 03:01:00.783 W/uiautomator(23715): type=1400 audit(0.0:481941): avc:  denied  { read } for  name="u:object_r:qemu_sf_lcd_density_prop:s0" dev="tmpfs" ino=312 scontext=u:r:shell:s0 tcontext=u:object_r:qemu_sf_lcd_density_prop:s0 tclass=file permissive=0
05-27 03:01:00.793 D/CompatibilityChangeReporter( 3077): Compat change id reported: 149924527; UID 2000; state: ENABLED
05-27 03:01:00.794 D/CompatibilityChangeReporter( 3077): Compat change id reported: 132649864; UID 2000; state: DISABLED
05-27 03:01:00.807 W/MediaProvider( 6229): isAppCloneUserPair for user 0: false
05-27 03:01:00.842 W/AccessibilityNodeInfoDumper(23715): Fetch time: 55ms
05-27 03:01:00.844 W/WindowMagnificationMgr( 3077): requestConnection duplicated request: connect=false, mConnectionState=DISCONNECTED
05-27 03:01:00.844 D/AccessibilityManagerService( 3077): restoreCurrentUserForTestAutomationIfNeededLocked(): ignoring because device doesn't support visible background users
05-27 03:01:00.845 D/PowerManagerService( 3077): nativeAcquireSuspendBlocker name:PowerManagerService.WakeLocks duration ms: 2
05-27 03:01:00.846 D/AndroidRuntime(23715): Shutting down VM
05-27 03:01:00.857 D/BatterySaverPolicy( 3077): accessibility changed to false, updating policy.
05-27 03:01:00.867 W/ProcessStats( 3077): Tracking association SourceState{3297f com.google.android.gms/10192 BTop #2598244} whose proc state 2 is better than process ProcessState{f378d4c com.google.android.gms.persistent/10192 pkg=com.google.android.gms} proc state 3 (197 skipped)
05-27 03:01:00.871 I/NetworkScheduler.Stats(26027): (REDACTED) Task %s/%s started execution. cause:%s exec_start_elapsed_seconds: %s
05-27 03:01:00.875 D/PowerManagerService( 3077): nativeReleaseSuspendBlocker name:PowerManagerService.WakeLocks duration ms: 0
05-27 03:01:00.876 D/PowerManagerService( 3077): nativeAcquireSuspendBlocker name:PowerManagerService.WakeLocks duration ms: 1
05-27 03:01:00.877 I/NetworkScheduler.Stats(26027): (REDACTED) Task %s/%s finished executing. cause:%s result: %s elapsed_millis: %s uptime_millis: %s exec_start_elapsed_seconds: %s
05-27 03:01:00.882 D/PowerManagerService( 3077): nativeReleaseSuspendBlocker name:PowerManagerService.WakeLocks duration ms: 0
05-27 03:01:00.883 D/PowerManagerService( 3077): nativeAcquireSuspendBlocker name:PowerManagerService.WakeLocks duration ms: 0
05-27 03:01:00.887 D/PowerManagerService( 3077): nativeReleaseSuspendBlocker name:PowerManagerService.WakeLocks duration ms: 0
05-27 03:01:01.098 D/ActivityManager( 3077): freezing 23660 com.google.android.webview:webview_service, reason = oom_cached
05-27 03:01:01.227 D/BoundBrokerSvc(16834): onUnbind: Intent { act=com.google.android.gms.backup.GMS_MODULE_RESTORE dat=chimera-action:/... cmp=com.google.android.gms/.chimera.GmsInternalBoundBrokerService }
05-27 03:01:01.235 D/MotoSxfService( 3077): unknown touch type
05-27 03:01:01.329 W/ndroid.keychain(22777): userfaultfd: MOVE ioctl seems unsupported: Connection timed out
05-27 03:01:01.475 I/ThermalEngine(29098): Monitor:ACTIVE:FREEZE-CHG:freeze_rule=1:DETECT-STANDBY=1
05-27 03:01:01.475 I/ThermalEngine(29098): ACTION: freeze_rule - Setting freeze_rule to 1
05-27 03:01:01.476 I/ThermalEngine(29098): Monitor:ACTIVE:OVERRIDE-CHG:internal_override=1:DETECT-STANDBY=1
05-27 03:01:01.476 I/ThermalEngine(29098): Thermal-Server: Thermal received msg from  freezing
05-27 03:01:01.476 I/ThermalEngine(29098): ACTION: override_c - Setting override_c to 1
05-27 03:01:01.476 I/Thermal-Lib(29098): Thermal-Lib-Client: Client request sent
05-27 03:01:01.476 I/Thermal-Lib(29098): Thermal-Lib-Client: Client request sent
05-27 03:01:01.477 I/ThermalEngine(29098): Thermal-Server: Thermal received msg from  override_c
05-27 03:01:02.215 I/NearbyMediums(26027): No BLE Fast/GATT advertisements found in the latest cycle.
05-27 03:01:02.215 I/NearbyMediums(26027): Current Tracked Scanning Clients are : {NearbyConnections.EnvironmentMonitor, NearbySharing, NearbyConnections.TxAdvertisement}
05-27 03:01:02.343 I/MediaProvider( 6229): Deleted 0 0 0 0 0 0 1 items on external_primary due to com.android.shell
05-27 03:01:02.820 I/Diag-Router( 1750): 	 log code b825 set
05-27 03:01:02.820 I/Diag-Router( 1750): diag: In diag_copy_dci senidng data 156 entry 0x0 buf 0x7ff8cb8840
05-27 03:01:02.822 D/MOT_DCI ( 6446): Parsed log output: {"code":47141,"slotId":0,"timestamp":1779831057583,"rrc_controller_state":"CONNECTED","connectivity_mode":"NSA","lte_band_list":[1,40],"nr5g_cell_#_active_cc":1,"nr5g_active_cc_list":[{"#":0,"cell_id":210,"dl_arfcn":630000,"ul_arfcn":630000,"band":78,"dl_carrier_bw":"100","ul_carrier_bw":"100"}]}
05-27 03:01:03.018 I/qcc-trd ( 2475): qdmaConnectivityInfoProvider: Into parseLTESysInfo()
05-27 03:01:03.022 E/RIL-MOTEXT( 2502): qcrilUpdRegRAT, called , rat =5
05-27 03:01:03.024 D/PowerManagerService( 3077): nativeAcquireSuspendBlocker name:PowerManagerService.WakeLocks duration ms: 1
05-27 03:01:03.027 I/QImsService( 4049): ImsRadioIndicationAidl : onServiceDomainChanged()[SUB0]
05-27 03:01:03.027 I/QImsService( 4049): ImsSenderRxr : [UNSL]< UNSOL_SERVICE_DOMAIN_CHANGED 3[SUB0]
05-27 03:01:03.028 I/QcrilOemhookMsgTunnel( 4028): [0]processOemHookIndication length=16
05-27 03:01:03.028 D/QcrilMsgTunnelIfaceManager( 4028): handleMessage what = 5
05-27 03:01:03.032 I/QImsService( 4049): ImsRegistrationController : Message received: what = 5
05-27 03:01:03.032 I/QImsService( 4049): ImsRegistrationController : handleSrvDomainChanged
05-27 03:01:03.032 D/CBR_SystemUI( 7709): CarrierLabel - : updateLabel cellMsg:  cellEnabled: false
05-27 03:01:03.033 D/CBR_SystemUI( 7709): CarrierLabel - : updateLabel mCellBroadcastMessage Visibility: 8
05-27 03:01:03.033 D/CBR_SystemUI( 7709): CarrierLabel - : updateLabel cellMsg:  cellEnabled: false
05-27 03:01:03.033 D/CBR_SystemUI( 7709): CarrierLabel - : updateLabel mCellBroadcastMessage Visibility: 8
05-27 03:01:03.034 D/StatusBarIconController( 7709): ignoring old pipeline callbacks, because the new mobile icons are enabled
05-27 03:01:03.035 E/RIL-MOTEXT( 2502): qcrilUpdateOperator, called
05-27 03:01:03.039 W/IWlanNetworkService( 4019): 115165 > Response Processed
05-27 03:01:03.039 W/IWlanNetworkService( 4019): 115166 > Response Processed
05-27 03:01:03.040 E/RIL-MOTEXT( 2502): qcrilUpdateOperator, called
05-27 03:01:03.064 I/QcrilOemhookMsgTunnel( 4028): [0]processOemHookIndication length=33
05-27 03:01:03.064 D/QcrilMsgTunnelIfaceManager( 4028): handleMessage what = 5
05-27 03:01:03.064 I/QcrilOemhookMsgTunnel( 4028): [0]processOemHookIndication length=12
05-27 03:01:03.065 D/QcrilMsgTunnelIfaceManager( 4028): handleMessage what = 5
05-27 03:01:03.071 I/QcrilOemhookMsgTunnel( 4028): [0]processOemHookIndication length=33
05-27 03:01:03.073 W/IWlanNetworkService( 4019): 115167 > Response Processed
05-27 03:01:03.074 D/QcrilMsgTunnelIfaceManager( 4028): handleMessage what = 5
05-27 03:01:03.075 I/QcrilOemhookMsgTunnel( 4028): [0]processOemHookIndication length=12
05-27 03:01:03.076 D/QcrilMsgTunnelIfaceManager( 4028): handleMessage what = 5
05-27 03:01:03.080 E/RIL-MOTEXT( 2502): qcrilUpdateOperator, called
05-27 03:01:03.083 I/QcrilOemhookMsgTunnel( 4028): [0]processOemHookIndication length=21
05-27 03:01:03.083 D/QcrilMsgTunnelIfaceManager( 4028): handleMessage what = 0
05-27 03:01:03.084 D/QC_RIL_OEM_HOOK( 4028): Received Broadcast Intent ACTION_UNSOL_RESPONSE_OEM_HOOK_RAW
05-27 03:01:03.084 D/QC_RIL_OEM_HOOK( 4028): Oem ID in QCRILHOOK UNSOL RESP is QOEMHOOK
05-27 03:01:03.085 I/QcrilOemhookMsgTunnel( 4028): [0]processOemHookIndication length=13
05-27 03:01:03.085 D/QcrilMsgTunnelIfaceManager( 4028): handleMessage what = 5
05-27 03:01:03.087 W/IWlanNetworkService( 4019): 115169 > Response Processed
05-27 03:01:03.088 E/RIL-MOTEXT( 2502): qcrilUpdateOperator, called
05-27 03:01:03.089 D/QC_RIL_OEM_HOOK( 4090): Received Broadcast Intent ACTION_UNSOL_RESPONSE_OEM_HOOK_RAW
05-27 03:01:03.089 D/QC_RIL_OEM_HOOK( 4090): Oem ID in QCRILHOOK UNSOL RESP is QOEMHOOK
05-27 03:01:03.089 D/QC_RIL_OEM_HOOK( 4090): Received Broadcast Intent ACTION_UNSOL_RESPONSE_OEM_HOOK_RAW
05-27 03:01:03.089 D/QC_RIL_OEM_HOOK( 4090): Oem ID in QCRILHOOK UNSOL RESP is QOEMHOOK
05-27 03:01:03.090 I/qcc-trd ( 2475): qdmaConnectivityInfoProvider: Into parseLTESysInfo()
05-27 03:01:03.091 I/qcc-trd ( 2475): qdmaConnectivityInfoProvider: Into parseLTESysInfo()
05-27 03:01:03.094 I/QcrilOemhookMsgTunnel( 4028): [0]processOemHookIndication length=16
05-27 03:01:03.094 D/QcrilMsgTunnelIfaceManager( 4028): handleMessage what = 5
05-27 03:01:03.094 E/RIL-MOTEXT( 2502): qcrilUpdRegRAT, called , rat =5
05-27 03:01:03.097 D/GlobalActionsDialogLite( 7709): Service changed before actions created
05-27 03:01:03.097 D/GlobalActionsDialogLite( 7709): Service changed before actions created
05-27 03:01:03.097 D/GlobalActionsDialogLite( 7709): Service changed before actions created
05-27 03:01:03.097 I/QImsService( 4049): ImsRadioIndicationAidl : onServiceDomainChanged()[SUB0]
05-27 03:01:03.097 I/QImsService( 4049): ImsSenderRxr : [UNSL]< UNSOL_SERVICE_DOMAIN_CHANGED 3[SUB0]
05-27 03:01:03.097 I/QcrilOemhookMsgTunnel( 4028): [0]processOemHookIndication length=16
05-27 03:01:03.097 D/HeadsetPhoneState( 3992): Enter onServiceStateChanged
05-27 03:01:03.098 W/ContextImpl( 3077): Calling a method in the system process without a qualified user: android.app.ContextImpl.sendBroadcastMultiplePermissions:1281 android.content.Context.sendBroadcastMultiplePermissions:2476 com.android.server.TelephonyRegistry.broadcastServiceStateChanged:3597 com.android.server.TelephonyRegistry.notifyServiceStateForPhoneId:1734 com.android.internal.telephony.ITelephonyRegistry$Stub.onTransact:550 
05-27 03:01:03.098 W/ContextImpl( 3077): Calling a method in the system process without a qualified user: android.app.ContextImpl.sendBroadcastMultiplePermissions:1314 com.android.server.TelephonyRegistry.broadcastServiceStateChanged:3602 com.android.server.TelephonyRegistry.notifyServiceStateForPhoneId:1734 com.android.internal.telephony.ITelephonyRegistry$Stub.onTransact:550 android.os.Binder.execTransactInternal:1380 
05-27 03:01:03.099 W/ContextImpl( 3077): Calling a method in the system process without a qualified user: android.app.ContextImpl.sendBroadcastMultiplePermissions:1314 com.android.server.TelephonyRegistry.broadcastServiceStateChanged:3611 com.android.server.TelephonyRegistry.notifyServiceStateForPhoneId:1734 com.android.internal.telephony.ITelephonyRegistry$Stub.onTransact:550 android.os.Binder.execTransactInternal:1380 
05-27 03:01:03.099 W/ContextImpl( 3077): Calling a method in the system process without a qualified user: android.app.ContextImpl.sendBroadcastMultiplePermissions:1314 com.android.server.TelephonyRegistry.broadcastServiceStateChanged:3617 com.android.server.TelephonyRegistry.notifyServiceStateForPhoneId:1734 com.android.internal.telephony.ITelephonyRegistry$Stub.onTransact:550 android.os.Binder.execTransactInternal:1380 
05-27 03:01:03.099 I/QImsService( 4049): ImsRegistrationController : Message received: what = 5
05-27 03:01:03.099 I/QImsService( 4049): ImsRegistrationController : handleSrvDomainChanged
05-27 03:01:03.100 D/ActivityManager( 3077): unfreezing ProcessRecord{38adf72 24719:com.google.android.cellbroadcastreceiver/u0a367}, reason = unfreezeTemporarily, adj = 955, adjType = cch-empty, adjSource = null
05-27 03:01:03.101 D/ActivityManager( 3077): sync unfroze 24719 com.google.android.cellbroadcastreceiver for 3
05-27 03:01:03.102 W/ActivityManager( 3077): Rescheduling restart of crashed service com.motorola.carriersettingsext/.dataroaming.DataRoamingPhoneStateService in 0ms for mem-pressure-event
05-27 03:01:03.102 I/QcrilOemhookMsgTunnel( 4028): [0]processOemHookIndication length=12
05-27 03:01:03.102 I/QcrilOemhookMsgTunnel( 4028): [0]processOemHookIndication length=28
05-27 03:01:03.102 E/RIL-MOTEXT( 2502): qcrilUpdRegRAT, called , rat =7
05-27 03:01:03.102 D/CellBroadcastReceiver(24719): onReceive Intent { act=android.intent.action.SERVICE_STATE flg=0x1000010 cmp=com.google.android.cellbroadcastreceiver/com.android.cellbroadcastreceiver.CellBroadcastReceiver (has extras) }
05-27 03:01:03.102 D/CompatibilityChangeReporter( 3077): Compat change id reported: 135634846; UID 10197; state: DISABLED
05-27 03:01:03.102 D/CompatibilityChangeReporter( 3077): Compat change id reported: 177438394; UID 10197; state: DISABLED
05-27 03:01:03.102 D/CompatibilityChangeReporter( 3077): Compat change id reported: 135772972; UID 10197; state: DISABLED
05-27 03:01:03.103 D/CompatibilityChangeReporter( 3077): Compat change id reported: 135754954; UID 10197; state: ENABLED
05-27 03:01:03.103 D/CompatibilityChangeReporter( 3077): Compat change id reported: 143937733; UID 10197; state: ENABLED
05-27 03:01:03.103 D/QcrilMsgTunnelIfaceManager( 4028): handleMessage what = 5
05-27 03:01:03.105 D/QcrilMsgTunnelIfaceManager( 4028): handleMessage what = 5
05-27 03:01:03.105 I/QImsService( 4049): ImsRadioIndicationAidl : onServiceDomainChanged()[SUB0]
05-27 03:01:03.105 I/QImsService( 4049): ImsSenderRxr : [UNSL]< UNSOL_SERVICE_DOMAIN_CHANGED 3[SUB0]
05-27 03:01:03.105 D/QcrilMsgTunnelIfaceManager( 4028): handleMessage what = 5
05-27 03:01:03.105 I/QcrilOemhookMsgTunnel( 4028): [0]processOemHookIndication length=16
05-27 03:01:03.106 I/QImsService( 4049): ImsRegistrationController : Message received: what = 5
05-27 03:01:03.106 I/QImsService( 4049): ImsRegistrationController : handleSrvDomainChanged
05-27 03:01:03.106 W/ModemStats( 6458): [ModemStatsService] (INF) handleOemHookBandInfo: Processing
05-27 03:01:03.106 D/QcrilMsgTunnelIfaceManager( 4028): handleMessage what = 5
05-27 03:01:03.106 D/QtiRadioAidl( 4028): onNrIconTypeChange: slotId = 0NrIconType = 1
05-27 03:01:03.106 D/QtiRadioProxy( 4028): onNrIconType slotId = 0 NrIconType = NrIconType: 1
05-27 03:01:03.106 D/QtiRadioProxyHandler: ( 4028): handleMessage msg.what = 1
05-27 03:01:03.106 D/QtiRadioProxyHandler: ( 4028): EVENT_ON_NR_ICON_TYPE
05-27 03:01:03.106 D/ExtTelephonyServiceImpl( 4028): Retrieved callbacks for event = 20 list = [com.qti.extphone.IExtPhoneCallback$Stub$Proxy@560e108]
05-27 03:01:03.106 D/QtiRadioProxy( 4028): onNrIconType: Responding back for transaction = null
05-27 03:01:03.107 D/CellBroadcastReceiver(24719): onServiceStateChanged, ss: 0
05-27 03:01:03.107 D/CellBroadcastReceiver(24719): networkOperator: 40410
05-27 03:01:03.107 D/CellBroadcastReceiver(24719): update supported roaming operator as 
05-27 03:01:03.110 I/QcrilOemhookMsgTunnel( 4028): [0]processOemHookIndication length=33
05-27 03:01:03.110 D/QcrilMsgTunnelIfaceManager( 4028): handleMessage what = 5
05-27 03:01:03.112 D/CBR_SystemUI( 7709): CarrierLabel - : updateLabel cellMsg:  cellEnabled: false
05-27 03:01:03.112 D/CBR_SystemUI( 7709): CarrierLabel - : updateLabel mCellBroadcastMessage Visibility: 8
05-27 03:01:03.112 D/CBR_SystemUI( 7709): CarrierLabel - : updateLabel cellMsg:  cellEnabled: false
05-27 03:01:03.112 D/CBR_SystemUI( 7709): CarrierLabel - : updateLabel mCellBroadcastMessage Visibility: 8
05-27 03:01:03.112 D/StatusBarIconController( 7709): ignoring old pipeline callbacks, because the new mobile icons are enabled
05-27 03:01:03.113 I/QcrilOemhookMsgTunnel( 4028): [0]processOemHookIndication length=12
05-27 03:01:03.113 D/Zygote  ( 1604): Forked child process 23776
05-27 03:01:03.113 D/QcrilMsgTunnelIfaceManager( 4028): handleMessage what = 5
05-27 03:01:03.113 I/ActivityManager( 3077): Start proc 23776:com.motorola.carriersettingsext/u0a197 for service {com.motorola.carriersettingsext/com.motorola.carriersettingsext.dataroaming.DataRoamingPhoneStateService}
05-27 03:01:03.113 E/RIL-MOTEXT( 2502): qcrilUpdateOperator, called
05-27 03:01:03.114 I/QcrilOemhookMsgTunnel( 4028): [0]processOemHookIndication length=12
05-27 03:01:03.114 I/QcrilOemhookMsgTunnel( 4028): [0]processOemHookIndication length=28
05-27 03:01:03.116 D/HeadsetPhoneState( 3992): Enter onServiceStateChanged
05-27 03:01:03.117 W/ContextImpl( 3077): Calling a method in the system process without a qualified user: android.app.ContextImpl.sendBroadcastMultiplePermissions:1281 android.content.Context.sendBroadcastMultiplePermissions:2476 com.android.server.TelephonyRegistry.broadcastServiceStateChanged:3597 com.android.server.TelephonyRegistry.notifyServiceStateForPhoneId:1734 com.android.internal.telephony.ITelephonyRegistry$Stub.onTransact:550 
05-27 03:01:03.118 D/QcrilMsgTunnelIfaceManager( 4028): handleMessage what = 5
05-27 03:01:03.119 D/GlobalActionsDialogLite( 7709): Service changed before actions created
05-27 03:01:03.119 D/QcrilMsgTunnelIfaceManager( 4028): handleMessage what = 5
05-27 03:01:03.119 D/GlobalActionsDialogLite( 7709): Service changed before actions created
05-27 03:01:03.119 D/GlobalActionsDialogLite( 7709): Service changed before actions created
05-27 03:01:03.119 D/CBR_SystemUI( 7709): CarrierLabel - : updateLabel cellMsg:  cellEnabled: false
05-27 03:01:03.119 D/CBR_SystemUI( 7709): CarrierLabel - : updateLabel mCellBroadcastMessage Visibility: 8
05-27 03:01:03.119 D/CBR_SystemUI( 7709): CarrierLabel - : updateLabel cellMsg:  cellEnabled: false
05-27 03:01:03.119 D/CBR_SystemUI( 7709): CarrierLabel - : updateLabel mCellBroadcastMessage Visibility: 8
05-27 03:01:03.119 D/StatusBarIconController( 7709): ignoring old pipeline callbacks, because the new mobile icons are enabled
05-27 03:01:03.119 W/ModemStats( 6458): [ModemStatsService] (INF) handleOemHookBandInfo: Processing
05-27 03:01:03.120 W/ContextImpl( 3077): Calling a method in the system process without a qualified user: android.app.ContextImpl.sendBroadcastMultiplePermissions:1314 com.android.server.TelephonyRegistry.broadcastServiceStateChanged:3602 com.android.server.TelephonyRegistry.notifyServiceStateForPhoneId:1734 com.android.internal.telephony.ITelephonyRegistry$Stub.onTransact:550 android.os.Binder.execTransactInternal:1380 
05-27 03:01:03.120 W/ContextImpl( 3077): Calling a method in the system process without a qualified user: android.app.ContextImpl.sendBroadcastMultiplePermissions:1314 com.android.server.TelephonyRegistry.broadcastServiceStateChanged:3611 com.android.server.TelephonyRegistry.notifyServiceStateForPhoneId:1734 com.android.internal.telephony.ITelephonyRegistry$Stub.onTransact:550 android.os.Binder.execTransactInternal:1380 
05-27 03:01:03.120 W/ContextImpl( 3077): Calling a method in the system process without a qualified user: android.app.ContextImpl.sendBroadcastMultiplePermissions:1314 com.android.server.TelephonyRegistry.broadcastServiceStateChanged:3617 com.android.server.TelephonyRegistry.notifyServiceStateForPhoneId:1734 com.android.internal.telephony.ITelephonyRegistry$Stub.onTransact:550 android.os.Binder.execTransactInternal:1380 
05-27 03:01:03.122 D/CellBroadcastReceiver(24719): onReceive Intent { act=android.intent.action.SERVICE_STATE flg=0x1000010 cmp=com.google.android.cellbroadcastreceiver/com.android.cellbroadcastreceiver.CellBroadcastReceiver (has extras) }
05-27 03:01:03.125 D/CellBroadcastReceiver(24719): onServiceStateChanged, ss: 0
05-27 03:01:03.126 D/CellBroadcastReceiver(24719): networkOperator: 40410
05-27 03:01:03.126 D/CellBroadcastReceiver(24719): update supported roaming operator as 
05-27 03:01:03.127 E/RIL-MOTEXT( 2502): qcrilUpdateOperator, called
05-27 03:01:03.127 I/riersettingsext(23776): Using CollectorTypeCMC GC.
05-27 03:01:03.128 W/IWlanNetworkService( 4019): 115170 > Response Processed
05-27 03:01:03.130 D/Telephony( 4090): TelecomAccountTelephonyCallback: onServiceStateChanged called.
05-27 03:01:03.130 I/Telephony( 4090): TelecomAccountTelephonyCallback: onServiceStateChanged: newState=0, mServiceState=0
05-27 03:01:03.132 D/nativeloader(23776): Load libframework-connectivity-tiramisu-jni.so using APEX ns com_android_tethering for caller /apex/com.android.tethering/javalib/framework-connectivity-t.jar: ok
05-27 03:01:03.136 I/Telephony( 4090): AccountEntry: isRttCurrentlySupported -- regular acct, hasVoiceAvailability: true
05-27 03:01:03.136 I/Telephony( 4090):  isRttSupported: false
05-27 03:01:03.136 I/Telephony( 4090):  alwaysAllowWhileRoaming: false
05-27 03:01:03.136 I/Telephony( 4090):  isRoaming: false
05-27 03:01:03.136 I/Telephony( 4090):  isOnWfc: false
05-27 03:01:03.136 I/Telephony( 4090): VoiceActivationHandler: Service state is IN_SERVICE. Set voice activation state to ACTIVATED
05-27 03:01:03.137 D/CompatibilityChangeReporter( 3077): Compat change id reported: 168419799; UID 10197; state: DISABLED
05-27 03:01:03.138 D/CompatibilityChangeReporter( 3077): Compat change id reported: 273564678; UID 10197; state: DISABLED
05-27 03:01:03.141 D/CompatibilityChangeReporter( 3077): Compat change id reported: 265195908; UID 10197; state: ENABLED
05-27 03:01:03.141 D/CBR_SystemUI( 7709): CarrierLabel - : updateLabel cellMsg:  cellEnabled: false
05-27 03:01:03.141 D/CBR_SystemUI( 7709): CarrierLabel - : updateLabel mCellBroadcastMessage Visibility: 8
05-27 03:01:03.141 D/CBR_SystemUI( 7709): CarrierLabel - : updateLabel cellMsg:  cellEnabled: false
05-27 03:01:03.141 D/CBR_SystemUI( 7709): CarrierLabel - : updateLabel mCellBroadcastMessage Visibility: 8
05-27 03:01:03.143 D/Telephony( 4090): TelecomAccountTelephonyCallback: onServiceStateChanged called.
05-27 03:01:03.143 I/Telephony( 4090): TelecomAccountTelephonyCallback: onServiceStateChanged: newState=0, mServiceState=0
05-27 03:01:03.143 D/CompatibilityChangeReporter(23776): Compat change id reported: 171979766; UID 10197; state: ENABLED
05-27 03:01:03.144 D/CompatibilityChangeReporter(23776): Compat change id reported: 242716250; UID 10197; state: ENABLED
05-27 03:01:03.147 D/CompatibilityChangeReporter( 3077): Compat change id reported: 170503758; UID 10197; state: ENABLED
05-27 03:01:03.148 I/Telephony( 4090): AccountEntry: isRttCurrentlySupported -- regular acct, hasVoiceAvailability: true
05-27 03:01:03.148 I/Telephony( 4090):  isRttSupported: false
05-27 03:01:03.148 I/Telephony( 4090):  alwaysAllowWhileRoaming: false
05-27 03:01:03.148 I/Telephony( 4090):  isRoaming: false
05-27 03:01:03.148 I/Telephony( 4090):  isOnWfc: false
05-27 03:01:03.148 I/Telephony( 4090): VoiceActivationHandler: Service state is IN_SERVICE. Set voice activation state to ACTIVATED
05-27 03:01:03.149 D/StatusBarIconController( 7709): ignoring old pipeline callbacks, because the new mobile icons are enabled
05-27 03:01:03.156 D/QCNEJ/WwanInfoRelay( 4019): onCapabilitiesChanged: 985 [ Transports: CELLULAR Capabilities: SUPL&FOTA&INTERNET&NOT_RESTRICTED&TRUSTED&NOT_VPN&VALIDATED&NOT_ROAMING&FOREGROUND&NOT_CONGESTED&NOT_SUSPENDED&NOT_VCN_MANAGED LinkUpBandwidth>=8169Kbps LinkDnBandwidth>=10496Kbps Specifier: <TelephonyNetworkSpecifier [mSubId = 1]> SubscriptionIds: {1} UnderlyingNetworks: Null]
05-27 03:01:03.156 D/EnhancedConnectivityController( 3077): Default net onCapabilitiesChanged
05-27 03:01:03.157 D/EnhancedConnectivityController( 3077): updateDefaultNet:985
05-27 03:01:03.157 I/QCNEJ/WwanInfoRelay( 4019): cacheWwanInfo subId = 1 phoneId = 0 slotId = 0
05-27 03:01:03.157 I/ModemStats( 6458): [DataStallDetectService] onCapabilitiesChanged networkCapabilities=[ Transports: CELLULAR Capabilities: SUPL&FOTA&INTERNET&NOT_RESTRICTED&TRUSTED&NOT_VPN&VALIDATED&NOT_ROAMING&FOREGROUND&NOT_CONGESTED&NOT_SUSPENDED&NOT_VCN_MANAGED LinkUpBandwidth>=8169Kbps LinkDnBandwidth>=10496Kbps Specifier: <TelephonyNetworkSpecifier [mSubId = 1]> SubscriptionIds: {1} UnderlyingNetworks: Null]
05-27 03:01:03.157 I/ModemStats( 6458): [DataStallDetectService] onCapabilitiesChanged NET_CAPABILITY_VALIDATED=true
05-27 03:01:03.157 I/ModemStats( 6458): [DataStallDetectService] onCapabilitiesChanged mDataStallManager.mDataStallInstance=null
05-27 03:01:03.157 I/ModemStats( 6458): [DataStallDetectService] onCapabilitiesChanged mDataStallSmart5gManager.mDataStallInstance=null
05-27 03:01:03.158 D/QCNEJ/NativeHalConnector( 4019): -> SND notifyDefaultNetworkChanged(0)
05-27 03:01:03.160 D/nativeloader(23776): Configuring clns-4 for other apk /system/framework/moto-telephony.jar. target_sdk_version=34, uses_libraries=ALL, library_path=/product/priv-app/CarrierSettingsExt/lib/arm64, permitted_path=/data:/mnt/expand:/data/user/0/com.motorola.carriersettingsext
05-27 03:01:03.160 D/nativeloader(23776): Extending system_exposed_libraries: libbinauralrenderer_wrapper.qti.so:libhoaeffects.qti.so:libQOC.qti.so:libparamupdater_jni.motoparamupdater.so:libjni_helper.motocameradesktop.so:libimgTuner_jni.motoimagetuner.so:libupdateprof.qti.so:libQOC.qti.so:libdiag_system.qti.so:libqape.qti.so:libqesdk_ndk_platform.qti.so:liblistenjni.qti.so
05-27 03:01:03.160 I/QCC:JobConnWait( 5351): onCapabilitiesChanged()
05-27 03:01:03.160 I/QCC:JobConnWait( 5351): capabilities: [1, 3, 12, 13, 14, 15, 16, 18, 19, 20, 21, 28]
05-27 03:01:03.160 I/QCC:JobConnWait( 5351): captivePortal: false
05-27 03:01:03.160 I/QCC:JobConnWait( 5351): runPendingJob jobType: 5, connType:1
05-27 03:01:03.160 I/QCC:NetworkStat( 5351): getActiveNetwork(ctx) invoked.
05-27 03:01:03.162 I/QCC:NetworkStat( 5351): mobile is available
05-27 03:01:03.162 I/QCC:JobConnWait( 5351): expectedConnType is not available 
05-27 03:01:03.162 I/QCC:JobConnWait( 5351): runPendingJob ret : false
05-27 03:01:03.165 D/nativeloader(23776): Configuring clns-5 for other apk /system/framework/moto-settings.jar. target_sdk_version=34, uses_libraries=ALL, library_path=/product/priv-app/CarrierSettingsExt/lib/arm64, permitted_path=/data:/mnt/expand:/data/user/0/com.motorola.carriersettingsext
05-27 03:01:03.165 D/nativeloader(23776): Extending system_exposed_libraries: libbinauralrenderer_wrapper.qti.so:libhoaeffects.qti.so:libQOC.qti.so:libparamupdater_jni.motoparamupdater.so:libjni_helper.motocameradesktop.so:libimgTuner_jni.motoimagetuner.so:libupdateprof.qti.so:libQOC.qti.so:libdiag_system.qti.so:libqape.qti.so:libqesdk_ndk_platform.qti.so:liblistenjni.qti.so
05-27 03:01:03.177 D/HeadsetPhoneState( 3992): Enter onServiceStateChanged
05-27 03:01:03.177 D/GlobalActionsDialogLite( 7709): Service changed before actions created
05-27 03:01:03.177 D/GlobalActionsDialogLite( 7709): Service changed before actions created
05-27 03:01:03.177 D/GlobalActionsDialogLite( 7709): Service changed before actions created
05-27 03:01:03.177 W/ContextImpl( 3077): Calling a method in the system process without a qualified user: android.app.ContextImpl.sendBroadcastMultiplePermissions:1281 android.content.Context.sendBroadcastMultiplePermissions:2476 com.android.server.TelephonyRegistry.broadcastServiceStateChanged:3597 com.android.server.TelephonyRegistry.notifyServiceStateForPhoneId:1734 com.android.internal.telephony.ITelephonyRegistry$Stub.onTransact:550 
05-27 03:01:03.178 W/ContextImpl( 3077): Calling a method in the system process without a qualified user: android.app.ContextImpl.sendBroadcastMultiplePermissions:1314 com.android.server.TelephonyRegistry.broadcastServiceStateChanged:3602 com.android.server.TelephonyRegistry.notifyServiceStateForPhoneId:1734 com.android.internal.telephony.ITelephonyRegistry$Stub.onTransact:550 android.os.Binder.execTransactInternal:1380 
05-27 03:01:03.179 W/ContextImpl( 3077): Calling a method in the system process without a qualified user: android.app.ContextImpl.sendBroadcastMultiplePermissions:1314 com.android.server.TelephonyRegistry.broadcastServiceStateChanged:3611 com.android.server.TelephonyRegistry.notifyServiceStateForPhoneId:1734 com.android.internal.telephony.ITelephonyRegistry$Stub.onTransact:550 android.os.Binder.execTransactInternal:1380 
05-27 03:01:03.179 W/ContextImpl( 3077): Calling a method in the system process without a qualified user: android.app.ContextImpl.sendBroadcastMultiplePermissions:1314 com.android.server.TelephonyRegistry.broadcastServiceStateChanged:3617 com.android.server.TelephonyRegistry.notifyServiceStateForPhoneId:1734 com.android.internal.telephony.ITelephonyRegistry$Stub.onTransact:550 android.os.Binder.execTransactInternal:1380 
05-27 03:01:03.180 D/ServiceStateProvider( 4090): subId=1
05-27 03:01:03.180 D/CBR_SystemUI( 7709): CarrierLabel - : updateLabel cellMsg:  cellEnabled: false
05-27 03:01:03.180 D/CBR_SystemUI( 7709): CarrierLabel - : updateLabel mCellBroadcastMessage Visibility: 8
05-27 03:01:03.180 D/CBR_SystemUI( 7709): CarrierLabel - : updateLabel cellMsg:  cellEnabled: false
05-27 03:01:03.180 D/CBR_SystemUI( 7709): CarrierLabel - : updateLabel mCellBroadcastMessage Visibility: 8
05-27 03:01:03.181 D/CellBroadcastReceiver(24719): onReceive Intent { act=android.intent.action.SERVICE_STATE flg=0x1000010 cmp=com.google.android.cellbroadcastreceiver/com.android.cellbroadcastreceiver.CellBroadcastReceiver (has extras) }
05-27 03:01:03.184 D/QCNEJ/DataCallAgent( 4019): onLinkPropertiesChanged: 984 mSubId: 1 mSlotId: 1
05-27 03:01:03.184 D/CellBroadcastReceiver(24719): onServiceStateChanged, ss: 0
05-27 03:01:03.184 D/CellBroadcastReceiver(24719): networkOperator: 40410
05-27 03:01:03.184 D/CellBroadcastReceiver(24719): update supported roaming operator as 
05-27 03:01:03.186 D/QCNEJ/WwanInfoRelay( 4019): onLinkPropertiesChanged: 985{InterfaceName: rmnet_data4 LinkAddresses: [ 100.81.31.122/30,2401:4900:a158:2bec:c419:cdff:fe5c:ce19/64 ] DnsAddresses: [ /117.96.122.142,/117.96.122.144,/2401:4900:50:9::7d0,/2401:4900:50:9::7d2 ] UsePrivateDns: true PrivateDnsServerName: family.adguard-dns.com ValidatedPrivateDnsAddresses: [2a10:50c0::bad1:ff,2a10:50c0::bad2:ff,94.140.15.16,94.140.14.15] Domains: null MTU: 1500 TcpBufferSizes: 2097152,4194304,16777216,524288,1048576,8388608 Routes: [ 0.0.0.0/0 -> 100.81.31.121 rmnet_data4 mtu 1500,::/0 -> fe80::b050:db1b:5542:17fb rmnet_data4 mtu 1500,100.81.31.120/30 -> 0.0.0.0 rmnet_data4 mtu 0,2401:4900:a158:2bec::/64 -> :: rmnet_data4 mtu 0 ]}
05-27 03:01:03.192 I/Tethering( 3931): Looking for default routes on: {InterfaceName: rmnet_data4 LinkAddresses: [ 100.81.31.122/30,2401:4900:a158:2bec:c419:cdff:fe5c:ce19/64 ] DnsAddresses: [ /117.96.122.142,/117.96.122.144,/2401:4900:50:9::7d0,/2401:4900:50:9::7d2 ] UsePrivateDns: true PrivateDnsServerName: family.adguard-dns.com ValidatedPrivateDnsAddresses: [2a10:50c0::bad1:ff,2a10:50c0::bad2:ff,94.140.15.16,94.140.14.15] Domains: null MTU: 1500 TcpBufferSizes: 2097152,4194304,16777216,524288,1048576,8388608 Routes: [ 0.0.0.0/0 -> 100.81.31.121 rmnet_data4 mtu 1500,::/0 -> fe80::b050:db1b:5542:17fb rmnet_data4 mtu 1500,100.81.31.120/30 -> 0.0.0.0 rmnet_data4 mtu 0,2401:4900:a158:2bec::/64 -> :: rmnet_data4 mtu 0 ]}
05-27 03:01:03.192 D/StatusBarIconController( 7709): ignoring old pipeline callbacks, because the new mobile icons are enabled
05-27 03:01:03.192 I/Tethering( 3931): Found upstream interface(s): [rmnet_data4]
05-27 03:01:03.193 I/dnsmasq (28644): using nameserver 2401:4900:50:9::7d2#53
05-27 03:01:03.193 I/dnsmasq (28644): using nameserver 2401:4900:50:9::7d0#53
05-27 03:01:03.193 I/dnsmasq (28644): using nameserver 117.96.122.144#53
05-27 03:01:03.193 I/dnsmasq (28644): using nameserver 117.96.122.142#53
05-27 03:01:03.193 D/Telephony( 4090): TelecomAccountTelephonyCallback: onServiceStateChanged called.
05-27 03:01:03.193 I/Telephony( 4090): TelecomAccountTelephonyCallback: onServiceStateChanged: newState=0, mServiceState=0
05-27 03:01:03.194 D/CBR_SystemUI( 7709): CarrierLabel - : updateLabel cellMsg:  cellEnabled: false
05-27 03:01:03.194 D/CBR_SystemUI( 7709): CarrierLabel - : updateLabel mCellBroadcastMessage Visibility: 8
05-27 03:01:03.194 D/CBR_SystemUI( 7709): CarrierLabel - : updateLabel cellMsg:  cellEnabled: false
05-27 03:01:03.194 D/CBR_SystemUI( 7709): CarrierLabel - : updateLabel mCellBroadcastMessage Visibility: 8
05-27 03:01:03.196 D/StatusBarIconController( 7709): ignoring old pipeline callbacks, because the new mobile icons are enabled
05-27 03:01:03.198 I/Telephony( 4090): AccountEntry: isRttCurrentlySupported -- regular acct, hasVoiceAvailability: true
05-27 03:01:03.198 I/Telephony( 4090):  isRttSupported: false
05-27 03:01:03.198 I/Telephony( 4090):  alwaysAllowWhileRoaming: false
05-27 03:01:03.198 I/Telephony( 4090):  isRoaming: false
05-27 03:01:03.198 I/Telephony( 4090):  isOnWfc: false
05-27 03:01:03.198 I/Telephony( 4090): VoiceActivationHandler: Service state is IN_SERVICE. Set voice activation state to ACTIVATED
05-27 03:01:03.200 D/QCNEJ/DataCallAgent( 4019): onLinkPropertiesChanged: 984 mSubId: 1 mSlotId: 1
05-27 03:01:03.202 D/QCNEJ/WwanInfoRelay( 4019): onLinkPropertiesChanged: 985{InterfaceName: rmnet_data4 LinkAddresses: [ 100.81.31.122/30,2401:4900:a158:2bec:c419:cdff:fe5c:ce19/64 ] DnsAddresses: [ /117.96.122.142,/117.96.122.144,/2401:4900:50:9::7d0,/2401:4900:50:9::7d2 ] UsePrivateDns: true PrivateDnsServerName: family.adguard-dns.com ValidatedPrivateDnsAddresses: [2a10:50c0::bad1:ff,2a10:50c0::bad2:ff,94.140.15.16,94.140.14.15] Domains: null MTU: 1500 TcpBufferSizes: 2097152,6291456,16777216,512000,2097152,8388608 Routes: [ 0.0.0.0/0 -> 100.81.31.121 rmnet_data4 mtu 1500,::/0 -> fe80::b050:db1b:5542:17fb rmnet_data4 mtu 1500,100.81.31.120/30 -> 0.0.0.0 rmnet_data4 mtu 0,2401:4900:a158:2bec::/64 -> :: rmnet_data4 mtu 0 ]}
05-27 03:01:03.205 I/Tethering( 3931): Looking for default routes on: {InterfaceName: rmnet_data4 LinkAddresses: [ 100.81.31.122/30,2401:4900:a158:2bec:c419:cdff:fe5c:ce19/64 ] DnsAddresses: [ /117.96.122.142,/117.96.122.144,/2401:4900:50:9::7d0,/2401:4900:50:9::7d2 ] UsePrivateDns: true PrivateDnsServerName: family.adguard-dns.com ValidatedPrivateDnsAddresses: [2a10:50c0::bad1:ff,2a10:50c0::bad2:ff,94.140.15.16,94.140.14.15] Domains: null MTU: 1500 TcpBufferSizes: 2097152,6291456,16777216,512000,2097152,8388608 Routes: [ 0.0.0.0/0 -> 100.81.31.121 rmnet_data4 mtu 1500,::/0 -> fe80::b050:db1b:5542:17fb rmnet_data4 mtu 1500,100.81.31.120/30 -> 0.0.0.0 rmnet_data4 mtu 0,2401:4900:a158:2bec::/64 -> :: rmnet_data4 mtu 0 ]}
05-27 03:01:03.205 I/Tethering( 3931): Found upstream interface(s): [rmnet_data4]
05-27 03:01:03.205 I/dnsmasq (28644): using nameserver 2401:4900:50:9::7d2#53
05-27 03:01:03.205 I/dnsmasq (28644): using nameserver 2401:4900:50:9::7d0#53
05-27 03:01:03.205 I/dnsmasq (28644): using nameserver 117.96.122.144#53
05-27 03:01:03.205 I/dnsmasq (28644): using nameserver 117.96.122.142#53
05-27 03:01:03.212 I/QcrilOemhookMsgTunnel( 4028): [0]processOemHookIndication length=33
05-27 03:01:03.212 D/QcrilMsgTunnelIfaceManager( 4028): handleMessage what = 5
05-27 03:01:03.212 I/QcrilOemhookMsgTunnel( 4028): [0]processOemHookIndication length=12
05-27 03:01:03.213 D/QcrilMsgTunnelIfaceManager( 4028): handleMessage what = 5
05-27 03:01:03.272 D/nativeloader(23776): InitLlndkLibrariesProduct: libEGL.so:libGLESv1_CM.so:libGLESv2.so:libGLESv3.so:libRS.so:libandroid_net.so:libbinder_ndk.so:libc.so:libcgrouprc.so:libclang_rt.asan-aarch64-android.so:libclang_rt.asan-arm-android.so:libclang_rt.hwasan-aarch64-android.so:libcom.android.tethering.connectivity_native.so:libdl.so:libft2.so:liblog.so:libm.so:libmediandk.so:libnativewindow.so:libneuralnetworks.so:libselinux.so:libsync.so:libvndksupport.so:libvulkan.so
05-27 03:01:03.272 D/nativeloader(23776): Configuring product-clns-6 for unbundled product apk /product/priv-app/CarrierSettingsExt/CarrierSettingsExt.apk. target_sdk_version=34, uses_libraries=, library_path=/product/priv-app/CarrierSettingsExt/lib/arm64:/product/lib64:/system/product/lib64, permitted_path=/data:/mnt/expand:/data/user/0/com.motorola.carriersettingsext:/product/lib64:/system/product/lib64
05-27 03:01:03.273 D/nativeloader(23776): InitVndkspLibrariesProduct: android.hardware.common-V2-ndk.so:android.hardware.common-V2-ndk_platform.so:android.hardware.common.fmq-V1-ndk.so:android.hardware.common.fmq-V1-ndk_platform.so:android.hardware.graphics.allocator-V2-ndk.so:android.hardware.graphics.allocator-V2-ndk_platform.so:android.hardware.graphics.common-V4-ndk.so:android.hardware.graphics.common-V4-ndk_platform.so:android.hardware.graphics.common@1.0.so:android.hardware.graphics.common@1.1.so:android.hardware.graphics.common@1.2.so:android.hardware.graphics.composer3-V1-ndk.so:android.hardware.graphics.composer3-V1-ndk_platform.so:android.hardware.graphics.mapper@2.0.so:android.hardware.graphics.mapper@2.1.so:android.hardware.graphics.mapper@3.0.so:android.hardware.graphics.mapper@4.0.so:android.hardware.renderscript@1.0.so:android.hidl.memory.token@1.0.so:android.hidl.memory@1.0-impl.so:android.hidl.memory@1.0.so:android.hidl.safe_union@1.0.so:libRSCpuRef.so:libRSDriver.so:libRS_internal.so:libbase.so:libbcinfo.so:libblas.so:libc++.so:lib
05-27 03:01:03.284 W/IWlanProxy( 4019): RESP_WAKE_LOCK_TIMEOUT
05-27 03:01:03.293 D/nativeloader(23776): Load libframework-connectivity-jni.so using APEX ns com_android_tethering for caller /apex/com.android.tethering/javalib/framework-connectivity.jar: ok
05-27 03:01:03.297 V/GraphicsEnvironment(23776): Currently set values for:
05-27 03:01:03.297 V/GraphicsEnvironment(23776):   angle_gl_driver_selection_pkgs=[]
05-27 03:01:03.297 V/GraphicsEnvironment(23776):   angle_gl_driver_selection_values=[]
05-27 03:01:03.298 V/GraphicsEnvironment(23776): ANGLE GameManagerService for com.motorola.carriersettingsext: false
05-27 03:01:03.298 V/GraphicsEnvironment(23776): com.motorola.carriersettingsext is not listed in per-application setting
05-27 03:01:03.305 D/WM-WrkMgrInitializer(23776): Initializing WorkManager with default configuration.
05-27 03:01:03.307 D/PowerManagerService( 3077): nativeReleaseSuspendBlocker name:PowerManagerService.WakeLocks duration ms: 0
05-27 03:01:03.310 D/WM-PackageManagerHelper(23776): androidx.work.impl.background.systemjob.SystemJobService enabled
05-27 03:01:03.310 D/WM-Schedulers(23776): Created SystemJobScheduler and enabled SystemJobService
05-27 03:01:03.314 I/Typeface(23776): updateThemeFont new=Rookery-Regular;old=sans-serif;new=Rookery-Stacked;old=
05-27 03:01:03.315 I/ActivityManager( 3077): Flag disabled. Ignoring finishAttachApplication from uid: 10197. pid: 23776
05-27 03:01:03.319 I/QcrilOemhookMsgTunnel( 4028): [0]processOemHookIndication length=33
05-27 03:01:03.319 D/QcrilMsgTunnelIfaceManager( 4028): handleMessage what = 5
05-27 03:01:03.320 I/QcrilOemhookMsgTunnel( 4028): [0]processOemHookIndication length=12
05-27 03:01:03.320 I/QcrilOemhookMsgTunnel( 4028): [0]processOemHookIndication length=21
05-27 03:01:03.321 D/QcrilMsgTunnelIfaceManager( 4028): handleMessage what = 5
05-27 03:01:03.322 D/QcrilMsgTunnelIfaceManager( 4028): handleMessage what = 0
05-27 03:01:03.325 D/QC_RIL_OEM_HOOK( 4028): Received Broadcast Intent ACTION_UNSOL_RESPONSE_OEM_HOOK_RAW
05-27 03:01:03.325 D/QC_RIL_OEM_HOOK( 4028): Oem ID in QCRILHOOK UNSOL RESP is QOEMHOOK
05-27 03:01:03.325 D/QC_RIL_OEM_HOOK( 4090): Received Broadcast Intent ACTION_UNSOL_RESPONSE_OEM_HOOK_RAW
05-27 03:01:03.326 D/QC_RIL_OEM_HOOK( 4090): Oem ID in QCRILHOOK UNSOL RESP is QOEMHOOK
05-27 03:01:03.326 D/QC_RIL_OEM_HOOK( 4090): Received Broadcast Intent ACTION_UNSOL_RESPONSE_OEM_HOOK_RAW
05-27 03:01:03.326 D/QC_RIL_OEM_HOOK( 4090): Oem ID in QCRILHOOK UNSOL RESP is QOEMHOOK
05-27 03:01:03.326 D/PowerManagerService( 3077): nativeAcquireSuspendBlocker name:PowerManagerService.WakeLocks duration ms: 3
05-27 03:01:03.333 W/IWlanNetworkService( 4019): 115171 > Response Processed
05-27 03:01:03.337 D/QtiRadioAidl( 4028): onNrIconTypeChange: slotId = 0NrIconType = 1
05-27 03:01:03.337 D/QtiRadioProxy( 4028): onNrIconType slotId = 0 NrIconType = NrIconType: 1
05-27 03:01:03.337 D/QtiRadioProxyHandler: ( 4028): handleMessage msg.what = 1
05-27 03:01:03.337 D/QtiRadioProxyHandler: ( 4028): EVENT_ON_NR_ICON_TYPE
05-27 03:01:03.337 D/ExtTelephonyServiceImpl( 4028): Retrieved callbacks for event = 20 list = [com.qti.extphone.IExtPhoneCallback$Stub$Proxy@560e108]
05-27 03:01:03.337 D/QtiRadioProxy( 4028): onNrIconType: Responding back for transaction = null
05-27 03:01:03.338 E/RIL-MOTEXT( 2502): qcrilUpdateOperator, called
05-27 03:01:03.342 D/CompatibilityChangeReporter(23776): Compat change id reported: 160794467; UID 10197; state: ENABLED
05-27 03:01:03.345 I/QcrilOemhookMsgTunnel( 4028): [0]processOemHookIndication length=16
05-27 03:01:03.345 D/QcrilMsgTunnelIfaceManager( 4028): handleMessage what = 5
05-27 03:01:03.354 D/GlobalActionsDialogLite( 7709): Service changed before actions created
05-27 03:01:03.354 D/GlobalActionsDialogLite( 7709): Service changed before actions created
05-27 03:01:03.354 D/GlobalActionsDialogLite( 7709): Service changed before actions created
05-27 03:01:03.356 D/HeadsetPhoneState( 3992): Enter onServiceStateChanged
