05-27 03:24:29.885 W/Avrcp_ext( 3992): isMusicActive: false getBluetoothPlayState: 1 A2dp State: 11 mAudioPlaybackIsActive: false
05-27 03:24:29.885 D/Avrcp_ext( 3992): isMusicActive = false mAudioPlaybackIsActive = false player state = PlaybackState {state=PLAYING(3), position=4, buffered position=0, speed=1.0, updated=1655259034, actions=7339703, custom actions=[], active item id=0, error=null}
05-27 03:24:29.886 V/Avrcp_ext( 3992): Media update: id 0➡0? [MediaAttributes: none] : [MediaAttributes: none]
05-27 03:24:29.886 D/Avrcp_ext( 3992): isPackageNameValid: browsedPackage = com.deepeye.musicpro.debugisValid = true
05-27 03:24:29.886 V/Avrcp_ext( 3992): isBrowseSupported for com.deepeye.musicpro.debug: false
05-27 03:24:29.886 W/Avrcp_ext( 3992): updateCurrentMediaState: isInactivePlayer = false
05-27 03:24:29.886 V/Avrcp_ext( 3992): updatePlaybackState, state: PlaybackState {state=PLAYING(3), position=4, buffered position=0, speed=1.0, updated=1655259034, actions=7339703, custom actions=[], active item id=0, error=null} device: null
05-27 03:24:29.886 V/Avrcp_ext( 3992): Device: no name: 
05-27 03:24:29.886 V/Avrcp_ext( 3992): Device: no name: 
05-27 03:24:29.886 V/Avrcp_ext( 3992): Device: no name: 
05-27 03:24:29.886 V/Avrcp_ext( 3992): Device: no name: 
05-27 03:24:29.886 V/Avrcp_ext( 3992): Device: no name: 
05-27 03:24:29.886 V/Avrcp_ext( 3992): updatePlayerStateAndPosition, old=PlaybackState {state=PLAYING(3), position=3, buffered position=0, speed=1.0, updated=1655256032, actions=7339703, custom actions=[], active item id=0, error=null}, state=PlaybackState {state=PLAYING(3), position=4, buffered position=0, speed=1.0, updated=1655259034, actions=7339703, custom actions=[], active item id=0, error=null}
05-27 03:24:29.886 V/Avrcp_ext( 3992): old state = PlaybackState {state=PLAYING(3), position=3, buffered position=0, speed=1.0, updated=1655256032, actions=7339703, custom actions=[], active item id=0, error=null}, new state= PlaybackState {state=PLAYING(3), position=4, buffered position=0, speed=1.0, updated=1655259034, actions=7339703, custom actions=[], active item id=0, error=null}
05-27 03:24:29.886 D/HeadsetService( 3992): getHeadsetService(): returning com.android.bluetooth.hfp.HeadsetService@9390a13
05-27 03:24:29.886 E/HeadsetStateMachine( 3992): returning mCurrentState as Disconnected
05-27 03:24:29.886 E/HeadsetStateMachine( 3992): returning mCurrentState as Disconnected
05-27 03:24:29.887 D/HeadsetService( 3992):  isAudioOn: The number of audio connected devices 0
05-27 03:24:29.887 D/HeadsetService( 3992): isScoOrCallActive(): Call Active:falseCall is Ringing:falseSCO is Active:false
05-27 03:24:29.887 E/HeadsetStateMachine( 3992): returning mCurrentState as Disconnected
05-27 03:24:29.887 E/HeadsetStateMachine( 3992): returning mCurrentState as Disconnected
05-27 03:24:29.887 D/HeadsetService( 3992):  isAudioOn: The number of audio connected devices 0
05-27 03:24:29.887 V/Avrcp_ext( 3992): isPlayStateTobeUpdated: device: null
05-27 03:24:29.887 V/Avrcp_ext( 3992): Single connection exists
05-27 03:24:29.887 E/HeadsetStateMachine( 3992): returning mCurrentState as Disconnected
05-27 03:24:29.887 E/HeadsetStateMachine( 3992): returning mCurrentState as Disconnected
05-27 03:24:29.887 D/HeadsetService( 3992):  isAudioOn: The number of audio connected devices 0
05-27 03:24:29.887 D/HeadsetService( 3992): isScoOrCallActive(): Call Active:falseCall is Ringing:falseSCO is Active:false
05-27 03:24:29.887 E/HeadsetStateMachine( 3992): returning mCurrentState as Disconnected
05-27 03:24:29.887 E/HeadsetStateMachine( 3992): returning mCurrentState as Disconnected
05-27 03:24:29.887 D/HeadsetService( 3992):  isAudioOn: The number of audio connected devices 0
05-27 03:24:29.887 V/Avrcp_ext( 3992): isPlayStateTobeUpdated: device: null
05-27 03:24:29.887 V/Avrcp_ext( 3992): Single connection exists
05-27 03:24:29.887 E/HeadsetStateMachine( 3992): returning mCurrentState as Disconnected
05-27 03:24:29.887 E/HeadsetStateMachine( 3992): returning mCurrentState as Disconnected
05-27 03:24:29.887 D/HeadsetService( 3992):  isAudioOn: The number of audio connected devices 0
05-27 03:24:29.887 D/HeadsetService( 3992): isScoOrCallActive(): Call Active:falseCall is Ringing:falseSCO is Active:false
05-27 03:24:29.887 E/HeadsetStateMachine( 3992): returning mCurrentState as Disconnected
05-27 03:24:29.887 E/HeadsetStateMachine( 3992): returning mCurrentState as Disconnected
05-27 03:24:29.887 D/HeadsetService( 3992):  isAudioOn: The number of audio connected devices 0
05-27 03:24:29.887 V/Avrcp_ext( 3992): isPlayStateTobeUpdated: device: null
05-27 03:24:29.887 V/Avrcp_ext( 3992): Single connection exists
05-27 03:24:29.887 E/HeadsetStateMachine( 3992): returning mCurrentState as Disconnected
05-27 03:24:29.887 E/HeadsetStateMachine( 3992): returning mCurrentState as Disconnected
05-27 03:24:29.887 D/HeadsetService( 3992):  isAudioOn: The number of audio connected devices 0
05-27 03:24:29.887 D/HeadsetService( 3992): isScoOrCallActive(): Call Active:falseCall is Ringing:falseSCO is Active:false
05-27 03:24:29.887 E/HeadsetStateMachine( 3992): returning mCurrentState as Disconnected
05-27 03:24:29.887 E/HeadsetStateMachine( 3992): returning mCurrentState as Disconnected
05-27 03:24:29.887 D/HeadsetService( 3992):  isAudioOn: The number of audio connected devices 0
05-27 03:24:29.887 V/Avrcp_ext( 3992): isPlayStateTobeUpdated: device: null
05-27 03:24:29.888 V/Avrcp_ext( 3992): Single connection exists
05-27 03:24:29.888 E/HeadsetStateMachine( 3992): returning mCurrentState as Disconnected
05-27 03:24:29.888 E/HeadsetStateMachine( 3992): returning mCurrentState as Disconnected
05-27 03:24:29.888 D/HeadsetService( 3992):  isAudioOn: The number of audio connected devices 0
05-27 03:24:29.888 D/HeadsetService( 3992): isScoOrCallActive(): Call Active:falseCall is Ringing:falseSCO is Active:false
05-27 03:24:29.888 E/HeadsetStateMachine( 3992): returning mCurrentState as Disconnected
05-27 03:24:29.888 E/HeadsetStateMachine( 3992): returning mCurrentState as Disconnected
05-27 03:24:29.888 D/HeadsetService( 3992):  isAudioOn: The number of audio connected devices 0
05-27 03:24:29.888 V/Avrcp_ext( 3992): isPlayStateTobeUpdated: device: null
05-27 03:24:29.888 V/Avrcp_ext( 3992): Single connection exists
05-27 03:24:29.888 D/Avrcp_ext( 3992): Enter sendPlayPosNotificationRsp
05-27 03:24:29.888 D/Avrcp_ext( 3992): sendPlayPosNotificationRsp: Not registered or requesting.
05-27 03:24:29.888 D/Avrcp_ext( 3992): Enter sendPlayPosNotificationRsp
05-27 03:24:29.888 D/Avrcp_ext( 3992): sendPlayPosNotificationRsp: Not registered or requesting.
05-27 03:24:29.888 D/Avrcp_ext( 3992): Enter sendPlayPosNotificationRsp
05-27 03:24:29.888 D/Avrcp_ext( 3992): sendPlayPosNotificationRsp: Not registered or requesting.
05-27 03:24:29.888 D/Avrcp_ext( 3992): Enter sendPlayPosNotificationRsp
05-27 03:24:29.888 D/Avrcp_ext( 3992): sendPlayPosNotificationRsp: Not registered or requesting.
05-27 03:24:29.888 D/Avrcp_ext( 3992): Enter sendPlayPosNotificationRsp
05-27 03:24:29.888 D/Avrcp_ext( 3992): sendPlayPosNotificationRsp: Not registered or requesting.
05-27 03:24:29.888 V/Avrcp_ext( 3992): Exit updatePlayerStateAndPosition
05-27 03:24:29.888 D/APM: ActiveDeviceManagerServiceLegacy( 3992): getActiveAbsoluteDevice(): device: null
05-27 03:24:29.888 D/APM: ActiveDeviceManagerServiceLegacy( 3992): isStableState(): true
05-27 03:24:29.888 D/Avrcp_ext( 3992): isAdmStable = true activeAbsAddr = null device = null
05-27 03:24:29.888 V/APM: MediaControlManager( 3992): onPlaybackStateChanged
05-27 03:24:29.888 W/McpService( 3992): updatePlaybackState state PlaybackState {state=PLAYING(3), position=4, buffered position=0, speed=1.0, updated=1655259034, actions=7339703, custom actions=[], active item id=0, error=null}
05-27 03:24:29.888 W/McpService( 3992): updatePlaybackState mState: 1 state: 1
05-27 03:24:29.888 W/Avrcp_ext( 3992): updated player state = PlaybackState {state=PLAYING(3), position=4, buffered position=0, speed=1.0, updated=1655259034, actions=7339703, custom actions=[], active item id=0, error=null}to MCP module also
05-27 03:24:29.888 V/Avrcp_ext( 3992):  Exit onPlaybackStateChanged
05-27 03:24:29.989 I/ThermalEngine(29098): Monitor:ACTIVE:FREEZE-CHG:freeze_rule=1:DETECT-STANDBY=1
05-27 03:24:29.990 I/ThermalEngine(29098): ACTION: freeze_rule - Setting freeze_rule to 1
05-27 03:24:29.990 I/ThermalEngine(29098): Monitor:ACTIVE:OVERRIDE-CHG:internal_override=1:DETECT-STANDBY=1
05-27 03:24:29.990 I/ThermalEngine(29098): ACTION: override_c - Setting override_c to 1
05-27 03:24:29.990 I/Thermal-Lib(29098): Thermal-Lib-Client: Client request sent
05-27 03:24:29.990 I/ThermalEngine(29098): Thermal-Server: Thermal received msg from  freezing
05-27 03:24:29.991 I/Thermal-Lib(29098): Thermal-Lib-Client: Client request sent
05-27 03:24:29.992 I/ThermalEngine(29098): Thermal-Server: Thermal received msg from  override_c
05-27 03:24:30.043 W/WindowOnBackDispatcher( 7709): sendCancelIfRunning: isInProgress=falsecallback=android.view.ViewRootImpl$$ExternalSyntheticLambda17@e6bf687
05-27 03:24:30.043 D/BoundBrokerSvc(16834): onUnbind: Intent { act=com.google.android.gms.feedback.internal.IFeedbackService dat=chimera-action:/... cmp=com.google.android.gms/.chimera.GmsBoundBrokerService }
05-27 03:24:30.045 D/CoreBackPreview( 3077): Window{5aab5f3 u0 Toast}: Setting back callback null
05-27 03:24:30.046 D/Surface ( 7709): Surface::disconnect
05-27 03:24:30.046 D/BufferQueueProducer( 7709): [VRI[Toast]#1283(BLAST Consumer)1283](id:1e1d0000050b,api:1,p:7709,c:7709) disconnect: api 1
05-27 03:24:30.047 W/InputManager-JNI( 3077): Input channel object '5aab5f3 Toast (client)' was disposed without first being removed with the input manager!
05-27 03:24:30.050 W/NotificationService( 3077): Toast already killed. pkg=com.deepeye.musicpro.debug token=android.os.BinderProxy@5ade435
05-27 03:24:30.074 E/HybridPlayerCard(  770): Auto-hiding controls after 3 seconds
05-27 03:24:30.095 E/HybridPlayerCard(  770): LaunchedEffect: controlsVisible=false, isPlaying=true, interactionCount=0
05-27 03:24:30.102 I/YouTubeVideoPlayer(  770): player_text_probe videoId=7c3-Gei5j4w result="\n🛡️\nSmartTube Shield: Sponsor/Intro skipped!\nThis video is unavailable\nError code: 152 - 4\nWatch video on YouTube"
05-27 03:24:30.103 W/YouTubeVideoPlayer(  770): loading_watch_fallback videoId=7c3-Gei5j4w reason=page_text:"\n🛡️\nSmartTube Shield: Sponsor/Intro skipped!\nThis video is unavailable\nError code: 152 - 4\nWatch video on YouTube" url=https://m.youtube.com/watch?v=7c3-Gei5j4w&app=desktop
05-27 03:24:30.222 I/YouTubeVideoPlayer(  770): main_frame_navigation url=https://www.youtube.com/watch?app=desktop&v=7c3-Gei5j4w
05-27 03:24:30.402 I/YouTubeVideoPlayer(  770): resource_request method=GET mainFrame=false url=https://www.youtube.com/s/player/c2f7551f/player_es6.vflset/en_GB/base.js
05-27 03:24:30.504 E/minksocket( 1748): MinkIPC_QRTR_Service: client with node 1 port 7597 went down
05-27 03:24:30.505 E/minksocket( 1748): MinkIPC_QRTR_Service: client with node 1 port 7598 went down
05-27 03:24:30.508 E/minksocket( 1748): MinkIPC_QRTR_Service: client with node 1 port 7599 went down
05-27 03:24:30.510 E/minksocket( 1748): MinkIPC_QRTR_Service: client with node 1 port 759a went down
05-27 03:24:30.873 I/YouTubeVideoPlayer(  770): resource_request method=GET mainFrame=false url=https://www.youtube.com/s/player/c2f7551f/player_es6.vflset/en_GB/offline.js
05-27 03:24:30.938 I/YouTubeVideoPlayer(  770): resource_request method=GET mainFrame=false url=https://www.youtube.com/s/player/c2f7551f/player_es6.vflset/en_GB/remote.js
05-27 03:24:30.938 I/YouTubeVideoPlayer(  770): resource_request method=GET mainFrame=false url=https://www.youtube.com/s/player/c2f7551f/player_es6.vflset/en_GB/miniplayer.js
05-27 03:24:30.938 I/YouTubeVideoPlayer(  770): resource_request method=GET mainFrame=false url=https://www.youtube.com/s/player/c2f7551f/player_es6.vflset/en_GB/annotations_module.js
05-27 03:24:30.939 I/YouTubeVideoPlayer(  770): resource_request method=GET mainFrame=false url=https://www.youtube.com/s/player/c2f7551f/player_es6.vflset/en_GB/captions.js
05-27 03:24:30.976 I/sensors-hal( 1753): batch:206, android.sensor.game_rotation_vector/151, period=16666000, max_latency=0
05-27 03:24:30.976 I/sensors-hal( 1753): set_config:57, sample_period_ns is adjusted to 16666000 based on min/max delay_ns
05-27 03:24:30.976 I/sensors-hal( 1753): batch:215, android.sensor.game_rotation_vector/151, period=16666000, max_latency=0 request completed
05-27 03:24:30.977 I/sensors-hal( 1753): activate:173, android.sensor.game_rotation_vector/151 en=1
05-27 03:24:30.977 I/sensors-hal( 1753): get_qmi_debug_flag:239, support_qmi_debug : false
05-27 03:24:30.977 E/minksocket( 1748): MinkIPC_QRTR_Service: client with node 1 port 759b went down
05-27 03:24:30.978 E/minksocket( 1748): MinkIPC_QRTR_Service: client with node 1 port 759c went down
05-27 03:24:30.978 E/Diag_Lib( 1753): diag: Diag_LSM_Init: invoked for pid: 1753 with init_count: 0
05-27 03:24:30.979 E/minksocket( 1748): MinkIPC_QRTR_Service: client with node 1 port 759d went down
05-27 03:24:30.979 E/minksocket( 1748): MinkIPC_QRTR_Service: client with node 1 port 759e went down
05-27 03:24:30.979 E/Diag_Lib( 1753): diag:failed to connect to diag socket
05-27 03:24:30.979 E/Diag_Lib( 1753):  Diag_LSM_Init: Failed to open handle to diag driver, error = 13
05-27 03:24:30.979 I/sensors-hal( 1753): send_sync_sensor_request:341, send sync request
05-27 03:24:30.979 I/sensors-hal( 1753): send_sync_sensor_request:367, wait for notification of response
05-27 03:24:30.982 I/sensors-hal( 1753): ssc_conn_resp_cb:632, resp_value = 0
05-27 03:24:30.982 I/sensors-hal( 1753): send_sync_sensor_request:373, takes 2 ms to receive the response with 0
05-27 03:24:30.982 I/sensors-hal( 1753): activate:184, android.sensor.game_rotation_vector/151 en=1 completed
05-27 03:24:30.991 I/ThermalEngine(29098): ACTION: freeze_rule - Setting freeze_rule to 0
05-27 03:24:30.991 I/ThermalEngine(29098): Monitor:INACTIVE:FREEZE-CHG:freeze_rule=1:DETECT-STANDBY=0
05-27 03:24:30.991 I/ThermalEngine(29098): ACTION: override_c - Setting override_c to 0
05-27 03:24:30.991 I/ThermalEngine(29098): Monitor:INACTIVE:OVERRIDE-CHG:internal_override=1:DETECT-STANDBY=0
05-27 03:24:30.991 I/Thermal-Lib(29098): Thermal-Lib-Client: Client request sent
05-27 03:24:30.991 I/ThermalEngine(29098): Thermal-Server: Thermal received msg from  freezing
05-27 03:24:30.991 I/Thermal-Lib(29098): Thermal-Lib-Client: Client request sent
05-27 03:24:30.991 I/ThermalEngine(29098): Thermal-Server: Thermal received msg from  override_c
05-27 03:24:30.997 I/ThermalEngine(29098): Monitor:ACTIVE:MON-MSM-charge:battery=6:CHG-SENSORS=42301
05-27 03:24:31.090 E/YouTubeVideoPlayer(  770): webview_error mainFrame=false url=https://tpc.googlesyndication.com/sodar/56-y-0RG.js description=net::ERR_CONNECTION_REFUSED code=-6
05-27 03:24:31.104 I/sensors-hal( 1753): handle_indication_realtime:467,  SCHED_FIFO(10) for qmi_cbk
05-27 03:24:31.189 D/BoundBrokerSvc(16834): onUnbind: Intent { act=com.google.android.gms.safetynet.service.START pkg=com.google.android.gms }
05-27 03:24:31.256 D/YouTubeWebViewConsole(  770): level=LOG message=LegacyDataMixin will be applied to all legacy elements.
05-27 03:24:31.256 D/YouTubeWebViewConsole(  770): Set `_legacyUndefinedCheck: true` on element class to enable. line=9788 source=https://www.youtube.com/s/_/ytmainappweb/_/js/k=ytmainappweb.kevlar_base.en_US.0ogJmpz-zFE.es5.O/am=AAAAAIAAYAhA/d=1/br=1/rs=AGKMywEbeAVTAbBOv70w6d45f1dpeY4T2A/m=kevlar_base_module,kevlar_main_module,kevlar_base_sync_mod_chunk
05-27 03:24:31.266 D/PowerManagerService( 3077): nativeAcquireSuspendBlocker name:PowerManagerService.WakeLocks duration ms: 1
05-27 03:24:31.268 D/TelephonyManager( 4090): requestModemActivityInfo: Sending result to app: ModemActivityInfo{ mTimestamp=1655260416 mSleepTimeMs=1230876541 mIdleTimeMs=15036070 mActivityStatsTechSpecificInfo=[{mRat=UNKNOWN,mFrequencyRange=UNKNOWN,mTxTimeMs[]=[6844091, 5319871, 4918502, 3877069, 3985846],mRxTimeMs=384405618}]}
05-27 03:24:31.269 D/PowerManagerService( 3077): nativeReleaseSuspendBlocker name:PowerManagerService.WakeLocks duration ms: 0
05-27 03:24:31.620 E/minksocket( 1748): MinkIPC_QRTR_Service: client with node 1 port 75a0 went down
05-27 03:24:31.621 E/minksocket( 1748): MinkIPC_QRTR_Service: client with node 1 port 75a1 went down
05-27 03:24:31.621 E/minksocket( 1748): MinkIPC_QRTR_Service: client with node 1 port 75a2 went down
05-27 03:24:31.622 E/minksocket( 1748): MinkIPC_QRTR_Service: client with node 1 port 75a3 went down
05-27 03:24:31.640 I/sensors-hal( 1753): activate:173, android.sensor.game_rotation_vector/151 en=0
05-27 03:24:31.641 E/minksocket( 1748): MinkIPC_QRTR_Service: client with node 1 port 759f went down
05-27 03:24:31.641 I/sensors-hal( 1753): activate:184, android.sensor.game_rotation_vector/151 en=0 completed
05-27 03:24:31.669 I/AAudio  (  770): AAudioStreamBuilder_openStream() called ----------------------------------------
05-27 03:24:31.669 I/AudioStreamBuilder(  770): rate   =  48000, channels  = 2, channelMask = 0x3, format   = 5, sharing = SH, dir = OUTPUT
05-27 03:24:31.669 I/AudioStreamBuilder(  770): device =      0, sessionId = -1, perfMode = 11, callback: ON with frames = 1024
05-27 03:24:31.669 I/AudioStreamBuilder(  770): usage  =      1, contentType = 0, inputPreset = 0, allowedCapturePolicy = 0
05-27 03:24:31.669 I/AudioStreamBuilder(  770): privacy sensitive = false, opPackageName = (null), attributionTag = (null)
05-27 03:24:31.670 D/AudioStreamBuilder(  770): build() MMAP not used because AAUDIO_PERFORMANCE_MODE_LOW_LATENCY not requested.
05-27 03:24:31.670 D/.musicpro.debug(  770): PlayerBase::PlayerBase()
05-27 03:24:31.670 D/AudioStreamTrack(  770): open(), request notificationFrames = 0, frameCount = 0
05-27 03:24:31.674 D/APM_AudioPolicyManager( 1880): getOutputForAttrInt() attributes={ Content type: AUDIO_CONTENT_TYPE_MUSIC Usage: AUDIO_USAGE_MEDIA Source: AUDIO_SOURCE_DEFAULT Flags: 0x600 Tags:  } stream=AUDIO_STREAM_MUSIC session 45865 selectedDeviceId 0
05-27 03:24:31.674 D/AudioFlinger( 1880): getParameters() io 0, keys vr_audio_mode_on, calling pid 1880
05-27 03:24:31.675 D/AHAL: AudioDevice( 1756): GetParameters: 2389: enter
05-27 03:24:31.675 D/AHAL: FM( 1756): fm_get_parameters: 232: enter
05-27 03:24:31.675 D/AHAL: FM( 1756): fm_get_parameters: 239: exit
05-27 03:24:31.675 D/AHAL: AudioDevice( 1756): GetParameters: 2502: exit: returns - 
05-27 03:24:31.677 D/AudioFlinger( 1880): Client defaulted notificationFrames to 1924 for frameCount 3848
05-27 03:24:31.682 D/AudioFlinger( 1880): getParameters() io 29, keys is_direct_pcm_track, calling pid 770
05-27 03:24:31.682 D/AHAL: AudioStream( 1756): astream_out_get_parameters: 1100: enter
05-27 03:24:31.683 D/AHAL: AudioStream( 1756): astream_out_get_parameters: 1122: keys: is_direct_pcm_track
05-27 03:24:31.683 D/AHAL: AudioStream( 1756): astream_out_get_parameters: 1159: exit: returns - is_direct_pcm_track=false
05-27 03:24:31.686 D/AudioTrack(  770): setVolume: mRelativePercentage:1.000000, left:1.000000, right:1.000000
05-27 03:24:31.686 D/AAudioStream(  770): setState(s#1) from 0 to 2
05-27 03:24:31.688 D/AudioFlinger( 1880): ro.audio.silent is ignored since no output device is set
05-27 03:24:31.688 D/AudioFlinger( 1880): ro.audio.silent is ignored since no output device is set
05-27 03:24:31.689 D/PowerManagerService( 3077): nativeAcquireSuspendBlocker name:PowerManagerService.WakeLocks duration ms: 1
05-27 03:24:31.689 I/AAudio  (  770): AAudioStreamBuilder_openStream() returns 0 = AAUDIO_OK for s#1 ----------------
05-27 03:24:31.689 I/cr_MediaCodecBridge(  770): create MediaCodec video decoder, mime video/x-vnd.on2.vp9, decoder name c2.qti.vp9.decoder, block_model=false
05-27 03:24:31.690 D/AAudio  (  770): AAudioStream_requestStart(s#1) called --------------
05-27 03:24:31.690 D/AAudioStream(  770): setState(s#1) from 2 to 3
05-27 03:24:31.692 W/AudioFlinger( 1880): The package name(android) provided does not correspond to the uid 1041
05-27 03:24:31.692 I/MediaCodec(  770): (0xb4000077b6cb42e0) init name(c2.qti.vp9.decoder)
05-27 03:24:31.693 D/CCodec  (  770): allocate(c2.qti.vp9.decoder)
05-27 03:24:31.695 I/Codec2Client(  770): Available Codec2 services: "default" "default2" "default9" "software"
05-27 03:24:31.696 I/EffectsFactory( 1756): EffectCreate() create_effect
05-27 03:24:31.697 I/CCodec  (  770): setting up 'default' as default (vendor) store
05-27 03:24:31.697 D/AudioFlinger( 1880): effectCreated()
05-27 03:24:31.698 W/AudioFlinger( 1880): The package name(android) provided does not correspond to the uid 1041
05-27 03:24:31.699 I/EffectsFactory( 1756): EffectCreate() create_effect
05-27 03:24:31.699 V/DlbVolumeListener( 1756): Create Dolby Listener Effect.
05-27 03:24:31.699 V/DlbVolumeListener( 1756): create CREATED_CONTEXT 0xb400007a7d84ec90 sessionId 45865 ioId 29
05-27 03:24:31.699 I/DlbVolumeListener( 1756): create() Created effect Music Listener
05-27 03:24:31.699 V/DlbVolumeListener( 1756): effectGetDescriptor
05-27 03:24:31.699 I/DlbVolumeListener( 1756): effectGetDescriptor() Returning descriptor for Music Listener
05-27 03:24:31.699 I/QC2Registry( 1859): search [c2.qti.vp9.decoder] in mEntries
05-27 03:24:31.700 I/QC2Comp ( 1859): PreProcessingPipelining 0
05-27 03:24:31.700 V/DlbVolumeListener( 1756): effectGetDescriptor
05-27 03:24:31.700 I/DlbVolumeListener( 1756): effectGetDescriptor() Returning descriptor for Music Listener
05-27 03:24:31.700 V/DlbVolumeListener( 1756): effectCommand
05-27 03:24:31.700 V/DlbVolumeListener( 1756): effectCommand :: Command EFFECT_CMD_INIT
05-27 03:24:31.700 V/DlbVolumeListener( 1756): effectCommand
05-27 03:24:31.700 D/DlbVolumeListener( 1756): effectCommand :: Command EFFECT_CMD_OFFLOAD offload=0 ioHandle=29
05-27 03:24:31.700 V/DlbVolumeListener( 1756): effectCommand
05-27 03:24:31.700 V/DlbVolumeListener( 1756): effectCommand :: Command EFFECT_CMD_SET_CONFIG
05-27 03:24:31.700 E/QConfig ( 1822): failed to find module QModKey_Static_VppFilter
05-27 03:24:31.701 V/DlbVolumeListener( 1756): effectCommand
05-27 03:24:31.701 V/DlbVolumeListener( 1756): effectCommand :: Command EFFECT_CMD_SET_CONFIG
05-27 03:24:31.701 I/QC2VppFilterDeviceQuery( 1859): failed to getUserConfigValue
05-27 03:24:31.701 I/QC2VppFilterCaps( 1859): failed to get user config, try default config
05-27 03:24:31.701 V/DlbVolumeListener( 1756): effectCommand
05-27 03:24:31.701 E/QConfig ( 1822): failed to find module QModKey_Static_VppFilter
05-27 03:24:31.701 D/AudioFlinger( 1880): effectCreated()
05-27 03:24:31.701 I/QC2VppFilterDeviceQuery( 1859): failed to getUserConfigValue
05-27 03:24:31.701 I/QC2VppFilterCaps( 1859): failed to get preset
05-27 03:24:31.701 E/QConfig ( 1822): failed to find module QModKey_Dynamic_VppFilter
05-27 03:24:31.701 I/QC2VppFilterDeviceQuery( 1859): failed to getUserConfigValue
05-27 03:24:31.701 I/QC2VppFilterCaps( 1859): failed to get user config, try default config
05-27 03:24:31.701 D/APM_AudioPolicyManager( 1880): startOutput() output 29, stream 3, session 45865
05-27 03:24:31.701 E/QConfig ( 1822): failed to find module QModKey_Dynamic_VppFilter
05-27 03:24:31.701 I/QC2VppFilterDeviceQuery( 1859): failed to getUserConfigValue
05-27 03:24:31.701 I/QC2VppFilterCaps( 1859): failed to get preset
05-27 03:24:31.701 I/QC2VppFilterCaps( 1859): preset size is zero
05-27 03:24:31.701 D/DlbDlbEffect( 1756): handle_EFFECT_CMD_DISABLE()
05-27 03:24:31.701 D/DlbEffectDap( 1756): updateProcessEnabled(enabled=0, bypassed=0)
05-27 03:24:31.701 D/DlbCrossfadeProcess( 1756): setEnabled transitioning from FADE_TO_ACTIVE state to FADE_TO_BYPASS
05-27 03:24:31.702 I/vendor.qti.media.c2@1.0-service( 1859): missing struct descriptor #Param::CoreIndex(--002) for field mastering of struct #Param::CoreIndex(--180a)
05-27 03:24:31.702 I/vendor.qti.media.c2@1.0-service( 1859): missing struct descriptor #Param::CoreIndex(-Vc014) for field misr_info_first_field of struct #Param::CoreIndex(-Vc015)
05-27 03:24:31.702 I/vendor.qti.media.c2@1.0-service( 1859): missing struct descriptor #Param::CoreIndex(-Vc014) for field misr_info_second_field of struct #Param::CoreIndex(-Vc015)
05-27 03:24:31.702 I/StandardCaps( 1859): prioritySetter: setting priority to real time
05-27 03:24:31.702 I/vendor.qti.media.c2@1.0-service( 1859): get enum 0 from HQV_MODE_OFF
05-27 03:24:31.703 I/QC2VppFilterCaps( 1859): Setting FRC is only allowed when mode is manual: mode=HQV_MODE_OFF
05-27 03:24:31.703 I/QC2VppFilterCaps( 1859): Setting AIS is only allowed when mode is manual: mode=HQV_MODE_OFF
05-27 03:24:31.703 I/vendor.qti.media.c2@1.0-service( 1859): get enum 0 from PROCESS_LEFT
05-27 03:24:31.703 I/QC2VppFilterCaps( 1859): Seeting CNR is only allowed when mode is manual: mode=HQV_MODE_OFF
05-27 03:24:31.703 I/QC2VppFilterCaps( 1859): Setting EAR is only allowed when mode is manual: mode=HQV_MODE_OFF
05-27 03:24:31.703 I/QC2VppFilterCaps( 1859): Setting AIE is only allowed when mode is manual: mode=HQV_MODE_OFF
05-27 03:24:31.703 I/QC2Registry( 1859): search [c2.qti.vp9.decoder] in mEntries
05-27 03:24:31.703 I/QC2Comp ( 1859): Create: Allocated component[1717] for name c2.qti.vp9.decoder : [64 bit]
05-27 03:24:31.703 I/QC2Comp ( 1859): Create Latency:3.83 ms
05-27 03:24:31.703 I/QC2CompStore( 1859): Created component(c2.qti.vp9.decoder) id(1717)
05-27 03:24:31.704 D/DlbDlbEffect( 1756): handle_EFFECT_CMD_SET_CONFIG()
05-27 03:24:31.704 D/DlbDapEffectContext( 1756): updateInputFormat() mIsDmsContentProcEnabled: 1, channels: 0x3, mCurrentDevice: 0x2, mAudioFlags: 0xa00
05-27 03:24:31.704 D/DlbDap2ProcessWithIht( 1756): setHTParam: mIsBinauralInput: 0
05-27 03:24:31.704 D/DlbDap2ProcessWithIht( 1756): DAP input format is 0x22 with input channel mask 0x3
05-27 03:24:31.704 D/DlbDlbEffect( 1756): handle_EFFECT_CMD_SET_CONFIG()
05-27 03:24:31.704 D/DlbDapEffectContext( 1756): updateInputFormat() mIsDmsContentProcEnabled: 1, channels: 0x3, mCurrentDevice: 0x2, mAudioFlags: 0xa00
05-27 03:24:31.704 D/DlbDap2ProcessWithIht( 1756): setHTParam: mIsBinauralInput: 0
05-27 03:24:31.704 D/DlbDap2ProcessWithIht( 1756): DAP input format is 0x22 with input channel mask 0x3
05-27 03:24:31.704 I/CCodec  (  770): Created component [c2.qti.vp9.decoder]
05-27 03:24:31.704 D/DlbDlbEffect( 1756): handle_EFFECT_CMD_SET_DEVICE(device=0x00000002)
05-27 03:24:31.704 D/DlbDapEndpointParamCache( 1756): setDevice(device=0x00000002)
05-27 03:24:31.705 D/DMSService( 1824): setActiveDevice called with device = 0x2 (original 0x2)
05-27 03:24:31.705 D/CCodecConfig(  770): read media type: video/x-vnd.on2.vp9
05-27 03:24:31.705 D/DlbEffectDap( 1756): setAudioMode(mode = 0)
05-27 03:24:31.705 D/DlbEffectContext( 1756): addPregainObserver(): Pregain observer added for audio io 29 and Dolby effect type 0
05-27 03:24:31.705 D/DlbDlbEffect( 1756): handle_EFFECT_CMD_ENABLE()
05-27 03:24:31.705 D/DlbEffectDap( 1756): updateProcessEnabled(enabled=1, bypassed=0)
05-27 03:24:31.705 D/DlbCrossfadeProcess( 1756): setEnabled transitioning from FADE_TO_BYPASS state to FADE_TO_ACTIVE
05-27 03:24:31.706 D/AudioFlinger( 1880): moveEffectChain_l: successful move of session 0 from srcThread 0xb40000714bf51910 to dstThread 0xb40000714b81c910 (1 effects moved, 1 effects started)
05-27 03:24:31.707 D/audioserver( 1880): FGS Logger Transaction failed
05-27 03:24:31.707 D/audioserver( 1880): -129
05-27 03:24:31.708 D/AudioFlinger( 1880): checkAudioTracks(flags=0x200)
05-27 03:24:31.708 D/ReflectedParamUpdater(  770): extent() != 1 for single value type: vendor.qti-ext-vpp-extradata.extradata-types
05-27 03:24:31.708 D/DlbDapEffectContext( 1756): setParam() received parameter EFFECT_PARAM_SET_AUDIO_FLAG
05-27 03:24:31.708 D/DlbDapEffectContext( 1756): setAudioFlags(flag=0x00000200)
05-27 03:24:31.708 D/DlbDapEffectContext( 1756): updateInputFormat() mIsDmsContentProcEnabled: 1, channels: 0x3, mCurrentDevice: 0x2, mAudioFlags: 0x200
05-27 03:24:31.708 D/DlbDap2ProcessWithIht( 1756): setHTParam: mIsBinauralInput: 0
05-27 03:24:31.708 D/DlbDap2ProcessWithIht( 1756): DAP input format is 0x22 with input channel mask 0x3
05-27 03:24:31.709 D/AAudio  (  770): AAudioStream_requestStart(s#1) returned 0 ---------
05-27 03:24:31.709 D/AudioStreamLegacy(  770): onAudioDeviceUpdate(deviceId = 3)
05-27 03:24:31.710 V/DlbVolumeListener( 1756): effectCommand
05-27 03:24:31.710 V/DlbVolumeListener( 1756): effectCommand :: Command EFFECT_CMD_ENABLE
05-27 03:24:31.711 D/ReflectedParamUpdater(  770): extent() != 1 for single value type: vendor.qti-ext-dec-info-misr.misr_info_first_field.misr_dpb_luma
05-27 03:24:31.711 D/ReflectedParamUpdater(  770): extent() != 1 for single value type: vendor.qti-ext-dec-info-misr.misr_info_first_field.misr_dpb_chroma
05-27 03:24:31.711 D/ReflectedParamUpdater(  770): extent() != 1 for single value type: vendor.qti-ext-dec-info-misr.misr_info_first_field.misr_opb_luma
05-27 03:24:31.711 D/ReflectedParamUpdater(  770): extent() != 1 for single value type: vendor.qti-ext-dec-info-misr.misr_info_first_field.misr_opb_chroma
05-27 03:24:31.711 D/ReflectedParamUpdater(  770): extent() != 1 for single value type: vendor.qti-ext-dec-info-misr.misr_info_second_field.misr_dpb_luma
05-27 03:24:31.711 D/ReflectedParamUpdater(  770): extent() != 1 for single value type: vendor.qti-ext-dec-info-misr.misr_info_second_field.misr_dpb_chroma
05-27 03:24:31.711 D/ReflectedParamUpdater(  770): extent() != 1 for single value type: vendor.qti-ext-dec-info-misr.misr_info_second_field.misr_opb_luma
05-27 03:24:31.711 D/ReflectedParamUpdater(  770): extent() != 1 for single value type: vendor.qti-ext-dec-info-misr.misr_info_second_field.misr_opb_chroma
05-27 03:24:31.712 D/ReflectedParamUpdater(  770): extent() != 1 for single value type: output.buffers.pool-ids.values
05-27 03:24:31.712 D/DlbDapCrossfadeProcess( 1756): process transitioning from FADE_TO_ACTIVE state to PROCESS_ACTIVE
05-27 03:24:31.712 D/AHAL: AudioStream( 1756): AutoPerfLock: 283: (Acquired) perf_lock_handle: 0x6862b, count: 1
05-27 03:24:31.712 I/AHAL: AudioStream( 1756): Open: 2893: Enter: OutPrimary usecase(0: deep-buffer-playback)
05-27 03:24:31.712 D/AHAL: AudioStream( 1756): Open: 2899: no_of_devices 1
05-27 03:24:31.712 D/AHAL: AudioStream( 1756): Open: 2954: halInputFormat 1 halOutputFormat 1 palformat 1
05-27 03:24:31.712 I/PAL: ResourceManager( 1756): getParameter: 8222: get parameter for HIFI PCM Filter
05-27 03:24:31.712 D/AHAL: AudioStream( 1756): Open: 3027: channels 2 samplerate 48000 format id 1, stream type 2  stream bitwidth 16
05-27 03:24:31.712 D/AHAL: AudioStream( 1756): Open: 3028: msample_rate 0 mchannels 0 mNoOfOutDevices 1
05-27 03:24:31.713 I/PAL: API( 1756): pal_stream_open: 185: Enter, stream type:2 (PAL_STREAM_DEEP_BUFFER)
05-27 03:24:31.711 D/Avrcp_ext( 3992): AudioManager Player: AudioPlaybackConfiguration piid:41711 deviceId:0 type:android.media.SoundPool u/pid:10342/7709 state:idle attr:AudioAttributes: usage=USAGE_ASSISTANCE_SONIFICATION content=CONTENT_TYPE_SONIFICATION flags=0x800 tags= bundle=null sessionId:0 mutedState:none  FormatInfo{isSpatialized=false, channelMask=0x0, sampleRate=0}
05-27 03:24:31.713 I/PAL: ResourceManager( 1756): isStreamSupported: 2429: config suppported
05-27 03:24:31.713 D/Avrcp_ext( 3992): AudioManager Player: AudioPlaybackConfiguration piid:49551 deviceId:0 type:android.media.AudioTrack u/pid:10289/19271 state:paused attr:AudioAttributes: usage=USAGE_MEDIA content=CONTENT_TYPE_MUSIC flags=0xA00 tags= bundle=null sessionId:44585 mutedState:none  FormatInfo{isSpatialized=false, channelMask=0x3, sampleRate=48000}
05-27 03:24:31.713 I/PAL: ResourceManager( 1756): getActiveStream_l: 5106: no active streams found for device 2 (PAL_DEVICE_OUT_HANDSET) ret -2
05-27 03:24:31.713 D/Avrcp_ext( 3992): AudioManager Player: AudioPlaybackConfiguration piid:49615 deviceId:2 type:android.media.MediaPlayer u/pid:10342/7709 state:stopped attr:AudioAttributes: usage=USAGE_VOICE_COMMUNICATION content=CONTENT_TYPE_SONIFICATION flags=0x800 tags= bundle=null sessionId:45185 mutedState:none  FormatInfo{isSpatialized=false, channelMask=0x1, sampleRate=44100}
05-27 03:24:31.713 D/Avrcp_ext( 3992): AudioManager Player: AudioPlaybackConfiguration piid:50263 deviceId:0 type:AAudio u/pid:10521/770 state:idle attr:AudioAttributes: usage=USAGE_MEDIA content=CONTENT_TYPE_UNKNOWN source=DEFAULT flags=0x400 tags= bundle=null sessionId:-1 mutedState:none  FormatInfo{isSpatialized=false, channelMask=0x3, sampleRate=48000}
05-27 03:24:31.713 D/Avrcp_ext( 3992): AudioManager Player: AudioPlaybackConfiguration piid:63 deviceId:0 type:android.media.SoundPool u/pid:1000/3077 state:idle attr:AudioAttributes: usage=USAGE_ASSISTANCE_SONIFICATION content=CONTENT_TYPE_SONIFICATION flags=0x800 tags= bundle=null sessionId:0 mutedState:none  FormatInfo{isSpatialized=false, channelMask=0x0, sampleRate=0}
05-27 03:24:31.713 I/PAL: ResourceManager( 1756): getSharedBEActiveStreamDevs: 6366: got dev 2 (PAL_DEVICE_OUT_HANDSET) active streams on dev is 0
05-27 03:24:31.713 D/Avrcp_ext( 3992): AudioManager Player: AudioPlaybackConfiguration piid:38399 deviceId:0 type:android.media.SoundPool u/pid:1027/6379 state:idle attr:AudioAttributes: usage=USAGE_ASSISTANCE_SONIFICATION content=CONTENT_TYPE_SONIFICATION flags=0x800 tags= bundle=null sessionId:0 mutedState:none  FormatInfo{isSpatialized=false, channelMask=0x0, sampleRate=0}
05-27 03:24:31.713 D/Avrcp_ext( 3992): AudioManager isPlaying: false, mAudioPlaybackIsActive = false
05-27 03:24:31.713 D/Avrcp_ext( 3992): AudioManager Reset Active Player
05-27 03:24:31.713 I/PAL: ResourceManager( 1756): getActiveStream_l: 5106: no active streams found for device 3 (PAL_DEVICE_OUT_SPEAKER) ret -2
05-27 03:24:31.713 D/Avrcp_ext( 3992): AudioManager Player: AudioPlaybackConfiguration piid:41711 deviceId:0 type:android.media.SoundPool u/pid:10342/7709 state:idle attr:AudioAttributes: usage=USAGE_ASSISTANCE_SONIFICATION content=CONTENT_TYPE_SONIFICATION flags=0x800 tags= bundle=null sessionId:0 mutedState:none  FormatInfo{isSpatialized=false, channelMask=0x0, sampleRate=0}
05-27 03:24:31.713 I/PAL: ResourceManager( 1756): getSharedBEActiveStreamDevs: 6366: got dev 3 (PAL_DEVICE_OUT_SPEAKER) active streams on dev is 0
05-27 03:24:31.713 D/Avrcp_ext( 3992): AudioManager Player: AudioPlaybackConfiguration piid:49551 deviceId:0 type:android.media.AudioTrack u/pid:10289/19271 state:paused attr:AudioAttributes: usage=USAGE_MEDIA content=CONTENT_TYPE_MUSIC flags=0xA00 tags= bundle=null sessionId:44585 mutedState:none  FormatInfo{isSpatialized=false, channelMask=0x3, sampleRate=48000}
05-27 03:24:31.713 D/Avrcp_ext( 3992): AudioManager Player: AudioPlaybackConfiguration piid:49615 deviceId:2 type:android.media.MediaPlayer u/pid:10342/7709 state:stopped attr:AudioAttributes: usage=USAGE_VOICE_COMMUNICATION content=CONTENT_TYPE_SONIFICATION flags=0x800 tags= bundle=null sessionId:45185 mutedState:none  FormatInfo{isSpatialized=false, channelMask=0x1, sampleRate=44100}
05-27 03:24:31.713 D/Avrcp_ext( 3992): AudioManager Player: AudioPlaybackConfiguration piid:50263 deviceId:3 type:AAudio u/pid:10521/770 state:started attr:AudioAttributes: usage=USAGE_MEDIA content=CONTENT_TYPE_UNKNOWN source=DEFAULT flags=0x400 tags= bundle=null sessionId:-1 mutedState:none  FormatInfo{isSpatialized=false, channelMask=0x3, sampleRate=48000}
05-27 03:24:31.713 I/PAL: Device( 1756): setDeviceAttributes: 350: DeviceAttributes for Device Id 3 updated
05-27 03:24:31.713 I/PAL: ResourceManager( 1756): allocateFrontEndIds: 6000: allocateFrontEndIds: front end 117
05-27 03:24:31.713 I/PAL: PayloadBuilder( 1756): populateStreamKV: 2584: stream type 2
05-27 03:24:31.713 I/PAL: PayloadBuilder( 1756): getSelectorValues: 2412: Direction: 1
05-27 03:24:31.713 I/PAL: PayloadBuilder( 1756): getSelectorValues: 2428: Instance: 1
05-27 03:24:31.713 I/PAL: PayloadBuilder( 1756): findKVs: 2302: key: 0xa1000000 value: 0xa1000001
05-27 03:24:31.713 I/PAL: PayloadBuilder( 1756): findKVs: 2302: key: 0xab000000 value: 0x1
05-27 03:24:31.714 D/Avrcp_ext( 3992): AudioManager Player in started state: com.deepeye.musicpro.debug
05-27 03:24:31.714 D/Avrcp_ext( 3992): AudioManager Active Player: com.deepeye.musicpro.debug
05-27 03:24:31.714 I/PAL: PayloadBuilder( 1756): populateDeviceKV: 2698: Enter device id:3 (PAL_DEVICE_OUT_SPEAKER)
05-27 03:24:31.714 D/Avrcp_ext( 3992): AudioManager Player: AudioPlaybackConfiguration piid:63 deviceId:0 type:android.media.SoundPool u/pid:1000/3077 state:idle attr:AudioAttributes: usage=USAGE_ASSISTANCE_SONIFICATION content=CONTENT_TYPE_SONIFICATION flags=0x800 tags= bundle=null sessionId:0 mutedState:none  FormatInfo{isSpatialized=false, channelMask=0x0, sampleRate=0}
05-27 03:24:31.714 I/PAL: PayloadBuilder( 1756): findKVs: 2315: key: 0xa2000000 value: 0xa2000001
05-27 03:24:31.714 D/Avrcp_ext( 3992): AudioManager Player: AudioPlaybackConfiguration piid:38399 deviceId:0 type:android.media.SoundPool u/pid:1027/6379 state:idle attr:AudioAttributes: usage=USAGE_ASSISTANCE_SONIFICATION content=CONTENT_TYPE_SONIFICATION flags=0x800 tags= bundle=null sessionId:0 mutedState:none  FormatInfo{isSpatialized=false, channelMask=0x0, sampleRate=0}
05-27 03:24:31.714 D/Avrcp_ext( 3992): AudioManager isPlaying: true, mAudioPlaybackIsActive = false
05-27 03:24:31.714 I/PAL: PayloadBuilder( 1756): populateDeviceKV: 2726: Exit device id:3, status 0
05-27 03:24:31.714 V/Avrcp_ext( 3992): AvrcpMessageHandler: received message=38
05-27 03:24:31.714 I/PAL: PayloadBuilder( 1756): populateDevicePPKV: 2840: Rx device id:3 (PAL_DEVICE_OUT_SPEAKER)
05-27 03:24:31.714 D/Avrcp_ext( 3992): MSG_UPDATE_CURRENT_MEDIA_STATE
05-27 03:24:31.714 I/PAL: PayloadBuilder( 1756): getSelectorValues: 2482: stream type: 2 (PAL_STREAM_DEEP_BUFFER)
05-27 03:24:31.714 I/PAL: PayloadBuilder( 1756): findKVs: 2302: key: 0xa2000000 value: 0xa2000001
05-27 03:24:31.714 I/PAL: PayloadBuilder( 1756): findKVs: 2302: key: 0xac000000 value: 0xac000002
05-27 03:24:31.714 I/PAL: PayloadBuilder( 1756): populateDevicePPCkv: 2994: SpeakerProt Status[1], RAS Status[0]
05-27 03:24:31.715 I/AGM: device( 1830): device_set_metadata: 691 Setting device metadata for CODEC_DMA-LPAIF_WSA-RX-0
05-27 03:24:31.715 D/AGM: metadata( 1830): metadata_print: 263 *************************Metadata*************************
05-27 03:24:31.715 D/AGM: metadata( 1830): metadata_print: 264 GKV size:1
05-27 03:24:31.715 D/AGM: metadata( 1830): metadata_print: 267 key:0xa2000000, value:0xa2000001(SPEAKER)
05-27 03:24:31.715 D/AGM: metadata( 1830): metadata_print: 271 
05-27 03:24:31.715 D/AGM: metadata( 1830): CKV count:1
05-27 03:24:31.715 D/AGM: metadata( 1830): metadata_print: 274 key:0xbe000000, value:0x3 
05-27 03:24:31.715 D/AGM: metadata( 1830): metadata_print: 276 
05-27 03:24:31.715 D/AGM: metadata( 1830): metadata_print: 278 Property ID:134217744
05-27 03:24:31.715 D/AGM: metadata( 1830): metadata_print: 279 property count:2
05-27 03:24:31.715 D/AGM: metadata( 1830): metadata_print: 282 Property Values: 
05-27 03:24:31.715 D/AGM: metadata( 1830): metadata_print: 284 0x2 
05-27 03:24:31.715 D/AGM: metadata( 1830): metadata_print: 284 0x5 
05-27 03:24:31.715 D/AGM: metadata( 1830): metadata_print: 286 
05-27 03:24:31.715 D/AGM: metadata( 1830): metadata_print: 287 ****************Metadata Done***************************
05-27 03:24:31.715 D/AGM: metadata( 1830): 
05-27 03:24:31.715 I/AGM: session( 1830): session_obj_set_sess_aif_metadata: 1772 Setting metadata for sess aif id 8
05-27 03:24:31.715 D/AGM: metadata( 1830): metadata_print: 263 *************************Metadata*************************
05-27 03:24:31.715 D/AGM: metadata( 1830): metadata_print: 264 GKV size:2
05-27 03:24:31.715 D/AGM: metadata( 1830): metadata_print: 267 key:0xa2000000, value:0xa2000001(SPEAKER)
05-27 03:24:31.715 D/AGM: metadata( 1830): metadata_print: 267 key:0xac000000, value:0xac000002(DEVICEPP_RX_AUDIO_MBDRC)
05-27 03:24:31.715 D/AGM: metadata( 1830): metadata_print: 271 
05-27 03:24:31.715 D/AGM: metadata( 1830): CKV count:4
05-27 03:24:31.715 D/AGM: metadata( 1830): metadata_print: 274 key:0xe4000000, value:0x0 
05-27 03:24:31.715 D/AGM: metadata( 1830): metadata_print: 274 key:0xe5000000, value:0x1 
05-27 03:24:31.715 D/AGM: metadata( 1830): metadata_print: 274 key:0xe6000000, value:0x0 
05-27 03:24:31.715 D/AGM: metadata( 1830): metadata_print: 274 key:0xd2000000, value:0x0 
05-27 03:24:31.715 D/AGM: metadata( 1830): metadata_print: 276 
05-27 03:24:31.715 D/AGM: metadata( 1830): metadata_print: 278 Property ID:134217744
05-27 03:24:31.715 D/AGM: metadata( 1830): metadata_print: 279 property count:1
05-27 03:24:31.715 D/AGM: metadata( 1830): metadata_print: 282 Property Values: 
05-27 03:24:31.715 D/AGM: metadata( 1830): metadata_print: 284 0x3 
05-27 03:24:31.715 D/AGM: metadata( 1830): metadata_print: 286 
05-27 03:24:31.715 D/AGM: metadata( 1830): metadata_print: 287 ****************Metadata Done***************************
05-27 03:24:31.715 D/AGM: metadata( 1830): 
05-27 03:24:31.715 I/AGM: session( 1830): session_obj_set_sess_aif_metadata: 1792 Exit
05-27 03:24:31.715 D/CCodecConfig(  770): ignoring local param raw.size (0xd2001800) as it is already supported
05-27 03:24:31.715 D/CCodecConfig(  770): ignoring local param default.color (0x5200180b) as it is already supported
05-27 03:24:31.715 D/CCodecConfig(  770): ignoring local param raw.hdr-static-info (0xd200180a) as it is already supported
05-27 03:24:31.716 D/agm_server_wrapper( 1830): Aif id 8 already added to session list of 117
05-27 03:24:31.716 I/AGM: API( 1830): agm_session_aif_connect: 651 connecting aifid:8 with session id=117
05-27 03:24:31.716 I/CCodecConfig(  770): query failed after returning 19 values (BAD_INDEX)
05-27 03:24:31.716 I/PAL: Device( 1756): open: 420: Enter. deviceCount 0 for device id 3 (PAL_DEVICE_OUT_SPEAKER)
05-27 03:24:31.716 I/PAL: SessionAlsaUtils( 1756): setDeviceMediaConfig: 1007: CODEC_DMA-LPAIF_WSA-RX-0 rate ch fmt data_fmt 48000 2 2 1
05-27 03:24:31.716 D/audio_route( 1756): Apply path: speaker
05-27 03:24:31.717 V/Avrcp_ext( 3992): updateCurrentMediaState: mMediaController: MediaController (com.deepeye.musicpro.debug@8fb2c32) null
05-27 03:24:31.717 W/Avrcp_ext( 3992): isMusicActive: true getBluetoothPlayState: 1 A2dp State: 11 mAudioPlaybackIsActive: true
05-27 03:24:31.717 D/CCodecConfig(  770): c2 config diff is Dict {
05-27 03:24:31.717 D/CCodecConfig(  770):   c2::i32 algo.priority.value = 0
05-27 03:24:31.717 D/CCodecConfig(  770):   c2::float algo.rate.value = 30
05-27 03:24:31.717 D/CCodecConfig(  770):   c2::u32 algo.secure-mode.value = 0
05-27 03:24:31.717 D/CCodecConfig(  770):   c2::float coded.frame-rate.value = 30
05-27 03:24:31.717 D/CCodecConfig(  770):   c2::u32 coded.pl.level = 0
05-27 03:24:31.717 D/CCodecConfig(  770):   c2::u32 coded.pl.profile = 28672
05-27 03:24:31.717 D/CCodecConfig(  770):   c2::u32 coded.vui.color.matrix = 255
05-27 03:24:31.717 D/CCodecConfig(  770):   c2::u32 coded.vui.color.primaries = 0
05-27 03:24:31.717 D/CCodecConfig(  770):   c2::u32 coded.vui.color.range = 0
05-27 03:24:31.717 D/CCodecConfig(  770):   c2::u32 coded.vui.color.transfer = 255
05-27 03:24:31.717 D/CCodecConfig(  770):   c2::u32 default.color.matrix = 0
05-27 03:24:31.717 D/CCodecConfig(  770):   c2::u32 default.color.primaries = 0
05-27 03:24:31.717 D/CCodecConfig(  770):   c2::u32 default.color.range = 0
05-27 03:24:31.717 D/CCodecConfig(  770):   c2::u32 default.color.transfer = 0
05-27 03:24:31.717 D/CCodecConfig(  770):   c2::u32 input.buffers.max-size.value = 16588800
05-27 03:24:31.717 D/CCodecConfig(  770):   c2::u32 input.delay.value = 0
05-27 03:24:31.717 D/CCodecConfig(  770):   Buffer input.hdr10-plus-info.value = {
05-27 03:24:31.717 D/CCodecConfig(  770):     00000000:  00                                                .
05-27 03:24:31.717 D/CCodecConfig(  770):   }
05-27 03:24:31.717 D/CCodecConfig(  770):   string input.media-type.value = "video/x-vnd.on2.vp9"
05-27 03:24:31.717 D/CCodecConfig(  770):   c2::u32 output.delay.value = 7
05-27 03:24:31.717 D/CCodecConfig(  770):   Buffer output.hdr10-plus-info.value = {
05-27 03:24:31.717 D/CCodecConfig(  770):   }
05-27 03:24:31.717 D/CCodecConfig(  770):   string output.media-type.value = "video/raw"
05-27 03:24:31.717 D/CCodecConfig(  770):   c2::u32 raw.color.matrix = 255
05-27 03:24:31.717 D/CCodecConfig(  770):   c2::u32 raw.color.primaries = 0
05-27 03:24:31.717 D/CCodecConfig(  770):   c2::u32 raw.color.range = 0
05-27 03:24:31.717 D/CCodecConfig(  770):   c2::u32 raw.col
05-27 03:24:31.717 W/ColorUtils(  770): expected specified color aspects (0:0:255:255)
05-27 03:24:31.717 D/Avrcp_ext( 3992): isMusicActive = true mAudioPlaybackIsActive = true player state = PlaybackState {state=PLAYING(3), position=1835, buffered position=0, speed=1.0, updated=1655260865, actions=7339703, custom actions=[], active item id=0, error=null}
05-27 03:24:31.718 I/MediaCodec(  770): (0xb4000077b6cb42e0) Component Allocated (c2.qti.vp9.decoder)
05-27 03:24:31.718 V/Avrcp_ext( 3992): Media update: id 0➡0? [MediaAttributes: none] : [MediaAttributes: none]
05-27 03:24:31.718 D/Avrcp_ext( 3992): isPackageNameValid: browsedPackage = com.deepeye.musicpro.debugisValid = true
05-27 03:24:31.718 V/Avrcp_ext( 3992): isBrowseSupported for com.deepeye.musicpro.debug: false
05-27 03:24:31.718 W/Avrcp_ext( 3992): updateCurrentMediaState: isInactivePlayer = false
05-27 03:24:31.718 V/Avrcp_ext( 3992): updatePlaybackState, state: PlaybackState {state=PLAYING(3), position=1835, buffered position=0, speed=1.0, updated=1655260865, actions=7339703, custom actions=[], active item id=0, error=null} device: null
05-27 03:24:31.718 V/Avrcp_ext( 3992): Device: no name: 
05-27 03:24:31.718 V/Avrcp_ext( 3992): Device: no name: 
05-27 03:24:31.718 V/Avrcp_ext( 3992): Device: no name: 
05-27 03:24:31.718 V/Avrcp_ext( 3992): Device: no name: 
05-27 03:24:31.718 V/Avrcp_ext( 3992): Device: no name: 
05-27 03:24:31.718 V/Avrcp_ext( 3992): updatePlayerStateAndPosition, old=PlaybackState {state=PLAYING(3), position=4, buffered position=0, speed=1.0, updated=1655259034, actions=7339703, custom actions=[], active item id=0, error=null}, state=PlaybackState {state=PLAYING(3), position=1835, buffered position=0, speed=1.0, updated=1655260865, actions=7339703, custom actions=[], active item id=0, error=null}
05-27 03:24:31.718 V/Avrcp_ext( 3992): old state = PlaybackState {state=PLAYING(3), position=4, buffered position=0, speed=1.0, updated=1655259034, actions=7339703, custom actions=[], active item id=0, error=null}, new state= PlaybackState {state=PLAYING(3), position=1835, buffered position=0, speed=1.0, updated=1655260865, actions=7339703, custom actions=[], active item id=0, error=null}
05-27 03:24:31.718 D/HeadsetService( 3992): getHeadsetService(): returning com.android.bluetooth.hfp.HeadsetService@9390a13
05-27 03:24:31.718 E/HeadsetStateMachine( 3992): returning mCurrentState as Disconnected
05-27 03:24:31.718 E/HeadsetStateMachine( 3992): returning mCurrentState as Disconnected
05-27 03:24:31.718 D/HeadsetService( 3992):  isAudioOn: The number of audio connected devices 0
05-27 03:24:31.718 D/HeadsetService( 3992): isScoOrCallActive(): Call Active:falseCall is Ringing:falseSCO is Active:false
05-27 03:24:31.718 E/HeadsetStateMachine( 3992): returning mCurrentState as Disconnected
05-27 03:24:31.718 E/HeadsetStateMachine( 3992): returning mCurrentState as Disconnected
05-27 03:24:31.718 D/HeadsetService( 3992):  isAudioOn: The number of audio connected devices 0
05-27 03:24:31.718 V/Avrcp_ext( 3992): isPlayStateTobeUpdated: device: null
05-27 03:24:31.718 V/Avrcp_ext( 3992): Single connection exists
05-27 03:24:31.718 E/HeadsetStateMachine( 3992): returning mCurrentState as Disconnected
05-27 03:24:31.718 E/HeadsetStateMachine( 3992): returning mCurrentState as Disconnected
05-27 03:24:31.718 D/HeadsetService( 3992):  isAudioOn: The number of audio connected devices 0
05-27 03:24:31.718 D/HeadsetService( 3992): isScoOrCallActive(): Call Active:falseCall is Ringing:falseSCO is Active:false
05-27 03:24:31.718 E/HeadsetStateMachine( 3992): returning mCurrentState as Disconnected
05-27 03:24:31.718 E/HeadsetStateMachine( 3992): returning mCurrentState as Disconnected
05-27 03:24:31.718 D/HeadsetService( 3992):  isAudioOn: The number of audio connected devices 0
05-27 03:24:31.718 V/Avrcp_ext( 3992): isPlayStateTobeUpdated: device: null
05-27 03:24:31.718 V/Avrcp_ext( 3992): Single connection exists
05-27 03:24:31.718 E/HeadsetStateMachine( 3992): returning mCurrentState as Disconnected
05-27 03:24:31.718 E/HeadsetStateMachine( 3992): returning mCurrentState as Disconnected
05-27 03:24:31.718 D/HeadsetService( 3992):  isAudioOn: The number of audio connected devices 0
05-27 03:24:31.718 D/HeadsetService( 3992): isScoOrCallActive(): Call Active:falseCall is Ringing:falseSCO is Active:false
05-27 03:24:31.718 E/HeadsetStateMachine( 3992): returning mCurrentState as Disconnected
05-27 03:24:31.718 E/HeadsetStateMachine( 3992): returning mCurrentState as Disconnected
05-27 03:24:31.718 I/PAL: Device( 1756): open: 460: Exit. deviceCount 1 for device id 3 (PAL_DEVICE_OUT_SPEAKER), exit status: 0
05-27 03:24:31.718 D/HeadsetService( 3992):  isAudioOn: The number of audio connected devices 0
05-27 03:24:31.718 V/Avrcp_ext( 3992): isPlayStateTobeUpdated: device: null
05-27 03:24:31.718 V/Avrcp_ext( 3992): Single connection exists
05-27 03:24:31.718 E/HeadsetStateMachine( 3992): returning mCurrentState as Disconnected
05-27 03:24:31.719 E/HeadsetStateMachine( 3992): returning mCurrentState as Disconnected
05-27 03:24:31.719 D/HeadsetService( 3992):  isAudioOn: The number of audio connected devices 0
