05-27 03:24:26.866 D/HeadsetService( 3992):  isAudioOn: The number of audio connected devices 0
05-27 03:24:26.866 D/HeadsetService( 3992): isScoOrCallActive(): Call Active:falseCall is Ringing:falseSCO is Active:false
05-27 03:24:26.866 E/HeadsetStateMachine( 3992): returning mCurrentState as Disconnected
05-27 03:24:26.866 E/HeadsetStateMachine( 3992): returning mCurrentState as Disconnected
05-27 03:24:26.866 D/HeadsetService( 3992):  isAudioOn: The number of audio connected devices 0
05-27 03:24:26.866 V/Avrcp_ext( 3992): isPlayStateTobeUpdated: device: null
05-27 03:24:26.866 V/Avrcp_ext( 3992): Single connection exists
05-27 03:24:26.866 E/HeadsetStateMachine( 3992): returning mCurrentState as Disconnected
05-27 03:24:26.866 E/HeadsetStateMachine( 3992): returning mCurrentState as Disconnected
05-27 03:24:26.866 D/HeadsetService( 3992):  isAudioOn: The number of audio connected devices 0
05-27 03:24:26.866 D/HeadsetService( 3992): isScoOrCallActive(): Call Active:falseCall is Ringing:falseSCO is Active:false
05-27 03:24:26.866 E/HeadsetStateMachine( 3992): returning mCurrentState as Disconnected
05-27 03:24:26.866 E/HeadsetStateMachine( 3992): returning mCurrentState as Disconnected
05-27 03:24:26.866 D/HeadsetService( 3992):  isAudioOn: The number of audio connected devices 0
05-27 03:24:26.866 V/Avrcp_ext( 3992): isPlayStateTobeUpdated: device: null
05-27 03:24:26.866 V/Avrcp_ext( 3992): Single connection exists
05-27 03:24:26.866 E/HeadsetStateMachine( 3992): returning mCurrentState as Disconnected
05-27 03:24:26.866 E/HeadsetStateMachine( 3992): returning mCurrentState as Disconnected
05-27 03:24:26.866 D/HeadsetService( 3992):  isAudioOn: The number of audio connected devices 0
05-27 03:24:26.866 D/HeadsetService( 3992): isScoOrCallActive(): Call Active:falseCall is Ringing:falseSCO is Active:false
05-27 03:24:26.866 E/HeadsetStateMachine( 3992): returning mCurrentState as Disconnected
05-27 03:24:26.866 E/HeadsetStateMachine( 3992): returning mCurrentState as Disconnected
05-27 03:24:26.866 D/HeadsetService( 3992):  isAudioOn: The number of audio connected devices 0
05-27 03:24:26.866 V/Avrcp_ext( 3992): isPlayStateTobeUpdated: device: null
05-27 03:24:26.866 V/Avrcp_ext( 3992): Single connection exists
05-27 03:24:26.866 D/Avrcp_ext( 3992): Enter sendPlayPosNotificationRsp
05-27 03:24:26.866 D/Avrcp_ext( 3992): sendPlayPosNotificationRsp: Not registered or requesting.
05-27 03:24:26.866 D/Avrcp_ext( 3992): Enter sendPlayPosNotificationRsp
05-27 03:24:26.866 D/Avrcp_ext( 3992): sendPlayPosNotificationRsp: Not registered or requesting.
05-27 03:24:26.866 D/Avrcp_ext( 3992): Enter sendPlayPosNotificationRsp
05-27 03:24:26.866 D/Avrcp_ext( 3992): sendPlayPosNotificationRsp: Not registered or requesting.
05-27 03:24:26.866 D/Avrcp_ext( 3992): Enter sendPlayPosNotificationRsp
05-27 03:24:26.866 D/Avrcp_ext( 3992): sendPlayPosNotificationRsp: Not registered or requesting.
05-27 03:24:26.866 D/Avrcp_ext( 3992): Enter sendPlayPosNotificationRsp
05-27 03:24:26.866 D/Avrcp_ext( 3992): sendPlayPosNotificationRsp: Not registered or requesting.
05-27 03:24:26.866 V/Avrcp_ext( 3992): Exit updatePlayerStateAndPosition
05-27 03:24:26.866 D/APM: ActiveDeviceManagerServiceLegacy( 3992): getActiveAbsoluteDevice(): device: null
05-27 03:24:26.866 D/APM: ActiveDeviceManagerServiceLegacy( 3992): isStableState(): true
05-27 03:24:26.866 D/Avrcp_ext( 3992): isAdmStable = true activeAbsAddr = null device = null
05-27 03:24:26.867 V/APM: MediaControlManager( 3992): onPlaybackStateChanged
05-27 03:24:26.867 W/McpService( 3992): updatePlaybackState state PlaybackState {state=PLAYING(3), position=46, buffered position=0, speed=1.0, updated=1655256014, actions=7339703, custom actions=[], active item id=0, error=null}
05-27 03:24:26.867 W/McpService( 3992): updatePlaybackState mState: 1 state: 1
05-27 03:24:26.867 W/Avrcp_ext( 3992): updated player state = PlaybackState {state=PLAYING(3), position=46, buffered position=0, speed=1.0, updated=1655256014, actions=7339703, custom actions=[], active item id=0, error=null}to MCP module also
05-27 03:24:26.880 V/Avrcp_ext( 3992): onPlaybackStateChanged: state PlaybackState {state=PLAYING(3), position=0, buffered position=0, speed=1.0, updated=1655256027, actions=7339703, custom actions=[], active item id=0, error=null}
05-27 03:24:26.880 V/APM: MediaControlManager( 3992): onPlaybackStateChanged
05-27 03:24:26.880 W/McpService( 3992): updatePlaybackState state PlaybackState {state=PLAYING(3), position=0, buffered position=0, speed=1.0, updated=1655256027, actions=7339703, custom actions=[], active item id=0, error=null}
05-27 03:24:26.880 W/McpService( 3992): updatePlaybackState mState: 1 state: 1
05-27 03:24:26.881 V/Avrcp_ext( 3992): updateCurrentMediaState: mMediaController: MediaController (com.deepeye.musicpro.debug@8fb2c32) null
05-27 03:24:26.881 W/Avrcp_ext( 3992): isMusicActive: false getBluetoothPlayState: 1 A2dp State: 11 mAudioPlaybackIsActive: false
05-27 03:24:26.881 D/Avrcp_ext( 3992): isMusicActive = false mAudioPlaybackIsActive = false player state = PlaybackState {state=PLAYING(3), position=0, buffered position=0, speed=1.0, updated=1655256029, actions=7339703, custom actions=[], active item id=0, error=null}
05-27 03:24:26.881 V/Avrcp_ext( 3992): Media update: id 0➡0? [MediaAttributes: none] : [MediaAttributes: none]
05-27 03:24:26.881 D/Avrcp_ext( 3992): isPackageNameValid: browsedPackage = com.deepeye.musicpro.debugisValid = true
05-27 03:24:26.881 V/Avrcp_ext( 3992): isBrowseSupported for com.deepeye.musicpro.debug: false
05-27 03:24:26.881 W/Avrcp_ext( 3992): updateCurrentMediaState: isInactivePlayer = false
05-27 03:24:26.882 V/Avrcp_ext( 3992): updatePlaybackState, state: PlaybackState {state=PLAYING(3), position=0, buffered position=0, speed=1.0, updated=1655256029, actions=7339703, custom actions=[], active item id=0, error=null} device: null
05-27 03:24:26.882 V/Avrcp_ext( 3992): Device: no name: 
05-27 03:24:26.882 V/Avrcp_ext( 3992): Device: no name: 
05-27 03:24:26.882 V/Avrcp_ext( 3992): Device: no name: 
05-27 03:24:26.882 V/Avrcp_ext( 3992): Device: no name: 
05-27 03:24:26.882 V/Avrcp_ext( 3992): Device: no name: 
05-27 03:24:26.882 V/Avrcp_ext( 3992): updatePlayerStateAndPosition, old=PlaybackState {state=PLAYING(3), position=46, buffered position=0, speed=1.0, updated=1655256014, actions=7339703, custom actions=[], active item id=0, error=null}, state=PlaybackState {state=PLAYING(3), position=0, buffered position=0, speed=1.0, updated=1655256029, actions=7339703, custom actions=[], active item id=0, error=null}
05-27 03:24:26.882 V/Avrcp_ext( 3992): old state = PlaybackState {state=PLAYING(3), position=46, buffered position=0, speed=1.0, updated=1655256014, actions=7339703, custom actions=[], active item id=0, error=null}, new state= PlaybackState {state=PLAYING(3), position=0, buffered position=0, speed=1.0, updated=1655256029, actions=7339703, custom actions=[], active item id=0, error=null}
05-27 03:24:26.882 D/HeadsetService( 3992): getHeadsetService(): returning com.android.bluetooth.hfp.HeadsetService@9390a13
05-27 03:24:26.882 E/HeadsetStateMachine( 3992): returning mCurrentState as Disconnected
05-27 03:24:26.882 E/HeadsetStateMachine( 3992): returning mCurrentState as Disconnected
05-27 03:24:26.882 D/HeadsetService( 3992):  isAudioOn: The number of audio connected devices 0
05-27 03:24:26.882 D/HeadsetService( 3992): isScoOrCallActive(): Call Active:falseCall is Ringing:falseSCO is Active:false
05-27 03:24:26.882 E/HeadsetStateMachine( 3992): returning mCurrentState as Disconnected
05-27 03:24:26.882 E/HeadsetStateMachine( 3992): returning mCurrentState as Disconnected
05-27 03:24:26.882 D/HeadsetService( 3992):  isAudioOn: The number of audio connected devices 0
05-27 03:24:26.882 V/Avrcp_ext( 3992): isPlayStateTobeUpdated: device: null
05-27 03:24:26.882 V/Avrcp_ext( 3992): Single connection exists
05-27 03:24:26.882 E/HeadsetStateMachine( 3992): returning mCurrentState as Disconnected
05-27 03:24:26.882 E/HeadsetStateMachine( 3992): returning mCurrentState as Disconnected
05-27 03:24:26.882 D/HeadsetService( 3992):  isAudioOn: The number of audio connected devices 0
05-27 03:24:26.882 D/HeadsetService( 3992): isScoOrCallActive(): Call Active:falseCall is Ringing:falseSCO is Active:false
05-27 03:24:26.882 E/HeadsetStateMachine( 3992): returning mCurrentState as Disconnected
05-27 03:24:26.882 E/HeadsetStateMachine( 3992): returning mCurrentState as Disconnected
05-27 03:24:26.882 D/HeadsetService( 3992):  isAudioOn: The number of audio connected devices 0
05-27 03:24:26.882 V/Avrcp_ext( 3992): isPlayStateTobeUpdated: device: null
05-27 03:24:26.882 V/Avrcp_ext( 3992): Single connection exists
05-27 03:24:26.882 E/HeadsetStateMachine( 3992): returning mCurrentState as Disconnected
05-27 03:24:26.882 E/HeadsetStateMachine( 3992): returning mCurrentState as Disconnected
05-27 03:24:26.882 D/HeadsetService( 3992):  isAudioOn: The number of audio connected devices 0
05-27 03:24:26.882 D/HeadsetService( 3992): isScoOrCallActive(): Call Active:falseCall is Ringing:falseSCO is Active:false
05-27 03:24:26.882 E/HeadsetStateMachine( 3992): returning mCurrentState as Disconnected
05-27 03:24:26.882 E/HeadsetStateMachine( 3992): returning mCurrentState as Disconnected
05-27 03:24:26.882 D/HeadsetService( 3992):  isAudioOn: The number of audio connected devices 0
05-27 03:24:26.882 V/Avrcp_ext( 3992): isPlayStateTobeUpdated: device: null
05-27 03:24:26.882 V/Avrcp_ext( 3992): Single connection exists
05-27 03:24:26.882 E/HeadsetStateMachine( 3992): returning mCurrentState as Disconnected
05-27 03:24:26.882 E/HeadsetStateMachine( 3992): returning mCurrentState as Disconnected
05-27 03:24:26.882 D/HeadsetService( 3992):  isAudioOn: The number of audio connected devices 0
05-27 03:24:26.882 D/HeadsetService( 3992): isScoOrCallActive(): Call Active:falseCall is Ringing:falseSCO is Active:false
05-27 03:24:26.882 E/HeadsetStateMachine( 3992): returning mCurrentState as Disconnected
05-27 03:24:26.882 E/HeadsetStateMachine( 3992): returning mCurrentState as Disconnected
05-27 03:24:26.882 D/HeadsetService( 3992):  isAudioOn: The number of audio connected devices 0
05-27 03:24:26.882 V/Avrcp_ext( 3992): isPlayStateTobeUpdated: device: null
05-27 03:24:26.882 V/Avrcp_ext( 3992): Single connection exists
05-27 03:24:26.882 E/HeadsetStateMachine( 3992): returning mCurrentState as Disconnected
05-27 03:24:26.882 E/HeadsetStateMachine( 3992): returning mCurrentState as Disconnected
05-27 03:24:26.882 D/HeadsetService( 3992):  isAudioOn: The number of audio connected devices 0
05-27 03:24:26.882 D/HeadsetService( 3992): isScoOrCallActive(): Call Active:falseCall is Ringing:falseSCO is Active:false
05-27 03:24:26.882 E/HeadsetStateMachine( 3992): returning mCurrentState as Disconnected
05-27 03:24:26.882 E/HeadsetStateMachine( 3992): returning mCurrentState as Disconnected
05-27 03:24:26.882 D/HeadsetService( 3992):  isAudioOn: The number of audio connected devices 0
05-27 03:24:26.882 V/Avrcp_ext( 3992): isPlayStateTobeUpdated: device: null
05-27 03:24:26.882 V/Avrcp_ext( 3992): Single connection exists
05-27 03:24:26.882 D/Avrcp_ext( 3992): Enter sendPlayPosNotificationRsp
05-27 03:24:26.882 D/Avrcp_ext( 3992): sendPlayPosNotificationRsp: Not registered or requesting.
05-27 03:24:26.882 D/Avrcp_ext( 3992): Enter sendPlayPosNotificationRsp
05-27 03:24:26.882 D/Avrcp_ext( 3992): sendPlayPosNotificationRsp: Not registered or requesting.
05-27 03:24:26.882 D/Avrcp_ext( 3992): Enter sendPlayPosNotificationRsp
05-27 03:24:26.882 D/Avrcp_ext( 3992): sendPlayPosNotificationRsp: Not registered or requesting.
05-27 03:24:26.882 D/Avrcp_ext( 3992): Enter sendPlayPosNotificationRsp
05-27 03:24:26.882 D/Avrcp_ext( 3992): sendPlayPosNotificationRsp: Not registered or requesting.
05-27 03:24:26.882 D/Avrcp_ext( 3992): Enter sendPlayPosNotificationRsp
05-27 03:24:26.882 D/Avrcp_ext( 3992): sendPlayPosNotificationRsp: Not registered or requesting.
05-27 03:24:26.882 V/Avrcp_ext( 3992): Exit updatePlayerStateAndPosition
05-27 03:24:26.882 D/APM: ActiveDeviceManagerServiceLegacy( 3992): getActiveAbsoluteDevice(): device: null
05-27 03:24:26.882 D/APM: ActiveDeviceManagerServiceLegacy( 3992): isStableState(): true
05-27 03:24:26.882 D/Avrcp_ext( 3992): isAdmStable = true activeAbsAddr = null device = null
05-27 03:24:26.882 V/APM: MediaControlManager( 3992): onPlaybackStateChanged
05-27 03:24:26.882 W/McpService( 3992): updatePlaybackState state PlaybackState {state=PLAYING(3), position=0, buffered position=0, speed=1.0, updated=1655256029, actions=7339703, custom actions=[], active item id=0, error=null}
05-27 03:24:26.882 W/McpService( 3992): updatePlaybackState mState: 1 state: 1
05-27 03:24:26.882 W/Avrcp_ext( 3992): updated player state = PlaybackState {state=PLAYING(3), position=0, buffered position=0, speed=1.0, updated=1655256029, actions=7339703, custom actions=[], active item id=0, error=null}to MCP module also
05-27 03:24:26.882 V/Avrcp_ext( 3992):  Exit onPlaybackStateChanged
05-27 03:24:26.882 V/Avrcp_ext( 3992): onPlaybackStateChanged: state PlaybackState {state=PLAYING(3), position=0, buffered position=0, speed=1.0, updated=1655256028, actions=7339703, custom actions=[], active item id=0, error=null}
05-27 03:24:26.882 V/APM: MediaControlManager( 3992): onPlaybackStateChanged
05-27 03:24:26.882 W/McpService( 3992): updatePlaybackState state PlaybackState {state=PLAYING(3), position=0, buffered position=0, speed=1.0, updated=1655256028, actions=7339703, custom actions=[], active item id=0, error=null}
05-27 03:24:26.882 W/McpService( 3992): updatePlaybackState mState: 1 state: 1
05-27 03:24:26.883 V/Avrcp_ext( 3992): updateCurrentMediaState: mMediaController: MediaController (com.deepeye.musicpro.debug@8fb2c32) null
05-27 03:24:26.883 W/Avrcp_ext( 3992): isMusicActive: false getBluetoothPlayState: 1 A2dp State: 11 mAudioPlaybackIsActive: false
05-27 03:24:26.883 D/Avrcp_ext( 3992): isMusicActive = false mAudioPlaybackIsActive = false player state = PlaybackState {state=PLAYING(3), position=2, buffered position=0, speed=1.0, updated=1655256031, actions=7339703, custom actions=[], active item id=0, error=null}
05-27 03:24:26.883 V/Avrcp_ext( 3992): Media update: id 0➡0? [MediaAttributes: none] : [MediaAttributes: none]
05-27 03:24:26.883 D/Avrcp_ext( 3992): isPackageNameValid: browsedPackage = com.deepeye.musicpro.debugisValid = true
05-27 03:24:26.883 V/Avrcp_ext( 3992): isBrowseSupported for com.deepeye.musicpro.debug: false
05-27 03:24:26.883 W/Avrcp_ext( 3992): updateCurrentMediaState: isInactivePlayer = false
05-27 03:24:26.883 V/Avrcp_ext( 3992): updatePlaybackState, state: PlaybackState {state=PLAYING(3), position=2, buffered position=0, speed=1.0, updated=1655256031, actions=7339703, custom actions=[], active item id=0, error=null} device: null
05-27 03:24:26.883 V/Avrcp_ext( 3992): Device: no name: 
05-27 03:24:26.883 V/Avrcp_ext( 3992): Device: no name: 
05-27 03:24:26.883 V/Avrcp_ext( 3992): Device: no name: 
05-27 03:24:26.883 V/Avrcp_ext( 3992): Device: no name: 
05-27 03:24:26.883 V/Avrcp_ext( 3992): Device: no name: 
05-27 03:24:26.883 V/Avrcp_ext( 3992): updatePlayerStateAndPosition, old=PlaybackState {state=PLAYING(3), position=0, buffered position=0, speed=1.0, updated=1655256029, actions=7339703, custom actions=[], active item id=0, error=null}, state=PlaybackState {state=PLAYING(3), position=2, buffered position=0, speed=1.0, updated=1655256031, actions=7339703, custom actions=[], active item id=0, error=null}
05-27 03:24:26.883 V/Avrcp_ext( 3992): old state = PlaybackState {state=PLAYING(3), position=0, buffered position=0, speed=1.0, updated=1655256029, actions=7339703, custom actions=[], active item id=0, error=null}, new state= PlaybackState {state=PLAYING(3), position=2, buffered position=0, speed=1.0, updated=1655256031, actions=7339703, custom actions=[], active item id=0, error=null}
05-27 03:24:26.883 D/HeadsetService( 3992): getHeadsetService(): returning com.android.bluetooth.hfp.HeadsetService@9390a13
05-27 03:24:26.883 E/HeadsetStateMachine( 3992): returning mCurrentState as Disconnected
05-27 03:24:26.883 E/HeadsetStateMachine( 3992): returning mCurrentState as Disconnected
05-27 03:24:26.883 D/HeadsetService( 3992):  isAudioOn: The number of audio connected devices 0
05-27 03:24:26.883 D/HeadsetService( 3992): isScoOrCallActive(): Call Active:falseCall is Ringing:falseSCO is Active:false
05-27 03:24:26.883 E/HeadsetStateMachine( 3992): returning mCurrentState as Disconnected
05-27 03:24:26.883 E/HeadsetStateMachine( 3992): returning mCurrentState as Disconnected
05-27 03:24:26.883 D/HeadsetService( 3992):  isAudioOn: The number of audio connected devices 0
05-27 03:24:26.883 V/Avrcp_ext( 3992): isPlayStateTobeUpdated: device: null
05-27 03:24:26.883 V/Avrcp_ext( 3992): Single connection exists
05-27 03:24:26.883 E/HeadsetStateMachine( 3992): returning mCurrentState as Disconnected
05-27 03:24:26.883 E/HeadsetStateMachine( 3992): returning mCurrentState as Disconnected
05-27 03:24:26.883 D/HeadsetService( 3992):  isAudioOn: The number of audio connected devices 0
05-27 03:24:26.883 D/HeadsetService( 3992): isScoOrCallActive(): Call Active:falseCall is Ringing:falseSCO is Active:false
05-27 03:24:26.883 E/HeadsetStateMachine( 3992): returning mCurrentState as Disconnected
05-27 03:24:26.883 E/HeadsetStateMachine( 3992): returning mCurrentState as Disconnected
05-27 03:24:26.883 D/HeadsetService( 3992):  isAudioOn: The number of audio connected devices 0
05-27 03:24:26.883 V/Avrcp_ext( 3992): isPlayStateTobeUpdated: device: null
05-27 03:24:26.883 V/Avrcp_ext( 3992): Single connection exists
05-27 03:24:26.883 E/HeadsetStateMachine( 3992): returning mCurrentState as Disconnected
05-27 03:24:26.883 E/HeadsetStateMachine( 3992): returning mCurrentState as Disconnected
05-27 03:24:26.883 D/HeadsetService( 3992):  isAudioOn: The number of audio connected devices 0
05-27 03:24:26.883 D/HeadsetService( 3992): isScoOrCallActive(): Call Active:falseCall is Ringing:falseSCO is Active:false
05-27 03:24:26.883 E/HeadsetStateMachine( 3992): returning mCurrentState as Disconnected
05-27 03:24:26.883 E/HeadsetStateMachine( 3992): returning mCurrentState as Disconnected
05-27 03:24:26.883 D/HeadsetService( 3992):  isAudioOn: The number of audio connected devices 0
05-27 03:24:26.883 V/Avrcp_ext( 3992): isPlayStateTobeUpdated: device: null
05-27 03:24:26.883 V/Avrcp_ext( 3992): Single connection exists
05-27 03:24:26.883 E/HeadsetStateMachine( 3992): returning mCurrentState as Disconnected
05-27 03:24:26.883 E/HeadsetStateMachine( 3992): returning mCurrentState as Disconnected
05-27 03:24:26.883 D/HeadsetService( 3992):  isAudioOn: The number of audio connected devices 0
05-27 03:24:26.883 D/HeadsetService( 3992): isScoOrCallActive(): Call Active:falseCall is Ringing:falseSCO is Active:false
05-27 03:24:26.883 E/HeadsetStateMachine( 3992): returning mCurrentState as Disconnected
05-27 03:24:26.883 E/HeadsetStateMachine( 3992): returning mCurrentState as Disconnected
05-27 03:24:26.883 D/HeadsetService( 3992):  isAudioOn: The number of audio connected devices 0
05-27 03:24:26.883 V/Avrcp_ext( 3992): isPlayStateTobeUpdated: device: null
05-27 03:24:26.883 V/Avrcp_ext( 3992): Single connection exists
05-27 03:24:26.883 E/HeadsetStateMachine( 3992): returning mCurrentState as Disconnected
05-27 03:24:26.883 E/HeadsetStateMachine( 3992): returning mCurrentState as Disconnected
05-27 03:24:26.883 D/HeadsetService( 3992):  isAudioOn: The number of audio connected devices 0
05-27 03:24:26.883 D/HeadsetService( 3992): isScoOrCallActive(): Call Active:falseCall is Ringing:falseSCO is Active:false
05-27 03:24:26.883 E/HeadsetStateMachine( 3992): returning mCurrentState as Disconnected
05-27 03:24:26.883 E/HeadsetStateMachine( 3992): returning mCurrentState as Disconnected
05-27 03:24:26.883 D/HeadsetService( 3992):  isAudioOn: The number of audio connected devices 0
05-27 03:24:26.883 V/Avrcp_ext( 3992): isPlayStateTobeUpdated: device: null
05-27 03:24:26.883 V/Avrcp_ext( 3992): Single connection exists
05-27 03:24:26.883 D/Avrcp_ext( 3992): Enter sendPlayPosNotificationRsp
05-27 03:24:26.883 D/Avrcp_ext( 3992): sendPlayPosNotificationRsp: Not registered or requesting.
05-27 03:24:26.883 D/Avrcp_ext( 3992): Enter sendPlayPosNotificationRsp
05-27 03:24:26.883 D/Avrcp_ext( 3992): sendPlayPosNotificationRsp: Not registered or requesting.
05-27 03:24:26.883 D/Avrcp_ext( 3992): Enter sendPlayPosNotificationRsp
05-27 03:24:26.883 D/Avrcp_ext( 3992): sendPlayPosNotificationRsp: Not registered or requesting.
05-27 03:24:26.883 D/Avrcp_ext( 3992): Enter sendPlayPosNotificationRsp
05-27 03:24:26.883 D/Avrcp_ext( 3992): sendPlayPosNotificationRsp: Not registered or requesting.
05-27 03:24:26.883 D/Avrcp_ext( 3992): Enter sendPlayPosNotificationRsp
05-27 03:24:26.883 D/Avrcp_ext( 3992): sendPlayPosNotificationRsp: Not registered or requesting.
05-27 03:24:26.883 V/Avrcp_ext( 3992): Exit updatePlayerStateAndPosition
05-27 03:24:26.883 D/APM: ActiveDeviceManagerServiceLegacy( 3992): getActiveAbsoluteDevice(): device: null
05-27 03:24:26.883 D/APM: ActiveDeviceManagerServiceLegacy( 3992): isStableState(): true
05-27 03:24:26.884 D/Avrcp_ext( 3992): isAdmStable = true activeAbsAddr = null device = null
05-27 03:24:26.884 V/APM: MediaControlManager( 3992): onPlaybackStateChanged
05-27 03:24:26.884 W/McpService( 3992): updatePlaybackState state PlaybackState {state=PLAYING(3), position=2, buffered position=0, speed=1.0, updated=1655256031, actions=7339703, custom actions=[], active item id=0, error=null}
05-27 03:24:26.884 W/McpService( 3992): updatePlaybackState mState: 1 state: 1
05-27 03:24:26.884 W/Avrcp_ext( 3992): updated player state = PlaybackState {state=PLAYING(3), position=2, buffered position=0, speed=1.0, updated=1655256031, actions=7339703, custom actions=[], active item id=0, error=null}to MCP module also
05-27 03:24:26.884 V/Avrcp_ext( 3992):  Exit onPlaybackStateChanged
05-27 03:24:26.884 V/Avrcp_ext( 3992): onPlaybackStateChanged: state PlaybackState {state=PLAYING(3), position=0, buffered position=0, speed=1.0, updated=1655256029, actions=7339703, custom actions=[], active item id=0, error=null}
05-27 03:24:26.884 V/APM: MediaControlManager( 3992): onPlaybackStateChanged
05-27 03:24:26.884 W/McpService( 3992): updatePlaybackState state PlaybackState {state=PLAYING(3), position=0, buffered position=0, speed=1.0, updated=1655256029, actions=7339703, custom actions=[], active item id=0, error=null}
05-27 03:24:26.884 W/McpService( 3992): updatePlaybackState mState: 1 state: 1
05-27 03:24:26.884 V/Avrcp_ext( 3992): updateCurrentMediaState: mMediaController: MediaController (com.deepeye.musicpro.debug@8fb2c32) null
05-27 03:24:26.884 W/Avrcp_ext( 3992): isMusicActive: false getBluetoothPlayState: 1 A2dp State: 11 mAudioPlaybackIsActive: false
05-27 03:24:26.884 D/Avrcp_ext( 3992): isMusicActive = false mAudioPlaybackIsActive = false player state = PlaybackState {state=PLAYING(3), position=3, buffered position=0, speed=1.0, updated=1655256032, actions=7339703, custom actions=[], active item id=0, error=null}
05-27 03:24:26.884 V/Avrcp_ext( 3992): Media update: id 0➡0? [MediaAttributes: none] : [MediaAttributes: none]
05-27 03:24:26.884 D/Avrcp_ext( 3992): isPackageNameValid: browsedPackage = com.deepeye.musicpro.debugisValid = true
05-27 03:24:26.884 V/Avrcp_ext( 3992): isBrowseSupported for com.deepeye.musicpro.debug: false
05-27 03:24:26.885 W/Avrcp_ext( 3992): updateCurrentMediaState: isInactivePlayer = false
05-27 03:24:26.885 V/Avrcp_ext( 3992): updatePlaybackState, state: PlaybackState {state=PLAYING(3), position=3, buffered position=0, speed=1.0, updated=1655256032, actions=7339703, custom actions=[], active item id=0, error=null} device: null
05-27 03:24:26.885 V/Avrcp_ext( 3992): Device: no name: 
05-27 03:24:26.885 V/Avrcp_ext( 3992): Device: no name: 
05-27 03:24:26.885 V/Avrcp_ext( 3992): Device: no name: 
05-27 03:24:26.885 V/Avrcp_ext( 3992): Device: no name: 
05-27 03:24:26.885 V/Avrcp_ext( 3992): Device: no name: 
05-27 03:24:26.885 V/Avrcp_ext( 3992): updatePlayerStateAndPosition, old=PlaybackState {state=PLAYING(3), position=2, buffered position=0, speed=1.0, updated=1655256031, actions=7339703, custom actions=[], active item id=0, error=null}, state=PlaybackState {state=PLAYING(3), position=3, buffered position=0, speed=1.0, updated=1655256032, actions=7339703, custom actions=[], active item id=0, error=null}
05-27 03:24:26.885 V/Avrcp_ext( 3992): old state = PlaybackState {state=PLAYING(3), position=2, buffered position=0, speed=1.0, updated=1655256031, actions=7339703, custom actions=[], active item id=0, error=null}, new state= PlaybackState {state=PLAYING(3), position=3, buffered position=0, speed=1.0, updated=1655256032, actions=7339703, custom actions=[], active item id=0, error=null}
05-27 03:24:26.885 D/HeadsetService( 3992): getHeadsetService(): returning com.android.bluetooth.hfp.HeadsetService@9390a13
05-27 03:24:26.885 E/HeadsetStateMachine( 3992): returning mCurrentState as Disconnected
05-27 03:24:26.885 E/HeadsetStateMachine( 3992): returning mCurrentState as Disconnected
05-27 03:24:26.885 D/HeadsetService( 3992):  isAudioOn: The number of audio connected devices 0
05-27 03:24:26.885 D/HeadsetService( 3992): isScoOrCallActive(): Call Active:falseCall is Ringing:falseSCO is Active:false
05-27 03:24:26.885 E/HeadsetStateMachine( 3992): returning mCurrentState as Disconnected
05-27 03:24:26.885 E/HeadsetStateMachine( 3992): returning mCurrentState as Disconnected
05-27 03:24:26.885 D/HeadsetService( 3992):  isAudioOn: The number of audio connected devices 0
05-27 03:24:26.885 V/Avrcp_ext( 3992): isPlayStateTobeUpdated: device: null
05-27 03:24:26.885 V/Avrcp_ext( 3992): Single connection exists
05-27 03:24:26.885 E/HeadsetStateMachine( 3992): returning mCurrentState as Disconnected
05-27 03:24:26.885 E/HeadsetStateMachine( 3992): returning mCurrentState as Disconnected
05-27 03:24:26.885 D/HeadsetService( 3992):  isAudioOn: The number of audio connected devices 0
05-27 03:24:26.885 D/HeadsetService( 3992): isScoOrCallActive(): Call Active:falseCall is Ringing:falseSCO is Active:false
05-27 03:24:26.885 E/HeadsetStateMachine( 3992): returning mCurrentState as Disconnected
05-27 03:24:26.885 E/HeadsetStateMachine( 3992): returning mCurrentState as Disconnected
05-27 03:24:26.885 D/HeadsetService( 3992):  isAudioOn: The number of audio connected devices 0
05-27 03:24:26.885 V/Avrcp_ext( 3992): isPlayStateTobeUpdated: device: null
05-27 03:24:26.885 V/Avrcp_ext( 3992): Single connection exists
05-27 03:24:26.885 E/HeadsetStateMachine( 3992): returning mCurrentState as Disconnected
05-27 03:24:26.885 E/HeadsetStateMachine( 3992): returning mCurrentState as Disconnected
05-27 03:24:26.885 D/HeadsetService( 3992):  isAudioOn: The number of audio connected devices 0
05-27 03:24:26.885 D/HeadsetService( 3992): isScoOrCallActive(): Call Active:falseCall is Ringing:falseSCO is Active:false
05-27 03:24:26.885 E/HeadsetStateMachine( 3992): returning mCurrentState as Disconnected
05-27 03:24:26.885 E/HeadsetStateMachine( 3992): returning mCurrentState as Disconnected
05-27 03:24:26.885 D/HeadsetService( 3992):  isAudioOn: The number of audio connected devices 0
05-27 03:24:26.885 V/Avrcp_ext( 3992): isPlayStateTobeUpdated: device: null
05-27 03:24:26.885 V/Avrcp_ext( 3992): Single connection exists
05-27 03:24:26.885 E/HeadsetStateMachine( 3992): returning mCurrentState as Disconnected
05-27 03:24:26.885 E/HeadsetStateMachine( 3992): returning mCurrentState as Disconnected
05-27 03:24:26.885 D/HeadsetService( 3992):  isAudioOn: The number of audio connected devices 0
05-27 03:24:26.885 D/HeadsetService( 3992): isScoOrCallActive(): Call Active:falseCall is Ringing:falseSCO is Active:false
05-27 03:24:26.885 E/HeadsetStateMachine( 3992): returning mCurrentState as Disconnected
05-27 03:24:26.885 E/HeadsetStateMachine( 3992): returning mCurrentState as Disconnected
05-27 03:24:26.885 D/HeadsetService( 3992):  isAudioOn: The number of audio connected devices 0
05-27 03:24:26.885 V/Avrcp_ext( 3992): isPlayStateTobeUpdated: device: null
05-27 03:24:26.885 V/Avrcp_ext( 3992): Single connection exists
05-27 03:24:26.885 E/HeadsetStateMachine( 3992): returning mCurrentState as Disconnected
05-27 03:24:26.885 E/HeadsetStateMachine( 3992): returning mCurrentState as Disconnected
05-27 03:24:26.885 D/HeadsetService( 3992):  isAudioOn: The number of audio connected devices 0
05-27 03:24:26.885 D/HeadsetService( 3992): isScoOrCallActive(): Call Active:falseCall is Ringing:falseSCO is Active:false
05-27 03:24:26.885 E/HeadsetStateMachine( 3992): returning mCurrentState as Disconnected
05-27 03:24:26.885 E/HeadsetStateMachine( 3992): returning mCurrentState as Disconnected
05-27 03:24:26.885 D/HeadsetService( 3992):  isAudioOn: The number of audio connected devices 0
05-27 03:24:26.885 V/Avrcp_ext( 3992): isPlayStateTobeUpdated: device: null
05-27 03:24:26.885 V/Avrcp_ext( 3992): Single connection exists
05-27 03:24:26.885 D/Avrcp_ext( 3992): Enter sendPlayPosNotificationRsp
05-27 03:24:26.885 D/Avrcp_ext( 3992): sendPlayPosNotificationRsp: Not registered or requesting.
05-27 03:24:26.885 D/Avrcp_ext( 3992): Enter sendPlayPosNotificationRsp
05-27 03:24:26.885 D/Avrcp_ext( 3992): sendPlayPosNotificationRsp: Not registered or requesting.
05-27 03:24:26.885 D/Avrcp_ext( 3992): Enter sendPlayPosNotificationRsp
05-27 03:24:26.885 D/Avrcp_ext( 3992): sendPlayPosNotificationRsp: Not registered or requesting.
05-27 03:24:26.885 D/Avrcp_ext( 3992): Enter sendPlayPosNotificationRsp
05-27 03:24:26.885 D/Avrcp_ext( 3992): sendPlayPosNotificationRsp: Not registered or requesting.
05-27 03:24:26.885 D/Avrcp_ext( 3992): Enter sendPlayPosNotificationRsp
05-27 03:24:26.885 D/Avrcp_ext( 3992): sendPlayPosNotificationRsp: Not registered or requesting.
05-27 03:24:26.885 V/Avrcp_ext( 3992): Exit updatePlayerStateAndPosition
05-27 03:24:26.885 D/APM: ActiveDeviceManagerServiceLegacy( 3992): getActiveAbsoluteDevice(): device: null
05-27 03:24:26.885 D/APM: ActiveDeviceManagerServiceLegacy( 3992): isStableState(): true
05-27 03:24:26.885 D/Avrcp_ext( 3992): isAdmStable = true activeAbsAddr = null device = null
05-27 03:24:26.885 V/APM: MediaControlManager( 3992): onPlaybackStateChanged
05-27 03:24:26.885 W/McpService( 3992): updatePlaybackState state PlaybackState {state=PLAYING(3), position=3, buffered position=0, speed=1.0, updated=1655256032, actions=7339703, custom actions=[], active item id=0, error=null}
05-27 03:24:26.885 W/McpService( 3992): updatePlaybackState mState: 1 state: 1
05-27 03:24:26.885 W/Avrcp_ext( 3992): updated player state = PlaybackState {state=PLAYING(3), position=3, buffered position=0, speed=1.0, updated=1655256032, actions=7339703, custom actions=[], active item id=0, error=null}to MCP module also
05-27 03:24:26.885 V/Avrcp_ext( 3992):  Exit onPlaybackStateChanged
05-27 03:24:26.902 W/cr_media(  770): BLUETOOTH_CONNECT permission is missing.
05-27 03:24:26.903 W/cr_media(  770): getBluetoothAdapter() requires BLUETOOTH permission
05-27 03:24:26.903 W/cr_media(  770): registerBluetoothIntentsIfNeeded: Requires BLUETOOTH permission
05-27 03:24:26.905 D/CompatibilityChangeReporter( 3077): Compat change id reported: 161145287; UID 10521; state: ENABLED
05-27 03:24:26.909 D/vulkan  (  770): searching for layers in '/data/app/~~eLoAuo6TLfXjOdBHwDKfyg==/com.deepeye.musicpro.debug-MxnCOyFk-znbkX963Vc5XQ==/lib/arm64'
05-27 03:24:26.909 D/vulkan  (  770): searching for layers in '/data/app/~~eLoAuo6TLfXjOdBHwDKfyg==/com.deepeye.musicpro.debug-MxnCOyFk-znbkX963Vc5XQ==/base.apk!/lib/arm64-v8a'
05-27 03:24:26.910 I/cr_LibraryLoader(  902): Successfully loaded native library
05-27 03:24:26.911 I/cr_CachingUmaRecorder(  902): Flushed 2 samples from 2 histograms, 0 samples were dropped.
05-27 03:24:26.912 W/chromium(  902): [WARNING:content/app/android/content_main_android.cc:82] android_setCpu already initialized
05-27 03:24:26.917 I/AdrenoVK-0(  770): ===== BEGIN DUMP OF OVERRIDDEN SETTINGS =====
05-27 03:24:26.917 I/AdrenoVK-0(  770): ===== END DUMP OF OVERRIDDEN SETTINGS =====
05-27 03:24:26.919 I/AdrenoVK-0(  770): QUALCOMM build          : dad4038ba6, If56d4a5bb8
05-27 03:24:26.919 I/AdrenoVK-0(  770): Build Date              : 07/28/23
05-27 03:24:26.919 I/AdrenoVK-0(  770): Shader Compiler Version : EV031.36.08.24
05-27 03:24:26.919 I/AdrenoVK-0(  770): Local Branch            : 
05-27 03:24:26.919 I/AdrenoVK-0(  770): Remote Branch           : refs/tags/AU_LINUX_ANDROID_LA.VENDOR.1.0.11.00.00.766.892
05-27 03:24:26.919 I/AdrenoVK-0(  770): Remote Branch           : NONE
05-27 03:24:26.919 I/AdrenoVK-0(  770): Reconstruct Branch      : NOTHING
05-27 03:24:26.919 I/AdrenoVK-0(  770): Build Config            : S P 12.1.1 AArch64
05-27 03:24:26.919 I/AdrenoVK-0(  770): Driver Path             : /vendor/lib64/hw/vulkan.adreno.so
05-27 03:24:26.919 I/AdrenoVK-0(  770): Driver Version          : 0615.74
05-27 03:24:26.919 I/AdrenoVK-0(  770): PFP                     : 0x01730158
05-27 03:24:26.919 I/AdrenoVK-0(  770): ME                      : 0x00000000
05-27 03:24:26.919 I/AdrenoVK-0(  770): Application Name    : 
05-27 03:24:26.919 I/AdrenoVK-0(  770): Application Version : 0x00000001
05-27 03:24:26.919 I/AdrenoVK-0(  770): Engine Name         : 
05-27 03:24:26.919 I/AdrenoVK-0(  770): Engine Version      : 0x00000001
05-27 03:24:26.919 I/AdrenoVK-0(  770): Api Version         : 0x00403000
05-27 03:24:26.924 W/chromium(  902): [WARNING:content/child/runtime_features.cc:540] Fenced frames cannot be enabled in this configuration. Use --enable-features=FencedFrames instead.
05-27 03:24:26.924 W/chromium(  902): [WARNING:content/child/runtime_features.cc:565] Topics cannot be enabled in this configuration. Use --enable-features=BrowsingTopics in addition.
05-27 03:24:26.924 W/chromium(  902): [WARNING:content/child/runtime_features.cc:586] SharedStorage cannot be enabled in this configuration. Use --enable-features=SharedStorageAPI in addition.
05-27 03:24:26.941 I/FontLog (26027): (REDACTED) Received query %s, URI %s
05-27 03:24:26.941 I/FontLog (26027): (REDACTED) Query [%s] resolved to %s
05-27 03:24:26.943 I/FontLog (26027): (REDACTED) Font PFD returned from cache for %s
05-27 03:24:26.943 I/FontLog (26027): (REDACTED) Fetch %s end status %s
05-27 03:24:26.945 I/FontLog (26027): (REDACTED) Pulling font file for id = %d, cache size = %d
05-27 03:24:26.949 I/FontLog (26027): (REDACTED) Received query %s, URI %s
05-27 03:24:26.949 I/FontLog (26027): (REDACTED) Query [%s] resolved to %s
05-27 03:24:26.952 I/FontLog (26027): (REDACTED) Fetch %s end status %s
05-27 03:24:26.954 I/FontLog (26027): (REDACTED) Pulling font file for id = %d, cache size = %d
05-27 03:24:26.956 I/FontLog (26027): (REDACTED) Received query %s, URI %s
05-27 03:24:26.957 I/FontLog (26027): (REDACTED) Query [%s] resolved to %s
05-27 03:24:26.957 I/FontLog (26027): (REDACTED) Font PFD returned from cache for %s
05-27 03:24:26.957 I/FontLog (26027): (REDACTED) Fetch %s end status %s
05-27 03:24:26.959 I/FontLog (26027): (REDACTED) Pulling font file for id = %d, cache size = %d
05-27 03:24:26.961 I/FontLog (26027): (REDACTED) Received query %s, URI %s
05-27 03:24:26.962 I/FontLog (26027): (REDACTED) Query [%s] resolved to %s
05-27 03:24:26.963 I/FontLog (26027): (REDACTED) Font PFD returned from cache for %s
05-27 03:24:26.963 I/FontLog (26027): (REDACTED) Fetch %s end status %s
05-27 03:24:26.964 I/FontLog (26027): (REDACTED) Pulling font file for id = %d, cache size = %d
05-27 03:24:26.966 I/FontLog (26027): (REDACTED) Received query %s, URI %s
05-27 03:24:26.966 I/FontLog (26027): (REDACTED) Query [%s] resolved to %s
05-27 03:24:26.968 I/FontLog (26027): (REDACTED) Font PFD returned from cache for %s
05-27 03:24:26.968 I/FontLog (26027): (REDACTED) Fetch %s end status %s
05-27 03:24:26.971 I/FontLog (26027): (REDACTED) Pulling font file for id = %d, cache size = %d
05-27 03:24:26.986 D/ActivityManager( 3077): freezing 24719 com.google.android.cellbroadcastreceiver, reason = oom_cached
05-27 03:24:26.995 D/CompatibilityChangeReporter(  770): Compat change id reported: 193247900; UID 10521; state: ENABLED
05-27 03:24:27.065 I/YouTubeVideoPlayer(  770): resource_request method=GET mainFrame=false url=https://www.youtube.com/embed/7c3-Gei5j4w?autoplay=1&controls=0&playsinline=1&enablejsapi=1&rel=0&modestbranding=1&iv_load_policy=3&start=0
05-27 03:24:27.073 E/HybridPlayerCard(  770): LaunchedEffect: controlsVisible=true, isPlaying=true, interactionCount=0
05-27 03:24:27.074 E/YouTubeVideoPlayer(  770): LaunchedEffect triggered - videoId: 7c3-Gei5j4w, isPlaying: true, muteWebViewAudio: false
05-27 03:24:27.142 W/VideoCapabilities(  770): Unsupported mime image/vnd.android.heic
05-27 03:24:27.143 W/VideoCapabilities(  770): Unsupported mime image/vnd.android.heic
05-27 03:24:27.177 E/minksocket( 1748): MinkIPC_QRTR_Service: client with node 1 port 7586 went down
05-27 03:24:27.177 E/minksocket( 1748): MinkIPC_QRTR_Service: client with node 1 port 7587 went down
05-27 03:24:27.178 E/minksocket( 1748): MinkIPC_QRTR_Service: client with node 1 port 7588 went down
05-27 03:24:27.178 E/minksocket( 1748): MinkIPC_QRTR_Service: client with node 1 port 7589 went down
05-27 03:24:27.186 D/CompatibilityChangeReporter(  770): Compat change id reported: 289878283; UID 10521; state: ENABLED
05-27 03:24:27.318 I/YouTubeVideoPlayer(  770): resource_request method=GET mainFrame=false url=https://www.youtube.com/s/player/c2f7551f/www-player.css
05-27 03:24:27.379 I/YouTubeVideoPlayer(  770): resource_request method=GET mainFrame=false url=https://www.youtube.com/s/player/c2f7551f/player_embed_es6.vflset/en_GB/base.js
05-27 03:24:27.445 D/BraveShields(  770): blocked url=https://googleads.g.doubleclick.net/pagead/id
05-27 03:24:27.451 D/BraveShields(  770): blocked url=https://static.doubleclick.net/instream/ad_status.js
05-27 03:24:27.461 D/YouTubeWebViewConsole(  770): level=ERROR message=Access to XMLHttpRequest at 'https://googleads.g.doubleclick.net/pagead/id' from origin 'https://www.youtube.com' has been blocked by CORS policy: No 'Access-Control-Allow-Origin' header is present on the requested resource. line=11 source=https://www.youtube.com/embed/7c3-Gei5j4w?autoplay=1&controls=0&playsinline=1&enablejsapi=1&rel=0&modestbranding=1&iv_load_policy=3&start=0
05-27 03:24:27.522 I/AppsFilter( 3077): interaction: PackageSetting{b72d41f com.deepeye.musicpro.debug/10521} -> PackageSetting{24914a5 com.motorola.motosignature.app/10134} BLOCKED
05-27 03:24:27.547 I/sensors-hal( 1753): batch:206, android.sensor.game_rotation_vector/151, period=16666000, max_latency=0
05-27 03:24:27.547 I/sensors-hal( 1753): set_config:57, sample_period_ns is adjusted to 16666000 based on min/max delay_ns
05-27 03:24:27.547 I/sensors-hal( 1753): batch:215, android.sensor.game_rotation_vector/151, period=16666000, max_latency=0 request completed
05-27 03:24:27.547 I/sensors-hal( 1753): activate:173, android.sensor.game_rotation_vector/151 en=1
05-27 03:24:27.547 I/sensors-hal( 1753): get_qmi_debug_flag:239, support_qmi_debug : false
05-27 03:24:27.548 E/minksocket( 1748): MinkIPC_QRTR_Service: client with node 1 port 758a went down
05-27 03:24:27.548 E/minksocket( 1748): MinkIPC_QRTR_Service: client with node 1 port 758b went down
05-27 03:24:27.549 E/minksocket( 1748): MinkIPC_QRTR_Service: client with node 1 port 758c went down
05-27 03:24:27.549 E/Diag_Lib( 1753): diag: Diag_LSM_Init: invoked for pid: 1753 with init_count: 0
05-27 03:24:27.549 E/minksocket( 1748): MinkIPC_QRTR_Service: client with node 1 port 758d went down
05-27 03:24:27.549 E/Diag_Lib( 1753): diag:failed to connect to diag socket
05-27 03:24:27.549 E/Diag_Lib( 1753):  Diag_LSM_Init: Failed to open handle to diag driver, error = 13
05-27 03:24:27.550 I/sensors-hal( 1753): send_sync_sensor_request:341, send sync request
05-27 03:24:27.550 I/sensors-hal( 1753): send_sync_sensor_request:367, wait for notification of response
05-27 03:24:27.552 I/sensors-hal( 1753): ssc_conn_resp_cb:632, resp_value = 0
05-27 03:24:27.552 I/sensors-hal( 1753): send_sync_sensor_request:373, takes 2 ms to receive the response with 0
05-27 03:24:27.552 I/sensors-hal( 1753): activate:184, android.sensor.game_rotation_vector/151 en=1 completed
05-27 03:24:27.578 I/YouTubeVideoPlayer(  770): page_finished url=https://www.youtube.com/
05-27 03:24:27.587 I/PlayCore(  770): UID: [10521]  PID: [770] StandardIntegrity : warmUpIntegrityToken(868618676952)
05-27 03:24:27.588 I/PlayCore(  770): UID: [10521]  PID: [770] StandardIntegrity : Initiate binding to the service.
05-27 03:24:27.597 I/PlayCore(  770): UID: [10521]  PID: [770] StandardIntegrity : ServiceConnectionImpl.onServiceConnected(ComponentInfo{com.android.vending/com.google.android.finsky.expressintegrityservice.ExpressIntegrityService})
05-27 03:24:27.598 I/PlayCore(  770): UID: [10521]  PID: [770] StandardIntegrity : linkToDeath
05-27 03:24:27.612 I/RemoteProvisionSysSvc( 3077): getRegistration(android.hardware.security.keymint.IRemotelyProvisionedComponent/default)
05-27 03:24:27.612 I/RegistrationProxy( 3077): onServiceConnected: com.android.rkpdapp.service.RemoteProvisioningService
05-27 03:24:27.614 I/RegistrationProxy( 3077): IGetRegistrationCallback.onSuccess
05-27 03:24:27.615 E/RemoteProvisionSysSvc( 3077): RKP not allowed. Key 10207 for client 168252967
05-27 03:24:27.616 E/keystore2( 1354): system/security/keystore2/src/rkpd_client.rs:172 - IGetKeyCallback failed: Device doesnot support RKP
05-27 03:24:27.616 W/keystore2( 1354): system/security/keystore2/src/remote_provisioning.rs:102 - Error occurred: system/security/keystore2/src/rkpd_client.rs:187: GetKeyCallback failed: r#ERROR_UNKNOWN "Device doesnot support RKP"
05-27 03:24:27.616 W/keystore2( 1354): 
05-27 03:24:27.616 W/keystore2( 1354): Caused by:
05-27 03:24:27.616 W/keystore2( 1354):     Error::Rc(r#OUT_OF_KEYS_TRANSIENT_ERROR)
05-27 03:24:27.618 D/DrmLibTime( 1269): got the req here! ret=0
05-27 03:24:27.618 D/DrmLibTime( 1269): command id, time_cmd_id = 770
05-27 03:24:27.618 D/DrmLibTime( 1269): time_getutcsec starts!
05-27 03:24:27.618 D/DrmLibTime( 1269): QSEE Time Listener: time_getutcsec
05-27 03:24:27.618 D/DrmLibTime( 1269): QSEE Time Listener: get_utc_seconds
05-27 03:24:27.618 D/DrmLibTime( 1269): QSEE Time Listener: time_get_modem_time
05-27 03:24:27.618 D/DrmLibTime( 1269): QSEE Time Listener: Checking if ATS_MODEM is set or not.
05-27 03:24:27.618 D/QC-time-services( 1269): Lib:time_genoff_operation: pargs->base = 13
05-27 03:24:27.618 D/QC-time-services( 1269): Lib:time_genoff_operation: pargs->operation = 2
05-27 03:24:27.618 D/QC-time-services( 1269): Lib:time_genoff_operation: pargs->ts_val = 0
05-27 03:24:27.619 D/QC-time-services( 1269): Lib:time_genoff_operation: Send to server  passed!!
05-27 03:24:27.619 D/QC-time-services( 1573): Daemon: Connection accepted:time_genoff
05-27 03:24:27.619 D/QC-time-services( 1573): Daemon:Received base = 13, unit = 1, operation = 2,value = 0
05-27 03:24:27.619 D/QC-time-services( 1573): Daemon:genoff_opr: Base = 13, val = 0, operation = 2
05-27 03:24:27.619 D/QC-time-services( 1573): offset is: 1 for base: 13
05-27 03:24:27.619 E/QC-time-services( 1269): Receive Passed == base = 13, unit = 1, operation = 2, result = 0
05-27 03:24:27.619 D/DrmLibTime( 1269): QSEE Time Listener: ATS_MODEM is set. Try to retrieve it.
05-27 03:24:27.619 E/QC-time-services( 1573): Daemon: Time-services: Waiting to acceptconnection
05-27 03:24:27.619 D/QC-time-services( 1573): Daemon: Connection accepted:time_genoff
05-27 03:24:27.619 D/QC-time-services( 1573): Daemon:Received base = 13, unit = 1, operation = 1,value = 0
05-27 03:24:27.619 D/QC-time-services( 1573): Daemon:genoff_opr: Base = 13, val = 0, operation = 1
05-27 03:24:27.619 D/QC-time-services( 1573): Daemon: genoff get for 13
05-27 03:24:27.619 D/QC-time-services( 1573): Daemon:Value read from QTimer mseconds = 1655260681
05-27 03:24:27.619 D/QC-time-services( 1573): Daemon:Value read from RTC mseconds on boot = 18280000
05-27 03:24:27.619 D/QC-time-services( 1573): Daemon:Value read from QTimer mseconds = 1655260681
05-27 03:24:27.619 D/QC-time-services( 1573): Daemon:Value read from generic offset = 1778158931900
05-27 03:24:27.619 D/QC-time-services( 1573): Daemon:Delta read on boot mseconds = 18270199
05-27 03:24:27.619 D/QC-time-services( 1573): Daemon:Final Time = 1779832462780
05-27 03:24:27.619 D/DrmLibTime( 1269): QSEE Time Listener: Time GenOff - seconds: 1779832462
05-27 03:24:27.619 D/DrmLibTime( 1269): time_getutcsec returns 0, sec = 1779832462; nsec = 0
05-27 03:24:27.620 D/DrmLibTime( 1269): time_getutcsec finished! 
05-27 03:24:27.620 D/DrmLibTime( 1269): iotcl_continue_command finished! and return 0 
05-27 03:24:27.620 D/DrmLibTime( 1269): before calling ioctl to read the next time_cmd
05-27 03:24:27.623 E/QC-time-services( 1573): Daemon: Time-services: Waiting to acceptconnection
05-27 03:24:27.666 I/sensors-hal( 1753): handle_indication_realtime:467,  SCHED_FIFO(10) for qmi_cbk
05-27 03:24:27.673 I/sensors-hal( 1753): activate:173, android.sensor.game_rotation_vector/151 en=0
05-27 03:24:27.674 I/sensors-hal( 1753): activate:184, android.sensor.game_rotation_vector/151 en=0 completed
05-27 03:24:27.674 E/minksocket( 1748): MinkIPC_QRTR_Service: client with node 1 port 758e went down
05-27 03:24:27.680 I/Finsky  (16651): [1008] Integrity key attestation record generated successfully.
05-27 03:24:28.073 I/PlayCore(  770): UID: [10521]  PID: [770] OnWarmUpIntegrityTokenCallback : onWarmUpExpressIntegrityToken
05-27 03:24:28.074 I/PlayCore(  770): UID: [10521]  PID: [770] StandardIntegrity : Unbind from service.
05-27 03:24:28.083 D/ActivityManager( 3077): freezing 23016 com.google.process.gservices, reason = oom_cached
05-27 03:24:28.091 I/PlayCore(  770): UID: [10521]  PID: [770] StandardIntegrity : requestExpressIntegrityToken(-2378106810577297819)
05-27 03:24:28.091 I/PlayCore(  770): UID: [10521]  PID: [770] StandardIntegrity : Initiate binding to the service.
05-27 03:24:28.098 I/PlayCore(  770): UID: [10521]  PID: [770] StandardIntegrity : ServiceConnectionImpl.onServiceConnected(ComponentInfo{com.android.vending/com.google.android.finsky.expressintegrityservice.ExpressIntegrityService})
05-27 03:24:28.098 I/PlayCore(  770): UID: [10521]  PID: [770] StandardIntegrity : linkToDeath
05-27 03:24:28.104 I/PlayCore(  770): UID: [10521]  PID: [770] OnRequestIntegrityTokenCallback : onRequestExpressIntegrityToken
05-27 03:24:28.106 I/PlayCore(  770): UID: [10521]  PID: [770] StandardIntegrity : Unbind from service.
05-27 03:24:28.239 W/android.vending(16651): ApkAssets: Deleting an ApkAssets object '<empty> and /data/app/~~eLoAuo6TLfXjOdBHwDKfyg==/com.deepeye.musicpro.debug-MxnCOyFk-znbkX963Vc5XQ==/base.apk' with 1 weak references
05-27 03:24:28.285 E/minksocket( 1748): MinkIPC_QRTR_Service: client with node 1 port 758f went down
05-27 03:24:28.286 E/minksocket( 1748): MinkIPC_QRTR_Service: client with node 1 port 7590 went down
05-27 03:24:28.287 E/minksocket( 1748): MinkIPC_QRTR_Service: client with node 1 port 7591 went down
05-27 03:24:28.288 E/minksocket( 1748): MinkIPC_QRTR_Service: client with node 1 port 7592 went down
05-27 03:24:29.093 D/QtiCarrierConfigHelper( 4049): WARNING, no carrier configs on phone Id: 1
05-27 03:24:29.094 D/DeviceStatisticsService( 4028): onReceive: action= android.intent.action.BATTERY_CHANGED
05-27 03:24:29.094 V/UiModeManager( 3077): updateLocked: null action, mDockState=0, category=null
05-27 03:24:29.094 D/PowerUI ( 7709): can't show warning due to - plugged: true status unknown: false
05-27 03:24:29.095 D/UiModeManager( 3077): updateConfigurationLocked: mDockState=0; mCarMode=false; mNightMode=2; mNightModeCustomType=-1; uiMode=33
05-27 03:24:29.096 V/DeviceStatisticsService( 4028): chargerType=2 batteryLevel=82 totalBatteryCapacity=3783500
05-27 03:24:29.097 D/DeviceInfoHidlClient( 4028): isRadioOn()=true
05-27 03:24:29.097 I/DeviceInfoHidlClient( 4028): isPowerInfoNeverSent=false batteryLevel=82 batteryLevelIndex=4 chargingMode=2 totalCapacity=3783500 powerSaveMode=false
05-27 03:24:29.397 E/minksocket( 1748): MinkIPC_QRTR_Service: client with node 1 port 7593 went down
05-27 03:24:29.398 E/minksocket( 1748): MinkIPC_QRTR_Service: client with node 1 port 7594 went down
05-27 03:24:29.399 E/minksocket( 1748): MinkIPC_QRTR_Service: client with node 1 port 7595 went down
05-27 03:24:29.400 E/minksocket( 1748): MinkIPC_QRTR_Service: client with node 1 port 7596 went down
05-27 03:24:29.593 D/CmdCenter( 6602): - RowBase2: sPrevModStatus: 1, modStatus: 1
05-27 03:24:29.594 D/CmdCenter( 6602): - RowBase2: sPrevBatStatus: 2, status: 2
05-27 03:24:29.594 D/CmdCenter( 6602): - RowBase2: sPrevChargeRate = 1, new = 1
05-27 03:24:29.594 D/CmdCenter( 6602): - RowBase2: sPrevPlugType: 2 plugType: 2
05-27 03:24:29.616 D/ActivityManager( 3077): freezing 17524 com.jio.myjio, reason = oom_cached
05-27 03:24:29.884 V/Avrcp_ext( 3992): onPlaybackStateChanged: state PlaybackState {state=PLAYING(3), position=0, buffered position=0, speed=1.0, updated=1655259030, actions=7339703, custom actions=[], active item id=0, error=null}
05-27 03:24:29.884 V/APM: MediaControlManager( 3992): onPlaybackStateChanged
05-27 03:24:29.884 W/McpService( 3992): updatePlaybackState state PlaybackState {state=PLAYING(3), position=0, buffered position=0, speed=1.0, updated=1655259030, actions=7339703, custom actions=[], active item id=0, error=null}
05-27 03:24:29.884 W/McpService( 3992): updatePlaybackState mState: 1 state: 1
05-27 03:24:29.885 V/Avrcp_ext( 3992): updateCurrentMediaState: mMediaController: MediaController (com.deepeye.musicpro.debug@8fb2c32) null
