05-27 03:24:31.719 D/HeadsetService( 3992): isScoOrCallActive(): Call Active:falseCall is Ringing:falseSCO is Active:false
05-27 03:24:31.719 E/HeadsetStateMachine( 3992): returning mCurrentState as Disconnected
05-27 03:24:31.719 I/PAL: ResourceManager( 1756): GetConcurrencyInfo: 4476: stream type 2 Tx conc 0, Rx conc 1, concurrency allowed
05-27 03:24:31.719 E/HeadsetStateMachine( 3992): returning mCurrentState as Disconnected
05-27 03:24:31.719 I/PAL: ResourceManager( 1756): GetConcurrencyInfo: 4476: stream type 2 Tx conc 0, Rx conc 1, concurrency allowed
05-27 03:24:31.719 I/PAL: ResourceManager( 1756): GetConcurrencyInfo: 4476: stream type 2 Tx conc 0, Rx conc 1, concurrency allowed
05-27 03:24:31.719 D/HeadsetService( 3992):  isAudioOn: The number of audio connected devices 0
05-27 03:24:31.719 I/PAL: API( 1756): pal_stream_open: 221: Exit. Value of stream_handle 0xb400007a1d8430d0K, status 0
05-27 03:24:31.719 V/Avrcp_ext( 3992): isPlayStateTobeUpdated: device: null
05-27 03:24:31.719 D/AHAL: AudioStream( 1756): GetBufferSize: 2848: type 2
05-27 03:24:31.719 V/Avrcp_ext( 3992): Single connection exists
05-27 03:24:31.719 D/AHAL: AudioStream( 1756): Open: 3158: fragment_size_ 7680 fragments_ 2
05-27 03:24:31.719 D/AHAL: AudioStream( 1756): Open: 3187: Exit ret: 0
05-27 03:24:31.719 E/HeadsetStateMachine( 3992): returning mCurrentState as Disconnected
05-27 03:24:31.719 D/AHAL: AudioStream( 1756): ~AutoPerfLock: 293: (release) perf_lock_handle: 0x6862b, count: 1
05-27 03:24:31.719 E/HeadsetStateMachine( 3992): returning mCurrentState as Disconnected
05-27 03:24:31.719 D/HeadsetService( 3992):  isAudioOn: The number of audio connected devices 0
05-27 03:24:31.719 D/HeadsetService( 3992): isScoOrCallActive(): Call Active:falseCall is Ringing:falseSCO is Active:false
05-27 03:24:31.719 E/HeadsetStateMachine( 3992): returning mCurrentState as Disconnected
05-27 03:24:31.719 E/HeadsetStateMachine( 3992): returning mCurrentState as Disconnected
05-27 03:24:31.719 D/HeadsetService( 3992):  isAudioOn: The number of audio connected devices 0
05-27 03:24:31.719 V/Avrcp_ext( 3992): isPlayStateTobeUpdated: device: null
05-27 03:24:31.719 V/Avrcp_ext( 3992): Single connection exists
05-27 03:24:31.719 D/Avrcp_ext( 3992): Enter sendPlayPosNotificationRsp
05-27 03:24:31.719 D/Avrcp_ext( 3992): sendPlayPosNotificationRsp: Not registered or requesting.
05-27 03:24:31.719 D/Avrcp_ext( 3992): Enter sendPlayPosNotificationRsp
05-27 03:24:31.719 D/Avrcp_ext( 3992): sendPlayPosNotificationRsp: Not registered or requesting.
05-27 03:24:31.719 D/Avrcp_ext( 3992): Enter sendPlayPosNotificationRsp
05-27 03:24:31.719 D/Avrcp_ext( 3992): sendPlayPosNotificationRsp: Not registered or requesting.
05-27 03:24:31.719 D/Avrcp_ext( 3992): Enter sendPlayPosNotificationRsp
05-27 03:24:31.719 D/Avrcp_ext( 3992): sendPlayPosNotificationRsp: Not registered or requesting.
05-27 03:24:31.719 D/Avrcp_ext( 3992): Enter sendPlayPosNotificationRsp
05-27 03:24:31.719 D/Avrcp_ext( 3992): sendPlayPosNotificationRsp: Not registered or requesting.
05-27 03:24:31.719 V/Avrcp_ext( 3992): Exit updatePlayerStateAndPosition
05-27 03:24:31.719 D/APM: ActiveDeviceManagerServiceLegacy( 3992): getActiveAbsoluteDevice(): device: null
05-27 03:24:31.719 D/AHAL: AudioStream( 1756): ~AutoPerfLock: 297: Releasing perf_lock_handle: 0x6862b
05-27 03:24:31.719 D/APM: ActiveDeviceManagerServiceLegacy( 3992): isStableState(): true
05-27 03:24:31.719 D/Avrcp_ext( 3992): isAdmStable = true activeAbsAddr = null device = null
05-27 03:24:31.719 V/APM: MediaControlManager( 3992): onPlaybackStateChanged
05-27 03:24:31.719 W/McpService( 3992): updatePlaybackState state PlaybackState {state=PLAYING(3), position=1835, buffered position=0, speed=1.0, updated=1655260865, actions=7339703, custom actions=[], active item id=0, error=null}
05-27 03:24:31.719 W/McpService( 3992): updatePlaybackState mState: 1 state: 1
05-27 03:24:31.719 W/Avrcp_ext( 3992): updated player state = PlaybackState {state=PLAYING(3), position=1835, buffered position=0, speed=1.0, updated=1655260865, actions=7339703, custom actions=[], active item id=0, error=null}to MCP module also
05-27 03:24:31.719 V/Avrcp_ext( 3992): Exit handleMessage
05-27 03:24:31.720 D/AHAL: AudioStream( 1756): AutoPerfLock: 283: (Acquired) perf_lock_handle: 0x6862c, count: 1
05-27 03:24:31.720 I/PAL: API( 1756): pal_stream_start: 285: Enter. Stream handle 0xb400007a1d8430d0K
05-27 03:24:31.720 I/PAL: StreamPCM( 1756): start: 409: Rx device id: 3 (PAL_DEVICE_OUT_SPEAKER)
05-27 03:24:31.720 I/PAL: PayloadBuilder( 1756): findKVs: 2315: key: 0xa3000000 value: 0xa3000009
05-27 03:24:31.720 I/AGM: device( 1830): device_set_metadata: 691 Setting device metadata for CODEC_DMA-LPAIF_WSA-TX-0
05-27 03:24:31.720 D/AGM: metadata( 1830): metadata_print: 263 *************************Metadata*************************
05-27 03:24:31.720 D/AGM: metadata( 1830): metadata_print: 264 GKV size:1
05-27 03:24:31.720 D/AGM: metadata( 1830): metadata_print: 267 key:0xa3000000, value:0xa3000009(VI_TX)
05-27 03:24:31.720 D/AGM: metadata( 1830): metadata_print: 271 
05-27 03:24:31.720 D/AGM: metadata( 1830): CKV count:1
05-27 03:24:31.720 D/AGM: metadata( 1830): metadata_print: 274 key:0xbf000000, value:0x2 
05-27 03:24:31.720 D/AGM: metadata( 1830): metadata_print: 276 
05-27 03:24:31.720 D/AGM: metadata( 1830): metadata_print: 278 Property ID:134217744
05-27 03:24:31.720 D/AGM: metadata( 1830): metadata_print: 279 property count:1
05-27 03:24:31.720 D/AGM: metadata( 1830): metadata_print: 282 Property Values: 
05-27 03:24:31.720 D/AGM: metadata( 1830): metadata_print: 284 0x2 
05-27 03:24:31.720 D/AGM: metadata( 1830): metadata_print: 286 
05-27 03:24:31.720 D/AGM: metadata( 1830): metadata_print: 287 ****************Metadata Done***************************
05-27 03:24:31.720 D/AGM: metadata( 1830): 
05-27 03:24:31.720 I/PAL: SessionAlsaUtils( 1756): setDeviceMediaConfig: 1007: CODEC_DMA-LPAIF_WSA-TX-0 rate ch fmt data_fmt 48000 2 10 1
05-27 03:24:31.720 I/PAL: ResourceManager( 1756): allocateFrontEndIds: 6032: allocateFrontEndIds: front end 121
05-27 03:24:31.720 I/AGM: API( 1830): agm_session_aif_connect: 651 connecting aifid:11 with session id=121
05-27 03:24:31.720 I/PAL: SpeakerProtection( 1756): spkrProtProcessingMode: 3471: Normal mode being used
05-27 03:24:31.721 I/PAL: Device( 1756): updateCustomPayload: 373: customPayloadSize = 40
05-27 03:24:31.721 I/PAL: Device( 1756): updateCustomPayload: 373: customPayloadSize = 80
05-27 03:24:31.721 I/PAL: Device( 1756): updateCustomPayload: 373: customPayloadSize = 104
05-27 03:24:31.721 I/PAL: SpeakerProtection( 1756): spkrProtProcessingMode: 3629: R0 5.914240 
05-27 03:24:31.721 I/PAL: SpeakerProtection( 1756): spkrProtProcessingMode: 3630: T0 26.000000 
05-27 03:24:31.721 I/PAL: SpeakerProtection( 1756): spkrProtProcessingMode: 3629: R0 5.942470 
05-27 03:24:31.721 I/PAL: SpeakerProtection( 1756): spkrProtProcessingMode: 3630: T0 31.000000 
05-27 03:24:31.721 I/PAL: Device( 1756): updateCustomPayload: 373: customPayloadSize = 144
05-27 03:24:31.722 D/agm_client_wrapper( 1756): agm_session_open called with handle = 605764f0 , *handle = 0
05-27 03:24:31.724 I/MediaCodec(  770): MediaCodec will operate in async mode
05-27 03:24:31.724 I/MediaCodec(  770): (0xb4000077b6cb42e0) configure surface(0xb400007786ca8630) crypto(0x0) flags(0)
05-27 03:24:31.724 D/MediaCodec(  770): (0xb4000077b6cb42e0) configure format: AMessage(what = 0x00000000) = {
05-27 03:24:31.724 D/MediaCodec(  770):       int32_t max-height = 608
05-27 03:24:31.724 D/MediaCodec(  770):       int32_t max-width = 1080
05-27 03:24:31.724 D/MediaCodec(  770):       string mime = "video/x-vnd.on2.vp9"
05-27 03:24:31.724 D/MediaCodec(  770):       int32_t width = 1080
05-27 03:24:31.724 D/MediaCodec(  770):       int32_t max-input-size = 246240
05-27 03:24:31.724 D/MediaCodec(  770):       int32_t height = 608
05-27 03:24:31.724 D/MediaCodec(  770):     }
05-27 03:24:31.724 D/AGM: graph( 1830): graph_open: 580 entry
05-27 03:24:31.724 D/AGM: metadata( 1830): metadata_print: 263 *************************Metadata*************************
05-27 03:24:31.724 D/AGM: metadata( 1830): metadata_print: 264 GKV size:1
05-27 03:24:31.724 D/AGM: metadata( 1830): metadata_print: 267 key:0xa3000000, value:0xa3000009(VI_TX)
05-27 03:24:31.724 D/AGM: metadata( 1830): metadata_print: 271 
05-27 03:24:31.724 D/AGM: metadata( 1830): CKV count:1
05-27 03:24:31.724 D/AGM: metadata( 1830): metadata_print: 274 key:0xbf000000, value:0x2 
05-27 03:24:31.724 D/AGM: metadata( 1830): metadata_print: 276 
05-27 03:24:31.724 D/MediaCodec(  770): flushMediametrics
05-27 03:24:31.724 D/AGM: metadata( 1830): metadata_print: 278 Property ID:134217744
05-27 03:24:31.724 D/AGM: metadata( 1830): metadata_print: 279 property count:1
05-27 03:24:31.725 D/AGM: metadata( 1830): metadata_print: 282 Property Values: 
05-27 03:24:31.725 D/AGM: metadata( 1830): metadata_print: 284 0x2 
05-27 03:24:31.725 D/AGM: metadata( 1830): metadata_print: 286 
05-27 03:24:31.725 D/AGM: metadata( 1830): metadata_print: 287 ****************Metadata Done***************************
05-27 03:24:31.725 D/AGM: metadata( 1830): 
05-27 03:24:31.725 D/SurfaceUtils(  770): connecting to surface 0xb400007786ca8640, reason connectToSurface
05-27 03:24:31.725 E/ACDB    ( 1830): AcdbCmdGetGraphAlias:4153 Error[19]: Graph Alias chunk data does not exist. Is it enabled?.
05-27 03:24:31.725 E/gsl     ( 1830): gsl_get_graph_alias:2191 acdb get graph alias failed 19, len 255
05-27 03:24:31.725 D/AGM: graph( 1830): print_graph_alias: 2357 gsl_get_graph_alias failed: ret = 19
05-27 03:24:31.725 I/MediaCodec(  770): [c2.qti.vp9.decoder] setting surface generation to 788481
05-27 03:24:31.725 D/SurfaceUtils(  770): disconnecting from surface 0xb400007786ca8640, reason connectToSurface(reconnect)
05-27 03:24:31.725 D/Surface (  770): Surface::disconnect
05-27 03:24:31.725 D/BufferQueueProducer(  770): [ImageReader-1x1f22u256m2-770-0](id:30200000001,api:3,p:770,c:770) disconnect: api 3
05-27 03:24:31.725 D/AGM: graph( 1830): graph_open: 708 miid 4589 mid 7001024 tag c0000005
05-27 03:24:31.725 D/SurfaceUtils(  770): connecting to surface 0xb400007786ca8640, reason connectToSurface(reconnect)
05-27 03:24:31.725 I/GPR:    ( 1830): __gpr_cmd_register_v2:902 GPR Register: Source Port is 8208 heap_index: 0
05-27 03:24:31.725 I/gsl     ( 1830): gsl_graph_open_sgids_and_connections:2726 num_sgid= 1
05-27 03:24:31.725 I/gsl     ( 1830): gsl_graph_open_sgids_and_connections:2727 sg list:
05-27 03:24:31.725 I/gsl     ( 1830): gsl_graph_open_sgids_and_connections:2729 b00000d5
05-27 03:24:31.725 D/CCodec  (  770): [c2.qti.vp9.decoder] buffers are bound to CCodec for this session
05-27 03:24:31.725 I/gsl     ( 1830): gsl_send_spf_cmd:169 Wait for Rsp opcode[0x1001000] src_port[0x2010] dst_port[0x1] token 0x113ee
05-27 03:24:31.725 D/CCodecConfig(  770): no c2 equivalents for native-window
05-27 03:24:31.725 D/CCodecConfig(  770): no c2 equivalents for flags
05-27 03:24:31.726 I/vendor.qti.media.c2@1.0-service( 1859): get enum 0 from HQV_MODE_OFF
05-27 03:24:31.726 I/QC2VppFilterCaps( 1859): Setting FRC is only allowed when mode is manual: mode=HQV_MODE_OFF
05-27 03:24:31.726 I/QC2VppFilterCaps( 1859): Setting AIS is only allowed when mode is manual: mode=HQV_MODE_OFF
05-27 03:24:31.726 I/QC2VppFilterCaps( 1859): Seeting CNR is only allowed when mode is manual: mode=HQV_MODE_OFF
05-27 03:24:31.726 I/QC2VppFilterCaps( 1859): Setting EAR is only allowed when mode is manual: mode=HQV_MODE_OFF
05-27 03:24:31.726 I/QC2VppFilterCaps( 1859): Setting AIE is only allowed when mode is manual: mode=HQV_MODE_OFF
05-27 03:24:31.726 D/CCodecConfig(  770): c2 config diff is   c2::u32 input.buffers.max-size.value = 3919872
05-27 03:24:31.726 D/CCodecConfig(  770):   c2::u32 raw.max-size.height = 608
05-27 03:24:31.726 D/CCodecConfig(  770):   c2::u32 raw.max-size.width = 1080
05-27 03:24:31.726 D/CCodecConfig(  770):   c2::u32 raw.size.height = 608
05-27 03:24:31.726 D/CCodecConfig(  770):   c2::u32 raw.size.width = 1080
05-27 03:24:31.727 I/gsl     ( 1830): gsl_send_spf_cmd:183 rcvd pkt token : 0x113ee
05-27 03:24:31.727 W/Codec2Client(  770): query -- param skipped: index = 1107298332.
05-27 03:24:31.727 I/gsl     ( 1830): gsl_send_spf_cmd:169 Wait for Rsp opcode[0x1001006] src_port[0x2010] dst_port[0x1] token 0x113ef
05-27 03:24:31.727 D/CCodec  (  770): client requested max input size 246240, which is smaller than what component recommended (3919872); overriding with component recommendation.
05-27 03:24:31.727 W/CCodec  (  770): This behavior is subject to change. It is recommended that app developers double check whether the requested max input size is in reasonable range.
05-27 03:24:31.727 D/CCodec  (  770): encoding statistics level = 0
05-27 03:24:31.727 D/CCodec  (  770): setup formats input: AMessage(what = 0x00000000) = {
05-27 03:24:31.727 D/CCodec  (  770):   int32_t feature-secure-playback = 0
05-27 03:24:31.727 D/CCodec  (  770):   int32_t frame-rate = 30
05-27 03:24:31.727 D/CCodec  (  770):   int32_t height = 608
05-27 03:24:31.727 D/CCodec  (  770):   int32_t max-input-size = 3919872
05-27 03:24:31.727 D/CCodec  (  770):   string mime = "video/x-vnd.on2.vp9"
05-27 03:24:31.727 D/CCodec  (  770):   int32_t priority = 0
05-27 03:24:31.727 D/CCodec  (  770):   int32_t profile = 1
05-27 03:24:31.727 D/CCodec  (  770):   int32_t width = 1080
05-27 03:24:31.727 D/CCodec  (  770):   Rect crop(0, 0, 1079, 607)
05-27 03:24:31.727 D/CCodec  (  770): }
05-27 03:24:31.728 D/CCodec  (  770): setup formats output: AMessage(what = 0x00000000) = {
05-27 03:24:31.728 D/CCodec  (  770):   int32_t android._color-format = 0
05-27 03:24:31.728 D/CCodec  (  770):   int32_t android._video-scaling = 1
05-27 03:24:31.728 D/CCodec  (  770):   int32_t android._dataspace = 260
05-27 03:24:31.728 D/CCodec  (  770):   int32_t color-standard = 130817
05-27 03:24:31.728 D/CCodec  (  770):   int32_t color-range = 2
05-27 03:24:31.728 D/CCodec  (  770):   int32_t color-transfer = 65791
05-27 03:24:31.728 D/CCodec  (  770):   int32_t sar-height = 1
05-27 03:24:31.728 D/CCodec  (  770):   int32_t rotation-degrees = 0
05-27 03:24:31.728 D/CCodec  (  770):   Buffer hdr-static-info = {
05-27 03:24:31.728 D/CCodec  (  770):     00000000:  00 00 00 00 00 00 00 00  00 00 00 00 00 00 00 00  ................
05-27 03:24:31.728 D/CCodec  (  770):     00000010:  00 00 00 00 00 00 00 00  00                       .........
05-27 03:24:31.728 D/CCodec  (  770):   }
05-27 03:24:31.728 D/CCodec  (  770):   int32_t sar-width = 1
05-27 03:24:31.728 D/CCodec  (  770):   Rect crop(0, 0, 1079, 607)
05-27 03:24:31.728 D/CCodec  (  770):   int32_t width = 1080
05-27 03:24:31.728 D/CCodec  (  770):   int32_t feature-secure-playback = 0
05-27 03:24:31.728 D/CCodec  (  770):   int32_t frame-rate = 30
05-27 03:24:31.728 D/CCodec  (  770):   Buffer hdr10-plus-info = {
05-27 03:24:31.728 D/CCodec  (  770):   }
05-27 03:24:31.728 D/CCodec  (  770):   int32_t height = 608
05-27 03:24:31.728 D/CCodec  (  770):   int32_t max-height = 608
05-27 03:24:31.728 D/CCodec  (  770):   int32_t max-width = 1080
05-27 03:24:31.728 D/CCodec  (  770):   string mime = "video/raw"
05-27 03:24:31.728 D/CCodec  (  770):   int32_t priority = 0
05-27 03:24:31.728 D/CCodec  (  770):   int32_t color-format = 2130708361
05-27 03:24:31.728 D/CCodec  (  770): }
05-27 03:24:31.728 I/CCodecConfig(  770): query failed after returning 19 values (BAD_INDEX)
05-27 03:24:31.729 I/MediaCodec(  770): (0xb4000077b6cb42e0) start
05-27 03:24:31.729 D/MediaCodec(  770): keep callback message for reclaim
05-27 03:24:31.729 I/QC2Registry( 1859): search [c2.qti.vp9.decoder] in mEntries
05-27 03:24:31.729 I/QC2Registry( 1859): Build pipelined codec for session
05-27 03:24:31.729 I/QC2Registry( 1859): Getting stages for pipelined codec
05-27 03:24:31.729 I/QC2Registry( 1859): search [c2.qti.vp9.decoder] in mEntries
05-27 03:24:31.729 I/QC2Registry( 1859): search [c2.qti.vp9.decoder] in mFactories
05-27 03:24:31.729 I/QC2V4l2Codec( 1859): [vp9D_1717] Configuring linear pixel format : 0
05-27 03:24:31.730 I/QC2Registry( 1859): Pipelining enabled
05-27 03:24:31.730 I/QC2Registry( 1859): Requested codec is pipelined. Create codec list
05-27 03:24:31.730 I/QC2Registry( 1859): search [c2.qti.vp9.decoder] in mEntries
05-27 03:24:31.730 I/QC2Registry( 1859): GetEnabledFilters for c2.qti.vp9.decoder
05-27 03:24:31.730 I/QC2Registry( 1859): search [c2.qti.avc.decoder] in mEntries
05-27 03:24:31.730 I/QC2Registry( 1859): search [c2.qti.avc.decoder.low_latency] in mEntries
05-27 03:24:31.730 I/QC2Registry( 1859): search [c2.qti.avc.decoder.secure] in mEntries
05-27 03:24:31.730 I/QC2Registry( 1859): search [c2.qti.hevc.decoder] in mEntries
05-27 03:24:31.730 I/QC2Registry( 1859): search [c2.qti.hevc.decoder.low_latency] in mEntries
05-27 03:24:31.730 I/QC2Registry( 1859): search [c2.qti.hevc.decoder.secure] in mEntries
05-27 03:24:31.730 I/QC2Registry( 1859): search [c2.qti.vp9.decoder] in mEntries
05-27 03:24:31.730 I/QC2Registry( 1859): search [c2.qti.vp9.decoder.low_latency] in mEntries
05-27 03:24:31.730 I/QC2Registry( 1859): search [c2.qti.vp9.decoder.secure] in mEntries
05-27 03:24:31.730 I/QC2Registry( 1859): search [c2.qti.avc.encoder] in mEntries
05-27 03:24:31.730 I/QC2Registry( 1859): search [c2.qti.avc.encoder.secure] in mEntries
05-27 03:24:31.730 I/QC2Registry( 1859): search [c2.qti.hevc.encoder] in mEntries
05-27 03:24:31.730 I/QC2Registry( 1859): search [c2.qti.hevc.encoder.secure] in mEntries
05-27 03:24:31.730 I/QC2Registry( 1859): search [c2.qti.hevc.encoder.cq] in mEntries
05-27 03:24:31.730 I/QC2Registry( 1859): search [c2.qti.heic.encoder] in mEntries
05-27 03:24:31.730 I/QC2Registry( 1859): search [c2.qti.vpp.filter] in mEntries
05-27 03:24:31.730 I/gsl     ( 1830): gsl_send_spf_cmd:183 rcvd pkt token : 0x113ef
05-27 03:24:31.730 I/QC2Registry( 1859): search [c2.qti.vpp.filter.secure] in mEntries
05-27 03:24:31.730 I/QC2Registry( 1859): search [c2.qti.vpp.filter] in mEntries
05-27 03:24:31.730 E/gsl     ( 1830): gsl_graph_send_nonpersist_cal:790 send non-perist cal failed 3
05-27 03:24:31.730 I/QC2Registry( 1859): Pipeline Index = a000a00c
05-27 03:24:31.730 I/QC2Registry( 1859): Filter c2.qti.vpp.filter can't be pipelined
05-27 03:24:31.730 I/QC2Registry( 1859): search [c2.qti.vpp.filter.secure] in mEntries
05-27 03:24:31.730 I/QC2Registry( 1859): Filter c2.qti.vpp.filter.secure can't be pipelined
05-27 03:24:31.730 I/QC2Registry( 1859): Created 0 filters for pipelined codec c2.qti.vp9.decoder
05-27 03:24:31.730 E/ACDB    ( 1830): AcdbCmdGetProcSubgraphCalDataPersist:8416 Error[19]: No calibration found
05-27 03:24:31.731 D/AGM: graph( 1830): graph_open: 739 graph_handle 0x47534c
05-27 03:24:31.731 D/AGM: graph( 1830): graph_open: 774 exit, ret 0
05-27 03:24:31.731 D/AGM: graph( 1830): graph_set_config: 1134 entry graph_handle 0x47534c
05-27 03:24:31.731 I/gsl     ( 1830): gsl_send_spf_cmd:169 Wait for Rsp opcode[0x1001006] src_port[0x2010] dst_port[0x1] token 0x113f0
05-27 03:24:31.731 I/gsl     ( 1830): gsl_send_spf_cmd:183 rcvd pkt token : 0x113f0
05-27 03:24:31.731 D/AGM: graph( 1830): graph_set_config: 1142 exit, graph handle 0x47534c, ret 0
05-27 03:24:31.731 D/agm_client_wrapper( 1756): agm_session_open Received handle = 0x78605764f0 , *handle = b400007051f2d610
05-27 03:24:31.731 D/PLUGIN: pcm( 1756): agm_pcm_hw_params: 478 agm_pcm_hw_params: mode: 268435456
05-27 03:24:31.732 I/gsl     ( 1830): gsl_send_spf_cmd:169 Wait for Rsp opcode[0x100100e] src_port[0x2010] dst_port[0x458a] token 0x113f1
05-27 03:24:31.732 I/gsl     ( 1830): gsl_send_spf_cmd:183 rcvd pkt token : 0x113f1
05-27 03:24:31.732 I/PAL: SpeakerProtection( 1756): spkrProtProcessingMode: 3725: Normal mode being used
05-27 03:24:31.732 I/PAL: Device( 1756): updateCustomPayload: 373: customPayloadSize = 24
05-27 03:24:31.732 I/PAL: Device( 1756): updateCustomPayload: 373: customPayloadSize = 80
05-27 03:24:31.732 I/PAL: Device( 1756): updateCustomPayload: 373: customPayloadSize = 184
05-27 03:24:31.732 D/audio_route( 1756): Apply path: vi-feedback
05-27 03:24:31.733 D/AGM: graph( 1830): graph_prepare: 835 entry graph_handle 0x47534c
05-27 03:24:31.733 D/AGM: graph_module( 1830): configure_hw_ep_media_config: 664 entry mod tag c0000005 miid 4589 mid 7001024
05-27 03:24:31.733 D/AGM: graph_module( 1830): configure_hw_ep_media_config: 694 rate 48000 bw 32 ch 2, data_fmt 1
05-27 03:24:31.733 I/gsl     ( 1830): gsl_send_spf_cmd:169 Wait for Rsp opcode[0x1001006] src_port[0x2010] dst_port[0x4589] token 0x113f2
05-27 03:24:31.733 I/gsl     ( 1830): gsl_send_spf_cmd:183 rcvd pkt token : 0x113f2
05-27 03:24:31.733 D/AGM: graph_module( 1830): configure_hw_ep_media_config: 704 exit, ret 0
05-27 03:24:31.733 D/AGM: graph_module( 1830): configure_codec_dma_ep: 281 cdc_dma intf cfg lpaif 2 indx 1 ch_msk 3
05-27 03:24:31.733 I/gsl     ( 1830): gsl_send_spf_cmd:169 Wait for Rsp opcode[0x1001006] src_port[0x2010] dst_port[0x4589] token 0x113f3
05-27 03:24:31.733 I/gsl     ( 1830): gsl_send_spf_cmd:183 rcvd pkt token : 0x113f3
05-27 03:24:31.733 D/AGM: graph_module( 1830): configure_codec_dma_ep: 296 exit, ret 0
05-27 03:24:31.733 I/gsl     ( 1830): gsl_send_spf_cmd:169 Wait for Rsp opcode[0x1001001] src_port[0x2010] dst_port[0x1] token 0x113f4
05-27 03:24:31.734 I/QC2V4l2Driver( 1859): [vp9D_1717] Device /dev/video32 opened with fd: 6
05-27 03:24:31.734 I/gsl     ( 1830): gsl_send_spf_cmd:183 rcvd pkt token : 0x113f4
05-27 03:24:31.734 D/AGM: graph( 1830): graph_prepare: 913 exit, ret 0
05-27 03:24:31.734 D/AGM: graph( 1830): graph_start: 927 entry graph_handle 0x47534c
05-27 03:24:31.734 I/gsl     ( 1830): gsl_send_spf_cmd:169 Wait for Rsp opcode[0x1001002] src_port[0x2010] dst_port[0x1] token 0x113f5
05-27 03:24:31.734 E/QC2V4l2Codec( 1859): [vp9D_1717]  ? is not a supported pixel format!
05-27 03:24:31.734 W/QC2V4l2Codec( 1859): [vp9D_1717] unknown/unsupported param qti-ext-vpp-internal-only index = 0x4200A000
05-27 03:24:31.734 W/QC2V4l2Codec( 1859): [vp9D_1717] unknown/unsupported param qti-ext-vpp-internal-only index = 0x4200A001
05-27 03:24:31.734 W/QC2V4l2Codec( 1859): [vp9D_1717] unknown/unsupported param raw.max-size index = 0x52002003
05-27 03:24:31.734 W/QC2V4l2Codec( 1859): [vp9D_1717] unknown/unsupported param qti-ext-vpp-internal-only index = 0x5200A000
05-27 03:24:31.734 W/QC2V4l2Codec( 1859): [vp9D_1717] unknown/unsupported param qti-ext-vpp-internal-only index = 0x5200A001
05-27 03:24:31.734 W/QC2V4l2Codec( 1859): [vp9D_1717] unknown/unsupported param qti-ext-vpp index = 0x5200A002
05-27 03:24:31.734 W/QC2V4l2Codec( 1859): [vp9D_1717] unknown/unsupported param qti-ext-vpp-cnr index = 0x5200A003
05-27 03:24:31.734 W/QC2V4l2Codec( 1859): [vp9D_1717] unknown/unsupported param qti-ext-vpp-aie index = 0x5200A004
05-27 03:24:31.734 W/QC2V4l2Codec( 1859): [vp9D_1717] unknown/unsupported param qti-ext-vpp-frc index = 0x5200A005
05-27 03:24:31.734 W/QC2V4l2Codec( 1859): [vp9D_1717] unknown/unsupported param qti-ext-vpp-ear index = 0x5200A006
05-27 03:24:31.734 W/QC2V4l2Codec( 1859): [vp9D_1717] unknown/unsupported param qti-ext-vpp-ais index = 0x5200A007
05-27 03:24:31.734 W/QC2V4l2Codec( 1859): [vp9D_1717] unknown/unsupported param qti-ext-vpp-demo index = 0x5200A008
05-27 03:24:31.734 W/QC2V4l2Codec( 1859): [vp9D_1717] unknown/unsupported param qti-ext-vpp-internal-only index = 0x5200A009
05-27 03:24:31.734 W/QC2V4l2Codec( 1859): [vp9D_1717] unknown/unsupported param qti-ext-vpp-bypass index = 0x5200A00E
05-27 03:24:31.734 W/QC2V4l2Codec( 1859): [vp9D_1717] unknown/unsupported param qti-ext-vpp-lazy-init index = 0x5200A011
05-27 03:24:31.734 W/QC2V4l2Codec( 1859): [vp9D_1717] unknown/unsupported param qti-ext-vpp-extradata index = 0x5201A00F
05-27 03:24:31.734 W/QC2V4l2Codec( 1859): [vp9D_1717] unknown/unsupported param qti-ext-vpp-internal-only index = 0xA000A00C
05-27 03:24:31.734 W/QC2V4l2Codec( 1859): [vp9D_1717] unknown/unsupported param input.buffers.max-size index = 0xC200081E
05-27 03:24:31.734 W/QC2V4l2Codec( 1859): [vp9D_1717] unknown/unsupported param qti-ext-vpp-preset index = 0xD201A00D
05-27 03:24:31.735 I/QC2Comp ( 1859): Memory tracker creation for [1D-3409] 
05-27 03:24:31.735 I/gsl     ( 1830): gsl_send_spf_cmd:183 rcvd pkt token : 0x113f5
05-27 03:24:31.735 D/AGM: graph( 1830): graph_start: 939 exit, ret 0
05-27 03:24:31.736 W/Codec2Client(  770): query -- param skipped: index = 1342179345.
05-27 03:24:31.736 I/PAL: SessionAlsaUtils( 1756): setDeviceMediaConfig: 1007: CODEC_DMA-LPAIF_WSA-RX-0 rate ch fmt data_fmt 48000 2 2 1
05-27 03:24:31.737 W/Codec2Client(  770): query -- param skipped: index = 2415921170.
05-27 03:24:31.737 W/Codec2Client(  770): query -- param skipped: index = 1610614798.
05-27 03:24:31.737 D/CCodecBufferChannel(  770): [c2.qti.vp9.decoder#252] Query input allocators returned 0 params => BAD_INDEX (6)
05-27 03:24:31.737 D/C2Store (  770): debug.c2.use_dmabufheaps set, forcing DMABUF Heaps
05-27 03:24:31.737 D/C2Store (  770): Using DMABUF Heaps
05-27 03:24:31.737 I/PAL: ResourceManager( 1756): voteSleepMonitor: 1439: Enter for stream type 2
05-27 03:24:31.737 I/PAL: ResourceManager( 1756): voteSleepMonitor: 1491: Voting done for nlpi use case, lpi votes 0, nlpi votes : 1
05-27 03:24:31.739 D/CCodecBufferChannel(  770): [c2.qti.vp9.decoder#252] Created input block pool with allocatorID 16 => poolID 17 - OK (0)
05-27 03:24:31.739 D/agm_client_wrapper( 1756): agm_session_open called with handle = 60576c10 , *handle = 0
05-27 03:24:31.739 D/CCodecBufferChannel(  770): [c2.qti.vp9.decoder#252] start: max output delay 18
05-27 03:24:31.739 D/CCodecBufferChannel(  770): [c2.qti.vp9.decoder#252] Query output allocators returned 0 params => BAD_INDEX (6)
05-27 03:24:31.739 D/CCodecBufferChannel(  770): [c2.qti.vp9.decoder#252] Query output surface allocator returned 0 params => BAD_INDEX (6)
05-27 03:24:31.740 I/CCodecBufferChannel(  770): [c2.qti.vp9.decoder#252] Created output block pool with allocatorID 18 => poolID 3410 - OK
05-27 03:24:31.740 D/CCodecBufferChannel(  770): [c2.qti.vp9.decoder#252] Configured output block pool ids 3410 => OK
05-27 03:24:31.740 D/Codec2-OutputBufferQueue(  770): remote graphic buffer migration 0/0
05-27 03:24:31.740 E/QC2Interface( 1859): Few parameters failed to configure
05-27 03:24:31.740 D/Codec2Client(  770): setOutputSurface -- failed to set consumer usage (6/BAD_INDEX)
05-27 03:24:31.740 D/Codec2Client(  770): setOutputSurface -- generation=788481 consumer usage=0x900
05-27 03:24:31.741 D/qdgralloc(  770): Falling back to default YUV format - no camera/video specific format defined, usage 0x100
05-27 03:24:31.742 D/AGM: graph( 1830): graph_open: 580 entry
05-27 03:24:31.742 D/AGM: metadata( 1830): metadata_print: 263 *************************Metadata*************************
05-27 03:24:31.742 D/qdgralloc( 1833): Falling back to default YUV format - no camera/video specific format defined, usage 0x100
05-27 03:24:31.742 D/AGM: metadata( 1830): metadata_print: 264 GKV size:4
05-27 03:24:31.742 D/AGM: metadata( 1830): metadata_print: 267 key:0xa1000000, value:0xa1000001(PCM_DEEP_BUFFER)
05-27 03:24:31.742 D/AGM: metadata( 1830): metadata_print: 267 key:0xab000000, value:0x1( )
05-27 03:24:31.742 D/AGM: metadata( 1830): metadata_print: 267 key:0xa2000000, value:0xa2000001(SPEAKER)
05-27 03:24:31.742 D/AGM: metadata( 1830): metadata_print: 267 key:0xac000000, value:0xac000002(DEVICEPP_RX_AUDIO_MBDRC)
05-27 03:24:31.742 D/AGM: metadata( 1830): metadata_print: 271 
05-27 03:24:31.742 D/AGM: metadata( 1830): CKV count:6
05-27 03:24:31.742 D/AGM: metadata( 1830): metadata_print: 274 key:0xa4000000, value:0xf 
05-27 03:24:31.742 D/AGM: metadata( 1830): metadata_print: 274 key:0xe4000000, value:0x0 
05-27 03:24:31.742 D/AGM: metadata( 1830): metadata_print: 274 key:0xe5000000, value:0x1 
05-27 03:24:31.742 D/AGM: metadata( 1830): metadata_print: 274 key:0xe6000000, value:0x0 
05-27 03:24:31.742 D/AGM: metadata( 1830): metadata_print: 274 key:0xd2000000, value:0x0 
05-27 03:24:31.742 D/AGM: metadata( 1830): metadata_print: 274 key:0xbe000000, value:0x3 
05-27 03:24:31.742 D/AGM: metadata( 1830): metadata_print: 276 
05-27 03:24:31.742 D/AGM: metadata( 1830): metadata_print: 278 Property ID:134217744
05-27 03:24:31.742 D/AGM: metadata( 1830): metadata_print: 279 property count:4
05-27 03:24:31.742 D/AGM: metadata( 1830): metadata_print: 282 Property Values: 
05-27 03:24:31.742 D/AGM: metadata( 1830): metadata_print: 284 0x1 
05-27 03:24:31.742 D/AGM: metadata( 1830): metadata_print: 284 0x3 
05-27 03:24:31.742 D/AGM: metadata( 1830): metadata_print: 284 0x2 
05-27 03:24:31.742 D/AGM: metadata( 1830): metadata_print: 284 0x5 
05-27 03:24:31.742 D/AGM: metadata( 1830): metadata_print: 286 
05-27 03:24:31.742 D/AGM: metadata( 1830): metadata_print: 287 ****************Metadata Done***************************
05-27 03:24:31.742 D/AGM: metadata( 1830): 
05-27 03:24:31.742 E/ACDB    ( 1830): AcdbCmdGetGraphAlias:4153 Error[19]: Graph Alias chunk data does not exist. Is it enabled?.
05-27 03:24:31.742 E/gsl     ( 1830): gsl_get_graph_alias:2191 acdb get graph alias failed 19, len 255
05-27 03:24:31.742 D/AGM: graph( 1830): print_graph_alias: 2357 gsl_get_graph_alias failed: ret = 19
05-27 03:24:31.742 D/AGM: graph( 1830): graph_open: 660 miid 4001 mid 7001000 tag c0000002
05-27 03:24:31.742 D/AGM: graph( 1830): graph_open: 708 miid 43b1 mid 7001023 tag c0000004
05-27 03:24:31.742 D/AGM: graph( 1830): graph_open: 660 miid 4019 mid 7001019 tag c0000006
05-27 03:24:31.742 D/AGM: graph( 1830): graph_open: 660 miid 4003 mid 7001005 tag c000000e
05-27 03:24:31.742 D/AGM: graph( 1830): graph_open: 660 miid 4004 mid 7001003 tag c0000010
05-27 03:24:31.742 D/AGM: graph( 1830): graph_open: 660 miid 4163 mid 7001032 tag c0000013
05-27 03:24:31.742 I/GPR:    ( 1830): __gpr_cmd_register_v2:902 GPR Register: Source Port is 8209 heap_index: 0
05-27 03:24:31.742 I/gsl     ( 1830): gsl_graph_open_sgids_and_connections:2726 num_sgid= 4
05-27 03:24:31.742 I/gsl     ( 1830): gsl_graph_open_sgids_and_connections:2727 sg list:
05-27 03:24:31.742 I/gsl     ( 1830): gsl_graph_open_sgids_and_connections:2729 b0000002
05-27 03:24:31.742 I/gsl     ( 1830): gsl_graph_open_sgids_and_connections:2729 b0000008
05-27 03:24:31.742 I/gsl     ( 1830): gsl_graph_open_sgids_and_connections:2729 b000001c
05-27 03:24:31.742 I/gsl     ( 1830): gsl_graph_open_sgids_and_connections:2729 b0000001
05-27 03:24:31.742 I/gsl     ( 1830): gsl_print_sg_conn_info:186 num_sg_conn = 3
05-27 03:24:31.742 I/gsl     ( 1830): gsl_print_sg_conn_info:188 sg b0000008 has 1 children:
05-27 03:24:31.742 I/gsl     ( 1830): gsl_print_sg_conn_info:191 b0000002, 
05-27 03:24:31.742 I/gsl     ( 1830): gsl_print_sg_conn_info:188 sg b000001c has 1 children:
05-27 03:24:31.742 I/gsl     ( 1830): gsl_print_sg_conn_info:191 b0000008, 
05-27 03:24:31.742 I/gsl     ( 1830): gsl_print_sg_conn_info:188 sg b0000001 has 1 children:
05-27 03:24:31.742 I/gsl     ( 1830): gsl_print_sg_conn_info:191 b000001c, 
05-27 03:24:31.742 D/qdgralloc( 1859): Falling back to default YUV format - no camera/video specific format defined, usage 0x100
05-27 03:24:31.742 I/gsl     ( 1830): gsl_send_spf_cmd:169 Wait for Rsp opcode[0x1001000] src_port[0x2011] dst_port[0x1] token 0x113f6
05-27 03:24:31.742 D/C2BqBuffer( 1859): local generation change 788481 , bqId: 3307124817921 migrated buffers # 0
05-27 03:24:31.743 D/Codec2Client(  770): Surface configure completed
05-27 03:24:31.743 D/CCodecBufferChannel(  770): [c2.qti.vp9.decoder#252] start: updating output delay 7
05-27 03:24:31.743 I/QC2CompStore( 1859): Setting heap usage to system
05-27 03:24:31.743 I/DMABUFHEAPS(  770): Using DMA-BUF heap named: system
05-27 03:24:31.743 I/MediaCodec(  770): (0xb4000077b6cb42e0) kWhatStartCompleted
05-27 03:24:31.744 W/ResourceManagerService( 2361): Ignoring request to add new resource entry with value <= 0
05-27 03:24:31.745 I/YouTubeVideoPlayer(  770): page_finished url=https://www.youtube.com/watch?app=desktop&v=7c3-Gei5j4w
05-27 03:24:31.744 I/audioadsprpcd( 1232): vendor/qcom/proprietary/adsprpc/src/apps_std_imp.c:860: Successfully opened file /vendor/dsp/adsp/CFCM.so.1
05-27 03:24:31.748 I/audioadsprpcd( 1232): vendor/qcom/proprietary/adsprpc/src/apps_std_imp.c:860: Successfully opened file /vendor/dsp/adsp/SAPlusCmnModule.so.1
05-27 03:24:31.749 I/QC2Buf  ( 1859): use shared ref tracker
05-27 03:24:31.749 I/MediaCodec(  770): [0xb4000077b6cb42e0] enqueue first input frame, timeUs = 0
05-27 03:24:31.749 I/QC2Comp ( 1859): Memory tracker creation for [2D-3410] 
05-27 03:24:31.749 I/QC2Buf  ( 1859): Reconfig: clearing from 0 bufs. Peak mem=0 MB
05-27 03:24:31.749 I/QC2Buf  ( 1859): Reconfig: clearing from 0 bufs. Peak mem=0 MB
05-27 03:24:31.751 I/QC2Comp ( 1859): Memory tracker for [1D-3409] is available with name [1D-3409] and size 32768 bytes.
05-27 03:24:31.752 I/QC2Buf  ( 1859): Reconfig: clearing from 0 bufs. Peak mem=0 MB
05-27 03:24:31.754 D/CCodecConfig(  770): c2 config diff is   c2::u32 output.delay.value = 17
05-27 03:24:31.754 D/CCodecBufferChannel(  770): [c2.qti.vp9.decoder#252] onWorkDone: updating output delay 17
05-27 03:24:31.754 I/CCodecBufferChannel(  770): [c2.qti.vp9.decoder#252] onWorkDone: updating max output delay 24
05-27 03:24:31.754 D/Codec2-OutputBufferQueue(  770): set max dequeue count 24 from update
05-27 03:24:31.755 I/gsl     ( 1830): gsl_send_spf_cmd:183 rcvd pkt token : 0x113f6
05-27 03:24:31.755 I/gsl     ( 1830): gsl_send_spf_cmd:169 Wait for Rsp opcode[0x1001006] src_port[0x2011] dst_port[0x1] token 0x113f7
05-27 03:24:31.756 I/gsl     ( 1830): gsl_send_spf_cmd:183 rcvd pkt token : 0x113f7
05-27 03:24:31.756 E/ACDB    ( 1830): AcdbCmdGetProcSubgraphCalDataPersist:8416 Error[19]: No calibration found
05-27 03:24:31.756 E/ACDB    ( 1830): AcdbCmdGetProcSubgraphCalDataPersist:8416 Error[19]: No calibration found
05-27 03:24:31.756 E/ACDB    ( 1830): AcdbCmdGetProcSubgraphCalDataPersist:8416 Error[19]: No calibration found
05-27 03:24:31.756 E/ACDB    ( 1830): AcdbCmdGetProcSubgraphCalDataPersist:8416 Error[19]: No calibration found
05-27 03:24:31.756 D/AGM: graph( 1830): graph_open: 739 graph_handle 0x147534c
05-27 03:24:31.756 D/AGM: graph( 1830): graph_open: 774 exit, ret 0
05-27 03:24:31.756 D/AGM: graph( 1830): graph_set_config: 1134 entry graph_handle 0x147534c
05-27 03:24:31.756 I/gsl     ( 1830): gsl_send_spf_cmd:169 Wait for Rsp opcode[0x1001006] src_port[0x2011] dst_port[0x1] token 0x113f8
05-27 03:24:31.756 I/gsl     ( 1830): gsl_send_spf_cmd:183 rcvd pkt token : 0x113f8
05-27 03:24:31.756 D/AGM: graph( 1830): graph_set_config: 1142 exit, graph handle 0x147534c, ret 0
05-27 03:24:31.756 D/agm_client_wrapper( 1756): agm_session_open Received handle = 0x7860576c10 , *handle = b400007051f2bf50
05-27 03:24:31.756 D/PLUGIN: pcm( 1756): agm_pcm_hw_params: 478 agm_pcm_hw_params: mode: 0
05-27 03:24:31.757 I/PAL: Session( 1756): updateCustomPayload: 580: customPayloadSize = 32
05-27 03:24:31.757 D/AGM: graph( 1830): graph_set_config: 1134 entry graph_handle 0x147534c
05-27 03:24:31.757 I/gsl     ( 1830): gsl_send_spf_cmd:169 Wait for Rsp opcode[0x1001006] src_port[0x2011] dst_port[0x40b6] token 0x113f9
05-27 03:24:31.758 I/gsl     ( 1830): gsl_send_spf_cmd:183 rcvd pkt token : 0x113f9
05-27 03:24:31.758 D/AGM: graph( 1830): graph_set_config: 1142 exit, graph handle 0x147534c, ret 0
05-27 03:24:31.758 D/CCodecBufferChannel(  770): [c2.qti.vp9.decoder#252] Ignoring stale input buffer done callback: last flush index = 0, frameIndex = 0
05-27 03:24:31.758 D/AGM: graph( 1830): graph_prepare: 835 entry graph_handle 0x147534c
05-27 03:24:31.758 D/AGM: graph_module( 1830): configure_pcm_shared_mem_ep: 1604 entry mod tag c0000002 miid 4001 mid 7001000
05-27 03:24:31.759 I/gsl     ( 1830): gsl_send_spf_cmd:169 Wait for Rsp opcode[0x1001006] src_port[0x2011] dst_port[0x4001] token 0x113fa
05-27 03:24:31.759 I/QC2Comp ( 1859): Output Format at frame 0: VENUS_NV12_UBWC 1080x608
05-27 03:24:31.759 I/gsl     ( 1830): gsl_send_spf_cmd:183 rcvd pkt token : 0x113fa
05-27 03:24:31.759 D/AGM: graph_module( 1830): configure_pcm_shared_mem_ep: 1680 exit, ret 0
05-27 03:24:31.759 D/AGM: graph_module( 1830): configure_hw_ep_media_config: 664 entry mod tag c0000004 miid 43b1 mid 7001023
05-27 03:24:31.759 D/AGM: graph_module( 1830): configure_hw_ep_media_config: 694 rate 48000 bw 16 ch 2, data_fmt 1
05-27 03:24:31.759 I/gsl     ( 1830): gsl_send_spf_cmd:169 Wait for Rsp opcode[0x1001006] src_port[0x2011] dst_port[0x43b1] token 0x113fb
05-27 03:24:31.760 I/gsl     ( 1830): gsl_send_spf_cmd:183 rcvd pkt token : 0x113fb
05-27 03:24:31.760 D/AGM: graph_module( 1830): configure_hw_ep_media_config: 704 exit, ret 0
05-27 03:24:31.760 D/AGM: graph_module( 1830): configure_codec_dma_ep: 281 cdc_dma intf cfg lpaif 2 indx 1 ch_msk 3
05-27 03:24:31.760 I/gsl     ( 1830): gsl_send_spf_cmd:169 Wait for Rsp opcode[0x1001006] src_port[0x2011] dst_port[0x43b1] token 0x113fc
05-27 03:24:31.760 I/gsl     ( 1830): gsl_send_spf_cmd:183 rcvd pkt token : 0x113fc
05-27 03:24:31.760 D/AGM: graph_module( 1830): configure_codec_dma_ep: 296 exit, ret 0
05-27 03:24:31.760 D/CCodecConfig(  770): c2 config diff is   c2::u32 raw.color.matrix = 1
05-27 03:24:31.760 D/CCodecConfig(  770):   c2::u32 raw.color.primaries = 1
05-27 03:24:31.760 D/CCodecConfig(  770):   c2::u32 raw.color.range = 2
05-27 03:24:31.760 D/CCodecConfig(  770):   c2::u32 raw.color.transfer = 3
05-27 03:24:31.760 D/CCodecConfig(  770):   c2::u32 raw.crop.height = 608
05-27 03:24:31.760 D/CCodecConfig(  770):   c2::u32 raw.crop.left = 0
05-27 03:24:31.760 D/CCodecConfig(  770):   c2::u32 raw.crop.top = 0
05-27 03:24:31.760 D/CCodecConfig(  770):   c2::u32 raw.crop.width = 1080
05-27 03:24:31.760 D/AGM: graph_module( 1830): configure_output_media_format: 790 entry mod tag c000000e miid 4003 mid 7001005
05-27 03:24:31.760 I/QC2CompStore( 1859): Setting heap usage to system
05-27 03:24:31.760 I/gsl     ( 1830): gsl_send_spf_cmd:169 Wait for Rsp opcode[0x1001006] src_port[0x2011] dst_port[0x4003] token 0x113fd
05-27 03:24:31.761 D/CCodecBuffers(  770): [c2.qti.vp9.decoder#252:2D-Output] popFromStashAndRegister: at 0us, output format changed to AMessage(what = 0x00000000) = {
05-27 03:24:31.761 D/CCodecBuffers(  770):   int32_t android._color-format = 0
05-27 03:24:31.761 D/CCodecBuffers(  770):   int32_t android._video-scaling = 1
05-27 03:24:31.761 D/CCodecBuffers(  770):   int32_t android._dataspace = 260
05-27 03:24:31.761 D/CCodecBuffers(  770):   int32_t color-standard = 1
05-27 03:24:31.761 D/CCodecBuffers(  770):   int32_t color-range = 2
05-27 03:24:31.761 D/CCodecBuffers(  770):   int32_t color-transfer = 3
05-27 03:24:31.761 D/CCodecBuffers(  770):   int32_t sar-height = 1
05-27 03:24:31.761 D/CCodecBuffers(  770):   int32_t rotation-degrees = 0
05-27 03:24:31.761 D/CCodecBuffers(  770):   Buffer hdr-static-info = {
05-27 03:24:31.761 D/CCodecBuffers(  770):     00000000:  00 00 00 00 00 00 00 00  00 00 00 00 00 00 00 00  ................
05-27 03:24:31.761 D/CCodecBuffers(  770):     00000010:  00 00 00 00 00 00 00 00  00                       .........
05-27 03:24:31.761 D/CCodecBuffers(  770):   }
05-27 03:24:31.761 D/CCodecBuffers(  770):   int32_t sar-width = 1
05-27 03:24:31.761 D/CCodecBuffers(  770):   Rect crop(0, 0, 1079, 607)
05-27 03:24:31.761 D/CCodecBuffers(  770):   int32_t width = 1080
05-27 03:24:31.761 D/CCodecBuffers(  770):   int32_t feature-secure-playback = 0
05-27 03:24:31.761 D/CCodecBuffers(  770):   int32_t frame-rate = 30
05-27 03:24:31.761 D/CCodecBuffers(  770):   Buffer hdr10-plus-info = {
05-27 03:24:31.761 D/CCodecBuffers(  770):   }
05-27 03:24:31.761 D/CCodecBuffers(  770):   int32_t height = 608
05-27 03:24:31.761 D/CCodecBuffers(  770):   int32_t max-height = 608
05-27 03:24:31.761 D/CCodecBuffers(  770):   int32_t max-width = 1080
05-27 03:24:31.761 D/CCodecBuffers(  770):   string mime = "video/raw"
05-27 03:24:31.761 D/CCodecBuffers(  770):   int32_t priority = 0
05-27 03:24:31.761 D/CCodecBuffers(  770):   int32_t color-format = 2130708361
05-27 03:24:31.761 D/CCodecBuffers(  770): }
05-27 03:24:31.761 I/gsl     ( 1830): gsl_send_spf_cmd:183 rcvd pkt token : 0x113fd
05-27 03:24:31.761 D/AGM: graph_module( 1830): configure_output_media_format: 921 exit, ret 0
05-27 03:24:31.761 D/AGM: graph_module( 1830): configure_output_media_format: 790 entry mod tag c0000010 miid 4004 mid 7001003
05-27 03:24:31.761 I/gsl     ( 1830): gsl_send_spf_cmd:169 Wait for Rsp opcode[0x1001006] src_port[0x2011] dst_port[0x4004] token 0x113fe
05-27 03:24:31.761 I/gsl     ( 1830): gsl_send_spf_cmd:183 rcvd pkt token : 0x113fe
05-27 03:24:31.761 D/AGM: graph_module( 1830): configure_output_media_format: 921 exit, ret 0
05-27 03:24:31.761 D/AGM: graph_module( 1830): configure_spr: 1804 SPR module IID 4163
05-27 03:24:31.761 D/AGM: graph_module( 1830): configure_spr: 1827 HW EP module IID 43b1
05-27 03:24:31.761 I/gsl     ( 1830): gsl_send_spf_cmd:169 Wait for Rsp opcode[0x1001006] src_port[0x2011] dst_port[0x4163] token 0x113ff
05-27 03:24:31.761 E/QC2V4l2Driver( 1859): [vp9D_1717] failed to set format on port:OUT
05-27 03:24:31.761 E/QC2V4l2Codec( 1859): [vp9D_1717] Failed to set resolution and buffer size for OUT port
05-27 03:24:31.761 E/QC2Comp ( 1859): [vp9D_1717] handleQueue: Codec failed to configure !!
05-27 03:24:31.762 I/gsl     ( 1830): gsl_send_spf_cmd:183 rcvd pkt token : 0x113ff
05-27 03:24:31.762 I/MediaCodec(  770): [0xb4000077b6cb42e0] dequeue first output frame, timeUs = 0
05-27 03:24:31.762 D/AGM: graph( 1830): configure_buffer_params: 202 Enter
05-27 03:24:31.762 D/AGM: graph( 1830): configure_buffer_params: 265 Playback sess buf_sz 7680 num_bufs 2
05-27 03:24:31.762 E/AGM: graph( 1830): configure_buffer_params: 298 Unsupported buffer mode : 0, Default to Blocking
05-27 03:24:31.762 D/AGM: graph( 1830): configure_buffer_params: 318 exit, ret 0
05-27 03:24:31.762 I/gsl     ( 1830): gsl_send_spf_cmd:169 Wait for Rsp opcode[0x1001001] src_port[0x2011] dst_port[0x1] token 0x11400
05-27 03:24:31.765 I/gsl     ( 1830): gsl_send_spf_cmd:183 rcvd pkt token : 0x11400
05-27 03:24:31.765 D/AGM: graph( 1830): graph_prepare: 913 exit, ret 0
05-27 03:24:31.765 D/AGM: session( 1830): session_start: 1102 configuring device early - for SLIMBUS EPs
05-27 03:24:31.765 D/AGM: graph( 1830): graph_start: 927 entry graph_handle 0x147534c
05-27 03:24:31.765 I/gsl     ( 1830): gsl_send_spf_cmd:169 Wait for Rsp opcode[0x1001002] src_port[0x2011] dst_port[0x1] token 0x11401
05-27 03:24:31.768 I/gsl     ( 1830): gsl_send_spf_cmd:183 rcvd pkt token : 0x11401
05-27 03:24:31.768 D/AGM: graph( 1830): graph_start: 939 exit, ret 0
05-27 03:24:31.785 I/MediaFocusControl( 3077): requestAudioFocus() from uid/pid 10521/770 AA=USAGE_MEDIA/CONTENT_TYPE_UNKNOWN clientId=android.media.AudioManager@b552174org.chromium.content.browser.AudioFocusDelegate@728c69d callingPack=com.deepeye.musicpro.debug req=1 flags=0x0 sdk=34
05-27 03:24:31.787 D/MediaFocusControl( 3077): mMultiAudioFocusEnabled: false, aa.mContentType: 0, aa.mUsage: 1, aa.mFlags: 0, callingPackageName: com.deepeye.musicpro.debug, isDesktopOrMobileUiConnected: false
05-27 03:24:31.787 I/AudioService.FadeOutManager( 3077): unfadeOutUid() uid:10521
05-27 03:24:31.803 D/BraveShields(  770): blocked url=https://ad.doubleclick.net/ddm/trackimp/N801211.2354704YOUTUBEIN/B35860607.447464994;dc_trk_aid=640629636;dc_trk_cid=256310499;dc_dbm_token=AOjeLNEAAAA6CjMKDAgAFQAAAAAdAAAAABIMCAAVAAAAAB0AAAAAIhMIpba-61ioAq-bjgGwAv6Ho-oDQDsQyq2JAQO8TcYOH-bD-2iGfmJ8xyE=;ord=3916635456;dc_lat=;dc_rdid=;tag_for_child_directed_treatment=;tfua=;ltd=;dc_tdv=1;dc_rui=1;dc_exteid=14624019154913766037;dc_av=536;dc_sk=0;dc_ctype=87;dc_ref=http://www.youtube.com/video/7c3-Gei5j4w;dc_eps=AHas8cATWduUXUwIGif4T6E97wr4AEQg-cOC9s9310VtdXigt6DcI-EzhAiBHGnGO4LYiqXX8GbtXUJV8kYYwQ;dc_pubid=2;dc_btype=23;dc_ext_key=EAIaIQobChMIrMmX0vjXlAMVI5fYBR0KGzaEEAEYASAAEgK02_D_BwE?ase=2&nis=6
05-27 03:24:31.805 D/BraveShields(  770): blocked url=https://www.youtube.com/pagead/adview?ai=CdaU6mBYWaqydFKOu4t4PirbYoQih9oWahwH_tpKF5hWxkB8QASAAYOWCgICkDoIBF2NhLXB1Yi02MjE5ODExNzQ3MDQ5MzcxoAGCirSHA6kCTucXfWZxRj6oAwSqBMYDT9A9fuVzCIDQGkbJVtlAzZIo2cb57NrUv_JweGy0IiHFrwEClSfK0pviDZjbJwil_TeYDKhYxHxyn-E4zNQiPGWfq-H0672AuuwrdNMyFajg0si0fu0Q1zXcroEOxN2PO0Gs2KPwc7NNF24bbB0XItK0IfeYfEGZKpAIrRhCPNwZhyOwJHp-j1ekiuNxncWA-FXNTJE_m0t-VQ9vLjhMmGTiVG0CmWwTYASW-2lmBH_3509A0Vz_iSZ4fZT6yqlHKXF3auipmoShz-WNemElLLxi9N-kVTx_rotQ4wwdN3fDdQGf5p1CrnK0faAk404QAfFBiLH7vkIyojwQAj4dMU8lzZFC42KnPORSqDy4xiT4Ny4T4L_YTDcOJMxmK94w3SpkHdw3JmsDvCayErQdklaSJCv5IjqMwwEYBnktp6krBGJi4FGp3SkA7-ax98zuXcqhJRKfBm6oZRD8BdlNMgxFVp60GWt-bac2G5Ma-Jl4NAJBRkyIJXMLrweOfM7o6QEMe3XQMPT9LmFJKubL2tVqYZvnsEwJES2gtiyu4hzJZrO174BmbYDHjfOFIDntT0ecpBClJ18Y9Qx3ZTzA1IEx2kLW_cAE2N2J390FiAWltr7rWJIFBggbEAQYAZIFBAgDEASSBQsIIhAEGAFIvJu0A6AGV9gGAoAH5vXLeJAHBKgH8sCxAqgHuMSxAqgH4baxAqgHpc-xAqgH552xAqgH6J2xAqgH77WxAqgH8LWxAqgH-dOxAqgHydqxAqgHqeCxAqgHhAioB6bUsQKoB6jSG6gHtgeoB7CbsQKoB66xsQKoB_2ysQKoB8jPsQKoB8nPsQKoB83HsQKoB_HRsQKoB_zVsQKoB_vVsQKoB4zWsQKoB4vWsQKoB5risQKoB5visQKoB53XsQKoB53UsQKoB4HGG6gH_K-xAqgHq8UbqAeT4bECqAfj2RuoB7epsQKoB5e6sQKoB-mrsQKoB8bOsQKSCAs4OUdpM3FWNVgyb9IILgiAQRABGF4yAoICOg-AQoDAgICAgICAAqqAgBBI2aDSNVAUWJC-l9L415QDYAHyCB9jYS15dC1ob3N0LXB1Yi01MzExNTI5NDAzMTE1NTg0yAkZyAmxAcgJwgGhCwvjiyXEiBtnugtXCAEQARgGIAIoATAQQAFIAWAAaABwAYgBAJgBAaIBEgoAGAAgAFgBYABwAagCBNgCAqgBAdgBA4ACAYgCB6gCALUCCkmdP90CAAAgQaADAboDAnNp0AMB0gwCEAGwE4-YsCK4E____________wHIE_6Ho-oDsBQBwBWBgIBAqBYBihcYCAMYASABKAEwATgBQAFIAVABWAFgAmgBoBcBqRcYQGI2xJJSwroXBCgAMADSFxAKBMql2QMSAv1aGIIBIgEA&sigh=YHrpkB2FSS0&cid=CAASwwHkaOTNe7iiMzBoMcRZ3WwW5n-jSUF7EP1b_DURWtUf2P9RnDw009zXNs2fvJ2xcdVC6RWhtYzHvA8g5s0NUwKtim24LcJ2fS7jEWACB86pg5T3pDthLIkNRba88VczfJkQsv3zl56r0I14aTu4-JYNXNCNncEghVXXh_jlAAFKtkWXFL_pH0AXZqD664l3OapzCBhO5V9vVOFX1zqlICIfJMpFDrb8Wknu2P407I3GQL9lh7d9ZcelQ4qVbmXH2IwGLao&ad_cpn=xUfhMTCpMz18Cohv&lact=941
05-27 03:24:31.806 D/BraveShields(  770): blocked url=https://www.youtube.com/api/stats/ads?ver=2&ns=1&event=2&device=1&content_v=7c3-Gei5j4w&el=detailpage&ei=mBYWatnUE4CV4t4PyLau4QI&devicever=2.20260526.01.00&format=15_2_0&break_type=1&conn=0&cpn=Y9x8GXglmxW5TSCi&lact=941&m_pos=0&mt=0&p_h=390&p_w=693&rwt=[RWT]&sdkv=h.3.0.0&slot_pos=0&vis=0&wt=1779832471798&ad_cpn=xUfhMTCpMz18Cohv&ad_id=%2C748945709951&ad_len=20000&ad_mt=0&ad_sys=YT%3AAdSense-Viral%2CAdSense-Viral&ad_v=89Gi3qV5X2o&aqi=mBYWaqydFKOu4t4PirbYoQg&ad_rmp=1&sli=1&slfs=1&loginael=1
05-27 03:24:31.811 I/gsl     ( 1830): gsl_send_spf_cmd:169 Wait for Rsp opcode[0x100100e] src_port[0x2011] dst_port[0x4019] token 0x11402
05-27 03:24:31.811 I/gsl     ( 1830): gsl_send_spf_cmd:183 rcvd pkt token : 0x11402
05-27 03:24:31.811 I/PAL: PayloadBuilder( 1756): populateCalKeyVector: 3172: vol_level: -1 
05-27 03:24:31.812 I/gsl     ( 1830): gsl_send_spf_cmd:169 Wait for Rsp opcode[0x1001006] src_port[0x2011] dst_port[0x1] token 0x11403
05-27 03:24:31.812 D/BraveShields(  770): blocked url=https://www.youtube.com/pagead/interaction/?ai=CDkY2mBYWaqydFKOu4t4PirbYoQih9oWahwH_tpKF5hWxkB8QASAAYOWCgICkDoIBF2NhLXB1Yi02MjE5ODExNzQ3MDQ5MzcxoAGCirSHA6kCTucXfWZxRj6oAwSqBL8DT9A9fuVzCHJ-TOUj9ryepQ5I4_y6qICF9chKOyjuc2v_lUBdqiHZyq2yR6LhZknnyDOGJ_IOjkZI2KxihNQoAA_J9pXl7Lm6_uMScu08HvD1xtuKeqgCxTHmpoJW0cmcBUWdwrmpZbdSPmIHGBwXIdG0INzBYESzLZBNrRhCPN0D0lf4Zhwr0QTIjP4x363aqgCQHpwUqURzfBcgakxbg2S_DQIakHk_JRK9l3doKDX-uGla4W3xpmRiIrLg-phBFTN9d5y-gYSm09PVdmcMJ6oW_t6JTTZZ85NQyEkLHGXHdxzX-rYX4H2peqANuwYMA_BWoeq26QRl5lMXHjoDM0g7yJNftCbzfovQgkq71D-J_EBp473NB2ACPtXJSKV2yjF5_fIGOWgA4mXySLcfhx3FKDHgeC6AiQcYRHzbzMzWaYfeZ-uqSevIcSkLWjnfksPZJHKyWvxc1hMz0XXnxA9FVpxH6WM8ZK80-ZU5coowNfJEpEt4HZLsPQXWuXsA7pUE09oU5mj8dFT6K-_kSNhyWnPToD6pC8K6-Gx49cwvthZe27BejwkustqdyN5eSYobTy-LP7DkSDjz3KPaoAZX2AYCgAfm9ct4kAcEqAfywLECqAe4xLECqAfhtrECqAelz7ECqAfnnbECqAfonbECqAfvtbECqAfwtbECqAf507ECqAfJ2rECqAep4LECqAeECKgHptSxAqgHqNIbqAe2B6gHsJuxAqgHrrGxAqgH_bKxAqgHyM-xAqgHyc-xAqgHzcexAqgH8dGxAqgH_NWxAqgH-9WxAqgHjNaxAqgHi9axAqgHmuKxAqgHm-KxAqgHndexAqgHndSxAqgHgcYbqAf8r7ECqAfj2RuSCAs4OUdpM3FWNVgyb9IILgiAQRABGF4yAoICOg-AQoDAgICAgICAAqqAgBBI2aDSNVAUWJC-l9L415QDYAHyCB9jYS15dC1ob3N0LXB1Yi01MzExNTI5NDAzMTE1NTg0yAkZyAmxAcgJwgGhCwvjiyXEiBtnugtCCAEQARgGIAIoATAQQAFIAWAAaABwAYgBAJgBAaIBEgoAGAAgAFgBYABwAagCBNgCAqgBAdgBA4ACAYgCB7oDAnNp0gwCEAGwE4-YsCK4E____________wGwFAHAFYGAgECoFgGKFxgIAxgBIAEoATABOAFAAUgBUAFYAWACaAGgFwGpFxhAYjbEklLCuhcEKAAwAA&sigh=YdYd5z73mS0&cid=CAASwwHkaOTNe7iiMzBoMcRZ3WwW5n-jSUF7EP1b_DURWtUf2P9RnDw009zXNs2fvJ2xcdVC6RWhtYzHvA8g5s0NUwKtim24LcJ2fS7jEWACB86pg5T3pDthLIkNRba88VczfJkQsv3zl56r0I14aTu4-JYNXNCNncEghVXXh_jlAAFKtkWXFL_pH0AXZqD664l3OapzCBhO5V9vVOFX1zqlICIfJMpFDrb8Wknu2P407I3GQL9lh7d9ZcelQ4qVbmXH2IwGLao&label=part2viewed&ad_mt=0&acvw=sv%3D969%26v%3D20260519%26cb%3Dyw%26e%3D0%26nas%3D1%26sdk%3Db%26p%3D80,24,470,717%26tos%3D0,0,0,0,0%26mtos%3D0,0,0,0,0%26amtos%3D0,0,0,0,0%26mcvt%3D0%26ps%3D980,795%26scs%3D509,1130%26bs%3D980,551%26vht%3D0%26mut%3D0%26a%3D1%26ft%3D0%26dft%3D0%26at%3D0%26dat%3D0%26as%3D1%26vpt%3D0%26gmm%3D4%26efpf%3D2%26nmt%3D0%26tcm%3D1%26bt%3D0%26pst%3D-1%26dur%3D20000%26vmtime%3D0%26dvs%3D0%26dfvs%3D0%26dvpt%3D0%26is%3D343%26i0%3D343%26ic%3D278%26cs%3D278%26c%3D1%26mc%3D1%26nc%3D1%26mv%3D1%26nv%3D1%26lte%3D1%26ces%26avms%3Dgeo%26qi%3DmoCqJ3o9x08Pny9b%26psm%3D1%26psv%3D1%26psfv%3D1%26psa%3D1%26ptlt%3D964%26pngs%3D9,14,15%26veid%3Dfmd%3A1%26ssb%3D0,0,0,0,0,0,0,0,0,0,0%26co%3D7576527101%26tm%3D0%26tu%3D0&gv=atos%3D0,0,0,0,0%26avt%3D0%26davs%3D0%26dafvs%3D0%26ss%3D0.46%26t%3D1779832471790
05-27 03:24:31.812 I/gsl     ( 1830): gsl_send_spf_cmd:183 rcvd pkt token : 0x11403
05-27 03:24:31.812 I/gsl     ( 1830): gsl_graph_send_persist_cal:864 Skipping persist cal for SG_ID -1342177278: already started
05-27 03:24:31.812 I/gsl     ( 1830): gsl_graph_send_persist_cal:864 Skipping persist cal for SG_ID -1342177272: already started
