--------- beginning of system
05-27 03:15:42.721 D/IntervalStats( 3077): Unable to parse usage stats packages: [395, 396, 398, 399, 400, 402, 403, 404, 405, 406, 407, 408, 409, 410, 411, 413, 414, 415, 416, 418, 419, 422, 425, 426, 427, 431, 434, 435, 436, 437, 438, 439, 440, 441, 442, 443, 445, 446, 447, 448, 449, 450, 451, 452, 453, 454, 455, 456, 457, 458, 460, 461, 462, 463, 465, 466, 467, 468, 469, 470, 471, 472, 473, 474, 476, 477, 478, 480, 481, 482, 484, 485, 486, 488, 489, 490, 491, 493, 494, 495, 512]
05-27 03:15:42.721 D/IntervalStats( 3077): Unable to parse usage stats packages: [395, 396, 398, 399, 400, 402, 403, 404, 405, 406, 407, 408, 409, 410, 411, 413, 414, 415, 416, 418, 419, 422, 425, 426, 427, 431, 434, 435, 436, 437, 438, 439, 440, 441, 442, 443, 445, 446, 447, 448, 449, 450, 451, 452, 453, 454, 455, 456, 457, 458, 460, 461, 462, 463, 465, 466, 467, 468, 469, 470, 471, 472, 473, 474, 476, 477, 478, 480, 481, 482, 484, 485, 486, 488, 489, 490, 491, 493, 494, 495, 496, 497, 498, 500, 501, 502, 503]
05-27 03:15:42.726 W/ActivityManager( 3077): Unable to start service Intent { act=com.motorola.intent.action.EXPERIENCE cmp=com.motorola.help/com.motorola.feedback.logrequest.service.LogCollectionService } U=0: not found
05-27 03:15:42.786 D/CompatibilityChangeReporter( 3077): Compat change id reported: 161252188; UID 10521; state: DISABLED
05-27 03:15:42.861 W/WindowMagnificationMgr( 3077): requestConnection duplicated request: connect=false, mConnectionState=DISCONNECTED
05-27 03:15:42.869 W/WindowMagnificationMgr( 3077): requestConnection duplicated request: connect=false, mConnectionState=DISCONNECTED
05-27 03:15:42.978 W/UriGrantsManagerService( 3077): No permission grants found for com.google.android.apps.photos
05-27 03:15:42.978 W/UriGrantsManagerService( 3077): No permission grants found for com.google.android.apps.photos
05-27 03:15:43.135 D/ActivityTaskManager( 3077): setActivityController: android.app.IActivityController$Stub$Proxy@e491587,imAMonkey=true
05-27 03:15:43.135 W/ActivityManager( 3077): registerReceiverWithFeature: no app for null
05-27 03:15:43.142 W/ActivityTaskManager( 3077): callingPackage for (uid=2000, pid=29490) has no WPC
05-27 03:15:43.142 I/SettingsAccessControlPolicy( 3077): isDeviceSettingsChangeDisabled: value -> false
05-27 03:15:43.143 D/CompatibilityChangeReporter( 3077): Compat change id reported: 265464455; UID 10521; state: DISABLED
05-27 03:15:43.143 D/CompatibilityChangeReporter( 3077): Compat change id reported: 265452344; UID 10521; state: DISABLED
05-27 03:15:43.143 D/CompatibilityChangeReporter( 3077): Compat change id reported: 266124927; UID 10521; state: DISABLED
05-27 03:15:43.143 D/CompatibilityChangeReporter( 3077): Compat change id reported: 265451093; UID 10521; state: DISABLED
05-27 03:15:43.143 D/CompatibilityChangeReporter( 3077): Compat change id reported: 265456536; UID 10521; state: DISABLED
05-27 03:15:43.143 D/CompatibilityChangeReporter( 3077): Compat change id reported: 255940284; UID 10521; state: DISABLED
05-27 03:15:43.143 D/CompatibilityChangeReporter( 3077): Compat change id reported: 236283604; UID 10521; state: DISABLED
05-27 03:15:43.143 D/CompatibilityChangeReporter( 3077): Compat change id reported: 263959004; UID 10521; state: DISABLED
05-27 03:15:43.143 D/CompatibilityChangeReporter( 3077): Compat change id reported: 264304459; UID 10521; state: DISABLED
05-27 03:15:43.143 D/CompatibilityChangeReporter( 3077): Compat change id reported: 264301586; UID 10521; state: DISABLED
05-27 03:15:43.143 D/CompatibilityChangeReporter( 3077): Compat change id reported: 254631730; UID 10521; state: DISABLED
05-27 03:15:43.143 D/CompatibilityChangeReporter( 3077): Compat change id reported: 273509367; UID 10521; state: DISABLED
05-27 03:15:43.143 D/CompatibilityChangeReporter( 3077): Compat change id reported: 263259275; UID 10521; state: DISABLED
05-27 03:15:43.143 D/CompatibilityChangeReporter( 3077): Compat change id reported: 174042980; UID 10521; state: DISABLED
05-27 03:15:43.143 D/CompatibilityChangeReporter( 3077): Compat change id reported: 174042936; UID 10521; state: DISABLED
05-27 03:15:43.143 D/CompatibilityChangeReporter( 3077): Compat change id reported: 181136395; UID 10521; state: DISABLED
05-27 03:15:43.144 D/CompatibilityChangeReporter( 3077): Compat change id reported: 194480991; UID 10521; state: ENABLED
05-27 03:15:43.144 D/ActivityTaskManager( 3077): getPreferredLaunchDisplay userset_displayid false user set display id -1, current focus display 0
05-27 03:15:43.144 D/ActivityTaskManager( 3077): getPreferredLaunchDisplay userset_displayid false user set display id -1, current focus display 0
05-27 03:15:43.146 D/ActivityTaskManager( 3077): getPreferredLaunchDisplay userset_displayid false user set display id -1, current focus display 0
05-27 03:15:43.146 D/ActivityTaskManager( 3077): getPreferredLaunchDisplay userset_displayid false user set display id -1, current focus display 0
05-27 03:15:43.149 D/ActivityTaskManager( 3077): getPreferredLaunchDisplay userset_displayid false user set display id 0, current focus display 0
05-27 03:15:43.149 D/ActivityTaskManager( 3077): getPreferredLaunchDisplay userset_displayid false user set display id 0, current focus display 0
05-27 03:15:43.149 W/TopAppMonitor( 3077): resend missed activity state ActivityState{com.deepeye.musicpro.debug, userId=0, uid=10521, displayId=0, category=0, isLauncher=false, isTop=false, lastTopTime=1654272508}
05-27 03:15:43.152 D/CompatibilityChangeReporter( 3077): Compat change id reported: 184838306; UID 10521; state: DISABLED
05-27 03:15:43.152 D/CompatibilityChangeReporter( 3077): Compat change id reported: 185004937; UID 10521; state: DISABLED
05-27 03:15:43.152 D/CompatibilityChangeReporter( 3077): Compat change id reported: 197654537; UID 10521; state: ENABLED
05-27 03:15:43.153 D/PowerManagerService( 3077): nativeSetPowerMode ret:false mode:5 enabled:true duration ms: 0
05-27 03:15:43.153 D/CompatibilityChangeReporter( 3077): Compat change id reported: 205907456; UID 10521; state: ENABLED
05-27 03:15:43.156 D/CompatibilityChangeReporter( 3077): Compat change id reported: 194833441; UID 10521; state: ENABLED
05-27 03:15:43.156 V/WindowManagerShell( 7709): Transition requested: android.os.BinderProxy@615563f TransitionRequestInfo { type = 1, triggerTask = TaskInfo{userId=0 taskId=5379 displayId=0 isRunning=true baseIntent=Intent { act=android.intent.action.MAIN cat=[android.intent.category.LAUNCHER] flg=0x10200000 cmp=com.deepeye.musicpro.debug/com.deepeye.musicpro.MainActivity } baseActivity=ComponentInfo{com.deepeye.musicpro.debug/com.deepeye.musicpro.MainActivity} topActivity=ComponentInfo{com.deepeye.musicpro.debug/com.deepeye.musicpro.MainActivity} origActivity=null realActivity=ComponentInfo{com.deepeye.musicpro.debug/com.deepeye.musicpro.MainActivity} numActivities=1 lastActiveTime=1654732302 supportsMultiWindow=true supportsGlobalFreeform=true resizeMode=1 isResizeable=true isAppLocked=false canKillAndRestart=false isShowDecorCaptionWindowRequest=false minWidth=-1 minHeight=-1 defaultMinSize=200 token=WCT{android.window.IWindowContainerToken$Stub$Proxy@b171b0c} topActivityType=1 pictureInPictureParams=null shouldDockBigOverlays=false launchIntoPipHostTaskId=-1 lastParentTaskIdBeforePip=-1 displayCutoutSafeInsets=Rect(0, 90 - 0, 0) topActivityInfo=ActivityInfo{a5c5c55 com.deepeye.musicpro.MainActivity} launchCookies=[] positionInParent=Point(0, 0) parentTaskId=-1 isFocused=false isVisible=false isVisibleRequested=false isSleeping=false topActivityInSizeCompat=false topActivityEligibleForLetterboxEducation= false topActivityLetterboxed= false isFromDoubleTap= false topActivityLetterboxVerticalPosition= -1 topActivityLetterboxHorizontalPosition= -1 topActivityLetterboxWidth=-1 topActivityLetterboxHeight=-1 locusId=null displayAreaFeatureId=1 cameraCompatControlState=hidden}, remoteTransition = null, displayChange = null, flags = 0 }
05-27 03:15:43.156 I/ActivityTaskManager( 3077): START u0 {act=android.intent.action.MAIN cat=[android.intent.category.LAUNCHER] flg=0x10200000 cmp=com.deepeye.musicpro.debug/com.deepeye.musicpro.MainActivity} with LAUNCH_SINGLE_TASK from uid 2000 (startActivityAsUser) (BAL_ALLOW_PERMISSION) result code=0
05-27 03:15:43.157 D/CompatibilityChangeReporter( 3077): Compat change id reported: 135634846; UID 10521; state: DISABLED
05-27 03:15:43.157 D/CompatibilityChangeReporter( 3077): Compat change id reported: 177438394; UID 10521; state: DISABLED
05-27 03:15:43.157 D/CompatibilityChangeReporter( 3077): Compat change id reported: 135772972; UID 10521; state: DISABLED
05-27 03:15:43.157 D/CompatibilityChangeReporter( 3077): Compat change id reported: 135754954; UID 10521; state: ENABLED
05-27 03:15:43.157 D/ViewRootImpl( 7709): update {(0,0)(fillxfill) ty=APPLICATION_STARTING fmt=TRANSLUCENT wanim=0x10302fe
05-27 03:15:43.157 D/ViewRootImpl( 7709):   fl=NOT_FOCUSABLE NOT_TOUCHABLE LAYOUT_IN_SCREEN LAYOUT_INSET_DECOR ALT_FOCUSABLE_IM HARDWARE_ACCELERATED DRAWS_SYSTEM_BAR_BACKGROUNDS
05-27 03:15:43.157 D/ViewRootImpl( 7709):   pfl=SHOW_FOR_ALL_USERS FIT_INSETS_CONTROLLED
05-27 03:15:43.157 D/ViewRootImpl( 7709):   bhv=DEFAULT
05-27 03:15:43.157 D/ViewRootImpl( 7709):   fitSides=} by setView
05-27 03:15:43.158 D/CompatibilityChangeReporter( 3077): Compat change id reported: 143937733; UID 10521; state: ENABLED
05-27 03:15:43.171 D/CoreBackPreview( 3077): Window{4696338 u0 Splash Screen com.deepeye.musicpro.debug}: Setting back callback OnBackInvokedCallbackInfo{mCallback=android.window.IOnBackInvokedCallback$Stub$Proxy@ce6fb4d, mPriority=0, mIsAnimationCallback=false}
05-27 03:15:43.173 I/ActivityManager( 3077): Start proc 29508:com.deepeye.musicpro.debug/u0a521 for next-top-activity {com.deepeye.musicpro.debug/com.deepeye.musicpro.MainActivity}
05-27 03:15:43.173 D/ActivityTaskManager( 3077): setActivityController: null,imAMonkey=true
05-27 03:15:43.174 D/CompatibilityChangeReporter( 3077): Compat change id reported: 265195908; UID 10521; state: ENABLED
05-27 03:15:43.183 V/WindowManager( 3077): Sent Transition #7408 createdAt=05-27 03:15:43.144 via request=TransitionRequestInfo { type = 1, triggerTask = TaskInfo{userId=0 taskId=5379 displayId=0 isRunning=true baseIntent=Intent { act=android.intent.action.MAIN cat=[android.intent.category.LAUNCHER] flg=0x10200000 cmp=com.deepeye.musicpro.debug/com.deepeye.musicpro.MainActivity } baseActivity=ComponentInfo{com.deepeye.musicpro.debug/com.deepeye.musicpro.MainActivity} topActivity=ComponentInfo{com.deepeye.musicpro.debug/com.deepeye.musicpro.MainActivity} origActivity=null realActivity=ComponentInfo{com.deepeye.musicpro.debug/com.deepeye.musicpro.MainActivity} numActivities=1 lastActiveTime=1654732302 supportsMultiWindow=true supportsGlobalFreeform=true resizeMode=1 isResizeable=true isAppLocked=false canKillAndRestart=true isShowDecorCaptionWindowRequest=false minWidth=-1 minHeight=-1 defaultMinSize=200 token=WCT{RemoteToken{829398b Task{e178323 #5379 type=standard A=10521:com.deepeye.musicpro.debug}}} topActivityType=1 pictureInPictureParams=null shouldDockBigOverlays=false launchIntoPipHostTaskId=-1 lastParentTaskIdBeforePip=-1 displayCutoutSafeInsets=Rect(0, 90 - 0, 0) topActivityInfo=ActivityInfo{5980a68 com.deepeye.musicpro.MainActivity} launchCookies=[] positionInParent=Point(0, 0) parentTaskId=-1 isFocused=false isVisible=false isVisibleRequested=false isSleeping=false topActivityInSizeCompat=false topActivityEligibleForLetterboxEducation= false topActivityLetterboxed= false isFromDoubleTap= false topActivityLetterboxVerticalPosition= -1 topActivityLetterboxHorizontalPosition= -1 topActivityLetterboxWidth=-1 topActivityLetterboxHeight=-1 locusId=null displayAreaFeatureId=1 cameraCompatControlState=hidden}, remoteTransition = null, displayChange = null, flags = 0 }
05-27 03:15:43.183 V/WindowManager( 3077):     startWCT=WindowContainerTransaction { changes = {} hops = [] errorCallbackToken=null taskFragmentOrganizer=null }
05-27 03:15:43.183 V/WindowManager( 3077):     info={id=7408 t=OPEN f=0x0 trk=0 r=[0@Point(0, 0)] c=[{WCT{RemoteToken{829398b Task{e178323 #5379 type=standard A=10521:com.deepeye.musicpro.debug}}} m=OPEN f=NONE pTaskId=-1 leash=Surface(name=Task=5379)/@0xb5cb56f sb=Rect(0, 0 - 1080, 2400) eb=Rect(0, 0 - 1080, 2400) d=0},{WCT{RemoteToken{16c0147 Task{ee1938e #4757 type=home}}} m=TO_BACK f=SHOW_WALLPAPER pTaskId=-1 leash=Surface(name=Task=4757)/@0xc752f88 sb=Rect(0, 0 - 1080, 2400) eb=Rect(0, 0 - 1080, 2400) d=0}]}
05-27 03:15:43.184 V/WindowManagerShell( 7709): onTransitionReady android.os.BinderProxy@615563f: {id=7408 t=OPEN f=0x0 trk=0 r=[0@Point(0, 0)] c=[{WCT{android.window.IWindowContainerToken$Stub$Proxy@905077d} m=OPEN f=NONE pTaskId=-1 leash=Surface(name=Task=5379)/@0x49e21e6 sb=Rect(0, 0 - 1080, 2400) eb=Rect(0, 0 - 1080, 2400) d=0},{WCT{android.window.IWindowContainerToken$Stub$Proxy@71a7672} m=TO_BACK f=SHOW_WALLPAPER pTaskId=-1 leash=Surface(name=Task=4757)/@0x38cb327 sb=Rect(0, 0 - 1080, 2400) eb=Rect(0, 0 - 1080, 2400) d=0}]}
05-27 03:15:43.184 V/WindowManagerShell( 7709): Playing animation for (#7408)android.os.BinderProxy@615563f@0
05-27 03:15:43.184 V/WindowManagerShell( 7709):  try handler com.android.wm.shell.transition.DefaultMixedHandler@a24dff4
05-27 03:15:43.184 V/WindowManagerShell( 7709):  try handler com.android.wm.shell.keyguard.KeyguardTransitionHandler@8a7e31d
05-27 03:15:43.184 V/WindowManagerShell( 7709):  try handler com.android.wm.shell.activityembedding.ActivityEmbeddingController@c1cb992
05-27 03:15:43.184 V/WindowManagerShell( 7709):  try handler com.android.wm.shell.recents.RecentsTransitionHandler@1b1af63
05-27 03:15:43.184 V/ShellRecents( 7709): RecentsTransitionHandler.startAnimation: no controller found
05-27 03:15:43.184 V/WindowManagerShell( 7709):  try handler com.android.wm.shell.pip.PipTransition@5aa0760
05-27 03:15:43.184 V/WindowManagerShell( 7709):  try handler com.android.wm.shell.splitscreen.StageCoordinator@be49419
05-27 03:15:43.184 V/WindowManagerShell( 7709):  try handler com.android.wm.shell.transition.RemoteTransitionHandler@9c8dcde
05-27 03:15:43.184 V/WindowManagerShell( 7709): Transition doesn't have explicit remote, search filters for match for {id=7408 t=OPEN f=0x0 trk=0 r=[0@Point(0, 0)] c=[{WCT{android.window.IWindowContainerToken$Stub$Proxy@905077d} m=OPEN f=NONE pTaskId=-1 leash=Surface(name=Task=5379)/@0x49e21e6 sb=Rect(0, 0 - 1080, 2400) eb=Rect(0, 0 - 1080, 2400) d=0},{WCT{android.window.IWindowContainerToken$Stub$Proxy@71a7672} m=TO_BACK f=SHOW_WALLPAPER pTaskId=-1 leash=Surface(name=Task=4757)/@0x38cb327 sb=Rect(0, 0 - 1080, 2400) eb=Rect(0, 0 - 1080, 2400) d=0}]}
05-27 03:15:43.184 V/WindowManagerShell( 7709):  Checking filter Pair{{types=[] flags=0x0] notFlags=0x100 checks=[{atype=home independent=true modes=[OPEN,TO_FRONT] flags=NONE mustBeTask=false order=TOP topActivity=ComponentInfo{com.motorola.launcher3/com.android.launcher3.uioverrides.QuickstepLauncher}},{atype=standard independent=true modes=[CLOSE,TO_BACK] flags=NONE mustBeTask=false order=ANY topActivity=null}]} RemoteTransition { remoteTransition = android.window.IRemoteTransition$Stub$Proxy@cb754ae, appThread = android.app.IApplicationThread$Stub$Proxy@270424f, debugName = QuickstepLaunchHome }}
05-27 03:15:43.184 V/WindowManagerShell( 7709):  Delegate animation for #7408 to null
05-27 03:15:43.184 V/WindowManagerShell( 7709):  try handler com.android.wm.shell.transition.DefaultTransitionHandler@f85debf
05-27 03:15:43.184 V/WindowManagerShell( 7709): start default transition animation, info = {id=7408 t=OPEN f=0x0 trk=0 r=[0@Point(0, 0)] c=[{WCT{android.window.IWindowContainerToken$Stub$Proxy@905077d} m=OPEN f=NONE pTaskId=-1 leash=Surface(name=Task=5379)/@0x49e21e6 sb=Rect(0, 0 - 1080, 2400) eb=Rect(0, 0 - 1080, 2400) d=0},{WCT{android.window.IWindowContainerToken$Stub$Proxy@71a7672} m=TO_BACK f=SHOW_WALLPAPER pTaskId=-1 leash=Surface(name=Task=4757)/@0x38cb327 sb=Rect(0, 0 - 1080, 2400) eb=Rect(0, 0 - 1080, 2400) d=0}]}
05-27 03:15:43.185 V/WindowManagerShell( 7709): loadAnimation: anim=android.view.animation.AnimationSet@11b3f40 animAttr=0x13 type=OPEN isEntrance=false
05-27 03:15:43.185 V/WindowManagerShell( 7709): loadAnimation: anim=android.view.animation.AnimationSet@9150f6c animAttr=0x12 type=OPEN isEntrance=true
05-27 03:15:43.185 V/WindowManagerShell( 7709):  animated by com.android.wm.shell.transition.DefaultTransitionHandler@f85debf
05-27 03:15:43.225 D/CompatibilityChangeReporter( 3077): Compat change id reported: 170503758; UID 10521; state: ENABLED
05-27 03:15:43.293 I/keystore2( 1354): system/security/keystore2/src/watchdog.rs:319 - Watchdog thread idle -> terminating. Have a great day.
05-27 03:15:43.311 W/UriGrantsManagerService( 3077): No permission grants found for com.google.android.apps.photos
05-27 03:15:43.311 W/UriGrantsManagerService( 3077): No permission grants found for com.google.android.apps.photos
05-27 03:15:43.473 V/WindowManagerShell( 7709): Transition animation finished (aborted=false), notifying core (#7408)android.os.BinderProxy@615563f@0
05-27 03:15:43.474 V/WindowManager( 3077): Finish Transition #7408: created at 05-27 03:15:43.144 collect-started=0.011ms request-sent=9.286ms started=12.503ms ready=36.608ms sent=38.174ms finished=329.144ms
05-27 03:15:43.476 V/WindowManagerShell( 7709): Track 0 became idle
05-27 03:15:43.476 V/WindowManagerShell( 7709): All active transition animations finished
05-27 03:15:43.588 W/UriGrantsManagerService( 3077): No permission grants found for com.google.android.apps.photos
05-27 03:15:43.588 W/UriGrantsManagerService( 3077): No permission grants found for com.google.android.apps.photos
05-27 03:15:43.657 I/ActivityManager( 3077): Flag disabled. Ignoring finishAttachApplication from uid: 10521. pid: 29508
05-27 03:15:43.670 D/CompatibilityChangeReporter( 3077): Compat change id reported: 271850009; UID 10521; state: ENABLED
05-27 03:15:43.670 D/CompatibilityChangeReporter( 3077): Compat change id reported: 253665015; UID 10521; state: ENABLED
05-27 03:15:43.670 D/CompatibilityChangeReporter( 3077): Compat change id reported: 194532703; UID 10521; state: ENABLED
05-27 03:15:43.704 D/CompatibilityChangeReporter( 3077): Compat change id reported: 161145287; UID 10521; state: ENABLED
05-27 03:15:43.773 D/ViewRootImpl(29508): update {(0,0)(fillxfill) sim={forwardNavigation} layoutInDisplayCutoutMode=always ty=BASE_APPLICATION wanim=0x10302fe
05-27 03:15:43.773 D/ViewRootImpl(29508):   fl=LAYOUT_IN_SCREEN LAYOUT_INSET_DECOR SPLIT_TOUCH HARDWARE_ACCELERATED DRAWS_SYSTEM_BAR_BACKGROUNDS
05-27 03:15:43.773 D/ViewRootImpl(29508):   pfl=NO_MOVE_ANIMATION FORCE_DRAW_STATUS_BAR_BACKGROUND FIT_INSETS_CONTROLLED
05-27 03:15:43.773 D/ViewRootImpl(29508):   bhv=DEFAULT
05-27 03:15:43.773 D/ViewRootImpl(29508):   fitSides=} by setView
05-27 03:15:43.780 D/CompatibilityChangeReporter( 3077): Compat change id reported: 183164979; UID 10521; state: ENABLED
05-27 03:15:43.839 W/UriGrantsManagerService( 3077): No permission grants found for com.google.android.apps.photos
05-27 03:15:43.839 W/UriGrantsManagerService( 3077): No permission grants found for com.google.android.apps.photos
05-27 03:15:43.855 W/UriGrantsManagerService( 3077): No permission grants found for com.google.android.apps.photos
05-27 03:15:43.855 W/UriGrantsManagerService( 3077): No permission grants found for com.google.android.apps.photos
05-27 03:15:43.873 W/UriGrantsManagerService( 3077): No permission grants found for com.google.android.apps.photos
05-27 03:15:43.873 W/UriGrantsManagerService( 3077): No permission grants found for com.google.android.apps.photos
05-27 03:15:43.893 W/UriGrantsManagerService( 3077): No permission grants found for com.google.android.apps.photos
05-27 03:15:43.893 W/UriGrantsManagerService( 3077): No permission grants found for com.google.android.apps.photos
05-27 03:15:43.912 W/UriGrantsManagerService( 3077): No permission grants found for com.google.android.apps.photos
05-27 03:15:43.912 W/UriGrantsManagerService( 3077): No permission grants found for com.google.android.apps.photos
05-27 03:15:43.924 D/CompatibilityChangeReporter( 3077): Compat change id reported: 143937733; UID 10521; state: ENABLED
05-27 03:15:43.933 I/ActivityManager( 3077): Start proc 29555:com.google.android.webview:sandboxed_process0:org.chromium.content.app.SandboxedProcessService0:0/u0i486 for  {com.deepeye.musicpro.debug/org.chromium.content.app.SandboxedProcessService0:0}
05-27 03:15:43.950 D/CompatibilityChangeReporter( 3077): Compat change id reported: 261072174; UID 10521; state: ENABLED
05-27 03:15:43.964 I/ActivityManager( 3077): Flag disabled. Ignoring finishAttachApplication from uid: 99486. pid: 29555
05-27 03:15:43.966 D/CompatibilityChangeReporter( 3077): Compat change id reported: 319212206; UID 10521; state: DISABLED
05-27 03:15:43.980 I/AppsFilter( 3077): interaction: PackageSetting{8b42bd5 com.deepeye.musicpro.debug/10521} -> PackageSetting{14125e1 org.kde.kdeconnect_tp/10386} BLOCKED
05-27 03:15:44.012 D/CoreBackPreview( 3077): Window{858dc96 u0 com.deepeye.musicpro.debug/com.deepeye.musicpro.MainActivity}: Setting back callback OnBackInvokedCallbackInfo{mCallback=android.window.IOnBackInvokedCallback$Stub$Proxy@60a608e, mPriority=0, mIsAnimationCallback=false}
05-27 03:15:44.102 I/LaunchCheckinHandler( 3077): MotoDisplayed com.deepeye.musicpro.debug/com.deepeye.musicpro.MainActivity,cp,ca,938
05-27 03:15:44.102 W/ActivityTaskManager( 3077): activity boost didn't release as expected
05-27 03:15:44.117 D/CompatibilityChangeReporter( 3077): Compat change id reported: 214016041; UID 10521; state: ENABLED
05-27 03:15:44.124 W/PackageConfigPersister( 3077): App-specific configuration not found for packageName: com.deepeye.musicpro.debug and userId: 0
05-27 03:15:44.349 D/PowerManagerService( 3077): nativeSetPowerMode ret:false mode:5 enabled:false duration ms: 0
05-27 03:15:44.459 D/CoreBackPreview( 3077): Window{4696338 u0 Splash Screen com.deepeye.musicpro.debug EXITING}: Setting back callback null
05-27 03:15:45.229 W/ContextImpl( 3077): Calling a method in the system process without a qualified user: android.app.ContextImpl.sendBroadcastMultiplePermissions:1281 android.content.Context.sendBroadcastMultiplePermissions:2476 com.android.server.TelephonyRegistry.broadcastServiceStateChanged:3597 com.android.server.TelephonyRegistry.notifyServiceStateForPhoneId:1734 com.android.internal.telephony.ITelephonyRegistry$Stub.onTransact:550 
05-27 03:15:45.229 W/ContextImpl( 3077): Calling a method in the system process without a qualified user: android.app.ContextImpl.sendBroadcastMultiplePermissions:1314 com.android.server.TelephonyRegistry.broadcastServiceStateChanged:3602 com.android.server.TelephonyRegistry.notifyServiceStateForPhoneId:1734 com.android.internal.telephony.ITelephonyRegistry$Stub.onTransact:550 android.os.Binder.execTransactInternal:1380 
05-27 03:15:45.229 W/ContextImpl( 3077): Calling a method in the system process without a qualified user: android.app.ContextImpl.sendBroadcastMultiplePermissions:1314 com.android.server.TelephonyRegistry.broadcastServiceStateChanged:3611 com.android.server.TelephonyRegistry.notifyServiceStateForPhoneId:1734 com.android.internal.telephony.ITelephonyRegistry$Stub.onTransact:550 android.os.Binder.execTransactInternal:1380 
05-27 03:15:45.229 W/ContextImpl( 3077): Calling a method in the system process without a qualified user: android.app.ContextImpl.sendBroadcastMultiplePermissions:1314 com.android.server.TelephonyRegistry.broadcastServiceStateChanged:3617 com.android.server.TelephonyRegistry.notifyServiceStateForPhoneId:1734 com.android.internal.telephony.ITelephonyRegistry$Stub.onTransact:550 android.os.Binder.execTransactInternal:1380 
05-27 03:15:45.230 D/ActivityManager( 3077): unfreezing ProcessRecord{38adf72 24719:com.google.android.cellbroadcastreceiver/u0a367}, reason = unfreezeTemporarily, adj = 935, adjType = cch-empty, adjSource = null
05-27 03:15:45.231 D/ActivityManager( 3077): sync unfroze 24719 com.google.android.cellbroadcastreceiver for 3
05-27 03:15:45.255 W/ContextImpl( 3077): Calling a method in the system process without a qualified user: android.app.ContextImpl.sendBroadcastMultiplePermissions:1281 android.content.Context.sendBroadcastMultiplePermissions:2476 com.android.server.TelephonyRegistry.broadcastServiceStateChanged:3597 com.android.server.TelephonyRegistry.notifyServiceStateForPhoneId:1734 com.android.internal.telephony.ITelephonyRegistry$Stub.onTransact:550 
05-27 03:15:45.256 W/ContextImpl( 3077): Calling a method in the system process without a qualified user: android.app.ContextImpl.sendBroadcastMultiplePermissions:1314 com.android.server.TelephonyRegistry.broadcastServiceStateChanged:3602 com.android.server.TelephonyRegistry.notifyServiceStateForPhoneId:1734 com.android.internal.telephony.ITelephonyRegistry$Stub.onTransact:550 android.os.Binder.execTransactInternal:1380 
05-27 03:15:45.256 W/ContextImpl( 3077): Calling a method in the system process without a qualified user: android.app.ContextImpl.sendBroadcastMultiplePermissions:1314 com.android.server.TelephonyRegistry.broadcastServiceStateChanged:3611 com.android.server.TelephonyRegistry.notifyServiceStateForPhoneId:1734 com.android.internal.telephony.ITelephonyRegistry$Stub.onTransact:550 android.os.Binder.execTransactInternal:1380 
05-27 03:15:45.257 W/ContextImpl( 3077): Calling a method in the system process without a qualified user: android.app.ContextImpl.sendBroadcastMultiplePermissions:1314 com.android.server.TelephonyRegistry.broadcastServiceStateChanged:3617 com.android.server.TelephonyRegistry.notifyServiceStateForPhoneId:1734 com.android.internal.telephony.ITelephonyRegistry$Stub.onTransact:550 android.os.Binder.execTransactInternal:1380 
05-27 03:15:45.297 W/ContextImpl( 3077): Calling a method in the system process without a qualified user: android.app.ContextImpl.sendBroadcastMultiplePermissions:1281 android.content.Context.sendBroadcastMultiplePermissions:2476 com.android.server.TelephonyRegistry.broadcastServiceStateChanged:3597 com.android.server.TelephonyRegistry.notifyServiceStateForPhoneId:1734 com.android.internal.telephony.ITelephonyRegistry$Stub.onTransact:550 
05-27 03:15:45.298 W/ContextImpl( 3077): Calling a method in the system process without a qualified user: android.app.ContextImpl.sendBroadcastMultiplePermissions:1314 com.android.server.TelephonyRegistry.broadcastServiceStateChanged:3602 com.android.server.TelephonyRegistry.notifyServiceStateForPhoneId:1734 com.android.internal.telephony.ITelephonyRegistry$Stub.onTransact:550 android.os.Binder.execTransactInternal:1380 
05-27 03:15:45.298 W/ContextImpl( 3077): Calling a method in the system process without a qualified user: android.app.ContextImpl.sendBroadcastMultiplePermissions:1314 com.android.server.TelephonyRegistry.broadcastServiceStateChanged:3611 com.android.server.TelephonyRegistry.notifyServiceStateForPhoneId:1734 com.android.internal.telephony.ITelephonyRegistry$Stub.onTransact:550 android.os.Binder.execTransactInternal:1380 
05-27 03:15:45.299 W/ContextImpl( 3077): Calling a method in the system process without a qualified user: android.app.ContextImpl.sendBroadcastMultiplePermissions:1314 com.android.server.TelephonyRegistry.broadcastServiceStateChanged:3617 com.android.server.TelephonyRegistry.notifyServiceStateForPhoneId:1734 com.android.internal.telephony.ITelephonyRegistry$Stub.onTransact:550 android.os.Binder.execTransactInternal:1380 
05-27 03:15:45.745 D/PowerManagerService( 3077): nativeReleaseSuspendBlocker name:PowerManagerService.WakeLocks duration ms: 0
05-27 03:15:46.272 D/PowerManagerService( 3077): nativeAcquireSuspendBlocker name:PowerManagerService.WakeLocks duration ms: 1
05-27 03:15:46.291 D/PowerManagerService( 3077): nativeReleaseSuspendBlocker name:PowerManagerService.WakeLocks duration ms: 1
05-27 03:15:47.101 D/PowerManagerService( 3077): nativeAcquireSuspendBlocker name:PowerManagerService.WakeLocks duration ms: 2
05-27 03:15:47.123 D/PowerManagerService( 3077): nativeReleaseSuspendBlocker name:PowerManagerService.WakeLocks duration ms: 0
05-27 03:15:50.793 D/ActivityManager( 3077): freezing 23016 com.google.process.gservices, reason = oom_cached
05-27 03:15:52.211 D/ActivityManager( 3077): freezing 25451 com.google.android.apps.photos, reason = oom_cached
05-27 03:15:52.336 D/PowerManagerService( 3077): nativeAcquireSuspendBlocker name:PowerManagerService.WakeLocks duration ms: 2
05-27 03:15:52.343 D/PowerManagerService( 3077): nativeReleaseSuspendBlocker name:PowerManagerService.WakeLocks duration ms: 0
05-27 03:15:52.403 D/ActivityManager( 3077): freezing 29366 com.motorola.camera3, reason = oom_cached
05-27 03:15:52.803 D/PowerManagerService( 3077): nativeAcquireSuspendBlocker name:PowerManagerService.WakeLocks duration ms: 1
05-27 03:15:52.804 W/ProcessStats( 3077): Tracking association SourceState{61188ae com.google.android.gms.persistent/10192 BTop #2600219} whose proc state 2 is better than process ProcessState{8ed82b5 com.google.android.gms/10192 pkg=com.google.android.gms} proc state 3 (697 skipped)
05-27 03:15:52.808 D/PowerManagerService( 3077): nativeReleaseSuspendBlocker name:PowerManagerService.WakeLocks duration ms: 0
05-27 03:15:52.812 D/PowerManagerService( 3077): nativeAcquireSuspendBlocker name:PowerManagerService.WakeLocks duration ms: 0
05-27 03:15:52.844 D/PowerManagerService( 3077): nativeReleaseSuspendBlocker name:PowerManagerService.WakeLocks duration ms: 0
05-27 03:15:52.845 D/PowerManagerService( 3077): nativeAcquireSuspendBlocker name:PowerManagerService.WakeLocks duration ms: 1
05-27 03:15:52.849 D/PowerManagerService( 3077): nativeReleaseSuspendBlocker name:PowerManagerService.WakeLocks duration ms: 0
05-27 03:15:52.850 D/PowerManagerService( 3077): nativeAcquireSuspendBlocker name:PowerManagerService.WakeLocks duration ms: 1
05-27 03:15:52.901 D/PowerManagerService( 3077): nativeReleaseSuspendBlocker name:PowerManagerService.WakeLocks duration ms: 0
05-27 03:15:52.902 D/PowerManagerService( 3077): nativeAcquireSuspendBlocker name:PowerManagerService.WakeLocks duration ms: 0
05-27 03:15:52.904 D/PowerManagerService( 3077): nativeReleaseSuspendBlocker name:PowerManagerService.WakeLocks duration ms: 0
05-27 03:15:52.904 D/PowerManagerService( 3077): nativeAcquireSuspendBlocker name:PowerManagerService.WakeLocks duration ms: 0
05-27 03:15:52.905 D/PowerManagerService( 3077): nativeReleaseSuspendBlocker name:PowerManagerService.WakeLocks duration ms: 0
05-27 03:15:53.643 D/PowerManagerService( 3077): nativeAcquireSuspendBlocker name:PowerManagerService.WakeLocks duration ms: 1
05-27 03:15:53.665 I/MediaSessionStack( 3077): addSession to bottom of stack | record: com.deepeye.musicpro.debug/androidx.media3.session.id. (userId=0)
05-27 03:15:53.675 I/MediaSessionStack( 3077): onPlaybackStateChanged - Pushing session to top | record: com.deepeye.musicpro.debug/androidx.media3.session.id. (userId=0)
05-27 03:15:53.684 D/CompatibilityChangeReporter( 3077): Compat change id reported: 197654537; UID 10521; state: ENABLED
05-27 03:15:53.684 D/CompatibilityChangeReporter( 3077): Compat change id reported: 194833441; UID 10521; state: ENABLED
05-27 03:15:53.688 I/ActivityManager( 3077): Background started FGS: Allowed [callingPackage: com.deepeye.musicpro.debug; callingUid: 10521; uidState: TOP ; uidBFSL: [BFSL]; intent: Intent { cmp=com.deepeye.musicpro.debug/com.deepeye.musicpro.player.service.MusicPlayerService }; code:PROC_STATE_TOP; tempAllowListReason:<null>; targetSdkVersion:34; callerTargetSdkVersion:34; startForegroundCount:0; bindFromPackage:null: isBindService:false]
05-27 03:15:53.690 D/CompatibilityChangeReporter( 3077): Compat change id reported: 170668199; UID 10521; state: ENABLED
05-27 03:15:53.754 D/CompatibilityChangeReporter( 3077): Compat change id reported: 161145287; UID 10521; state: ENABLED
05-27 03:15:54.110 D/CompatibilityChangeReporter( 3077): Compat change id reported: 203800354; UID 10521; state: ENABLED
05-27 03:15:54.395 I/AppsFilter( 3077): interaction: PackageSetting{8b42bd5 com.deepeye.musicpro.debug/10521} -> PackageSetting{24914a5 com.motorola.motosignature.app/10134} BLOCKED
05-27 03:15:54.474 E/keystore2( 1354): system/security/keystore2/src/rkpd_client.rs:172 - IGetKeyCallback failed: Device doesnot support RKP
05-27 03:15:54.474 W/keystore2( 1354): system/security/keystore2/src/remote_provisioning.rs:102 - Error occurred: system/security/keystore2/src/rkpd_client.rs:187: GetKeyCallback failed: r#ERROR_UNKNOWN "Device doesnot support RKP"
05-27 03:15:54.474 W/keystore2( 1354): 
05-27 03:15:54.474 W/keystore2( 1354): Caused by:
05-27 03:15:54.474 W/keystore2( 1354):     Error::Rc(r#OUT_OF_KEYS_TRANSIENT_ERROR)
05-27 03:15:55.258 D/CompatibilityChangeReporter( 3077): Compat change id reported: 218533173; UID 1000; state: ENABLED
05-27 03:15:55.317 D/ActivityManager( 3077): freezing 24719 com.google.android.cellbroadcastreceiver, reason = oom_cached
05-27 03:15:57.131 D/ActivityManager( 3077): freezing 17524 com.jio.myjio, reason = oom_cached
05-27 03:16:00.820 D/ActivityManager( 3077): freezing 25800 udc.lenovo.com.udclient, reason = oom_cached
05-27 03:16:02.740 D/ActivityManager( 3077): freezing 11721 com.google.android.permissioncontroller, reason = oom_cached
05-27 03:16:05.046 I/keystore2( 1354): system/security/keystore2/src/watchdog.rs:319 - Watchdog thread idle -> terminating. Have a great day.
--------- beginning of main
05-27 03:16:05.481 E/HeadsetStateMachine( 3992): returning mCurrentState as Disconnected
05-27 03:16:05.481 D/HeadsetService( 3992):  isAudioOn: The number of audio connected devices 0
05-27 03:16:05.481 D/HeadsetService( 3992): isScoOrCallActive(): Call Active:falseCall is Ringing:falseSCO is Active:false
05-27 03:16:05.481 E/HeadsetStateMachine( 3992): returning mCurrentState as Disconnected
05-27 03:16:05.481 E/HeadsetStateMachine( 3992): returning mCurrentState as Disconnected
05-27 03:16:05.481 D/HeadsetService( 3992):  isAudioOn: The number of audio connected devices 0
05-27 03:16:05.481 V/Avrcp_ext( 3992): isPlayStateTobeUpdated: device: null
05-27 03:16:05.481 V/Avrcp_ext( 3992): Single connection exists
05-27 03:16:05.481 E/HeadsetStateMachine( 3992): returning mCurrentState as Disconnected
05-27 03:16:05.481 E/HeadsetStateMachine( 3992): returning mCurrentState as Disconnected
05-27 03:16:05.481 D/HeadsetService( 3992):  isAudioOn: The number of audio connected devices 0
05-27 03:16:05.481 D/HeadsetService( 3992): isScoOrCallActive(): Call Active:falseCall is Ringing:falseSCO is Active:false
05-27 03:16:05.481 E/HeadsetStateMachine( 3992): returning mCurrentState as Disconnected
05-27 03:16:05.481 E/HeadsetStateMachine( 3992): returning mCurrentState as Disconnected
05-27 03:16:05.481 D/HeadsetService( 3992):  isAudioOn: The number of audio connected devices 0
05-27 03:16:05.481 V/Avrcp_ext( 3992): isPlayStateTobeUpdated: device: null
05-27 03:16:05.481 V/Avrcp_ext( 3992): Single connection exists
05-27 03:16:05.481 D/Avrcp_ext( 3992): Enter sendPlayPosNotificationRsp
05-27 03:16:05.481 D/Avrcp_ext( 3992): sendPlayPosNotificationRsp: Not registered or requesting.
05-27 03:16:05.481 D/Avrcp_ext( 3992): Enter sendPlayPosNotificationRsp
05-27 03:16:05.481 D/Avrcp_ext( 3992): sendPlayPosNotificationRsp: Not registered or requesting.
05-27 03:16:05.481 D/Avrcp_ext( 3992): Enter sendPlayPosNotificationRsp
05-27 03:16:05.481 D/Avrcp_ext( 3992): sendPlayPosNotificationRsp: Not registered or requesting.
05-27 03:16:05.481 D/Avrcp_ext( 3992): Enter sendPlayPosNotificationRsp
05-27 03:16:05.481 D/Avrcp_ext( 3992): sendPlayPosNotificationRsp: Not registered or requesting.
05-27 03:16:05.481 D/Avrcp_ext( 3992): Enter sendPlayPosNotificationRsp
05-27 03:16:05.481 D/Avrcp_ext( 3992): sendPlayPosNotificationRsp: Not registered or requesting.
05-27 03:16:05.481 V/Avrcp_ext( 3992): Exit updatePlayerStateAndPosition
05-27 03:16:05.481 D/APM: ActiveDeviceManagerServiceLegacy( 3992): getActiveAbsoluteDevice(): device: null
05-27 03:16:05.481 D/APM: ActiveDeviceManagerServiceLegacy( 3992): isStableState(): true
05-27 03:16:05.481 D/Avrcp_ext( 3992): isAdmStable = true activeAbsAddr = null device = null
05-27 03:16:05.481 V/APM: MediaControlManager( 3992): onPlaybackStateChanged
05-27 03:16:05.481 W/McpService( 3992): updatePlaybackState state PlaybackState {state=PLAYING(3), position=10033, buffered position=22821, speed=1.0, updated=1654754626, actions=7340031, custom actions=[], active item id=0, error=null}
05-27 03:16:05.481 W/McpService( 3992): updatePlaybackState mState: 1 state: 1
05-27 03:16:05.481 W/Avrcp_ext( 3992): updated player state = PlaybackState {state=PLAYING(3), position=10033, buffered position=22821, speed=1.0, updated=1654754626, actions=7340031, custom actions=[], active item id=0, error=null}to MCP module also
05-27 03:16:05.481 V/Avrcp_ext( 3992):  Exit onPlaybackStateChanged
05-27 03:16:05.580 W/okhttp.OkHttpClient(29508): A connection to https://lrclib.net/ was leaked. Did you forget to close a response body? To see where this was allocated, set the OkHttpClient logger level to FINE: Logger.getLogger(OkHttpClient.class.getName()).setLevel(Level.FINE);
05-27 03:16:05.580 W/okhttp.OkHttpClient(29508): A connection to https://lrclib.net/ was leaked. Did you forget to close a response body? To see where this was allocated, set the OkHttpClient logger level to FINE: Logger.getLogger(OkHttpClient.class.getName()).setLevel(Level.FINE);
05-27 03:16:05.716 V/Avrcp_ext( 3992): onPlaybackStateChanged: state PlaybackState {state=PLAYING(3), position=10275, buffered position=22821, speed=1.0, updated=1654754863, actions=7340031, custom actions=[], active item id=0, error=null}
05-27 03:16:05.716 V/APM: MediaControlManager( 3992): onPlaybackStateChanged
05-27 03:16:05.716 W/McpService( 3992): updatePlaybackState state PlaybackState {state=PLAYING(3), position=10275, buffered position=22821, speed=1.0, updated=1654754863, actions=7340031, custom actions=[], active item id=0, error=null}
05-27 03:16:05.716 W/McpService( 3992): updatePlaybackState mState: 1 state: 1
05-27 03:16:05.722 V/Avrcp_ext( 3992): updateCurrentMediaState: mMediaController: MediaController (com.deepeye.musicpro.debug@e349e26) Chaand Baaliyan – Aditya A. | Trending Song | Official Video, Sony Music India, null
05-27 03:16:05.722 W/Avrcp_ext( 3992): isMusicActive: true getBluetoothPlayState: 1 A2dp State: 11 mAudioPlaybackIsActive: true
05-27 03:16:05.722 D/Avrcp_ext( 3992): isMusicActive = true mAudioPlaybackIsActive = true player state = PlaybackState {state=PLAYING(3), position=10280, buffered position=22821, speed=1.0, updated=1654754870, actions=7340031, custom actions=[], active item id=0, error=null}
05-27 03:16:05.724 D/Avrcp_ext( 3992): overwrite album_artist :if album is blank
05-27 03:16:05.726 V/Avrcp_ext( 3992): Media update: id 0➡0? [MediaAttributes: C⋯o -  by S⋯a (0 0/0) - ] : [MediaAttributes: C⋯o -  by S⋯a (0 0/0) - ]
05-27 03:16:05.726 D/Avrcp_ext( 3992): isPackageNameValid: browsedPackage = com.deepeye.musicpro.debugisValid = true
05-27 03:16:05.726 V/Avrcp_ext( 3992): isBrowseSupported for com.deepeye.musicpro.debug: false
05-27 03:16:05.726 W/Avrcp_ext( 3992): updateCurrentMediaState: isInactivePlayer = false
05-27 03:16:05.726 V/Avrcp_ext( 3992): updatePlaybackState, state: PlaybackState {state=PLAYING(3), position=10280, buffered position=22821, speed=1.0, updated=1654754870, actions=7340031, custom actions=[], active item id=0, error=null} device: null
05-27 03:16:05.726 V/Avrcp_ext( 3992): Device: no name: 
05-27 03:16:05.726 V/Avrcp_ext( 3992): Device: no name: 
05-27 03:16:05.726 V/Avrcp_ext( 3992): Device: no name: 
05-27 03:16:05.726 V/Avrcp_ext( 3992): Device: no name: 
05-27 03:16:05.726 V/Avrcp_ext( 3992): Device: no name: 
05-27 03:16:05.726 V/Avrcp_ext( 3992): updatePlayerStateAndPosition, old=PlaybackState {state=PLAYING(3), position=10033, buffered position=22821, speed=1.0, updated=1654754626, actions=7340031, custom actions=[], active item id=0, error=null}, state=PlaybackState {state=PLAYING(3), position=10280, buffered position=22821, speed=1.0, updated=1654754870, actions=7340031, custom actions=[], active item id=0, error=null}
05-27 03:16:05.726 V/Avrcp_ext( 3992): old state = PlaybackState {state=PLAYING(3), position=10033, buffered position=22821, speed=1.0, updated=1654754626, actions=7340031, custom actions=[], active item id=0, error=null}, new state= PlaybackState {state=PLAYING(3), position=10280, buffered position=22821, speed=1.0, updated=1654754870, actions=7340031, custom actions=[], active item id=0, error=null}
05-27 03:16:05.726 D/HeadsetService( 3992): getHeadsetService(): returning com.android.bluetooth.hfp.HeadsetService@9390a13
05-27 03:16:05.726 E/HeadsetStateMachine( 3992): returning mCurrentState as Disconnected
05-27 03:16:05.726 E/HeadsetStateMachine( 3992): returning mCurrentState as Disconnected
05-27 03:16:05.726 D/HeadsetService( 3992):  isAudioOn: The number of audio connected devices 0
05-27 03:16:05.726 D/HeadsetService( 3992): isScoOrCallActive(): Call Active:falseCall is Ringing:falseSCO is Active:false
05-27 03:16:05.726 E/HeadsetStateMachine( 3992): returning mCurrentState as Disconnected
05-27 03:16:05.726 E/HeadsetStateMachine( 3992): returning mCurrentState as Disconnected
05-27 03:16:05.726 D/HeadsetService( 3992):  isAudioOn: The number of audio connected devices 0
05-27 03:16:05.726 V/Avrcp_ext( 3992): isPlayStateTobeUpdated: device: null
05-27 03:16:05.726 V/Avrcp_ext( 3992): Single connection exists
05-27 03:16:05.726 E/HeadsetStateMachine( 3992): returning mCurrentState as Disconnected
05-27 03:16:05.726 E/HeadsetStateMachine( 3992): returning mCurrentState as Disconnected
05-27 03:16:05.726 D/HeadsetService( 3992):  isAudioOn: The number of audio connected devices 0
05-27 03:16:05.726 D/HeadsetService( 3992): isScoOrCallActive(): Call Active:falseCall is Ringing:falseSCO is Active:false
05-27 03:16:05.726 E/HeadsetStateMachine( 3992): returning mCurrentState as Disconnected
05-27 03:16:05.726 E/HeadsetStateMachine( 3992): returning mCurrentState as Disconnected
05-27 03:16:05.726 D/HeadsetService( 3992):  isAudioOn: The number of audio connected devices 0
05-27 03:16:05.726 V/Avrcp_ext( 3992): isPlayStateTobeUpdated: device: null
05-27 03:16:05.726 V/Avrcp_ext( 3992): Single connection exists
05-27 03:16:05.726 E/HeadsetStateMachine( 3992): returning mCurrentState as Disconnected
05-27 03:16:05.726 E/HeadsetStateMachine( 3992): returning mCurrentState as Disconnected
05-27 03:16:05.726 D/HeadsetService( 3992):  isAudioOn: The number of audio connected devices 0
05-27 03:16:05.726 D/HeadsetService( 3992): isScoOrCallActive(): Call Active:falseCall is Ringing:falseSCO is Active:false
05-27 03:16:05.726 E/HeadsetStateMachine( 3992): returning mCurrentState as Disconnected
05-27 03:16:05.726 E/HeadsetStateMachine( 3992): returning mCurrentState as Disconnected
05-27 03:16:05.726 D/HeadsetService( 3992):  isAudioOn: The number of audio connected devices 0
05-27 03:16:05.726 V/Avrcp_ext( 3992): isPlayStateTobeUpdated: device: null
05-27 03:16:05.726 V/Avrcp_ext( 3992): Single connection exists
05-27 03:16:05.726 E/HeadsetStateMachine( 3992): returning mCurrentState as Disconnected
05-27 03:16:05.726 E/HeadsetStateMachine( 3992): returning mCurrentState as Disconnected
05-27 03:16:05.726 D/HeadsetService( 3992):  isAudioOn: The number of audio connected devices 0
05-27 03:16:05.726 D/HeadsetService( 3992): isScoOrCallActive(): Call Active:falseCall is Ringing:falseSCO is Active:false
05-27 03:16:05.726 E/HeadsetStateMachine( 3992): returning mCurrentState as Disconnected
05-27 03:16:05.726 E/HeadsetStateMachine( 3992): returning mCurrentState as Disconnected
05-27 03:16:05.726 D/HeadsetService( 3992):  isAudioOn: The number of audio connected devices 0
05-27 03:16:05.727 V/Avrcp_ext( 3992): isPlayStateTobeUpdated: device: null
05-27 03:16:05.727 V/Avrcp_ext( 3992): Single connection exists
05-27 03:16:05.727 E/HeadsetStateMachine( 3992): returning mCurrentState as Disconnected
05-27 03:16:05.727 E/HeadsetStateMachine( 3992): returning mCurrentState as Disconnected
05-27 03:16:05.727 D/HeadsetService( 3992):  isAudioOn: The number of audio connected devices 0
05-27 03:16:05.727 D/HeadsetService( 3992): isScoOrCallActive(): Call Active:falseCall is Ringing:falseSCO is Active:false
05-27 03:16:05.727 E/HeadsetStateMachine( 3992): returning mCurrentState as Disconnected
05-27 03:16:05.727 E/HeadsetStateMachine( 3992): returning mCurrentState as Disconnected
05-27 03:16:05.727 D/HeadsetService( 3992):  isAudioOn: The number of audio connected devices 0
05-27 03:16:05.727 V/Avrcp_ext( 3992): isPlayStateTobeUpdated: device: null
05-27 03:16:05.727 V/Avrcp_ext( 3992): Single connection exists
05-27 03:16:05.727 D/Avrcp_ext( 3992): Enter sendPlayPosNotificationRsp
05-27 03:16:05.727 D/Avrcp_ext( 3992): sendPlayPosNotificationRsp: Not registered or requesting.
05-27 03:16:05.727 D/Avrcp_ext( 3992): Enter sendPlayPosNotificationRsp
05-27 03:16:05.727 D/Avrcp_ext( 3992): sendPlayPosNotificationRsp: Not registered or requesting.
05-27 03:16:05.727 D/Avrcp_ext( 3992): Enter sendPlayPosNotificationRsp
05-27 03:16:05.727 D/Avrcp_ext( 3992): sendPlayPosNotificationRsp: Not registered or requesting.
05-27 03:16:05.727 D/Avrcp_ext( 3992): Enter sendPlayPosNotificationRsp
05-27 03:16:05.727 D/Avrcp_ext( 3992): sendPlayPosNotificationRsp: Not registered or requesting.
05-27 03:16:05.727 D/Avrcp_ext( 3992): Enter sendPlayPosNotificationRsp
05-27 03:16:05.727 D/Avrcp_ext( 3992): sendPlayPosNotificationRsp: Not registered or requesting.
05-27 03:16:05.727 V/Avrcp_ext( 3992): Exit updatePlayerStateAndPosition
05-27 03:16:05.727 D/APM: ActiveDeviceManagerServiceLegacy( 3992): getActiveAbsoluteDevice(): device: null
05-27 03:16:05.727 D/APM: ActiveDeviceManagerServiceLegacy( 3992): isStableState(): true
05-27 03:16:05.727 D/Avrcp_ext( 3992): isAdmStable = true activeAbsAddr = null device = null
05-27 03:16:05.727 V/APM: MediaControlManager( 3992): onPlaybackStateChanged
05-27 03:16:05.727 W/McpService( 3992): updatePlaybackState state PlaybackState {state=PLAYING(3), position=10280, buffered position=22821, speed=1.0, updated=1654754870, actions=7340031, custom actions=[], active item id=0, error=null}
05-27 03:16:05.727 W/McpService( 3992): updatePlaybackState mState: 1 state: 1
05-27 03:16:05.727 W/Avrcp_ext( 3992): updated player state = PlaybackState {state=PLAYING(3), position=10280, buffered position=22821, speed=1.0, updated=1654754870, actions=7340031, custom actions=[], active item id=0, error=null}to MCP module also
05-27 03:16:05.727 V/Avrcp_ext( 3992):  Exit onPlaybackStateChanged
05-27 03:16:05.727 V/Avrcp_ext( 3992): onPlaybackStateChanged: state PlaybackState {state=PLAYING(3), position=10275, buffered position=22821, speed=1.0, updated=1654754864, actions=7340031, custom actions=[], active item id=0, error=null}
05-27 03:16:05.727 V/APM: MediaControlManager( 3992): onPlaybackStateChanged
05-27 03:16:05.727 W/McpService( 3992): updatePlaybackState state PlaybackState {state=PLAYING(3), position=10275, buffered position=22821, speed=1.0, updated=1654754864, actions=7340031, custom actions=[], active item id=0, error=null}
05-27 03:16:05.727 W/McpService( 3992): updatePlaybackState mState: 1 state: 1
05-27 03:16:05.729 V/Avrcp_ext( 3992): updateCurrentMediaState: mMediaController: MediaController (com.deepeye.musicpro.debug@e349e26) Chaand Baaliyan – Aditya A. | Trending Song | Official Video, Sony Music India, null
05-27 03:16:05.729 W/Avrcp_ext( 3992): isMusicActive: true getBluetoothPlayState: 1 A2dp State: 11 mAudioPlaybackIsActive: true
05-27 03:16:05.729 D/Avrcp_ext( 3992): isMusicActive = true mAudioPlaybackIsActive = true player state = PlaybackState {state=PLAYING(3), position=10287, buffered position=22821, speed=1.0, updated=1654754877, actions=7340031, custom actions=[], active item id=0, error=null}
05-27 03:16:05.731 D/Avrcp_ext( 3992): overwrite album_artist :if album is blank
05-27 03:16:05.733 V/Avrcp_ext( 3992): Media update: id 0➡0? [MediaAttributes: C⋯o -  by S⋯a (0 0/0) - ] : [MediaAttributes: C⋯o -  by S⋯a (0 0/0) - ]
05-27 03:16:05.733 D/Avrcp_ext( 3992): isPackageNameValid: browsedPackage = com.deepeye.musicpro.debugisValid = true
05-27 03:16:05.733 V/Avrcp_ext( 3992): isBrowseSupported for com.deepeye.musicpro.debug: false
05-27 03:16:05.733 W/Avrcp_ext( 3992): updateCurrentMediaState: isInactivePlayer = false
05-27 03:16:05.733 V/Avrcp_ext( 3992): updatePlaybackState, state: PlaybackState {state=PLAYING(3), position=10287, buffered position=22821, speed=1.0, updated=1654754877, actions=7340031, custom actions=[], active item id=0, error=null} device: null
05-27 03:16:05.733 V/Avrcp_ext( 3992): Device: no name: 
05-27 03:16:05.733 V/Avrcp_ext( 3992): Device: no name: 
05-27 03:16:05.733 V/Avrcp_ext( 3992): Device: no name: 
05-27 03:16:05.733 V/Avrcp_ext( 3992): Device: no name: 
05-27 03:16:05.733 V/Avrcp_ext( 3992): Device: no name: 
05-27 03:16:05.733 V/Avrcp_ext( 3992): updatePlayerStateAndPosition, old=PlaybackState {state=PLAYING(3), position=10280, buffered position=22821, speed=1.0, updated=1654754870, actions=7340031, custom actions=[], active item id=0, error=null}, state=PlaybackState {state=PLAYING(3), position=10287, buffered position=22821, speed=1.0, updated=1654754877, actions=7340031, custom actions=[], active item id=0, error=null}
05-27 03:16:05.733 V/Avrcp_ext( 3992): old state = PlaybackState {state=PLAYING(3), position=10280, buffered position=22821, speed=1.0, updated=1654754870, actions=7340031, custom actions=[], active item id=0, error=null}, new state= PlaybackState {state=PLAYING(3), position=10287, buffered position=22821, speed=1.0, updated=1654754877, actions=7340031, custom actions=[], active item id=0, error=null}
