05-27 03:24:26.070 E/minksocket( 1748): MinkIPC_QRTR_Service: client with node 1 port 756d went down
05-27 03:24:26.070 E/minksocket( 1748): MinkIPC_QRTR_Service: client with node 1 port 7571 went down
05-27 03:24:26.071 E/minksocket( 1748): MinkIPC_QRTR_Service: client with node 1 port 757a went down
05-27 03:24:26.072 E/minksocket( 1748): MinkIPC_QRTR_Service: client with node 1 port 757b went down
05-27 03:24:26.073 E/minksocket( 1748): MinkIPC_QRTR_Service: client with node 1 port 757c went down
05-27 03:24:26.075 E/minksocket( 1748): MinkIPC_QRTR_Service: client with node 1 port 757d went down
05-27 03:24:26.172 E/minksocket( 1748): MinkIPC_QRTR_Service: client with node 1 port 757e went down
05-27 03:24:26.173 E/minksocket( 1748): MinkIPC_QRTR_Service: client with node 1 port 757f went down
05-27 03:24:26.174 E/minksocket( 1748): MinkIPC_QRTR_Service: client with node 1 port 7580 went down
05-27 03:24:26.176 E/minksocket( 1748): MinkIPC_QRTR_Service: client with node 1 port 7582 went down
05-27 03:24:26.177 E/minksocket( 1748): MinkIPC_QRTR_Service: client with node 1 port 7583 went down
05-27 03:24:26.177 E/minksocket( 1748): MinkIPC_QRTR_Service: client with node 1 port 7584 went down
05-27 03:24:26.774 D/SponsorBlock(  770): Found 1 segments for 7c3-Gei5j4w
05-27 03:24:26.776 I/PlayerController(  770): Playing YouTube fallback in WebView. Bypassing ExoPlayer.
05-27 03:24:26.786 D/MusicPlayerService(  770): onCreate: Initializing MusicPlayerService
05-27 03:24:26.792 I/MediaSessionImpl(  770): Init a2cad3d [AndroidXMedia3/1.5.1] [hiphi, motorola edge 30 pro, motorola, 34]
05-27 03:24:26.799 W/MediaSessionCompat(  770): Couldn't find a unique registered media button receiver in the given context.
05-27 03:24:26.801 I/MediaSessionStack( 3077): addSession to bottom of stack | record: com.deepeye.musicpro.debug/androidx.media3.session.id. (userId=0)
05-27 03:24:26.801 D/MediaSessionService( 3077): Media button session is changed to com.deepeye.musicpro.debug/androidx.media3.session.id. (userId=0)
05-27 03:24:26.803 D/HeadsetService( 3992): getHeadsetService(): returning com.android.bluetooth.hfp.HeadsetService@9390a13
05-27 03:24:26.804 E/HeadsetStateMachine( 3992): returning mCurrentState as Disconnected
05-27 03:24:26.804 E/HeadsetStateMachine( 3992): returning mCurrentState as Disconnected
05-27 03:24:26.804 D/HeadsetService( 3992):  isAudioOn: The number of audio connected devices 0
05-27 03:24:26.804 D/HeadsetService( 3992): isScoOrCallActive(): Call Active:falseCall is Ringing:falseSCO is Active:false
05-27 03:24:26.804 E/HeadsetStateMachine( 3992): returning mCurrentState as Disconnected
05-27 03:24:26.804 E/HeadsetStateMachine( 3992): returning mCurrentState as Disconnected
05-27 03:24:26.804 D/HeadsetService( 3992):  isAudioOn: The number of audio connected devices 0
05-27 03:24:26.804 D/MotoMediaSessionUtils( 7709): onActiveSessionsChanged - controllers size: 2 mActiveControllers size: 1
05-27 03:24:26.805 D/Avrcp_ext( 3992): onMediaKeyEventSessionChanged: player = MediaPlayerInfo com.deepeye.musicpro.debug (as 'DeepEye Music Pro') Type = 1, SubType = 0, Status = 0 Feature Bits [40 41 42 44 45 47 48 58] Controller: null, id = 17, updateController = true
05-27 03:24:26.805 W/Avrcp_ext( 3992): onMediaKeyEventSessionChanged(Token): Addressed Player changed to a player we didn't have a session for
05-27 03:24:26.806 W/Avrcp_ext( 3992): playState object null, sending STOPPED
05-27 03:24:26.806 V/Avrcp_ext( 3992): ActiveSession: MediaController (com.google.android.youtube@abd42cc) The UFO Files | What was America SECRETLY Hiding For 89 Years? | Dhruv Rathee, Dhruv Rathee, Dhruv Rathee
05-27 03:24:26.806 V/Avrcp_ext( 3992): isBrowseSupported for com.google.android.youtube: false
05-27 03:24:26.807 D/Avrcp_ext( 3992): Adding media player info for com.google.android.youtube with id 3
05-27 03:24:26.807 D/MotoMediaSessionUtils( 7709): Final controllers count: 1
05-27 03:24:26.807 D/MotoMediaSessionUtils( 7709): onActiveSessionsChanged - controllers size: 2 mActiveControllers size: 1
05-27 03:24:26.808 D/Avrcp_ext( 3992): update #3:MediaPlayerInfo com.google.android.youtube (as 'YouTube') Type = 1, SubType = 0, Status = 2 Feature Bits [40 41 42 44 45 47 48 58] Controller: MediaController (com.google.android.youtube@abd42cc) The UFO Files | What was America SECRETLY Hiding For 89 Years? | Dhruv Rathee, Dhruv Rathee, Dhruv Rathee
05-27 03:24:26.808 V/Avrcp_ext( 3992): updateNewIds: Addressed:3 to 3, Browse:-1 to -1
05-27 03:24:26.809 D/MotoMediaSessionUtils( 7709): Final controllers count: 1
05-27 03:24:26.809 I/MediaSessionStack( 3077): onPlaybackStateChanged - Pushing session to top | record: com.deepeye.musicpro.debug/androidx.media3.session.id. (userId=0)
05-27 03:24:26.811 D/MotoMediaSessionUtils( 7709): onActiveSessionsChanged - controllers size: 3 mActiveControllers size: 1
05-27 03:24:26.813 D/Avrcp_ext( 3992): updateCurrentController: MediaController (com.google.android.youtube@fd7cf04) The UFO Files | What was America SECRETLY Hiding For 89 Years? | Dhruv Rathee, Dhruv Rathee, Dhruv Rathee to MediaController (com.google.android.youtube@abd42cc) The UFO Files | What was America SECRETLY Hiding For 89 Years? | Dhruv Rathee, Dhruv Rathee, Dhruv Rathee
05-27 03:24:26.813 D/MotoMediaSessionUtils( 7709): Final controllers count: 1
05-27 03:24:26.814 I/MediaController(  770): Init e9c7000 [AndroidXMedia3/1.5.1] [hiphi, motorola edge 30 pro, motorola, 34]
05-27 03:24:26.816 V/Avrcp_ext( 3992): updateCurrentMediaState: mMediaController: MediaController (com.google.android.youtube@abd42cc) The UFO Files | What was America SECRETLY Hiding For 89 Years? | Dhruv Rathee, Dhruv Rathee, Dhruv Rathee
05-27 03:24:26.816 W/Avrcp_ext( 3992): isMusicActive: false getBluetoothPlayState: 2 A2dp State: 11 mAudioPlaybackIsActive: false
05-27 03:24:26.816 D/Avrcp_ext( 3992): isMusicActive = false mAudioPlaybackIsActive = false player state = PlaybackState {state=PAUSED(2), position=89537, buffered position=0, speed=1.0, updated=1626108012, actions=8615, custom actions=[], active item id=-1, error=null}
05-27 03:24:26.817 D/Avrcp_ext( 3992): overwrite album_artist :Dhruv Ratheeif album is blank
05-27 03:24:26.818 V/Avrcp_ext( 3992): Media update: id -1➡-1? [MediaAttributes: T⋯e - D⋯e by D⋯e (1350000 0/0) - ] : [MediaAttributes: T⋯e - D⋯e by D⋯e (1350000 0/0) - ]
05-27 03:24:26.818 D/Avrcp_ext( 3992): isPackageNameValid: browsedPackage = com.google.android.youtubeisValid = true
05-27 03:24:26.818 V/Avrcp_ext( 3992): isBrowseSupported for com.google.android.youtube: false
05-27 03:24:26.818 W/Avrcp_ext( 3992): updateCurrentMediaState: isInactivePlayer = false
05-27 03:24:26.818 V/Avrcp_ext( 3992): updatePlaybackState, state: PlaybackState {state=PAUSED(2), position=89537, buffered position=0, speed=1.0, updated=1626108012, actions=8615, custom actions=[], active item id=-1, error=null} device: null
05-27 03:24:26.818 V/Avrcp_ext( 3992): Device: no name: 
05-27 03:24:26.818 V/Avrcp_ext( 3992): Device: no name: 
05-27 03:24:26.818 V/Avrcp_ext( 3992): Device: no name: 
05-27 03:24:26.818 V/Avrcp_ext( 3992): Device: no name: 
05-27 03:24:26.818 V/Avrcp_ext( 3992): Device: no name: 
05-27 03:24:26.818 V/Avrcp_ext( 3992): updatePlayerStateAndPosition, old=PlaybackState {state=PAUSED(2), position=89537, buffered position=0, speed=1.0, updated=1626108012, actions=8615, custom actions=[], active item id=-1, error=null}, state=PlaybackState {state=PAUSED(2), position=89537, buffered position=0, speed=1.0, updated=1626108012, actions=8615, custom actions=[], active item id=-1, error=null}
05-27 03:24:26.818 V/Avrcp_ext( 3992): old state = PlaybackState {state=PAUSED(2), position=89537, buffered position=0, speed=1.0, updated=1626108012, actions=8615, custom actions=[], active item id=-1, error=null}, new state= PlaybackState {state=PAUSED(2), position=89537, buffered position=0, speed=1.0, updated=1626108012, actions=8615, custom actions=[], active item id=-1, error=null}
05-27 03:24:26.818 D/HeadsetService( 3992): getHeadsetService(): returning com.android.bluetooth.hfp.HeadsetService@9390a13
05-27 03:24:26.819 E/HeadsetStateMachine( 3992): returning mCurrentState as Disconnected
05-27 03:24:26.819 E/HeadsetStateMachine( 3992): returning mCurrentState as Disconnected
05-27 03:24:26.819 D/HeadsetService( 3992):  isAudioOn: The number of audio connected devices 0
05-27 03:24:26.819 D/HeadsetService( 3992): isScoOrCallActive(): Call Active:falseCall is Ringing:falseSCO is Active:false
05-27 03:24:26.819 E/HeadsetStateMachine( 3992): returning mCurrentState as Disconnected
05-27 03:24:26.819 E/HeadsetStateMachine( 3992): returning mCurrentState as Disconnected
05-27 03:24:26.819 D/HeadsetService( 3992):  isAudioOn: The number of audio connected devices 0
05-27 03:24:26.819 I/Avrcp_ext( 3992): updatePlayStatusForDevice: device: null
05-27 03:24:26.819 V/Avrcp_ext( 3992): updatePlaybackState (1): old=PlaybackState {state=PAUSED(2), position=89537, buffered position=0, speed=1.0, updated=1626108012, actions=8615, custom actions=[], active item id=-1, error=null}(2), new=PlaybackState {state=PAUSED(2), position=89537, buffered position=0, speed=1.0, updated=1626108012, actions=8615, custom actions=[], active item id=-1, error=null}(2)
05-27 03:24:26.819 I/Avrcp_ext( 3992): Exit updatePlayStatusForDevice
05-27 03:24:26.819 E/HeadsetStateMachine( 3992): returning mCurrentState as Disconnected
05-27 03:24:26.819 E/HeadsetStateMachine( 3992): returning mCurrentState as Disconnected
05-27 03:24:26.819 D/HeadsetService( 3992):  isAudioOn: The number of audio connected devices 0
05-27 03:24:26.819 D/HeadsetService( 3992): isScoOrCallActive(): Call Active:falseCall is Ringing:falseSCO is Active:false
05-27 03:24:26.819 E/HeadsetStateMachine( 3992): returning mCurrentState as Disconnected
05-27 03:24:26.819 E/HeadsetStateMachine( 3992): returning mCurrentState as Disconnected
05-27 03:24:26.819 D/HeadsetService( 3992):  isAudioOn: The number of audio connected devices 0
05-27 03:24:26.819 I/Avrcp_ext( 3992): updatePlayStatusForDevice: device: null
05-27 03:24:26.819 V/Avrcp_ext( 3992): updatePlaybackState (1): old=PlaybackState {state=PAUSED(2), position=89537, buffered position=0, speed=1.0, updated=1626108012, actions=8615, custom actions=[], active item id=-1, error=null}(2), new=PlaybackState {state=PAUSED(2), position=89537, buffered position=0, speed=1.0, updated=1626108012, actions=8615, custom actions=[], active item id=-1, error=null}(2)
05-27 03:24:26.819 I/Avrcp_ext( 3992): Exit updatePlayStatusForDevice
05-27 03:24:26.819 E/HeadsetStateMachine( 3992): returning mCurrentState as Disconnected
05-27 03:24:26.819 E/HeadsetStateMachine( 3992): returning mCurrentState as Disconnected
05-27 03:24:26.819 D/HeadsetService( 3992):  isAudioOn: The number of audio connected devices 0
05-27 03:24:26.819 D/HeadsetService( 3992): isScoOrCallActive(): Call Active:falseCall is Ringing:falseSCO is Active:false
05-27 03:24:26.819 E/HeadsetStateMachine( 3992): returning mCurrentState as Disconnected
05-27 03:24:26.819 E/HeadsetStateMachine( 3992): returning mCurrentState as Disconnected
05-27 03:24:26.819 D/HeadsetService( 3992):  isAudioOn: The number of audio connected devices 0
05-27 03:24:26.819 I/Avrcp_ext( 3992): updatePlayStatusForDevice: device: null
05-27 03:24:26.819 V/Avrcp_ext( 3992): updatePlaybackState (1): old=PlaybackState {state=PAUSED(2), position=89537, buffered position=0, speed=1.0, updated=1626108012, actions=8615, custom actions=[], active item id=-1, error=null}(2), new=PlaybackState {state=PAUSED(2), position=89537, buffered position=0, speed=1.0, updated=1626108012, actions=8615, custom actions=[], active item id=-1, error=null}(2)
05-27 03:24:26.819 I/Avrcp_ext( 3992): Exit updatePlayStatusForDevice
05-27 03:24:26.819 E/HeadsetStateMachine( 3992): returning mCurrentState as Disconnected
05-27 03:24:26.819 E/HeadsetStateMachine( 3992): returning mCurrentState as Disconnected
05-27 03:24:26.819 D/HeadsetService( 3992):  isAudioOn: The number of audio connected devices 0
05-27 03:24:26.819 D/HeadsetService( 3992): isScoOrCallActive(): Call Active:falseCall is Ringing:falseSCO is Active:false
05-27 03:24:26.819 E/HeadsetStateMachine( 3992): returning mCurrentState as Disconnected
05-27 03:24:26.819 E/HeadsetStateMachine( 3992): returning mCurrentState as Disconnected
05-27 03:24:26.819 D/HeadsetService( 3992):  isAudioOn: The number of audio connected devices 0
05-27 03:24:26.819 I/Avrcp_ext( 3992): updatePlayStatusForDevice: device: null
05-27 03:24:26.819 V/Avrcp_ext( 3992): updatePlaybackState (1): old=PlaybackState {state=PAUSED(2), position=89537, buffered position=0, speed=1.0, updated=1626108012, actions=8615, custom actions=[], active item id=-1, error=null}(2), new=PlaybackState {state=PAUSED(2), position=89537, buffered position=0, speed=1.0, updated=1626108012, actions=8615, custom actions=[], active item id=-1, error=null}(2)
05-27 03:24:26.819 I/Avrcp_ext( 3992): Exit updatePlayStatusForDevice
05-27 03:24:26.819 E/HeadsetStateMachine( 3992): returning mCurrentState as Disconnected
05-27 03:24:26.819 E/HeadsetStateMachine( 3992): returning mCurrentState as Disconnected
05-27 03:24:26.819 D/HeadsetService( 3992):  isAudioOn: The number of audio connected devices 0
05-27 03:24:26.819 D/HeadsetService( 3992): isScoOrCallActive(): Call Active:falseCall is Ringing:falseSCO is Active:false
05-27 03:24:26.819 E/HeadsetStateMachine( 3992): returning mCurrentState as Disconnected
05-27 03:24:26.819 E/HeadsetStateMachine( 3992): returning mCurrentState as Disconnected
05-27 03:24:26.819 D/HeadsetService( 3992):  isAudioOn: The number of audio connected devices 0
05-27 03:24:26.819 I/Avrcp_ext( 3992): updatePlayStatusForDevice: device: null
05-27 03:24:26.819 V/Avrcp_ext( 3992): updatePlaybackState (1): old=PlaybackState {state=PAUSED(2), position=89537, buffered position=0, speed=1.0, updated=1626108012, actions=8615, custom actions=[], active item id=-1, error=null}(2), new=PlaybackState {state=PAUSED(2), position=89537, buffered position=0, speed=1.0, updated=1626108012, actions=8615, custom actions=[], active item id=-1, error=null}(2)
05-27 03:24:26.819 I/Avrcp_ext( 3992): Exit updatePlayStatusForDevice
05-27 03:24:26.819 D/Avrcp_ext( 3992): Enter sendPlayPosNotificationRsp
05-27 03:24:26.819 D/Avrcp_ext( 3992): sendPlayPosNotificationRsp: Not registered or requesting.
05-27 03:24:26.819 D/Avrcp_ext( 3992): Enter sendPlayPosNotificationRsp
05-27 03:24:26.819 D/Avrcp_ext( 3992): sendPlayPosNotificationRsp: Not registered or requesting.
05-27 03:24:26.819 D/Avrcp_ext( 3992): Enter sendPlayPosNotificationRsp
05-27 03:24:26.819 D/Avrcp_ext( 3992): sendPlayPosNotificationRsp: Not registered or requesting.
05-27 03:24:26.819 D/Avrcp_ext( 3992): Enter sendPlayPosNotificationRsp
05-27 03:24:26.819 D/Avrcp_ext( 3992): sendPlayPosNotificationRsp: Not registered or requesting.
05-27 03:24:26.819 D/Avrcp_ext( 3992): Enter sendPlayPosNotificationRsp
05-27 03:24:26.819 D/Avrcp_ext( 3992): sendPlayPosNotificationRsp: Not registered or requesting.
05-27 03:24:26.819 V/Avrcp_ext( 3992): Exit updatePlayerStateAndPosition
05-27 03:24:26.819 D/APM: ActiveDeviceManagerServiceLegacy( 3992): getActiveAbsoluteDevice(): device: null
05-27 03:24:26.819 D/APM: ActiveDeviceManagerServiceLegacy( 3992): isStableState(): true
05-27 03:24:26.819 D/Avrcp_ext( 3992): isAdmStable = true activeAbsAddr = null device = null
05-27 03:24:26.819 V/APM: MediaControlManager( 3992): onPlaybackStateChanged
05-27 03:24:26.819 W/McpService( 3992): updatePlaybackState state PlaybackState {state=PAUSED(2), position=89537, buffered position=0, speed=1.0, updated=1626108012, actions=8615, custom actions=[], active item id=-1, error=null}
05-27 03:24:26.819 W/McpService( 3992): updatePlaybackState mState: 2 state: 2
05-27 03:24:26.819 W/Avrcp_ext( 3992): updated player state = PlaybackState {state=PAUSED(2), position=89537, buffered position=0, speed=1.0, updated=1626108012, actions=8615, custom actions=[], active item id=-1, error=null}to MCP module also
05-27 03:24:26.819 V/Avrcp_ext( 3992): ActiveSession: MediaController (ai.perplexity.app.android@943d4f7) null
05-27 03:24:26.819 V/Avrcp_ext( 3992): isBrowseSupported for ai.perplexity.app.android: false
05-27 03:24:26.820 D/Avrcp_ext( 3992): Adding media player info for ai.perplexity.app.android with id 1
05-27 03:24:26.820 D/Avrcp_ext( 3992): update #1:MediaPlayerInfo ai.perplexity.app.android (as 'Perplexity') Type = 1, SubType = 0, Status = 0 Feature Bits [40 41 42 44 45 47 48 58] Controller: MediaController (ai.perplexity.app.android@943d4f7) null
05-27 03:24:26.821 V/Avrcp_ext( 3992): updateCurrentMediaState: mMediaController: MediaController (com.google.android.youtube@abd42cc) The UFO Files | What was America SECRETLY Hiding For 89 Years? | Dhruv Rathee, Dhruv Rathee, Dhruv Rathee
05-27 03:24:26.821 W/Avrcp_ext( 3992): isMusicActive: false getBluetoothPlayState: 2 A2dp State: 11 mAudioPlaybackIsActive: false
05-27 03:24:26.822 D/Avrcp_ext( 3992): isMusicActive = false mAudioPlaybackIsActive = false player state = PlaybackState {state=PAUSED(2), position=89537, buffered position=0, speed=1.0, updated=1626108012, actions=8615, custom actions=[], active item id=-1, error=null}
05-27 03:24:26.822 E/AudioSessionManager(  770): attachToPlayer called with player: androidx.media3.exoplayer.ExoPlayerImpl@42eb09b
05-27 03:24:26.822 I/AudioSessionManager(  770): Attached to ExoPlayer as AnalyticsListener, initial session: 45857
05-27 03:24:26.823 D/Avrcp_ext( 3992): overwrite album_artist :Dhruv Ratheeif album is blank
05-27 03:24:26.824 V/Avrcp_ext( 3992): Media update: id -1➡-1? [MediaAttributes: T⋯e - D⋯e by D⋯e (1350000 0/0) - ] : [MediaAttributes: T⋯e - D⋯e by D⋯e (1350000 0/0) - ]
05-27 03:24:26.824 D/Avrcp_ext( 3992): isPackageNameValid: browsedPackage = com.google.android.youtubeisValid = true
05-27 03:24:26.824 V/Avrcp_ext( 3992): isBrowseSupported for com.google.android.youtube: false
05-27 03:24:26.824 W/Avrcp_ext( 3992): updateCurrentMediaState: isInactivePlayer = false
05-27 03:24:26.824 V/Avrcp_ext( 3992): updatePlaybackState, state: PlaybackState {state=PAUSED(2), position=89537, buffered position=0, speed=1.0, updated=1626108012, actions=8615, custom actions=[], active item id=-1, error=null} device: null
05-27 03:24:26.824 V/Avrcp_ext( 3992): Device: no name: 
05-27 03:24:26.824 V/Avrcp_ext( 3992): Device: no name: 
05-27 03:24:26.824 V/Avrcp_ext( 3992): Device: no name: 
05-27 03:24:26.824 V/Avrcp_ext( 3992): Device: no name: 
05-27 03:24:26.824 V/Avrcp_ext( 3992): Device: no name: 
05-27 03:24:26.824 V/Avrcp_ext( 3992): updatePlayerStateAndPosition, old=PlaybackState {state=PAUSED(2), position=89537, buffered position=0, speed=1.0, updated=1626108012, actions=8615, custom actions=[], active item id=-1, error=null}, state=PlaybackState {state=PAUSED(2), position=89537, buffered position=0, speed=1.0, updated=1626108012, actions=8615, custom actions=[], active item id=-1, error=null}
05-27 03:24:26.824 V/Avrcp_ext( 3992): old state = PlaybackState {state=PAUSED(2), position=89537, buffered position=0, speed=1.0, updated=1626108012, actions=8615, custom actions=[], active item id=-1, error=null}, new state= PlaybackState {state=PAUSED(2), position=89537, buffered position=0, speed=1.0, updated=1626108012, actions=8615, custom actions=[], active item id=-1, error=null}
05-27 03:24:26.824 D/HeadsetService( 3992): getHeadsetService(): returning com.android.bluetooth.hfp.HeadsetService@9390a13
05-27 03:24:26.824 E/HeadsetStateMachine( 3992): returning mCurrentState as Disconnected
05-27 03:24:26.824 E/HeadsetStateMachine( 3992): returning mCurrentState as Disconnected
05-27 03:24:26.824 D/HeadsetService( 3992):  isAudioOn: The number of audio connected devices 0
05-27 03:24:26.824 D/HeadsetService( 3992): isScoOrCallActive(): Call Active:falseCall is Ringing:falseSCO is Active:false
05-27 03:24:26.824 E/HeadsetStateMachine( 3992): returning mCurrentState as Disconnected
05-27 03:24:26.824 E/HeadsetStateMachine( 3992): returning mCurrentState as Disconnected
05-27 03:24:26.824 D/HeadsetService( 3992):  isAudioOn: The number of audio connected devices 0
05-27 03:24:26.824 I/Avrcp_ext( 3992): updatePlayStatusForDevice: device: null
05-27 03:24:26.824 V/Avrcp_ext( 3992): updatePlaybackState (1): old=PlaybackState {state=PAUSED(2), position=89537, buffered position=0, speed=1.0, updated=1626108012, actions=8615, custom actions=[], active item id=-1, error=null}(2), new=PlaybackState {state=PAUSED(2), position=89537, buffered position=0, speed=1.0, updated=1626108012, actions=8615, custom actions=[], active item id=-1, error=null}(2)
05-27 03:24:26.824 I/Avrcp_ext( 3992): Exit updatePlayStatusForDevice
05-27 03:24:26.824 E/HeadsetStateMachine( 3992): returning mCurrentState as Disconnected
05-27 03:24:26.824 E/HeadsetStateMachine( 3992): returning mCurrentState as Disconnected
05-27 03:24:26.824 D/HeadsetService( 3992):  isAudioOn: The number of audio connected devices 0
05-27 03:24:26.824 D/HeadsetService( 3992): isScoOrCallActive(): Call Active:falseCall is Ringing:falseSCO is Active:false
05-27 03:24:26.824 E/HeadsetStateMachine( 3992): returning mCurrentState as Disconnected
05-27 03:24:26.824 E/HeadsetStateMachine( 3992): returning mCurrentState as Disconnected
05-27 03:24:26.824 D/HeadsetService( 3992):  isAudioOn: The number of audio connected devices 0
05-27 03:24:26.824 I/Avrcp_ext( 3992): updatePlayStatusForDevice: device: null
05-27 03:24:26.824 V/Avrcp_ext( 3992): updatePlaybackState (1): old=PlaybackState {state=PAUSED(2), position=89537, buffered position=0, speed=1.0, updated=1626108012, actions=8615, custom actions=[], active item id=-1, error=null}(2), new=PlaybackState {state=PAUSED(2), position=89537, buffered position=0, speed=1.0, updated=1626108012, actions=8615, custom actions=[], active item id=-1, error=null}(2)
05-27 03:24:26.824 I/Avrcp_ext( 3992): Exit updatePlayStatusForDevice
05-27 03:24:26.824 E/HeadsetStateMachine( 3992): returning mCurrentState as Disconnected
05-27 03:24:26.824 E/HeadsetStateMachine( 3992): returning mCurrentState as Disconnected
05-27 03:24:26.824 D/HeadsetService( 3992):  isAudioOn: The number of audio connected devices 0
05-27 03:24:26.824 D/HeadsetService( 3992): isScoOrCallActive(): Call Active:falseCall is Ringing:falseSCO is Active:false
05-27 03:24:26.825 E/HeadsetStateMachine( 3992): returning mCurrentState as Disconnected
05-27 03:24:26.825 E/HeadsetStateMachine( 3992): returning mCurrentState as Disconnected
05-27 03:24:26.825 D/HeadsetService( 3992):  isAudioOn: The number of audio connected devices 0
05-27 03:24:26.825 I/Avrcp_ext( 3992): updatePlayStatusForDevice: device: null
05-27 03:24:26.825 V/Avrcp_ext( 3992): updatePlaybackState (1): old=PlaybackState {state=PAUSED(2), position=89537, buffered position=0, speed=1.0, updated=1626108012, actions=8615, custom actions=[], active item id=-1, error=null}(2), new=PlaybackState {state=PAUSED(2), position=89537, buffered position=0, speed=1.0, updated=1626108012, actions=8615, custom actions=[], active item id=-1, error=null}(2)
05-27 03:24:26.825 I/Avrcp_ext( 3992): Exit updatePlayStatusForDevice
05-27 03:24:26.825 E/HeadsetStateMachine( 3992): returning mCurrentState as Disconnected
05-27 03:24:26.825 E/HeadsetStateMachine( 3992): returning mCurrentState as Disconnected
05-27 03:24:26.825 D/HeadsetService( 3992):  isAudioOn: The number of audio connected devices 0
05-27 03:24:26.825 D/HeadsetService( 3992): isScoOrCallActive(): Call Active:falseCall is Ringing:falseSCO is Active:false
05-27 03:24:26.825 E/HeadsetStateMachine( 3992): returning mCurrentState as Disconnected
05-27 03:24:26.825 E/HeadsetStateMachine( 3992): returning mCurrentState as Disconnected
05-27 03:24:26.825 D/HeadsetService( 3992):  isAudioOn: The number of audio connected devices 0
05-27 03:24:26.825 I/Avrcp_ext( 3992): updatePlayStatusForDevice: device: null
05-27 03:24:26.825 V/Avrcp_ext( 3992): updatePlaybackState (1): old=PlaybackState {state=PAUSED(2), position=89537, buffered position=0, speed=1.0, updated=1626108012, actions=8615, custom actions=[], active item id=-1, error=null}(2), new=PlaybackState {state=PAUSED(2), position=89537, buffered position=0, speed=1.0, updated=1626108012, actions=8615, custom actions=[], active item id=-1, error=null}(2)
05-27 03:24:26.825 I/Avrcp_ext( 3992): Exit updatePlayStatusForDevice
05-27 03:24:26.825 E/HeadsetStateMachine( 3992): returning mCurrentState as Disconnected
05-27 03:24:26.825 E/HeadsetStateMachine( 3992): returning mCurrentState as Disconnected
05-27 03:24:26.825 D/HeadsetService( 3992):  isAudioOn: The number of audio connected devices 0
05-27 03:24:26.825 D/HeadsetService( 3992): isScoOrCallActive(): Call Active:falseCall is Ringing:falseSCO is Active:false
05-27 03:24:26.825 E/HeadsetStateMachine( 3992): returning mCurrentState as Disconnected
05-27 03:24:26.825 E/HeadsetStateMachine( 3992): returning mCurrentState as Disconnected
05-27 03:24:26.825 D/HeadsetService( 3992):  isAudioOn: The number of audio connected devices 0
05-27 03:24:26.825 I/Avrcp_ext( 3992): updatePlayStatusForDevice: device: null
05-27 03:24:26.825 V/Avrcp_ext( 3992): updatePlaybackState (1): old=PlaybackState {state=PAUSED(2), position=89537, buffered position=0, speed=1.0, updated=1626108012, actions=8615, custom actions=[], active item id=-1, error=null}(2), new=PlaybackState {state=PAUSED(2), position=89537, buffered position=0, speed=1.0, updated=1626108012, actions=8615, custom actions=[], active item id=-1, error=null}(2)
05-27 03:24:26.825 I/Avrcp_ext( 3992): Exit updatePlayStatusForDevice
05-27 03:24:26.825 D/Avrcp_ext( 3992): Enter sendPlayPosNotificationRsp
05-27 03:24:26.825 D/Avrcp_ext( 3992): sendPlayPosNotificationRsp: Not registered or requesting.
05-27 03:24:26.825 D/Avrcp_ext( 3992): Enter sendPlayPosNotificationRsp
05-27 03:24:26.825 D/Avrcp_ext( 3992): sendPlayPosNotificationRsp: Not registered or requesting.
05-27 03:24:26.825 D/Avrcp_ext( 3992): Enter sendPlayPosNotificationRsp
05-27 03:24:26.825 D/Avrcp_ext( 3992): sendPlayPosNotificationRsp: Not registered or requesting.
05-27 03:24:26.825 D/Avrcp_ext( 3992): Enter sendPlayPosNotificationRsp
05-27 03:24:26.825 D/Avrcp_ext( 3992): sendPlayPosNotificationRsp: Not registered or requesting.
05-27 03:24:26.825 D/Avrcp_ext( 3992): Enter sendPlayPosNotificationRsp
05-27 03:24:26.825 D/Avrcp_ext( 3992): sendPlayPosNotificationRsp: Not registered or requesting.
05-27 03:24:26.825 V/Avrcp_ext( 3992): Exit updatePlayerStateAndPosition
05-27 03:24:26.825 D/APM: ActiveDeviceManagerServiceLegacy( 3992): getActiveAbsoluteDevice(): device: null
05-27 03:24:26.825 D/APM: ActiveDeviceManagerServiceLegacy( 3992): isStableState(): true
05-27 03:24:26.825 D/Avrcp_ext( 3992): isAdmStable = true activeAbsAddr = null device = null
05-27 03:24:26.825 V/APM: MediaControlManager( 3992): onPlaybackStateChanged
05-27 03:24:26.825 W/McpService( 3992): updatePlaybackState state PlaybackState {state=PAUSED(2), position=89537, buffered position=0, speed=1.0, updated=1626108012, actions=8615, custom actions=[], active item id=-1, error=null}
05-27 03:24:26.825 W/McpService( 3992): updatePlaybackState mState: 2 state: 2
05-27 03:24:26.825 W/Avrcp_ext( 3992): updated player state = PlaybackState {state=PAUSED(2), position=89537, buffered position=0, speed=1.0, updated=1626108012, actions=8615, custom actions=[], active item id=-1, error=null}to MCP module also
05-27 03:24:26.825 V/Avrcp_ext( 3992): isBrowseSupported for com.deepeye.musicpro.debug: false
05-27 03:24:26.825 D/HeadsetService( 3992): getHeadsetService(): returning com.android.bluetooth.hfp.HeadsetService@9390a13
05-27 03:24:26.825 E/HeadsetStateMachine( 3992): returning mCurrentState as Disconnected
05-27 03:24:26.825 E/HeadsetStateMachine( 3992): returning mCurrentState as Disconnected
05-27 03:24:26.825 D/HeadsetService( 3992):  isAudioOn: The number of audio connected devices 0
05-27 03:24:26.825 D/HeadsetService( 3992): isScoOrCallActive(): Call Active:falseCall is Ringing:falseSCO is Active:false
05-27 03:24:26.825 E/HeadsetStateMachine( 3992): returning mCurrentState as Disconnected
05-27 03:24:26.825 E/HeadsetStateMachine( 3992): returning mCurrentState as Disconnected
05-27 03:24:26.825 D/HeadsetService( 3992):  isAudioOn: The number of audio connected devices 0
05-27 03:24:26.828 V/Avrcp_ext( 3992): ActiveSession: MediaController (com.google.android.youtube@f2fa0ce) The UFO Files | What was America SECRETLY Hiding For 89 Years? | Dhruv Rathee, Dhruv Rathee, Dhruv Rathee
05-27 03:24:26.828 D/ConnectivityService( 3077): NetReassign [no changes] [c 0] [a 1] [i 1]
05-27 03:24:26.828 V/Avrcp_ext( 3992): isBrowseSupported for com.google.android.youtube: false
05-27 03:24:26.828 D/Avrcp_ext( 3992): Adding media player info for com.google.android.youtube with id 3
05-27 03:24:26.829 D/Avrcp_ext( 3992): update #3:MediaPlayerInfo com.google.android.youtube (as 'YouTube') Type = 1, SubType = 0, Status = 2 Feature Bits [40 41 42 44 45 47 48 58] Controller: MediaController (com.google.android.youtube@f2fa0ce) The UFO Files | What was America SECRETLY Hiding For 89 Years? | Dhruv Rathee, Dhruv Rathee, Dhruv Rathee
05-27 03:24:26.829 V/Avrcp_ext( 3992): updateNewIds: Addressed:3 to 3, Browse:-1 to -1
05-27 03:24:26.832 D/Avrcp_ext( 3992): updateCurrentController: MediaController (com.google.android.youtube@abd42cc) The UFO Files | What was America SECRETLY Hiding For 89 Years? | Dhruv Rathee, Dhruv Rathee, Dhruv Rathee to MediaController (com.google.android.youtube@f2fa0ce) The UFO Files | What was America SECRETLY Hiding For 89 Years? | Dhruv Rathee, Dhruv Rathee, Dhruv Rathee
05-27 03:24:26.834 V/Avrcp_ext( 3992): updateCurrentMediaState: mMediaController: MediaController (com.google.android.youtube@f2fa0ce) The UFO Files | What was America SECRETLY Hiding For 89 Years? | Dhruv Rathee, Dhruv Rathee, Dhruv Rathee
05-27 03:24:26.834 W/WindowOnBackDispatcher(  770): OnBackInvokedCallback is not enabled for the application.
05-27 03:24:26.834 W/WindowOnBackDispatcher(  770): Set 'android:enableOnBackInvokedCallback="true"' in the application manifest.
05-27 03:24:26.834 W/Avrcp_ext( 3992): isMusicActive: false getBluetoothPlayState: 2 A2dp State: 11 mAudioPlaybackIsActive: false
05-27 03:24:26.834 D/Avrcp_ext( 3992): isMusicActive = false mAudioPlaybackIsActive = false player state = PlaybackState {state=PAUSED(2), position=89537, buffered position=0, speed=1.0, updated=1626108012, actions=8615, custom actions=[], active item id=-1, error=null}
05-27 03:24:26.836 D/Avrcp_ext( 3992): overwrite album_artist :Dhruv Ratheeif album is blank
05-27 03:24:26.837 V/Avrcp_ext( 3992): Media update: id -1➡-1? [MediaAttributes: T⋯e - D⋯e by D⋯e (1350000 0/0) - ] : [MediaAttributes: T⋯e - D⋯e by D⋯e (1350000 0/0) - ]
05-27 03:24:26.837 D/Avrcp_ext( 3992): isPackageNameValid: browsedPackage = com.google.android.youtubeisValid = true
05-27 03:24:26.837 V/Avrcp_ext( 3992): isBrowseSupported for com.google.android.youtube: false
05-27 03:24:26.837 W/Avrcp_ext( 3992): updateCurrentMediaState: isInactivePlayer = false
05-27 03:24:26.837 V/Avrcp_ext( 3992): updatePlaybackState, state: PlaybackState {state=PAUSED(2), position=89537, buffered position=0, speed=1.0, updated=1626108012, actions=8615, custom actions=[], active item id=-1, error=null} device: null
05-27 03:24:26.837 V/Avrcp_ext( 3992): Device: no name: 
05-27 03:24:26.837 V/Avrcp_ext( 3992): Device: no name: 
05-27 03:24:26.837 V/Avrcp_ext( 3992): Device: no name: 
05-27 03:24:26.837 V/Avrcp_ext( 3992): Device: no name: 
05-27 03:24:26.837 V/Avrcp_ext( 3992): Device: no name: 
05-27 03:24:26.837 V/Avrcp_ext( 3992): updatePlayerStateAndPosition, old=PlaybackState {state=PAUSED(2), position=89537, buffered position=0, speed=1.0, updated=1626108012, actions=8615, custom actions=[], active item id=-1, error=null}, state=PlaybackState {state=PAUSED(2), position=89537, buffered position=0, speed=1.0, updated=1626108012, actions=8615, custom actions=[], active item id=-1, error=null}
05-27 03:24:26.837 V/Avrcp_ext( 3992): old state = PlaybackState {state=PAUSED(2), position=89537, buffered position=0, speed=1.0, updated=1626108012, actions=8615, custom actions=[], active item id=-1, error=null}, new state= PlaybackState {state=PAUSED(2), position=89537, buffered position=0, speed=1.0, updated=1626108012, actions=8615, custom actions=[], active item id=-1, error=null}
05-27 03:24:26.837 D/HeadsetService( 3992): getHeadsetService(): returning com.android.bluetooth.hfp.HeadsetService@9390a13
05-27 03:24:26.837 E/HeadsetStateMachine( 3992): returning mCurrentState as Disconnected
05-27 03:24:26.837 E/HeadsetStateMachine( 3992): returning mCurrentState as Disconnected
05-27 03:24:26.837 D/HeadsetService( 3992):  isAudioOn: The number of audio connected devices 0
05-27 03:24:26.837 D/HeadsetService( 3992): isScoOrCallActive(): Call Active:falseCall is Ringing:falseSCO is Active:false
05-27 03:24:26.837 E/HeadsetStateMachine( 3992): returning mCurrentState as Disconnected
05-27 03:24:26.837 E/HeadsetStateMachine( 3992): returning mCurrentState as Disconnected
05-27 03:24:26.837 D/HeadsetService( 3992):  isAudioOn: The number of audio connected devices 0
05-27 03:24:26.837 I/Avrcp_ext( 3992): updatePlayStatusForDevice: device: null
05-27 03:24:26.837 V/Avrcp_ext( 3992): updatePlaybackState (1): old=PlaybackState {state=PAUSED(2), position=89537, buffered position=0, speed=1.0, updated=1626108012, actions=8615, custom actions=[], active item id=-1, error=null}(2), new=PlaybackState {state=PAUSED(2), position=89537, buffered position=0, speed=1.0, updated=1626108012, actions=8615, custom actions=[], active item id=-1, error=null}(2)
05-27 03:24:26.837 I/Avrcp_ext( 3992): Exit updatePlayStatusForDevice
05-27 03:24:26.837 E/HeadsetStateMachine( 3992): returning mCurrentState as Disconnected
05-27 03:24:26.837 E/HeadsetStateMachine( 3992): returning mCurrentState as Disconnected
05-27 03:24:26.837 D/HeadsetService( 3992):  isAudioOn: The number of audio connected devices 0
05-27 03:24:26.837 D/HeadsetService( 3992): isScoOrCallActive(): Call Active:falseCall is Ringing:falseSCO is Active:false
05-27 03:24:26.837 E/HeadsetStateMachine( 3992): returning mCurrentState as Disconnected
05-27 03:24:26.837 E/HeadsetStateMachine( 3992): returning mCurrentState as Disconnected
05-27 03:24:26.837 D/HeadsetService( 3992):  isAudioOn: The number of audio connected devices 0
05-27 03:24:26.837 I/Avrcp_ext( 3992): updatePlayStatusForDevice: device: null
05-27 03:24:26.837 V/Avrcp_ext( 3992): updatePlaybackState (1): old=PlaybackState {state=PAUSED(2), position=89537, buffered position=0, speed=1.0, updated=1626108012, actions=8615, custom actions=[], active item id=-1, error=null}(2), new=PlaybackState {state=PAUSED(2), position=89537, buffered position=0, speed=1.0, updated=1626108012, actions=8615, custom actions=[], active item id=-1, error=null}(2)
05-27 03:24:26.837 I/Avrcp_ext( 3992): Exit updatePlayStatusForDevice
05-27 03:24:26.837 E/HeadsetStateMachine( 3992): returning mCurrentState as Disconnected
05-27 03:24:26.837 E/HeadsetStateMachine( 3992): returning mCurrentState as Disconnected
05-27 03:24:26.837 D/HeadsetService( 3992):  isAudioOn: The number of audio connected devices 0
05-27 03:24:26.837 D/HeadsetService( 3992): isScoOrCallActive(): Call Active:falseCall is Ringing:falseSCO is Active:false
05-27 03:24:26.837 E/HeadsetStateMachine( 3992): returning mCurrentState as Disconnected
05-27 03:24:26.837 E/HeadsetStateMachine( 3992): returning mCurrentState as Disconnected
05-27 03:24:26.837 D/HeadsetService( 3992):  isAudioOn: The number of audio connected devices 0
05-27 03:24:26.837 I/Avrcp_ext( 3992): updatePlayStatusForDevice: device: null
05-27 03:24:26.837 V/Avrcp_ext( 3992): updatePlaybackState (1): old=PlaybackState {state=PAUSED(2), position=89537, buffered position=0, speed=1.0, updated=1626108012, actions=8615, custom actions=[], active item id=-1, error=null}(2), new=PlaybackState {state=PAUSED(2), position=89537, buffered position=0, speed=1.0, updated=1626108012, actions=8615, custom actions=[], active item id=-1, error=null}(2)
05-27 03:24:26.837 I/Avrcp_ext( 3992): Exit updatePlayStatusForDevice
05-27 03:24:26.837 E/HeadsetStateMachine( 3992): returning mCurrentState as Disconnected
05-27 03:24:26.837 E/HeadsetStateMachine( 3992): returning mCurrentState as Disconnected
05-27 03:24:26.837 D/HeadsetService( 3992):  isAudioOn: The number of audio connected devices 0
05-27 03:24:26.837 D/HeadsetService( 3992): isScoOrCallActive(): Call Active:falseCall is Ringing:falseSCO is Active:false
05-27 03:24:26.837 E/HeadsetStateMachine( 3992): returning mCurrentState as Disconnected
05-27 03:24:26.837 E/HeadsetStateMachine( 3992): returning mCurrentState as Disconnected
05-27 03:24:26.837 D/HeadsetService( 3992):  isAudioOn: The number of audio connected devices 0
05-27 03:24:26.837 I/Avrcp_ext( 3992): updatePlayStatusForDevice: device: null
05-27 03:24:26.837 V/Avrcp_ext( 3992): updatePlaybackState (1): old=PlaybackState {state=PAUSED(2), position=89537, buffered position=0, speed=1.0, updated=1626108012, actions=8615, custom actions=[], active item id=-1, error=null}(2), new=PlaybackState {state=PAUSED(2), position=89537, buffered position=0, speed=1.0, updated=1626108012, actions=8615, custom actions=[], active item id=-1, error=null}(2)
05-27 03:24:26.837 I/Avrcp_ext( 3992): Exit updatePlayStatusForDevice
05-27 03:24:26.837 E/HeadsetStateMachine( 3992): returning mCurrentState as Disconnected
05-27 03:24:26.837 E/HeadsetStateMachine( 3992): returning mCurrentState as Disconnected
05-27 03:24:26.837 D/HeadsetService( 3992):  isAudioOn: The number of audio connected devices 0
05-27 03:24:26.837 D/HeadsetService( 3992): isScoOrCallActive(): Call Active:falseCall is Ringing:falseSCO is Active:false
05-27 03:24:26.837 E/HeadsetStateMachine( 3992): returning mCurrentState as Disconnected
05-27 03:24:26.837 E/HeadsetStateMachine( 3992): returning mCurrentState as Disconnected
05-27 03:24:26.837 D/HeadsetService( 3992):  isAudioOn: The number of audio connected devices 0
05-27 03:24:26.838 I/Avrcp_ext( 3992): updatePlayStatusForDevice: device: null
05-27 03:24:26.838 V/Avrcp_ext( 3992): updatePlaybackState (1): old=PlaybackState {state=PAUSED(2), position=89537, buffered position=0, speed=1.0, updated=1626108012, actions=8615, custom actions=[], active item id=-1, error=null}(2), new=PlaybackState {state=PAUSED(2), position=89537, buffered position=0, speed=1.0, updated=1626108012, actions=8615, custom actions=[], active item id=-1, error=null}(2)
05-27 03:24:26.838 I/Avrcp_ext( 3992): Exit updatePlayStatusForDevice
05-27 03:24:26.838 D/Avrcp_ext( 3992): Enter sendPlayPosNotificationRsp
05-27 03:24:26.838 D/Avrcp_ext( 3992): sendPlayPosNotificationRsp: Not registered or requesting.
05-27 03:24:26.838 D/Avrcp_ext( 3992): Enter sendPlayPosNotificationRsp
05-27 03:24:26.838 D/Avrcp_ext( 3992): sendPlayPosNotificationRsp: Not registered or requesting.
05-27 03:24:26.838 D/Avrcp_ext( 3992): Enter sendPlayPosNotificationRsp
05-27 03:24:26.838 D/Avrcp_ext( 3992): sendPlayPosNotificationRsp: Not registered or requesting.
05-27 03:24:26.838 D/Avrcp_ext( 3992): Enter sendPlayPosNotificationRsp
05-27 03:24:26.838 D/Avrcp_ext( 3992): sendPlayPosNotificationRsp: Not registered or requesting.
05-27 03:24:26.838 D/Avrcp_ext( 3992): Enter sendPlayPosNotificationRsp
05-27 03:24:26.838 D/Avrcp_ext( 3992): sendPlayPosNotificationRsp: Not registered or requesting.
05-27 03:24:26.838 V/Avrcp_ext( 3992): Exit updatePlayerStateAndPosition
05-27 03:24:26.838 D/APM: ActiveDeviceManagerServiceLegacy( 3992): getActiveAbsoluteDevice(): device: null
05-27 03:24:26.838 D/APM: ActiveDeviceManagerServiceLegacy( 3992): isStableState(): true
05-27 03:24:26.838 D/Avrcp_ext( 3992): isAdmStable = true activeAbsAddr = null device = null
05-27 03:24:26.838 V/APM: MediaControlManager( 3992): onPlaybackStateChanged
05-27 03:24:26.838 W/McpService( 3992): updatePlaybackState state PlaybackState {state=PAUSED(2), position=89537, buffered position=0, speed=1.0, updated=1626108012, actions=8615, custom actions=[], active item id=-1, error=null}
05-27 03:24:26.838 W/McpService( 3992): updatePlaybackState mState: 2 state: 2
05-27 03:24:26.838 W/Avrcp_ext( 3992): updated player state = PlaybackState {state=PAUSED(2), position=89537, buffered position=0, speed=1.0, updated=1626108012, actions=8615, custom actions=[], active item id=-1, error=null}to MCP module also
05-27 03:24:26.838 V/Avrcp_ext( 3992): ActiveSession: MediaController (ai.perplexity.app.android@645101) null
05-27 03:24:26.838 V/Avrcp_ext( 3992): isBrowseSupported for ai.perplexity.app.android: false
05-27 03:24:26.838 D/Avrcp_ext( 3992): Adding media player info for ai.perplexity.app.android with id 1
05-27 03:24:26.838 D/Avrcp_ext( 3992): update #1:MediaPlayerInfo ai.perplexity.app.android (as 'Perplexity') Type = 1, SubType = 0, Status = 0 Feature Bits [40 41 42 44 45 47 48 58] Controller: MediaController (ai.perplexity.app.android@645101) null
05-27 03:24:26.840 V/Avrcp_ext( 3992): updateCurrentMediaState: mMediaController: MediaController (com.google.android.youtube@f2fa0ce) The UFO Files | What was America SECRETLY Hiding For 89 Years? | Dhruv Rathee, Dhruv Rathee, Dhruv Rathee
05-27 03:24:26.840 W/Avrcp_ext( 3992): isMusicActive: false getBluetoothPlayState: 2 A2dp State: 11 mAudioPlaybackIsActive: false
05-27 03:24:26.840 D/Avrcp_ext( 3992): isMusicActive = false mAudioPlaybackIsActive = false player state = PlaybackState {state=PAUSED(2), position=89537, buffered position=0, speed=1.0, updated=1626108012, actions=8615, custom actions=[], active item id=-1, error=null}
05-27 03:24:26.841 D/Avrcp_ext( 3992): overwrite album_artist :Dhruv Ratheeif album is blank
05-27 03:24:26.842 V/Avrcp_ext( 3992): Media update: id -1➡-1? [MediaAttributes: T⋯e - D⋯e by D⋯e (1350000 0/0) - ] : [MediaAttributes: T⋯e - D⋯e by D⋯e (1350000 0/0) - ]
05-27 03:24:26.842 D/Avrcp_ext( 3992): isPackageNameValid: browsedPackage = com.google.android.youtubeisValid = true
05-27 03:24:26.842 V/Avrcp_ext( 3992): isBrowseSupported for com.google.android.youtube: false
05-27 03:24:26.842 W/Avrcp_ext( 3992): updateCurrentMediaState: isInactivePlayer = false
05-27 03:24:26.842 V/Avrcp_ext( 3992): updatePlaybackState, state: PlaybackState {state=PAUSED(2), position=89537, buffered position=0, speed=1.0, updated=1626108012, actions=8615, custom actions=[], active item id=-1, error=null} device: null
05-27 03:24:26.842 V/Avrcp_ext( 3992): Device: no name: 
05-27 03:24:26.842 V/Avrcp_ext( 3992): Device: no name: 
05-27 03:24:26.842 V/Avrcp_ext( 3992): Device: no name: 
05-27 03:24:26.842 V/Avrcp_ext( 3992): Device: no name: 
05-27 03:24:26.842 V/Avrcp_ext( 3992): Device: no name: 
05-27 03:24:26.842 V/Avrcp_ext( 3992): updatePlayerStateAndPosition, old=PlaybackState {state=PAUSED(2), position=89537, buffered position=0, speed=1.0, updated=1626108012, actions=8615, custom actions=[], active item id=-1, error=null}, state=PlaybackState {state=PAUSED(2), position=89537, buffered position=0, speed=1.0, updated=1626108012, actions=8615, custom actions=[], active item id=-1, error=null}
05-27 03:24:26.842 V/Avrcp_ext( 3992): old state = PlaybackState {state=PAUSED(2), position=89537, buffered position=0, speed=1.0, updated=1626108012, actions=8615, custom actions=[], active item id=-1, error=null}, new state= PlaybackState {state=PAUSED(2), position=89537, buffered position=0, speed=1.0, updated=1626108012, actions=8615, custom actions=[], active item id=-1, error=null}
05-27 03:24:26.842 D/HeadsetService( 3992): getHeadsetService(): returning com.android.bluetooth.hfp.HeadsetService@9390a13
05-27 03:24:26.842 E/HeadsetStateMachine( 3992): returning mCurrentState as Disconnected
05-27 03:24:26.842 E/HeadsetStateMachine( 3992): returning mCurrentState as Disconnected
05-27 03:24:26.842 D/HeadsetService( 3992):  isAudioOn: The number of audio connected devices 0
05-27 03:24:26.842 D/HeadsetService( 3992): isScoOrCallActive(): Call Active:falseCall is Ringing:falseSCO is Active:false
05-27 03:24:26.842 E/HeadsetStateMachine( 3992): returning mCurrentState as Disconnected
05-27 03:24:26.842 E/HeadsetStateMachine( 3992): returning mCurrentState as Disconnected
05-27 03:24:26.842 D/HeadsetService( 3992):  isAudioOn: The number of audio connected devices 0
05-27 03:24:26.842 I/Avrcp_ext( 3992): updatePlayStatusForDevice: device: null
05-27 03:24:26.842 V/Avrcp_ext( 3992): updatePlaybackState (1): old=PlaybackState {state=PAUSED(2), position=89537, buffered position=0, speed=1.0, updated=1626108012, actions=8615, custom actions=[], active item id=-1, error=null}(2), new=PlaybackState {state=PAUSED(2), position=89537, buffered position=0, speed=1.0, updated=1626108012, actions=8615, custom actions=[], active item id=-1, error=null}(2)
05-27 03:24:26.842 I/Avrcp_ext( 3992): Exit updatePlayStatusForDevice
05-27 03:24:26.842 E/HeadsetStateMachine( 3992): returning mCurrentState as Disconnected
05-27 03:24:26.842 E/HeadsetStateMachine( 3992): returning mCurrentState as Disconnected
05-27 03:24:26.842 D/HeadsetService( 3992):  isAudioOn: The number of audio connected devices 0
05-27 03:24:26.842 D/HeadsetService( 3992): isScoOrCallActive(): Call Active:falseCall is Ringing:falseSCO is Active:false
05-27 03:24:26.842 E/HeadsetStateMachine( 3992): returning mCurrentState as Disconnected
05-27 03:24:26.842 E/HeadsetStateMachine( 3992): returning mCurrentState as Disconnected
05-27 03:24:26.842 D/HeadsetService( 3992):  isAudioOn: The number of audio connected devices 0
05-27 03:24:26.842 I/Avrcp_ext( 3992): updatePlayStatusForDevice: device: null
05-27 03:24:26.842 V/Avrcp_ext( 3992): updatePlaybackState (1): old=PlaybackState {state=PAUSED(2), position=89537, buffered position=0, speed=1.0, updated=1626108012, actions=8615, custom actions=[], active item id=-1, error=null}(2), new=PlaybackState {state=PAUSED(2), position=89537, buffered position=0, speed=1.0, updated=1626108012, actions=8615, custom actions=[], active item id=-1, error=null}(2)
05-27 03:24:26.842 I/Avrcp_ext( 3992): Exit updatePlayStatusForDevice
05-27 03:24:26.842 E/HeadsetStateMachine( 3992): returning mCurrentState as Disconnected
05-27 03:24:26.842 E/HeadsetStateMachine( 3992): returning mCurrentState as Disconnected
05-27 03:24:26.842 D/HeadsetService( 3992):  isAudioOn: The number of audio connected devices 0
05-27 03:24:26.842 D/HeadsetService( 3992): isScoOrCallActive(): Call Active:falseCall is Ringing:falseSCO is Active:false
05-27 03:24:26.842 E/HeadsetStateMachine( 3992): returning mCurrentState as Disconnected
05-27 03:24:26.842 E/HeadsetStateMachine( 3992): returning mCurrentState as Disconnected
05-27 03:24:26.842 D/HeadsetService( 3992):  isAudioOn: The number of audio connected devices 0
05-27 03:24:26.842 I/Avrcp_ext( 3992): updatePlayStatusForDevice: device: null
05-27 03:24:26.842 V/Avrcp_ext( 3992): updatePlaybackState (1): old=PlaybackState {state=PAUSED(2), position=89537, buffered position=0, speed=1.0, updated=1626108012, actions=8615, custom actions=[], active item id=-1, error=null}(2), new=PlaybackState {state=PAUSED(2), position=89537, buffered position=0, speed=1.0, updated=1626108012, actions=8615, custom actions=[], active item id=-1, error=null}(2)
05-27 03:24:26.842 I/Avrcp_ext( 3992): Exit updatePlayStatusForDevice
05-27 03:24:26.842 E/HeadsetStateMachine( 3992): returning mCurrentState as Disconnected
05-27 03:24:26.842 E/HeadsetStateMachine( 3992): returning mCurrentState as Disconnected
05-27 03:24:26.842 D/HeadsetService( 3992):  isAudioOn: The number of audio connected devices 0
05-27 03:24:26.842 D/HeadsetService( 3992): isScoOrCallActive(): Call Active:falseCall is Ringing:falseSCO is Active:false
05-27 03:24:26.842 E/HeadsetStateMachine( 3992): returning mCurrentState as Disconnected
05-27 03:24:26.842 E/HeadsetStateMachine( 3992): returning mCurrentState as Disconnected
05-27 03:24:26.842 D/HeadsetService( 3992):  isAudioOn: The number of audio connected devices 0
05-27 03:24:26.842 I/Avrcp_ext( 3992): updatePlayStatusForDevice: device: null
05-27 03:24:26.842 V/Avrcp_ext( 3992): updatePlaybackState (1): old=PlaybackState {state=PAUSED(2), position=89537, buffered position=0, speed=1.0, updated=1626108012, actions=8615, custom actions=[], active item id=-1, error=null}(2), new=PlaybackState {state=PAUSED(2), position=89537, buffered position=0, speed=1.0, updated=1626108012, actions=8615, custom actions=[], active item id=-1, error=null}(2)
05-27 03:24:26.842 I/Avrcp_ext( 3992): Exit updatePlayStatusForDevice
05-27 03:24:26.842 E/HeadsetStateMachine( 3992): returning mCurrentState as Disconnected
05-27 03:24:26.842 E/HeadsetStateMachine( 3992): returning mCurrentState as Disconnected
05-27 03:24:26.842 D/HeadsetService( 3992):  isAudioOn: The number of audio connected devices 0
05-27 03:24:26.842 D/HeadsetService( 3992): isScoOrCallActive(): Call Active:falseCall is Ringing:falseSCO is Active:false
05-27 03:24:26.843 E/HeadsetStateMachine( 3992): returning mCurrentState as Disconnected
05-27 03:24:26.843 E/HeadsetStateMachine( 3992): returning mCurrentState as Disconnected
05-27 03:24:26.843 D/HeadsetService( 3992):  isAudioOn: The number of audio connected devices 0
05-27 03:24:26.843 I/Avrcp_ext( 3992): updatePlayStatusForDevice: device: null
05-27 03:24:26.843 V/Avrcp_ext( 3992): updatePlaybackState (1): old=PlaybackState {state=PAUSED(2), position=89537, buffered position=0, speed=1.0, updated=1626108012, actions=8615, custom actions=[], active item id=-1, error=null}(2), new=PlaybackState {state=PAUSED(2), position=89537, buffered position=0, speed=1.0, updated=1626108012, actions=8615, custom actions=[], active item id=-1, error=null}(2)
05-27 03:24:26.843 I/Avrcp_ext( 3992): Exit updatePlayStatusForDevice
