05-27 03:19:22.739 V/Avrcp_ext( 3992): updatePlaybackState, state: PlaybackState {state=PLAYING(3), position=706, buffered position=0, speed=1.0, updated=1654951882, actions=7339703, custom actions=[], active item id=0, error=null} device: null
05-27 03:19:22.739 V/Avrcp_ext( 3992): Device: no name: 
05-27 03:19:22.739 V/Avrcp_ext( 3992): Device: no name: 
05-27 03:19:22.739 V/Avrcp_ext( 3992): Device: no name: 
05-27 03:19:22.739 V/Avrcp_ext( 3992): Device: no name: 
05-27 03:19:22.739 V/Avrcp_ext( 3992): Device: no name: 
05-27 03:19:22.739 V/Avrcp_ext( 3992): updatePlayerStateAndPosition, old=PlaybackState {state=PLAYING(3), position=6, buffered position=0, speed=1.0, updated=1654951182, actions=7339703, custom actions=[], active item id=0, error=null}, state=PlaybackState {state=PLAYING(3), position=706, buffered position=0, speed=1.0, updated=1654951882, actions=7339703, custom actions=[], active item id=0, error=null}
05-27 03:19:22.739 V/Avrcp_ext( 3992): old state = PlaybackState {state=PLAYING(3), position=6, buffered position=0, speed=1.0, updated=1654951182, actions=7339703, custom actions=[], active item id=0, error=null}, new state= PlaybackState {state=PLAYING(3), position=706, buffered position=0, speed=1.0, updated=1654951882, actions=7339703, custom actions=[], active item id=0, error=null}
05-27 03:19:22.739 D/HeadsetService( 3992): getHeadsetService(): returning com.android.bluetooth.hfp.HeadsetService@9390a13
05-27 03:19:22.739 E/HeadsetStateMachine( 3992): returning mCurrentState as Disconnected
05-27 03:19:22.739 E/HeadsetStateMachine( 3992): returning mCurrentState as Disconnected
05-27 03:19:22.739 D/HeadsetService( 3992):  isAudioOn: The number of audio connected devices 0
05-27 03:19:22.739 D/HeadsetService( 3992): isScoOrCallActive(): Call Active:falseCall is Ringing:falseSCO is Active:false
05-27 03:19:22.739 E/HeadsetStateMachine( 3992): returning mCurrentState as Disconnected
05-27 03:19:22.739 E/HeadsetStateMachine( 3992): returning mCurrentState as Disconnected
05-27 03:19:22.739 D/HeadsetService( 3992):  isAudioOn: The number of audio connected devices 0
05-27 03:19:22.739 V/Avrcp_ext( 3992): isPlayStateTobeUpdated: device: null
05-27 03:19:22.739 V/Avrcp_ext( 3992): Single connection exists
05-27 03:19:22.739 E/HeadsetStateMachine( 3992): returning mCurrentState as Disconnected
05-27 03:19:22.739 E/HeadsetStateMachine( 3992): returning mCurrentState as Disconnected
05-27 03:19:22.739 D/HeadsetService( 3992):  isAudioOn: The number of audio connected devices 0
05-27 03:19:22.739 D/HeadsetService( 3992): isScoOrCallActive(): Call Active:falseCall is Ringing:falseSCO is Active:false
05-27 03:19:22.739 E/HeadsetStateMachine( 3992): returning mCurrentState as Disconnected
05-27 03:19:22.739 E/HeadsetStateMachine( 3992): returning mCurrentState as Disconnected
05-27 03:19:22.740 D/HeadsetService( 3992):  isAudioOn: The number of audio connected devices 0
05-27 03:19:22.740 V/Avrcp_ext( 3992): isPlayStateTobeUpdated: device: null
05-27 03:19:22.740 V/Avrcp_ext( 3992): Single connection exists
05-27 03:19:22.740 E/HeadsetStateMachine( 3992): returning mCurrentState as Disconnected
05-27 03:19:22.740 E/HeadsetStateMachine( 3992): returning mCurrentState as Disconnected
05-27 03:19:22.740 D/HeadsetService( 3992):  isAudioOn: The number of audio connected devices 0
05-27 03:19:22.740 D/HeadsetService( 3992): isScoOrCallActive(): Call Active:falseCall is Ringing:falseSCO is Active:false
05-27 03:19:22.740 E/HeadsetStateMachine( 3992): returning mCurrentState as Disconnected
05-27 03:19:22.740 E/HeadsetStateMachine( 3992): returning mCurrentState as Disconnected
05-27 03:19:22.740 D/HeadsetService( 3992):  isAudioOn: The number of audio connected devices 0
05-27 03:19:22.740 V/Avrcp_ext( 3992): isPlayStateTobeUpdated: device: null
05-27 03:19:22.740 V/Avrcp_ext( 3992): Single connection exists
05-27 03:19:22.740 E/HeadsetStateMachine( 3992): returning mCurrentState as Disconnected
05-27 03:19:22.740 E/HeadsetStateMachine( 3992): returning mCurrentState as Disconnected
05-27 03:19:22.740 D/HeadsetService( 3992):  isAudioOn: The number of audio connected devices 0
05-27 03:19:22.740 D/HeadsetService( 3992): isScoOrCallActive(): Call Active:falseCall is Ringing:falseSCO is Active:false
05-27 03:19:22.740 E/HeadsetStateMachine( 3992): returning mCurrentState as Disconnected
05-27 03:19:22.740 E/HeadsetStateMachine( 3992): returning mCurrentState as Disconnected
05-27 03:19:22.740 D/HeadsetService( 3992):  isAudioOn: The number of audio connected devices 0
05-27 03:19:22.740 V/Avrcp_ext( 3992): isPlayStateTobeUpdated: device: null
05-27 03:19:22.740 V/Avrcp_ext( 3992): Single connection exists
05-27 03:19:22.740 E/HeadsetStateMachine( 3992): returning mCurrentState as Disconnected
05-27 03:19:22.740 E/HeadsetStateMachine( 3992): returning mCurrentState as Disconnected
05-27 03:19:22.740 D/HeadsetService( 3992):  isAudioOn: The number of audio connected devices 0
05-27 03:19:22.740 D/HeadsetService( 3992): isScoOrCallActive(): Call Active:falseCall is Ringing:falseSCO is Active:false
05-27 03:19:22.740 E/HeadsetStateMachine( 3992): returning mCurrentState as Disconnected
05-27 03:19:22.740 E/HeadsetStateMachine( 3992): returning mCurrentState as Disconnected
05-27 03:19:22.740 D/HeadsetService( 3992):  isAudioOn: The number of audio connected devices 0
05-27 03:19:22.740 V/Avrcp_ext( 3992): isPlayStateTobeUpdated: device: null
05-27 03:19:22.740 V/Avrcp_ext( 3992): Single connection exists
05-27 03:19:22.740 D/Avrcp_ext( 3992): Enter sendPlayPosNotificationRsp
05-27 03:19:22.740 D/Avrcp_ext( 3992): sendPlayPosNotificationRsp: Not registered or requesting.
05-27 03:19:22.740 D/Avrcp_ext( 3992): Enter sendPlayPosNotificationRsp
05-27 03:19:22.740 D/Avrcp_ext( 3992): sendPlayPosNotificationRsp: Not registered or requesting.
05-27 03:19:22.740 D/Avrcp_ext( 3992): Enter sendPlayPosNotificationRsp
05-27 03:19:22.740 D/Avrcp_ext( 3992): sendPlayPosNotificationRsp: Not registered or requesting.
05-27 03:19:22.740 D/Avrcp_ext( 3992): Enter sendPlayPosNotificationRsp
05-27 03:19:22.740 D/Avrcp_ext( 3992): sendPlayPosNotificationRsp: Not registered or requesting.
05-27 03:19:22.740 D/Avrcp_ext( 3992): Enter sendPlayPosNotificationRsp
05-27 03:19:22.740 D/Avrcp_ext( 3992): sendPlayPosNotificationRsp: Not registered or requesting.
05-27 03:19:22.740 V/Avrcp_ext( 3992): Exit updatePlayerStateAndPosition
05-27 03:19:22.740 D/APM: ActiveDeviceManagerServiceLegacy( 3992): getActiveAbsoluteDevice(): device: null
05-27 03:19:22.740 D/APM: ActiveDeviceManagerServiceLegacy( 3992): isStableState(): true
05-27 03:19:22.740 D/Avrcp_ext( 3992): isAdmStable = true activeAbsAddr = null device = null
05-27 03:19:22.740 V/APM: MediaControlManager( 3992): onPlaybackStateChanged
05-27 03:19:22.740 W/McpService( 3992): updatePlaybackState state PlaybackState {state=PLAYING(3), position=706, buffered position=0, speed=1.0, updated=1654951882, actions=7339703, custom actions=[], active item id=0, error=null}
05-27 03:19:22.740 W/McpService( 3992): updatePlaybackState mState: 1 state: 1
05-27 03:19:22.740 W/Avrcp_ext( 3992): updated player state = PlaybackState {state=PLAYING(3), position=706, buffered position=0, speed=1.0, updated=1654951882, actions=7339703, custom actions=[], active item id=0, error=null}to MCP module also
05-27 03:19:22.747 I/RemoteProvisionSysSvc( 3077): getRegistration(android.hardware.security.keymint.IRemotelyProvisionedComponent/default)
05-27 03:19:22.748 I/RegistrationProxy( 3077): onServiceConnected: com.android.rkpdapp.service.RemoteProvisioningService
05-27 03:19:22.749 I/RegistrationProxy( 3077): IGetRegistrationCallback.onSuccess
05-27 03:19:22.750 E/RemoteProvisionSysSvc( 3077): RKP not allowed. Key 10207 for client 56840653
05-27 03:19:22.750 E/keystore2( 1354): system/security/keystore2/src/rkpd_client.rs:172 - IGetKeyCallback failed: Device doesnot support RKP
05-27 03:19:22.750 W/keystore2( 1354): system/security/keystore2/src/remote_provisioning.rs:102 - Error occurred: system/security/keystore2/src/rkpd_client.rs:187: GetKeyCallback failed: r#ERROR_UNKNOWN "Device doesnot support RKP"
05-27 03:19:22.750 W/keystore2( 1354): 
05-27 03:19:22.750 W/keystore2( 1354): Caused by:
05-27 03:19:22.750 W/keystore2( 1354):     Error::Rc(r#OUT_OF_KEYS_TRANSIENT_ERROR)
05-27 03:19:22.752 D/DrmLibTime( 1269): got the req here! ret=0
05-27 03:19:22.752 D/DrmLibTime( 1269): command id, time_cmd_id = 770
05-27 03:19:22.752 D/DrmLibTime( 1269): time_getutcsec starts!
05-27 03:19:22.752 D/DrmLibTime( 1269): QSEE Time Listener: time_getutcsec
05-27 03:19:22.752 D/DrmLibTime( 1269): QSEE Time Listener: get_utc_seconds
05-27 03:19:22.752 D/DrmLibTime( 1269): QSEE Time Listener: time_get_modem_time
05-27 03:19:22.752 D/DrmLibTime( 1269): QSEE Time Listener: Checking if ATS_MODEM is set or not.
05-27 03:19:22.752 D/QC-time-services( 1269): Lib:time_genoff_operation: pargs->base = 13
05-27 03:19:22.752 D/QC-time-services( 1269): Lib:time_genoff_operation: pargs->operation = 2
05-27 03:19:22.752 D/QC-time-services( 1269): Lib:time_genoff_operation: pargs->ts_val = 0
05-27 03:19:22.752 D/QC-time-services( 1269): Lib:time_genoff_operation: Send to server  passed!!
05-27 03:19:22.752 D/QC-time-services( 1573): Daemon: Connection accepted:time_genoff
05-27 03:19:22.752 D/QC-time-services( 1573): Daemon:Received base = 13, unit = 1, operation = 2,value = 0
05-27 03:19:22.752 D/QC-time-services( 1573): Daemon:genoff_opr: Base = 13, val = 0, operation = 2
05-27 03:19:22.752 D/QC-time-services( 1573): offset is: 1 for base: 13
05-27 03:19:22.752 E/QC-time-services( 1269): Receive Passed == base = 13, unit = 1, operation = 2, result = 0
05-27 03:19:22.752 D/DrmLibTime( 1269): QSEE Time Listener: ATS_MODEM is set. Try to retrieve it.
05-27 03:19:22.752 E/QC-time-services( 1573): Daemon: Time-services: Waiting to acceptconnection
05-27 03:19:22.752 D/QC-time-services( 1573): Daemon: Connection accepted:time_genoff
05-27 03:19:22.753 D/QC-time-services( 1573): Daemon:Received base = 13, unit = 1, operation = 1,value = 0
05-27 03:19:22.753 D/QC-time-services( 1573): Daemon:genoff_opr: Base = 13, val = 0, operation = 1
05-27 03:19:22.753 D/QC-time-services( 1573): Daemon: genoff get for 13
05-27 03:19:22.753 D/QC-time-services( 1573): Daemon:Value read from QTimer mseconds = 1654955814
05-27 03:19:22.753 D/QC-time-services( 1573): Daemon:Value read from RTC mseconds on boot = 18280000
05-27 03:19:22.753 D/QC-time-services( 1573): Daemon:Value read from QTimer mseconds = 1654955814
05-27 03:19:22.753 D/QC-time-services( 1573): Daemon:Value read from generic offset = 1778158931900
05-27 03:19:22.753 D/QC-time-services( 1573): Daemon:Delta read on boot mseconds = 18270199
05-27 03:19:22.753 D/QC-time-services( 1573): Daemon:Final Time = 1779832157913
05-27 03:19:22.753 D/DrmLibTime( 1269): QSEE Time Listener: Time GenOff - seconds: 1779832157
05-27 03:19:22.753 D/DrmLibTime( 1269): time_getutcsec returns 0, sec = 1779832157; nsec = 0
05-27 03:19:22.753 D/DrmLibTime( 1269): time_getutcsec finished! 
05-27 03:19:22.753 D/DrmLibTime( 1269): iotcl_continue_command finished! and return 0 
05-27 03:19:22.753 D/DrmLibTime( 1269): before calling ioctl to read the next time_cmd
05-27 03:19:22.753 E/QC-time-services( 1573): Daemon: Time-services: Waiting to acceptconnection
05-27 03:19:22.765 E/minksocket( 1748): MinkIPC_QRTR_Service: client with node 1 port 723b went down
05-27 03:19:22.765 E/minksocket( 1748): MinkIPC_QRTR_Service: client with node 1 port 723c went down
05-27 03:19:22.766 E/minksocket( 1748): MinkIPC_QRTR_Service: client with node 1 port 723d went down
05-27 03:19:22.767 E/minksocket( 1748): MinkIPC_QRTR_Service: client with node 1 port 723e went down
05-27 03:19:22.795 I/sensors-hal( 1753): handle_indication_realtime:467,  SCHED_FIFO(10) for qmi_cbk
05-27 03:19:22.797 I/Finsky  (16651): [993] Integrity key attestation record generated successfully.
05-27 03:19:22.815 I/sensors-hal( 1753): activate:173, android.sensor.game_rotation_vector/151 en=0
05-27 03:19:22.815 I/sensors-hal( 1753): handle_indication_realtime:455, qmi indication is coming while connection is being closed
05-27 03:19:22.816 I/sensors-hal( 1753): activate:184, android.sensor.game_rotation_vector/151 en=0 completed
05-27 03:19:22.816 E/minksocket( 1748): MinkIPC_QRTR_Service: client with node 1 port 723a went down
05-27 03:19:22.923 I/PlayCore(31194): UID: [10521]  PID: [31194] OnWarmUpIntegrityTokenCallback : onWarmUpExpressIntegrityToken
05-27 03:19:22.923 I/PlayCore(31194): UID: [10521]  PID: [31194] StandardIntegrity : Unbind from service.
05-27 03:19:22.929 I/PlayCore(31194): UID: [10521]  PID: [31194] StandardIntegrity : requestExpressIntegrityToken(-3419427603372105308)
05-27 03:19:22.929 I/PlayCore(31194): UID: [10521]  PID: [31194] StandardIntegrity : Initiate binding to the service.
05-27 03:19:22.932 I/MotoDesktopLog(18909): [ NotificationMonitorService ] - onNotificationPosted: Notification(channel=default_channel_id shortcut=null contentView=null vibrate=null sound=null defaults=0x0 flags=0x68 color=0x00000000 category=transport groupKey=media3_group_key actions=3 vis=PUBLIC)
05-27 03:19:22.934 I/PlayCore(31194): UID: [10521]  PID: [31194] StandardIntegrity : ServiceConnectionImpl.onServiceConnected(ComponentInfo{com.android.vending/com.google.android.finsky.expressintegrityservice.ExpressIntegrityService})
05-27 03:19:22.934 I/PlayCore(31194): UID: [10521]  PID: [31194] StandardIntegrity : linkToDeath
05-27 03:19:22.936 I/PlayCore(31194): UID: [10521]  PID: [31194] OnRequestIntegrityTokenCallback : onRequestExpressIntegrityToken
05-27 03:19:22.936 I/PlayCore(31194): UID: [10521]  PID: [31194] StandardIntegrity : Unbind from service.
05-27 03:19:23.135 D/FolioNotificationManager( 7709): Pipeline: onEntryBind key = 0|com.deepeye.musicpro.debug|1001|null|10521
05-27 03:19:23.138 D/FolioNotificationManager( 7709): Pipeline: onEntryUpdated key = 0|com.deepeye.musicpro.debug|1001|null|10521
05-27 03:19:23.138 D/FolioManager( 7709): notificationAdded: key = 0|com.deepeye.musicpro.debug|1001|null|10521
05-27 03:19:23.142 D/ActivityManager( 3077): freezing 25451 com.google.android.apps.photos, reason = oom_cached
05-27 03:19:23.145 D/ActivityManager( 3077): freezing 29366 com.motorola.camera3, reason = oom_cached
05-27 03:19:23.218 W/ConstraintSet( 7709): id unknown center_vertical_guideline
05-27 03:19:23.218 W/ConstraintSet( 7709): id unknown action_button_guideline
05-27 03:19:23.218 W/ConstraintSet( 7709): id unknown icon
05-27 03:19:23.218 W/ConstraintSet( 7709): id unknown media_seamless
05-27 03:19:23.218 W/ConstraintSet( 7709): id unknown media_action_barrier_start
05-27 03:19:23.218 W/ConstraintSet( 7709): id unknown media_action_barrier_end
05-27 03:19:23.218 W/ConstraintSet( 7709): id unknown media_action_barrier_top
05-27 03:19:23.218 W/ConstraintSet( 7709): id unknown remove_text
05-27 03:19:23.218 W/ConstraintSet( 7709): id unknown settings
05-27 03:19:23.218 W/ConstraintSet( 7709): id unknown dismiss
05-27 03:19:23.218 W/ConstraintSet( 7709): id unknown cancel
05-27 03:19:23.304 D/Avrcp_ext( 3992): AudioManager Player: AudioPlaybackConfiguration piid:41711 deviceId:0 type:android.media.SoundPool u/pid:10342/7709 state:idle attr:AudioAttributes: usage=USAGE_ASSISTANCE_SONIFICATION content=CONTENT_TYPE_SONIFICATION flags=0x800 tags= bundle=null sessionId:0 mutedState:none  FormatInfo{isSpatialized=false, channelMask=0x0, sampleRate=0}
05-27 03:19:23.305 D/Avrcp_ext( 3992): AudioManager Player: AudioPlaybackConfiguration piid:49551 deviceId:0 type:android.media.AudioTrack u/pid:10289/19271 state:paused attr:AudioAttributes: usage=USAGE_MEDIA content=CONTENT_TYPE_MUSIC flags=0xA00 tags= bundle=null sessionId:44585 mutedState:none  FormatInfo{isSpatialized=false, channelMask=0x3, sampleRate=48000}
05-27 03:19:23.305 D/Avrcp_ext( 3992): AudioManager Player: AudioPlaybackConfiguration piid:49615 deviceId:2 type:android.media.MediaPlayer u/pid:10342/7709 state:stopped attr:AudioAttributes: usage=USAGE_VOICE_COMMUNICATION content=CONTENT_TYPE_SONIFICATION flags=0x800 tags= bundle=null sessionId:45185 mutedState:none  FormatInfo{isSpatialized=false, channelMask=0x1, sampleRate=44100}
05-27 03:19:23.305 D/Avrcp_ext( 3992): AudioManager Player: AudioPlaybackConfiguration piid:63 deviceId:0 type:android.media.SoundPool u/pid:1000/3077 state:idle attr:AudioAttributes: usage=USAGE_ASSISTANCE_SONIFICATION content=CONTENT_TYPE_SONIFICATION flags=0x800 tags= bundle=null sessionId:0 mutedState:none  FormatInfo{isSpatialized=false, channelMask=0x0, sampleRate=0}
05-27 03:19:23.305 W/AudioFlinger( 1880): The package name(android) provided does not correspond to the uid 1041
05-27 03:19:23.305 D/Avrcp_ext( 3992): AudioManager Player: AudioPlaybackConfiguration piid:38399 deviceId:0 type:android.media.SoundPool u/pid:1027/6379 state:idle attr:AudioAttributes: usage=USAGE_ASSISTANCE_SONIFICATION content=CONTENT_TYPE_SONIFICATION flags=0x800 tags= bundle=null sessionId:0 mutedState:none  FormatInfo{isSpatialized=false, channelMask=0x0, sampleRate=0}
05-27 03:19:23.305 D/Avrcp_ext( 3992): AudioManager Player: AudioPlaybackConfiguration piid:50239 deviceId:0 type:android.media.AudioTrack u/pid:10521/31194 state:started attr:AudioAttributes: usage=USAGE_MEDIA content=CONTENT_TYPE_MUSIC flags=0xE00 tags= bundle=null sessionId:45841 mutedState:none  FormatInfo{isSpatialized=false, channelMask=0x0, sampleRate=0}
05-27 03:19:23.305 I/EffectsFactory( 1756): EffectCreate() create_effect
05-27 03:19:23.305 D/Avrcp_ext( 3992): AudioManager Player in started state: com.deepeye.musicpro.debug
05-27 03:19:23.305 D/Avrcp_ext( 3992): AudioManager Active Player: com.deepeye.musicpro.debug
05-27 03:19:23.305 D/Avrcp_ext( 3992): AudioManager isPlaying: true, mAudioPlaybackIsActive = false
05-27 03:19:23.305 V/Avrcp_ext( 3992): AvrcpMessageHandler: received message=38
05-27 03:19:23.305 D/Avrcp_ext( 3992): MSG_UPDATE_CURRENT_MEDIA_STATE
05-27 03:19:23.306 D/AudioFlinger( 1880): effectCreated()
05-27 03:19:23.306 W/AudioFlinger( 1880): The package name(android) provided does not correspond to the uid 1041
05-27 03:19:23.307 I/EffectsFactory( 1756): EffectCreate() create_effect
05-27 03:19:23.307 V/DlbVolumeListener( 1756): Create Dolby Listener Effect.
05-27 03:19:23.307 V/DlbVolumeListener( 1756): create CREATED_CONTEXT 0xb400007a7d84fb00 sessionId 45841 ioId 29
05-27 03:19:23.307 I/DlbVolumeListener( 1756): create() Created effect Music Listener
05-27 03:19:23.307 V/DlbVolumeListener( 1756): effectGetDescriptor
05-27 03:19:23.307 I/DlbVolumeListener( 1756): effectGetDescriptor() Returning descriptor for Music Listener
05-27 03:19:23.307 V/DlbVolumeListener( 1756): effectGetDescriptor
05-27 03:19:23.307 I/DlbVolumeListener( 1756): effectGetDescriptor() Returning descriptor for Music Listener
05-27 03:19:23.307 V/DlbVolumeListener( 1756): effectCommand
05-27 03:19:23.307 V/DlbVolumeListener( 1756): effectCommand :: Command EFFECT_CMD_INIT
05-27 03:19:23.307 V/DlbVolumeListener( 1756): effectCommand
05-27 03:19:23.307 D/DlbVolumeListener( 1756): effectCommand :: Command EFFECT_CMD_OFFLOAD offload=0 ioHandle=29
05-27 03:19:23.307 V/DlbVolumeListener( 1756): effectCommand
05-27 03:19:23.307 V/DlbVolumeListener( 1756): effectCommand :: Command EFFECT_CMD_SET_CONFIG
05-27 03:19:23.307 V/DlbVolumeListener( 1756): effectCommand
05-27 03:19:23.307 V/DlbVolumeListener( 1756): effectCommand :: Command EFFECT_CMD_SET_CONFIG
05-27 03:19:23.307 V/DlbVolumeListener( 1756): effectCommand
05-27 03:19:23.307 D/AudioFlinger( 1880): effectCreated()
05-27 03:19:23.307 D/APM_AudioPolicyManager( 1880): startOutput() output 29, stream 3, session 45841
05-27 03:19:23.308 D/DlbDlbEffect( 1756): handle_EFFECT_CMD_DISABLE()
05-27 03:19:23.308 D/DlbEffectDap( 1756): updateProcessEnabled(enabled=0, bypassed=0)
05-27 03:19:23.308 D/DlbCrossfadeProcess( 1756): setEnabled transitioning from FADE_TO_ACTIVE state to FADE_TO_BYPASS
05-27 03:19:23.308 V/Avrcp_ext( 3992): updateCurrentMediaState: mMediaController: MediaController (com.deepeye.musicpro.debug@c981408) Chaand Baaliyan – Aditya A. | Trending Song | Official Video, Sony Music India, null
05-27 03:19:23.308 W/Avrcp_ext( 3992): isMusicActive: false getBluetoothPlayState: 1 A2dp State: 11 mAudioPlaybackIsActive: true
05-27 03:19:23.308 D/Avrcp_ext( 3992): isMusicActive = false mAudioPlaybackIsActive = true player state = PlaybackState {state=PLAYING(3), position=1281, buffered position=0, speed=1.0, updated=1654952457, actions=7339703, custom actions=[], active item id=0, error=null}
05-27 03:19:23.310 D/DlbDlbEffect( 1756): handle_EFFECT_CMD_SET_CONFIG()
05-27 03:19:23.310 D/DlbDapEffectContext( 1756): updateInputFormat() mIsDmsContentProcEnabled: 1, channels: 0x3, mCurrentDevice: 0x2, mAudioFlags: 0xa00
05-27 03:19:23.310 D/DlbDap2ProcessWithIht( 1756): setHTParam: mIsBinauralInput: 0
05-27 03:19:23.310 D/DlbDap2ProcessWithIht( 1756): DAP input format is 0x22 with input channel mask 0x3
05-27 03:19:23.310 D/DlbDlbEffect( 1756): handle_EFFECT_CMD_SET_CONFIG()
05-27 03:19:23.310 D/DlbDapEffectContext( 1756): updateInputFormat() mIsDmsContentProcEnabled: 1, channels: 0x3, mCurrentDevice: 0x2, mAudioFlags: 0xa00
05-27 03:19:23.310 D/DlbDap2ProcessWithIht( 1756): setHTParam: mIsBinauralInput: 0
05-27 03:19:23.310 D/DlbDap2ProcessWithIht( 1756): DAP input format is 0x22 with input channel mask 0x3
05-27 03:19:23.310 D/DlbDlbEffect( 1756): handle_EFFECT_CMD_SET_DEVICE(device=0x00000002)
05-27 03:19:23.310 D/DlbDapEndpointParamCache( 1756): setDevice(device=0x00000002)
05-27 03:19:23.310 D/DMSService( 1824): setActiveDevice called with device = 0x2 (original 0x2)
05-27 03:19:23.310 D/DlbEffectDap( 1756): setAudioMode(mode = 0)
05-27 03:19:23.311 D/Avrcp_ext( 3992): overwrite album_artist :if album is blank
05-27 03:19:23.311 D/DlbEffectContext( 1756): addPregainObserver(): Pregain observer added for audio io 29 and Dolby effect type 0
05-27 03:19:23.311 D/DlbDlbEffect( 1756): handle_EFFECT_CMD_ENABLE()
05-27 03:19:23.311 D/DlbEffectDap( 1756): updateProcessEnabled(enabled=1, bypassed=0)
05-27 03:19:23.311 D/DlbCrossfadeProcess( 1756): setEnabled transitioning from FADE_TO_BYPASS state to FADE_TO_ACTIVE
05-27 03:19:23.311 D/AudioFlinger( 1880): moveEffectChain_l: successful move of session 0 from srcThread 0xb40000714bf51910 to dstThread 0xb40000714b81c910 (1 effects moved, 1 effects started)
05-27 03:19:23.312 D/audioserver( 1880): FGS Logger Transaction failed
05-27 03:19:23.312 D/audioserver( 1880): -129
05-27 03:19:23.314 W/AidlConversionCppNdk( 1880): legacy2aidl_audio_channel_mask_t_AudioChannelLayout: no AudioChannelLayout found for legacy output audio_channel_mask_t value 0x10
05-27 03:19:23.314 V/Avrcp_ext( 3992): Media update: id 0➡0? [MediaAttributes: C⋯o -  by S⋯a (0 0/0) - ] : [MediaAttributes: C⋯o -  by S⋯a (0 0/0) - ]
05-27 03:19:23.315 D/Avrcp_ext( 3992): isPackageNameValid: browsedPackage = com.deepeye.musicpro.debugisValid = true
05-27 03:19:23.315 V/Avrcp_ext( 3992): isBrowseSupported for com.deepeye.musicpro.debug: false
05-27 03:19:23.315 W/Avrcp_ext( 3992): updateCurrentMediaState: isInactivePlayer = false
05-27 03:19:23.315 V/Avrcp_ext( 3992): updatePlaybackState, state: PlaybackState {state=PLAYING(3), position=1281, buffered position=0, speed=1.0, updated=1654952457, actions=7339703, custom actions=[], active item id=0, error=null} device: null
05-27 03:19:23.315 V/Avrcp_ext( 3992): Device: no name: 
05-27 03:19:23.315 V/Avrcp_ext( 3992): Device: no name: 
05-27 03:19:23.315 V/Avrcp_ext( 3992): Device: no name: 
05-27 03:19:23.315 V/Avrcp_ext( 3992): Device: no name: 
05-27 03:19:23.315 V/Avrcp_ext( 3992): Device: no name: 
05-27 03:19:23.315 V/Avrcp_ext( 3992): updatePlayerStateAndPosition, old=PlaybackState {state=PLAYING(3), position=706, buffered position=0, speed=1.0, updated=1654951882, actions=7339703, custom actions=[], active item id=0, error=null}, state=PlaybackState {state=PLAYING(3), position=1281, buffered position=0, speed=1.0, updated=1654952457, actions=7339703, custom actions=[], active item id=0, error=null}
05-27 03:19:23.315 V/Avrcp_ext( 3992): old state = PlaybackState {state=PLAYING(3), position=706, buffered position=0, speed=1.0, updated=1654951882, actions=7339703, custom actions=[], active item id=0, error=null}, new state= PlaybackState {state=PLAYING(3), position=1281, buffered position=0, speed=1.0, updated=1654952457, actions=7339703, custom actions=[], active item id=0, error=null}
05-27 03:19:23.315 D/HeadsetService( 3992): getHeadsetService(): returning com.android.bluetooth.hfp.HeadsetService@9390a13
05-27 03:19:23.315 E/HeadsetStateMachine( 3992): returning mCurrentState as Disconnected
05-27 03:19:23.315 E/HeadsetStateMachine( 3992): returning mCurrentState as Disconnected
05-27 03:19:23.315 D/HeadsetService( 3992):  isAudioOn: The number of audio connected devices 0
05-27 03:19:23.315 D/HeadsetService( 3992): isScoOrCallActive(): Call Active:falseCall is Ringing:falseSCO is Active:false
05-27 03:19:23.315 E/HeadsetStateMachine( 3992): returning mCurrentState as Disconnected
05-27 03:19:23.315 E/HeadsetStateMachine( 3992): returning mCurrentState as Disconnected
05-27 03:19:23.315 D/HeadsetService( 3992):  isAudioOn: The number of audio connected devices 0
05-27 03:19:23.315 V/Avrcp_ext( 3992): isPlayStateTobeUpdated: device: null
05-27 03:19:23.315 V/Avrcp_ext( 3992): Single connection exists
05-27 03:19:23.315 E/HeadsetStateMachine( 3992): returning mCurrentState as Disconnected
05-27 03:19:23.315 E/HeadsetStateMachine( 3992): returning mCurrentState as Disconnected
05-27 03:19:23.315 D/HeadsetService( 3992):  isAudioOn: The number of audio connected devices 0
05-27 03:19:23.315 D/HeadsetService( 3992): isScoOrCallActive(): Call Active:falseCall is Ringing:falseSCO is Active:false
05-27 03:19:23.315 E/HeadsetStateMachine( 3992): returning mCurrentState as Disconnected
05-27 03:19:23.315 E/HeadsetStateMachine( 3992): returning mCurrentState as Disconnected
05-27 03:19:23.315 D/HeadsetService( 3992):  isAudioOn: The number of audio connected devices 0
05-27 03:19:23.315 V/Avrcp_ext( 3992): isPlayStateTobeUpdated: device: null
05-27 03:19:23.315 V/Avrcp_ext( 3992): Single connection exists
05-27 03:19:23.315 E/HeadsetStateMachine( 3992): returning mCurrentState as Disconnected
05-27 03:19:23.315 E/HeadsetStateMachine( 3992): returning mCurrentState as Disconnected
05-27 03:19:23.315 D/HeadsetService( 3992):  isAudioOn: The number of audio connected devices 0
05-27 03:19:23.315 D/HeadsetService( 3992): isScoOrCallActive(): Call Active:falseCall is Ringing:falseSCO is Active:false
05-27 03:19:23.315 E/HeadsetStateMachine( 3992): returning mCurrentState as Disconnected
05-27 03:19:23.315 V/DlbVolumeListener( 1756): effectCommand
05-27 03:19:23.315 E/HeadsetStateMachine( 3992): returning mCurrentState as Disconnected
05-27 03:19:23.315 V/DlbVolumeListener( 1756): effectCommand :: Command EFFECT_CMD_ENABLE
05-27 03:19:23.315 D/HeadsetService( 3992):  isAudioOn: The number of audio connected devices 0
05-27 03:19:23.315 V/Avrcp_ext( 3992): isPlayStateTobeUpdated: device: null
05-27 03:19:23.315 V/Avrcp_ext( 3992): Single connection exists
05-27 03:19:23.315 E/HeadsetStateMachine( 3992): returning mCurrentState as Disconnected
05-27 03:19:23.315 E/HeadsetStateMachine( 3992): returning mCurrentState as Disconnected
05-27 03:19:23.315 D/HeadsetService( 3992):  isAudioOn: The number of audio connected devices 0
05-27 03:19:23.315 D/HeadsetService( 3992): isScoOrCallActive(): Call Active:falseCall is Ringing:falseSCO is Active:false
05-27 03:19:23.315 E/HeadsetStateMachine( 3992): returning mCurrentState as Disconnected
05-27 03:19:23.315 E/HeadsetStateMachine( 3992): returning mCurrentState as Disconnected
05-27 03:19:23.315 D/HeadsetService( 3992):  isAudioOn: The number of audio connected devices 0
05-27 03:19:23.315 V/Avrcp_ext( 3992): isPlayStateTobeUpdated: device: null
05-27 03:19:23.315 V/Avrcp_ext( 3992): Single connection exists
05-27 03:19:23.315 E/HeadsetStateMachine( 3992): returning mCurrentState as Disconnected
05-27 03:19:23.315 E/HeadsetStateMachine( 3992): returning mCurrentState as Disconnected
05-27 03:19:23.315 D/HeadsetService( 3992):  isAudioOn: The number of audio connected devices 0
05-27 03:19:23.315 D/HeadsetService( 3992): isScoOrCallActive(): Call Active:falseCall is Ringing:falseSCO is Active:false
05-27 03:19:23.315 E/HeadsetStateMachine( 3992): returning mCurrentState as Disconnected
05-27 03:19:23.315 V/DlbVolumeListener( 1756): effectCommand
05-27 03:19:23.315 V/DlbVolumeListener( 1756): Command EFFECT_CMD_SET_VOLUME: left 262104, right 262104
05-27 03:19:23.315 E/HeadsetStateMachine( 3992): returning mCurrentState as Disconnected
05-27 03:19:23.315 D/DlbDapEndpointParamCache( 1756): commit() Applying parameters for device 0x40000000
05-27 03:19:23.315 D/DlbDapEndpointParamCache( 1756): doCommit() Committed 0 parameters out of 14.
05-27 03:19:23.315 D/DlbDapEndpointParamCache( 1756): commit() Overriding parameters for current device 0x00000002
05-27 03:19:23.315 D/HeadsetService( 3992):  isAudioOn: The number of audio connected devices 0
05-27 03:19:23.315 D/DlbDapEndpointParamCache( 1756): doCommit() Committed 0 parameters out of 65.
05-27 03:19:23.315 V/Avrcp_ext( 3992): isPlayStateTobeUpdated: device: null
05-27 03:19:23.315 V/Avrcp_ext( 3992): Single connection exists
05-27 03:19:23.315 D/Avrcp_ext( 3992): Enter sendPlayPosNotificationRsp
05-27 03:19:23.315 D/Avrcp_ext( 3992): sendPlayPosNotificationRsp: Not registered or requesting.
05-27 03:19:23.315 D/Avrcp_ext( 3992): Enter sendPlayPosNotificationRsp
05-27 03:19:23.315 D/Avrcp_ext( 3992): sendPlayPosNotificationRsp: Not registered or requesting.
05-27 03:19:23.315 D/Avrcp_ext( 3992): Enter sendPlayPosNotificationRsp
05-27 03:19:23.315 D/Avrcp_ext( 3992): sendPlayPosNotificationRsp: Not registered or requesting.
05-27 03:19:23.315 D/Avrcp_ext( 3992): Enter sendPlayPosNotificationRsp
05-27 03:19:23.315 D/Avrcp_ext( 3992): sendPlayPosNotificationRsp: Not registered or requesting.
05-27 03:19:23.315 D/Avrcp_ext( 3992): Enter sendPlayPosNotificationRsp
05-27 03:19:23.315 D/Avrcp_ext( 3992): sendPlayPosNotificationRsp: Not registered or requesting.
05-27 03:19:23.315 V/Avrcp_ext( 3992): Exit updatePlayerStateAndPosition
05-27 03:19:23.315 D/APM: ActiveDeviceManagerServiceLegacy( 3992): getActiveAbsoluteDevice(): device: null
05-27 03:19:23.315 I/MotSpeakerWrapper( 1756): EFFECT_CMD_SET_VOLUME: 0.015623, 0.015623 on ID 45841 (Music)
05-27 03:19:23.315 D/APM: ActiveDeviceManagerServiceLegacy( 3992): isStableState(): true
05-27 03:19:23.315 D/Avrcp_ext( 3992): isAdmStable = true activeAbsAddr = null device = null
05-27 03:19:23.315 I/MotSpeakerWrapper( 1756): EFFECT_CMD_SET_VOLUME: 0.015623, 0.015623 on ID 45841 (Music Offload)
05-27 03:19:23.315 V/APM: MediaControlManager( 3992): onPlaybackStateChanged
05-27 03:19:23.315 W/McpService( 3992): updatePlaybackState state PlaybackState {state=PLAYING(3), position=1281, buffered position=0, speed=1.0, updated=1654952457, actions=7339703, custom actions=[], active item id=0, error=null}
05-27 03:19:23.315 W/McpService( 3992): updatePlaybackState mState: 1 state: 1
05-27 03:19:23.315 W/Avrcp_ext( 3992): updated player state = PlaybackState {state=PLAYING(3), position=1281, buffered position=0, speed=1.0, updated=1654952457, actions=7339703, custom actions=[], active item id=0, error=null}to MCP module also
05-27 03:19:23.315 V/Avrcp_ext( 3992): Exit handleMessage
05-27 03:19:23.315 D/MotSpeakerHelper( 1756): Speaker ON: volume 0.015623 (step 3), usecase MUSIC
05-27 03:19:23.315 D/MotSpeakerHelper( 1756): Setting speaker trim 84 (0 dB, 0 dB)
05-27 03:19:23.315 D/Avrcp_ext( 3992): AudioManager Player: AudioPlaybackConfiguration piid:41711 deviceId:0 type:android.media.SoundPool u/pid:10342/7709 state:idle attr:AudioAttributes: usage=USAGE_ASSISTANCE_SONIFICATION content=CONTENT_TYPE_SONIFICATION flags=0x800 tags= bundle=null sessionId:0 mutedState:none  FormatInfo{isSpatialized=false, channelMask=0x0, sampleRate=0}
05-27 03:19:23.315 D/MotSpeakerHelper( 1756): Speaker ON: volume 0.015623 (step 3), usecase MUSIC
05-27 03:19:23.315 D/MotSpeakerHelper( 1756): Setting speaker trim 84 (0 dB, 0 dB)
05-27 03:19:23.315 D/Avrcp_ext( 3992): AudioManager Player: AudioPlaybackConfiguration piid:49551 deviceId:0 type:android.media.AudioTrack u/pid:10289/19271 state:paused attr:AudioAttributes: usage=USAGE_MEDIA content=CONTENT_TYPE_MUSIC flags=0xA00 tags= bundle=null sessionId:44585 mutedState:none  FormatInfo{isSpatialized=false, channelMask=0x3, sampleRate=48000}
05-27 03:19:23.316 D/Avrcp_ext( 3992): AudioManager Player: AudioPlaybackConfiguration piid:49615 deviceId:2 type:android.media.MediaPlayer u/pid:10342/7709 state:stopped attr:AudioAttributes: usage=USAGE_VOICE_COMMUNICATION content=CONTENT_TYPE_SONIFICATION flags=0x800 tags= bundle=null sessionId:45185 mutedState:none  FormatInfo{isSpatialized=false, channelMask=0x1, sampleRate=44100}
05-27 03:19:23.316 D/Avrcp_ext( 3992): AudioManager Player: AudioPlaybackConfiguration piid:63 deviceId:0 type:android.media.SoundPool u/pid:1000/3077 state:idle attr:AudioAttributes: usage=USAGE_ASSISTANCE_SONIFICATION content=CONTENT_TYPE_SONIFICATION flags=0x800 tags= bundle=null sessionId:0 mutedState:none  FormatInfo{isSpatialized=false, channelMask=0x0, sampleRate=0}
05-27 03:19:23.316 D/Avrcp_ext( 3992): AudioManager Player: AudioPlaybackConfiguration piid:38399 deviceId:0 type:android.media.SoundPool u/pid:1027/6379 state:idle attr:AudioAttributes: usage=USAGE_ASSISTANCE_SONIFICATION content=CONTENT_TYPE_SONIFICATION flags=0x800 tags= bundle=null sessionId:0 mutedState:none  FormatInfo{isSpatialized=false, channelMask=0x0, sampleRate=0}
05-27 03:19:23.316 D/Avrcp_ext( 3992): AudioManager Player: AudioPlaybackConfiguration piid:50239 deviceId:0 type:android.media.AudioTrack u/pid:10521/31194 state:started attr:AudioAttributes: usage=USAGE_MEDIA content=CONTENT_TYPE_MUSIC flags=0xE00 tags= bundle=null sessionId:45841 mutedState:none  FormatInfo{isSpatialized=false, channelMask=0x3, sampleRate=48000}
05-27 03:19:23.316 D/DlbDapCrossfadeProcess( 1756): process transitioning from FADE_TO_ACTIVE state to PROCESS_ACTIVE
05-27 03:19:23.317 D/Avrcp_ext( 3992): AudioManager Player in started state: com.deepeye.musicpro.debug
05-27 03:19:23.317 D/Avrcp_ext( 3992): AudioManager Active Player: com.deepeye.musicpro.debug
05-27 03:19:23.317 D/Avrcp_ext( 3992): AudioManager isPlaying: true, mAudioPlaybackIsActive = true
05-27 03:19:23.317 D/AHAL: AudioStream( 1756): AutoPerfLock: 283: (Acquired) perf_lock_handle: 0x6847e, count: 1
05-27 03:19:23.317 I/AHAL: AudioStream( 1756): Open: 2893: Enter: OutPrimary usecase(0: deep-buffer-playback)
05-27 03:19:23.317 D/AHAL: AudioStream( 1756): Open: 2899: no_of_devices 1
05-27 03:19:23.317 D/AHAL: AudioStream( 1756): Open: 2954: halInputFormat 1 halOutputFormat 1 palformat 1
05-27 03:19:23.317 I/PAL: ResourceManager( 1756): getParameter: 8222: get parameter for HIFI PCM Filter
05-27 03:19:23.317 D/AHAL: AudioStream( 1756): Open: 3027: channels 2 samplerate 48000 format id 1, stream type 2  stream bitwidth 16
05-27 03:19:23.317 D/AHAL: AudioStream( 1756): Open: 3028: msample_rate 0 mchannels 0 mNoOfOutDevices 1
05-27 03:19:23.317 I/PAL: API( 1756): pal_stream_open: 185: Enter, stream type:2 (PAL_STREAM_DEEP_BUFFER)
05-27 03:19:23.317 I/PAL: ResourceManager( 1756): isStreamSupported: 2429: config suppported
05-27 03:19:23.317 I/PAL: ResourceManager( 1756): getActiveStream_l: 5106: no active streams found for device 2 (PAL_DEVICE_OUT_HANDSET) ret -2
05-27 03:19:23.317 I/PAL: ResourceManager( 1756): getSharedBEActiveStreamDevs: 6366: got dev 2 (PAL_DEVICE_OUT_HANDSET) active streams on dev is 0
05-27 03:19:23.317 I/PAL: ResourceManager( 1756): getActiveStream_l: 5106: no active streams found for device 3 (PAL_DEVICE_OUT_SPEAKER) ret -2
05-27 03:19:23.317 I/PAL: ResourceManager( 1756): getSharedBEActiveStreamDevs: 6366: got dev 3 (PAL_DEVICE_OUT_SPEAKER) active streams on dev is 0
05-27 03:19:23.317 I/PAL: Device( 1756): setDeviceAttributes: 350: DeviceAttributes for Device Id 3 updated
05-27 03:19:23.317 I/PAL: ResourceManager( 1756): allocateFrontEndIds: 6000: allocateFrontEndIds: front end 117
05-27 03:19:23.317 I/PAL: PayloadBuilder( 1756): populateStreamKV: 2584: stream type 2
05-27 03:19:23.317 I/PAL: PayloadBuilder( 1756): getSelectorValues: 2412: Direction: 1
05-27 03:19:23.317 I/PAL: PayloadBuilder( 1756): getSelectorValues: 2428: Instance: 1
05-27 03:19:23.317 I/PAL: PayloadBuilder( 1756): findKVs: 2302: key: 0xa1000000 value: 0xa1000001
05-27 03:19:23.317 I/PAL: PayloadBuilder( 1756): findKVs: 2302: key: 0xab000000 value: 0x1
05-27 03:19:23.317 I/PAL: PayloadBuilder( 1756): populateDeviceKV: 2698: Enter device id:3 (PAL_DEVICE_OUT_SPEAKER)
05-27 03:19:23.317 I/PAL: PayloadBuilder( 1756): findKVs: 2315: key: 0xa2000000 value: 0xa2000001
05-27 03:19:23.317 I/PAL: PayloadBuilder( 1756): populateDeviceKV: 2726: Exit device id:3, status 0
05-27 03:19:23.317 I/PAL: PayloadBuilder( 1756): populateDevicePPKV: 2840: Rx device id:3 (PAL_DEVICE_OUT_SPEAKER)
05-27 03:19:23.317 I/PAL: PayloadBuilder( 1756): getSelectorValues: 2482: stream type: 2 (PAL_STREAM_DEEP_BUFFER)
05-27 03:19:23.317 I/PAL: PayloadBuilder( 1756): findKVs: 2302: key: 0xa2000000 value: 0xa2000001
05-27 03:19:23.317 I/PAL: PayloadBuilder( 1756): findKVs: 2302: key: 0xac000000 value: 0xac000002
05-27 03:19:23.317 I/PAL: PayloadBuilder( 1756): populateDevicePPCkv: 2994: SpeakerProt Status[1], RAS Status[0]
05-27 03:19:23.317 W/AidlConversionCppNdk(31194): aidl2legacy_AudioChannelLayout_audio_channel_mask_t: no legacy output audio_channel_mask_t found for AudioChannelLayout{layoutMask: 16}
05-27 03:19:23.317 I/AGM: device( 1830): device_set_metadata: 691 Setting device metadata for CODEC_DMA-LPAIF_WSA-RX-0
05-27 03:19:23.317 D/AGM: metadata( 1830): metadata_print: 263 *************************Metadata*************************
05-27 03:19:23.317 D/AGM: metadata( 1830): metadata_print: 264 GKV size:1
05-27 03:19:23.317 D/AGM: metadata( 1830): metadata_print: 267 key:0xa2000000, value:0xa2000001(SPEAKER)
05-27 03:19:23.317 D/AGM: metadata( 1830): metadata_print: 271 
05-27 03:19:23.317 D/AGM: metadata( 1830): CKV count:1
05-27 03:19:23.317 D/AGM: metadata( 1830): metadata_print: 274 key:0xbe000000, value:0x3 
05-27 03:19:23.317 D/AGM: metadata( 1830): metadata_print: 276 
05-27 03:19:23.317 D/AGM: metadata( 1830): metadata_print: 278 Property ID:134217744
05-27 03:19:23.317 D/AGM: metadata( 1830): metadata_print: 279 property count:2
05-27 03:19:23.317 D/AGM: metadata( 1830): metadata_print: 282 Property Values: 
05-27 03:19:23.317 D/AGM: metadata( 1830): metadata_print: 284 0x2 
05-27 03:19:23.317 D/AGM: metadata( 1830): metadata_print: 284 0x5 
05-27 03:19:23.317 D/AGM: metadata( 1830): metadata_print: 286 
05-27 03:19:23.317 D/AGM: metadata( 1830): metadata_print: 287 ****************Metadata Done***************************
05-27 03:19:23.317 D/AGM: metadata( 1830): 
05-27 03:19:23.317 I/AGM: session( 1830): session_obj_set_sess_aif_metadata: 1772 Setting metadata for sess aif id 8
05-27 03:19:23.318 D/AGM: metadata( 1830): metadata_print: 263 *************************Metadata*************************
05-27 03:19:23.318 D/AGM: metadata( 1830): metadata_print: 264 GKV size:2
05-27 03:19:23.318 D/AGM: metadata( 1830): metadata_print: 267 key:0xa2000000, value:0xa2000001(SPEAKER)
05-27 03:19:23.318 D/AGM: metadata( 1830): metadata_print: 267 key:0xac000000, value:0xac000002(DEVICEPP_RX_AUDIO_MBDRC)
05-27 03:19:23.318 D/AGM: metadata( 1830): metadata_print: 271 
05-27 03:19:23.318 D/AGM: metadata( 1830): CKV count:4
05-27 03:19:23.318 D/AGM: metadata( 1830): metadata_print: 274 key:0xe4000000, value:0x0 
05-27 03:19:23.318 D/AGM: metadata( 1830): metadata_print: 274 key:0xe5000000, value:0x1 
05-27 03:19:23.318 D/AGM: metadata( 1830): metadata_print: 274 key:0xe6000000, value:0x0 
05-27 03:19:23.318 D/AGM: metadata( 1830): metadata_print: 274 key:0xd2000000, value:0x0 
05-27 03:19:23.318 D/AGM: metadata( 1830): metadata_print: 276 
05-27 03:19:23.318 D/AGM: metadata( 1830): metadata_print: 278 Property ID:134217744
05-27 03:19:23.318 D/AGM: metadata( 1830): metadata_print: 279 property count:1
05-27 03:19:23.318 D/AGM: metadata( 1830): metadata_print: 282 Property Values: 
05-27 03:19:23.318 D/AGM: metadata( 1830): metadata_print: 284 0x3 
05-27 03:19:23.318 D/AGM: metadata( 1830): metadata_print: 286 
05-27 03:19:23.318 D/AGM: metadata( 1830): metadata_print: 287 ****************Metadata Done***************************
05-27 03:19:23.318 D/AGM: metadata( 1830): 
05-27 03:19:23.318 I/AGM: session( 1830): session_obj_set_sess_aif_metadata: 1792 Exit
05-27 03:19:23.318 D/agm_server_wrapper( 1830): Aif id 8 already added to session list of 117
05-27 03:19:23.318 I/AGM: API( 1830): agm_session_aif_connect: 651 connecting aifid:8 with session id=117
05-27 03:19:23.318 I/PAL: Device( 1756): open: 420: Enter. deviceCount 0 for device id 3 (PAL_DEVICE_OUT_SPEAKER)
05-27 03:19:23.318 I/PAL: SessionAlsaUtils( 1756): setDeviceMediaConfig: 1007: CODEC_DMA-LPAIF_WSA-RX-0 rate ch fmt data_fmt 48000 2 2 1
05-27 03:19:23.318 D/audio_route( 1756): Apply path: speaker
05-27 03:19:23.320 I/PAL: Device( 1756): open: 460: Exit. deviceCount 1 for device id 3 (PAL_DEVICE_OUT_SPEAKER), exit status: 0
05-27 03:19:23.320 I/PAL: ResourceManager( 1756): GetConcurrencyInfo: 4476: stream type 2 Tx conc 0, Rx conc 1, concurrency allowed
05-27 03:19:23.320 I/PAL: ResourceManager( 1756): GetConcurrencyInfo: 4476: stream type 2 Tx conc 0, Rx conc 1, concurrency allowed
05-27 03:19:23.320 I/PAL: ResourceManager( 1756): GetConcurrencyInfo: 4476: stream type 2 Tx conc 0, Rx conc 1, concurrency allowed
05-27 03:19:23.320 I/PAL: API( 1756): pal_stream_open: 221: Exit. Value of stream_handle 0xb400007a1d8425d0K, status 0
05-27 03:19:23.320 D/AHAL: AudioStream( 1756): GetBufferSize: 2848: type 2
05-27 03:19:23.320 D/Avrcp_ext( 3992): AudioManager Player: AudioPlaybackConfiguration piid:41711 deviceId:0 type:android.media.SoundPool u/pid:10342/7709 state:idle attr:AudioAttributes: usage=USAGE_ASSISTANCE_SONIFICATION content=CONTENT_TYPE_SONIFICATION flags=0x800 tags= bundle=null sessionId:0 mutedState:none  FormatInfo{isSpatialized=false, channelMask=0x0, sampleRate=0}
05-27 03:19:23.320 D/AHAL: AudioStream( 1756): Open: 3158: fragment_size_ 7680 fragments_ 2
05-27 03:19:23.320 D/AHAL: AudioStream( 1756): Open: 3187: Exit ret: 0
05-27 03:19:23.320 D/AHAL: AudioStream( 1756): ~AutoPerfLock: 293: (release) perf_lock_handle: 0x6847e, count: 1
05-27 03:19:23.320 D/AHAL: AudioStream( 1756): ~AutoPerfLock: 297: Releasing perf_lock_handle: 0x6847e
05-27 03:19:23.320 D/Avrcp_ext( 3992): AudioManager Player: AudioPlaybackConfiguration piid:49551 deviceId:0 type:android.media.AudioTrack u/pid:10289/19271 state:paused attr:AudioAttributes: usage=USAGE_MEDIA content=CONTENT_TYPE_MUSIC flags=0xA00 tags= bundle=null sessionId:44585 mutedState:none  FormatInfo{isSpatialized=false, channelMask=0x3, sampleRate=48000}
05-27 03:19:23.320 D/Avrcp_ext( 3992): AudioManager Player: AudioPlaybackConfiguration piid:49615 deviceId:2 type:android.media.MediaPlayer u/pid:10342/7709 state:stopped attr:AudioAttributes: usage=USAGE_VOICE_COMMUNICATION content=CONTENT_TYPE_SONIFICATION flags=0x800 tags= bundle=null sessionId:45185 mutedState:none  FormatInfo{isSpatialized=false, channelMask=0x1, sampleRate=44100}
05-27 03:19:23.320 D/Avrcp_ext( 3992): AudioManager Player: AudioPlaybackConfiguration piid:63 deviceId:0 type:android.media.SoundPool u/pid:1000/3077 state:idle attr:AudioAttributes: usage=USAGE_ASSISTANCE_SONIFICATION content=CONTENT_TYPE_SONIFICATION flags=0x800 tags= bundle=null sessionId:0 mutedState:none  FormatInfo{isSpatialized=false, channelMask=0x0, sampleRate=0}
05-27 03:19:23.320 D/Avrcp_ext( 3992): AudioManager Player: AudioPlaybackConfiguration piid:38399 deviceId:0 type:android.media.SoundPool u/pid:1027/6379 state:idle attr:AudioAttributes: usage=USAGE_ASSISTANCE_SONIFICATION content=CONTENT_TYPE_SONIFICATION flags=0x800 tags= bundle=null sessionId:0 mutedState:none  FormatInfo{isSpatialized=false, channelMask=0x0, sampleRate=0}
05-27 03:19:23.320 D/Avrcp_ext( 3992): AudioManager Player: AudioPlaybackConfiguration piid:50239 deviceId:3 type:android.media.AudioTrack u/pid:10521/31194 state:started attr:AudioAttributes: usage=USAGE_MEDIA content=CONTENT_TYPE_MUSIC flags=0xE00 tags= bundle=null sessionId:45841 mutedState:none  FormatInfo{isSpatialized=false, channelMask=0x3, sampleRate=48000}
05-27 03:19:23.320 D/AHAL: AudioStream( 1756): AutoPerfLock: 283: (Acquired) perf_lock_handle: 0x6847f, count: 1
05-27 03:19:23.320 I/PAL: API( 1756): pal_stream_start: 285: Enter. Stream handle 0xb400007a1d8425d0K
05-27 03:19:23.320 I/PAL: StreamPCM( 1756): start: 409: Rx device id: 3 (PAL_DEVICE_OUT_SPEAKER)
05-27 03:19:23.320 I/PAL: PayloadBuilder( 1756): findKVs: 2315: key: 0xa3000000 value: 0xa3000009
05-27 03:19:23.320 I/AGM: device( 1830): device_set_metadata: 691 Setting device metadata for CODEC_DMA-LPAIF_WSA-TX-0
05-27 03:19:23.320 D/AGM: metadata( 1830): metadata_print: 263 *************************Metadata*************************
05-27 03:19:23.320 D/AGM: metadata( 1830): metadata_print: 264 GKV size:1
05-27 03:19:23.320 D/AGM: metadata( 1830): metadata_print: 267 key:0xa3000000, value:0xa3000009(VI_TX)
05-27 03:19:23.320 D/AGM: metadata( 1830): metadata_print: 271 
05-27 03:19:23.320 D/AGM: metadata( 1830): CKV count:1
05-27 03:19:23.320 D/AGM: metadata( 1830): metadata_print: 274 key:0xbf000000, value:0x2 
05-27 03:19:23.320 D/AGM: metadata( 1830): metadata_print: 276 
05-27 03:19:23.320 D/AGM: metadata( 1830): metadata_print: 278 Property ID:134217744
05-27 03:19:23.320 D/AGM: metadata( 1830): metadata_print: 279 property count:1
05-27 03:19:23.320 D/AGM: metadata( 1830): metadata_print: 282 Property Values: 
05-27 03:19:23.320 D/AGM: metadata( 1830): metadata_print: 284 0x2 
05-27 03:19:23.320 D/AGM: metadata( 1830): metadata_print: 286 
05-27 03:19:23.320 D/AGM: metadata( 1830): metadata_print: 287 ****************Metadata Done***************************
05-27 03:19:23.320 D/AGM: metadata( 1830): 
05-27 03:19:23.320 I/PAL: SessionAlsaUtils( 1756): setDeviceMediaConfig: 1007: CODEC_DMA-LPAIF_WSA-TX-0 rate ch fmt data_fmt 48000 2 10 1
05-27 03:19:23.321 I/PAL: ResourceManager( 1756): allocateFrontEndIds: 6032: allocateFrontEndIds: front end 121
05-27 03:19:23.321 I/AGM: API( 1830): agm_session_aif_connect: 651 connecting aifid:11 with session id=121
05-27 03:19:23.321 I/PAL: SpeakerProtection( 1756): spkrProtProcessingMode: 3471: Normal mode being used
05-27 03:19:23.321 D/Avrcp_ext( 3992): AudioManager Player in started state: com.deepeye.musicpro.debug
05-27 03:19:23.321 D/Avrcp_ext( 3992): AudioManager Active Player: com.deepeye.musicpro.debug
05-27 03:19:23.321 D/Avrcp_ext( 3992): AudioManager isPlaying: true, mAudioPlaybackIsActive = true
05-27 03:19:23.321 I/PAL: Device( 1756): updateCustomPayload: 373: customPayloadSize = 40
05-27 03:19:23.321 I/PAL: Device( 1756): updateCustomPayload: 373: customPayloadSize = 80
05-27 03:19:23.321 I/PAL: Device( 1756): updateCustomPayload: 373: customPayloadSize = 104
05-27 03:19:23.321 I/PAL: SpeakerProtection( 1756): spkrProtProcessingMode: 3629: R0 5.914240 
05-27 03:19:23.321 I/PAL: SpeakerProtection( 1756): spkrProtProcessingMode: 3630: T0 26.000000 
05-27 03:19:23.321 I/PAL: SpeakerProtection( 1756): spkrProtProcessingMode: 3629: R0 5.942470 
05-27 03:19:23.321 I/PAL: SpeakerProtection( 1756): spkrProtProcessingMode: 3630: T0 31.000000 
05-27 03:19:23.321 I/PAL: Device( 1756): updateCustomPayload: 373: customPayloadSize = 144
05-27 03:19:23.322 D/agm_client_wrapper( 1756): agm_session_open called with handle = 605764f0 , *handle = 0
05-27 03:19:23.323 D/AGM: graph( 1830): graph_open: 580 entry
05-27 03:19:23.323 D/AGM: metadata( 1830): metadata_print: 263 *************************Metadata*************************
05-27 03:19:23.323 D/AGM: metadata( 1830): metadata_print: 264 GKV size:1
05-27 03:19:23.323 D/AGM: metadata( 1830): metadata_print: 267 key:0xa3000000, value:0xa3000009(VI_TX)
05-27 03:19:23.323 D/AGM: metadata( 1830): metadata_print: 271 
05-27 03:19:23.323 D/AGM: metadata( 1830): CKV count:1
05-27 03:19:23.323 D/AGM: metadata( 1830): metadata_print: 274 key:0xbf000000, value:0x2 
05-27 03:19:23.323 D/AGM: metadata( 1830): metadata_print: 276 
05-27 03:19:23.323 D/AGM: metadata( 1830): metadata_print: 278 Property ID:134217744
05-27 03:19:23.323 D/AGM: metadata( 1830): metadata_print: 279 property count:1
05-27 03:19:23.323 D/AGM: metadata( 1830): metadata_print: 282 Property Values: 
05-27 03:19:23.323 D/AGM: metadata( 1830): metadata_print: 284 0x2 
05-27 03:19:23.323 D/AGM: metadata( 1830): metadata_print: 286 
05-27 03:19:23.323 D/AGM: metadata( 1830): metadata_print: 287 ****************Metadata Done***************************
05-27 03:19:23.323 D/AGM: metadata( 1830): 
05-27 03:19:23.323 E/ACDB    ( 1830): AcdbCmdGetGraphAlias:4153 Error[19]: Graph Alias chunk data does not exist. Is it enabled?.
05-27 03:19:23.323 E/gsl     ( 1830): gsl_get_graph_alias:2191 acdb get graph alias failed 19, len 255
05-27 03:19:23.323 D/AGM: graph( 1830): print_graph_alias: 2357 gsl_get_graph_alias failed: ret = 19
05-27 03:19:23.323 D/AGM: graph( 1830): graph_open: 708 miid 4589 mid 7001024 tag c0000005
05-27 03:19:23.323 I/GPR:    ( 1830): __gpr_cmd_register_v2:902 GPR Register: Source Port is 8208 heap_index: 0
05-27 03:19:23.323 I/gsl     ( 1830): gsl_graph_open_sgids_and_connections:2726 num_sgid= 1
05-27 03:19:23.323 I/gsl     ( 1830): gsl_graph_open_sgids_and_connections:2727 sg list:
05-27 03:19:23.323 I/gsl     ( 1830): gsl_graph_open_sgids_and_connections:2729 b00000d5
