--------- beginning of system
05-27 03:19:11.586 D/CompatibilityChangeReporter( 3077): Compat change id reported: 261072174; UID 10228; state: ENABLED
05-27 03:19:11.586 D/IntervalStats( 3077): Unable to parse usage stats packages: [395, 396, 398, 399, 400, 402, 403, 404, 405, 406, 407, 408, 409, 410, 411, 413, 414, 415, 416, 418, 419, 422, 425, 426, 427, 431, 434, 435, 436, 437, 438, 439, 440, 441, 442, 443, 445, 446, 447, 448, 449, 450, 451, 452, 453, 454, 455, 456, 457, 458, 460, 461, 462, 463, 465, 466, 467, 468, 469, 470, 471, 472, 473, 474, 476, 477, 478, 480, 481, 482, 484, 485, 486, 488, 489, 490, 491, 493, 494, 495, 512]
05-27 03:19:11.586 D/IntervalStats( 3077): Unable to parse usage stats packages: [395, 396, 398, 399, 400, 402, 403, 404, 405, 406, 407, 408, 409, 410, 411, 413, 414, 415, 416, 418, 419, 422, 425, 426, 427, 431, 434, 435, 436, 437, 438, 439, 440, 441, 442, 443, 445, 446, 447, 448, 449, 450, 451, 452, 453, 454, 455, 456, 457, 458, 460, 461, 462, 463, 465, 466, 467, 468, 469, 470, 471, 472, 473, 474, 476, 477, 478, 480, 481, 482, 484, 485, 486, 488, 489, 490, 491, 493, 494, 495, 496, 497, 498, 500, 501, 502, 503]
05-27 03:19:11.587 W/ActivityManager( 3077): Unable to start service Intent { act=com.motorola.intent.action.EXPERIENCE cmp=com.motorola.help/com.motorola.feedback.logrequest.service.LogCollectionService } U=0: not found
05-27 03:19:11.596 D/IntervalStats( 3077): Unable to parse usage stats packages: [395, 396, 398, 399, 400, 402, 403, 404, 405, 406, 407, 408, 409, 410, 411, 413, 414, 415, 416, 418, 419, 422, 425, 426, 427, 431, 434, 435, 436, 437, 438, 439, 440, 441, 442, 443, 445, 446, 447, 448, 449, 450, 451, 452, 453, 454, 455, 456, 457, 458, 460, 461, 462, 463, 465, 466, 467, 468, 469, 470, 471, 472, 473, 474, 476, 477, 478, 480, 481, 482, 484, 485, 486, 488, 489, 490, 491, 493, 494, 495, 512]
05-27 03:19:11.596 D/IntervalStats( 3077): Unable to parse usage stats packages: [395, 396, 398, 399, 400, 402, 403, 404, 405, 406, 407, 408, 409, 410, 411, 413, 414, 415, 416, 418, 419, 422, 425, 426, 427, 431, 434, 435, 436, 437, 438, 439, 440, 441, 442, 443, 445, 446, 447, 448, 449, 450, 451, 452, 453, 454, 455, 456, 457, 458, 460, 461, 462, 463, 465, 466, 467, 468, 469, 470, 471, 472, 473, 474, 476, 477, 478, 480, 481, 482, 484, 485, 486, 488, 489, 490, 491, 493, 494, 495, 496, 497, 498, 500, 501, 502, 503]
05-27 03:19:11.617 D/ActivityManager( 3077): unfreezing ProcessRecord{91d1677 16834:com.google.android.gms/u0a192}, reason = oom_uncached, adj = 0, adjType = exec-service, adjSource = null
05-27 03:19:11.619 D/ActivityManager( 3077): sync unfroze 16834 com.google.android.gms for 6
05-27 03:19:11.681 W/JobScheduler( 3077): Job didn't exist in JobStore: 4928b23 #u0a290/1034 com.google.android.apps.photos/com.google.android.libraries.social.mediamonitor.MediaMonitorJobSchedulerService
05-27 03:19:11.698 D/CompatibilityChangeReporter( 3077): Compat change id reported: 161145287; UID 10228; state: ENABLED
05-27 03:19:11.750 I/ActivityManager( 3077): Flag disabled. Ignoring finishAttachApplication from uid: 10228. pid: 31029
05-27 03:19:11.760 D/CompatibilityChangeReporter( 3077): Compat change id reported: 161252188; UID 10521; state: DISABLED
05-27 03:19:11.768 D/ActivityManager( 3077): unfreezing ProcessRecord{d1728e2 23016:com.google.process.gservices/u0a192}, reason = shouldNotFreeze_provider: ProcessRecord{1995206 31029:com.google.android.googlequicksearchbox:googleapp/u0a228}, adj = 100, adjType = provider, adjSource = ProcessRecord{1995206 31029:com.google.android.googlequicksearchbox:googleapp/u0a228}
05-27 03:19:11.768 D/ActivityManager( 3077): sync unfroze 23016 com.google.process.gservices for 7
05-27 03:19:11.820 W/WindowMagnificationMgr( 3077): requestConnection duplicated request: connect=false, mConnectionState=DISCONNECTED
05-27 03:19:11.827 W/WindowMagnificationMgr( 3077): requestConnection duplicated request: connect=false, mConnectionState=DISCONNECTED
05-27 03:19:11.837 D/ViewRootImpl(31029): update {(0,0)(fillxfill) gr=LEFT CENTER_HORIZONTAL layoutInDisplayCutoutMode=always ty=DRAWN_APPLICATION fmt=TRANSPARENT wanim=0x10302f2
05-27 03:19:11.837 D/ViewRootImpl(31029):   fl=BLUR_BEHIND LAYOUT_IN_SCREEN LAYOUT_INSET_DECOR WATCH_OUTSIDE_TOUCH SPLIT_TOUCH HARDWARE_ACCELERATED DRAWS_SYSTEM_BAR_BACKGROUNDS
05-27 03:19:11.837 D/ViewRootImpl(31029):   pfl=NO_MOVE_ANIMATION OPTIMIZE_MEASURE FORCE_DRAW_STATUS_BAR_BACKGROUND FIT_INSETS_CONTROLLED
05-27 03:19:11.837 D/ViewRootImpl(31029):   bhv=DEFAULT
05-27 03:19:11.837 D/ViewRootImpl(31029):   fitSides=} by setView
05-27 03:19:11.885 D/CoreBackPreview( 3077): Window{13f19d6 u0 GoogleDiscoverWindow}: Setting back callback OnBackInvokedCallbackInfo{mCallback=android.window.IOnBackInvokedCallback$Stub$Proxy@da17e5a, mPriority=0, mIsAnimationCallback=false}
05-27 03:19:11.900 D/VRI[GoogleDiscoverWindow](31029): update {(0,0)(fillxfill) gr=LEFT CENTER_HORIZONTAL layoutInDisplayCutoutMode=always ty=DRAWN_APPLICATION fmt=TRANSPARENT wanim=0x10302f2 alpha=0.0
05-27 03:19:11.900 D/VRI[GoogleDiscoverWindow](31029):   fl=BLUR_BEHIND LAYOUT_IN_SCREEN LAYOUT_INSET_DECOR WATCH_OUTSIDE_TOUCH SPLIT_TOUCH HARDWARE_ACCELERATED DRAWS_SYSTEM_BAR_BACKGROUNDS
05-27 03:19:11.900 D/VRI[GoogleDiscoverWindow](31029):   pfl=NO_MOVE_ANIMATION OPTIMIZE_MEASURE FORCE_DRAW_STATUS_BAR_BACKGROUND FIT_INSETS_CONTROLLED
05-27 03:19:11.900 D/VRI[GoogleDiscoverWindow](31029):   bhv=DEFAULT
05-27 03:19:11.900 D/VRI[GoogleDiscoverWindow](31029):   fitSides=} by setLayoutParams
05-27 03:19:11.902 D/VRI[GoogleDiscoverWindow](31029): update {(0,0)(fillxfill) gr=LEFT CENTER_HORIZONTAL layoutInDisplayCutoutMode=always ty=DRAWN_APPLICATION fmt=TRANSPARENT wanim=0x10302f2 alpha=0.0
05-27 03:19:11.902 D/VRI[GoogleDiscoverWindow](31029):   fl=BLUR_BEHIND NOT_FOCUSABLE NOT_TOUCHABLE LAYOUT_IN_SCREEN LAYOUT_INSET_DECOR WATCH_OUTSIDE_TOUCH SPLIT_TOUCH HARDWARE_ACCELERATED DRAWS_SYSTEM_BAR_BACKGROUNDS
05-27 03:19:11.902 D/VRI[GoogleDiscoverWindow](31029):   pfl=NO_MOVE_ANIMATION OPTIMIZE_MEASURE FORCE_DRAW_STATUS_BAR_BACKGROUND FIT_INSETS_CONTROLLED
05-27 03:19:11.902 D/VRI[GoogleDiscoverWindow](31029):   bhv=DEFAULT
05-27 03:19:11.902 D/VRI[GoogleDiscoverWindow](31029):   fitSides=} by setLayoutParams
05-27 03:19:11.964 W/PackageConfigPersister( 3077): App-specific configuration not found for packageName: com.motorola.launcher3 and userId: 0
05-27 03:19:12.013 D/ActivityTaskManager( 3077): setActivityController: android.app.IActivityController$Stub$Proxy@327874c,imAMonkey=true
05-27 03:19:12.013 W/ActivityManager( 3077): registerReceiverWithFeature: no app for null
05-27 03:19:12.021 W/ActivityTaskManager( 3077): callingPackage for (uid=2000, pid=31155) has no WPC
05-27 03:19:12.024 I/SettingsAccessControlPolicy( 3077): isDeviceSettingsChangeDisabled: value -> false
05-27 03:19:12.025 D/CompatibilityChangeReporter( 3077): Compat change id reported: 265464455; UID 10521; state: DISABLED
05-27 03:19:12.025 D/CompatibilityChangeReporter( 3077): Compat change id reported: 265452344; UID 10521; state: DISABLED
05-27 03:19:12.025 D/CompatibilityChangeReporter( 3077): Compat change id reported: 266124927; UID 10521; state: DISABLED
05-27 03:19:12.025 D/CompatibilityChangeReporter( 3077): Compat change id reported: 265451093; UID 10521; state: DISABLED
05-27 03:19:12.025 D/CompatibilityChangeReporter( 3077): Compat change id reported: 265456536; UID 10521; state: DISABLED
05-27 03:19:12.025 D/CompatibilityChangeReporter( 3077): Compat change id reported: 255940284; UID 10521; state: DISABLED
05-27 03:19:12.025 D/CompatibilityChangeReporter( 3077): Compat change id reported: 236283604; UID 10521; state: DISABLED
05-27 03:19:12.026 D/CompatibilityChangeReporter( 3077): Compat change id reported: 263959004; UID 10521; state: DISABLED
05-27 03:19:12.026 D/CompatibilityChangeReporter( 3077): Compat change id reported: 264304459; UID 10521; state: DISABLED
05-27 03:19:12.026 D/CompatibilityChangeReporter( 3077): Compat change id reported: 264301586; UID 10521; state: DISABLED
05-27 03:19:12.026 D/CompatibilityChangeReporter( 3077): Compat change id reported: 254631730; UID 10521; state: DISABLED
05-27 03:19:12.026 D/CompatibilityChangeReporter( 3077): Compat change id reported: 273509367; UID 10521; state: DISABLED
05-27 03:19:12.026 D/CompatibilityChangeReporter( 3077): Compat change id reported: 263259275; UID 10521; state: DISABLED
05-27 03:19:12.026 D/CompatibilityChangeReporter( 3077): Compat change id reported: 174042980; UID 10521; state: DISABLED
05-27 03:19:12.026 D/CompatibilityChangeReporter( 3077): Compat change id reported: 174042936; UID 10521; state: DISABLED
05-27 03:19:12.026 D/CompatibilityChangeReporter( 3077): Compat change id reported: 181136395; UID 10521; state: DISABLED
05-27 03:19:12.029 D/CompatibilityChangeReporter( 3077): Compat change id reported: 194480991; UID 10521; state: ENABLED
05-27 03:19:12.030 D/ActivityTaskManager( 3077): getPreferredLaunchDisplay userset_displayid false user set display id -1, current focus display 0
05-27 03:19:12.030 D/ActivityTaskManager( 3077): getPreferredLaunchDisplay userset_displayid false user set display id -1, current focus display 0
05-27 03:19:12.032 D/ActivityTaskManager( 3077): getPreferredLaunchDisplay userset_displayid false user set display id -1, current focus display 0
05-27 03:19:12.032 D/ActivityTaskManager( 3077): getPreferredLaunchDisplay userset_displayid false user set display id -1, current focus display 0
05-27 03:19:12.033 D/CompatibilityChangeReporter( 3077): Compat change id reported: 319212206; UID 10228; state: ENABLED
05-27 03:19:12.034 D/ActivityTaskManager( 3077): getPreferredLaunchDisplay userset_displayid false user set display id 0, current focus display 0
05-27 03:19:12.034 D/ActivityTaskManager( 3077): getPreferredLaunchDisplay userset_displayid false user set display id 0, current focus display 0
05-27 03:19:12.035 W/TopAppMonitor( 3077): resend missed activity state ActivityState{com.deepeye.musicpro.debug, userId=0, uid=10521, displayId=0, category=0, isLauncher=false, isTop=false, lastTopTime=1654732365}
05-27 03:19:12.035 D/CompatibilityChangeReporter( 3077): Compat change id reported: 184838306; UID 10521; state: DISABLED
05-27 03:19:12.035 D/CompatibilityChangeReporter( 3077): Compat change id reported: 185004937; UID 10521; state: DISABLED
05-27 03:19:12.037 D/PowerManagerService( 3077): nativeSetPowerMode ret:false mode:5 enabled:true duration ms: 0
05-27 03:19:12.037 D/CompatibilityChangeReporter( 3077): Compat change id reported: 205907456; UID 10521; state: ENABLED
05-27 03:19:12.038 I/ActivityTaskManager( 3077): START u0 {act=android.intent.action.MAIN cat=[android.intent.category.LAUNCHER] flg=0x10200000 cmp=com.deepeye.musicpro.debug/com.deepeye.musicpro.MainActivity} with LAUNCH_SINGLE_TASK from uid 2000 (startActivityAsUser) (BAL_ALLOW_PERMISSION) result code=0
05-27 03:19:12.039 V/WindowManagerShell( 7709): Transition requested: android.os.BinderProxy@b9cdde4 TransitionRequestInfo { type = 1, triggerTask = TaskInfo{userId=0 taskId=5380 displayId=0 isRunning=true baseIntent=Intent { act=android.intent.action.MAIN cat=[android.intent.category.LAUNCHER] flg=0x10200000 cmp=com.deepeye.musicpro.debug/com.deepeye.musicpro.MainActivity } baseActivity=ComponentInfo{com.deepeye.musicpro.debug/com.deepeye.musicpro.MainActivity} topActivity=ComponentInfo{com.deepeye.musicpro.debug/com.deepeye.musicpro.MainActivity} origActivity=null realActivity=ComponentInfo{com.deepeye.musicpro.debug/com.deepeye.musicpro.MainActivity} numActivities=1 lastActiveTime=1654941186 supportsMultiWindow=true supportsGlobalFreeform=true resizeMode=1 isResizeable=true isAppLocked=false canKillAndRestart=false isShowDecorCaptionWindowRequest=false minWidth=-1 minHeight=-1 defaultMinSize=200 token=WCT{android.window.IWindowContainerToken$Stub$Proxy@fbe224d} topActivityType=1 pictureInPictureParams=null shouldDockBigOverlays=false launchIntoPipHostTaskId=-1 lastParentTaskIdBeforePip=-1 displayCutoutSafeInsets=Rect(0, 90 - 0, 0) topActivityInfo=ActivityInfo{6f64102 com.deepeye.musicpro.MainActivity} launchCookies=[] positionInParent=Point(0, 0) parentTaskId=-1 isFocused=false isVisible=false isVisibleRequested=false isSleeping=false topActivityInSizeCompat=false topActivityEligibleForLetterboxEducation= false topActivityLetterboxed= false isFromDoubleTap= false topActivityLetterboxVerticalPosition= -1 topActivityLetterboxHorizontalPosition= -1 topActivityLetterboxWidth=-1 topActivityLetterboxHeight=-1 locusId=null displayAreaFeatureId=1 cameraCompatControlState=hidden}, remoteTransition = null, displayChange = null, flags = 0 }
05-27 03:19:12.040 D/CompatibilityChangeReporter( 3077): Compat change id reported: 135634846; UID 10521; state: DISABLED
05-27 03:19:12.040 D/CompatibilityChangeReporter( 3077): Compat change id reported: 177438394; UID 10521; state: DISABLED
05-27 03:19:12.040 D/CompatibilityChangeReporter( 3077): Compat change id reported: 135772972; UID 10521; state: DISABLED
05-27 03:19:12.040 D/CompatibilityChangeReporter( 3077): Compat change id reported: 135754954; UID 10521; state: ENABLED
05-27 03:19:12.041 D/CompatibilityChangeReporter( 3077): Compat change id reported: 143937733; UID 10521; state: ENABLED
05-27 03:19:12.044 D/ViewRootImpl( 7709): update {(0,0)(fillxfill) ty=APPLICATION_STARTING fmt=TRANSLUCENT wanim=0x10302fe
05-27 03:19:12.044 D/ViewRootImpl( 7709):   fl=NOT_FOCUSABLE NOT_TOUCHABLE LAYOUT_IN_SCREEN LAYOUT_INSET_DECOR ALT_FOCUSABLE_IM HARDWARE_ACCELERATED DRAWS_SYSTEM_BAR_BACKGROUNDS
05-27 03:19:12.044 D/ViewRootImpl( 7709):   pfl=SHOW_FOR_ALL_USERS FIT_INSETS_CONTROLLED
05-27 03:19:12.044 D/ViewRootImpl( 7709):   bhv=DEFAULT
05-27 03:19:12.044 D/ViewRootImpl( 7709):   fitSides=} by setView
05-27 03:19:12.055 D/ActivityManager( 3077): unfreezing ProcessRecord{ab06ff8 29366:com.motorola.camera3/u0a249}, reason = shouldNotFreeze_provider: ProcessRecord{d1c013 25451:com.google.android.apps.photos/u0a290}, adj = 250, adjType = provider, adjSource = ProcessRecord{d1c013 25451:com.google.android.apps.photos/u0a290}
05-27 03:19:12.056 D/ActivityManager( 3077): sync unfroze 29366 com.motorola.camera3 for 7
05-27 03:19:12.059 D/ActivityTaskManager( 3077): setActivityController: null,imAMonkey=true
05-27 03:19:12.064 D/CompatibilityChangeReporter( 3077): Compat change id reported: 265195908; UID 10521; state: ENABLED
05-27 03:19:12.064 D/CoreBackPreview( 3077): Window{e9bec05 u0 Splash Screen com.deepeye.musicpro.debug}: Setting back callback OnBackInvokedCallbackInfo{mCallback=android.window.IOnBackInvokedCallback$Stub$Proxy@6f44381, mPriority=0, mIsAnimationCallback=false}
05-27 03:19:12.073 I/ActivityManager( 3077): Start proc 31194:com.deepeye.musicpro.debug/u0a521 for next-top-activity {com.deepeye.musicpro.debug/com.deepeye.musicpro.MainActivity}
05-27 03:19:12.073 V/WindowManager( 3077): Sent Transition #7410 createdAt=05-27 03:19:12.030 via request=TransitionRequestInfo { type = 1, triggerTask = TaskInfo{userId=0 taskId=5380 displayId=0 isRunning=true baseIntent=Intent { act=android.intent.action.MAIN cat=[android.intent.category.LAUNCHER] flg=0x10200000 cmp=com.deepeye.musicpro.debug/com.deepeye.musicpro.MainActivity } baseActivity=ComponentInfo{com.deepeye.musicpro.debug/com.deepeye.musicpro.MainActivity} topActivity=ComponentInfo{com.deepeye.musicpro.debug/com.deepeye.musicpro.MainActivity} origActivity=null realActivity=ComponentInfo{com.deepeye.musicpro.debug/com.deepeye.musicpro.MainActivity} numActivities=1 lastActiveTime=1654941186 supportsMultiWindow=true supportsGlobalFreeform=true resizeMode=1 isResizeable=true isAppLocked=false canKillAndRestart=true isShowDecorCaptionWindowRequest=false minWidth=-1 minHeight=-1 defaultMinSize=200 token=WCT{RemoteToken{7fbf4b2 Task{bdc8976 #5380 type=standard A=10521:com.deepeye.musicpro.debug}}} topActivityType=1 pictureInPictureParams=null shouldDockBigOverlays=false launchIntoPipHostTaskId=-1 lastParentTaskIdBeforePip=-1 displayCutoutSafeInsets=Rect(0, 90 - 0, 0) topActivityInfo=ActivityInfo{e819c03 com.deepeye.musicpro.MainActivity} launchCookies=[] positionInParent=Point(0, 0) parentTaskId=-1 isFocused=false isVisible=false isVisibleRequested=false isSleeping=false topActivityInSizeCompat=false topActivityEligibleForLetterboxEducation= false topActivityLetterboxed= false isFromDoubleTap= false topActivityLetterboxVerticalPosition= -1 topActivityLetterboxHorizontalPosition= -1 topActivityLetterboxWidth=-1 topActivityLetterboxHeight=-1 locusId=null displayAreaFeatureId=1 cameraCompatControlState=hidden}, remoteTransition = null, displayChange = null, flags = 0 }
05-27 03:19:12.073 V/WindowManager( 3077):     startWCT=WindowContainerTransaction { changes = {} hops = [] errorCallbackToken=null taskFragmentOrganizer=null }
05-27 03:19:12.073 V/WindowManager( 3077):     info={id=7410 t=OPEN f=0x0 trk=0 r=[0@Point(0, 0)] c=[{WCT{RemoteToken{7fbf4b2 Task{bdc8976 #5380 type=standard A=10521:com.deepeye.musicpro.debug}}} m=OPEN f=NONE pTaskId=-1 leash=Surface(name=Task=5380)/@0x9479e14 sb=Rect(0, 0 - 1080, 2400) eb=Rect(0, 0 - 1080, 2400) d=0},{WCT{RemoteToken{16c0147 Task{ee1938e #4757 type=home}}} m=TO_BACK f=SHOW_WALLPAPER pTaskId=-1 leash=Surface(name=Task=4757)/@0xc752f88 sb=Rect(0, 0 - 1080, 2400) eb=Rect(0, 0 - 1080, 2400) d=0}]}
05-27 03:19:12.081 W/UriGrantsManagerService( 3077): No permission grants found for com.google.android.apps.photos
05-27 03:19:12.082 W/UriGrantsManagerService( 3077): No permission grants found for com.google.android.apps.photos
05-27 03:19:12.088 V/WindowManagerShell( 7709): onTransitionReady android.os.BinderProxy@b9cdde4: {id=7410 t=OPEN f=0x0 trk=0 r=[0@Point(0, 0)] c=[{WCT{android.window.IWindowContainerToken$Stub$Proxy@ae12993} m=OPEN f=NONE pTaskId=-1 leash=Surface(name=Task=5380)/@0xf0e4191 sb=Rect(0, 0 - 1080, 2400) eb=Rect(0, 0 - 1080, 2400) d=0},{WCT{android.window.IWindowContainerToken$Stub$Proxy@73badd0} m=TO_BACK f=SHOW_WALLPAPER pTaskId=-1 leash=Surface(name=Task=4757)/@0x3e834f7 sb=Rect(0, 0 - 1080, 2400) eb=Rect(0, 0 - 1080, 2400) d=0}]}
05-27 03:19:12.088 V/WindowManagerShell( 7709): Playing animation for (#7410)android.os.BinderProxy@b9cdde4@0
05-27 03:19:12.088 V/WindowManagerShell( 7709):  try handler com.android.wm.shell.transition.DefaultMixedHandler@a24dff4
05-27 03:19:12.088 V/WindowManagerShell( 7709):  try handler com.android.wm.shell.keyguard.KeyguardTransitionHandler@8a7e31d
05-27 03:19:12.088 V/WindowManagerShell( 7709):  try handler com.android.wm.shell.activityembedding.ActivityEmbeddingController@c1cb992
05-27 03:19:12.088 V/WindowManagerShell( 7709):  try handler com.android.wm.shell.recents.RecentsTransitionHandler@1b1af63
05-27 03:19:12.088 V/ShellRecents( 7709): RecentsTransitionHandler.startAnimation: no controller found
05-27 03:19:12.088 V/WindowManagerShell( 7709):  try handler com.android.wm.shell.pip.PipTransition@5aa0760
05-27 03:19:12.088 V/WindowManagerShell( 7709):  try handler com.android.wm.shell.splitscreen.StageCoordinator@be49419
05-27 03:19:12.088 V/WindowManagerShell( 7709):  try handler com.android.wm.shell.transition.RemoteTransitionHandler@9c8dcde
05-27 03:19:12.088 V/WindowManagerShell( 7709): Transition doesn't have explicit remote, search filters for match for {id=7410 t=OPEN f=0x0 trk=0 r=[0@Point(0, 0)] c=[{WCT{android.window.IWindowContainerToken$Stub$Proxy@ae12993} m=OPEN f=NONE pTaskId=-1 leash=Surface(name=Task=5380)/@0xf0e4191 sb=Rect(0, 0 - 1080, 2400) eb=Rect(0, 0 - 1080, 2400) d=0},{WCT{android.window.IWindowContainerToken$Stub$Proxy@73badd0} m=TO_BACK f=SHOW_WALLPAPER pTaskId=-1 leash=Surface(name=Task=4757)/@0x3e834f7 sb=Rect(0, 0 - 1080, 2400) eb=Rect(0, 0 - 1080, 2400) d=0}]}
05-27 03:19:12.092 V/WindowManagerShell( 7709):  Checking filter Pair{{types=[] flags=0x0] notFlags=0x100 checks=[{atype=home independent=true modes=[OPEN,TO_FRONT] flags=NONE mustBeTask=false order=TOP topActivity=ComponentInfo{com.motorola.launcher3/com.android.launcher3.uioverrides.QuickstepLauncher}},{atype=standard independent=true modes=[CLOSE,TO_BACK] flags=NONE mustBeTask=false order=ANY topActivity=null}]} RemoteTransition { remoteTransition = android.window.IRemoteTransition$Stub$Proxy@cb754ae, appThread = android.app.IApplicationThread$Stub$Proxy@270424f, debugName = QuickstepLaunchHome }}
05-27 03:19:12.093 V/WindowManagerShell( 7709):  Delegate animation for #7410 to null
05-27 03:19:12.093 V/WindowManagerShell( 7709):  try handler com.android.wm.shell.transition.DefaultTransitionHandler@f85debf
05-27 03:19:12.093 V/WindowManagerShell( 7709): start default transition animation, info = {id=7410 t=OPEN f=0x0 trk=0 r=[0@Point(0, 0)] c=[{WCT{android.window.IWindowContainerToken$Stub$Proxy@ae12993} m=OPEN f=NONE pTaskId=-1 leash=Surface(name=Task=5380)/@0xf0e4191 sb=Rect(0, 0 - 1080, 2400) eb=Rect(0, 0 - 1080, 2400) d=0},{WCT{android.window.IWindowContainerToken$Stub$Proxy@73badd0} m=TO_BACK f=SHOW_WALLPAPER pTaskId=-1 leash=Surface(name=Task=4757)/@0x3e834f7 sb=Rect(0, 0 - 1080, 2400) eb=Rect(0, 0 - 1080, 2400) d=0}]}
05-27 03:19:12.094 V/WindowManagerShell( 7709): loadAnimation: anim=android.view.animation.AnimationSet@f8580ce animAttr=0x13 type=OPEN isEntrance=false
05-27 03:19:12.094 V/WindowManagerShell( 7709): loadAnimation: anim=android.view.animation.AnimationSet@1fcdbda animAttr=0x12 type=OPEN isEntrance=true
05-27 03:19:12.099 V/WindowManagerShell( 7709):  animated by com.android.wm.shell.transition.DefaultTransitionHandler@f85debf
05-27 03:19:12.133 D/CompatibilityChangeReporter( 3077): Compat change id reported: 170503758; UID 10521; state: ENABLED
05-27 03:19:12.237 D/CompatibilityChangeReporter( 3077): Compat change id reported: 271850009; UID 10228; state: ENABLED
05-27 03:19:12.237 D/CompatibilityChangeReporter( 3077): Compat change id reported: 253665015; UID 10228; state: ENABLED
05-27 03:19:12.237 D/CompatibilityChangeReporter( 3077): Compat change id reported: 194532703; UID 10228; state: ENABLED
05-27 03:19:12.387 V/WindowManagerShell( 7709): Transition animation finished (aborted=false), notifying core (#7410)android.os.BinderProxy@b9cdde4@0
05-27 03:19:12.389 V/WindowManager( 3077): Finish Transition #7410: created at 05-27 03:19:12.030 collect-started=0.039ms request-sent=8.3ms started=10.215ms ready=40.417ms sent=42.678ms finished=358.581ms
05-27 03:19:12.392 D/ActivityManager( 3077): unfreezing ProcessRecord{c257f0 26536:com.google.android.googlequicksearchbox:search/u0a228}, reason = shouldNotFreeze_service_1: ProcessRecord{1995206 31029:com.google.android.googlequicksearchbox:googleapp/u0a228}, adj = 0, adjType = service, adjSource = ProcessRecord{1995206 31029:com.google.android.googlequicksearchbox:googleapp/u0a228}
05-27 03:19:12.393 V/WindowManagerShell( 7709): Track 0 became idle
05-27 03:19:12.393 V/WindowManagerShell( 7709): All active transition animations finished
05-27 03:19:12.393 D/ActivityManager( 3077): sync unfroze 26536 com.google.android.googlequicksearchbox:search for 6
05-27 03:19:12.493 W/UriGrantsManagerService( 3077): No permission grants found for com.google.android.apps.photos
05-27 03:19:12.493 W/UriGrantsManagerService( 3077): No permission grants found for com.google.android.apps.photos
05-27 03:19:12.604 I/ActivityManager( 3077): Flag disabled. Ignoring finishAttachApplication from uid: 10521. pid: 31194
05-27 03:19:12.617 D/CompatibilityChangeReporter( 3077): Compat change id reported: 271850009; UID 10521; state: ENABLED
05-27 03:19:12.617 D/CompatibilityChangeReporter( 3077): Compat change id reported: 253665015; UID 10521; state: ENABLED
05-27 03:19:12.617 D/CompatibilityChangeReporter( 3077): Compat change id reported: 194532703; UID 10521; state: ENABLED
05-27 03:19:12.655 D/CompatibilityChangeReporter( 3077): Compat change id reported: 161145287; UID 10521; state: ENABLED
05-27 03:19:12.684 W/UriGrantsManagerService( 3077): No permission grants found for com.google.android.apps.photos
05-27 03:19:12.685 W/UriGrantsManagerService( 3077): No permission grants found for com.google.android.apps.photos
05-27 03:19:12.727 D/ViewRootImpl(31194): update {(0,0)(fillxfill) sim={forwardNavigation} layoutInDisplayCutoutMode=always ty=BASE_APPLICATION wanim=0x10302fe
05-27 03:19:12.727 D/ViewRootImpl(31194):   fl=LAYOUT_IN_SCREEN LAYOUT_INSET_DECOR SPLIT_TOUCH HARDWARE_ACCELERATED DRAWS_SYSTEM_BAR_BACKGROUNDS
05-27 03:19:12.727 D/ViewRootImpl(31194):   pfl=NO_MOVE_ANIMATION FORCE_DRAW_STATUS_BAR_BACKGROUND FIT_INSETS_CONTROLLED
05-27 03:19:12.727 D/ViewRootImpl(31194):   bhv=DEFAULT
05-27 03:19:12.727 D/ViewRootImpl(31194):   fitSides=} by setView
05-27 03:19:12.735 D/CompatibilityChangeReporter( 3077): Compat change id reported: 183164979; UID 10521; state: ENABLED
05-27 03:19:12.857 W/UriGrantsManagerService( 3077): No permission grants found for com.google.android.apps.photos
05-27 03:19:12.857 W/UriGrantsManagerService( 3077): No permission grants found for com.google.android.apps.photos
05-27 03:19:12.888 D/CompatibilityChangeReporter( 3077): Compat change id reported: 143937733; UID 10521; state: ENABLED
05-27 03:19:12.899 I/ActivityManager( 3077): Start proc 31257:com.google.android.webview:sandboxed_process0:org.chromium.content.app.SandboxedProcessService0:0/u0i487 for  {com.deepeye.musicpro.debug/org.chromium.content.app.SandboxedProcessService0:0}
05-27 03:19:12.926 D/CompatibilityChangeReporter( 3077): Compat change id reported: 261072174; UID 10521; state: ENABLED
05-27 03:19:12.933 D/CompatibilityChangeReporter( 3077): Compat change id reported: 319212206; UID 10521; state: DISABLED
05-27 03:19:12.938 I/ActivityManager( 3077): Flag disabled. Ignoring finishAttachApplication from uid: 99487. pid: 31257
05-27 03:19:12.955 I/AppsFilter( 3077): interaction: PackageSetting{89f2679 com.deepeye.musicpro.debug/10521} -> PackageSetting{14125e1 org.kde.kdeconnect_tp/10386} BLOCKED
05-27 03:19:12.983 D/CoreBackPreview( 3077): Window{a00ef9e u0 com.deepeye.musicpro.debug/com.deepeye.musicpro.MainActivity}: Setting back callback OnBackInvokedCallbackInfo{mCallback=android.window.IOnBackInvokedCallback$Stub$Proxy@381c9ca, mPriority=0, mIsAnimationCallback=false}
05-27 03:19:13.068 W/UriGrantsManagerService( 3077): No permission grants found for com.google.android.apps.photos
05-27 03:19:13.068 W/UriGrantsManagerService( 3077): No permission grants found for com.google.android.apps.photos
05-27 03:19:13.071 I/LaunchCheckinHandler( 3077): MotoDisplayed com.deepeye.musicpro.debug/com.deepeye.musicpro.MainActivity,cp,ca,1020
05-27 03:19:13.071 W/ActivityTaskManager( 3077): activity boost didn't release as expected
05-27 03:19:13.099 W/UriGrantsManagerService( 3077): No permission grants found for com.google.android.apps.photos
05-27 03:19:13.099 W/UriGrantsManagerService( 3077): No permission grants found for com.google.android.apps.photos
05-27 03:19:13.132 W/UriGrantsManagerService( 3077): No permission grants found for com.google.android.apps.photos
05-27 03:19:13.132 W/UriGrantsManagerService( 3077): No permission grants found for com.google.android.apps.photos
05-27 03:19:13.171 W/UriGrantsManagerService( 3077): No permission grants found for com.google.android.apps.photos
05-27 03:19:13.172 W/UriGrantsManagerService( 3077): No permission grants found for com.google.android.apps.photos
05-27 03:19:13.198 D/CompatibilityChangeReporter( 3077): Compat change id reported: 214016041; UID 10521; state: ENABLED
05-27 03:19:13.206 W/PackageConfigPersister( 3077): App-specific configuration not found for packageName: com.deepeye.musicpro.debug and userId: 0
05-27 03:19:13.211 W/UriGrantsManagerService( 3077): No permission grants found for com.google.android.apps.photos
05-27 03:19:13.212 W/UriGrantsManagerService( 3077): No permission grants found for com.google.android.apps.photos
05-27 03:19:13.354 D/PowerManagerService( 3077): nativeSetPowerMode ret:false mode:5 enabled:false duration ms: 0
05-27 03:19:13.436 D/CoreBackPreview( 3077): Window{e9bec05 u0 Splash Screen com.deepeye.musicpro.debug EXITING}: Setting back callback null
05-27 03:19:13.848 W/ContextImpl( 3077): Calling a method in the system process without a qualified user: android.app.ContextImpl.sendBroadcastMultiplePermissions:1281 android.content.Context.sendBroadcastMultiplePermissions:2476 com.android.server.TelephonyRegistry.broadcastServiceStateChanged:3597 com.android.server.TelephonyRegistry.notifyServiceStateForPhoneId:1734 com.android.internal.telephony.ITelephonyRegistry$Stub.onTransact:550 
05-27 03:19:13.849 W/ContextImpl( 3077): Calling a method in the system process without a qualified user: android.app.ContextImpl.sendBroadcastMultiplePermissions:1314 com.android.server.TelephonyRegistry.broadcastServiceStateChanged:3602 com.android.server.TelephonyRegistry.notifyServiceStateForPhoneId:1734 com.android.internal.telephony.ITelephonyRegistry$Stub.onTransact:550 android.os.Binder.execTransactInternal:1380 
05-27 03:19:13.849 W/ContextImpl( 3077): Calling a method in the system process without a qualified user: android.app.ContextImpl.sendBroadcastMultiplePermissions:1314 com.android.server.TelephonyRegistry.broadcastServiceStateChanged:3611 com.android.server.TelephonyRegistry.notifyServiceStateForPhoneId:1734 com.android.internal.telephony.ITelephonyRegistry$Stub.onTransact:550 android.os.Binder.execTransactInternal:1380 
05-27 03:19:13.850 W/ContextImpl( 3077): Calling a method in the system process without a qualified user: android.app.ContextImpl.sendBroadcastMultiplePermissions:1314 com.android.server.TelephonyRegistry.broadcastServiceStateChanged:3617 com.android.server.TelephonyRegistry.notifyServiceStateForPhoneId:1734 com.android.internal.telephony.ITelephonyRegistry$Stub.onTransact:550 android.os.Binder.execTransactInternal:1380 
05-27 03:19:13.886 W/ContextImpl( 3077): Calling a method in the system process without a qualified user: android.app.ContextImpl.sendBroadcastMultiplePermissions:1281 android.content.Context.sendBroadcastMultiplePermissions:2476 com.android.server.TelephonyRegistry.broadcastServiceStateChanged:3597 com.android.server.TelephonyRegistry.notifyServiceStateForPhoneId:1734 com.android.internal.telephony.ITelephonyRegistry$Stub.onTransact:550 
05-27 03:19:13.887 W/ContextImpl( 3077): Calling a method in the system process without a qualified user: android.app.ContextImpl.sendBroadcastMultiplePermissions:1314 com.android.server.TelephonyRegistry.broadcastServiceStateChanged:3602 com.android.server.TelephonyRegistry.notifyServiceStateForPhoneId:1734 com.android.internal.telephony.ITelephonyRegistry$Stub.onTransact:550 android.os.Binder.execTransactInternal:1380 
05-27 03:19:13.887 W/ContextImpl( 3077): Calling a method in the system process without a qualified user: android.app.ContextImpl.sendBroadcastMultiplePermissions:1314 com.android.server.TelephonyRegistry.broadcastServiceStateChanged:3611 com.android.server.TelephonyRegistry.notifyServiceStateForPhoneId:1734 com.android.internal.telephony.ITelephonyRegistry$Stub.onTransact:550 android.os.Binder.execTransactInternal:1380 
05-27 03:19:13.888 W/ContextImpl( 3077): Calling a method in the system process without a qualified user: android.app.ContextImpl.sendBroadcastMultiplePermissions:1314 com.android.server.TelephonyRegistry.broadcastServiceStateChanged:3617 com.android.server.TelephonyRegistry.notifyServiceStateForPhoneId:1734 com.android.internal.telephony.ITelephonyRegistry$Stub.onTransact:550 android.os.Binder.execTransactInternal:1380 
05-27 03:19:13.916 W/ContextImpl( 3077): Calling a method in the system process without a qualified user: android.app.ContextImpl.sendBroadcastMultiplePermissions:1281 android.content.Context.sendBroadcastMultiplePermissions:2476 com.android.server.TelephonyRegistry.broadcastServiceStateChanged:3597 com.android.server.TelephonyRegistry.notifyServiceStateForPhoneId:1734 com.android.internal.telephony.ITelephonyRegistry$Stub.onTransact:550 
05-27 03:19:13.917 W/ContextImpl( 3077): Calling a method in the system process without a qualified user: android.app.ContextImpl.sendBroadcastMultiplePermissions:1314 com.android.server.TelephonyRegistry.broadcastServiceStateChanged:3602 com.android.server.TelephonyRegistry.notifyServiceStateForPhoneId:1734 com.android.internal.telephony.ITelephonyRegistry$Stub.onTransact:550 android.os.Binder.execTransactInternal:1380 
05-27 03:19:13.917 W/ContextImpl( 3077): Calling a method in the system process without a qualified user: android.app.ContextImpl.sendBroadcastMultiplePermissions:1314 com.android.server.TelephonyRegistry.broadcastServiceStateChanged:3611 com.android.server.TelephonyRegistry.notifyServiceStateForPhoneId:1734 com.android.internal.telephony.ITelephonyRegistry$Stub.onTransact:550 android.os.Binder.execTransactInternal:1380 
05-27 03:19:13.917 W/ContextImpl( 3077): Calling a method in the system process without a qualified user: android.app.ContextImpl.sendBroadcastMultiplePermissions:1314 com.android.server.TelephonyRegistry.broadcastServiceStateChanged:3617 com.android.server.TelephonyRegistry.notifyServiceStateForPhoneId:1734 com.android.internal.telephony.ITelephonyRegistry$Stub.onTransact:550 android.os.Binder.execTransactInternal:1380 
05-27 03:19:14.682 D/PowerManagerService( 3077): nativeReleaseSuspendBlocker name:PowerManagerService.WakeLocks duration ms: 0
05-27 03:19:14.901 D/PowerManagerService( 3077): nativeAcquireSuspendBlocker name:PowerManagerService.WakeLocks duration ms: 3
05-27 03:19:14.922 D/PowerManagerService( 3077): nativeReleaseSuspendBlocker name:PowerManagerService.WakeLocks duration ms: 0
05-27 03:19:16.459 D/PowerManagerService( 3077): nativeAcquireSuspendBlocker name:PowerManagerService.WakeLocks duration ms: 1
05-27 03:19:16.503 D/PowerManagerService( 3077): nativeReleaseSuspendBlocker name:PowerManagerService.WakeLocks duration ms: 0
05-27 03:19:21.092 D/PowerManagerService( 3077): nativeAcquireSuspendBlocker name:PowerManagerService.WakeLocks duration ms: 1
05-27 03:19:21.096 D/PowerManagerService( 3077): nativeReleaseSuspendBlocker name:PowerManagerService.WakeLocks duration ms: 0
05-27 03:19:21.818 W/ProcessStats( 3077): Tracking association SourceState{5e8b233 com.google.android.gms.persistent/10192 BTop #2600601} whose proc state 2 is better than process ProcessState{8ed82b5 com.google.android.gms/10192 pkg=com.google.android.gms} proc state 8 (1249 skipped)
05-27 03:19:21.818 D/PowerManagerService( 3077): nativeAcquireSuspendBlocker name:PowerManagerService.WakeLocks duration ms: 3
05-27 03:19:21.823 D/PowerManagerService( 3077): nativeReleaseSuspendBlocker name:PowerManagerService.WakeLocks duration ms: 0
05-27 03:19:21.832 D/PowerManagerService( 3077): nativeAcquireSuspendBlocker name:PowerManagerService.WakeLocks duration ms: 2
05-27 03:19:21.926 I/MediaSessionStack( 3077): addSession to bottom of stack | record: com.deepeye.musicpro.debug/androidx.media3.session.id. (userId=0)
05-27 03:19:21.937 I/MediaSessionStack( 3077): onPlaybackStateChanged - Pushing session to top | record: com.deepeye.musicpro.debug/androidx.media3.session.id. (userId=0)
05-27 03:19:21.955 I/ActivityManager( 3077): Background started FGS: Allowed [callingPackage: com.deepeye.musicpro.debug; callingUid: 10521; uidState: TOP ; uidBFSL: [BFSL]; intent: Intent { cmp=com.deepeye.musicpro.debug/com.deepeye.musicpro.player.service.MusicPlayerService }; code:PROC_STATE_TOP; tempAllowListReason:<null>; targetSdkVersion:34; callerTargetSdkVersion:34; startForegroundCount:0; bindFromPackage:null: isBindService:false]
05-27 03:19:21.957 D/CompatibilityChangeReporter( 3077): Compat change id reported: 170668199; UID 10521; state: ENABLED
05-27 03:19:22.056 D/CompatibilityChangeReporter( 3077): Compat change id reported: 161145287; UID 10521; state: ENABLED
05-27 03:19:22.376 D/CompatibilityChangeReporter( 3077): Compat change id reported: 203800354; UID 10521; state: ENABLED
--------- beginning of main
05-27 03:19:22.412 I/NearbyPresence(26027): NetworkMonitorImpl started. [CONTEXT service_id=317 ]
05-27 03:19:22.412 I/NearbyPresence(26027): (REDACTED) Scheduled Presence server sync periodic task with period %s seconds.
05-27 03:19:22.412 W/NearbyPresence(26027): fail to update credentials no related identity provider com.google.gms.nearby.sharing [CONTEXT service_id=317 ]
05-27 03:19:22.412 I/NearbyPresence(26027): (REDACTED) %s verified [==] new request %s equals to the old request
05-27 03:19:22.412 I/NearbyConnections(26027): Instant Connection Security key rotated.
05-27 03:19:22.412 I/NearbyConnections(26027): Scheduled invalidation of the HPKE key alarm (delayMillis:8000) for client 210569170
05-27 03:19:22.413 I/NearbyConnections(26027): Get local endpoint id from random generation ROG9 (last:null) for client 210569170
05-27 03:19:22.413 I/NearbyMediums(26027): Started BLE scanning, service-id=NearbyConnections.TxAdvertisement, is-extended-advert=true, power-level=2, scan-mode=3
05-27 03:19:22.413 I/NearbyConnections(26027): [InstantConnectionPcpMgr] In invalidateTxAdvertisementScanning(by pre_startAdvertising) tx advertisement scanning successfully started for enpointId:ROG9 serviceId:NearbySharing isScreenUnlocked:true powerLevel:BALANCED
05-27 03:19:22.413 I/NearbyConnections(26027): [PcpManager] In startAdvertising() advertisingMediums:[BLE] upgradeMediums:[USB, WIFI_LAN, WIFI_DIRECT, WIFI_AWARE, WIFI_HOTSPOT, WEB_RTC, BLE_L2CAP, BLUETOOTH, BLE, NFC] listener:222212303
05-27 03:19:22.413 I/NearbyConnections(26027): Get local endpoint id from the existing localEndpointId:ROG9 (last:null) for client 210569170(0p:com.google.android.gms.nearby.sharing)
05-27 03:19:22.416 D/ConnectivityService( 3077): NetReassign [no changes] [c 1] [a 0] [i 3]
05-27 03:19:22.417 W/.gms.persistent(26027): Missing inline cache for java.util.Map dtyt.q(android.accounts.Account, dqbf)
05-27 03:19:22.417 W/.gms.persistent(26027): Missing inline cache for java.util.Map dtyt.q(android.accounts.Account, dqbf)
05-27 03:19:22.420 I/NearbyConnections(26027): generateRxInstantConnectionAdvBytes() returns null because in advertisingMediums: [BLE], there is no instant connection supported medium available for advertising.
05-27 03:19:22.423 D/AudioFlinger( 1880): ro.audio.silent is ignored since no output device is set
05-27 03:19:22.423 D/AudioFlinger( 1880): ro.audio.silent is ignored since no output device is set
05-27 03:19:22.430 I/NearbyMediums(26027): Started accepting Bluetooth Classic connections for NearbySharing.
05-27 03:19:22.431 I/NearbyConnections(26027): Client 93397333 requested setting downloads directory to null.
05-27 03:19:22.431 D/BluetoothSocket(26027): accept(), timeout (ms):-1
05-27 03:19:22.431 I/NearbyConnections(26027): Client 93397333 with package name 0p:com.google.android.gms.nearby.presence and sdk version 261833000 has connected, downloads dir is set to null.
05-27 03:19:22.432 I/NearbyConnections(26027): Add DeviceProvider of type 2.
05-27 03:19:22.432 I/NearbyConnections(26027): Successfully register device provider for endpointType 2 by client 93397333
05-27 03:19:22.442 W/ConstraintSet( 7709): id unknown center_vertical_guideline
05-27 03:19:22.442 W/ConstraintSet( 7709): id unknown action_button_guideline
05-27 03:19:22.442 W/ConstraintSet( 7709): id unknown icon
05-27 03:19:22.442 W/ConstraintSet( 7709): id unknown media_seamless
05-27 03:19:22.442 W/ConstraintSet( 7709): id unknown media_action_barrier_start
05-27 03:19:22.442 W/ConstraintSet( 7709): id unknown media_action_barrier_end
05-27 03:19:22.442 W/ConstraintSet( 7709): id unknown media_action_barrier_top
05-27 03:19:22.442 W/ConstraintSet( 7709): id unknown remove_text
05-27 03:19:22.442 W/ConstraintSet( 7709): id unknown settings
05-27 03:19:22.442 W/ConstraintSet( 7709): id unknown dismiss
05-27 03:19:22.442 W/ConstraintSet( 7709): id unknown cancel
05-27 03:19:22.443 I/bt_stack( 3992): [INFO:port_api.cc(123)] RFCOMM_CreateConnection BDA: ff:ff:ff:ff:ff:ff
05-27 03:19:22.446 W/ConstraintSet( 7709): id unknown center_vertical_guideline
05-27 03:19:22.446 W/ConstraintSet( 7709): id unknown action_button_guideline
05-27 03:19:22.446 W/ConstraintSet( 7709): id unknown icon
05-27 03:19:22.446 W/ConstraintSet( 7709): id unknown media_seamless
05-27 03:19:22.446 W/ConstraintSet( 7709): id unknown media_action_barrier_start
05-27 03:19:22.446 W/ConstraintSet( 7709): id unknown media_action_barrier_end
05-27 03:19:22.446 W/ConstraintSet( 7709): id unknown media_action_barrier_top
05-27 03:19:22.446 W/ConstraintSet( 7709): id unknown remove_text
05-27 03:19:22.446 W/ConstraintSet( 7709): id unknown settings
05-27 03:19:22.446 W/ConstraintSet( 7709): id unknown dismiss
05-27 03:19:22.446 W/ConstraintSet( 7709): id unknown cancel
05-27 03:19:22.446 I/NearbyMediums(26027): BLE extended advertising not started.
05-27 03:19:22.447 D/BluetoothAdapter(26027): isLeEnabled(): ON
05-27 03:19:22.447 D/BluetoothLeAdvertiser(26027):  Total bytes: size:31
05-27 03:19:22.451 D/BtGatt.AdvertiseManager( 3992): startAdvertisingSet() - reg_id=-8556, callback: android.os.BinderProxy@d7c8f38
05-27 03:19:22.452 I/vendor.qti.bluetooth@1.0-ibs_handler( 1758): ProcessIbsCmd: Received IBS_WAKE_IND: 0xFD
05-27 03:19:22.452 I/vendor.qti.bluetooth@1.0-ibs_handler( 1758): ProcessIbsCmd: Writing IBS_WAKE_ACK
05-27 03:19:22.461 D/BtGatt.AdvertiseManager( 3992): onAdvertisingSetStarted() - regId=-8556, advertiserId=1, status=0
05-27 03:19:22.462 I/YouTubeVideoPlayer(31194): resource_request method=GET mainFrame=false url=https://www.youtube.com/s/player/c2f7551f/www-player.css
05-27 03:19:22.462 I/NearbyMediums(26027): Started BLE Legacy advertising. Regular Header Advertised : false, Fast Advertised : true, AdvertisingSettings : BleAdvertisingSetting{powerLevel= BALANCED_POWER, isConnectable= false, isPrivateGatt= true}, isAcceptingConnection : false
05-27 03:19:22.462 I/NearbyMediums(26027): Successfully started BLE advertising of size 23 for service NearbySharing, deviceToken : [ 0x44 0xad ].
05-27 03:19:22.466 I/NearbyConnections(26027): Get local endpoint id from the existing localEndpointId:ROG9 (last:null) for client 210569170(0p:com.google.android.gms.nearby.sharing)
05-27 03:19:22.466 I/NearbySharing(26027): [broadcast provider] advertising started.
05-27 03:19:22.467 I/NearbySharing(26027): [broadcast controller] started.
05-27 03:19:22.467 I/NearbySharing(26027): [ReceiveManager] started.
05-27 03:19:22.467 I/NearbySharing(26027): NearbySharing Internal event ReceiveManagerStart(mode=2, isEveryoneMode=false, dataUsage=2, useQrCode=false, success=true)
05-27 03:19:22.468 I/NearbySharing(26027): [ClearcutLog] ADVERTISE_DEVICE_PRESENCE_START sessionId=0 flowId=2281649525413973149 sessionStatus: 1, visibility: 1
05-27 03:19:22.501 I/vendor.qti.bluetooth@1.0-ibs_handler( 1758): ProcessIbsCmd: Received IBS_SLEEP_IND: 0xFE
05-27 03:19:22.519 I/YouTubeVideoPlayer(31194): resource_request method=GET mainFrame=false url=https://www.youtube.com/s/player/c2f7551f/player_embed_es6.vflset/en_GB/base.js
05-27 03:19:22.524 I/NearbyMediums(26027): No BLE Fast/GATT advertisements found in the latest cycle.
05-27 03:19:22.524 I/NearbyMediums(26027): Current Tracked Scanning Clients are : {NearbyConnections.EnvironmentMonitor, NearbySharing, NearbyConnections.TxAdvertisement}
05-27 03:19:22.575 D/ActivityManager( 3077): freezing 26536 com.google.android.googlequicksearchbox:search, reason = oom_cached
05-27 03:19:22.578 D/BraveShields(31194): blocked url=https://googleads.g.doubleclick.net/pagead/id
05-27 03:19:22.585 D/BraveShields(31194): blocked url=https://static.doubleclick.net/instream/ad_status.js
05-27 03:19:22.599 D/YouTubeWebViewConsole(31194): level=ERROR message=Access to XMLHttpRequest at 'https://googleads.g.doubleclick.net/pagead/id' from origin 'https://www.youtube.com' has been blocked by CORS policy: No 'Access-Control-Allow-Origin' header is present on the requested resource. line=11 source=https://www.youtube.com/embed/7c3-Gei5j4w?autoplay=1&controls=0&playsinline=1&enablejsapi=1&rel=0&modestbranding=1&iv_load_policy=3&start=0
05-27 03:19:22.611 W/ConstraintSet( 7709): id unknown center_vertical_guideline
05-27 03:19:22.611 W/ConstraintSet( 7709): id unknown action_button_guideline
05-27 03:19:22.611 W/ConstraintSet( 7709): id unknown icon
05-27 03:19:22.611 W/ConstraintSet( 7709): id unknown media_seamless
05-27 03:19:22.611 W/ConstraintSet( 7709): id unknown media_action_barrier_start
05-27 03:19:22.611 W/ConstraintSet( 7709): id unknown media_action_barrier_end
05-27 03:19:22.611 W/ConstraintSet( 7709): id unknown media_action_barrier_top
05-27 03:19:22.611 W/ConstraintSet( 7709): id unknown remove_text
05-27 03:19:22.611 W/ConstraintSet( 7709): id unknown settings
05-27 03:19:22.611 W/ConstraintSet( 7709): id unknown dismiss
05-27 03:19:22.611 W/ConstraintSet( 7709): id unknown cancel
05-27 03:19:22.657 I/AppsFilter( 3077): interaction: PackageSetting{89f2679 com.deepeye.musicpro.debug/10521} -> PackageSetting{24914a5 com.motorola.motosignature.app/10134} BLOCKED
05-27 03:19:22.681 I/sensors-hal( 1753): batch:206, android.sensor.game_rotation_vector/151, period=16666000, max_latency=0
05-27 03:19:22.681 I/sensors-hal( 1753): set_config:57, sample_period_ns is adjusted to 16666000 based on min/max delay_ns
05-27 03:19:22.681 I/sensors-hal( 1753): batch:215, android.sensor.game_rotation_vector/151, period=16666000, max_latency=0 request completed
05-27 03:19:22.681 I/sensors-hal( 1753): activate:173, android.sensor.game_rotation_vector/151 en=1
05-27 03:19:22.681 I/sensors-hal( 1753): get_qmi_debug_flag:239, support_qmi_debug : false
05-27 03:19:22.685 E/minksocket( 1748): MinkIPC_QRTR_Service: client with node 1 port 7236 went down
05-27 03:19:22.685 E/minksocket( 1748): MinkIPC_QRTR_Service: client with node 1 port 7237 went down
05-27 03:19:22.685 E/minksocket( 1748): MinkIPC_QRTR_Service: client with node 1 port 7238 went down
05-27 03:19:22.685 E/Diag_Lib( 1753): diag: Diag_LSM_Init: invoked for pid: 1753 with init_count: 0
05-27 03:19:22.686 E/Diag_Lib( 1753): diag:failed to connect to diag socket
05-27 03:19:22.686 E/Diag_Lib( 1753):  Diag_LSM_Init: Failed to open handle to diag driver, error = 13
05-27 03:19:22.686 E/minksocket( 1748): MinkIPC_QRTR_Service: client with node 1 port 7239 went down
05-27 03:19:22.686 I/sensors-hal( 1753): send_sync_sensor_request:341, send sync request
05-27 03:19:22.686 I/sensors-hal( 1753): send_sync_sensor_request:367, wait for notification of response
05-27 03:19:22.690 I/sensors-hal( 1753): ssc_conn_resp_cb:632, resp_value = 0
05-27 03:19:22.690 I/sensors-hal( 1753): send_sync_sensor_request:373, takes 3 ms to receive the response with 0
05-27 03:19:22.690 I/sensors-hal( 1753): activate:184, android.sensor.game_rotation_vector/151 en=1 completed
05-27 03:19:22.699 I/YouTubeVideoPlayer(31194): page_finished url=https://www.youtube.com/
05-27 03:19:22.704 I/PlayCore(31194): UID: [10521]  PID: [31194] StandardIntegrity : warmUpIntegrityToken(868618676952)
05-27 03:19:22.706 I/PlayCore(31194): UID: [10521]  PID: [31194] StandardIntegrity : Initiate binding to the service.
05-27 03:19:22.728 I/PlayCore(31194): UID: [10521]  PID: [31194] StandardIntegrity : ServiceConnectionImpl.onServiceConnected(ComponentInfo{com.android.vending/com.google.android.finsky.expressintegrityservice.ExpressIntegrityService})
05-27 03:19:22.728 V/Avrcp_ext( 3992): onMetadataChanged
05-27 03:19:22.728 V/APM: MediaControlManager( 3992): onMetadataChanged
05-27 03:19:22.729 W/McpService( 3992): updateMetaData data android.media.MediaMetadata@bda271d4
05-27 03:19:22.729 D/BroadcastService( 3992): isBroadcastActive: Broadcast is turned to off
05-27 03:19:22.731 I/PlayCore(31194): UID: [10521]  PID: [31194] StandardIntegrity : linkToDeath
05-27 03:19:22.732 I/ThermalEngine(29098): ACTION: freeze_rule - Setting freeze_rule to 0
05-27 03:19:22.732 I/ThermalEngine(29098): Monitor:INACTIVE:FREEZE-CHG:freeze_rule=1:DETECT-STANDBY=0
05-27 03:19:22.732 I/ThermalEngine(29098): ACTION: override_c - Setting override_c to 0
05-27 03:19:22.732 I/ThermalEngine(29098): Monitor:INACTIVE:OVERRIDE-CHG:internal_override=1:DETECT-STANDBY=0
05-27 03:19:22.733 I/Thermal-Lib(29098): Thermal-Lib-Client: Client request sent
05-27 03:19:22.733 I/ThermalEngine(29098): Thermal-Server: Thermal received msg from  override_c
05-27 03:19:22.733 I/ThermalEngine(29098): Thermal-Server: Thermal received msg from  freezing
05-27 03:19:22.733 I/Thermal-Lib(29098): Thermal-Lib-Client: Client request sent
05-27 03:19:22.734 V/Avrcp_ext( 3992): updateCurrentMediaState: mMediaController: MediaController (com.deepeye.musicpro.debug@c981408) Chaand Baaliyan – Aditya A. | Trending Song | Official Video, Sony Music India, null
05-27 03:19:22.734 W/Avrcp_ext( 3992): isMusicActive: false getBluetoothPlayState: 1 A2dp State: 11 mAudioPlaybackIsActive: false
05-27 03:19:22.734 D/Avrcp_ext( 3992): isMusicActive = false mAudioPlaybackIsActive = false player state = PlaybackState {state=PLAYING(3), position=706, buffered position=0, speed=1.0, updated=1654951882, actions=7339703, custom actions=[], active item id=0, error=null}
05-27 03:19:22.734 I/ThermalEngine(29098): Monitor:ACTIVE:MON-MSM-charge:battery=6:CHG-SENSORS=42699
05-27 03:19:22.737 D/Avrcp_ext( 3992): overwrite album_artist :if album is blank
05-27 03:19:22.739 V/Avrcp_ext( 3992): Media update: id 0➡0? [MediaAttributes: C⋯o -  by S⋯a (0 0/0) - ] : [MediaAttributes: C⋯o -  by S⋯a (0 0/0) - ]
05-27 03:19:22.739 D/Avrcp_ext( 3992): isPackageNameValid: browsedPackage = com.deepeye.musicpro.debugisValid = true
05-27 03:19:22.739 V/Avrcp_ext( 3992): isBrowseSupported for com.deepeye.musicpro.debug: false
05-27 03:19:22.739 W/Avrcp_ext( 3992): updateCurrentMediaState: isInactivePlayer = false
