05-27 03:19:23.323 I/gsl     ( 1830): gsl_send_spf_cmd:169 Wait for Rsp opcode[0x1001000] src_port[0x2010] dst_port[0x1] token 0x113d2
05-27 03:19:23.324 I/gsl     ( 1830): gsl_send_spf_cmd:183 rcvd pkt token : 0x113d2
05-27 03:19:23.324 I/gsl     ( 1830): gsl_send_spf_cmd:169 Wait for Rsp opcode[0x1001006] src_port[0x2010] dst_port[0x1] token 0x113d3
05-27 03:19:23.324 I/gsl     ( 1830): gsl_send_spf_cmd:183 rcvd pkt token : 0x113d3
05-27 03:19:23.324 E/gsl     ( 1830): gsl_graph_send_nonpersist_cal:790 send non-perist cal failed 3
05-27 03:19:23.324 E/ACDB    ( 1830): AcdbCmdGetProcSubgraphCalDataPersist:8416 Error[19]: No calibration found
05-27 03:19:23.324 D/AGM: graph( 1830): graph_open: 739 graph_handle 0x47534c
05-27 03:19:23.324 D/AGM: graph( 1830): graph_open: 774 exit, ret 0
05-27 03:19:23.324 D/AGM: graph( 1830): graph_set_config: 1134 entry graph_handle 0x47534c
05-27 03:19:23.324 I/gsl     ( 1830): gsl_send_spf_cmd:169 Wait for Rsp opcode[0x1001006] src_port[0x2010] dst_port[0x1] token 0x113d4
05-27 03:19:23.325 I/gsl     ( 1830): gsl_send_spf_cmd:183 rcvd pkt token : 0x113d4
05-27 03:19:23.325 D/AGM: graph( 1830): graph_set_config: 1142 exit, graph handle 0x47534c, ret 0
05-27 03:19:23.325 D/agm_client_wrapper( 1756): agm_session_open Received handle = 0x78605764f0 , *handle = b400007051f2d610
05-27 03:19:23.325 D/PLUGIN: pcm( 1756): agm_pcm_hw_params: 478 agm_pcm_hw_params: mode: 268435456
05-27 03:19:23.325 I/gsl     ( 1830): gsl_send_spf_cmd:169 Wait for Rsp opcode[0x100100e] src_port[0x2010] dst_port[0x458a] token 0x113d5
05-27 03:19:23.325 I/gsl     ( 1830): gsl_send_spf_cmd:183 rcvd pkt token : 0x113d5
05-27 03:19:23.325 I/PAL: SpeakerProtection( 1756): spkrProtProcessingMode: 3725: Normal mode being used
05-27 03:19:23.325 I/PAL: Device( 1756): updateCustomPayload: 373: customPayloadSize = 24
05-27 03:19:23.325 I/PAL: Device( 1756): updateCustomPayload: 373: customPayloadSize = 80
05-27 03:19:23.325 I/PAL: Device( 1756): updateCustomPayload: 373: customPayloadSize = 184
05-27 03:19:23.325 D/audio_route( 1756): Apply path: vi-feedback
05-27 03:19:23.325 D/AGM: graph( 1830): graph_prepare: 835 entry graph_handle 0x47534c
05-27 03:19:23.325 D/AGM: graph_module( 1830): configure_hw_ep_media_config: 664 entry mod tag c0000005 miid 4589 mid 7001024
05-27 03:19:23.325 D/AGM: graph_module( 1830): configure_hw_ep_media_config: 694 rate 48000 bw 32 ch 2, data_fmt 1
05-27 03:19:23.325 I/gsl     ( 1830): gsl_send_spf_cmd:169 Wait for Rsp opcode[0x1001006] src_port[0x2010] dst_port[0x4589] token 0x113d6
05-27 03:19:23.325 I/gsl     ( 1830): gsl_send_spf_cmd:183 rcvd pkt token : 0x113d6
05-27 03:19:23.325 D/AGM: graph_module( 1830): configure_hw_ep_media_config: 704 exit, ret 0
05-27 03:19:23.326 D/AGM: graph_module( 1830): configure_codec_dma_ep: 281 cdc_dma intf cfg lpaif 2 indx 1 ch_msk 3
05-27 03:19:23.326 I/gsl     ( 1830): gsl_send_spf_cmd:169 Wait for Rsp opcode[0x1001006] src_port[0x2010] dst_port[0x4589] token 0x113d7
05-27 03:19:23.326 I/gsl     ( 1830): gsl_send_spf_cmd:183 rcvd pkt token : 0x113d7
05-27 03:19:23.326 D/AGM: graph_module( 1830): configure_codec_dma_ep: 296 exit, ret 0
05-27 03:19:23.326 I/gsl     ( 1830): gsl_send_spf_cmd:169 Wait for Rsp opcode[0x1001001] src_port[0x2010] dst_port[0x1] token 0x113d8
05-27 03:19:23.326 I/gsl     ( 1830): gsl_send_spf_cmd:183 rcvd pkt token : 0x113d8
05-27 03:19:23.326 D/AGM: graph( 1830): graph_prepare: 913 exit, ret 0
05-27 03:19:23.326 D/AGM: graph( 1830): graph_start: 927 entry graph_handle 0x47534c
05-27 03:19:23.326 I/gsl     ( 1830): gsl_send_spf_cmd:169 Wait for Rsp opcode[0x1001002] src_port[0x2010] dst_port[0x1] token 0x113d9
05-27 03:19:23.327 I/gsl     ( 1830): gsl_send_spf_cmd:183 rcvd pkt token : 0x113d9
05-27 03:19:23.327 D/AGM: graph( 1830): graph_start: 939 exit, ret 0
05-27 03:19:23.329 I/PAL: SessionAlsaUtils( 1756): setDeviceMediaConfig: 1007: CODEC_DMA-LPAIF_WSA-RX-0 rate ch fmt data_fmt 48000 2 2 1
05-27 03:19:23.329 I/PAL: ResourceManager( 1756): voteSleepMonitor: 1439: Enter for stream type 2
05-27 03:19:23.329 I/PAL: ResourceManager( 1756): voteSleepMonitor: 1491: Voting done for nlpi use case, lpi votes 0, nlpi votes : 1
05-27 03:19:23.330 D/agm_client_wrapper( 1756): agm_session_open called with handle = 60576c10 , *handle = 0
05-27 03:19:23.330 D/AGM: graph( 1830): graph_open: 580 entry
05-27 03:19:23.330 D/AGM: metadata( 1830): metadata_print: 263 *************************Metadata*************************
05-27 03:19:23.330 D/AGM: metadata( 1830): metadata_print: 264 GKV size:4
05-27 03:19:23.330 D/AGM: metadata( 1830): metadata_print: 267 key:0xa1000000, value:0xa1000001(PCM_DEEP_BUFFER)
05-27 03:19:23.330 D/AGM: metadata( 1830): metadata_print: 267 key:0xab000000, value:0x1( )
05-27 03:19:23.330 D/AGM: metadata( 1830): metadata_print: 267 key:0xa2000000, value:0xa2000001(SPEAKER)
05-27 03:19:23.330 D/AGM: metadata( 1830): metadata_print: 267 key:0xac000000, value:0xac000002(DEVICEPP_RX_AUDIO_MBDRC)
05-27 03:19:23.330 D/AGM: metadata( 1830): metadata_print: 271 
05-27 03:19:23.330 D/AGM: metadata( 1830): CKV count:6
05-27 03:19:23.330 D/AGM: metadata( 1830): metadata_print: 274 key:0xa4000000, value:0xf 
05-27 03:19:23.330 D/AGM: metadata( 1830): metadata_print: 274 key:0xe4000000, value:0x0 
05-27 03:19:23.330 D/AGM: metadata( 1830): metadata_print: 274 key:0xe5000000, value:0x1 
05-27 03:19:23.330 D/AGM: metadata( 1830): metadata_print: 274 key:0xe6000000, value:0x0 
05-27 03:19:23.330 D/AGM: metadata( 1830): metadata_print: 274 key:0xd2000000, value:0x0 
05-27 03:19:23.330 D/AGM: metadata( 1830): metadata_print: 274 key:0xbe000000, value:0x3 
05-27 03:19:23.330 D/AGM: metadata( 1830): metadata_print: 276 
05-27 03:19:23.330 D/AGM: metadata( 1830): metadata_print: 278 Property ID:134217744
05-27 03:19:23.330 D/AGM: metadata( 1830): metadata_print: 279 property count:4
05-27 03:19:23.330 D/AGM: metadata( 1830): metadata_print: 282 Property Values: 
05-27 03:19:23.330 D/AGM: metadata( 1830): metadata_print: 284 0x1 
05-27 03:19:23.330 D/AGM: metadata( 1830): metadata_print: 284 0x3 
05-27 03:19:23.330 D/AGM: metadata( 1830): metadata_print: 284 0x2 
05-27 03:19:23.330 D/AGM: metadata( 1830): metadata_print: 284 0x5 
05-27 03:19:23.330 D/AGM: metadata( 1830): metadata_print: 286 
05-27 03:19:23.330 D/AGM: metadata( 1830): metadata_print: 287 ****************Metadata Done***************************
05-27 03:19:23.330 D/AGM: metadata( 1830): 
05-27 03:19:23.331 E/ACDB    ( 1830): AcdbCmdGetGraphAlias:4153 Error[19]: Graph Alias chunk data does not exist. Is it enabled?.
05-27 03:19:23.331 E/gsl     ( 1830): gsl_get_graph_alias:2191 acdb get graph alias failed 19, len 255
05-27 03:19:23.331 D/AGM: graph( 1830): print_graph_alias: 2357 gsl_get_graph_alias failed: ret = 19
05-27 03:19:23.331 D/AGM: graph( 1830): graph_open: 660 miid 4001 mid 7001000 tag c0000002
05-27 03:19:23.331 D/AGM: graph( 1830): graph_open: 708 miid 43b1 mid 7001023 tag c0000004
05-27 03:19:23.331 D/AGM: graph( 1830): graph_open: 660 miid 4019 mid 7001019 tag c0000006
05-27 03:19:23.331 D/AGM: graph( 1830): graph_open: 660 miid 4003 mid 7001005 tag c000000e
05-27 03:19:23.331 D/AGM: graph( 1830): graph_open: 660 miid 4004 mid 7001003 tag c0000010
05-27 03:19:23.331 D/AGM: graph( 1830): graph_open: 660 miid 4163 mid 7001032 tag c0000013
05-27 03:19:23.331 I/GPR:    ( 1830): __gpr_cmd_register_v2:902 GPR Register: Source Port is 8209 heap_index: 0
05-27 03:19:23.331 I/gsl     ( 1830): gsl_graph_open_sgids_and_connections:2726 num_sgid= 4
05-27 03:19:23.331 I/gsl     ( 1830): gsl_graph_open_sgids_and_connections:2727 sg list:
05-27 03:19:23.331 I/gsl     ( 1830): gsl_graph_open_sgids_and_connections:2729 b0000002
05-27 03:19:23.331 I/gsl     ( 1830): gsl_graph_open_sgids_and_connections:2729 b0000008
05-27 03:19:23.331 I/gsl     ( 1830): gsl_graph_open_sgids_and_connections:2729 b000001c
05-27 03:19:23.331 I/gsl     ( 1830): gsl_graph_open_sgids_and_connections:2729 b0000001
05-27 03:19:23.331 I/gsl     ( 1830): gsl_print_sg_conn_info:186 num_sg_conn = 3
05-27 03:19:23.331 I/gsl     ( 1830): gsl_print_sg_conn_info:188 sg b0000008 has 1 children:
05-27 03:19:23.331 I/gsl     ( 1830): gsl_print_sg_conn_info:191 b0000002, 
05-27 03:19:23.331 I/gsl     ( 1830): gsl_print_sg_conn_info:188 sg b000001c has 1 children:
05-27 03:19:23.331 I/gsl     ( 1830): gsl_print_sg_conn_info:191 b0000008, 
05-27 03:19:23.331 I/gsl     ( 1830): gsl_print_sg_conn_info:188 sg b0000001 has 1 children:
05-27 03:19:23.331 I/gsl     ( 1830): gsl_print_sg_conn_info:191 b000001c, 
05-27 03:19:23.331 I/gsl     ( 1830): gsl_send_spf_cmd:169 Wait for Rsp opcode[0x1001000] src_port[0x2011] dst_port[0x1] token 0x113da
05-27 03:19:23.333 I/audioadsprpcd( 1232): vendor/qcom/proprietary/adsprpc/src/apps_std_imp.c:860: Successfully opened file /vendor/dsp/adsp/CFCM.so.1
05-27 03:19:23.335 I/audioadsprpcd( 1232): vendor/qcom/proprietary/adsprpc/src/apps_std_imp.c:860: Successfully opened file /vendor/dsp/adsp/SAPlusCmnModule.so.1
05-27 03:19:23.336 V/Avrcp_ext( 3992): onPlaybackStateChanged: state PlaybackState {state=PLAYING(3), position=0, buffered position=3021, speed=1.0, updated=1654952483, actions=7340031, custom actions=[], active item id=0, error=null}
05-27 03:19:23.336 V/APM: MediaControlManager( 3992): onPlaybackStateChanged
05-27 03:19:23.336 W/McpService( 3992): updatePlaybackState state PlaybackState {state=PLAYING(3), position=0, buffered position=3021, speed=1.0, updated=1654952483, actions=7340031, custom actions=[], active item id=0, error=null}
05-27 03:19:23.336 W/McpService( 3992): updatePlaybackState mState: 1 state: 1
05-27 03:19:23.339 I/gsl     ( 1830): gsl_send_spf_cmd:183 rcvd pkt token : 0x113da
05-27 03:19:23.340 I/gsl     ( 1830): gsl_send_spf_cmd:169 Wait for Rsp opcode[0x1001006] src_port[0x2011] dst_port[0x1] token 0x113db
05-27 03:19:23.342 I/gsl     ( 1830): gsl_send_spf_cmd:183 rcvd pkt token : 0x113db
05-27 03:19:23.342 E/ACDB    ( 1830): AcdbCmdGetProcSubgraphCalDataPersist:8416 Error[19]: No calibration found
05-27 03:19:23.342 E/ACDB    ( 1830): AcdbCmdGetProcSubgraphCalDataPersist:8416 Error[19]: No calibration found
05-27 03:19:23.342 E/ACDB    ( 1830): AcdbCmdGetProcSubgraphCalDataPersist:8416 Error[19]: No calibration found
05-27 03:19:23.342 E/ACDB    ( 1830): AcdbCmdGetProcSubgraphCalDataPersist:8416 Error[19]: No calibration found
05-27 03:19:23.342 D/AGM: graph( 1830): graph_open: 739 graph_handle 0x147534c
05-27 03:19:23.342 D/AGM: graph( 1830): graph_open: 774 exit, ret 0
05-27 03:19:23.342 D/AGM: graph( 1830): graph_set_config: 1134 entry graph_handle 0x147534c
05-27 03:19:23.342 I/gsl     ( 1830): gsl_send_spf_cmd:169 Wait for Rsp opcode[0x1001006] src_port[0x2011] dst_port[0x1] token 0x113dc
05-27 03:19:23.342 I/gsl     ( 1830): gsl_send_spf_cmd:183 rcvd pkt token : 0x113dc
05-27 03:19:23.342 D/AGM: graph( 1830): graph_set_config: 1142 exit, graph handle 0x147534c, ret 0
05-27 03:19:23.342 D/agm_client_wrapper( 1756): agm_session_open Received handle = 0x7860576c10 , *handle = b400007051f2bf50
05-27 03:19:23.342 D/PLUGIN: pcm( 1756): agm_pcm_hw_params: 478 agm_pcm_hw_params: mode: 0
05-27 03:19:23.343 I/PAL: Session( 1756): updateCustomPayload: 580: customPayloadSize = 32
05-27 03:19:23.343 D/AGM: graph( 1830): graph_set_config: 1134 entry graph_handle 0x147534c
05-27 03:19:23.342 V/Avrcp_ext( 3992): updateCurrentMediaState: mMediaController: MediaController (com.deepeye.musicpro.debug@c981408) Chaand Baaliyan – Aditya A. | Trending Song | Official Video, Sony Music India, null
05-27 03:19:23.343 I/gsl     ( 1830): gsl_send_spf_cmd:169 Wait for Rsp opcode[0x1001006] src_port[0x2011] dst_port[0x40b6] token 0x113dd
05-27 03:19:23.343 W/Avrcp_ext( 3992): isMusicActive: true getBluetoothPlayState: 1 A2dp State: 11 mAudioPlaybackIsActive: true
05-27 03:19:23.343 I/gsl     ( 1830): gsl_send_spf_cmd:183 rcvd pkt token : 0x113dd
05-27 03:19:23.343 D/AGM: graph( 1830): graph_set_config: 1142 exit, graph handle 0x147534c, ret 0
05-27 03:19:23.343 D/AGM: graph( 1830): graph_prepare: 835 entry graph_handle 0x147534c
05-27 03:19:23.343 D/AGM: graph_module( 1830): configure_pcm_shared_mem_ep: 1604 entry mod tag c0000002 miid 4001 mid 7001000
05-27 03:19:23.343 I/gsl     ( 1830): gsl_send_spf_cmd:169 Wait for Rsp opcode[0x1001006] src_port[0x2011] dst_port[0x4001] token 0x113de
05-27 03:19:23.343 D/Avrcp_ext( 3992): isMusicActive = true mAudioPlaybackIsActive = true player state = PlaybackState {state=PLAYING(3), position=6, buffered position=3021, speed=1.0, updated=1654952491, actions=7340031, custom actions=[], active item id=0, error=null}
05-27 03:19:23.343 I/gsl     ( 1830): gsl_send_spf_cmd:183 rcvd pkt token : 0x113de
05-27 03:19:23.343 D/AGM: graph_module( 1830): configure_pcm_shared_mem_ep: 1680 exit, ret 0
05-27 03:19:23.343 D/AGM: graph_module( 1830): configure_hw_ep_media_config: 664 entry mod tag c0000004 miid 43b1 mid 7001023
05-27 03:19:23.343 D/AGM: graph_module( 1830): configure_hw_ep_media_config: 694 rate 48000 bw 16 ch 2, data_fmt 1
05-27 03:19:23.343 I/gsl     ( 1830): gsl_send_spf_cmd:169 Wait for Rsp opcode[0x1001006] src_port[0x2011] dst_port[0x43b1] token 0x113df
05-27 03:19:23.344 I/gsl     ( 1830): gsl_send_spf_cmd:183 rcvd pkt token : 0x113df
05-27 03:19:23.344 D/AGM: graph_module( 1830): configure_hw_ep_media_config: 704 exit, ret 0
05-27 03:19:23.344 D/AGM: graph_module( 1830): configure_codec_dma_ep: 281 cdc_dma intf cfg lpaif 2 indx 1 ch_msk 3
05-27 03:19:23.344 I/gsl     ( 1830): gsl_send_spf_cmd:169 Wait for Rsp opcode[0x1001006] src_port[0x2011] dst_port[0x43b1] token 0x113e0
05-27 03:19:23.344 I/gsl     ( 1830): gsl_send_spf_cmd:183 rcvd pkt token : 0x113e0
05-27 03:19:23.344 D/AGM: graph_module( 1830): configure_codec_dma_ep: 296 exit, ret 0
05-27 03:19:23.344 D/AGM: graph_module( 1830): configure_output_media_format: 790 entry mod tag c000000e miid 4003 mid 7001005
05-27 03:19:23.344 I/gsl     ( 1830): gsl_send_spf_cmd:169 Wait for Rsp opcode[0x1001006] src_port[0x2011] dst_port[0x4003] token 0x113e1
05-27 03:19:23.344 D/MediaDataManager( 7709): State updated outside of notification
05-27 03:19:23.344 I/gsl     ( 1830): gsl_send_spf_cmd:183 rcvd pkt token : 0x113e1
05-27 03:19:23.344 D/AGM: graph_module( 1830): configure_output_media_format: 921 exit, ret 0
05-27 03:19:23.344 D/AGM: graph_module( 1830): configure_output_media_format: 790 entry mod tag c0000010 miid 4004 mid 7001003
05-27 03:19:23.344 I/gsl     ( 1830): gsl_send_spf_cmd:169 Wait for Rsp opcode[0x1001006] src_port[0x2011] dst_port[0x4004] token 0x113e2
05-27 03:19:23.344 I/gsl     ( 1830): gsl_send_spf_cmd:183 rcvd pkt token : 0x113e2
05-27 03:19:23.344 D/AGM: graph_module( 1830): configure_output_media_format: 921 exit, ret 0
05-27 03:19:23.344 D/AGM: graph_module( 1830): configure_spr: 1804 SPR module IID 4163
05-27 03:19:23.344 D/AGM: graph_module( 1830): configure_spr: 1827 HW EP module IID 43b1
05-27 03:19:23.344 I/gsl     ( 1830): gsl_send_spf_cmd:169 Wait for Rsp opcode[0x1001006] src_port[0x2011] dst_port[0x4163] token 0x113e3
05-27 03:19:23.344 I/gsl     ( 1830): gsl_send_spf_cmd:183 rcvd pkt token : 0x113e3
05-27 03:19:23.344 D/AGM: graph( 1830): configure_buffer_params: 202 Enter
05-27 03:19:23.344 D/AGM: graph( 1830): configure_buffer_params: 265 Playback sess buf_sz 7680 num_bufs 2
05-27 03:19:23.344 E/AGM: graph( 1830): configure_buffer_params: 298 Unsupported buffer mode : 0, Default to Blocking
05-27 03:19:23.345 D/AGM: graph( 1830): configure_buffer_params: 318 exit, ret 0
05-27 03:19:23.345 I/gsl     ( 1830): gsl_send_spf_cmd:169 Wait for Rsp opcode[0x1001001] src_port[0x2011] dst_port[0x1] token 0x113e4
05-27 03:19:23.345 D/Avrcp_ext( 3992): overwrite album_artist :if album is blank
05-27 03:19:23.347 I/gsl     ( 1830): gsl_send_spf_cmd:183 rcvd pkt token : 0x113e4
05-27 03:19:23.347 D/AGM: graph( 1830): graph_prepare: 913 exit, ret 0
05-27 03:19:23.347 V/Avrcp_ext( 3992): Media update: id 0➡0? [MediaAttributes: C⋯o -  by S⋯a (0 0/0) - ] : [MediaAttributes: C⋯o -  by S⋯a (0 0/0) - ]
05-27 03:19:23.347 D/Avrcp_ext( 3992): isPackageNameValid: browsedPackage = com.deepeye.musicpro.debugisValid = true
05-27 03:19:23.348 V/Avrcp_ext( 3992): isBrowseSupported for com.deepeye.musicpro.debug: false
05-27 03:19:23.348 W/Avrcp_ext( 3992): updateCurrentMediaState: isInactivePlayer = false
05-27 03:19:23.348 V/Avrcp_ext( 3992): updatePlaybackState, state: PlaybackState {state=PLAYING(3), position=6, buffered position=3021, speed=1.0, updated=1654952491, actions=7340031, custom actions=[], active item id=0, error=null} device: null
05-27 03:19:23.348 V/Avrcp_ext( 3992): Device: no name: 
05-27 03:19:23.348 V/Avrcp_ext( 3992): Device: no name: 
05-27 03:19:23.348 V/Avrcp_ext( 3992): Device: no name: 
05-27 03:19:23.348 V/Avrcp_ext( 3992): Device: no name: 
05-27 03:19:23.348 V/Avrcp_ext( 3992): Device: no name: 
05-27 03:19:23.348 V/Avrcp_ext( 3992): updatePlayerStateAndPosition, old=PlaybackState {state=PLAYING(3), position=1281, buffered position=0, speed=1.0, updated=1654952457, actions=7339703, custom actions=[], active item id=0, error=null}, state=PlaybackState {state=PLAYING(3), position=6, buffered position=3021, speed=1.0, updated=1654952491, actions=7340031, custom actions=[], active item id=0, error=null}
05-27 03:19:23.348 V/Avrcp_ext( 3992): old state = PlaybackState {state=PLAYING(3), position=1281, buffered position=0, speed=1.0, updated=1654952457, actions=7339703, custom actions=[], active item id=0, error=null}, new state= PlaybackState {state=PLAYING(3), position=6, buffered position=3021, speed=1.0, updated=1654952491, actions=7340031, custom actions=[], active item id=0, error=null}
05-27 03:19:23.348 D/HeadsetService( 3992): getHeadsetService(): returning com.android.bluetooth.hfp.HeadsetService@9390a13
05-27 03:19:23.348 E/HeadsetStateMachine( 3992): returning mCurrentState as Disconnected
05-27 03:19:23.348 W/ConstraintSet( 7709): id unknown center_vertical_guideline
05-27 03:19:23.348 W/ConstraintSet( 7709): id unknown action_button_guideline
05-27 03:19:23.348 W/ConstraintSet( 7709): id unknown icon
05-27 03:19:23.348 W/ConstraintSet( 7709): id unknown media_seamless
05-27 03:19:23.348 D/AGM: session( 1830): session_start: 1102 configuring device early - for SLIMBUS EPs
05-27 03:19:23.348 W/ConstraintSet( 7709): id unknown media_action_barrier_start
05-27 03:19:23.348 D/AGM: graph( 1830): graph_start: 927 entry graph_handle 0x147534c
05-27 03:19:23.348 W/ConstraintSet( 7709): id unknown media_action_barrier_end
05-27 03:19:23.348 W/ConstraintSet( 7709): id unknown media_action_barrier_top
05-27 03:19:23.348 I/gsl     ( 1830): gsl_send_spf_cmd:169 Wait for Rsp opcode[0x1001002] src_port[0x2011] dst_port[0x1] token 0x113e5
05-27 03:19:23.348 W/ConstraintSet( 7709): id unknown remove_text
05-27 03:19:23.348 W/ConstraintSet( 7709): id unknown settings
05-27 03:19:23.348 W/ConstraintSet( 7709): id unknown dismiss
05-27 03:19:23.348 W/ConstraintSet( 7709): id unknown cancel
05-27 03:19:23.348 E/HeadsetStateMachine( 3992): returning mCurrentState as Disconnected
05-27 03:19:23.351 D/HeadsetService( 3992):  isAudioOn: The number of audio connected devices 0
05-27 03:19:23.351 D/HeadsetService( 3992): isScoOrCallActive(): Call Active:falseCall is Ringing:falseSCO is Active:false
05-27 03:19:23.351 E/HeadsetStateMachine( 3992): returning mCurrentState as Disconnected
05-27 03:19:23.351 E/HeadsetStateMachine( 3992): returning mCurrentState as Disconnected
05-27 03:19:23.351 D/HeadsetService( 3992):  isAudioOn: The number of audio connected devices 0
05-27 03:19:23.351 V/Avrcp_ext( 3992): isPlayStateTobeUpdated: device: null
05-27 03:19:23.351 V/Avrcp_ext( 3992): Single connection exists
05-27 03:19:23.351 E/HeadsetStateMachine( 3992): returning mCurrentState as Disconnected
05-27 03:19:23.351 E/HeadsetStateMachine( 3992): returning mCurrentState as Disconnected
05-27 03:19:23.351 D/HeadsetService( 3992):  isAudioOn: The number of audio connected devices 0
05-27 03:19:23.351 D/HeadsetService( 3992): isScoOrCallActive(): Call Active:falseCall is Ringing:falseSCO is Active:false
05-27 03:19:23.351 E/HeadsetStateMachine( 3992): returning mCurrentState as Disconnected
05-27 03:19:23.351 E/HeadsetStateMachine( 3992): returning mCurrentState as Disconnected
05-27 03:19:23.351 D/HeadsetService( 3992):  isAudioOn: The number of audio connected devices 0
05-27 03:19:23.351 V/Avrcp_ext( 3992): isPlayStateTobeUpdated: device: null
05-27 03:19:23.351 V/Avrcp_ext( 3992): Single connection exists
05-27 03:19:23.351 E/HeadsetStateMachine( 3992): returning mCurrentState as Disconnected
05-27 03:19:23.351 E/HeadsetStateMachine( 3992): returning mCurrentState as Disconnected
05-27 03:19:23.351 D/HeadsetService( 3992):  isAudioOn: The number of audio connected devices 0
05-27 03:19:23.351 D/HeadsetService( 3992): isScoOrCallActive(): Call Active:falseCall is Ringing:falseSCO is Active:false
05-27 03:19:23.351 E/HeadsetStateMachine( 3992): returning mCurrentState as Disconnected
05-27 03:19:23.351 E/HeadsetStateMachine( 3992): returning mCurrentState as Disconnected
05-27 03:19:23.351 D/HeadsetService( 3992):  isAudioOn: The number of audio connected devices 0
05-27 03:19:23.351 V/Avrcp_ext( 3992): isPlayStateTobeUpdated: device: null
05-27 03:19:23.351 V/Avrcp_ext( 3992): Single connection exists
05-27 03:19:23.351 E/HeadsetStateMachine( 3992): returning mCurrentState as Disconnected
05-27 03:19:23.351 E/HeadsetStateMachine( 3992): returning mCurrentState as Disconnected
05-27 03:19:23.351 D/HeadsetService( 3992):  isAudioOn: The number of audio connected devices 0
05-27 03:19:23.351 D/HeadsetService( 3992): isScoOrCallActive(): Call Active:falseCall is Ringing:falseSCO is Active:false
05-27 03:19:23.351 E/HeadsetStateMachine( 3992): returning mCurrentState as Disconnected
05-27 03:19:23.351 E/HeadsetStateMachine( 3992): returning mCurrentState as Disconnected
05-27 03:19:23.351 D/HeadsetService( 3992):  isAudioOn: The number of audio connected devices 0
05-27 03:19:23.351 V/Avrcp_ext( 3992): isPlayStateTobeUpdated: device: null
05-27 03:19:23.351 V/Avrcp_ext( 3992): Single connection exists
05-27 03:19:23.351 E/HeadsetStateMachine( 3992): returning mCurrentState as Disconnected
05-27 03:19:23.351 I/gsl     ( 1830): gsl_send_spf_cmd:183 rcvd pkt token : 0x113e5
05-27 03:19:23.351 E/HeadsetStateMachine( 3992): returning mCurrentState as Disconnected
05-27 03:19:23.351 D/HeadsetService( 3992):  isAudioOn: The number of audio connected devices 0
05-27 03:19:23.351 D/AGM: graph( 1830): graph_start: 939 exit, ret 0
05-27 03:19:23.351 D/HeadsetService( 3992): isScoOrCallActive(): Call Active:falseCall is Ringing:falseSCO is Active:false
05-27 03:19:23.351 E/HeadsetStateMachine( 3992): returning mCurrentState as Disconnected
05-27 03:19:23.351 E/HeadsetStateMachine( 3992): returning mCurrentState as Disconnected
05-27 03:19:23.352 D/HeadsetService( 3992):  isAudioOn: The number of audio connected devices 0
05-27 03:19:23.352 V/Avrcp_ext( 3992): isPlayStateTobeUpdated: device: null
05-27 03:19:23.352 V/Avrcp_ext( 3992): Single connection exists
05-27 03:19:23.352 D/Avrcp_ext( 3992): Enter sendPlayPosNotificationRsp
05-27 03:19:23.352 D/Avrcp_ext( 3992): sendPlayPosNotificationRsp: Not registered or requesting.
05-27 03:19:23.352 D/Avrcp_ext( 3992): Enter sendPlayPosNotificationRsp
05-27 03:19:23.352 D/Avrcp_ext( 3992): sendPlayPosNotificationRsp: Not registered or requesting.
05-27 03:19:23.352 D/Avrcp_ext( 3992): Enter sendPlayPosNotificationRsp
05-27 03:19:23.352 D/Avrcp_ext( 3992): sendPlayPosNotificationRsp: Not registered or requesting.
05-27 03:19:23.352 D/Avrcp_ext( 3992): Enter sendPlayPosNotificationRsp
05-27 03:19:23.352 D/Avrcp_ext( 3992): sendPlayPosNotificationRsp: Not registered or requesting.
05-27 03:19:23.352 D/Avrcp_ext( 3992): Enter sendPlayPosNotificationRsp
05-27 03:19:23.352 D/Avrcp_ext( 3992): sendPlayPosNotificationRsp: Not registered or requesting.
05-27 03:19:23.352 V/Avrcp_ext( 3992): Exit updatePlayerStateAndPosition
05-27 03:19:23.352 D/APM: ActiveDeviceManagerServiceLegacy( 3992): getActiveAbsoluteDevice(): device: null
05-27 03:19:23.352 D/APM: ActiveDeviceManagerServiceLegacy( 3992): isStableState(): true
05-27 03:19:23.352 D/Avrcp_ext( 3992): isAdmStable = true activeAbsAddr = null device = null
05-27 03:19:23.352 V/APM: MediaControlManager( 3992): onPlaybackStateChanged
05-27 03:19:23.352 W/McpService( 3992): updatePlaybackState state PlaybackState {state=PLAYING(3), position=6, buffered position=3021, speed=1.0, updated=1654952491, actions=7340031, custom actions=[], active item id=0, error=null}
05-27 03:19:23.352 W/McpService( 3992): updatePlaybackState mState: 1 state: 1
05-27 03:19:23.352 W/Avrcp_ext( 3992): updated player state = PlaybackState {state=PLAYING(3), position=6, buffered position=3021, speed=1.0, updated=1654952491, actions=7340031, custom actions=[], active item id=0, error=null}to MCP module also
05-27 03:19:23.352 V/Avrcp_ext( 3992):  Exit onPlaybackStateChanged
05-27 03:19:23.352 V/Avrcp_ext( 3992): onPlaybackStateChanged: state PlaybackState {state=PLAYING(3), position=0, buffered position=3021, speed=1.0, updated=1654952484, actions=7340031, custom actions=[], active item id=0, error=null}
05-27 03:19:23.352 V/APM: MediaControlManager( 3992): onPlaybackStateChanged
05-27 03:19:23.352 W/McpService( 3992): updatePlaybackState state PlaybackState {state=PLAYING(3), position=0, buffered position=3021, speed=1.0, updated=1654952484, actions=7340031, custom actions=[], active item id=0, error=null}
05-27 03:19:23.352 W/McpService( 3992): updatePlaybackState mState: 1 state: 1
05-27 03:19:23.354 V/Avrcp_ext( 3992): updateCurrentMediaState: mMediaController: MediaController (com.deepeye.musicpro.debug@c981408) Chaand Baaliyan – Aditya A. | Trending Song | Official Video, Sony Music India, null
05-27 03:19:23.354 W/Avrcp_ext( 3992): isMusicActive: true getBluetoothPlayState: 1 A2dp State: 11 mAudioPlaybackIsActive: true
05-27 03:19:23.354 D/Avrcp_ext( 3992): isMusicActive = true mAudioPlaybackIsActive = true player state = PlaybackState {state=PLAYING(3), position=17, buffered position=3021, speed=1.0, updated=1654952502, actions=7340031, custom actions=[], active item id=0, error=null}
05-27 03:19:23.356 D/Avrcp_ext( 3992): overwrite album_artist :if album is blank
05-27 03:19:23.358 V/Avrcp_ext( 3992): Media update: id 0➡0? [MediaAttributes: C⋯o -  by S⋯a (0 0/0) - ] : [MediaAttributes: C⋯o -  by S⋯a (0 0/0) - ]
05-27 03:19:23.358 D/Avrcp_ext( 3992): isPackageNameValid: browsedPackage = com.deepeye.musicpro.debugisValid = true
05-27 03:19:23.358 V/Avrcp_ext( 3992): isBrowseSupported for com.deepeye.musicpro.debug: false
05-27 03:19:23.358 W/Avrcp_ext( 3992): updateCurrentMediaState: isInactivePlayer = false
05-27 03:19:23.358 V/Avrcp_ext( 3992): updatePlaybackState, state: PlaybackState {state=PLAYING(3), position=17, buffered position=3021, speed=1.0, updated=1654952502, actions=7340031, custom actions=[], active item id=0, error=null} device: null
05-27 03:19:23.358 V/Avrcp_ext( 3992): Device: no name: 
05-27 03:19:23.358 V/Avrcp_ext( 3992): Device: no name: 
05-27 03:19:23.358 V/Avrcp_ext( 3992): Device: no name: 
05-27 03:19:23.358 V/Avrcp_ext( 3992): Device: no name: 
05-27 03:19:23.358 V/Avrcp_ext( 3992): Device: no name: 
05-27 03:19:23.358 V/Avrcp_ext( 3992): updatePlayerStateAndPosition, old=PlaybackState {state=PLAYING(3), position=6, buffered position=3021, speed=1.0, updated=1654952491, actions=7340031, custom actions=[], active item id=0, error=null}, state=PlaybackState {state=PLAYING(3), position=17, buffered position=3021, speed=1.0, updated=1654952502, actions=7340031, custom actions=[], active item id=0, error=null}
05-27 03:19:23.358 V/Avrcp_ext( 3992): old state = PlaybackState {state=PLAYING(3), position=6, buffered position=3021, speed=1.0, updated=1654952491, actions=7340031, custom actions=[], active item id=0, error=null}, new state= PlaybackState {state=PLAYING(3), position=17, buffered position=3021, speed=1.0, updated=1654952502, actions=7340031, custom actions=[], active item id=0, error=null}
05-27 03:19:23.358 D/HeadsetService( 3992): getHeadsetService(): returning com.android.bluetooth.hfp.HeadsetService@9390a13
05-27 03:19:23.358 E/HeadsetStateMachine( 3992): returning mCurrentState as Disconnected
05-27 03:19:23.358 E/HeadsetStateMachine( 3992): returning mCurrentState as Disconnected
05-27 03:19:23.358 D/HeadsetService( 3992):  isAudioOn: The number of audio connected devices 0
05-27 03:19:23.359 D/HeadsetService( 3992): isScoOrCallActive(): Call Active:falseCall is Ringing:falseSCO is Active:false
05-27 03:19:23.359 E/HeadsetStateMachine( 3992): returning mCurrentState as Disconnected
05-27 03:19:23.359 E/HeadsetStateMachine( 3992): returning mCurrentState as Disconnected
05-27 03:19:23.359 D/HeadsetService( 3992):  isAudioOn: The number of audio connected devices 0
05-27 03:19:23.359 V/Avrcp_ext( 3992): isPlayStateTobeUpdated: device: null
05-27 03:19:23.359 V/Avrcp_ext( 3992): Single connection exists
05-27 03:19:23.359 E/HeadsetStateMachine( 3992): returning mCurrentState as Disconnected
05-27 03:19:23.359 E/HeadsetStateMachine( 3992): returning mCurrentState as Disconnected
05-27 03:19:23.359 D/HeadsetService( 3992):  isAudioOn: The number of audio connected devices 0
05-27 03:19:23.359 D/HeadsetService( 3992): isScoOrCallActive(): Call Active:falseCall is Ringing:falseSCO is Active:false
05-27 03:19:23.359 E/HeadsetStateMachine( 3992): returning mCurrentState as Disconnected
05-27 03:19:23.359 E/HeadsetStateMachine( 3992): returning mCurrentState as Disconnected
05-27 03:19:23.359 D/HeadsetService( 3992):  isAudioOn: The number of audio connected devices 0
05-27 03:19:23.359 V/Avrcp_ext( 3992): isPlayStateTobeUpdated: device: null
05-27 03:19:23.359 V/Avrcp_ext( 3992): Single connection exists
05-27 03:19:23.359 E/HeadsetStateMachine( 3992): returning mCurrentState as Disconnected
05-27 03:19:23.359 E/HeadsetStateMachine( 3992): returning mCurrentState as Disconnected
05-27 03:19:23.359 D/HeadsetService( 3992):  isAudioOn: The number of audio connected devices 0
05-27 03:19:23.359 D/HeadsetService( 3992): isScoOrCallActive(): Call Active:falseCall is Ringing:falseSCO is Active:false
05-27 03:19:23.359 E/HeadsetStateMachine( 3992): returning mCurrentState as Disconnected
05-27 03:19:23.359 E/HeadsetStateMachine( 3992): returning mCurrentState as Disconnected
05-27 03:19:23.359 D/HeadsetService( 3992):  isAudioOn: The number of audio connected devices 0
05-27 03:19:23.359 V/Avrcp_ext( 3992): isPlayStateTobeUpdated: device: null
05-27 03:19:23.359 V/Avrcp_ext( 3992): Single connection exists
05-27 03:19:23.359 E/HeadsetStateMachine( 3992): returning mCurrentState as Disconnected
05-27 03:19:23.359 E/HeadsetStateMachine( 3992): returning mCurrentState as Disconnected
05-27 03:19:23.359 D/HeadsetService( 3992):  isAudioOn: The number of audio connected devices 0
05-27 03:19:23.359 D/HeadsetService( 3992): isScoOrCallActive(): Call Active:falseCall is Ringing:falseSCO is Active:false
05-27 03:19:23.359 E/HeadsetStateMachine( 3992): returning mCurrentState as Disconnected
05-27 03:19:23.359 E/HeadsetStateMachine( 3992): returning mCurrentState as Disconnected
05-27 03:19:23.359 D/HeadsetService( 3992):  isAudioOn: The number of audio connected devices 0
05-27 03:19:23.359 V/Avrcp_ext( 3992): isPlayStateTobeUpdated: device: null
05-27 03:19:23.359 V/Avrcp_ext( 3992): Single connection exists
05-27 03:19:23.359 E/HeadsetStateMachine( 3992): returning mCurrentState as Disconnected
05-27 03:19:23.359 E/HeadsetStateMachine( 3992): returning mCurrentState as Disconnected
05-27 03:19:23.359 D/HeadsetService( 3992):  isAudioOn: The number of audio connected devices 0
05-27 03:19:23.359 D/HeadsetService( 3992): isScoOrCallActive(): Call Active:falseCall is Ringing:falseSCO is Active:false
05-27 03:19:23.359 E/HeadsetStateMachine( 3992): returning mCurrentState as Disconnected
05-27 03:19:23.359 E/HeadsetStateMachine( 3992): returning mCurrentState as Disconnected
05-27 03:19:23.359 D/HeadsetService( 3992):  isAudioOn: The number of audio connected devices 0
05-27 03:19:23.359 V/Avrcp_ext( 3992): isPlayStateTobeUpdated: device: null
05-27 03:19:23.359 V/Avrcp_ext( 3992): Single connection exists
05-27 03:19:23.359 D/Avrcp_ext( 3992): Enter sendPlayPosNotificationRsp
05-27 03:19:23.359 D/Avrcp_ext( 3992): sendPlayPosNotificationRsp: Not registered or requesting.
05-27 03:19:23.359 D/Avrcp_ext( 3992): Enter sendPlayPosNotificationRsp
05-27 03:19:23.359 D/Avrcp_ext( 3992): sendPlayPosNotificationRsp: Not registered or requesting.
05-27 03:19:23.359 D/Avrcp_ext( 3992): Enter sendPlayPosNotificationRsp
05-27 03:19:23.359 D/Avrcp_ext( 3992): sendPlayPosNotificationRsp: Not registered or requesting.
05-27 03:19:23.359 D/Avrcp_ext( 3992): Enter sendPlayPosNotificationRsp
05-27 03:19:23.359 D/Avrcp_ext( 3992): sendPlayPosNotificationRsp: Not registered or requesting.
05-27 03:19:23.359 D/Avrcp_ext( 3992): Enter sendPlayPosNotificationRsp
05-27 03:19:23.359 D/Avrcp_ext( 3992): sendPlayPosNotificationRsp: Not registered or requesting.
05-27 03:19:23.359 V/Avrcp_ext( 3992): Exit updatePlayerStateAndPosition
05-27 03:19:23.359 D/APM: ActiveDeviceManagerServiceLegacy( 3992): getActiveAbsoluteDevice(): device: null
05-27 03:19:23.359 D/APM: ActiveDeviceManagerServiceLegacy( 3992): isStableState(): true
05-27 03:19:23.359 D/Avrcp_ext( 3992): isAdmStable = true activeAbsAddr = null device = null
05-27 03:19:23.359 V/APM: MediaControlManager( 3992): onPlaybackStateChanged
05-27 03:19:23.359 W/McpService( 3992): updatePlaybackState state PlaybackState {state=PLAYING(3), position=17, buffered position=3021, speed=1.0, updated=1654952502, actions=7340031, custom actions=[], active item id=0, error=null}
05-27 03:19:23.359 W/McpService( 3992): updatePlaybackState mState: 1 state: 1
05-27 03:19:23.359 W/Avrcp_ext( 3992): updated player state = PlaybackState {state=PLAYING(3), position=17, buffered position=3021, speed=1.0, updated=1654952502, actions=7340031, custom actions=[], active item id=0, error=null}to MCP module also
05-27 03:19:23.359 V/Avrcp_ext( 3992):  Exit onPlaybackStateChanged
05-27 03:19:23.359 V/Avrcp_ext( 3992): onPlaybackStateChanged: state PlaybackState {state=PLAYING(3), position=0, buffered position=3021, speed=1.0, updated=1654952485, actions=7340031, custom actions=[], active item id=0, error=null}
05-27 03:19:23.359 V/APM: MediaControlManager( 3992): onPlaybackStateChanged
05-27 03:19:23.359 W/McpService( 3992): updatePlaybackState state PlaybackState {state=PLAYING(3), position=0, buffered position=3021, speed=1.0, updated=1654952485, actions=7340031, custom actions=[], active item id=0, error=null}
05-27 03:19:23.359 W/McpService( 3992): updatePlaybackState mState: 1 state: 1
05-27 03:19:23.361 D/BoundBrokerSvc(26027): onRebind: Intent { act=com.google.android.gms.libs.gmscorelogger.service.START dat=chimera-action:/... cmp=com.google.android.gms/.chimera.PersistentDirectBootAwareApiService }
05-27 03:19:23.363 V/Avrcp_ext( 3992): updateCurrentMediaState: mMediaController: MediaController (com.deepeye.musicpro.debug@c981408) Chaand Baaliyan – Aditya A. | Trending Song | Official Video, Sony Music India, null
05-27 03:19:23.363 W/Avrcp_ext( 3992): isMusicActive: true getBluetoothPlayState: 1 A2dp State: 11 mAudioPlaybackIsActive: true
05-27 03:19:23.363 D/Avrcp_ext( 3992): isMusicActive = true mAudioPlaybackIsActive = true player state = PlaybackState {state=PLAYING(3), position=26, buffered position=3021, speed=1.0, updated=1654952511, actions=7340031, custom actions=[], active item id=0, error=null}
05-27 03:19:23.365 D/Avrcp_ext( 3992): overwrite album_artist :if album is blank
05-27 03:19:23.367 V/Avrcp_ext( 3992): Media update: id 0➡0? [MediaAttributes: C⋯o -  by S⋯a (0 0/0) - ] : [MediaAttributes: C⋯o -  by S⋯a (0 0/0) - ]
05-27 03:19:23.367 D/Avrcp_ext( 3992): isPackageNameValid: browsedPackage = com.deepeye.musicpro.debugisValid = true
05-27 03:19:23.367 V/Avrcp_ext( 3992): isBrowseSupported for com.deepeye.musicpro.debug: false
05-27 03:19:23.367 W/Avrcp_ext( 3992): updateCurrentMediaState: isInactivePlayer = false
05-27 03:19:23.367 V/Avrcp_ext( 3992): updatePlaybackState, state: PlaybackState {state=PLAYING(3), position=26, buffered position=3021, speed=1.0, updated=1654952511, actions=7340031, custom actions=[], active item id=0, error=null} device: null
05-27 03:19:23.367 V/Avrcp_ext( 3992): Device: no name: 
05-27 03:19:23.367 V/Avrcp_ext( 3992): Device: no name: 
05-27 03:19:23.367 V/Avrcp_ext( 3992): Device: no name: 
05-27 03:19:23.367 V/Avrcp_ext( 3992): Device: no name: 
05-27 03:19:23.367 V/Avrcp_ext( 3992): Device: no name: 
05-27 03:19:23.367 V/Avrcp_ext( 3992): updatePlayerStateAndPosition, old=PlaybackState {state=PLAYING(3), position=17, buffered position=3021, speed=1.0, updated=1654952502, actions=7340031, custom actions=[], active item id=0, error=null}, state=PlaybackState {state=PLAYING(3), position=26, buffered position=3021, speed=1.0, updated=1654952511, actions=7340031, custom actions=[], active item id=0, error=null}
05-27 03:19:23.367 V/Avrcp_ext( 3992): old state = PlaybackState {state=PLAYING(3), position=17, buffered position=3021, speed=1.0, updated=1654952502, actions=7340031, custom actions=[], active item id=0, error=null}, new state= PlaybackState {state=PLAYING(3), position=26, buffered position=3021, speed=1.0, updated=1654952511, actions=7340031, custom actions=[], active item id=0, error=null}
05-27 03:19:23.367 D/HeadsetService( 3992): getHeadsetService(): returning com.android.bluetooth.hfp.HeadsetService@9390a13
05-27 03:19:23.367 E/HeadsetStateMachine( 3992): returning mCurrentState as Disconnected
05-27 03:19:23.367 E/HeadsetStateMachine( 3992): returning mCurrentState as Disconnected
05-27 03:19:23.367 D/HeadsetService( 3992):  isAudioOn: The number of audio connected devices 0
05-27 03:19:23.367 D/HeadsetService( 3992): isScoOrCallActive(): Call Active:falseCall is Ringing:falseSCO is Active:false
05-27 03:19:23.367 E/HeadsetStateMachine( 3992): returning mCurrentState as Disconnected
05-27 03:19:23.367 E/HeadsetStateMachine( 3992): returning mCurrentState as Disconnected
05-27 03:19:23.367 D/HeadsetService( 3992):  isAudioOn: The number of audio connected devices 0
05-27 03:19:23.367 V/Avrcp_ext( 3992): isPlayStateTobeUpdated: device: null
05-27 03:19:23.367 V/Avrcp_ext( 3992): Single connection exists
05-27 03:19:23.367 E/HeadsetStateMachine( 3992): returning mCurrentState as Disconnected
05-27 03:19:23.367 E/HeadsetStateMachine( 3992): returning mCurrentState as Disconnected
05-27 03:19:23.367 D/HeadsetService( 3992):  isAudioOn: The number of audio connected devices 0
05-27 03:19:23.367 D/HeadsetService( 3992): isScoOrCallActive(): Call Active:falseCall is Ringing:falseSCO is Active:false
05-27 03:19:23.367 E/HeadsetStateMachine( 3992): returning mCurrentState as Disconnected
05-27 03:19:23.367 E/HeadsetStateMachine( 3992): returning mCurrentState as Disconnected
05-27 03:19:23.367 D/HeadsetService( 3992):  isAudioOn: The number of audio connected devices 0
05-27 03:19:23.367 V/Avrcp_ext( 3992): isPlayStateTobeUpdated: device: null
05-27 03:19:23.367 V/Avrcp_ext( 3992): Single connection exists
05-27 03:19:23.367 E/HeadsetStateMachine( 3992): returning mCurrentState as Disconnected
05-27 03:19:23.367 E/HeadsetStateMachine( 3992): returning mCurrentState as Disconnected
05-27 03:19:23.367 D/HeadsetService( 3992):  isAudioOn: The number of audio connected devices 0
05-27 03:19:23.367 D/HeadsetService( 3992): isScoOrCallActive(): Call Active:falseCall is Ringing:falseSCO is Active:false
05-27 03:19:23.367 E/HeadsetStateMachine( 3992): returning mCurrentState as Disconnected
05-27 03:19:23.367 E/HeadsetStateMachine( 3992): returning mCurrentState as Disconnected
05-27 03:19:23.367 D/HeadsetService( 3992):  isAudioOn: The number of audio connected devices 0
05-27 03:19:23.367 V/Avrcp_ext( 3992): isPlayStateTobeUpdated: device: null
05-27 03:19:23.367 V/Avrcp_ext( 3992): Single connection exists
05-27 03:19:23.367 E/HeadsetStateMachine( 3992): returning mCurrentState as Disconnected
05-27 03:19:23.367 E/HeadsetStateMachine( 3992): returning mCurrentState as Disconnected
05-27 03:19:23.367 D/HeadsetService( 3992):  isAudioOn: The number of audio connected devices 0
05-27 03:19:23.367 D/HeadsetService( 3992): isScoOrCallActive(): Call Active:falseCall is Ringing:falseSCO is Active:false
05-27 03:19:23.367 E/HeadsetStateMachine( 3992): returning mCurrentState as Disconnected
05-27 03:19:23.367 E/HeadsetStateMachine( 3992): returning mCurrentState as Disconnected
05-27 03:19:23.367 D/HeadsetService( 3992):  isAudioOn: The number of audio connected devices 0
05-27 03:19:23.367 V/Avrcp_ext( 3992): isPlayStateTobeUpdated: device: null
05-27 03:19:23.367 V/Avrcp_ext( 3992): Single connection exists
05-27 03:19:23.367 E/HeadsetStateMachine( 3992): returning mCurrentState as Disconnected
05-27 03:19:23.367 E/HeadsetStateMachine( 3992): returning mCurrentState as Disconnected
05-27 03:19:23.367 D/HeadsetService( 3992):  isAudioOn: The number of audio connected devices 0
05-27 03:19:23.367 D/HeadsetService( 3992): isScoOrCallActive(): Call Active:falseCall is Ringing:falseSCO is Active:false
05-27 03:19:23.367 E/HeadsetStateMachine( 3992): returning mCurrentState as Disconnected
05-27 03:19:23.367 E/HeadsetStateMachine( 3992): returning mCurrentState as Disconnected
05-27 03:19:23.367 D/HeadsetService( 3992):  isAudioOn: The number of audio connected devices 0
05-27 03:19:23.367 V/Avrcp_ext( 3992): isPlayStateTobeUpdated: device: null
05-27 03:19:23.367 V/Avrcp_ext( 3992): Single connection exists
05-27 03:19:23.367 D/Avrcp_ext( 3992): Enter sendPlayPosNotificationRsp
05-27 03:19:23.367 D/Avrcp_ext( 3992): sendPlayPosNotificationRsp: Not registered or requesting.
05-27 03:19:23.367 D/Avrcp_ext( 3992): Enter sendPlayPosNotificationRsp
05-27 03:19:23.367 D/Avrcp_ext( 3992): sendPlayPosNotificationRsp: Not registered or requesting.
05-27 03:19:23.367 D/Avrcp_ext( 3992): Enter sendPlayPosNotificationRsp
05-27 03:19:23.368 D/Avrcp_ext( 3992): sendPlayPosNotificationRsp: Not registered or requesting.
05-27 03:19:23.368 D/Avrcp_ext( 3992): Enter sendPlayPosNotificationRsp
05-27 03:19:23.368 D/Avrcp_ext( 3992): sendPlayPosNotificationRsp: Not registered or requesting.
05-27 03:19:23.368 D/Avrcp_ext( 3992): Enter sendPlayPosNotificationRsp
05-27 03:19:23.368 D/Avrcp_ext( 3992): sendPlayPosNotificationRsp: Not registered or requesting.
05-27 03:19:23.368 V/Avrcp_ext( 3992): Exit updatePlayerStateAndPosition
05-27 03:19:23.368 D/APM: ActiveDeviceManagerServiceLegacy( 3992): getActiveAbsoluteDevice(): device: null
05-27 03:19:23.368 D/APM: ActiveDeviceManagerServiceLegacy( 3992): isStableState(): true
05-27 03:19:23.368 D/Avrcp_ext( 3992): isAdmStable = true activeAbsAddr = null device = null
05-27 03:19:23.368 V/APM: MediaControlManager( 3992): onPlaybackStateChanged
05-27 03:19:23.368 W/McpService( 3992): updatePlaybackState state PlaybackState {state=PLAYING(3), position=26, buffered position=3021, speed=1.0, updated=1654952511, actions=7340031, custom actions=[], active item id=0, error=null}
05-27 03:19:23.368 W/McpService( 3992): updatePlaybackState mState: 1 state: 1
05-27 03:19:23.368 W/Avrcp_ext( 3992): updated player state = PlaybackState {state=PLAYING(3), position=26, buffered position=3021, speed=1.0, updated=1654952511, actions=7340031, custom actions=[], active item id=0, error=null}to MCP module also
05-27 03:19:23.368 V/Avrcp_ext( 3992):  Exit onPlaybackStateChanged
05-27 03:19:23.390 I/gsl     ( 1830): gsl_send_spf_cmd:169 Wait for Rsp opcode[0x100100e] src_port[0x2011] dst_port[0x4019] token 0x113e6
05-27 03:19:23.390 I/gsl     ( 1830): gsl_send_spf_cmd:183 rcvd pkt token : 0x113e6
05-27 03:19:23.390 I/PAL: PayloadBuilder( 1756): populateCalKeyVector: 3172: vol_level: -1 
05-27 03:19:23.390 I/gsl     ( 1830): gsl_send_spf_cmd:169 Wait for Rsp opcode[0x1001006] src_port[0x2011] dst_port[0x1] token 0x113e7
05-27 03:19:23.390 I/gsl     ( 1830): gsl_send_spf_cmd:183 rcvd pkt token : 0x113e7
05-27 03:19:23.390 I/gsl     ( 1830): gsl_graph_send_persist_cal:864 Skipping persist cal for SG_ID -1342177278: already started
05-27 03:19:23.390 I/gsl     ( 1830): gsl_graph_send_persist_cal:864 Skipping persist cal for SG_ID -1342177272: already started
05-27 03:19:23.390 I/gsl     ( 1830): gsl_graph_send_persist_cal:864 Skipping persist cal for SG_ID -1342177252: already started
05-27 03:19:23.390 I/gsl     ( 1830): gsl_graph_send_persist_cal:864 Skipping persist cal for SG_ID -1342177279: already started
05-27 03:19:23.390 I/PAL: ResourceManager( 1756): setUltrasoundGain: 11561: Enter, gain 2
05-27 03:19:23.390 I/PAL: ResourceManager( 1756): setUltrasoundGain: 11578: UPD not found or not active, exit
05-27 03:19:23.390 I/PAL: API( 1756): pal_stream_start: 322: Exit. status 0
05-27 03:19:23.390 I/AHAL: AudioStream( 1756): configurePalOutputStream: 3430: notify GEF client of device config
05-27 03:19:23.390 D/generic_effect_ar( 1756): gef_device_config_cb: stream type=8 sample_rate=48000 device=2
05-27 03:19:23.390 D/AHAL: ext_speaker( 1756): audio_extn_extspk_update: 152: devices 0x2
05-27 03:19:23.390 D/AHAL: AudioStream( 1756): ~AutoPerfLock: 293: (release) perf_lock_handle: 0x6847f, count: 1
05-27 03:19:23.390 D/AHAL: AudioStream( 1756): ~AutoPerfLock: 297: Releasing perf_lock_handle: 0x6847f
05-27 03:19:23.391 D/MotSpeakerHelper( 1756): Speaker ON: volume 0.015623 (step 3), usecase MUSIC
05-27 03:19:23.391 D/MotSpeakerHelper( 1756): Setting speaker trim 84 (0 dB, 0 dB)
05-27 03:19:23.392 D/AudioTrack(31194): getTimestamp_l(5331): device stall time corrected using current time 1171951313212151
05-27 03:19:23.413 W/AudioTrack(31194): getTimestamp_l(5331): retrograde timestamp time corrected, 1171951314303089 < 1171951323199443
05-27 03:19:23.460 I/vendor.qti.bluetooth@1.0-ibs_handler( 1758): DeviceSleep: TX Awake, Sending SLEEP_IND
05-27 03:19:23.460 D/vendor.qti.bluetooth@1.0-ibs_handler( 1758): SerialClockVote: vote for UART CLK OFF
05-27 03:19:23.511 D/AudioFlinger( 1880): mixer(0xb40000714b81c910) throttle end: throttle time(54)
05-27 03:19:23.592 V/Avrcp_ext( 3992): onPlaybackStateChanged: state PlaybackState {state=PLAYING(3), position=173, buffered position=3021, speed=1.0, updated=1654952739, actions=7340031, custom actions=[], active item id=0, error=null}
05-27 03:19:23.592 V/APM: MediaControlManager( 3992): onPlaybackStateChanged
05-27 03:19:23.593 W/McpService( 3992): updatePlaybackState state PlaybackState {state=PLAYING(3), position=173, buffered position=3021, speed=1.0, updated=1654952739, actions=7340031, custom actions=[], active item id=0, error=null}
05-27 03:19:23.593 W/McpService( 3992): updatePlaybackState mState: 1 state: 1
05-27 03:19:23.598 V/Avrcp_ext( 3992): updateCurrentMediaState: mMediaController: MediaController (com.deepeye.musicpro.debug@c981408) Chaand Baaliyan – Aditya A. | Trending Song | Official Video, Sony Music India, null
05-27 03:19:23.598 W/Avrcp_ext( 3992): isMusicActive: true getBluetoothPlayState: 1 A2dp State: 11 mAudioPlaybackIsActive: true
05-27 03:19:23.598 D/Avrcp_ext( 3992): isMusicActive = true mAudioPlaybackIsActive = true player state = PlaybackState {state=PLAYING(3), position=179, buffered position=3021, speed=1.0, updated=1654952746, actions=7340031, custom actions=[], active item id=0, error=null}
05-27 03:19:23.600 D/Avrcp_ext( 3992): overwrite album_artist :if album is blank
05-27 03:19:23.602 V/Avrcp_ext( 3992): Media update: id 0➡0? [MediaAttributes: C⋯o -  by S⋯a (0 0/0) - ] : [MediaAttributes: C⋯o -  by S⋯a (0 0/0) - ]
05-27 03:19:23.602 D/Avrcp_ext( 3992): isPackageNameValid: browsedPackage = com.deepeye.musicpro.debugisValid = true
05-27 03:19:23.602 V/Avrcp_ext( 3992): isBrowseSupported for com.deepeye.musicpro.debug: false
05-27 03:19:23.602 W/Avrcp_ext( 3992): updateCurrentMediaState: isInactivePlayer = false
05-27 03:19:23.602 V/Avrcp_ext( 3992): updatePlaybackState, state: PlaybackState {state=PLAYING(3), position=179, buffered position=3021, speed=1.0, updated=1654952746, actions=7340031, custom actions=[], active item id=0, error=null} device: null
05-27 03:19:23.602 V/Avrcp_ext( 3992): Device: no name: 
05-27 03:19:23.602 V/Avrcp_ext( 3992): Device: no name: 
05-27 03:19:23.602 V/Avrcp_ext( 3992): Device: no name: 
05-27 03:19:23.602 V/Avrcp_ext( 3992): Device: no name: 
05-27 03:19:23.602 V/Avrcp_ext( 3992): Device: no name: 
05-27 03:19:23.602 V/Avrcp_ext( 3992): updatePlayerStateAndPosition, old=PlaybackState {state=PLAYING(3), position=26, buffered position=3021, speed=1.0, updated=1654952511, actions=7340031, custom actions=[], active item id=0, error=null}, state=PlaybackState {state=PLAYING(3), position=179, buffered position=3021, speed=1.0, updated=1654952746, actions=7340031, custom actions=[], active item id=0, error=null}
05-27 03:19:23.602 V/Avrcp_ext( 3992): old state = PlaybackState {state=PLAYING(3), position=26, buffered position=3021, speed=1.0, updated=1654952511, actions=7340031, custom actions=[], active item id=0, error=null}, new state= PlaybackState {state=PLAYING(3), position=179, buffered position=3021, speed=1.0, updated=1654952746, actions=7340031, custom actions=[], active item id=0, error=null}
05-27 03:19:23.602 D/HeadsetService( 3992): getHeadsetService(): returning com.android.bluetooth.hfp.HeadsetService@9390a13
05-27 03:19:23.602 E/HeadsetStateMachine( 3992): returning mCurrentState as Disconnected
05-27 03:19:23.602 E/HeadsetStateMachine( 3992): returning mCurrentState as Disconnected
05-27 03:19:23.602 D/HeadsetService( 3992):  isAudioOn: The number of audio connected devices 0
05-27 03:19:23.602 D/HeadsetService( 3992): isScoOrCallActive(): Call Active:falseCall is Ringing:falseSCO is Active:false
