05-29 21:35:15.126  9385  9385 D YouTubeWebViewConsole: level=WARNING message=The resource https://i.ytimg.com/generate_204 was preloaded using link preload but not used within a few seconds from the window's load event. Please make sure it has an appropriate `as` value and it is preloaded intentionally. line=0 source=https://www.youtube.com/watch?v=gJLVTKhTnog
05-29 21:35:15.126  9385  9385 D YouTubeWebViewConsole: level=WARNING message=The resource https://rr3---sn-u1qxac-53.c.youtube.com/generate_204 was preloaded using link preload but not used within a few seconds from the window's load event. Please make sure it has an appropriate `as` value and it is preloaded intentionally. line=0 source=https://www.youtube.com/watch?v=gJLVTKhTnog
05-29 21:35:15.133  9385  9408 W qdgralloc: getInterlacedFlag: getMetaData returned -22, defaulting to interlaced_flag = 0
05-29 21:35:15.174  9385  9408 W qdgralloc: getInterlacedFlag: getMetaData returned -22, defaulting to interlaced_flag = 0
05-29 21:35:15.181  9385  9408 W qdgralloc: getInterlacedFlag: getMetaData returned -22, defaulting to interlaced_flag = 0
05-29 21:35:15.221  9385  9408 W qdgralloc: getInterlacedFlag: getMetaData returned -22, defaulting to interlaced_flag = 0
05-29 21:35:15.246  9385  9408 W qdgralloc: getInterlacedFlag: getMetaData returned -22, defaulting to interlaced_flag = 0
05-29 21:35:15.258  9385  9408 W qdgralloc: getInterlacedFlag: getMetaData returned -22, defaulting to interlaced_flag = 0
05-29 21:35:15.292  9385  9408 W qdgralloc: getInterlacedFlag: getMetaData returned -22, defaulting to interlaced_flag = 0
05-29 21:35:15.297  9385  9408 W qdgralloc: getInterlacedFlag: getMetaData returned -22, defaulting to interlaced_flag = 0
05-29 21:35:15.335  9385  9408 W qdgralloc: getInterlacedFlag: getMetaData returned -22, defaulting to interlaced_flag = 0
05-29 21:35:15.359  9385  9408 W qdgralloc: getInterlacedFlag: getMetaData returned -22, defaulting to interlaced_flag = 0
05-29 21:35:15.376  9385  9408 W qdgralloc: getInterlacedFlag: getMetaData returned -22, defaulting to interlaced_flag = 0
05-29 21:35:15.418  9385  9408 W qdgralloc: getInterlacedFlag: getMetaData returned -22, defaulting to interlaced_flag = 0
05-29 21:35:15.425  9385  9408 W qdgralloc: getInterlacedFlag: getMetaData returned -22, defaulting to interlaced_flag = 0
05-29 21:35:15.452  9385  9408 W qdgralloc: getInterlacedFlag: getMetaData returned -22, defaulting to interlaced_flag = 0
05-29 21:35:15.488  9385  9408 W qdgralloc: getInterlacedFlag: getMetaData returned -22, defaulting to interlaced_flag = 0
05-29 21:35:15.495  9385  9408 W qdgralloc: getInterlacedFlag: getMetaData returned -22, defaulting to interlaced_flag = 0
05-29 21:35:15.538  9385  9408 W qdgralloc: getInterlacedFlag: getMetaData returned -22, defaulting to interlaced_flag = 0
05-29 21:35:15.560  9385  9408 W qdgralloc: getInterlacedFlag: getMetaData returned -22, defaulting to interlaced_flag = 0
05-29 21:35:15.571  9385  9408 W qdgralloc: getInterlacedFlag: getMetaData returned -22, defaulting to interlaced_flag = 0
05-29 21:35:15.593  7679 10491 I NearbySharing: Network state changed: NetworkState(isRestricted=false, isOnline=true, isCongested=false, isMetered=false, isWifiConnected=true)
05-29 21:35:15.618 17107 17270 D DlbDap2ProcessWithIht: process() called [1654500] times with input format 0x22 and channel mask 0x3 (ProcessingMode=1), htEnable=0(0, 0, 0)
05-29 21:35:15.618  9385  9408 W qdgralloc: getInterlacedFlag: getMetaData returned -22, defaulting to interlaced_flag = 0
05-29 21:35:15.625  9385  9408 W qdgralloc: getInterlacedFlag: getMetaData returned -22, defaulting to interlaced_flag = 0
05-29 21:35:15.657  9385  9408 W qdgralloc: getInterlacedFlag: getMetaData returned -22, defaulting to interlaced_flag = 0
05-29 21:35:15.690  9385  9408 W qdgralloc: getInterlacedFlag: getMetaData returned -22, defaulting to interlaced_flag = 0
05-29 21:35:15.696  9385  9408 W qdgralloc: getInterlacedFlag: getMetaData returned -22, defaulting to interlaced_flag = 0
05-29 21:35:15.733  9385  9408 W qdgralloc: getInterlacedFlag: getMetaData returned -22, defaulting to interlaced_flag = 0
05-29 21:35:15.761  9385  9408 W qdgralloc: getInterlacedFlag: getMetaData returned -22, defaulting to interlaced_flag = 0
05-29 21:35:15.775  9385  9408 W qdgralloc: getInterlacedFlag: getMetaData returned -22, defaulting to interlaced_flag = 0
05-29 21:35:15.798 30020 30211 V Avrcp_ext: onPlaybackStateChanged: state PlaybackState {state=PLAYING(3), position=0, buffered position=0, speed=1.0, updated=198540416, actions=7339703, custom actions=[], active item id=0, error=null}
05-29 21:35:15.798 30020 30211 V APM: MediaControlManager: onPlaybackStateChanged
05-29 21:35:15.798 30020 30211 W McpService: updatePlaybackState state PlaybackState {state=PLAYING(3), position=0, buffered position=0, speed=1.0, updated=198540416, actions=7339703, custom actions=[], active item id=0, error=null}
05-29 21:35:15.798 30020 30211 W McpService: updatePlaybackState mState: 1 state: 1
05-29 21:35:15.800 30020 30211 V Avrcp_ext: updateCurrentMediaState: mMediaController: MediaController (com.deepeye.musicpro@41e7c7e) Chaand Baaliyan – Aditya A. | Trending Song | Official Video, Sony Music India, null
05-29 21:35:15.800 30020 30211 W Avrcp_ext: isMusicActive: true getBluetoothPlayState: 1 A2dp State: 11 mAudioPlaybackIsActive: true
05-29 21:35:15.801 30020 30211 D Avrcp_ext: isMusicActive = true mAudioPlaybackIsActive = true player state = PlaybackState {state=PLAYING(3), position=0, buffered position=0, speed=1.0, updated=198540420, actions=7339703, custom actions=[], active item id=0, error=null}
05-29 21:35:15.801 30020 30211 D Avrcp_ext: overwrite album_artist :if album is blank
05-29 21:35:15.802 30020 30211 V Avrcp_ext: Media update: id 0➡0? [MediaAttributes: C⋯o -  by S⋯a (0 0/0) - ] : [MediaAttributes: C⋯o -  by S⋯a (0 0/0) - ]
05-29 21:35:15.802 30020 30211 D Avrcp_ext: isPackageNameValid: browsedPackage = com.deepeye.musicproisValid = true
05-29 21:35:15.802 30020 30211 V Avrcp_ext: isBrowseSupported for com.deepeye.musicpro: false
05-29 21:35:15.802 30020 30211 W Avrcp_ext: updateCurrentMediaState: isInactivePlayer = false
05-29 21:35:15.802 30020 30211 V Avrcp_ext: updatePlaybackState, state: PlaybackState {state=PLAYING(3), position=0, buffered position=0, speed=1.0, updated=198540420, actions=7339703, custom actions=[], active item id=0, error=null} device: null
05-29 21:35:15.802 30020 30211 V Avrcp_ext: Device: no name: 
05-29 21:35:15.802 30020 30211 V Avrcp_ext: Device: no name: 
05-29 21:35:15.802 30020 30211 V Avrcp_ext: Device: no name: 
05-29 21:35:15.802 30020 30211 V Avrcp_ext: Device: no name: 
05-29 21:35:15.802 30020 30211 V Avrcp_ext: Device: no name: 
05-29 21:35:15.802 30020 30211 V Avrcp_ext: updatePlayerStateAndPosition, old=PlaybackState {state=PLAYING(3), position=0, buffered position=0, speed=1.0, updated=198537417, actions=7339703, custom actions=[], active item id=0, error=null}, state=PlaybackState {state=PLAYING(3), position=0, buffered position=0, speed=1.0, updated=198540420, actions=7339703, custom actions=[], active item id=0, error=null}
05-29 21:35:15.802 30020 30211 V Avrcp_ext: old state = PlaybackState {state=PLAYING(3), position=0, buffered position=0, speed=1.0, updated=198537417, actions=7339703, custom actions=[], active item id=0, error=null}, new state= PlaybackState {state=PLAYING(3), position=0, buffered position=0, speed=1.0, updated=198540420, actions=7339703, custom actions=[], active item id=0, error=null}
05-29 21:35:15.802 30020 30211 D HeadsetService: getHeadsetService(): returning com.android.bluetooth.hfp.HeadsetService@b4478ad
05-29 21:35:15.802 30020 30211 E HeadsetStateMachine: returning mCurrentState as Disconnected
05-29 21:35:15.802 30020 30211 D HeadsetService:  isAudioOn: The number of audio connected devices 0
05-29 21:35:15.802 30020 30211 D HeadsetService: isScoOrCallActive(): Call Active:falseCall is Ringing:falseSCO is Active:false
05-29 21:35:15.802 30020 30211 E HeadsetStateMachine: returning mCurrentState as Disconnected
05-29 21:35:15.802 30020 30211 D HeadsetService:  isAudioOn: The number of audio connected devices 0
05-29 21:35:15.802 30020 30211 V Avrcp_ext: isPlayStateTobeUpdated: device: null
05-29 21:35:15.802 30020 30211 V Avrcp_ext: Single connection exists
05-29 21:35:15.802 30020 30211 E HeadsetStateMachine: returning mCurrentState as Disconnected
05-29 21:35:15.802 30020 30211 D HeadsetService:  isAudioOn: The number of audio connected devices 0
05-29 21:35:15.802 30020 30211 D HeadsetService: isScoOrCallActive(): Call Active:falseCall is Ringing:falseSCO is Active:false
05-29 21:35:15.802 30020 30211 E HeadsetStateMachine: returning mCurrentState as Disconnected
05-29 21:35:15.802 30020 30211 D HeadsetService:  isAudioOn: The number of audio connected devices 0
05-29 21:35:15.802 30020 30211 V Avrcp_ext: isPlayStateTobeUpdated: device: null
05-29 21:35:15.802 30020 30211 V Avrcp_ext: Single connection exists
05-29 21:35:15.802 30020 30211 E HeadsetStateMachine: returning mCurrentState as Disconnected
05-29 21:35:15.802 30020 30211 D HeadsetService:  isAudioOn: The number of audio connected devices 0
05-29 21:35:15.802 30020 30211 D HeadsetService: isScoOrCallActive(): Call Active:falseCall is Ringing:falseSCO is Active:false
05-29 21:35:15.802 30020 30211 E HeadsetStateMachine: returning mCurrentState as Disconnected
05-29 21:35:15.802 30020 30211 D HeadsetService:  isAudioOn: The number of audio connected devices 0
05-29 21:35:15.802 30020 30211 V Avrcp_ext: isPlayStateTobeUpdated: device: null
05-29 21:35:15.802 30020 30211 V Avrcp_ext: Single connection exists
05-29 21:35:15.802 30020 30211 E HeadsetStateMachine: returning mCurrentState as Disconnected
05-29 21:35:15.802 30020 30211 D HeadsetService:  isAudioOn: The number of audio connected devices 0
05-29 21:35:15.802 30020 30211 D HeadsetService: isScoOrCallActive(): Call Active:falseCall is Ringing:falseSCO is Active:false
05-29 21:35:15.802 30020 30211 E HeadsetStateMachine: returning mCurrentState as Disconnected
05-29 21:35:15.802 30020 30211 D HeadsetService:  isAudioOn: The number of audio connected devices 0
05-29 21:35:15.802 30020 30211 V Avrcp_ext: isPlayStateTobeUpdated: device: null
05-29 21:35:15.802 30020 30211 V Avrcp_ext: Single connection exists
05-29 21:35:15.802 30020 30211 E HeadsetStateMachine: returning mCurrentState as Disconnected
05-29 21:35:15.802 30020 30211 D HeadsetService:  isAudioOn: The number of audio connected devices 0
05-29 21:35:15.802 30020 30211 D HeadsetService: isScoOrCallActive(): Call Active:falseCall is Ringing:falseSCO is Active:false
05-29 21:35:15.802 30020 30211 E HeadsetStateMachine: returning mCurrentState as Disconnected
05-29 21:35:15.802 30020 30211 D HeadsetService:  isAudioOn: The number of audio connected devices 0
05-29 21:35:15.802 30020 30211 V Avrcp_ext: isPlayStateTobeUpdated: device: null
05-29 21:35:15.802 30020 30211 V Avrcp_ext: Single connection exists
05-29 21:35:15.802 30020 30211 D Avrcp_ext: Enter sendPlayPosNotificationRsp
05-29 21:35:15.802 30020 30211 D Avrcp_ext: sendPlayPosNotificationRsp: Not registered or requesting.
05-29 21:35:15.802 30020 30211 D Avrcp_ext: Enter sendPlayPosNotificationRsp
05-29 21:35:15.802 30020 30211 D Avrcp_ext: sendPlayPosNotificationRsp: Not registered or requesting.
05-29 21:35:15.802 30020 30211 D Avrcp_ext: Enter sendPlayPosNotificationRsp
05-29 21:35:15.802 30020 30211 D Avrcp_ext: sendPlayPosNotificationRsp: Not registered or requesting.
05-29 21:35:15.802 30020 30211 D Avrcp_ext: Enter sendPlayPosNotificationRsp
05-29 21:35:15.802 30020 30211 D Avrcp_ext: sendPlayPosNotificationRsp: Not registered or requesting.
05-29 21:35:15.802 30020 30211 D Avrcp_ext: Enter sendPlayPosNotificationRsp
05-29 21:35:15.802 30020 30211 D Avrcp_ext: sendPlayPosNotificationRsp: Not registered or requesting.
05-29 21:35:15.802 30020 30211 V Avrcp_ext: Exit updatePlayerStateAndPosition
05-29 21:35:15.803 30020 30211 D APM: ActiveDeviceManagerServiceLegacy: getActiveAbsoluteDevice(): device: null
05-29 21:35:15.803 30020 30211 D APM: ActiveDeviceManagerServiceLegacy: isStableState(): true
05-29 21:35:15.803 30020 30211 D Avrcp_ext: isAdmStable = true activeAbsAddr = null device = null
05-29 21:35:15.803 30020 30211 V APM: MediaControlManager: onPlaybackStateChanged
05-29 21:35:15.803 30020 30211 W McpService: updatePlaybackState state PlaybackState {state=PLAYING(3), position=0, buffered position=0, speed=1.0, updated=198540420, actions=7339703, custom actions=[], active item id=0, error=null}
05-29 21:35:15.803 30020 30211 W McpService: updatePlaybackState mState: 1 state: 1
05-29 21:35:15.803 30020 30211 W Avrcp_ext: updated player state = PlaybackState {state=PLAYING(3), position=0, buffered position=0, speed=1.0, updated=198540420, actions=7339703, custom actions=[], active item id=0, error=null}to MCP module also
05-29 21:35:15.803 30020 30211 V Avrcp_ext:  Exit onPlaybackStateChanged
05-29 21:35:15.820  9385  9408 W qdgralloc: getInterlacedFlag: getMetaData returned -22, defaulting to interlaced_flag = 0
05-29 21:35:15.828  9385  9408 W qdgralloc: getInterlacedFlag: getMetaData returned -22, defaulting to interlaced_flag = 0
05-29 21:35:15.835  9385 10616 I MediaCodec: [0xb40000705ede62f0] enqueue 26 input frames in last 1038 ms, latest timeUs 142160000
05-29 21:35:15.837  9385 10616 I MediaCodec: [0xb40000705ede62f0] dequeue 26 output frames in last 1036 ms, latest timeUs 142160000, flags 128
05-29 21:35:15.851  9385  9408 W qdgralloc: getInterlacedFlag: getMetaData returned -22, defaulting to interlaced_flag = 0
05-29 21:35:15.885  9385  9408 W qdgralloc: getInterlacedFlag: getMetaData returned -22, defaulting to interlaced_flag = 0
05-29 21:35:15.892  9385  9408 W qdgralloc: getInterlacedFlag: getMetaData returned -22, defaulting to interlaced_flag = 0
05-29 21:35:15.936  9385  9408 W qdgralloc: getInterlacedFlag: getMetaData returned -22, defaulting to interlaced_flag = 0
05-29 21:35:15.957  9385  9408 W qdgralloc: getInterlacedFlag: getMetaData returned -22, defaulting to interlaced_flag = 0
05-29 21:35:15.978  9385  9408 W qdgralloc: getInterlacedFlag: getMetaData returned -22, defaulting to interlaced_flag = 0
05-29 21:35:16.011  9385  9408 W qdgralloc: getInterlacedFlag: getMetaData returned -22, defaulting to interlaced_flag = 0
05-29 21:35:16.025  9385  9408 W qdgralloc: getInterlacedFlag: getMetaData returned -22, defaulting to interlaced_flag = 0
05-29 21:35:16.055  9385  9408 W qdgralloc: getInterlacedFlag: getMetaData returned -22, defaulting to interlaced_flag = 0
05-29 21:35:16.088  9385  9408 W qdgralloc: getInterlacedFlag: getMetaData returned -22, defaulting to interlaced_flag = 0
05-29 21:35:16.095  9385  9408 W qdgralloc: getInterlacedFlag: getMetaData returned -22, defaulting to interlaced_flag = 0
05-29 21:35:16.139  9385  9408 W qdgralloc: getInterlacedFlag: getMetaData returned -22, defaulting to interlaced_flag = 0
05-29 21:35:16.158  9385  9408 W qdgralloc: getInterlacedFlag: getMetaData returned -22, defaulting to interlaced_flag = 0
05-29 21:35:16.171  9385  9408 W qdgralloc: getInterlacedFlag: getMetaData returned -22, defaulting to interlaced_flag = 0
05-29 21:35:16.223  9385  9408 W qdgralloc: getInterlacedFlag: getMetaData returned -22, defaulting to interlaced_flag = 0
05-29 21:35:16.230  9385  9408 W qdgralloc: getInterlacedFlag: getMetaData returned -22, defaulting to interlaced_flag = 0
05-29 21:35:16.258  9385  9408 W qdgralloc: getInterlacedFlag: getMetaData returned -22, defaulting to interlaced_flag = 0
05-29 21:35:16.290  9385  9408 W qdgralloc: getInterlacedFlag: getMetaData returned -22, defaulting to interlaced_flag = 0
05-29 21:35:16.299  9385  9408 W qdgralloc: getInterlacedFlag: getMetaData returned -22, defaulting to interlaced_flag = 0
05-29 21:35:16.333  9385  9408 W qdgralloc: getInterlacedFlag: getMetaData returned -22, defaulting to interlaced_flag = 0
05-29 21:35:16.358  9385  9408 W qdgralloc: getInterlacedFlag: getMetaData returned -22, defaulting to interlaced_flag = 0
05-29 21:35:16.375  9385  9408 W qdgralloc: getInterlacedFlag: getMetaData returned -22, defaulting to interlaced_flag = 0
05-29 21:35:16.421  9385  9408 W qdgralloc: getInterlacedFlag: getMetaData returned -22, defaulting to interlaced_flag = 0
05-29 21:35:16.426  9385  9408 W qdgralloc: getInterlacedFlag: getMetaData returned -22, defaulting to interlaced_flag = 0
05-29 21:35:16.459  9385  9408 W qdgralloc: getInterlacedFlag: getMetaData returned -22, defaulting to interlaced_flag = 0
05-29 21:35:16.485  9385  9408 W qdgralloc: getInterlacedFlag: getMetaData returned -22, defaulting to interlaced_flag = 0
05-29 21:35:16.492  9385  9408 W qdgralloc: getInterlacedFlag: getMetaData returned -22, defaulting to interlaced_flag = 0
05-29 21:35:16.535  9385  9408 W qdgralloc: getInterlacedFlag: getMetaData returned -22, defaulting to interlaced_flag = 0
05-29 21:35:16.558  9385  9408 W qdgralloc: getInterlacedFlag: getMetaData returned -22, defaulting to interlaced_flag = 0
05-29 21:35:16.578  9385  9408 W qdgralloc: getInterlacedFlag: getMetaData returned -22, defaulting to interlaced_flag = 0
05-29 21:35:16.611  9385  9408 W qdgralloc: getInterlacedFlag: getMetaData returned -22, defaulting to interlaced_flag = 0
05-29 21:35:16.624  9385  9408 W qdgralloc: getInterlacedFlag: getMetaData returned -22, defaulting to interlaced_flag = 0
05-29 21:35:16.655  9385  9408 W qdgralloc: getInterlacedFlag: getMetaData returned -22, defaulting to interlaced_flag = 0
05-29 21:35:16.690  9385  9408 W qdgralloc: getInterlacedFlag: getMetaData returned -22, defaulting to interlaced_flag = 0
05-29 21:35:16.697  9385  9408 W qdgralloc: getInterlacedFlag: getMetaData returned -22, defaulting to interlaced_flag = 0
05-29 21:35:16.730  9385  9408 W qdgralloc: getInterlacedFlag: getMetaData returned -22, defaulting to interlaced_flag = 0
05-29 21:35:16.757  9385  9408 W qdgralloc: getInterlacedFlag: getMetaData returned -22, defaulting to interlaced_flag = 0
05-29 21:35:16.772  9385  9408 W qdgralloc: getInterlacedFlag: getMetaData returned -22, defaulting to interlaced_flag = 0
05-29 21:35:16.821  9385  9408 W qdgralloc: getInterlacedFlag: getMetaData returned -22, defaulting to interlaced_flag = 0
05-29 21:35:16.829  9385  9408 W qdgralloc: getInterlacedFlag: getMetaData returned -22, defaulting to interlaced_flag = 0
05-29 21:35:16.856  9385  9408 W qdgralloc: getInterlacedFlag: getMetaData returned -22, defaulting to interlaced_flag = 0
05-29 21:35:16.876  9385 10616 I MediaCodec: [0xb40000705ede62f0] enqueue 26 input frames in last 1040 ms, latest timeUs 143200000
05-29 21:35:16.878  9385 10616 I MediaCodec: [0xb40000705ede62f0] dequeue 26 output frames in last 1040 ms, latest timeUs 143200000, flags 128
05-29 21:35:16.891  9385  9408 W qdgralloc: getInterlacedFlag: getMetaData returned -22, defaulting to interlaced_flag = 0
05-29 21:35:16.897  9385  9408 W qdgralloc: getInterlacedFlag: getMetaData returned -22, defaulting to interlaced_flag = 0
05-29 21:35:16.934  9385  9408 W qdgralloc: getInterlacedFlag: getMetaData returned -22, defaulting to interlaced_flag = 0
05-29 21:35:16.954  9385  9408 W qdgralloc: getInterlacedFlag: getMetaData returned -22, defaulting to interlaced_flag = 0
05-29 21:35:16.976  9385  9408 W qdgralloc: getInterlacedFlag: getMetaData returned -22, defaulting to interlaced_flag = 0
05-29 21:35:17.019  9385  9408 W qdgralloc: getInterlacedFlag: getMetaData returned -22, defaulting to interlaced_flag = 0
05-29 21:35:17.029  9385  9408 W qdgralloc: getInterlacedFlag: getMetaData returned -22, defaulting to interlaced_flag = 0
05-29 21:35:17.052  9385  9408 W qdgralloc: getInterlacedFlag: getMetaData returned -22, defaulting to interlaced_flag = 0
05-29 21:35:17.086  9385  9408 W qdgralloc: getInterlacedFlag: getMetaData returned -22, defaulting to interlaced_flag = 0
05-29 21:35:17.093  9385  9408 W qdgralloc: getInterlacedFlag: getMetaData returned -22, defaulting to interlaced_flag = 0
05-29 21:35:17.135  9385  9408 W qdgralloc: getInterlacedFlag: getMetaData returned -22, defaulting to interlaced_flag = 0
05-29 21:35:17.155  9385  9408 W qdgralloc: getInterlacedFlag: getMetaData returned -22, defaulting to interlaced_flag = 0
05-29 21:35:17.178  9385  9408 W qdgralloc: getInterlacedFlag: getMetaData returned -22, defaulting to interlaced_flag = 0
05-29 21:35:17.212  9385  9408 W qdgralloc: getInterlacedFlag: getMetaData returned -22, defaulting to interlaced_flag = 0
05-29 21:35:17.229  9385  9408 W qdgralloc: getInterlacedFlag: getMetaData returned -22, defaulting to interlaced_flag = 0
05-29 21:35:17.256  9385  9408 W qdgralloc: getInterlacedFlag: getMetaData returned -22, defaulting to interlaced_flag = 0
05-29 21:35:17.289  9385  9408 W qdgralloc: getInterlacedFlag: getMetaData returned -22, defaulting to interlaced_flag = 0
05-29 21:35:17.296  9385  9408 W qdgralloc: getInterlacedFlag: getMetaData returned -22, defaulting to interlaced_flag = 0
05-29 21:35:17.332  7679 10491 I NearbyMediums: No BLE Fast/GATT advertisements found in the latest cycle.
05-29 21:35:17.332  7679 10491 I NearbyMediums: Current Tracked Scanning Clients are : {NearbyConnections.EnvironmentMonitor, NearbySharing, NearbyConnections.TxAdvertisement}
05-29 21:35:17.338  9385  9408 W qdgralloc: getInterlacedFlag: getMetaData returned -22, defaulting to interlaced_flag = 0
05-29 21:35:17.358  9385  9408 W qdgralloc: getInterlacedFlag: getMetaData returned -22, defaulting to interlaced_flag = 0
05-29 21:35:17.372  9385  9408 W qdgralloc: getInterlacedFlag: getMetaData returned -22, defaulting to interlaced_flag = 0
05-29 21:35:17.415  9385  9408 W qdgralloc: getInterlacedFlag: getMetaData returned -22, defaulting to interlaced_flag = 0
05-29 21:35:17.424  9385  9408 W qdgralloc: getInterlacedFlag: getMetaData returned -22, defaulting to interlaced_flag = 0
05-29 21:35:17.458  9385  9408 W qdgralloc: getInterlacedFlag: getMetaData returned -22, defaulting to interlaced_flag = 0
05-29 21:35:17.490  9385  9408 W qdgralloc: getInterlacedFlag: getMetaData returned -22, defaulting to interlaced_flag = 0
05-29 21:35:17.498  9385  9408 W qdgralloc: getInterlacedFlag: getMetaData returned -22, defaulting to interlaced_flag = 0
05-29 21:35:17.532  9385  9408 W qdgralloc: getInterlacedFlag: getMetaData returned -22, defaulting to interlaced_flag = 0
05-29 21:35:17.554  9385  9408 W qdgralloc: getInterlacedFlag: getMetaData returned -22, defaulting to interlaced_flag = 0
05-29 21:35:17.575  9385  9408 W qdgralloc: getInterlacedFlag: getMetaData returned -22, defaulting to interlaced_flag = 0
05-29 21:35:17.617  9385  9408 W qdgralloc: getInterlacedFlag: getMetaData returned -22, defaulting to interlaced_flag = 0
05-29 21:35:17.631  9385  9408 W qdgralloc: getInterlacedFlag: getMetaData returned -22, defaulting to interlaced_flag = 0
05-29 21:35:17.652  9385  9408 W qdgralloc: getInterlacedFlag: getMetaData returned -22, defaulting to interlaced_flag = 0
05-29 21:35:17.686  9385  9408 W qdgralloc: getInterlacedFlag: getMetaData returned -22, defaulting to interlaced_flag = 0
05-29 21:35:17.693  9385  9408 W qdgralloc: getInterlacedFlag: getMetaData returned -22, defaulting to interlaced_flag = 0
05-29 21:35:17.736  9385  9408 W qdgralloc: getInterlacedFlag: getMetaData returned -22, defaulting to interlaced_flag = 0
05-29 21:35:17.756  9385  9408 W qdgralloc: getInterlacedFlag: getMetaData returned -22, defaulting to interlaced_flag = 0
05-29 21:35:17.769  9385  9408 W qdgralloc: getInterlacedFlag: getMetaData returned -22, defaulting to interlaced_flag = 0
05-29 21:35:17.814  9385  9408 W qdgralloc: getInterlacedFlag: getMetaData returned -22, defaulting to interlaced_flag = 0
05-29 21:35:17.837  9385  9408 W qdgralloc: getInterlacedFlag: getMetaData returned -22, defaulting to interlaced_flag = 0
05-29 21:35:17.855  9385  9408 W qdgralloc: getInterlacedFlag: getMetaData returned -22, defaulting to interlaced_flag = 0
05-29 21:35:17.890  9385  9408 W qdgralloc: getInterlacedFlag: getMetaData returned -22, defaulting to interlaced_flag = 0
05-29 21:35:17.897  9385  9408 W qdgralloc: getInterlacedFlag: getMetaData returned -22, defaulting to interlaced_flag = 0
05-29 21:35:17.931  9385  9408 W qdgralloc: getInterlacedFlag: getMetaData returned -22, defaulting to interlaced_flag = 0
05-29 21:35:17.958  9385  9408 W qdgralloc: getInterlacedFlag: getMetaData returned -22, defaulting to interlaced_flag = 0
05-29 21:35:17.972  9385  9408 W qdgralloc: getInterlacedFlag: getMetaData returned -22, defaulting to interlaced_flag = 0
05-29 21:35:17.999  9385 10616 I MediaCodec: [0xb40000705ede62f0] enqueue 28 input frames in last 1123 ms, latest timeUs 144320000
05-29 21:35:18.004  9385 10616 I MediaCodec: [0xb40000705ede62f0] dequeue 28 output frames in last 1125 ms, latest timeUs 144320000, flags 128
05-29 21:35:18.014  9385  9408 W qdgralloc: getInterlacedFlag: getMetaData returned -22, defaulting to interlaced_flag = 0
05-29 21:35:18.024  9385  9408 W qdgralloc: getInterlacedFlag: getMetaData returned -22, defaulting to interlaced_flag = 0
05-29 21:35:18.061  9385  9408 W qdgralloc: getInterlacedFlag: getMetaData returned -22, defaulting to interlaced_flag = 0
05-29 21:35:18.091  9385  9408 W qdgralloc: getInterlacedFlag: getMetaData returned -22, defaulting to interlaced_flag = 0
05-29 21:35:18.099  9385  9408 W qdgralloc: getInterlacedFlag: getMetaData returned -22, defaulting to interlaced_flag = 0
05-29 21:35:18.105  3090  3756 D WifiStaIfaceHidlImpl: getCachedScanData is not implemented by HIDL
05-29 21:35:18.107  3090  3090 D EnhancedConnectivityController: Wifi onCapabilitiesChanged
05-29 21:35:18.107  3090  3090 D EnhancedConnectivityController: Default net onCapabilitiesChanged
05-29 21:35:18.107  3090  3090 D EnhancedConnectivityController: updateDefaultNet:164
05-29 21:35:18.107  3090  3090 D EnhancedConnectivityController: mayUpdateNotification: shouldShow=false,UidsBlocked=false, net info=net:164,ifName=wlan0,securityType=2,isDefault=true,ssid="Airtel_Siddhanth's wifi",notificationId=0
05-29 21:35:18.110  7877  8199 I ModemStats: [DataStallDetectService] onCapabilitiesChanged networkCapabilities=[ Transports: WIFI Capabilities: NOT_METERED&INTERNET&NOT_RESTRICTED&TRUSTED&NOT_VPN&VALIDATED&NOT_ROAMING&FOREGROUND&NOT_CONGESTED&NOT_SUSPENDED&NOT_VCN_MANAGED LinkUpBandwidth>=1663Kbps LinkDnBandwidth>=37081Kbps TransportInfo: <SSID: <unknown ssid>, BSSID: 02:00:00:00:00:00, MAC: 02:00:00:00:00:00, IP: /192.168.1.7, Security type: 2, Supplicant state: COMPLETED, Wi-Fi standard: 11ac, RSSI: -59, Link speed: 325Mbps, Tx Link speed: 325Mbps, Max Supported Tx Link speed: 866Mbps, Rx Link speed: 351Mbps, Max Supported Rx Link speed: 866Mbps, Frequency: 5240MHz, Net ID: -1, Metered hint: false, score: 100, isUsable: true, CarrierMerged: false, SubscriptionId: -1, IsPrimary: -1, Trusted: true, Restricted: false, Ephemeral: false, OEM paid: false, OEM private: false, OSU AP: false, FQDN: <none>, Provider friendly name: <none>, Requesting package name: <none><none>MLO Information: , Is TID-To-Link negotiation supported by the AP: false, AP MLD Address: <none>, AP MLO Link Id: <none>, AP MLO Affiliated links: <none>, Vendor Data: <none>> SignalStrength: -59 UnderlyingNetworks: Null]
05-29 21:35:18.110  7877  8199 I ModemStats: [DataStallDetectService] onCapabilitiesChanged NET_CAPABILITY_VALIDATED=true
05-29 21:35:18.110  7877  8199 I ModemStats: [DataStallDetectService] onCapabilitiesChanged mDataStallManager.mDataStallInstance=null
05-29 21:35:18.110  7877  8199 I ModemStats: [DataStallDetectService] onCapabilitiesChanged mDataStallSmart5gManager.mDataStallInstance=null
05-29 21:35:18.113  4001  5058 D QCNEJ/NativeHalConnector: -> SND notifyDefaultNetworkChanged(1)
05-29 21:35:18.117  7679  8238 I NullBinder: NullBinder for android.net.action.RECOMMEND_NETWORKS triggering remote TransactionTooLargeException due to Service without Chimera impl, calling uid: 1000, calling pid: 0
05-29 21:35:18.117  7679  8238 W Binder  : reply too large data on java level: InterfaceDescriptor = null, code = 1
05-29 21:35:18.117  3090  3756 I HalDevMgr: bestIfaceCreationProposal is null, requestIface=STA, existingIface=[name=ap_br_wlan2 type=AP_BRIDGE, name=wlan0 type=STA]
05-29 21:35:18.117  7679  8238 W .gms.persistent: Large reply transaction of 1056768 bytes, interface descriptor , code 1
05-29 21:35:18.133  9385  9408 W qdgralloc: getInterlacedFlag: getMetaData returned -22, defaulting to interlaced_flag = 0
05-29 21:35:18.154  9385  9408 W qdgralloc: getInterlacedFlag: getMetaData returned -22, defaulting to interlaced_flag = 0
05-29 21:35:18.176  9385  9408 W qdgralloc: getInterlacedFlag: getMetaData returned -22, defaulting to interlaced_flag = 0
05-29 21:35:18.224  9385  9408 W qdgralloc: getInterlacedFlag: getMetaData returned -22, defaulting to interlaced_flag = 0
05-29 21:35:18.232  9385  9408 W qdgralloc: getInterlacedFlag: getMetaData returned -22, defaulting to interlaced_flag = 0
05-29 21:35:18.253  9385  9408 W qdgralloc: getInterlacedFlag: getMetaData returned -22, defaulting to interlaced_flag = 0
05-29 21:35:18.259 17107 17270 D DlbDap2ProcessWithIht: process() called [1655000] times with input format 0x22 and channel mask 0x3 (ProcessingMode=1), htEnable=0(0, 0, 0)
05-29 21:35:18.288  9385  9408 W qdgralloc: getInterlacedFlag: getMetaData returned -22, defaulting to interlaced_flag = 0
05-29 21:35:18.295  9385  9408 W qdgralloc: getInterlacedFlag: getMetaData returned -22, defaulting to interlaced_flag = 0
05-29 21:35:18.338  9385  9408 W qdgralloc: getInterlacedFlag: getMetaData returned -22, defaulting to interlaced_flag = 0
05-29 21:35:18.356  9385  9408 W qdgralloc: getInterlacedFlag: getMetaData returned -22, defaulting to interlaced_flag = 0
05-29 21:35:18.380  9385  9408 W qdgralloc: getInterlacedFlag: getMetaData returned -22, defaulting to interlaced_flag = 0
05-29 21:35:18.415  9385  9408 W qdgralloc: getInterlacedFlag: getMetaData returned -22, defaulting to interlaced_flag = 0
05-29 21:35:18.428  9385  9408 W qdgralloc: getInterlacedFlag: getMetaData returned -22, defaulting to interlaced_flag = 0
05-29 21:35:18.462  9385  9408 W qdgralloc: getInterlacedFlag: getMetaData returned -22, defaulting to interlaced_flag = 0
05-29 21:35:18.489  9385  9408 W qdgralloc: getInterlacedFlag: getMetaData returned -22, defaulting to interlaced_flag = 0
05-29 21:35:18.495  9385  9408 W qdgralloc: getInterlacedFlag: getMetaData returned -22, defaulting to interlaced_flag = 0
05-29 21:35:18.547  9385  9408 W qdgralloc: getInterlacedFlag: getMetaData returned -22, defaulting to interlaced_flag = 0
05-29 21:35:18.558  9385  9408 W qdgralloc: getInterlacedFlag: getMetaData returned -22, defaulting to interlaced_flag = 0
05-29 21:35:18.573  9385  9408 W qdgralloc: getInterlacedFlag: getMetaData returned -22, defaulting to interlaced_flag = 0
05-29 21:35:18.615  7679 10491 I NearbySharing: Network state changed: NetworkState(isRestricted=false, isOnline=true, isCongested=false, isMetered=false, isWifiConnected=true)
05-29 21:35:18.621  9385  9408 W qdgralloc: getInterlacedFlag: getMetaData returned -22, defaulting to interlaced_flag = 0
05-29 21:35:18.629  9385  9408 W qdgralloc: getInterlacedFlag: getMetaData returned -22, defaulting to interlaced_flag = 0
05-29 21:35:18.664  9385  9408 W qdgralloc: getInterlacedFlag: getMetaData returned -22, defaulting to interlaced_flag = 0
05-29 21:35:18.693  9385  9408 W qdgralloc: getInterlacedFlag: getMetaData returned -22, defaulting to interlaced_flag = 0
05-29 21:35:18.702  9385  9408 W qdgralloc: getInterlacedFlag: getMetaData returned -22, defaulting to interlaced_flag = 0
05-29 21:35:18.739  9385  9408 W qdgralloc: getInterlacedFlag: getMetaData returned -22, defaulting to interlaced_flag = 0
05-29 21:35:18.755  9385  9408 W qdgralloc: getInterlacedFlag: getMetaData returned -22, defaulting to interlaced_flag = 0
05-29 21:35:18.778  9385  9408 W qdgralloc: getInterlacedFlag: getMetaData returned -22, defaulting to interlaced_flag = 0
05-29 21:35:18.799 30020 30211 V Avrcp_ext: onPlaybackStateChanged: state PlaybackState {state=PLAYING(3), position=0, buffered position=0, speed=1.0, updated=198543418, actions=7339703, custom actions=[], active item id=0, error=null}
05-29 21:35:18.799 30020 30211 V APM: MediaControlManager: onPlaybackStateChanged
05-29 21:35:18.799 30020 30211 W McpService: updatePlaybackState state PlaybackState {state=PLAYING(3), position=0, buffered position=0, speed=1.0, updated=198543418, actions=7339703, custom actions=[], active item id=0, error=null}
05-29 21:35:18.799 30020 30211 W McpService: updatePlaybackState mState: 1 state: 1
05-29 21:35:18.802 30020 30211 V Avrcp_ext: updateCurrentMediaState: mMediaController: MediaController (com.deepeye.musicpro@41e7c7e) Chaand Baaliyan – Aditya A. | Trending Song | Official Video, Sony Music India, null
05-29 21:35:18.802 30020 30211 W Avrcp_ext: isMusicActive: true getBluetoothPlayState: 1 A2dp State: 11 mAudioPlaybackIsActive: true
05-29 21:35:18.802 30020 30211 D Avrcp_ext: isMusicActive = true mAudioPlaybackIsActive = true player state = PlaybackState {state=PLAYING(3), position=0, buffered position=0, speed=1.0, updated=198543422, actions=7339703, custom actions=[], active item id=0, error=null}
05-29 21:35:18.803 30020 30211 D Avrcp_ext: overwrite album_artist :if album is blank
05-29 21:35:18.803 30020 30211 V Avrcp_ext: Media update: id 0➡0? [MediaAttributes: C⋯o -  by S⋯a (0 0/0) - ] : [MediaAttributes: C⋯o -  by S⋯a (0 0/0) - ]
05-29 21:35:18.803 30020 30211 D Avrcp_ext: isPackageNameValid: browsedPackage = com.deepeye.musicproisValid = true
05-29 21:35:18.803 30020 30211 V Avrcp_ext: isBrowseSupported for com.deepeye.musicpro: false
05-29 21:35:18.803 30020 30211 W Avrcp_ext: updateCurrentMediaState: isInactivePlayer = false
05-29 21:35:18.803 30020 30211 V Avrcp_ext: updatePlaybackState, state: PlaybackState {state=PLAYING(3), position=0, buffered position=0, speed=1.0, updated=198543422, actions=7339703, custom actions=[], active item id=0, error=null} device: null
05-29 21:35:18.803 30020 30211 V Avrcp_ext: Device: no name: 
05-29 21:35:18.803 30020 30211 V Avrcp_ext: Device: no name: 
05-29 21:35:18.803 30020 30211 V Avrcp_ext: Device: no name: 
05-29 21:35:18.803 30020 30211 V Avrcp_ext: Device: no name: 
05-29 21:35:18.803 30020 30211 V Avrcp_ext: Device: no name: 
05-29 21:35:18.803 30020 30211 V Avrcp_ext: updatePlayerStateAndPosition, old=PlaybackState {state=PLAYING(3), position=0, buffered position=0, speed=1.0, updated=198540420, actions=7339703, custom actions=[], active item id=0, error=null}, state=PlaybackState {state=PLAYING(3), position=0, buffered position=0, speed=1.0, updated=198543422, actions=7339703, custom actions=[], active item id=0, error=null}
05-29 21:35:18.803 30020 30211 V Avrcp_ext: old state = PlaybackState {state=PLAYING(3), position=0, buffered position=0, speed=1.0, updated=198540420, actions=7339703, custom actions=[], active item id=0, error=null}, new state= PlaybackState {state=PLAYING(3), position=0, buffered position=0, speed=1.0, updated=198543422, actions=7339703, custom actions=[], active item id=0, error=null}
05-29 21:35:18.803 30020 30211 D HeadsetService: getHeadsetService(): returning com.android.bluetooth.hfp.HeadsetService@b4478ad
05-29 21:35:18.803 30020 30211 E HeadsetStateMachine: returning mCurrentState as Disconnected
05-29 21:35:18.803 30020 30211 D HeadsetService:  isAudioOn: The number of audio connected devices 0
05-29 21:35:18.803 30020 30211 D HeadsetService: isScoOrCallActive(): Call Active:falseCall is Ringing:falseSCO is Active:false
05-29 21:35:18.803 30020 30211 E HeadsetStateMachine: returning mCurrentState as Disconnected
05-29 21:35:18.803 30020 30211 D HeadsetService:  isAudioOn: The number of audio connected devices 0
05-29 21:35:18.803 30020 30211 V Avrcp_ext: isPlayStateTobeUpdated: device: null
05-29 21:35:18.803 30020 30211 V Avrcp_ext: Single connection exists
05-29 21:35:18.803 30020 30211 E HeadsetStateMachine: returning mCurrentState as Disconnected
05-29 21:35:18.803 30020 30211 D HeadsetService:  isAudioOn: The number of audio connected devices 0
05-29 21:35:18.803 30020 30211 D HeadsetService: isScoOrCallActive(): Call Active:falseCall is Ringing:falseSCO is Active:false
05-29 21:35:18.803 30020 30211 E HeadsetStateMachine: returning mCurrentState as Disconnected
05-29 21:35:18.803 30020 30211 D HeadsetService:  isAudioOn: The number of audio connected devices 0
05-29 21:35:18.803 30020 30211 V Avrcp_ext: isPlayStateTobeUpdated: device: null
05-29 21:35:18.803 30020 30211 V Avrcp_ext: Single connection exists
05-29 21:35:18.803 30020 30211 E HeadsetStateMachine: returning mCurrentState as Disconnected
05-29 21:35:18.803 30020 30211 D HeadsetService:  isAudioOn: The number of audio connected devices 0
05-29 21:35:18.803 30020 30211 D HeadsetService: isScoOrCallActive(): Call Active:falseCall is Ringing:falseSCO is Active:false
05-29 21:35:18.803 30020 30211 E HeadsetStateMachine: returning mCurrentState as Disconnected
05-29 21:35:18.803 30020 30211 D HeadsetService:  isAudioOn: The number of audio connected devices 0
05-29 21:35:18.803 30020 30211 V Avrcp_ext: isPlayStateTobeUpdated: device: null
05-29 21:35:18.803 30020 30211 V Avrcp_ext: Single connection exists
05-29 21:35:18.803 30020 30211 E HeadsetStateMachine: returning mCurrentState as Disconnected
05-29 21:35:18.803 30020 30211 D HeadsetService:  isAudioOn: The number of audio connected devices 0
05-29 21:35:18.803 30020 30211 D HeadsetService: isScoOrCallActive(): Call Active:falseCall is Ringing:falseSCO is Active:false
05-29 21:35:18.803 30020 30211 E HeadsetStateMachine: returning mCurrentState as Disconnected
05-29 21:35:18.803 30020 30211 D HeadsetService:  isAudioOn: The number of audio connected devices 0
05-29 21:35:18.803 30020 30211 V Avrcp_ext: isPlayStateTobeUpdated: device: null
05-29 21:35:18.803 30020 30211 V Avrcp_ext: Single connection exists
05-29 21:35:18.803 30020 30211 E HeadsetStateMachine: returning mCurrentState as Disconnected
05-29 21:35:18.803 30020 30211 D HeadsetService:  isAudioOn: The number of audio connected devices 0
05-29 21:35:18.804 30020 30211 D HeadsetService: isScoOrCallActive(): Call Active:falseCall is Ringing:falseSCO is Active:false
05-29 21:35:18.804 30020 30211 E HeadsetStateMachine: returning mCurrentState as Disconnected
05-29 21:35:18.804 30020 30211 D HeadsetService:  isAudioOn: The number of audio connected devices 0
05-29 21:35:18.804 30020 30211 V Avrcp_ext: isPlayStateTobeUpdated: device: null
05-29 21:35:18.804 30020 30211 V Avrcp_ext: Single connection exists
05-29 21:35:18.804 30020 30211 D Avrcp_ext: Enter sendPlayPosNotificationRsp
05-29 21:35:18.804 30020 30211 D Avrcp_ext: sendPlayPosNotificationRsp: Not registered or requesting.
05-29 21:35:18.804 30020 30211 D Avrcp_ext: Enter sendPlayPosNotificationRsp
05-29 21:35:18.804 30020 30211 D Avrcp_ext: sendPlayPosNotificationRsp: Not registered or requesting.
05-29 21:35:18.804 30020 30211 D Avrcp_ext: Enter sendPlayPosNotificationRsp
05-29 21:35:18.804 30020 30211 D Avrcp_ext: sendPlayPosNotificationRsp: Not registered or requesting.
05-29 21:35:18.804 30020 30211 D Avrcp_ext: Enter sendPlayPosNotificationRsp
05-29 21:35:18.804 30020 30211 D Avrcp_ext: sendPlayPosNotificationRsp: Not registered or requesting.
05-29 21:35:18.804 30020 30211 D Avrcp_ext: Enter sendPlayPosNotificationRsp
05-29 21:35:18.804 30020 30211 D Avrcp_ext: sendPlayPosNotificationRsp: Not registered or requesting.
05-29 21:35:18.804 30020 30211 V Avrcp_ext: Exit updatePlayerStateAndPosition
05-29 21:35:18.804 30020 30211 D APM: ActiveDeviceManagerServiceLegacy: getActiveAbsoluteDevice(): device: null
05-29 21:35:18.804 30020 30211 D APM: ActiveDeviceManagerServiceLegacy: isStableState(): true
05-29 21:35:18.804 30020 30211 D Avrcp_ext: isAdmStable = true activeAbsAddr = null device = null
05-29 21:35:18.804 30020 30211 V APM: MediaControlManager: onPlaybackStateChanged
05-29 21:35:18.804 30020 30211 W McpService: updatePlaybackState state PlaybackState {state=PLAYING(3), position=0, buffered position=0, speed=1.0, updated=198543422, actions=7339703, custom actions=[], active item id=0, error=null}
05-29 21:35:18.804 30020 30211 W McpService: updatePlaybackState mState: 1 state: 1
05-29 21:35:18.804 30020 30211 W Avrcp_ext: updated player state = PlaybackState {state=PLAYING(3), position=0, buffered position=0, speed=1.0, updated=198543422, actions=7339703, custom actions=[], active item id=0, error=null}to MCP module also
05-29 21:35:18.804 30020 30211 V Avrcp_ext:  Exit onPlaybackStateChanged
05-29 21:35:18.824  9385  9408 W qdgralloc: getInterlacedFlag: getMetaData returned -22, defaulting to interlaced_flag = 0
05-29 21:35:18.830  9385  9408 W qdgralloc: getInterlacedFlag: getMetaData returned -22, defaulting to interlaced_flag = 0
05-29 21:35:18.858  9385  9408 W qdgralloc: getInterlacedFlag: getMetaData returned -22, defaulting to interlaced_flag = 0
05-29 21:35:18.887  9385  9408 W qdgralloc: getInterlacedFlag: getMetaData returned -22, defaulting to interlaced_flag = 0
05-29 21:35:18.894  9385  9408 W qdgralloc: getInterlacedFlag: getMetaData returned -22, defaulting to interlaced_flag = 0
05-29 21:35:18.943  9385  9408 W qdgralloc: getInterlacedFlag: getMetaData returned -22, defaulting to interlaced_flag = 0
05-29 21:35:18.956  9385  9408 W qdgralloc: getInterlacedFlag: getMetaData returned -22, defaulting to interlaced_flag = 0
05-29 21:35:18.970  9385  9408 W qdgralloc: getInterlacedFlag: getMetaData returned -22, defaulting to interlaced_flag = 0
05-29 21:35:19.022  9385  9408 W qdgralloc: getInterlacedFlag: getMetaData returned -22, defaulting to interlaced_flag = 0
05-29 21:35:19.029  9385  9408 W qdgralloc: getInterlacedFlag: getMetaData returned -22, defaulting to interlaced_flag = 0
05-29 21:35:19.061  9385  9408 W qdgralloc: getInterlacedFlag: getMetaData returned -22, defaulting to interlaced_flag = 0
05-29 21:35:19.091  9385  9408 W qdgralloc: getInterlacedFlag: getMetaData returned -22, defaulting to interlaced_flag = 0
05-29 21:35:19.102  9385  9408 W qdgralloc: getInterlacedFlag: getMetaData returned -22, defaulting to interlaced_flag = 0
05-29 21:35:19.117  9385 10616 I MediaCodec: [0xb40000705ede62f0] enqueue 28 input frames in last 1117 ms, latest timeUs 145440000
05-29 21:35:19.120  9385 10616 I MediaCodec: [0xb40000705ede62f0] dequeue 28 output frames in last 1116 ms, latest timeUs 145440000, flags 128
05-29 21:35:19.131  9385  9408 W qdgralloc: getInterlacedFlag: getMetaData returned -22, defaulting to interlaced_flag = 0
05-29 21:35:19.159  9385  9408 W qdgralloc: getInterlacedFlag: getMetaData returned -22, defaulting to interlaced_flag = 0
05-29 21:35:19.173  9385  9408 W qdgralloc: getInterlacedFlag: getMetaData returned -22, defaulting to interlaced_flag = 0
05-29 21:35:19.185  1847 10618 I QC2Comp : [vp9D_288] Stats: Pending(0) i/p-done(0) Works: Q: 3640/Done 3641|Work-Rate: Q(24.4/s Avg=25.0/s) Done(24.399/s Avg=25.019/s)| Stream: 25.00fps 227.5Kbps
05-29 21:35:19.185  1847 10618 I QC2Comp : [vp9D_288] Mem-usage:  [In-1D: 5 bufs 18.691 MB] [1D-559: 21 bufs 0.328 MB] [2D-560: 26 bufs 17.469 MB] | Total: 36.488 MB
05-29 21:35:19.222  9385  9408 W qdgralloc: getInterlacedFlag: getMetaData returned -22, defaulting to interlaced_flag = 0
05-29 21:35:19.231  9385  9408 W qdgralloc: getInterlacedFlag: getMetaData returned -22, defaulting to interlaced_flag = 0
05-29 21:35:19.258  9385  9408 W qdgralloc: getInterlacedFlag: getMetaData returned -22, defaulting to interlaced_flag = 0
05-29 21:35:19.277  9385 10616 D BufferPoolAccessor2.0: bufferpool2 0xb40000708ed503d8 : 5(19599360 size) total buffers - 4(15679488 size) used buffers - 3639/3644 (recycle/alloc) - 5/3642 (fetch/transfer)
05-29 21:35:19.298  9385  9408 W qdgralloc: getInterlacedFlag: getMetaData returned -22, defaulting to interlaced_flag = 0
05-29 21:35:19.306  9385  9408 W qdgralloc: getInterlacedFlag: getMetaData returned -22, defaulting to interlaced_flag = 0
05-29 21:35:19.337  9385  9408 W qdgralloc: getInterlacedFlag: getMetaData returned -22, defaulting to interlaced_flag = 0
05-29 21:35:19.355  9385  9408 W qdgralloc: getInterlacedFlag: getMetaData returned -22, defaulting to interlaced_flag = 0
05-29 21:35:19.376  9385  9408 W qdgralloc: getInterlacedFlag: getMetaData returned -22, defaulting to interlaced_flag = 0
05-29 21:35:19.425  9385  9408 W qdgralloc: getInterlacedFlag: getMetaData returned -22, defaulting to interlaced_flag = 0
05-29 21:35:19.433  9385  9408 W qdgralloc: getInterlacedFlag: getMetaData returned -22, defaulting to interlaced_flag = 0
05-29 21:35:19.453  9385  9408 W qdgralloc: getInterlacedFlag: getMetaData returned -22, defaulting to interlaced_flag = 0
05-29 21:35:19.494  9385  9408 W qdgralloc: getInterlacedFlag: getMetaData returned -22, defaulting to interlaced_flag = 0
05-29 21:35:19.499  9385  9408 W qdgralloc: getInterlacedFlag: getMetaData returned -22, defaulting to interlaced_flag = 0
05-29 21:35:19.540  9385  9408 W qdgralloc: getInterlacedFlag: getMetaData returned -22, defaulting to interlaced_flag = 0
05-29 21:35:19.557  9385  9408 W qdgralloc: getInterlacedFlag: getMetaData returned -22, defaulting to interlaced_flag = 0
05-29 21:35:19.580  9385  9408 W qdgralloc: getInterlacedFlag: getMetaData returned -22, defaulting to interlaced_flag = 0
05-29 21:35:19.619  9385  9408 W qdgralloc: getInterlacedFlag: getMetaData returned -22, defaulting to interlaced_flag = 0
05-29 21:35:19.629  9385  9408 W qdgralloc: getInterlacedFlag: getMetaData returned -22, defaulting to interlaced_flag = 0
05-29 21:35:19.655  9385  9408 W qdgralloc: getInterlacedFlag: getMetaData returned -22, defaulting to interlaced_flag = 0
05-29 21:35:19.693  9385  9408 W qdgralloc: getInterlacedFlag: getMetaData returned -22, defaulting to interlaced_flag = 0
05-29 21:35:19.700  9385  9408 W qdgralloc: getInterlacedFlag: getMetaData returned -22, defaulting to interlaced_flag = 0
05-29 21:35:19.742  9385  9408 W qdgralloc: getInterlacedFlag: getMetaData returned -22, defaulting to interlaced_flag = 0
05-29 21:35:19.759  9385  9408 W qdgralloc: getInterlacedFlag: getMetaData returned -22, defaulting to interlaced_flag = 0
05-29 21:35:19.773  9385  9408 W qdgralloc: getInterlacedFlag: getMetaData returned -22, defaulting to interlaced_flag = 0
05-29 21:35:19.818  9385  9408 W qdgralloc: getInterlacedFlag: getMetaData returned -22, defaulting to interlaced_flag = 0
05-29 21:35:19.825  9385  9408 W qdgralloc: getInterlacedFlag: getMetaData returned -22, defaulting to interlaced_flag = 0
05-29 21:35:19.843  4020  5447 I QImsService: VtDataUsageProvider : onSetAlert:2097152
05-29 21:35:19.843  4020  4020 I QImsService: ImsServiceClassTracker : updateAlertQuota:newQuota=2097152,Remaining=2097152
05-29 21:35:19.850  9385  9408 W qdgralloc: getInterlacedFlag: getMetaData returned -22, defaulting to interlaced_flag = 0
05-29 21:35:19.895  9385  9408 W qdgralloc: getInterlacedFlag: getMetaData returned -22, defaulting to interlaced_flag = 0
05-29 21:35:19.902  9385  9408 W qdgralloc: getInterlacedFlag: getMetaData returned -22, defaulting to interlaced_flag = 0
05-29 21:35:19.936  9385  9408 W qdgralloc: getInterlacedFlag: getMetaData returned -22, defaulting to interlaced_flag = 0
05-29 21:35:19.955  9385  9408 W qdgralloc: getInterlacedFlag: getMetaData returned -22, defaulting to interlaced_flag = 0
05-29 21:35:19.977  9385  9408 W qdgralloc: getInterlacedFlag: getMetaData returned -22, defaulting to interlaced_flag = 0
05-29 21:35:20.011  9385  9408 W qdgralloc: getInterlacedFlag: getMetaData returned -22, defaulting to interlaced_flag = 0
05-29 21:35:20.023  9385  9408 W qdgralloc: getInterlacedFlag: getMetaData returned -22, defaulting to interlaced_flag = 0
05-29 21:35:20.052  9385  9408 W qdgralloc: getInterlacedFlag: getMetaData returned -22, defaulting to interlaced_flag = 0
05-29 21:35:20.092  9385  9408 W qdgralloc: getInterlacedFlag: getMetaData returned -22, defaulting to interlaced_flag = 0
05-29 21:35:20.098  9385  9408 W qdgralloc: getInterlacedFlag: getMetaData returned -22, defaulting to interlaced_flag = 0
05-29 21:35:20.142  9385  9408 W qdgralloc: getInterlacedFlag: getMetaData returned -22, defaulting to interlaced_flag = 0
05-29 21:35:20.156  9385 10616 I MediaCodec: [0xb40000705ede62f0] enqueue 26 input frames in last 1039 ms, latest timeUs 146480000
05-29 21:35:20.157  9385  9408 W qdgralloc: getInterlacedFlag: getMetaData returned -22, defaulting to interlaced_flag = 0
05-29 21:35:20.159  9385 10616 I MediaCodec: [0xb40000705ede62f0] dequeue 26 output frames in last 1039 ms, latest timeUs 146480000, flags 128
05-29 21:35:20.170  9385  9408 W qdgralloc: getInterlacedFlag: getMetaData returned -22, defaulting to interlaced_flag = 0
05-29 21:35:20.219  9385  9408 W qdgralloc: getInterlacedFlag: getMetaData returned -22, defaulting to interlaced_flag = 0
05-29 21:35:20.227  9385  9408 W qdgralloc: getInterlacedFlag: getMetaData returned -22, defaulting to interlaced_flag = 0
05-29 21:35:20.256  9385  9408 W qdgralloc: getInterlacedFlag: getMetaData returned -22, defaulting to interlaced_flag = 0
05-29 21:35:20.290  9385  9408 W qdgralloc: getInterlacedFlag: getMetaData returned -22, defaulting to interlaced_flag = 0
05-29 21:35:20.296  9385  9408 W qdgralloc: getInterlacedFlag: getMetaData returned -22, defaulting to interlaced_flag = 0
05-29 21:35:20.328  9385  9408 W qdgralloc: getInterlacedFlag: getMetaData returned -22, defaulting to interlaced_flag = 0
05-29 21:35:20.337  9385  9408 W qdgralloc: getInterlacedFlag: getMetaData returned -22, defaulting to interlaced_flag = 0
