05-29 21:36:59.150  1826 29483 I gsl     : gsl_send_spf_cmd:169 Wait for Rsp opcode[0x1001004] src_port[0x2010] dst_port[0x1] token 0x2574
05-29 21:36:59.151  1826 29483 I gsl     : gsl_send_spf_cmd:183 rcvd pkt token : 0x2574
05-29 21:36:59.151  1826 29483 D AGM: graph: graph_stop: 1000 exit, ret 0
05-29 21:36:59.151  1826 29483 I AGM: device: device_set_metadata: 691 Setting device metadata for CODEC_DMA-LPAIF_WSA-TX-0
05-29 21:36:59.151  1826 29483 D AGM: metadata: metadata_print: 263 *************************Metadata*************************
05-29 21:36:59.151  1826 29483 D AGM: metadata: metadata_print: 264 GKV size:0
05-29 21:36:59.151  1826 29483 D AGM: metadata: metadata_print: 271 
05-29 21:36:59.151  1826 29483 D AGM: metadata: CKV count:0
05-29 21:36:59.151  1826 29483 D AGM: metadata: metadata_print: 276 
05-29 21:36:59.151  1826 29483 D AGM: metadata: metadata_print: 278 Property ID:134217744
05-29 21:36:59.151  1826 29483 D AGM: metadata: metadata_print: 279 property count:2
05-29 21:36:59.151  1826 29483 D AGM: metadata: metadata_print: 282 Property Values: 
05-29 21:36:59.151  1826 29483 D AGM: metadata: metadata_print: 284 0x2 
05-29 21:36:59.151  1826 29483 D AGM: metadata: metadata_print: 284 0x5 
05-29 21:36:59.151  1826 29483 D AGM: metadata: metadata_print: 286 
05-29 21:36:59.151  1826 29483 D AGM: metadata: metadata_print: 287 ****************Metadata Done***************************
05-29 21:36:59.151  1826 29483 D AGM: metadata: 
05-29 21:36:59.151 17107 17123 I PAL: ResourceManager: freeFrontEndIds: 6206: stream type 1, freeing 121
05-29 21:36:59.151  1826 29483 D AGM: session: session_close: 1267 enter
05-29 21:36:59.151  1826 29483 D AGM: graph: graph_close: 791 entry handle 0x47534c
05-29 21:36:59.152  1826 29483 D AGM: graph: graph_close: 811 exit, ret 0
05-29 21:36:59.152  1826 29483 D AGM: session: session_close: 1316 exit, ret 0
05-29 21:36:59.152 17107 17123 I PAL: API: pal_stream_stop: 373: Exit. status 0
05-29 21:36:59.152 17107 17123 I PAL: API: pal_stream_close: 236: Enter. Stream handle :0xb400006f32d99f50K
05-29 21:36:59.152  1826 29483 I AGM: API: agm_session_aif_connect: 651 disconnecting aifid:8 with session id=117
05-29 21:36:59.152  1826 29483 D AGM: graph: graph_stop: 955 entry graph_handle 0x147534c
05-29 21:36:59.152  1826 29483 D AGM: metadata: metadata_print: 263 *************************Metadata*************************
05-29 21:36:59.152  1826 29483 D AGM: metadata: metadata_print: 264 GKV size:4
05-29 21:36:59.152  1826 29483 D AGM: metadata: metadata_print: 267 key:0xa1000000, value:0xa1000001(PCM_DEEP_BUFFER)
05-29 21:36:59.152  1826 29483 D AGM: metadata: metadata_print: 267 key:0xab000000, value:0x1( )
05-29 21:36:59.152  1826 29483 D AGM: metadata: metadata_print: 267 key:0xa2000000, value:0xa2000001(SPEAKER)
05-29 21:36:59.152  1826 29483 D AGM: metadata: metadata_print: 267 key:0xac000000, value:0xac000002(DEVICEPP_RX_AUDIO_MBDRC)
05-29 21:36:59.152  1826 29483 D AGM: metadata: metadata_print: 271 
05-29 21:36:59.152  1826 29483 D AGM: metadata: CKV count:6
05-29 21:36:59.152  1826 29483 D AGM: metadata: metadata_print: 274 key:0xa4000000, value:0x0 
05-29 21:36:59.152  1826 29483 D AGM: metadata: metadata_print: 274 key:0xe4000000, value:0x0 
05-29 21:36:59.152  1826 29483 D AGM: metadata: metadata_print: 274 key:0xe5000000, value:0x1 
05-29 21:36:59.152  1826 29483 D AGM: metadata: metadata_print: 274 key:0xe6000000, value:0x0 
05-29 21:36:59.152  1826 29483 D AGM: metadata: metadata_print: 274 key:0xd2000000, value:0x0 
05-29 21:36:59.152  1826 29483 D AGM: metadata: metadata_print: 274 key:0xbe000000, value:0x3 
05-29 21:36:59.152  1826 29483 D AGM: metadata: metadata_print: 276 
05-29 21:36:59.152  1826 29483 D AGM: metadata: metadata_print: 278 Property ID:134217744
05-29 21:36:59.152  1826 29483 D AGM: metadata: metadata_print: 279 property count:3
05-29 21:36:59.152  1826 29483 D AGM: metadata: metadata_print: 282 Property Values: 
05-29 21:36:59.152  1826 29483 D AGM: metadata: metadata_print: 284 0x3 
05-29 21:36:59.152  1826 29483 D AGM: metadata: metadata_print: 284 0x2 
05-29 21:36:59.152  1826 29483 D AGM: metadata: metadata_print: 284 0x5 
05-29 21:36:59.152  1826 29483 D AGM: metadata: metadata_print: 286 
05-29 21:36:59.152  1826 29483 D AGM: metadata: metadata_print: 287 ****************Metadata Done***************************
05-29 21:36:59.152  1826 29483 D AGM: metadata: 
05-29 21:36:59.152  1826 29483 I gsl     : gsl_graph_close_sgids_and_connections:2057 num_sgid= 3
05-29 21:36:59.152  1826 29483 I gsl     : gsl_graph_close_sgids_and_connections:2058 sg list:
05-29 21:36:59.152  1826 29483 I gsl     : gsl_graph_close_sgids_and_connections:2060 b0000002
05-29 21:36:59.152  1826 29483 I gsl     : gsl_graph_close_sgids_and_connections:2060 b0000008
05-29 21:36:59.152  1826 29483 I gsl     : gsl_graph_close_sgids_and_connections:2060 b000001c
05-29 21:36:59.152  1826 29483 I gsl     : gsl_print_sg_conn_info:186 num_sg_conn = 3
05-29 21:36:59.152  1826 29483 I gsl     : gsl_print_sg_conn_info:188 sg b0000008 has 1 children:
05-29 21:36:59.152  1826 29483 I gsl     : gsl_print_sg_conn_info:191 b0000002, 
05-29 21:36:59.152  1826 29483 I gsl     : gsl_print_sg_conn_info:188 sg b000001c has 1 children:
05-29 21:36:59.152  1826 29483 I gsl     : gsl_print_sg_conn_info:191 b0000008, 
05-29 21:36:59.152  1826 29483 I gsl     : gsl_print_sg_conn_info:188 sg b0000001 has 1 children:
05-29 21:36:59.152  1826 29483 I gsl     : gsl_print_sg_conn_info:191 b000001c, 
05-29 21:36:59.152  1826 29483 I gsl     : gsl_send_spf_cmd:169 Wait for Rsp opcode[0x1001004] src_port[0x2011] dst_port[0x1] token 0x2575
05-29 21:36:59.154  1826 29483 I gsl     : gsl_send_spf_cmd:183 rcvd pkt token : 0x2575
05-29 21:36:59.154  1826 29483 D AGM: graph: graph_stop: 1000 exit, ret 0
05-29 21:36:59.163  1826 29483 I AGM: device: device_set_metadata: 691 Setting device metadata for CODEC_DMA-LPAIF_WSA-RX-0
05-29 21:36:59.163  1826 29483 D AGM: metadata: metadata_print: 263 *************************Metadata*************************
05-29 21:36:59.163  1826 29483 D AGM: metadata: metadata_print: 264 GKV size:0
05-29 21:36:59.163  1826 29483 D AGM: metadata: metadata_print: 271 
05-29 21:36:59.163  1826 29483 D AGM: metadata: CKV count:0
05-29 21:36:59.163  1826 29483 D AGM: metadata: metadata_print: 276 
05-29 21:36:59.163  1826 29483 D AGM: metadata: metadata_print: 278 Property ID:134217744
05-29 21:36:59.163  1826 29483 D AGM: metadata: metadata_print: 279 property count:2
05-29 21:36:59.163  1826 29483 D AGM: metadata: metadata_print: 282 Property Values: 
05-29 21:36:59.163  1826 29483 D AGM: metadata: metadata_print: 284 0x2 
05-29 21:36:59.163  1826 29483 D AGM: metadata: metadata_print: 284 0x5 
05-29 21:36:59.163  1826 29483 D AGM: metadata: metadata_print: 286 
05-29 21:36:59.163  1826 29483 D AGM: metadata: metadata_print: 287 ****************Metadata Done***************************
05-29 21:36:59.163  1826 29483 D AGM: metadata: 
05-29 21:36:59.163  1826 29483 I AGM: session: session_obj_set_sess_aif_metadata: 1772 Setting metadata for sess aif id 8
05-29 21:36:59.163  1826 29483 D AGM: metadata: metadata_print: 263 *************************Metadata*************************
05-29 21:36:59.163  1826 29483 D AGM: metadata: metadata_print: 264 GKV size:0
05-29 21:36:59.163  1826 29483 D AGM: metadata: metadata_print: 271 
05-29 21:36:59.163  1826 29483 D AGM: metadata: CKV count:0
05-29 21:36:59.163  1826 29483 D AGM: metadata: metadata_print: 276 
05-29 21:36:59.163  1826 29483 D AGM: metadata: metadata_print: 278 Property ID:134217744
05-29 21:36:59.163  1826 29483 D AGM: metadata: metadata_print: 279 property count:1
05-29 21:36:59.163  1826 29483 D AGM: metadata: metadata_print: 282 Property Values: 
05-29 21:36:59.163  1826 29483 D AGM: metadata: metadata_print: 284 0x3 
05-29 21:36:59.163  1826 29483 D AGM: metadata: metadata_print: 286 
05-29 21:36:59.163  1826 29483 D AGM: metadata: metadata_print: 287 ****************Metadata Done***************************
05-29 21:36:59.163  1826 29483 D AGM: metadata: 
05-29 21:36:59.163  1826 29483 I AGM: session: session_obj_set_sess_aif_metadata: 1792 Exit
05-29 21:36:59.163  1826 29483 D AGM: session: session_close: 1267 enter
05-29 21:36:59.163  1826 29483 D AGM: graph: graph_close: 791 entry handle 0x147534c
05-29 21:36:59.163  1826 29483 I gsl     : gsl_graph_close_sgids_and_connections:2057 num_sgid= 1
05-29 21:36:59.163  1826 29483 I gsl     : gsl_graph_close_sgids_and_connections:2058 sg list:
05-29 21:36:59.163  1826 29483 I gsl     : gsl_graph_close_sgids_and_connections:2060 b0000001
05-29 21:36:59.163  1826 29483 I gsl     : gsl_print_sg_conn_info:186 num_sg_conn = 0
05-29 21:36:59.163  1826 29483 I gsl     : gsl_send_spf_cmd:169 Wait for Rsp opcode[0x1001004] src_port[0x2011] dst_port[0x1] token 0x2576
05-29 21:36:59.164  1826 29483 I gsl     : gsl_send_spf_cmd:183 rcvd pkt token : 0x2576
05-29 21:36:59.164  1826 29483 D AGM: graph: graph_close: 811 exit, ret 0
05-29 21:36:59.164  1826 29483 D AGM: session: session_close: 1316 exit, ret 0
05-29 21:36:59.165 17107 17123 I PAL: ResourceManager: freeFrontEndIds: 6206: stream type 2, freeing 117
05-29 21:36:59.165 17107 17123 I PAL: Device: close: 470: Enter. deviceCount 1 for device id 3 (PAL_DEVICE_OUT_SPEAKER)
05-29 21:36:59.166 17107 17123 I PAL: Device: close: 487: Exit. deviceCount 0 for device id 3 (PAL_DEVICE_OUT_SPEAKER), exit status 0
05-29 21:36:59.166 17107 17123 I PAL: ResourceManager: GetConcurrencyInfo: 4476: stream type 2 Tx conc 0, Rx conc 1, concurrency allowed
05-29 21:36:59.166 17107 17123 I PAL: ResourceManager: GetConcurrencyInfo: 4476: stream type 2 Tx conc 0, Rx conc 1, concurrency allowed
05-29 21:36:59.166 17107 17123 I PAL: ResourceManager: GetConcurrencyInfo: 4476: stream type 2 Tx conc 0, Rx conc 1, concurrency allowed
05-29 21:36:59.166 17107 17123 I PAL: ResourceManager: deregisterStream: 2716: stream type 2
05-29 21:36:59.166 17107 17123 I PAL: ResourceManager: getActiveStream_l: 5106: no active streams found for device 2 (PAL_DEVICE_OUT_HANDSET) ret -2
05-29 21:36:59.166 17107 17123 I PAL: ResourceManager: getSharedBEActiveStreamDevs: 6366: got dev 2 (PAL_DEVICE_OUT_HANDSET) active streams on dev is 0
05-29 21:36:59.166 17107 17123 I PAL: ResourceManager: getActiveStream_l: 5106: no active streams found for device 3 (PAL_DEVICE_OUT_SPEAKER) ret -2
05-29 21:36:59.166 17107 17123 I PAL: ResourceManager: getSharedBEActiveStreamDevs: 6366: got dev 3 (PAL_DEVICE_OUT_SPEAKER) active streams on dev is 0
05-29 21:36:59.166 17107 17123 I PAL: API: pal_stream_close: 271: Exit. status 0
05-29 21:36:59.166 17107 17123 D AHAL: AudioStream: Standby: 2328: Exit ret: 0
05-29 21:36:59.166 17107 17123 D AHAL: ext_speaker: audio_extn_extspk_update: 152: devices 0x0
05-29 21:36:59.166 17107 17123 D AHAL: AudioStream: astream_out_standby: 878: Exit ret: 0
05-29 21:36:59.166 17107 17239 D MotSpeakerHelper: Speaker OFF
05-29 21:36:59.166 17107 17239 D MotSpeakerHelper: Setting speaker trim 84 (0 dB, 0 dB)
--------- beginning of system
05-29 21:36:59.168  3090  4090 D PowerManagerService: nativeReleaseSuspendBlocker name:PowerManagerService.WakeLocks duration ms: 0
05-29 21:37:00.005  3090  3532 D PowerManagerService: nativeAcquireSuspendBlocker name:PowerManagerService.WakeLocks duration ms: 4
05-29 21:37:00.006  3848  3848 I FolioManager: Doze enabled: true
05-29 21:37:00.006  3848  3848 D FolioManager: Use SystemUI folio UI.  isAodComponentEmpty: true  isADEnabled: true
05-29 21:37:00.006  3090  3090 D PowerManagerService: nativeReleaseSuspendBlocker name:PowerManagerService.WakeLocks duration ms: 0
05-29 21:37:00.006  3848  3848 D FolioManager: updateTime
05-29 21:37:00.507  9385  9385 D YouTubeWebViewConsole: level=WARNING message=The resource https://rr1---sn-ci5gup-qxale.googlevideo.com/generate_204 was preloaded using link preload but not used within a few seconds from the window's load event. Please make sure it has an appropriate `as` value and it is preloaded intentionally. line=0 source=https://www.youtube.com/watch?v=ilNt2bikxDI
05-29 21:37:00.508  9385  9385 D YouTubeWebViewConsole: level=WARNING message=The resource https://i.ytimg.com/generate_204 was preloaded using link preload but not used within a few seconds from the window's load event. Please make sure it has an appropriate `as` value and it is preloaded intentionally. line=0 source=https://www.youtube.com/watch?v=ilNt2bikxDI
05-29 21:37:00.508  9385  9385 D YouTubeWebViewConsole: level=WARNING message=The resource https://rr3---sn-u1qxac-53.c.youtube.com/generate_204 was preloaded using link preload but not used within a few seconds from the window's load event. Please make sure it has an appropriate `as` value and it is preloaded intentionally. line=0 source=https://www.youtube.com/watch?v=ilNt2bikxDI
05-29 21:37:00.620  9533  9724 I ThermalEngine: Monitor:ACTIVE:FREEZE-CHG:freeze_rule=1:DETECT-STANDBY=1
05-29 21:37:00.621  9533  9724 I ThermalEngine: ACTION: freeze_rule - Setting freeze_rule to 1
05-29 21:37:00.621  9533  9724 I ThermalEngine: Monitor:ACTIVE:OVERRIDE-CHG:internal_override=1:DETECT-STANDBY=1
05-29 21:37:00.621  9533 11064 I Thermal-Lib: Thermal-Lib-Client: Client request sent
05-29 21:37:00.621  9533  9724 I ThermalEngine: ACTION: override_c - Setting override_c to 1
05-29 21:37:00.621  9533  9722 I ThermalEngine: Thermal-Server: Thermal received msg from  freezing
05-29 21:37:00.622  9533 11066 I Thermal-Lib: Thermal-Lib-Client: Client request sent
05-29 21:37:00.622  9533  9722 I ThermalEngine: Thermal-Server: Thermal received msg from  override_c
05-29 21:37:00.843 30020 30211 V Avrcp_ext: onPlaybackStateChanged: state PlaybackState {state=PLAYING(3), position=0, buffered position=0, speed=1.0, updated=198645461, actions=7339703, custom actions=[], active item id=0, error=null}
05-29 21:37:00.843 30020 30211 V APM: MediaControlManager: onPlaybackStateChanged
05-29 21:37:00.843 30020 30211 W McpService: updatePlaybackState state PlaybackState {state=PLAYING(3), position=0, buffered position=0, speed=1.0, updated=198645461, actions=7339703, custom actions=[], active item id=0, error=null}
05-29 21:37:00.843 30020 30211 W McpService: updatePlaybackState mState: 1 state: 1
05-29 21:37:00.845 30020 30211 V Avrcp_ext: updateCurrentMediaState: mMediaController: MediaController (com.deepeye.musicpro@41e7c7e) Chaand Baaliyan – Aditya A. | Trending Song | Official Video, Sony Music India, null
05-29 21:37:00.845 30020 30211 W Avrcp_ext: isMusicActive: false getBluetoothPlayState: 1 A2dp State: 11 mAudioPlaybackIsActive: false
05-29 21:37:00.845 30020 30211 D Avrcp_ext: isMusicActive = false mAudioPlaybackIsActive = false player state = PlaybackState {state=PLAYING(3), position=0, buffered position=0, speed=1.0, updated=198645464, actions=7339703, custom actions=[], active item id=0, error=null}
05-29 21:37:00.846 30020 30211 D Avrcp_ext: overwrite album_artist :if album is blank
05-29 21:37:00.846 30020 30211 V Avrcp_ext: Media update: id 0➡0? [MediaAttributes: C⋯o -  by S⋯a (0 0/0) - ] : [MediaAttributes: C⋯o -  by S⋯a (0 0/0) - ]
05-29 21:37:00.846 30020 30211 D Avrcp_ext: isPackageNameValid: browsedPackage = com.deepeye.musicproisValid = true
05-29 21:37:00.846 30020 30211 V Avrcp_ext: isBrowseSupported for com.deepeye.musicpro: false
05-29 21:37:00.846 30020 30211 W Avrcp_ext: updateCurrentMediaState: isInactivePlayer = false
05-29 21:37:00.846 30020 30211 V Avrcp_ext: updatePlaybackState, state: PlaybackState {state=PLAYING(3), position=0, buffered position=0, speed=1.0, updated=198645464, actions=7339703, custom actions=[], active item id=0, error=null} device: null
05-29 21:37:00.846 30020 30211 V Avrcp_ext: Device: no name: 
05-29 21:37:00.846 30020 30211 V Avrcp_ext: Device: no name: 
05-29 21:37:00.846 30020 30211 V Avrcp_ext: Device: no name: 
05-29 21:37:00.846 30020 30211 V Avrcp_ext: Device: no name: 
05-29 21:37:00.847 30020 30211 V Avrcp_ext: Device: no name: 
05-29 21:37:00.847 30020 30211 V Avrcp_ext: updatePlayerStateAndPosition, old=PlaybackState {state=PLAYING(3), position=0, buffered position=0, speed=1.0, updated=198642463, actions=7339703, custom actions=[], active item id=0, error=null}, state=PlaybackState {state=PLAYING(3), position=0, buffered position=0, speed=1.0, updated=198645464, actions=7339703, custom actions=[], active item id=0, error=null}
05-29 21:37:00.847 30020 30211 V Avrcp_ext: old state = PlaybackState {state=PLAYING(3), position=0, buffered position=0, speed=1.0, updated=198642463, actions=7339703, custom actions=[], active item id=0, error=null}, new state= PlaybackState {state=PLAYING(3), position=0, buffered position=0, speed=1.0, updated=198645464, actions=7339703, custom actions=[], active item id=0, error=null}
05-29 21:37:00.847 30020 30211 D HeadsetService: getHeadsetService(): returning com.android.bluetooth.hfp.HeadsetService@b4478ad
05-29 21:37:00.847 30020 30211 E HeadsetStateMachine: returning mCurrentState as Disconnected
05-29 21:37:00.847 30020 30211 D HeadsetService:  isAudioOn: The number of audio connected devices 0
05-29 21:37:00.847 30020 30211 D HeadsetService: isScoOrCallActive(): Call Active:falseCall is Ringing:falseSCO is Active:false
05-29 21:37:00.847 30020 30211 E HeadsetStateMachine: returning mCurrentState as Disconnected
05-29 21:37:00.847 30020 30211 D HeadsetService:  isAudioOn: The number of audio connected devices 0
05-29 21:37:00.847 30020 30211 V Avrcp_ext: isPlayStateTobeUpdated: device: null
05-29 21:37:00.847 30020 30211 V Avrcp_ext: Single connection exists
05-29 21:37:00.847 30020 30211 E HeadsetStateMachine: returning mCurrentState as Disconnected
05-29 21:37:00.847 30020 30211 D HeadsetService:  isAudioOn: The number of audio connected devices 0
05-29 21:37:00.847 30020 30211 D HeadsetService: isScoOrCallActive(): Call Active:falseCall is Ringing:falseSCO is Active:false
05-29 21:37:00.847 30020 30211 E HeadsetStateMachine: returning mCurrentState as Disconnected
05-29 21:37:00.847 30020 30211 D HeadsetService:  isAudioOn: The number of audio connected devices 0
05-29 21:37:00.847 30020 30211 V Avrcp_ext: isPlayStateTobeUpdated: device: null
05-29 21:37:00.847 30020 30211 V Avrcp_ext: Single connection exists
05-29 21:37:00.847 30020 30211 E HeadsetStateMachine: returning mCurrentState as Disconnected
05-29 21:37:00.847 30020 30211 D HeadsetService:  isAudioOn: The number of audio connected devices 0
05-29 21:37:00.847 30020 30211 D HeadsetService: isScoOrCallActive(): Call Active:falseCall is Ringing:falseSCO is Active:false
05-29 21:37:00.847 30020 30211 E HeadsetStateMachine: returning mCurrentState as Disconnected
05-29 21:37:00.847 30020 30211 D HeadsetService:  isAudioOn: The number of audio connected devices 0
05-29 21:37:00.847 30020 30211 V Avrcp_ext: isPlayStateTobeUpdated: device: null
05-29 21:37:00.847 30020 30211 V Avrcp_ext: Single connection exists
05-29 21:37:00.847 30020 30211 E HeadsetStateMachine: returning mCurrentState as Disconnected
05-29 21:37:00.847 30020 30211 D HeadsetService:  isAudioOn: The number of audio connected devices 0
05-29 21:37:00.847 30020 30211 D HeadsetService: isScoOrCallActive(): Call Active:falseCall is Ringing:falseSCO is Active:false
05-29 21:37:00.848 30020 30211 E HeadsetStateMachine: returning mCurrentState as Disconnected
05-29 21:37:00.848 30020 30211 D HeadsetService:  isAudioOn: The number of audio connected devices 0
05-29 21:37:00.848 30020 30211 V Avrcp_ext: isPlayStateTobeUpdated: device: null
05-29 21:37:00.848 30020 30211 V Avrcp_ext: Single connection exists
05-29 21:37:00.848 30020 30211 E HeadsetStateMachine: returning mCurrentState as Disconnected
05-29 21:37:00.848 30020 30211 D HeadsetService:  isAudioOn: The number of audio connected devices 0
05-29 21:37:00.848 30020 30211 D HeadsetService: isScoOrCallActive(): Call Active:falseCall is Ringing:falseSCO is Active:false
05-29 21:37:00.848 30020 30211 E HeadsetStateMachine: returning mCurrentState as Disconnected
05-29 21:37:00.848 30020 30211 D HeadsetService:  isAudioOn: The number of audio connected devices 0
05-29 21:37:00.848 30020 30211 V Avrcp_ext: isPlayStateTobeUpdated: device: null
05-29 21:37:00.848 30020 30211 V Avrcp_ext: Single connection exists
05-29 21:37:00.848 30020 30211 D Avrcp_ext: Enter sendPlayPosNotificationRsp
05-29 21:37:00.848 30020 30211 D Avrcp_ext: sendPlayPosNotificationRsp: Not registered or requesting.
05-29 21:37:00.848 30020 30211 D Avrcp_ext: Enter sendPlayPosNotificationRsp
05-29 21:37:00.848 30020 30211 D Avrcp_ext: sendPlayPosNotificationRsp: Not registered or requesting.
05-29 21:37:00.848 30020 30211 D Avrcp_ext: Enter sendPlayPosNotificationRsp
05-29 21:37:00.848 30020 30211 D Avrcp_ext: sendPlayPosNotificationRsp: Not registered or requesting.
05-29 21:37:00.848 30020 30211 D Avrcp_ext: Enter sendPlayPosNotificationRsp
05-29 21:37:00.848 30020 30211 D Avrcp_ext: sendPlayPosNotificationRsp: Not registered or requesting.
05-29 21:37:00.848 30020 30211 D Avrcp_ext: Enter sendPlayPosNotificationRsp
05-29 21:37:00.848 30020 30211 D Avrcp_ext: sendPlayPosNotificationRsp: Not registered or requesting.
05-29 21:37:00.848 30020 30211 V Avrcp_ext: Exit updatePlayerStateAndPosition
05-29 21:37:00.848 30020 30211 D APM: ActiveDeviceManagerServiceLegacy: getActiveAbsoluteDevice(): device: null
05-29 21:37:00.848 30020 30211 D APM: ActiveDeviceManagerServiceLegacy: isStableState(): true
05-29 21:37:00.848 30020 30211 D Avrcp_ext: isAdmStable = true activeAbsAddr = null device = null
05-29 21:37:00.848 30020 30211 V APM: MediaControlManager: onPlaybackStateChanged
05-29 21:37:00.848 30020 30211 W McpService: updatePlaybackState state PlaybackState {state=PLAYING(3), position=0, buffered position=0, speed=1.0, updated=198645464, actions=7339703, custom actions=[], active item id=0, error=null}
05-29 21:37:00.848 30020 30211 W McpService: updatePlaybackState mState: 1 state: 1
05-29 21:37:00.848 30020 30211 W Avrcp_ext: updated player state = PlaybackState {state=PLAYING(3), position=0, buffered position=0, speed=1.0, updated=198645464, actions=7339703, custom actions=[], active item id=0, error=null}to MCP module also
05-29 21:37:00.848 30020 30211 V Avrcp_ext:  Exit onPlaybackStateChanged
05-29 21:37:00.873  3090  3756 D WifiStaIfaceHidlImpl: getCachedScanData is not implemented by HIDL
05-29 21:37:00.881  3090  3756 I HalDevMgr: bestIfaceCreationProposal is null, requestIface=STA, existingIface=[name=ap_br_wlan2 type=AP_BRIDGE, name=wlan0 type=STA]
05-29 21:37:00.906  1847  3513 D BufferPoolAccessor2.0: evictor expired: 1, evicted: 0
05-29 21:37:00.984  3090  3753 D PowerManagerService: nativeAcquireSuspendBlocker name:PowerManagerService.WakeLocks duration ms: 1
05-29 21:37:01.007  3090  3753 D PowerManagerService: nativeReleaseSuspendBlocker name:PowerManagerService.WakeLocks duration ms: 0
05-29 21:37:01.008  4020  5447 I QImsService: VtDataUsageProvider : onSetAlert:2097152
05-29 21:37:01.008  4020  4020 I QImsService: ImsServiceClassTracker : updateAlertQuota:newQuota=2097152,Remaining=2097152
05-29 21:37:01.101  9385 10242 D BufferPoolAccessor2.0: bufferpool2 0xb40000708ed503d8 : 0(0 size) total buffers - 0(0 size) used buffers - 5983/5988 (recycle/alloc) - 5/5986 (fetch/transfer)
05-29 21:37:01.101  9385 10242 D BufferPoolAccessor2.0: evictor expired: 1, evicted: 1
05-29 21:37:01.906  1847  3513 D BufferPoolAccessor2.0: evictor expired: 1, evicted: 0
05-29 21:37:02.065  9385  9453 D AAudio  : AAudioStream_requestStop(s#3) called
05-29 21:37:02.065  9385  9453 D AAudio  : AAudioStream_close(s#3) called ---------------
05-29 21:37:02.065  9385  9453 D AAudioStream: setState(s#3) from 10 to 11
05-29 21:37:02.066  9385  9453 D AAudioStream: setState(s#3) from 11 to 12
05-29 21:37:02.066  9385  9453 D AAudioStream: ~AudioStream(s#3) mPlayerBase strongCount = 2
05-29 21:37:02.066  9385  9453 D AAudio  : AAudioStream_close(s#3) returned 0 ---------
05-29 21:37:02.066 17106 17163 D APM_AudioPolicyManager: releaseOutput() 29
05-29 21:37:02.067 17106 17222 D audioserver: FGS Logger Transaction failed
05-29 21:37:02.067 17106 17222 D audioserver: -129
05-29 21:37:02.068 30020 30211 D Avrcp_ext: AudioManager Player: AudioPlaybackConfiguration piid:71 deviceId:0 type:android.media.SoundPool u/pid:10342/3848 state:idle attr:AudioAttributes: usage=USAGE_ASSISTANCE_SONIFICATION content=CONTENT_TYPE_SONIFICATION flags=0x800 tags= bundle=null sessionId:0 mutedState:none  FormatInfo{isSpatialized=false, channelMask=0x0, sampleRate=0}
05-29 21:37:02.068 30020 30211 D Avrcp_ext: AudioManager Player: AudioPlaybackConfiguration piid:892199 deviceId:0 type:android.media.MediaPlayer u/pid:10392/684 state:idle attr:AudioAttributes: usage=USAGE_NOTIFICATION_RINGTONE content=CONTENT_TYPE_SONIFICATION flags=0x800 tags= bundle=null sessionId:892553 mutedState:none  FormatInfo{isSpatialized=false, channelMask=0x0, sampleRate=0}
05-29 21:37:02.068 30020 30211 D Avrcp_ext: AudioManager Player: AudioPlaybackConfiguration piid:63 deviceId:0 type:android.media.SoundPool u/pid:1000/3090 state:idle attr:AudioAttributes: usage=USAGE_ASSISTANCE_SONIFICATION content=CONTENT_TYPE_SONIFICATION flags=0x800 tags= bundle=null sessionId:0 mutedState:none  FormatInfo{isSpatialized=false, channelMask=0x0, sampleRate=0}
05-29 21:37:02.068 30020 30211 D Avrcp_ext: AudioManager Player: AudioPlaybackConfiguration piid:4191 deviceId:2 type:android.media.MediaPlayer u/pid:10342/3848 state:stopped attr:AudioAttributes: usage=USAGE_VOICE_COMMUNICATION content=CONTENT_TYPE_SONIFICATION flags=0x800 tags= bundle=null sessionId:2913 mutedState:none  FormatInfo{isSpatialized=false, channelMask=0x1, sampleRate=44100}
05-29 21:37:02.068 30020 30211 D Avrcp_ext: AudioManager isPlaying: false, mAudioPlaybackIsActive = false
05-29 21:37:02.068 30020 30211 D Avrcp_ext: AudioManager Reset Active Player
05-29 21:37:02.102  9385 10242 D BufferPoolAccessor2.0: bufferpool2 0xb40000708ece5248 : 0(0 size) total buffers - 0(0 size) used buffers - 179/184 (recycle/alloc) - 5/171 (fetch/transfer)
05-29 21:37:02.102  9385 10242 D BufferPoolAccessor2.0: evictor expired: 1, evicted: 1
05-29 21:37:02.613  9385  9448 D BraveShields: blocked url=https://www.youtube.com/youtubei/v1/log_event?alt=json
05-29 21:37:02.739  9385  9448 D BraveShields: blocked url=https://www.youtube.com/youtubei/v1/log_event?alt=json
05-29 21:37:03.625  9533  9724 I ThermalEngine: ACTION: freeze_rule - Setting freeze_rule to 0
05-29 21:37:03.625  9533  9724 I ThermalEngine: Monitor:INACTIVE:FREEZE-CHG:freeze_rule=1:DETECT-STANDBY=0
05-29 21:37:03.625  9533  9724 I ThermalEngine: ACTION: override_c - Setting override_c to 0
05-29 21:37:03.625  9533  9724 I ThermalEngine: Monitor:INACTIVE:OVERRIDE-CHG:internal_override=1:DETECT-STANDBY=0
05-29 21:37:03.626  9533 11075 I Thermal-Lib: Thermal-Lib-Client: Client request sent
05-29 21:37:03.626  9533  9722 I ThermalEngine: Thermal-Server: Thermal received msg from  freezing
05-29 21:37:03.626  9533  9722 I ThermalEngine: Thermal-Server: Thermal received msg from  override_c
05-29 21:37:03.626  9533 11074 I Thermal-Lib: Thermal-Lib-Client: Client request sent
05-29 21:37:03.627  9533  9724 I ThermalEngine: Monitor:ACTIVE:MON-MSM-charge:battery=6:CHG-SENSORS=43817
05-29 21:37:03.845 30020 30211 V Avrcp_ext: onPlaybackStateChanged: state PlaybackState {state=PLAYING(3), position=0, buffered position=0, speed=1.0, updated=198648462, actions=7339703, custom actions=[], active item id=0, error=null}
05-29 21:37:03.845 30020 30211 V APM: MediaControlManager: onPlaybackStateChanged
05-29 21:37:03.845 30020 30211 W McpService: updatePlaybackState state PlaybackState {state=PLAYING(3), position=0, buffered position=0, speed=1.0, updated=198648462, actions=7339703, custom actions=[], active item id=0, error=null}
05-29 21:37:03.845 30020 30211 W McpService: updatePlaybackState mState: 1 state: 1
05-29 21:37:03.847 30020 30211 V Avrcp_ext: updateCurrentMediaState: mMediaController: MediaController (com.deepeye.musicpro@41e7c7e) Chaand Baaliyan – Aditya A. | Trending Song | Official Video, Sony Music India, null
05-29 21:37:03.847 30020 30211 W Avrcp_ext: isMusicActive: false getBluetoothPlayState: 1 A2dp State: 11 mAudioPlaybackIsActive: false
05-29 21:37:03.847 30020 30211 D Avrcp_ext: isMusicActive = false mAudioPlaybackIsActive = false player state = PlaybackState {state=PLAYING(3), position=0, buffered position=0, speed=1.0, updated=198648467, actions=7339703, custom actions=[], active item id=0, error=null}
05-29 21:37:03.848 30020 30211 D Avrcp_ext: overwrite album_artist :if album is blank
05-29 21:37:03.848 30020 30211 V Avrcp_ext: Media update: id 0➡0? [MediaAttributes: C⋯o -  by S⋯a (0 0/0) - ] : [MediaAttributes: C⋯o -  by S⋯a (0 0/0) - ]
05-29 21:37:03.849 30020 30211 D Avrcp_ext: isPackageNameValid: browsedPackage = com.deepeye.musicproisValid = true
05-29 21:37:03.849 30020 30211 V Avrcp_ext: isBrowseSupported for com.deepeye.musicpro: false
05-29 21:37:03.849 30020 30211 W Avrcp_ext: updateCurrentMediaState: isInactivePlayer = false
05-29 21:37:03.849 30020 30211 V Avrcp_ext: updatePlaybackState, state: PlaybackState {state=PLAYING(3), position=0, buffered position=0, speed=1.0, updated=198648467, actions=7339703, custom actions=[], active item id=0, error=null} device: null
05-29 21:37:03.849 30020 30211 V Avrcp_ext: Device: no name: 
05-29 21:37:03.849 30020 30211 V Avrcp_ext: Device: no name: 
05-29 21:37:03.849 30020 30211 V Avrcp_ext: Device: no name: 
05-29 21:37:03.849 30020 30211 V Avrcp_ext: Device: no name: 
05-29 21:37:03.849 30020 30211 V Avrcp_ext: Device: no name: 
05-29 21:37:03.849 30020 30211 V Avrcp_ext: updatePlayerStateAndPosition, old=PlaybackState {state=PLAYING(3), position=0, buffered position=0, speed=1.0, updated=198645464, actions=7339703, custom actions=[], active item id=0, error=null}, state=PlaybackState {state=PLAYING(3), position=0, buffered position=0, speed=1.0, updated=198648467, actions=7339703, custom actions=[], active item id=0, error=null}
05-29 21:37:03.849 30020 30211 V Avrcp_ext: old state = PlaybackState {state=PLAYING(3), position=0, buffered position=0, speed=1.0, updated=198645464, actions=7339703, custom actions=[], active item id=0, error=null}, new state= PlaybackState {state=PLAYING(3), position=0, buffered position=0, speed=1.0, updated=198648467, actions=7339703, custom actions=[], active item id=0, error=null}
05-29 21:37:03.849 30020 30211 D HeadsetService: getHeadsetService(): returning com.android.bluetooth.hfp.HeadsetService@b4478ad
05-29 21:37:03.849 30020 30211 E HeadsetStateMachine: returning mCurrentState as Disconnected
05-29 21:37:03.849 30020 30211 D HeadsetService:  isAudioOn: The number of audio connected devices 0
05-29 21:37:03.849 30020 30211 D HeadsetService: isScoOrCallActive(): Call Active:falseCall is Ringing:falseSCO is Active:false
05-29 21:37:03.849 30020 30211 E HeadsetStateMachine: returning mCurrentState as Disconnected
05-29 21:37:03.849 30020 30211 D HeadsetService:  isAudioOn: The number of audio connected devices 0
05-29 21:37:03.849 30020 30211 V Avrcp_ext: isPlayStateTobeUpdated: device: null
05-29 21:37:03.849 30020 30211 V Avrcp_ext: Single connection exists
05-29 21:37:03.849 30020 30211 E HeadsetStateMachine: returning mCurrentState as Disconnected
05-29 21:37:03.849 30020 30211 D HeadsetService:  isAudioOn: The number of audio connected devices 0
05-29 21:37:03.849 30020 30211 D HeadsetService: isScoOrCallActive(): Call Active:falseCall is Ringing:falseSCO is Active:false
05-29 21:37:03.849 30020 30211 E HeadsetStateMachine: returning mCurrentState as Disconnected
05-29 21:37:03.849 30020 30211 D HeadsetService:  isAudioOn: The number of audio connected devices 0
05-29 21:37:03.850 30020 30211 V Avrcp_ext: isPlayStateTobeUpdated: device: null
05-29 21:37:03.850 30020 30211 V Avrcp_ext: Single connection exists
05-29 21:37:03.850 30020 30211 E HeadsetStateMachine: returning mCurrentState as Disconnected
05-29 21:37:03.850 30020 30211 D HeadsetService:  isAudioOn: The number of audio connected devices 0
05-29 21:37:03.850 30020 30211 D HeadsetService: isScoOrCallActive(): Call Active:falseCall is Ringing:falseSCO is Active:false
05-29 21:37:03.850 30020 30211 E HeadsetStateMachine: returning mCurrentState as Disconnected
05-29 21:37:03.850 30020 30211 D HeadsetService:  isAudioOn: The number of audio connected devices 0
05-29 21:37:03.850 30020 30211 V Avrcp_ext: isPlayStateTobeUpdated: device: null
05-29 21:37:03.850 30020 30211 V Avrcp_ext: Single connection exists
05-29 21:37:03.850 30020 30211 E HeadsetStateMachine: returning mCurrentState as Disconnected
05-29 21:37:03.850 30020 30211 D HeadsetService:  isAudioOn: The number of audio connected devices 0
05-29 21:37:03.850 30020 30211 D HeadsetService: isScoOrCallActive(): Call Active:falseCall is Ringing:falseSCO is Active:false
05-29 21:37:03.850 30020 30211 E HeadsetStateMachine: returning mCurrentState as Disconnected
05-29 21:37:03.850 30020 30211 D HeadsetService:  isAudioOn: The number of audio connected devices 0
05-29 21:37:03.850 30020 30211 V Avrcp_ext: isPlayStateTobeUpdated: device: null
05-29 21:37:03.850 30020 30211 V Avrcp_ext: Single connection exists
05-29 21:37:03.850 30020 30211 E HeadsetStateMachine: returning mCurrentState as Disconnected
05-29 21:37:03.850 30020 30211 D HeadsetService:  isAudioOn: The number of audio connected devices 0
05-29 21:37:03.850 30020 30211 D HeadsetService: isScoOrCallActive(): Call Active:falseCall is Ringing:falseSCO is Active:false
05-29 21:37:03.850 30020 30211 E HeadsetStateMachine: returning mCurrentState as Disconnected
05-29 21:37:03.850 30020 30211 D HeadsetService:  isAudioOn: The number of audio connected devices 0
05-29 21:37:03.850 30020 30211 V Avrcp_ext: isPlayStateTobeUpdated: device: null
05-29 21:37:03.850 30020 30211 V Avrcp_ext: Single connection exists
05-29 21:37:03.850 30020 30211 D Avrcp_ext: Enter sendPlayPosNotificationRsp
05-29 21:37:03.850 30020 30211 D Avrcp_ext: sendPlayPosNotificationRsp: Not registered or requesting.
05-29 21:37:03.850 30020 30211 D Avrcp_ext: Enter sendPlayPosNotificationRsp
05-29 21:37:03.850 30020 30211 D Avrcp_ext: sendPlayPosNotificationRsp: Not registered or requesting.
05-29 21:37:03.850 30020 30211 D Avrcp_ext: Enter sendPlayPosNotificationRsp
05-29 21:37:03.850 30020 30211 D Avrcp_ext: sendPlayPosNotificationRsp: Not registered or requesting.
05-29 21:37:03.850 30020 30211 D Avrcp_ext: Enter sendPlayPosNotificationRsp
05-29 21:37:03.850 30020 30211 D Avrcp_ext: sendPlayPosNotificationRsp: Not registered or requesting.
05-29 21:37:03.850 30020 30211 D Avrcp_ext: Enter sendPlayPosNotificationRsp
05-29 21:37:03.850 30020 30211 D Avrcp_ext: sendPlayPosNotificationRsp: Not registered or requesting.
05-29 21:37:03.850 30020 30211 V Avrcp_ext: Exit updatePlayerStateAndPosition
05-29 21:37:03.850 30020 30211 D APM: ActiveDeviceManagerServiceLegacy: getActiveAbsoluteDevice(): device: null
05-29 21:37:03.850 30020 30211 D APM: ActiveDeviceManagerServiceLegacy: isStableState(): true
05-29 21:37:03.850 30020 30211 D Avrcp_ext: isAdmStable = true activeAbsAddr = null device = null
05-29 21:37:03.850 30020 30211 V APM: MediaControlManager: onPlaybackStateChanged
05-29 21:37:03.850 30020 30211 W McpService: updatePlaybackState state PlaybackState {state=PLAYING(3), position=0, buffered position=0, speed=1.0, updated=198648467, actions=7339703, custom actions=[], active item id=0, error=null}
05-29 21:37:03.850 30020 30211 W McpService: updatePlaybackState mState: 1 state: 1
05-29 21:37:03.850 30020 30211 W Avrcp_ext: updated player state = PlaybackState {state=PLAYING(3), position=0, buffered position=0, speed=1.0, updated=198648467, actions=7339703, custom actions=[], active item id=0, error=null}to MCP module also
05-29 21:37:03.851 30020 30211 V Avrcp_ext:  Exit onPlaybackStateChanged
05-29 21:37:03.891  3090  3756 D WifiStaIfaceHidlImpl: getCachedScanData is not implemented by HIDL
05-29 21:37:03.895  3090  3756 I HalDevMgr: bestIfaceCreationProposal is null, requestIface=STA, existingIface=[name=ap_br_wlan2 type=AP_BRIDGE, name=wlan0 type=STA]
05-29 21:37:04.626  9533  9724 I ThermalEngine: Monitor:ACTIVE:FREEZE-CHG:freeze_rule=1:DETECT-STANDBY=1
05-29 21:37:04.626  9533  9724 I ThermalEngine: ACTION: freeze_rule - Setting freeze_rule to 1
05-29 21:37:04.626  9533  9724 I ThermalEngine: Monitor:ACTIVE:OVERRIDE-CHG:internal_override=1:DETECT-STANDBY=1
05-29 21:37:04.626  9533  9724 I ThermalEngine: ACTION: override_c - Setting override_c to 1
05-29 21:37:04.626  9533  9722 I ThermalEngine: Thermal-Server: Thermal received msg from  freezing
05-29 21:37:04.626  9533 11079 I Thermal-Lib: Thermal-Lib-Client: Client request sent
05-29 21:37:04.627  9533 11078 I Thermal-Lib: Thermal-Lib-Client: Client request sent
05-29 21:37:04.627  9533  9722 I ThermalEngine: Thermal-Server: Thermal received msg from  override_c
05-29 21:37:05.753  9385  9385 D YouTubeWebViewConsole: level=WARNING message=The resource https://rr1---sn-ci5gup-qxale.googlevideo.com/generate_204 was preloaded using link preload but not used within a few seconds from the window's load event. Please make sure it has an appropriate `as` value and it is preloaded intentionally. line=0 source=https://www.youtube.com/watch?v=ilNt2bikxDI
05-29 21:37:05.753  9385  9385 D YouTubeWebViewConsole: level=WARNING message=The resource https://i.ytimg.com/generate_204 was preloaded using link preload but not used within a few seconds from the window's load event. Please make sure it has an appropriate `as` value and it is preloaded intentionally. line=0 source=https://www.youtube.com/watch?v=ilNt2bikxDI
05-29 21:37:05.753  9385  9385 D YouTubeWebViewConsole: level=WARNING message=The resource https://rr3---sn-u1qxac-53.c.youtube.com/generate_204 was preloaded using link preload but not used within a few seconds from the window's load event. Please make sure it has an appropriate `as` value and it is preloaded intentionally. line=0 source=https://www.youtube.com/watch?v=ilNt2bikxDI
05-29 21:37:06.846 30020 30211 V Avrcp_ext: onPlaybackStateChanged: state PlaybackState {state=PLAYING(3), position=0, buffered position=0, speed=1.0, updated=198651464, actions=7339703, custom actions=[], active item id=0, error=null}
05-29 21:37:06.846 30020 30211 V APM: MediaControlManager: onPlaybackStateChanged
05-29 21:37:06.846 30020 30211 W McpService: updatePlaybackState state PlaybackState {state=PLAYING(3), position=0, buffered position=0, speed=1.0, updated=198651464, actions=7339703, custom actions=[], active item id=0, error=null}
05-29 21:37:06.846 30020 30211 W McpService: updatePlaybackState mState: 1 state: 1
05-29 21:37:06.848 30020 30211 V Avrcp_ext: updateCurrentMediaState: mMediaController: MediaController (com.deepeye.musicpro@41e7c7e) Chaand Baaliyan – Aditya A. | Trending Song | Official Video, Sony Music India, null
05-29 21:37:06.848 30020 30211 W Avrcp_ext: isMusicActive: false getBluetoothPlayState: 1 A2dp State: 11 mAudioPlaybackIsActive: false
05-29 21:37:06.848 30020 30211 D Avrcp_ext: isMusicActive = false mAudioPlaybackIsActive = false player state = PlaybackState {state=PLAYING(3), position=0, buffered position=0, speed=1.0, updated=198651468, actions=7339703, custom actions=[], active item id=0, error=null}
05-29 21:37:06.849 30020 30211 D Avrcp_ext: overwrite album_artist :if album is blank
05-29 21:37:06.850 30020 30211 V Avrcp_ext: Media update: id 0➡0? [MediaAttributes: C⋯o -  by S⋯a (0 0/0) - ] : [MediaAttributes: C⋯o -  by S⋯a (0 0/0) - ]
05-29 21:37:06.850 30020 30211 D Avrcp_ext: isPackageNameValid: browsedPackage = com.deepeye.musicproisValid = true
05-29 21:37:06.850 30020 30211 V Avrcp_ext: isBrowseSupported for com.deepeye.musicpro: false
05-29 21:37:06.850 30020 30211 W Avrcp_ext: updateCurrentMediaState: isInactivePlayer = false
05-29 21:37:06.850 30020 30211 V Avrcp_ext: updatePlaybackState, state: PlaybackState {state=PLAYING(3), position=0, buffered position=0, speed=1.0, updated=198651468, actions=7339703, custom actions=[], active item id=0, error=null} device: null
05-29 21:37:06.850 30020 30211 V Avrcp_ext: Device: no name: 
05-29 21:37:06.850 30020 30211 V Avrcp_ext: Device: no name: 
05-29 21:37:06.850 30020 30211 V Avrcp_ext: Device: no name: 
05-29 21:37:06.850 30020 30211 V Avrcp_ext: Device: no name: 
05-29 21:37:06.850 30020 30211 V Avrcp_ext: Device: no name: 
05-29 21:37:06.850 30020 30211 V Avrcp_ext: updatePlayerStateAndPosition, old=PlaybackState {state=PLAYING(3), position=0, buffered position=0, speed=1.0, updated=198648467, actions=7339703, custom actions=[], active item id=0, error=null}, state=PlaybackState {state=PLAYING(3), position=0, buffered position=0, speed=1.0, updated=198651468, actions=7339703, custom actions=[], active item id=0, error=null}
05-29 21:37:06.850 30020 30211 V Avrcp_ext: old state = PlaybackState {state=PLAYING(3), position=0, buffered position=0, speed=1.0, updated=198648467, actions=7339703, custom actions=[], active item id=0, error=null}, new state= PlaybackState {state=PLAYING(3), position=0, buffered position=0, speed=1.0, updated=198651468, actions=7339703, custom actions=[], active item id=0, error=null}
05-29 21:37:06.850 30020 30211 D HeadsetService: getHeadsetService(): returning com.android.bluetooth.hfp.HeadsetService@b4478ad
05-29 21:37:06.850 30020 30211 E HeadsetStateMachine: returning mCurrentState as Disconnected
05-29 21:37:06.851 30020 30211 D HeadsetService:  isAudioOn: The number of audio connected devices 0
05-29 21:37:06.851 30020 30211 D HeadsetService: isScoOrCallActive(): Call Active:falseCall is Ringing:falseSCO is Active:false
05-29 21:37:06.851 30020 30211 E HeadsetStateMachine: returning mCurrentState as Disconnected
05-29 21:37:06.851 30020 30211 D HeadsetService:  isAudioOn: The number of audio connected devices 0
05-29 21:37:06.851 30020 30211 V Avrcp_ext: isPlayStateTobeUpdated: device: null
05-29 21:37:06.851 30020 30211 V Avrcp_ext: Single connection exists
05-29 21:37:06.851 30020 30211 E HeadsetStateMachine: returning mCurrentState as Disconnected
05-29 21:37:06.851 30020 30211 D HeadsetService:  isAudioOn: The number of audio connected devices 0
05-29 21:37:06.851 30020 30211 D HeadsetService: isScoOrCallActive(): Call Active:falseCall is Ringing:falseSCO is Active:false
05-29 21:37:06.851 30020 30211 E HeadsetStateMachine: returning mCurrentState as Disconnected
05-29 21:37:06.851 30020 30211 D HeadsetService:  isAudioOn: The number of audio connected devices 0
05-29 21:37:06.851 30020 30211 V Avrcp_ext: isPlayStateTobeUpdated: device: null
05-29 21:37:06.851 30020 30211 V Avrcp_ext: Single connection exists
05-29 21:37:06.851 30020 30211 E HeadsetStateMachine: returning mCurrentState as Disconnected
05-29 21:37:06.851 30020 30211 D HeadsetService:  isAudioOn: The number of audio connected devices 0
05-29 21:37:06.851 30020 30211 D HeadsetService: isScoOrCallActive(): Call Active:falseCall is Ringing:falseSCO is Active:false
05-29 21:37:06.851 30020 30211 E HeadsetStateMachine: returning mCurrentState as Disconnected
05-29 21:37:06.851 30020 30211 D HeadsetService:  isAudioOn: The number of audio connected devices 0
05-29 21:37:06.851 30020 30211 V Avrcp_ext: isPlayStateTobeUpdated: device: null
05-29 21:37:06.851 30020 30211 V Avrcp_ext: Single connection exists
05-29 21:37:06.851 30020 30211 E HeadsetStateMachine: returning mCurrentState as Disconnected
05-29 21:37:06.851 30020 30211 D HeadsetService:  isAudioOn: The number of audio connected devices 0
05-29 21:37:06.851 30020 30211 D HeadsetService: isScoOrCallActive(): Call Active:falseCall is Ringing:falseSCO is Active:false
05-29 21:37:06.851 30020 30211 E HeadsetStateMachine: returning mCurrentState as Disconnected
05-29 21:37:06.851 30020 30211 D HeadsetService:  isAudioOn: The number of audio connected devices 0
05-29 21:37:06.851 30020 30211 V Avrcp_ext: isPlayStateTobeUpdated: device: null
05-29 21:37:06.851 30020 30211 V Avrcp_ext: Single connection exists
05-29 21:37:06.851 30020 30211 E HeadsetStateMachine: returning mCurrentState as Disconnected
05-29 21:37:06.851 30020 30211 D HeadsetService:  isAudioOn: The number of audio connected devices 0
05-29 21:37:06.851 30020 30211 D HeadsetService: isScoOrCallActive(): Call Active:falseCall is Ringing:falseSCO is Active:false
05-29 21:37:06.851 30020 30211 E HeadsetStateMachine: returning mCurrentState as Disconnected
05-29 21:37:06.851 30020 30211 D HeadsetService:  isAudioOn: The number of audio connected devices 0
05-29 21:37:06.851 30020 30211 V Avrcp_ext: isPlayStateTobeUpdated: device: null
05-29 21:37:06.851 30020 30211 V Avrcp_ext: Single connection exists
05-29 21:37:06.852 30020 30211 D Avrcp_ext: Enter sendPlayPosNotificationRsp
05-29 21:37:06.852 30020 30211 D Avrcp_ext: sendPlayPosNotificationRsp: Not registered or requesting.
05-29 21:37:06.852 30020 30211 D Avrcp_ext: Enter sendPlayPosNotificationRsp
05-29 21:37:06.852 30020 30211 D Avrcp_ext: sendPlayPosNotificationRsp: Not registered or requesting.
05-29 21:37:06.852 30020 30211 D Avrcp_ext: Enter sendPlayPosNotificationRsp
05-29 21:37:06.852 30020 30211 D Avrcp_ext: sendPlayPosNotificationRsp: Not registered or requesting.
05-29 21:37:06.852 30020 30211 D Avrcp_ext: Enter sendPlayPosNotificationRsp
05-29 21:37:06.852 30020 30211 D Avrcp_ext: sendPlayPosNotificationRsp: Not registered or requesting.
05-29 21:37:06.852 30020 30211 D Avrcp_ext: Enter sendPlayPosNotificationRsp
05-29 21:37:06.852 30020 30211 D Avrcp_ext: sendPlayPosNotificationRsp: Not registered or requesting.
05-29 21:37:06.852 30020 30211 V Avrcp_ext: Exit updatePlayerStateAndPosition
05-29 21:37:06.852 30020 30211 D APM: ActiveDeviceManagerServiceLegacy: getActiveAbsoluteDevice(): device: null
05-29 21:37:06.852 30020 30211 D APM: ActiveDeviceManagerServiceLegacy: isStableState(): true
05-29 21:37:06.852 30020 30211 D Avrcp_ext: isAdmStable = true activeAbsAddr = null device = null
05-29 21:37:06.852 30020 30211 V APM: MediaControlManager: onPlaybackStateChanged
05-29 21:37:06.852 30020 30211 W McpService: updatePlaybackState state PlaybackState {state=PLAYING(3), position=0, buffered position=0, speed=1.0, updated=198651468, actions=7339703, custom actions=[], active item id=0, error=null}
05-29 21:37:06.852 30020 30211 W McpService: updatePlaybackState mState: 1 state: 1
05-29 21:37:06.852 30020 30211 W Avrcp_ext: updated player state = PlaybackState {state=PLAYING(3), position=0, buffered position=0, speed=1.0, updated=198651468, actions=7339703, custom actions=[], active item id=0, error=null}to MCP module also
05-29 21:37:06.852 30020 30211 V Avrcp_ext:  Exit onPlaybackStateChanged
05-29 21:37:06.907  3090  3756 D WifiStaIfaceHidlImpl: getCachedScanData is not implemented by HIDL
05-29 21:37:06.913  3090  3756 I HalDevMgr: bestIfaceCreationProposal is null, requestIface=STA, existingIface=[name=ap_br_wlan2 type=AP_BRIDGE, name=wlan0 type=STA]
05-29 21:37:07.345  7679 10970 I NearbyMediums: No BLE Fast/GATT advertisements found in the latest cycle.
05-29 21:37:07.345  7679 10970 I NearbyMediums: Current Tracked Scanning Clients are : {NearbyConnections.EnvironmentMonitor, NearbySharing, NearbyConnections.TxAdvertisement}
05-29 21:37:09.026  9385  9385 D YouTubeWebViewConsole: level=WARNING message=The resource https://rr1---sn-ci5gup-qxale.googlevideo.com/generate_204 was preloaded using link preload but not used within a few seconds from the window's load event. Please make sure it has an appropriate `as` value and it is preloaded intentionally. line=0 source=https://www.youtube.com/watch?v=ilNt2bikxDI
05-29 21:37:09.026  9385  9385 D YouTubeWebViewConsole: level=WARNING message=The resource https://i.ytimg.com/generate_204 was preloaded using link preload but not used within a few seconds from the window's load event. Please make sure it has an appropriate `as` value and it is preloaded intentionally. line=0 source=https://www.youtube.com/watch?v=ilNt2bikxDI
05-29 21:37:09.026  9385  9385 D YouTubeWebViewConsole: level=WARNING message=The resource https://rr3---sn-u1qxac-53.c.youtube.com/generate_204 was preloaded using link preload but not used within a few seconds from the window's load event. Please make sure it has an appropriate `as` value and it is preloaded intentionally. line=0 source=https://www.youtube.com/watch?v=ilNt2bikxDI
05-29 21:37:09.848 30020 30211 V Avrcp_ext: onPlaybackStateChanged: state PlaybackState {state=PLAYING(3), position=0, buffered position=0, speed=1.0, updated=198654465, actions=7339703, custom actions=[], active item id=0, error=null}
05-29 21:37:09.848 30020 30211 V APM: MediaControlManager: onPlaybackStateChanged
05-29 21:37:09.848 30020 30211 W McpService: updatePlaybackState state PlaybackState {state=PLAYING(3), position=0, buffered position=0, speed=1.0, updated=198654465, actions=7339703, custom actions=[], active item id=0, error=null}
05-29 21:37:09.848 30020 30211 W McpService: updatePlaybackState mState: 1 state: 1
05-29 21:37:09.851 30020 30211 V Avrcp_ext: updateCurrentMediaState: mMediaController: MediaController (com.deepeye.musicpro@41e7c7e) Chaand Baaliyan – Aditya A. | Trending Song | Official Video, Sony Music India, null
05-29 21:37:09.851 30020 30211 W Avrcp_ext: isMusicActive: false getBluetoothPlayState: 1 A2dp State: 11 mAudioPlaybackIsActive: false
05-29 21:37:09.851 30020 30211 D Avrcp_ext: isMusicActive = false mAudioPlaybackIsActive = false player state = PlaybackState {state=PLAYING(3), position=0, buffered position=0, speed=1.0, updated=198654471, actions=7339703, custom actions=[], active item id=0, error=null}
05-29 21:37:09.852 30020 30211 D Avrcp_ext: overwrite album_artist :if album is blank
05-29 21:37:09.852 30020 30211 V Avrcp_ext: Media update: id 0➡0? [MediaAttributes: C⋯o -  by S⋯a (0 0/0) - ] : [MediaAttributes: C⋯o -  by S⋯a (0 0/0) - ]
