05-29 21:35:26.099  9385  9408 W qdgralloc: getInterlacedFlag: getMetaData returned -22, defaulting to interlaced_flag = 0
05-29 21:35:26.108  9385  9408 W qdgralloc: getInterlacedFlag: getMetaData returned -22, defaulting to interlaced_flag = 0
05-29 21:35:26.141  9385  9408 W qdgralloc: getInterlacedFlag: getMetaData returned -22, defaulting to interlaced_flag = 0
05-29 21:35:26.175  9385  9408 W qdgralloc: getInterlacedFlag: getMetaData returned -22, defaulting to interlaced_flag = 0
05-29 21:35:26.185  9385  9408 W qdgralloc: getInterlacedFlag: getMetaData returned -22, defaulting to interlaced_flag = 0
05-29 21:35:26.222  9385  9408 W qdgralloc: getInterlacedFlag: getMetaData returned -22, defaulting to interlaced_flag = 0
05-29 21:35:26.244  9385  9408 W qdgralloc: getInterlacedFlag: getMetaData returned -22, defaulting to interlaced_flag = 0
05-29 21:35:26.255  9385  9408 W qdgralloc: getInterlacedFlag: getMetaData returned -22, defaulting to interlaced_flag = 0
05-29 21:35:26.258 17107 17270 D DlbDap2ProcessWithIht: process() called [1656500] times with input format 0x22 and channel mask 0x3 (ProcessingMode=1), htEnable=0(0, 0, 0)
05-29 21:35:26.303  9385  9408 W qdgralloc: getInterlacedFlag: getMetaData returned -22, defaulting to interlaced_flag = 0
05-29 21:35:26.310  9385  9408 W qdgralloc: getInterlacedFlag: getMetaData returned -22, defaulting to interlaced_flag = 0
05-29 21:35:26.336  9385  9408 W qdgralloc: getInterlacedFlag: getMetaData returned -22, defaulting to interlaced_flag = 0
05-29 21:35:26.378  9385  9408 W qdgralloc: getInterlacedFlag: getMetaData returned -22, defaulting to interlaced_flag = 0
05-29 21:35:26.386  9385  9408 W qdgralloc: getInterlacedFlag: getMetaData returned -22, defaulting to interlaced_flag = 0
05-29 21:35:26.421  9385  9408 W qdgralloc: getInterlacedFlag: getMetaData returned -22, defaulting to interlaced_flag = 0
05-29 21:35:26.437  9385  9408 W qdgralloc: getInterlacedFlag: getMetaData returned -22, defaulting to interlaced_flag = 0
05-29 21:35:26.458  9385  9408 W qdgralloc: getInterlacedFlag: getMetaData returned -22, defaulting to interlaced_flag = 0
05-29 21:35:26.497  9385  9408 W qdgralloc: getInterlacedFlag: getMetaData returned -22, defaulting to interlaced_flag = 0
05-29 21:35:26.506  9385  9408 W qdgralloc: getInterlacedFlag: getMetaData returned -22, defaulting to interlaced_flag = 0
05-29 21:35:26.538  9385  9408 W qdgralloc: getInterlacedFlag: getMetaData returned -22, defaulting to interlaced_flag = 0
05-29 21:35:26.570  9385  9408 W qdgralloc: getInterlacedFlag: getMetaData returned -22, defaulting to interlaced_flag = 0
05-29 21:35:26.580  9385  9408 W qdgralloc: getInterlacedFlag: getMetaData returned -22, defaulting to interlaced_flag = 0
05-29 21:35:26.613  9385  9408 W qdgralloc: getInterlacedFlag: getMetaData returned -22, defaulting to interlaced_flag = 0
05-29 21:35:26.639  9385  9408 W qdgralloc: getInterlacedFlag: getMetaData returned -22, defaulting to interlaced_flag = 0
05-29 21:35:26.653  9385  9408 W qdgralloc: getInterlacedFlag: getMetaData returned -22, defaulting to interlaced_flag = 0
05-29 21:35:26.703  9385  9408 W qdgralloc: getInterlacedFlag: getMetaData returned -22, defaulting to interlaced_flag = 0
05-29 21:35:26.709  9385  9408 W qdgralloc: getInterlacedFlag: getMetaData returned -22, defaulting to interlaced_flag = 0
05-29 21:35:26.731  9385  9408 W qdgralloc: getInterlacedFlag: getMetaData returned -22, defaulting to interlaced_flag = 0
05-29 21:35:26.776  9385  9408 W qdgralloc: getInterlacedFlag: getMetaData returned -22, defaulting to interlaced_flag = 0
05-29 21:35:26.784  9385  9408 W qdgralloc: getInterlacedFlag: getMetaData returned -22, defaulting to interlaced_flag = 0
05-29 21:35:26.816  9385  9408 W qdgralloc: getInterlacedFlag: getMetaData returned -22, defaulting to interlaced_flag = 0
05-29 21:35:26.843  9385  9408 W qdgralloc: getInterlacedFlag: getMetaData returned -22, defaulting to interlaced_flag = 0
05-29 21:35:26.857  9385  9408 W qdgralloc: getInterlacedFlag: getMetaData returned -22, defaulting to interlaced_flag = 0
05-29 21:35:26.892  9385  9408 W qdgralloc: getInterlacedFlag: getMetaData returned -22, defaulting to interlaced_flag = 0
05-29 21:35:26.904  9385  9408 W qdgralloc: getInterlacedFlag: getMetaData returned -22, defaulting to interlaced_flag = 0
05-29 21:35:26.937  9385  9408 W qdgralloc: getInterlacedFlag: getMetaData returned -22, defaulting to interlaced_flag = 0
05-29 21:35:26.976  9385  9408 W qdgralloc: getInterlacedFlag: getMetaData returned -22, defaulting to interlaced_flag = 0
05-29 21:35:26.984  9385  9408 W qdgralloc: getInterlacedFlag: getMetaData returned -22, defaulting to interlaced_flag = 0
05-29 21:35:27.025  9385  9408 W qdgralloc: getInterlacedFlag: getMetaData returned -22, defaulting to interlaced_flag = 0
05-29 21:35:27.036  9385 10616 I MediaCodec: [0xb40000705ede62f0] enqueue 30 input frames in last 1200 ms, latest timeUs 153360000
05-29 21:35:27.037  9385  9408 W qdgralloc: getInterlacedFlag: getMetaData returned -22, defaulting to interlaced_flag = 0
05-29 21:35:27.038  9385 10616 I MediaCodec: [0xb40000705ede62f0] dequeue 30 output frames in last 1199 ms, latest timeUs 153360000, flags 128
05-29 21:35:27.051  9385  9408 W qdgralloc: getInterlacedFlag: getMetaData returned -22, defaulting to interlaced_flag = 0
05-29 21:35:27.095  9385  9408 W qdgralloc: getInterlacedFlag: getMetaData returned -22, defaulting to interlaced_flag = 0
05-29 21:35:27.107  9385  9408 W qdgralloc: getInterlacedFlag: getMetaData returned -22, defaulting to interlaced_flag = 0
05-29 21:35:27.144  9385  9408 W qdgralloc: getInterlacedFlag: getMetaData returned -22, defaulting to interlaced_flag = 0
05-29 21:35:27.167  3090  3756 D WifiStaIfaceHidlImpl: getCachedScanData is not implemented by HIDL
05-29 21:35:27.171  9385  9408 W qdgralloc: getInterlacedFlag: getMetaData returned -22, defaulting to interlaced_flag = 0
05-29 21:35:27.172  3090  3090 D EnhancedConnectivityController: Wifi onCapabilitiesChanged
05-29 21:35:27.172  3090  3090 D EnhancedConnectivityController: Default net onCapabilitiesChanged
05-29 21:35:27.172  3090  3090 D EnhancedConnectivityController: updateDefaultNet:164
05-29 21:35:27.172  3090  3090 D EnhancedConnectivityController: mayUpdateNotification: shouldShow=false,UidsBlocked=false, net info=net:164,ifName=wlan0,securityType=2,isDefault=true,ssid="Airtel_Siddhanth's wifi",notificationId=0
05-29 21:35:27.175  4001  5058 D QCNEJ/NativeHalConnector: -> SND notifyDefaultNetworkChanged(1)
05-29 21:35:27.176  7877  8199 I ModemStats: [DataStallDetectService] onCapabilitiesChanged networkCapabilities=[ Transports: WIFI Capabilities: NOT_METERED&INTERNET&NOT_RESTRICTED&TRUSTED&NOT_VPN&VALIDATED&NOT_ROAMING&FOREGROUND&NOT_CONGESTED&NOT_SUSPENDED&NOT_VCN_MANAGED LinkUpBandwidth>=1663Kbps LinkDnBandwidth>=37081Kbps TransportInfo: <SSID: <unknown ssid>, BSSID: 02:00:00:00:00:00, MAC: 02:00:00:00:00:00, IP: /192.168.1.7, Security type: 2, Supplicant state: COMPLETED, Wi-Fi standard: 11ac, RSSI: -59, Link speed: 325Mbps, Tx Link speed: 325Mbps, Max Supported Tx Link speed: 866Mbps, Rx Link speed: 234Mbps, Max Supported Rx Link speed: 866Mbps, Frequency: 5240MHz, Net ID: -1, Metered hint: false, score: 100, isUsable: true, CarrierMerged: false, SubscriptionId: -1, IsPrimary: -1, Trusted: true, Restricted: false, Ephemeral: false, OEM paid: false, OEM private: false, OSU AP: false, FQDN: <none>, Provider friendly name: <none>, Requesting package name: <none><none>MLO Information: , Is TID-To-Link negotiation supported by the AP: false, AP MLD Address: <none>, AP MLO Link Id: <none>, AP MLO Affiliated links: <none>, Vendor Data: <none>> SignalStrength: -59 UnderlyingNetworks: Null]
05-29 21:35:27.176  7877  8199 I ModemStats: [DataStallDetectService] onCapabilitiesChanged NET_CAPABILITY_VALIDATED=true
05-29 21:35:27.176  7877  8199 I ModemStats: [DataStallDetectService] onCapabilitiesChanged mDataStallManager.mDataStallInstance=null
05-29 21:35:27.176  7877  8199 I ModemStats: [DataStallDetectService] onCapabilitiesChanged mDataStallSmart5gManager.mDataStallInstance=null
05-29 21:35:27.179  9385  9408 W qdgralloc: getInterlacedFlag: getMetaData returned -22, defaulting to interlaced_flag = 0
05-29 21:35:27.186  7679 15377 I NullBinder: NullBinder for android.net.action.RECOMMEND_NETWORKS triggering remote TransactionTooLargeException due to Service without Chimera impl, calling uid: 1000, calling pid: 0
05-29 21:35:27.186  7679 15377 W Binder  : reply too large data on java level: InterfaceDescriptor = null, code = 1
05-29 21:35:27.186  7679 15377 W .gms.persistent: Large reply transaction of 1056768 bytes, interface descriptor , code 1
05-29 21:35:27.187  3090  3756 I HalDevMgr: bestIfaceCreationProposal is null, requestIface=STA, existingIface=[name=ap_br_wlan2 type=AP_BRIDGE, name=wlan0 type=STA]
05-29 21:35:27.212  9385  9408 W qdgralloc: getInterlacedFlag: getMetaData returned -22, defaulting to interlaced_flag = 0
05-29 21:35:27.240  9385  9408 W qdgralloc: getInterlacedFlag: getMetaData returned -22, defaulting to interlaced_flag = 0
05-29 21:35:27.254  9385  9408 W qdgralloc: getInterlacedFlag: getMetaData returned -22, defaulting to interlaced_flag = 0
05-29 21:35:27.296  9385  9408 W qdgralloc: getInterlacedFlag: getMetaData returned -22, defaulting to interlaced_flag = 0
05-29 21:35:27.309  9385  9408 W qdgralloc: getInterlacedFlag: getMetaData returned -22, defaulting to interlaced_flag = 0
05-29 21:35:27.332  7679 10491 I NearbyMediums: No BLE Fast/GATT advertisements found in the latest cycle.
05-29 21:35:27.333  7679 10491 I NearbyMediums: Current Tracked Scanning Clients are : {NearbyConnections.EnvironmentMonitor, NearbySharing, NearbyConnections.TxAdvertisement}
05-29 21:35:27.346  9385  9408 W qdgralloc: getInterlacedFlag: getMetaData returned -22, defaulting to interlaced_flag = 0
05-29 21:35:27.372  9385  9408 W qdgralloc: getInterlacedFlag: getMetaData returned -22, defaulting to interlaced_flag = 0
05-29 21:35:27.379  9385  9408 W qdgralloc: getInterlacedFlag: getMetaData returned -22, defaulting to interlaced_flag = 0
05-29 21:35:27.423  9385  9408 W qdgralloc: getInterlacedFlag: getMetaData returned -22, defaulting to interlaced_flag = 0
05-29 21:35:27.443  9385  9408 W qdgralloc: getInterlacedFlag: getMetaData returned -22, defaulting to interlaced_flag = 0
05-29 21:35:27.455  9385  9408 W qdgralloc: getInterlacedFlag: getMetaData returned -22, defaulting to interlaced_flag = 0
05-29 21:35:27.499  9385  9408 W qdgralloc: getInterlacedFlag: getMetaData returned -22, defaulting to interlaced_flag = 0
05-29 21:35:27.506  9385  9408 W qdgralloc: getInterlacedFlag: getMetaData returned -22, defaulting to interlaced_flag = 0
05-29 21:35:27.537  9385  9408 W qdgralloc: getInterlacedFlag: getMetaData returned -22, defaulting to interlaced_flag = 0
05-29 21:35:27.576  9385  9408 W qdgralloc: getInterlacedFlag: getMetaData returned -22, defaulting to interlaced_flag = 0
05-29 21:35:27.584  9385  9408 W qdgralloc: getInterlacedFlag: getMetaData returned -22, defaulting to interlaced_flag = 0
05-29 21:35:27.621  9385  9408 W qdgralloc: getInterlacedFlag: getMetaData returned -22, defaulting to interlaced_flag = 0
05-29 21:35:27.638  9385  9408 W qdgralloc: getInterlacedFlag: getMetaData returned -22, defaulting to interlaced_flag = 0
05-29 21:35:27.651  9385  9408 W qdgralloc: getInterlacedFlag: getMetaData returned -22, defaulting to interlaced_flag = 0
05-29 21:35:27.682  7679 10491 I NearbySharing: Network state changed: NetworkState(isRestricted=false, isOnline=true, isCongested=false, isMetered=false, isWifiConnected=true)
05-29 21:35:27.693  9385  9408 W qdgralloc: getInterlacedFlag: getMetaData returned -22, defaulting to interlaced_flag = 0
05-29 21:35:27.706  9385  9408 W qdgralloc: getInterlacedFlag: getMetaData returned -22, defaulting to interlaced_flag = 0
05-29 21:35:27.736  9385  9408 W qdgralloc: getInterlacedFlag: getMetaData returned -22, defaulting to interlaced_flag = 0
05-29 21:35:27.769  9385  9408 W qdgralloc: getInterlacedFlag: getMetaData returned -22, defaulting to interlaced_flag = 0
05-29 21:35:27.777  9385  9408 W qdgralloc: getInterlacedFlag: getMetaData returned -22, defaulting to interlaced_flag = 0
05-29 21:35:27.804 30020 30211 V Avrcp_ext: onPlaybackStateChanged: state PlaybackState {state=PLAYING(3), position=0, buffered position=0, speed=1.0, updated=198552422, actions=7339703, custom actions=[], active item id=0, error=null}
05-29 21:35:27.805 30020 30211 V APM: MediaControlManager: onPlaybackStateChanged
05-29 21:35:27.805 30020 30211 W McpService: updatePlaybackState state PlaybackState {state=PLAYING(3), position=0, buffered position=0, speed=1.0, updated=198552422, actions=7339703, custom actions=[], active item id=0, error=null}
05-29 21:35:27.805 30020 30211 W McpService: updatePlaybackState mState: 1 state: 1
05-29 21:35:27.806 30020 30211 V Avrcp_ext: updateCurrentMediaState: mMediaController: MediaController (com.deepeye.musicpro@41e7c7e) Chaand Baaliyan – Aditya A. | Trending Song | Official Video, Sony Music India, null
05-29 21:35:27.806 30020 30211 W Avrcp_ext: isMusicActive: true getBluetoothPlayState: 1 A2dp State: 11 mAudioPlaybackIsActive: true
05-29 21:35:27.807 30020 30211 D Avrcp_ext: isMusicActive = true mAudioPlaybackIsActive = true player state = PlaybackState {state=PLAYING(3), position=0, buffered position=0, speed=1.0, updated=198552426, actions=7339703, custom actions=[], active item id=0, error=null}
05-29 21:35:27.807 30020 30211 D Avrcp_ext: overwrite album_artist :if album is blank
05-29 21:35:27.808 30020 30211 V Avrcp_ext: Media update: id 0➡0? [MediaAttributes: C⋯o -  by S⋯a (0 0/0) - ] : [MediaAttributes: C⋯o -  by S⋯a (0 0/0) - ]
05-29 21:35:27.808 30020 30211 D Avrcp_ext: isPackageNameValid: browsedPackage = com.deepeye.musicproisValid = true
05-29 21:35:27.808 30020 30211 V Avrcp_ext: isBrowseSupported for com.deepeye.musicpro: false
05-29 21:35:27.808 30020 30211 W Avrcp_ext: updateCurrentMediaState: isInactivePlayer = false
05-29 21:35:27.808 30020 30211 V Avrcp_ext: updatePlaybackState, state: PlaybackState {state=PLAYING(3), position=0, buffered position=0, speed=1.0, updated=198552426, actions=7339703, custom actions=[], active item id=0, error=null} device: null
05-29 21:35:27.808 30020 30211 V Avrcp_ext: Device: no name: 
05-29 21:35:27.808 30020 30211 V Avrcp_ext: Device: no name: 
05-29 21:35:27.808 30020 30211 V Avrcp_ext: Device: no name: 
05-29 21:35:27.808 30020 30211 V Avrcp_ext: Device: no name: 
05-29 21:35:27.808 30020 30211 V Avrcp_ext: Device: no name: 
05-29 21:35:27.808 30020 30211 V Avrcp_ext: updatePlayerStateAndPosition, old=PlaybackState {state=PLAYING(3), position=0, buffered position=0, speed=1.0, updated=198549424, actions=7339703, custom actions=[], active item id=0, error=null}, state=PlaybackState {state=PLAYING(3), position=0, buffered position=0, speed=1.0, updated=198552426, actions=7339703, custom actions=[], active item id=0, error=null}
05-29 21:35:27.808 30020 30211 V Avrcp_ext: old state = PlaybackState {state=PLAYING(3), position=0, buffered position=0, speed=1.0, updated=198549424, actions=7339703, custom actions=[], active item id=0, error=null}, new state= PlaybackState {state=PLAYING(3), position=0, buffered position=0, speed=1.0, updated=198552426, actions=7339703, custom actions=[], active item id=0, error=null}
05-29 21:35:27.808 30020 30211 D HeadsetService: getHeadsetService(): returning com.android.bluetooth.hfp.HeadsetService@b4478ad
05-29 21:35:27.808 30020 30211 E HeadsetStateMachine: returning mCurrentState as Disconnected
05-29 21:35:27.808 30020 30211 D HeadsetService:  isAudioOn: The number of audio connected devices 0
05-29 21:35:27.808 30020 30211 D HeadsetService: isScoOrCallActive(): Call Active:falseCall is Ringing:falseSCO is Active:false
05-29 21:35:27.808 30020 30211 E HeadsetStateMachine: returning mCurrentState as Disconnected
05-29 21:35:27.808 30020 30211 D HeadsetService:  isAudioOn: The number of audio connected devices 0
05-29 21:35:27.808 30020 30211 V Avrcp_ext: isPlayStateTobeUpdated: device: null
05-29 21:35:27.808 30020 30211 V Avrcp_ext: Single connection exists
05-29 21:35:27.808 30020 30211 E HeadsetStateMachine: returning mCurrentState as Disconnected
05-29 21:35:27.808 30020 30211 D HeadsetService:  isAudioOn: The number of audio connected devices 0
05-29 21:35:27.808 30020 30211 D HeadsetService: isScoOrCallActive(): Call Active:falseCall is Ringing:falseSCO is Active:false
05-29 21:35:27.808 30020 30211 E HeadsetStateMachine: returning mCurrentState as Disconnected
05-29 21:35:27.808 30020 30211 D HeadsetService:  isAudioOn: The number of audio connected devices 0
05-29 21:35:27.808 30020 30211 V Avrcp_ext: isPlayStateTobeUpdated: device: null
05-29 21:35:27.808 30020 30211 V Avrcp_ext: Single connection exists
05-29 21:35:27.808 30020 30211 E HeadsetStateMachine: returning mCurrentState as Disconnected
05-29 21:35:27.808 30020 30211 D HeadsetService:  isAudioOn: The number of audio connected devices 0
05-29 21:35:27.808 30020 30211 D HeadsetService: isScoOrCallActive(): Call Active:falseCall is Ringing:falseSCO is Active:false
05-29 21:35:27.808 30020 30211 E HeadsetStateMachine: returning mCurrentState as Disconnected
05-29 21:35:27.808 30020 30211 D HeadsetService:  isAudioOn: The number of audio connected devices 0
05-29 21:35:27.808 30020 30211 V Avrcp_ext: isPlayStateTobeUpdated: device: null
05-29 21:35:27.809 30020 30211 V Avrcp_ext: Single connection exists
05-29 21:35:27.809 30020 30211 E HeadsetStateMachine: returning mCurrentState as Disconnected
05-29 21:35:27.809 30020 30211 D HeadsetService:  isAudioOn: The number of audio connected devices 0
05-29 21:35:27.809 30020 30211 D HeadsetService: isScoOrCallActive(): Call Active:falseCall is Ringing:falseSCO is Active:false
05-29 21:35:27.809 30020 30211 E HeadsetStateMachine: returning mCurrentState as Disconnected
05-29 21:35:27.809 30020 30211 D HeadsetService:  isAudioOn: The number of audio connected devices 0
05-29 21:35:27.809 30020 30211 V Avrcp_ext: isPlayStateTobeUpdated: device: null
05-29 21:35:27.809 30020 30211 V Avrcp_ext: Single connection exists
05-29 21:35:27.809 30020 30211 E HeadsetStateMachine: returning mCurrentState as Disconnected
05-29 21:35:27.809 30020 30211 D HeadsetService:  isAudioOn: The number of audio connected devices 0
05-29 21:35:27.809 30020 30211 D HeadsetService: isScoOrCallActive(): Call Active:falseCall is Ringing:falseSCO is Active:false
05-29 21:35:27.809 30020 30211 E HeadsetStateMachine: returning mCurrentState as Disconnected
05-29 21:35:27.809 30020 30211 D HeadsetService:  isAudioOn: The number of audio connected devices 0
05-29 21:35:27.809 30020 30211 V Avrcp_ext: isPlayStateTobeUpdated: device: null
05-29 21:35:27.809 30020 30211 V Avrcp_ext: Single connection exists
05-29 21:35:27.809 30020 30211 D Avrcp_ext: Enter sendPlayPosNotificationRsp
05-29 21:35:27.809 30020 30211 D Avrcp_ext: sendPlayPosNotificationRsp: Not registered or requesting.
05-29 21:35:27.809 30020 30211 D Avrcp_ext: Enter sendPlayPosNotificationRsp
05-29 21:35:27.809 30020 30211 D Avrcp_ext: sendPlayPosNotificationRsp: Not registered or requesting.
05-29 21:35:27.809 30020 30211 D Avrcp_ext: Enter sendPlayPosNotificationRsp
05-29 21:35:27.809 30020 30211 D Avrcp_ext: sendPlayPosNotificationRsp: Not registered or requesting.
05-29 21:35:27.809 30020 30211 D Avrcp_ext: Enter sendPlayPosNotificationRsp
05-29 21:35:27.809 30020 30211 D Avrcp_ext: sendPlayPosNotificationRsp: Not registered or requesting.
05-29 21:35:27.809 30020 30211 D Avrcp_ext: Enter sendPlayPosNotificationRsp
05-29 21:35:27.809 30020 30211 D Avrcp_ext: sendPlayPosNotificationRsp: Not registered or requesting.
05-29 21:35:27.809 30020 30211 V Avrcp_ext: Exit updatePlayerStateAndPosition
05-29 21:35:27.809 30020 30211 D APM: ActiveDeviceManagerServiceLegacy: getActiveAbsoluteDevice(): device: null
05-29 21:35:27.809 30020 30211 D APM: ActiveDeviceManagerServiceLegacy: isStableState(): true
05-29 21:35:27.809 30020 30211 D Avrcp_ext: isAdmStable = true activeAbsAddr = null device = null
05-29 21:35:27.809 30020 30211 V APM: MediaControlManager: onPlaybackStateChanged
05-29 21:35:27.809 30020 30211 W McpService: updatePlaybackState state PlaybackState {state=PLAYING(3), position=0, buffered position=0, speed=1.0, updated=198552426, actions=7339703, custom actions=[], active item id=0, error=null}
05-29 21:35:27.809 30020 30211 W McpService: updatePlaybackState mState: 1 state: 1
05-29 21:35:27.809 30020 30211 W Avrcp_ext: updated player state = PlaybackState {state=PLAYING(3), position=0, buffered position=0, speed=1.0, updated=198552426, actions=7339703, custom actions=[], active item id=0, error=null}to MCP module also
05-29 21:35:27.809 30020 30211 V Avrcp_ext:  Exit onPlaybackStateChanged
05-29 21:35:27.813  9385  9408 W qdgralloc: getInterlacedFlag: getMetaData returned -22, defaulting to interlaced_flag = 0
05-29 21:35:27.833  3949  7239 D IpClient/wlan0: interfaceLinkStateChanged: ifindex 27 up
05-29 21:35:27.841  9385  9408 W qdgralloc: getInterlacedFlag: getMetaData returned -22, defaulting to interlaced_flag = 0
05-29 21:35:27.853  9385  9408 W qdgralloc: getInterlacedFlag: getMetaData returned -22, defaulting to interlaced_flag = 0
05-29 21:35:27.895  9385  9408 W qdgralloc: getInterlacedFlag: getMetaData returned -22, defaulting to interlaced_flag = 0
05-29 21:35:27.909  9385  9408 W qdgralloc: getInterlacedFlag: getMetaData returned -22, defaulting to interlaced_flag = 0
05-29 21:35:27.932  9385  9408 W qdgralloc: getInterlacedFlag: getMetaData returned -22, defaulting to interlaced_flag = 0
05-29 21:35:27.973  9385  9408 W qdgralloc: getInterlacedFlag: getMetaData returned -22, defaulting to interlaced_flag = 0
05-29 21:35:27.980  9385  9408 W qdgralloc: getInterlacedFlag: getMetaData returned -22, defaulting to interlaced_flag = 0
05-29 21:35:28.020  9385  9408 W qdgralloc: getInterlacedFlag: getMetaData returned -22, defaulting to interlaced_flag = 0
05-29 21:35:28.043  9385  9408 W qdgralloc: getInterlacedFlag: getMetaData returned -22, defaulting to interlaced_flag = 0
05-29 21:35:28.056  9385  9408 W qdgralloc: getInterlacedFlag: getMetaData returned -22, defaulting to interlaced_flag = 0
05-29 21:35:28.076  9385 10616 I MediaCodec: [0xb40000705ede62f0] enqueue 26 input frames in last 1040 ms, latest timeUs 154400000
05-29 21:35:28.079  9385 10616 I MediaCodec: [0xb40000705ede62f0] dequeue 26 output frames in last 1041 ms, latest timeUs 154400000, flags 128
05-29 21:35:28.091  9385  9408 W qdgralloc: getInterlacedFlag: getMetaData returned -22, defaulting to interlaced_flag = 0
05-29 21:35:28.104  9385  9408 W qdgralloc: getInterlacedFlag: getMetaData returned -22, defaulting to interlaced_flag = 0
05-29 21:35:28.134  9385  9408 W qdgralloc: getInterlacedFlag: getMetaData returned -22, defaulting to interlaced_flag = 0
05-29 21:35:28.178  9385  9408 W qdgralloc: getInterlacedFlag: getMetaData returned -22, defaulting to interlaced_flag = 0
05-29 21:35:28.185  9385  9408 W qdgralloc: getInterlacedFlag: getMetaData returned -22, defaulting to interlaced_flag = 0
05-29 21:35:28.224  9385  9408 W qdgralloc: getInterlacedFlag: getMetaData returned -22, defaulting to interlaced_flag = 0
05-29 21:35:28.238  9385  9408 W qdgralloc: getInterlacedFlag: getMetaData returned -22, defaulting to interlaced_flag = 0
05-29 21:35:28.252  9385  9408 W qdgralloc: getInterlacedFlag: getMetaData returned -22, defaulting to interlaced_flag = 0
05-29 21:35:28.295  9385  9408 W qdgralloc: getInterlacedFlag: getMetaData returned -22, defaulting to interlaced_flag = 0
05-29 21:35:28.307  9385  9408 W qdgralloc: getInterlacedFlag: getMetaData returned -22, defaulting to interlaced_flag = 0
05-29 21:35:28.336  9385  9408 W qdgralloc: getInterlacedFlag: getMetaData returned -22, defaulting to interlaced_flag = 0
05-29 21:35:28.370  9385  9408 W qdgralloc: getInterlacedFlag: getMetaData returned -22, defaulting to interlaced_flag = 0
05-29 21:35:28.380  9385  9408 W qdgralloc: getInterlacedFlag: getMetaData returned -22, defaulting to interlaced_flag = 0
05-29 21:35:28.418  9385  9408 W qdgralloc: getInterlacedFlag: getMetaData returned -22, defaulting to interlaced_flag = 0
05-29 21:35:28.442  9385  9408 W qdgralloc: getInterlacedFlag: getMetaData returned -22, defaulting to interlaced_flag = 0
05-29 21:35:28.453  9385  9408 W qdgralloc: getInterlacedFlag: getMetaData returned -22, defaulting to interlaced_flag = 0
05-29 21:35:28.496  9385  9408 W qdgralloc: getInterlacedFlag: getMetaData returned -22, defaulting to interlaced_flag = 0
05-29 21:35:28.510  9385  9408 W qdgralloc: getInterlacedFlag: getMetaData returned -22, defaulting to interlaced_flag = 0
05-29 21:35:28.538  9385  9408 W qdgralloc: getInterlacedFlag: getMetaData returned -22, defaulting to interlaced_flag = 0
05-29 21:35:28.574  9385  9408 W qdgralloc: getInterlacedFlag: getMetaData returned -22, defaulting to interlaced_flag = 0
05-29 21:35:28.581  9385  9408 W qdgralloc: getInterlacedFlag: getMetaData returned -22, defaulting to interlaced_flag = 0
05-29 21:35:28.621  9385  9408 W qdgralloc: getInterlacedFlag: getMetaData returned -22, defaulting to interlaced_flag = 0
05-29 21:35:28.644  9385  9408 W qdgralloc: getInterlacedFlag: getMetaData returned -22, defaulting to interlaced_flag = 0
05-29 21:35:28.656  9385  9408 W qdgralloc: getInterlacedFlag: getMetaData returned -22, defaulting to interlaced_flag = 0
05-29 21:35:28.700  9385  9408 W qdgralloc: getInterlacedFlag: getMetaData returned -22, defaulting to interlaced_flag = 0
05-29 21:35:28.709  9385  9408 W qdgralloc: getInterlacedFlag: getMetaData returned -22, defaulting to interlaced_flag = 0
05-29 21:35:28.734  9385  9408 W qdgralloc: getInterlacedFlag: getMetaData returned -22, defaulting to interlaced_flag = 0
05-29 21:35:28.777  9385  9408 W qdgralloc: getInterlacedFlag: getMetaData returned -22, defaulting to interlaced_flag = 0
05-29 21:35:28.785  9385  9408 W qdgralloc: getInterlacedFlag: getMetaData returned -22, defaulting to interlaced_flag = 0
05-29 21:35:28.822  9385  9408 W qdgralloc: getInterlacedFlag: getMetaData returned -22, defaulting to interlaced_flag = 0
05-29 21:35:28.837  9385  9408 W qdgralloc: getInterlacedFlag: getMetaData returned -22, defaulting to interlaced_flag = 0
05-29 21:35:28.853  9385  9408 W qdgralloc: getInterlacedFlag: getMetaData returned -22, defaulting to interlaced_flag = 0
05-29 21:35:28.894  9385  9408 W qdgralloc: getInterlacedFlag: getMetaData returned -22, defaulting to interlaced_flag = 0
05-29 21:35:28.908  9385  9408 W qdgralloc: getInterlacedFlag: getMetaData returned -22, defaulting to interlaced_flag = 0
05-29 21:35:28.936  9385  9408 W qdgralloc: getInterlacedFlag: getMetaData returned -22, defaulting to interlaced_flag = 0
05-29 21:35:28.938 17107 17270 D DlbDap2ProcessWithIht: process() called [1657000] times with input format 0x22 and channel mask 0x3 (ProcessingMode=1), htEnable=0(0, 0, 0)
05-29 21:35:28.971  9385  9408 W qdgralloc: getInterlacedFlag: getMetaData returned -22, defaulting to interlaced_flag = 0
05-29 21:35:28.980  9385  9408 W qdgralloc: getInterlacedFlag: getMetaData returned -22, defaulting to interlaced_flag = 0
05-29 21:35:29.020  9385  9408 W qdgralloc: getInterlacedFlag: getMetaData returned -22, defaulting to interlaced_flag = 0
05-29 21:35:29.041  9385  9408 W qdgralloc: getInterlacedFlag: getMetaData returned -22, defaulting to interlaced_flag = 0
05-29 21:35:29.053  9385  9408 W qdgralloc: getInterlacedFlag: getMetaData returned -22, defaulting to interlaced_flag = 0
05-29 21:35:29.061  2315  2315 I CNSS    : cnss_open_log_file: directory /data/vendor/wifi/wlan_logs/ created
05-29 21:35:29.097  9385  9408 W qdgralloc: getInterlacedFlag: getMetaData returned -22, defaulting to interlaced_flag = 0
05-29 21:35:29.105  9385  9408 W qdgralloc: getInterlacedFlag: getMetaData returned -22, defaulting to interlaced_flag = 0
05-29 21:35:29.132  9385  9408 W qdgralloc: getInterlacedFlag: getMetaData returned -22, defaulting to interlaced_flag = 0
05-29 21:35:29.176  9385  9408 W qdgralloc: getInterlacedFlag: getMetaData returned -22, defaulting to interlaced_flag = 0
05-29 21:35:29.182  9385  9408 W qdgralloc: getInterlacedFlag: getMetaData returned -22, defaulting to interlaced_flag = 0
05-29 21:35:29.186  1847 10618 I QC2Comp : [vp9D_288] Stats: Pending(0) i/p-done(0) Works: Q: 3890/Done 3891|Work-Rate: Q(25.2/s Avg=25.0/s) Done(25.199/s Avg=25.018/s)| Stream: 25.00fps 206.8Kbps
05-29 21:35:29.186  1847 10618 I QC2Comp : [vp9D_288] Mem-usage:  [In-1D: 5 bufs 18.691 MB] [1D-559: 21 bufs 0.328 MB] [2D-560: 26 bufs 17.469 MB] | Total: 36.488 MB
05-29 21:35:29.221  9385  9408 W qdgralloc: getInterlacedFlag: getMetaData returned -22, defaulting to interlaced_flag = 0
05-29 21:35:29.242  9385  9408 W qdgralloc: getInterlacedFlag: getMetaData returned -22, defaulting to interlaced_flag = 0
05-29 21:35:29.256  9385  9408 W qdgralloc: getInterlacedFlag: getMetaData returned -22, defaulting to interlaced_flag = 0
05-29 21:35:29.276  9385 10616 I MediaCodec: [0xb40000705ede62f0] enqueue 30 input frames in last 1200 ms, latest timeUs 155600000
05-29 21:35:29.279  9385 10616 I MediaCodec: [0xb40000705ede62f0] dequeue 30 output frames in last 1199 ms, latest timeUs 155600000, flags 128
05-29 21:35:29.291  9385  9408 W qdgralloc: getInterlacedFlag: getMetaData returned -22, defaulting to interlaced_flag = 0
05-29 21:35:29.305  9385  9408 W qdgralloc: getInterlacedFlag: getMetaData returned -22, defaulting to interlaced_flag = 0
05-29 21:35:29.334  9385  9408 W qdgralloc: getInterlacedFlag: getMetaData returned -22, defaulting to interlaced_flag = 0
05-29 21:35:29.377  9385  9408 W qdgralloc: getInterlacedFlag: getMetaData returned -22, defaulting to interlaced_flag = 0
05-29 21:35:29.385  9385  9408 W qdgralloc: getInterlacedFlag: getMetaData returned -22, defaulting to interlaced_flag = 0
05-29 21:35:29.427  9385  9408 W qdgralloc: getInterlacedFlag: getMetaData returned -22, defaulting to interlaced_flag = 0
05-29 21:35:29.438  9385  9408 W qdgralloc: getInterlacedFlag: getMetaData returned -22, defaulting to interlaced_flag = 0
05-29 21:35:29.453  9385  9408 W qdgralloc: getInterlacedFlag: getMetaData returned -22, defaulting to interlaced_flag = 0
05-29 21:35:29.496  9385  9408 W qdgralloc: getInterlacedFlag: getMetaData returned -22, defaulting to interlaced_flag = 0
05-29 21:35:29.508  9385  9408 W qdgralloc: getInterlacedFlag: getMetaData returned -22, defaulting to interlaced_flag = 0
05-29 21:35:29.535  9385  9408 W qdgralloc: getInterlacedFlag: getMetaData returned -22, defaulting to interlaced_flag = 0
05-29 21:35:29.570  9385  9408 W qdgralloc: getInterlacedFlag: getMetaData returned -22, defaulting to interlaced_flag = 0
05-29 21:35:29.580  9385  9408 W qdgralloc: getInterlacedFlag: getMetaData returned -22, defaulting to interlaced_flag = 0
05-29 21:35:29.621  9385  9408 W qdgralloc: getInterlacedFlag: getMetaData returned -22, defaulting to interlaced_flag = 0
05-29 21:35:29.641  9385  9408 W qdgralloc: getInterlacedFlag: getMetaData returned -22, defaulting to interlaced_flag = 0
05-29 21:35:29.654  9385  9408 W qdgralloc: getInterlacedFlag: getMetaData returned -22, defaulting to interlaced_flag = 0
05-29 21:35:29.698  9385  9408 W qdgralloc: getInterlacedFlag: getMetaData returned -22, defaulting to interlaced_flag = 0
05-29 21:35:29.708  9385  9408 W qdgralloc: getInterlacedFlag: getMetaData returned -22, defaulting to interlaced_flag = 0
05-29 21:35:29.739  9385  9408 W qdgralloc: getInterlacedFlag: getMetaData returned -22, defaulting to interlaced_flag = 0
05-29 21:35:29.775  9385  9408 W qdgralloc: getInterlacedFlag: getMetaData returned -22, defaulting to interlaced_flag = 0
05-29 21:35:29.782  9385  9408 W qdgralloc: getInterlacedFlag: getMetaData returned -22, defaulting to interlaced_flag = 0
05-29 21:35:29.816  9385  9408 W qdgralloc: getInterlacedFlag: getMetaData returned -22, defaulting to interlaced_flag = 0
05-29 21:35:29.842  9385  9408 W qdgralloc: getInterlacedFlag: getMetaData returned -22, defaulting to interlaced_flag = 0
05-29 21:35:29.856  9385  9408 W qdgralloc: getInterlacedFlag: getMetaData returned -22, defaulting to interlaced_flag = 0
05-29 21:35:29.894  9385  9408 W qdgralloc: getInterlacedFlag: getMetaData returned -22, defaulting to interlaced_flag = 0
05-29 21:35:29.905  9385  9408 W qdgralloc: getInterlacedFlag: getMetaData returned -22, defaulting to interlaced_flag = 0
05-29 21:35:29.934  9385  9408 W qdgralloc: getInterlacedFlag: getMetaData returned -22, defaulting to interlaced_flag = 0
05-29 21:35:29.977  9385  9408 W qdgralloc: getInterlacedFlag: getMetaData returned -22, defaulting to interlaced_flag = 0
05-29 21:35:29.984  9385  9408 W qdgralloc: getInterlacedFlag: getMetaData returned -22, defaulting to interlaced_flag = 0
05-29 21:35:29.994  9385 10616 D BufferPoolAccessor2.0: bufferpool2 0xb40000708ed503d8 : 5(19599360 size) total buffers - 4(15679488 size) used buffers - 3907/3912 (recycle/alloc) - 5/3910 (fetch/transfer)
05-29 21:35:30.010  9385  9408 W qdgralloc: getInterlacedFlag: getMetaData returned -22, defaulting to interlaced_flag = 0
05-29 21:35:30.038  9385  9408 W qdgralloc: getInterlacedFlag: getMetaData returned -22, defaulting to interlaced_flag = 0
05-29 21:35:30.052  9385  9408 W qdgralloc: getInterlacedFlag: getMetaData returned -22, defaulting to interlaced_flag = 0
05-29 21:35:30.096  9385  9408 W qdgralloc: getInterlacedFlag: getMetaData returned -22, defaulting to interlaced_flag = 0
05-29 21:35:30.109  9385  9408 W qdgralloc: getInterlacedFlag: getMetaData returned -22, defaulting to interlaced_flag = 0
05-29 21:35:30.138  9385  9408 W qdgralloc: getInterlacedFlag: getMetaData returned -22, defaulting to interlaced_flag = 0
05-29 21:35:30.171  9385  9408 W qdgralloc: getInterlacedFlag: getMetaData returned -22, defaulting to interlaced_flag = 0
05-29 21:35:30.179  9385  9408 W qdgralloc: getInterlacedFlag: getMetaData returned -22, defaulting to interlaced_flag = 0
05-29 21:35:30.198  3090  3756 D WifiStaIfaceHidlImpl: getCachedScanData is not implemented by HIDL
05-29 21:35:30.202  3090  3090 D EnhancedConnectivityController: Wifi onCapabilitiesChanged
05-29 21:35:30.202  3090  3090 D EnhancedConnectivityController: Default net onCapabilitiesChanged
05-29 21:35:30.202  3090  3090 D EnhancedConnectivityController: updateDefaultNet:164
05-29 21:35:30.202  3090  3090 D EnhancedConnectivityController: mayUpdateNotification: shouldShow=false,UidsBlocked=false, net info=net:164,ifName=wlan0,securityType=2,isDefault=true,ssid="Airtel_Siddhanth's wifi",notificationId=0
05-29 21:35:30.207  7877  8199 I ModemStats: [DataStallDetectService] onCapabilitiesChanged networkCapabilities=[ Transports: WIFI Capabilities: NOT_METERED&INTERNET&NOT_RESTRICTED&TRUSTED&NOT_VPN&VALIDATED&NOT_ROAMING&FOREGROUND&NOT_CONGESTED&NOT_SUSPENDED&NOT_VCN_MANAGED LinkUpBandwidth>=1663Kbps LinkDnBandwidth>=37081Kbps TransportInfo: <SSID: <unknown ssid>, BSSID: 02:00:00:00:00:00, MAC: 02:00:00:00:00:00, IP: /192.168.1.7, Security type: 2, Supplicant state: COMPLETED, Wi-Fi standard: 11ac, RSSI: -59, Link speed: 325Mbps, Tx Link speed: 325Mbps, Max Supported Tx Link speed: 866Mbps, Rx Link speed: 351Mbps, Max Supported Rx Link speed: 866Mbps, Frequency: 5240MHz, Net ID: -1, Metered hint: false, score: 100, isUsable: true, CarrierMerged: false, SubscriptionId: -1, IsPrimary: -1, Trusted: true, Restricted: false, Ephemeral: false, OEM paid: false, OEM private: false, OSU AP: false, FQDN: <none>, Provider friendly name: <none>, Requesting package name: <none><none>MLO Information: , Is TID-To-Link negotiation supported by the AP: false, AP MLD Address: <none>, AP MLO Link Id: <none>, AP MLO Affiliated links: <none>, Vendor Data: <none>> SignalStrength: -59 UnderlyingNetworks: Null]
05-29 21:35:30.207  7877  8199 I ModemStats: [DataStallDetectService] onCapabilitiesChanged NET_CAPABILITY_VALIDATED=true
05-29 21:35:30.207  7877  8199 I ModemStats: [DataStallDetectService] onCapabilitiesChanged mDataStallManager.mDataStallInstance=null
05-29 21:35:30.207  7877  8199 I ModemStats: [DataStallDetectService] onCapabilitiesChanged mDataStallSmart5gManager.mDataStallInstance=null
05-29 21:35:30.208  4001  5058 D QCNEJ/NativeHalConnector: -> SND notifyDefaultNetworkChanged(1)
05-29 21:35:30.212  9385  9408 W qdgralloc: getInterlacedFlag: getMetaData returned -22, defaulting to interlaced_flag = 0
05-29 21:35:30.215  7679 15377 I NullBinder: NullBinder for android.net.action.RECOMMEND_NETWORKS triggering remote TransactionTooLargeException due to Service without Chimera impl, calling uid: 1000, calling pid: 0
05-29 21:35:30.215  7679 15377 W Binder  : reply too large data on java level: InterfaceDescriptor = null, code = 1
05-29 21:35:30.215  7679 15377 W .gms.persistent: Large reply transaction of 1056768 bytes, interface descriptor , code 1
05-29 21:35:30.216  3090  3756 I HalDevMgr: bestIfaceCreationProposal is null, requestIface=STA, existingIface=[name=ap_br_wlan2 type=AP_BRIDGE, name=wlan0 type=STA]
05-29 21:35:30.240  9385  9408 W qdgralloc: getInterlacedFlag: getMetaData returned -22, defaulting to interlaced_flag = 0
05-29 21:35:30.253  9385  9408 W qdgralloc: getInterlacedFlag: getMetaData returned -22, defaulting to interlaced_flag = 0
05-29 21:35:30.298  9385  9408 W qdgralloc: getInterlacedFlag: getMetaData returned -22, defaulting to interlaced_flag = 0
05-29 21:35:30.307  9385  9408 W qdgralloc: getInterlacedFlag: getMetaData returned -22, defaulting to interlaced_flag = 0
05-29 21:35:30.334  9385  9408 W qdgralloc: getInterlacedFlag: getMetaData returned -22, defaulting to interlaced_flag = 0
05-29 21:35:30.375  9385  9408 W qdgralloc: getInterlacedFlag: getMetaData returned -22, defaulting to interlaced_flag = 0
05-29 21:35:30.383  9385  9408 W qdgralloc: getInterlacedFlag: getMetaData returned -22, defaulting to interlaced_flag = 0
05-29 21:35:30.417  9385  9408 W qdgralloc: getInterlacedFlag: getMetaData returned -22, defaulting to interlaced_flag = 0
05-29 21:35:30.426  9385  9408 W qdgralloc: getInterlacedFlag: getMetaData returned -22, defaulting to interlaced_flag = 0
05-29 21:35:30.432  9385  9408 W qdgralloc: getInterlacedFlag: getMetaData returned -22, defaulting to interlaced_flag = 0
05-29 21:35:30.457  9385  9408 W qdgralloc: getInterlacedFlag: getMetaData returned -22, defaulting to interlaced_flag = 0
05-29 21:35:30.475  9385 10616 I MediaCodec: [0xb40000705ede62f0] enqueue 30 input frames in last 1199 ms, latest timeUs 156800000
05-29 21:35:30.478  9385 10616 I MediaCodec: [0xb40000705ede62f0] dequeue 30 output frames in last 1199 ms, latest timeUs 156800000, flags 128
05-29 21:35:30.491  9385  9408 W qdgralloc: getInterlacedFlag: getMetaData returned -22, defaulting to interlaced_flag = 0
05-29 21:35:30.500  9385  9408 W qdgralloc: getInterlacedFlag: getMetaData returned -22, defaulting to interlaced_flag = 0
05-29 21:35:30.534  9385  9408 W qdgralloc: getInterlacedFlag: getMetaData returned -22, defaulting to interlaced_flag = 0
05-29 21:35:30.568  9385  9408 W qdgralloc: getInterlacedFlag: getMetaData returned -22, defaulting to interlaced_flag = 0
05-29 21:35:30.575  9385  9408 W qdgralloc: getInterlacedFlag: getMetaData returned -22, defaulting to interlaced_flag = 0
05-29 21:35:30.619  9385  9408 W qdgralloc: getInterlacedFlag: getMetaData returned -22, defaulting to interlaced_flag = 0
05-29 21:35:30.635  9385  9408 W qdgralloc: getInterlacedFlag: getMetaData returned -22, defaulting to interlaced_flag = 0
05-29 21:35:30.653  9385  9408 W qdgralloc: getInterlacedFlag: getMetaData returned -22, defaulting to interlaced_flag = 0
05-29 21:35:30.696  9385  9408 W qdgralloc: getInterlacedFlag: getMetaData returned -22, defaulting to interlaced_flag = 0
05-29 21:35:30.704  9385  9408 W qdgralloc: getInterlacedFlag: getMetaData returned -22, defaulting to interlaced_flag = 0
05-29 21:35:30.714  7679 10491 I NearbySharing: Network state changed: NetworkState(isRestricted=false, isOnline=true, isCongested=false, isMetered=false, isWifiConnected=true)
05-29 21:35:30.735  9385  9408 W qdgralloc: getInterlacedFlag: getMetaData returned -22, defaulting to interlaced_flag = 0
05-29 21:35:30.763  9385  9385 D YouTubeWebViewConsole: level=WARNING message=The resource https://rr1---sn-ci5gup-qxale.googlevideo.com/generate_204 was preloaded using link preload but not used within a few seconds from the window's load event. Please make sure it has an appropriate `as` value and it is preloaded intentionally. line=0 source=https://www.youtube.com/watch?v=gJLVTKhTnog
05-29 21:35:30.763  9385  9385 D YouTubeWebViewConsole: level=WARNING message=The resource https://i.ytimg.com/generate_204 was preloaded using link preload but not used within a few seconds from the window's load event. Please make sure it has an appropriate `as` value and it is preloaded intentionally. line=0 source=https://www.youtube.com/watch?v=gJLVTKhTnog
05-29 21:35:30.763  9385  9385 D YouTubeWebViewConsole: level=WARNING message=The resource https://rr3---sn-u1qxac-53.c.youtube.com/generate_204 was preloaded using link preload but not used within a few seconds from the window's load event. Please make sure it has an appropriate `as` value and it is preloaded intentionally. line=0 source=https://www.youtube.com/watch?v=gJLVTKhTnog
05-29 21:35:30.764  9385  9408 W qdgralloc: getInterlacedFlag: getMetaData returned -22, defaulting to interlaced_flag = 0
05-29 21:35:30.770  9385  9408 W qdgralloc: getInterlacedFlag: getMetaData returned -22, defaulting to interlaced_flag = 0
05-29 21:35:30.776  9385  9408 W qdgralloc: getInterlacedFlag: getMetaData returned -22, defaulting to interlaced_flag = 0
05-29 21:35:30.806 30020 30211 V Avrcp_ext: onPlaybackStateChanged: state PlaybackState {state=PLAYING(3), position=0, buffered position=0, speed=1.0, updated=198555424, actions=7339703, custom actions=[], active item id=0, error=null}
05-29 21:35:30.806 30020 30211 V APM: MediaControlManager: onPlaybackStateChanged
05-29 21:35:30.806 30020 30211 W McpService: updatePlaybackState state PlaybackState {state=PLAYING(3), position=0, buffered position=0, speed=1.0, updated=198555424, actions=7339703, custom actions=[], active item id=0, error=null}
05-29 21:35:30.806 30020 30211 W McpService: updatePlaybackState mState: 1 state: 1
05-29 21:35:30.807 30020 30211 V Avrcp_ext: updateCurrentMediaState: mMediaController: MediaController (com.deepeye.musicpro@41e7c7e) Chaand Baaliyan – Aditya A. | Trending Song | Official Video, Sony Music India, null
05-29 21:35:30.807 30020 30211 W Avrcp_ext: isMusicActive: true getBluetoothPlayState: 1 A2dp State: 11 mAudioPlaybackIsActive: true
05-29 21:35:30.807 30020 30211 D Avrcp_ext: isMusicActive = true mAudioPlaybackIsActive = true player state = PlaybackState {state=PLAYING(3), position=0, buffered position=0, speed=1.0, updated=198555427, actions=7339703, custom actions=[], active item id=0, error=null}
05-29 21:35:30.807 30020 30211 D Avrcp_ext: overwrite album_artist :if album is blank
05-29 21:35:30.808 30020 30211 V Avrcp_ext: Media update: id 0➡0? [MediaAttributes: C⋯o -  by S⋯a (0 0/0) - ] : [MediaAttributes: C⋯o -  by S⋯a (0 0/0) - ]
05-29 21:35:30.808 30020 30211 D Avrcp_ext: isPackageNameValid: browsedPackage = com.deepeye.musicproisValid = true
05-29 21:35:30.808 30020 30211 V Avrcp_ext: isBrowseSupported for com.deepeye.musicpro: false
05-29 21:35:30.808 30020 30211 W Avrcp_ext: updateCurrentMediaState: isInactivePlayer = false
05-29 21:35:30.808 30020 30211 V Avrcp_ext: updatePlaybackState, state: PlaybackState {state=PLAYING(3), position=0, buffered position=0, speed=1.0, updated=198555427, actions=7339703, custom actions=[], active item id=0, error=null} device: null
05-29 21:35:30.808 30020 30211 V Avrcp_ext: Device: no name: 
05-29 21:35:30.808 30020 30211 V Avrcp_ext: Device: no name: 
05-29 21:35:30.808 30020 30211 V Avrcp_ext: Device: no name: 
05-29 21:35:30.808 30020 30211 V Avrcp_ext: Device: no name: 
05-29 21:35:30.808 30020 30211 V Avrcp_ext: Device: no name: 
05-29 21:35:30.808 30020 30211 V Avrcp_ext: updatePlayerStateAndPosition, old=PlaybackState {state=PLAYING(3), position=0, buffered position=0, speed=1.0, updated=198552426, actions=7339703, custom actions=[], active item id=0, error=null}, state=PlaybackState {state=PLAYING(3), position=0, buffered position=0, speed=1.0, updated=198555427, actions=7339703, custom actions=[], active item id=0, error=null}
05-29 21:35:30.808 30020 30211 V Avrcp_ext: old state = PlaybackState {state=PLAYING(3), position=0, buffered position=0, speed=1.0, updated=198552426, actions=7339703, custom actions=[], active item id=0, error=null}, new state= PlaybackState {state=PLAYING(3), position=0, buffered position=0, speed=1.0, updated=198555427, actions=7339703, custom actions=[], active item id=0, error=null}
05-29 21:35:30.808 30020 30211 D HeadsetService: getHeadsetService(): returning com.android.bluetooth.hfp.HeadsetService@b4478ad
05-29 21:35:30.808 30020 30211 E HeadsetStateMachine: returning mCurrentState as Disconnected
05-29 21:35:30.808 30020 30211 D HeadsetService:  isAudioOn: The number of audio connected devices 0
05-29 21:35:30.808 30020 30211 D HeadsetService: isScoOrCallActive(): Call Active:falseCall is Ringing:falseSCO is Active:false
05-29 21:35:30.808 30020 30211 E HeadsetStateMachine: returning mCurrentState as Disconnected
05-29 21:35:30.808 30020 30211 D HeadsetService:  isAudioOn: The number of audio connected devices 0
05-29 21:35:30.808 30020 30211 V Avrcp_ext: isPlayStateTobeUpdated: device: null
05-29 21:35:30.808 30020 30211 V Avrcp_ext: Single connection exists
05-29 21:35:30.808 30020 30211 E HeadsetStateMachine: returning mCurrentState as Disconnected
05-29 21:35:30.808 30020 30211 D HeadsetService:  isAudioOn: The number of audio connected devices 0
05-29 21:35:30.808 30020 30211 D HeadsetService: isScoOrCallActive(): Call Active:falseCall is Ringing:falseSCO is Active:false
05-29 21:35:30.808 30020 30211 E HeadsetStateMachine: returning mCurrentState as Disconnected
05-29 21:35:30.808 30020 30211 D HeadsetService:  isAudioOn: The number of audio connected devices 0
05-29 21:35:30.808 30020 30211 V Avrcp_ext: isPlayStateTobeUpdated: device: null
05-29 21:35:30.808 30020 30211 V Avrcp_ext: Single connection exists
05-29 21:35:30.808 30020 30211 E HeadsetStateMachine: returning mCurrentState as Disconnected
05-29 21:35:30.808 30020 30211 D HeadsetService:  isAudioOn: The number of audio connected devices 0
05-29 21:35:30.808 30020 30211 D HeadsetService: isScoOrCallActive(): Call Active:falseCall is Ringing:falseSCO is Active:false
05-29 21:35:30.808 30020 30211 E HeadsetStateMachine: returning mCurrentState as Disconnected
05-29 21:35:30.808 30020 30211 D HeadsetService:  isAudioOn: The number of audio connected devices 0
05-29 21:35:30.808 30020 30211 V Avrcp_ext: isPlayStateTobeUpdated: device: null
05-29 21:35:30.808 30020 30211 V Avrcp_ext: Single connection exists
05-29 21:35:30.808 30020 30211 E HeadsetStateMachine: returning mCurrentState as Disconnected
05-29 21:35:30.808 30020 30211 D HeadsetService:  isAudioOn: The number of audio connected devices 0
05-29 21:35:30.808 30020 30211 D HeadsetService: isScoOrCallActive(): Call Active:falseCall is Ringing:falseSCO is Active:false
05-29 21:35:30.808 30020 30211 E HeadsetStateMachine: returning mCurrentState as Disconnected
05-29 21:35:30.808 30020 30211 D HeadsetService:  isAudioOn: The number of audio connected devices 0
05-29 21:35:30.808 30020 30211 V Avrcp_ext: isPlayStateTobeUpdated: device: null
05-29 21:35:30.808 30020 30211 V Avrcp_ext: Single connection exists
05-29 21:35:30.808 30020 30211 E HeadsetStateMachine: returning mCurrentState as Disconnected
05-29 21:35:30.808 30020 30211 D HeadsetService:  isAudioOn: The number of audio connected devices 0
05-29 21:35:30.808 30020 30211 D HeadsetService: isScoOrCallActive(): Call Active:falseCall is Ringing:falseSCO is Active:false
05-29 21:35:30.808 30020 30211 E HeadsetStateMachine: returning mCurrentState as Disconnected
05-29 21:35:30.808 30020 30211 D HeadsetService:  isAudioOn: The number of audio connected devices 0
05-29 21:35:30.808 30020 30211 V Avrcp_ext: isPlayStateTobeUpdated: device: null
05-29 21:35:30.808 30020 30211 V Avrcp_ext: Single connection exists
05-29 21:35:30.808 30020 30211 D Avrcp_ext: Enter sendPlayPosNotificationRsp
05-29 21:35:30.808 30020 30211 D Avrcp_ext: sendPlayPosNotificationRsp: Not registered or requesting.
05-29 21:35:30.808 30020 30211 D Avrcp_ext: Enter sendPlayPosNotificationRsp
05-29 21:35:30.808 30020 30211 D Avrcp_ext: sendPlayPosNotificationRsp: Not registered or requesting.
05-29 21:35:30.808 30020 30211 D Avrcp_ext: Enter sendPlayPosNotificationRsp
05-29 21:35:30.808 30020 30211 D Avrcp_ext: sendPlayPosNotificationRsp: Not registered or requesting.
05-29 21:35:30.808 30020 30211 D Avrcp_ext: Enter sendPlayPosNotificationRsp
05-29 21:35:30.808 30020 30211 D Avrcp_ext: sendPlayPosNotificationRsp: Not registered or requesting.
05-29 21:35:30.808 30020 30211 D Avrcp_ext: Enter sendPlayPosNotificationRsp
05-29 21:35:30.808 30020 30211 D Avrcp_ext: sendPlayPosNotificationRsp: Not registered or requesting.
05-29 21:35:30.808 30020 30211 V Avrcp_ext: Exit updatePlayerStateAndPosition
05-29 21:35:30.808 30020 30211 D APM: ActiveDeviceManagerServiceLegacy: getActiveAbsoluteDevice(): device: null
05-29 21:35:30.809 30020 30211 D APM: ActiveDeviceManagerServiceLegacy: isStableState(): true
05-29 21:35:30.809 30020 30211 D Avrcp_ext: isAdmStable = true activeAbsAddr = null device = null
05-29 21:35:30.809 30020 30211 V APM: MediaControlManager: onPlaybackStateChanged
