05-29 21:37:09.852 30020 30211 D Avrcp_ext: isPackageNameValid: browsedPackage = com.deepeye.musicproisValid = true
05-29 21:37:09.852 30020 30211 V Avrcp_ext: isBrowseSupported for com.deepeye.musicpro: false
05-29 21:37:09.853 30020 30211 W Avrcp_ext: updateCurrentMediaState: isInactivePlayer = false
05-29 21:37:09.853 30020 30211 V Avrcp_ext: updatePlaybackState, state: PlaybackState {state=PLAYING(3), position=0, buffered position=0, speed=1.0, updated=198654471, actions=7339703, custom actions=[], active item id=0, error=null} device: null
05-29 21:37:09.853 30020 30211 V Avrcp_ext: Device: no name: 
05-29 21:37:09.853 30020 30211 V Avrcp_ext: Device: no name: 
05-29 21:37:09.853 30020 30211 V Avrcp_ext: Device: no name: 
05-29 21:37:09.853 30020 30211 V Avrcp_ext: Device: no name: 
05-29 21:37:09.853 30020 30211 V Avrcp_ext: Device: no name: 
05-29 21:37:09.853 30020 30211 V Avrcp_ext: updatePlayerStateAndPosition, old=PlaybackState {state=PLAYING(3), position=0, buffered position=0, speed=1.0, updated=198651468, actions=7339703, custom actions=[], active item id=0, error=null}, state=PlaybackState {state=PLAYING(3), position=0, buffered position=0, speed=1.0, updated=198654471, actions=7339703, custom actions=[], active item id=0, error=null}
05-29 21:37:09.853 30020 30211 V Avrcp_ext: old state = PlaybackState {state=PLAYING(3), position=0, buffered position=0, speed=1.0, updated=198651468, actions=7339703, custom actions=[], active item id=0, error=null}, new state= PlaybackState {state=PLAYING(3), position=0, buffered position=0, speed=1.0, updated=198654471, actions=7339703, custom actions=[], active item id=0, error=null}
05-29 21:37:09.853 30020 30211 D HeadsetService: getHeadsetService(): returning com.android.bluetooth.hfp.HeadsetService@b4478ad
05-29 21:37:09.853 30020 30211 E HeadsetStateMachine: returning mCurrentState as Disconnected
05-29 21:37:09.853 30020 30211 D HeadsetService:  isAudioOn: The number of audio connected devices 0
05-29 21:37:09.853 30020 30211 D HeadsetService: isScoOrCallActive(): Call Active:falseCall is Ringing:falseSCO is Active:false
05-29 21:37:09.853 30020 30211 E HeadsetStateMachine: returning mCurrentState as Disconnected
05-29 21:37:09.853 30020 30211 D HeadsetService:  isAudioOn: The number of audio connected devices 0
05-29 21:37:09.853 30020 30211 V Avrcp_ext: isPlayStateTobeUpdated: device: null
05-29 21:37:09.853 30020 30211 V Avrcp_ext: Single connection exists
05-29 21:37:09.853 30020 30211 E HeadsetStateMachine: returning mCurrentState as Disconnected
05-29 21:37:09.853 30020 30211 D HeadsetService:  isAudioOn: The number of audio connected devices 0
05-29 21:37:09.853 30020 30211 D HeadsetService: isScoOrCallActive(): Call Active:falseCall is Ringing:falseSCO is Active:false
05-29 21:37:09.853 30020 30211 E HeadsetStateMachine: returning mCurrentState as Disconnected
05-29 21:37:09.853 30020 30211 D HeadsetService:  isAudioOn: The number of audio connected devices 0
05-29 21:37:09.853 30020 30211 V Avrcp_ext: isPlayStateTobeUpdated: device: null
05-29 21:37:09.854 30020 30211 V Avrcp_ext: Single connection exists
05-29 21:37:09.854 30020 30211 E HeadsetStateMachine: returning mCurrentState as Disconnected
05-29 21:37:09.854 30020 30211 D HeadsetService:  isAudioOn: The number of audio connected devices 0
05-29 21:37:09.854 30020 30211 D HeadsetService: isScoOrCallActive(): Call Active:falseCall is Ringing:falseSCO is Active:false
05-29 21:37:09.854 30020 30211 E HeadsetStateMachine: returning mCurrentState as Disconnected
05-29 21:37:09.854 30020 30211 D HeadsetService:  isAudioOn: The number of audio connected devices 0
05-29 21:37:09.854 30020 30211 V Avrcp_ext: isPlayStateTobeUpdated: device: null
05-29 21:37:09.854 30020 30211 V Avrcp_ext: Single connection exists
05-29 21:37:09.854 30020 30211 E HeadsetStateMachine: returning mCurrentState as Disconnected
05-29 21:37:09.854 30020 30211 D HeadsetService:  isAudioOn: The number of audio connected devices 0
05-29 21:37:09.854 30020 30211 D HeadsetService: isScoOrCallActive(): Call Active:falseCall is Ringing:falseSCO is Active:false
05-29 21:37:09.854 30020 30211 E HeadsetStateMachine: returning mCurrentState as Disconnected
05-29 21:37:09.854 30020 30211 D HeadsetService:  isAudioOn: The number of audio connected devices 0
05-29 21:37:09.854 30020 30211 V Avrcp_ext: isPlayStateTobeUpdated: device: null
05-29 21:37:09.854 30020 30211 V Avrcp_ext: Single connection exists
05-29 21:37:09.854 30020 30211 E HeadsetStateMachine: returning mCurrentState as Disconnected
05-29 21:37:09.854 30020 30211 D HeadsetService:  isAudioOn: The number of audio connected devices 0
05-29 21:37:09.854 30020 30211 D HeadsetService: isScoOrCallActive(): Call Active:falseCall is Ringing:falseSCO is Active:false
05-29 21:37:09.854 30020 30211 E HeadsetStateMachine: returning mCurrentState as Disconnected
05-29 21:37:09.854 30020 30211 D HeadsetService:  isAudioOn: The number of audio connected devices 0
05-29 21:37:09.854 30020 30211 V Avrcp_ext: isPlayStateTobeUpdated: device: null
05-29 21:37:09.854 30020 30211 V Avrcp_ext: Single connection exists
05-29 21:37:09.854 30020 30211 D Avrcp_ext: Enter sendPlayPosNotificationRsp
05-29 21:37:09.854 30020 30211 D Avrcp_ext: sendPlayPosNotificationRsp: Not registered or requesting.
05-29 21:37:09.854 30020 30211 D Avrcp_ext: Enter sendPlayPosNotificationRsp
05-29 21:37:09.854 30020 30211 D Avrcp_ext: sendPlayPosNotificationRsp: Not registered or requesting.
05-29 21:37:09.854 30020 30211 D Avrcp_ext: Enter sendPlayPosNotificationRsp
05-29 21:37:09.854 30020 30211 D Avrcp_ext: sendPlayPosNotificationRsp: Not registered or requesting.
05-29 21:37:09.854 30020 30211 D Avrcp_ext: Enter sendPlayPosNotificationRsp
05-29 21:37:09.854 30020 30211 D Avrcp_ext: sendPlayPosNotificationRsp: Not registered or requesting.
05-29 21:37:09.854 30020 30211 D Avrcp_ext: Enter sendPlayPosNotificationRsp
05-29 21:37:09.854 30020 30211 D Avrcp_ext: sendPlayPosNotificationRsp: Not registered or requesting.
05-29 21:37:09.854 30020 30211 V Avrcp_ext: Exit updatePlayerStateAndPosition
05-29 21:37:09.854 30020 30211 D APM: ActiveDeviceManagerServiceLegacy: getActiveAbsoluteDevice(): device: null
05-29 21:37:09.854 30020 30211 D APM: ActiveDeviceManagerServiceLegacy: isStableState(): true
05-29 21:37:09.854 30020 30211 D Avrcp_ext: isAdmStable = true activeAbsAddr = null device = null
05-29 21:37:09.854 30020 30211 V APM: MediaControlManager: onPlaybackStateChanged
05-29 21:37:09.854 30020 30211 W McpService: updatePlaybackState state PlaybackState {state=PLAYING(3), position=0, buffered position=0, speed=1.0, updated=198654471, actions=7339703, custom actions=[], active item id=0, error=null}
05-29 21:37:09.854 30020 30211 W McpService: updatePlaybackState mState: 1 state: 1
05-29 21:37:09.854 30020 30211 W Avrcp_ext: updated player state = PlaybackState {state=PLAYING(3), position=0, buffered position=0, speed=1.0, updated=198654471, actions=7339703, custom actions=[], active item id=0, error=null}to MCP module also
05-29 21:37:09.855 30020 30211 V Avrcp_ext:  Exit onPlaybackStateChanged
05-29 21:37:09.928  3090  3756 D WifiStaIfaceHidlImpl: getCachedScanData is not implemented by HIDL
05-29 21:37:09.937  3090  3756 I HalDevMgr: bestIfaceCreationProposal is null, requestIface=STA, existingIface=[name=ap_br_wlan2 type=AP_BRIDGE, name=wlan0 type=STA]
05-29 21:37:10.387  9385  9393 W JavaBinder: BinderProxy is being destroyed but the application did not call unlinkToDeath to unlink all of its death recipients beforehand.  Releasing leaked death recipient: WV.bf2
05-29 21:37:10.387  9385  9393 W JavaBinder: BinderProxy is being destroyed but the application did not call unlinkToDeath to unlink all of its death recipients beforehand.  Releasing leaked death recipient: WV.bf2
05-29 21:37:10.387  9385  9393 W JavaBinder: BinderProxy is being destroyed but the application did not call unlinkToDeath to unlink all of its death recipients beforehand.  Releasing leaked death recipient: WV.bf2
05-29 21:37:10.387  9385  9393 I BpBinder: onLastStrongRef automatically unlinking death recipients: 
05-29 21:37:12.383  9385  9453 I AAudio  : AAudioStreamBuilder_openStream() called ----------------------------------------
05-29 21:37:12.383  9385  9453 I AudioStreamBuilder: rate   =  48000, channels  = 2, channelMask = 0x3, format   = 5, sharing = SH, dir = OUTPUT
05-29 21:37:12.383  9385  9453 I AudioStreamBuilder: device =      0, sessionId = -1, perfMode = 11, callback: ON with frames = 1024
05-29 21:37:12.383  9385  9453 I AudioStreamBuilder: usage  =      1, contentType = 0, inputPreset = 0, allowedCapturePolicy = 0
05-29 21:37:12.383  9385  9453 I AudioStreamBuilder: privacy sensitive = false, opPackageName = (null), attributionTag = (null)
05-29 21:37:12.383  9385  9453 D AudioStreamBuilder: build() MMAP not used because AAUDIO_PERFORMANCE_MODE_LOW_LATENCY not requested.
05-29 21:37:12.383  9385  9453 D eepeye.musicpro: PlayerBase::PlayerBase()
05-29 21:37:12.384  9385  9453 D AudioStreamTrack: open(), request notificationFrames = 0, frameCount = 0
05-29 21:37:12.387 17106 17222 D APM_AudioPolicyManager: getOutputForAttrInt() attributes={ Content type: AUDIO_CONTENT_TYPE_MUSIC Usage: AUDIO_USAGE_MEDIA Source: AUDIO_SOURCE_DEFAULT Flags: 0x600 Tags:  } stream=AUDIO_STREAM_MUSIC session 893073 selectedDeviceId 0
05-29 21:37:12.387  9385  9448 I cr_MediaCodecBridge: create MediaCodec video decoder, mime video/x-vnd.on2.vp9, decoder name c2.qti.vp9.decoder, block_model=false
05-29 21:37:12.387 17106 17222 D AudioFlinger: getParameters() io 0, keys vr_audio_mode_on, calling pid 17106
05-29 21:37:12.387 17107 17123 D AHAL: AudioDevice: GetParameters: 2389: enter
05-29 21:37:12.387 17107 17123 D AHAL: FM: fm_get_parameters: 232: enter
05-29 21:37:12.387 17107 17123 D AHAL: FM: fm_get_parameters: 239: exit
05-29 21:37:12.387 17107 17123 D AHAL: AudioDevice: GetParameters: 2502: exit: returns - 
05-29 21:37:12.388 17106 17222 D AudioFlinger: Client defaulted notificationFrames to 1924 for frameCount 3848
05-29 21:37:12.388  9385  9448 I MediaCodec: (0xb40000705ed75320) init name(c2.qti.vp9.decoder)
05-29 21:37:12.389  9385 11108 D CCodec  : allocate(c2.qti.vp9.decoder)
05-29 21:37:12.390  9385 11108 I CCodec  : setting up 'default' as default (vendor) store
05-29 21:37:12.391  1847  3536 I QC2Registry: search [c2.qti.vp9.decoder] in mEntries
05-29 21:37:12.391  1847  3536 I QC2Comp : PreProcessingPipelining 0
05-29 21:37:12.391 17106 17220 D AudioFlinger: getParameters() io 29, keys is_direct_pcm_track, calling pid 9385
05-29 21:37:12.391  1791  3534 E QConfig : failed to find module QModKey_Static_VppFilter
05-29 21:37:12.391 17107 17107 D AHAL: AudioStream: astream_out_get_parameters: 1100: enter
05-29 21:37:12.391  1847  3536 I QC2VppFilterDeviceQuery: failed to getUserConfigValue
05-29 21:37:12.391 17107 17107 D AHAL: AudioStream: astream_out_get_parameters: 1122: keys: is_direct_pcm_track
05-29 21:37:12.391  1847  3536 I QC2VppFilterCaps: failed to get user config, try default config
05-29 21:37:12.391 17107 17107 D AHAL: AudioStream: astream_out_get_parameters: 1159: exit: returns - is_direct_pcm_track=false
05-29 21:37:12.391  1791  3534 E QConfig : failed to find module QModKey_Static_VppFilter
05-29 21:37:12.391  1847  3536 I QC2VppFilterDeviceQuery: failed to getUserConfigValue
05-29 21:37:12.391  1847  3536 I QC2VppFilterCaps: failed to get preset
05-29 21:37:12.391  1791  3534 E QConfig : failed to find module QModKey_Dynamic_VppFilter
05-29 21:37:12.392  1847  3536 I QC2VppFilterDeviceQuery: failed to getUserConfigValue
05-29 21:37:12.392  1847  3536 I QC2VppFilterCaps: failed to get user config, try default config
05-29 21:37:12.392  1791  3534 E QConfig : failed to find module QModKey_Dynamic_VppFilter
05-29 21:37:12.392  1847  3536 I QC2VppFilterDeviceQuery: failed to getUserConfigValue
05-29 21:37:12.392  1847  3536 I QC2VppFilterCaps: failed to get preset
05-29 21:37:12.392  1847  3536 I QC2VppFilterCaps: preset size is zero
05-29 21:37:12.392  1847  3536 I vendor.qti.media.c2@1.0-service: missing struct descriptor #Param::CoreIndex(--002) for field mastering of struct #Param::CoreIndex(--180a)
05-29 21:37:12.392  1847  3536 I vendor.qti.media.c2@1.0-service: missing struct descriptor #Param::CoreIndex(-Vc014) for field misr_info_first_field of struct #Param::CoreIndex(-Vc015)
05-29 21:37:12.392  1847  3536 I vendor.qti.media.c2@1.0-service: missing struct descriptor #Param::CoreIndex(-Vc014) for field misr_info_second_field of struct #Param::CoreIndex(-Vc015)
05-29 21:37:12.393  1847  3536 I StandardCaps: prioritySetter: setting priority to real time
05-29 21:37:12.393  9385  9453 D AudioTrack: setVolume: mRelativePercentage:1.000000, left:1.000000, right:1.000000
05-29 21:37:12.393  1847  3536 I vendor.qti.media.c2@1.0-service: get enum 0 from HQV_MODE_OFF
05-29 21:37:12.393  1847  3536 I QC2VppFilterCaps: Setting FRC is only allowed when mode is manual: mode=HQV_MODE_OFF
05-29 21:37:12.393  1847  3536 I QC2VppFilterCaps: Setting AIS is only allowed when mode is manual: mode=HQV_MODE_OFF
05-29 21:37:12.393  1847  3536 I vendor.qti.media.c2@1.0-service: get enum 0 from PROCESS_LEFT
05-29 21:37:12.393  1847  3536 I QC2VppFilterCaps: Seeting CNR is only allowed when mode is manual: mode=HQV_MODE_OFF
05-29 21:37:12.393  1847  3536 I QC2VppFilterCaps: Setting EAR is only allowed when mode is manual: mode=HQV_MODE_OFF
05-29 21:37:12.393  1847  3536 I QC2VppFilterCaps: Setting AIE is only allowed when mode is manual: mode=HQV_MODE_OFF
05-29 21:37:12.393  1847  3536 I QC2Registry: search [c2.qti.vp9.decoder] in mEntries
05-29 21:37:12.393  1847  3536 I QC2Comp : Create: Allocated component[290] for name c2.qti.vp9.decoder : [64 bit]
05-29 21:37:12.393  1847  3536 I QC2Comp : Create Latency:2.16 ms
05-29 21:37:12.393  1847  3536 I QC2CompStore: Created component(c2.qti.vp9.decoder) id(290)
05-29 21:37:12.395  9385 11108 I CCodec  : Created component [c2.qti.vp9.decoder]
05-29 21:37:12.395  9385 11108 D CCodecConfig: read media type: video/x-vnd.on2.vp9
05-29 21:37:12.396  9385 11108 D ReflectedParamUpdater: extent() != 1 for single value type: output.buffers.pool-ids.values
05-29 21:37:12.397  3090  8633 D PowerManagerService: nativeAcquireSuspendBlocker name:PowerManagerService.WakeLocks duration ms: 1
05-29 21:37:12.398  9385  9453 D AAudioStream: setState(s#4) from 0 to 2
05-29 21:37:12.401  9385 11108 D ReflectedParamUpdater: extent() != 1 for single value type: vendor.qti-ext-dec-info-misr.misr_info_first_field.misr_dpb_luma
05-29 21:37:12.401  9385 11108 D ReflectedParamUpdater: extent() != 1 for single value type: vendor.qti-ext-dec-info-misr.misr_info_first_field.misr_dpb_chroma
05-29 21:37:12.401  9385 11108 D ReflectedParamUpdater: extent() != 1 for single value type: vendor.qti-ext-dec-info-misr.misr_info_first_field.misr_opb_luma
05-29 21:37:12.401  9385 11108 D ReflectedParamUpdater: extent() != 1 for single value type: vendor.qti-ext-dec-info-misr.misr_info_first_field.misr_opb_chroma
05-29 21:37:12.401  9385  9453 I AAudio  : AAudioStreamBuilder_openStream() returns 0 = AAUDIO_OK for s#4 ----------------
05-29 21:37:12.401  9385 11108 D ReflectedParamUpdater: extent() != 1 for single value type: vendor.qti-ext-dec-info-misr.misr_info_second_field.misr_dpb_luma
05-29 21:37:12.401  9385 11108 D ReflectedParamUpdater: extent() != 1 for single value type: vendor.qti-ext-dec-info-misr.misr_info_second_field.misr_dpb_chroma
05-29 21:37:12.401  9385 11108 D ReflectedParamUpdater: extent() != 1 for single value type: vendor.qti-ext-dec-info-misr.misr_info_second_field.misr_opb_luma
05-29 21:37:12.401  9385 11108 D ReflectedParamUpdater: extent() != 1 for single value type: vendor.qti-ext-dec-info-misr.misr_info_second_field.misr_opb_chroma
05-29 21:37:12.402  9385  9453 D AAudio  : AAudioStream_requestStart(s#4) called --------------
05-29 21:37:12.402  9385  9453 D AAudioStream: setState(s#4) from 2 to 3
05-29 21:37:12.403 17106 17163 W AudioFlinger: The package name(android) provided does not correspond to the uid 1041
05-29 21:37:12.404  9385 11108 D ReflectedParamUpdater: extent() != 1 for single value type: vendor.qti-ext-vpp-extradata.extradata-types
05-29 21:37:12.404  9385 11108 D CCodecConfig: ignoring local param raw.size (0xd2001800) as it is already supported
05-29 21:37:12.404  9385 11108 D CCodecConfig: ignoring local param default.color (0x5200180b) as it is already supported
05-29 21:37:12.404  9385 11108 D CCodecConfig: ignoring local param raw.hdr-static-info (0xd200180a) as it is already supported
05-29 21:37:12.404  9385 11108 I CCodecConfig: query failed after returning 19 values (BAD_INDEX)
05-29 21:37:12.404  9385 11108 D CCodecConfig: c2 config diff is Dict {
05-29 21:37:12.404  9385 11108 D CCodecConfig:   c2::i32 algo.priority.value = 0
05-29 21:37:12.404  9385 11108 D CCodecConfig:   c2::float algo.rate.value = 30
05-29 21:37:12.404  9385 11108 D CCodecConfig:   c2::u32 algo.secure-mode.value = 0
05-29 21:37:12.404  9385 11108 D CCodecConfig:   c2::float coded.frame-rate.value = 30
05-29 21:37:12.404  9385 11108 D CCodecConfig:   c2::u32 coded.pl.level = 0
05-29 21:37:12.404  9385 11108 D CCodecConfig:   c2::u32 coded.pl.profile = 28672
05-29 21:37:12.404  9385 11108 D CCodecConfig:   c2::u32 coded.vui.color.matrix = 255
05-29 21:37:12.404  9385 11108 D CCodecConfig:   c2::u32 coded.vui.color.primaries = 0
05-29 21:37:12.404  9385 11108 D CCodecConfig:   c2::u32 coded.vui.color.range = 0
05-29 21:37:12.404  9385 11108 D CCodecConfig:   c2::u32 coded.vui.color.transfer = 255
05-29 21:37:12.404  9385 11108 D CCodecConfig:   c2::u32 default.color.matrix = 0
05-29 21:37:12.404  9385 11108 D CCodecConfig:   c2::u32 default.color.primaries = 0
05-29 21:37:12.404  9385 11108 D CCodecConfig:   c2::u32 default.color.range = 0
05-29 21:37:12.404  9385 11108 D CCodecConfig:   c2::u32 default.color.transfer = 0
05-29 21:37:12.404  9385 11108 D CCodecConfig:   c2::u32 input.buffers.max-size.value = 16588800
05-29 21:37:12.404  9385 11108 D CCodecConfig:   c2::u32 input.delay.value = 0
05-29 21:37:12.404  9385 11108 D CCodecConfig:   Buffer input.hdr10-plus-info.value = {
05-29 21:37:12.404  9385 11108 D CCodecConfig:     00000000:  00                                                .
05-29 21:37:12.404  9385 11108 D CCodecConfig:   }
05-29 21:37:12.404  9385 11108 D CCodecConfig:   string input.media-type.value = "video/x-vnd.on2.vp9"
05-29 21:37:12.404  9385 11108 D CCodecConfig:   c2::u32 output.delay.value = 7
05-29 21:37:12.404  9385 11108 D CCodecConfig:   Buffer output.hdr10-plus-info.value = {
05-29 21:37:12.404  9385 11108 D CCodecConfig:   }
05-29 21:37:12.404  9385 11108 D CCodecConfig:   string output.media-type.value = "video/raw"
05-29 21:37:12.404  9385 11108 D CCodecConfig:   c2::u32 raw.color.matrix = 255
05-29 21:37:12.404  9385 11108 D CCodecConfig:   c2::u32 raw.color.primaries = 0
05-29 21:37:12.404  9385 11108 D CCodecConfig:   c2::u32 raw.color.range = 0
05-29 21:37:12.404  9385 11108 D CCodecConfig:   c2::u32 raw.col
05-29 21:37:12.405  9385 11108 W ColorUtils: expected specified color aspects (0:0:255:255)
05-29 21:37:12.405  9385 11107 I MediaCodec: (0xb40000705ed75320) Component Allocated (c2.qti.vp9.decoder)
05-29 21:37:12.406 17107 17123 I EffectsFactory: EffectCreate() create_effect
05-29 21:37:12.406  9385 11107 I MediaCodec: MediaCodec will operate in async mode
05-29 21:37:12.407  9385  9448 I MediaCodec: (0xb40000705ed75320) configure surface(0xb40000723eca22a0) crypto(0x0) flags(0)
05-29 21:37:12.407  9385  9448 D MediaCodec: (0xb40000705ed75320) configure format: AMessage(what = 0x00000000) = {
05-29 21:37:12.407  9385  9448 D MediaCodec:       int32_t max-height = 480
05-29 21:37:12.407  9385  9448 D MediaCodec:       int32_t max-width = 854
05-29 21:37:12.407  9385  9448 D MediaCodec:       string mime = "video/x-vnd.on2.vp9"
05-29 21:37:12.407  9385  9448 D MediaCodec:       int32_t width = 854
05-29 21:37:12.407  9385  9448 D MediaCodec:       int32_t max-input-size = 153720
05-29 21:37:12.407  9385  9448 D MediaCodec:       int32_t height = 480
05-29 21:37:12.407  9385  9448 D MediaCodec:     }
05-29 21:37:12.407  9385 11107 D MediaCodec: flushMediametrics
05-29 21:37:12.407  9385 11107 D SurfaceUtils: connecting to surface 0xb40000723eca22b0, reason connectToSurface
05-29 21:37:12.407  9385 11107 I MediaCodec: [c2.qti.vp9.decoder] setting surface generation to 9610255
05-29 21:37:12.407  9385 11107 D SurfaceUtils: disconnecting from surface 0xb40000723eca22b0, reason connectToSurface(reconnect)
05-29 21:37:12.407  9385 11107 D Surface : Surface::disconnect
05-29 21:37:12.407  9385 11107 D BufferQueueProducer: [ImageReader-1x1f22u256m2-9385-7](id:24a90000000f,api:3,p:9385,c:9385) disconnect: api 3
05-29 21:37:12.407  9385 11107 D SurfaceUtils: connecting to surface 0xb40000723eca22b0, reason connectToSurface(reconnect)
05-29 21:37:12.407  9385 11108 D CCodec  : [c2.qti.vp9.decoder] buffers are bound to CCodec for this session
05-29 21:37:12.407 17106 17163 D AudioFlinger: effectCreated()
05-29 21:37:12.407  9385 11108 D CCodecConfig: no c2 equivalents for native-window
05-29 21:37:12.407  9385 11108 D CCodecConfig: no c2 equivalents for flags
05-29 21:37:12.407  1847  3536 I vendor.qti.media.c2@1.0-service: get enum 0 from HQV_MODE_OFF
05-29 21:37:12.407  1847  3536 I QC2VppFilterCaps: Setting FRC is only allowed when mode is manual: mode=HQV_MODE_OFF
05-29 21:37:12.407  1847  3536 I QC2VppFilterCaps: Setting AIS is only allowed when mode is manual: mode=HQV_MODE_OFF
05-29 21:37:12.408  1847  3536 I QC2VppFilterCaps: Seeting CNR is only allowed when mode is manual: mode=HQV_MODE_OFF
05-29 21:37:12.408  1847  3536 I QC2VppFilterCaps: Setting EAR is only allowed when mode is manual: mode=HQV_MODE_OFF
05-29 21:37:12.408  1847  3536 I QC2VppFilterCaps: Setting AIE is only allowed when mode is manual: mode=HQV_MODE_OFF
05-29 21:37:12.408  9385 11108 D CCodecConfig: c2 config diff is   c2::u32 input.buffers.max-size.value = 3919872
05-29 21:37:12.408  9385 11108 D CCodecConfig:   c2::u32 raw.max-size.height = 480
05-29 21:37:12.408  9385 11108 D CCodecConfig:   c2::u32 raw.max-size.width = 854
05-29 21:37:12.408  9385 11108 D CCodecConfig:   c2::u32 raw.size.width = 854
05-29 21:37:12.408 17106 17163 W AudioFlinger: The package name(android) provided does not correspond to the uid 1041
05-29 21:37:12.408 17107 17123 I EffectsFactory: EffectCreate() create_effect
05-29 21:37:12.408 17107 17123 V DlbVolumeListener: Create Dolby Listener Effect.
05-29 21:37:12.408 17107 17123 V DlbVolumeListener: create CREATED_CONTEXT 0xb400006ff2d9b7f0 sessionId 893073 ioId 29
05-29 21:37:12.408 17107 17123 I DlbVolumeListener: create() Created effect Music Listener
05-29 21:37:12.408 17107 17123 V DlbVolumeListener: effectGetDescriptor
05-29 21:37:12.408 17107 17123 I DlbVolumeListener: effectGetDescriptor() Returning descriptor for Music Listener
05-29 21:37:12.408  9385 11108 W Codec2Client: query -- param skipped: index = 1107298332.
05-29 21:37:12.408 17107 17123 V DlbVolumeListener: effectGetDescriptor
05-29 21:37:12.408 17107 17123 I DlbVolumeListener: effectGetDescriptor() Returning descriptor for Music Listener
05-29 21:37:12.408  9385 11108 D CCodec  : client requested max input size 153720, which is smaller than what component recommended (3919872); overriding with component recommendation.
05-29 21:37:12.408  9385 11108 W CCodec  : This behavior is subject to change. It is recommended that app developers double check whether the requested max input size is in reasonable range.
05-29 21:37:12.408  9385 11108 D CCodec  : encoding statistics level = 0
05-29 21:37:12.408  9385 11108 D CCodec  : setup formats input: AMessage(what = 0x00000000) = {
05-29 21:37:12.408  9385 11108 D CCodec  :   int32_t feature-secure-playback = 0
05-29 21:37:12.408  9385 11108 D CCodec  :   int32_t frame-rate = 30
05-29 21:37:12.408  9385 11108 D CCodec  :   int32_t height = 480
05-29 21:37:12.408  9385 11108 D CCodec  :   int32_t max-input-size = 3919872
05-29 21:37:12.408  9385 11108 D CCodec  :   string mime = "video/x-vnd.on2.vp9"
05-29 21:37:12.408  9385 11108 D CCodec  :   int32_t priority = 0
05-29 21:37:12.408  9385 11108 D CCodec  :   int32_t profile = 1
05-29 21:37:12.408  9385 11108 D CCodec  :   int32_t width = 854
05-29 21:37:12.408  9385 11108 D CCodec  :   Rect crop(0, 0, 853, 479)
05-29 21:37:12.408  9385 11108 D CCodec  : }
05-29 21:37:12.408  9385 11108 D CCodec  : setup formats output: AMessage(what = 0x00000000) = {
05-29 21:37:12.408  9385 11108 D CCodec  :   int32_t android._color-format = 0
05-29 21:37:12.408  9385 11108 D CCodec  :   int32_t android._video-scaling = 1
05-29 21:37:12.408  9385 11108 D CCodec  :   int32_t android._dataspace = 260
05-29 21:37:12.408  9385 11108 D CCodec  :   int32_t color-standard = 130817
05-29 21:37:12.408  9385 11108 D CCodec  :   int32_t color-range = 2
05-29 21:37:12.408  9385 11108 D CCodec  :   int32_t color-transfer = 65791
05-29 21:37:12.408  9385 11108 D CCodec  :   int32_t sar-height = 1
05-29 21:37:12.408  9385 11108 D CCodec  :   int32_t rotation-degrees = 0
05-29 21:37:12.408  9385 11108 D CCodec  :   Buffer hdr-static-info = {
05-29 21:37:12.408  9385 11108 D CCodec  :     00000000:  00 00 00 00 00 00 00 00  00 00 00 00 00 00 00 00  ................
05-29 21:37:12.408  9385 11108 D CCodec  :     00000010:  00 00 00 00 00 00 00 00  00                       .........
05-29 21:37:12.408  9385 11108 D CCodec  :   }
05-29 21:37:12.408  9385 11108 D CCodec  :   int32_t sar-width = 1
05-29 21:37:12.408  9385 11108 D CCodec  :   Rect crop(0, 0, 853, 479)
05-29 21:37:12.408  9385 11108 D CCodec  :   int32_t width = 854
05-29 21:37:12.408  9385 11108 D CCodec  :   int32_t feature-secure-playback = 0
05-29 21:37:12.408  9385 11108 D CCodec  :   int32_t frame-rate = 30
05-29 21:37:12.408  9385 11108 D CCodec  :   Buffer hdr10-plus-info = {
05-29 21:37:12.408  9385 11108 D CCodec  :   }
05-29 21:37:12.408  9385 11108 D CCodec  :   int32_t height = 480
05-29 21:37:12.408  9385 11108 D CCodec  :   int32_t max-height = 480
05-29 21:37:12.408  9385 11108 D CCodec  :   int32_t max-width = 854
05-29 21:37:12.408  9385 11108 D CCodec  :   string mime = "video/raw"
05-29 21:37:12.408  9385 11108 D CCodec  :   int32_t priority = 0
05-29 21:37:12.408  9385 11108 D CCodec  :   int32_t color-format = 2130708361
05-29 21:37:12.408  9385 11108 D CCodec  : }
05-29 21:37:12.409  9385 11108 I CCodecConfig: query failed after returning 19 values (BAD_INDEX)
05-29 21:37:12.409 17107 17123 V DlbVolumeListener: effectCommand
05-29 21:37:12.409 17107 17123 V DlbVolumeListener: effectCommand :: Command EFFECT_CMD_INIT
05-29 21:37:12.409 17107 17107 V DlbVolumeListener: effectCommand
05-29 21:37:12.409 17107 17107 D DlbVolumeListener: effectCommand :: Command EFFECT_CMD_OFFLOAD offload=0 ioHandle=29
05-29 21:37:12.409 17107 17123 V DlbVolumeListener: effectCommand
05-29 21:37:12.409 17107 17123 V DlbVolumeListener: effectCommand :: Command EFFECT_CMD_SET_CONFIG
05-29 21:37:12.409 17107 17123 V DlbVolumeListener: effectCommand
05-29 21:37:12.409 17107 17123 V DlbVolumeListener: effectCommand :: Command EFFECT_CMD_SET_CONFIG
05-29 21:37:12.409  9385  9448 I MediaCodec: (0xb40000705ed75320) start
05-29 21:37:12.409  9385  9448 D MediaCodec: keep callback message for reclaim
05-29 21:37:12.410 17107 17123 V DlbVolumeListener: effectCommand
05-29 21:37:12.410 17106 17163 D AudioFlinger: effectCreated()
05-29 21:37:12.410  1847 11109 I QC2Registry: search [c2.qti.vp9.decoder] in mEntries
05-29 21:37:12.410  1847 11109 I QC2Registry: Build pipelined codec for session
05-29 21:37:12.410  1847 11109 I QC2Registry: Getting stages for pipelined codec
05-29 21:37:12.410  1847 11109 I QC2Registry: search [c2.qti.vp9.decoder] in mEntries
05-29 21:37:12.410  1847 11109 I QC2Registry: search [c2.qti.vp9.decoder] in mFactories
05-29 21:37:12.410  1847 11109 I QC2V4l2Codec: [vp9D_290] Configuring linear pixel format : 0
05-29 21:37:12.410  1847 11109 I QC2Registry: Pipelining enabled
05-29 21:37:12.410  1847 11109 I QC2Registry: Requested codec is pipelined. Create codec list
05-29 21:37:12.410  1847 11109 I QC2Registry: search [c2.qti.vp9.decoder] in mEntries
05-29 21:37:12.410  1847 11109 I QC2Registry: GetEnabledFilters for c2.qti.vp9.decoder
05-29 21:37:12.410  1847 11109 I QC2Registry: search [c2.qti.avc.decoder] in mEntries
05-29 21:37:12.410  1847 11109 I QC2Registry: search [c2.qti.avc.decoder.low_latency] in mEntries
05-29 21:37:12.410  1847 11109 I QC2Registry: search [c2.qti.avc.decoder.secure] in mEntries
05-29 21:37:12.410  1847 11109 I QC2Registry: search [c2.qti.hevc.decoder] in mEntries
05-29 21:37:12.410  1847 11109 I QC2Registry: search [c2.qti.hevc.decoder.low_latency] in mEntries
05-29 21:37:12.410  1847 11109 I QC2Registry: search [c2.qti.hevc.decoder.secure] in mEntries
05-29 21:37:12.410  1847 11109 I QC2Registry: search [c2.qti.vp9.decoder] in mEntries
05-29 21:37:12.410  1847 11109 I QC2Registry: search [c2.qti.vp9.decoder.low_latency] in mEntries
05-29 21:37:12.410  1847 11109 I QC2Registry: search [c2.qti.vp9.decoder.secure] in mEntries
05-29 21:37:12.410  1847 11109 I QC2Registry: search [c2.qti.avc.encoder] in mEntries
05-29 21:37:12.410  1847 11109 I QC2Registry: search [c2.qti.avc.encoder.secure] in mEntries
05-29 21:37:12.410  1847 11109 I QC2Registry: search [c2.qti.hevc.encoder] in mEntries
05-29 21:37:12.410  1847 11109 I QC2Registry: search [c2.qti.hevc.encoder.secure] in mEntries
05-29 21:37:12.410  1847 11109 I QC2Registry: search [c2.qti.hevc.encoder.cq] in mEntries
05-29 21:37:12.410  1847 11109 I QC2Registry: search [c2.qti.heic.encoder] in mEntries
05-29 21:37:12.410  1847 11109 I QC2Registry: search [c2.qti.vpp.filter] in mEntries
05-29 21:37:12.410  1847 11109 I QC2Registry: search [c2.qti.vpp.filter.secure] in mEntries
05-29 21:37:12.410  1847 11109 I QC2Registry: search [c2.qti.vpp.filter] in mEntries
05-29 21:37:12.410  1847 11109 I QC2Registry: Pipeline Index = a000a00c
05-29 21:37:12.410  1847 11109 I QC2Registry: Filter c2.qti.vpp.filter can't be pipelined
05-29 21:37:12.410  1847 11109 I QC2Registry: search [c2.qti.vpp.filter.secure] in mEntries
05-29 21:37:12.410  1847 11109 I QC2Registry: Filter c2.qti.vpp.filter.secure can't be pipelined
05-29 21:37:12.410  1847 11109 I QC2Registry: Created 0 filters for pipelined codec c2.qti.vp9.decoder
05-29 21:37:12.410 17106 17163 D APM_AudioPolicyManager: startOutput() output 29, stream 3, session 893073
05-29 21:37:12.410 17107 17107 D DlbDlbEffect: handle_EFFECT_CMD_DISABLE()
05-29 21:37:12.410 17107 17107 D DlbEffectDap: updateProcessEnabled(enabled=0, bypassed=0)
05-29 21:37:12.410 17107 17107 D DlbCrossfadeProcess: setEnabled transitioning from FADE_TO_ACTIVE state to FADE_TO_BYPASS
05-29 21:37:12.412 17107 17123 D DlbDlbEffect: handle_EFFECT_CMD_SET_CONFIG()
05-29 21:37:12.412 17107 17123 D DlbDapEffectContext: updateInputFormat() mIsDmsContentProcEnabled: 1, channels: 0x3, mCurrentDevice: 0x2, mAudioFlags: 0x200
05-29 21:37:12.412 17107 17123 D DlbDap2ProcessWithIht: setHTParam: mIsBinauralInput: 0
05-29 21:37:12.412 17107 17123 D DlbDap2ProcessWithIht: DAP input format is 0x22 with input channel mask 0x3
05-29 21:37:12.412 17107 17123 D DlbDlbEffect: handle_EFFECT_CMD_SET_CONFIG()
05-29 21:37:12.412 17107 17123 D DlbDapEffectContext: updateInputFormat() mIsDmsContentProcEnabled: 1, channels: 0x3, mCurrentDevice: 0x2, mAudioFlags: 0x200
05-29 21:37:12.412 17107 17123 D DlbDap2ProcessWithIht: setHTParam: mIsBinauralInput: 0
05-29 21:37:12.412 17107 17123 D DlbDap2ProcessWithIht: DAP input format is 0x22 with input channel mask 0x3
05-29 21:37:12.412 17107 17123 D DlbDlbEffect: handle_EFFECT_CMD_SET_DEVICE(device=0x00000002)
05-29 21:37:12.412 17107 17123 D DlbDapEndpointParamCache: setDevice(device=0x00000002)
05-29 21:37:12.413  1820  1820 D DMSService: setActiveDevice called with device = 0x2 (original 0x2)
05-29 21:37:12.413 17107 17123 D DlbEffectDap: setAudioMode(mode = 0)
05-29 21:37:12.413 17107 17123 D DlbEffectContext: addPregainObserver(): Pregain observer added for audio io 29 and Dolby effect type 0
05-29 21:37:12.413 17107 17123 D DlbDlbEffect: handle_EFFECT_CMD_ENABLE()
05-29 21:37:12.413 17107 17123 D DlbEffectDap: updateProcessEnabled(enabled=1, bypassed=0)
05-29 21:37:12.413 17107 17123 D DlbCrossfadeProcess: setEnabled transitioning from FADE_TO_BYPASS state to FADE_TO_ACTIVE
05-29 21:37:12.413 17106 17163 D AudioFlinger: moveEffectChain_l: successful move of session 0 from srcThread 0xb400007b5542e910 to dstThread 0xb400007b52ebc910 (1 effects moved, 1 effects started)
05-29 21:37:12.414  1847 11109 I QC2V4l2Driver: [vp9D_290] Device /dev/video32 opened with fd: 6
05-29 21:37:12.415  1847 11109 E QC2V4l2Codec: [vp9D_290]  ? is not a supported pixel format!
05-29 21:37:12.415  1847 11109 W QC2V4l2Codec: [vp9D_290] unknown/unsupported param qti-ext-vpp-internal-only index = 0x4200A000
05-29 21:37:12.415  1847 11109 W QC2V4l2Codec: [vp9D_290] unknown/unsupported param qti-ext-vpp-internal-only index = 0x4200A001
05-29 21:37:12.415  1847 11109 W QC2V4l2Codec: [vp9D_290] unknown/unsupported param raw.max-size index = 0x52002003
05-29 21:37:12.415  1847 11109 W QC2V4l2Codec: [vp9D_290] unknown/unsupported param qti-ext-vpp-internal-only index = 0x5200A000
05-29 21:37:12.415  1847 11109 W QC2V4l2Codec: [vp9D_290] unknown/unsupported param qti-ext-vpp-internal-only index = 0x5200A001
05-29 21:37:12.415  1847 11109 W QC2V4l2Codec: [vp9D_290] unknown/unsupported param qti-ext-vpp index = 0x5200A002
05-29 21:37:12.415  1847 11109 W QC2V4l2Codec: [vp9D_290] unknown/unsupported param qti-ext-vpp-cnr index = 0x5200A003
05-29 21:37:12.415  1847 11109 W QC2V4l2Codec: [vp9D_290] unknown/unsupported param qti-ext-vpp-aie index = 0x5200A004
05-29 21:37:12.415  1847 11109 W QC2V4l2Codec: [vp9D_290] unknown/unsupported param qti-ext-vpp-frc index = 0x5200A005
05-29 21:37:12.415  1847 11109 W QC2V4l2Codec: [vp9D_290] unknown/unsupported param qti-ext-vpp-ear index = 0x5200A006
05-29 21:37:12.415  1847 11109 W QC2V4l2Codec: [vp9D_290] unknown/unsupported param qti-ext-vpp-ais index = 0x5200A007
05-29 21:37:12.415  1847 11109 W QC2V4l2Codec: [vp9D_290] unknown/unsupported param qti-ext-vpp-demo index = 0x5200A008
05-29 21:37:12.415  1847 11109 W QC2V4l2Codec: [vp9D_290] unknown/unsupported param qti-ext-vpp-internal-only index = 0x5200A009
05-29 21:37:12.415  1847 11109 W QC2V4l2Codec: [vp9D_290] unknown/unsupported param qti-ext-vpp-bypass index = 0x5200A00E
05-29 21:37:12.415  1847 11109 W QC2V4l2Codec: [vp9D_290] unknown/unsupported param qti-ext-vpp-lazy-init index = 0x5200A011
05-29 21:37:12.415  1847 11109 W QC2V4l2Codec: [vp9D_290] unknown/unsupported param qti-ext-vpp-extradata index = 0x5201A00F
05-29 21:37:12.415  1847 11109 W QC2V4l2Codec: [vp9D_290] unknown/unsupported param qti-ext-vpp-internal-only index = 0xA000A00C
05-29 21:37:12.415  1847 11109 W QC2V4l2Codec: [vp9D_290] unknown/unsupported param input.buffers.max-size index = 0xC200081E
05-29 21:37:12.415  1847 11109 W QC2V4l2Codec: [vp9D_290] unknown/unsupported param qti-ext-vpp-preset index = 0xD201A00D
05-29 21:37:12.415  1847 11109 I QC2Comp : Memory tracker creation for [1D-563] 
05-29 21:37:12.416  9385 10243 D BufferPoolAccessor2.0: bufferpool2 0xb40000708ed503d8 : 0(0 size) total buffers - 0(0 size) used buffers - 5983/5988 (recycle/alloc) - 5/5986 (fetch/transfer)
05-29 21:37:12.416  9385 10243 D BufferPoolAccessor2.0: Destruction - bufferpool2 0xb40000708ed503d8 cached: 0/0M, 0/0% in use; allocs: 5988, 100% recycled; transfers: 5986, 100% unfetched
05-29 21:37:12.416  9385 10243 D BufferPoolAccessor2.0: bufferpool2 0xb40000708ece5248 : 0(0 size) total buffers - 0(0 size) used buffers - 179/184 (recycle/alloc) - 5/171 (fetch/transfer)
05-29 21:37:12.416  9385 10243 D BufferPoolAccessor2.0: Destruction - bufferpool2 0xb40000708ece5248 cached: 0/0M, 0/0% in use; allocs: 184, 97% recycled; transfers: 171, 97% unfetched
05-29 21:37:12.417  9385 11108 W Codec2Client: query -- param skipped: index = 1342179345.
05-29 21:37:12.417  9385 11108 W Codec2Client: query -- param skipped: index = 2415921170.
05-29 21:37:12.417  9385 11108 W Codec2Client: query -- param skipped: index = 1610614798.
05-29 21:37:12.417  9385 11108 D CCodecBufferChannel: [c2.qti.vp9.decoder#550] Query input allocators returned 0 params => BAD_INDEX (6)
05-29 21:37:12.417  9385 11108 D CCodecBufferChannel: [c2.qti.vp9.decoder#550] Created input block pool with allocatorID 16 => poolID 24 - OK (0)
05-29 21:37:12.417  9385 11108 D CCodecBufferChannel: [c2.qti.vp9.decoder#550] start: max output delay 18
05-29 21:37:12.417  9385 11108 D CCodecBufferChannel: [c2.qti.vp9.decoder#550] Query output allocators returned 0 params => BAD_INDEX (6)
05-29 21:37:12.417  9385 11108 D CCodecBufferChannel: [c2.qti.vp9.decoder#550] Query output surface allocator returned 0 params => BAD_INDEX (6)
05-29 21:37:12.418  9385 11108 I CCodecBufferChannel: [c2.qti.vp9.decoder#550] Created output block pool with allocatorID 18 => poolID 564 - OK
05-29 21:37:12.418  9385 11108 D CCodecBufferChannel: [c2.qti.vp9.decoder#550] Configured output block pool ids 564 => OK
05-29 21:37:12.418  9385 11108 D Codec2-OutputBufferQueue: remote graphic buffer migration 0/0
05-29 21:37:12.418  1847  2247 E QC2Interface: Few parameters failed to configure
05-29 21:37:12.418  9385 11108 D Codec2Client: setOutputSurface -- failed to set consumer usage (6/BAD_INDEX)
05-29 21:37:12.418  9385 11108 D Codec2Client: setOutputSurface -- generation=9610255 consumer usage=0x900
05-29 21:37:12.418  9385 11108 D qdgralloc: Falling back to default YUV format - no camera/video specific format defined, usage 0x100
05-29 21:37:12.418  1832  8073 D qdgralloc: Falling back to default YUV format - no camera/video specific format defined, usage 0x100
05-29 21:37:12.419  1847  2247 D qdgralloc: Falling back to default YUV format - no camera/video specific format defined, usage 0x100
05-29 21:37:12.419  1847  2247 D C2BqBuffer: local generation change 9610255 , bqId: 40308268072975 migrated buffers # 0
05-29 21:37:12.419  9385 11108 D Codec2Client: Surface configure completed
05-29 21:37:12.419  9385 11108 D CCodecBufferChannel: [c2.qti.vp9.decoder#550] start: updating output delay 7
05-29 21:37:12.419  1847  2247 I QC2CompStore: Setting heap usage to system
05-29 21:37:12.420  9385 11107 I MediaCodec: (0xb40000705ed75320) kWhatStartCompleted
05-29 21:37:12.420  2336  2336 W ResourceManagerService: Ignoring request to add new resource entry with value <= 0
05-29 21:37:12.423  1847 11109 I QC2Buf  : use shared ref tracker
05-29 21:37:12.423  1847 11109 I QC2Comp : Memory tracker creation for [2D-564] 
05-29 21:37:12.423  9385 11107 I MediaCodec: [0xb40000705ed75320] enqueue first input frame, timeUs = 0
05-29 21:37:12.423  1847 11109 I QC2Buf  : Reconfig: clearing from 0 bufs. Peak mem=0 MB
05-29 21:37:12.423  1847 11109 I QC2Buf  : Reconfig: clearing from 0 bufs. Peak mem=0 MB
05-29 21:37:12.424  1847 11113 I QC2Comp : Memory tracker for [1D-563] is available with name [1D-563] and size 16384 bytes.
05-29 21:37:12.424  1847 11113 I QC2Buf  : Reconfig: clearing from 0 bufs. Peak mem=0 MB
05-29 21:37:12.425  9385 11108 D CCodecConfig: c2 config diff is   c2::u32 output.delay.value = 17
05-29 21:37:12.426  9385 11108 D CCodecBufferChannel: [c2.qti.vp9.decoder#550] onWorkDone: updating output delay 17
05-29 21:37:12.426  9385 11108 I CCodecBufferChannel: [c2.qti.vp9.decoder#550] onWorkDone: updating max output delay 24
05-29 21:37:12.426  9385 11108 D Codec2-OutputBufferQueue: set max dequeue count 24 from update
05-29 21:37:12.427  9385 10243 D CCodecBufferChannel: [c2.qti.vp9.decoder#550] Ignoring stale input buffer done callback: last flush index = 0, frameIndex = 0
05-29 21:37:12.427  1847 11109 I QC2Comp : Output Format at frame 0: VENUS_NV12_UBWC 854x480
05-29 21:37:12.428  9385 11108 D CCodecConfig: c2 config diff is   c2::u32 raw.color.matrix = 1
05-29 21:37:12.428  9385 11108 D CCodecConfig:   c2::u32 raw.color.primaries = 1
05-29 21:37:12.428  9385 11108 D CCodecConfig:   c2::u32 raw.color.range = 2
05-29 21:37:12.428  9385 11108 D CCodecConfig:   c2::u32 raw.color.transfer = 3
05-29 21:37:12.428  9385 11108 D CCodecConfig:   c2::u32 raw.crop.height = 480
05-29 21:37:12.428  9385 11108 D CCodecConfig:   c2::u32 raw.crop.left = 0
05-29 21:37:12.428  9385 11108 D CCodecConfig:   c2::u32 raw.crop.top = 0
05-29 21:37:12.428  9385 11108 D CCodecConfig:   c2::u32 raw.crop.width = 854
05-29 21:37:12.428  9385 11108 D CCodecBuffers: [c2.qti.vp9.decoder#550:2D-Output] popFromStashAndRegister: at 0us, output format changed to AMessage(what = 0x00000000) = {
05-29 21:37:12.428  9385 11108 D CCodecBuffers:   int32_t android._color-format = 0
05-29 21:37:12.428  9385 11108 D CCodecBuffers:   int32_t android._video-scaling = 1
05-29 21:37:12.428  9385 11108 D CCodecBuffers:   int32_t android._dataspace = 260
05-29 21:37:12.428  9385 11108 D CCodecBuffers:   int32_t color-standard = 1
05-29 21:37:12.428  9385 11108 D CCodecBuffers:   int32_t color-range = 2
05-29 21:37:12.428  9385 11108 D CCodecBuffers:   int32_t color-transfer = 3
05-29 21:37:12.428  9385 11108 D CCodecBuffers:   int32_t sar-height = 1
05-29 21:37:12.428  9385 11108 D CCodecBuffers:   int32_t rotation-degrees = 0
05-29 21:37:12.428  9385 11108 D CCodecBuffers:   Buffer hdr-static-info = {
05-29 21:37:12.428  9385 11108 D CCodecBuffers:     00000000:  00 00 00 00 00 00 00 00  00 00 00 00 00 00 00 00  ................
05-29 21:37:12.428  9385 11108 D CCodecBuffers:     00000010:  00 00 00 00 00 00 00 00  00                       .........
05-29 21:37:12.428  9385 11108 D CCodecBuffers:   }
05-29 21:37:12.428  9385 11108 D CCodecBuffers:   int32_t sar-width = 1
05-29 21:37:12.428  9385 11108 D CCodecBuffers:   Rect crop(0, 0, 853, 479)
05-29 21:37:12.428  9385 11108 D CCodecBuffers:   int32_t width = 854
05-29 21:37:12.428  9385 11108 D CCodecBuffers:   int32_t feature-secure-playback = 0
05-29 21:37:12.428  9385 11108 D CCodecBuffers:   int32_t frame-rate = 30
05-29 21:37:12.428  9385 11108 D CCodecBuffers:   Buffer hdr10-plus-info = {
05-29 21:37:12.428  9385 11108 D CCodecBuffers:   }
05-29 21:37:12.428  9385 11108 D CCodecBuffers:   int32_t height = 480
05-29 21:37:12.428  9385 11108 D CCodecBuffers:   int32_t max-height = 480
05-29 21:37:12.428  9385 11108 D CCodecBuffers:   int32_t max-width = 854
05-29 21:37:12.428  9385 11108 D CCodecBuffers:   string mime = "video/raw"
05-29 21:37:12.428  9385 11108 D CCodecBuffers:   int32_t priority = 0
05-29 21:37:12.428  9385 11108 D CCodecBuffers:   int32_t color-format = 2130708361
05-29 21:37:12.428  9385 11108 D CCodecBuffers: }
05-29 21:37:12.428  1847 11109 E QC2V4l2Driver: [vp9D_290] failed to set format on port:OUT
05-29 21:37:12.428  1847 11109 E QC2V4l2Codec: [vp9D_290] Failed to set resolution and buffer size for OUT port
05-29 21:37:12.428  1847 11109 E QC2Comp : [vp9D_290] handleQueue: Codec failed to configure !!
05-29 21:37:12.428  9385 11107 I MediaCodec: [0xb40000705ed75320] dequeue first output frame, timeUs = 0
05-29 21:37:12.433  9385  9467 E chromium: [ERROR:media/gpu/android/frame_info_helper.cc:231] Guessed coded size incorrectly. Expected 856x480, got 854x480
05-29 21:37:12.449  9385  9408 W qdgralloc: getInterlacedFlag: getMetaData returned -22, defaulting to interlaced_flag = 0
05-29 21:37:12.468 17107 17123 V DlbVolumeListener: effectCommand
05-29 21:37:12.468 17107 17123 D DlbDlbEffect: handle_EFFECT_CMD_SET_DEVICE(device=0x00000002)
05-29 21:37:12.468 17107 17123 D DlbDapEndpointParamCache: setDevice(device=0x00000002)
05-29 21:37:12.469  1820  1820 D DMSService: setActiveDevice called with device = 0x2 (original 0x2)
05-29 21:37:12.469 17107 17123 D AHAL: AudioDevice: CreateAudioPatch: 506: enter: num sources 1, num_sinks 1
05-29 21:37:12.469 17107 17123 D AHAL: AudioDevice: CreateAudioPatch: 521: source role 1, source type 2
05-29 21:37:12.469 17107 17123 D AHAL: AudioDevice: CreateAudioPatch: 549: Playback patch from mix handle 29 to device 2
05-29 21:37:12.469 17107 17123 I AHAL: AudioDevice: OutGetStream: 1340: Found existing stream associated with iohandle 29
05-29 21:37:12.469 17107 17123 D AHAL: AudioVoice: RouteStream: 474: Enter
05-29 21:37:12.469 17107 17123 D AHAL: AudioVoice: GetMatchingTxDevices: 461: out device for speaker mic 0
05-29 21:37:12.469 17107 17123 D AHAL: AudioVoice: RouteStream: 503: Routing is 2
05-29 21:37:12.469 17107 17123 D AHAL: AudioDevice: GetPalDeviceIds: 2587: haldeviceIds: 1
05-29 21:37:12.469 17107 17123 D AHAL: AudioDevice: GetPalDeviceIds: 2594: Found haldeviceId: 2 and PAL Device ID 3
05-29 21:37:12.469 17107 17123 D AHAL: AudioDevice: GetPalDeviceIds: 2613: devices allocated 1, pal device ids before returning 1
05-29 21:37:12.469 17107 17123 D AHAL: AudioDevice: GetPalDeviceIds: 2587: haldeviceIds: 1
05-29 21:37:12.469 17107 17123 D AHAL: AudioDevice: GetPalDeviceIds: 2594: Found haldeviceId: 80000080 and PAL Device ID 26
05-29 21:37:12.469 17107 17123 D AHAL: AudioDevice: GetPalDeviceIds: 2613: devices allocated 1, pal device ids before returning 1
05-29 21:37:12.469 17107 17123 D AHAL: AudioVoice: RouteStream: 538: Exit ret: 0
05-29 21:37:12.470 17107 17123 I AHAL: AudioStream: RouteStream: 2354: enter: usecase(0: deep-buffer-playback) devices 0x2, num devices 1
05-29 21:37:12.470 17107 17123 D AHAL: AudioStream: RouteStream: 2357: mAndroidOutDevices 2, mNoOfOutDevices 1
05-29 21:37:12.470 17107 17123 D AHAL: AudioDevice: GetPalDeviceIds: 2587: haldeviceIds: 1
05-29 21:37:12.470 17107 17123 D AHAL: AudioDevice: GetPalDeviceIds: 2594: Found haldeviceId: 2 and PAL Device ID 3
05-29 21:37:12.470 17107 17123 D AHAL: AudioDevice: GetPalDeviceIds: 2613: devices allocated 1, pal device ids before returning 1
05-29 21:37:12.470 17107 17123 D AHAL: AudioStream: RouteStream: 2436: noPalDevices: 1 , new_devices: 1
05-29 21:37:12.470 17107 17123 I PAL: ResourceManager: getParameter: 8222: get parameter for HIFI PCM Filter
05-29 21:37:12.470 17107 17123 D AHAL: AudioStream: RouteStream: 2540: exit 0
05-29 21:37:12.470 17107 17123 D AHAL: AudioDevice: CreateAudioPatch: 621: Exit ret: 0
05-29 21:37:12.471 17106 17222 D audioserver: FGS Logger Transaction failed
05-29 21:37:12.471 17106 17222 D audioserver: -129
05-29 21:37:12.472 17106 17222 W AidlConversionCppNdk: legacy2aidl_audio_channel_mask_t_AudioChannelLayout: no AudioChannelLayout found for legacy output audio_channel_mask_t value 0x10
05-29 21:37:12.473 30020 30211 D Avrcp_ext: AudioManager Player: AudioPlaybackConfiguration piid:892671 deviceId:0 type:AAudio u/pid:10401/9385 state:idle attr:AudioAttributes: usage=USAGE_MEDIA content=CONTENT_TYPE_UNKNOWN source=DEFAULT flags=0x400 tags= bundle=null sessionId:-1 mutedState:none  FormatInfo{isSpatialized=false, channelMask=0x3, sampleRate=48000}
05-29 21:37:12.474 30020 30211 D Avrcp_ext: AudioManager Player: AudioPlaybackConfiguration piid:71 deviceId:0 type:android.media.SoundPool u/pid:10342/3848 state:idle attr:AudioAttributes: usage=USAGE_ASSISTANCE_SONIFICATION content=CONTENT_TYPE_SONIFICATION flags=0x800 tags= bundle=null sessionId:0 mutedState:none  FormatInfo{isSpatialized=false, channelMask=0x0, sampleRate=0}
05-29 21:37:12.474 17106 14139 W AidlConversionCppNdk: legacy2aidl_audio_channel_mask_t_AudioChannelLayout: no AudioChannelLayout found for legacy output audio_channel_mask_t value 0x10
05-29 21:37:12.474 17106 17157 W AidlConversionCppNdk: legacy2aidl_audio_channel_mask_t_AudioChannelLayout: no AudioChannelLayout found for legacy output audio_channel_mask_t value 0x10
05-29 21:37:12.474  3090  3777 W AidlConversionCppNdk: aidl2legacy_AudioChannelLayout_audio_channel_mask_t: no legacy output audio_channel_mask_t found for AudioChannelLayout{layoutMask: 16}
05-29 21:37:12.475 30020 30053 W AidlConversionCppNdk: aidl2legacy_AudioChannelLayout_audio_channel_mask_t: no legacy output audio_channel_mask_t found for AudioChannelLayout{layoutMask: 16}
05-29 21:37:12.475 17106 17220 W AidlConversionCppNdk: legacy2aidl_audio_channel_mask_t_AudioChannelLayout: no AudioChannelLayout found for legacy output audio_channel_mask_t value 0x10
05-29 21:37:12.476 17107 17123 V DlbVolumeListener: effectCommand
05-29 21:37:12.476 17107 17123 V DlbVolumeListener: effectCommand :: Command EFFECT_CMD_ENABLE
05-29 21:37:12.477  9385  9416 W AidlConversionCppNdk: aidl2legacy_AudioChannelLayout_audio_channel_mask_t: no legacy output audio_channel_mask_t found for AudioChannelLayout{layoutMask: 16}
05-29 21:37:12.477 17107 17270 D DlbDapCrossfadeProcess: process transitioning from FADE_TO_ACTIVE state to PROCESS_ACTIVE
05-29 21:37:12.477 30020 30211 D Avrcp_ext: AudioManager Player: AudioPlaybackConfiguration piid:892199 deviceId:0 type:android.media.MediaPlayer u/pid:10392/684 state:idle attr:AudioAttributes: usage=USAGE_NOTIFICATION_RINGTONE content=CONTENT_TYPE_SONIFICATION flags=0x800 tags= bundle=null sessionId:892553 mutedState:none  FormatInfo{isSpatialized=false, channelMask=0x0, sampleRate=0}
05-29 21:37:12.477 17106 17220 W AidlConversionCppNdk: legacy2aidl_audio_channel_mask_t_AudioChannelLayout: no AudioChannelLayout found for legacy output audio_channel_mask_t value 0x10
05-29 21:37:12.477 30020 30211 D Avrcp_ext: AudioManager Player: AudioPlaybackConfiguration piid:63 deviceId:0 type:android.media.SoundPool u/pid:1000/3090 state:idle attr:AudioAttributes: usage=USAGE_ASSISTANCE_SONIFICATION content=CONTENT_TYPE_SONIFICATION flags=0x800 tags= bundle=null sessionId:0 mutedState:none  FormatInfo{isSpatialized=false, channelMask=0x0, sampleRate=0}
