--------- beginning of main
05-29 21:36:57.072  9385 11045 W BufferQueueProducer: [ImageReader-1x1f22u256m2-9385-6](id:24a90000000d,api:3,p:9385,c:9385) detachBuffer: slot 31 is not owned by the producer (state = FREE)
05-29 21:36:57.072 30020 30211 W Avrcp_ext: updateCurrentMediaState: isInactivePlayer = false
05-29 21:36:57.072  9385 11045 W BufferQueueProducer: [ImageReader-1x1f22u256m2-9385-6](id:24a90000000d,api:3,p:9385,c:9385) detachBuffer: slot 32 is not owned by the producer (state = FREE)
05-29 21:36:57.072 30020 30211 V Avrcp_ext: updatePlaybackState, state: PlaybackState {state=PLAYING(3), position=0, buffered position=0, speed=1.0, updated=198641689, actions=7339703, custom actions=[], active item id=0, error=null} device: null
05-29 21:36:57.072 30020 30211 V Avrcp_ext: Device: no name: 
05-29 21:36:57.072 30020 30211 V Avrcp_ext: Device: no name: 
05-29 21:36:57.072 30020 30211 V Avrcp_ext: Device: no name: 
05-29 21:36:57.072  9385 11045 W BufferQueueProducer: [ImageReader-1x1f22u256m2-9385-6](id:24a90000000d,api:3,p:9385,c:9385) detachBuffer: slot 33 is not owned by the producer (state = FREE)
05-29 21:36:57.072 30020 30211 V Avrcp_ext: Device: no name: 
05-29 21:36:57.072 30020 30211 V Avrcp_ext: Device: no name: 
05-29 21:36:57.072 30020 30211 V Avrcp_ext: updatePlayerStateAndPosition, old=PlaybackState {state=PLAYING(3), position=0, buffered position=0, speed=1.0, updated=198641055, actions=7339703, custom actions=[], active item id=0, error=null}, state=PlaybackState {state=PLAYING(3), position=0, buffered position=0, speed=1.0, updated=198641689, actions=7339703, custom actions=[], active item id=0, error=null}
05-29 21:36:57.072  9385 11045 W BufferQueueProducer: [ImageReader-1x1f22u256m2-9385-6](id:24a90000000d,api:3,p:9385,c:9385) detachBuffer: slot 34 is not owned by the producer (state = FREE)
05-29 21:36:57.072 30020 30211 V Avrcp_ext: old state = PlaybackState {state=PLAYING(3), position=0, buffered position=0, speed=1.0, updated=198641055, actions=7339703, custom actions=[], active item id=0, error=null}, new state= PlaybackState {state=PLAYING(3), position=0, buffered position=0, speed=1.0, updated=198641689, actions=7339703, custom actions=[], active item id=0, error=null}
05-29 21:36:57.073  9385 11045 W BufferQueueProducer: [ImageReader-1x1f22u256m2-9385-6](id:24a90000000d,api:3,p:9385,c:9385) detachBuffer: slot 35 is not owned by the producer (state = FREE)
05-29 21:36:57.073 30020 30211 D HeadsetService: getHeadsetService(): returning com.android.bluetooth.hfp.HeadsetService@b4478ad
05-29 21:36:57.073 30020 30211 E HeadsetStateMachine: returning mCurrentState as Disconnected
05-29 21:36:57.073 30020 30211 D HeadsetService:  isAudioOn: The number of audio connected devices 0
05-29 21:36:57.073  9385 11045 W BufferQueueProducer: [ImageReader-1x1f22u256m2-9385-6](id:24a90000000d,api:3,p:9385,c:9385) detachBuffer: slot 36 is not owned by the producer (state = FREE)
05-29 21:36:57.073 30020 30211 D HeadsetService: isScoOrCallActive(): Call Active:falseCall is Ringing:falseSCO is Active:false
05-29 21:36:57.073  9385 11045 W BufferQueueProducer: [ImageReader-1x1f22u256m2-9385-6](id:24a90000000d,api:3,p:9385,c:9385) detachBuffer: slot 37 is not owned by the producer (state = FREE)
05-29 21:36:57.073 30020 30211 E HeadsetStateMachine: returning mCurrentState as Disconnected
05-29 21:36:57.073 30020 30211 D HeadsetService:  isAudioOn: The number of audio connected devices 0
05-29 21:36:57.073 30020 30211 V Avrcp_ext: isPlayStateTobeUpdated: device: null
05-29 21:36:57.073 30020 30211 V Avrcp_ext: Single connection exists
05-29 21:36:57.073 30020 30211 E HeadsetStateMachine: returning mCurrentState as Disconnected
05-29 21:36:57.073 30020 30211 D HeadsetService:  isAudioOn: The number of audio connected devices 0
05-29 21:36:57.073  9385 11045 W BufferQueueProducer: [ImageReader-1x1f22u256m2-9385-6](id:24a90000000d,api:3,p:9385,c:9385) detachBuffer: slot 38 is not owned by the producer (state = FREE)
05-29 21:36:57.073 30020 30211 D HeadsetService: isScoOrCallActive(): Call Active:falseCall is Ringing:falseSCO is Active:false
05-29 21:36:57.073 30020 30211 E HeadsetStateMachine: returning mCurrentState as Disconnected
05-29 21:36:57.073 30020 30211 D HeadsetService:  isAudioOn: The number of audio connected devices 0
05-29 21:36:57.073 30020 30211 V Avrcp_ext: isPlayStateTobeUpdated: device: null
05-29 21:36:57.073 30020 30211 V Avrcp_ext: Single connection exists
05-29 21:36:57.073 30020 30211 E HeadsetStateMachine: returning mCurrentState as Disconnected
05-29 21:36:57.073  9385 11045 W BufferQueueProducer: [ImageReader-1x1f22u256m2-9385-6](id:24a90000000d,api:3,p:9385,c:9385) detachBuffer: slot 39 is not owned by the producer (state = FREE)
05-29 21:36:57.073 30020 30211 D HeadsetService:  isAudioOn: The number of audio connected devices 0
05-29 21:36:57.073 30020 30211 D HeadsetService: isScoOrCallActive(): Call Active:falseCall is Ringing:falseSCO is Active:false
05-29 21:36:57.073 30020 30211 E HeadsetStateMachine: returning mCurrentState as Disconnected
05-29 21:36:57.073 30020 30211 D HeadsetService:  isAudioOn: The number of audio connected devices 0
05-29 21:36:57.073 30020 30211 V Avrcp_ext: isPlayStateTobeUpdated: device: null
05-29 21:36:57.073 30020 30211 V Avrcp_ext: Single connection exists
05-29 21:36:57.073  9385 11045 W BufferQueueProducer: [ImageReader-1x1f22u256m2-9385-6](id:24a90000000d,api:3,p:9385,c:9385) detachBuffer: slot 40 is not owned by the producer (state = FREE)
05-29 21:36:57.073 30020 30211 E HeadsetStateMachine: returning mCurrentState as Disconnected
05-29 21:36:57.073 30020 30211 D HeadsetService:  isAudioOn: The number of audio connected devices 0
05-29 21:36:57.073 30020 30211 D HeadsetService: isScoOrCallActive(): Call Active:falseCall is Ringing:falseSCO is Active:false
05-29 21:36:57.073 30020 30211 E HeadsetStateMachine: returning mCurrentState as Disconnected
05-29 21:36:57.073 30020 30211 D HeadsetService:  isAudioOn: The number of audio connected devices 0
05-29 21:36:57.073 30020 30211 V Avrcp_ext: isPlayStateTobeUpdated: device: null
05-29 21:36:57.073  9385  9408 W qdgralloc: getInterlacedFlag: getMetaData returned -22, defaulting to interlaced_flag = 0
05-29 21:36:57.073 30020 30211 V Avrcp_ext: Single connection exists
05-29 21:36:57.073 30020 30211 E HeadsetStateMachine: returning mCurrentState as Disconnected
05-29 21:36:57.073 30020 30211 D HeadsetService:  isAudioOn: The number of audio connected devices 0
05-29 21:36:57.073 30020 30211 D HeadsetService: isScoOrCallActive(): Call Active:falseCall is Ringing:falseSCO is Active:false
05-29 21:36:57.073  9385 11045 W BufferQueueProducer: [ImageReader-1x1f22u256m2-9385-6](id:24a90000000d,api:3,p:9385,c:9385) detachBuffer: slot 41 is not owned by the producer (state = FREE)
05-29 21:36:57.073 30020 30211 E HeadsetStateMachine: returning mCurrentState as Disconnected
05-29 21:36:57.073 30020 30211 D HeadsetService:  isAudioOn: The number of audio connected devices 0
05-29 21:36:57.073 30020 30211 V Avrcp_ext: isPlayStateTobeUpdated: device: null
05-29 21:36:57.073  9385 11045 W BufferQueueProducer: [ImageReader-1x1f22u256m2-9385-6](id:24a90000000d,api:3,p:9385,c:9385) detachBuffer: slot 42 is not owned by the producer (state = FREE)
05-29 21:36:57.073 30020 30211 V Avrcp_ext: Single connection exists
05-29 21:36:57.073 30020 30211 D Avrcp_ext: Enter sendPlayPosNotificationRsp
05-29 21:36:57.073 30020 30211 D Avrcp_ext: sendPlayPosNotificationRsp: Not registered or requesting.
05-29 21:36:57.073 30020 30211 D Avrcp_ext: Enter sendPlayPosNotificationRsp
05-29 21:36:57.073 30020 30211 D Avrcp_ext: sendPlayPosNotificationRsp: Not registered or requesting.
05-29 21:36:57.073 30020 30211 D Avrcp_ext: Enter sendPlayPosNotificationRsp
05-29 21:36:57.073 30020 30211 D Avrcp_ext: sendPlayPosNotificationRsp: Not registered or requesting.
05-29 21:36:57.073 30020 30211 D Avrcp_ext: Enter sendPlayPosNotificationRsp
05-29 21:36:57.073 30020 30211 D Avrcp_ext: sendPlayPosNotificationRsp: Not registered or requesting.
05-29 21:36:57.073 30020 30211 D Avrcp_ext: Enter sendPlayPosNotificationRsp
05-29 21:36:57.073 30020 30211 D Avrcp_ext: sendPlayPosNotificationRsp: Not registered or requesting.
05-29 21:36:57.073 30020 30211 V Avrcp_ext: Exit updatePlayerStateAndPosition
05-29 21:36:57.073 30020 30211 D APM: ActiveDeviceManagerServiceLegacy: getActiveAbsoluteDevice(): device: null
05-29 21:36:57.073  9385 11045 W BufferQueueProducer: [ImageReader-1x1f22u256m2-9385-6](id:24a90000000d,api:3,p:9385,c:9385) detachBuffer: slot 43 is not owned by the producer (state = FREE)
05-29 21:36:57.073 30020 30211 D APM: ActiveDeviceManagerServiceLegacy: isStableState(): true
05-29 21:36:57.073 30020 30211 D Avrcp_ext: isAdmStable = true activeAbsAddr = null device = null
05-29 21:36:57.073 30020 30211 V APM: MediaControlManager: onPlaybackStateChanged
05-29 21:36:57.073 30020 30211 W McpService: updatePlaybackState state PlaybackState {state=PLAYING(3), position=0, buffered position=0, speed=1.0, updated=198641689, actions=7339703, custom actions=[], active item id=0, error=null}
05-29 21:36:57.073 30020 30211 W McpService: updatePlaybackState mState: 1 state: 1
05-29 21:36:57.073  9385 11045 W BufferQueueProducer: [ImageReader-1x1f22u256m2-9385-6](id:24a90000000d,api:3,p:9385,c:9385) detachBuffer: slot 44 is not owned by the producer (state = FREE)
05-29 21:36:57.074 30020 30211 W Avrcp_ext: updated player state = PlaybackState {state=PLAYING(3), position=0, buffered position=0, speed=1.0, updated=198641689, actions=7339703, custom actions=[], active item id=0, error=null}to MCP module also
05-29 21:36:57.074 30020 30211 V Avrcp_ext: Exit handleMessage
05-29 21:36:57.074  9385 11045 W BufferQueueProducer: [ImageReader-1x1f22u256m2-9385-6](id:24a90000000d,api:3,p:9385,c:9385) detachBuffer: slot 45 is not owned by the producer (state = FREE)
05-29 21:36:57.074  9385 11045 W BufferQueueProducer: [ImageReader-1x1f22u256m2-9385-6](id:24a90000000d,api:3,p:9385,c:9385) detachBuffer: slot 46 is not owned by the producer (state = FREE)
05-29 21:36:57.074  9385 11045 W BufferQueueProducer: [ImageReader-1x1f22u256m2-9385-6](id:24a90000000d,api:3,p:9385,c:9385) detachBuffer: slot 47 is not owned by the producer (state = FREE)
05-29 21:36:57.074  9385 11045 W BufferQueueProducer: [ImageReader-1x1f22u256m2-9385-6](id:24a90000000d,api:3,p:9385,c:9385) detachBuffer: slot 48 is not owned by the producer (state = FREE)
05-29 21:36:57.074  9385 11045 W BufferQueueProducer: [ImageReader-1x1f22u256m2-9385-6](id:24a90000000d,api:3,p:9385,c:9385) detachBuffer: slot 49 is not owned by the producer (state = FREE)
05-29 21:36:57.074  9385 11045 W BufferQueueProducer: [ImageReader-1x1f22u256m2-9385-6](id:24a90000000d,api:3,p:9385,c:9385) detachBuffer: slot 50 is not owned by the producer (state = FREE)
05-29 21:36:57.075  9385 11045 W BufferQueueProducer: [ImageReader-1x1f22u256m2-9385-6](id:24a90000000d,api:3,p:9385,c:9385) detachBuffer: slot 51 is not owned by the producer (state = FREE)
05-29 21:36:57.075  9385 11045 W BufferQueueProducer: [ImageReader-1x1f22u256m2-9385-6](id:24a90000000d,api:3,p:9385,c:9385) detachBuffer: slot 52 is not owned by the producer (state = FREE)
05-29 21:36:57.075  9385 11045 W BufferQueueProducer: [ImageReader-1x1f22u256m2-9385-6](id:24a90000000d,api:3,p:9385,c:9385) detachBuffer: slot 53 is not owned by the producer (state = FREE)
05-29 21:36:57.075  9385 11045 W BufferQueueProducer: [ImageReader-1x1f22u256m2-9385-6](id:24a90000000d,api:3,p:9385,c:9385) detachBuffer: slot 54 is not owned by the producer (state = FREE)
05-29 21:36:57.075  9385 11045 W BufferQueueProducer: [ImageReader-1x1f22u256m2-9385-6](id:24a90000000d,api:3,p:9385,c:9385) detachBuffer: slot 55 is not owned by the producer (state = FREE)
05-29 21:36:57.075  9385 11045 W BufferQueueProducer: [ImageReader-1x1f22u256m2-9385-6](id:24a90000000d,api:3,p:9385,c:9385) detachBuffer: slot 56 is not owned by the producer (state = FREE)
05-29 21:36:57.075  9385 11045 W BufferQueueProducer: [ImageReader-1x1f22u256m2-9385-6](id:24a90000000d,api:3,p:9385,c:9385) detachBuffer: slot 57 is not owned by the producer (state = FREE)
05-29 21:36:57.075  9385 11045 W BufferQueueProducer: [ImageReader-1x1f22u256m2-9385-6](id:24a90000000d,api:3,p:9385,c:9385) detachBuffer: slot 58 is not owned by the producer (state = FREE)
05-29 21:36:57.075  9385 11045 W BufferQueueProducer: [ImageReader-1x1f22u256m2-9385-6](id:24a90000000d,api:3,p:9385,c:9385) detachBuffer: slot 59 is not owned by the producer (state = FREE)
05-29 21:36:57.075  9385 11045 W BufferQueueProducer: [ImageReader-1x1f22u256m2-9385-6](id:24a90000000d,api:3,p:9385,c:9385) detachBuffer: slot 60 is not owned by the producer (state = FREE)
05-29 21:36:57.075  9385 11045 W BufferQueueProducer: [ImageReader-1x1f22u256m2-9385-6](id:24a90000000d,api:3,p:9385,c:9385) detachBuffer: slot 61 is not owned by the producer (state = FREE)
05-29 21:36:57.075  9385 11045 W BufferQueueProducer: [ImageReader-1x1f22u256m2-9385-6](id:24a90000000d,api:3,p:9385,c:9385) detachBuffer: slot 62 is not owned by the producer (state = FREE)
05-29 21:36:57.075  9385 11045 W BufferQueueProducer: [ImageReader-1x1f22u256m2-9385-6](id:24a90000000d,api:3,p:9385,c:9385) detachBuffer: slot 63 is not owned by the producer (state = FREE)
05-29 21:36:57.078  1847  1847 D C2BqBuffer: local generation change 9610254 , bqId: 40308268072974 migrated buffers # 17
05-29 21:36:57.078  9385 11045 D Codec2Client: Surface configure completed
05-29 21:36:57.078  9385 11045 D SurfaceUtils: disconnecting from surface 0xb40000723ecd1010, reason disconnectFromSurface
05-29 21:36:57.078  9385 11045 D Surface : Surface::disconnect
05-29 21:36:57.078  9385 11045 D BufferQueueProducer: [ImageReader-1x1f22u256m2-9385-6](id:24a90000000d,api:3,p:9385,c:9385) disconnect: api 3
05-29 21:36:57.079  9385 11045 D CCodecBufferChannel: [c2.qti.vp9.decoder#963] MediaCodec discarded an unknown buffer
05-29 21:36:57.079  9385 11045 D CCodecBufferChannel: [c2.qti.vp9.decoder#963] MediaCodec discarded an unknown buffer
05-29 21:36:57.079  9385 11045 D CCodecBufferChannel: [c2.qti.vp9.decoder#963] MediaCodec discarded an unknown buffer
05-29 21:36:57.079  9385 11045 D CCodecBufferChannel: [c2.qti.vp9.decoder#963] MediaCodec discarded an unknown buffer
05-29 21:36:57.079  1847 11049 I QC2Comp : [vp9D_289] Stats: Pending(0) i/p-done(0) Works: Q: 171/Done 172|Work-Rate: Q(56.3/s Avg=264.7/s) Done(56.328/s Avg=266.205/s)| Stream: 25.00fps 601.5Kbps
05-29 21:36:57.079  1847 11049 I QC2Comp : [vp9D_289] Mem-usage:  [In-1D: 5 bufs 18.691 MB] [1D-561: 21 bufs 0.328 MB] [2D-562: 26 bufs 17.469 MB] | Total: 36.488 MB
05-29 21:36:57.079  1847 11049 E QC2Comp : comp.release() is called without comp.stop()
05-29 21:36:57.079  9385  9449 W cr_MediaCodecBridge: Codec released
05-29 21:36:57.083  1847 11049 I QC2V4l2Driver: [vp9D_289] Closed device driver with fd: 6
05-29 21:36:57.084  9385  9408 W qdgralloc: getInterlacedFlag: getMetaData returned -22, defaulting to interlaced_flag = 0
05-29 21:36:57.087  1847 11049 D BufferPoolAccessor2.0: Destruction - bufferpool2 0xb400006f4ccc99e8 cached: 0/0M, 0/0% in use; allocs: 21, 0% recycled; transfers: 0, 0% unfetched
05-29 21:36:57.087  1847 11049 I QC2Comp : NOTE: handleStopCodec returning: 0 (OK=0)
05-29 21:36:57.087  1847  1847 I QC2Comp : NOTE: Release returning: 0 (OK=0)
05-29 21:36:57.087  9385 11058 W BufferQueueProducer: [MediaCodec.release](id:24a90000000e,api:3,p:9385,c:9385) detachBuffer: slot 0 is not owned by the producer (state = FREE)
05-29 21:36:57.087  9385 11058 W BufferQueueProducer: [MediaCodec.release](id:24a90000000e,api:3,p:9385,c:9385) detachBuffer: slot 1 is not owned by the producer (state = FREE)
05-29 21:36:57.087  9385 11058 W BufferQueueProducer: [MediaCodec.release](id:24a90000000e,api:3,p:9385,c:9385) detachBuffer: slot 2 is not owned by the producer (state = FREE)
05-29 21:36:57.087  9385 11058 W BufferQueueProducer: [MediaCodec.release](id:24a90000000e,api:3,p:9385,c:9385) detachBuffer: slot 3 is not owned by the producer (state = FREE)
05-29 21:36:57.087  9385 11058 W BufferQueueProducer: [MediaCodec.release](id:24a90000000e,api:3,p:9385,c:9385) detachBuffer: slot 4 is not owned by the producer (state = FREE)
05-29 21:36:57.087  9385 11058 W BufferQueueProducer: [MediaCodec.release](id:24a90000000e,api:3,p:9385,c:9385) detachBuffer: slot 5 is not owned by the producer (state = FREE)
05-29 21:36:57.087  9385 11058 W BufferQueueProducer: [MediaCodec.release](id:24a90000000e,api:3,p:9385,c:9385) detachBuffer: slot 6 is not owned by the producer (state = FREE)
05-29 21:36:57.088  9385 11058 W BufferQueueProducer: [MediaCodec.release](id:24a90000000e,api:3,p:9385,c:9385) detachBuffer: slot 7 is not owned by the producer (state = FREE)
05-29 21:36:57.088  9385 11058 W BufferQueueProducer: [MediaCodec.release](id:24a90000000e,api:3,p:9385,c:9385) detachBuffer: slot 8 is not owned by the producer (state = FREE)
05-29 21:36:57.088  9385 11058 W BufferQueueProducer: [MediaCodec.release](id:24a90000000e,api:3,p:9385,c:9385) detachBuffer: slot 9 is not owned by the producer (state = FREE)
05-29 21:36:57.088  9385 11058 W BufferQueueProducer: [MediaCodec.release](id:24a90000000e,api:3,p:9385,c:9385) detachBuffer: slot 10 is not owned by the producer (state = FREE)
05-29 21:36:57.088  9385 11058 W BufferQueueProducer: [MediaCodec.release](id:24a90000000e,api:3,p:9385,c:9385) detachBuffer: slot 11 is not owned by the producer (state = FREE)
05-29 21:36:57.088  9385 11058 W BufferQueueProducer: [MediaCodec.release](id:24a90000000e,api:3,p:9385,c:9385) detachBuffer: slot 12 is not owned by the producer (state = FREE)
05-29 21:36:57.088  9385 11058 W BufferQueueProducer: [MediaCodec.release](id:24a90000000e,api:3,p:9385,c:9385) detachBuffer: slot 13 is not owned by the producer (state = FREE)
05-29 21:36:57.088  9385 11058 W BufferQueueProducer: [MediaCodec.release](id:24a90000000e,api:3,p:9385,c:9385) detachBuffer: slot 14 is not owned by the producer (state = FREE)
05-29 21:36:57.089  9385 11058 W BufferQueueProducer: [MediaCodec.release](id:24a90000000e,api:3,p:9385,c:9385) detachBuffer: slot 15 is not owned by the producer (state = FREE)
05-29 21:36:57.089  9385 11058 W BufferQueueProducer: [MediaCodec.release](id:24a90000000e,api:3,p:9385,c:9385) detachBuffer: slot 16 is not owned by the producer (state = FREE)
05-29 21:36:57.089  9385 11058 W BufferQueueProducer: [MediaCodec.release](id:24a90000000e,api:3,p:9385,c:9385) detachBuffer: slot 17 is not owned by the producer (state = FREE)
05-29 21:36:57.089  9385 11058 W BufferQueueProducer: [MediaCodec.release](id:24a90000000e,api:3,p:9385,c:9385) detachBuffer: slot 18 is not owned by the producer (state = FREE)
05-29 21:36:57.089  9385 11058 W BufferQueueProducer: [MediaCodec.release](id:24a90000000e,api:3,p:9385,c:9385) detachBuffer: slot 19 is not owned by the producer (state = FREE)
05-29 21:36:57.089  9385 11058 W BufferQueueProducer: [MediaCodec.release](id:24a90000000e,api:3,p:9385,c:9385) detachBuffer: slot 20 is not owned by the producer (state = FREE)
05-29 21:36:57.089  9385 11058 W BufferQueueProducer: [MediaCodec.release](id:24a90000000e,api:3,p:9385,c:9385) detachBuffer: slot 21 is not owned by the producer (state = FREE)
05-29 21:36:57.089  9385 11058 W BufferQueueProducer: [MediaCodec.release](id:24a90000000e,api:3,p:9385,c:9385) detachBuffer: slot 22 is not owned by the producer (state = FREE)
05-29 21:36:57.089  9385 11058 W BufferQueueProducer: [MediaCodec.release](id:24a90000000e,api:3,p:9385,c:9385) detachBuffer: slot 23 is not owned by the producer (state = FREE)
05-29 21:36:57.090  9385  9408 W qdgralloc: getInterlacedFlag: getMetaData returned -22, defaulting to interlaced_flag = 0
05-29 21:36:57.090  9385 11058 W BufferQueueProducer: [MediaCodec.release](id:24a90000000e,api:3,p:9385,c:9385) detachBuffer: slot 24 is not owned by the producer (state = FREE)
05-29 21:36:57.090  9385 11058 W BufferQueueProducer: [MediaCodec.release](id:24a90000000e,api:3,p:9385,c:9385) detachBuffer: slot 25 is not owned by the producer (state = FREE)
05-29 21:36:57.090  9385 11058 W BufferQueueProducer: [MediaCodec.release](id:24a90000000e,api:3,p:9385,c:9385) detachBuffer: slot 26 is not owned by the producer (state = FREE)
05-29 21:36:57.090  9385 11058 W BufferQueueProducer: [MediaCodec.release](id:24a90000000e,api:3,p:9385,c:9385) detachBuffer: slot 27 is not owned by the producer (state = FREE)
05-29 21:36:57.090  9385 11058 W BufferQueueProducer: [MediaCodec.release](id:24a90000000e,api:3,p:9385,c:9385) detachBuffer: slot 28 is not owned by the producer (state = FREE)
05-29 21:36:57.090  9385 11058 W BufferQueueProducer: [MediaCodec.release](id:24a90000000e,api:3,p:9385,c:9385) detachBuffer: slot 29 is not owned by the producer (state = FREE)
05-29 21:36:57.090  9385 11058 W BufferQueueProducer: [MediaCodec.release](id:24a90000000e,api:3,p:9385,c:9385) detachBuffer: slot 30 is not owned by the producer (state = FREE)
05-29 21:36:57.090  9385 11058 W BufferQueueProducer: [MediaCodec.release](id:24a90000000e,api:3,p:9385,c:9385) detachBuffer: slot 31 is not owned by the producer (state = FREE)
05-29 21:36:57.091  9385 11058 W BufferQueueProducer: [MediaCodec.release](id:24a90000000e,api:3,p:9385,c:9385) detachBuffer: slot 32 is not owned by the producer (state = FREE)
05-29 21:36:57.091  9385 11058 W BufferQueueProducer: [MediaCodec.release](id:24a90000000e,api:3,p:9385,c:9385) detachBuffer: slot 33 is not owned by the producer (state = FREE)
05-29 21:36:57.091  9385 11058 W BufferQueueProducer: [MediaCodec.release](id:24a90000000e,api:3,p:9385,c:9385) detachBuffer: slot 34 is not owned by the producer (state = FREE)
05-29 21:36:57.091  9385 11058 W BufferQueueProducer: [MediaCodec.release](id:24a90000000e,api:3,p:9385,c:9385) detachBuffer: slot 35 is not owned by the producer (state = FREE)
05-29 21:36:57.091  9385 11058 W BufferQueueProducer: [MediaCodec.release](id:24a90000000e,api:3,p:9385,c:9385) detachBuffer: slot 36 is not owned by the producer (state = FREE)
05-29 21:36:57.091  9385 11058 W BufferQueueProducer: [MediaCodec.release](id:24a90000000e,api:3,p:9385,c:9385) detachBuffer: slot 37 is not owned by the producer (state = FREE)
05-29 21:36:57.091  9385 11058 W BufferQueueProducer: [MediaCodec.release](id:24a90000000e,api:3,p:9385,c:9385) detachBuffer: slot 38 is not owned by the producer (state = FREE)
05-29 21:36:57.091  9385 11058 W BufferQueueProducer: [MediaCodec.release](id:24a90000000e,api:3,p:9385,c:9385) detachBuffer: slot 39 is not owned by the producer (state = FREE)
05-29 21:36:57.091  9385 11058 W BufferQueueProducer: [MediaCodec.release](id:24a90000000e,api:3,p:9385,c:9385) detachBuffer: slot 40 is not owned by the producer (state = FREE)
05-29 21:36:57.091  9385 11058 W BufferQueueProducer: [MediaCodec.release](id:24a90000000e,api:3,p:9385,c:9385) detachBuffer: slot 41 is not owned by the producer (state = FREE)
05-29 21:36:57.091  9385 11058 W BufferQueueProducer: [MediaCodec.release](id:24a90000000e,api:3,p:9385,c:9385) detachBuffer: slot 42 is not owned by the producer (state = FREE)
05-29 21:36:57.091  9385 11058 W BufferQueueProducer: [MediaCodec.release](id:24a90000000e,api:3,p:9385,c:9385) detachBuffer: slot 43 is not owned by the producer (state = FREE)
05-29 21:36:57.091  9385 11058 W BufferQueueProducer: [MediaCodec.release](id:24a90000000e,api:3,p:9385,c:9385) detachBuffer: slot 44 is not owned by the producer (state = FREE)
05-29 21:36:57.091  9385 11058 W BufferQueueProducer: [MediaCodec.release](id:24a90000000e,api:3,p:9385,c:9385) detachBuffer: slot 45 is not owned by the producer (state = FREE)
05-29 21:36:57.091  9385 11058 W BufferQueueProducer: [MediaCodec.release](id:24a90000000e,api:3,p:9385,c:9385) detachBuffer: slot 46 is not owned by the producer (state = FREE)
05-29 21:36:57.092  9385 11058 W BufferQueueProducer: [MediaCodec.release](id:24a90000000e,api:3,p:9385,c:9385) detachBuffer: slot 47 is not owned by the producer (state = FREE)
05-29 21:36:57.092  9385 11058 W BufferQueueProducer: [MediaCodec.release](id:24a90000000e,api:3,p:9385,c:9385) detachBuffer: slot 48 is not owned by the producer (state = FREE)
05-29 21:36:57.092  9385 11058 W BufferQueueProducer: [MediaCodec.release](id:24a90000000e,api:3,p:9385,c:9385) detachBuffer: slot 49 is not owned by the producer (state = FREE)
05-29 21:36:57.092  9385 11058 W BufferQueueProducer: [MediaCodec.release](id:24a90000000e,api:3,p:9385,c:9385) detachBuffer: slot 50 is not owned by the producer (state = FREE)
05-29 21:36:57.092  9385 11058 W BufferQueueProducer: [MediaCodec.release](id:24a90000000e,api:3,p:9385,c:9385) detachBuffer: slot 51 is not owned by the producer (state = FREE)
05-29 21:36:57.092  9385 11058 W BufferQueueProducer: [MediaCodec.release](id:24a90000000e,api:3,p:9385,c:9385) detachBuffer: slot 52 is not owned by the producer (state = FREE)
05-29 21:36:57.092  9385 11058 W BufferQueueProducer: [MediaCodec.release](id:24a90000000e,api:3,p:9385,c:9385) detachBuffer: slot 53 is not owned by the producer (state = FREE)
05-29 21:36:57.092  9385 11058 W BufferQueueProducer: [MediaCodec.release](id:24a90000000e,api:3,p:9385,c:9385) detachBuffer: slot 54 is not owned by the producer (state = FREE)
05-29 21:36:57.092  9385 11058 W BufferQueueProducer: [MediaCodec.release](id:24a90000000e,api:3,p:9385,c:9385) detachBuffer: slot 55 is not owned by the producer (state = FREE)
05-29 21:36:57.092  9385 11058 W BufferQueueProducer: [MediaCodec.release](id:24a90000000e,api:3,p:9385,c:9385) detachBuffer: slot 56 is not owned by the producer (state = FREE)
05-29 21:36:57.092  9385 11058 W BufferQueueProducer: [MediaCodec.release](id:24a90000000e,api:3,p:9385,c:9385) detachBuffer: slot 57 is not owned by the producer (state = FREE)
05-29 21:36:57.092  9385 11058 W BufferQueueProducer: [MediaCodec.release](id:24a90000000e,api:3,p:9385,c:9385) detachBuffer: slot 58 is not owned by the producer (state = FREE)
05-29 21:36:57.092  9385 11058 W BufferQueueProducer: [MediaCodec.release](id:24a90000000e,api:3,p:9385,c:9385) detachBuffer: slot 59 is not owned by the producer (state = FREE)
05-29 21:36:57.092  9385 11058 W BufferQueueProducer: [MediaCodec.release](id:24a90000000e,api:3,p:9385,c:9385) detachBuffer: slot 60 is not owned by the producer (state = FREE)
05-29 21:36:57.093  9385 11058 W BufferQueueProducer: [MediaCodec.release](id:24a90000000e,api:3,p:9385,c:9385) detachBuffer: slot 61 is not owned by the producer (state = FREE)
05-29 21:36:57.093  9385 11058 W BufferQueueProducer: [MediaCodec.release](id:24a90000000e,api:3,p:9385,c:9385) detachBuffer: slot 62 is not owned by the producer (state = FREE)
05-29 21:36:57.093  9385 11058 W BufferQueueProducer: [MediaCodec.release](id:24a90000000e,api:3,p:9385,c:9385) detachBuffer: slot 63 is not owned by the producer (state = FREE)
05-29 21:36:57.093  1847  1847 W C2BqBuffer: invalid producer producer(0), generation(0)
05-29 21:36:57.093  9385 11045 D SurfaceUtils: disconnecting from surface 0xb40000723ed10df0, reason disconnectFromSurface
05-29 21:36:57.094  9385 11045 D Surface : Surface::disconnect
05-29 21:36:57.094  1847  1847 I hw-BpHwBinder: onLastStrongRef automatically unlinking death recipients
05-29 21:36:57.094  9385 11045 D BufferQueueProducer: [MediaCodec.release](id:24a90000000e,api:3,p:9385,c:9385) disconnect: api 3
05-29 21:36:57.094  1847  1847 I QC2CompStore: Deleting component(c2.qti.vp9.decoder) id(289)
05-29 21:36:57.094  9385 11058 I hw-BpHwBinder: onLastStrongRef automatically unlinking death recipients
05-29 21:36:57.094  1847  1847 I QC2Comp : [vp9D_289] Deallocated component c2.qti.vp9.decoder [id=289]
05-29 21:36:57.096  9385  9408 W qdgralloc: getInterlacedFlag: getMetaData returned -22, defaulting to interlaced_flag = 0
05-29 21:36:57.096  9385 11045 D MediaCodec: flushMediametrics
05-29 21:36:57.097  9385 11045 D MediaCodec: flushMediametrics
05-29 21:36:57.097  9385 11045 W MediaCodec: no metrics handle found
05-29 21:36:57.102  9385  9408 W qdgralloc: getInterlacedFlag: getMetaData returned -22, defaulting to interlaced_flag = 0
05-29 21:36:57.107  9385  9408 W qdgralloc: getInterlacedFlag: getMetaData returned -22, defaulting to interlaced_flag = 0
05-29 21:36:57.113  9385  9448 D BraveShields: blocked url=https://www.youtube.com/api/stats/atr?ns=yt&el=adunit&cpn=GofB3l1UV8Y1YLbT&ver=2&cmt=19.921&fmt=244&fs=0&rt=1.139&adformat=15_2&content_v=ilNt2bikxDI&euri&lact=358585&cl=919306992&mos=0&volume=100&cbrand=motorola&cbr=Chrome%20Mobile%20Webview&cbrver=148.0.7778.178&c=WEB&cver=2.20260528.01.00-canary_control_2.20260529.01.00&cplayer=UNIPLAYER&cmodel=edge%2030%20pro&cos=Android&cosver=14&cplatform=MOBILE&autoplay=1&delay=4&hl=en_IN&cr=IN&len=20.021&fexp=v1%2C24004644%2C49741%2C15271469%2C11737789%2C9105%2C22730%2C2821%2C124674%2C77203%2C65%2C13917%2C26504%2C9252%2C3479%2C13030%2C6258%2C16948%2C69795%2C46%2C8206%2C2625%2C1904%2C18126%2C2878%2C12227%2C25059%2C4174%2C12720%2C17727%2C18705%2C21437%2C4571%2C5236%2C7780%2C13109%2C2978%2C6621%2C2783%2C23826%2C9500%2C1840%2C1058%2C13725%2C9776%2C6962%2C2724%2C11471%2C13159%2C14527%2C16413%2C5023%2C20588%2C2364%2C1835%2C459%2C953%2C2754%2C9842%2C9681%2C2604%2C2195%2C1626%2C6491%2C9932%2C1292%2C6964%2C13302%2C16658%2C2507%2C502%2C1%2C1055%2C1428%2C2749%2C2903%2C2412%2C1168%2C4%2C368%2C490%2C1682%2C642%2C2630%2C2315%2C829%2C7557%2C6%2C347%2C4891%2C1669%2C1165%2C1131%2C4616%2C187%2C2866%2C228%2C3724%2C1102%2C8319%2C1386%2C1102%2C5585%2C2197%2C323%2C2285%2C8344&afmt=251&muted=0&conn=3&docid=5Rujo9J_iI8&ei=nrkZapXZG-OsssUPm-2q2QI&is_ad=1&plid=AAZS9wiSQ-f6T96B&vm=CAEQABgEOjJBSHFpSlRJSTNIZlB1OHprSlBBU1ZYNmg4cWFZMk0yZmZLQWlYTUNhMlFNUXRDcE41d2JaQUxkcUFQTG1pQVk0Q3BBN0xOR05aWmZvdmo2dlFCZ1ZHTE52ZnZHTjV5bGRHeDVvVTdvNWxGNDl2Qlp3cEFBcGJZZE43RnNhZmFIZV9mbG5CZ0dyQmMtM0d3&host_cpn=Ivjv9_DkER7KjAWF
05-29 21:36:57.138 17107 17270 D DlbDap2ProcessWithIht: process() called [1673500] times with input format 0x22 and channel mask 0x3 (ProcessingMode=1), htEnable=0(0, 0, 0)
05-29 21:36:57.139  9385  9385 D YouTubeWebViewConsole: level=ERROR message=Access to XMLHttpRequest at 'https://ad.doubleclick.net/ddm/activity_ext/dc_pubid=2;dc_exteid=7866411640123883776;met=1;ecn1=1;etm1=0;eid1=13;acvw=sv%3D969%26v%3D20260524%26cb%3Dyw%26e%3D4%26nas%3D1%26sdk%3Db%26p%3D0,0,259,460%26p0%3D0,0,259,460%26p1%3D0,0,259,460%26p2%3D0,0,259,460%26p3%3D0,0,259,460%26tos%3D0,0,0,0,0%26mtos%3D0,0,0,0,0%26amtos%3D0,0,0,0,0%26mtos1%3D0,0,0%26mtos2%3D0,0,0%26mtos3%3D0,0,0%26mcvt%3D0%26ps%3D460,634%26scs%3D509,1130%26bs%3D460,259%26vht%3D0%26mut%3D0%26a%3D1%26a0%3D1%26a1%3D1%26a2%3D1%26a3%3D1%26ft%3D0%26dft%3D0%26at%3D0%26dat%3D0%26as%3D1%26vpt%3D0%26gmm%3D4%26efpf%3D2%26nmt%3D0%26tcm%3D1%26bt%3D315%26pst%3D1%26dur%3D20000%26vmtime%3D19921%26dvs%3D0%26dfvs%3D0%26dvpt%3D0%26is%3D343%26i0%3D343%26i1%3D343%26i2%3D343%26i3%3D343%26ic%3D0%26cs%3D790%26c%3D1%26c0%3D1%26c1%3D1%26c2%3D1%26c3%3D1%26mc%3D1%26nc%3D1%26mv%3D1%26nv%3D1%26qmt%3D0,0,0,0,0%26qnc%3D1%26qmv%3D1%26qnv%3D1%26lte%3D1%26ces%26avms%3Dgeo%26qi%3Dw8eayWBYvUEIr3yR%26psm%3D524288%26psv%3D524288%26psfv%3D524288%26psa%3D524288%26ptlt%3D380094%26pngs%3D9,14,15s%26veid%3Dfmd%3A1%26ssb%3D0,0,0,0,0,0,0,0,0,0,0%26ss0%3D0.2%26ss1%3D0.2%26ss2%3D0.2%26ss3%3D0.2%26co%3D7600361606%26tm%3D0%26tu%3D0;gv=atos%3D0,0,0,0,0%26avt%3D0%26davs%3D0%26dafvs%3D0%26ss%3D0.2%26t%3D1780070816735;dc_eps=AHas8cB5UwbpeTnMtMIvtS5JchTh6TFnkrMcteSxff3yTzhg6_D5pj5sqCz_h3ZPmnMvT0hDlaMwv9RQ7YPElA;dc_oe=CgwIABUAAAAAHQAAAABIAFjenAFogvmK1AGCATQKDAgAFQAAAAAdAAAAABIMCAAVAAAAAB0AAAAAIhQIz9eduVioApHN1_kCsAKrw4XqA0A7igG7Amh0dHBzOi8vbGluay5ibGlua2l0LmNvbS9iLzlsY2Q2ZnJjP3V0bV9zb3VyY2U9eW91dHViZSZ1dG1fbWVkaXVtPXByb2dfdmlkZW8mdXRtX2NvbnRlbnQ9Z2FyX3NraW5fb3RoZXItZnJlc2hhbmRicmlnaHRfZ2Fybmllci1mbmJsYXVuY2gtYXByanVuMjAyNl8yMTA4NjE5MzImdXRtX3Rlcm09Zm5ieXRub25za2lwdGZoaW5nbGlzaF9sb2NhbF92aWRlb2xhbmRzY2FwZV94X2J1eS1ub3dfdW5za2lwX3Byb2dyYW1tYXRpY19ub19lLWJsaW5raXRfb3RoZXItZm5iX25hX2RlbGhpbmNyJmdhZF9zb3VyY2U9MiZnYWRfY2FtcGFpZ25pZD0yMzc0MjM0NDE0Mw?ase=2&nis=6' from origin 'https://www.youtube.com' has been blocked by CORS policy: No 'Access-Control-Allow-Origin' header is present on the requested resource. line=0 source=https://www.youtube.com/watch?v=ilNt2bikxDI
05-29 21:36:57.298 17106 17177 D audioserver: FGS Logger Transaction failed
05-29 21:36:57.298 17106 17177 D audioserver: -129
05-29 21:36:57.300 17107 17123 V DlbVolumeListener: effectCommand
05-29 21:36:57.300 17107 17123 V DlbVolumeListener: effectCommand :: Command EFFECT_CMD_DISABLE
05-29 21:36:57.300 17107 17239 D MotSpeakerHelper: Speaker ON: volume 0.500000 (step 12), usecase SAFE
05-29 21:36:57.300 17107 17239 D MotSpeakerHelper: Setting speaker trim 84 (0 dB, 0 dB)
05-29 21:36:57.300 17107 17239 D MotSpeakerHelper: Speaker ON: volume 0.500000 (step 12), usecase SAFE
05-29 21:36:57.300 17107 17239 D MotSpeakerHelper: Setting speaker trim 84 (0 dB, 0 dB)
05-29 21:36:57.302 17107 17239 D MotSpeakerHelper: Speaker ON: volume 0.500000 (step 12), usecase SAFE
05-29 21:36:57.302 17107 17239 D MotSpeakerHelper: Setting speaker trim 84 (0 dB, 0 dB)
05-29 21:36:57.302 17107 17239 D MotSpeakerHelper: Speaker ON: volume 0.500000 (step 12), usecase SAFE
05-29 21:36:57.302 17107 17239 D MotSpeakerHelper: Setting speaker trim 84 (0 dB, 0 dB)
05-29 21:36:57.302 17107 17107 V DlbVolumeListener: effectCommand
05-29 21:36:57.302 17107 17107 V DlbVolumeListener: effectCommand :: Command EFFECT_CMD_SET_CONFIG
05-29 21:36:57.302 17107 17107 V DlbVolumeListener: effectCommand
05-29 21:36:57.302 17107 17107 V DlbVolumeListener: effectCommand :: Command EFFECT_CMD_SET_CONFIG
05-29 21:36:57.302 17106 17163 W audioserver: Binder 0xb400007a52de6408 destroyed after setMinSchedulerPolicy before being parceled.
05-29 21:36:57.303 17107 17107 V DlbVolumeListener: release(handle=0xb400006ff2d9de70)
05-29 21:36:57.303 17106 17163 W audioserver: Binder 0xb400007a52de33e8 destroyed after setMinSchedulerPolicy before being parceled.
05-29 21:36:57.303 17106 17163 D APM_AudioPolicyManager: stopOutput() output 29, stream 3, session 893065
05-29 21:36:57.304 17107 17123 D DlbDlbEffect: handle_EFFECT_CMD_DISABLE()
05-29 21:36:57.304 17107 17123 D DlbEffectDap: updateProcessEnabled(enabled=0, bypassed=0)
05-29 21:36:57.304 17107 17123 D DlbCrossfadeProcess: setEnabled transitioning from PROCESS_ACTIVE state to FADE_TO_BYPASS
05-29 21:36:57.305 17107 17123 D DlbDlbEffect: handle_EFFECT_CMD_SET_CONFIG()
05-29 21:36:57.305 17107 17123 D DlbDapEffectContext: updateInputFormat() mIsDmsContentProcEnabled: 1, channels: 0x3, mCurrentDevice: 0x2, mAudioFlags: 0x200
05-29 21:36:57.305 17107 17123 D DlbDap2ProcessWithIht: setHTParam: mIsBinauralInput: 0
05-29 21:36:57.305 17107 17123 D DlbDap2ProcessWithIht: DAP input format is 0x22 with input channel mask 0x3
05-29 21:36:57.305 17107 17123 D DlbDlbEffect: handle_EFFECT_CMD_SET_CONFIG()
05-29 21:36:57.305 17107 17123 D DlbDapEffectContext: updateInputFormat() mIsDmsContentProcEnabled: 1, channels: 0x3, mCurrentDevice: 0x2, mAudioFlags: 0x200
05-29 21:36:57.305 17107 17123 D DlbDap2ProcessWithIht: setHTParam: mIsBinauralInput: 0
05-29 21:36:57.305 17107 17123 D DlbDap2ProcessWithIht: DAP input format is 0x22 with input channel mask 0x3
05-29 21:36:57.305 17107 17123 D DlbDlbEffect: handle_EFFECT_CMD_SET_DEVICE(device=0x00000002)
05-29 21:36:57.305 17107 17123 D DlbDapEndpointParamCache: setDevice(device=0x00000002)
05-29 21:36:57.306  1820  1820 D DMSService: setActiveDevice called with device = 0x2 (original 0x2)
05-29 21:36:57.306 17107 17123 D DlbEffectDap: setAudioMode(mode = 0)
05-29 21:36:57.306 17107 17123 D DlbEffectContext: addPregainObserver(): Pregain observer added for audio io 13 and Dolby effect type 0
05-29 21:36:57.306 17107 17123 D DlbDlbEffect: handle_EFFECT_CMD_ENABLE()
05-29 21:36:57.306 17107 17123 D DlbEffectDap: updateProcessEnabled(enabled=1, bypassed=0)
05-29 21:36:57.306 17107 17123 D DlbCrossfadeProcess: setEnabled transitioning from FADE_TO_BYPASS state to FADE_TO_ACTIVE
05-29 21:36:57.306 17106 17163 D AudioFlinger: moveEffectChain_l: successful move of session 0 from srcThread 0xb400007b52ebc910 to dstThread 0xb400007b5542e910 (1 effects moved, 1 effects started)
05-29 21:36:57.343  7679 10970 I NearbyMediums: No BLE Fast/GATT advertisements found in the latest cycle.
05-29 21:36:57.343  7679 10970 I NearbyMediums: Current Tracked Scanning Clients are : {NearbyConnections.EnvironmentMonitor, NearbySharing, NearbyConnections.TxAdvertisement}
05-29 21:36:57.419  9385  9448 D BraveShields: blocked url=https://www.youtube.com/youtubei/v1/log_event?alt=json
05-29 21:36:57.472  9385  9448 D BraveShields: blocked url=https://googleads.g.doubleclick.net/pagead/id
05-29 21:36:57.474  9385  9385 D YouTubeWebViewConsole: level=ERROR message=Access to XMLHttpRequest at 'https://googleads.g.doubleclick.net/pagead/id' from origin 'https://www.youtube.com' has been blocked by CORS policy: No 'Access-Control-Allow-Origin' header is present on the requested resource. line=0 source=https://www.youtube.com/watch?v=ilNt2bikxDI
05-29 21:36:57.505  9385  9448 D BraveShields: blocked url=https://www.youtube.com/youtubei/v1/log_event?alt=json
05-29 21:36:57.553  7930  8496 D CmdCenter: - RowBase2: sPrevModStatus: 1, modStatus: 1
05-29 21:36:57.554  7930  8496 D CmdCenter: - RowBase2: sPrevBatStatus: 2, status: 2
05-29 21:36:57.554  7930  8496 D CmdCenter: - RowBase2: sPrevChargeRate = 1, new = 1
05-29 21:36:57.554  7930  8496 D CmdCenter: - RowBase2: sPrevPlugType: 2 plugType: 2
05-29 21:36:57.842 30020 30211 V Avrcp_ext: onPlaybackStateChanged: state PlaybackState {state=PLAYING(3), position=0, buffered position=0, speed=1.0, updated=198642460, actions=7339703, custom actions=[], active item id=0, error=null}
05-29 21:36:57.842 30020 30211 V APM: MediaControlManager: onPlaybackStateChanged
05-29 21:36:57.842 30020 30211 W McpService: updatePlaybackState state PlaybackState {state=PLAYING(3), position=0, buffered position=0, speed=1.0, updated=198642460, actions=7339703, custom actions=[], active item id=0, error=null}
05-29 21:36:57.842 30020 30211 W McpService: updatePlaybackState mState: 1 state: 1
05-29 21:36:57.843 30020 30211 V Avrcp_ext: updateCurrentMediaState: mMediaController: MediaController (com.deepeye.musicpro@41e7c7e) Chaand Baaliyan – Aditya A. | Trending Song | Official Video, Sony Music India, null
05-29 21:36:57.843 30020 30211 W Avrcp_ext: isMusicActive: false getBluetoothPlayState: 1 A2dp State: 11 mAudioPlaybackIsActive: false
05-29 21:36:57.844 30020 30211 D Avrcp_ext: isMusicActive = false mAudioPlaybackIsActive = false player state = PlaybackState {state=PLAYING(3), position=0, buffered position=0, speed=1.0, updated=198642463, actions=7339703, custom actions=[], active item id=0, error=null}
05-29 21:36:57.844 30020 30211 D Avrcp_ext: overwrite album_artist :if album is blank
05-29 21:36:57.845 30020 30211 V Avrcp_ext: Media update: id 0➡0? [MediaAttributes: C⋯o -  by S⋯a (0 0/0) - ] : [MediaAttributes: C⋯o -  by S⋯a (0 0/0) - ]
05-29 21:36:57.845 30020 30211 D Avrcp_ext: isPackageNameValid: browsedPackage = com.deepeye.musicproisValid = true
05-29 21:36:57.845 30020 30211 V Avrcp_ext: isBrowseSupported for com.deepeye.musicpro: false
05-29 21:36:57.845 30020 30211 W Avrcp_ext: updateCurrentMediaState: isInactivePlayer = false
05-29 21:36:57.845 30020 30211 V Avrcp_ext: updatePlaybackState, state: PlaybackState {state=PLAYING(3), position=0, buffered position=0, speed=1.0, updated=198642463, actions=7339703, custom actions=[], active item id=0, error=null} device: null
05-29 21:36:57.845 30020 30211 V Avrcp_ext: Device: no name: 
05-29 21:36:57.845 30020 30211 V Avrcp_ext: Device: no name: 
05-29 21:36:57.845 30020 30211 V Avrcp_ext: Device: no name: 
05-29 21:36:57.845 30020 30211 V Avrcp_ext: Device: no name: 
05-29 21:36:57.845 30020 30211 V Avrcp_ext: Device: no name: 
05-29 21:36:57.845 30020 30211 V Avrcp_ext: updatePlayerStateAndPosition, old=PlaybackState {state=PLAYING(3), position=0, buffered position=0, speed=1.0, updated=198641689, actions=7339703, custom actions=[], active item id=0, error=null}, state=PlaybackState {state=PLAYING(3), position=0, buffered position=0, speed=1.0, updated=198642463, actions=7339703, custom actions=[], active item id=0, error=null}
05-29 21:36:57.846 30020 30211 V Avrcp_ext: old state = PlaybackState {state=PLAYING(3), position=0, buffered position=0, speed=1.0, updated=198641689, actions=7339703, custom actions=[], active item id=0, error=null}, new state= PlaybackState {state=PLAYING(3), position=0, buffered position=0, speed=1.0, updated=198642463, actions=7339703, custom actions=[], active item id=0, error=null}
05-29 21:36:57.846 30020 30211 D HeadsetService: getHeadsetService(): returning com.android.bluetooth.hfp.HeadsetService@b4478ad
05-29 21:36:57.846 30020 30211 E HeadsetStateMachine: returning mCurrentState as Disconnected
05-29 21:36:57.846 30020 30211 D HeadsetService:  isAudioOn: The number of audio connected devices 0
05-29 21:36:57.846 30020 30211 D HeadsetService: isScoOrCallActive(): Call Active:falseCall is Ringing:falseSCO is Active:false
05-29 21:36:57.846 30020 30211 E HeadsetStateMachine: returning mCurrentState as Disconnected
05-29 21:36:57.846 30020 30211 D HeadsetService:  isAudioOn: The number of audio connected devices 0
05-29 21:36:57.846 30020 30211 V Avrcp_ext: isPlayStateTobeUpdated: device: null
05-29 21:36:57.846 30020 30211 V Avrcp_ext: Single connection exists
05-29 21:36:57.846 30020 30211 E HeadsetStateMachine: returning mCurrentState as Disconnected
05-29 21:36:57.846 30020 30211 D HeadsetService:  isAudioOn: The number of audio connected devices 0
05-29 21:36:57.846 30020 30211 D HeadsetService: isScoOrCallActive(): Call Active:falseCall is Ringing:falseSCO is Active:false
05-29 21:36:57.846 30020 30211 E HeadsetStateMachine: returning mCurrentState as Disconnected
05-29 21:36:57.846 30020 30211 D HeadsetService:  isAudioOn: The number of audio connected devices 0
05-29 21:36:57.846 30020 30211 V Avrcp_ext: isPlayStateTobeUpdated: device: null
05-29 21:36:57.846 30020 30211 V Avrcp_ext: Single connection exists
05-29 21:36:57.846 30020 30211 E HeadsetStateMachine: returning mCurrentState as Disconnected
05-29 21:36:57.846 30020 30211 D HeadsetService:  isAudioOn: The number of audio connected devices 0
05-29 21:36:57.846 30020 30211 D HeadsetService: isScoOrCallActive(): Call Active:falseCall is Ringing:falseSCO is Active:false
05-29 21:36:57.846 30020 30211 E HeadsetStateMachine: returning mCurrentState as Disconnected
05-29 21:36:57.846 30020 30211 D HeadsetService:  isAudioOn: The number of audio connected devices 0
05-29 21:36:57.846 30020 30211 V Avrcp_ext: isPlayStateTobeUpdated: device: null
05-29 21:36:57.846 30020 30211 V Avrcp_ext: Single connection exists
05-29 21:36:57.846 30020 30211 E HeadsetStateMachine: returning mCurrentState as Disconnected
05-29 21:36:57.846 30020 30211 D HeadsetService:  isAudioOn: The number of audio connected devices 0
05-29 21:36:57.846 30020 30211 D HeadsetService: isScoOrCallActive(): Call Active:falseCall is Ringing:falseSCO is Active:false
05-29 21:36:57.846 30020 30211 E HeadsetStateMachine: returning mCurrentState as Disconnected
05-29 21:36:57.846 30020 30211 D HeadsetService:  isAudioOn: The number of audio connected devices 0
05-29 21:36:57.846 30020 30211 V Avrcp_ext: isPlayStateTobeUpdated: device: null
05-29 21:36:57.847 30020 30211 V Avrcp_ext: Single connection exists
05-29 21:36:57.847 30020 30211 E HeadsetStateMachine: returning mCurrentState as Disconnected
05-29 21:36:57.847 30020 30211 D HeadsetService:  isAudioOn: The number of audio connected devices 0
05-29 21:36:57.847 30020 30211 D HeadsetService: isScoOrCallActive(): Call Active:falseCall is Ringing:falseSCO is Active:false
05-29 21:36:57.847 30020 30211 E HeadsetStateMachine: returning mCurrentState as Disconnected
05-29 21:36:57.847 30020 30211 D HeadsetService:  isAudioOn: The number of audio connected devices 0
05-29 21:36:57.847 30020 30211 V Avrcp_ext: isPlayStateTobeUpdated: device: null
05-29 21:36:57.847 30020 30211 V Avrcp_ext: Single connection exists
05-29 21:36:57.847 30020 30211 D Avrcp_ext: Enter sendPlayPosNotificationRsp
05-29 21:36:57.847 30020 30211 D Avrcp_ext: sendPlayPosNotificationRsp: Not registered or requesting.
05-29 21:36:57.847 30020 30211 D Avrcp_ext: Enter sendPlayPosNotificationRsp
05-29 21:36:57.847 30020 30211 D Avrcp_ext: sendPlayPosNotificationRsp: Not registered or requesting.
05-29 21:36:57.847 30020 30211 D Avrcp_ext: Enter sendPlayPosNotificationRsp
05-29 21:36:57.847 30020 30211 D Avrcp_ext: sendPlayPosNotificationRsp: Not registered or requesting.
05-29 21:36:57.847 30020 30211 D Avrcp_ext: Enter sendPlayPosNotificationRsp
05-29 21:36:57.847 30020 30211 D Avrcp_ext: sendPlayPosNotificationRsp: Not registered or requesting.
05-29 21:36:57.847 30020 30211 D Avrcp_ext: Enter sendPlayPosNotificationRsp
05-29 21:36:57.847 30020 30211 D Avrcp_ext: sendPlayPosNotificationRsp: Not registered or requesting.
05-29 21:36:57.847 30020 30211 V Avrcp_ext: Exit updatePlayerStateAndPosition
05-29 21:36:57.847 30020 30211 D APM: ActiveDeviceManagerServiceLegacy: getActiveAbsoluteDevice(): device: null
05-29 21:36:57.847 30020 30211 D APM: ActiveDeviceManagerServiceLegacy: isStableState(): true
05-29 21:36:57.847 30020 30211 D Avrcp_ext: isAdmStable = true activeAbsAddr = null device = null
05-29 21:36:57.847 30020 30211 V APM: MediaControlManager: onPlaybackStateChanged
05-29 21:36:57.847 30020 30211 W McpService: updatePlaybackState state PlaybackState {state=PLAYING(3), position=0, buffered position=0, speed=1.0, updated=198642463, actions=7339703, custom actions=[], active item id=0, error=null}
05-29 21:36:57.847 30020 30211 W McpService: updatePlaybackState mState: 1 state: 1
05-29 21:36:57.847 30020 30211 W Avrcp_ext: updated player state = PlaybackState {state=PLAYING(3), position=0, buffered position=0, speed=1.0, updated=198642463, actions=7339703, custom actions=[], active item id=0, error=null}to MCP module also
05-29 21:36:57.847 30020 30211 V Avrcp_ext:  Exit onPlaybackStateChanged
05-29 21:36:57.858  3090  3756 D WifiStaIfaceHidlImpl: getCachedScanData is not implemented by HIDL
05-29 21:36:57.865  3090  3756 I HalDevMgr: bestIfaceCreationProposal is null, requestIface=STA, existingIface=[name=ap_br_wlan2 type=AP_BRIDGE, name=wlan0 type=STA]
05-29 21:36:59.139 17107 17123 D AHAL: AudioStream: astream_out_standby: 862: enter: stream (0xb400007052d97040), usecase(0: deep-buffer-playback)
05-29 21:36:59.139 17107 17123 D AHAL: AudioStream: Standby: 2246: Enter
05-29 21:36:59.139 17107 17123 I PAL: API: pal_stream_stop: 337: Enter. Stream handle :0xb400006f32d99f50K
05-29 21:36:59.139  1826 29484 D AGM: graph: graph_stop: 955 entry graph_handle 0x147534c
05-29 21:36:59.140  1826 29484 I gsl     : gsl_send_spf_cmd:169 Wait for Rsp opcode[0x1001003] src_port[0x2011] dst_port[0x1] token 0x2571
05-29 21:36:59.146  1826 29484 I gsl     : gsl_send_spf_cmd:183 rcvd pkt token : 0x2571
05-29 21:36:59.146  1826 29484 D AGM: graph: graph_stop: 1000 exit, ret 0
05-29 21:36:59.147  1826 29484 I gsl     : gsl_send_spf_cmd:169 Wait for Rsp opcode[0x100100e] src_port[0x2011] dst_port[0x4019] token 0x2572
05-29 21:36:59.147  1826 29484 I gsl     : gsl_send_spf_cmd:183 rcvd pkt token : 0x2572
05-29 21:36:59.147 17107 17123 I PAL: ResourceManager: voteSleepMonitor: 1439: Enter for stream type 2
05-29 21:36:59.147 17107 17123 I PAL: ResourceManager: voteSleepMonitor: 1491: Unvoting done for nlpi use case, lpi votes 0, nlpi votes : 0
05-29 21:36:59.147 17107 17123 I PAL: SpeakerProtection: spkrProtSetSpkrStatus: 242: Speaker used last time 198643
05-29 21:36:59.147  1826 29484 D AGM: graph: graph_stop: 955 entry graph_handle 0x47534c
05-29 21:36:59.147  1826 29484 I gsl     : gsl_send_spf_cmd:169 Wait for Rsp opcode[0x1001003] src_port[0x2010] dst_port[0x1] token 0x2573
05-29 21:36:59.149  1826 29484 I gsl     : gsl_send_spf_cmd:183 rcvd pkt token : 0x2573
05-29 21:36:59.149  1826 29484 D AGM: graph: graph_stop: 1000 exit, ret 0
05-29 21:36:59.149  1826 29483 I AGM: API: agm_session_aif_connect: 651 disconnecting aifid:11 with session id=121
05-29 21:36:59.149  1826 29483 D AGM: graph: graph_stop: 955 entry graph_handle 0x47534c
05-29 21:36:59.149  1826 29483 D AGM: metadata: metadata_print: 263 *************************Metadata*************************
05-29 21:36:59.149  1826 29483 D AGM: metadata: metadata_print: 264 GKV size:1
05-29 21:36:59.149  1826 29483 D AGM: metadata: metadata_print: 267 key:0xa3000000, value:0xa3000009(VI_TX)
05-29 21:36:59.149  1826 29483 D AGM: metadata: metadata_print: 271 
05-29 21:36:59.149  1826 29483 D AGM: metadata: CKV count:1
05-29 21:36:59.149  1826 29483 D AGM: metadata: metadata_print: 274 key:0xbf000000, value:0x2 
05-29 21:36:59.149  1826 29483 D AGM: metadata: metadata_print: 276 
05-29 21:36:59.149  1826 29483 D AGM: metadata: metadata_print: 278 Property ID:134217744
05-29 21:36:59.149  1826 29483 D AGM: metadata: metadata_print: 279 property count:1
05-29 21:36:59.149  1826 29483 D AGM: metadata: metadata_print: 282 Property Values: 
05-29 21:36:59.149  1826 29483 D AGM: metadata: metadata_print: 284 0x2 
05-29 21:36:59.149  1826 29483 D AGM: metadata: metadata_print: 286 
05-29 21:36:59.149  1826 29483 D AGM: metadata: metadata_print: 287 ****************Metadata Done***************************
05-29 21:36:59.149  1826 29483 D AGM: metadata: 
05-29 21:36:59.150  1826 29483 I gsl     : gsl_graph_close_sgids_and_connections:2057 num_sgid= 1
05-29 21:36:59.150  1826 29483 I gsl     : gsl_graph_close_sgids_and_connections:2058 sg list:
05-29 21:36:59.150  1826 29483 I gsl     : gsl_graph_close_sgids_and_connections:2060 b00000d5
05-29 21:36:59.150  1826 29483 I gsl     : gsl_print_sg_conn_info:186 num_sg_conn = 0
