--------- beginning of main
05-29 21:34:58.330  9385  9408 W qdgralloc: getInterlacedFlag: getMetaData returned -22, defaulting to interlaced_flag = 0
05-29 21:34:58.366  9385  9408 W qdgralloc: getInterlacedFlag: getMetaData returned -22, defaulting to interlaced_flag = 0
05-29 21:34:58.373  9385  9408 W qdgralloc: getInterlacedFlag: getMetaData returned -22, defaulting to interlaced_flag = 0
05-29 21:34:58.415  9385  9408 W qdgralloc: getInterlacedFlag: getMetaData returned -22, defaulting to interlaced_flag = 0
05-29 21:34:58.430  9385  9408 W qdgralloc: getInterlacedFlag: getMetaData returned -22, defaulting to interlaced_flag = 0
05-29 21:34:58.456  9385  9408 W qdgralloc: getInterlacedFlag: getMetaData returned -22, defaulting to interlaced_flag = 0
05-29 21:34:58.491  9385  9408 W qdgralloc: getInterlacedFlag: getMetaData returned -22, defaulting to interlaced_flag = 0
05-29 21:34:58.499  9385  9408 W qdgralloc: getInterlacedFlag: getMetaData returned -22, defaulting to interlaced_flag = 0
05-29 21:34:58.504  9385  9408 W qdgralloc: getInterlacedFlag: getMetaData returned -22, defaulting to interlaced_flag = 0
05-29 21:34:58.533  9385  9408 W qdgralloc: getInterlacedFlag: getMetaData returned -22, defaulting to interlaced_flag = 0
05-29 21:34:58.560  9385  9408 W qdgralloc: getInterlacedFlag: getMetaData returned -22, defaulting to interlaced_flag = 0
05-29 21:34:58.574  9385  9408 W qdgralloc: getInterlacedFlag: getMetaData returned -22, defaulting to interlaced_flag = 0
05-29 21:34:58.625  9385  9408 W qdgralloc: getInterlacedFlag: getMetaData returned -22, defaulting to interlaced_flag = 0
05-29 21:34:58.633  9385  9408 W qdgralloc: getInterlacedFlag: getMetaData returned -22, defaulting to interlaced_flag = 0
05-29 21:34:58.653  9385  9408 W qdgralloc: getInterlacedFlag: getMetaData returned -22, defaulting to interlaced_flag = 0
05-29 21:34:58.695  9385  9408 W qdgralloc: getInterlacedFlag: getMetaData returned -22, defaulting to interlaced_flag = 0
05-29 21:34:58.703  9385  9408 W qdgralloc: getInterlacedFlag: getMetaData returned -22, defaulting to interlaced_flag = 0
05-29 21:34:58.746  9385  9408 W qdgralloc: getInterlacedFlag: getMetaData returned -22, defaulting to interlaced_flag = 0
05-29 21:34:58.763  9385  9408 W qdgralloc: getInterlacedFlag: getMetaData returned -22, defaulting to interlaced_flag = 0
05-29 21:34:58.776  9385  9408 W qdgralloc: getInterlacedFlag: getMetaData returned -22, defaulting to interlaced_flag = 0
05-29 21:34:58.813  9385  9408 W qdgralloc: getInterlacedFlag: getMetaData returned -22, defaulting to interlaced_flag = 0
05-29 21:34:58.826  9385  9408 W qdgralloc: getInterlacedFlag: getMetaData returned -22, defaulting to interlaced_flag = 0
05-29 21:34:58.854  9385  9408 W qdgralloc: getInterlacedFlag: getMetaData returned -22, defaulting to interlaced_flag = 0
05-29 21:34:58.897  9385  9408 W qdgralloc: getInterlacedFlag: getMetaData returned -22, defaulting to interlaced_flag = 0
05-29 21:34:58.905  9385  9408 W qdgralloc: getInterlacedFlag: getMetaData returned -22, defaulting to interlaced_flag = 0
05-29 21:34:58.943  9385  9408 W qdgralloc: getInterlacedFlag: getMetaData returned -22, defaulting to interlaced_flag = 0
05-29 21:34:58.967  9385  9408 W qdgralloc: getInterlacedFlag: getMetaData returned -22, defaulting to interlaced_flag = 0
05-29 21:34:58.975  9385  9408 W qdgralloc: getInterlacedFlag: getMetaData returned -22, defaulting to interlaced_flag = 0
05-29 21:34:59.021  9385  9408 W qdgralloc: getInterlacedFlag: getMetaData returned -22, defaulting to interlaced_flag = 0
05-29 21:34:59.029  9385  9408 W qdgralloc: getInterlacedFlag: getMetaData returned -22, defaulting to interlaced_flag = 0
05-29 21:34:59.041  9385 10616 I MediaCodec: [0xb40000705ede62f0] enqueue 30 input frames in last 1200 ms, latest timeUs 125360000
05-29 21:34:59.044  9385 10616 I MediaCodec: [0xb40000705ede62f0] dequeue 30 output frames in last 1200 ms, latest timeUs 125360000, flags 128
05-29 21:34:59.060  9385  9408 W qdgralloc: getInterlacedFlag: getMetaData returned -22, defaulting to interlaced_flag = 0
05-29 21:34:59.092  9385  9408 W qdgralloc: getInterlacedFlag: getMetaData returned -22, defaulting to interlaced_flag = 0
05-29 21:34:59.100  9385  9408 W qdgralloc: getInterlacedFlag: getMetaData returned -22, defaulting to interlaced_flag = 0
05-29 21:34:59.107  9385  9408 W qdgralloc: getInterlacedFlag: getMetaData returned -22, defaulting to interlaced_flag = 0
05-29 21:34:59.135  9385  9408 W qdgralloc: getInterlacedFlag: getMetaData returned -22, defaulting to interlaced_flag = 0
05-29 21:34:59.161  9385  9408 W qdgralloc: getInterlacedFlag: getMetaData returned -22, defaulting to interlaced_flag = 0
05-29 21:34:59.175  9385  9408 W qdgralloc: getInterlacedFlag: getMetaData returned -22, defaulting to interlaced_flag = 0
05-29 21:34:59.184  1847 10618 I QC2Comp : [vp9D_288] Stats: Pending(0) i/p-done(0) Works: Q: 3142/Done 3143|Work-Rate: Q(25.6/s Avg=25.0/s) Done(25.599/s Avg=25.038/s)| Stream: 25.00fps 144.1Kbps
05-29 21:34:59.184  1847 10618 I QC2Comp : [vp9D_288] Mem-usage:  [In-1D: 5 bufs 18.691 MB] [1D-559: 21 bufs 0.328 MB] [2D-560: 26 bufs 17.469 MB] | Total: 36.488 MB
05-29 21:34:59.210  9385  9408 W qdgralloc: getInterlacedFlag: getMetaData returned -22, defaulting to interlaced_flag = 0
05-29 21:34:59.232  9385  9408 W qdgralloc: getInterlacedFlag: getMetaData returned -22, defaulting to interlaced_flag = 0
05-29 21:34:59.253  9385  9408 W qdgralloc: getInterlacedFlag: getMetaData returned -22, defaulting to interlaced_flag = 0
05-29 21:34:59.294  9385  9408 W qdgralloc: getInterlacedFlag: getMetaData returned -22, defaulting to interlaced_flag = 0
05-29 21:34:59.301  9385  9408 W qdgralloc: getInterlacedFlag: getMetaData returned -22, defaulting to interlaced_flag = 0
05-29 21:34:59.339  9385  9408 W qdgralloc: getInterlacedFlag: getMetaData returned -22, defaulting to interlaced_flag = 0
05-29 21:34:59.364  9385  9408 W qdgralloc: getInterlacedFlag: getMetaData returned -22, defaulting to interlaced_flag = 0
05-29 21:34:59.370  9385  9408 W qdgralloc: getInterlacedFlag: getMetaData returned -22, defaulting to interlaced_flag = 0
05-29 21:34:59.422  9385  9408 W qdgralloc: getInterlacedFlag: getMetaData returned -22, defaulting to interlaced_flag = 0
05-29 21:34:59.427  9385  9408 W qdgralloc: getInterlacedFlag: getMetaData returned -22, defaulting to interlaced_flag = 0
05-29 21:34:59.458  9385  9408 W qdgralloc: getInterlacedFlag: getMetaData returned -22, defaulting to interlaced_flag = 0
05-29 21:34:59.497  9385  9408 W qdgralloc: getInterlacedFlag: getMetaData returned -22, defaulting to interlaced_flag = 0
05-29 21:34:59.504  9385  9408 W qdgralloc: getInterlacedFlag: getMetaData returned -22, defaulting to interlaced_flag = 0
05-29 21:34:59.531  9385  9408 W qdgralloc: getInterlacedFlag: getMetaData returned -22, defaulting to interlaced_flag = 0
05-29 21:34:59.567  9385  9408 W qdgralloc: getInterlacedFlag: getMetaData returned -22, defaulting to interlaced_flag = 0
05-29 21:34:59.574  9385  9408 W qdgralloc: getInterlacedFlag: getMetaData returned -22, defaulting to interlaced_flag = 0
05-29 21:34:59.618 17107 17270 D DlbDap2ProcessWithIht: process() called [1651500] times with input format 0x22 and channel mask 0x3 (ProcessingMode=1), htEnable=0(0, 0, 0)
05-29 21:34:59.619  9385  9408 W qdgralloc: getInterlacedFlag: getMetaData returned -22, defaulting to interlaced_flag = 0
05-29 21:34:59.628  9385  9408 W qdgralloc: getInterlacedFlag: getMetaData returned -22, defaulting to interlaced_flag = 0
05-29 21:34:59.660  9385  9408 W qdgralloc: getInterlacedFlag: getMetaData returned -22, defaulting to interlaced_flag = 0
05-29 21:34:59.693  9385  9408 W qdgralloc: getInterlacedFlag: getMetaData returned -22, defaulting to interlaced_flag = 0
05-29 21:34:59.699  9385  9408 W qdgralloc: getInterlacedFlag: getMetaData returned -22, defaulting to interlaced_flag = 0
05-29 21:34:59.705  9385  9408 W qdgralloc: getInterlacedFlag: getMetaData returned -22, defaulting to interlaced_flag = 0
05-29 21:34:59.741  9385  9408 W qdgralloc: getInterlacedFlag: getMetaData returned -22, defaulting to interlaced_flag = 0
05-29 21:34:59.761  9385  9408 W qdgralloc: getInterlacedFlag: getMetaData returned -22, defaulting to interlaced_flag = 0
05-29 21:34:59.774  9385  9408 W qdgralloc: getInterlacedFlag: getMetaData returned -22, defaulting to interlaced_flag = 0
05-29 21:34:59.825  9385  9408 W qdgralloc: getInterlacedFlag: getMetaData returned -22, defaulting to interlaced_flag = 0
05-29 21:34:59.832  9385  9408 W qdgralloc: getInterlacedFlag: getMetaData returned -22, defaulting to interlaced_flag = 0
05-29 21:34:59.853  9385  9408 W qdgralloc: getInterlacedFlag: getMetaData returned -22, defaulting to interlaced_flag = 0
05-29 21:34:59.901  9385  9408 W qdgralloc: getInterlacedFlag: getMetaData returned -22, defaulting to interlaced_flag = 0
05-29 21:34:59.908  9385  9408 W qdgralloc: getInterlacedFlag: getMetaData returned -22, defaulting to interlaced_flag = 0
05-29 21:34:59.939  9385  9408 W qdgralloc: getInterlacedFlag: getMetaData returned -22, defaulting to interlaced_flag = 0
05-29 21:34:59.964  9385  9408 W qdgralloc: getInterlacedFlag: getMetaData returned -22, defaulting to interlaced_flag = 0
05-29 21:34:59.977  9385  9408 W qdgralloc: getInterlacedFlag: getMetaData returned -22, defaulting to interlaced_flag = 0
05-29 21:34:59.986  3090  3756 D WifiStaIfaceHidlImpl: getCachedScanData is not implemented by HIDL
05-29 21:34:59.991  3090  3756 I HalDevMgr: bestIfaceCreationProposal is null, requestIface=STA, existingIface=[name=ap_br_wlan2 type=AP_BRIDGE, name=wlan0 type=STA]
05-29 21:35:00.016  9385  9408 W qdgralloc: getInterlacedFlag: getMetaData returned -22, defaulting to interlaced_flag = 0
05-29 21:35:00.023  3848  3848 I FolioManager: Doze enabled: true
05-29 21:35:00.024  3848  3848 D FolioManager: Use SystemUI folio UI.  isAodComponentEmpty: true  isADEnabled: true
05-29 21:35:00.024  3848  3848 D FolioManager: updateTime
05-29 21:35:00.026  9385  9408 W qdgralloc: getInterlacedFlag: getMetaData returned -22, defaulting to interlaced_flag = 0
05-29 21:35:00.055  9385  9408 W qdgralloc: getInterlacedFlag: getMetaData returned -22, defaulting to interlaced_flag = 0
05-29 21:35:00.097  9385  9408 W qdgralloc: getInterlacedFlag: getMetaData returned -22, defaulting to interlaced_flag = 0
05-29 21:35:00.103  9385  9408 W qdgralloc: getInterlacedFlag: getMetaData returned -22, defaulting to interlaced_flag = 0
05-29 21:35:00.145  9385  9408 W qdgralloc: getInterlacedFlag: getMetaData returned -22, defaulting to interlaced_flag = 0
05-29 21:35:00.150  9385  9408 W qdgralloc: getInterlacedFlag: getMetaData returned -22, defaulting to interlaced_flag = 0
05-29 21:35:00.157  9385 10616 I MediaCodec: [0xb40000705ede62f0] enqueue 28 input frames in last 1115 ms, latest timeUs 126480000
05-29 21:35:00.159  9385 10616 I MediaCodec: [0xb40000705ede62f0] dequeue 28 output frames in last 1114 ms, latest timeUs 126480000, flags 128
05-29 21:35:00.173  9385  9408 W qdgralloc: getInterlacedFlag: getMetaData returned -22, defaulting to interlaced_flag = 0
05-29 21:35:00.209  9385  9408 W qdgralloc: getInterlacedFlag: getMetaData returned -22, defaulting to interlaced_flag = 0
05-29 21:35:00.219  9385  9408 W qdgralloc: getInterlacedFlag: getMetaData returned -22, defaulting to interlaced_flag = 0
05-29 21:35:00.221  3090  3766 I MdnsReplySender: Sending {MdnsReplyInfo: /192.168.1.7:5353 to /224.0.0.251:5353, answers: 1, additionalAnswers: 7, knownAnswers: 0, sendDelayMs 37}
05-29 21:35:00.258  9385  9408 W qdgralloc: getInterlacedFlag: getMetaData returned -22, defaulting to interlaced_flag = 0
05-29 21:35:00.266  3090  3766 I MdnsReplySender: Sending {MdnsReplyInfo: /[fe80::f4ab:28ff:fe05:3189%wlan0]:5353 to /[ff02::fb]:5353, answers: 1, additionalAnswers: 7, knownAnswers: 0, sendDelayMs 82}
05-29 21:35:00.278  9385  9408 W qdgralloc: getInterlacedFlag: getMetaData returned -22, defaulting to interlaced_flag = 0
05-29 21:35:00.296  9385  9408 W qdgralloc: getInterlacedFlag: getMetaData returned -22, defaulting to interlaced_flag = 0
05-29 21:35:00.336  9385  9408 W qdgralloc: getInterlacedFlag: getMetaData returned -22, defaulting to interlaced_flag = 0
05-29 21:35:00.341  9385  9408 W qdgralloc: getInterlacedFlag: getMetaData returned -22, defaulting to interlaced_flag = 0
05-29 21:35:00.346  9385  9408 W qdgralloc: getInterlacedFlag: getMetaData returned -22, defaulting to interlaced_flag = 0
05-29 21:35:00.376  9385  9408 W qdgralloc: getInterlacedFlag: getMetaData returned -22, defaulting to interlaced_flag = 0
05-29 21:35:00.410  9385  9408 W qdgralloc: getInterlacedFlag: getMetaData returned -22, defaulting to interlaced_flag = 0
05-29 21:35:00.455  9385  9408 W qdgralloc: getInterlacedFlag: getMetaData returned -22, defaulting to interlaced_flag = 0
05-29 21:35:00.473  9385  9408 W qdgralloc: getInterlacedFlag: getMetaData returned -22, defaulting to interlaced_flag = 0
05-29 21:35:00.493  9385  9408 W qdgralloc: getInterlacedFlag: getMetaData returned -22, defaulting to interlaced_flag = 0
05-29 21:35:00.540  9385  9408 W qdgralloc: getInterlacedFlag: getMetaData returned -22, defaulting to interlaced_flag = 0
05-29 21:35:00.547  9385  9408 W qdgralloc: getInterlacedFlag: getMetaData returned -22, defaulting to interlaced_flag = 0
05-29 21:35:00.552  9385  9408 W qdgralloc: getInterlacedFlag: getMetaData returned -22, defaulting to interlaced_flag = 0
05-29 21:35:00.571  9385  9408 W qdgralloc: getInterlacedFlag: getMetaData returned -22, defaulting to interlaced_flag = 0
05-29 21:35:00.608  9385  9408 W qdgralloc: getInterlacedFlag: getMetaData returned -22, defaulting to interlaced_flag = 0
05-29 21:35:00.616  9385  9408 W qdgralloc: getInterlacedFlag: getMetaData returned -22, defaulting to interlaced_flag = 0
05-29 21:35:00.657  9385  9408 W qdgralloc: getInterlacedFlag: getMetaData returned -22, defaulting to interlaced_flag = 0
05-29 21:35:00.676  9385  9408 W qdgralloc: getInterlacedFlag: getMetaData returned -22, defaulting to interlaced_flag = 0
05-29 21:35:00.698  9385  9408 W qdgralloc: getInterlacedFlag: getMetaData returned -22, defaulting to interlaced_flag = 0
05-29 21:35:00.731  9385  9408 W qdgralloc: getInterlacedFlag: getMetaData returned -22, defaulting to interlaced_flag = 0
05-29 21:35:00.740  9385  9408 W qdgralloc: getInterlacedFlag: getMetaData returned -22, defaulting to interlaced_flag = 0
05-29 21:35:00.745  9385  9408 W qdgralloc: getInterlacedFlag: getMetaData returned -22, defaulting to interlaced_flag = 0
05-29 21:35:00.775  9385  9408 W qdgralloc: getInterlacedFlag: getMetaData returned -22, defaulting to interlaced_flag = 0
05-29 21:35:00.776  9385  9385 D YouTubeWebViewConsole: level=WARNING message=The resource https://rr1---sn-ci5gup-qxale.googlevideo.com/generate_204 was preloaded using link preload but not used within a few seconds from the window's load event. Please make sure it has an appropriate `as` value and it is preloaded intentionally. line=0 source=https://www.youtube.com/watch?v=gJLVTKhTnog
05-29 21:35:00.776  9385  9385 D YouTubeWebViewConsole: level=WARNING message=The resource https://i.ytimg.com/generate_204 was preloaded using link preload but not used within a few seconds from the window's load event. Please make sure it has an appropriate `as` value and it is preloaded intentionally. line=0 source=https://www.youtube.com/watch?v=gJLVTKhTnog
05-29 21:35:00.776  9385  9385 D YouTubeWebViewConsole: level=WARNING message=The resource https://rr3---sn-u1qxac-53.c.youtube.com/generate_204 was preloaded using link preload but not used within a few seconds from the window's load event. Please make sure it has an appropriate `as` value and it is preloaded intentionally. line=0 source=https://www.youtube.com/watch?v=gJLVTKhTnog
05-29 21:35:00.793 30020 30211 V Avrcp_ext: onPlaybackStateChanged: state PlaybackState {state=PLAYING(3), position=0, buffered position=0, speed=1.0, updated=198525411, actions=7339703, custom actions=[], active item id=0, error=null}
05-29 21:35:00.793 30020 30211 V APM: MediaControlManager: onPlaybackStateChanged
05-29 21:35:00.793 30020 30211 W McpService: updatePlaybackState state PlaybackState {state=PLAYING(3), position=0, buffered position=0, speed=1.0, updated=198525411, actions=7339703, custom actions=[], active item id=0, error=null}
05-29 21:35:00.793 30020 30211 W McpService: updatePlaybackState mState: 1 state: 1
05-29 21:35:00.795 30020 30211 V Avrcp_ext: updateCurrentMediaState: mMediaController: MediaController (com.deepeye.musicpro@41e7c7e) Chaand Baaliyan – Aditya A. | Trending Song | Official Video, Sony Music India, null
05-29 21:35:00.795 30020 30211 W Avrcp_ext: isMusicActive: true getBluetoothPlayState: 1 A2dp State: 11 mAudioPlaybackIsActive: true
05-29 21:35:00.795 30020 30211 D Avrcp_ext: isMusicActive = true mAudioPlaybackIsActive = true player state = PlaybackState {state=PLAYING(3), position=0, buffered position=0, speed=1.0, updated=198525415, actions=7339703, custom actions=[], active item id=0, error=null}
05-29 21:35:00.795 30020 30211 D Avrcp_ext: overwrite album_artist :if album is blank
05-29 21:35:00.796 30020 30211 V Avrcp_ext: Media update: id 0➡0? [MediaAttributes: C⋯o -  by S⋯a (0 0/0) - ] : [MediaAttributes: C⋯o -  by S⋯a (0 0/0) - ]
05-29 21:35:00.796 30020 30211 D Avrcp_ext: isPackageNameValid: browsedPackage = com.deepeye.musicproisValid = true
05-29 21:35:00.796 30020 30211 V Avrcp_ext: isBrowseSupported for com.deepeye.musicpro: false
05-29 21:35:00.796 30020 30211 W Avrcp_ext: updateCurrentMediaState: isInactivePlayer = false
05-29 21:35:00.796 30020 30211 V Avrcp_ext: updatePlaybackState, state: PlaybackState {state=PLAYING(3), position=0, buffered position=0, speed=1.0, updated=198525415, actions=7339703, custom actions=[], active item id=0, error=null} device: null
05-29 21:35:00.796 30020 30211 V Avrcp_ext: Device: no name: 
05-29 21:35:00.796 30020 30211 V Avrcp_ext: Device: no name: 
05-29 21:35:00.796 30020 30211 V Avrcp_ext: Device: no name: 
05-29 21:35:00.796 30020 30211 V Avrcp_ext: Device: no name: 
05-29 21:35:00.796 30020 30211 V Avrcp_ext: Device: no name: 
05-29 21:35:00.796 30020 30211 V Avrcp_ext: updatePlayerStateAndPosition, old=PlaybackState {state=PLAYING(3), position=0, buffered position=0, speed=1.0, updated=198522413, actions=7339703, custom actions=[], active item id=0, error=null}, state=PlaybackState {state=PLAYING(3), position=0, buffered position=0, speed=1.0, updated=198525415, actions=7339703, custom actions=[], active item id=0, error=null}
05-29 21:35:00.796 30020 30211 V Avrcp_ext: old state = PlaybackState {state=PLAYING(3), position=0, buffered position=0, speed=1.0, updated=198522413, actions=7339703, custom actions=[], active item id=0, error=null}, new state= PlaybackState {state=PLAYING(3), position=0, buffered position=0, speed=1.0, updated=198525415, actions=7339703, custom actions=[], active item id=0, error=null}
05-29 21:35:00.796 30020 30211 D HeadsetService: getHeadsetService(): returning com.android.bluetooth.hfp.HeadsetService@b4478ad
05-29 21:35:00.797 30020 30211 E HeadsetStateMachine: returning mCurrentState as Disconnected
05-29 21:35:00.797 30020 30211 D HeadsetService:  isAudioOn: The number of audio connected devices 0
05-29 21:35:00.797 30020 30211 D HeadsetService: isScoOrCallActive(): Call Active:falseCall is Ringing:falseSCO is Active:false
05-29 21:35:00.797 30020 30211 E HeadsetStateMachine: returning mCurrentState as Disconnected
05-29 21:35:00.797 30020 30211 D HeadsetService:  isAudioOn: The number of audio connected devices 0
05-29 21:35:00.797 30020 30211 V Avrcp_ext: isPlayStateTobeUpdated: device: null
05-29 21:35:00.797 30020 30211 V Avrcp_ext: Single connection exists
05-29 21:35:00.797 30020 30211 E HeadsetStateMachine: returning mCurrentState as Disconnected
05-29 21:35:00.797 30020 30211 D HeadsetService:  isAudioOn: The number of audio connected devices 0
05-29 21:35:00.797 30020 30211 D HeadsetService: isScoOrCallActive(): Call Active:falseCall is Ringing:falseSCO is Active:false
05-29 21:35:00.797 30020 30211 E HeadsetStateMachine: returning mCurrentState as Disconnected
05-29 21:35:00.797 30020 30211 D HeadsetService:  isAudioOn: The number of audio connected devices 0
05-29 21:35:00.797 30020 30211 V Avrcp_ext: isPlayStateTobeUpdated: device: null
05-29 21:35:00.797 30020 30211 V Avrcp_ext: Single connection exists
05-29 21:35:00.797 30020 30211 E HeadsetStateMachine: returning mCurrentState as Disconnected
05-29 21:35:00.797 30020 30211 D HeadsetService:  isAudioOn: The number of audio connected devices 0
05-29 21:35:00.797 30020 30211 D HeadsetService: isScoOrCallActive(): Call Active:falseCall is Ringing:falseSCO is Active:false
05-29 21:35:00.797 30020 30211 E HeadsetStateMachine: returning mCurrentState as Disconnected
05-29 21:35:00.797 30020 30211 D HeadsetService:  isAudioOn: The number of audio connected devices 0
05-29 21:35:00.797 30020 30211 V Avrcp_ext: isPlayStateTobeUpdated: device: null
05-29 21:35:00.797 30020 30211 V Avrcp_ext: Single connection exists
05-29 21:35:00.797 30020 30211 E HeadsetStateMachine: returning mCurrentState as Disconnected
05-29 21:35:00.797 30020 30211 D HeadsetService:  isAudioOn: The number of audio connected devices 0
05-29 21:35:00.797 30020 30211 D HeadsetService: isScoOrCallActive(): Call Active:falseCall is Ringing:falseSCO is Active:false
05-29 21:35:00.797 30020 30211 E HeadsetStateMachine: returning mCurrentState as Disconnected
05-29 21:35:00.798 30020 30211 D HeadsetService:  isAudioOn: The number of audio connected devices 0
05-29 21:35:00.798 30020 30211 V Avrcp_ext: isPlayStateTobeUpdated: device: null
05-29 21:35:00.798 30020 30211 V Avrcp_ext: Single connection exists
05-29 21:35:00.798 30020 30211 E HeadsetStateMachine: returning mCurrentState as Disconnected
05-29 21:35:00.798 30020 30211 D HeadsetService:  isAudioOn: The number of audio connected devices 0
05-29 21:35:00.798 30020 30211 D HeadsetService: isScoOrCallActive(): Call Active:falseCall is Ringing:falseSCO is Active:false
05-29 21:35:00.798 30020 30211 E HeadsetStateMachine: returning mCurrentState as Disconnected
05-29 21:35:00.798 30020 30211 D HeadsetService:  isAudioOn: The number of audio connected devices 0
05-29 21:35:00.798 30020 30211 V Avrcp_ext: isPlayStateTobeUpdated: device: null
05-29 21:35:00.798 30020 30211 V Avrcp_ext: Single connection exists
05-29 21:35:00.798 30020 30211 D Avrcp_ext: Enter sendPlayPosNotificationRsp
05-29 21:35:00.798 30020 30211 D Avrcp_ext: sendPlayPosNotificationRsp: Not registered or requesting.
05-29 21:35:00.798 30020 30211 D Avrcp_ext: Enter sendPlayPosNotificationRsp
05-29 21:35:00.798 30020 30211 D Avrcp_ext: sendPlayPosNotificationRsp: Not registered or requesting.
05-29 21:35:00.798 30020 30211 D Avrcp_ext: Enter sendPlayPosNotificationRsp
05-29 21:35:00.798 30020 30211 D Avrcp_ext: sendPlayPosNotificationRsp: Not registered or requesting.
05-29 21:35:00.798 30020 30211 D Avrcp_ext: Enter sendPlayPosNotificationRsp
05-29 21:35:00.798 30020 30211 D Avrcp_ext: sendPlayPosNotificationRsp: Not registered or requesting.
05-29 21:35:00.798 30020 30211 D Avrcp_ext: Enter sendPlayPosNotificationRsp
05-29 21:35:00.798 30020 30211 D Avrcp_ext: sendPlayPosNotificationRsp: Not registered or requesting.
05-29 21:35:00.798 30020 30211 V Avrcp_ext: Exit updatePlayerStateAndPosition
05-29 21:35:00.798 30020 30211 D APM: ActiveDeviceManagerServiceLegacy: getActiveAbsoluteDevice(): device: null
05-29 21:35:00.798 30020 30211 D APM: ActiveDeviceManagerServiceLegacy: isStableState(): true
05-29 21:35:00.798 30020 30211 D Avrcp_ext: isAdmStable = true activeAbsAddr = null device = null
05-29 21:35:00.798 30020 30211 V APM: MediaControlManager: onPlaybackStateChanged
05-29 21:35:00.798 30020 30211 W McpService: updatePlaybackState state PlaybackState {state=PLAYING(3), position=0, buffered position=0, speed=1.0, updated=198525415, actions=7339703, custom actions=[], active item id=0, error=null}
05-29 21:35:00.799 30020 30211 W McpService: updatePlaybackState mState: 1 state: 1
05-29 21:35:00.799 30020 30211 W Avrcp_ext: updated player state = PlaybackState {state=PLAYING(3), position=0, buffered position=0, speed=1.0, updated=198525415, actions=7339703, custom actions=[], active item id=0, error=null}to MCP module also
05-29 21:35:00.799 30020 30211 V Avrcp_ext:  Exit onPlaybackStateChanged
05-29 21:35:00.808  9385  9408 W qdgralloc: getInterlacedFlag: getMetaData returned -22, defaulting to interlaced_flag = 0
05-29 21:35:00.817  9385  9408 W qdgralloc: getInterlacedFlag: getMetaData returned -22, defaulting to interlaced_flag = 0
05-29 21:35:00.858  9385  9408 W qdgralloc: getInterlacedFlag: getMetaData returned -22, defaulting to interlaced_flag = 0
05-29 21:35:00.879  9385  9408 W qdgralloc: getInterlacedFlag: getMetaData returned -22, defaulting to interlaced_flag = 0
05-29 21:35:00.894  9385  9408 W qdgralloc: getInterlacedFlag: getMetaData returned -22, defaulting to interlaced_flag = 0
05-29 21:35:00.938  9385  9408 W qdgralloc: getInterlacedFlag: getMetaData returned -22, defaulting to interlaced_flag = 0
05-29 21:35:00.946  9385  9408 W qdgralloc: getInterlacedFlag: getMetaData returned -22, defaulting to interlaced_flag = 0
05-29 21:35:00.950  9385  9408 W qdgralloc: getInterlacedFlag: getMetaData returned -22, defaulting to interlaced_flag = 0
05-29 21:35:00.977  9385  9408 W qdgralloc: getInterlacedFlag: getMetaData returned -22, defaulting to interlaced_flag = 0
05-29 21:35:01.012  9385  9408 W qdgralloc: getInterlacedFlag: getMetaData returned -22, defaulting to interlaced_flag = 0
05-29 21:35:01.029  9385  9408 W qdgralloc: getInterlacedFlag: getMetaData returned -22, defaulting to interlaced_flag = 0
05-29 21:35:01.052  9385  9408 W qdgralloc: getInterlacedFlag: getMetaData returned -22, defaulting to interlaced_flag = 0
05-29 21:35:01.074  9385  9408 W qdgralloc: getInterlacedFlag: getMetaData returned -22, defaulting to interlaced_flag = 0
05-29 21:35:01.094  9385  9408 W qdgralloc: getInterlacedFlag: getMetaData returned -22, defaulting to interlaced_flag = 0
05-29 21:35:01.145  9385  9408 W qdgralloc: getInterlacedFlag: getMetaData returned -22, defaulting to interlaced_flag = 0
05-29 21:35:01.153  9385  9408 W qdgralloc: getInterlacedFlag: getMetaData returned -22, defaulting to interlaced_flag = 0
05-29 21:35:01.159  9385  9408 W qdgralloc: getInterlacedFlag: getMetaData returned -22, defaulting to interlaced_flag = 0
05-29 21:35:01.179  9385  9408 W qdgralloc: getInterlacedFlag: getMetaData returned -22, defaulting to interlaced_flag = 0
05-29 21:35:01.207  9385  9408 W qdgralloc: getInterlacedFlag: getMetaData returned -22, defaulting to interlaced_flag = 0
05-29 21:35:01.217  9385  9408 W qdgralloc: getInterlacedFlag: getMetaData returned -22, defaulting to interlaced_flag = 0
05-29 21:35:01.256  9385  9408 W qdgralloc: getInterlacedFlag: getMetaData returned -22, defaulting to interlaced_flag = 0
05-29 21:35:01.276  9385  9408 W qdgralloc: getInterlacedFlag: getMetaData returned -22, defaulting to interlaced_flag = 0
05-29 21:35:01.281  9385 10616 I MediaCodec: [0xb40000705ede62f0] enqueue 28 input frames in last 1124 ms, latest timeUs 127600000
05-29 21:35:01.284  9385 10616 I MediaCodec: [0xb40000705ede62f0] dequeue 28 output frames in last 1125 ms, latest timeUs 127600000, flags 128
05-29 21:35:01.296  9385  9408 W qdgralloc: getInterlacedFlag: getMetaData returned -22, defaulting to interlaced_flag = 0
05-29 21:35:01.346  9385  9408 W qdgralloc: getInterlacedFlag: getMetaData returned -22, defaulting to interlaced_flag = 0
05-29 21:35:01.352  9385  9408 W qdgralloc: getInterlacedFlag: getMetaData returned -22, defaulting to interlaced_flag = 0
05-29 21:35:01.375  9385  9408 W qdgralloc: getInterlacedFlag: getMetaData returned -22, defaulting to interlaced_flag = 0
05-29 21:35:01.410  9385  9408 W qdgralloc: getInterlacedFlag: getMetaData returned -22, defaulting to interlaced_flag = 0
05-29 21:35:01.419  9385  9408 W qdgralloc: getInterlacedFlag: getMetaData returned -22, defaulting to interlaced_flag = 0
05-29 21:35:01.458  9385  9408 W qdgralloc: getInterlacedFlag: getMetaData returned -22, defaulting to interlaced_flag = 0
05-29 21:35:01.479  9385  9408 W qdgralloc: getInterlacedFlag: getMetaData returned -22, defaulting to interlaced_flag = 0
05-29 21:35:01.491  9385  9408 W qdgralloc: getInterlacedFlag: getMetaData returned -22, defaulting to interlaced_flag = 0
05-29 21:35:01.538  9385  9408 W qdgralloc: getInterlacedFlag: getMetaData returned -22, defaulting to interlaced_flag = 0
05-29 21:35:01.543  9385  9408 W qdgralloc: getInterlacedFlag: getMetaData returned -22, defaulting to interlaced_flag = 0
05-29 21:35:01.547  9385  9408 W qdgralloc: getInterlacedFlag: getMetaData returned -22, defaulting to interlaced_flag = 0
05-29 21:35:01.577  9385  9408 W qdgralloc: getInterlacedFlag: getMetaData returned -22, defaulting to interlaced_flag = 0
05-29 21:35:01.614  9385  9408 W qdgralloc: getInterlacedFlag: getMetaData returned -22, defaulting to interlaced_flag = 0
05-29 21:35:01.656  9385  9408 W qdgralloc: getInterlacedFlag: getMetaData returned -22, defaulting to interlaced_flag = 0
05-29 21:35:01.672  9385  9408 W qdgralloc: getInterlacedFlag: getMetaData returned -22, defaulting to interlaced_flag = 0
05-29 21:35:01.693  9385  9408 W qdgralloc: getInterlacedFlag: getMetaData returned -22, defaulting to interlaced_flag = 0
05-29 21:35:01.746  9385  9408 W qdgralloc: getInterlacedFlag: getMetaData returned -22, defaulting to interlaced_flag = 0
05-29 21:35:01.754  9385  9408 W qdgralloc: getInterlacedFlag: getMetaData returned -22, defaulting to interlaced_flag = 0
05-29 21:35:01.759  9385  9408 W qdgralloc: getInterlacedFlag: getMetaData returned -22, defaulting to interlaced_flag = 0
05-29 21:35:01.771  9385  9408 W qdgralloc: getInterlacedFlag: getMetaData returned -22, defaulting to interlaced_flag = 0
05-29 21:35:01.806  9385  9408 W qdgralloc: getInterlacedFlag: getMetaData returned -22, defaulting to interlaced_flag = 0
05-29 21:35:01.815  9385  9408 W qdgralloc: getInterlacedFlag: getMetaData returned -22, defaulting to interlaced_flag = 0
05-29 21:35:01.857  9385  9408 W qdgralloc: getInterlacedFlag: getMetaData returned -22, defaulting to interlaced_flag = 0
05-29 21:35:01.877  9385  9408 W qdgralloc: getInterlacedFlag: getMetaData returned -22, defaulting to interlaced_flag = 0
05-29 21:35:01.896  9385  9408 W qdgralloc: getInterlacedFlag: getMetaData returned -22, defaulting to interlaced_flag = 0
05-29 21:35:01.932  9385  9408 W qdgralloc: getInterlacedFlag: getMetaData returned -22, defaulting to interlaced_flag = 0
05-29 21:35:01.946  9385  9408 W qdgralloc: getInterlacedFlag: getMetaData returned -22, defaulting to interlaced_flag = 0
05-29 21:35:01.952  9385  9408 W qdgralloc: getInterlacedFlag: getMetaData returned -22, defaulting to interlaced_flag = 0
05-29 21:35:01.976  9385  9408 W qdgralloc: getInterlacedFlag: getMetaData returned -22, defaulting to interlaced_flag = 0
05-29 21:35:02.009  9385  9408 W qdgralloc: getInterlacedFlag: getMetaData returned -22, defaulting to interlaced_flag = 0
05-29 21:35:02.019  9385  9408 W qdgralloc: getInterlacedFlag: getMetaData returned -22, defaulting to interlaced_flag = 0
05-29 21:35:02.058  9385  9408 W qdgralloc: getInterlacedFlag: getMetaData returned -22, defaulting to interlaced_flag = 0
05-29 21:35:02.084  9385  9408 W qdgralloc: getInterlacedFlag: getMetaData returned -22, defaulting to interlaced_flag = 0
05-29 21:35:02.092  9385  9408 W qdgralloc: getInterlacedFlag: getMetaData returned -22, defaulting to interlaced_flag = 0
05-29 21:35:02.133  9385  9408 W qdgralloc: getInterlacedFlag: getMetaData returned -22, defaulting to interlaced_flag = 0
05-29 21:35:02.140  9385  9408 W qdgralloc: getInterlacedFlag: getMetaData returned -22, defaulting to interlaced_flag = 0
05-29 21:35:02.147  9385  9408 W qdgralloc: getInterlacedFlag: getMetaData returned -22, defaulting to interlaced_flag = 0
05-29 21:35:02.176  9385  9408 W qdgralloc: getInterlacedFlag: getMetaData returned -22, defaulting to interlaced_flag = 0
05-29 21:35:02.211  9385  9408 W qdgralloc: getInterlacedFlag: getMetaData returned -22, defaulting to interlaced_flag = 0
05-29 21:35:02.222  9385  9408 W qdgralloc: getInterlacedFlag: getMetaData returned -22, defaulting to interlaced_flag = 0
05-29 21:35:02.253  9385  9408 W qdgralloc: getInterlacedFlag: getMetaData returned -22, defaulting to interlaced_flag = 0
05-29 21:35:02.258 17107 17270 D DlbDap2ProcessWithIht: process() called [1652000] times with input format 0x22 and channel mask 0x3 (ProcessingMode=1), htEnable=0(0, 0, 0)
05-29 21:35:02.276  9385  9408 W qdgralloc: getInterlacedFlag: getMetaData returned -22, defaulting to interlaced_flag = 0
05-29 21:35:02.293  9385  9408 W qdgralloc: getInterlacedFlag: getMetaData returned -22, defaulting to interlaced_flag = 0
05-29 21:35:02.340  9385  9408 W qdgralloc: getInterlacedFlag: getMetaData returned -22, defaulting to interlaced_flag = 0
05-29 21:35:02.350  9385  9408 W qdgralloc: getInterlacedFlag: getMetaData returned -22, defaulting to interlaced_flag = 0
05-29 21:35:02.357  9385  9408 W qdgralloc: getInterlacedFlag: getMetaData returned -22, defaulting to interlaced_flag = 0
05-29 21:35:02.378  9385  9408 W qdgralloc: getInterlacedFlag: getMetaData returned -22, defaulting to interlaced_flag = 0
05-29 21:35:02.407  9385  9408 W qdgralloc: getInterlacedFlag: getMetaData returned -22, defaulting to interlaced_flag = 0
05-29 21:35:02.421  9385  9408 W qdgralloc: getInterlacedFlag: getMetaData returned -22, defaulting to interlaced_flag = 0
05-29 21:35:02.456  9385  9408 W qdgralloc: getInterlacedFlag: getMetaData returned -22, defaulting to interlaced_flag = 0
05-29 21:35:02.479  9385  9408 W qdgralloc: getInterlacedFlag: getMetaData returned -22, defaulting to interlaced_flag = 0
05-29 21:35:02.483  9385 10616 I MediaCodec: [0xb40000705ede62f0] enqueue 30 input frames in last 1202 ms, latest timeUs 128800000
05-29 21:35:02.486  9385 10616 I MediaCodec: [0xb40000705ede62f0] dequeue 30 output frames in last 1201 ms, latest timeUs 128800000, flags 128
05-29 21:35:02.496  9385  9408 W qdgralloc: getInterlacedFlag: getMetaData returned -22, defaulting to interlaced_flag = 0
05-29 21:35:02.542  9385  9408 W qdgralloc: getInterlacedFlag: getMetaData returned -22, defaulting to interlaced_flag = 0
05-29 21:35:02.552  9385  9408 W qdgralloc: getInterlacedFlag: getMetaData returned -22, defaulting to interlaced_flag = 0
05-29 21:35:02.573  9385  9408 W qdgralloc: getInterlacedFlag: getMetaData returned -22, defaulting to interlaced_flag = 0
05-29 21:35:02.610  9385  9408 W qdgralloc: getInterlacedFlag: getMetaData returned -22, defaulting to interlaced_flag = 0
05-29 21:35:02.623  9385  9408 W qdgralloc: getInterlacedFlag: getMetaData returned -22, defaulting to interlaced_flag = 0
05-29 21:35:02.659  9385  9408 W qdgralloc: getInterlacedFlag: getMetaData returned -22, defaulting to interlaced_flag = 0
05-29 21:35:02.682  9385  9408 W qdgralloc: getInterlacedFlag: getMetaData returned -22, defaulting to interlaced_flag = 0
05-29 21:35:02.699  9385  9408 W qdgralloc: getInterlacedFlag: getMetaData returned -22, defaulting to interlaced_flag = 0
05-29 21:35:02.735  9385  9408 W qdgralloc: getInterlacedFlag: getMetaData returned -22, defaulting to interlaced_flag = 0
05-29 21:35:02.742  9385  9408 W qdgralloc: getInterlacedFlag: getMetaData returned -22, defaulting to interlaced_flag = 0
05-29 21:35:02.747  9385  9408 W qdgralloc: getInterlacedFlag: getMetaData returned -22, defaulting to interlaced_flag = 0
05-29 21:35:02.776  9385  9408 W qdgralloc: getInterlacedFlag: getMetaData returned -22, defaulting to interlaced_flag = 0
05-29 21:35:02.813  9385  9408 W qdgralloc: getInterlacedFlag: getMetaData returned -22, defaulting to interlaced_flag = 0
05-29 21:35:02.824  9385  9408 W qdgralloc: getInterlacedFlag: getMetaData returned -22, defaulting to interlaced_flag = 0
05-29 21:35:02.852  9385  9408 W qdgralloc: getInterlacedFlag: getMetaData returned -22, defaulting to interlaced_flag = 0
05-29 21:35:02.877  9385  9408 W qdgralloc: getInterlacedFlag: getMetaData returned -22, defaulting to interlaced_flag = 0
05-29 21:35:02.893  9385  9408 W qdgralloc: getInterlacedFlag: getMetaData returned -22, defaulting to interlaced_flag = 0
05-29 21:35:02.937  9385  9408 W qdgralloc: getInterlacedFlag: getMetaData returned -22, defaulting to interlaced_flag = 0
05-29 21:35:02.945  9385  9408 W qdgralloc: getInterlacedFlag: getMetaData returned -22, defaulting to interlaced_flag = 0
05-29 21:35:02.951  9385  9408 W qdgralloc: getInterlacedFlag: getMetaData returned -22, defaulting to interlaced_flag = 0
05-29 21:35:02.971  9385  9408 W qdgralloc: getInterlacedFlag: getMetaData returned -22, defaulting to interlaced_flag = 0
05-29 21:35:03.002  3090  3756 D WifiStaIfaceHidlImpl: getCachedScanData is not implemented by HIDL
05-29 21:35:03.006  9385  9408 W qdgralloc: getInterlacedFlag: getMetaData returned -22, defaulting to interlaced_flag = 0
05-29 21:35:03.007  3090  3756 I HalDevMgr: bestIfaceCreationProposal is null, requestIface=STA, existingIface=[name=ap_br_wlan2 type=AP_BRIDGE, name=wlan0 type=STA]
05-29 21:35:03.015  9385  9408 W qdgralloc: getInterlacedFlag: getMetaData returned -22, defaulting to interlaced_flag = 0
05-29 21:35:03.054  9385  9408 W qdgralloc: getInterlacedFlag: getMetaData returned -22, defaulting to interlaced_flag = 0
05-29 21:35:03.079  9385  9408 W qdgralloc: getInterlacedFlag: getMetaData returned -22, defaulting to interlaced_flag = 0
05-29 21:35:03.096  9385  9408 W qdgralloc: getInterlacedFlag: getMetaData returned -22, defaulting to interlaced_flag = 0
05-29 21:35:03.133  9385  9408 W qdgralloc: getInterlacedFlag: getMetaData returned -22, defaulting to interlaced_flag = 0
05-29 21:35:03.142  9385  9408 W qdgralloc: getInterlacedFlag: getMetaData returned -22, defaulting to interlaced_flag = 0
05-29 21:35:03.148  9385  9408 W qdgralloc: getInterlacedFlag: getMetaData returned -22, defaulting to interlaced_flag = 0
05-29 21:35:03.173  9385  9408 W qdgralloc: getInterlacedFlag: getMetaData returned -22, defaulting to interlaced_flag = 0
05-29 21:35:03.208  9385  9408 W qdgralloc: getInterlacedFlag: getMetaData returned -22, defaulting to interlaced_flag = 0
05-29 21:35:03.222  9385  9408 W qdgralloc: getInterlacedFlag: getMetaData returned -22, defaulting to interlaced_flag = 0
05-29 21:35:03.259  9385  9408 W qdgralloc: getInterlacedFlag: getMetaData returned -22, defaulting to interlaced_flag = 0
05-29 21:35:03.277  9385 10616 D BufferPoolAccessor2.0: bufferpool2 0xb40000708ed503d8 : 5(19599360 size) total buffers - 4(15679488 size) used buffers - 3239/3244 (recycle/alloc) - 5/3242 (fetch/transfer)
05-29 21:35:03.278  9385  9408 W qdgralloc: getInterlacedFlag: getMetaData returned -22, defaulting to interlaced_flag = 0
05-29 21:35:03.291  9385  9408 W qdgralloc: getInterlacedFlag: getMetaData returned -22, defaulting to interlaced_flag = 0
05-29 21:35:03.333  9385  9408 W qdgralloc: getInterlacedFlag: getMetaData returned -22, defaulting to interlaced_flag = 0
05-29 21:35:03.340  9385  9408 W qdgralloc: getInterlacedFlag: getMetaData returned -22, defaulting to interlaced_flag = 0
05-29 21:35:03.351  9385  9408 W qdgralloc: getInterlacedFlag: getMetaData returned -22, defaulting to interlaced_flag = 0
05-29 21:35:03.377  9385  9408 W qdgralloc: getInterlacedFlag: getMetaData returned -22, defaulting to interlaced_flag = 0
05-29 21:35:03.411  9385  9408 W qdgralloc: getInterlacedFlag: getMetaData returned -22, defaulting to interlaced_flag = 0
05-29 21:35:03.422  9385  9408 W qdgralloc: getInterlacedFlag: getMetaData returned -22, defaulting to interlaced_flag = 0
05-29 21:35:03.455  9385  9408 W qdgralloc: getInterlacedFlag: getMetaData returned -22, defaulting to interlaced_flag = 0
05-29 21:35:03.478  9385  9408 W qdgralloc: getInterlacedFlag: getMetaData returned -22, defaulting to interlaced_flag = 0
05-29 21:35:03.495  9385  9408 W qdgralloc: getInterlacedFlag: getMetaData returned -22, defaulting to interlaced_flag = 0
05-29 21:35:03.522  9385 10616 I MediaCodec: [0xb40000705ede62f0] enqueue 26 input frames in last 1038 ms, latest timeUs 129840000
05-29 21:35:03.529  9385 10616 I MediaCodec: [0xb40000705ede62f0] dequeue 26 output frames in last 1043 ms, latest timeUs 129840000, flags 128
05-29 21:35:03.536  9385  9408 W qdgralloc: getInterlacedFlag: getMetaData returned -22, defaulting to interlaced_flag = 0
05-29 21:35:03.543  9385  9408 W qdgralloc: getInterlacedFlag: getMetaData returned -22, defaulting to interlaced_flag = 0
05-29 21:35:03.553  9385  9408 W qdgralloc: getInterlacedFlag: getMetaData returned -22, defaulting to interlaced_flag = 0
05-29 21:35:03.578  9385  9408 W qdgralloc: getInterlacedFlag: getMetaData returned -22, defaulting to interlaced_flag = 0
05-29 21:35:03.607  9385  9408 W qdgralloc: getInterlacedFlag: getMetaData returned -22, defaulting to interlaced_flag = 0
05-29 21:35:03.618  9385  9408 W qdgralloc: getInterlacedFlag: getMetaData returned -22, defaulting to interlaced_flag = 0
05-29 21:35:03.656  9385  9408 W qdgralloc: getInterlacedFlag: getMetaData returned -22, defaulting to interlaced_flag = 0
05-29 21:35:03.676  9385  9408 W qdgralloc: getInterlacedFlag: getMetaData returned -22, defaulting to interlaced_flag = 0
05-29 21:35:03.696  9385  9408 W qdgralloc: getInterlacedFlag: getMetaData returned -22, defaulting to interlaced_flag = 0
05-29 21:35:03.734  9385  9408 W qdgralloc: getInterlacedFlag: getMetaData returned -22, defaulting to interlaced_flag = 0
05-29 21:35:03.742  9385  9408 W qdgralloc: getInterlacedFlag: getMetaData returned -22, defaulting to interlaced_flag = 0
05-29 21:35:03.750  9385  9408 W qdgralloc: getInterlacedFlag: getMetaData returned -22, defaulting to interlaced_flag = 0
05-29 21:35:03.773  9385  9408 W qdgralloc: getInterlacedFlag: getMetaData returned -22, defaulting to interlaced_flag = 0
05-29 21:35:03.776  3949  7239 D IpClient/wlan0: interfaceLinkStateChanged: ifindex 27 up
05-29 21:35:03.793 30020 30211 V Avrcp_ext: onPlaybackStateChanged: state PlaybackState {state=PLAYING(3), position=0, buffered position=0, speed=1.0, updated=198528412, actions=7339703, custom actions=[], active item id=0, error=null}
05-29 21:35:03.793 30020 30211 V APM: MediaControlManager: onPlaybackStateChanged
05-29 21:35:03.793 30020 30211 W McpService: updatePlaybackState state PlaybackState {state=PLAYING(3), position=0, buffered position=0, speed=1.0, updated=198528412, actions=7339703, custom actions=[], active item id=0, error=null}
05-29 21:35:03.793 30020 30211 W McpService: updatePlaybackState mState: 1 state: 1
05-29 21:35:03.795 30020 30211 V Avrcp_ext: updateCurrentMediaState: mMediaController: MediaController (com.deepeye.musicpro@41e7c7e) Chaand Baaliyan – Aditya A. | Trending Song | Official Video, Sony Music India, null
05-29 21:35:03.795 30020 30211 W Avrcp_ext: isMusicActive: true getBluetoothPlayState: 1 A2dp State: 11 mAudioPlaybackIsActive: true
05-29 21:35:03.795 30020 30211 D Avrcp_ext: isMusicActive = true mAudioPlaybackIsActive = true player state = PlaybackState {state=PLAYING(3), position=0, buffered position=0, speed=1.0, updated=198528415, actions=7339703, custom actions=[], active item id=0, error=null}
05-29 21:35:03.796 30020 30211 D Avrcp_ext: overwrite album_artist :if album is blank
05-29 21:35:03.796 30020 30211 V Avrcp_ext: Media update: id 0➡0? [MediaAttributes: C⋯o -  by S⋯a (0 0/0) - ] : [MediaAttributes: C⋯o -  by S⋯a (0 0/0) - ]
05-29 21:35:03.796 30020 30211 D Avrcp_ext: isPackageNameValid: browsedPackage = com.deepeye.musicproisValid = true
05-29 21:35:03.796 30020 30211 V Avrcp_ext: isBrowseSupported for com.deepeye.musicpro: false
05-29 21:35:03.796 30020 30211 W Avrcp_ext: updateCurrentMediaState: isInactivePlayer = false
05-29 21:35:03.796 30020 30211 V Avrcp_ext: updatePlaybackState, state: PlaybackState {state=PLAYING(3), position=0, buffered position=0, speed=1.0, updated=198528415, actions=7339703, custom actions=[], active item id=0, error=null} device: null
05-29 21:35:03.796 30020 30211 V Avrcp_ext: Device: no name: 
05-29 21:35:03.796 30020 30211 V Avrcp_ext: Device: no name: 
05-29 21:35:03.796 30020 30211 V Avrcp_ext: Device: no name: 
05-29 21:35:03.796 30020 30211 V Avrcp_ext: Device: no name: 
05-29 21:35:03.796 30020 30211 V Avrcp_ext: Device: no name: 
05-29 21:35:03.796 30020 30211 V Avrcp_ext: updatePlayerStateAndPosition, old=PlaybackState {state=PLAYING(3), position=0, buffered position=0, speed=1.0, updated=198525415, actions=7339703, custom actions=[], active item id=0, error=null}, state=PlaybackState {state=PLAYING(3), position=0, buffered position=0, speed=1.0, updated=198528415, actions=7339703, custom actions=[], active item id=0, error=null}
05-29 21:35:03.796 30020 30211 V Avrcp_ext: old state = PlaybackState {state=PLAYING(3), position=0, buffered position=0, speed=1.0, updated=198525415, actions=7339703, custom actions=[], active item id=0, error=null}, new state= PlaybackState {state=PLAYING(3), position=0, buffered position=0, speed=1.0, updated=198528415, actions=7339703, custom actions=[], active item id=0, error=null}
05-29 21:35:03.796 30020 30211 D HeadsetService: getHeadsetService(): returning com.android.bluetooth.hfp.HeadsetService@b4478ad
05-29 21:35:03.797 30020 30211 E HeadsetStateMachine: returning mCurrentState as Disconnected
05-29 21:35:03.797 30020 30211 D HeadsetService:  isAudioOn: The number of audio connected devices 0
05-29 21:35:03.797 30020 30211 D HeadsetService: isScoOrCallActive(): Call Active:falseCall is Ringing:falseSCO is Active:false
05-29 21:35:03.797 30020 30211 E HeadsetStateMachine: returning mCurrentState as Disconnected
05-29 21:35:03.797 30020 30211 D HeadsetService:  isAudioOn: The number of audio connected devices 0
05-29 21:35:03.797 30020 30211 V Avrcp_ext: isPlayStateTobeUpdated: device: null
05-29 21:35:03.797 30020 30211 V Avrcp_ext: Single connection exists
05-29 21:35:03.797 30020 30211 E HeadsetStateMachine: returning mCurrentState as Disconnected
05-29 21:35:03.797 30020 30211 D HeadsetService:  isAudioOn: The number of audio connected devices 0
05-29 21:35:03.797 30020 30211 D HeadsetService: isScoOrCallActive(): Call Active:falseCall is Ringing:falseSCO is Active:false
05-29 21:35:03.797 30020 30211 E HeadsetStateMachine: returning mCurrentState as Disconnected
05-29 21:35:03.797 30020 30211 D HeadsetService:  isAudioOn: The number of audio connected devices 0
05-29 21:35:03.797 30020 30211 V Avrcp_ext: isPlayStateTobeUpdated: device: null
05-29 21:35:03.797 30020 30211 V Avrcp_ext: Single connection exists
05-29 21:35:03.797 30020 30211 E HeadsetStateMachine: returning mCurrentState as Disconnected
05-29 21:35:03.797 30020 30211 D HeadsetService:  isAudioOn: The number of audio connected devices 0
05-29 21:35:03.797 30020 30211 D HeadsetService: isScoOrCallActive(): Call Active:falseCall is Ringing:falseSCO is Active:false
05-29 21:35:03.797 30020 30211 E HeadsetStateMachine: returning mCurrentState as Disconnected
05-29 21:35:03.797 30020 30211 D HeadsetService:  isAudioOn: The number of audio connected devices 0
05-29 21:35:03.797 30020 30211 V Avrcp_ext: isPlayStateTobeUpdated: device: null
05-29 21:35:03.797 30020 30211 V Avrcp_ext: Single connection exists
05-29 21:35:03.797 30020 30211 E HeadsetStateMachine: returning mCurrentState as Disconnected
05-29 21:35:03.797 30020 30211 D HeadsetService:  isAudioOn: The number of audio connected devices 0
05-29 21:35:03.797 30020 30211 D HeadsetService: isScoOrCallActive(): Call Active:falseCall is Ringing:falseSCO is Active:false
05-29 21:35:03.797 30020 30211 E HeadsetStateMachine: returning mCurrentState as Disconnected
05-29 21:35:03.797 30020 30211 D HeadsetService:  isAudioOn: The number of audio connected devices 0
05-29 21:35:03.797 30020 30211 V Avrcp_ext: isPlayStateTobeUpdated: device: null
05-29 21:35:03.797 30020 30211 V Avrcp_ext: Single connection exists
05-29 21:35:03.798 30020 30211 E HeadsetStateMachine: returning mCurrentState as Disconnected
05-29 21:35:03.798 30020 30211 D HeadsetService:  isAudioOn: The number of audio connected devices 0
05-29 21:35:03.798 30020 30211 D HeadsetService: isScoOrCallActive(): Call Active:falseCall is Ringing:falseSCO is Active:false
05-29 21:35:03.798 30020 30211 E HeadsetStateMachine: returning mCurrentState as Disconnected
05-29 21:35:03.798 30020 30211 D HeadsetService:  isAudioOn: The number of audio connected devices 0
05-29 21:35:03.798 30020 30211 V Avrcp_ext: isPlayStateTobeUpdated: device: null
05-29 21:35:03.798 30020 30211 V Avrcp_ext: Single connection exists
05-29 21:35:03.798 30020 30211 D Avrcp_ext: Enter sendPlayPosNotificationRsp
05-29 21:35:03.798 30020 30211 D Avrcp_ext: sendPlayPosNotificationRsp: Not registered or requesting.
05-29 21:35:03.798 30020 30211 D Avrcp_ext: Enter sendPlayPosNotificationRsp
05-29 21:35:03.798 30020 30211 D Avrcp_ext: sendPlayPosNotificationRsp: Not registered or requesting.
05-29 21:35:03.798 30020 30211 D Avrcp_ext: Enter sendPlayPosNotificationRsp
05-29 21:35:03.798 30020 30211 D Avrcp_ext: sendPlayPosNotificationRsp: Not registered or requesting.
05-29 21:35:03.798 30020 30211 D Avrcp_ext: Enter sendPlayPosNotificationRsp
05-29 21:35:03.798 30020 30211 D Avrcp_ext: sendPlayPosNotificationRsp: Not registered or requesting.
05-29 21:35:03.798 30020 30211 D Avrcp_ext: Enter sendPlayPosNotificationRsp
05-29 21:35:03.798 30020 30211 D Avrcp_ext: sendPlayPosNotificationRsp: Not registered or requesting.
05-29 21:35:03.799 30020 30211 V Avrcp_ext: Exit updatePlayerStateAndPosition
