05-29 21:37:12.853 30020 30211 V Avrcp_ext: Device: no name: 
05-29 21:37:12.853 30020 30211 V Avrcp_ext: Device: no name: 
05-29 21:37:12.853 30020 30211 V Avrcp_ext: updatePlayerStateAndPosition, old=PlaybackState {state=PLAYING(3), position=0, buffered position=0, speed=1.0, updated=198657117, actions=7339703, custom actions=[], active item id=0, error=null}, state=PlaybackState {state=PLAYING(3), position=0, buffered position=0, speed=1.0, updated=198657472, actions=7339703, custom actions=[], active item id=0, error=null}
05-29 21:37:12.853 30020 30211 V Avrcp_ext: old state = PlaybackState {state=PLAYING(3), position=0, buffered position=0, speed=1.0, updated=198657117, actions=7339703, custom actions=[], active item id=0, error=null}, new state= PlaybackState {state=PLAYING(3), position=0, buffered position=0, speed=1.0, updated=198657472, actions=7339703, custom actions=[], active item id=0, error=null}
05-29 21:37:12.853 30020 30211 D HeadsetService: getHeadsetService(): returning com.android.bluetooth.hfp.HeadsetService@b4478ad
05-29 21:37:12.853 30020 30211 E HeadsetStateMachine: returning mCurrentState as Disconnected
05-29 21:37:12.853 30020 30211 D HeadsetService:  isAudioOn: The number of audio connected devices 0
05-29 21:37:12.853 30020 30211 D HeadsetService: isScoOrCallActive(): Call Active:falseCall is Ringing:falseSCO is Active:false
05-29 21:37:12.853 30020 30211 E HeadsetStateMachine: returning mCurrentState as Disconnected
05-29 21:37:12.853 30020 30211 D HeadsetService:  isAudioOn: The number of audio connected devices 0
05-29 21:37:12.853 30020 30211 V Avrcp_ext: isPlayStateTobeUpdated: device: null
05-29 21:37:12.853 30020 30211 V Avrcp_ext: Single connection exists
05-29 21:37:12.853 30020 30211 E HeadsetStateMachine: returning mCurrentState as Disconnected
05-29 21:37:12.853 30020 30211 D HeadsetService:  isAudioOn: The number of audio connected devices 0
05-29 21:37:12.853 30020 30211 D HeadsetService: isScoOrCallActive(): Call Active:falseCall is Ringing:falseSCO is Active:false
05-29 21:37:12.853 30020 30211 E HeadsetStateMachine: returning mCurrentState as Disconnected
05-29 21:37:12.853 30020 30211 D HeadsetService:  isAudioOn: The number of audio connected devices 0
05-29 21:37:12.853 30020 30211 V Avrcp_ext: isPlayStateTobeUpdated: device: null
05-29 21:37:12.853 30020 30211 V Avrcp_ext: Single connection exists
05-29 21:37:12.853 30020 30211 E HeadsetStateMachine: returning mCurrentState as Disconnected
05-29 21:37:12.853 30020 30211 D HeadsetService:  isAudioOn: The number of audio connected devices 0
05-29 21:37:12.853 30020 30211 D HeadsetService: isScoOrCallActive(): Call Active:falseCall is Ringing:falseSCO is Active:false
05-29 21:37:12.853 30020 30211 E HeadsetStateMachine: returning mCurrentState as Disconnected
05-29 21:37:12.853 30020 30211 D HeadsetService:  isAudioOn: The number of audio connected devices 0
05-29 21:37:12.853 30020 30211 V Avrcp_ext: isPlayStateTobeUpdated: device: null
05-29 21:37:12.853 30020 30211 V Avrcp_ext: Single connection exists
05-29 21:37:12.853 30020 30211 E HeadsetStateMachine: returning mCurrentState as Disconnected
05-29 21:37:12.853 30020 30211 D HeadsetService:  isAudioOn: The number of audio connected devices 0
05-29 21:37:12.853 30020 30211 D HeadsetService: isScoOrCallActive(): Call Active:falseCall is Ringing:falseSCO is Active:false
05-29 21:37:12.853 30020 30211 E HeadsetStateMachine: returning mCurrentState as Disconnected
05-29 21:37:12.853 30020 30211 D HeadsetService:  isAudioOn: The number of audio connected devices 0
05-29 21:37:12.853 30020 30211 V Avrcp_ext: isPlayStateTobeUpdated: device: null
05-29 21:37:12.853 30020 30211 V Avrcp_ext: Single connection exists
05-29 21:37:12.853 30020 30211 E HeadsetStateMachine: returning mCurrentState as Disconnected
05-29 21:37:12.853 30020 30211 D HeadsetService:  isAudioOn: The number of audio connected devices 0
05-29 21:37:12.853 30020 30211 D HeadsetService: isScoOrCallActive(): Call Active:falseCall is Ringing:falseSCO is Active:false
05-29 21:37:12.854 30020 30211 E HeadsetStateMachine: returning mCurrentState as Disconnected
05-29 21:37:12.854 30020 30211 D HeadsetService:  isAudioOn: The number of audio connected devices 0
05-29 21:37:12.854 30020 30211 V Avrcp_ext: isPlayStateTobeUpdated: device: null
05-29 21:37:12.854 30020 30211 V Avrcp_ext: Single connection exists
05-29 21:37:12.854 30020 30211 D Avrcp_ext: Enter sendPlayPosNotificationRsp
05-29 21:37:12.854 30020 30211 D Avrcp_ext: sendPlayPosNotificationRsp: Not registered or requesting.
05-29 21:37:12.854 30020 30211 D Avrcp_ext: Enter sendPlayPosNotificationRsp
05-29 21:37:12.854 30020 30211 D Avrcp_ext: sendPlayPosNotificationRsp: Not registered or requesting.
05-29 21:37:12.854 30020 30211 D Avrcp_ext: Enter sendPlayPosNotificationRsp
05-29 21:37:12.854 30020 30211 D Avrcp_ext: sendPlayPosNotificationRsp: Not registered or requesting.
05-29 21:37:12.854 30020 30211 D Avrcp_ext: Enter sendPlayPosNotificationRsp
05-29 21:37:12.854 30020 30211 D Avrcp_ext: sendPlayPosNotificationRsp: Not registered or requesting.
05-29 21:37:12.854 30020 30211 D Avrcp_ext: Enter sendPlayPosNotificationRsp
05-29 21:37:12.854 30020 30211 D Avrcp_ext: sendPlayPosNotificationRsp: Not registered or requesting.
05-29 21:37:12.854 30020 30211 V Avrcp_ext: Exit updatePlayerStateAndPosition
05-29 21:37:12.854 30020 30211 D APM: ActiveDeviceManagerServiceLegacy: getActiveAbsoluteDevice(): device: null
05-29 21:37:12.854 30020 30211 D APM: ActiveDeviceManagerServiceLegacy: isStableState(): true
05-29 21:37:12.854 30020 30211 D Avrcp_ext: isAdmStable = true activeAbsAddr = null device = null
05-29 21:37:12.854 30020 30211 V APM: MediaControlManager: onPlaybackStateChanged
05-29 21:37:12.854 30020 30211 W McpService: updatePlaybackState state PlaybackState {state=PLAYING(3), position=0, buffered position=0, speed=1.0, updated=198657472, actions=7339703, custom actions=[], active item id=0, error=null}
05-29 21:37:12.854 30020 30211 W McpService: updatePlaybackState mState: 1 state: 1
05-29 21:37:12.854 30020 30211 W Avrcp_ext: updated player state = PlaybackState {state=PLAYING(3), position=0, buffered position=0, speed=1.0, updated=198657472, actions=7339703, custom actions=[], active item id=0, error=null}to MCP module also
05-29 21:37:12.854 30020 30211 V Avrcp_ext:  Exit onPlaybackStateChanged
05-29 21:37:12.890  9385  9408 W qdgralloc: getInterlacedFlag: getMetaData returned -22, defaulting to interlaced_flag = 0
05-29 21:37:12.902  9385  9408 W qdgralloc: getInterlacedFlag: getMetaData returned -22, defaulting to interlaced_flag = 0
05-29 21:37:12.910  9385  9408 W qdgralloc: getInterlacedFlag: getMetaData returned -22, defaulting to interlaced_flag = 0
05-29 21:37:12.916  1847 11109 I QC2Comp : [vp9D_290] Stats: Pending(0) i/p-done(0) Works: Q: 14/Done 15|Work-Rate: Q(26.7/s Avg=26.7/s) Done(28.650/s Avg=28.650/s)| Stream: 25.00fps 738.8Kbps
05-29 21:37:12.916  1847 11109 I QC2Comp : [vp9D_290] Mem-usage:  [In-1D: 5 bufs 18.691 MB] [1D-563: 19 bufs 0.297 MB] [2D-564: 26 bufs 17.469 MB] | Total: 36.457 MB
05-29 21:37:12.923  9385  9408 W qdgralloc: getInterlacedFlag: getMetaData returned -22, defaulting to interlaced_flag = 0
05-29 21:37:12.926  4020  5447 I QImsService: VtDataUsageProvider : onSetAlert:2097152
05-29 21:37:12.926  4020  4020 I QImsService: ImsServiceClassTracker : updateAlertQuota:newQuota=2097152,Remaining=2097152
05-29 21:37:12.945  3090  3756 D WifiStaIfaceHidlImpl: getCachedScanData is not implemented by HIDL
05-29 21:37:12.951  3090  3756 I HalDevMgr: bestIfaceCreationProposal is null, requestIface=STA, existingIface=[name=ap_br_wlan2 type=AP_BRIDGE, name=wlan0 type=STA]
05-29 21:37:12.966  9385  9408 W qdgralloc: getInterlacedFlag: getMetaData returned -22, defaulting to interlaced_flag = 0
05-29 21:37:12.972  9385  9408 W qdgralloc: getInterlacedFlag: getMetaData returned -22, defaulting to interlaced_flag = 0
05-29 21:37:13.010  9385  9408 W qdgralloc: getInterlacedFlag: getMetaData returned -22, defaulting to interlaced_flag = 0
05-29 21:37:13.035  9385  9408 W qdgralloc: getInterlacedFlag: getMetaData returned -22, defaulting to interlaced_flag = 0
05-29 21:37:13.049  9385  9408 W qdgralloc: getInterlacedFlag: getMetaData returned -22, defaulting to interlaced_flag = 0
05-29 21:37:13.086  9385  9408 W qdgralloc: getInterlacedFlag: getMetaData returned -22, defaulting to interlaced_flag = 0
05-29 21:37:13.106  9385  9408 W qdgralloc: getInterlacedFlag: getMetaData returned -22, defaulting to interlaced_flag = 0
05-29 21:37:13.112  9385  9408 W qdgralloc: getInterlacedFlag: getMetaData returned -22, defaulting to interlaced_flag = 0
05-29 21:37:13.127  9385  9408 W qdgralloc: getInterlacedFlag: getMetaData returned -22, defaulting to interlaced_flag = 0
05-29 21:37:13.170  9385  9408 W qdgralloc: getInterlacedFlag: getMetaData returned -22, defaulting to interlaced_flag = 0
05-29 21:37:13.210  9385  9408 W qdgralloc: getInterlacedFlag: getMetaData returned -22, defaulting to interlaced_flag = 0
05-29 21:37:13.238  9385  9408 W qdgralloc: getInterlacedFlag: getMetaData returned -22, defaulting to interlaced_flag = 0
05-29 21:37:13.244  9385  9408 W qdgralloc: getInterlacedFlag: getMetaData returned -22, defaulting to interlaced_flag = 0
05-29 21:37:13.287  9385  9408 W qdgralloc: getInterlacedFlag: getMetaData returned -22, defaulting to interlaced_flag = 0
05-29 21:37:13.307  9385  9408 W qdgralloc: getInterlacedFlag: getMetaData returned -22, defaulting to interlaced_flag = 0
05-29 21:37:13.314  9385  9408 W qdgralloc: getInterlacedFlag: getMetaData returned -22, defaulting to interlaced_flag = 0
05-29 21:37:13.329  9385  9408 W qdgralloc: getInterlacedFlag: getMetaData returned -22, defaulting to interlaced_flag = 0
05-29 21:37:13.371  9385  9408 W qdgralloc: getInterlacedFlag: getMetaData returned -22, defaulting to interlaced_flag = 0
05-29 21:37:13.406  9385  9408 W qdgralloc: getInterlacedFlag: getMetaData returned -22, defaulting to interlaced_flag = 0
05-29 21:37:13.441  9385  9408 W qdgralloc: getInterlacedFlag: getMetaData returned -22, defaulting to interlaced_flag = 0
05-29 21:37:13.448  9385  9408 W qdgralloc: getInterlacedFlag: getMetaData returned -22, defaulting to interlaced_flag = 0
05-29 21:37:13.491  9385  9408 W qdgralloc: getInterlacedFlag: getMetaData returned -22, defaulting to interlaced_flag = 0
05-29 21:37:13.503  9385  9408 W qdgralloc: getInterlacedFlag: getMetaData returned -22, defaulting to interlaced_flag = 0
05-29 21:37:13.509  9385  9408 W qdgralloc: getInterlacedFlag: getMetaData returned -22, defaulting to interlaced_flag = 0
05-29 21:37:13.532  9385  9408 W qdgralloc: getInterlacedFlag: getMetaData returned -22, defaulting to interlaced_flag = 0
05-29 21:37:13.567  9385  9408 W qdgralloc: getInterlacedFlag: getMetaData returned -22, defaulting to interlaced_flag = 0
05-29 21:37:13.575  9385  9408 W qdgralloc: getInterlacedFlag: getMetaData returned -22, defaulting to interlaced_flag = 0
05-29 21:37:13.592  9385 11107 I MediaCodec: [0xb40000705ed75320] enqueue 31 input frames in last 1169 ms, latest timeUs 1200000
05-29 21:37:13.595  9385 11107 I MediaCodec: [0xb40000705ed75320] dequeue 31 output frames in last 1166 ms, latest timeUs 1200000, flags 128
05-29 21:37:13.608  9385  9408 W qdgralloc: getInterlacedFlag: getMetaData returned -22, defaulting to interlaced_flag = 0
05-29 21:37:13.635  9385  9408 W qdgralloc: getInterlacedFlag: getMetaData returned -22, defaulting to interlaced_flag = 0
05-29 21:37:13.649  9385  9408 W qdgralloc: getInterlacedFlag: getMetaData returned -22, defaulting to interlaced_flag = 0
05-29 21:37:13.695  9385  9408 W qdgralloc: getInterlacedFlag: getMetaData returned -22, defaulting to interlaced_flag = 0
05-29 21:37:13.705  9385  9408 W qdgralloc: getInterlacedFlag: getMetaData returned -22, defaulting to interlaced_flag = 0
05-29 21:37:13.712  9385  9408 W qdgralloc: getInterlacedFlag: getMetaData returned -22, defaulting to interlaced_flag = 0
05-29 21:37:13.727  9385  9408 W qdgralloc: getInterlacedFlag: getMetaData returned -22, defaulting to interlaced_flag = 0
05-29 21:37:13.770  9385  9408 W qdgralloc: getInterlacedFlag: getMetaData returned -22, defaulting to interlaced_flag = 0
05-29 21:37:13.811  9385  9408 W qdgralloc: getInterlacedFlag: getMetaData returned -22, defaulting to interlaced_flag = 0
05-29 21:37:13.839  9385  9408 W qdgralloc: getInterlacedFlag: getMetaData returned -22, defaulting to interlaced_flag = 0
05-29 21:37:13.853  9385  9408 W qdgralloc: getInterlacedFlag: getMetaData returned -22, defaulting to interlaced_flag = 0
05-29 21:37:13.887  9385  9408 W qdgralloc: getInterlacedFlag: getMetaData returned -22, defaulting to interlaced_flag = 0
05-29 21:37:13.907  9385  9408 W qdgralloc: getInterlacedFlag: getMetaData returned -22, defaulting to interlaced_flag = 0
05-29 21:37:13.914  9385  9408 W qdgralloc: getInterlacedFlag: getMetaData returned -22, defaulting to interlaced_flag = 0
05-29 21:37:13.929  9385  9408 W qdgralloc: getInterlacedFlag: getMetaData returned -22, defaulting to interlaced_flag = 0
05-29 21:37:13.975  9385  9408 W qdgralloc: getInterlacedFlag: getMetaData returned -22, defaulting to interlaced_flag = 0
05-29 21:37:14.023  9385  9408 W qdgralloc: getInterlacedFlag: getMetaData returned -22, defaulting to interlaced_flag = 0
05-29 21:37:14.040  9385  9408 W qdgralloc: getInterlacedFlag: getMetaData returned -22, defaulting to interlaced_flag = 0
05-29 21:37:14.047  9385  9408 W qdgralloc: getInterlacedFlag: getMetaData returned -22, defaulting to interlaced_flag = 0
05-29 21:37:14.090  9385  9408 W qdgralloc: getInterlacedFlag: getMetaData returned -22, defaulting to interlaced_flag = 0
05-29 21:37:14.102  9385  9408 W qdgralloc: getInterlacedFlag: getMetaData returned -22, defaulting to interlaced_flag = 0
05-29 21:37:14.109  9385  9408 W qdgralloc: getInterlacedFlag: getMetaData returned -22, defaulting to interlaced_flag = 0
05-29 21:37:14.133  9385  9408 W qdgralloc: getInterlacedFlag: getMetaData returned -22, defaulting to interlaced_flag = 0
05-29 21:37:14.175  9385  9408 W qdgralloc: getInterlacedFlag: getMetaData returned -22, defaulting to interlaced_flag = 0
05-29 21:37:14.210  9385  9408 W qdgralloc: getInterlacedFlag: getMetaData returned -22, defaulting to interlaced_flag = 0
05-29 21:37:14.238  9385  9408 W qdgralloc: getInterlacedFlag: getMetaData returned -22, defaulting to interlaced_flag = 0
05-29 21:37:14.249  9385  9408 W qdgralloc: getInterlacedFlag: getMetaData returned -22, defaulting to interlaced_flag = 0
05-29 21:37:14.294  9385  9408 W qdgralloc: getInterlacedFlag: getMetaData returned -22, defaulting to interlaced_flag = 0
05-29 21:37:14.305  9385  9408 W qdgralloc: getInterlacedFlag: getMetaData returned -22, defaulting to interlaced_flag = 0
05-29 21:37:14.312  9385  9408 W qdgralloc: getInterlacedFlag: getMetaData returned -22, defaulting to interlaced_flag = 0
05-29 21:37:14.336  9385  9408 W qdgralloc: getInterlacedFlag: getMetaData returned -22, defaulting to interlaced_flag = 0
05-29 21:37:14.370  9385  9408 W qdgralloc: getInterlacedFlag: getMetaData returned -22, defaulting to interlaced_flag = 0
05-29 21:37:14.410  9385  9408 W qdgralloc: getInterlacedFlag: getMetaData returned -22, defaulting to interlaced_flag = 0
05-29 21:37:14.439  9385  9408 W qdgralloc: getInterlacedFlag: getMetaData returned -22, defaulting to interlaced_flag = 0
05-29 21:37:14.452  9385  9408 W qdgralloc: getInterlacedFlag: getMetaData returned -22, defaulting to interlaced_flag = 0
05-29 21:37:14.500  9385  9408 W qdgralloc: getInterlacedFlag: getMetaData returned -22, defaulting to interlaced_flag = 0
05-29 21:37:14.507  9385  9408 W qdgralloc: getInterlacedFlag: getMetaData returned -22, defaulting to interlaced_flag = 0
05-29 21:37:14.514  9385  9408 W qdgralloc: getInterlacedFlag: getMetaData returned -22, defaulting to interlaced_flag = 0
05-29 21:37:14.528  9385  9408 W qdgralloc: getInterlacedFlag: getMetaData returned -22, defaulting to interlaced_flag = 0
05-29 21:37:14.570  9385  9408 W qdgralloc: getInterlacedFlag: getMetaData returned -22, defaulting to interlaced_flag = 0
05-29 21:37:14.619  9385  9408 W qdgralloc: getInterlacedFlag: getMetaData returned -22, defaulting to interlaced_flag = 0
05-29 21:37:14.642  9385  9408 W qdgralloc: getInterlacedFlag: getMetaData returned -22, defaulting to interlaced_flag = 0
05-29 21:37:14.654  9385  9408 W qdgralloc: getInterlacedFlag: getMetaData returned -22, defaulting to interlaced_flag = 0
05-29 21:37:14.694  9385  9408 W qdgralloc: getInterlacedFlag: getMetaData returned -22, defaulting to interlaced_flag = 0
05-29 21:37:14.702  9385  9408 W qdgralloc: getInterlacedFlag: getMetaData returned -22, defaulting to interlaced_flag = 0
05-29 21:37:14.709  9385  9408 W qdgralloc: getInterlacedFlag: getMetaData returned -22, defaulting to interlaced_flag = 0
05-29 21:37:14.733  9385  9408 W qdgralloc: getInterlacedFlag: getMetaData returned -22, defaulting to interlaced_flag = 0
05-29 21:37:14.775  9385  9408 W qdgralloc: getInterlacedFlag: getMetaData returned -22, defaulting to interlaced_flag = 0
05-29 21:37:14.800  9385 11107 I MediaCodec: [0xb40000705ed75320] enqueue 30 input frames in last 1207 ms, latest timeUs 2400000
05-29 21:37:14.803  9385 11107 I MediaCodec: [0xb40000705ed75320] dequeue 30 output frames in last 1208 ms, latest timeUs 2400000, flags 128
05-29 21:37:14.822  9385  9408 W qdgralloc: getInterlacedFlag: getMetaData returned -22, defaulting to interlaced_flag = 0
05-29 21:37:14.835  9385  9408 W qdgralloc: getInterlacedFlag: getMetaData returned -22, defaulting to interlaced_flag = 0
05-29 21:37:14.851  9385  9408 W qdgralloc: getInterlacedFlag: getMetaData returned -22, defaulting to interlaced_flag = 0
05-29 21:37:14.896  9385  9408 W qdgralloc: getInterlacedFlag: getMetaData returned -22, defaulting to interlaced_flag = 0
05-29 21:37:14.904  9385  9408 W qdgralloc: getInterlacedFlag: getMetaData returned -22, defaulting to interlaced_flag = 0
05-29 21:37:14.912  9385  9408 W qdgralloc: getInterlacedFlag: getMetaData returned -22, defaulting to interlaced_flag = 0
05-29 21:37:14.930 17107 17270 D DlbDap2ProcessWithIht: process() called [1674000] times with input format 0x22 and channel mask 0x3 (ProcessingMode=1), htEnable=0(0, 0, 0)
05-29 21:37:14.937  9385  9408 W qdgralloc: getInterlacedFlag: getMetaData returned -22, defaulting to interlaced_flag = 0
05-29 21:37:14.971  9385  9408 W qdgralloc: getInterlacedFlag: getMetaData returned -22, defaulting to interlaced_flag = 0
05-29 21:37:14.978  9385  9408 W qdgralloc: getInterlacedFlag: getMetaData returned -22, defaulting to interlaced_flag = 0
05-29 21:37:15.013  9385  9408 W qdgralloc: getInterlacedFlag: getMetaData returned -22, defaulting to interlaced_flag = 0
05-29 21:37:15.038  9385  9408 W qdgralloc: getInterlacedFlag: getMetaData returned -22, defaulting to interlaced_flag = 0
05-29 21:37:15.052  9385  9408 W qdgralloc: getInterlacedFlag: getMetaData returned -22, defaulting to interlaced_flag = 0
05-29 21:37:15.096  9385  9408 W qdgralloc: getInterlacedFlag: getMetaData returned -22, defaulting to interlaced_flag = 0
05-29 21:37:15.107  9385  9408 W qdgralloc: getInterlacedFlag: getMetaData returned -22, defaulting to interlaced_flag = 0
05-29 21:37:15.114  9385  9408 W qdgralloc: getInterlacedFlag: getMetaData returned -22, defaulting to interlaced_flag = 0
05-29 21:37:15.141  9385  9408 W qdgralloc: getInterlacedFlag: getMetaData returned -22, defaulting to interlaced_flag = 0
05-29 21:37:15.174  9385  9408 W qdgralloc: getInterlacedFlag: getMetaData returned -22, defaulting to interlaced_flag = 0
05-29 21:37:15.216  9385  9408 W qdgralloc: getInterlacedFlag: getMetaData returned -22, defaulting to interlaced_flag = 0
05-29 21:37:15.242  9385  9408 W qdgralloc: getInterlacedFlag: getMetaData returned -22, defaulting to interlaced_flag = 0
05-29 21:37:15.255  9385  9408 W qdgralloc: getInterlacedFlag: getMetaData returned -22, defaulting to interlaced_flag = 0
05-29 21:37:15.303  9385  9408 W qdgralloc: getInterlacedFlag: getMetaData returned -22, defaulting to interlaced_flag = 0
05-29 21:37:15.309  9385  9408 W qdgralloc: getInterlacedFlag: getMetaData returned -22, defaulting to interlaced_flag = 0
05-29 21:37:15.315  9385  9408 W qdgralloc: getInterlacedFlag: getMetaData returned -22, defaulting to interlaced_flag = 0
05-29 21:37:15.332  9385  9408 W qdgralloc: getInterlacedFlag: getMetaData returned -22, defaulting to interlaced_flag = 0
05-29 21:37:15.373  9385  9408 W qdgralloc: getInterlacedFlag: getMetaData returned -22, defaulting to interlaced_flag = 0
05-29 21:37:15.421  9385  9408 W qdgralloc: getInterlacedFlag: getMetaData returned -22, defaulting to interlaced_flag = 0
05-29 21:37:15.436  9385  9408 W qdgralloc: getInterlacedFlag: getMetaData returned -22, defaulting to interlaced_flag = 0
05-29 21:37:15.458  9385  9408 W qdgralloc: getInterlacedFlag: getMetaData returned -22, defaulting to interlaced_flag = 0
05-29 21:37:15.493  9385  9408 W qdgralloc: getInterlacedFlag: getMetaData returned -22, defaulting to interlaced_flag = 0
05-29 21:37:15.505  9385  9408 W qdgralloc: getInterlacedFlag: getMetaData returned -22, defaulting to interlaced_flag = 0
05-29 21:37:15.511  9385  9408 W qdgralloc: getInterlacedFlag: getMetaData returned -22, defaulting to interlaced_flag = 0
05-29 21:37:15.537  9385  9408 W qdgralloc: getInterlacedFlag: getMetaData returned -22, defaulting to interlaced_flag = 0
05-29 21:37:15.570  9385  9408 W qdgralloc: getInterlacedFlag: getMetaData returned -22, defaulting to interlaced_flag = 0
05-29 21:37:15.579  9385  9408 W qdgralloc: getInterlacedFlag: getMetaData returned -22, defaulting to interlaced_flag = 0
05-29 21:37:15.621  9385  9408 W qdgralloc: getInterlacedFlag: getMetaData returned -22, defaulting to interlaced_flag = 0
05-29 21:37:15.638  9385  9408 W qdgralloc: getInterlacedFlag: getMetaData returned -22, defaulting to interlaced_flag = 0
05-29 21:37:15.653  9385  9408 W qdgralloc: getInterlacedFlag: getMetaData returned -22, defaulting to interlaced_flag = 0
05-29 21:37:15.677 11120 11120 W BpBinder: Linking to death on android.gui.ISurfaceComposer but there are no threads (yet?) listening to incoming transactions. See ProcessState::startThreadPool and ProcessState::setThreadPoolMaxThreadCount. Generally you should setup the binder threadpool before other initialization steps.
05-29 21:37:15.678 11120 11120 W ProcessState: Extra binder thread started, but 0 threads requested. Do not use *startThreadPool when zero threads are requested.
05-29 21:37:15.696  9385  9408 W qdgralloc: getInterlacedFlag: getMetaData returned -22, defaulting to interlaced_flag = 0
05-29 21:37:15.701  9385  9408 W qdgralloc: getInterlacedFlag: getMetaData returned -22, defaulting to interlaced_flag = 0
05-29 21:37:15.707  9385  9408 W qdgralloc: getInterlacedFlag: getMetaData returned -22, defaulting to interlaced_flag = 0
05-29 21:37:15.740  9385  9408 W qdgralloc: getInterlacedFlag: getMetaData returned -22, defaulting to interlaced_flag = 0
05-29 21:37:15.773  9385  9408 W qdgralloc: getInterlacedFlag: getMetaData returned -22, defaulting to interlaced_flag = 0
05-29 21:37:15.779  9385  9408 W qdgralloc: getInterlacedFlag: getMetaData returned -22, defaulting to interlaced_flag = 0
05-29 21:37:15.818  9385  9408 W qdgralloc: getInterlacedFlag: getMetaData returned -22, defaulting to interlaced_flag = 0
05-29 21:37:15.840  9385  9408 W qdgralloc: getInterlacedFlag: getMetaData returned -22, defaulting to interlaced_flag = 0
05-29 21:37:15.850 30020 30211 V Avrcp_ext: onPlaybackStateChanged: state PlaybackState {state=PLAYING(3), position=0, buffered position=0, speed=1.0, updated=198660469, actions=7339703, custom actions=[], active item id=0, error=null}
05-29 21:37:15.850 30020 30211 V APM: MediaControlManager: onPlaybackStateChanged
05-29 21:37:15.850 30020 30211 W McpService: updatePlaybackState state PlaybackState {state=PLAYING(3), position=0, buffered position=0, speed=1.0, updated=198660469, actions=7339703, custom actions=[], active item id=0, error=null}
05-29 21:37:15.850 30020 30211 W McpService: updatePlaybackState mState: 1 state: 1
05-29 21:37:15.851 30020 30211 V Avrcp_ext: updateCurrentMediaState: mMediaController: MediaController (com.deepeye.musicpro@41e7c7e) Chaand Baaliyan – Aditya A. | Trending Song | Official Video, Sony Music India, null
05-29 21:37:15.851 30020 30211 W Avrcp_ext: isMusicActive: true getBluetoothPlayState: 1 A2dp State: 11 mAudioPlaybackIsActive: true
05-29 21:37:15.851 30020 30211 D Avrcp_ext: isMusicActive = true mAudioPlaybackIsActive = true player state = PlaybackState {state=PLAYING(3), position=0, buffered position=0, speed=1.0, updated=198660471, actions=7339703, custom actions=[], active item id=0, error=null}
05-29 21:37:15.852 30020 30211 D Avrcp_ext: overwrite album_artist :if album is blank
05-29 21:37:15.853 30020 30211 V Avrcp_ext: Media update: id 0➡0? [MediaAttributes: C⋯o -  by S⋯a (0 0/0) - ] : [MediaAttributes: C⋯o -  by S⋯a (0 0/0) - ]
05-29 21:37:15.853 30020 30211 D Avrcp_ext: isPackageNameValid: browsedPackage = com.deepeye.musicproisValid = true
05-29 21:37:15.853 30020 30211 V Avrcp_ext: isBrowseSupported for com.deepeye.musicpro: false
05-29 21:37:15.853 30020 30211 W Avrcp_ext: updateCurrentMediaState: isInactivePlayer = false
05-29 21:37:15.853 30020 30211 V Avrcp_ext: updatePlaybackState, state: PlaybackState {state=PLAYING(3), position=0, buffered position=0, speed=1.0, updated=198660471, actions=7339703, custom actions=[], active item id=0, error=null} device: null
05-29 21:37:15.853 30020 30211 V Avrcp_ext: Device: no name: 
05-29 21:37:15.853 30020 30211 V Avrcp_ext: Device: no name: 
05-29 21:37:15.853 30020 30211 V Avrcp_ext: Device: no name: 
05-29 21:37:15.853 30020 30211 V Avrcp_ext: Device: no name: 
05-29 21:37:15.853 30020 30211 V Avrcp_ext: Device: no name: 
05-29 21:37:15.853 30020 30211 V Avrcp_ext: updatePlayerStateAndPosition, old=PlaybackState {state=PLAYING(3), position=0, buffered position=0, speed=1.0, updated=198657472, actions=7339703, custom actions=[], active item id=0, error=null}, state=PlaybackState {state=PLAYING(3), position=0, buffered position=0, speed=1.0, updated=198660471, actions=7339703, custom actions=[], active item id=0, error=null}
05-29 21:37:15.853 30020 30211 V Avrcp_ext: old state = PlaybackState {state=PLAYING(3), position=0, buffered position=0, speed=1.0, updated=198657472, actions=7339703, custom actions=[], active item id=0, error=null}, new state= PlaybackState {state=PLAYING(3), position=0, buffered position=0, speed=1.0, updated=198660471, actions=7339703, custom actions=[], active item id=0, error=null}
05-29 21:37:15.853 30020 30211 D HeadsetService: getHeadsetService(): returning com.android.bluetooth.hfp.HeadsetService@b4478ad
05-29 21:37:15.853 30020 30211 E HeadsetStateMachine: returning mCurrentState as Disconnected
05-29 21:37:15.853 30020 30211 D HeadsetService:  isAudioOn: The number of audio connected devices 0
05-29 21:37:15.853 30020 30211 D HeadsetService: isScoOrCallActive(): Call Active:falseCall is Ringing:falseSCO is Active:false
05-29 21:37:15.853 30020 30211 E HeadsetStateMachine: returning mCurrentState as Disconnected
05-29 21:37:15.853 30020 30211 D HeadsetService:  isAudioOn: The number of audio connected devices 0
05-29 21:37:15.853 30020 30211 V Avrcp_ext: isPlayStateTobeUpdated: device: null
05-29 21:37:15.853 30020 30211 V Avrcp_ext: Single connection exists
05-29 21:37:15.853 30020 30211 E HeadsetStateMachine: returning mCurrentState as Disconnected
05-29 21:37:15.853 30020 30211 D HeadsetService:  isAudioOn: The number of audio connected devices 0
05-29 21:37:15.853 30020 30211 D HeadsetService: isScoOrCallActive(): Call Active:falseCall is Ringing:falseSCO is Active:false
05-29 21:37:15.853 30020 30211 E HeadsetStateMachine: returning mCurrentState as Disconnected
05-29 21:37:15.853 30020 30211 D HeadsetService:  isAudioOn: The number of audio connected devices 0
05-29 21:37:15.853 30020 30211 V Avrcp_ext: isPlayStateTobeUpdated: device: null
05-29 21:37:15.853 30020 30211 V Avrcp_ext: Single connection exists
05-29 21:37:15.853 30020 30211 E HeadsetStateMachine: returning mCurrentState as Disconnected
05-29 21:37:15.853 30020 30211 D HeadsetService:  isAudioOn: The number of audio connected devices 0
05-29 21:37:15.853 30020 30211 D HeadsetService: isScoOrCallActive(): Call Active:falseCall is Ringing:falseSCO is Active:false
05-29 21:37:15.853 30020 30211 E HeadsetStateMachine: returning mCurrentState as Disconnected
05-29 21:37:15.854 30020 30211 D HeadsetService:  isAudioOn: The number of audio connected devices 0
05-29 21:37:15.854 30020 30211 V Avrcp_ext: isPlayStateTobeUpdated: device: null
05-29 21:37:15.854 30020 30211 V Avrcp_ext: Single connection exists
05-29 21:37:15.854 30020 30211 E HeadsetStateMachine: returning mCurrentState as Disconnected
05-29 21:37:15.854 30020 30211 D HeadsetService:  isAudioOn: The number of audio connected devices 0
05-29 21:37:15.854 30020 30211 D HeadsetService: isScoOrCallActive(): Call Active:falseCall is Ringing:falseSCO is Active:false
05-29 21:37:15.854 30020 30211 E HeadsetStateMachine: returning mCurrentState as Disconnected
05-29 21:37:15.854 30020 30211 D HeadsetService:  isAudioOn: The number of audio connected devices 0
05-29 21:37:15.854 30020 30211 V Avrcp_ext: isPlayStateTobeUpdated: device: null
05-29 21:37:15.854 30020 30211 V Avrcp_ext: Single connection exists
05-29 21:37:15.854 30020 30211 E HeadsetStateMachine: returning mCurrentState as Disconnected
05-29 21:37:15.854 30020 30211 D HeadsetService:  isAudioOn: The number of audio connected devices 0
05-29 21:37:15.854 30020 30211 D HeadsetService: isScoOrCallActive(): Call Active:falseCall is Ringing:falseSCO is Active:false
05-29 21:37:15.854 30020 30211 E HeadsetStateMachine: returning mCurrentState as Disconnected
05-29 21:37:15.854 30020 30211 D HeadsetService:  isAudioOn: The number of audio connected devices 0
05-29 21:37:15.854 30020 30211 V Avrcp_ext: isPlayStateTobeUpdated: device: null
05-29 21:37:15.854 30020 30211 V Avrcp_ext: Single connection exists
05-29 21:37:15.854 30020 30211 D Avrcp_ext: Enter sendPlayPosNotificationRsp
05-29 21:37:15.854 30020 30211 D Avrcp_ext: sendPlayPosNotificationRsp: Not registered or requesting.
05-29 21:37:15.854 30020 30211 D Avrcp_ext: Enter sendPlayPosNotificationRsp
05-29 21:37:15.854 30020 30211 D Avrcp_ext: sendPlayPosNotificationRsp: Not registered or requesting.
05-29 21:37:15.854 30020 30211 D Avrcp_ext: Enter sendPlayPosNotificationRsp
05-29 21:37:15.854 30020 30211 D Avrcp_ext: sendPlayPosNotificationRsp: Not registered or requesting.
05-29 21:37:15.854 30020 30211 D Avrcp_ext: Enter sendPlayPosNotificationRsp
05-29 21:37:15.854 30020 30211 D Avrcp_ext: sendPlayPosNotificationRsp: Not registered or requesting.
05-29 21:37:15.854 30020 30211 D Avrcp_ext: Enter sendPlayPosNotificationRsp
05-29 21:37:15.854 30020 30211 D Avrcp_ext: sendPlayPosNotificationRsp: Not registered or requesting.
05-29 21:37:15.854 30020 30211 V Avrcp_ext: Exit updatePlayerStateAndPosition
05-29 21:37:15.854 30020 30211 D APM: ActiveDeviceManagerServiceLegacy: getActiveAbsoluteDevice(): device: null
05-29 21:37:15.854 30020 30211 D APM: ActiveDeviceManagerServiceLegacy: isStableState(): true
05-29 21:37:15.854 30020 30211 D Avrcp_ext: isAdmStable = true activeAbsAddr = null device = null
05-29 21:37:15.854 30020 30211 V APM: MediaControlManager: onPlaybackStateChanged
05-29 21:37:15.854 30020 30211 W McpService: updatePlaybackState state PlaybackState {state=PLAYING(3), position=0, buffered position=0, speed=1.0, updated=198660471, actions=7339703, custom actions=[], active item id=0, error=null}
05-29 21:37:15.854 30020 30211 W McpService: updatePlaybackState mState: 1 state: 1
05-29 21:37:15.854 30020 30211 W Avrcp_ext: updated player state = PlaybackState {state=PLAYING(3), position=0, buffered position=0, speed=1.0, updated=198660471, actions=7339703, custom actions=[], active item id=0, error=null}to MCP module also
05-29 21:37:15.854 30020 30211 V Avrcp_ext:  Exit onPlaybackStateChanged
05-29 21:37:15.855  9385  9408 W qdgralloc: getInterlacedFlag: getMetaData returned -22, defaulting to interlaced_flag = 0
05-29 21:37:15.896  9385  9408 W qdgralloc: getInterlacedFlag: getMetaData returned -22, defaulting to interlaced_flag = 0
05-29 21:37:15.904  9385  9408 W qdgralloc: getInterlacedFlag: getMetaData returned -22, defaulting to interlaced_flag = 0
05-29 21:37:15.910  9385  9408 W qdgralloc: getInterlacedFlag: getMetaData returned -22, defaulting to interlaced_flag = 0
05-29 21:37:15.939  9385  9408 W qdgralloc: getInterlacedFlag: getMetaData returned -22, defaulting to interlaced_flag = 0
05-29 21:37:15.962  3090  3756 D WifiStaIfaceHidlImpl: getCachedScanData is not implemented by HIDL
05-29 21:37:15.966  3090  3756 I HalDevMgr: bestIfaceCreationProposal is null, requestIface=STA, existingIface=[name=ap_br_wlan2 type=AP_BRIDGE, name=wlan0 type=STA]
05-29 21:37:15.973  9385  9408 W qdgralloc: getInterlacedFlag: getMetaData returned -22, defaulting to interlaced_flag = 0
05-29 21:37:16.000  9385 11107 I MediaCodec: [0xb40000705ed75320] enqueue 30 input frames in last 1199 ms, latest timeUs 3600000
05-29 21:37:16.003  9385 11107 I MediaCodec: [0xb40000705ed75320] dequeue 30 output frames in last 1199 ms, latest timeUs 3600000, flags 128
05-29 21:37:16.020  9385  9408 W qdgralloc: getInterlacedFlag: getMetaData returned -22, defaulting to interlaced_flag = 0
05-29 21:37:16.036  9385  9408 W qdgralloc: getInterlacedFlag: getMetaData returned -22, defaulting to interlaced_flag = 0
05-29 21:37:16.057  9385  9408 W qdgralloc: getInterlacedFlag: getMetaData returned -22, defaulting to interlaced_flag = 0
05-29 21:37:16.100  9385  9408 W qdgralloc: getInterlacedFlag: getMetaData returned -22, defaulting to interlaced_flag = 0
05-29 21:37:16.107  9385  9408 W qdgralloc: getInterlacedFlag: getMetaData returned -22, defaulting to interlaced_flag = 0
05-29 21:37:16.113  9385  9408 W qdgralloc: getInterlacedFlag: getMetaData returned -22, defaulting to interlaced_flag = 0
05-29 21:37:16.142  9385  9408 W qdgralloc: getInterlacedFlag: getMetaData returned -22, defaulting to interlaced_flag = 0
05-29 21:37:16.170  9385  9408 W qdgralloc: getInterlacedFlag: getMetaData returned -22, defaulting to interlaced_flag = 0
05-29 21:37:16.180  9385  9408 W qdgralloc: getInterlacedFlag: getMetaData returned -22, defaulting to interlaced_flag = 0
05-29 21:37:16.223  9385  9408 W qdgralloc: getInterlacedFlag: getMetaData returned -22, defaulting to interlaced_flag = 0
05-29 21:37:16.239  9385  9408 W qdgralloc: getInterlacedFlag: getMetaData returned -22, defaulting to interlaced_flag = 0
05-29 21:37:16.260  9385  9408 W qdgralloc: getInterlacedFlag: getMetaData returned -22, defaulting to interlaced_flag = 0
05-29 21:37:16.294  9385  9408 W qdgralloc: getInterlacedFlag: getMetaData returned -22, defaulting to interlaced_flag = 0
05-29 21:37:16.302  9385  9408 W qdgralloc: getInterlacedFlag: getMetaData returned -22, defaulting to interlaced_flag = 0
05-29 21:37:16.308  9385  9408 W qdgralloc: getInterlacedFlag: getMetaData returned -22, defaulting to interlaced_flag = 0
05-29 21:37:16.340  9385  9408 W qdgralloc: getInterlacedFlag: getMetaData returned -22, defaulting to interlaced_flag = 0
05-29 21:37:16.371  9385  9408 W qdgralloc: getInterlacedFlag: getMetaData returned -22, defaulting to interlaced_flag = 0
05-29 21:37:16.378  9385  9408 W qdgralloc: getInterlacedFlag: getMetaData returned -22, defaulting to interlaced_flag = 0
05-29 21:37:16.425  9385  9408 W qdgralloc: getInterlacedFlag: getMetaData returned -22, defaulting to interlaced_flag = 0
05-29 21:37:16.441  9385  9408 W qdgralloc: getInterlacedFlag: getMetaData returned -22, defaulting to interlaced_flag = 0
05-29 21:37:16.455  9385  9408 W qdgralloc: getInterlacedFlag: getMetaData returned -22, defaulting to interlaced_flag = 0
05-29 21:37:16.496  9385  9408 W qdgralloc: getInterlacedFlag: getMetaData returned -22, defaulting to interlaced_flag = 0
05-29 21:37:16.503  9385  9408 W qdgralloc: getInterlacedFlag: getMetaData returned -22, defaulting to interlaced_flag = 0
05-29 21:37:16.510  9385  9408 W qdgralloc: getInterlacedFlag: getMetaData returned -22, defaulting to interlaced_flag = 0
05-29 21:37:16.542  9385  9408 W qdgralloc: getInterlacedFlag: getMetaData returned -22, defaulting to interlaced_flag = 0
05-29 21:37:16.575  9385  9408 W qdgralloc: getInterlacedFlag: getMetaData returned -22, defaulting to interlaced_flag = 0
05-29 21:37:16.580  9385  9408 W qdgralloc: getInterlacedFlag: getMetaData returned -22, defaulting to interlaced_flag = 0
05-29 21:37:16.623  9385  9408 W qdgralloc: getInterlacedFlag: getMetaData returned -22, defaulting to interlaced_flag = 0
05-29 21:37:16.636  9385  9408 W qdgralloc: getInterlacedFlag: getMetaData returned -22, defaulting to interlaced_flag = 0
05-29 21:37:16.658  9385  9408 W qdgralloc: getInterlacedFlag: getMetaData returned -22, defaulting to interlaced_flag = 0
05-29 21:37:16.702  9385  9408 W qdgralloc: getInterlacedFlag: getMetaData returned -22, defaulting to interlaced_flag = 0
05-29 21:37:16.710  9385  9408 W qdgralloc: getInterlacedFlag: getMetaData returned -22, defaulting to interlaced_flag = 0
05-29 21:37:16.715  9385  9408 W qdgralloc: getInterlacedFlag: getMetaData returned -22, defaulting to interlaced_flag = 0
05-29 21:37:16.741  9385  9408 W qdgralloc: getInterlacedFlag: getMetaData returned -22, defaulting to interlaced_flag = 0
05-29 21:37:16.772  9385  9408 W qdgralloc: getInterlacedFlag: getMetaData returned -22, defaulting to interlaced_flag = 0
05-29 21:37:16.779  9385  9408 W qdgralloc: getInterlacedFlag: getMetaData returned -22, defaulting to interlaced_flag = 0
05-29 21:37:16.831  9385  9408 W qdgralloc: getInterlacedFlag: getMetaData returned -22, defaulting to interlaced_flag = 0
05-29 21:37:16.838  9385  9408 W qdgralloc: getInterlacedFlag: getMetaData returned -22, defaulting to interlaced_flag = 0
05-29 21:37:16.861  9385  9408 W qdgralloc: getInterlacedFlag: getMetaData returned -22, defaulting to interlaced_flag = 0
05-29 21:37:16.904  9385  9408 W qdgralloc: getInterlacedFlag: getMetaData returned -22, defaulting to interlaced_flag = 0
05-29 21:37:16.912  9385  9408 W qdgralloc: getInterlacedFlag: getMetaData returned -22, defaulting to interlaced_flag = 0
05-29 21:37:16.938  9385  9408 W qdgralloc: getInterlacedFlag: getMetaData returned -22, defaulting to interlaced_flag = 0
05-29 21:37:16.972  9385  9408 W qdgralloc: getInterlacedFlag: getMetaData returned -22, defaulting to interlaced_flag = 0
05-29 21:37:16.979  9385  9408 W qdgralloc: getInterlacedFlag: getMetaData returned -22, defaulting to interlaced_flag = 0
05-29 21:37:17.026  9385  9408 W qdgralloc: getInterlacedFlag: getMetaData returned -22, defaulting to interlaced_flag = 0
05-29 21:37:17.042  9385  9408 W qdgralloc: getInterlacedFlag: getMetaData returned -22, defaulting to interlaced_flag = 0
05-29 21:37:17.064  9385  9408 W qdgralloc: getInterlacedFlag: getMetaData returned -22, defaulting to interlaced_flag = 0
05-29 21:37:17.096  9385  9408 W qdgralloc: getInterlacedFlag: getMetaData returned -22, defaulting to interlaced_flag = 0
05-29 21:37:17.105  9385  9408 W qdgralloc: getInterlacedFlag: getMetaData returned -22, defaulting to interlaced_flag = 0
05-29 21:37:17.111  9385  9408 W qdgralloc: getInterlacedFlag: getMetaData returned -22, defaulting to interlaced_flag = 0
05-29 21:37:17.142  9385  9408 W qdgralloc: getInterlacedFlag: getMetaData returned -22, defaulting to interlaced_flag = 0
05-29 21:37:17.176  9385  9408 W qdgralloc: getInterlacedFlag: getMetaData returned -22, defaulting to interlaced_flag = 0
05-29 21:37:17.184  9385  9408 W qdgralloc: getInterlacedFlag: getMetaData returned -22, defaulting to interlaced_flag = 0
05-29 21:37:17.207  9385 11107 I MediaCodec: [0xb40000705ed75320] enqueue 30 input frames in last 1207 ms, latest timeUs 4800000
05-29 21:37:17.211  9385 11107 I MediaCodec: [0xb40000705ed75320] dequeue 30 output frames in last 1208 ms, latest timeUs 4800000, flags 128
05-29 21:37:17.223  9385  9408 W qdgralloc: getInterlacedFlag: getMetaData returned -22, defaulting to interlaced_flag = 0
05-29 21:37:17.236  9385  9408 W qdgralloc: getInterlacedFlag: getMetaData returned -22, defaulting to interlaced_flag = 0
05-29 21:37:17.258  9385  9408 W qdgralloc: getInterlacedFlag: getMetaData returned -22, defaulting to interlaced_flag = 0
05-29 21:37:17.302  9385  9408 W qdgralloc: getInterlacedFlag: getMetaData returned -22, defaulting to interlaced_flag = 0
05-29 21:37:17.309  9385  9408 W qdgralloc: getInterlacedFlag: getMetaData returned -22, defaulting to interlaced_flag = 0
05-29 21:37:17.314  9385  9408 W qdgralloc: getInterlacedFlag: getMetaData returned -22, defaulting to interlaced_flag = 0
05-29 21:37:17.343  9385  9408 W qdgralloc: getInterlacedFlag: getMetaData returned -22, defaulting to interlaced_flag = 0
05-29 21:37:17.346  7679 10970 I NearbyMediums: No BLE Fast/GATT advertisements found in the latest cycle.
05-29 21:37:17.347  7679 10970 I NearbyMediums: Current Tracked Scanning Clients are : {NearbyConnections.EnvironmentMonitor, NearbySharing, NearbyConnections.TxAdvertisement}
05-29 21:37:17.369  9385  9408 W qdgralloc: getInterlacedFlag: getMetaData returned -22, defaulting to interlaced_flag = 0
05-29 21:37:17.383  9385  9408 W qdgralloc: getInterlacedFlag: getMetaData returned -22, defaulting to interlaced_flag = 0
05-29 21:37:17.416  1847  3513 D BufferPoolAccessor2.0: bufferpool2 0xb400006f4ccae038 : 21(344064 size) total buffers - 21(344064 size) used buffers - 0/21 (recycle/alloc) - 0/0 (fetch/transfer)
05-29 21:37:17.416  1847  3513 D BufferPoolAccessor2.0: evictor expired: 1, evicted: 1
05-29 21:37:17.416  9385 10242 D BufferPoolAccessor2.0: evictor expired: 2, evicted: 0
05-29 21:37:17.426  9385  9408 W qdgralloc: getInterlacedFlag: getMetaData returned -22, defaulting to interlaced_flag = 0
05-29 21:37:17.438  9385  9408 W qdgralloc: getInterlacedFlag: getMetaData returned -22, defaulting to interlaced_flag = 0
05-29 21:37:17.444  9385 11107 D BufferPoolAccessor2.0: bufferpool2 0xb40000708ecdea38 : 5(19599360 size) total buffers - 4(15679488 size) used buffers - 125/130 (recycle/alloc) - 5/128 (fetch/transfer)
05-29 21:37:17.460  9385  9408 W qdgralloc: getInterlacedFlag: getMetaData returned -22, defaulting to interlaced_flag = 0
05-29 21:37:17.503  9385  9408 W qdgralloc: getInterlacedFlag: getMetaData returned -22, defaulting to interlaced_flag = 0
05-29 21:37:17.510  9385  9408 W qdgralloc: getInterlacedFlag: getMetaData returned -22, defaulting to interlaced_flag = 0
05-29 21:37:17.546  9385  9408 W qdgralloc: getInterlacedFlag: getMetaData returned -22, defaulting to interlaced_flag = 0
05-29 21:37:17.571 17107 17270 D DlbDap2ProcessWithIht: process() called [1674500] times with input format 0x22 and channel mask 0x3 (ProcessingMode=1), htEnable=0(0, 0, 0)
05-29 21:37:17.574  9385  9408 W qdgralloc: getInterlacedFlag: getMetaData returned -22, defaulting to interlaced_flag = 0
05-29 21:37:17.580  9385  9408 W qdgralloc: getInterlacedFlag: getMetaData returned -22, defaulting to interlaced_flag = 0
05-29 21:37:17.622  9385  9408 W qdgralloc: getInterlacedFlag: getMetaData returned -22, defaulting to interlaced_flag = 0
05-29 21:37:17.664  9385  9408 W qdgralloc: getInterlacedFlag: getMetaData returned -22, defaulting to interlaced_flag = 0
05-29 21:37:17.713  9385  9408 W qdgralloc: getInterlacedFlag: getMetaData returned -22, defaulting to interlaced_flag = 0
05-29 21:37:17.719  9385  9408 W qdgralloc: getInterlacedFlag: getMetaData returned -22, defaulting to interlaced_flag = 0
05-29 21:37:17.742  9385  9408 W qdgralloc: getInterlacedFlag: getMetaData returned -22, defaulting to interlaced_flag = 0
05-29 21:37:17.776  9385  9408 W qdgralloc: getInterlacedFlag: getMetaData returned -22, defaulting to interlaced_flag = 0
05-29 21:37:17.783  9385  9408 W qdgralloc: getInterlacedFlag: getMetaData returned -22, defaulting to interlaced_flag = 0
05-29 21:37:17.831  9385  9408 W qdgralloc: getInterlacedFlag: getMetaData returned -22, defaulting to interlaced_flag = 0
05-29 21:37:17.844  9385  9408 W qdgralloc: getInterlacedFlag: getMetaData returned -22, defaulting to interlaced_flag = 0
05-29 21:37:17.866  9385  9408 W qdgralloc: getInterlacedFlag: getMetaData returned -22, defaulting to interlaced_flag = 0
05-29 21:37:17.903  9385  9408 W qdgralloc: getInterlacedFlag: getMetaData returned -22, defaulting to interlaced_flag = 0
05-29 21:37:17.911  9385  9408 W qdgralloc: getInterlacedFlag: getMetaData returned -22, defaulting to interlaced_flag = 0
05-29 21:37:17.917  1847 11109 I QC2Comp : [vp9D_290] Stats: Pending(0) i/p-done(0) Works: Q: 140/Done 141|Work-Rate: Q(25.2/s Avg=25.3/s) Done(25.199/s Avg=25.526/s)| Stream: 25.00fps 166.7Kbps
05-29 21:37:17.917  1847 11109 I QC2Comp : [vp9D_290] Mem-usage:  [In-1D: 5 bufs 18.691 MB] [1D-563: 21 bufs 0.328 MB] [2D-564: 26 bufs 17.469 MB] | Total: 36.488 MB
05-29 21:37:17.917  9385  9408 W qdgralloc: getInterlacedFlag: getMetaData returned -22, defaulting to interlaced_flag = 0
05-29 21:37:17.918  3949  7239 D IpClient/wlan0: interfaceLinkStateChanged: ifindex 27 up
05-29 21:37:17.942  9385  9408 W qdgralloc: getInterlacedFlag: getMetaData returned -22, defaulting to interlaced_flag = 0
05-29 21:37:17.979  9385  9408 W qdgralloc: getInterlacedFlag: getMetaData returned -22, defaulting to interlaced_flag = 0
05-29 21:37:17.989  9385  9408 W qdgralloc: getInterlacedFlag: getMetaData returned -22, defaulting to interlaced_flag = 0
05-29 21:37:18.027  9385  9408 W qdgralloc: getInterlacedFlag: getMetaData returned -22, defaulting to interlaced_flag = 0
05-29 21:37:18.039  9385  9408 W qdgralloc: getInterlacedFlag: getMetaData returned -22, defaulting to interlaced_flag = 0
05-29 21:37:18.061  9385  9408 W qdgralloc: getInterlacedFlag: getMetaData returned -22, defaulting to interlaced_flag = 0
05-29 21:37:18.106  9385  9408 W qdgralloc: getInterlacedFlag: getMetaData returned -22, defaulting to interlaced_flag = 0
05-29 21:37:18.114  9385  9408 W qdgralloc: getInterlacedFlag: getMetaData returned -22, defaulting to interlaced_flag = 0
05-29 21:37:18.120  9385  9408 W qdgralloc: getInterlacedFlag: getMetaData returned -22, defaulting to interlaced_flag = 0
05-29 21:37:18.146  9385  9408 W qdgralloc: getInterlacedFlag: getMetaData returned -22, defaulting to interlaced_flag = 0
05-29 21:37:18.172  9385  9408 W qdgralloc: getInterlacedFlag: getMetaData returned -22, defaulting to interlaced_flag = 0
05-29 21:37:18.186  9385  9408 W qdgralloc: getInterlacedFlag: getMetaData returned -22, defaulting to interlaced_flag = 0
05-29 21:37:18.225  9385  9408 W qdgralloc: getInterlacedFlag: getMetaData returned -22, defaulting to interlaced_flag = 0
05-29 21:37:18.242  9385  9408 W qdgralloc: getInterlacedFlag: getMetaData returned -22, defaulting to interlaced_flag = 0
05-29 21:37:18.248  9385 11107 I MediaCodec: [0xb40000705ed75320] enqueue 26 input frames in last 1040 ms, latest timeUs 5840000
05-29 21:37:18.251  9385 11107 I MediaCodec: [0xb40000705ed75320] dequeue 26 output frames in last 1039 ms, latest timeUs 5840000, flags 128
05-29 21:37:18.262  9385  9408 W qdgralloc: getInterlacedFlag: getMetaData returned -22, defaulting to interlaced_flag = 0
05-29 21:37:18.307  9385  9408 W qdgralloc: getInterlacedFlag: getMetaData returned -22, defaulting to interlaced_flag = 0
05-29 21:37:18.317  9385  9408 W qdgralloc: getInterlacedFlag: getMetaData returned -22, defaulting to interlaced_flag = 0
05-29 21:37:18.352  9385  9408 W qdgralloc: getInterlacedFlag: getMetaData returned -22, defaulting to interlaced_flag = 0
05-29 21:37:18.376  9385  9408 W qdgralloc: getInterlacedFlag: getMetaData returned -22, defaulting to interlaced_flag = 0
05-29 21:37:18.383  9385  9408 W qdgralloc: getInterlacedFlag: getMetaData returned -22, defaulting to interlaced_flag = 0
05-29 21:37:18.427  9385  9408 W qdgralloc: getInterlacedFlag: getMetaData returned -22, defaulting to interlaced_flag = 0
05-29 21:37:18.444  9385  9408 W qdgralloc: getInterlacedFlag: getMetaData returned -22, defaulting to interlaced_flag = 0
05-29 21:37:18.471  9385  9408 W qdgralloc: getInterlacedFlag: getMetaData returned -22, defaulting to interlaced_flag = 0
05-29 21:37:18.507  9385  9408 W qdgralloc: getInterlacedFlag: getMetaData returned -22, defaulting to interlaced_flag = 0
05-29 21:37:18.516  9385  9408 W qdgralloc: getInterlacedFlag: getMetaData returned -22, defaulting to interlaced_flag = 0
05-29 21:37:18.542  9385  9408 W qdgralloc: getInterlacedFlag: getMetaData returned -22, defaulting to interlaced_flag = 0
05-29 21:37:18.578  9385  9408 W qdgralloc: getInterlacedFlag: getMetaData returned -22, defaulting to interlaced_flag = 0
05-29 21:37:18.586  9385  9408 W qdgralloc: getInterlacedFlag: getMetaData returned -22, defaulting to interlaced_flag = 0
05-29 21:37:18.628  9385  9408 W qdgralloc: getInterlacedFlag: getMetaData returned -22, defaulting to interlaced_flag = 0
05-29 21:37:18.639  9385  9408 W qdgralloc: getInterlacedFlag: getMetaData returned -22, defaulting to interlaced_flag = 0
05-29 21:37:18.674  9385  9408 W qdgralloc: getInterlacedFlag: getMetaData returned -22, defaulting to interlaced_flag = 0
05-29 21:37:18.703  9385  9408 W qdgralloc: getInterlacedFlag: getMetaData returned -22, defaulting to interlaced_flag = 0
