05-29 21:35:09.800 30020 30211 V Avrcp_ext: old state = PlaybackState {state=PLAYING(3), position=0, buffered position=0, speed=1.0, updated=198531415, actions=7339703, custom actions=[], active item id=0, error=null}, new state= PlaybackState {state=PLAYING(3), position=0, buffered position=0, speed=1.0, updated=198534417, actions=7339703, custom actions=[], active item id=0, error=null}
05-29 21:35:09.800 30020 30211 D HeadsetService: getHeadsetService(): returning com.android.bluetooth.hfp.HeadsetService@b4478ad
05-29 21:35:09.800 30020 30211 E HeadsetStateMachine: returning mCurrentState as Disconnected
05-29 21:35:09.800 30020 30211 D HeadsetService:  isAudioOn: The number of audio connected devices 0
05-29 21:35:09.800 30020 30211 D HeadsetService: isScoOrCallActive(): Call Active:falseCall is Ringing:falseSCO is Active:false
05-29 21:35:09.800 30020 30211 E HeadsetStateMachine: returning mCurrentState as Disconnected
05-29 21:35:09.800 30020 30211 D HeadsetService:  isAudioOn: The number of audio connected devices 0
05-29 21:35:09.800 30020 30211 V Avrcp_ext: isPlayStateTobeUpdated: device: null
05-29 21:35:09.800 30020 30211 V Avrcp_ext: Single connection exists
05-29 21:35:09.800 30020 30211 E HeadsetStateMachine: returning mCurrentState as Disconnected
05-29 21:35:09.800 30020 30211 D HeadsetService:  isAudioOn: The number of audio connected devices 0
05-29 21:35:09.800 30020 30211 D HeadsetService: isScoOrCallActive(): Call Active:falseCall is Ringing:falseSCO is Active:false
05-29 21:35:09.800 30020 30211 E HeadsetStateMachine: returning mCurrentState as Disconnected
05-29 21:35:09.800 30020 30211 D HeadsetService:  isAudioOn: The number of audio connected devices 0
05-29 21:35:09.800 30020 30211 V Avrcp_ext: isPlayStateTobeUpdated: device: null
05-29 21:35:09.800 30020 30211 V Avrcp_ext: Single connection exists
05-29 21:35:09.800 30020 30211 E HeadsetStateMachine: returning mCurrentState as Disconnected
05-29 21:35:09.800 30020 30211 D HeadsetService:  isAudioOn: The number of audio connected devices 0
05-29 21:35:09.800 30020 30211 D HeadsetService: isScoOrCallActive(): Call Active:falseCall is Ringing:falseSCO is Active:false
05-29 21:35:09.800 30020 30211 E HeadsetStateMachine: returning mCurrentState as Disconnected
05-29 21:35:09.800 30020 30211 D HeadsetService:  isAudioOn: The number of audio connected devices 0
05-29 21:35:09.800 30020 30211 V Avrcp_ext: isPlayStateTobeUpdated: device: null
05-29 21:35:09.800 30020 30211 V Avrcp_ext: Single connection exists
05-29 21:35:09.800 30020 30211 E HeadsetStateMachine: returning mCurrentState as Disconnected
05-29 21:35:09.800 30020 30211 D HeadsetService:  isAudioOn: The number of audio connected devices 0
05-29 21:35:09.800 30020 30211 D HeadsetService: isScoOrCallActive(): Call Active:falseCall is Ringing:falseSCO is Active:false
05-29 21:35:09.800 30020 30211 E HeadsetStateMachine: returning mCurrentState as Disconnected
05-29 21:35:09.800 30020 30211 D HeadsetService:  isAudioOn: The number of audio connected devices 0
05-29 21:35:09.800 30020 30211 V Avrcp_ext: isPlayStateTobeUpdated: device: null
05-29 21:35:09.800 30020 30211 V Avrcp_ext: Single connection exists
05-29 21:35:09.800 30020 30211 E HeadsetStateMachine: returning mCurrentState as Disconnected
05-29 21:35:09.801 30020 30211 D HeadsetService:  isAudioOn: The number of audio connected devices 0
05-29 21:35:09.801 30020 30211 D HeadsetService: isScoOrCallActive(): Call Active:falseCall is Ringing:falseSCO is Active:false
05-29 21:35:09.801 30020 30211 E HeadsetStateMachine: returning mCurrentState as Disconnected
05-29 21:35:09.801 30020 30211 D HeadsetService:  isAudioOn: The number of audio connected devices 0
05-29 21:35:09.801 30020 30211 V Avrcp_ext: isPlayStateTobeUpdated: device: null
05-29 21:35:09.801 30020 30211 V Avrcp_ext: Single connection exists
05-29 21:35:09.801 30020 30211 D Avrcp_ext: Enter sendPlayPosNotificationRsp
05-29 21:35:09.801 30020 30211 D Avrcp_ext: sendPlayPosNotificationRsp: Not registered or requesting.
05-29 21:35:09.801 30020 30211 D Avrcp_ext: Enter sendPlayPosNotificationRsp
05-29 21:35:09.801 30020 30211 D Avrcp_ext: sendPlayPosNotificationRsp: Not registered or requesting.
05-29 21:35:09.801 30020 30211 D Avrcp_ext: Enter sendPlayPosNotificationRsp
05-29 21:35:09.801 30020 30211 D Avrcp_ext: sendPlayPosNotificationRsp: Not registered or requesting.
05-29 21:35:09.801 30020 30211 D Avrcp_ext: Enter sendPlayPosNotificationRsp
05-29 21:35:09.801 30020 30211 D Avrcp_ext: sendPlayPosNotificationRsp: Not registered or requesting.
05-29 21:35:09.801 30020 30211 D Avrcp_ext: Enter sendPlayPosNotificationRsp
05-29 21:35:09.801 30020 30211 D Avrcp_ext: sendPlayPosNotificationRsp: Not registered or requesting.
05-29 21:35:09.801 30020 30211 V Avrcp_ext: Exit updatePlayerStateAndPosition
05-29 21:35:09.801 30020 30211 D APM: ActiveDeviceManagerServiceLegacy: getActiveAbsoluteDevice(): device: null
05-29 21:35:09.801 30020 30211 D APM: ActiveDeviceManagerServiceLegacy: isStableState(): true
05-29 21:35:09.801 30020 30211 D Avrcp_ext: isAdmStable = true activeAbsAddr = null device = null
05-29 21:35:09.801 30020 30211 V APM: MediaControlManager: onPlaybackStateChanged
05-29 21:35:09.801 30020 30211 W McpService: updatePlaybackState state PlaybackState {state=PLAYING(3), position=0, buffered position=0, speed=1.0, updated=198534417, actions=7339703, custom actions=[], active item id=0, error=null}
05-29 21:35:09.801 30020 30211 W McpService: updatePlaybackState mState: 1 state: 1
05-29 21:35:09.801 30020 30211 W Avrcp_ext: updated player state = PlaybackState {state=PLAYING(3), position=0, buffered position=0, speed=1.0, updated=198534417, actions=7339703, custom actions=[], active item id=0, error=null}to MCP module also
05-29 21:35:09.801 30020 30211 V Avrcp_ext:  Exit onPlaybackStateChanged
05-29 21:35:09.803  9385  9408 W qdgralloc: getInterlacedFlag: getMetaData returned -22, defaulting to interlaced_flag = 0
05-29 21:35:09.818  9385  9408 W qdgralloc: getInterlacedFlag: getMetaData returned -22, defaulting to interlaced_flag = 0
05-29 21:35:09.850  9385  9408 W qdgralloc: getInterlacedFlag: getMetaData returned -22, defaulting to interlaced_flag = 0
05-29 21:35:09.857  9385  9408 W qdgralloc: getInterlacedFlag: getMetaData returned -22, defaulting to interlaced_flag = 0
05-29 21:35:09.893  9385  9408 W qdgralloc: getInterlacedFlag: getMetaData returned -22, defaulting to interlaced_flag = 0
05-29 21:35:09.929  9385  9408 W qdgralloc: getInterlacedFlag: getMetaData returned -22, defaulting to interlaced_flag = 0
05-29 21:35:09.937  9385  9408 W qdgralloc: getInterlacedFlag: getMetaData returned -22, defaulting to interlaced_flag = 0
05-29 21:35:09.977  9385  9408 W qdgralloc: getInterlacedFlag: getMetaData returned -22, defaulting to interlaced_flag = 0
05-29 21:35:09.989  9385  9408 W qdgralloc: getInterlacedFlag: getMetaData returned -22, defaulting to interlaced_flag = 0
05-29 21:35:09.997  9385  9408 W qdgralloc: getInterlacedFlag: getMetaData returned -22, defaulting to interlaced_flag = 0
05-29 21:35:10.010  9385  9408 W qdgralloc: getInterlacedFlag: getMetaData returned -22, defaulting to interlaced_flag = 0
05-29 21:35:10.054  9385  9408 W qdgralloc: getInterlacedFlag: getMetaData returned -22, defaulting to interlaced_flag = 0
05-29 21:35:10.061  9385  9408 W qdgralloc: getInterlacedFlag: getMetaData returned -22, defaulting to interlaced_flag = 0
05-29 21:35:10.095  9385  9408 W qdgralloc: getInterlacedFlag: getMetaData returned -22, defaulting to interlaced_flag = 0
05-29 21:35:10.130  9385  9408 W qdgralloc: getInterlacedFlag: getMetaData returned -22, defaulting to interlaced_flag = 0
05-29 21:35:10.136  9385  9408 W qdgralloc: getInterlacedFlag: getMetaData returned -22, defaulting to interlaced_flag = 0
05-29 21:35:10.172  9385  9408 W qdgralloc: getInterlacedFlag: getMetaData returned -22, defaulting to interlaced_flag = 0
05-29 21:35:10.192  9385  9408 W qdgralloc: getInterlacedFlag: getMetaData returned -22, defaulting to interlaced_flag = 0
05-29 21:35:10.199  9385  9408 W qdgralloc: getInterlacedFlag: getMetaData returned -22, defaulting to interlaced_flag = 0
05-29 21:35:10.218  9385  9408 W qdgralloc: getInterlacedFlag: getMetaData returned -22, defaulting to interlaced_flag = 0
05-29 21:35:10.240  9385 10616 I MediaCodec: [0xb40000705ede62f0] enqueue 28 input frames in last 1123 ms, latest timeUs 136560000
05-29 21:35:10.243  9385 10616 I MediaCodec: [0xb40000705ede62f0] dequeue 28 output frames in last 1124 ms, latest timeUs 136560000, flags 129
05-29 21:35:10.250  9385  9408 W qdgralloc: getInterlacedFlag: getMetaData returned -22, defaulting to interlaced_flag = 0
05-29 21:35:10.254  9385  9408 W qdgralloc: getInterlacedFlag: getMetaData returned -22, defaulting to interlaced_flag = 0
05-29 21:35:10.258 17107 17270 D DlbDap2ProcessWithIht: process() called [1653500] times with input format 0x22 and channel mask 0x3 (ProcessingMode=1), htEnable=0(0, 0, 0)
05-29 21:35:10.260  9385  9408 W qdgralloc: getInterlacedFlag: getMetaData returned -22, defaulting to interlaced_flag = 0
05-29 21:35:10.299  9385  9408 W qdgralloc: getInterlacedFlag: getMetaData returned -22, defaulting to interlaced_flag = 0
05-29 21:35:10.311  9385  9408 W qdgralloc: getInterlacedFlag: getMetaData returned -22, defaulting to interlaced_flag = 0
05-29 21:35:10.332  9385  9408 W qdgralloc: getInterlacedFlag: getMetaData returned -22, defaulting to interlaced_flag = 0
05-29 21:35:10.373  9385  9408 W qdgralloc: getInterlacedFlag: getMetaData returned -22, defaulting to interlaced_flag = 0
05-29 21:35:10.380  9385  9408 W qdgralloc: getInterlacedFlag: getMetaData returned -22, defaulting to interlaced_flag = 0
05-29 21:35:10.420  9385  9408 W qdgralloc: getInterlacedFlag: getMetaData returned -22, defaulting to interlaced_flag = 0
05-29 21:35:10.443  9385  9408 W qdgralloc: getInterlacedFlag: getMetaData returned -22, defaulting to interlaced_flag = 0
05-29 21:35:10.450  9385  9408 W qdgralloc: getInterlacedFlag: getMetaData returned -22, defaulting to interlaced_flag = 0
05-29 21:35:10.456  9385  9408 W qdgralloc: getInterlacedFlag: getMetaData returned -22, defaulting to interlaced_flag = 0
05-29 21:35:10.492  9385  9408 W qdgralloc: getInterlacedFlag: getMetaData returned -22, defaulting to interlaced_flag = 0
05-29 21:35:10.513  9385  9408 W qdgralloc: getInterlacedFlag: getMetaData returned -22, defaulting to interlaced_flag = 0
05-29 21:35:10.534  9385  9408 W qdgralloc: getInterlacedFlag: getMetaData returned -22, defaulting to interlaced_flag = 0
05-29 21:35:10.577  9385  9408 W qdgralloc: getInterlacedFlag: getMetaData returned -22, defaulting to interlaced_flag = 0
05-29 21:35:10.619  9385  9408 W qdgralloc: getInterlacedFlag: getMetaData returned -22, defaulting to interlaced_flag = 0
05-29 21:35:10.646  9385  9408 W qdgralloc: getInterlacedFlag: getMetaData returned -22, defaulting to interlaced_flag = 0
05-29 21:35:10.654  9385  9408 W qdgralloc: getInterlacedFlag: getMetaData returned -22, defaulting to interlaced_flag = 0
05-29 21:35:10.696  9385  9408 W qdgralloc: getInterlacedFlag: getMetaData returned -22, defaulting to interlaced_flag = 0
05-29 21:35:10.708  9385  9408 W qdgralloc: getInterlacedFlag: getMetaData returned -22, defaulting to interlaced_flag = 0
05-29 21:35:10.736  9385  9408 W qdgralloc: getInterlacedFlag: getMetaData returned -22, defaulting to interlaced_flag = 0
05-29 21:35:10.779  9385  9408 W qdgralloc: getInterlacedFlag: getMetaData returned -22, defaulting to interlaced_flag = 0
05-29 21:35:10.813  9385  9408 W qdgralloc: getInterlacedFlag: getMetaData returned -22, defaulting to interlaced_flag = 0
05-29 21:35:10.849  9385  9408 W qdgralloc: getInterlacedFlag: getMetaData returned -22, defaulting to interlaced_flag = 0
05-29 21:35:10.856  9385  9408 W qdgralloc: getInterlacedFlag: getMetaData returned -22, defaulting to interlaced_flag = 0
05-29 21:35:10.897  9385  9408 W qdgralloc: getInterlacedFlag: getMetaData returned -22, defaulting to interlaced_flag = 0
05-29 21:35:10.910  9385  9408 W qdgralloc: getInterlacedFlag: getMetaData returned -22, defaulting to interlaced_flag = 0
05-29 21:35:10.933  9385  9408 W qdgralloc: getInterlacedFlag: getMetaData returned -22, defaulting to interlaced_flag = 0
05-29 21:35:10.973  9385  9408 W qdgralloc: getInterlacedFlag: getMetaData returned -22, defaulting to interlaced_flag = 0
05-29 21:35:10.980  9385  9408 W qdgralloc: getInterlacedFlag: getMetaData returned -22, defaulting to interlaced_flag = 0
05-29 21:35:11.016  9385  9408 W qdgralloc: getInterlacedFlag: getMetaData returned -22, defaulting to interlaced_flag = 0
05-29 21:35:11.043  9385  9408 W qdgralloc: getInterlacedFlag: getMetaData returned -22, defaulting to interlaced_flag = 0
05-29 21:35:11.050  9385  9408 W qdgralloc: getInterlacedFlag: getMetaData returned -22, defaulting to interlaced_flag = 0
05-29 21:35:11.092  9385  9408 W qdgralloc: getInterlacedFlag: getMetaData returned -22, defaulting to interlaced_flag = 0
05-29 21:35:11.114  9385  9408 W qdgralloc: getInterlacedFlag: getMetaData returned -22, defaulting to interlaced_flag = 0
05-29 21:35:11.133  9385  9408 W qdgralloc: getInterlacedFlag: getMetaData returned -22, defaulting to interlaced_flag = 0
05-29 21:35:11.178  9385  9408 W qdgralloc: getInterlacedFlag: getMetaData returned -22, defaulting to interlaced_flag = 0
05-29 21:35:11.210  9385  9408 W qdgralloc: getInterlacedFlag: getMetaData returned -22, defaulting to interlaced_flag = 0
05-29 21:35:11.246  9385  9408 W qdgralloc: getInterlacedFlag: getMetaData returned -22, defaulting to interlaced_flag = 0
05-29 21:35:11.254  9385  9408 W qdgralloc: getInterlacedFlag: getMetaData returned -22, defaulting to interlaced_flag = 0
05-29 21:35:11.295  9385  9408 W qdgralloc: getInterlacedFlag: getMetaData returned -22, defaulting to interlaced_flag = 0
05-29 21:35:11.308  9385  9408 W qdgralloc: getInterlacedFlag: getMetaData returned -22, defaulting to interlaced_flag = 0
05-29 21:35:11.338  9385  9408 W qdgralloc: getInterlacedFlag: getMetaData returned -22, defaulting to interlaced_flag = 0
05-29 21:35:11.356  9385 10616 I MediaCodec: [0xb40000705ede62f0] enqueue 28 input frames in last 1116 ms, latest timeUs 137680000
05-29 21:35:11.359  9385 10616 I MediaCodec: [0xb40000705ede62f0] dequeue 28 output frames in last 1116 ms, latest timeUs 137680000, flags 128
05-29 21:35:11.371  9385  9408 W qdgralloc: getInterlacedFlag: getMetaData returned -22, defaulting to interlaced_flag = 0
05-29 21:35:11.378  9385  9408 W qdgralloc: getInterlacedFlag: getMetaData returned -22, defaulting to interlaced_flag = 0
05-29 21:35:11.414  9385  9408 W qdgralloc: getInterlacedFlag: getMetaData returned -22, defaulting to interlaced_flag = 0
05-29 21:35:11.449  9385  9408 W qdgralloc: getInterlacedFlag: getMetaData returned -22, defaulting to interlaced_flag = 0
05-29 21:35:11.457  9385  9408 W qdgralloc: getInterlacedFlag: getMetaData returned -22, defaulting to interlaced_flag = 0
05-29 21:35:11.500  9385  9408 W qdgralloc: getInterlacedFlag: getMetaData returned -22, defaulting to interlaced_flag = 0
05-29 21:35:11.510  9385  9408 W qdgralloc: getInterlacedFlag: getMetaData returned -22, defaulting to interlaced_flag = 0
05-29 21:35:11.532  9385  9408 W qdgralloc: getInterlacedFlag: getMetaData returned -22, defaulting to interlaced_flag = 0
05-29 21:35:11.574  9385  9408 W qdgralloc: getInterlacedFlag: getMetaData returned -22, defaulting to interlaced_flag = 0
05-29 21:35:11.580  9385  9408 W qdgralloc: getInterlacedFlag: getMetaData returned -22, defaulting to interlaced_flag = 0
05-29 21:35:11.616  9385  9408 W qdgralloc: getInterlacedFlag: getMetaData returned -22, defaulting to interlaced_flag = 0
05-29 21:35:11.643  9385  9408 W qdgralloc: getInterlacedFlag: getMetaData returned -22, defaulting to interlaced_flag = 0
05-29 21:35:11.650  9385  9408 W qdgralloc: getInterlacedFlag: getMetaData returned -22, defaulting to interlaced_flag = 0
05-29 21:35:11.660  9385  9408 W qdgralloc: getInterlacedFlag: getMetaData returned -22, defaulting to interlaced_flag = 0
05-29 21:35:11.691  9385  9408 W qdgralloc: getInterlacedFlag: getMetaData returned -22, defaulting to interlaced_flag = 0
05-29 21:35:11.714  9385  9408 W qdgralloc: getInterlacedFlag: getMetaData returned -22, defaulting to interlaced_flag = 0
05-29 21:35:11.733  9385  9408 W qdgralloc: getInterlacedFlag: getMetaData returned -22, defaulting to interlaced_flag = 0
05-29 21:35:11.778  9385  9408 W qdgralloc: getInterlacedFlag: getMetaData returned -22, defaulting to interlaced_flag = 0
05-29 21:35:11.822  9385  9408 W qdgralloc: getInterlacedFlag: getMetaData returned -22, defaulting to interlaced_flag = 0
05-29 21:35:11.846  9385  9408 W qdgralloc: getInterlacedFlag: getMetaData returned -22, defaulting to interlaced_flag = 0
05-29 21:35:11.853  9385  9408 W qdgralloc: getInterlacedFlag: getMetaData returned -22, defaulting to interlaced_flag = 0
05-29 21:35:11.895  9385  9408 W qdgralloc: getInterlacedFlag: getMetaData returned -22, defaulting to interlaced_flag = 0
05-29 21:35:11.908  9385  9408 W qdgralloc: getInterlacedFlag: getMetaData returned -22, defaulting to interlaced_flag = 0
05-29 21:35:11.941  9385  9408 W qdgralloc: getInterlacedFlag: getMetaData returned -22, defaulting to interlaced_flag = 0
05-29 21:35:11.979  9385  9408 W qdgralloc: getInterlacedFlag: getMetaData returned -22, defaulting to interlaced_flag = 0
05-29 21:35:12.019  9385  9408 W qdgralloc: getInterlacedFlag: getMetaData returned -22, defaulting to interlaced_flag = 0
05-29 21:35:12.040  9385  9408 W qdgralloc: getInterlacedFlag: getMetaData returned -22, defaulting to interlaced_flag = 0
05-29 21:35:12.047  9385  9408 W qdgralloc: getInterlacedFlag: getMetaData returned -22, defaulting to interlaced_flag = 0
05-29 21:35:12.053  3090  3756 D WifiStaIfaceHidlImpl: getCachedScanData is not implemented by HIDL
05-29 21:35:12.055  3090  3090 D EnhancedConnectivityController: Wifi onCapabilitiesChanged
05-29 21:35:12.055  3090  3090 D EnhancedConnectivityController: Default net onCapabilitiesChanged
05-29 21:35:12.055  3090  3090 D EnhancedConnectivityController: updateDefaultNet:164
05-29 21:35:12.055  3090  3090 D EnhancedConnectivityController: mayUpdateNotification: shouldShow=false,UidsBlocked=false, net info=net:164,ifName=wlan0,securityType=2,isDefault=true,ssid="Airtel_Siddhanth's wifi",notificationId=0
05-29 21:35:12.058  7877  8199 I ModemStats: [DataStallDetectService] onCapabilitiesChanged networkCapabilities=[ Transports: WIFI Capabilities: NOT_METERED&INTERNET&NOT_RESTRICTED&TRUSTED&NOT_VPN&VALIDATED&NOT_ROAMING&FOREGROUND&NOT_CONGESTED&NOT_SUSPENDED&NOT_VCN_MANAGED LinkUpBandwidth>=1663Kbps LinkDnBandwidth>=37081Kbps TransportInfo: <SSID: <unknown ssid>, BSSID: 02:00:00:00:00:00, MAC: 02:00:00:00:00:00, IP: /192.168.1.7, Security type: 2, Supplicant state: COMPLETED, Wi-Fi standard: 11ac, RSSI: -59, Link speed: 325Mbps, Tx Link speed: 325Mbps, Max Supported Tx Link speed: 866Mbps, Rx Link speed: 468Mbps, Max Supported Rx Link speed: 866Mbps, Frequency: 5240MHz, Net ID: -1, Metered hint: false, score: 100, isUsable: true, CarrierMerged: false, SubscriptionId: -1, IsPrimary: -1, Trusted: true, Restricted: false, Ephemeral: false, OEM paid: false, OEM private: false, OSU AP: false, FQDN: <none>, Provider friendly name: <none>, Requesting package name: <none><none>MLO Information: , Is TID-To-Link negotiation supported by the AP: false, AP MLD Address: <none>, AP MLO Link Id: <none>, AP MLO Affiliated links: <none>, Vendor Data: <none>> SignalStrength: -59 UnderlyingNetworks: Null]
05-29 21:35:12.058  7877  8199 I ModemStats: [DataStallDetectService] onCapabilitiesChanged NET_CAPABILITY_VALIDATED=true
05-29 21:35:12.058  7877  8199 I ModemStats: [DataStallDetectService] onCapabilitiesChanged mDataStallManager.mDataStallInstance=null
05-29 21:35:12.058  7877  8199 I ModemStats: [DataStallDetectService] onCapabilitiesChanged mDataStallSmart5gManager.mDataStallInstance=null
05-29 21:35:12.058  9385  9408 W qdgralloc: getInterlacedFlag: getMetaData returned -22, defaulting to interlaced_flag = 0
05-29 21:35:12.062  4001  5058 D QCNEJ/NativeHalConnector: -> SND notifyDefaultNetworkChanged(1)
05-29 21:35:12.068  3090  3756 I HalDevMgr: bestIfaceCreationProposal is null, requestIface=STA, existingIface=[name=ap_br_wlan2 type=AP_BRIDGE, name=wlan0 type=STA]
05-29 21:35:12.070  7679 15377 I NullBinder: NullBinder for android.net.action.RECOMMEND_NETWORKS triggering remote TransactionTooLargeException due to Service without Chimera impl, calling uid: 1000, calling pid: 0
05-29 21:35:12.070  7679 15377 W Binder  : reply too large data on java level: InterfaceDescriptor = null, code = 1
05-29 21:35:12.070  7679 15377 W .gms.persistent: Large reply transaction of 1056768 bytes, interface descriptor , code 1
05-29 21:35:12.096  9385  9408 W qdgralloc: getInterlacedFlag: getMetaData returned -22, defaulting to interlaced_flag = 0
05-29 21:35:12.110  9385  9408 W qdgralloc: getInterlacedFlag: getMetaData returned -22, defaulting to interlaced_flag = 0
05-29 21:35:12.133  9385  9408 W qdgralloc: getInterlacedFlag: getMetaData returned -22, defaulting to interlaced_flag = 0
05-29 21:35:12.174  9385  9408 W qdgralloc: getInterlacedFlag: getMetaData returned -22, defaulting to interlaced_flag = 0
05-29 21:35:12.182  9385  9408 W qdgralloc: getInterlacedFlag: getMetaData returned -22, defaulting to interlaced_flag = 0
05-29 21:35:12.222  9385  9408 W qdgralloc: getInterlacedFlag: getMetaData returned -22, defaulting to interlaced_flag = 0
05-29 21:35:12.244  9385  9408 W qdgralloc: getInterlacedFlag: getMetaData returned -22, defaulting to interlaced_flag = 0
05-29 21:35:12.252  9385  9408 W qdgralloc: getInterlacedFlag: getMetaData returned -22, defaulting to interlaced_flag = 0
05-29 21:35:12.294  9385  9408 W qdgralloc: getInterlacedFlag: getMetaData returned -22, defaulting to interlaced_flag = 0
05-29 21:35:12.313  9385  9408 W qdgralloc: getInterlacedFlag: getMetaData returned -22, defaulting to interlaced_flag = 0
05-29 21:35:12.337  9385  9408 W qdgralloc: getInterlacedFlag: getMetaData returned -22, defaulting to interlaced_flag = 0
05-29 21:35:12.378  9385  9408 W qdgralloc: getInterlacedFlag: getMetaData returned -22, defaulting to interlaced_flag = 0
05-29 21:35:12.412  9385  9408 W qdgralloc: getInterlacedFlag: getMetaData returned -22, defaulting to interlaced_flag = 0
05-29 21:35:12.446  9385  9408 W qdgralloc: getInterlacedFlag: getMetaData returned -22, defaulting to interlaced_flag = 0
05-29 21:35:12.457  9385  9408 W qdgralloc: getInterlacedFlag: getMetaData returned -22, defaulting to interlaced_flag = 0
05-29 21:35:12.496  9385  9408 W qdgralloc: getInterlacedFlag: getMetaData returned -22, defaulting to interlaced_flag = 0
05-29 21:35:12.509  9385  9408 W qdgralloc: getInterlacedFlag: getMetaData returned -22, defaulting to interlaced_flag = 0
05-29 21:35:12.543  9385  9408 W qdgralloc: getInterlacedFlag: getMetaData returned -22, defaulting to interlaced_flag = 0
05-29 21:35:12.556  9385 10616 I MediaCodec: [0xb40000705ede62f0] enqueue 30 input frames in last 1199 ms, latest timeUs 138880000
05-29 21:35:12.558  9385 10616 I MediaCodec: [0xb40000705ede62f0] dequeue 30 output frames in last 1199 ms, latest timeUs 138880000, flags 128
05-29 21:35:12.566  7679 10491 I NearbySharing: Network state changed: NetworkState(isRestricted=false, isOnline=true, isCongested=false, isMetered=false, isWifiConnected=true)
05-29 21:35:12.571  9385  9408 W qdgralloc: getInterlacedFlag: getMetaData returned -22, defaulting to interlaced_flag = 0
05-29 21:35:12.578  9385  9408 W qdgralloc: getInterlacedFlag: getMetaData returned -22, defaulting to interlaced_flag = 0
05-29 21:35:12.622  9385  9408 W qdgralloc: getInterlacedFlag: getMetaData returned -22, defaulting to interlaced_flag = 0
05-29 21:35:12.642  9385  9408 W qdgralloc: getInterlacedFlag: getMetaData returned -22, defaulting to interlaced_flag = 0
05-29 21:35:12.650  9385  9408 W qdgralloc: getInterlacedFlag: getMetaData returned -22, defaulting to interlaced_flag = 0
05-29 21:35:12.659  9385  9408 W qdgralloc: getInterlacedFlag: getMetaData returned -22, defaulting to interlaced_flag = 0
05-29 21:35:12.698  9385  9408 W qdgralloc: getInterlacedFlag: getMetaData returned -22, defaulting to interlaced_flag = 0
05-29 21:35:12.710  9385  9408 W qdgralloc: getInterlacedFlag: getMetaData returned -22, defaulting to interlaced_flag = 0
05-29 21:35:12.736  9385  9408 W qdgralloc: getInterlacedFlag: getMetaData returned -22, defaulting to interlaced_flag = 0
05-29 21:35:12.775  9385  9408 W qdgralloc: getInterlacedFlag: getMetaData returned -22, defaulting to interlaced_flag = 0
05-29 21:35:12.783  9385  9408 W qdgralloc: getInterlacedFlag: getMetaData returned -22, defaulting to interlaced_flag = 0
05-29 21:35:12.796 30020 30211 V Avrcp_ext: onPlaybackStateChanged: state PlaybackState {state=PLAYING(3), position=0, buffered position=0, speed=1.0, updated=198537415, actions=7339703, custom actions=[], active item id=0, error=null}
05-29 21:35:12.796 30020 30211 V APM: MediaControlManager: onPlaybackStateChanged
05-29 21:35:12.796 30020 30211 W McpService: updatePlaybackState state PlaybackState {state=PLAYING(3), position=0, buffered position=0, speed=1.0, updated=198537415, actions=7339703, custom actions=[], active item id=0, error=null}
05-29 21:35:12.796 30020 30211 W McpService: updatePlaybackState mState: 1 state: 1
05-29 21:35:12.797 30020 30211 V Avrcp_ext: updateCurrentMediaState: mMediaController: MediaController (com.deepeye.musicpro@41e7c7e) Chaand Baaliyan – Aditya A. | Trending Song | Official Video, Sony Music India, null
05-29 21:35:12.797 30020 30211 W Avrcp_ext: isMusicActive: true getBluetoothPlayState: 1 A2dp State: 11 mAudioPlaybackIsActive: true
05-29 21:35:12.798 30020 30211 D Avrcp_ext: isMusicActive = true mAudioPlaybackIsActive = true player state = PlaybackState {state=PLAYING(3), position=0, buffered position=0, speed=1.0, updated=198537417, actions=7339703, custom actions=[], active item id=0, error=null}
05-29 21:35:12.798 30020 30211 D Avrcp_ext: overwrite album_artist :if album is blank
05-29 21:35:12.798 30020 30211 V Avrcp_ext: Media update: id 0➡0? [MediaAttributes: C⋯o -  by S⋯a (0 0/0) - ] : [MediaAttributes: C⋯o -  by S⋯a (0 0/0) - ]
05-29 21:35:12.798 30020 30211 D Avrcp_ext: isPackageNameValid: browsedPackage = com.deepeye.musicproisValid = true
05-29 21:35:12.798 30020 30211 V Avrcp_ext: isBrowseSupported for com.deepeye.musicpro: false
05-29 21:35:12.798 30020 30211 W Avrcp_ext: updateCurrentMediaState: isInactivePlayer = false
05-29 21:35:12.798 30020 30211 V Avrcp_ext: updatePlaybackState, state: PlaybackState {state=PLAYING(3), position=0, buffered position=0, speed=1.0, updated=198537417, actions=7339703, custom actions=[], active item id=0, error=null} device: null
05-29 21:35:12.798 30020 30211 V Avrcp_ext: Device: no name: 
05-29 21:35:12.799 30020 30211 V Avrcp_ext: Device: no name: 
05-29 21:35:12.799 30020 30211 V Avrcp_ext: Device: no name: 
05-29 21:35:12.799 30020 30211 V Avrcp_ext: Device: no name: 
05-29 21:35:12.799 30020 30211 V Avrcp_ext: Device: no name: 
05-29 21:35:12.799 30020 30211 V Avrcp_ext: updatePlayerStateAndPosition, old=PlaybackState {state=PLAYING(3), position=0, buffered position=0, speed=1.0, updated=198534417, actions=7339703, custom actions=[], active item id=0, error=null}, state=PlaybackState {state=PLAYING(3), position=0, buffered position=0, speed=1.0, updated=198537417, actions=7339703, custom actions=[], active item id=0, error=null}
05-29 21:35:12.799 30020 30211 V Avrcp_ext: old state = PlaybackState {state=PLAYING(3), position=0, buffered position=0, speed=1.0, updated=198534417, actions=7339703, custom actions=[], active item id=0, error=null}, new state= PlaybackState {state=PLAYING(3), position=0, buffered position=0, speed=1.0, updated=198537417, actions=7339703, custom actions=[], active item id=0, error=null}
05-29 21:35:12.799 30020 30211 D HeadsetService: getHeadsetService(): returning com.android.bluetooth.hfp.HeadsetService@b4478ad
05-29 21:35:12.799 30020 30211 E HeadsetStateMachine: returning mCurrentState as Disconnected
05-29 21:35:12.799 30020 30211 D HeadsetService:  isAudioOn: The number of audio connected devices 0
05-29 21:35:12.799 30020 30211 D HeadsetService: isScoOrCallActive(): Call Active:falseCall is Ringing:falseSCO is Active:false
05-29 21:35:12.799 30020 30211 E HeadsetStateMachine: returning mCurrentState as Disconnected
05-29 21:35:12.799 30020 30211 D HeadsetService:  isAudioOn: The number of audio connected devices 0
05-29 21:35:12.799 30020 30211 V Avrcp_ext: isPlayStateTobeUpdated: device: null
05-29 21:35:12.799 30020 30211 V Avrcp_ext: Single connection exists
05-29 21:35:12.799 30020 30211 E HeadsetStateMachine: returning mCurrentState as Disconnected
05-29 21:35:12.799 30020 30211 D HeadsetService:  isAudioOn: The number of audio connected devices 0
05-29 21:35:12.799 30020 30211 D HeadsetService: isScoOrCallActive(): Call Active:falseCall is Ringing:falseSCO is Active:false
05-29 21:35:12.799 30020 30211 E HeadsetStateMachine: returning mCurrentState as Disconnected
05-29 21:35:12.799 30020 30211 D HeadsetService:  isAudioOn: The number of audio connected devices 0
05-29 21:35:12.799 30020 30211 V Avrcp_ext: isPlayStateTobeUpdated: device: null
05-29 21:35:12.799 30020 30211 V Avrcp_ext: Single connection exists
05-29 21:35:12.799 30020 30211 E HeadsetStateMachine: returning mCurrentState as Disconnected
05-29 21:35:12.799 30020 30211 D HeadsetService:  isAudioOn: The number of audio connected devices 0
05-29 21:35:12.799 30020 30211 D HeadsetService: isScoOrCallActive(): Call Active:falseCall is Ringing:falseSCO is Active:false
05-29 21:35:12.799 30020 30211 E HeadsetStateMachine: returning mCurrentState as Disconnected
05-29 21:35:12.799 30020 30211 D HeadsetService:  isAudioOn: The number of audio connected devices 0
05-29 21:35:12.799 30020 30211 V Avrcp_ext: isPlayStateTobeUpdated: device: null
05-29 21:35:12.800 30020 30211 V Avrcp_ext: Single connection exists
05-29 21:35:12.800 30020 30211 E HeadsetStateMachine: returning mCurrentState as Disconnected
05-29 21:35:12.800 30020 30211 D HeadsetService:  isAudioOn: The number of audio connected devices 0
05-29 21:35:12.800 30020 30211 D HeadsetService: isScoOrCallActive(): Call Active:falseCall is Ringing:falseSCO is Active:false
05-29 21:35:12.800 30020 30211 E HeadsetStateMachine: returning mCurrentState as Disconnected
05-29 21:35:12.800 30020 30211 D HeadsetService:  isAudioOn: The number of audio connected devices 0
05-29 21:35:12.800 30020 30211 V Avrcp_ext: isPlayStateTobeUpdated: device: null
05-29 21:35:12.800 30020 30211 V Avrcp_ext: Single connection exists
05-29 21:35:12.800 30020 30211 E HeadsetStateMachine: returning mCurrentState as Disconnected
05-29 21:35:12.800 30020 30211 D HeadsetService:  isAudioOn: The number of audio connected devices 0
05-29 21:35:12.800 30020 30211 D HeadsetService: isScoOrCallActive(): Call Active:falseCall is Ringing:falseSCO is Active:false
05-29 21:35:12.800 30020 30211 E HeadsetStateMachine: returning mCurrentState as Disconnected
05-29 21:35:12.800 30020 30211 D HeadsetService:  isAudioOn: The number of audio connected devices 0
05-29 21:35:12.800 30020 30211 V Avrcp_ext: isPlayStateTobeUpdated: device: null
05-29 21:35:12.800 30020 30211 V Avrcp_ext: Single connection exists
05-29 21:35:12.800 30020 30211 D Avrcp_ext: Enter sendPlayPosNotificationRsp
05-29 21:35:12.800 30020 30211 D Avrcp_ext: sendPlayPosNotificationRsp: Not registered or requesting.
05-29 21:35:12.800 30020 30211 D Avrcp_ext: Enter sendPlayPosNotificationRsp
05-29 21:35:12.800 30020 30211 D Avrcp_ext: sendPlayPosNotificationRsp: Not registered or requesting.
05-29 21:35:12.800 30020 30211 D Avrcp_ext: Enter sendPlayPosNotificationRsp
05-29 21:35:12.800 30020 30211 D Avrcp_ext: sendPlayPosNotificationRsp: Not registered or requesting.
05-29 21:35:12.800 30020 30211 D Avrcp_ext: Enter sendPlayPosNotificationRsp
05-29 21:35:12.800 30020 30211 D Avrcp_ext: sendPlayPosNotificationRsp: Not registered or requesting.
05-29 21:35:12.800 30020 30211 D Avrcp_ext: Enter sendPlayPosNotificationRsp
05-29 21:35:12.800 30020 30211 D Avrcp_ext: sendPlayPosNotificationRsp: Not registered or requesting.
05-29 21:35:12.800 30020 30211 V Avrcp_ext: Exit updatePlayerStateAndPosition
05-29 21:35:12.800 30020 30211 D APM: ActiveDeviceManagerServiceLegacy: getActiveAbsoluteDevice(): device: null
05-29 21:35:12.800 30020 30211 D APM: ActiveDeviceManagerServiceLegacy: isStableState(): true
05-29 21:35:12.800 30020 30211 D Avrcp_ext: isAdmStable = true activeAbsAddr = null device = null
05-29 21:35:12.800 30020 30211 V APM: MediaControlManager: onPlaybackStateChanged
05-29 21:35:12.800 30020 30211 W McpService: updatePlaybackState state PlaybackState {state=PLAYING(3), position=0, buffered position=0, speed=1.0, updated=198537417, actions=7339703, custom actions=[], active item id=0, error=null}
05-29 21:35:12.800 30020 30211 W McpService: updatePlaybackState mState: 1 state: 1
05-29 21:35:12.800 30020 30211 W Avrcp_ext: updated player state = PlaybackState {state=PLAYING(3), position=0, buffered position=0, speed=1.0, updated=198537417, actions=7339703, custom actions=[], active item id=0, error=null}to MCP module also
05-29 21:35:12.800 30020 30211 V Avrcp_ext:  Exit onPlaybackStateChanged
05-29 21:35:12.819  9385  9408 W qdgralloc: getInterlacedFlag: getMetaData returned -22, defaulting to interlaced_flag = 0
05-29 21:35:12.843  9385  9408 W qdgralloc: getInterlacedFlag: getMetaData returned -22, defaulting to interlaced_flag = 0
05-29 21:35:12.850  9385  9408 W qdgralloc: getInterlacedFlag: getMetaData returned -22, defaulting to interlaced_flag = 0
05-29 21:35:12.857  9385  9408 W qdgralloc: getInterlacedFlag: getMetaData returned -22, defaulting to interlaced_flag = 0
05-29 21:35:12.898  9385  9408 W qdgralloc: getInterlacedFlag: getMetaData returned -22, defaulting to interlaced_flag = 0
05-29 21:35:12.912  9385  9408 W qdgralloc: getInterlacedFlag: getMetaData returned -22, defaulting to interlaced_flag = 0
05-29 21:35:12.938  9385  9408 W qdgralloc: getInterlacedFlag: getMetaData returned -22, defaulting to interlaced_flag = 0
05-29 21:35:12.938 17107 17270 D DlbDap2ProcessWithIht: process() called [1654000] times with input format 0x22 and channel mask 0x3 (ProcessingMode=1), htEnable=0(0, 0, 0)
05-29 21:35:12.978  9385  9408 W qdgralloc: getInterlacedFlag: getMetaData returned -22, defaulting to interlaced_flag = 0
05-29 21:35:13.022  9385  9408 W qdgralloc: getInterlacedFlag: getMetaData returned -22, defaulting to interlaced_flag = 0
05-29 21:35:13.045  9385  9408 W qdgralloc: getInterlacedFlag: getMetaData returned -22, defaulting to interlaced_flag = 0
05-29 21:35:13.053  9385  9408 W qdgralloc: getInterlacedFlag: getMetaData returned -22, defaulting to interlaced_flag = 0
05-29 21:35:13.100  9385  9408 W qdgralloc: getInterlacedFlag: getMetaData returned -22, defaulting to interlaced_flag = 0
05-29 21:35:13.108  9385  9408 W qdgralloc: getInterlacedFlag: getMetaData returned -22, defaulting to interlaced_flag = 0
05-29 21:35:13.141  9385  9408 W qdgralloc: getInterlacedFlag: getMetaData returned -22, defaulting to interlaced_flag = 0
05-29 21:35:13.171  9385  9408 W qdgralloc: getInterlacedFlag: getMetaData returned -22, defaulting to interlaced_flag = 0
05-29 21:35:13.180  9385  9408 W qdgralloc: getInterlacedFlag: getMetaData returned -22, defaulting to interlaced_flag = 0
05-29 21:35:13.219  9385  9408 W qdgralloc: getInterlacedFlag: getMetaData returned -22, defaulting to interlaced_flag = 0
05-29 21:35:13.241  9385  9408 W qdgralloc: getInterlacedFlag: getMetaData returned -22, defaulting to interlaced_flag = 0
05-29 21:35:13.248  9385  9408 W qdgralloc: getInterlacedFlag: getMetaData returned -22, defaulting to interlaced_flag = 0
05-29 21:35:13.254  9385  9408 W qdgralloc: getInterlacedFlag: getMetaData returned -22, defaulting to interlaced_flag = 0
05-29 21:35:13.294  9385  9408 W qdgralloc: getInterlacedFlag: getMetaData returned -22, defaulting to interlaced_flag = 0
05-29 21:35:13.311  9385  9408 W qdgralloc: getInterlacedFlag: getMetaData returned -22, defaulting to interlaced_flag = 0
05-29 21:35:13.336  9385  9408 W qdgralloc: getInterlacedFlag: getMetaData returned -22, defaulting to interlaced_flag = 0
05-29 21:35:13.375  9385  9408 W qdgralloc: getInterlacedFlag: getMetaData returned -22, defaulting to interlaced_flag = 0
05-29 21:35:13.382  9385  9408 W qdgralloc: getInterlacedFlag: getMetaData returned -22, defaulting to interlaced_flag = 0
05-29 21:35:13.419  9385  9408 W qdgralloc: getInterlacedFlag: getMetaData returned -22, defaulting to interlaced_flag = 0
05-29 21:35:13.444  9385  9408 W qdgralloc: getInterlacedFlag: getMetaData returned -22, defaulting to interlaced_flag = 0
05-29 21:35:13.450  9385  9408 W qdgralloc: getInterlacedFlag: getMetaData returned -22, defaulting to interlaced_flag = 0
05-29 21:35:13.496  9385  9408 W qdgralloc: getInterlacedFlag: getMetaData returned -22, defaulting to interlaced_flag = 0
05-29 21:35:13.513  9385  9408 W qdgralloc: getInterlacedFlag: getMetaData returned -22, defaulting to interlaced_flag = 0
05-29 21:35:13.537  9385  9408 W qdgralloc: getInterlacedFlag: getMetaData returned -22, defaulting to interlaced_flag = 0
05-29 21:35:13.579  9385  9408 W qdgralloc: getInterlacedFlag: getMetaData returned -22, defaulting to interlaced_flag = 0
05-29 21:35:13.611  9385  9408 W qdgralloc: getInterlacedFlag: getMetaData returned -22, defaulting to interlaced_flag = 0
05-29 21:35:13.648  9385  9408 W qdgralloc: getInterlacedFlag: getMetaData returned -22, defaulting to interlaced_flag = 0
05-29 21:35:13.656  9385  9408 W qdgralloc: getInterlacedFlag: getMetaData returned -22, defaulting to interlaced_flag = 0
05-29 21:35:13.680  9385 10616 I MediaCodec: [0xb40000705ede62f0] enqueue 28 input frames in last 1124 ms, latest timeUs 140000000
05-29 21:35:13.683  9385 10616 I MediaCodec: [0xb40000705ede62f0] dequeue 28 output frames in last 1124 ms, latest timeUs 140000000, flags 128
05-29 21:35:13.686  9385 10243 D PipelineWatcher: onInputBufferReleased: frameIndex not found (3502); ignored
05-29 21:35:13.695  9385  9408 W qdgralloc: getInterlacedFlag: getMetaData returned -22, defaulting to interlaced_flag = 0
05-29 21:35:13.708  9385  9408 W qdgralloc: getInterlacedFlag: getMetaData returned -22, defaulting to interlaced_flag = 0
05-29 21:35:13.741  9385  9408 W qdgralloc: getInterlacedFlag: getMetaData returned -22, defaulting to interlaced_flag = 0
05-29 21:35:13.772  9385  9408 W qdgralloc: getInterlacedFlag: getMetaData returned -22, defaulting to interlaced_flag = 0
05-29 21:35:13.779  9385  9408 W qdgralloc: getInterlacedFlag: getMetaData returned -22, defaulting to interlaced_flag = 0
05-29 21:35:13.820  9385  9408 W qdgralloc: getInterlacedFlag: getMetaData returned -22, defaulting to interlaced_flag = 0
05-29 21:35:13.840  9385  9408 W qdgralloc: getInterlacedFlag: getMetaData returned -22, defaulting to interlaced_flag = 0
05-29 21:35:13.848  9385  9408 W qdgralloc: getInterlacedFlag: getMetaData returned -22, defaulting to interlaced_flag = 0
05-29 21:35:13.855  9385  9408 W qdgralloc: getInterlacedFlag: getMetaData returned -22, defaulting to interlaced_flag = 0
05-29 21:35:13.897  9385  9408 W qdgralloc: getInterlacedFlag: getMetaData returned -22, defaulting to interlaced_flag = 0
05-29 21:35:13.910  9385  9408 W qdgralloc: getInterlacedFlag: getMetaData returned -22, defaulting to interlaced_flag = 0
05-29 21:35:13.936  9385  9408 W qdgralloc: getInterlacedFlag: getMetaData returned -22, defaulting to interlaced_flag = 0
05-29 21:35:13.975  9385  9408 W qdgralloc: getInterlacedFlag: getMetaData returned -22, defaulting to interlaced_flag = 0
05-29 21:35:13.981  9385  9408 W qdgralloc: getInterlacedFlag: getMetaData returned -22, defaulting to interlaced_flag = 0
05-29 21:35:14.026  9385  9408 W qdgralloc: getInterlacedFlag: getMetaData returned -22, defaulting to interlaced_flag = 0
05-29 21:35:14.045  9385  9408 W qdgralloc: getInterlacedFlag: getMetaData returned -22, defaulting to interlaced_flag = 0
05-29 21:35:14.051  9385  9408 W qdgralloc: getInterlacedFlag: getMetaData returned -22, defaulting to interlaced_flag = 0
05-29 21:35:14.058  9385  9408 W qdgralloc: getInterlacedFlag: getMetaData returned -22, defaulting to interlaced_flag = 0
05-29 21:35:14.096  9385  9408 W qdgralloc: getInterlacedFlag: getMetaData returned -22, defaulting to interlaced_flag = 0
05-29 21:35:14.113  9385  9408 W qdgralloc: getInterlacedFlag: getMetaData returned -22, defaulting to interlaced_flag = 0
05-29 21:35:14.138  9385  9408 W qdgralloc: getInterlacedFlag: getMetaData returned -22, defaulting to interlaced_flag = 0
05-29 21:35:14.160  9385 10616 D BufferPoolAccessor2.0: bufferpool2 0xb40000708ed503d8 : 5(19599360 size) total buffers - 4(15679488 size) used buffers - 3511/3516 (recycle/alloc) - 5/3514 (fetch/transfer)
05-29 21:35:14.176  9385  9408 W qdgralloc: getInterlacedFlag: getMetaData returned -22, defaulting to interlaced_flag = 0
05-29 21:35:14.185  1847 10618 I QC2Comp : [vp9D_288] Stats: Pending(0) i/p-done(0) Works: Q: 3518/Done 3519|Work-Rate: Q(25.2/s Avg=25.0/s) Done(25.199/s Avg=25.041/s)| Stream: 25.00fps 266.6Kbps
05-29 21:35:14.185  1847 10618 I QC2Comp : [vp9D_288] Mem-usage:  [In-1D: 5 bufs 18.691 MB] [1D-559: 21 bufs 0.328 MB] [2D-560: 26 bufs 17.469 MB] | Total: 36.488 MB
05-29 21:35:14.223  9385  9408 W qdgralloc: getInterlacedFlag: getMetaData returned -22, defaulting to interlaced_flag = 0
05-29 21:35:14.247  9385  9408 W qdgralloc: getInterlacedFlag: getMetaData returned -22, defaulting to interlaced_flag = 0
05-29 21:35:14.255  9385  9408 W qdgralloc: getInterlacedFlag: getMetaData returned -22, defaulting to interlaced_flag = 0
05-29 21:35:14.295  9385  9408 W qdgralloc: getInterlacedFlag: getMetaData returned -22, defaulting to interlaced_flag = 0
05-29 21:35:14.308  9385  9408 W qdgralloc: getInterlacedFlag: getMetaData returned -22, defaulting to interlaced_flag = 0
05-29 21:35:14.340  9385  9408 W qdgralloc: getInterlacedFlag: getMetaData returned -22, defaulting to interlaced_flag = 0
05-29 21:35:14.373  9385  9408 W qdgralloc: getInterlacedFlag: getMetaData returned -22, defaulting to interlaced_flag = 0
05-29 21:35:14.380  9385  9408 W qdgralloc: getInterlacedFlag: getMetaData returned -22, defaulting to interlaced_flag = 0
05-29 21:35:14.418  9385  9408 W qdgralloc: getInterlacedFlag: getMetaData returned -22, defaulting to interlaced_flag = 0
05-29 21:35:14.441  9385  9408 W qdgralloc: getInterlacedFlag: getMetaData returned -22, defaulting to interlaced_flag = 0
05-29 21:35:14.448  9385  9408 W qdgralloc: getInterlacedFlag: getMetaData returned -22, defaulting to interlaced_flag = 0
05-29 21:35:14.455  9385  9408 W qdgralloc: getInterlacedFlag: getMetaData returned -22, defaulting to interlaced_flag = 0
05-29 21:35:14.491  9385  9408 W qdgralloc: getInterlacedFlag: getMetaData returned -22, defaulting to interlaced_flag = 0
05-29 21:35:14.511  9385  9408 W qdgralloc: getInterlacedFlag: getMetaData returned -22, defaulting to interlaced_flag = 0
05-29 21:35:14.535  9385  9408 W qdgralloc: getInterlacedFlag: getMetaData returned -22, defaulting to interlaced_flag = 0
05-29 21:35:14.574  9385  9408 W qdgralloc: getInterlacedFlag: getMetaData returned -22, defaulting to interlaced_flag = 0
05-29 21:35:14.581  9385  9408 W qdgralloc: getInterlacedFlag: getMetaData returned -22, defaulting to interlaced_flag = 0
05-29 21:35:14.625  9385  9408 W qdgralloc: getInterlacedFlag: getMetaData returned -22, defaulting to interlaced_flag = 0
05-29 21:35:14.644  9385  9408 W qdgralloc: getInterlacedFlag: getMetaData returned -22, defaulting to interlaced_flag = 0
05-29 21:35:14.652  9385  9408 W qdgralloc: getInterlacedFlag: getMetaData returned -22, defaulting to interlaced_flag = 0
05-29 21:35:14.693  9385  9408 W qdgralloc: getInterlacedFlag: getMetaData returned -22, defaulting to interlaced_flag = 0
05-29 21:35:14.714  9385  9408 W qdgralloc: getInterlacedFlag: getMetaData returned -22, defaulting to interlaced_flag = 0
05-29 21:35:14.738  9385  9408 W qdgralloc: getInterlacedFlag: getMetaData returned -22, defaulting to interlaced_flag = 0
05-29 21:35:14.779  9385  9408 W qdgralloc: getInterlacedFlag: getMetaData returned -22, defaulting to interlaced_flag = 0
05-29 21:35:14.796  9385 10616 I MediaCodec: [0xb40000705ede62f0] enqueue 28 input frames in last 1116 ms, latest timeUs 141120000
05-29 21:35:14.801  9385 10616 I MediaCodec: [0xb40000705ede62f0] dequeue 28 output frames in last 1117 ms, latest timeUs 141120000, flags 128
05-29 21:35:14.811  9385  9408 W qdgralloc: getInterlacedFlag: getMetaData returned -22, defaulting to interlaced_flag = 0
05-29 21:35:14.847  9385  9408 W qdgralloc: getInterlacedFlag: getMetaData returned -22, defaulting to interlaced_flag = 0
05-29 21:35:14.855  9385  9408 W qdgralloc: getInterlacedFlag: getMetaData returned -22, defaulting to interlaced_flag = 0
05-29 21:35:14.894  9385  9408 W qdgralloc: getInterlacedFlag: getMetaData returned -22, defaulting to interlaced_flag = 0
05-29 21:35:14.909  9385  9408 W qdgralloc: getInterlacedFlag: getMetaData returned -22, defaulting to interlaced_flag = 0
05-29 21:35:14.939  9385  9408 W qdgralloc: getInterlacedFlag: getMetaData returned -22, defaulting to interlaced_flag = 0
05-29 21:35:14.971  9385  9408 W qdgralloc: getInterlacedFlag: getMetaData returned -22, defaulting to interlaced_flag = 0
05-29 21:35:14.979  9385  9408 W qdgralloc: getInterlacedFlag: getMetaData returned -22, defaulting to interlaced_flag = 0
05-29 21:35:15.020  9385  9408 W qdgralloc: getInterlacedFlag: getMetaData returned -22, defaulting to interlaced_flag = 0
05-29 21:35:15.043  9385  9408 W qdgralloc: getInterlacedFlag: getMetaData returned -22, defaulting to interlaced_flag = 0
05-29 21:35:15.052  9385  9408 W qdgralloc: getInterlacedFlag: getMetaData returned -22, defaulting to interlaced_flag = 0
05-29 21:35:15.059  9385  9408 W qdgralloc: getInterlacedFlag: getMetaData returned -22, defaulting to interlaced_flag = 0
05-29 21:35:15.083  3090  3756 D WifiStaIfaceHidlImpl: getCachedScanData is not implemented by HIDL
05-29 21:35:15.086  3090  3090 D EnhancedConnectivityController: Wifi onCapabilitiesChanged
05-29 21:35:15.086  3090  3090 D EnhancedConnectivityController: Default net onCapabilitiesChanged
05-29 21:35:15.086  3090  3090 D EnhancedConnectivityController: updateDefaultNet:164
05-29 21:35:15.086  3090  3090 D EnhancedConnectivityController: mayUpdateNotification: shouldShow=false,UidsBlocked=false, net info=net:164,ifName=wlan0,securityType=2,isDefault=true,ssid="Airtel_Siddhanth's wifi",notificationId=0
05-29 21:35:15.088  7877  8199 I ModemStats: [DataStallDetectService] onCapabilitiesChanged networkCapabilities=[ Transports: WIFI Capabilities: NOT_METERED&INTERNET&NOT_RESTRICTED&TRUSTED&NOT_VPN&VALIDATED&NOT_ROAMING&FOREGROUND&NOT_CONGESTED&NOT_SUSPENDED&NOT_VCN_MANAGED LinkUpBandwidth>=1663Kbps LinkDnBandwidth>=37081Kbps TransportInfo: <SSID: <unknown ssid>, BSSID: 02:00:00:00:00:00, MAC: 02:00:00:00:00:00, IP: /192.168.1.7, Security type: 2, Supplicant state: COMPLETED, Wi-Fi standard: 11ac, RSSI: -59, Link speed: 325Mbps, Tx Link speed: 325Mbps, Max Supported Tx Link speed: 866Mbps, Rx Link speed: 234Mbps, Max Supported Rx Link speed: 866Mbps, Frequency: 5240MHz, Net ID: -1, Metered hint: false, score: 100, isUsable: true, CarrierMerged: false, SubscriptionId: -1, IsPrimary: -1, Trusted: true, Restricted: false, Ephemeral: false, OEM paid: false, OEM private: false, OSU AP: false, FQDN: <none>, Provider friendly name: <none>, Requesting package name: <none><none>MLO Information: , Is TID-To-Link negotiation supported by the AP: false, AP MLD Address: <none>, AP MLO Link Id: <none>, AP MLO Affiliated links: <none>, Vendor Data: <none>> SignalStrength: -59 UnderlyingNetworks: Null]
05-29 21:35:15.088  7877  8199 I ModemStats: [DataStallDetectService] onCapabilitiesChanged NET_CAPABILITY_VALIDATED=true
05-29 21:35:15.088  7877  8199 I ModemStats: [DataStallDetectService] onCapabilitiesChanged mDataStallManager.mDataStallInstance=null
05-29 21:35:15.089  7877  8199 I ModemStats: [DataStallDetectService] onCapabilitiesChanged mDataStallSmart5gManager.mDataStallInstance=null
05-29 21:35:15.089  4001  5058 D QCNEJ/NativeHalConnector: -> SND notifyDefaultNetworkChanged(1)
05-29 21:35:15.094  3090  3756 I HalDevMgr: bestIfaceCreationProposal is null, requestIface=STA, existingIface=[name=ap_br_wlan2 type=AP_BRIDGE, name=wlan0 type=STA]
05-29 21:35:15.096  7679 15377 I NullBinder: NullBinder for android.net.action.RECOMMEND_NETWORKS triggering remote TransactionTooLargeException due to Service without Chimera impl, calling uid: 1000, calling pid: 0
05-29 21:35:15.096  7679 15377 W Binder  : reply too large data on java level: InterfaceDescriptor = null, code = 1
05-29 21:35:15.096  7679 15377 W .gms.persistent: Large reply transaction of 1056768 bytes, interface descriptor , code 1
05-29 21:35:15.097  9385  9408 W qdgralloc: getInterlacedFlag: getMetaData returned -22, defaulting to interlaced_flag = 0
05-29 21:35:15.110  9385  9408 W qdgralloc: getInterlacedFlag: getMetaData returned -22, defaulting to interlaced_flag = 0
05-29 21:35:15.125  9385  9385 D YouTubeWebViewConsole: level=WARNING message=The resource https://rr1---sn-ci5gup-qxale.googlevideo.com/generate_204 was preloaded using link preload but not used within a few seconds from the window's load event. Please make sure it has an appropriate `as` value and it is preloaded intentionally. line=0 source=https://www.youtube.com/watch?v=gJLVTKhTnog
