05-27 03:08:17.541 V/Avrcp_ext( 3992): updatePlaybackState (1): old=PlaybackState {state=PAUSED(2), position=89537, buffered position=0, speed=1.0, updated=1626108012, actions=8615, custom actions=[], active item id=-1, error=null}(2), new=PlaybackState {state=PAUSED(2), position=89537, buffered position=0, speed=1.0, updated=1626108012, actions=8615, custom actions=[], active item id=-1, error=null}(2)
05-27 03:08:17.541 W/WindowOnBackDispatcher(27181): OnBackInvokedCallback is not enabled for the application.
05-27 03:08:17.541 W/WindowOnBackDispatcher(27181): Set 'android:enableOnBackInvokedCallback="true"' in the application manifest.
05-27 03:08:17.541 I/Avrcp_ext( 3992): Exit updatePlayStatusForDevice
05-27 03:08:17.541 E/HeadsetStateMachine( 3992): returning mCurrentState as Disconnected
05-27 03:08:17.541 E/HeadsetStateMachine( 3992): returning mCurrentState as Disconnected
05-27 03:08:17.541 D/HeadsetService( 3992):  isAudioOn: The number of audio connected devices 0
05-27 03:08:17.541 D/HeadsetService( 3992): isScoOrCallActive(): Call Active:falseCall is Ringing:falseSCO is Active:false
05-27 03:08:17.541 E/HeadsetStateMachine( 3992): returning mCurrentState as Disconnected
05-27 03:08:17.541 E/HeadsetStateMachine( 3992): returning mCurrentState as Disconnected
05-27 03:08:17.541 D/HeadsetService( 3992):  isAudioOn: The number of audio connected devices 0
05-27 03:08:17.541 I/Avrcp_ext( 3992): updatePlayStatusForDevice: device: null
05-27 03:08:17.541 V/Avrcp_ext( 3992): updatePlaybackState (1): old=PlaybackState {state=PAUSED(2), position=89537, buffered position=0, speed=1.0, updated=1626108012, actions=8615, custom actions=[], active item id=-1, error=null}(2), new=PlaybackState {state=PAUSED(2), position=89537, buffered position=0, speed=1.0, updated=1626108012, actions=8615, custom actions=[], active item id=-1, error=null}(2)
05-27 03:08:17.541 I/Avrcp_ext( 3992): Exit updatePlayStatusForDevice
05-27 03:08:17.541 D/Avrcp_ext( 3992): Enter sendPlayPosNotificationRsp
05-27 03:08:17.541 D/Avrcp_ext( 3992): sendPlayPosNotificationRsp: Not registered or requesting.
05-27 03:08:17.541 D/Avrcp_ext( 3992): Enter sendPlayPosNotificationRsp
05-27 03:08:17.541 D/Avrcp_ext( 3992): sendPlayPosNotificationRsp: Not registered or requesting.
05-27 03:08:17.541 D/Avrcp_ext( 3992): Enter sendPlayPosNotificationRsp
05-27 03:08:17.541 D/Avrcp_ext( 3992): sendPlayPosNotificationRsp: Not registered or requesting.
05-27 03:08:17.541 D/Avrcp_ext( 3992): Enter sendPlayPosNotificationRsp
05-27 03:08:17.541 D/Avrcp_ext( 3992): sendPlayPosNotificationRsp: Not registered or requesting.
05-27 03:08:17.541 D/Avrcp_ext( 3992): Enter sendPlayPosNotificationRsp
05-27 03:08:17.541 D/Avrcp_ext( 3992): sendPlayPosNotificationRsp: Not registered or requesting.
05-27 03:08:17.541 V/Avrcp_ext( 3992): Exit updatePlayerStateAndPosition
05-27 03:08:17.541 D/APM: ActiveDeviceManagerServiceLegacy( 3992): getActiveAbsoluteDevice(): device: null
05-27 03:08:17.541 D/APM: ActiveDeviceManagerServiceLegacy( 3992): isStableState(): true
05-27 03:08:17.541 D/Avrcp_ext( 3992): isAdmStable = true activeAbsAddr = null device = null
05-27 03:08:17.541 V/APM: MediaControlManager( 3992): onPlaybackStateChanged
05-27 03:08:17.541 W/McpService( 3992): updatePlaybackState state PlaybackState {state=PAUSED(2), position=89537, buffered position=0, speed=1.0, updated=1626108012, actions=8615, custom actions=[], active item id=-1, error=null}
05-27 03:08:17.541 W/McpService( 3992): updatePlaybackState mState: 2 state: 2
05-27 03:08:17.541 W/Avrcp_ext( 3992): updated player state = PlaybackState {state=PAUSED(2), position=89537, buffered position=0, speed=1.0, updated=1626108012, actions=8615, custom actions=[], active item id=-1, error=null}to MCP module also
05-27 03:08:17.542 V/Avrcp_ext( 3992): ActiveSession: MediaController (ai.perplexity.app.android@f313e) null
05-27 03:08:17.542 V/Avrcp_ext( 3992): isBrowseSupported for ai.perplexity.app.android: false
05-27 03:08:17.542 D/Avrcp_ext( 3992): Adding media player info for ai.perplexity.app.android with id 1
05-27 03:08:17.542 D/Avrcp_ext( 3992): update #1:MediaPlayerInfo ai.perplexity.app.android (as 'Perplexity') Type = 1, SubType = 0, Status = 0 Feature Bits [40 41 42 44 45 47 48 58] Controller: MediaController (ai.perplexity.app.android@f313e) null
05-27 03:08:17.543 V/Avrcp_ext( 3992): updateCurrentMediaState: mMediaController: MediaController (com.google.android.youtube@4e2eea7) The UFO Files | What was America SECRETLY Hiding For 89 Years? | Dhruv Rathee, Dhruv Rathee, Dhruv Rathee
05-27 03:08:17.543 W/Avrcp_ext( 3992): isMusicActive: false getBluetoothPlayState: 2 A2dp State: 11 mAudioPlaybackIsActive: false
05-27 03:08:17.543 D/Avrcp_ext( 3992): isMusicActive = false mAudioPlaybackIsActive = false player state = PlaybackState {state=PAUSED(2), position=89537, buffered position=0, speed=1.0, updated=1626108012, actions=8615, custom actions=[], active item id=-1, error=null}
05-27 03:08:17.544 D/Avrcp_ext( 3992): overwrite album_artist :Dhruv Ratheeif album is blank
05-27 03:08:17.545 V/Avrcp_ext( 3992): Media update: id -1➡-1? [MediaAttributes: T⋯e - D⋯e by D⋯e (1350000 0/0) - ] : [MediaAttributes: T⋯e - D⋯e by D⋯e (1350000 0/0) - ]
05-27 03:08:17.545 D/Avrcp_ext( 3992): isPackageNameValid: browsedPackage = com.google.android.youtubeisValid = true
05-27 03:08:17.545 V/Avrcp_ext( 3992): isBrowseSupported for com.google.android.youtube: false
05-27 03:08:17.545 W/Avrcp_ext( 3992): updateCurrentMediaState: isInactivePlayer = false
05-27 03:08:17.545 V/Avrcp_ext( 3992): updatePlaybackState, state: PlaybackState {state=PAUSED(2), position=89537, buffered position=0, speed=1.0, updated=1626108012, actions=8615, custom actions=[], active item id=-1, error=null} device: null
05-27 03:08:17.545 V/Avrcp_ext( 3992): Device: no name: 
05-27 03:08:17.545 V/Avrcp_ext( 3992): Device: no name: 
05-27 03:08:17.545 V/Avrcp_ext( 3992): Device: no name: 
05-27 03:08:17.545 V/Avrcp_ext( 3992): Device: no name: 
05-27 03:08:17.545 V/Avrcp_ext( 3992): Device: no name: 
05-27 03:08:17.545 V/Avrcp_ext( 3992): updatePlayerStateAndPosition, old=PlaybackState {state=PAUSED(2), position=89537, buffered position=0, speed=1.0, updated=1626108012, actions=8615, custom actions=[], active item id=-1, error=null}, state=PlaybackState {state=PAUSED(2), position=89537, buffered position=0, speed=1.0, updated=1626108012, actions=8615, custom actions=[], active item id=-1, error=null}
05-27 03:08:17.545 V/Avrcp_ext( 3992): old state = PlaybackState {state=PAUSED(2), position=89537, buffered position=0, speed=1.0, updated=1626108012, actions=8615, custom actions=[], active item id=-1, error=null}, new state= PlaybackState {state=PAUSED(2), position=89537, buffered position=0, speed=1.0, updated=1626108012, actions=8615, custom actions=[], active item id=-1, error=null}
05-27 03:08:17.545 D/HeadsetService( 3992): getHeadsetService(): returning com.android.bluetooth.hfp.HeadsetService@9390a13
05-27 03:08:17.545 E/HeadsetStateMachine( 3992): returning mCurrentState as Disconnected
05-27 03:08:17.545 E/HeadsetStateMachine( 3992): returning mCurrentState as Disconnected
05-27 03:08:17.545 D/HeadsetService( 3992):  isAudioOn: The number of audio connected devices 0
05-27 03:08:17.545 D/HeadsetService( 3992): isScoOrCallActive(): Call Active:falseCall is Ringing:falseSCO is Active:false
05-27 03:08:17.545 E/HeadsetStateMachine( 3992): returning mCurrentState as Disconnected
05-27 03:08:17.545 E/HeadsetStateMachine( 3992): returning mCurrentState as Disconnected
05-27 03:08:17.545 D/HeadsetService( 3992):  isAudioOn: The number of audio connected devices 0
05-27 03:08:17.545 I/Avrcp_ext( 3992): updatePlayStatusForDevice: device: null
05-27 03:08:17.545 V/Avrcp_ext( 3992): updatePlaybackState (1): old=PlaybackState {state=PAUSED(2), position=89537, buffered position=0, speed=1.0, updated=1626108012, actions=8615, custom actions=[], active item id=-1, error=null}(2), new=PlaybackState {state=PAUSED(2), position=89537, buffered position=0, speed=1.0, updated=1626108012, actions=8615, custom actions=[], active item id=-1, error=null}(2)
05-27 03:08:17.545 I/Avrcp_ext( 3992): Exit updatePlayStatusForDevice
05-27 03:08:17.545 E/HeadsetStateMachine( 3992): returning mCurrentState as Disconnected
05-27 03:08:17.545 E/HeadsetStateMachine( 3992): returning mCurrentState as Disconnected
05-27 03:08:17.545 D/HeadsetService( 3992):  isAudioOn: The number of audio connected devices 0
05-27 03:08:17.545 D/HeadsetService( 3992): isScoOrCallActive(): Call Active:falseCall is Ringing:falseSCO is Active:false
05-27 03:08:17.545 E/HeadsetStateMachine( 3992): returning mCurrentState as Disconnected
05-27 03:08:17.545 E/HeadsetStateMachine( 3992): returning mCurrentState as Disconnected
05-27 03:08:17.545 D/HeadsetService( 3992):  isAudioOn: The number of audio connected devices 0
05-27 03:08:17.545 I/Avrcp_ext( 3992): updatePlayStatusForDevice: device: null
05-27 03:08:17.545 V/Avrcp_ext( 3992): updatePlaybackState (1): old=PlaybackState {state=PAUSED(2), position=89537, buffered position=0, speed=1.0, updated=1626108012, actions=8615, custom actions=[], active item id=-1, error=null}(2), new=PlaybackState {state=PAUSED(2), position=89537, buffered position=0, speed=1.0, updated=1626108012, actions=8615, custom actions=[], active item id=-1, error=null}(2)
05-27 03:08:17.545 I/Avrcp_ext( 3992): Exit updatePlayStatusForDevice
05-27 03:08:17.545 E/HeadsetStateMachine( 3992): returning mCurrentState as Disconnected
05-27 03:08:17.545 E/HeadsetStateMachine( 3992): returning mCurrentState as Disconnected
05-27 03:08:17.545 D/HeadsetService( 3992):  isAudioOn: The number of audio connected devices 0
05-27 03:08:17.545 D/HeadsetService( 3992): isScoOrCallActive(): Call Active:falseCall is Ringing:falseSCO is Active:false
05-27 03:08:17.545 E/HeadsetStateMachine( 3992): returning mCurrentState as Disconnected
05-27 03:08:17.545 E/HeadsetStateMachine( 3992): returning mCurrentState as Disconnected
05-27 03:08:17.545 D/HeadsetService( 3992):  isAudioOn: The number of audio connected devices 0
05-27 03:08:17.545 I/Avrcp_ext( 3992): updatePlayStatusForDevice: device: null
05-27 03:08:17.545 V/Avrcp_ext( 3992): updatePlaybackState (1): old=PlaybackState {state=PAUSED(2), position=89537, buffered position=0, speed=1.0, updated=1626108012, actions=8615, custom actions=[], active item id=-1, error=null}(2), new=PlaybackState {state=PAUSED(2), position=89537, buffered position=0, speed=1.0, updated=1626108012, actions=8615, custom actions=[], active item id=-1, error=null}(2)
05-27 03:08:17.545 I/Avrcp_ext( 3992): Exit updatePlayStatusForDevice
05-27 03:08:17.545 E/HeadsetStateMachine( 3992): returning mCurrentState as Disconnected
05-27 03:08:17.545 E/HeadsetStateMachine( 3992): returning mCurrentState as Disconnected
05-27 03:08:17.545 D/HeadsetService( 3992):  isAudioOn: The number of audio connected devices 0
05-27 03:08:17.545 D/HeadsetService( 3992): isScoOrCallActive(): Call Active:falseCall is Ringing:falseSCO is Active:false
05-27 03:08:17.545 E/HeadsetStateMachine( 3992): returning mCurrentState as Disconnected
05-27 03:08:17.545 E/HeadsetStateMachine( 3992): returning mCurrentState as Disconnected
05-27 03:08:17.545 D/HeadsetService( 3992):  isAudioOn: The number of audio connected devices 0
05-27 03:08:17.545 I/Avrcp_ext( 3992): updatePlayStatusForDevice: device: null
05-27 03:08:17.545 V/Avrcp_ext( 3992): updatePlaybackState (1): old=PlaybackState {state=PAUSED(2), position=89537, buffered position=0, speed=1.0, updated=1626108012, actions=8615, custom actions=[], active item id=-1, error=null}(2), new=PlaybackState {state=PAUSED(2), position=89537, buffered position=0, speed=1.0, updated=1626108012, actions=8615, custom actions=[], active item id=-1, error=null}(2)
05-27 03:08:17.545 I/Avrcp_ext( 3992): Exit updatePlayStatusForDevice
05-27 03:08:17.545 E/HeadsetStateMachine( 3992): returning mCurrentState as Disconnected
05-27 03:08:17.545 E/HeadsetStateMachine( 3992): returning mCurrentState as Disconnected
05-27 03:08:17.545 D/HeadsetService( 3992):  isAudioOn: The number of audio connected devices 0
05-27 03:08:17.545 D/HeadsetService( 3992): isScoOrCallActive(): Call Active:falseCall is Ringing:falseSCO is Active:false
05-27 03:08:17.545 E/HeadsetStateMachine( 3992): returning mCurrentState as Disconnected
05-27 03:08:17.545 E/HeadsetStateMachine( 3992): returning mCurrentState as Disconnected
05-27 03:08:17.545 D/HeadsetService( 3992):  isAudioOn: The number of audio connected devices 0
05-27 03:08:17.545 I/Avrcp_ext( 3992): updatePlayStatusForDevice: device: null
05-27 03:08:17.545 V/Avrcp_ext( 3992): updatePlaybackState (1): old=PlaybackState {state=PAUSED(2), position=89537, buffered position=0, speed=1.0, updated=1626108012, actions=8615, custom actions=[], active item id=-1, error=null}(2), new=PlaybackState {state=PAUSED(2), position=89537, buffered position=0, speed=1.0, updated=1626108012, actions=8615, custom actions=[], active item id=-1, error=null}(2)
05-27 03:08:17.545 I/Avrcp_ext( 3992): Exit updatePlayStatusForDevice
05-27 03:08:17.545 D/Avrcp_ext( 3992): Enter sendPlayPosNotificationRsp
05-27 03:08:17.545 D/Avrcp_ext( 3992): sendPlayPosNotificationRsp: Not registered or requesting.
05-27 03:08:17.545 D/Avrcp_ext( 3992): Enter sendPlayPosNotificationRsp
05-27 03:08:17.545 D/Avrcp_ext( 3992): sendPlayPosNotificationRsp: Not registered or requesting.
05-27 03:08:17.545 D/Avrcp_ext( 3992): Enter sendPlayPosNotificationRsp
05-27 03:08:17.545 D/Avrcp_ext( 3992): sendPlayPosNotificationRsp: Not registered or requesting.
05-27 03:08:17.545 D/Avrcp_ext( 3992): Enter sendPlayPosNotificationRsp
05-27 03:08:17.545 D/Avrcp_ext( 3992): sendPlayPosNotificationRsp: Not registered or requesting.
05-27 03:08:17.545 D/Avrcp_ext( 3992): Enter sendPlayPosNotificationRsp
05-27 03:08:17.545 D/Avrcp_ext( 3992): sendPlayPosNotificationRsp: Not registered or requesting.
05-27 03:08:17.545 V/Avrcp_ext( 3992): Exit updatePlayerStateAndPosition
05-27 03:08:17.545 D/APM: ActiveDeviceManagerServiceLegacy( 3992): getActiveAbsoluteDevice(): device: null
05-27 03:08:17.545 D/APM: ActiveDeviceManagerServiceLegacy( 3992): isStableState(): true
05-27 03:08:17.545 D/Avrcp_ext( 3992): isAdmStable = true activeAbsAddr = null device = null
05-27 03:08:17.545 V/APM: MediaControlManager( 3992): onPlaybackStateChanged
05-27 03:08:17.545 W/McpService( 3992): updatePlaybackState state PlaybackState {state=PAUSED(2), position=89537, buffered position=0, speed=1.0, updated=1626108012, actions=8615, custom actions=[], active item id=-1, error=null}
05-27 03:08:17.545 W/McpService( 3992): updatePlaybackState mState: 2 state: 2
05-27 03:08:17.545 W/Avrcp_ext( 3992): updated player state = PlaybackState {state=PAUSED(2), position=89537, buffered position=0, speed=1.0, updated=1626108012, actions=8615, custom actions=[], active item id=-1, error=null}to MCP module also
05-27 03:08:17.556 D/vendor.qti.bluetooth@1.0-wake_lock( 1758): Release wakelock is released 
05-27 03:08:17.598 W/cr_media(27181): BLUETOOTH_CONNECT permission is missing.
05-27 03:08:17.599 W/cr_media(27181): getBluetoothAdapter() requires BLUETOOTH permission
05-27 03:08:17.599 W/cr_media(27181): registerBluetoothIntentsIfNeeded: Requires BLUETOOTH permission
05-27 03:08:17.601 D/CompatibilityChangeReporter( 3077): Compat change id reported: 161145287; UID 10521; state: ENABLED
05-27 03:08:17.602 I/cr_LibraryLoader(27249): Successfully loaded native library
05-27 03:08:17.602 I/cr_CachingUmaRecorder(27249): Flushed 2 samples from 2 histograms, 0 samples were dropped.
05-27 03:08:17.603 W/chromium(27249): [WARNING:content/app/android/content_main_android.cc:82] android_setCpu already initialized
05-27 03:08:17.604 D/vulkan  (27181): searching for layers in '/data/app/~~Y3Eavx9ncQaK2Y_UEWo89g==/com.deepeye.musicpro.debug-sA86UCeyUBqTCubktROl5A==/lib/arm64'
05-27 03:08:17.604 D/vulkan  (27181): searching for layers in '/data/app/~~Y3Eavx9ncQaK2Y_UEWo89g==/com.deepeye.musicpro.debug-sA86UCeyUBqTCubktROl5A==/base.apk!/lib/arm64-v8a'
05-27 03:08:17.609 I/AdrenoVK-0(27181): ===== BEGIN DUMP OF OVERRIDDEN SETTINGS =====
05-27 03:08:17.609 I/AdrenoVK-0(27181): ===== END DUMP OF OVERRIDDEN SETTINGS =====
05-27 03:08:17.610 I/AdrenoVK-0(27181): QUALCOMM build          : dad4038ba6, If56d4a5bb8
05-27 03:08:17.610 I/AdrenoVK-0(27181): Build Date              : 07/28/23
05-27 03:08:17.610 I/AdrenoVK-0(27181): Shader Compiler Version : EV031.36.08.24
05-27 03:08:17.610 I/AdrenoVK-0(27181): Local Branch            : 
05-27 03:08:17.610 I/AdrenoVK-0(27181): Remote Branch           : refs/tags/AU_LINUX_ANDROID_LA.VENDOR.1.0.11.00.00.766.892
05-27 03:08:17.610 I/AdrenoVK-0(27181): Remote Branch           : NONE
05-27 03:08:17.610 I/AdrenoVK-0(27181): Reconstruct Branch      : NOTHING
05-27 03:08:17.610 I/AdrenoVK-0(27181): Build Config            : S P 12.1.1 AArch64
05-27 03:08:17.610 I/AdrenoVK-0(27181): Driver Path             : /vendor/lib64/hw/vulkan.adreno.so
05-27 03:08:17.610 I/AdrenoVK-0(27181): Driver Version          : 0615.74
05-27 03:08:17.610 I/AdrenoVK-0(27181): PFP                     : 0x01730158
05-27 03:08:17.610 I/AdrenoVK-0(27181): ME                      : 0x00000000
05-27 03:08:17.610 I/AdrenoVK-0(27181): Application Name    : 
05-27 03:08:17.610 I/AdrenoVK-0(27181): Application Version : 0x00000001
05-27 03:08:17.610 I/AdrenoVK-0(27181): Engine Name         : 
05-27 03:08:17.610 I/AdrenoVK-0(27181): Engine Version      : 0x00000001
05-27 03:08:17.610 I/AdrenoVK-0(27181): Api Version         : 0x00403000
05-27 03:08:17.611 W/chromium(27249): [WARNING:content/child/runtime_features.cc:540] Fenced frames cannot be enabled in this configuration. Use --enable-features=FencedFrames instead.
05-27 03:08:17.611 W/chromium(27249): [WARNING:content/child/runtime_features.cc:565] Topics cannot be enabled in this configuration. Use --enable-features=BrowsingTopics in addition.
05-27 03:08:17.611 W/chromium(27249): [WARNING:content/child/runtime_features.cc:586] SharedStorage cannot be enabled in this configuration. Use --enable-features=SharedStorageAPI in addition.
05-27 03:08:17.627 I/FontLog (26027): (REDACTED) Received query %s, URI %s
05-27 03:08:17.627 I/FontLog (26027): (REDACTED) Query [%s] resolved to %s
05-27 03:08:17.628 I/FontLog (26027): (REDACTED) Font PFD returned from cache for %s
05-27 03:08:17.628 I/FontLog (26027): (REDACTED) Fetch %s end status %s
05-27 03:08:17.630 I/FontLog (26027): (REDACTED) Pulling font file for id = %d, cache size = %d
05-27 03:08:17.632 I/FontLog (26027): (REDACTED) Received query %s, URI %s
05-27 03:08:17.632 I/FontLog (26027): (REDACTED) Query [%s] resolved to %s
05-27 03:08:17.633 I/FontLog (26027): (REDACTED) Fetch %s end status %s
05-27 03:08:17.634 I/FontLog (26027): (REDACTED) Pulling font file for id = %d, cache size = %d
05-27 03:08:17.637 I/FontLog (26027): (REDACTED) Received query %s, URI %s
05-27 03:08:17.637 I/FontLog (26027): (REDACTED) Query [%s] resolved to %s
05-27 03:08:17.638 I/FontLog (26027): (REDACTED) Font PFD returned from cache for %s
05-27 03:08:17.638 I/FontLog (26027): (REDACTED) Fetch %s end status %s
05-27 03:08:17.640 I/FontLog (26027): (REDACTED) Pulling font file for id = %d, cache size = %d
05-27 03:08:17.642 I/FontLog (26027): (REDACTED) Received query %s, URI %s
05-27 03:08:17.642 I/FontLog (26027): (REDACTED) Query [%s] resolved to %s
05-27 03:08:17.642 I/FontLog (26027): (REDACTED) Font PFD returned from cache for %s
05-27 03:08:17.642 I/FontLog (26027): (REDACTED) Fetch %s end status %s
05-27 03:08:17.644 I/FontLog (26027): (REDACTED) Pulling font file for id = %d, cache size = %d
05-27 03:08:17.646 I/FontLog (26027): (REDACTED) Received query %s, URI %s
05-27 03:08:17.646 I/FontLog (26027): (REDACTED) Query [%s] resolved to %s
05-27 03:08:17.647 I/FontLog (26027): (REDACTED) Font PFD returned from cache for %s
05-27 03:08:17.647 I/FontLog (26027): (REDACTED) Fetch %s end status %s
05-27 03:08:17.649 I/FontLog (26027): (REDACTED) Pulling font file for id = %d, cache size = %d
05-27 03:08:17.685 D/CompatibilityChangeReporter(27181): Compat change id reported: 193247900; UID 10521; state: ENABLED
05-27 03:08:17.737 I/YouTubeVideoPlayer(27181): resource_request method=GET mainFrame=false url=https://www.youtube.com/embed/7c3-Gei5j4w?autoplay=1&controls=0&playsinline=1&enablejsapi=1&rel=0&modestbranding=1&iv_load_policy=3&start=0
05-27 03:08:17.742 E/HybridPlayerCard(27181): LaunchedEffect: controlsVisible=true, isPlaying=true, interactionCount=0
05-27 03:08:17.742 E/YouTubeVideoPlayer(27181): LaunchedEffect triggered - videoId: 7c3-Gei5j4w, isPlaying: true, muteWebViewAudio: false
05-27 03:08:17.774 W/VideoCapabilities(27181): Unsupported mime image/vnd.android.heic
05-27 03:08:17.774 W/VideoCapabilities(27181): Unsupported mime image/vnd.android.heic
05-27 03:08:17.828 D/CompatibilityChangeReporter(27181): Compat change id reported: 289878283; UID 10521; state: ENABLED
05-27 03:08:17.835 I/YouTubeVideoPlayer(27181): resource_request method=GET mainFrame=false url=https://www.youtube.com/embed/7c3-Gei5j4w?autoplay=1&controls=0&playsinline=1&enablejsapi=1&rel=0&modestbranding=1&iv_load_policy=3&start=0
05-27 03:08:17.888 D/BoundBrokerSvc(16834): onUnbind: Intent { act=com.google.android.gms.feedback.internal.IFeedbackService dat=chimera-action:/... cmp=com.google.android.gms/.chimera.GmsBoundBrokerService }
05-27 03:08:17.988 I/YouTubeVideoPlayer(27181): resource_request method=GET mainFrame=false url=https://www.youtube.com/s/player/c2f7551f/www-player.css
05-27 03:08:18.064 I/YouTubeVideoPlayer(27181): resource_request method=GET mainFrame=false url=https://www.youtube.com/s/player/c2f7551f/player_embed_es6.vflset/en_GB/base.js
05-27 03:08:18.163 D/BraveShields(27181): blocked url=https://googleads.g.doubleclick.net/pagead/id
05-27 03:08:18.169 D/BraveShields(27181): blocked url=https://static.doubleclick.net/instream/ad_status.js
05-27 03:08:18.185 D/YouTubeWebViewConsole(27181): level=ERROR message=Access to XMLHttpRequest at 'https://googleads.g.doubleclick.net/pagead/id' from origin 'https://www.youtube.com' has been blocked by CORS policy: No 'Access-Control-Allow-Origin' header is present on the requested resource. line=11 source=https://www.youtube.com/embed/7c3-Gei5j4w?autoplay=1&controls=0&playsinline=1&enablejsapi=1&rel=0&modestbranding=1&iv_load_policy=3&start=0
05-27 03:08:18.242 I/AppsFilter( 3077): interaction: PackageSetting{89b9f32 com.deepeye.musicpro.debug/10521} -> PackageSetting{24914a5 com.motorola.motosignature.app/10134} BLOCKED
05-27 03:08:18.263 I/sensors-hal( 1753): batch:206, android.sensor.game_rotation_vector/151, period=16666000, max_latency=0
05-27 03:08:18.263 I/sensors-hal( 1753): set_config:57, sample_period_ns is adjusted to 16666000 based on min/max delay_ns
05-27 03:08:18.263 I/sensors-hal( 1753): batch:215, android.sensor.game_rotation_vector/151, period=16666000, max_latency=0 request completed
05-27 03:08:18.263 I/sensors-hal( 1753): activate:173, android.sensor.game_rotation_vector/151 en=1
05-27 03:08:18.264 I/sensors-hal( 1753): get_qmi_debug_flag:239, support_qmi_debug : false
05-27 03:08:18.264 E/minksocket( 1748): MinkIPC_QRTR_Service: client with node 1 port 6d43 went down
05-27 03:08:18.265 E/minksocket( 1748): MinkIPC_QRTR_Service: client with node 1 port 6d44 went down
05-27 03:08:18.265 E/minksocket( 1748): MinkIPC_QRTR_Service: client with node 1 port 6d45 went down
05-27 03:08:18.266 E/Diag_Lib( 1753): diag: Diag_LSM_Init: invoked for pid: 1753 with init_count: 0
05-27 03:08:18.266 E/Diag_Lib( 1753): diag:failed to connect to diag socket
05-27 03:08:18.266 E/Diag_Lib( 1753):  Diag_LSM_Init: Failed to open handle to diag driver, error = 13
05-27 03:08:18.266 E/minksocket( 1748): MinkIPC_QRTR_Service: client with node 1 port 6d46 went down
05-27 03:08:18.266 I/sensors-hal( 1753): send_sync_sensor_request:341, send sync request
05-27 03:08:18.266 I/sensors-hal( 1753): send_sync_sensor_request:367, wait for notification of response
05-27 03:08:18.269 I/sensors-hal( 1753): ssc_conn_resp_cb:632, resp_value = 0
05-27 03:08:18.269 I/sensors-hal( 1753): send_sync_sensor_request:373, takes 2 ms to receive the response with 0
05-27 03:08:18.269 I/sensors-hal( 1753): activate:184, android.sensor.game_rotation_vector/151 en=1 completed
05-27 03:08:18.293 I/YouTubeVideoPlayer(27181): page_finished url=https://www.youtube.com/
05-27 03:08:18.301 I/PlayCore(27181): UID: [10521]  PID: [27181] StandardIntegrity : warmUpIntegrityToken(868618676952)
05-27 03:08:18.302 I/PlayCore(27181): UID: [10521]  PID: [27181] StandardIntegrity : Initiate binding to the service.
05-27 03:08:18.307 I/PlayCore(27181): UID: [10521]  PID: [27181] StandardIntegrity : ServiceConnectionImpl.onServiceConnected(ComponentInfo{com.android.vending/com.google.android.finsky.expressintegrityservice.ExpressIntegrityService})
05-27 03:08:18.307 I/PlayCore(27181): UID: [10521]  PID: [27181] StandardIntegrity : linkToDeath
05-27 03:08:18.316 I/RemoteProvisionSysSvc( 3077): getRegistration(android.hardware.security.keymint.IRemotelyProvisionedComponent/default)
05-27 03:08:18.316 I/RegistrationProxy( 3077): onServiceConnected: com.android.rkpdapp.service.RemoteProvisioningService
05-27 03:08:18.318 I/UsageStatsService( 3077): User[0] Flushing usage stats to disk
05-27 03:08:18.318 I/RegistrationProxy( 3077): IGetRegistrationCallback.onSuccess
05-27 03:08:18.319 E/RemoteProvisionSysSvc( 3077): RKP not allowed. Key 10207 for client 121274572
05-27 03:08:18.319 E/keystore2( 1354): system/security/keystore2/src/rkpd_client.rs:172 - IGetKeyCallback failed: Device doesnot support RKP
05-27 03:08:18.319 W/keystore2( 1354): system/security/keystore2/src/remote_provisioning.rs:102 - Error occurred: system/security/keystore2/src/rkpd_client.rs:187: GetKeyCallback failed: r#ERROR_UNKNOWN "Device doesnot support RKP"
05-27 03:08:18.319 W/keystore2( 1354): 
05-27 03:08:18.319 W/keystore2( 1354): Caused by:
05-27 03:08:18.319 W/keystore2( 1354):     Error::Rc(r#OUT_OF_KEYS_TRANSIENT_ERROR)
05-27 03:08:18.320 D/DrmLibTime( 1269): got the req here! ret=0
05-27 03:08:18.320 D/DrmLibTime( 1269): command id, time_cmd_id = 770
05-27 03:08:18.320 D/DrmLibTime( 1269): time_getutcsec starts!
05-27 03:08:18.320 D/DrmLibTime( 1269): QSEE Time Listener: time_getutcsec
05-27 03:08:18.320 D/DrmLibTime( 1269): QSEE Time Listener: get_utc_seconds
05-27 03:08:18.320 D/DrmLibTime( 1269): QSEE Time Listener: time_get_modem_time
05-27 03:08:18.320 D/DrmLibTime( 1269): QSEE Time Listener: Checking if ATS_MODEM is set or not.
05-27 03:08:18.320 D/QC-time-services( 1269): Lib:time_genoff_operation: pargs->base = 13
05-27 03:08:18.320 D/QC-time-services( 1269): Lib:time_genoff_operation: pargs->operation = 2
05-27 03:08:18.320 D/QC-time-services( 1269): Lib:time_genoff_operation: pargs->ts_val = 0
05-27 03:08:18.321 D/QC-time-services( 1269): Lib:time_genoff_operation: Send to server  passed!!
05-27 03:08:18.321 D/QC-time-services( 1573): Daemon: Connection accepted:time_genoff
05-27 03:08:18.321 D/QC-time-services( 1573): Daemon:Received base = 13, unit = 1, operation = 2,value = 0
05-27 03:08:18.321 D/QC-time-services( 1573): Daemon:genoff_opr: Base = 13, val = 0, operation = 2
05-27 03:08:18.321 D/QC-time-services( 1573): offset is: 1 for base: 13
05-27 03:08:18.321 E/QC-time-services( 1269): Receive Passed == base = 13, unit = 1, operation = 2, result = 0
05-27 03:08:18.321 D/DrmLibTime( 1269): QSEE Time Listener: ATS_MODEM is set. Try to retrieve it.
05-27 03:08:18.321 E/QC-time-services( 1573): Daemon: Time-services: Waiting to acceptconnection
05-27 03:08:18.321 D/QC-time-services( 1573): Daemon: Connection accepted:time_genoff
05-27 03:08:18.321 D/QC-time-services( 1573): Daemon:Received base = 13, unit = 1, operation = 1,value = 0
05-27 03:08:18.321 D/QC-time-services( 1573): Daemon:genoff_opr: Base = 13, val = 0, operation = 1
05-27 03:08:18.321 D/QC-time-services( 1573): Daemon: genoff get for 13
05-27 03:08:18.321 D/QC-time-services( 1573): Daemon:Value read from QTimer mseconds = 1654291382
05-27 03:08:18.321 D/QC-time-services( 1573): Daemon:Value read from RTC mseconds on boot = 18280000
05-27 03:08:18.321 D/QC-time-services( 1573): Daemon:Value read from QTimer mseconds = 1654291382
05-27 03:08:18.321 D/QC-time-services( 1573): Daemon:Value read from generic offset = 1778158931900
05-27 03:08:18.321 D/QC-time-services( 1573): Daemon:Delta read on boot mseconds = 18270199
05-27 03:08:18.321 D/QC-time-services( 1573): Daemon:Final Time = 1779831493481
05-27 03:08:18.321 D/DrmLibTime( 1269): QSEE Time Listener: Time GenOff - seconds: 1779831493
05-27 03:08:18.321 D/DrmLibTime( 1269): time_getutcsec returns 0, sec = 1779831493; nsec = 0
05-27 03:08:18.321 D/DrmLibTime( 1269): time_getutcsec finished! 
05-27 03:08:18.321 D/DrmLibTime( 1269): iotcl_continue_command finished! and return 0 
05-27 03:08:18.321 D/DrmLibTime( 1269): before calling ioctl to read the next time_cmd
05-27 03:08:18.321 E/QC-time-services( 1573): Daemon: Time-services: Waiting to acceptconnection
05-27 03:08:18.328 E/minksocket( 1748): MinkIPC_QRTR_Service: client with node 1 port 6d48 went down
05-27 03:08:18.328 E/minksocket( 1748): MinkIPC_QRTR_Service: client with node 1 port 6d49 went down
05-27 03:08:18.329 E/minksocket( 1748): MinkIPC_QRTR_Service: client with node 1 port 6d4a went down
05-27 03:08:18.329 E/minksocket( 1748): MinkIPC_QRTR_Service: client with node 1 port 6d4b went down
05-27 03:08:18.357 I/Finsky  (16651): [963] Integrity key attestation record generated successfully.
05-27 03:08:18.370 I/sensors-hal( 1753): handle_indication_realtime:467,  SCHED_FIFO(10) for qmi_cbk
05-27 03:08:18.373 I/sensors-hal( 1753): activate:173, android.sensor.game_rotation_vector/151 en=0
05-27 03:08:18.374 I/sensors-hal( 1753): activate:184, android.sensor.game_rotation_vector/151 en=0 completed
05-27 03:08:18.374 E/minksocket( 1748): MinkIPC_QRTR_Service: client with node 1 port 6d47 went down
05-27 03:08:18.403 I/LogConnect(18746): connect  where =7,address =78:02:B7:40:F7:E2,GlobalVariable.PASS_WORD_VERIFICATION_TIME_OUT=false,GlobalVariable.isManualDisconnect=false
05-27 03:08:18.403 I/LogConnect(18746): postDelayed mBluetoothGatt=android.bluetooth.BluetoothGatt@39a850f,where =7,CONNECTION_STATUS = 0
05-27 03:08:18.404 D/BluetoothGatt(18746): connect() - device: 78:02:B7:40:F7:E2, auto: false, eattSupport: false
05-27 03:08:18.404 D/BluetoothGatt(18746): registerApp()
05-27 03:08:18.404 D/BluetoothGatt(18746): registerApp() - UUID=cfb489ab-204e-42da-9b37-e53c1af2c8f9
05-27 03:08:18.405 D/BtGatt.GattService( 3992): registerClient() - UUID=cfb489ab-204e-42da-9b37-e53c1af2c8f9
05-27 03:08:18.405 I/bt_stack( 3992): [INFO:gatt_api.cc(1414)] GATT_Register 44336a69-a8a6-8c74-161f-b551cf3427c3
05-27 03:08:18.405 I/LogConnect(18746): connectGatt mBluetoothGatt=android.bluetooth.BluetoothGatt@ece4582
05-27 03:08:18.405 I/bt_stack( 3992): [INFO:gatt_api.cc(1435)] allocated gatt_if=4
05-27 03:08:18.406 D/BtGatt.GattService( 3992): onClientRegistered() - UUID=cfb489ab-204e-42da-9b37-e53c1af2c8f9, clientIf=4
05-27 03:08:18.406 D/BluetoothGatt(18746): onClientRegistered() - status=0 clientIf=4
05-27 03:08:18.406 D/BtGatt.GattService( 3992): clientConnect() - address=78:02:B7:40:F7:E2, addressType=0, isDirect=true, opportunistic=false, phy=1
05-27 03:08:18.406 D/bt_btif_config( 3992): btif_get_address_type: Device [78:02:b7:40:f7:e2] address type 0
05-27 03:08:18.406 D/bt_btif_config( 3992): btif_get_device_type: Device [78:02:b7:40:f7:e2] type 2
05-27 03:08:18.406 I/bt_stack( 3992): [INFO:gatt_api.cc(1604)] GATT_Connect gatt_if=4, address=78:02:b7:40:f7:e2 is_direct 1
05-27 03:08:18.406 I/bt_stack( 3992): [INFO:gatt_attr.cc(1296)] gatt_sr_init_cl_status: bda=78:02:b7:40:f7:e2, cl_supp_feat=0000, aware=1
05-27 03:08:18.407 D/vendor.qti.bluetooth@1.0-ibs_handler( 1758): SerialClockVote: vote for UART CLK ON
05-27 03:08:18.407 D/vendor.qti.bluetooth@1.0-wake_lock( 1758): Acquire wakelock is acquired 
05-27 03:08:18.407 I/vendor.qti.bluetooth@1.0-ibs_handler( 1758): DeviceWakeUp: Writing IBS_WAKE_IND
05-27 03:08:18.413 I/vendor.qti.bluetooth@1.0-ibs_handler( 1758): ProcessIbsCmd: Received IBS_WAKE_ACK: 0xFC
05-27 03:08:18.413 I/vendor.qti.bluetooth@1.0-ibs_handler( 1758): ProcessIbsCmd: Signal wack_cond_
05-27 03:08:18.413 D/vendor.qti.bluetooth@1.0-ibs_handler( 1758): DeviceWakeUp: Unblocked from waiting for FC, pthread_cond_timedwait ret = 0
05-27 03:08:18.416 I/vendor.qti.bluetooth@1.0-ibs_handler( 1758): ProcessIbsCmd: Received IBS_WAKE_IND: 0xFD
05-27 03:08:18.416 I/vendor.qti.bluetooth@1.0-ibs_handler( 1758): ProcessIbsCmd: Writing IBS_WAKE_ACK
05-27 03:08:18.457 I/vendor.qti.bluetooth@1.0-ibs_handler( 1758): ProcessIbsCmd: Received IBS_SLEEP_IND: 0xFE
05-27 03:08:18.796 I/PlayCore(27181): UID: [10521]  PID: [27181] OnWarmUpIntegrityTokenCallback : onWarmUpExpressIntegrityToken
05-27 03:08:18.797 I/PlayCore(27181): UID: [10521]  PID: [27181] StandardIntegrity : Unbind from service.
05-27 03:08:18.808 I/PlayCore(27181): UID: [10521]  PID: [27181] StandardIntegrity : requestExpressIntegrityToken(-3260080387728136228)
05-27 03:08:18.809 I/PlayCore(27181): UID: [10521]  PID: [27181] StandardIntegrity : Initiate binding to the service.
05-27 03:08:18.813 I/PlayCore(27181): UID: [10521]  PID: [27181] StandardIntegrity : ServiceConnectionImpl.onServiceConnected(ComponentInfo{com.android.vending/com.google.android.finsky.expressintegrityservice.ExpressIntegrityService})
05-27 03:08:18.813 I/PlayCore(27181): UID: [10521]  PID: [27181] StandardIntegrity : linkToDeath
05-27 03:08:18.816 I/PlayCore(27181): UID: [10521]  PID: [27181] OnRequestIntegrityTokenCallback : onRequestExpressIntegrityToken
05-27 03:08:18.818 I/PlayCore(27181): UID: [10521]  PID: [27181] StandardIntegrity : Unbind from service.
05-27 03:08:19.413 I/vendor.qti.bluetooth@1.0-ibs_handler( 1758): DeviceSleep: TX Awake, Sending SLEEP_IND
05-27 03:08:19.413 D/vendor.qti.bluetooth@1.0-ibs_handler( 1758): SerialClockVote: vote for UART CLK OFF
05-27 03:08:19.428 E/minksocket( 1748): MinkIPC_QRTR_Service: client with node 1 port 6d4c went down
05-27 03:08:19.429 E/minksocket( 1748): MinkIPC_QRTR_Service: client with node 1 port 6d4d went down
05-27 03:08:19.430 E/minksocket( 1748): MinkIPC_QRTR_Service: client with node 1 port 6d4e went down
05-27 03:08:19.430 E/minksocket( 1748): MinkIPC_QRTR_Service: client with node 1 port 6d4f went down
05-27 03:08:19.564 D/vendor.qti.bluetooth@1.0-wake_lock( 1758): Release wakelock is released 
05-27 03:08:20.046 I/ThermalEngine(29098): Monitor:ACTIVE:FREEZE-CHG:freeze_rule=1:DETECT-STANDBY=1
05-27 03:08:20.047 I/ThermalEngine(29098): ACTION: freeze_rule - Setting freeze_rule to 1
05-27 03:08:20.047 I/ThermalEngine(29098): Monitor:ACTIVE:OVERRIDE-CHG:internal_override=1:DETECT-STANDBY=1
05-27 03:08:20.047 I/ThermalEngine(29098): ACTION: override_c - Setting override_c to 1
05-27 03:08:20.048 I/Thermal-Lib(29098): Thermal-Lib-Client: Client request sent
05-27 03:08:20.048 I/ThermalEngine(29098): Thermal-Server: Thermal received msg from  freezing
05-27 03:08:20.048 I/Thermal-Lib(29098): Thermal-Lib-Client: Client request sent
05-27 03:08:20.050 I/ThermalEngine(29098): Thermal-Server: Thermal received msg from  override_c
05-27 03:08:20.266 I/ThermalEngine(29098): ACTION: CPU - Setting CPU[7] to 1
05-27 03:08:20.275 I/ThermalEngine(29098): ACTION: CPU - Setting CPU[4] to 1
05-27 03:08:20.332 E/minksocket( 1748): MinkIPC_QRTR_Service: client with node 1 port 6d32 went down
05-27 03:08:20.332 E/minksocket( 1748): MinkIPC_QRTR_Service: client with node 1 port 6d36 went down
05-27 03:08:20.533 E/minksocket( 1748): MinkIPC_QRTR_Service: client with node 1 port 6d50 went down
05-27 03:08:20.534 E/minksocket( 1748): MinkIPC_QRTR_Service: client with node 1 port 6d51 went down
05-27 03:08:20.534 E/minksocket( 1748): MinkIPC_QRTR_Service: client with node 1 port 6d52 went down
05-27 03:08:20.536 E/minksocket( 1748): MinkIPC_QRTR_Service: client with node 1 port 6d53 went down
05-27 03:08:20.680 W/WindowOnBackDispatcher( 7709): sendCancelIfRunning: isInProgress=falsecallback=android.view.ViewRootImpl$$ExternalSyntheticLambda17@3296ddb
05-27 03:08:20.681 D/CoreBackPreview( 3077): Window{abf931a u0 Toast}: Setting back callback null
05-27 03:08:20.683 D/Surface ( 7709): Surface::disconnect
05-27 03:08:20.683 D/BufferQueueProducer( 7709): [VRI[Toast]#1279(BLAST Consumer)1279](id:1e1d00000507,api:1,p:7709,c:7709) disconnect: api 1
05-27 03:08:20.684 W/InputManager-JNI( 3077): Input channel object 'abf931a Toast (client)' was disposed without first being removed with the input manager!
05-27 03:08:20.688 W/NotificationService( 3077): Toast already killed. pkg=com.deepeye.musicpro.debug token=android.os.BinderProxy@9b761ef
05-27 03:08:20.744 E/HybridPlayerCard(27181): Auto-hiding controls after 3 seconds
05-27 03:08:20.765 E/HybridPlayerCard(27181): LaunchedEffect: controlsVisible=false, isPlaying=true, interactionCount=0
05-27 03:08:21.286 I/ThermalEngine(29098): ACTION: CPU - Setting CPU[7] to 2
05-27 03:08:21.296 I/ThermalEngine(29098): ACTION: CPU - Setting CPU[4] to 2
05-27 03:08:21.437 E/minksocket( 1748): MinkIPC_QRTR_Service: client with node 1 port 6d54 went down
05-27 03:08:21.438 E/minksocket( 1748): MinkIPC_QRTR_Service: client with node 1 port 6d55 went down
05-27 03:08:21.439 E/minksocket( 1748): MinkIPC_QRTR_Service: client with node 1 port 6d56 went down
05-27 03:08:21.440 E/minksocket( 1748): MinkIPC_QRTR_Service: client with node 1 port 6d58 went down
05-27 03:08:21.441 E/minksocket( 1748): MinkIPC_QRTR_Service: client with node 1 port 6d59 went down
05-27 03:08:21.441 E/minksocket( 1748): MinkIPC_QRTR_Service: client with node 1 port 6d5a went down
05-27 03:08:21.637 E/minksocket( 1748): MinkIPC_QRTR_Service: client with node 1 port 6d5c went down
05-27 03:08:21.639 E/minksocket( 1748): MinkIPC_QRTR_Service: client with node 1 port 6d5d went down
05-27 03:08:21.640 E/minksocket( 1748): MinkIPC_QRTR_Service: client with node 1 port 6d5e went down
05-27 03:08:21.640 E/minksocket( 1748): MinkIPC_QRTR_Service: client with node 1 port 6d5f went down
05-27 03:08:22.304 I/ThermalEngine(29098): ACTION: CPU - Setting CPU[7] to 3
05-27 03:08:22.313 I/ThermalEngine(29098): ACTION: CPU - Setting CPU[4] to 3
05-27 03:08:22.345 I/NearbyMediums(26027): No BLE Fast/GATT advertisements found in the latest cycle.
05-27 03:08:22.345 I/NearbyMediums(26027): Current Tracked Scanning Clients are : {NearbyConnections.EnvironmentMonitor, NearbySharing, NearbyConnections.TxAdvertisement}
05-27 03:08:22.542 E/minksocket( 1748): MinkIPC_QRTR_Service: client with node 1 port 6d57 went down
05-27 03:08:22.543 E/minksocket( 1748): MinkIPC_QRTR_Service: client with node 1 port 6d5b went down
05-27 03:08:22.589 D/ActivityManager( 3077): freezing 11721 com.google.android.permissioncontroller, reason = oom_cached
05-27 03:08:22.741 E/minksocket( 1748): MinkIPC_QRTR_Service: client with node 1 port 6d60 went down
05-27 03:08:22.743 E/minksocket( 1748): MinkIPC_QRTR_Service: client with node 1 port 6d61 went down
05-27 03:08:22.744 E/minksocket( 1748): MinkIPC_QRTR_Service: client with node 1 port 6d62 went down
05-27 03:08:22.745 E/minksocket( 1748): MinkIPC_QRTR_Service: client with node 1 port 6d63 went down
05-27 03:08:23.204 D/StatusBarIconController( 7709): ignoring old pipeline callbacks, because the new mobile icons are enabled
05-27 03:08:23.327 I/ThermalEngine(29098): ACTION: CPU - Setting CPU[7] to 2
05-27 03:08:23.336 I/ThermalEngine(29098): ACTION: CPU - Setting CPU[4] to 2
05-27 03:08:24.208 D/StatusBarIconController( 7709): ignoring old pipeline callbacks, because the new mobile icons are enabled
05-27 03:08:24.346 E/minksocket( 1748): MinkIPC_QRTR_Service: client with node 1 port 6d64 went down
05-27 03:08:24.347 E/minksocket( 1748): MinkIPC_QRTR_Service: client with node 1 port 6d65 went down
05-27 03:08:24.348 I/ThermalEngine(29098): ACTION: CPU - Setting CPU[7] to 1
05-27 03:08:24.348 E/minksocket( 1748): MinkIPC_QRTR_Service: client with node 1 port 6d66 went down
05-27 03:08:24.349 E/minksocket( 1748): MinkIPC_QRTR_Service: client with node 1 port 6d67 went down
05-27 03:08:24.354 I/ThermalEngine(29098): ACTION: CPU - Setting CPU[4] to 1
05-27 03:08:25.376 I/ThermalEngine(29098): ACTION: CPU - Setting CPU[7] to 0
05-27 03:08:25.401 I/ThermalEngine(29098): ACTION: CPU - Setting CPU[4] to 0
05-27 03:08:25.447 E/minksocket( 1748): MinkIPC_QRTR_Service: client with node 1 port 6d68 went down
05-27 03:08:25.448 E/minksocket( 1748): MinkIPC_QRTR_Service: client with node 1 port 6d69 went down
05-27 03:08:25.450 E/minksocket( 1748): MinkIPC_QRTR_Service: client with node 1 port 6d6a went down
05-27 03:08:25.451 E/minksocket( 1748): MinkIPC_QRTR_Service: client with node 1 port 6d6b went down
05-27 03:08:25.904 W/ocessService0:0(27249): userfaultfd: MOVE ioctl seems unsupported: Connection timed out
05-27 03:08:26.217 D/StatusBarIconController( 7709): ignoring old pipeline callbacks, because the new mobile icons are enabled
05-27 03:08:26.546 E/minksocket( 1748): MinkIPC_QRTR_Service: client with node 1 port 6d6c went down
05-27 03:08:26.546 E/minksocket( 1748): MinkIPC_QRTR_Service: client with node 1 port 6d6d went down
05-27 03:08:26.547 E/minksocket( 1748): MinkIPC_QRTR_Service: client with node 1 port 6d6e went down
05-27 03:08:26.548 E/minksocket( 1748): MinkIPC_QRTR_Service: client with node 1 port 6d6f went down
05-27 03:08:27.373 W/ProcessStats( 3077): Tracking association SourceState{d18d810 com.google.android.youtube/10289 Fgs #2599459} whose proc state 3 is better than process ProcessState{8ed82b5 com.google.android.gms/10192 pkg=com.google.android.gms} proc state 6 (273 skipped)
05-27 03:08:28.523 D/PowerManagerService( 3077): nativeAcquireSuspendBlocker name:PowerManagerService.WakeLocks duration ms: 3
05-27 03:08:28.538 I/Finsky  (16651): [2] SCH: job service start with id 9472.
05-27 03:08:28.561 I/Finsky  (16651): [953] SCH: Satisfied jobs for 9472 are: 12-1
05-27 03:08:28.562 I/Finsky  (16651): [964] SCH: Job 12-1 starting
05-27 03:08:28.562 I/Finsky  (16651): [2] WM::SCH: Logging work start for 12-1
05-27 03:08:28.564 I/Finsky  (16651): [2] [ContentSync] job started
05-27 03:08:28.575 I/QImsService( 4049): VtDataUsageProvider : onSetAlert:2097152
05-27 03:08:28.575 I/QImsService( 4049): ImsServiceClassTracker : updateAlertQuota:newQuota=2097152,Remaining=2097152
05-27 03:08:28.687 W/Finsky  (16651): [2] STU: Failed to get storage stats for package 'com.google.mainline.primary.libs' (1601: Error getting stats: android.content.pm.PackageManager.NameNotFoundException)
05-27 03:08:28.769 W/Finsky  (16651): [2] STU: Failed to get storage stats for package 'com.android.apex.cts.shim' (1601: Error getting stats: android.content.pm.PackageManager.NameNotFoundException)
05-27 03:08:28.791 W/Finsky  (16651): [2] STU: Failed to get storage stats for package 'com.google.android.appsearch' (1601: Error getting stats: android.content.pm.PackageManager.NameNotFoundException)
05-27 03:08:28.795 W/Finsky  (16651): [2] STU: Failed to get storage stats for package 'com.google.android.art' (1601: Error getting stats: android.content.pm.PackageManager.NameNotFoundException)
05-27 03:08:28.837 W/Finsky  (16651): [2] STU: Failed to get storage stats for package 'com.google.android.mediaprovider' (1601: Error getting stats: android.content.pm.PackageManager.NameNotFoundException)
05-27 03:08:28.861 W/Finsky  (16651): [2] STU: Failed to get storage stats for package 'com.android.virt' (1601: Error getting stats: android.content.pm.PackageManager.NameNotFoundException)
05-27 03:08:28.866 I/keystore2( 1354): system/security/keystore2/src/watchdog.rs:319 - Watchdog thread idle -> terminating. Have a great day.
05-27 03:08:28.868 W/Finsky  (16651): [2] STU: Failed to get storage stats for package 'com.google.android.resolv' (1601: Error getting stats: android.content.pm.PackageManager.NameNotFoundException)
05-27 03:08:28.882 W/Finsky  (16651): [2] STU: Failed to get storage stats for package 'com.google.android.configinfrastructure' (1601: Error getting stats: android.content.pm.PackageManager.NameNotFoundException)
05-27 03:08:28.883 W/Finsky  (16651): [2] STU: Failed to get storage stats for package 'com.google.android.media' (1601: Error getting stats: android.content.pm.PackageManager.NameNotFoundException)
05-27 03:08:28.899 W/Finsky  (16651): [2] STU: Failed to get storage stats for package 'com.android.vndk.v31' (1601: Error getting stats: android.content.pm.PackageManager.NameNotFoundException)
05-27 03:08:28.900 W/Finsky  (16651): [2] STU: Failed to get storage stats for package 'com.android.vndk.v30' (1601: Error getting stats: android.content.pm.PackageManager.NameNotFoundException)
05-27 03:08:28.903 W/Finsky  (16651): [2] STU: Failed to get storage stats for package 'com.android.vndk.v33' (1601: Error getting stats: android.content.pm.PackageManager.NameNotFoundException)
05-27 03:08:28.903 W/Finsky  (16651): [2] STU: Failed to get storage stats for package 'com.android.vndk.v32' (1601: Error getting stats: android.content.pm.PackageManager.NameNotFoundException)
05-27 03:08:28.908 W/Finsky  (16651): [2] STU: Failed to get storage stats for package 'com.android.vndk.v34' (1601: Error getting stats: android.content.pm.PackageManager.NameNotFoundException)
05-27 03:08:28.950 W/Finsky  (16651): [2] STU: Failed to get storage stats for package 'com.google.android.sdkext' (1601: Error getting stats: android.content.pm.PackageManager.NameNotFoundException)
05-27 03:08:28.958 W/Finsky  (16651): [2] STU: Failed to get storage stats for package 'com.google.android.adservices' (1601: Error getting stats: android.content.pm.PackageManager.NameNotFoundException)
05-27 03:08:28.961 W/Finsky  (16651): [2] STU: Failed to get storage stats for package 'com.google.android.tethering' (1601: Error getting stats: android.content.pm.PackageManager.NameNotFoundException)
05-27 03:08:28.982 W/Finsky  (16651): [2] STU: Failed to get storage stats for package 'com.android.runtime' (1601: Error getting stats: android.content.pm.PackageManager.NameNotFoundException)
05-27 03:08:29.001 W/Finsky  (16651): [2] STU: Failed to get storage stats for package 'com.google.android.cellbroadcast' (1601: Error getting stats: android.content.pm.PackageManager.NameNotFoundException)
05-27 03:08:29.084 W/Finsky  (16651): [2] STU: Failed to get storage stats for package 'com.motorola.enterprise' (1601: Error getting stats: android.content.pm.PackageManager.NameNotFoundException)
05-27 03:08:29.096 D/QtiCarrierConfigHelper( 4049): WARNING, no carrier configs on phone Id: 1
05-27 03:08:29.096 D/DeviceStatisticsService( 4028): onReceive: action= android.intent.action.BATTERY_CHANGED
05-27 03:08:29.096 V/UiModeManager( 3077): updateLocked: null action, mDockState=0, category=null
05-27 03:08:29.097 D/UiModeManager( 3077): updateConfigurationLocked: mDockState=0; mCarMode=false; mNightMode=2; mNightModeCustomType=-1; uiMode=33
05-27 03:08:29.097 D/PowerUI ( 7709): can't show warning due to - plugged: true status unknown: false
05-27 03:08:29.098 V/DeviceStatisticsService( 4028): chargerType=2 batteryLevel=79 totalBatteryCapacity=3779100
05-27 03:08:29.098 D/DeviceInfoHidlClient( 4028): isRadioOn()=true
05-27 03:08:29.098 I/DeviceInfoHidlClient( 4028): isPowerInfoNeverSent=false batteryLevel=79 batteryLevelIndex=3 chargingMode=2 totalCapacity=3779100 powerSaveMode=false
05-27 03:08:29.117 W/Finsky  (16651): [2] STU: Failed to get storage stats for package 'com.google.android.tzdata5' (1601: Error getting stats: android.content.pm.PackageManager.NameNotFoundException)
05-27 03:08:29.138 W/Finsky  (16651): [2] STU: Failed to get storage stats for package 'com.google.android.permission' (1601: Error getting stats: android.content.pm.PackageManager.NameNotFoundException)
05-27 03:08:29.149 W/Finsky  (16651): [2] STU: Failed to get storage stats for package 'com.google.android.wifi' (1601: Error getting stats: android.content.pm.PackageManager.NameNotFoundException)
05-27 03:08:29.593 D/CmdCenter( 6602): - RowBase2: sPrevModStatus: 1, modStatus: 1
05-27 03:08:29.593 D/CmdCenter( 6602): - RowBase2: sPrevBatStatus: 2, status: 2
05-27 03:08:29.593 D/CmdCenter( 6602): - RowBase2: sPrevChargeRate = 1, new = 1
05-27 03:08:29.593 D/CmdCenter( 6602): - RowBase2: sPrevPlugType: 2 plugType: 2
05-27 03:08:29.773 W/Finsky  (16651): [2] STU: Failed to get storage stats for package 'com.google.android.media.swcodec' (1601: Error getting stats: android.content.pm.PackageManager.NameNotFoundException)
05-27 03:08:29.832 W/Finsky  (16651): [2] STU: Failed to get storage stats for package 'com.google.android.adbd' (1601: Error getting stats: android.content.pm.PackageManager.NameNotFoundException)
05-27 03:08:29.844 W/Finsky  (16651): [2] STU: Failed to get storage stats for package 'com.android.i18n' (1601: Error getting stats: android.content.pm.PackageManager.NameNotFoundException)
05-27 03:08:29.847 W/Finsky  (16651): [2] STU: Failed to get storage stats for package 'com.google.android.conscrypt' (1601: Error getting stats: android.content.pm.PackageManager.NameNotFoundException)
05-27 03:08:29.864 W/Finsky  (16651): [2] STU: Failed to get storage stats for package 'com.google.android.neuralnetworks' (1601: Error getting stats: android.content.pm.PackageManager.NameNotFoundException)
05-27 03:08:29.869 W/Finsky  (16651): [2] STU: Failed to get storage stats for package 'com.google.android.ipsec' (1601: Error getting stats: android.content.pm.PackageManager.NameNotFoundException)
05-27 03:08:29.872 W/Finsky  (16651): [2] STU: Failed to get storage stats for package 'com.android.devicelock' (1601: Error getting stats: android.content.pm.PackageManager.NameNotFoundException)
