05-27 03:08:03.132 E/MCF_JsonUtils(26958): getValue: Error: missing JSON value: lib-name
05-27 03:08:03.132 E/MCF_JsonUtils(26958): parseValue: Failed to parse lib-name
05-27 03:08:03.132 E/McfConfig(26958): loadConfiguration: ai-scene-detect-capture exists
05-27 03:08:03.132 E/MCF_AlgInterface_MotNVDetect(26958): parseJson MotNVDetect disabled
05-27 03:08:03.132 E/MCF_AlgInterface_AsBandingDetect(26958): parseJson Arcsoft Banding detect alg disabled
05-27 03:08:03.132 E/MCF_SMConfig(26958): hdr-advanced: parseQcMfnrValuesByLux: [sensorIndex=6, lux>=400] mfnr_number_of_frames should not be zero
05-27 03:08:03.133 E/MCF_AlgInterface_MOTDRSDv2(26958): parseJson MotDRSDv2 disabled
05-27 03:08:03.133 E/MCF_JsonUtils(26958): getValue: Error: missing JSON value: lib-name
05-27 03:08:03.133 E/MCF_JsonUtils(26958): parseValue: Failed to parse lib-name
05-27 03:08:03.133 E/McfConfig(26958): loadConfiguration: ai-scene-detect-capture exists
05-27 03:08:03.133 E/MCF_AlgInterface_MotNVDetect(26958): parseJson MotNVDetect disabled
05-27 03:08:03.134 E/MCF_AlgInterface_AsBandingDetect(26958): parseJson Arcsoft Banding detect alg disabled
05-27 03:08:03.136 D/StatusBarIconController( 7709): ignoring old pipeline callbacks, because the new mobile icons are enabled
05-27 03:08:03.167 W/WindowMagnificationMgr( 3077): requestConnection duplicated request: connect=false, mConnectionState=DISCONNECTED
05-27 03:08:03.168 E/minksocket( 1748): MinkIPC_QRTR_Service: client with node 1 port 6d02 went down
05-27 03:08:03.169 E/minksocket( 1748): MinkIPC_QRTR_Service: client with node 1 port 6d03 went down
05-27 03:08:03.169 E/minksocket( 1748): MinkIPC_QRTR_Service: client with node 1 port 6d04 went down
05-27 03:08:03.169 E/minksocket( 1748): MinkIPC_QRTR_Service: client with node 1 port 6d05 went down
05-27 03:08:03.174 W/WindowMagnificationMgr( 3077): requestConnection duplicated request: connect=false, mConnectionState=DISCONNECTED
05-27 03:08:03.180 W/UriGrantsManagerService( 3077): No permission grants found for com.google.android.apps.photos
05-27 03:08:03.180 W/UriGrantsManagerService( 3077): No permission grants found for com.google.android.apps.photos
05-27 03:08:03.181 D/AndroidRuntime(27159): >>>>>> START com.android.internal.os.RuntimeInit uid 2000 <<<<<<
05-27 03:08:03.190 I/app_process(27159): MMAP_TRYLOCK is supported in uffd errno:2 addr:0x71ceef7000 size:4096
05-27 03:08:03.191 I/AndroidRuntime(27159): Using default boot image
05-27 03:08:03.191 I/AndroidRuntime(27159): Leaving lock profiling enabled
05-27 03:08:03.193 I/app_process(27159): Using CollectorTypeCMC GC.
05-27 03:08:03.238 D/nativeloader(27159): InitDefaultPublicLibraries for_preload=1: libandroid.so:libaaudio.so:libamidi.so:libbinder_ndk.so:libc.so:libcamera2ndk.so:libdl.so:libEGL.so:libGLESv1_CM.so:libGLESv2.so:libGLESv3.so:libicu.so:libicui18n.so:libicuuc.so:libjnigraphics.so:liblog.so:libmediandk.so:libm.so:libnativehelper.so:libnativewindow.so:libOpenMAXAL.so:libOpenSLES.so:libRS.so:libstdc++.so:libsync.so:libvulkan.so:libwebviewchromium_plat_support.so:libz.so
05-27 03:08:03.243 D/nativeloader(27159): Load libicu_jni.so using APEX ns com_android_art for caller /apex/com.android.art/javalib/core-oj.jar: ok
05-27 03:08:03.243 D/app_process(27159): Time zone APEX ICU file found: /apex/com.android.tzdata/etc/icu/icu_tzdata.dat
05-27 03:08:03.243 D/app_process(27159): I18n APEX ICU file found: /apex/com.android.i18n/etc/icu/icudt72l.dat
05-27 03:08:03.244 D/nativeloader(27159): Load libjavacore.so using APEX ns com_android_art for caller /apex/com.android.art/javalib/core-oj.jar: ok
05-27 03:08:03.244 D/nativeloader(27159): Load libopenjdk.so using APEX ns com_android_art for caller /apex/com.android.art/javalib/core-oj.jar: ok
05-27 03:08:03.245 I/app_process(27159): Priority-to-niceness mapping: 19, 16, 13, 10, 0, -2, -4, -5, -6, -8
05-27 03:08:03.251 W/libc    (27159): Access denied finding property "ro.product.name_for_attestation"
05-27 03:08:03.251 W/libc    (27159): Access denied finding property "ro.product.brand_for_attestation"
05-27 03:08:03.251 W/libc    (27159): Access denied finding property "ro.product.model_for_attestation"
05-27 03:08:03.251 W/main    (27159): type=1400 audit(0.0:481967): avc:  denied  { read } for  name="u:object_r:build_attestation_prop:s0" dev="tmpfs" ino=112 scontext=u:r:shell:s0 tcontext=u:object_r:build_attestation_prop:s0 tclass=file permissive=0
05-27 03:08:03.251 W/main    (27159): type=1400 audit(0.0:481968): avc:  denied  { read } for  name="u:object_r:build_attestation_prop:s0" dev="tmpfs" ino=112 scontext=u:r:shell:s0 tcontext=u:object_r:build_attestation_prop:s0 tclass=file permissive=0
05-27 03:08:03.251 W/main    (27159): type=1400 audit(0.0:481969): avc:  denied  { read } for  name="u:object_r:build_attestation_prop:s0" dev="tmpfs" ino=112 scontext=u:r:shell:s0 tcontext=u:object_r:build_attestation_prop:s0 tclass=file permissive=0
05-27 03:08:03.264 D/nativeloader(27159): Load libframework-connectivity-tiramisu-jni.so using APEX ns com_android_tethering for caller /apex/com.android.tethering/javalib/framework-connectivity-t.jar: ok
05-27 03:08:03.264 D/AndroidRuntime(27159): Calling main entry com.android.commands.monkey.Monkey
05-27 03:08:03.264 W/Monkey  (27159): args: [-p, com.deepeye.musicpro.debug, -c, android.intent.category.LAUNCHER, 1]
05-27 03:08:03.264 W/Monkey  (27159):  arg: "-p"
05-27 03:08:03.264 W/Monkey  (27159):  arg: "com.deepeye.musicpro.debug"
05-27 03:08:03.265 W/Monkey  (27159):  arg: "-c"
05-27 03:08:03.265 W/Monkey  (27159):  arg: "android.intent.category.LAUNCHER"
05-27 03:08:03.265 W/Monkey  (27159):  arg: "1"
05-27 03:08:03.265 W/Monkey  (27159): data="com.deepeye.musicpro.debug"
05-27 03:08:03.265 W/Monkey  (27159): data="android.intent.category.LAUNCHER"
05-27 03:08:03.278 D/ActivityTaskManager( 3077): setActivityController: android.app.IActivityController$Stub$Proxy@25c3fdd,imAMonkey=true
05-27 03:08:03.278 W/ActivityManager( 3077): registerReceiverWithFeature: no app for null
05-27 03:08:03.285 W/ActivityTaskManager( 3077): callingPackage for (uid=2000, pid=27159) has no WPC
05-27 03:08:03.285 I/SettingsAccessControlPolicy( 3077): isDeviceSettingsChangeDisabled: value -> false
05-27 03:08:03.286 D/CompatibilityChangeReporter( 3077): Compat change id reported: 265464455; UID 10521; state: DISABLED
05-27 03:08:03.286 D/CompatibilityChangeReporter( 3077): Compat change id reported: 265452344; UID 10521; state: DISABLED
05-27 03:08:03.286 D/CompatibilityChangeReporter( 3077): Compat change id reported: 266124927; UID 10521; state: DISABLED
05-27 03:08:03.286 D/CompatibilityChangeReporter( 3077): Compat change id reported: 265451093; UID 10521; state: DISABLED
05-27 03:08:03.286 D/CompatibilityChangeReporter( 3077): Compat change id reported: 265456536; UID 10521; state: DISABLED
05-27 03:08:03.286 D/CompatibilityChangeReporter( 3077): Compat change id reported: 255940284; UID 10521; state: DISABLED
05-27 03:08:03.286 D/CompatibilityChangeReporter( 3077): Compat change id reported: 236283604; UID 10521; state: DISABLED
05-27 03:08:03.286 D/CompatibilityChangeReporter( 3077): Compat change id reported: 263959004; UID 10521; state: DISABLED
05-27 03:08:03.286 D/CompatibilityChangeReporter( 3077): Compat change id reported: 264304459; UID 10521; state: DISABLED
05-27 03:08:03.286 D/CompatibilityChangeReporter( 3077): Compat change id reported: 264301586; UID 10521; state: DISABLED
05-27 03:08:03.286 D/CompatibilityChangeReporter( 3077): Compat change id reported: 254631730; UID 10521; state: DISABLED
05-27 03:08:03.286 D/CompatibilityChangeReporter( 3077): Compat change id reported: 273509367; UID 10521; state: DISABLED
05-27 03:08:03.286 D/CompatibilityChangeReporter( 3077): Compat change id reported: 263259275; UID 10521; state: DISABLED
05-27 03:08:03.286 D/CompatibilityChangeReporter( 3077): Compat change id reported: 174042980; UID 10521; state: DISABLED
05-27 03:08:03.286 D/CompatibilityChangeReporter( 3077): Compat change id reported: 174042936; UID 10521; state: DISABLED
05-27 03:08:03.286 D/CompatibilityChangeReporter( 3077): Compat change id reported: 181136395; UID 10521; state: DISABLED
05-27 03:08:03.287 D/CompatibilityChangeReporter( 3077): Compat change id reported: 194480991; UID 10521; state: ENABLED
05-27 03:08:03.288 D/ActivityTaskManager( 3077): getPreferredLaunchDisplay userset_displayid false user set display id -1, current focus display 0
05-27 03:08:03.288 D/ActivityTaskManager( 3077): getPreferredLaunchDisplay userset_displayid false user set display id -1, current focus display 0
05-27 03:08:03.289 D/ActivityTaskManager( 3077): getPreferredLaunchDisplay userset_displayid false user set display id -1, current focus display 0
05-27 03:08:03.289 D/ActivityTaskManager( 3077): getPreferredLaunchDisplay userset_displayid false user set display id -1, current focus display 0
05-27 03:08:03.290 E/ANDR-PERF-LM( 1849): MetaMeter: handleAsync() 166: AdaptLaunch Invalid Async
05-27 03:08:03.290 E/ANDR-PERF-LM( 1849): MetaMeter: handleAsync() 166: AdaptLaunch Invalid Async
05-27 03:08:03.292 D/ActivityTaskManager( 3077): getPreferredLaunchDisplay userset_displayid false user set display id 0, current focus display 0
05-27 03:08:03.292 D/ActivityTaskManager( 3077): getPreferredLaunchDisplay userset_displayid false user set display id 0, current focus display 0
05-27 03:08:03.293 D/CompatibilityChangeReporter( 3077): Compat change id reported: 184838306; UID 10521; state: DISABLED
05-27 03:08:03.293 D/CompatibilityChangeReporter( 3077): Compat change id reported: 185004937; UID 10521; state: DISABLED
05-27 03:08:03.294 D/PowerManagerService( 3077): nativeSetPowerMode ret:false mode:5 enabled:true duration ms: 0
05-27 03:08:03.294 D/CompatibilityChangeReporter( 3077): Compat change id reported: 205907456; UID 10521; state: ENABLED
05-27 03:08:03.294 D/ActivityTrigger( 3077): ActivityTrigger activityPauseTrigger 
05-27 03:08:03.295 D/CompatibilityChangeReporter( 3077): Compat change id reported: 194833441; UID 10521; state: ENABLED
05-27 03:08:03.295 I/ActivityTaskManager( 3077): START u0 {act=android.intent.action.MAIN cat=[android.intent.category.LAUNCHER] flg=0x10200000 cmp=com.deepeye.musicpro.debug/com.deepeye.musicpro.MainActivity} with LAUNCH_SINGLE_TASK from uid 2000 (startActivityAsUser) (BAL_ALLOW_PERMISSION) result code=0
05-27 03:08:03.296 I/Monkey  (27159): Events injected: 1
05-27 03:08:03.297 W/ANDR-PERF-LM( 1849): MetaMeter: handlePrimaryAsync() 118: AdaptLaunch MetaMeter. No MeterMgr Available to handle this Primary Async. !!!!
05-27 03:08:03.297 W/ANDR-PERF-LM( 1849): MetaMeter: handlePrimaryAsync() 118: AdaptLaunch MetaMeter. No MeterMgr Available to handle this Primary Async. !!!!
05-27 03:08:03.298 V/WindowManagerShell( 7709): Transition requested: android.os.BinderProxy@18f6bc1 TransitionRequestInfo { type = 1, triggerTask = TaskInfo{userId=0 taskId=5378 displayId=0 isRunning=true baseIntent=Intent { act=android.intent.action.MAIN cat=[android.intent.category.LAUNCHER] flg=0x10200000 cmp=com.deepeye.musicpro.debug/com.deepeye.musicpro.MainActivity } baseActivity=ComponentInfo{com.deepeye.musicpro.debug/com.deepeye.musicpro.MainActivity} topActivity=ComponentInfo{com.deepeye.musicpro.debug/com.deepeye.musicpro.MainActivity} origActivity=null realActivity=ComponentInfo{com.deepeye.musicpro.debug/com.deepeye.musicpro.MainActivity} numActivities=1 lastActiveTime=1654272443 supportsMultiWindow=true supportsGlobalFreeform=true resizeMode=1 isResizeable=true isAppLocked=false canKillAndRestart=false isShowDecorCaptionWindowRequest=false minWidth=-1 minHeight=-1 defaultMinSize=200 token=WCT{android.window.IWindowContainerToken$Stub$Proxy@52bdf66} topActivityType=1 pictureInPictureParams=null shouldDockBigOverlays=false launchIntoPipHostTaskId=-1 lastParentTaskIdBeforePip=-1 displayCutoutSafeInsets=Rect(0, 90 - 0, 0) topActivityInfo=ActivityInfo{a362a7 com.deepeye.musicpro.MainActivity} launchCookies=[] positionInParent=Point(0, 0) parentTaskId=-1 isFocused=false isVisible=false isVisibleRequested=false isSleeping=false topActivityInSizeCompat=false topActivityEligibleForLetterboxEducation= false topActivityLetterboxed= false isFromDoubleTap= false topActivityLetterboxVerticalPosition= -1 topActivityLetterboxHorizontalPosition= -1 topActivityLetterboxWidth=-1 topActivityLetterboxHeight=-1 locusId=null displayAreaFeatureId=1 cameraCompatControlState=hidden}, remoteTransition = null, displayChange = null, flags = 0 }
05-27 03:08:03.304 D/CompatibilityChangeReporter( 3077): Compat change id reported: 135634846; UID 10521; state: DISABLED
05-27 03:08:03.304 D/CompatibilityChangeReporter( 3077): Compat change id reported: 177438394; UID 10521; state: DISABLED
05-27 03:08:03.304 D/CompatibilityChangeReporter( 3077): Compat change id reported: 135772972; UID 10521; state: DISABLED
05-27 03:08:03.304 D/CompatibilityChangeReporter( 3077): Compat change id reported: 135754954; UID 10521; state: ENABLED
05-27 03:08:03.304 D/CompatibilityChangeReporter( 3077): Compat change id reported: 143937733; UID 10521; state: ENABLED
05-27 03:08:03.304 D/ActivityTaskManager( 3077): setActivityController: null,imAMonkey=true
05-27 03:08:03.306 D/ViewRootImpl( 7709): update {(0,0)(fillxfill) ty=APPLICATION_STARTING fmt=TRANSLUCENT wanim=0x10302fe
05-27 03:08:03.306 D/ViewRootImpl( 7709):   fl=NOT_FOCUSABLE NOT_TOUCHABLE LAYOUT_IN_SCREEN LAYOUT_INSET_DECOR ALT_FOCUSABLE_IM HARDWARE_ACCELERATED DRAWS_SYSTEM_BAR_BACKGROUNDS
05-27 03:08:03.306 D/ViewRootImpl( 7709):   pfl=SHOW_FOR_ALL_USERS FIT_INSETS_CONTROLLED
05-27 03:08:03.306 D/ViewRootImpl( 7709):   bhv=DEFAULT
05-27 03:08:03.306 D/ViewRootImpl( 7709):   fitSides=} by setView
05-27 03:08:03.308 I/Monkey  (27159): ## Network stats: elapsed time=20ms (0ms mobile, 0ms wifi, 20ms not connected)
05-27 03:08:03.309 I/app_process(27159): System.exit called, status: 0
05-27 03:08:03.309 I/AndroidRuntime(27159): VM exiting with result code 0.
05-27 03:08:03.312 D/CompatibilityChangeReporter( 3077): Compat change id reported: 265195908; UID 10521; state: ENABLED
05-27 03:08:03.314 D/Zygote  ( 1604): Forked child process 27181
05-27 03:08:03.316 E/ANDR-PERF-LM( 1849): MetaMeter: handleAsync() 166: AdaptLaunch Invalid Async
05-27 03:08:03.316 I/ActivityManager( 3077): Start proc 27181:com.deepeye.musicpro.debug/u0a521 for next-top-activity {com.deepeye.musicpro.debug/com.deepeye.musicpro.MainActivity}
05-27 03:08:03.318 D/CoreBackPreview( 3077): Window{98d0c50 u0 Splash Screen com.deepeye.musicpro.debug}: Setting back callback OnBackInvokedCallbackInfo{mCallback=android.window.IOnBackInvokedCallback$Stub$Proxy@bbe9d7c, mPriority=0, mIsAnimationCallback=false}
05-27 03:08:03.322 I/BpBinder( 1884): onLastStrongRef automatically unlinking death recipients: 
05-27 03:08:03.323 E/OpenGLRenderer( 7709): Unable to match the desired swap behavior.
05-27 03:08:03.325 I/.musicpro.debug(27181): Late-enabling -Xcheck:jni
05-27 03:08:03.332 V/WindowManager( 3077): Sent Transition #7406 createdAt=05-27 03:08:03.288 via request=TransitionRequestInfo { type = 1, triggerTask = TaskInfo{userId=0 taskId=5378 displayId=0 isRunning=true baseIntent=Intent { act=android.intent.action.MAIN cat=[android.intent.category.LAUNCHER] flg=0x10200000 cmp=com.deepeye.musicpro.debug/com.deepeye.musicpro.MainActivity } baseActivity=ComponentInfo{com.deepeye.musicpro.debug/com.deepeye.musicpro.MainActivity} topActivity=ComponentInfo{com.deepeye.musicpro.debug/com.deepeye.musicpro.MainActivity} origActivity=null realActivity=ComponentInfo{com.deepeye.musicpro.debug/com.deepeye.musicpro.MainActivity} numActivities=1 lastActiveTime=1654272443 supportsMultiWindow=true supportsGlobalFreeform=true resizeMode=1 isResizeable=true isAppLocked=false canKillAndRestart=true isShowDecorCaptionWindowRequest=false minWidth=-1 minHeight=-1 defaultMinSize=200 token=WCT{RemoteToken{ca25dac Task{af0494c #5378 type=standard A=10521:com.deepeye.musicpro.debug}}} topActivityType=1 pictureInPictureParams=null shouldDockBigOverlays=false launchIntoPipHostTaskId=-1 lastParentTaskIdBeforePip=-1 displayCutoutSafeInsets=Rect(0, 90 - 0, 0) topActivityInfo=ActivityInfo{8b47a75 com.deepeye.musicpro.MainActivity} launchCookies=[] positionInParent=Point(0, 0) parentTaskId=-1 isFocused=false isVisible=false isVisibleRequested=false isSleeping=false topActivityInSizeCompat=false topActivityEligibleForLetterboxEducation= false topActivityLetterboxed= false isFromDoubleTap= false topActivityLetterboxVerticalPosition= -1 topActivityLetterboxHorizontalPosition= -1 topActivityLetterboxWidth=-1 topActivityLetterboxHeight=-1 locusId=null displayAreaFeatureId=1 cameraCompatControlState=hidden}, remoteTransition = null, displayChange = null, flags = 0 }
05-27 03:08:03.332 V/WindowManager( 3077):     startWCT=WindowContainerTransaction { changes = {} hops = [] errorCallbackToken=null taskFragmentOrganizer=null }
05-27 03:08:03.332 V/WindowManagerShell( 7709): onTransitionReady android.os.BinderProxy@18f6bc1: {id=7406 t=OPEN f=0x0 trk=0 r=[0@Point(0, 0)] c=[{WCT{android.window.IWindowContainerToken$Stub$Proxy@667f4ae} m=OPEN f=NONE pTaskId=-1 leash=Surface(name=Task=5378)/@0xbac19f3 sb=Rect(0, 0 - 1080, 2400) eb=Rect(0, 0 - 1080, 2400) d=0},{WCT{android.window.IWindowContainerToken$Stub$Proxy@364624f} m=TO_BACK f=SHOW_WALLPAPER pTaskId=-1 leash=Surface(name=Task=4757)/@0xd2146b0 sb=Rect(0, 0 - 1080, 2400) eb=Rect(0, 0 - 1080, 2400) d=0}]}
05-27 03:08:03.332 V/WindowManager( 3077):     info={id=7406 t=OPEN f=0x0 trk=0 r=[0@Point(0, 0)] c=[{WCT{RemoteToken{ca25dac Task{af0494c #5378 type=standard A=10521:com.deepeye.musicpro.debug}}} m=OPEN f=NONE pTaskId=-1 leash=Surface(name=Task=5378)/@0x6e81bfe sb=Rect(0, 0 - 1080, 2400) eb=Rect(0, 0 - 1080, 2400) d=0},{WCT{RemoteToken{16c0147 Task{ee1938e #4757 type=home}}} m=TO_BACK f=SHOW_WALLPAPER pTaskId=-1 leash=Surface(name=Task=4757)/@0xc752f88 sb=Rect(0, 0 - 1080, 2400) eb=Rect(0, 0 - 1080, 2400) d=0}]}
05-27 03:08:03.332 V/WindowManagerShell( 7709): Playing animation for (#7406)android.os.BinderProxy@18f6bc1@0
05-27 03:08:03.332 V/WindowManagerShell( 7709):  try handler com.android.wm.shell.transition.DefaultMixedHandler@a24dff4
05-27 03:08:03.332 V/WindowManagerShell( 7709):  try handler com.android.wm.shell.keyguard.KeyguardTransitionHandler@8a7e31d
05-27 03:08:03.332 V/WindowManagerShell( 7709):  try handler com.android.wm.shell.activityembedding.ActivityEmbeddingController@c1cb992
05-27 03:08:03.332 V/WindowManagerShell( 7709):  try handler com.android.wm.shell.recents.RecentsTransitionHandler@1b1af63
05-27 03:08:03.332 V/ShellRecents( 7709): RecentsTransitionHandler.startAnimation: no controller found
05-27 03:08:03.332 V/WindowManagerShell( 7709):  try handler com.android.wm.shell.pip.PipTransition@5aa0760
05-27 03:08:03.332 V/WindowManagerShell( 7709):  try handler com.android.wm.shell.splitscreen.StageCoordinator@be49419
05-27 03:08:03.332 V/WindowManagerShell( 7709):  try handler com.android.wm.shell.transition.RemoteTransitionHandler@9c8dcde
05-27 03:08:03.332 V/WindowManagerShell( 7709): Transition doesn't have explicit remote, search filters for match for {id=7406 t=OPEN f=0x0 trk=0 r=[0@Point(0, 0)] c=[{WCT{android.window.IWindowContainerToken$Stub$Proxy@667f4ae} m=OPEN f=NONE pTaskId=-1 leash=Surface(name=Task=5378)/@0xbac19f3 sb=Rect(0, 0 - 1080, 2400) eb=Rect(0, 0 - 1080, 2400) d=0},{WCT{android.window.IWindowContainerToken$Stub$Proxy@364624f} m=TO_BACK f=SHOW_WALLPAPER pTaskId=-1 leash=Surface(name=Task=4757)/@0xd2146b0 sb=Rect(0, 0 - 1080, 2400) eb=Rect(0, 0 - 1080, 2400) d=0}]}
05-27 03:08:03.333 V/WindowManagerShell( 7709):  Checking filter Pair{{types=[] flags=0x0] notFlags=0x100 checks=[{atype=home independent=true modes=[OPEN,TO_FRONT] flags=NONE mustBeTask=false order=TOP topActivity=ComponentInfo{com.motorola.launcher3/com.android.launcher3.uioverrides.QuickstepLauncher}},{atype=standard independent=true modes=[CLOSE,TO_BACK] flags=NONE mustBeTask=false order=ANY topActivity=null}]} RemoteTransition { remoteTransition = android.window.IRemoteTransition$Stub$Proxy@cb754ae, appThread = android.app.IApplicationThread$Stub$Proxy@270424f, debugName = QuickstepLaunchHome }}
05-27 03:08:03.333 V/WindowManagerShell( 7709):  Delegate animation for #7406 to null
05-27 03:08:03.333 V/WindowManagerShell( 7709):  try handler com.android.wm.shell.transition.DefaultTransitionHandler@f85debf
05-27 03:08:03.333 V/WindowManagerShell( 7709): start default transition animation, info = {id=7406 t=OPEN f=0x0 trk=0 r=[0@Point(0, 0)] c=[{WCT{android.window.IWindowContainerToken$Stub$Proxy@667f4ae} m=OPEN f=NONE pTaskId=-1 leash=Surface(name=Task=5378)/@0xbac19f3 sb=Rect(0, 0 - 1080, 2400) eb=Rect(0, 0 - 1080, 2400) d=0},{WCT{android.window.IWindowContainerToken$Stub$Proxy@364624f} m=TO_BACK f=SHOW_WALLPAPER pTaskId=-1 leash=Surface(name=Task=4757)/@0xd2146b0 sb=Rect(0, 0 - 1080, 2400) eb=Rect(0, 0 - 1080, 2400) d=0}]}
05-27 03:08:03.333 V/WindowManagerShell( 7709): loadAnimation: anim=android.view.animation.AnimationSet@f29eee5 animAttr=0x13 type=OPEN isEntrance=false
05-27 03:08:03.333 V/WindowManagerShell( 7709): loadAnimation: anim=android.view.animation.AnimationSet@50f9461 animAttr=0x12 type=OPEN isEntrance=true
05-27 03:08:03.334 V/WindowManagerShell( 7709):  animated by com.android.wm.shell.transition.DefaultTransitionHandler@f85debf
05-27 03:08:03.347 I/.musicpro.debug(27181): Using CollectorTypeCMC GC.
05-27 03:08:03.349 I/adbd    (22364): jdwp connection from 27181
05-27 03:08:03.352 D/nativeloader(27181): Load libframework-connectivity-tiramisu-jni.so using APEX ns com_android_tethering for caller /apex/com.android.tethering/javalib/framework-connectivity-t.jar: ok
05-27 03:08:03.357 E/ANDR-PERF-LM( 1849): MetaMeter: handleAsync() 166: AdaptLaunch Invalid Async
05-27 03:08:03.360 W/UriGrantsManagerService( 3077): No permission grants found for com.google.android.apps.photos
05-27 03:08:03.361 W/UriGrantsManagerService( 3077): No permission grants found for com.google.android.apps.photos
05-27 03:08:03.363 D/CompatibilityChangeReporter(27181): Compat change id reported: 171979766; UID 10521; state: ENABLED
05-27 03:08:03.363 D/CompatibilityChangeReporter(27181): Compat change id reported: 242716250; UID 10521; state: ENABLED
05-27 03:08:03.364 I/ekwx    (14205): (REDACTED) HDM. appOpsListener %s %s
05-27 03:08:03.364 I/ekwx    (14205): (REDACTED) HDM. Ignoring irrelevant audio permission changes for package %s
05-27 03:08:03.366 D/CompatibilityChangeReporter( 3077): Compat change id reported: 170503758; UID 10521; state: ENABLED
05-27 03:08:03.397 I/byia    (14758): onPause
05-27 03:08:03.397 W/doej    (14758): measuring already stopped.
05-27 03:08:03.445 I/QcrilOemhookMsgTunnel( 4028): [0]processOemHookIndication length=33
05-27 03:08:03.445 D/QcrilMsgTunnelIfaceManager( 4028): handleMessage what = 5
05-27 03:08:03.447 I/QcrilOemhookMsgTunnel( 4028): [0]processOemHookIndication length=12
05-27 03:08:03.447 I/QcrilOemhookMsgTunnel( 4028): [0]processOemHookIndication length=21
05-27 03:08:03.447 D/QcrilMsgTunnelIfaceManager( 4028): handleMessage what = 5
05-27 03:08:03.448 D/QcrilMsgTunnelIfaceManager( 4028): handleMessage what = 0
05-27 03:08:03.449 D/QC_RIL_OEM_HOOK( 4090): Received Broadcast Intent ACTION_UNSOL_RESPONSE_OEM_HOOK_RAW
05-27 03:08:03.449 D/QC_RIL_OEM_HOOK( 4090): Oem ID in QCRILHOOK UNSOL RESP is QOEMHOOK
05-27 03:08:03.449 D/QC_RIL_OEM_HOOK( 4090): Received Broadcast Intent ACTION_UNSOL_RESPONSE_OEM_HOOK_RAW
05-27 03:08:03.449 D/QC_RIL_OEM_HOOK( 4090): Oem ID in QCRILHOOK UNSOL RESP is QOEMHOOK
05-27 03:08:03.450 D/QC_RIL_OEM_HOOK( 4028): Received Broadcast Intent ACTION_UNSOL_RESPONSE_OEM_HOOK_RAW
05-27 03:08:03.450 D/QC_RIL_OEM_HOOK( 4028): Oem ID in QCRILHOOK UNSOL RESP is QOEMHOOK
05-27 03:08:03.458 I/QcrilOemhookMsgTunnel( 4028): [0]processOemHookIndication length=33
05-27 03:08:03.458 I/QcrilOemhookMsgTunnel( 4028): [0]processOemHookIndication length=12
05-27 03:08:03.459 D/QcrilMsgTunnelIfaceManager( 4028): handleMessage what = 5
05-27 03:08:03.459 I/QcrilOemhookMsgTunnel( 4028): [0]processOemHookIndication length=21
05-27 03:08:03.460 D/QcrilMsgTunnelIfaceManager( 4028): handleMessage what = 5
05-27 03:08:03.460 D/QcrilMsgTunnelIfaceManager( 4028): handleMessage what = 0
05-27 03:08:03.462 D/QC_RIL_OEM_HOOK( 4028): Received Broadcast Intent ACTION_UNSOL_RESPONSE_OEM_HOOK_RAW
05-27 03:08:03.462 D/QC_RIL_OEM_HOOK( 4028): Oem ID in QCRILHOOK UNSOL RESP is QOEMHOOK
05-27 03:08:03.474 E/RIL-MOTEXT( 2502): qcrilUpdateOperator, called
05-27 03:08:03.477 I/qcc-trd ( 2475): qdmaConnectivityInfoProvider: Into parseLTESysInfo()
05-27 03:08:03.480 E/RIL-MOTEXT( 2502): qcrilUpdRegRAT, called , rat =5
05-27 03:08:03.480 D/QC_RIL_OEM_HOOK( 4090): Received Broadcast Intent ACTION_UNSOL_RESPONSE_OEM_HOOK_RAW
05-27 03:08:03.480 D/QC_RIL_OEM_HOOK( 4090): Oem ID in QCRILHOOK UNSOL RESP is QOEMHOOK
05-27 03:08:03.480 D/QC_RIL_OEM_HOOK( 4090): Received Broadcast Intent ACTION_UNSOL_RESPONSE_OEM_HOOK_RAW
05-27 03:08:03.480 D/QC_RIL_OEM_HOOK( 4090): Oem ID in QCRILHOOK UNSOL RESP is QOEMHOOK
05-27 03:08:03.482 W/MotoFreeForm( 6440): [PackageMonitor] onPackageChangedcom.deepeye.musicpro.debug
05-27 03:08:03.483 I/QImsService( 4049): ImsRadioIndicationAidl : onServiceDomainChanged()[SUB0]
05-27 03:08:03.483 I/QImsService( 4049): ImsSenderRxr : [UNSL]< UNSOL_SERVICE_DOMAIN_CHANGED 3[SUB0]
05-27 03:08:03.484 I/QcrilOemhookMsgTunnel( 4028): [0]processOemHookIndication length=16
05-27 03:08:03.485 I/QImsService( 4049): ImsRegistrationController : Message received: what = 5
05-27 03:08:03.485 I/QImsService( 4049): ImsRegistrationController : handleSrvDomainChanged
05-27 03:08:03.486 E/RIL-MOTEXT( 2502): qcrilUpdateOperator, called
05-27 03:08:03.486 D/QcrilMsgTunnelIfaceManager( 4028): handleMessage what = 5
05-27 03:08:03.486 W/IWlanNetworkService( 4019): 115351 > Response Processed
05-27 03:08:03.489 I/SQLiteCacheHelper( 9681): SqliteCacheHelper---->delete whereClause = componentName LIKE ? AND profileId = ?, whereArgs = com.deepeye.musicpro.debug/%;0;
05-27 03:08:03.499 E/RIL-MOTEXT( 2502): qcrilUpdateOperator, called
05-27 03:08:03.500 I/QcrilOemhookMsgTunnel( 4028): [0]processOemHookIndication length=21
05-27 03:08:03.500 D/QtiRadioAidl( 4028): onNrIconTypeChange: slotId = 0NrIconType = 1
05-27 03:08:03.500 D/QtiRadioProxy( 4028): onNrIconType slotId = 0 NrIconType = NrIconType: 1
05-27 03:08:03.500 D/QtiRadioProxyHandler: ( 4028): handleMessage msg.what = 1
05-27 03:08:03.500 D/QtiRadioProxyHandler: ( 4028): EVENT_ON_NR_ICON_TYPE
05-27 03:08:03.500 D/ExtTelephonyServiceImpl( 4028): Retrieved callbacks for event = 20 list = [com.qti.extphone.IExtPhoneCallback$Stub$Proxy@560e108]
05-27 03:08:03.500 D/QtiRadioProxy( 4028): onNrIconType: Responding back for transaction = null
05-27 03:08:03.502 D/QcrilMsgTunnelIfaceManager( 4028): handleMessage what = 0
05-27 03:08:03.505 D/QC_RIL_OEM_HOOK( 4028): Received Broadcast Intent ACTION_UNSOL_RESPONSE_OEM_HOOK_RAW
05-27 03:08:03.505 D/QC_RIL_OEM_HOOK( 4028): Oem ID in QCRILHOOK UNSOL RESP is QOEMHOOK
05-27 03:08:03.505 I/QcrilOemhookMsgTunnel( 4028): [0]processOemHookIndication length=13
05-27 03:08:03.506 D/QcrilMsgTunnelIfaceManager( 4028): handleMessage what = 5
05-27 03:08:03.509 I/QcrilOemhookMsgTunnel( 4028): [0]processOemHookIndication length=16
05-27 03:08:03.512 D/QcrilMsgTunnelIfaceManager( 4028): handleMessage what = 5
05-27 03:08:03.517 D/CBR_SystemUI( 7709): CarrierLabel - : updateLabel cellMsg:  cellEnabled: false
05-27 03:08:03.517 D/CBR_SystemUI( 7709): CarrierLabel - : updateLabel mCellBroadcastMessage Visibility: 8
05-27 03:08:03.517 D/CBR_SystemUI( 7709): CarrierLabel - : updateLabel cellMsg:  cellEnabled: false
05-27 03:08:03.517 D/CBR_SystemUI( 7709): CarrierLabel - : updateLabel mCellBroadcastMessage Visibility: 8
05-27 03:08:03.518 D/StatusBarIconController( 7709): ignoring old pipeline callbacks, because the new mobile icons are enabled
05-27 03:08:03.520 E/RIL-MOTEXT( 2502): qcrilUpdateOperator, called
05-27 03:08:03.521 I/QcrilOemhookMsgTunnel( 4028): [0]processOemHookIndication length=33
05-27 03:08:03.521 I/QcrilOemhookMsgTunnel( 4028): [0]processOemHookIndication length=12
05-27 03:08:03.521 D/QcrilMsgTunnelIfaceManager( 4028): handleMessage what = 5
05-27 03:08:03.522 D/QC_RIL_OEM_HOOK( 4090): Received Broadcast Intent ACTION_UNSOL_RESPONSE_OEM_HOOK_RAW
05-27 03:08:03.522 D/QC_RIL_OEM_HOOK( 4090): Oem ID in QCRILHOOK UNSOL RESP is QOEMHOOK
05-27 03:08:03.522 D/QC_RIL_OEM_HOOK( 4090): Received Broadcast Intent ACTION_UNSOL_RESPONSE_OEM_HOOK_RAW
05-27 03:08:03.522 D/QC_RIL_OEM_HOOK( 4090): Oem ID in QCRILHOOK UNSOL RESP is QOEMHOOK
05-27 03:08:03.523 D/QcrilMsgTunnelIfaceManager( 4028): handleMessage what = 5
05-27 03:08:03.523 W/IWlanNetworkService( 4019): 115353 > Response Processed
05-27 03:08:03.530 D/StatusBarIconController( 7709): ignoring old pipeline callbacks, because the new mobile icons are enabled
05-27 03:08:03.530 D/CBR_SystemUI( 7709): CarrierLabel - : updateLabel cellMsg:  cellEnabled: false
05-27 03:08:03.530 D/CBR_SystemUI( 7709): CarrierLabel - : updateLabel mCellBroadcastMessage Visibility: 8
05-27 03:08:03.530 D/CBR_SystemUI( 7709): CarrierLabel - : updateLabel cellMsg:  cellEnabled: false
05-27 03:08:03.530 D/CBR_SystemUI( 7709): CarrierLabel - : updateLabel mCellBroadcastMessage Visibility: 8
05-27 03:08:03.530 D/StatusBarIconController( 7709): ignoring old pipeline callbacks, because the new mobile icons are enabled
05-27 03:08:03.539 W/ContextImpl( 3077): Calling a method in the system process without a qualified user: android.app.ContextImpl.sendBroadcastMultiplePermissions:1281 android.content.Context.sendBroadcastMultiplePermissions:2476 com.android.server.TelephonyRegistry.broadcastServiceStateChanged:3597 com.android.server.TelephonyRegistry.notifyServiceStateForPhoneId:1734 com.android.internal.telephony.ITelephonyRegistry$Stub.onTransact:550 
05-27 03:08:03.539 W/ContextImpl( 3077): Calling a method in the system process without a qualified user: android.app.ContextImpl.sendBroadcastMultiplePermissions:1314 com.android.server.TelephonyRegistry.broadcastServiceStateChanged:3602 com.android.server.TelephonyRegistry.notifyServiceStateForPhoneId:1734 com.android.internal.telephony.ITelephonyRegistry$Stub.onTransact:550 android.os.Binder.execTransactInternal:1380 
05-27 03:08:03.540 W/ContextImpl( 3077): Calling a method in the system process without a qualified user: android.app.ContextImpl.sendBroadcastMultiplePermissions:1314 com.android.server.TelephonyRegistry.broadcastServiceStateChanged:3611 com.android.server.TelephonyRegistry.notifyServiceStateForPhoneId:1734 com.android.internal.telephony.ITelephonyRegistry$Stub.onTransact:550 android.os.Binder.execTransactInternal:1380 
05-27 03:08:03.540 D/HeadsetPhoneState( 3992): Enter onServiceStateChanged
05-27 03:08:03.541 W/ContextImpl( 3077): Calling a method in the system process without a qualified user: android.app.ContextImpl.sendBroadcastMultiplePermissions:1314 com.android.server.TelephonyRegistry.broadcastServiceStateChanged:3617 com.android.server.TelephonyRegistry.notifyServiceStateForPhoneId:1734 com.android.internal.telephony.ITelephonyRegistry$Stub.onTransact:550 android.os.Binder.execTransactInternal:1380 
05-27 03:08:03.542 D/ActivityManager( 3077): unfreezing ProcessRecord{38adf72 24719:com.google.android.cellbroadcastreceiver/u0a367}, reason = unfreezeTemporarily, adj = 935, adjType = cch-empty, adjSource = null
05-27 03:08:03.543 D/GlobalActionsDialogLite( 7709): Service changed before actions created
05-27 03:08:03.543 D/GlobalActionsDialogLite( 7709): Service changed before actions created
05-27 03:08:03.543 D/GlobalActionsDialogLite( 7709): Service changed before actions created
05-27 03:08:03.543 D/ActivityManager( 3077): sync unfroze 24719 com.google.android.cellbroadcastreceiver for 3
05-27 03:08:03.543 D/CBR_SystemUI( 7709): CarrierLabel - : updateLabel cellMsg:  cellEnabled: false
05-27 03:08:03.543 D/CBR_SystemUI( 7709): CarrierLabel - : updateLabel mCellBroadcastMessage Visibility: 8
05-27 03:08:03.543 D/CBR_SystemUI( 7709): CarrierLabel - : updateLabel cellMsg:  cellEnabled: false
05-27 03:08:03.543 D/CBR_SystemUI( 7709): CarrierLabel - : updateLabel mCellBroadcastMessage Visibility: 8
05-27 03:08:03.543 D/StatusBarIconController( 7709): ignoring old pipeline callbacks, because the new mobile icons are enabled
05-27 03:08:03.549 D/Telephony( 4090): TelecomAccountTelephonyCallback: onServiceStateChanged called.
05-27 03:08:03.549 I/Telephony( 4090): TelecomAccountTelephonyCallback: onServiceStateChanged: newState=0, mServiceState=0
05-27 03:08:03.551 D/CellBroadcastReceiver(24719): onReceive Intent { act=android.intent.action.SERVICE_STATE flg=0x1000010 cmp=com.google.android.cellbroadcastreceiver/com.android.cellbroadcastreceiver.CellBroadcastReceiver (has extras) }
05-27 03:08:03.555 D/CellBroadcastReceiver(24719): onServiceStateChanged, ss: 0
05-27 03:08:03.555 D/CellBroadcastReceiver(24719): networkOperator: 40410
05-27 03:08:03.555 I/Telephony( 4090): AccountEntry: isRttCurrentlySupported -- regular acct, hasVoiceAvailability: true
05-27 03:08:03.555 I/Telephony( 4090):  isRttSupported: false
05-27 03:08:03.555 I/Telephony( 4090):  alwaysAllowWhileRoaming: false
05-27 03:08:03.555 I/Telephony( 4090):  isRoaming: false
05-27 03:08:03.555 I/Telephony( 4090):  isOnWfc: false
05-27 03:08:03.555 I/Telephony( 4090): VoiceActivationHandler: Service state is IN_SERVICE. Set voice activation state to ACTIVATED
05-27 03:08:03.556 D/CellBroadcastReceiver(24719): update supported roaming operator as 
05-27 03:08:03.561 D/EnhancedConnectivityController( 3077): Default net onCapabilitiesChanged
05-27 03:08:03.561 D/EnhancedConnectivityController( 3077): updateDefaultNet:986
05-27 03:08:03.562 D/QCNEJ/WwanInfoRelay( 4019): onCapabilitiesChanged: 986 [ Transports: CELLULAR Capabilities: SUPL&FOTA&INTERNET&NOT_RESTRICTED&TRUSTED&NOT_VPN&VALIDATED&NOT_ROAMING&FOREGROUND&NOT_CONGESTED&NOT_SUSPENDED&NOT_VCN_MANAGED LinkUpBandwidth>=26075Kbps LinkDnBandwidth>=26075Kbps Specifier: <TelephonyNetworkSpecifier [mSubId = 1]> SubscriptionIds: {1} UnderlyingNetworks: Null]
05-27 03:08:03.563 I/ModemStats( 6458): [DataStallDetectService] onCapabilitiesChanged networkCapabilities=[ Transports: CELLULAR Capabilities: SUPL&FOTA&INTERNET&NOT_RESTRICTED&TRUSTED&NOT_VPN&VALIDATED&NOT_ROAMING&FOREGROUND&NOT_CONGESTED&NOT_SUSPENDED&NOT_VCN_MANAGED LinkUpBandwidth>=26075Kbps LinkDnBandwidth>=26075Kbps Specifier: <TelephonyNetworkSpecifier [mSubId = 1]> SubscriptionIds: {1} UnderlyingNetworks: Null]
05-27 03:08:03.563 I/ModemStats( 6458): [DataStallDetectService] onCapabilitiesChanged NET_CAPABILITY_VALIDATED=true
05-27 03:08:03.563 I/ModemStats( 6458): [DataStallDetectService] onCapabilitiesChanged mDataStallManager.mDataStallInstance=null
05-27 03:08:03.563 I/ModemStats( 6458): [DataStallDetectService] onCapabilitiesChanged mDataStallSmart5gManager.mDataStallInstance=null
05-27 03:08:03.564 I/QCC:JobConnWait( 5351): onCapabilitiesChanged()
05-27 03:08:03.564 I/QCC:JobConnWait( 5351): capabilities: [1, 3, 12, 13, 14, 15, 16, 18, 19, 20, 21, 28]
05-27 03:08:03.564 I/QCC:JobConnWait( 5351): captivePortal: false
05-27 03:08:03.564 I/QCC:JobConnWait( 5351): runPendingJob jobType: 5, connType:1
05-27 03:08:03.564 I/QCC:NetworkStat( 5351): getActiveNetwork(ctx) invoked.
05-27 03:08:03.567 I/QCNEJ/WwanInfoRelay( 4019): cacheWwanInfo subId = 1 phoneId = 0 slotId = 0
05-27 03:08:03.568 D/CBR_SystemUI( 7709): CarrierLabel - : updateLabel cellMsg:  cellEnabled: false
05-27 03:08:03.568 D/CBR_SystemUI( 7709): CarrierLabel - : updateLabel mCellBroadcastMessage Visibility: 8
05-27 03:08:03.568 D/CBR_SystemUI( 7709): CarrierLabel - : updateLabel cellMsg:  cellEnabled: false
05-27 03:08:03.568 D/CBR_SystemUI( 7709): CarrierLabel - : updateLabel mCellBroadcastMessage Visibility: 8
05-27 03:08:03.568 D/StatusBarIconController( 7709): ignoring old pipeline callbacks, because the new mobile icons are enabled
05-27 03:08:03.569 I/QCC:NetworkStat( 5351): mobile is available
05-27 03:08:03.569 I/QCC:JobConnWait( 5351): expectedConnType is not available 
05-27 03:08:03.569 I/QCC:JobConnWait( 5351): runPendingJob ret : false
05-27 03:08:03.569 D/QCNEJ/NativeHalConnector( 4019): -> SND notifyDefaultNetworkChanged(0)
05-27 03:08:03.573 D/QCNEJ/DataCallAgent( 4019): onLinkPropertiesChanged: 984 mSubId: 1 mSlotId: 1
05-27 03:08:03.574 D/QCNEJ/WwanInfoRelay( 4019): onLinkPropertiesChanged: 986{InterfaceName: rmnet_data1 LinkAddresses: [ 100.113.229.30/30,2401:4900:a068:1a85:5c53:c8ff:fe55:1839/64 ] DnsAddresses: [ /117.96.122.142,/117.96.122.144,/2401:4900:50:9::7d0,/2401:4900:50:9::7d2 ] UsePrivateDns: true PrivateDnsServerName: family.adguard-dns.com ValidatedPrivateDnsAddresses: [2a10:50c0::bad1:ff,2a10:50c0::bad2:ff,94.140.15.16,94.140.14.15] Domains: null MTU: 1500 TcpBufferSizes: 2097152,6291456,16777216,512000,2097152,8388608 Routes: [ 0.0.0.0/0 -> 100.113.229.29 rmnet_data1 mtu 1500,::/0 -> fe80::d876:9af7:7621:3778 rmnet_data1 mtu 1500,100.113.229.28/30 -> 0.0.0.0 rmnet_data1 mtu 0,2401:4900:a068:1a85::/64 -> :: rmnet_data1 mtu 0 ]}
05-27 03:08:03.577 I/Tethering( 3931): Looking for default routes on: {InterfaceName: rmnet_data1 LinkAddresses: [ 100.113.229.30/30,2401:4900:a068:1a85:5c53:c8ff:fe55:1839/64 ] DnsAddresses: [ /117.96.122.142,/117.96.122.144,/2401:4900:50:9::7d0,/2401:4900:50:9::7d2 ] UsePrivateDns: true PrivateDnsServerName: family.adguard-dns.com ValidatedPrivateDnsAddresses: [2a10:50c0::bad1:ff,2a10:50c0::bad2:ff,94.140.15.16,94.140.14.15] Domains: null MTU: 1500 TcpBufferSizes: 2097152,6291456,16777216,512000,2097152,8388608 Routes: [ 0.0.0.0/0 -> 100.113.229.29 rmnet_data1 mtu 1500,::/0 -> fe80::d876:9af7:7621:3778 rmnet_data1 mtu 1500,100.113.229.28/30 -> 0.0.0.0 rmnet_data1 mtu 0,2401:4900:a068:1a85::/64 -> :: rmnet_data1 mtu 0 ]}
05-27 03:08:03.578 I/Tethering( 3931): Found upstream interface(s): [rmnet_data1]
05-27 03:08:03.578 I/dnsmasq (28644): using nameserver 2401:4900:50:9::7d2#53
05-27 03:08:03.578 I/dnsmasq (28644): using nameserver 2401:4900:50:9::7d0#53
05-27 03:08:03.578 I/dnsmasq (28644): using nameserver 117.96.122.144#53
05-27 03:08:03.578 I/dnsmasq (28644): using nameserver 117.96.122.142#53
05-27 03:08:03.620 V/WindowManagerShell( 7709): Transition animation finished (aborted=false), notifying core (#7406)android.os.BinderProxy@18f6bc1@0
05-27 03:08:03.621 V/WindowManager( 3077): Finish Transition #7406: created at 05-27 03:08:03.288 collect-started=0.012ms request-sent=7.227ms started=15.333ms ready=41.094ms sent=43.76ms finished=333.322ms
05-27 03:08:03.623 V/WindowManagerShell( 7709): Track 0 became idle
05-27 03:08:03.623 V/WindowManagerShell( 7709): All active transition animations finished
05-27 03:08:03.626 W/UriGrantsManagerService( 3077): No permission grants found for com.google.android.apps.photos
05-27 03:08:03.627 W/UriGrantsManagerService( 3077): No permission grants found for com.google.android.apps.photos
05-27 03:08:03.629 D/Surface ( 9681): Surface::disconnect
05-27 03:08:03.629 D/BufferQueueProducer( 9681): [VRI[CustomizationPanelLauncher]#136(BLAST Consumer)136](id:25d1000002ae,api:1,p:9681,c:9681) disconnect: api 1
05-27 03:08:03.629 D/Surface (14758): Surface::disconnect
05-27 03:08:03.630 D/BufferQueueProducer(14758): [VRI[GoogleDiscoverWindow]#30(BLAST Consumer)30](id:39a60000001e,api:1,p:14758,c:14758) disconnect: api 1
05-27 03:08:03.630 I/QcrilOemhookMsgTunnel( 4028): [0]processOemHookIndication length=33
05-27 03:08:03.631 I/QcrilOemhookMsgTunnel( 4028): [0]processOemHookIndication length=12
05-27 03:08:03.632 D/QcrilMsgTunnelIfaceManager( 4028): handleMessage what = 5
05-27 03:08:03.634 D/QcrilMsgTunnelIfaceManager( 4028): handleMessage what = 5
05-27 03:08:03.704 W/IWlanProxy( 4019): RESP_WAKE_LOCK_TIMEOUT
05-27 03:08:03.777 D/nativeloader(27181): Configuring clns-4 for other apk /data/app/~~Y3Eavx9ncQaK2Y_UEWo89g==/com.deepeye.musicpro.debug-sA86UCeyUBqTCubktROl5A==/base.apk. target_sdk_version=34, uses_libraries=, library_path=/data/app/~~Y3Eavx9ncQaK2Y_UEWo89g==/com.deepeye.musicpro.debug-sA86UCeyUBqTCubktROl5A==/lib/arm64:/data/app/~~Y3Eavx9ncQaK2Y_UEWo89g==/com.deepeye.musicpro.debug-sA86UCeyUBqTCubktROl5A==/base.apk!/lib/arm64-v8a, permitted_path=/data:/mnt/expand:/data/user/0/com.deepeye.musicpro.debug
05-27 03:08:03.780 D/nativeloader(27181): Load libframework-connectivity-jni.so using APEX ns com_android_tethering for caller /apex/com.android.tethering/javalib/framework-connectivity.jar: ok
05-27 03:08:03.782 V/GraphicsEnvironment(27181): Currently set values for:
05-27 03:08:03.782 V/GraphicsEnvironment(27181):   angle_gl_driver_selection_pkgs=[]
05-27 03:08:03.782 V/GraphicsEnvironment(27181):   angle_gl_driver_selection_values=[]
05-27 03:08:03.782 V/GraphicsEnvironment(27181): ANGLE GameManagerService for com.deepeye.musicpro.debug: false
05-27 03:08:03.782 V/GraphicsEnvironment(27181): com.deepeye.musicpro.debug is not listed in per-application setting
05-27 03:08:03.782 V/GraphicsEnvironment(27181): Updatable production driver is not supported on the device.
05-27 03:08:03.809 W/UriGrantsManagerService( 3077): No permission grants found for com.google.android.apps.photos
05-27 03:08:03.809 W/UriGrantsManagerService( 3077): No permission grants found for com.google.android.apps.photos
05-27 03:08:03.819 D/WM-PackageManagerHelper(27181): Skipping component enablement for androidx.work.impl.background.systemjob.SystemJobService
05-27 03:08:03.819 D/WM-Schedulers(27181): Created SystemJobScheduler and enabled SystemJobService
05-27 03:08:03.830 I/Typeface(27181): updateThemeFont new=Rookery-Regular;old=sans-serif;new=Rookery-Stacked;old=
05-27 03:08:03.831 I/ActivityManager( 3077): Flag disabled. Ignoring finishAttachApplication from uid: 10521. pid: 27181
05-27 03:08:03.831 W/UriGrantsManagerService( 3077): No permission grants found for com.google.android.apps.photos
05-27 03:08:03.831 W/UriGrantsManagerService( 3077): No permission grants found for com.google.android.apps.photos
05-27 03:08:03.841 D/CompatibilityChangeReporter(27181): Compat change id reported: 160794467; UID 10521; state: ENABLED
05-27 03:08:03.847 D/CompatibilityChangeReporter(27181): Compat change id reported: 194532703; UID 10521; state: ENABLED
05-27 03:08:03.847 D/CompatibilityChangeReporter(27181): Compat change id reported: 253665015; UID 10521; state: ENABLED
05-27 03:08:03.848 D/CompatibilityChangeReporter( 3077): Compat change id reported: 271850009; UID 10521; state: ENABLED
05-27 03:08:03.848 D/CompatibilityChangeReporter( 3077): Compat change id reported: 253665015; UID 10521; state: ENABLED
05-27 03:08:03.848 D/CompatibilityChangeReporter( 3077): Compat change id reported: 194532703; UID 10521; state: ENABLED
05-27 03:08:03.859 W/UriGrantsManagerService( 3077): No permission grants found for com.google.android.apps.photos
05-27 03:08:03.860 W/UriGrantsManagerService( 3077): No permission grants found for com.google.android.apps.photos
05-27 03:08:03.877 I/ExoPlayerImpl(27181): Init 42eb09b [AndroidXMedia3/1.5.1] [hiphi, motorola edge 30 pro, motorola, 34]
05-27 03:08:03.879 I/Diag-Router( 1750): 	 log code b825 set
05-27 03:08:03.879 I/Diag-Router( 1750): diag: In diag_copy_dci senidng data 156 entry 0x0 buf 0x7ff8cb8840
05-27 03:08:03.880 D/MOT_DCI ( 6446): Parsed log output: {"code":47141,"slotId":0,"timestamp":1779831478643,"rrc_controller_state":"CONNECTED","connectivity_mode":"NSA","lte_band_list":[1,40],"nr5g_cell_#_active_cc":1,"nr5g_active_cc_list":[{"#":0,"cell_id":210,"dl_arfcn":630000,"ul_arfcn":630000,"band":78,"dl_carrier_bw":"100","ul_carrier_bw":"100"}]}
05-27 03:08:03.882 W/UriGrantsManagerService( 3077): No permission grants found for com.google.android.apps.photos
05-27 03:08:03.883 W/UriGrantsManagerService( 3077): No permission grants found for com.google.android.apps.photos
05-27 03:08:03.885 D/CompatibilityChangeReporter( 3077): Compat change id reported: 161145287; UID 10521; state: ENABLED
05-27 03:08:03.887 W/AidlConversionCppNdk( 1880): legacy2aidl_audio_channel_mask_t_AudioChannelLayout: no AudioChannelLayout found for legacy output audio_channel_mask_t value 0x10
05-27 03:08:03.888 W/AidlConversionCppNdk(27181): aidl2legacy_AudioChannelLayout_audio_channel_mask_t: no legacy output audio_channel_mask_t found for AudioChannelLayout{layoutMask: 16}
05-27 03:08:03.892 I/.musicpro.debug(27181): hiddenapi: Accessing hidden method Landroid/media/AudioTrack;->getLatency()I (runtime_flags=0, domain=platform, api=unsupported) from Landroidx/media3/exoplayer/audio/AudioTrackPositionTracker; (domain=app, TargetSdkVersion=34) using reflection: allowed
05-27 03:08:03.909 D/AudioFlinger( 1880): ro.audio.silent is ignored since no output device is set
05-27 03:08:03.909 D/AudioFlinger( 1880): ro.audio.silent is ignored since no output device is set
05-27 03:08:03.912 W/UriGrantsManagerService( 3077): No permission grants found for com.google.android.apps.photos
05-27 03:08:03.912 W/UriGrantsManagerService( 3077): No permission grants found for com.google.android.apps.photos
05-27 03:08:03.938 E/AudioSessionManager(27181): attachToPlayer called with player: androidx.media3.exoplayer.ExoPlayerImpl@42eb09b
05-27 03:08:03.938 E/AudioSessionManager(27181): Handling session change: 0 -> 45825
05-27 03:08:03.939 I/AudioSessionManager(27181): Attached to ExoPlayer as AnalyticsListener, initial session: 45825
05-27 03:08:03.939 W/AS.AudioService( 3077): couldn't find receiver package for effect intent
05-27 03:08:03.958 D/CompatibilityChangeReporter(27181): Compat change id reported: 237531167; UID 10521; state: DISABLED
05-27 03:08:03.962 D/ViewRootImpl(27181): update {(0,0)(fillxfill) sim={forwardNavigation} layoutInDisplayCutoutMode=always ty=BASE_APPLICATION wanim=0x10302fe
05-27 03:08:03.962 D/ViewRootImpl(27181):   fl=LAYOUT_IN_SCREEN LAYOUT_INSET_DECOR SPLIT_TOUCH HARDWARE_ACCELERATED DRAWS_SYSTEM_BAR_BACKGROUNDS
05-27 03:08:03.962 D/ViewRootImpl(27181):   pfl=NO_MOVE_ANIMATION FORCE_DRAW_STATUS_BAR_BACKGROUND FIT_INSETS_CONTROLLED
05-27 03:08:03.962 D/ViewRootImpl(27181):   bhv=DEFAULT
05-27 03:08:03.962 D/ViewRootImpl(27181):   fitSides=} by setView
05-27 03:08:03.969 D/CompatibilityChangeReporter( 3077): Compat change id reported: 183164979; UID 10521; state: ENABLED
05-27 03:08:03.971 D/DSPEngine(27181): Releasing DSP Engine Session: 0
05-27 03:08:03.971 D/DSPEngine(27181): Attaching DSP Engine to Session: 45825
05-27 03:08:03.971 D/DSPEngine(27181): Releasing DSP Engine Session: 0
05-27 03:08:03.974 I/EffectsFactory( 1756): EffectCreate() create_effect
05-27 03:08:03.975 D/AudioFlinger( 1880): effectCreated()
05-27 03:08:03.976 D/CompatibilityChangeReporter(27181): Compat change id reported: 263076149; UID 10521; state: ENABLED
05-27 03:08:03.978 I/EffectsFactory( 1756): EffectCreate() create_effect
05-27 03:08:03.979 D/AudioFlinger( 1880): effectCreated()
05-27 03:08:03.980 I/EffectsFactory( 1756): EffectCreate() create_effect
05-27 03:08:03.982 D/AudioFlinger( 1880): effectCreated()
05-27 03:08:03.983 I/EffectsFactory( 1756): EffectCreate() create_effect
05-27 03:08:03.984 D/AudioFlinger( 1880): effectCreated()
05-27 03:08:03.985 I/EffectsFactory( 1756): EffectCreate() create_effect
05-27 03:08:03.985 D/AudioFlinger( 1880): effectCreated()
05-27 03:08:03.986 I/EffectsFactory( 1756): EffectCreate() create_effect
05-27 03:08:03.986 I/Effect-BC360-DSP-entry( 1756): EffectCreate 10
05-27 03:08:03.987 I/Effect-BC360( 1756): Initializing libbc360 NDK 3.4.0,  BAOCTC 31.18.3:28.1
05-27 03:08:03.987 I/Effect-BC360-DynProc( 1756): Initializing libbc360-dp
05-27 03:08:03.987 D/Effect-BC360-DSP-Effect( 1756): set SamplingRate: 48000.000000, status: 0
05-27 03:08:03.987 D/Effect-BC360-DSP-Effect( 1756): *********************************
05-27 03:08:03.987 D/Effect-BC360-DSP-Effect( 1756): Input : AUDIO_CHANNEL_OUT_STEREO
05-27 03:08:03.987 D/Effect-BC360-DSP-Effect( 1756): *********************************
05-27 03:08:03.987 D/Effect-BC360-DSP-Effect( 1756): *********************************
05-27 03:08:03.987 D/Effect-BC360-DSP-Effect( 1756): Output : AUDIO_CHANNEL_OUT_STEREO
05-27 03:08:03.987 D/Effect-BC360-DSP-Effect( 1756): *********************************
05-27 03:08:03.987 D/Effect-BC360-DSP-Effect( 1756): *********************************
05-27 03:08:03.987 D/Effect-BC360-DSP-Effect( 1756): Input : AUDIO_FORMAT_PCM_FLOAT
05-27 03:08:03.987 D/Effect-BC360-DSP-Effect( 1756): *********************************
05-27 03:08:03.987 D/Effect-BC360-DSP-Effect( 1756): *********************************
05-27 03:08:03.987 D/Effect-BC360-DSP-Effect( 1756): Output : AUDIO_FORMAT_PCM_FLOAT
05-27 03:08:03.987 D/Effect-BC360-DSP-Effect( 1756): *********************************
05-27 03:08:03.988 D/Effect-BC360-DSP-Effect( 1756): set SamplingRate: 48000.000000, status: 0
05-27 03:08:03.988 D/Effect-BC360-DSP-Effect( 1756): *********************************
05-27 03:08:03.988 D/Effect-BC360-DSP-Effect( 1756): Input : AUDIO_CHANNEL_OUT_STEREO
05-27 03:08:03.988 D/Effect-BC360-DSP-Effect( 1756): *********************************
05-27 03:08:03.988 D/Effect-BC360-DSP-Effect( 1756): *********************************
05-27 03:08:03.988 D/Effect-BC360-DSP-Effect( 1756): Output : AUDIO_CHANNEL_OUT_STEREO
05-27 03:08:03.988 D/Effect-BC360-DSP-Effect( 1756): *********************************
05-27 03:08:03.988 D/Effect-BC360-DSP-Effect( 1756): *********************************
05-27 03:08:03.988 D/Effect-BC360-DSP-Effect( 1756): Input : AUDIO_FORMAT_PCM_FLOAT
05-27 03:08:03.988 D/Effect-BC360-DSP-Effect( 1756): *********************************
05-27 03:08:03.988 D/Effect-BC360-DSP-Effect( 1756): *********************************
05-27 03:08:03.988 D/Effect-BC360-DSP-Effect( 1756): Output : AUDIO_FORMAT_PCM_FLOAT
05-27 03:08:03.988 D/Effect-BC360-DSP-Effect( 1756): *********************************
