05-27 03:08:29.882 W/Finsky  (16651): [2] STU: Failed to get storage stats for package 'com.google.android.ondevicepersonalization' (1601: Error getting stats: android.content.pm.PackageManager.NameNotFoundException)
05-27 03:08:29.887 W/Finsky  (16651): [2] STU: Failed to get storage stats for package 'com.google.android.healthfitness' (1601: Error getting stats: android.content.pm.PackageManager.NameNotFoundException)
05-27 03:08:29.911 W/Finsky  (16651): [2] STU: Failed to get storage stats for package 'com.android.uwb' (1601: Error getting stats: android.content.pm.PackageManager.NameNotFoundException)
05-27 03:08:29.912 W/Finsky  (16651): [2] STU: Failed to get storage stats for package 'com.google.android.extservices' (1601: Error getting stats: android.content.pm.PackageManager.NameNotFoundException)
05-27 03:08:29.948 W/Finsky  (16651): [2] STU: Failed to get storage stats for package 'com.google.android.os.statsd' (1601: Error getting stats: android.content.pm.PackageManager.NameNotFoundException)
05-27 03:08:29.965 W/Finsky  (16651): [2] STU: Failed to get storage stats for package 'com.android.rkpd' (1601: Error getting stats: android.content.pm.PackageManager.NameNotFoundException)
05-27 03:08:29.973 W/Finsky  (16651): [2] STU: Failed to get storage stats for package 'com.google.android.scheduling' (1601: Error getting stats: android.content.pm.PackageManager.NameNotFoundException)
05-27 03:08:29.993 I/Finsky  (16651): [2] App states replicator found 38 unowned apps
05-27 03:08:30.003 I/Finsky  (16651): [851] Completed 0 account content syncs with 0 successful.
05-27 03:08:30.004 I/Finsky  (16651): [2] [ContentSync] Installation state replication succeeded.
05-27 03:08:30.004 I/Finsky  (16651): [2] SCH: jobFinished: 12-1. TimeElapsed: 1441ms.
05-27 03:08:30.004 I/Finsky  (16651): [2] WM::SCH: Logging work end for 12-1
05-27 03:08:30.008 I/Finsky  (16651): [851] SCH: Scheduling phonesky job Id: 1-1337, CT: 1779829096637, Constraints: [{ L: 43139595, D: 86339595, C: CHARGING_NONE, I: IDLE_NONE, N: NET_ANY, B: BATTERY_ANY }]
05-27 03:08:30.008 I/Finsky  (16651): [851] SCH: Scheduling phonesky job Id: 34-1746, CT: 1779829097995, Constraints: [{ L: 604800000, D: 2570480098, C: CHARGING_NONE, I: IDLE_NONE, N: NET_ANY, B: BATTERY_ANY }]
05-27 03:08:30.008 I/Finsky  (16651): [851] SCH: Scheduling phonesky job Id: 34-1754, CT: 1779829097996, Constraints: [{ L: 57679897, D: 1353679897, C: CHARGING_NONE, I: IDLE_NONE, N: NET_ANY, B: BATTERY_ANY }]
05-27 03:08:30.009 I/Finsky  (16651): [849] SCH: Scheduling 1 system job(s)
05-27 03:08:30.010 I/Finsky  (16651): [849] SCH: Scheduling system job Id: 9477, L: 40726223, D: 83926223, C: false, I: false, N: 1
05-27 03:08:30.011 I/Finsky  (16651): [964] SCH: job service finished with id 9472.
05-27 03:08:30.012 D/PowerManagerService( 3077): nativeReleaseSuspendBlocker name:PowerManagerService.WakeLocks duration ms: 1
05-27 03:08:31.237 D/StatusBarIconController( 7709): ignoring old pipeline callbacks, because the new mobile icons are enabled
05-27 03:08:31.266 E/minksocket( 1748): MinkIPC_QRTR_Service: client with node 1 port 6d70 went down
05-27 03:08:31.266 E/minksocket( 1748): MinkIPC_QRTR_Service: client with node 1 port 6d71 went down
05-27 03:08:31.268 E/minksocket( 1748): MinkIPC_QRTR_Service: client with node 1 port 6d72 went down
05-27 03:08:31.269 E/minksocket( 1748): MinkIPC_QRTR_Service: client with node 1 port 6d73 went down
05-27 03:08:32.238 D/StatusBarIconController( 7709): ignoring old pipeline callbacks, because the new mobile icons are enabled
05-27 03:08:32.349 I/NearbyMediums(26027): No BLE Fast/GATT advertisements found in the latest cycle.
05-27 03:08:32.349 I/NearbyMediums(26027): Current Tracked Scanning Clients are : {NearbyConnections.EnvironmentMonitor, NearbySharing, NearbyConnections.TxAdvertisement}
05-27 03:08:32.370 E/minksocket( 1748): MinkIPC_QRTR_Service: client with node 1 port 6d74 went down
05-27 03:08:32.370 E/minksocket( 1748): MinkIPC_QRTR_Service: client with node 1 port 6d75 went down
05-27 03:08:32.372 E/minksocket( 1748): MinkIPC_QRTR_Service: client with node 1 port 6d76 went down
05-27 03:08:32.372 E/minksocket( 1748): MinkIPC_QRTR_Service: client with node 1 port 6d77 went down
05-27 03:08:33.243 D/StatusBarIconController( 7709): ignoring old pipeline callbacks, because the new mobile icons are enabled
05-27 03:08:33.922 E/minksocket( 1748): MinkIPC_QRTR_Service: client with node 1 port 6d78 went down
05-27 03:08:33.923 E/minksocket( 1748): MinkIPC_QRTR_Service: client with node 1 port 6d79 went down
05-27 03:08:33.924 E/minksocket( 1748): MinkIPC_QRTR_Service: client with node 1 port 6d7a went down
05-27 03:08:33.924 E/minksocket( 1748): MinkIPC_QRTR_Service: client with node 1 port 6d7b went down
05-27 03:08:34.836 W/BpBinder(27522): Linking to death on android.gui.ISurfaceComposer but there are no threads (yet?) listening to incoming transactions. See ProcessState::startThreadPool and ProcessState::setThreadPoolMaxThreadCount. Generally you should setup the binder threadpool before other initialization steps.
05-27 03:08:34.836 W/ProcessState(27522): Extra binder thread started, but 0 threads requested. Do not use *startThreadPool when zero threads are requested.
05-27 03:08:35.023 E/minksocket( 1748): MinkIPC_QRTR_Service: client with node 1 port 6d7c went down
05-27 03:08:35.024 E/minksocket( 1748): MinkIPC_QRTR_Service: client with node 1 port 6d7d went down
05-27 03:08:35.025 E/minksocket( 1748): MinkIPC_QRTR_Service: client with node 1 port 6d7e went down
05-27 03:08:35.026 E/minksocket( 1748): MinkIPC_QRTR_Service: client with node 1 port 6d7f went down
05-27 03:08:35.252 D/StatusBarIconController( 7709): ignoring old pipeline callbacks, because the new mobile icons are enabled
05-27 03:08:35.412 D/AndroidRuntime(27526): >>>>>> START com.android.internal.os.RuntimeInit uid 2000 <<<<<<
05-27 03:08:35.414 I/app_process(27526): MMAP_TRYLOCK is supported in uffd errno:2 addr:0x72126e4000 size:4096
05-27 03:08:35.414 I/AndroidRuntime(27526): Using default boot image
05-27 03:08:35.414 I/AndroidRuntime(27526): Leaving lock profiling enabled
05-27 03:08:35.416 I/app_process(27526): Using CollectorTypeCMC GC.
05-27 03:08:35.463 D/nativeloader(27526): InitDefaultPublicLibraries for_preload=1: libandroid.so:libaaudio.so:libamidi.so:libbinder_ndk.so:libc.so:libcamera2ndk.so:libdl.so:libEGL.so:libGLESv1_CM.so:libGLESv2.so:libGLESv3.so:libicu.so:libicui18n.so:libicuuc.so:libjnigraphics.so:liblog.so:libmediandk.so:libm.so:libnativehelper.so:libnativewindow.so:libOpenMAXAL.so:libOpenSLES.so:libRS.so:libstdc++.so:libsync.so:libvulkan.so:libwebviewchromium_plat_support.so:libz.so
05-27 03:08:35.469 D/nativeloader(27526): Load libicu_jni.so using APEX ns com_android_art for caller /apex/com.android.art/javalib/core-oj.jar: ok
05-27 03:08:35.469 D/app_process(27526): Time zone APEX ICU file found: /apex/com.android.tzdata/etc/icu/icu_tzdata.dat
05-27 03:08:35.469 D/app_process(27526): I18n APEX ICU file found: /apex/com.android.i18n/etc/icu/icudt72l.dat
05-27 03:08:35.470 D/nativeloader(27526): Load libjavacore.so using APEX ns com_android_art for caller /apex/com.android.art/javalib/core-oj.jar: ok
05-27 03:08:35.471 D/nativeloader(27526): Load libopenjdk.so using APEX ns com_android_art for caller /apex/com.android.art/javalib/core-oj.jar: ok
05-27 03:08:35.472 I/app_process(27526): Priority-to-niceness mapping: 19, 16, 13, 10, 0, -2, -4, -5, -6, -8
05-27 03:08:35.476 W/libc    (27526): Access denied finding property "ro.product.name_for_attestation"
05-27 03:08:35.477 W/libc    (27526): Access denied finding property "ro.product.brand_for_attestation"
05-27 03:08:35.477 W/libc    (27526): Access denied finding property "ro.product.model_for_attestation"
05-27 03:08:35.475 W/main    (27526): type=1400 audit(0.0:481975): avc:  denied  { read } for  name="u:object_r:build_attestation_prop:s0" dev="tmpfs" ino=112 scontext=u:r:shell:s0 tcontext=u:object_r:build_attestation_prop:s0 tclass=file permissive=0
05-27 03:08:35.475 W/main    (27526): type=1400 audit(0.0:481976): avc:  denied  { read } for  name="u:object_r:build_attestation_prop:s0" dev="tmpfs" ino=112 scontext=u:r:shell:s0 tcontext=u:object_r:build_attestation_prop:s0 tclass=file permissive=0
05-27 03:08:35.475 W/main    (27526): type=1400 audit(0.0:481977): avc:  denied  { read } for  name="u:object_r:build_attestation_prop:s0" dev="tmpfs" ino=112 scontext=u:r:shell:s0 tcontext=u:object_r:build_attestation_prop:s0 tclass=file permissive=0
05-27 03:08:35.488 D/nativeloader(27526): Load libframework-connectivity-tiramisu-jni.so using APEX ns com_android_tethering for caller /apex/com.android.tethering/javalib/framework-connectivity-t.jar: ok
05-27 03:08:35.488 D/AndroidRuntime(27526): Calling main entry com.android.commands.uiautomator.Launcher
05-27 03:08:35.491 D/UiAutomationConnection(27526): Created on user UserHandle{0}
05-27 03:08:35.491 I/UiAutomation(27526): Initialized for user 0 on display 0
05-27 03:08:35.491 W/UiAutomation(27526): Created with deprecatead constructor, assumes DEFAULT_DISPLAY
05-27 03:08:35.492 D/AccessibilityManagerService( 3077): changeCurrentUserForTestAutomationIfNeededLocked(0): ignoring because device doesn't support visible background users
05-27 03:08:35.492 I/UiAutomationManager( 3077): Registering UiTestAutomationService (id=com.android.server.accessibility/UiAutomation) when called by user 0
05-27 03:08:35.495 W/WindowMagnificationMgr( 3077): requestConnection duplicated request: connect=false, mConnectionState=DISCONNECTED
05-27 03:08:35.500 W/WindowMagnificationMgr( 3077): requestConnection duplicated request: connect=false, mConnectionState=DISCONNECTED
05-27 03:08:35.510 D/BatterySaverPolicy( 3077): accessibility changed to true, updating policy.
05-27 03:08:36.122 E/minksocket( 1748): MinkIPC_QRTR_Service: client with node 1 port 6d80 went down
05-27 03:08:36.123 E/minksocket( 1748): MinkIPC_QRTR_Service: client with node 1 port 6d81 went down
05-27 03:08:36.125 E/minksocket( 1748): MinkIPC_QRTR_Service: client with node 1 port 6d82 went down
05-27 03:08:36.126 E/minksocket( 1748): MinkIPC_QRTR_Service: client with node 1 port 6d83 went down
05-27 03:08:36.255 D/StatusBarIconController( 7709): ignoring old pipeline callbacks, because the new mobile icons are enabled
05-27 03:08:36.511 W/uiautomator(27526): type=1400 audit(0.0:481978): avc:  denied  { read } for  name="u:object_r:qemu_sf_lcd_density_prop:s0" dev="tmpfs" ino=312 scontext=u:r:shell:s0 tcontext=u:object_r:qemu_sf_lcd_density_prop:s0 tclass=file permissive=0
05-27 03:08:36.511 W/uiautomator(27526): type=1400 audit(0.0:481979): avc:  denied  { read } for  name="u:object_r:qemu_sf_lcd_density_prop:s0" dev="tmpfs" ino=312 scontext=u:r:shell:s0 tcontext=u:object_r:qemu_sf_lcd_density_prop:s0 tclass=file permissive=0
05-27 03:08:36.513 W/libc    (27526): Access denied finding property "qemu.sf.lcd_density"
05-27 03:08:36.513 W/libc    (27526): Access denied finding property "qemu.sf.lcd_density"
05-27 03:08:36.522 W/MediaProvider( 6229): isAppCloneUserPair for user 0: false
05-27 03:08:36.528 D/PowerManagerService( 3077): nativeAcquireSuspendBlocker name:PowerManagerService.WakeLocks duration ms: 2
05-27 03:08:36.544 I/NetworkScheduler.Stats(26027): (REDACTED) Task %s/%s started execution. cause:%s exec_start_elapsed_seconds: %s
05-27 03:08:36.555 I/NetworkScheduler.Stats(26027): (REDACTED) Task %s/%s finished executing. cause:%s result: %s elapsed_millis: %s uptime_millis: %s exec_start_elapsed_seconds: %s
05-27 03:08:36.562 I/NetworkScheduler.Stats(26027): (REDACTED) Task %s/%s started execution. cause:%s exec_start_elapsed_seconds: %s
05-27 03:08:36.576 I/cr_A11yState(27181): Enabled accessibility services list updated. []
05-27 03:08:36.577 I/cr_A11yState(27181): Informing listeners of changes.
05-27 03:08:36.577 I/cr_A11yState(27181): New AccessibilityState: State{isComplexUserInteractionServiceEnabled=false, isTouchExplorationEnabled=false, isPerformGesturesEnabled=false, isAnyAccessibilityServiceEnabled=false, isAccessibilityToolPresent=false, isTextShowPasswordEnabled=true, isOnlyAutofillRunning=false, isOnlyPasswordManagersEnabled=false, isKnownScreenReaderEnabled=false}
05-27 03:08:36.596 W/ActivityManager( 3077): Unable to start service Intent { act=com.google.android.gms.lockbox.service.START pkg=com.google.android.gms } U=0: not found
05-27 03:08:36.597 W/ActivityManager( 3077): Unbind failed: could not find connection for android.os.BinderProxy@3fbe36e
05-27 03:08:36.597 W/GmsClient(16834): unable to connect to service: com.google.android.gms.lockbox.service.START on com.google.android.gms
05-27 03:08:36.615 D/ActivityManager( 3077): unfreezing ProcessRecord{d1728e2 23016:com.google.process.gservices/u0a192}, reason = shouldNotFreeze_provider: ProcessRecord{91d1677 16834:com.google.android.gms/u0a192}, adj = 200, adjType = provider, adjSource = ProcessRecord{91d1677 16834:com.google.android.gms/u0a192}
05-27 03:08:36.617 D/ActivityManager( 3077): sync unfroze 23016 com.google.process.gservices for 7
05-27 03:08:36.630 D/BoundBrokerSvc(16834): onBind: Intent { act=com.google.android.gms.people.contactssync.service.START dat=chimera-action:/... cmp=com.google.android.gms/.chimera.GmsBoundBrokerService }
05-27 03:08:36.631 D/BoundBrokerSvc(16834): Loading bound service for intent: Intent { act=com.google.android.gms.people.contactssync.service.START dat=chimera-action:/... cmp=com.google.android.gms/.chimera.GmsBoundBrokerService }
05-27 03:08:36.631 D/CompatibilityChangeReporter( 3077): Compat change id reported: 135634846; UID 10114; state: DISABLED
05-27 03:08:36.631 D/CompatibilityChangeReporter( 3077): Compat change id reported: 177438394; UID 10114; state: DISABLED
05-27 03:08:36.631 D/CompatibilityChangeReporter( 3077): Compat change id reported: 135772972; UID 10114; state: DISABLED
05-27 03:08:36.631 D/CompatibilityChangeReporter( 3077): Compat change id reported: 135754954; UID 10114; state: ENABLED
05-27 03:08:36.632 D/CompatibilityChangeReporter( 3077): Compat change id reported: 143937733; UID 10114; state: ENABLED
05-27 03:08:36.632 W/ActivityManager( 3077): Unable to start service Intent { act=com.google.android.gms.lockbox.service.START pkg=com.google.android.gms } U=0: not found
05-27 03:08:36.633 W/ActivityManager( 3077): Unbind failed: could not find connection for android.os.BinderProxy@3a8f246
05-27 03:08:36.634 W/GmsClient(16834): unable to connect to service: com.google.android.gms.lockbox.service.START on com.google.android.gms
05-27 03:08:36.637 I/PeopleChimeraService(16834): onService. callbacks = cwny@26fe614, request = com.google.android.gms.common.internal.GetServiceRequest@9373ebd
05-27 03:08:36.643 D/Zygote  ( 1604): Forked child process 27551
05-27 03:08:36.643 I/ActivityManager( 3077): Start proc 27551:android.process.acore/u0a114 for content provider {com.android.providers.contacts/com.android.providers.contacts.ContactsProvider2}
05-27 03:08:36.653 I/d.process.acore(27551): Using CollectorTypeCMC GC.
05-27 03:08:36.657 D/nativeloader(27551): Load libframework-connectivity-tiramisu-jni.so using APEX ns com_android_tethering for caller /apex/com.android.tethering/javalib/framework-connectivity-t.jar: ok
05-27 03:08:36.657 W/AccessibilityNodeInfoDumper(27526): Fetch time: 143ms
05-27 03:08:36.659 W/WindowMagnificationMgr( 3077): requestConnection duplicated request: connect=false, mConnectionState=DISCONNECTED
05-27 03:08:36.660 D/AccessibilityManagerService( 3077): restoreCurrentUserForTestAutomationIfNeededLocked(): ignoring because device doesn't support visible background users
05-27 03:08:36.660 D/AndroidRuntime(27526): Shutting down VM
05-27 03:08:36.665 D/CompatibilityChangeReporter( 3077): Compat change id reported: 168419799; UID 10114; state: DISABLED
05-27 03:08:36.665 D/CompatibilityChangeReporter( 3077): Compat change id reported: 273564678; UID 10114; state: DISABLED
05-27 03:08:36.672 D/CompatibilityChangeReporter(27551): Compat change id reported: 171979766; UID 10114; state: ENABLED
05-27 03:08:36.673 D/CompatibilityChangeReporter( 3077): Compat change id reported: 265195908; UID 10114; state: ENABLED
05-27 03:08:36.673 D/CompatibilityChangeReporter(27551): Compat change id reported: 242716250; UID 10114; state: ENABLED
05-27 03:08:36.675 D/BatterySaverPolicy( 3077): accessibility changed to false, updating policy.
05-27 03:08:36.676 D/CompatibilityChangeReporter( 3077): Compat change id reported: 170503758; UID 10114; state: ENABLED
05-27 03:08:36.687 D/nativeloader(27551): Configuring clns-shared-4 for other apk /system/priv-app/ContactsProvider/ContactsProvider.apk. target_sdk_version=34, uses_libraries=, library_path=/system/priv-app/ContactsProvider/lib/arm64:/system/lib64:/system_ext/lib64, permitted_path=/data:/mnt/expand:/data/user/0/com.android.providers.contacts:/system/priv-app/ContactsProvider:/system/lib64:/system_ext/lib64
05-27 03:08:36.690 D/nativeloader(27551): Load libframework-connectivity-jni.so using APEX ns com_android_tethering for caller /apex/com.android.tethering/javalib/framework-connectivity.jar: ok
05-27 03:08:36.692 V/GraphicsEnvironment(27551): Currently set values for:
05-27 03:08:36.692 V/GraphicsEnvironment(27551):   angle_gl_driver_selection_pkgs=[]
05-27 03:08:36.692 V/GraphicsEnvironment(27551):   angle_gl_driver_selection_values=[]
05-27 03:08:36.692 V/GraphicsEnvironment(27551): ANGLE GameManagerService for com.android.providers.contacts: false
05-27 03:08:36.692 V/GraphicsEnvironment(27551): com.android.providers.contacts is not listed in per-application setting
05-27 03:08:36.697 D/nativeloader(27551): Configuring clns-shared-5 for other apk /system/priv-app/UserDictionaryProvider/UserDictionaryProvider.apk. target_sdk_version=34, uses_libraries=, library_path=/system/priv-app/UserDictionaryProvider/lib/arm64:/system/lib64:/system_ext/lib64, permitted_path=/data:/mnt/expand:/data/user/0/com.android.providers.userdictionary:/system/priv-app/UserDictionaryProvider:/system/lib64:/system_ext/lib64
05-27 03:08:36.703 D/nativeloader(27551): Configuring clns-shared-6 for other apk /system/priv-app/BlockedNumberProvider/BlockedNumberProvider.apk. target_sdk_version=34, uses_libraries=, library_path=/system/priv-app/BlockedNumberProvider/lib/arm64:/system/lib64:/system_ext/lib64, permitted_path=/data:/mnt/expand:/data/user_de/0/com.android.providers.blockednumber:/system/priv-app/BlockedNumberProvider:/system/lib64:/system_ext/lib64
05-27 03:08:36.704 I/ContactsPerf(27551): VoicemailContentProvider.onCreate start
05-27 03:08:36.706 D/CompatibilityChangeReporter( 3077): Compat change id reported: 161145287; UID 10114; state: ENABLED
05-27 03:08:36.707 I/ContactsPerf(27551): VoicemailContentProvider.onCreate finish
05-27 03:08:36.712 I/PhoneAccountHandleMigrationUtils_CallLogDatabaseHelper(27551): updatePhoneAccountHandleMigrationPendingStatus false
05-27 03:08:36.714 I/ContactsDatabaseHelper(27551): updateUseStrictPhoneNumberComparison: IN
05-27 03:08:36.715 I/PhoneAccountHandleMigrationUtils_CallLogDatabaseHelper(27551): updatePhoneAccountHandleMigrationPendingStatus false
05-27 03:08:36.715 D/CompatibilityChangeReporter(27551): Compat change id reported: 183155436; UID 10114; state: ENABLED
05-27 03:08:36.716 I/ContactsDatabaseHelper(27551): context.isDeviceProtectedStorage: false
05-27 03:08:36.716 D/CompatibilityChangeReporter(27551): Compat change id reported: 3400644; UID 10114; state: ENABLED
05-27 03:08:36.717 I/ContactsDatabaseHelper(27551): context.isDeviceProtectedStorage: false
05-27 03:08:36.720 I/Typeface(27551): updateThemeFont new=Rookery-Regular;old=sans-serif;new=Rookery-Stacked;old=
05-27 03:08:36.721 I/ActivityManager( 3077): Flag disabled. Ignoring finishAttachApplication from uid: 10114. pid: 27551
05-27 03:08:36.722 I/ContactsDatabaseHelper(27551): updateUseStrictPhoneNumberComparison: IN
05-27 03:08:36.722 I/CallLogProvider(27551): Syncing call composer pics -- source user=0, isShadow=true, forAllUser=false
05-27 03:08:36.722 I/CallLogProvider(27551): Fetching list of Uris to sync
05-27 03:08:36.722 I/CallLogProvider(27551): Will sync following Uris:[]
05-27 03:08:36.722 I/CallLogProvider(27551): Syncing call composer pics -- got []
05-27 03:08:36.724 D/ContactsDatabaseHelper(27551): WAL enabled for contacts2.db: true
05-27 03:08:36.797 I/PhoneAccountHandleMigrationUtils_ContactsDatabaseHelper(27551): updatePhoneAccountHandleMigrationPendingStatus false
05-27 03:08:36.812 I/ContactLocale(27551): AddressBook Labels [[en_IN]]: […, A, B, C, D, E, F, G, H, I, J, K, L, M, N, O, P, Q, R, S, T, U, V, W, X, Y, Z, Α, Β, Γ, Δ, Ε, Ζ, Η, Θ, Ι, Κ, Λ, Μ, Ν, Ξ, Ο, Π, Ρ, Σ, Τ, Υ, Φ, Χ, Ψ, Ω, …, А, Б, В, Г, Д, Ђ, Е, Є, Ж, З, И, І, Й, Ј, К, Л, Љ, М, Н, Њ, О, П, Р, С, Т, Ћ, У, Ф, Х, Ц, Ч, Џ, Ш, Щ, Ю, Я, …, א, ב, ג, ד, ה, ו, ז, ח, ט, י, כ, ל, מ, נ, ס, ע, פ, צ, ק, ר, ש, ת, …, ا, ب, ت, ث, ج, ح, خ, د, ذ, ر, ز, س, ش, ص, ض, ط, ظ, ع, غ, ف, ق, ك, ل, م, ن, ه, و, ي, …, ก, ข, ฃ, ค, ฅ, ฆ, ง, จ, ฉ, ช, ซ, ฌ, ญ, ฎ, ฏ, ฐ, ฑ, ฒ, ณ, ด, ต, ถ, ท, ธ, น, บ, ป, ผ, ฝ, พ, ฟ, ภ, ม, ย, ร, ฤ, ล, ฦ, ว, ศ, ษ, ส, ห, ฬ, อ, ฮ, …, ㄱ, ㄴ, ㄷ, ㄹ, ㅁ, ㅂ, ㅅ, ㅇ, ㅈ, ㅊ, ㅋ, ㅌ, ㅍ, ㅎ, …, あ, か, さ, た, な, は, ま, や, ら, わ, #, …]
05-27 03:08:36.819 D/ContactsDatabaseHelper(27551): WAL enabled for profile.db: false
05-27 03:08:36.832 D/CompatibilityChangeReporter( 3077): Compat change id reported: 201794303; UID 10114; state: ENABLED
05-27 03:08:36.832 D/CompatibilityChangeReporter( 3077): Compat change id reported: 207133734; UID 10114; state: ENABLED
05-27 03:08:36.835 I/DCU_RequestGen(16834): No deleted contacts found for upload. [CONTEXT service_id=135 ]
05-27 03:08:36.835 I/DCU_ContactsUploader(16834): Nothing to upload! [CONTEXT service_id=135 ]
05-27 03:08:36.846 W/ActivityManager( 3077): Unable to start service Intent { act=com.google.android.gms.lockbox.service.START pkg=com.google.android.gms } U=0: not found
05-27 03:08:36.846 W/ActivityManager( 3077): Unbind failed: could not find connection for android.os.BinderProxy@444bead
05-27 03:08:36.846 W/GmsClient(16834): unable to connect to service: com.google.android.gms.lockbox.service.START on com.google.android.gms
05-27 03:08:36.851 I/DCU_RequestGen(16834): No deleted contacts found for upload. [CONTEXT service_id=135 ]
05-27 03:08:36.851 I/DCU_ContactsUploader(16834): Nothing to upload! [CONTEXT service_id=135 ]
05-27 03:08:36.856 V/ContactsProvider(27551): 0 Dangling Contacts have been cleaned up.
05-27 03:08:36.860 W/ActivityManager( 3077): Unable to start service Intent { act=com.google.android.gms.lockbox.service.START pkg=com.google.android.gms } U=0: not found
05-27 03:08:36.860 W/ActivityManager( 3077): Unbind failed: could not find connection for android.os.BinderProxy@5f67f3a
05-27 03:08:36.861 W/GmsClient(16834): unable to connect to service: com.google.android.gms.lockbox.service.START on com.google.android.gms
05-27 03:08:36.866 I/DCU_RequestGen(16834): No deleted contacts found for upload. [CONTEXT service_id=135 ]
05-27 03:08:36.866 I/DCU_ContactsUploader(16834): Nothing to upload! [CONTEXT service_id=135 ]
05-27 03:08:36.882 I/DCU_ContactsLogService(16834): Failed to mark incremental upload successful [CONTEXT service_id=135 ]
05-27 03:08:36.882 I/DCU_ContactsLogService(16834): java.util.concurrent.ExecutionException: geqc: sync policy is not enabled
05-27 03:08:36.882 I/DCU_ContactsLogService(16834): 	at hjtn.j(:com.google.android.gms@261833029@26.18.33 (190400-913931251):21)
05-27 03:08:36.882 I/DCU_ContactsLogService(16834): 	at hjtw.t(:com.google.android.gms@261833029@26.18.33 (190400-913931251):73)
05-27 03:08:36.882 I/DCU_ContactsLogService(16834): 	at com.google.android.gms.romanesco.service.ContactsLoggerUploadService.a(:com.google.android.gms@261833029@26.18.33 (190400-913931251):244)
05-27 03:08:36.882 I/DCU_ContactsLogService(16834): 	at cygi.call(:com.google.android.gms@261833029@26.18.33 (190400-913931251):36)
05-27 03:08:36.882 I/DCU_ContactsLogService(16834): 	at java.util.concurrent.FutureTask.run(FutureTask.java:317)
05-27 03:08:36.882 I/DCU_ContactsLogService(16834): 	at bjix.c(:com.google.android.gms@261833029@26.18.33 (190400-913931251):50)
05-27 03:08:36.882 I/DCU_ContactsLogService(16834): 	at bjix.run(:com.google.android.gms@261833029@26.18.33 (190400-913931251):66)
05-27 03:08:36.882 I/DCU_ContactsLogService(16834): 	at java.util.concurrent.ThreadPoolExecutor.runWorker(ThreadPoolExecutor.java:1154)
05-27 03:08:36.882 I/DCU_ContactsLogService(16834): 	at java.util.concurrent.ThreadPoolExecutor$Worker.run(ThreadPoolExecutor.java:652)
05-27 03:08:36.882 I/DCU_ContactsLogService(16834): 	at bjoo.run(:com.google.android.gms@261833029@26.18.33 (190400-913931251):8)
05-27 03:08:36.882 I/DCU_ContactsLogService(16834): 	at java.lang.Thread.run(Thread.java:1564)
05-27 03:08:36.882 I/DCU_ContactsLogService(16834): Caused by: geqc: sync policy is not enabled
05-27 03:08:36.882 I/DCU_ContactsLogService(16834): 	at genn.d(:com.google.android.gms@261833029@26.18.33 (190400-913931251):151)
05-27 03:08:36.882 I/DCU_ContactsLogService(16834): 	at genk.a(:com.google.android.gms@261833029@26.18.33 (190400-913931251):17)
05-27 03:08:36.882 I/DCU_ContactsLogService(16834): 	at haws.a(:com.google.android.gms@261833029@26.18.33 (190400-913931251):17)
05-27 03:08:36.882 I/DCU_ContactsLogService(16834): 	at hjty.d(:com.google.android.gms@261833029@26.18.33 (190400-913931251):3)
05-27 03:08:36.882 I/DCU_ContactsLogService(16834): 	at hjua.run(:com.google.android.gms@261833029@26.18.33 (190400-913931251):47)
05-27 03:08:36.882 I/DCU_ContactsLogService(16834): 	at hjvn.execute(:com.google.android.gms@261833029@26.18.33 (190400-913931251):1)
05-27 03:08:36.882 I/DCU_ContactsLogService(16834): 	at hjtn.f(:com.google.android.gms@261833029@26.18.33 (190400-913931251):1)
05-27 03:08:36.882 I/DCU_ContactsLogService(16834): 	at hjtn.m(:com.google.android.gms@261833029@26.18.33 (190400-913931251):101)
05-27 03:08:36.882 I/DCU_ContactsLogService(16834): 	at hjtn.p(:com.google.android.gms@261833029@26.18.33 (190400-913931251):15)
05-27 03:08:36.882 I/DCU_ContactsLogService(16834): 	at hjtz.e(:com.google.android.gms@261833029@26.18.33 (190400-913931251):1)
05-27 03:08:36.882 I/DCU_ContactsLogService(16834): 	at hjua.run(:com.google.android.gms@261833029@26.18.33 (190400-913931251):53)
05-27 03:08:36.882 I/DCU_ContactsLogService(16834): 	at hjvn.execute(:com.google.android.gms@261833029@26.18.33 (190400-913931251):1)
05-27 03:08:36.882 I/DCU_ContactsLogService(16834): 	at hjtn.f(:com.google.android.gms@261833029@26.18.33 (190400-913931251):1)
05-27 03:08:36.882 I/DCU_ContactsLogService(16834): 	at hjtn.m(:com.google.android.gms@261833029@26.18.33 (190400-913931251):101)
05-27 03:08:36.882 I/DCU_ContactsLogService(16834): 	at hjtn.p(:com.google.android.gms@261833029@26.18.33 (190400-913931251):15)
05-27 03:08:36.882 I/DCU_ContactsLogService(16834): 	at hjtf.run(:com.google.android.gms@261833029@26.18.33 (190400-913931251):129)
05-27 03:08:36.882 I/DCU_ContactsLogService(16834): 	at hjvn.execute(:com.google.android.gms@261833029@26.18.33 (190400-913931251):1)
05-27 03:08:36.882 I/DCU_ContactsLogService(16834): 	at hjtn.f(:com.google.android.gms@261833029@26.18.33 (190400-913931251):1)
05-27 03:08:36.882 I/DCU_ContactsLogService(16834): 	at hjtn.m(:com.google.android.gms@261833029@26.18.33 (190400-913931251):101)
05-27 03:08:36.882 I/DCU_ContactsLogService(16834): 	at hjtn.p(:com.google.android.gms@261833029@26.18.33 (190400-913931251):15)
05-27 03:08:36.882 I/DCU_ContactsLogService(16834): 	at hjtz.e(:com.google.android.gms@261833029@26.18.33 (190400-913931251):1)
05-27 03:08:36.882 I/DCU_ContactsLogService(16834): 	at hjua.run(:com.google.android.gms@261833029@26.18.33 (190400-913931251):53)
05-27 03:08:36.882 I/DCU_ContactsLogService(16834): 	at hjvn.execute(:com.google.android.gms@261833029@26.18.33 (190400-913931251):1)
05-27 03:08:36.882 I/DCU_ContactsLogService(16834): 	at hjtn.f(:com.google.android.gms@261833029@26.18.33 (190400-913931251):1)
05-27 03:08:36.882 I/DCU_ContactsLogService(16834): 	at hjtn.m(:com.google.android.gms@261833029@26.18.33 (190400-913931251):101)
05-27 03:08:36.882 I/DCU_ContactsLogService(16834): 	at hjtn.p(:com.google.android.gms@261833029@26.18.33 (190400-913931251):15)
05-27 03:08:36.882 I/DCU_ContactsLogService(16834): 	at hjtz.e(:com.google.android.gms@261833029@26.18.33 (190400-913931251):1)
05-27 03:08:36.882 I/DCU_ContactsLogService(16834): 	at hjua.run(:com.google.android.gms@261833029@26.18.33 (190400-913931251):53)
05-27 03:08:36.882 I/DCU_ContactsLogService(16834): 	at hjvn.execute(:com.google.android.gms@261833029@26.18.33 (190400-913931251):1)
05-27 03:08:36.882 I/DCU_ContactsLogService(16834): 	at hjtn.f(:com.google.android.gms@261833029@26.18.33 (190400-913931251):1)
05-27 03:08:36.882 I/DCU_ContactsLogService(16834): 	at hjtn.m(:com.google.android.gms@261833029@26.18.33 (190400-913931251):101)
05-27 03:08:36.882 I/DCU_ContactsLogService(16834): 	at hjtn.s(:com.google.android.gms@261833029@26.18.33 (190400-913931251):28)
05-27 03:08:36.882 I/DCU_ContactsLogService(16834): 	at hjwj.run(:com.google.android.gms@261833029@26.18.33 (190400-913931251):5)
05-27 03:08:36.882 I/DCU_ContactsLogService(16834): 	at hjvn.execute(:com.google.android.gms@261833029@26.18.33 (190400-913931251):1)
05-27 03:08:36.882 I/DCU_ContactsLogService(16834): 	at hjtn.f(:com.google.android.gms@261833029@26.18.33 (190400-913931251):1)
05-27 03:08:36.882 I/DCU_ContactsLogService(16834): 	at hjtn.m(:com.google.android.gms@261833029@26.18.33 (190400-913931251):101)
05-27 03:08:36.882 I/DCU_ContactsLogService(16834): 	at hjtn.s(:com.google.android.gms@261833029@26.18.33 (190400-913931251):28)
05-27 03:08:36.882 I/DCU_ContactsLogService(16834): 	at hjwj.run(:com.google.android.gms@261833029@26.18.33 (190400-913931251):5)
05-27 03:08:36.882 I/DCU_ContactsLogService(16834): 	at hjvn.execute(:com.google.android.gms@261833029@26.18.33 (190400-913931251):1)
05-27 03:08:36.882 I/DCU_ContactsLogService(16834): 	at hjtn.f(:com.google.android.gms@261833029@26.18.33 (190400-913931251):1)
05-27 03:08:36.882 I/DCU_ContactsLogService(16834): 	at hjtn.m(:com.google.android.gms@261833029@26.18.33 (190400-913931251):101)
05-27 03:08:36.882 I/DCU_ContactsLogService(16834): 	at hjtn.s(:com.google.android.gms@261833029@26.18.33 (190400-913931251):28)
05-27 03:08:36.882 I/DCU_ContactsLogService(16834): 	at hjxx.e(:com.google.android.gms@261833029@26.18.33 (190400-913931251):5)
05-27 03:08:36.882 I/DCU_ContactsLogService(16834): 	at hjwy.run(:com.google.android.gms@261833029@26.18.33 (190400-913931251):73)
05-27 03:08:36.882 I/DCU_ContactsLogService(16834): 	at hjxz.run(:com.google.android.gms@261833029@26.18.33 (190400-913931251):5)
05-27 03:08:36.882 I/DCU_ContactsLogService(16834): 	at hjvw.run(:com.google.android.gms@261833029@26.18.33 (190400-913931251):20)
05-27 03:08:36.882 I/DCU_ContactsLogService(16834): 	... 6 more
05-27 03:08:36.883 D/PowerManagerService( 3077): nativeReleaseSuspendBlocker name:PowerManagerService.WakeLocks duration ms: 0
05-27 03:08:36.884 D/PowerManagerService( 3077): nativeAcquireSuspendBlocker name:PowerManagerService.WakeLocks duration ms: 1
05-27 03:08:36.884 I/NetworkScheduler.Stats(26027): (REDACTED) Task %s/%s finished executing. cause:%s result: %s elapsed_millis: %s uptime_millis: %s exec_start_elapsed_seconds: %s
05-27 03:08:36.885 D/PowerManagerService( 3077): nativeReleaseSuspendBlocker name:PowerManagerService.WakeLocks duration ms: 0
05-27 03:08:36.886 D/PowerManagerService( 3077): nativeAcquireSuspendBlocker name:PowerManagerService.WakeLocks duration ms: 0
05-27 03:08:36.888 D/PowerManagerService( 3077): nativeReleaseSuspendBlocker name:PowerManagerService.WakeLocks duration ms: 0
05-27 03:08:37.215 I/CNSS    ( 2337): cnss_open_log_file: directory /data/vendor/wifi/wlan_logs/ created
05-27 03:08:37.221 E/minksocket( 1748): MinkIPC_QRTR_Service: client with node 1 port 6d84 went down
05-27 03:08:37.221 E/minksocket( 1748): MinkIPC_QRTR_Service: client with node 1 port 6d85 went down
05-27 03:08:37.222 E/minksocket( 1748): MinkIPC_QRTR_Service: client with node 1 port 6d86 went down
05-27 03:08:37.223 E/minksocket( 1748): MinkIPC_QRTR_Service: client with node 1 port 6d87 went down
05-27 03:08:37.258 D/StatusBarIconController( 7709): ignoring old pipeline callbacks, because the new mobile icons are enabled
05-27 03:08:37.727 W/ProcessStats( 3077): Tracking association SourceState{d18d810 com.google.android.youtube/10289 Fgs #2599503} whose proc state 3 is better than process ProcessState{8ed82b5 com.google.android.gms/10192 pkg=com.google.android.gms} proc state 6 (54 skipped)
05-27 03:08:37.728 D/BoundBrokerSvc(26027): onRebind: Intent { act=com.google.android.gms.libs.gmscorelogger.service.START dat=chimera-action:/... cmp=com.google.android.gms/.chimera.PersistentDirectBootAwareApiService }
05-27 03:08:38.118 I/MediaProvider( 6229): Deleted 0 0 0 0 0 0 1 items on external_primary due to com.android.shell
05-27 03:08:38.122 I/MediaProvider( 6229): Deleted 0 0 0 0 0 0 1 items on external_primary due to com.android.shell
05-27 03:08:38.122 I/UriTaskContentObserver(26027): (REDACTED) Throttling content uri change event for %s
