05-27 03:08:15.043 I/ThermalEngine(29098): Monitor:INACTIVE:FREEZE-CHG:freeze_rule=1:DETECT-STANDBY=0
05-27 03:08:15.043 I/ThermalEngine(29098): ACTION: override_c - Setting override_c to 0
05-27 03:08:15.043 I/ThermalEngine(29098): Monitor:INACTIVE:OVERRIDE-CHG:internal_override=1:DETECT-STANDBY=0
05-27 03:08:15.043 I/ThermalEngine(29098): Thermal-Server: Thermal received msg from  freezing
05-27 03:08:15.043 I/Thermal-Lib(29098): Thermal-Lib-Client: Client request sent
05-27 03:08:15.043 I/ThermalEngine(29098): Thermal-Server: Thermal received msg from  override_c
05-27 03:08:15.043 I/Thermal-Lib(29098): Thermal-Lib-Client: Client request sent
05-27 03:08:15.046 I/ThermalEngine(29098): Monitor:ACTIVE:MON-MSM-charge:battery=9:CHG-SENSORS=41436
05-27 03:08:15.173 D/PowerManagerService( 3077): nativeAcquireSuspendBlocker name:PowerManagerService.WakeLocks duration ms: 2
05-27 03:08:15.178 D/TelephonyManager( 4090): requestModemActivityInfo: Sending result to app: ModemActivityInfo{ mTimestamp=1654284326 mSleepTimeMs=1230413392 mIdleTimeMs=15024629 mActivityStatsTechSpecificInfo=[{mRat=UNKNOWN,mFrequencyRange=UNKNOWN,mTxTimeMs[]=[6843160, 5317713, 4914822, 3875427, 3984933],mRxTimeMs=383913438}]}
05-27 03:08:15.179 D/PowerManagerService( 3077): nativeReleaseSuspendBlocker name:PowerManagerService.WakeLocks duration ms: 1
05-27 03:08:15.458 I/ThermalEngine(29098): ACTION: CPU - Setting CPU[7] to 1
05-27 03:08:15.465 I/ThermalEngine(29098): ACTION: CPU - Setting CPU[4] to 0
05-27 03:08:15.565 D/NewPipeDownloader(27181): Response Code: 200 for https://www.youtube.com/youtubei/v1/next?prettyPrint=false
05-27 03:08:15.576 D/MotoSxfService( 3077): unknown touch type
05-27 03:08:15.603 D/NewPipeDownloader(27181): Executing request: https://www.youtube.com/iframe_api
05-27 03:08:15.714 D/NewPipeDownloader(27181): Response Code: 200 for https://www.youtube.com/iframe_api
05-27 03:08:15.715 D/NewPipeDownloader(27181): Executing request: https://www.youtube.com/s/player/c2f7551f/player_ias.vflset/en_GB/base.js
05-27 03:08:15.892 D/NewPipeDownloader(27181): Response Code: 200 for https://www.youtube.com/s/player/c2f7551f/player_ias.vflset/en_GB/base.js
05-27 03:08:16.044 I/ThermalEngine(29098): Monitor:ACTIVE:FREEZE-CHG:freeze_rule=1:DETECT-STANDBY=1
05-27 03:08:16.044 I/ThermalEngine(29098): ACTION: freeze_rule - Setting freeze_rule to 1
05-27 03:08:16.044 I/ThermalEngine(29098): Monitor:ACTIVE:OVERRIDE-CHG:internal_override=1:DETECT-STANDBY=1
05-27 03:08:16.044 I/Thermal-Lib(29098): Thermal-Lib-Client: Client request sent
05-27 03:08:16.044 I/ThermalEngine(29098): Thermal-Server: Thermal received msg from  freezing
05-27 03:08:16.044 I/ThermalEngine(29098): ACTION: override_c - Setting override_c to 1
05-27 03:08:16.044 I/Thermal-Lib(29098): Thermal-Lib-Client: Client request sent
05-27 03:08:16.045 I/ThermalEngine(29098): Thermal-Server: Thermal received msg from  override_c
05-27 03:08:16.116 E/minksocket( 1748): MinkIPC_QRTR_Service: client with node 1 port 6d3b went down
05-27 03:08:16.116 E/minksocket( 1748): MinkIPC_QRTR_Service: client with node 1 port 6d3c went down
05-27 03:08:16.117 E/minksocket( 1748): MinkIPC_QRTR_Service: client with node 1 port 6d3d went down
05-27 03:08:16.118 E/minksocket( 1748): MinkIPC_QRTR_Service: client with node 1 port 6d3e went down
05-27 03:08:16.397 I/bt_stack( 3992): [INFO:gatt_attr.cc(569)] gatt_connect_cback: remove untrusted client status, bda=78:02:b7:40:f7:e2
05-27 03:08:16.397 W/bt_stack( 3992): [WARNING:bta_gattc_act.cc(1508)] bta_gattc_conn_cback: cif=3 connected=0 conn_id=0x0003 reason=0x00ff
05-27 03:08:16.397 W/bt_stack( 3992): [WARNING:bta_gattc_act.cc(1508)] bta_gattc_conn_cback: cif=4 connected=0 conn_id=0x0004 reason=0x00ff
05-27 03:08:16.397 W/bt_stack( 3992): [WARNING:bta_gattc_act.cc(1508)] bta_gattc_conn_cback: cif=5 connected=0 conn_id=0x0005 reason=0x00ff
05-27 03:08:16.397 W/bt_stack( 3992): [WARNING:bta_gattc_act.cc(1508)] bta_gattc_conn_cback: cif=6 connected=0 conn_id=0x0006 reason=0x00ff
05-27 03:08:16.397 W/bt_stack( 3992): [WARNING:bta_gattc_act.cc(1508)] bta_gattc_conn_cback: cif=7 connected=0 conn_id=0x0007 reason=0x00ff
05-27 03:08:16.397 W/bt_stack( 3992): [WARNING:bta_gattc_act.cc(1508)] bta_gattc_conn_cback: cif=8 connected=0 conn_id=0x0008 reason=0x00ff
05-27 03:08:16.397 I/bt_stack( 3992): [INFO:bta_tmap_main.cc(192)] BTTmapCback: bttmap cback
05-27 03:08:16.397 I/bt_stack( 3992): [INFO:bta_tmap_main.cc(197)] HandleTmapEvent: Tmap handle event: BTA_GATTS_DISCONNECT_EVT
05-27 03:08:16.397 I/bt_stack( 3992): [INFO:bta_tmap_main.cc(274)] HandleTmapEvent: event not matched !!
05-27 03:08:16.397 W/bt_stack( 3992): [WARNING:bta_gattc_act.cc(1508)] bta_gattc_conn_cback: cif=10 connected=0 conn_id=0x000a reason=0x00ff
05-27 03:08:16.397 W/bt_stack( 3992): [WARNING:bta_gattc_act.cc(1508)] bta_gattc_conn_cback: cif=11 connected=0 conn_id=0x000b reason=0x00ff
05-27 03:08:16.397 W/bt_stack( 3992): [WARNING:bta_gattc_act.cc(1508)] bta_gattc_conn_cback: cif=12 connected=0 conn_id=0x000c reason=0x00ff
05-27 03:08:16.397 W/bt_stack( 3992): [WARNING:bta_gattc_act.cc(1508)] bta_gattc_conn_cback: cif=13 connected=0 conn_id=0x000d reason=0x00ff
05-27 03:08:16.397 I/bt_stack( 3992): [INFO:bta_mcp_main.cc(895)] HandleMcsEvent   mcs handle event BTA_GATTS_DISCONNECT_EVT
05-27 03:08:16.397 I/bt_stack( 3992): [INFO:bta_mcp_main.cc(1082)] HandleMcsEvent   remote devices disconnected conn_id 14
05-27 03:08:16.397 I/bt_stack( 3992): [INFO:bta_mcp_main.cc(1638)] HandleMcsEventfree rsp data
05-27 03:08:16.397 I/bt_stack( 3992): [INFO:bta_cc_main.cc(1163)] HandleCcsEvent: event: : Unknown bta cc event
05-27 03:08:16.397 I/bt_stack( 3992): [INFO:bta_cc_main.cc(1319)] HandleCcsEvent: remote devices disconnected, conn_id: 15
05-27 03:08:16.397 I/bt_stack( 3992): [INFO:bta_cc_main.cc(1323)] HandleCcsEvent: remote device not found 
05-27 03:08:16.397 I/bt_stack( 3992): [INFO:bta_cc_main.cc(2072)] HandleCcsEventfree rsp data
05-27 03:08:16.397 W/bt_stack( 3992): [WARNING:bta_gattc_act.cc(1508)] bta_gattc_conn_cback: cif=16 connected=0 conn_id=0x0010 reason=0x00ff
05-27 03:08:16.397 W/bt_stack( 3992): [WARNING:bta_gattc_act.cc(1508)] bta_gattc_conn_cback: cif=18 connected=0 conn_id=0x0012 reason=0x00ff
05-27 03:08:16.397 I/bt_stack( 3992): [INFO:connection_manager.cc(280)] lower the scan parameters used for connecting
05-27 03:08:16.398 I/bt_stack( 3992): [INFO:btm_ble_bgconn.cc(433)] Already connection initiated (or) No Pending connections(or) Resources of lcb are exhausted
05-27 03:08:16.398 D/BtGatt.GattService( 3992): onClientConnected() connId=17, address=78:02:B7:40:F7:E2, connected=false
05-27 03:08:16.398 W/bt_stack( 3992): [WARNING:bta_gattc_act.cc(463)] bta_gattc_open_fail: Cannot establish Connection. conn_id=000000. Return GATT_Status(255)
05-27 03:08:16.398 D/BtGatt.GattService( 3992): onConnected() - clientIf=4, connId=0, address=78:02:B7:40:F7:E2
05-27 03:08:16.398 D/vendor.qti.bluetooth@1.0-ibs_handler( 1758): SerialClockVote: vote for UART CLK ON
05-27 03:08:16.398 D/BluetoothGattServer(18909): onServerConnectionState() - status=0 serverIf=17 device=78:02:B7:40:F7:E2
05-27 03:08:16.398 D/BluetoothGatt(18746): onClientConnectionState() - status=255 clientIf=4 device=78:02:B7:40:F7:E2
05-27 03:08:16.398 I/LogConnect(18746): ----------->onConnectionStateChange status: 255,newState=0,gatt =android.bluetooth.BluetoothGatt@39a850f,mBluetoothGatt =android.bluetooth.BluetoothGatt@39a850f
05-27 03:08:16.398 I/LogSync (18746): 计时器 关闭 commandType=103
05-27 03:08:16.398 I/LogDial (18746): 表盘计时器 关闭 commandType=0
05-27 03:08:16.398 I/LogSync (18746): 移除所有命令
05-27 03:08:16.399 I/LogConnect(18746): 关闭通知命令 commandType=21
05-27 03:08:16.399 I/LogConnect(18746): 是否重连 =1,RECONNECT_ENABLE=true,bandIsResetting=false,status=255,IS_RK_FIRWARE_UPDATING=false
05-27 03:08:16.399 I/LogConnect(18746): 异常状态下的重连次数=3541
05-27 03:08:16.399 D/BluetoothGatt(18746): close()
05-27 03:08:16.399 D/BluetoothGatt(18746): unregisterApp() - mClientIf=4
05-27 03:08:16.399 D/vendor.qti.bluetooth@1.0-wake_lock( 1758): Acquire wakelock is acquired 
05-27 03:08:16.399 I/vendor.qti.bluetooth@1.0-ibs_handler( 1758): DeviceWakeUp: Writing IBS_WAKE_IND
05-27 03:08:16.401 D/BtGatt.GattService( 3992): unregisterClient() - clientIf=4
05-27 03:08:16.401 D/BroadcastService( 3992): getBroadcastAddress
05-27 03:08:16.401 D/BroadcastService( 3992): isBroadcastActive: Broadcast is turned to off
05-27 03:08:16.401 I/LogSync (18746): homepage result = true,status = 19
05-27 03:08:16.402 I/LogConnect(18746): OnResult 断开连接
05-27 03:08:16.402 I/LogSync (18746): DISCONNECT_MSG
05-27 03:08:16.402 I/LogSync (18746): 同步数据不超时
05-27 03:08:16.402 I/LogHome (18746): progress =0
05-27 03:08:16.405 I/vendor.qti.bluetooth@1.0-ibs_handler( 1758): ProcessIbsCmd: Received IBS_WAKE_ACK: 0xFC
05-27 03:08:16.405 I/vendor.qti.bluetooth@1.0-ibs_handler( 1758): ProcessIbsCmd: Signal wack_cond_
05-27 03:08:16.405 D/vendor.qti.bluetooth@1.0-ibs_handler( 1758): DeviceWakeUp: Unblocked from waiting for FC, pthread_cond_timedwait ret = 0
05-27 03:08:16.407 I/vendor.qti.bluetooth@1.0-ibs_handler( 1758): ProcessIbsCmd: Received IBS_WAKE_IND: 0xFD
05-27 03:08:16.407 I/vendor.qti.bluetooth@1.0-ibs_handler( 1758): ProcessIbsCmd: Writing IBS_WAKE_ACK
05-27 03:08:16.408 I/bt_stack( 3992): [INFO:btm_ble_bgconn.cc(433)] Already connection initiated (or) No Pending connections(or) Resources of lcb are exhausted
05-27 03:08:16.448 I/vendor.qti.bluetooth@1.0-ibs_handler( 1758): ProcessIbsCmd: Received IBS_SLEEP_IND: 0xFE
05-27 03:08:16.488 I/ThermalEngine(29098): ACTION: CPU - Setting CPU[7] to 0
05-27 03:08:16.579 D/YoutubeDS(27181): Video stream extraction for 7c3-Gei5j4w: DASH=false, HLS=false
05-27 03:08:16.579 W/YoutubeDS(27181): getStreamUrl: No valid DASH/HLS URL found for 7c3-Gei5j4w. Falling back to audio stream.
05-27 03:08:16.579 E/PlayerController(27181): First extraction fetched: null
05-27 03:08:16.579 E/PlayerController(27181): All stream extraction attempts failed!
05-27 03:08:16.580 D/CompatibilityChangeReporter(27181): Compat change id reported: 147798919; UID 10521; state: ENABLED
05-27 03:08:16.583 E/PlayerController(27181): Video item fallback: using YouTube iframe playback
05-27 03:08:16.596 D/ViewRootImpl( 7709): update {(0,102)(wrapxwrap) gr=BOTTOM CENTER ty=TOAST fmt=TRANSLUCENT
05-27 03:08:16.596 D/ViewRootImpl( 7709):   fl=NOT_FOCUSABLE NOT_TOUCHABLE KEEP_SCREEN_ON HARDWARE_ACCELERATED
05-27 03:08:16.596 D/ViewRootImpl( 7709):   pfl=FIT_INSETS_CONTROLLED TRUSTED_OVERLAY
05-27 03:08:16.596 D/ViewRootImpl( 7709):   bhv=DEFAULT
05-27 03:08:16.596 D/ViewRootImpl( 7709):   fitTypes=STATUS_BARS NAVIGATION_BARS CAPTION_BAR
05-27 03:08:16.596 D/ViewRootImpl( 7709):   fitIgnoreVis} by setView
05-27 03:08:16.602 D/CoreBackPreview( 3077): Window{abf931a u0 Toast}: Setting back callback OnBackInvokedCallbackInfo{mCallback=android.window.IOnBackInvokedCallback$Stub$Proxy@4304141, mPriority=0, mIsAnimationCallback=false}
05-27 03:08:16.605 E/OpenGLRenderer( 7709): Unable to match the desired swap behavior.
05-27 03:08:16.903 I/OtaUpdate(18746): action =action_gatt_connect_failure_gloryfit,GlobalVariable.IS_MYDEVICEACTIVITY_UPDATE =false
05-27 03:08:16.903 I/LogDial (18746): 收到断开连接的广播
05-27 03:08:16.904 I/LogDial (18746): 收到断开连接,停止发送表盘数据
05-27 03:08:17.045 I/ThermalEngine(29098): ACTION: freeze_rule - Setting freeze_rule to 0
05-27 03:08:17.045 I/ThermalEngine(29098): Monitor:INACTIVE:FREEZE-CHG:freeze_rule=1:DETECT-STANDBY=0
05-27 03:08:17.045 I/Thermal-Lib(29098): Thermal-Lib-Client: Client request sent
05-27 03:08:17.045 I/ThermalEngine(29098): ACTION: override_c - Setting override_c to 0
05-27 03:08:17.045 I/ThermalEngine(29098): Monitor:INACTIVE:OVERRIDE-CHG:internal_override=1:DETECT-STANDBY=0
05-27 03:08:17.045 I/ThermalEngine(29098): Thermal-Server: Thermal received msg from  freezing
05-27 03:08:17.045 I/Thermal-Lib(29098): Thermal-Lib-Client: Client request sent
05-27 03:08:17.045 I/ThermalEngine(29098): Thermal-Server: Thermal received msg from  override_c
05-27 03:08:17.047 I/ThermalEngine(29098): Monitor:ACTIVE:MON-MSM-charge:battery=9:CHG-SENSORS=41430
05-27 03:08:17.230 E/minksocket( 1748): MinkIPC_QRTR_Service: client with node 1 port 6d3f went down
05-27 03:08:17.231 E/minksocket( 1748): MinkIPC_QRTR_Service: client with node 1 port 6d40 went down
05-27 03:08:17.232 E/minksocket( 1748): MinkIPC_QRTR_Service: client with node 1 port 6d41 went down
05-27 03:08:17.233 E/minksocket( 1748): MinkIPC_QRTR_Service: client with node 1 port 6d42 went down
05-27 03:08:17.404 D/CompatibilityChangeReporter( 3077): Compat change id reported: 261072174; UID 10521; state: ENABLED
05-27 03:08:17.405 I/vendor.qti.bluetooth@1.0-ibs_handler( 1758): DeviceSleep: TX Awake, Sending SLEEP_IND
05-27 03:08:17.406 D/vendor.qti.bluetooth@1.0-ibs_handler( 1758): SerialClockVote: vote for UART CLK OFF
05-27 03:08:17.406 I/ActivityManager( 3077): Killing 22990:com.motorola.spaces/u0a168 (adj 999, setSvc -10000): empty #31
05-27 03:08:17.414 I/libprocessgroup( 3077): Successfully killed process cgroup uid 10168 pid 22990 in 5ms
05-27 03:08:17.498 D/SponsorBlock(27181): Found 1 segments for 7c3-Gei5j4w
05-27 03:08:17.498 I/PlayerController(27181): Playing YouTube fallback in WebView. Bypassing ExoPlayer.
05-27 03:08:17.506 D/MusicPlayerService(27181): onCreate: Initializing MusicPlayerService
05-27 03:08:17.507 D/ConnectivityService( 3077): releasing NetworkRequest [ REQUEST id=53154, [ Capabilities: INTERNET&NOT_RESTRICTED&TRUSTED&NOT_VCN_MANAGED Uid: 10168 RequestorUid: 10168 RequestorPkg: com.motorola.spaces UnderlyingNetworks: Null] ] (release request)
05-27 03:08:17.507 I/ActivityManager( 3077): appDiedLocked: app=ProcessRecord{f1adbf6 22990:com.motorola.spaces/u0a168} thread=android.os.BinderProxy@9cb06d4 fromBinderDied=true isKilledByAm=true reason=null
05-27 03:08:17.508 I/Zygote  ( 1604): Process 22990 exited due to signal 9 (Killed)
05-27 03:08:17.509 D/RestartModeController( 3077): markWaitRestartAppIsSuicided null processName=com.motorola.spaces
05-27 03:08:17.509 I/MediaSessionImpl(27181): Init 25097ea [AndroidXMedia3/1.5.1] [hiphi, motorola edge 30 pro, motorola, 34]
05-27 03:08:17.510 D/DisplayManagerService( 3077): Drop pending events for gone uid 10168
05-27 03:08:17.510 D/CompatibilityChangeReporter( 3077): Compat change id reported: 218533173; UID 10168; state: ENABLED
05-27 03:08:17.510 D/CompatibilityChangeReporter( 3077): Compat change id reported: 262645982; UID 10168; state: ENABLED
05-27 03:08:17.510 D/ActivityTaskManager( 3077): handleAppDied: uid=10168,diedCount=1,lastDiedTime=1139436312,forceStopUids=false
05-27 03:08:17.514 W/MediaSessionCompat(27181): Couldn't find a unique registered media button receiver in the given context.
05-27 03:08:17.516 I/MediaSessionStack( 3077): addSession to bottom of stack | record: com.deepeye.musicpro.debug/androidx.media3.session.id. (userId=0)
05-27 03:08:17.517 D/HeadsetService( 3992): getHeadsetService(): returning com.android.bluetooth.hfp.HeadsetService@9390a13
05-27 03:08:17.517 E/HeadsetStateMachine( 3992): returning mCurrentState as Disconnected
05-27 03:08:17.517 E/HeadsetStateMachine( 3992): returning mCurrentState as Disconnected
05-27 03:08:17.517 D/HeadsetService( 3992):  isAudioOn: The number of audio connected devices 0
05-27 03:08:17.517 D/HeadsetService( 3992): isScoOrCallActive(): Call Active:falseCall is Ringing:falseSCO is Active:false
05-27 03:08:17.517 E/HeadsetStateMachine( 3992): returning mCurrentState as Disconnected
05-27 03:08:17.517 E/HeadsetStateMachine( 3992): returning mCurrentState as Disconnected
05-27 03:08:17.517 D/HeadsetService( 3992):  isAudioOn: The number of audio connected devices 0
05-27 03:08:17.517 D/MotoMediaSessionUtils( 7709): onActiveSessionsChanged - controllers size: 2 mActiveControllers size: 1
05-27 03:08:17.518 V/Avrcp_ext( 3992): ActiveSession: MediaController (com.google.android.youtube@a3f67ea) The UFO Files | What was America SECRETLY Hiding For 89 Years? | Dhruv Rathee, Dhruv Rathee, Dhruv Rathee
05-27 03:08:17.518 V/Avrcp_ext( 3992): isBrowseSupported for com.google.android.youtube: false
05-27 03:08:17.519 D/Avrcp_ext( 3992): Adding media player info for com.google.android.youtube with id 3
05-27 03:08:17.519 D/MotoMediaSessionUtils( 7709): Final controllers count: 1
05-27 03:08:17.520 D/Avrcp_ext( 3992): update #3:MediaPlayerInfo com.google.android.youtube (as 'YouTube') Type = 1, SubType = 0, Status = 2 Feature Bits [40 41 42 44 45 47 48 58] Controller: MediaController (com.google.android.youtube@a3f67ea) The UFO Files | What was America SECRETLY Hiding For 89 Years? | Dhruv Rathee, Dhruv Rathee, Dhruv Rathee
05-27 03:08:17.520 V/Avrcp_ext( 3992): updateNewIds: Addressed:3 to 3, Browse:-1 to -1
05-27 03:08:17.521 D/Avrcp_ext( 3992): updateCurrentController: MediaController (com.google.android.youtube@5492206) The UFO Files | What was America SECRETLY Hiding For 89 Years? | Dhruv Rathee, Dhruv Rathee, Dhruv Rathee to MediaController (com.google.android.youtube@a3f67ea) The UFO Files | What was America SECRETLY Hiding For 89 Years? | Dhruv Rathee, Dhruv Rathee, Dhruv Rathee
05-27 03:08:17.523 V/Avrcp_ext( 3992): updateCurrentMediaState: mMediaController: MediaController (com.google.android.youtube@a3f67ea) The UFO Files | What was America SECRETLY Hiding For 89 Years? | Dhruv Rathee, Dhruv Rathee, Dhruv Rathee
05-27 03:08:17.523 W/Avrcp_ext( 3992): isMusicActive: false getBluetoothPlayState: 2 A2dp State: 11 mAudioPlaybackIsActive: false
05-27 03:08:17.524 D/Avrcp_ext( 3992): isMusicActive = false mAudioPlaybackIsActive = false player state = PlaybackState {state=PAUSED(2), position=89537, buffered position=0, speed=1.0, updated=1626108012, actions=8615, custom actions=[], active item id=-1, error=null}
05-27 03:08:17.524 I/MediaSessionStack( 3077): onPlaybackStateChanged - Pushing session to top | record: com.deepeye.musicpro.debug/androidx.media3.session.id. (userId=0)
05-27 03:08:17.525 D/Avrcp_ext( 3992): overwrite album_artist :Dhruv Ratheeif album is blank
05-27 03:08:17.525 D/MotoMediaSessionUtils( 7709): onActiveSessionsChanged - controllers size: 3 mActiveControllers size: 1
05-27 03:08:17.526 V/Avrcp_ext( 3992): Media update: id -1➡-1? [MediaAttributes: T⋯e - D⋯e by D⋯e (1350000 0/0) - ] : [MediaAttributes: T⋯e - D⋯e by D⋯e (1350000 0/0) - ]
05-27 03:08:17.526 D/Avrcp_ext( 3992): isPackageNameValid: browsedPackage = com.google.android.youtubeisValid = true
05-27 03:08:17.526 V/Avrcp_ext( 3992): isBrowseSupported for com.google.android.youtube: false
05-27 03:08:17.526 W/Avrcp_ext( 3992): updateCurrentMediaState: isInactivePlayer = false
05-27 03:08:17.526 V/Avrcp_ext( 3992): updatePlaybackState, state: PlaybackState {state=PAUSED(2), position=89537, buffered position=0, speed=1.0, updated=1626108012, actions=8615, custom actions=[], active item id=-1, error=null} device: null
05-27 03:08:17.526 V/Avrcp_ext( 3992): Device: no name: 
05-27 03:08:17.526 V/Avrcp_ext( 3992): Device: no name: 
05-27 03:08:17.526 V/Avrcp_ext( 3992): Device: no name: 
05-27 03:08:17.526 V/Avrcp_ext( 3992): Device: no name: 
05-27 03:08:17.526 V/Avrcp_ext( 3992): Device: no name: 
05-27 03:08:17.526 V/Avrcp_ext( 3992): updatePlayerStateAndPosition, old=PlaybackState {state=PAUSED(2), position=89537, buffered position=0, speed=1.0, updated=1626108012, actions=8615, custom actions=[], active item id=-1, error=null}, state=PlaybackState {state=PAUSED(2), position=89537, buffered position=0, speed=1.0, updated=1626108012, actions=8615, custom actions=[], active item id=-1, error=null}
05-27 03:08:17.526 V/Avrcp_ext( 3992): old state = PlaybackState {state=PAUSED(2), position=89537, buffered position=0, speed=1.0, updated=1626108012, actions=8615, custom actions=[], active item id=-1, error=null}, new state= PlaybackState {state=PAUSED(2), position=89537, buffered position=0, speed=1.0, updated=1626108012, actions=8615, custom actions=[], active item id=-1, error=null}
05-27 03:08:17.526 D/HeadsetService( 3992): getHeadsetService(): returning com.android.bluetooth.hfp.HeadsetService@9390a13
05-27 03:08:17.526 E/HeadsetStateMachine( 3992): returning mCurrentState as Disconnected
05-27 03:08:17.526 E/HeadsetStateMachine( 3992): returning mCurrentState as Disconnected
05-27 03:08:17.526 D/HeadsetService( 3992):  isAudioOn: The number of audio connected devices 0
05-27 03:08:17.526 D/HeadsetService( 3992): isScoOrCallActive(): Call Active:falseCall is Ringing:falseSCO is Active:false
05-27 03:08:17.526 E/HeadsetStateMachine( 3992): returning mCurrentState as Disconnected
05-27 03:08:17.526 E/HeadsetStateMachine( 3992): returning mCurrentState as Disconnected
05-27 03:08:17.526 D/HeadsetService( 3992):  isAudioOn: The number of audio connected devices 0
05-27 03:08:17.526 I/Avrcp_ext( 3992): updatePlayStatusForDevice: device: null
05-27 03:08:17.526 V/Avrcp_ext( 3992): updatePlaybackState (1): old=PlaybackState {state=PAUSED(2), position=89537, buffered position=0, speed=1.0, updated=1626108012, actions=8615, custom actions=[], active item id=-1, error=null}(2), new=PlaybackState {state=PAUSED(2), position=89537, buffered position=0, speed=1.0, updated=1626108012, actions=8615, custom actions=[], active item id=-1, error=null}(2)
05-27 03:08:17.526 I/Avrcp_ext( 3992): Exit updatePlayStatusForDevice
05-27 03:08:17.526 E/HeadsetStateMachine( 3992): returning mCurrentState as Disconnected
05-27 03:08:17.526 E/HeadsetStateMachine( 3992): returning mCurrentState as Disconnected
05-27 03:08:17.526 D/HeadsetService( 3992):  isAudioOn: The number of audio connected devices 0
05-27 03:08:17.526 D/HeadsetService( 3992): isScoOrCallActive(): Call Active:falseCall is Ringing:falseSCO is Active:false
05-27 03:08:17.526 E/HeadsetStateMachine( 3992): returning mCurrentState as Disconnected
05-27 03:08:17.526 E/HeadsetStateMachine( 3992): returning mCurrentState as Disconnected
05-27 03:08:17.526 D/HeadsetService( 3992):  isAudioOn: The number of audio connected devices 0
05-27 03:08:17.526 I/Avrcp_ext( 3992): updatePlayStatusForDevice: device: null
05-27 03:08:17.526 V/Avrcp_ext( 3992): updatePlaybackState (1): old=PlaybackState {state=PAUSED(2), position=89537, buffered position=0, speed=1.0, updated=1626108012, actions=8615, custom actions=[], active item id=-1, error=null}(2), new=PlaybackState {state=PAUSED(2), position=89537, buffered position=0, speed=1.0, updated=1626108012, actions=8615, custom actions=[], active item id=-1, error=null}(2)
05-27 03:08:17.526 I/Avrcp_ext( 3992): Exit updatePlayStatusForDevice
05-27 03:08:17.526 E/HeadsetStateMachine( 3992): returning mCurrentState as Disconnected
05-27 03:08:17.526 E/HeadsetStateMachine( 3992): returning mCurrentState as Disconnected
05-27 03:08:17.526 D/HeadsetService( 3992):  isAudioOn: The number of audio connected devices 0
05-27 03:08:17.526 D/HeadsetService( 3992): isScoOrCallActive(): Call Active:falseCall is Ringing:falseSCO is Active:false
05-27 03:08:17.527 E/HeadsetStateMachine( 3992): returning mCurrentState as Disconnected
05-27 03:08:17.527 E/HeadsetStateMachine( 3992): returning mCurrentState as Disconnected
05-27 03:08:17.527 D/HeadsetService( 3992):  isAudioOn: The number of audio connected devices 0
05-27 03:08:17.527 I/Avrcp_ext( 3992): updatePlayStatusForDevice: device: null
05-27 03:08:17.527 V/Avrcp_ext( 3992): updatePlaybackState (1): old=PlaybackState {state=PAUSED(2), position=89537, buffered position=0, speed=1.0, updated=1626108012, actions=8615, custom actions=[], active item id=-1, error=null}(2), new=PlaybackState {state=PAUSED(2), position=89537, buffered position=0, speed=1.0, updated=1626108012, actions=8615, custom actions=[], active item id=-1, error=null}(2)
05-27 03:08:17.527 I/Avrcp_ext( 3992): Exit updatePlayStatusForDevice
05-27 03:08:17.527 E/HeadsetStateMachine( 3992): returning mCurrentState as Disconnected
05-27 03:08:17.527 E/HeadsetStateMachine( 3992): returning mCurrentState as Disconnected
05-27 03:08:17.527 D/HeadsetService( 3992):  isAudioOn: The number of audio connected devices 0
05-27 03:08:17.527 D/HeadsetService( 3992): isScoOrCallActive(): Call Active:falseCall is Ringing:falseSCO is Active:false
05-27 03:08:17.527 E/HeadsetStateMachine( 3992): returning mCurrentState as Disconnected
05-27 03:08:17.527 E/HeadsetStateMachine( 3992): returning mCurrentState as Disconnected
05-27 03:08:17.527 D/HeadsetService( 3992):  isAudioOn: The number of audio connected devices 0
05-27 03:08:17.527 I/Avrcp_ext( 3992): updatePlayStatusForDevice: device: null
05-27 03:08:17.527 V/Avrcp_ext( 3992): updatePlaybackState (1): old=PlaybackState {state=PAUSED(2), position=89537, buffered position=0, speed=1.0, updated=1626108012, actions=8615, custom actions=[], active item id=-1, error=null}(2), new=PlaybackState {state=PAUSED(2), position=89537, buffered position=0, speed=1.0, updated=1626108012, actions=8615, custom actions=[], active item id=-1, error=null}(2)
05-27 03:08:17.527 I/Avrcp_ext( 3992): Exit updatePlayStatusForDevice
05-27 03:08:17.527 E/HeadsetStateMachine( 3992): returning mCurrentState as Disconnected
05-27 03:08:17.527 E/HeadsetStateMachine( 3992): returning mCurrentState as Disconnected
05-27 03:08:17.527 D/HeadsetService( 3992):  isAudioOn: The number of audio connected devices 0
05-27 03:08:17.527 D/HeadsetService( 3992): isScoOrCallActive(): Call Active:falseCall is Ringing:falseSCO is Active:false
05-27 03:08:17.527 E/HeadsetStateMachine( 3992): returning mCurrentState as Disconnected
05-27 03:08:17.527 E/HeadsetStateMachine( 3992): returning mCurrentState as Disconnected
05-27 03:08:17.527 D/HeadsetService( 3992):  isAudioOn: The number of audio connected devices 0
05-27 03:08:17.527 I/Avrcp_ext( 3992): updatePlayStatusForDevice: device: null
05-27 03:08:17.527 V/Avrcp_ext( 3992): updatePlaybackState (1): old=PlaybackState {state=PAUSED(2), position=89537, buffered position=0, speed=1.0, updated=1626108012, actions=8615, custom actions=[], active item id=-1, error=null}(2), new=PlaybackState {state=PAUSED(2), position=89537, buffered position=0, speed=1.0, updated=1626108012, actions=8615, custom actions=[], active item id=-1, error=null}(2)
05-27 03:08:17.527 I/Avrcp_ext( 3992): Exit updatePlayStatusForDevice
05-27 03:08:17.527 D/Avrcp_ext( 3992): Enter sendPlayPosNotificationRsp
05-27 03:08:17.527 D/Avrcp_ext( 3992): sendPlayPosNotificationRsp: Not registered or requesting.
05-27 03:08:17.527 D/Avrcp_ext( 3992): Enter sendPlayPosNotificationRsp
05-27 03:08:17.527 D/Avrcp_ext( 3992): sendPlayPosNotificationRsp: Not registered or requesting.
05-27 03:08:17.527 D/Avrcp_ext( 3992): Enter sendPlayPosNotificationRsp
05-27 03:08:17.527 D/Avrcp_ext( 3992): sendPlayPosNotificationRsp: Not registered or requesting.
05-27 03:08:17.527 D/Avrcp_ext( 3992): Enter sendPlayPosNotificationRsp
05-27 03:08:17.527 D/Avrcp_ext( 3992): sendPlayPosNotificationRsp: Not registered or requesting.
05-27 03:08:17.527 D/Avrcp_ext( 3992): Enter sendPlayPosNotificationRsp
05-27 03:08:17.527 D/Avrcp_ext( 3992): sendPlayPosNotificationRsp: Not registered or requesting.
05-27 03:08:17.527 V/Avrcp_ext( 3992): Exit updatePlayerStateAndPosition
05-27 03:08:17.527 D/APM: ActiveDeviceManagerServiceLegacy( 3992): getActiveAbsoluteDevice(): device: null
05-27 03:08:17.527 D/APM: ActiveDeviceManagerServiceLegacy( 3992): isStableState(): true
05-27 03:08:17.527 D/Avrcp_ext( 3992): isAdmStable = true activeAbsAddr = null device = null
05-27 03:08:17.527 V/APM: MediaControlManager( 3992): onPlaybackStateChanged
05-27 03:08:17.527 W/McpService( 3992): updatePlaybackState state PlaybackState {state=PAUSED(2), position=89537, buffered position=0, speed=1.0, updated=1626108012, actions=8615, custom actions=[], active item id=-1, error=null}
05-27 03:08:17.527 W/McpService( 3992): updatePlaybackState mState: 2 state: 2
05-27 03:08:17.527 W/Avrcp_ext( 3992): updated player state = PlaybackState {state=PAUSED(2), position=89537, buffered position=0, speed=1.0, updated=1626108012, actions=8615, custom actions=[], active item id=-1, error=null}to MCP module also
05-27 03:08:17.527 V/Avrcp_ext( 3992): ActiveSession: MediaController (ai.perplexity.app.android@20d488d) null
05-27 03:08:17.527 D/MotoMediaSessionUtils( 7709): Final controllers count: 1
05-27 03:08:17.527 I/MediaController(27181): Init 6d16851 [AndroidXMedia3/1.5.1] [hiphi, motorola edge 30 pro, motorola, 34]
05-27 03:08:17.527 V/Avrcp_ext( 3992): isBrowseSupported for ai.perplexity.app.android: false
05-27 03:08:17.528 D/Avrcp_ext( 3992): Adding media player info for ai.perplexity.app.android with id 1
05-27 03:08:17.528 D/Avrcp_ext( 3992): update #1:MediaPlayerInfo ai.perplexity.app.android (as 'Perplexity') Type = 1, SubType = 0, Status = 0 Feature Bits [40 41 42 44 45 47 48 58] Controller: MediaController (ai.perplexity.app.android@20d488d) null
05-27 03:08:17.529 V/Avrcp_ext( 3992): updateCurrentMediaState: mMediaController: MediaController (com.google.android.youtube@a3f67ea) The UFO Files | What was America SECRETLY Hiding For 89 Years? | Dhruv Rathee, Dhruv Rathee, Dhruv Rathee
05-27 03:08:17.529 W/Avrcp_ext( 3992): isMusicActive: false getBluetoothPlayState: 2 A2dp State: 11 mAudioPlaybackIsActive: false
05-27 03:08:17.529 D/Avrcp_ext( 3992): isMusicActive = false mAudioPlaybackIsActive = false player state = PlaybackState {state=PAUSED(2), position=89537, buffered position=0, speed=1.0, updated=1626108012, actions=8615, custom actions=[], active item id=-1, error=null}
05-27 03:08:17.530 D/Avrcp_ext( 3992): overwrite album_artist :Dhruv Ratheeif album is blank
05-27 03:08:17.531 V/Avrcp_ext( 3992): Media update: id -1➡-1? [MediaAttributes: T⋯e - D⋯e by D⋯e (1350000 0/0) - ] : [MediaAttributes: T⋯e - D⋯e by D⋯e (1350000 0/0) - ]
05-27 03:08:17.531 D/Avrcp_ext( 3992): isPackageNameValid: browsedPackage = com.google.android.youtubeisValid = true
05-27 03:08:17.531 V/Avrcp_ext( 3992): isBrowseSupported for com.google.android.youtube: false
05-27 03:08:17.531 W/Avrcp_ext( 3992): updateCurrentMediaState: isInactivePlayer = false
05-27 03:08:17.531 V/Avrcp_ext( 3992): updatePlaybackState, state: PlaybackState {state=PAUSED(2), position=89537, buffered position=0, speed=1.0, updated=1626108012, actions=8615, custom actions=[], active item id=-1, error=null} device: null
05-27 03:08:17.531 V/Avrcp_ext( 3992): Device: no name: 
05-27 03:08:17.531 V/Avrcp_ext( 3992): Device: no name: 
05-27 03:08:17.531 V/Avrcp_ext( 3992): Device: no name: 
05-27 03:08:17.531 V/Avrcp_ext( 3992): Device: no name: 
05-27 03:08:17.531 V/Avrcp_ext( 3992): Device: no name: 
05-27 03:08:17.531 V/Avrcp_ext( 3992): updatePlayerStateAndPosition, old=PlaybackState {state=PAUSED(2), position=89537, buffered position=0, speed=1.0, updated=1626108012, actions=8615, custom actions=[], active item id=-1, error=null}, state=PlaybackState {state=PAUSED(2), position=89537, buffered position=0, speed=1.0, updated=1626108012, actions=8615, custom actions=[], active item id=-1, error=null}
05-27 03:08:17.531 V/Avrcp_ext( 3992): old state = PlaybackState {state=PAUSED(2), position=89537, buffered position=0, speed=1.0, updated=1626108012, actions=8615, custom actions=[], active item id=-1, error=null}, new state= PlaybackState {state=PAUSED(2), position=89537, buffered position=0, speed=1.0, updated=1626108012, actions=8615, custom actions=[], active item id=-1, error=null}
05-27 03:08:17.531 D/HeadsetService( 3992): getHeadsetService(): returning com.android.bluetooth.hfp.HeadsetService@9390a13
05-27 03:08:17.531 E/HeadsetStateMachine( 3992): returning mCurrentState as Disconnected
05-27 03:08:17.531 E/HeadsetStateMachine( 3992): returning mCurrentState as Disconnected
05-27 03:08:17.531 D/HeadsetService( 3992):  isAudioOn: The number of audio connected devices 0
05-27 03:08:17.531 D/HeadsetService( 3992): isScoOrCallActive(): Call Active:falseCall is Ringing:falseSCO is Active:false
05-27 03:08:17.531 E/HeadsetStateMachine( 3992): returning mCurrentState as Disconnected
05-27 03:08:17.531 E/HeadsetStateMachine( 3992): returning mCurrentState as Disconnected
05-27 03:08:17.531 D/HeadsetService( 3992):  isAudioOn: The number of audio connected devices 0
05-27 03:08:17.531 I/Avrcp_ext( 3992): updatePlayStatusForDevice: device: null
05-27 03:08:17.531 V/Avrcp_ext( 3992): updatePlaybackState (1): old=PlaybackState {state=PAUSED(2), position=89537, buffered position=0, speed=1.0, updated=1626108012, actions=8615, custom actions=[], active item id=-1, error=null}(2), new=PlaybackState {state=PAUSED(2), position=89537, buffered position=0, speed=1.0, updated=1626108012, actions=8615, custom actions=[], active item id=-1, error=null}(2)
05-27 03:08:17.531 I/Avrcp_ext( 3992): Exit updatePlayStatusForDevice
05-27 03:08:17.531 E/HeadsetStateMachine( 3992): returning mCurrentState as Disconnected
05-27 03:08:17.531 E/HeadsetStateMachine( 3992): returning mCurrentState as Disconnected
05-27 03:08:17.531 D/HeadsetService( 3992):  isAudioOn: The number of audio connected devices 0
05-27 03:08:17.531 D/HeadsetService( 3992): isScoOrCallActive(): Call Active:falseCall is Ringing:falseSCO is Active:false
05-27 03:08:17.531 E/HeadsetStateMachine( 3992): returning mCurrentState as Disconnected
05-27 03:08:17.531 E/HeadsetStateMachine( 3992): returning mCurrentState as Disconnected
05-27 03:08:17.531 D/HeadsetService( 3992):  isAudioOn: The number of audio connected devices 0
05-27 03:08:17.531 I/Avrcp_ext( 3992): updatePlayStatusForDevice: device: null
05-27 03:08:17.531 V/Avrcp_ext( 3992): updatePlaybackState (1): old=PlaybackState {state=PAUSED(2), position=89537, buffered position=0, speed=1.0, updated=1626108012, actions=8615, custom actions=[], active item id=-1, error=null}(2), new=PlaybackState {state=PAUSED(2), position=89537, buffered position=0, speed=1.0, updated=1626108012, actions=8615, custom actions=[], active item id=-1, error=null}(2)
05-27 03:08:17.531 I/Avrcp_ext( 3992): Exit updatePlayStatusForDevice
05-27 03:08:17.531 E/HeadsetStateMachine( 3992): returning mCurrentState as Disconnected
05-27 03:08:17.531 E/HeadsetStateMachine( 3992): returning mCurrentState as Disconnected
05-27 03:08:17.531 D/HeadsetService( 3992):  isAudioOn: The number of audio connected devices 0
05-27 03:08:17.531 D/HeadsetService( 3992): isScoOrCallActive(): Call Active:falseCall is Ringing:falseSCO is Active:false
05-27 03:08:17.531 E/HeadsetStateMachine( 3992): returning mCurrentState as Disconnected
05-27 03:08:17.531 E/HeadsetStateMachine( 3992): returning mCurrentState as Disconnected
05-27 03:08:17.531 D/HeadsetService( 3992):  isAudioOn: The number of audio connected devices 0
05-27 03:08:17.531 I/Avrcp_ext( 3992): updatePlayStatusForDevice: device: null
05-27 03:08:17.531 V/Avrcp_ext( 3992): updatePlaybackState (1): old=PlaybackState {state=PAUSED(2), position=89537, buffered position=0, speed=1.0, updated=1626108012, actions=8615, custom actions=[], active item id=-1, error=null}(2), new=PlaybackState {state=PAUSED(2), position=89537, buffered position=0, speed=1.0, updated=1626108012, actions=8615, custom actions=[], active item id=-1, error=null}(2)
05-27 03:08:17.531 I/Avrcp_ext( 3992): Exit updatePlayStatusForDevice
05-27 03:08:17.531 E/HeadsetStateMachine( 3992): returning mCurrentState as Disconnected
05-27 03:08:17.531 E/HeadsetStateMachine( 3992): returning mCurrentState as Disconnected
05-27 03:08:17.531 D/HeadsetService( 3992):  isAudioOn: The number of audio connected devices 0
05-27 03:08:17.531 D/HeadsetService( 3992): isScoOrCallActive(): Call Active:falseCall is Ringing:falseSCO is Active:false
05-27 03:08:17.531 E/HeadsetStateMachine( 3992): returning mCurrentState as Disconnected
05-27 03:08:17.531 E/HeadsetStateMachine( 3992): returning mCurrentState as Disconnected
05-27 03:08:17.531 D/HeadsetService( 3992):  isAudioOn: The number of audio connected devices 0
05-27 03:08:17.531 I/Avrcp_ext( 3992): updatePlayStatusForDevice: device: null
05-27 03:08:17.531 V/Avrcp_ext( 3992): updatePlaybackState (1): old=PlaybackState {state=PAUSED(2), position=89537, buffered position=0, speed=1.0, updated=1626108012, actions=8615, custom actions=[], active item id=-1, error=null}(2), new=PlaybackState {state=PAUSED(2), position=89537, buffered position=0, speed=1.0, updated=1626108012, actions=8615, custom actions=[], active item id=-1, error=null}(2)
05-27 03:08:17.531 I/Avrcp_ext( 3992): Exit updatePlayStatusForDevice
05-27 03:08:17.531 E/HeadsetStateMachine( 3992): returning mCurrentState as Disconnected
05-27 03:08:17.531 E/HeadsetStateMachine( 3992): returning mCurrentState as Disconnected
05-27 03:08:17.531 D/HeadsetService( 3992):  isAudioOn: The number of audio connected devices 0
05-27 03:08:17.531 D/HeadsetService( 3992): isScoOrCallActive(): Call Active:falseCall is Ringing:falseSCO is Active:false
05-27 03:08:17.531 E/HeadsetStateMachine( 3992): returning mCurrentState as Disconnected
05-27 03:08:17.531 E/HeadsetStateMachine( 3992): returning mCurrentState as Disconnected
05-27 03:08:17.531 D/HeadsetService( 3992):  isAudioOn: The number of audio connected devices 0
05-27 03:08:17.531 I/Avrcp_ext( 3992): updatePlayStatusForDevice: device: null
05-27 03:08:17.531 V/Avrcp_ext( 3992): updatePlaybackState (1): old=PlaybackState {state=PAUSED(2), position=89537, buffered position=0, speed=1.0, updated=1626108012, actions=8615, custom actions=[], active item id=-1, error=null}(2), new=PlaybackState {state=PAUSED(2), position=89537, buffered position=0, speed=1.0, updated=1626108012, actions=8615, custom actions=[], active item id=-1, error=null}(2)
05-27 03:08:17.531 I/Avrcp_ext( 3992): Exit updatePlayStatusForDevice
05-27 03:08:17.531 D/Avrcp_ext( 3992): Enter sendPlayPosNotificationRsp
05-27 03:08:17.531 D/Avrcp_ext( 3992): sendPlayPosNotificationRsp: Not registered or requesting.
05-27 03:08:17.531 D/Avrcp_ext( 3992): Enter sendPlayPosNotificationRsp
05-27 03:08:17.531 D/Avrcp_ext( 3992): sendPlayPosNotificationRsp: Not registered or requesting.
05-27 03:08:17.531 D/Avrcp_ext( 3992): Enter sendPlayPosNotificationRsp
05-27 03:08:17.531 D/Avrcp_ext( 3992): sendPlayPosNotificationRsp: Not registered or requesting.
05-27 03:08:17.531 D/Avrcp_ext( 3992): Enter sendPlayPosNotificationRsp
05-27 03:08:17.531 D/Avrcp_ext( 3992): sendPlayPosNotificationRsp: Not registered or requesting.
05-27 03:08:17.531 D/Avrcp_ext( 3992): Enter sendPlayPosNotificationRsp
05-27 03:08:17.531 D/Avrcp_ext( 3992): sendPlayPosNotificationRsp: Not registered or requesting.
05-27 03:08:17.531 V/Avrcp_ext( 3992): Exit updatePlayerStateAndPosition
05-27 03:08:17.531 D/APM: ActiveDeviceManagerServiceLegacy( 3992): getActiveAbsoluteDevice(): device: null
05-27 03:08:17.531 D/APM: ActiveDeviceManagerServiceLegacy( 3992): isStableState(): true
05-27 03:08:17.531 D/Avrcp_ext( 3992): isAdmStable = true activeAbsAddr = null device = null
05-27 03:08:17.531 V/APM: MediaControlManager( 3992): onPlaybackStateChanged
05-27 03:08:17.531 W/McpService( 3992): updatePlaybackState state PlaybackState {state=PAUSED(2), position=89537, buffered position=0, speed=1.0, updated=1626108012, actions=8615, custom actions=[], active item id=-1, error=null}
05-27 03:08:17.531 W/McpService( 3992): updatePlaybackState mState: 2 state: 2
05-27 03:08:17.531 W/Avrcp_ext( 3992): updated player state = PlaybackState {state=PAUSED(2), position=89537, buffered position=0, speed=1.0, updated=1626108012, actions=8615, custom actions=[], active item id=-1, error=null}to MCP module also
05-27 03:08:17.531 D/HeadsetService( 3992): getHeadsetService(): returning com.android.bluetooth.hfp.HeadsetService@9390a13
05-27 03:08:17.531 E/HeadsetStateMachine( 3992): returning mCurrentState as Disconnected
05-27 03:08:17.531 E/HeadsetStateMachine( 3992): returning mCurrentState as Disconnected
05-27 03:08:17.531 D/HeadsetService( 3992):  isAudioOn: The number of audio connected devices 0
05-27 03:08:17.531 D/HeadsetService( 3992): isScoOrCallActive(): Call Active:falseCall is Ringing:falseSCO is Active:false
05-27 03:08:17.531 E/HeadsetStateMachine( 3992): returning mCurrentState as Disconnected
05-27 03:08:17.531 E/HeadsetStateMachine( 3992): returning mCurrentState as Disconnected
05-27 03:08:17.531 D/HeadsetService( 3992):  isAudioOn: The number of audio connected devices 0
05-27 03:08:17.532 V/Avrcp_ext( 3992): ActiveSession: MediaController (com.deepeye.musicpro.debug@992e089) null
05-27 03:08:17.532 V/Avrcp_ext( 3992): isBrowseSupported for com.deepeye.musicpro.debug: false
05-27 03:08:17.533 D/Avrcp_ext( 3992): Adding media player info for com.deepeye.musicpro.debug with id 17
05-27 03:08:17.533 D/Avrcp_ext( 3992): update #17:MediaPlayerInfo com.deepeye.musicpro.debug (as 'DeepEye Music Pro') Type = 1, SubType = 0, Status = 1 Feature Bits [40 41 42 44 45 47 48 58] Controller: MediaController (com.deepeye.musicpro.debug@992e089) null
05-27 03:08:17.533 E/AudioSessionManager(27181): attachToPlayer called with player: androidx.media3.exoplayer.ExoPlayerImpl@42eb09b
05-27 03:08:17.533 I/AudioSessionManager(27181): Attached to ExoPlayer as AnalyticsListener, initial session: 45825
05-27 03:08:17.534 V/Avrcp_ext( 3992): ActiveSession: MediaController (com.google.android.youtube@4e2eea7) The UFO Files | What was America SECRETLY Hiding For 89 Years? | Dhruv Rathee, Dhruv Rathee, Dhruv Rathee
05-27 03:08:17.534 V/Avrcp_ext( 3992): isBrowseSupported for com.google.android.youtube: false
05-27 03:08:17.534 D/Avrcp_ext( 3992): Adding media player info for com.google.android.youtube with id 3
05-27 03:08:17.535 D/Avrcp_ext( 3992): update #3:MediaPlayerInfo com.google.android.youtube (as 'YouTube') Type = 1, SubType = 0, Status = 2 Feature Bits [40 41 42 44 45 47 48 58] Controller: MediaController (com.google.android.youtube@4e2eea7) The UFO Files | What was America SECRETLY Hiding For 89 Years? | Dhruv Rathee, Dhruv Rathee, Dhruv Rathee
05-27 03:08:17.535 V/Avrcp_ext( 3992): updateNewIds: Addressed:3 to 3, Browse:-1 to -1
05-27 03:08:17.536 D/ActivityManager( 3077): freezing 17524 com.jio.myjio, reason = oom_cached
05-27 03:08:17.536 D/Avrcp_ext( 3992): updateCurrentController: MediaController (com.google.android.youtube@a3f67ea) The UFO Files | What was America SECRETLY Hiding For 89 Years? | Dhruv Rathee, Dhruv Rathee, Dhruv Rathee to MediaController (com.google.android.youtube@4e2eea7) The UFO Files | What was America SECRETLY Hiding For 89 Years? | Dhruv Rathee, Dhruv Rathee, Dhruv Rathee
05-27 03:08:17.538 D/ConnectivityService( 3077): NetReassign [no changes] [c 0] [a 0] [i 1]
05-27 03:08:17.539 V/Avrcp_ext( 3992): updateCurrentMediaState: mMediaController: MediaController (com.google.android.youtube@4e2eea7) The UFO Files | What was America SECRETLY Hiding For 89 Years? | Dhruv Rathee, Dhruv Rathee, Dhruv Rathee
05-27 03:08:17.539 W/Avrcp_ext( 3992): isMusicActive: false getBluetoothPlayState: 2 A2dp State: 11 mAudioPlaybackIsActive: false
05-27 03:08:17.539 D/Avrcp_ext( 3992): isMusicActive = false mAudioPlaybackIsActive = false player state = PlaybackState {state=PAUSED(2), position=89537, buffered position=0, speed=1.0, updated=1626108012, actions=8615, custom actions=[], active item id=-1, error=null}
05-27 03:08:17.540 D/Avrcp_ext( 3992): overwrite album_artist :Dhruv Ratheeif album is blank
05-27 03:08:17.541 V/Avrcp_ext( 3992): Media update: id -1➡-1? [MediaAttributes: T⋯e - D⋯e by D⋯e (1350000 0/0) - ] : [MediaAttributes: T⋯e - D⋯e by D⋯e (1350000 0/0) - ]
05-27 03:08:17.541 D/Avrcp_ext( 3992): isPackageNameValid: browsedPackage = com.google.android.youtubeisValid = true
05-27 03:08:17.541 V/Avrcp_ext( 3992): isBrowseSupported for com.google.android.youtube: false
05-27 03:08:17.541 W/Avrcp_ext( 3992): updateCurrentMediaState: isInactivePlayer = false
05-27 03:08:17.541 V/Avrcp_ext( 3992): updatePlaybackState, state: PlaybackState {state=PAUSED(2), position=89537, buffered position=0, speed=1.0, updated=1626108012, actions=8615, custom actions=[], active item id=-1, error=null} device: null
05-27 03:08:17.541 V/Avrcp_ext( 3992): Device: no name: 
05-27 03:08:17.541 V/Avrcp_ext( 3992): Device: no name: 
05-27 03:08:17.541 V/Avrcp_ext( 3992): Device: no name: 
05-27 03:08:17.541 V/Avrcp_ext( 3992): Device: no name: 
05-27 03:08:17.541 V/Avrcp_ext( 3992): Device: no name: 
05-27 03:08:17.541 V/Avrcp_ext( 3992): updatePlayerStateAndPosition, old=PlaybackState {state=PAUSED(2), position=89537, buffered position=0, speed=1.0, updated=1626108012, actions=8615, custom actions=[], active item id=-1, error=null}, state=PlaybackState {state=PAUSED(2), position=89537, buffered position=0, speed=1.0, updated=1626108012, actions=8615, custom actions=[], active item id=-1, error=null}
05-27 03:08:17.541 V/Avrcp_ext( 3992): old state = PlaybackState {state=PAUSED(2), position=89537, buffered position=0, speed=1.0, updated=1626108012, actions=8615, custom actions=[], active item id=-1, error=null}, new state= PlaybackState {state=PAUSED(2), position=89537, buffered position=0, speed=1.0, updated=1626108012, actions=8615, custom actions=[], active item id=-1, error=null}
05-27 03:08:17.541 D/HeadsetService( 3992): getHeadsetService(): returning com.android.bluetooth.hfp.HeadsetService@9390a13
05-27 03:08:17.541 E/HeadsetStateMachine( 3992): returning mCurrentState as Disconnected
05-27 03:08:17.541 E/HeadsetStateMachine( 3992): returning mCurrentState as Disconnected
05-27 03:08:17.541 D/HeadsetService( 3992):  isAudioOn: The number of audio connected devices 0
05-27 03:08:17.541 D/HeadsetService( 3992): isScoOrCallActive(): Call Active:falseCall is Ringing:falseSCO is Active:false
05-27 03:08:17.541 E/HeadsetStateMachine( 3992): returning mCurrentState as Disconnected
05-27 03:08:17.541 E/HeadsetStateMachine( 3992): returning mCurrentState as Disconnected
05-27 03:08:17.541 D/HeadsetService( 3992):  isAudioOn: The number of audio connected devices 0
05-27 03:08:17.541 I/Avrcp_ext( 3992): updatePlayStatusForDevice: device: null
05-27 03:08:17.541 V/Avrcp_ext( 3992): updatePlaybackState (1): old=PlaybackState {state=PAUSED(2), position=89537, buffered position=0, speed=1.0, updated=1626108012, actions=8615, custom actions=[], active item id=-1, error=null}(2), new=PlaybackState {state=PAUSED(2), position=89537, buffered position=0, speed=1.0, updated=1626108012, actions=8615, custom actions=[], active item id=-1, error=null}(2)
05-27 03:08:17.541 I/Avrcp_ext( 3992): Exit updatePlayStatusForDevice
05-27 03:08:17.541 E/HeadsetStateMachine( 3992): returning mCurrentState as Disconnected
05-27 03:08:17.541 E/HeadsetStateMachine( 3992): returning mCurrentState as Disconnected
05-27 03:08:17.541 D/HeadsetService( 3992):  isAudioOn: The number of audio connected devices 0
05-27 03:08:17.541 D/HeadsetService( 3992): isScoOrCallActive(): Call Active:falseCall is Ringing:falseSCO is Active:false
05-27 03:08:17.541 E/HeadsetStateMachine( 3992): returning mCurrentState as Disconnected
05-27 03:08:17.541 E/HeadsetStateMachine( 3992): returning mCurrentState as Disconnected
05-27 03:08:17.541 D/HeadsetService( 3992):  isAudioOn: The number of audio connected devices 0
05-27 03:08:17.541 I/Avrcp_ext( 3992): updatePlayStatusForDevice: device: null
05-27 03:08:17.541 V/Avrcp_ext( 3992): updatePlaybackState (1): old=PlaybackState {state=PAUSED(2), position=89537, buffered position=0, speed=1.0, updated=1626108012, actions=8615, custom actions=[], active item id=-1, error=null}(2), new=PlaybackState {state=PAUSED(2), position=89537, buffered position=0, speed=1.0, updated=1626108012, actions=8615, custom actions=[], active item id=-1, error=null}(2)
05-27 03:08:17.541 I/Avrcp_ext( 3992): Exit updatePlayStatusForDevice
05-27 03:08:17.541 E/HeadsetStateMachine( 3992): returning mCurrentState as Disconnected
05-27 03:08:17.541 E/HeadsetStateMachine( 3992): returning mCurrentState as Disconnected
05-27 03:08:17.541 D/HeadsetService( 3992):  isAudioOn: The number of audio connected devices 0
05-27 03:08:17.541 D/HeadsetService( 3992): isScoOrCallActive(): Call Active:falseCall is Ringing:falseSCO is Active:false
05-27 03:08:17.541 E/HeadsetStateMachine( 3992): returning mCurrentState as Disconnected
05-27 03:08:17.541 E/HeadsetStateMachine( 3992): returning mCurrentState as Disconnected
05-27 03:08:17.541 D/HeadsetService( 3992):  isAudioOn: The number of audio connected devices 0
05-27 03:08:17.541 I/Avrcp_ext( 3992): updatePlayStatusForDevice: device: null
05-27 03:08:17.541 V/Avrcp_ext( 3992): updatePlaybackState (1): old=PlaybackState {state=PAUSED(2), position=89537, buffered position=0, speed=1.0, updated=1626108012, actions=8615, custom actions=[], active item id=-1, error=null}(2), new=PlaybackState {state=PAUSED(2), position=89537, buffered position=0, speed=1.0, updated=1626108012, actions=8615, custom actions=[], active item id=-1, error=null}(2)
05-27 03:08:17.541 I/Avrcp_ext( 3992): Exit updatePlayStatusForDevice
05-27 03:08:17.541 E/HeadsetStateMachine( 3992): returning mCurrentState as Disconnected
05-27 03:08:17.541 E/HeadsetStateMachine( 3992): returning mCurrentState as Disconnected
05-27 03:08:17.541 D/HeadsetService( 3992):  isAudioOn: The number of audio connected devices 0
05-27 03:08:17.541 D/HeadsetService( 3992): isScoOrCallActive(): Call Active:falseCall is Ringing:falseSCO is Active:false
05-27 03:08:17.541 E/HeadsetStateMachine( 3992): returning mCurrentState as Disconnected
05-27 03:08:17.541 E/HeadsetStateMachine( 3992): returning mCurrentState as Disconnected
05-27 03:08:17.541 D/HeadsetService( 3992):  isAudioOn: The number of audio connected devices 0
05-27 03:08:17.541 I/Avrcp_ext( 3992): updatePlayStatusForDevice: device: null
