05-27 03:35:12.420 D/Avrcp_ext( 3992): AudioManager Player: AudioPlaybackConfiguration piid:41711 deviceId:0 type:android.media.SoundPool u/pid:10342/7709 state:idle attr:AudioAttributes: usage=USAGE_ASSISTANCE_SONIFICATION content=CONTENT_TYPE_SONIFICATION flags=0x800 tags= bundle=null sessionId:0 mutedState:none  FormatInfo{isSpatialized=false, channelMask=0x0, sampleRate=0}
05-27 03:35:12.420 D/Avrcp_ext( 3992): AudioManager Player: AudioPlaybackConfiguration piid:49551 deviceId:0 type:android.media.AudioTrack u/pid:10289/19271 state:paused attr:AudioAttributes: usage=USAGE_MEDIA content=CONTENT_TYPE_MUSIC flags=0xA00 tags= bundle=null sessionId:44585 mutedState:none  FormatInfo{isSpatialized=false, channelMask=0x3, sampleRate=48000}
05-27 03:35:12.420 D/Avrcp_ext( 3992): AudioManager Player: AudioPlaybackConfiguration piid:49615 deviceId:2 type:android.media.MediaPlayer u/pid:10342/7709 state:stopped attr:AudioAttributes: usage=USAGE_VOICE_COMMUNICATION content=CONTENT_TYPE_SONIFICATION flags=0x800 tags= bundle=null sessionId:45185 mutedState:none  FormatInfo{isSpatialized=false, channelMask=0x1, sampleRate=44100}
05-27 03:35:12.420 D/Avrcp_ext( 3992): AudioManager Player: AudioPlaybackConfiguration piid:63 deviceId:0 type:android.media.SoundPool u/pid:1000/3077 state:idle attr:AudioAttributes: usage=USAGE_ASSISTANCE_SONIFICATION content=CONTENT_TYPE_SONIFICATION flags=0x800 tags= bundle=null sessionId:0 mutedState:none  FormatInfo{isSpatialized=false, channelMask=0x0, sampleRate=0}
05-27 03:35:12.420 D/Avrcp_ext( 3992): AudioManager Player: AudioPlaybackConfiguration piid:38399 deviceId:0 type:android.media.SoundPool u/pid:1027/6379 state:idle attr:AudioAttributes: usage=USAGE_ASSISTANCE_SONIFICATION content=CONTENT_TYPE_SONIFICATION flags=0x800 tags= bundle=null sessionId:0 mutedState:none  FormatInfo{isSpatialized=false, channelMask=0x0, sampleRate=0}
05-27 03:35:12.420 D/Avrcp_ext( 3992): AudioManager Player: AudioPlaybackConfiguration piid:50271 deviceId:0 type:android.media.AudioTrack u/pid:10521/5526 state:started attr:AudioAttributes: usage=USAGE_MEDIA content=CONTENT_TYPE_MUSIC flags=0xE00 tags= bundle=null sessionId:45873 mutedState:none  FormatInfo{isSpatialized=false, channelMask=0x3, sampleRate=48000}
05-27 03:35:12.422 I/MotSpeakerWrapper( 1756): EFFECT_CMD_SET_VOLUME: 0.015623, 0.015623 on ID 45873 (Music)
05-27 03:35:12.422 D/MotSpeakerHelper( 1756): Speaker ON: volume 0.015623 (step 3), usecase MUSIC
05-27 03:35:12.422 D/MotSpeakerHelper( 1756): Setting speaker trim 84 (0 dB, 0 dB)
05-27 03:35:12.422 I/MotSpeakerWrapper( 1756): EFFECT_CMD_SET_VOLUME: 0.015623, 0.015623 on ID 45873 (Music Offload)
05-27 03:35:12.422 D/DlbDapEndpointParamCache( 1756): commit() Applying parameters for device 0x40000000
05-27 03:35:12.422 D/DlbDapEndpointParamCache( 1756): doCommit() Committed 0 parameters out of 14.
05-27 03:35:12.422 D/Avrcp_ext( 3992): AudioManager Player in started state: com.deepeye.musicpro.debug
05-27 03:35:12.422 D/DlbDapEndpointParamCache( 1756): commit() Overriding parameters for current device 0x00000002
05-27 03:35:12.422 D/DlbDapEndpointParamCache( 1756): doCommit() Committed 0 parameters out of 65.
05-27 03:35:12.422 D/Avrcp_ext( 3992): AudioManager Active Player: com.deepeye.musicpro.debug
05-27 03:35:12.422 D/Avrcp_ext( 3992): AudioManager isPlaying: true, mAudioPlaybackIsActive = true
05-27 03:35:12.422 D/MotSpeakerHelper( 1756): Speaker ON: volume 0.015623 (step 3), usecase MUSIC
05-27 03:35:12.422 D/MotSpeakerHelper( 1756): Setting speaker trim 84 (0 dB, 0 dB)
05-27 03:35:12.423 W/android.vending(16651): ApkAssets: Deleting an ApkAssets object '<empty> and /data/app/~~EElsuZYTYtmqNqAf0KK3qg==/com.deepeye.musicpro.debug--rXk12bTiI3F5BXfkPtmtQ==/base.apk' with 1 weak references
05-27 03:35:12.423 D/DlbDapCrossfadeProcess( 1756): process transitioning from FADE_TO_ACTIVE state to PROCESS_ACTIVE
05-27 03:35:12.424 D/AHAL: AudioStream( 1756): AutoPerfLock: 283: (Acquired) perf_lock_handle: 0x68686, count: 1
05-27 03:35:12.424 I/AHAL: AudioStream( 1756): Open: 2893: Enter: OutPrimary usecase(0: deep-buffer-playback)
05-27 03:35:12.424 D/AHAL: AudioStream( 1756): Open: 2899: no_of_devices 1
05-27 03:35:12.424 D/AHAL: AudioStream( 1756): Open: 2954: halInputFormat 1 halOutputFormat 1 palformat 1
05-27 03:35:12.424 I/PAL: ResourceManager( 1756): getParameter: 8222: get parameter for HIFI PCM Filter
05-27 03:35:12.424 D/AHAL: AudioStream( 1756): Open: 3027: channels 2 samplerate 48000 format id 1, stream type 2  stream bitwidth 16
05-27 03:35:12.424 D/AHAL: AudioStream( 1756): Open: 3028: msample_rate 0 mchannels 0 mNoOfOutDevices 1
05-27 03:35:12.424 I/PAL: API( 1756): pal_stream_open: 185: Enter, stream type:2 (PAL_STREAM_DEEP_BUFFER)
05-27 03:35:12.424 I/PAL: ResourceManager( 1756): isStreamSupported: 2429: config suppported
05-27 03:35:12.424 I/PAL: ResourceManager( 1756): getActiveStream_l: 5106: no active streams found for device 2 (PAL_DEVICE_OUT_HANDSET) ret -2
05-27 03:35:12.424 I/PAL: ResourceManager( 1756): getSharedBEActiveStreamDevs: 6366: got dev 2 (PAL_DEVICE_OUT_HANDSET) active streams on dev is 0
05-27 03:35:12.424 I/PAL: ResourceManager( 1756): getActiveStream_l: 5106: no active streams found for device 3 (PAL_DEVICE_OUT_SPEAKER) ret -2
05-27 03:35:12.424 I/PAL: ResourceManager( 1756): getSharedBEActiveStreamDevs: 6366: got dev 3 (PAL_DEVICE_OUT_SPEAKER) active streams on dev is 0
05-27 03:35:12.424 I/PAL: Device( 1756): setDeviceAttributes: 350: DeviceAttributes for Device Id 3 updated
05-27 03:35:12.424 I/PAL: ResourceManager( 1756): allocateFrontEndIds: 6000: allocateFrontEndIds: front end 117
05-27 03:35:12.424 I/PAL: PayloadBuilder( 1756): populateStreamKV: 2584: stream type 2
05-27 03:35:12.424 I/PAL: PayloadBuilder( 1756): getSelectorValues: 2412: Direction: 1
05-27 03:35:12.424 I/PAL: PayloadBuilder( 1756): getSelectorValues: 2428: Instance: 1
05-27 03:35:12.424 I/PAL: PayloadBuilder( 1756): findKVs: 2302: key: 0xa1000000 value: 0xa1000001
05-27 03:35:12.424 I/PAL: PayloadBuilder( 1756): findKVs: 2302: key: 0xab000000 value: 0x1
05-27 03:35:12.424 D/Avrcp_ext( 3992): AudioManager Player: AudioPlaybackConfiguration piid:41711 deviceId:0 type:android.media.SoundPool u/pid:10342/7709 state:idle attr:AudioAttributes: usage=USAGE_ASSISTANCE_SONIFICATION content=CONTENT_TYPE_SONIFICATION flags=0x800 tags= bundle=null sessionId:0 mutedState:none  FormatInfo{isSpatialized=false, channelMask=0x0, sampleRate=0}
05-27 03:35:12.424 I/PAL: PayloadBuilder( 1756): populateDeviceKV: 2698: Enter device id:3 (PAL_DEVICE_OUT_SPEAKER)
05-27 03:35:12.424 D/Avrcp_ext( 3992): AudioManager Player: AudioPlaybackConfiguration piid:49551 deviceId:0 type:android.media.AudioTrack u/pid:10289/19271 state:paused attr:AudioAttributes: usage=USAGE_MEDIA content=CONTENT_TYPE_MUSIC flags=0xA00 tags= bundle=null sessionId:44585 mutedState:none  FormatInfo{isSpatialized=false, channelMask=0x3, sampleRate=48000}
05-27 03:35:12.424 I/PAL: PayloadBuilder( 1756): findKVs: 2315: key: 0xa2000000 value: 0xa2000001
05-27 03:35:12.424 I/PAL: PayloadBuilder( 1756): populateDeviceKV: 2726: Exit device id:3, status 0
05-27 03:35:12.424 D/Avrcp_ext( 3992): AudioManager Player: AudioPlaybackConfiguration piid:49615 deviceId:2 type:android.media.MediaPlayer u/pid:10342/7709 state:stopped attr:AudioAttributes: usage=USAGE_VOICE_COMMUNICATION content=CONTENT_TYPE_SONIFICATION flags=0x800 tags= bundle=null sessionId:45185 mutedState:none  FormatInfo{isSpatialized=false, channelMask=0x1, sampleRate=44100}
05-27 03:35:12.424 I/PAL: PayloadBuilder( 1756): populateDevicePPKV: 2840: Rx device id:3 (PAL_DEVICE_OUT_SPEAKER)
05-27 03:35:12.424 I/PAL: PayloadBuilder( 1756): getSelectorValues: 2482: stream type: 2 (PAL_STREAM_DEEP_BUFFER)
05-27 03:35:12.424 D/Avrcp_ext( 3992): AudioManager Player: AudioPlaybackConfiguration piid:63 deviceId:0 type:android.media.SoundPool u/pid:1000/3077 state:idle attr:AudioAttributes: usage=USAGE_ASSISTANCE_SONIFICATION content=CONTENT_TYPE_SONIFICATION flags=0x800 tags= bundle=null sessionId:0 mutedState:none  FormatInfo{isSpatialized=false, channelMask=0x0, sampleRate=0}
05-27 03:35:12.424 I/PAL: PayloadBuilder( 1756): findKVs: 2302: key: 0xa2000000 value: 0xa2000001
05-27 03:35:12.424 I/PAL: PayloadBuilder( 1756): findKVs: 2302: key: 0xac000000 value: 0xac000002
05-27 03:35:12.424 I/PAL: PayloadBuilder( 1756): populateDevicePPCkv: 2994: SpeakerProt Status[1], RAS Status[0]
05-27 03:35:12.424 D/Avrcp_ext( 3992): AudioManager Player: AudioPlaybackConfiguration piid:38399 deviceId:0 type:android.media.SoundPool u/pid:1027/6379 state:idle attr:AudioAttributes: usage=USAGE_ASSISTANCE_SONIFICATION content=CONTENT_TYPE_SONIFICATION flags=0x800 tags= bundle=null sessionId:0 mutedState:none  FormatInfo{isSpatialized=false, channelMask=0x0, sampleRate=0}
05-27 03:35:12.424 D/Avrcp_ext( 3992): AudioManager Player: AudioPlaybackConfiguration piid:50271 deviceId:3 type:android.media.AudioTrack u/pid:10521/5526 state:started attr:AudioAttributes: usage=USAGE_MEDIA content=CONTENT_TYPE_MUSIC flags=0xE00 tags= bundle=null sessionId:45873 mutedState:none  FormatInfo{isSpatialized=false, channelMask=0x3, sampleRate=48000}
05-27 03:35:12.425 I/AGM: device( 1830): device_set_metadata: 691 Setting device metadata for CODEC_DMA-LPAIF_WSA-RX-0
05-27 03:35:12.425 D/AGM: metadata( 1830): metadata_print: 263 *************************Metadata*************************
05-27 03:35:12.425 D/AGM: metadata( 1830): metadata_print: 264 GKV size:1
05-27 03:35:12.425 D/AGM: metadata( 1830): metadata_print: 267 key:0xa2000000, value:0xa2000001(SPEAKER)
05-27 03:35:12.425 D/AGM: metadata( 1830): metadata_print: 271 
05-27 03:35:12.425 D/AGM: metadata( 1830): CKV count:1
05-27 03:35:12.425 D/AGM: metadata( 1830): metadata_print: 274 key:0xbe000000, value:0x3 
05-27 03:35:12.425 D/AGM: metadata( 1830): metadata_print: 276 
05-27 03:35:12.425 D/AGM: metadata( 1830): metadata_print: 278 Property ID:134217744
05-27 03:35:12.425 D/AGM: metadata( 1830): metadata_print: 279 property count:2
05-27 03:35:12.425 D/AGM: metadata( 1830): metadata_print: 282 Property Values: 
05-27 03:35:12.425 D/AGM: metadata( 1830): metadata_print: 284 0x2 
05-27 03:35:12.425 D/AGM: metadata( 1830): metadata_print: 284 0x5 
05-27 03:35:12.425 D/AGM: metadata( 1830): metadata_print: 286 
05-27 03:35:12.425 D/AGM: metadata( 1830): metadata_print: 287 ****************Metadata Done***************************
05-27 03:35:12.425 D/AGM: metadata( 1830): 
05-27 03:35:12.425 I/AGM: session( 1830): session_obj_set_sess_aif_metadata: 1772 Setting metadata for sess aif id 8
05-27 03:35:12.425 D/AGM: metadata( 1830): metadata_print: 263 *************************Metadata*************************
05-27 03:35:12.425 D/AGM: metadata( 1830): metadata_print: 264 GKV size:2
05-27 03:35:12.425 D/AGM: metadata( 1830): metadata_print: 267 key:0xa2000000, value:0xa2000001(SPEAKER)
05-27 03:35:12.425 D/AGM: metadata( 1830): metadata_print: 267 key:0xac000000, value:0xac000002(DEVICEPP_RX_AUDIO_MBDRC)
05-27 03:35:12.425 D/AGM: metadata( 1830): metadata_print: 271 
05-27 03:35:12.425 D/AGM: metadata( 1830): CKV count:4
05-27 03:35:12.425 D/AGM: metadata( 1830): metadata_print: 274 key:0xe4000000, value:0x0 
05-27 03:35:12.425 D/AGM: metadata( 1830): metadata_print: 274 key:0xe5000000, value:0x1 
05-27 03:35:12.425 D/AGM: metadata( 1830): metadata_print: 274 key:0xe6000000, value:0x0 
05-27 03:35:12.425 D/AGM: metadata( 1830): metadata_print: 274 key:0xd2000000, value:0x0 
05-27 03:35:12.425 D/AGM: metadata( 1830): metadata_print: 276 
05-27 03:35:12.425 D/AGM: metadata( 1830): metadata_print: 278 Property ID:134217744
05-27 03:35:12.425 D/AGM: metadata( 1830): metadata_print: 279 property count:1
05-27 03:35:12.425 D/AGM: metadata( 1830): metadata_print: 282 Property Values: 
05-27 03:35:12.425 D/AGM: metadata( 1830): metadata_print: 284 0x3 
05-27 03:35:12.425 D/AGM: metadata( 1830): metadata_print: 286 
05-27 03:35:12.425 D/AGM: metadata( 1830): metadata_print: 287 ****************Metadata Done***************************
05-27 03:35:12.425 D/AGM: metadata( 1830): 
05-27 03:35:12.425 I/AGM: session( 1830): session_obj_set_sess_aif_metadata: 1792 Exit
05-27 03:35:12.425 D/agm_server_wrapper( 1830): Aif id 8 already added to session list of 117
05-27 03:35:12.425 I/AGM: API( 1830): agm_session_aif_connect: 651 connecting aifid:8 with session id=117
05-27 03:35:12.425 I/PAL: Device( 1756): open: 420: Enter. deviceCount 0 for device id 3 (PAL_DEVICE_OUT_SPEAKER)
05-27 03:35:12.425 I/PAL: SessionAlsaUtils( 1756): setDeviceMediaConfig: 1007: CODEC_DMA-LPAIF_WSA-RX-0 rate ch fmt data_fmt 48000 2 2 1
05-27 03:35:12.425 D/audio_route( 1756): Apply path: speaker
05-27 03:35:12.425 D/Avrcp_ext( 3992): AudioManager Player in started state: com.deepeye.musicpro.debug
05-27 03:35:12.425 D/Avrcp_ext( 3992): AudioManager Active Player: com.deepeye.musicpro.debug
05-27 03:35:12.425 D/Avrcp_ext( 3992): AudioManager isPlaying: true, mAudioPlaybackIsActive = true
05-27 03:35:12.427 I/PAL: Device( 1756): open: 460: Exit. deviceCount 1 for device id 3 (PAL_DEVICE_OUT_SPEAKER), exit status: 0
05-27 03:35:12.427 I/PAL: ResourceManager( 1756): GetConcurrencyInfo: 4476: stream type 2 Tx conc 0, Rx conc 1, concurrency allowed
05-27 03:35:12.427 I/PAL: ResourceManager( 1756): GetConcurrencyInfo: 4476: stream type 2 Tx conc 0, Rx conc 1, concurrency allowed
05-27 03:35:12.427 I/PAL: ResourceManager( 1756): GetConcurrencyInfo: 4476: stream type 2 Tx conc 0, Rx conc 1, concurrency allowed
05-27 03:35:12.427 I/PAL: API( 1756): pal_stream_open: 221: Exit. Value of stream_handle 0xb400007a1d843ff0K, status 0
05-27 03:35:12.427 D/AHAL: AudioStream( 1756): GetBufferSize: 2848: type 2
05-27 03:35:12.427 D/AHAL: AudioStream( 1756): Open: 3158: fragment_size_ 7680 fragments_ 2
05-27 03:35:12.427 D/AHAL: AudioStream( 1756): Open: 3187: Exit ret: 0
05-27 03:35:12.427 D/AHAL: AudioStream( 1756): ~AutoPerfLock: 293: (release) perf_lock_handle: 0x68686, count: 1
05-27 03:35:12.427 D/AHAL: AudioStream( 1756): ~AutoPerfLock: 297: Releasing perf_lock_handle: 0x68686
05-27 03:35:12.428 D/AHAL: AudioStream( 1756): AutoPerfLock: 283: (Acquired) perf_lock_handle: 0x68687, count: 1
05-27 03:35:12.428 I/PAL: API( 1756): pal_stream_start: 285: Enter. Stream handle 0xb400007a1d843ff0K
05-27 03:35:12.428 I/PAL: StreamPCM( 1756): start: 409: Rx device id: 3 (PAL_DEVICE_OUT_SPEAKER)
05-27 03:35:12.428 I/PAL: PayloadBuilder( 1756): findKVs: 2315: key: 0xa3000000 value: 0xa3000009
05-27 03:35:12.428 I/AGM: device( 1830): device_set_metadata: 691 Setting device metadata for CODEC_DMA-LPAIF_WSA-TX-0
05-27 03:35:12.428 D/AGM: metadata( 1830): metadata_print: 263 *************************Metadata*************************
05-27 03:35:12.428 D/AGM: metadata( 1830): metadata_print: 264 GKV size:1
05-27 03:35:12.428 D/AGM: metadata( 1830): metadata_print: 267 key:0xa3000000, value:0xa3000009(VI_TX)
05-27 03:35:12.428 D/AGM: metadata( 1830): metadata_print: 271 
05-27 03:35:12.428 D/AGM: metadata( 1830): CKV count:1
05-27 03:35:12.428 D/AGM: metadata( 1830): metadata_print: 274 key:0xbf000000, value:0x2 
05-27 03:35:12.428 D/AGM: metadata( 1830): metadata_print: 276 
05-27 03:35:12.428 D/AGM: metadata( 1830): metadata_print: 278 Property ID:134217744
05-27 03:35:12.428 D/AGM: metadata( 1830): metadata_print: 279 property count:1
05-27 03:35:12.428 D/AGM: metadata( 1830): metadata_print: 282 Property Values: 
05-27 03:35:12.428 D/AGM: metadata( 1830): metadata_print: 284 0x2 
05-27 03:35:12.428 D/AGM: metadata( 1830): metadata_print: 286 
05-27 03:35:12.428 D/AGM: metadata( 1830): metadata_print: 287 ****************Metadata Done***************************
05-27 03:35:12.428 D/AGM: metadata( 1830): 
05-27 03:35:12.428 I/PAL: SessionAlsaUtils( 1756): setDeviceMediaConfig: 1007: CODEC_DMA-LPAIF_WSA-TX-0 rate ch fmt data_fmt 48000 2 10 1
05-27 03:35:12.428 I/PAL: ResourceManager( 1756): allocateFrontEndIds: 6032: allocateFrontEndIds: front end 121
05-27 03:35:12.428 I/AGM: API( 1830): agm_session_aif_connect: 651 connecting aifid:11 with session id=121
05-27 03:35:12.428 I/PAL: SpeakerProtection( 1756): spkrProtProcessingMode: 3471: Normal mode being used
05-27 03:35:12.428 I/PAL: Device( 1756): updateCustomPayload: 373: customPayloadSize = 40
05-27 03:35:12.428 I/PAL: Device( 1756): updateCustomPayload: 373: customPayloadSize = 80
05-27 03:35:12.428 I/PAL: Device( 1756): updateCustomPayload: 373: customPayloadSize = 104
05-27 03:35:12.428 I/PAL: SpeakerProtection( 1756): spkrProtProcessingMode: 3629: R0 5.914240 
05-27 03:35:12.428 I/PAL: SpeakerProtection( 1756): spkrProtProcessingMode: 3630: T0 26.000000 
05-27 03:35:12.428 I/PAL: SpeakerProtection( 1756): spkrProtProcessingMode: 3629: R0 5.942470 
05-27 03:35:12.428 I/PAL: SpeakerProtection( 1756): spkrProtProcessingMode: 3630: T0 31.000000 
05-27 03:35:12.428 I/PAL: Device( 1756): updateCustomPayload: 373: customPayloadSize = 144
05-27 03:35:12.429 D/agm_client_wrapper( 1756): agm_session_open called with handle = 605764f0 , *handle = 0
05-27 03:35:12.432 D/AGM: graph( 1830): graph_open: 580 entry
05-27 03:35:12.432 D/AGM: metadata( 1830): metadata_print: 263 *************************Metadata*************************
05-27 03:35:12.432 D/AGM: metadata( 1830): metadata_print: 264 GKV size:1
05-27 03:35:12.432 D/AGM: metadata( 1830): metadata_print: 267 key:0xa3000000, value:0xa3000009(VI_TX)
05-27 03:35:12.432 D/AGM: metadata( 1830): metadata_print: 271 
05-27 03:35:12.432 D/AGM: metadata( 1830): CKV count:1
05-27 03:35:12.432 D/AGM: metadata( 1830): metadata_print: 274 key:0xbf000000, value:0x2 
05-27 03:35:12.432 D/AGM: metadata( 1830): metadata_print: 276 
05-27 03:35:12.432 D/AGM: metadata( 1830): metadata_print: 278 Property ID:134217744
05-27 03:35:12.432 D/AGM: metadata( 1830): metadata_print: 279 property count:1
05-27 03:35:12.432 D/AGM: metadata( 1830): metadata_print: 282 Property Values: 
05-27 03:35:12.432 D/AGM: metadata( 1830): metadata_print: 284 0x2 
05-27 03:35:12.432 D/AGM: metadata( 1830): metadata_print: 286 
05-27 03:35:12.432 D/AGM: metadata( 1830): metadata_print: 287 ****************Metadata Done***************************
05-27 03:35:12.432 D/AGM: metadata( 1830): 
05-27 03:35:12.432 E/ACDB    ( 1830): AcdbCmdGetGraphAlias:4153 Error[19]: Graph Alias chunk data does not exist. Is it enabled?.
05-27 03:35:12.432 E/gsl     ( 1830): gsl_get_graph_alias:2191 acdb get graph alias failed 19, len 255
05-27 03:35:12.432 D/AGM: graph( 1830): print_graph_alias: 2357 gsl_get_graph_alias failed: ret = 19
05-27 03:35:12.432 D/AGM: graph( 1830): graph_open: 708 miid 4589 mid 7001024 tag c0000005
05-27 03:35:12.432 I/GPR:    ( 1830): __gpr_cmd_register_v2:902 GPR Register: Source Port is 8208 heap_index: 0
05-27 03:35:12.432 I/gsl     ( 1830): gsl_graph_open_sgids_and_connections:2726 num_sgid= 1
05-27 03:35:12.432 I/gsl     ( 1830): gsl_graph_open_sgids_and_connections:2727 sg list:
05-27 03:35:12.432 I/gsl     ( 1830): gsl_graph_open_sgids_and_connections:2729 b00000d5
05-27 03:35:12.432 I/gsl     ( 1830): gsl_send_spf_cmd:169 Wait for Rsp opcode[0x1001000] src_port[0x2010] dst_port[0x1] token 0x1140a
05-27 03:35:12.433 I/gsl     ( 1830): gsl_send_spf_cmd:183 rcvd pkt token : 0x1140a
05-27 03:35:12.433 I/gsl     ( 1830): gsl_send_spf_cmd:169 Wait for Rsp opcode[0x1001006] src_port[0x2010] dst_port[0x1] token 0x1140b
05-27 03:35:12.434 I/gsl     ( 1830): gsl_send_spf_cmd:183 rcvd pkt token : 0x1140b
05-27 03:35:12.434 E/gsl     ( 1830): gsl_graph_send_nonpersist_cal:790 send non-perist cal failed 3
05-27 03:35:12.434 E/ACDB    ( 1830): AcdbCmdGetProcSubgraphCalDataPersist:8416 Error[19]: No calibration found
05-27 03:35:12.434 D/AGM: graph( 1830): graph_open: 739 graph_handle 0x47534c
05-27 03:35:12.434 D/AGM: graph( 1830): graph_open: 774 exit, ret 0
05-27 03:35:12.434 D/AGM: graph( 1830): graph_set_config: 1134 entry graph_handle 0x47534c
05-27 03:35:12.434 I/gsl     ( 1830): gsl_send_spf_cmd:169 Wait for Rsp opcode[0x1001006] src_port[0x2010] dst_port[0x1] token 0x1140c
05-27 03:35:12.434 I/gsl     ( 1830): gsl_send_spf_cmd:183 rcvd pkt token : 0x1140c
05-27 03:35:12.434 D/AGM: graph( 1830): graph_set_config: 1142 exit, graph handle 0x47534c, ret 0
05-27 03:35:12.434 D/agm_client_wrapper( 1756): agm_session_open Received handle = 0x78605764f0 , *handle = b400007051f2d610
05-27 03:35:12.434 D/PLUGIN: pcm( 1756): agm_pcm_hw_params: 478 agm_pcm_hw_params: mode: 268435456
05-27 03:35:12.435 I/gsl     ( 1830): gsl_send_spf_cmd:169 Wait for Rsp opcode[0x100100e] src_port[0x2010] dst_port[0x458a] token 0x1140d
05-27 03:35:12.435 I/gsl     ( 1830): gsl_send_spf_cmd:183 rcvd pkt token : 0x1140d
05-27 03:35:12.435 I/PAL: SpeakerProtection( 1756): spkrProtProcessingMode: 3725: Normal mode being used
05-27 03:35:12.435 I/PAL: Device( 1756): updateCustomPayload: 373: customPayloadSize = 24
05-27 03:35:12.435 I/PAL: Device( 1756): updateCustomPayload: 373: customPayloadSize = 80
05-27 03:35:12.435 I/PAL: Device( 1756): updateCustomPayload: 373: customPayloadSize = 184
05-27 03:35:12.435 D/audio_route( 1756): Apply path: vi-feedback
05-27 03:35:12.435 D/AGM: graph( 1830): graph_prepare: 835 entry graph_handle 0x47534c
05-27 03:35:12.435 D/AGM: graph_module( 1830): configure_hw_ep_media_config: 664 entry mod tag c0000005 miid 4589 mid 7001024
05-27 03:35:12.435 D/AGM: graph_module( 1830): configure_hw_ep_media_config: 694 rate 48000 bw 32 ch 2, data_fmt 1
05-27 03:35:12.435 I/gsl     ( 1830): gsl_send_spf_cmd:169 Wait for Rsp opcode[0x1001006] src_port[0x2010] dst_port[0x4589] token 0x1140e
05-27 03:35:12.435 I/gsl     ( 1830): gsl_send_spf_cmd:183 rcvd pkt token : 0x1140e
05-27 03:35:12.435 D/AGM: graph_module( 1830): configure_hw_ep_media_config: 704 exit, ret 0
05-27 03:35:12.435 D/AGM: graph_module( 1830): configure_codec_dma_ep: 281 cdc_dma intf cfg lpaif 2 indx 1 ch_msk 3
05-27 03:35:12.435 I/gsl     ( 1830): gsl_send_spf_cmd:169 Wait for Rsp opcode[0x1001006] src_port[0x2010] dst_port[0x4589] token 0x1140f
05-27 03:35:12.436 I/gsl     ( 1830): gsl_send_spf_cmd:183 rcvd pkt token : 0x1140f
05-27 03:35:12.436 D/AGM: graph_module( 1830): configure_codec_dma_ep: 296 exit, ret 0
05-27 03:35:12.436 I/gsl     ( 1830): gsl_send_spf_cmd:169 Wait for Rsp opcode[0x1001001] src_port[0x2010] dst_port[0x1] token 0x11410
05-27 03:35:12.436 I/gsl     ( 1830): gsl_send_spf_cmd:183 rcvd pkt token : 0x11410
05-27 03:35:12.436 D/AGM: graph( 1830): graph_prepare: 913 exit, ret 0
05-27 03:35:12.436 D/AGM: graph( 1830): graph_start: 927 entry graph_handle 0x47534c
05-27 03:35:12.436 I/gsl     ( 1830): gsl_send_spf_cmd:169 Wait for Rsp opcode[0x1001002] src_port[0x2010] dst_port[0x1] token 0x11411
05-27 03:35:12.438 I/gsl     ( 1830): gsl_send_spf_cmd:183 rcvd pkt token : 0x11411
05-27 03:35:12.438 D/AGM: graph( 1830): graph_start: 939 exit, ret 0
05-27 03:35:12.438 I/PAL: SessionAlsaUtils( 1756): setDeviceMediaConfig: 1007: CODEC_DMA-LPAIF_WSA-RX-0 rate ch fmt data_fmt 48000 2 2 1
05-27 03:35:12.438 I/PAL: ResourceManager( 1756): voteSleepMonitor: 1439: Enter for stream type 2
05-27 03:35:12.438 I/PAL: ResourceManager( 1756): voteSleepMonitor: 1491: Voting done for nlpi use case, lpi votes 0, nlpi votes : 1
05-27 03:35:12.439 D/agm_client_wrapper( 1756): agm_session_open called with handle = 60576c10 , *handle = 0
05-27 03:35:12.440 D/AGM: graph( 1830): graph_open: 580 entry
05-27 03:35:12.440 D/AGM: metadata( 1830): metadata_print: 263 *************************Metadata*************************
05-27 03:35:12.440 D/AGM: metadata( 1830): metadata_print: 264 GKV size:4
05-27 03:35:12.440 D/AGM: metadata( 1830): metadata_print: 267 key:0xa1000000, value:0xa1000001(PCM_DEEP_BUFFER)
05-27 03:35:12.440 D/AGM: metadata( 1830): metadata_print: 267 key:0xab000000, value:0x1( )
05-27 03:35:12.440 D/AGM: metadata( 1830): metadata_print: 267 key:0xa2000000, value:0xa2000001(SPEAKER)
05-27 03:35:12.440 D/AGM: metadata( 1830): metadata_print: 267 key:0xac000000, value:0xac000002(DEVICEPP_RX_AUDIO_MBDRC)
05-27 03:35:12.440 D/AGM: metadata( 1830): metadata_print: 271 
05-27 03:35:12.440 D/AGM: metadata( 1830): CKV count:6
05-27 03:35:12.440 D/AGM: metadata( 1830): metadata_print: 274 key:0xa4000000, value:0xf 
05-27 03:35:12.440 D/AGM: metadata( 1830): metadata_print: 274 key:0xe4000000, value:0x0 
05-27 03:35:12.440 D/AGM: metadata( 1830): metadata_print: 274 key:0xe5000000, value:0x1 
05-27 03:35:12.440 D/AGM: metadata( 1830): metadata_print: 274 key:0xe6000000, value:0x0 
05-27 03:35:12.440 D/AGM: metadata( 1830): metadata_print: 274 key:0xd2000000, value:0x0 
05-27 03:35:12.440 D/AGM: metadata( 1830): metadata_print: 274 key:0xbe000000, value:0x3 
05-27 03:35:12.440 D/AGM: metadata( 1830): metadata_print: 276 
05-27 03:35:12.440 D/AGM: metadata( 1830): metadata_print: 278 Property ID:134217744
05-27 03:35:12.440 D/AGM: metadata( 1830): metadata_print: 279 property count:4
05-27 03:35:12.440 D/AGM: metadata( 1830): metadata_print: 282 Property Values: 
05-27 03:35:12.440 D/AGM: metadata( 1830): metadata_print: 284 0x1 
05-27 03:35:12.440 D/AGM: metadata( 1830): metadata_print: 284 0x3 
05-27 03:35:12.440 D/AGM: metadata( 1830): metadata_print: 284 0x2 
05-27 03:35:12.440 D/AGM: metadata( 1830): metadata_print: 284 0x5 
05-27 03:35:12.440 D/AGM: metadata( 1830): metadata_print: 286 
05-27 03:35:12.440 D/AGM: metadata( 1830): metadata_print: 287 ****************Metadata Done***************************
05-27 03:35:12.440 D/AGM: metadata( 1830): 
05-27 03:35:12.440 E/ACDB    ( 1830): AcdbCmdGetGraphAlias:4153 Error[19]: Graph Alias chunk data does not exist. Is it enabled?.
05-27 03:35:12.440 E/gsl     ( 1830): gsl_get_graph_alias:2191 acdb get graph alias failed 19, len 255
05-27 03:35:12.440 D/AGM: graph( 1830): print_graph_alias: 2357 gsl_get_graph_alias failed: ret = 19
05-27 03:35:12.440 D/AGM: graph( 1830): graph_open: 660 miid 4001 mid 7001000 tag c0000002
05-27 03:35:12.440 D/AGM: graph( 1830): graph_open: 708 miid 43b1 mid 7001023 tag c0000004
05-27 03:35:12.440 D/AGM: graph( 1830): graph_open: 660 miid 4019 mid 7001019 tag c0000006
05-27 03:35:12.440 D/AGM: graph( 1830): graph_open: 660 miid 4003 mid 7001005 tag c000000e
05-27 03:35:12.440 D/AGM: graph( 1830): graph_open: 660 miid 4004 mid 7001003 tag c0000010
05-27 03:35:12.440 D/AGM: graph( 1830): graph_open: 660 miid 4163 mid 7001032 tag c0000013
05-27 03:35:12.440 I/GPR:    ( 1830): __gpr_cmd_register_v2:902 GPR Register: Source Port is 8209 heap_index: 0
05-27 03:35:12.440 I/gsl     ( 1830): gsl_graph_open_sgids_and_connections:2726 num_sgid= 4
05-27 03:35:12.440 I/gsl     ( 1830): gsl_graph_open_sgids_and_connections:2727 sg list:
05-27 03:35:12.440 I/gsl     ( 1830): gsl_graph_open_sgids_and_connections:2729 b0000002
05-27 03:35:12.440 I/gsl     ( 1830): gsl_graph_open_sgids_and_connections:2729 b0000008
05-27 03:35:12.440 I/gsl     ( 1830): gsl_graph_open_sgids_and_connections:2729 b000001c
05-27 03:35:12.440 I/gsl     ( 1830): gsl_graph_open_sgids_and_connections:2729 b0000001
05-27 03:35:12.440 I/gsl     ( 1830): gsl_print_sg_conn_info:186 num_sg_conn = 3
05-27 03:35:12.440 I/gsl     ( 1830): gsl_print_sg_conn_info:188 sg b0000008 has 1 children:
05-27 03:35:12.440 I/gsl     ( 1830): gsl_print_sg_conn_info:191 b0000002, 
05-27 03:35:12.440 I/gsl     ( 1830): gsl_print_sg_conn_info:188 sg b000001c has 1 children:
05-27 03:35:12.440 I/gsl     ( 1830): gsl_print_sg_conn_info:191 b0000008, 
05-27 03:35:12.440 I/gsl     ( 1830): gsl_print_sg_conn_info:188 sg b0000001 has 1 children:
05-27 03:35:12.440 I/gsl     ( 1830): gsl_print_sg_conn_info:191 b000001c, 
05-27 03:35:12.440 I/gsl     ( 1830): gsl_send_spf_cmd:169 Wait for Rsp opcode[0x1001000] src_port[0x2011] dst_port[0x1] token 0x11412
05-27 03:35:12.443 I/audioadsprpcd( 1232): vendor/qcom/proprietary/adsprpc/src/apps_std_imp.c:860: Successfully opened file /vendor/dsp/adsp/CFCM.so.1
05-27 03:35:12.444 V/Avrcp_ext( 3992): onPlaybackStateChanged: state PlaybackState {state=PLAYING(3), position=0, buffered position=3021, speed=1.0, updated=1655901591, actions=7340031, custom actions=[], active item id=0, error=null}
05-27 03:35:12.445 V/APM: MediaControlManager( 3992): onPlaybackStateChanged
05-27 03:35:12.445 W/McpService( 3992): updatePlaybackState state PlaybackState {state=PLAYING(3), position=0, buffered position=3021, speed=1.0, updated=1655901591, actions=7340031, custom actions=[], active item id=0, error=null}
05-27 03:35:12.445 W/McpService( 3992): updatePlaybackState mState: 1 state: 1
05-27 03:35:12.447 I/audioadsprpcd( 1232): vendor/qcom/proprietary/adsprpc/src/apps_std_imp.c:860: Successfully opened file /vendor/dsp/adsp/SAPlusCmnModule.so.1
05-27 03:35:12.450 V/Avrcp_ext( 3992): updateCurrentMediaState: mMediaController: MediaController (com.deepeye.musicpro.debug@296f697) Chaand Baaliyan – Aditya A. | Trending Song | Official Video, Sony Music India, null
05-27 03:35:12.450 W/Avrcp_ext( 3992): isMusicActive: true getBluetoothPlayState: 1 A2dp State: 11 mAudioPlaybackIsActive: true
05-27 03:35:12.452 D/MediaDataManager( 7709): State updated outside of notification
05-27 03:35:12.452 D/Avrcp_ext( 3992): isMusicActive = true mAudioPlaybackIsActive = true player state = PlaybackState {state=PLAYING(3), position=8, buffered position=3021, speed=1.0, updated=1655901600, actions=7340031, custom actions=[], active item id=0, error=null}
05-27 03:35:12.453 I/gsl     ( 1830): gsl_send_spf_cmd:183 rcvd pkt token : 0x11412
05-27 03:35:12.454 I/gsl     ( 1830): gsl_send_spf_cmd:169 Wait for Rsp opcode[0x1001006] src_port[0x2011] dst_port[0x1] token 0x11413
05-27 03:35:12.454 W/ConstraintSet( 7709): id unknown center_vertical_guideline
05-27 03:35:12.454 W/ConstraintSet( 7709): id unknown action_button_guideline
05-27 03:35:12.454 W/ConstraintSet( 7709): id unknown icon
05-27 03:35:12.454 W/ConstraintSet( 7709): id unknown media_seamless
05-27 03:35:12.454 W/ConstraintSet( 7709): id unknown media_action_barrier_start
05-27 03:35:12.454 W/ConstraintSet( 7709): id unknown media_action_barrier_end
05-27 03:35:12.454 W/ConstraintSet( 7709): id unknown media_action_barrier_top
05-27 03:35:12.454 W/ConstraintSet( 7709): id unknown remove_text
05-27 03:35:12.454 W/ConstraintSet( 7709): id unknown settings
05-27 03:35:12.454 W/ConstraintSet( 7709): id unknown dismiss
05-27 03:35:12.454 W/ConstraintSet( 7709): id unknown cancel
05-27 03:35:12.454 I/gsl     ( 1830): gsl_send_spf_cmd:183 rcvd pkt token : 0x11413
05-27 03:35:12.454 E/ACDB    ( 1830): AcdbCmdGetProcSubgraphCalDataPersist:8416 Error[19]: No calibration found
05-27 03:35:12.454 E/ACDB    ( 1830): AcdbCmdGetProcSubgraphCalDataPersist:8416 Error[19]: No calibration found
05-27 03:35:12.454 E/ACDB    ( 1830): AcdbCmdGetProcSubgraphCalDataPersist:8416 Error[19]: No calibration found
05-27 03:35:12.455 E/ACDB    ( 1830): AcdbCmdGetProcSubgraphCalDataPersist:8416 Error[19]: No calibration found
05-27 03:35:12.455 D/AGM: graph( 1830): graph_open: 739 graph_handle 0x147534c
05-27 03:35:12.455 D/AGM: graph( 1830): graph_open: 774 exit, ret 0
05-27 03:35:12.455 D/AGM: graph( 1830): graph_set_config: 1134 entry graph_handle 0x147534c
05-27 03:35:12.455 I/gsl     ( 1830): gsl_send_spf_cmd:169 Wait for Rsp opcode[0x1001006] src_port[0x2011] dst_port[0x1] token 0x11414
05-27 03:35:12.455 D/Avrcp_ext( 3992): overwrite album_artist :if album is blank
05-27 03:35:12.455 I/gsl     ( 1830): gsl_send_spf_cmd:183 rcvd pkt token : 0x11414
05-27 03:35:12.455 D/AGM: graph( 1830): graph_set_config: 1142 exit, graph handle 0x147534c, ret 0
05-27 03:35:12.455 D/agm_client_wrapper( 1756): agm_session_open Received handle = 0x7860576c10 , *handle = b400007051f2bf50
05-27 03:35:12.455 D/PLUGIN: pcm( 1756): agm_pcm_hw_params: 478 agm_pcm_hw_params: mode: 0
05-27 03:35:12.456 I/PAL: Session( 1756): updateCustomPayload: 580: customPayloadSize = 32
05-27 03:35:12.456 D/AGM: graph( 1830): graph_set_config: 1134 entry graph_handle 0x147534c
05-27 03:35:12.456 I/gsl     ( 1830): gsl_send_spf_cmd:169 Wait for Rsp opcode[0x1001006] src_port[0x2011] dst_port[0x40b6] token 0x11415
05-27 03:35:12.456 I/gsl     ( 1830): gsl_send_spf_cmd:183 rcvd pkt token : 0x11415
05-27 03:35:12.456 D/AGM: graph( 1830): graph_set_config: 1142 exit, graph handle 0x147534c, ret 0
05-27 03:35:12.456 D/AGM: graph( 1830): graph_prepare: 835 entry graph_handle 0x147534c
05-27 03:35:12.456 D/AGM: graph_module( 1830): configure_pcm_shared_mem_ep: 1604 entry mod tag c0000002 miid 4001 mid 7001000
05-27 03:35:12.456 I/gsl     ( 1830): gsl_send_spf_cmd:169 Wait for Rsp opcode[0x1001006] src_port[0x2011] dst_port[0x4001] token 0x11416
05-27 03:35:12.456 I/gsl     ( 1830): gsl_send_spf_cmd:183 rcvd pkt token : 0x11416
05-27 03:35:12.456 D/AGM: graph_module( 1830): configure_pcm_shared_mem_ep: 1680 exit, ret 0
05-27 03:35:12.456 D/AGM: graph_module( 1830): configure_hw_ep_media_config: 664 entry mod tag c0000004 miid 43b1 mid 7001023
05-27 03:35:12.456 D/AGM: graph_module( 1830): configure_hw_ep_media_config: 694 rate 48000 bw 16 ch 2, data_fmt 1
05-27 03:35:12.456 I/gsl     ( 1830): gsl_send_spf_cmd:169 Wait for Rsp opcode[0x1001006] src_port[0x2011] dst_port[0x43b1] token 0x11417
05-27 03:35:12.457 I/gsl     ( 1830): gsl_send_spf_cmd:183 rcvd pkt token : 0x11417
05-27 03:35:12.457 D/AGM: graph_module( 1830): configure_hw_ep_media_config: 704 exit, ret 0
05-27 03:35:12.457 D/AGM: graph_module( 1830): configure_codec_dma_ep: 281 cdc_dma intf cfg lpaif 2 indx 1 ch_msk 3
05-27 03:35:12.457 I/gsl     ( 1830): gsl_send_spf_cmd:169 Wait for Rsp opcode[0x1001006] src_port[0x2011] dst_port[0x43b1] token 0x11418
05-27 03:35:12.457 I/gsl     ( 1830): gsl_send_spf_cmd:183 rcvd pkt token : 0x11418
05-27 03:35:12.457 D/AGM: graph_module( 1830): configure_codec_dma_ep: 296 exit, ret 0
05-27 03:35:12.457 D/AGM: graph_module( 1830): configure_output_media_format: 790 entry mod tag c000000e miid 4003 mid 7001005
05-27 03:35:12.457 I/gsl     ( 1830): gsl_send_spf_cmd:169 Wait for Rsp opcode[0x1001006] src_port[0x2011] dst_port[0x4003] token 0x11419
05-27 03:35:12.457 I/gsl     ( 1830): gsl_send_spf_cmd:183 rcvd pkt token : 0x11419
05-27 03:35:12.457 D/AGM: graph_module( 1830): configure_output_media_format: 921 exit, ret 0
05-27 03:35:12.457 D/AGM: graph_module( 1830): configure_output_media_format: 790 entry mod tag c0000010 miid 4004 mid 7001003
05-27 03:35:12.457 I/gsl     ( 1830): gsl_send_spf_cmd:169 Wait for Rsp opcode[0x1001006] src_port[0x2011] dst_port[0x4004] token 0x1141a
05-27 03:35:12.457 I/gsl     ( 1830): gsl_send_spf_cmd:183 rcvd pkt token : 0x1141a
05-27 03:35:12.457 D/AGM: graph_module( 1830): configure_output_media_format: 921 exit, ret 0
05-27 03:35:12.457 D/AGM: graph_module( 1830): configure_spr: 1804 SPR module IID 4163
05-27 03:35:12.457 D/AGM: graph_module( 1830): configure_spr: 1827 HW EP module IID 43b1
05-27 03:35:12.457 I/gsl     ( 1830): gsl_send_spf_cmd:169 Wait for Rsp opcode[0x1001006] src_port[0x2011] dst_port[0x4163] token 0x1141b
05-27 03:35:12.458 I/gsl     ( 1830): gsl_send_spf_cmd:183 rcvd pkt token : 0x1141b
05-27 03:35:12.458 D/AGM: graph( 1830): configure_buffer_params: 202 Enter
05-27 03:35:12.458 D/AGM: graph( 1830): configure_buffer_params: 265 Playback sess buf_sz 7680 num_bufs 2
05-27 03:35:12.458 E/AGM: graph( 1830): configure_buffer_params: 298 Unsupported buffer mode : 0, Default to Blocking
05-27 03:35:12.458 D/AGM: graph( 1830): configure_buffer_params: 318 exit, ret 0
05-27 03:35:12.458 I/gsl     ( 1830): gsl_send_spf_cmd:169 Wait for Rsp opcode[0x1001001] src_port[0x2011] dst_port[0x1] token 0x1141c
05-27 03:35:12.459 V/Avrcp_ext( 3992): Media update: id 0➡0? [MediaAttributes: C⋯o -  by S⋯a (0 0/0) - ] : [MediaAttributes: C⋯o -  by S⋯a (0 0/0) - ]
05-27 03:35:12.459 D/Avrcp_ext( 3992): isPackageNameValid: browsedPackage = com.deepeye.musicpro.debugisValid = true
05-27 03:35:12.459 V/Avrcp_ext( 3992): isBrowseSupported for com.deepeye.musicpro.debug: false
05-27 03:35:12.459 W/Avrcp_ext( 3992): updateCurrentMediaState: isInactivePlayer = false
05-27 03:35:12.459 V/Avrcp_ext( 3992): updatePlaybackState, state: PlaybackState {state=PLAYING(3), position=8, buffered position=3021, speed=1.0, updated=1655901600, actions=7340031, custom actions=[], active item id=0, error=null} device: null
05-27 03:35:12.459 V/Avrcp_ext( 3992): Device: no name: 
05-27 03:35:12.459 V/Avrcp_ext( 3992): Device: no name: 
05-27 03:35:12.459 V/Avrcp_ext( 3992): Device: no name: 
05-27 03:35:12.459 V/Avrcp_ext( 3992): Device: no name: 
05-27 03:35:12.459 V/Avrcp_ext( 3992): Device: no name: 
05-27 03:35:12.459 V/Avrcp_ext( 3992): updatePlayerStateAndPosition, old=PlaybackState {state=PLAYING(3), position=1378, buffered position=0, speed=1.0, updated=1655901558, actions=7339703, custom actions=[], active item id=0, error=null}, state=PlaybackState {state=PLAYING(3), position=8, buffered position=3021, speed=1.0, updated=1655901600, actions=7340031, custom actions=[], active item id=0, error=null}
05-27 03:35:12.460 V/Avrcp_ext( 3992): old state = PlaybackState {state=PLAYING(3), position=1378, buffered position=0, speed=1.0, updated=1655901558, actions=7339703, custom actions=[], active item id=0, error=null}, new state= PlaybackState {state=PLAYING(3), position=8, buffered position=3021, speed=1.0, updated=1655901600, actions=7340031, custom actions=[], active item id=0, error=null}
05-27 03:35:12.460 D/HeadsetService( 3992): getHeadsetService(): returning com.android.bluetooth.hfp.HeadsetService@9390a13
05-27 03:35:12.460 E/HeadsetStateMachine( 3992): returning mCurrentState as Disconnected
05-27 03:35:12.460 E/HeadsetStateMachine( 3992): returning mCurrentState as Disconnected
05-27 03:35:12.460 I/gsl     ( 1830): gsl_send_spf_cmd:183 rcvd pkt token : 0x1141c
05-27 03:35:12.460 D/HeadsetService( 3992):  isAudioOn: The number of audio connected devices 0
05-27 03:35:12.460 D/AGM: graph( 1830): graph_prepare: 913 exit, ret 0
05-27 03:35:12.460 D/HeadsetService( 3992): isScoOrCallActive(): Call Active:falseCall is Ringing:falseSCO is Active:false
05-27 03:35:12.460 E/HeadsetStateMachine( 3992): returning mCurrentState as Disconnected
05-27 03:35:12.460 E/HeadsetStateMachine( 3992): returning mCurrentState as Disconnected
05-27 03:35:12.460 D/HeadsetService( 3992):  isAudioOn: The number of audio connected devices 0
05-27 03:35:12.461 V/Avrcp_ext( 3992): isPlayStateTobeUpdated: device: null
05-27 03:35:12.461 V/Avrcp_ext( 3992): Single connection exists
05-27 03:35:12.461 D/AGM: session( 1830): session_start: 1102 configuring device early - for SLIMBUS EPs
05-27 03:35:12.461 D/AGM: graph( 1830): graph_start: 927 entry graph_handle 0x147534c
05-27 03:35:12.461 E/HeadsetStateMachine( 3992): returning mCurrentState as Disconnected
05-27 03:35:12.461 E/HeadsetStateMachine( 3992): returning mCurrentState as Disconnected
05-27 03:35:12.461 D/HeadsetService( 3992):  isAudioOn: The number of audio connected devices 0
05-27 03:35:12.461 D/HeadsetService( 3992): isScoOrCallActive(): Call Active:falseCall is Ringing:falseSCO is Active:false
05-27 03:35:12.461 E/HeadsetStateMachine( 3992): returning mCurrentState as Disconnected
05-27 03:35:12.461 E/HeadsetStateMachine( 3992): returning mCurrentState as Disconnected
05-27 03:35:12.461 D/HeadsetService( 3992):  isAudioOn: The number of audio connected devices 0
05-27 03:35:12.461 V/Avrcp_ext( 3992): isPlayStateTobeUpdated: device: null
05-27 03:35:12.461 V/Avrcp_ext( 3992): Single connection exists
05-27 03:35:12.461 E/HeadsetStateMachine( 3992): returning mCurrentState as Disconnected
05-27 03:35:12.461 I/gsl     ( 1830): gsl_send_spf_cmd:169 Wait for Rsp opcode[0x1001002] src_port[0x2011] dst_port[0x1] token 0x1141d
05-27 03:35:12.461 E/HeadsetStateMachine( 3992): returning mCurrentState as Disconnected
05-27 03:35:12.461 D/HeadsetService( 3992):  isAudioOn: The number of audio connected devices 0
05-27 03:35:12.461 D/HeadsetService( 3992): isScoOrCallActive(): Call Active:falseCall is Ringing:falseSCO is Active:false
05-27 03:35:12.461 E/HeadsetStateMachine( 3992): returning mCurrentState as Disconnected
05-27 03:35:12.461 E/HeadsetStateMachine( 3992): returning mCurrentState as Disconnected
05-27 03:35:12.461 D/HeadsetService( 3992):  isAudioOn: The number of audio connected devices 0
05-27 03:35:12.461 V/Avrcp_ext( 3992): isPlayStateTobeUpdated: device: null
05-27 03:35:12.461 V/Avrcp_ext( 3992): Single connection exists
05-27 03:35:12.461 E/HeadsetStateMachine( 3992): returning mCurrentState as Disconnected
05-27 03:35:12.461 E/HeadsetStateMachine( 3992): returning mCurrentState as Disconnected
05-27 03:35:12.461 D/HeadsetService( 3992):  isAudioOn: The number of audio connected devices 0
05-27 03:35:12.462 D/HeadsetService( 3992): isScoOrCallActive(): Call Active:falseCall is Ringing:falseSCO is Active:false
05-27 03:35:12.462 E/HeadsetStateMachine( 3992): returning mCurrentState as Disconnected
05-27 03:35:12.462 E/HeadsetStateMachine( 3992): returning mCurrentState as Disconnected
05-27 03:35:12.462 D/HeadsetService( 3992):  isAudioOn: The number of audio connected devices 0
05-27 03:35:12.462 V/Avrcp_ext( 3992): isPlayStateTobeUpdated: device: null
05-27 03:35:12.462 V/Avrcp_ext( 3992): Single connection exists
05-27 03:35:12.462 E/HeadsetStateMachine( 3992): returning mCurrentState as Disconnected
05-27 03:35:12.462 E/HeadsetStateMachine( 3992): returning mCurrentState as Disconnected
05-27 03:35:12.462 D/HeadsetService( 3992):  isAudioOn: The number of audio connected devices 0
05-27 03:35:12.462 D/HeadsetService( 3992): isScoOrCallActive(): Call Active:falseCall is Ringing:falseSCO is Active:false
05-27 03:35:12.462 E/HeadsetStateMachine( 3992): returning mCurrentState as Disconnected
05-27 03:35:12.462 E/HeadsetStateMachine( 3992): returning mCurrentState as Disconnected
05-27 03:35:12.462 D/HeadsetService( 3992):  isAudioOn: The number of audio connected devices 0
05-27 03:35:12.462 V/Avrcp_ext( 3992): isPlayStateTobeUpdated: device: null
05-27 03:35:12.462 V/Avrcp_ext( 3992): Single connection exists
05-27 03:35:12.462 D/Avrcp_ext( 3992): Enter sendPlayPosNotificationRsp
05-27 03:35:12.462 D/Avrcp_ext( 3992): sendPlayPosNotificationRsp: Not registered or requesting.
05-27 03:35:12.462 D/Avrcp_ext( 3992): Enter sendPlayPosNotificationRsp
05-27 03:35:12.462 D/Avrcp_ext( 3992): sendPlayPosNotificationRsp: Not registered or requesting.
05-27 03:35:12.462 D/Avrcp_ext( 3992): Enter sendPlayPosNotificationRsp
05-27 03:35:12.462 D/Avrcp_ext( 3992): sendPlayPosNotificationRsp: Not registered or requesting.
05-27 03:35:12.462 D/Avrcp_ext( 3992): Enter sendPlayPosNotificationRsp
05-27 03:35:12.462 D/Avrcp_ext( 3992): sendPlayPosNotificationRsp: Not registered or requesting.
05-27 03:35:12.462 D/Avrcp_ext( 3992): Enter sendPlayPosNotificationRsp
05-27 03:35:12.462 D/Avrcp_ext( 3992): sendPlayPosNotificationRsp: Not registered or requesting.
05-27 03:35:12.462 V/Avrcp_ext( 3992): Exit updatePlayerStateAndPosition
05-27 03:35:12.462 D/APM: ActiveDeviceManagerServiceLegacy( 3992): getActiveAbsoluteDevice(): device: null
05-27 03:35:12.462 D/APM: ActiveDeviceManagerServiceLegacy( 3992): isStableState(): true
05-27 03:35:12.462 D/Avrcp_ext( 3992): isAdmStable = true activeAbsAddr = null device = null
05-27 03:35:12.462 V/APM: MediaControlManager( 3992): onPlaybackStateChanged
05-27 03:35:12.462 W/McpService( 3992): updatePlaybackState state PlaybackState {state=PLAYING(3), position=8, buffered position=3021, speed=1.0, updated=1655901600, actions=7340031, custom actions=[], active item id=0, error=null}
05-27 03:35:12.462 W/McpService( 3992): updatePlaybackState mState: 1 state: 1
05-27 03:35:12.462 W/Avrcp_ext( 3992): updated player state = PlaybackState {state=PLAYING(3), position=8, buffered position=3021, speed=1.0, updated=1655901600, actions=7340031, custom actions=[], active item id=0, error=null}to MCP module also
05-27 03:35:12.462 V/Avrcp_ext( 3992):  Exit onPlaybackStateChanged
05-27 03:35:12.462 V/Avrcp_ext( 3992): onPlaybackStateChanged: state PlaybackState {state=PLAYING(3), position=0, buffered position=3021, speed=1.0, updated=1655901592, actions=7340031, custom actions=[], active item id=0, error=null}
05-27 03:35:12.462 V/APM: MediaControlManager( 3992): onPlaybackStateChanged
05-27 03:35:12.462 W/McpService( 3992): updatePlaybackState state PlaybackState {state=PLAYING(3), position=0, buffered position=3021, speed=1.0, updated=1655901592, actions=7340031, custom actions=[], active item id=0, error=null}
05-27 03:35:12.462 W/McpService( 3992): updatePlaybackState mState: 1 state: 1
05-27 03:35:12.464 I/gsl     ( 1830): gsl_send_spf_cmd:183 rcvd pkt token : 0x1141d
05-27 03:35:12.464 D/AGM: graph( 1830): graph_start: 939 exit, ret 0
05-27 03:35:12.467 V/Avrcp_ext( 3992): updateCurrentMediaState: mMediaController: MediaController (com.deepeye.musicpro.debug@296f697) Chaand Baaliyan – Aditya A. | Trending Song | Official Video, Sony Music India, null
05-27 03:35:12.467 W/Avrcp_ext( 3992): isMusicActive: true getBluetoothPlayState: 1 A2dp State: 11 mAudioPlaybackIsActive: true
05-27 03:35:12.467 D/Avrcp_ext( 3992): isMusicActive = true mAudioPlaybackIsActive = true player state = PlaybackState {state=PLAYING(3), position=23, buffered position=3021, speed=1.0, updated=1655901615, actions=7340031, custom actions=[], active item id=0, error=null}
05-27 03:35:12.471 D/Avrcp_ext( 3992): overwrite album_artist :if album is blank
05-27 03:35:12.473 V/Avrcp_ext( 3992): Media update: id 0➡0? [MediaAttributes: C⋯o -  by S⋯a (0 0/0) - ] : [MediaAttributes: C⋯o -  by S⋯a (0 0/0) - ]
05-27 03:35:12.473 D/Avrcp_ext( 3992): isPackageNameValid: browsedPackage = com.deepeye.musicpro.debugisValid = true
05-27 03:35:12.473 V/Avrcp_ext( 3992): isBrowseSupported for com.deepeye.musicpro.debug: false
05-27 03:35:12.473 W/Avrcp_ext( 3992): updateCurrentMediaState: isInactivePlayer = false
05-27 03:35:12.473 V/Avrcp_ext( 3992): updatePlaybackState, state: PlaybackState {state=PLAYING(3), position=23, buffered position=3021, speed=1.0, updated=1655901615, actions=7340031, custom actions=[], active item id=0, error=null} device: null
05-27 03:35:12.473 V/Avrcp_ext( 3992): Device: no name: 
05-27 03:35:12.473 V/Avrcp_ext( 3992): Device: no name: 
05-27 03:35:12.473 V/Avrcp_ext( 3992): Device: no name: 
05-27 03:35:12.473 V/Avrcp_ext( 3992): Device: no name: 
05-27 03:35:12.473 V/Avrcp_ext( 3992): Device: no name: 
05-27 03:35:12.473 V/Avrcp_ext( 3992): updatePlayerStateAndPosition, old=PlaybackState {state=PLAYING(3), position=8, buffered position=3021, speed=1.0, updated=1655901600, actions=7340031, custom actions=[], active item id=0, error=null}, state=PlaybackState {state=PLAYING(3), position=23, buffered position=3021, speed=1.0, updated=1655901615, actions=7340031, custom actions=[], active item id=0, error=null}
05-27 03:35:12.473 V/Avrcp_ext( 3992): old state = PlaybackState {state=PLAYING(3), position=8, buffered position=3021, speed=1.0, updated=1655901600, actions=7340031, custom actions=[], active item id=0, error=null}, new state= PlaybackState {state=PLAYING(3), position=23, buffered position=3021, speed=1.0, updated=1655901615, actions=7340031, custom actions=[], active item id=0, error=null}
05-27 03:35:12.473 D/HeadsetService( 3992): getHeadsetService(): returning com.android.bluetooth.hfp.HeadsetService@9390a13
05-27 03:35:12.473 E/HeadsetStateMachine( 3992): returning mCurrentState as Disconnected
05-27 03:35:12.473 E/HeadsetStateMachine( 3992): returning mCurrentState as Disconnected
05-27 03:35:12.473 D/HeadsetService( 3992):  isAudioOn: The number of audio connected devices 0
05-27 03:35:12.473 D/HeadsetService( 3992): isScoOrCallActive(): Call Active:falseCall is Ringing:falseSCO is Active:false
05-27 03:35:12.473 E/HeadsetStateMachine( 3992): returning mCurrentState as Disconnected
05-27 03:35:12.473 E/HeadsetStateMachine( 3992): returning mCurrentState as Disconnected
05-27 03:35:12.473 D/HeadsetService( 3992):  isAudioOn: The number of audio connected devices 0
05-27 03:35:12.473 V/Avrcp_ext( 3992): isPlayStateTobeUpdated: device: null
05-27 03:35:12.473 V/Avrcp_ext( 3992): Single connection exists
05-27 03:35:12.473 E/HeadsetStateMachine( 3992): returning mCurrentState as Disconnected
05-27 03:35:12.473 E/HeadsetStateMachine( 3992): returning mCurrentState as Disconnected
05-27 03:35:12.473 D/HeadsetService( 3992):  isAudioOn: The number of audio connected devices 0
05-27 03:35:12.473 D/HeadsetService( 3992): isScoOrCallActive(): Call Active:falseCall is Ringing:falseSCO is Active:false
05-27 03:35:12.473 E/HeadsetStateMachine( 3992): returning mCurrentState as Disconnected
05-27 03:35:12.473 E/HeadsetStateMachine( 3992): returning mCurrentState as Disconnected
05-27 03:35:12.473 D/HeadsetService( 3992):  isAudioOn: The number of audio connected devices 0
05-27 03:35:12.473 V/Avrcp_ext( 3992): isPlayStateTobeUpdated: device: null
05-27 03:35:12.473 V/Avrcp_ext( 3992): Single connection exists
05-27 03:35:12.473 E/HeadsetStateMachine( 3992): returning mCurrentState as Disconnected
05-27 03:35:12.473 E/HeadsetStateMachine( 3992): returning mCurrentState as Disconnected
05-27 03:35:12.473 D/HeadsetService( 3992):  isAudioOn: The number of audio connected devices 0
05-27 03:35:12.473 D/HeadsetService( 3992): isScoOrCallActive(): Call Active:falseCall is Ringing:falseSCO is Active:false
05-27 03:35:12.473 E/HeadsetStateMachine( 3992): returning mCurrentState as Disconnected
05-27 03:35:12.473 E/HeadsetStateMachine( 3992): returning mCurrentState as Disconnected
05-27 03:35:12.473 D/HeadsetService( 3992):  isAudioOn: The number of audio connected devices 0
05-27 03:35:12.473 V/Avrcp_ext( 3992): isPlayStateTobeUpdated: device: null
05-27 03:35:12.473 V/Avrcp_ext( 3992): Single connection exists
05-27 03:35:12.473 E/HeadsetStateMachine( 3992): returning mCurrentState as Disconnected
05-27 03:35:12.474 E/HeadsetStateMachine( 3992): returning mCurrentState as Disconnected
