05-27 03:27:17.160 D/Avrcp_ext( 3992): AudioManager Player: AudioPlaybackConfiguration piid:50263 deviceId:3 type:AAudio u/pid:10521/770 state:stopped attr:AudioAttributes: usage=USAGE_MEDIA content=CONTENT_TYPE_UNKNOWN source=DEFAULT flags=0x400 tags= bundle=null sessionId:-1 mutedState:none  FormatInfo{isSpatialized=false, channelMask=0x3, sampleRate=48000}
05-27 03:27:17.160 D/Avrcp_ext( 3992): AudioManager Player: AudioPlaybackConfiguration piid:63 deviceId:0 type:android.media.SoundPool u/pid:1000/3077 state:idle attr:AudioAttributes: usage=USAGE_ASSISTANCE_SONIFICATION content=CONTENT_TYPE_SONIFICATION flags=0x800 tags= bundle=null sessionId:0 mutedState:none  FormatInfo{isSpatialized=false, channelMask=0x0, sampleRate=0}
05-27 03:27:17.160 D/Avrcp_ext( 3992): AudioManager Player: AudioPlaybackConfiguration piid:38399 deviceId:0 type:android.media.SoundPool u/pid:1027/6379 state:idle attr:AudioAttributes: usage=USAGE_ASSISTANCE_SONIFICATION content=CONTENT_TYPE_SONIFICATION flags=0x800 tags= bundle=null sessionId:0 mutedState:none  FormatInfo{isSpatialized=false, channelMask=0x0, sampleRate=0}
05-27 03:27:17.160 D/Avrcp_ext( 3992): AudioManager isPlaying: false, mAudioPlaybackIsActive = true
05-27 03:27:17.160 D/Avrcp_ext( 3992): AudioManager Reset Active Player
05-27 03:27:17.160 V/Avrcp_ext( 3992): AvrcpMessageHandler: received message=38
05-27 03:27:17.160 D/Avrcp_ext( 3992): MSG_UPDATE_CURRENT_MEDIA_STATE
05-27 03:27:17.162 V/Avrcp_ext( 3992): updateCurrentMediaState: mMediaController: MediaController (com.deepeye.musicpro.debug@8fb2c32) null
05-27 03:27:17.162 W/Avrcp_ext( 3992): isMusicActive: true getBluetoothPlayState: 1 A2dp State: 11 mAudioPlaybackIsActive: false
05-27 03:27:17.162 D/Avrcp_ext( 3992): isMusicActive = true mAudioPlaybackIsActive = false player state = PlaybackState {state=PLAYING(3), position=2149, buffered position=0, speed=1.0, updated=1655426310, actions=7339703, custom actions=[], active item id=0, error=null}
05-27 03:27:17.163 W/cr_MediaCodecBridge(  770): Releasing: c2.qti.vp9.decoder
05-27 03:27:17.163 D/SurfaceUtils(  770): connecting to surface 0xb400007786c9fe00, reason connectToSurface
05-27 03:27:17.163 I/MediaCodec(  770): [c2.qti.vp9.decoder] setting surface generation to 788486
05-27 03:27:17.163 V/Avrcp_ext( 3992): Media update: id 0➡0? [MediaAttributes: none] : [MediaAttributes: none]
05-27 03:27:17.163 D/SurfaceUtils(  770): disconnecting from surface 0xb400007786c9fe00, reason connectToSurface(reconnect)
05-27 03:27:17.163 D/Surface (  770): Surface::disconnect
05-27 03:27:17.163 D/BufferQueueProducer(  770): [MediaCodec.release](id:30200000006,api:3,p:770,c:770) disconnect: api 3
05-27 03:27:17.163 D/Avrcp_ext( 3992): isPackageNameValid: browsedPackage = com.deepeye.musicpro.debugisValid = true
05-27 03:27:17.163 D/SurfaceUtils(  770): connecting to surface 0xb400007786c9fe00, reason connectToSurface(reconnect)
05-27 03:27:17.163 V/Avrcp_ext( 3992): isBrowseSupported for com.deepeye.musicpro.debug: false
05-27 03:27:17.163 W/Avrcp_ext( 3992): updateCurrentMediaState: isInactivePlayer = false
05-27 03:27:17.163 V/Avrcp_ext( 3992): updatePlaybackState, state: PlaybackState {state=PLAYING(3), position=2149, buffered position=0, speed=1.0, updated=1655426310, actions=7339703, custom actions=[], active item id=0, error=null} device: null
05-27 03:27:17.163 V/Avrcp_ext( 3992): Device: no name: 
05-27 03:27:17.163 V/Avrcp_ext( 3992): Device: no name: 
05-27 03:27:17.163 V/Avrcp_ext( 3992): Device: no name: 
05-27 03:27:17.163 V/Avrcp_ext( 3992): Device: no name: 
05-27 03:27:17.163 V/Avrcp_ext( 3992): Device: no name: 
05-27 03:27:17.163 V/Avrcp_ext( 3992): updatePlayerStateAndPosition, old=PlaybackState {state=PLAYING(3), position=2, buffered position=0, speed=1.0, updated=1655424163, actions=7339703, custom actions=[], active item id=0, error=null}, state=PlaybackState {state=PLAYING(3), position=2149, buffered position=0, speed=1.0, updated=1655426310, actions=7339703, custom actions=[], active item id=0, error=null}
05-27 03:27:17.163 V/Avrcp_ext( 3992): old state = PlaybackState {state=PLAYING(3), position=2, buffered position=0, speed=1.0, updated=1655424163, actions=7339703, custom actions=[], active item id=0, error=null}, new state= PlaybackState {state=PLAYING(3), position=2149, buffered position=0, speed=1.0, updated=1655426310, actions=7339703, custom actions=[], active item id=0, error=null}
05-27 03:27:17.163 D/HeadsetService( 3992): getHeadsetService(): returning com.android.bluetooth.hfp.HeadsetService@9390a13
05-27 03:27:17.163 E/HeadsetStateMachine( 3992): returning mCurrentState as Disconnected
05-27 03:27:17.163 E/HeadsetStateMachine( 3992): returning mCurrentState as Disconnected
05-27 03:27:17.163 D/HeadsetService( 3992):  isAudioOn: The number of audio connected devices 0
05-27 03:27:17.163 D/HeadsetService( 3992): isScoOrCallActive(): Call Active:falseCall is Ringing:falseSCO is Active:false
05-27 03:27:17.163 E/HeadsetStateMachine( 3992): returning mCurrentState as Disconnected
05-27 03:27:17.163 E/HeadsetStateMachine( 3992): returning mCurrentState as Disconnected
05-27 03:27:17.163 D/HeadsetService( 3992):  isAudioOn: The number of audio connected devices 0
05-27 03:27:17.163 V/Avrcp_ext( 3992): isPlayStateTobeUpdated: device: null
05-27 03:27:17.163 V/Avrcp_ext( 3992): Single connection exists
05-27 03:27:17.163 E/HeadsetStateMachine( 3992): returning mCurrentState as Disconnected
05-27 03:27:17.163 E/HeadsetStateMachine( 3992): returning mCurrentState as Disconnected
05-27 03:27:17.163 D/HeadsetService( 3992):  isAudioOn: The number of audio connected devices 0
05-27 03:27:17.163 D/HeadsetService( 3992): isScoOrCallActive(): Call Active:falseCall is Ringing:falseSCO is Active:false
05-27 03:27:17.163 E/HeadsetStateMachine( 3992): returning mCurrentState as Disconnected
05-27 03:27:17.163 E/HeadsetStateMachine( 3992): returning mCurrentState as Disconnected
05-27 03:27:17.163 D/HeadsetService( 3992):  isAudioOn: The number of audio connected devices 0
05-27 03:27:17.163 V/Avrcp_ext( 3992): isPlayStateTobeUpdated: device: null
05-27 03:27:17.163 V/Avrcp_ext( 3992): Single connection exists
05-27 03:27:17.163 E/HeadsetStateMachine( 3992): returning mCurrentState as Disconnected
05-27 03:27:17.163 E/HeadsetStateMachine( 3992): returning mCurrentState as Disconnected
05-27 03:27:17.163 D/Codec2-OutputBufferQueue(  770): remote graphic buffer migration 0/0
05-27 03:27:17.163 D/HeadsetService( 3992):  isAudioOn: The number of audio connected devices 0
05-27 03:27:17.163 D/HeadsetService( 3992): isScoOrCallActive(): Call Active:falseCall is Ringing:falseSCO is Active:false
05-27 03:27:17.164 E/HeadsetStateMachine( 3992): returning mCurrentState as Disconnected
05-27 03:27:17.164 E/HeadsetStateMachine( 3992): returning mCurrentState as Disconnected
05-27 03:27:17.164 D/HeadsetService( 3992):  isAudioOn: The number of audio connected devices 0
05-27 03:27:17.164 V/Avrcp_ext( 3992): isPlayStateTobeUpdated: device: null
05-27 03:27:17.164 V/Avrcp_ext( 3992): Single connection exists
05-27 03:27:17.164 E/QC2Interface( 1859): Few parameters failed to configure
05-27 03:27:17.164 E/HeadsetStateMachine( 3992): returning mCurrentState as Disconnected
05-27 03:27:17.164 D/Codec2Client(  770): setOutputSurface -- failed to set consumer usage (6/BAD_INDEX)
05-27 03:27:17.164 D/Codec2Client(  770): setOutputSurface -- generation=788486 consumer usage=0x900
05-27 03:27:17.164 E/HeadsetStateMachine( 3992): returning mCurrentState as Disconnected
05-27 03:27:17.164 D/HeadsetService( 3992):  isAudioOn: The number of audio connected devices 0
05-27 03:27:17.164 D/HeadsetService( 3992): isScoOrCallActive(): Call Active:falseCall is Ringing:falseSCO is Active:false
05-27 03:27:17.164 E/HeadsetStateMachine( 3992): returning mCurrentState as Disconnected
05-27 03:27:17.164 E/HeadsetStateMachine( 3992): returning mCurrentState as Disconnected
05-27 03:27:17.164 D/HeadsetService( 3992):  isAudioOn: The number of audio connected devices 0
05-27 03:27:17.164 V/Avrcp_ext( 3992): isPlayStateTobeUpdated: device: null
05-27 03:27:17.164 V/Avrcp_ext( 3992): Single connection exists
05-27 03:27:17.164 E/HeadsetStateMachine( 3992): returning mCurrentState as Disconnected
05-27 03:27:17.164 D/qdgralloc(  770): Falling back to default YUV format - no camera/video specific format defined, usage 0x100
05-27 03:27:17.164 E/HeadsetStateMachine( 3992): returning mCurrentState as Disconnected
05-27 03:27:17.164 D/HeadsetService( 3992):  isAudioOn: The number of audio connected devices 0
05-27 03:27:17.164 D/HeadsetService( 3992): isScoOrCallActive(): Call Active:falseCall is Ringing:falseSCO is Active:false
05-27 03:27:17.164 E/HeadsetStateMachine( 3992): returning mCurrentState as Disconnected
05-27 03:27:17.164 E/HeadsetStateMachine( 3992): returning mCurrentState as Disconnected
05-27 03:27:17.164 D/qdgralloc( 1833): Falling back to default YUV format - no camera/video specific format defined, usage 0x100
05-27 03:27:17.164 D/HeadsetService( 3992):  isAudioOn: The number of audio connected devices 0
05-27 03:27:17.165 V/Avrcp_ext( 3992): isPlayStateTobeUpdated: device: null
05-27 03:27:17.165 V/Avrcp_ext( 3992): Single connection exists
05-27 03:27:17.165 D/Avrcp_ext( 3992): Enter sendPlayPosNotificationRsp
05-27 03:27:17.165 D/Avrcp_ext( 3992): sendPlayPosNotificationRsp: Not registered or requesting.
05-27 03:27:17.165 D/Avrcp_ext( 3992): Enter sendPlayPosNotificationRsp
05-27 03:27:17.165 D/qdgralloc( 1859): Falling back to default YUV format - no camera/video specific format defined, usage 0x100
05-27 03:27:17.165 D/Avrcp_ext( 3992): sendPlayPosNotificationRsp: Not registered or requesting.
05-27 03:27:17.165 D/Avrcp_ext( 3992): Enter sendPlayPosNotificationRsp
05-27 03:27:17.165 D/Avrcp_ext( 3992): sendPlayPosNotificationRsp: Not registered or requesting.
05-27 03:27:17.165 D/Avrcp_ext( 3992): Enter sendPlayPosNotificationRsp
05-27 03:27:17.165 D/Avrcp_ext( 3992): sendPlayPosNotificationRsp: Not registered or requesting.
05-27 03:27:17.165 D/Avrcp_ext( 3992): Enter sendPlayPosNotificationRsp
05-27 03:27:17.165 D/Avrcp_ext( 3992): sendPlayPosNotificationRsp: Not registered or requesting.
05-27 03:27:17.165 V/Avrcp_ext( 3992): Exit updatePlayerStateAndPosition
05-27 03:27:17.165 D/APM: ActiveDeviceManagerServiceLegacy( 3992): getActiveAbsoluteDevice(): device: null
05-27 03:27:17.165 D/APM: ActiveDeviceManagerServiceLegacy( 3992): isStableState(): true
05-27 03:27:17.165 D/Avrcp_ext( 3992): isAdmStable = true activeAbsAddr = null device = null
05-27 03:27:17.165 V/APM: MediaControlManager( 3992): onPlaybackStateChanged
05-27 03:27:17.165 W/McpService( 3992): updatePlaybackState state PlaybackState {state=PLAYING(3), position=2149, buffered position=0, speed=1.0, updated=1655426310, actions=7339703, custom actions=[], active item id=0, error=null}
05-27 03:27:17.165 W/McpService( 3992): updatePlaybackState mState: 1 state: 1
05-27 03:27:17.165 W/Avrcp_ext( 3992): updated player state = PlaybackState {state=PLAYING(3), position=2149, buffered position=0, speed=1.0, updated=1655426310, actions=7339703, custom actions=[], active item id=0, error=null}to MCP module also
05-27 03:27:17.165 V/Avrcp_ext( 3992): Exit handleMessage
05-27 03:27:17.166 W/BufferQueueProducer(  770): [ImageReader-1x1f22u256m2-770-2](id:30200000005,api:3,p:770,c:770) detachBuffer: slot 6 is not owned by the producer (state = FREE)
05-27 03:27:17.166 W/BufferQueueProducer(  770): [ImageReader-1x1f22u256m2-770-2](id:30200000005,api:3,p:770,c:770) detachBuffer: slot 7 is not owned by the producer (state = FREE)
05-27 03:27:17.166 W/BufferQueueProducer(  770): [ImageReader-1x1f22u256m2-770-2](id:30200000005,api:3,p:770,c:770) detachBuffer: slot 9 is not owned by the producer (state = FREE)
05-27 03:27:17.166 W/BufferQueueProducer(  770): [ImageReader-1x1f22u256m2-770-2](id:30200000005,api:3,p:770,c:770) detachBuffer: slot 10 is not owned by the producer (state = FREE)
05-27 03:27:17.166 W/BufferQueueProducer(  770): [ImageReader-1x1f22u256m2-770-2](id:30200000005,api:3,p:770,c:770) detachBuffer: slot 11 is not owned by the producer (state = FREE)
05-27 03:27:17.166 W/BufferQueueProducer(  770): [ImageReader-1x1f22u256m2-770-2](id:30200000005,api:3,p:770,c:770) detachBuffer: slot 13 is not owned by the producer (state = FREE)
05-27 03:27:17.167 W/BufferQueueProducer(  770): [ImageReader-1x1f22u256m2-770-2](id:30200000005,api:3,p:770,c:770) detachBuffer: slot 19 is not owned by the producer (state = FREE)
05-27 03:27:17.167 W/BufferQueueProducer(  770): [ImageReader-1x1f22u256m2-770-2](id:30200000005,api:3,p:770,c:770) detachBuffer: slot 21 is not owned by the producer (state = FREE)
05-27 03:27:17.167 W/BufferQueueProducer(  770): [ImageReader-1x1f22u256m2-770-2](id:30200000005,api:3,p:770,c:770) detachBuffer: slot 22 is not owned by the producer (state = ACQUIRED)
05-27 03:27:17.167 W/BufferQueueProducer(  770): [ImageReader-1x1f22u256m2-770-2](id:30200000005,api:3,p:770,c:770) detachBuffer: slot 26 is not owned by the producer (state = FREE)
05-27 03:27:17.167 W/BufferQueueProducer(  770): [ImageReader-1x1f22u256m2-770-2](id:30200000005,api:3,p:770,c:770) detachBuffer: slot 27 is not owned by the producer (state = FREE)
05-27 03:27:17.167 W/BufferQueueProducer(  770): [ImageReader-1x1f22u256m2-770-2](id:30200000005,api:3,p:770,c:770) detachBuffer: slot 28 is not owned by the producer (state = FREE)
05-27 03:27:17.168 W/BufferQueueProducer(  770): [ImageReader-1x1f22u256m2-770-2](id:30200000005,api:3,p:770,c:770) detachBuffer: slot 29 is not owned by the producer (state = FREE)
05-27 03:27:17.168 W/BufferQueueProducer(  770): [ImageReader-1x1f22u256m2-770-2](id:30200000005,api:3,p:770,c:770) detachBuffer: slot 30 is not owned by the producer (state = FREE)
05-27 03:27:17.168 W/BufferQueueProducer(  770): [ImageReader-1x1f22u256m2-770-2](id:30200000005,api:3,p:770,c:770) detachBuffer: slot 31 is not owned by the producer (state = FREE)
05-27 03:27:17.168 W/BufferQueueProducer(  770): [ImageReader-1x1f22u256m2-770-2](id:30200000005,api:3,p:770,c:770) detachBuffer: slot 32 is not owned by the producer (state = FREE)
05-27 03:27:17.168 W/BufferQueueProducer(  770): [ImageReader-1x1f22u256m2-770-2](id:30200000005,api:3,p:770,c:770) detachBuffer: slot 33 is not owned by the producer (state = FREE)
05-27 03:27:17.168 W/BufferQueueProducer(  770): [ImageReader-1x1f22u256m2-770-2](id:30200000005,api:3,p:770,c:770) detachBuffer: slot 34 is not owned by the producer (state = FREE)
05-27 03:27:17.168 W/BufferQueueProducer(  770): [ImageReader-1x1f22u256m2-770-2](id:30200000005,api:3,p:770,c:770) detachBuffer: slot 35 is not owned by the producer (state = FREE)
05-27 03:27:17.168 W/BufferQueueProducer(  770): [ImageReader-1x1f22u256m2-770-2](id:30200000005,api:3,p:770,c:770) detachBuffer: slot 36 is not owned by the producer (state = FREE)
05-27 03:27:17.168 W/BufferQueueProducer(  770): [ImageReader-1x1f22u256m2-770-2](id:30200000005,api:3,p:770,c:770) detachBuffer: slot 37 is not owned by the producer (state = FREE)
05-27 03:27:17.168 W/BufferQueueProducer(  770): [ImageReader-1x1f22u256m2-770-2](id:30200000005,api:3,p:770,c:770) detachBuffer: slot 38 is not owned by the producer (state = FREE)
05-27 03:27:17.168 W/BufferQueueProducer(  770): [ImageReader-1x1f22u256m2-770-2](id:30200000005,api:3,p:770,c:770) detachBuffer: slot 39 is not owned by the producer (state = FREE)
05-27 03:27:17.168 W/BufferQueueProducer(  770): [ImageReader-1x1f22u256m2-770-2](id:30200000005,api:3,p:770,c:770) detachBuffer: slot 40 is not owned by the producer (state = FREE)
05-27 03:27:17.168 W/BufferQueueProducer(  770): [ImageReader-1x1f22u256m2-770-2](id:30200000005,api:3,p:770,c:770) detachBuffer: slot 41 is not owned by the producer (state = FREE)
05-27 03:27:17.168 W/BufferQueueProducer(  770): [ImageReader-1x1f22u256m2-770-2](id:30200000005,api:3,p:770,c:770) detachBuffer: slot 42 is not owned by the producer (state = FREE)
05-27 03:27:17.168 W/BufferQueueProducer(  770): [ImageReader-1x1f22u256m2-770-2](id:30200000005,api:3,p:770,c:770) detachBuffer: slot 43 is not owned by the producer (state = FREE)
05-27 03:27:17.168 W/BufferQueueProducer(  770): [ImageReader-1x1f22u256m2-770-2](id:30200000005,api:3,p:770,c:770) detachBuffer: slot 44 is not owned by the producer (state = FREE)
05-27 03:27:17.168 W/BufferQueueProducer(  770): [ImageReader-1x1f22u256m2-770-2](id:30200000005,api:3,p:770,c:770) detachBuffer: slot 45 is not owned by the producer (state = FREE)
05-27 03:27:17.168 W/BufferQueueProducer(  770): [ImageReader-1x1f22u256m2-770-2](id:30200000005,api:3,p:770,c:770) detachBuffer: slot 46 is not owned by the producer (state = FREE)
05-27 03:27:17.169 W/BufferQueueProducer(  770): [ImageReader-1x1f22u256m2-770-2](id:30200000005,api:3,p:770,c:770) detachBuffer: slot 47 is not owned by the producer (state = FREE)
05-27 03:27:17.169 W/BufferQueueProducer(  770): [ImageReader-1x1f22u256m2-770-2](id:30200000005,api:3,p:770,c:770) detachBuffer: slot 48 is not owned by the producer (state = FREE)
05-27 03:27:17.169 W/BufferQueueProducer(  770): [ImageReader-1x1f22u256m2-770-2](id:30200000005,api:3,p:770,c:770) detachBuffer: slot 49 is not owned by the producer (state = FREE)
05-27 03:27:17.169 W/BufferQueueProducer(  770): [ImageReader-1x1f22u256m2-770-2](id:30200000005,api:3,p:770,c:770) detachBuffer: slot 50 is not owned by the producer (state = FREE)
05-27 03:27:17.169 W/BufferQueueProducer(  770): [ImageReader-1x1f22u256m2-770-2](id:30200000005,api:3,p:770,c:770) detachBuffer: slot 51 is not owned by the producer (state = FREE)
05-27 03:27:17.169 W/BufferQueueProducer(  770): [ImageReader-1x1f22u256m2-770-2](id:30200000005,api:3,p:770,c:770) detachBuffer: slot 52 is not owned by the producer (state = FREE)
05-27 03:27:17.169 W/BufferQueueProducer(  770): [ImageReader-1x1f22u256m2-770-2](id:30200000005,api:3,p:770,c:770) detachBuffer: slot 53 is not owned by the producer (state = FREE)
05-27 03:27:17.169 W/BufferQueueProducer(  770): [ImageReader-1x1f22u256m2-770-2](id:30200000005,api:3,p:770,c:770) detachBuffer: slot 54 is not owned by the producer (state = FREE)
05-27 03:27:17.169 W/BufferQueueProducer(  770): [ImageReader-1x1f22u256m2-770-2](id:30200000005,api:3,p:770,c:770) detachBuffer: slot 55 is not owned by the producer (state = FREE)
05-27 03:27:17.169 W/BufferQueueProducer(  770): [ImageReader-1x1f22u256m2-770-2](id:30200000005,api:3,p:770,c:770) detachBuffer: slot 56 is not owned by the producer (state = FREE)
05-27 03:27:17.169 W/BufferQueueProducer(  770): [ImageReader-1x1f22u256m2-770-2](id:30200000005,api:3,p:770,c:770) detachBuffer: slot 57 is not owned by the producer (state = FREE)
05-27 03:27:17.169 W/BufferQueueProducer(  770): [ImageReader-1x1f22u256m2-770-2](id:30200000005,api:3,p:770,c:770) detachBuffer: slot 58 is not owned by the producer (state = FREE)
05-27 03:27:17.169 W/BufferQueueProducer(  770): [ImageReader-1x1f22u256m2-770-2](id:30200000005,api:3,p:770,c:770) detachBuffer: slot 59 is not owned by the producer (state = FREE)
05-27 03:27:17.169 W/BufferQueueProducer(  770): [ImageReader-1x1f22u256m2-770-2](id:30200000005,api:3,p:770,c:770) detachBuffer: slot 60 is not owned by the producer (state = FREE)
05-27 03:27:17.169 W/BufferQueueProducer(  770): [ImageReader-1x1f22u256m2-770-2](id:30200000005,api:3,p:770,c:770) detachBuffer: slot 61 is not owned by the producer (state = FREE)
05-27 03:27:17.169 W/BufferQueueProducer(  770): [ImageReader-1x1f22u256m2-770-2](id:30200000005,api:3,p:770,c:770) detachBuffer: slot 62 is not owned by the producer (state = FREE)
05-27 03:27:17.169 W/BufferQueueProducer(  770): [ImageReader-1x1f22u256m2-770-2](id:30200000005,api:3,p:770,c:770) detachBuffer: slot 63 is not owned by the producer (state = FREE)
05-27 03:27:17.172 D/C2BqBuffer( 1859): local generation change 788486 , bqId: 3307124817926 migrated buffers # 17
05-27 03:27:17.172 D/Codec2Client(  770): Surface configure completed
05-27 03:27:17.173 D/SurfaceUtils(  770): disconnecting from surface 0xb400007786cca740, reason disconnectFromSurface
05-27 03:27:17.173 D/Surface (  770): Surface::disconnect
05-27 03:27:17.173 D/BufferQueueProducer(  770): [ImageReader-1x1f22u256m2-770-2](id:30200000005,api:3,p:770,c:770) disconnect: api 3
05-27 03:27:17.173 I/QC2Comp ( 1859): [vp9D_1719] Stats: Pending(0) i/p-done(0) Works: Q: 601/Done 602|Work-Rate: Q(27.7/s Avg=29.6/s) Done(27.696/s Avg=29.677/s)| Stream: 30.30fps 39.3Kbps
05-27 03:27:17.173 I/QC2Comp ( 1859): [vp9D_1719] Mem-usage:  [In-1D: 5 bufs 18.691 MB] [1D-3413: 21 bufs 0.328 MB] [2D-3414: 26 bufs 17.469 MB] | Total: 36.488 MB
05-27 03:27:17.173 E/QC2Comp ( 1859): comp.release() is called without comp.stop()
05-27 03:27:17.173 W/cr_MediaCodecBridge(  770): Codec released
05-27 03:27:17.178 I/QC2V4l2Driver( 1859): [vp9D_1719] Closed device driver with fd: 6
05-27 03:27:17.181 D/BufferPoolAccessor2.0( 1859): bufferpool2 0xb400007959a205e8 : 0(0 size) total buffers - 0(0 size) used buffers - 0/21 (recycle/alloc) - 0/0 (fetch/transfer)
05-27 03:27:17.181 D/BufferPoolAccessor2.0( 1859): Destruction - bufferpool2 0xb400007959a205e8 cached: 0/0M, 0/0% in use; allocs: 21, 0% recycled; transfers: 0, 0% unfetched
05-27 03:27:17.181 I/QC2Comp ( 1859): NOTE: handleStopCodec returning: 0 (OK=0)
05-27 03:27:17.181 I/QC2Comp ( 1859): NOTE: Release returning: 0 (OK=0)
05-27 03:27:17.181 W/BufferQueueProducer(  770): [MediaCodec.release](id:30200000006,api:3,p:770,c:770) detachBuffer: slot 0 is not owned by the producer (state = FREE)
05-27 03:27:17.181 W/BufferQueueProducer(  770): [MediaCodec.release](id:30200000006,api:3,p:770,c:770) detachBuffer: slot 1 is not owned by the producer (state = FREE)
05-27 03:27:17.181 W/BufferQueueProducer(  770): [MediaCodec.release](id:30200000006,api:3,p:770,c:770) detachBuffer: slot 2 is not owned by the producer (state = FREE)
05-27 03:27:17.181 W/BufferQueueProducer(  770): [MediaCodec.release](id:30200000006,api:3,p:770,c:770) detachBuffer: slot 3 is not owned by the producer (state = FREE)
05-27 03:27:17.182 W/BufferQueueProducer(  770): [MediaCodec.release](id:30200000006,api:3,p:770,c:770) detachBuffer: slot 4 is not owned by the producer (state = FREE)
05-27 03:27:17.182 W/BufferQueueProducer(  770): [MediaCodec.release](id:30200000006,api:3,p:770,c:770) detachBuffer: slot 5 is not owned by the producer (state = FREE)
05-27 03:27:17.182 W/BufferQueueProducer(  770): [MediaCodec.release](id:30200000006,api:3,p:770,c:770) detachBuffer: slot 6 is not owned by the producer (state = FREE)
05-27 03:27:17.182 W/BufferQueueProducer(  770): [MediaCodec.release](id:30200000006,api:3,p:770,c:770) detachBuffer: slot 7 is not owned by the producer (state = FREE)
05-27 03:27:17.182 W/BufferQueueProducer(  770): [MediaCodec.release](id:30200000006,api:3,p:770,c:770) detachBuffer: slot 8 is not owned by the producer (state = FREE)
05-27 03:27:17.182 W/BufferQueueProducer(  770): [MediaCodec.release](id:30200000006,api:3,p:770,c:770) detachBuffer: slot 9 is not owned by the producer (state = FREE)
05-27 03:27:17.182 W/BufferQueueProducer(  770): [MediaCodec.release](id:30200000006,api:3,p:770,c:770) detachBuffer: slot 10 is not owned by the producer (state = FREE)
05-27 03:27:17.182 W/BufferQueueProducer(  770): [MediaCodec.release](id:30200000006,api:3,p:770,c:770) detachBuffer: slot 11 is not owned by the producer (state = FREE)
05-27 03:27:17.182 W/BufferQueueProducer(  770): [MediaCodec.release](id:30200000006,api:3,p:770,c:770) detachBuffer: slot 12 is not owned by the producer (state = FREE)
05-27 03:27:17.182 W/BufferQueueProducer(  770): [MediaCodec.release](id:30200000006,api:3,p:770,c:770) detachBuffer: slot 13 is not owned by the producer (state = FREE)
05-27 03:27:17.182 W/BufferQueueProducer(  770): [MediaCodec.release](id:30200000006,api:3,p:770,c:770) detachBuffer: slot 14 is not owned by the producer (state = FREE)
05-27 03:27:17.182 W/BufferQueueProducer(  770): [MediaCodec.release](id:30200000006,api:3,p:770,c:770) detachBuffer: slot 15 is not owned by the producer (state = FREE)
05-27 03:27:17.182 W/BufferQueueProducer(  770): [MediaCodec.release](id:30200000006,api:3,p:770,c:770) detachBuffer: slot 16 is not owned by the producer (state = FREE)
05-27 03:27:17.182 W/BufferQueueProducer(  770): [MediaCodec.release](id:30200000006,api:3,p:770,c:770) detachBuffer: slot 17 is not owned by the producer (state = FREE)
05-27 03:27:17.182 W/BufferQueueProducer(  770): [MediaCodec.release](id:30200000006,api:3,p:770,c:770) detachBuffer: slot 18 is not owned by the producer (state = FREE)
05-27 03:27:17.183 W/BufferQueueProducer(  770): [MediaCodec.release](id:30200000006,api:3,p:770,c:770) detachBuffer: slot 19 is not owned by the producer (state = FREE)
05-27 03:27:17.183 W/BufferQueueProducer(  770): [MediaCodec.release](id:30200000006,api:3,p:770,c:770) detachBuffer: slot 20 is not owned by the producer (state = FREE)
05-27 03:27:17.183 W/BufferQueueProducer(  770): [MediaCodec.release](id:30200000006,api:3,p:770,c:770) detachBuffer: slot 21 is not owned by the producer (state = FREE)
05-27 03:27:17.183 W/BufferQueueProducer(  770): [MediaCodec.release](id:30200000006,api:3,p:770,c:770) detachBuffer: slot 22 is not owned by the producer (state = FREE)
05-27 03:27:17.183 W/BufferQueueProducer(  770): [MediaCodec.release](id:30200000006,api:3,p:770,c:770) detachBuffer: slot 23 is not owned by the producer (state = FREE)
05-27 03:27:17.183 W/BufferQueueProducer(  770): [MediaCodec.release](id:30200000006,api:3,p:770,c:770) detachBuffer: slot 24 is not owned by the producer (state = FREE)
05-27 03:27:17.183 W/BufferQueueProducer(  770): [MediaCodec.release](id:30200000006,api:3,p:770,c:770) detachBuffer: slot 25 is not owned by the producer (state = FREE)
05-27 03:27:17.183 W/BufferQueueProducer(  770): [MediaCodec.release](id:30200000006,api:3,p:770,c:770) detachBuffer: slot 26 is not owned by the producer (state = FREE)
05-27 03:27:17.183 W/BufferQueueProducer(  770): [MediaCodec.release](id:30200000006,api:3,p:770,c:770) detachBuffer: slot 27 is not owned by the producer (state = FREE)
05-27 03:27:17.183 W/BufferQueueProducer(  770): [MediaCodec.release](id:30200000006,api:3,p:770,c:770) detachBuffer: slot 28 is not owned by the producer (state = FREE)
05-27 03:27:17.183 W/BufferQueueProducer(  770): [MediaCodec.release](id:30200000006,api:3,p:770,c:770) detachBuffer: slot 29 is not owned by the producer (state = FREE)
05-27 03:27:17.183 W/BufferQueueProducer(  770): [MediaCodec.release](id:30200000006,api:3,p:770,c:770) detachBuffer: slot 30 is not owned by the producer (state = FREE)
05-27 03:27:17.183 W/BufferQueueProducer(  770): [MediaCodec.release](id:30200000006,api:3,p:770,c:770) detachBuffer: slot 31 is not owned by the producer (state = FREE)
05-27 03:27:17.183 W/BufferQueueProducer(  770): [MediaCodec.release](id:30200000006,api:3,p:770,c:770) detachBuffer: slot 32 is not owned by the producer (state = FREE)
05-27 03:27:17.184 W/BufferQueueProducer(  770): [MediaCodec.release](id:30200000006,api:3,p:770,c:770) detachBuffer: slot 33 is not owned by the producer (state = FREE)
05-27 03:27:17.184 W/BufferQueueProducer(  770): [MediaCodec.release](id:30200000006,api:3,p:770,c:770) detachBuffer: slot 34 is not owned by the producer (state = FREE)
05-27 03:27:17.184 W/BufferQueueProducer(  770): [MediaCodec.release](id:30200000006,api:3,p:770,c:770) detachBuffer: slot 35 is not owned by the producer (state = FREE)
05-27 03:27:17.184 W/BufferQueueProducer(  770): [MediaCodec.release](id:30200000006,api:3,p:770,c:770) detachBuffer: slot 36 is not owned by the producer (state = FREE)
05-27 03:27:17.184 W/BufferQueueProducer(  770): [MediaCodec.release](id:30200000006,api:3,p:770,c:770) detachBuffer: slot 37 is not owned by the producer (state = FREE)
05-27 03:27:17.184 W/BufferQueueProducer(  770): [MediaCodec.release](id:30200000006,api:3,p:770,c:770) detachBuffer: slot 38 is not owned by the producer (state = FREE)
05-27 03:27:17.184 W/BufferQueueProducer(  770): [MediaCodec.release](id:30200000006,api:3,p:770,c:770) detachBuffer: slot 39 is not owned by the producer (state = FREE)
05-27 03:27:17.184 W/BufferQueueProducer(  770): [MediaCodec.release](id:30200000006,api:3,p:770,c:770) detachBuffer: slot 40 is not owned by the producer (state = FREE)
05-27 03:27:17.185 W/BufferQueueProducer(  770): [MediaCodec.release](id:30200000006,api:3,p:770,c:770) detachBuffer: slot 41 is not owned by the producer (state = FREE)
05-27 03:27:17.185 W/BufferQueueProducer(  770): [MediaCodec.release](id:30200000006,api:3,p:770,c:770) detachBuffer: slot 42 is not owned by the producer (state = FREE)
05-27 03:27:17.185 W/BufferQueueProducer(  770): [MediaCodec.release](id:30200000006,api:3,p:770,c:770) detachBuffer: slot 43 is not owned by the producer (state = FREE)
05-27 03:27:17.185 W/BufferQueueProducer(  770): [MediaCodec.release](id:30200000006,api:3,p:770,c:770) detachBuffer: slot 44 is not owned by the producer (state = FREE)
05-27 03:27:17.185 W/BufferQueueProducer(  770): [MediaCodec.release](id:30200000006,api:3,p:770,c:770) detachBuffer: slot 45 is not owned by the producer (state = FREE)
05-27 03:27:17.185 W/BufferQueueProducer(  770): [MediaCodec.release](id:30200000006,api:3,p:770,c:770) detachBuffer: slot 46 is not owned by the producer (state = FREE)
05-27 03:27:17.185 W/BufferQueueProducer(  770): [MediaCodec.release](id:30200000006,api:3,p:770,c:770) detachBuffer: slot 47 is not owned by the producer (state = FREE)
05-27 03:27:17.185 W/BufferQueueProducer(  770): [MediaCodec.release](id:30200000006,api:3,p:770,c:770) detachBuffer: slot 48 is not owned by the producer (state = FREE)
05-27 03:27:17.185 W/BufferQueueProducer(  770): [MediaCodec.release](id:30200000006,api:3,p:770,c:770) detachBuffer: slot 49 is not owned by the producer (state = FREE)
05-27 03:27:17.185 W/BufferQueueProducer(  770): [MediaCodec.release](id:30200000006,api:3,p:770,c:770) detachBuffer: slot 50 is not owned by the producer (state = FREE)
05-27 03:27:17.185 W/BufferQueueProducer(  770): [MediaCodec.release](id:30200000006,api:3,p:770,c:770) detachBuffer: slot 51 is not owned by the producer (state = FREE)
05-27 03:27:17.185 W/BufferQueueProducer(  770): [MediaCodec.release](id:30200000006,api:3,p:770,c:770) detachBuffer: slot 52 is not owned by the producer (state = FREE)
05-27 03:27:17.185 W/BufferQueueProducer(  770): [MediaCodec.release](id:30200000006,api:3,p:770,c:770) detachBuffer: slot 53 is not owned by the producer (state = FREE)
05-27 03:27:17.186 W/BufferQueueProducer(  770): [MediaCodec.release](id:30200000006,api:3,p:770,c:770) detachBuffer: slot 54 is not owned by the producer (state = FREE)
05-27 03:27:17.186 W/BufferQueueProducer(  770): [MediaCodec.release](id:30200000006,api:3,p:770,c:770) detachBuffer: slot 55 is not owned by the producer (state = FREE)
05-27 03:27:17.186 W/BufferQueueProducer(  770): [MediaCodec.release](id:30200000006,api:3,p:770,c:770) detachBuffer: slot 56 is not owned by the producer (state = FREE)
05-27 03:27:17.186 W/BufferQueueProducer(  770): [MediaCodec.release](id:30200000006,api:3,p:770,c:770) detachBuffer: slot 57 is not owned by the producer (state = FREE)
05-27 03:27:17.186 W/BufferQueueProducer(  770): [MediaCodec.release](id:30200000006,api:3,p:770,c:770) detachBuffer: slot 58 is not owned by the producer (state = FREE)
05-27 03:27:17.186 W/BufferQueueProducer(  770): [MediaCodec.release](id:30200000006,api:3,p:770,c:770) detachBuffer: slot 59 is not owned by the producer (state = FREE)
05-27 03:27:17.186 W/BufferQueueProducer(  770): [MediaCodec.release](id:30200000006,api:3,p:770,c:770) detachBuffer: slot 60 is not owned by the producer (state = FREE)
05-27 03:27:17.186 W/BufferQueueProducer(  770): [MediaCodec.release](id:30200000006,api:3,p:770,c:770) detachBuffer: slot 61 is not owned by the producer (state = FREE)
05-27 03:27:17.186 W/BufferQueueProducer(  770): [MediaCodec.release](id:30200000006,api:3,p:770,c:770) detachBuffer: slot 62 is not owned by the producer (state = FREE)
05-27 03:27:17.186 W/BufferQueueProducer(  770): [MediaCodec.release](id:30200000006,api:3,p:770,c:770) detachBuffer: slot 63 is not owned by the producer (state = FREE)
05-27 03:27:17.186 W/C2BqBuffer( 1859): invalid producer producer(0), generation(0)
05-27 03:27:17.186 D/SurfaceUtils(  770): disconnecting from surface 0xb400007786c9fe00, reason disconnectFromSurface
05-27 03:27:17.187 I/hw-BpHwBinder(  770): onLastStrongRef automatically unlinking death recipients
05-27 03:27:17.187 D/Surface (  770): Surface::disconnect
05-27 03:27:17.187 I/hw-BpHwBinder( 1859): onLastStrongRef automatically unlinking death recipients
05-27 03:27:17.187 D/BufferQueueProducer(  770): [MediaCodec.release](id:30200000006,api:3,p:770,c:770) disconnect: api 3
05-27 03:27:17.187 I/QC2CompStore( 1859): Deleting component(c2.qti.vp9.decoder) id(1719)
05-27 03:27:17.187 I/QC2Comp ( 1859): [vp9D_1719] Deallocated component c2.qti.vp9.decoder [id=1719]
05-27 03:27:17.190 D/MediaCodec(  770): flushMediametrics
05-27 03:27:17.190 D/MediaCodec(  770): flushMediametrics
05-27 03:27:17.190 W/MediaCodec(  770): no metrics handle found
05-27 03:27:17.231 D/YouTubeWebViewConsole(  770): level=ERROR message=Access to XMLHttpRequest at 'https://ad.doubleclick.net/ddm/activity_ext/dc_pubid=2;dc_exteid=3252262505537150711;met=1;ecn1=1;etm1=0;eid1=13;acvw=sv%3D969%26v%3D20260519%26cb%3Dyw%26e%3D4%26nas%3D1%26sdk%3Db%26p%3D56,17,296,444%26p0%3D56,17,296,444%26p1%3D56,17,296,444%26p2%3D56,17,296,444%26p3%3D56,17,296,444%26tos%3D541,19472,0,0,0%26mtos%3D541,20013,20013,20013,20013%26amtos%3D541,19472,0,0,0%26mtos1%3D541,4502,0%26mtos2%3D0,5044,0%26mtos3%3D0,5044,0%26mcvt%3D20013%26ps%3D460,7396%26scs%3D509,1130%26bs%3D460,259%26vht%3D0%26mut%3D0%26a%3D1%26a0%3D1%26a1%3D1%26a2%3D1%26a3%3D1%26ft%3D0%26dft%3D0%26at%3D20013%26dat%3D4882%26as%3D1%26vpt%3D20013%26gmm%3D4%26efpf%3D2%26nmt%3D0%26tcm%3D1%26bt%3D187%26pst%3D702%26dur%3D20000%26vmtime%3D20041%26dtos%3D4882%26dtoss%3D5%26dvs%3D4882%26dfvs%3D0%26dvpt%3D4882%26is%3D343%26i0%3D343%26i1%3D343%26i2%3D343%26i3%3D343%26ic%3D0%26cs%3D855%26c%3D0.84%26c0%3D1%26c1%3D0.84,0.84,1%26c2%3D0.84%26c3%3D0.84%26mc%3D1%26nc%3D0.84%26mv%3D1%26nv%3D1%26qmt%3D0,4882,4882,4882,4882%26qnc%3D0.84%26qmv%3D1%26qnv%3D1%26lte%3D1%26ces%26avms%3Dgeo%26qi%3DHyf69671YXOw22lP%26psm%3D2097151%26psv%3D2097151%26psfv%3D0%26psa%3D2097151%26pns%3D1%26ptlt%3D166306%26pngs%3D9s,14,15s%26veid%3Dfmd%3A1%26ssb%3D0,0,0,0,0,0,0,0,0,20013,0%26ss0%3D0.17%26ss1%3D0.15,0.15,0.17%26ss2%3D0.15%26ss3%3D0.15%26co%3D7576541607%26tm%3D20013%26tu%3D0;gv=atos%3D541,20013,20013,20013,20013%26avt%3D20013%26davs%3D4882%26dafvs%3D0%26dav%3D4882%26ss%3D0.15%26t%3D1779832616942;dc_eps=AHas8cBqjSC-Z_7QtyzgwcH4F6cTcaTw1lPPYbcZSnRvY9f_9f-i1tIPoG-2WaiYRnrBG0ApLg3SZSejkq8c9A;dc_oe=CgwIABUAAAAAHQAAAABIAFj1nAFoq4nP0AGCATQKDAgAFQAAAAAdAAAAABIMCAAVAAAAAB0AAAAAIhQI5anY4VioArf7i8MdsAKmi47qA0A7igGpAWh0dHBzOi8vYmxpbmtpdC5jb20vZGMvP2NvbGxlY3Rpb25fdXVpZD1jNWI2ZWExNy04NjNmLTRmNmMtYjIxMi1lNmEyZjEzZTFlNDkmdHJhY2tpbmdfaWQ9NjVjM2I5Y2MtNzZjMC00NGJiLWE4MTMtYWRhODRmMjlhOWY2JnV0bV9zb3VyY2U9ZXh0ZXJuYWxyZWRpcmVjdGlvbiZnYWRfc291cmNlPTI?ase=2&nis=6' from origin 'https://www.youtube.com' has been blocked by CORS policy: No 'Access-Control-Allow-Origin' header is present on the requested resource. line=0 source=https://www.youtube.com/watch?v=ilNt2bikxDI
05-27 03:27:17.250 D/AAudio  (  770): AAudioStream_requestStart(s#1) called --------------
05-27 03:27:17.250 D/AAudioStream(  770): setState(s#1) from 10 to 3
05-27 03:27:17.251 D/AAudio  (  770): AAudioStream_requestStart(s#1) returned 0 ---------
05-27 03:27:17.254 D/Avrcp_ext( 3992): AudioManager Player: AudioPlaybackConfiguration piid:41711 deviceId:0 type:android.media.SoundPool u/pid:10342/7709 state:idle attr:AudioAttributes: usage=USAGE_ASSISTANCE_SONIFICATION content=CONTENT_TYPE_SONIFICATION flags=0x800 tags= bundle=null sessionId:0 mutedState:none  FormatInfo{isSpatialized=false, channelMask=0x0, sampleRate=0}
05-27 03:27:17.254 D/Avrcp_ext( 3992): AudioManager Player: AudioPlaybackConfiguration piid:49551 deviceId:0 type:android.media.AudioTrack u/pid:10289/19271 state:paused attr:AudioAttributes: usage=USAGE_MEDIA content=CONTENT_TYPE_MUSIC flags=0xA00 tags= bundle=null sessionId:44585 mutedState:none  FormatInfo{isSpatialized=false, channelMask=0x3, sampleRate=48000}
05-27 03:27:17.254 D/Avrcp_ext( 3992): AudioManager Player: AudioPlaybackConfiguration piid:49615 deviceId:2 type:android.media.MediaPlayer u/pid:10342/7709 state:stopped attr:AudioAttributes: usage=USAGE_VOICE_COMMUNICATION content=CONTENT_TYPE_SONIFICATION flags=0x800 tags= bundle=null sessionId:45185 mutedState:none  FormatInfo{isSpatialized=false, channelMask=0x1, sampleRate=44100}
05-27 03:27:17.254 D/Avrcp_ext( 3992): AudioManager Player: AudioPlaybackConfiguration piid:50263 deviceId:3 type:AAudio u/pid:10521/770 state:started attr:AudioAttributes: usage=USAGE_MEDIA content=CONTENT_TYPE_UNKNOWN source=DEFAULT flags=0x400 tags= bundle=null sessionId:-1 mutedState:none  FormatInfo{isSpatialized=false, channelMask=0x3, sampleRate=48000}
05-27 03:27:17.256 D/Avrcp_ext( 3992): AudioManager Player in started state: com.deepeye.musicpro.debug
05-27 03:27:17.256 D/Avrcp_ext( 3992): AudioManager Active Player: com.deepeye.musicpro.debug
05-27 03:27:17.256 D/Avrcp_ext( 3992): AudioManager Player: AudioPlaybackConfiguration piid:63 deviceId:0 type:android.media.SoundPool u/pid:1000/3077 state:idle attr:AudioAttributes: usage=USAGE_ASSISTANCE_SONIFICATION content=CONTENT_TYPE_SONIFICATION flags=0x800 tags= bundle=null sessionId:0 mutedState:none  FormatInfo{isSpatialized=false, channelMask=0x0, sampleRate=0}
05-27 03:27:17.256 D/Avrcp_ext( 3992): AudioManager Player: AudioPlaybackConfiguration piid:38399 deviceId:0 type:android.media.SoundPool u/pid:1027/6379 state:idle attr:AudioAttributes: usage=USAGE_ASSISTANCE_SONIFICATION content=CONTENT_TYPE_SONIFICATION flags=0x800 tags= bundle=null sessionId:0 mutedState:none  FormatInfo{isSpatialized=false, channelMask=0x0, sampleRate=0}
05-27 03:27:17.256 D/Avrcp_ext( 3992): AudioManager isPlaying: true, mAudioPlaybackIsActive = false
05-27 03:27:17.257 V/Avrcp_ext( 3992): AvrcpMessageHandler: received message=38
05-27 03:27:17.257 D/Avrcp_ext( 3992): MSG_UPDATE_CURRENT_MEDIA_STATE
05-27 03:27:17.258 V/Avrcp_ext( 3992): updateCurrentMediaState: mMediaController: MediaController (com.deepeye.musicpro.debug@8fb2c32) null
05-27 03:27:17.258 W/Avrcp_ext( 3992): isMusicActive: true getBluetoothPlayState: 1 A2dp State: 11 mAudioPlaybackIsActive: true
05-27 03:27:17.258 D/Avrcp_ext( 3992): isMusicActive = true mAudioPlaybackIsActive = true player state = PlaybackState {state=PLAYING(3), position=2245, buffered position=0, speed=1.0, updated=1655426406, actions=7339703, custom actions=[], active item id=0, error=null}
05-27 03:27:17.258 V/Avrcp_ext( 3992): Media update: id 0➡0? [MediaAttributes: none] : [MediaAttributes: none]
05-27 03:27:17.258 D/Avrcp_ext( 3992): isPackageNameValid: browsedPackage = com.deepeye.musicpro.debugisValid = true
05-27 03:27:17.258 V/Avrcp_ext( 3992): isBrowseSupported for com.deepeye.musicpro.debug: false
05-27 03:27:17.258 W/Avrcp_ext( 3992): updateCurrentMediaState: isInactivePlayer = false
05-27 03:27:17.258 V/Avrcp_ext( 3992): updatePlaybackState, state: PlaybackState {state=PLAYING(3), position=2245, buffered position=0, speed=1.0, updated=1655426406, actions=7339703, custom actions=[], active item id=0, error=null} device: null
05-27 03:27:17.258 V/Avrcp_ext( 3992): Device: no name: 
05-27 03:27:17.258 V/Avrcp_ext( 3992): Device: no name: 
05-27 03:27:17.258 V/Avrcp_ext( 3992): Device: no name: 
05-27 03:27:17.258 V/Avrcp_ext( 3992): Device: no name: 
05-27 03:27:17.258 V/Avrcp_ext( 3992): Device: no name: 
05-27 03:27:17.258 V/Avrcp_ext( 3992): updatePlayerStateAndPosition, old=PlaybackState {state=PLAYING(3), position=2149, buffered position=0, speed=1.0, updated=1655426310, actions=7339703, custom actions=[], active item id=0, error=null}, state=PlaybackState {state=PLAYING(3), position=2245, buffered position=0, speed=1.0, updated=1655426406, actions=7339703, custom actions=[], active item id=0, error=null}
05-27 03:27:17.258 V/Avrcp_ext( 3992): old state = PlaybackState {state=PLAYING(3), position=2149, buffered position=0, speed=1.0, updated=1655426310, actions=7339703, custom actions=[], active item id=0, error=null}, new state= PlaybackState {state=PLAYING(3), position=2245, buffered position=0, speed=1.0, updated=1655426406, actions=7339703, custom actions=[], active item id=0, error=null}
05-27 03:27:17.259 D/HeadsetService( 3992): getHeadsetService(): returning com.android.bluetooth.hfp.HeadsetService@9390a13
05-27 03:27:17.259 E/HeadsetStateMachine( 3992): returning mCurrentState as Disconnected
05-27 03:27:17.259 E/HeadsetStateMachine( 3992): returning mCurrentState as Disconnected
05-27 03:27:17.259 D/HeadsetService( 3992):  isAudioOn: The number of audio connected devices 0
05-27 03:27:17.259 D/HeadsetService( 3992): isScoOrCallActive(): Call Active:falseCall is Ringing:falseSCO is Active:false
05-27 03:27:17.259 E/HeadsetStateMachine( 3992): returning mCurrentState as Disconnected
05-27 03:27:17.259 E/HeadsetStateMachine( 3992): returning mCurrentState as Disconnected
05-27 03:27:17.259 D/HeadsetService( 3992):  isAudioOn: The number of audio connected devices 0
05-27 03:27:17.259 V/Avrcp_ext( 3992): isPlayStateTobeUpdated: device: null
05-27 03:27:17.259 V/Avrcp_ext( 3992): Single connection exists
05-27 03:27:17.259 E/HeadsetStateMachine( 3992): returning mCurrentState as Disconnected
05-27 03:27:17.259 E/HeadsetStateMachine( 3992): returning mCurrentState as Disconnected
05-27 03:27:17.259 D/HeadsetService( 3992):  isAudioOn: The number of audio connected devices 0
05-27 03:27:17.259 D/HeadsetService( 3992): isScoOrCallActive(): Call Active:falseCall is Ringing:falseSCO is Active:false
05-27 03:27:17.259 E/HeadsetStateMachine( 3992): returning mCurrentState as Disconnected
05-27 03:27:17.259 E/HeadsetStateMachine( 3992): returning mCurrentState as Disconnected
05-27 03:27:17.259 D/HeadsetService( 3992):  isAudioOn: The number of audio connected devices 0
05-27 03:27:17.259 V/Avrcp_ext( 3992): isPlayStateTobeUpdated: device: null
05-27 03:27:17.259 V/Avrcp_ext( 3992): Single connection exists
05-27 03:27:17.259 E/HeadsetStateMachine( 3992): returning mCurrentState as Disconnected
05-27 03:27:17.259 E/HeadsetStateMachine( 3992): returning mCurrentState as Disconnected
05-27 03:27:17.259 D/HeadsetService( 3992):  isAudioOn: The number of audio connected devices 0
05-27 03:27:17.259 D/HeadsetService( 3992): isScoOrCallActive(): Call Active:falseCall is Ringing:falseSCO is Active:false
05-27 03:27:17.259 E/HeadsetStateMachine( 3992): returning mCurrentState as Disconnected
05-27 03:27:17.259 E/HeadsetStateMachine( 3992): returning mCurrentState as Disconnected
05-27 03:27:17.259 D/HeadsetService( 3992):  isAudioOn: The number of audio connected devices 0
05-27 03:27:17.259 V/Avrcp_ext( 3992): isPlayStateTobeUpdated: device: null
05-27 03:27:17.259 V/Avrcp_ext( 3992): Single connection exists
05-27 03:27:17.259 E/HeadsetStateMachine( 3992): returning mCurrentState as Disconnected
05-27 03:27:17.259 E/HeadsetStateMachine( 3992): returning mCurrentState as Disconnected
05-27 03:27:17.259 D/HeadsetService( 3992):  isAudioOn: The number of audio connected devices 0
05-27 03:27:17.259 D/HeadsetService( 3992): isScoOrCallActive(): Call Active:falseCall is Ringing:falseSCO is Active:false
05-27 03:27:17.259 E/HeadsetStateMachine( 3992): returning mCurrentState as Disconnected
05-27 03:27:17.259 E/HeadsetStateMachine( 3992): returning mCurrentState as Disconnected
05-27 03:27:17.259 D/HeadsetService( 3992):  isAudioOn: The number of audio connected devices 0
05-27 03:27:17.259 V/Avrcp_ext( 3992): isPlayStateTobeUpdated: device: null
05-27 03:27:17.259 V/Avrcp_ext( 3992): Single connection exists
05-27 03:27:17.259 E/HeadsetStateMachine( 3992): returning mCurrentState as Disconnected
05-27 03:27:17.259 E/HeadsetStateMachine( 3992): returning mCurrentState as Disconnected
05-27 03:27:17.259 D/HeadsetService( 3992):  isAudioOn: The number of audio connected devices 0
05-27 03:27:17.259 D/HeadsetService( 3992): isScoOrCallActive(): Call Active:falseCall is Ringing:falseSCO is Active:false
05-27 03:27:17.259 E/HeadsetStateMachine( 3992): returning mCurrentState as Disconnected
05-27 03:27:17.259 E/HeadsetStateMachine( 3992): returning mCurrentState as Disconnected
05-27 03:27:17.259 D/HeadsetService( 3992):  isAudioOn: The number of audio connected devices 0
05-27 03:27:17.259 V/Avrcp_ext( 3992): isPlayStateTobeUpdated: device: null
05-27 03:27:17.259 V/Avrcp_ext( 3992): Single connection exists
05-27 03:27:17.259 D/Avrcp_ext( 3992): Enter sendPlayPosNotificationRsp
05-27 03:27:17.259 D/Avrcp_ext( 3992): sendPlayPosNotificationRsp: Not registered or requesting.
05-27 03:27:17.259 D/Avrcp_ext( 3992): Enter sendPlayPosNotificationRsp
05-27 03:27:17.259 D/Avrcp_ext( 3992): sendPlayPosNotificationRsp: Not registered or requesting.
05-27 03:27:17.259 D/Avrcp_ext( 3992): Enter sendPlayPosNotificationRsp
05-27 03:27:17.259 D/Avrcp_ext( 3992): sendPlayPosNotificationRsp: Not registered or requesting.
05-27 03:27:17.259 D/Avrcp_ext( 3992): Enter sendPlayPosNotificationRsp
05-27 03:27:17.259 D/Avrcp_ext( 3992): sendPlayPosNotificationRsp: Not registered or requesting.
05-27 03:27:17.259 D/Avrcp_ext( 3992): Enter sendPlayPosNotificationRsp
05-27 03:27:17.259 D/Avrcp_ext( 3992): sendPlayPosNotificationRsp: Not registered or requesting.
05-27 03:27:17.259 V/Avrcp_ext( 3992): Exit updatePlayerStateAndPosition
05-27 03:27:17.259 D/APM: ActiveDeviceManagerServiceLegacy( 3992): getActiveAbsoluteDevice(): device: null
05-27 03:27:17.259 D/APM: ActiveDeviceManagerServiceLegacy( 3992): isStableState(): true
05-27 03:27:17.259 D/Avrcp_ext( 3992): isAdmStable = true activeAbsAddr = null device = null
05-27 03:27:17.259 V/APM: MediaControlManager( 3992): onPlaybackStateChanged
05-27 03:27:17.260 W/McpService( 3992): updatePlaybackState state PlaybackState {state=PLAYING(3), position=2245, buffered position=0, speed=1.0, updated=1655426406, actions=7339703, custom actions=[], active item id=0, error=null}
05-27 03:27:17.260 W/McpService( 3992): updatePlaybackState mState: 1 state: 1
05-27 03:27:17.260 W/Avrcp_ext( 3992): updated player state = PlaybackState {state=PLAYING(3), position=2245, buffered position=0, speed=1.0, updated=1655426406, actions=7339703, custom actions=[], active item id=0, error=null}to MCP module also
05-27 03:27:17.260 V/Avrcp_ext( 3992): Exit handleMessage
05-27 03:27:17.262 I/cr_MediaCodecBridge(  770): create MediaCodec video decoder, mime video/x-vnd.on2.vp9, decoder name c2.qti.vp9.decoder, block_model=false
05-27 03:27:17.263 I/MediaCodec(  770): (0xb4000077b6d47ef0) init name(c2.qti.vp9.decoder)
05-27 03:27:17.264 D/CCodec  (  770): allocate(c2.qti.vp9.decoder)
05-27 03:27:17.266 I/CCodec  (  770): setting up 'default' as default (vendor) store
05-27 03:27:17.266 I/QC2Registry( 1859): search [c2.qti.vp9.decoder] in mEntries
05-27 03:27:17.266 I/QC2Comp ( 1859): PreProcessingPipelining 0
05-27 03:27:17.267 E/QConfig ( 1822): failed to find module QModKey_Static_VppFilter
05-27 03:27:17.267 I/QC2VppFilterDeviceQuery( 1859): failed to getUserConfigValue
05-27 03:27:17.267 I/QC2VppFilterCaps( 1859): failed to get user config, try default config
05-27 03:27:17.267 E/QConfig ( 1822): failed to find module QModKey_Static_VppFilter
05-27 03:27:17.267 I/QC2VppFilterDeviceQuery( 1859): failed to getUserConfigValue
05-27 03:27:17.267 I/QC2VppFilterCaps( 1859): failed to get preset
05-27 03:27:17.267 E/QConfig ( 1822): failed to find module QModKey_Dynamic_VppFilter
05-27 03:27:17.267 I/QC2VppFilterDeviceQuery( 1859): failed to getUserConfigValue
05-27 03:27:17.267 I/QC2VppFilterCaps( 1859): failed to get user config, try default config
05-27 03:27:17.267 E/QConfig ( 1822): failed to find module QModKey_Dynamic_VppFilter
05-27 03:27:17.267 I/QC2VppFilterDeviceQuery( 1859): failed to getUserConfigValue
05-27 03:27:17.267 I/QC2VppFilterCaps( 1859): failed to get preset
05-27 03:27:17.267 I/QC2VppFilterCaps( 1859): preset size is zero
05-27 03:27:17.268 I/vendor.qti.media.c2@1.0-service( 1859): missing struct descriptor #Param::CoreIndex(--002) for field mastering of struct #Param::CoreIndex(--180a)
05-27 03:27:17.268 I/vendor.qti.media.c2@1.0-service( 1859): missing struct descriptor #Param::CoreIndex(-Vc014) for field misr_info_first_field of struct #Param::CoreIndex(-Vc015)
05-27 03:27:17.268 I/vendor.qti.media.c2@1.0-service( 1859): missing struct descriptor #Param::CoreIndex(-Vc014) for field misr_info_second_field of struct #Param::CoreIndex(-Vc015)
05-27 03:27:17.268 I/StandardCaps( 1859): prioritySetter: setting priority to real time
05-27 03:27:17.268 I/vendor.qti.media.c2@1.0-service( 1859): get enum 0 from HQV_MODE_OFF
05-27 03:27:17.268 I/QC2VppFilterCaps( 1859): Setting FRC is only allowed when mode is manual: mode=HQV_MODE_OFF
05-27 03:27:17.268 I/QC2VppFilterCaps( 1859): Setting AIS is only allowed when mode is manual: mode=HQV_MODE_OFF
05-27 03:27:17.268 I/vendor.qti.media.c2@1.0-service( 1859): get enum 0 from PROCESS_LEFT
05-27 03:27:17.268 I/QC2VppFilterCaps( 1859): Seeting CNR is only allowed when mode is manual: mode=HQV_MODE_OFF
05-27 03:27:17.268 I/QC2VppFilterCaps( 1859): Setting EAR is only allowed when mode is manual: mode=HQV_MODE_OFF
05-27 03:27:17.268 I/QC2VppFilterCaps( 1859): Setting AIE is only allowed when mode is manual: mode=HQV_MODE_OFF
05-27 03:27:17.268 I/QC2Registry( 1859): search [c2.qti.vp9.decoder] in mEntries
05-27 03:27:17.268 I/QC2Comp ( 1859): Create: Allocated component[1720] for name c2.qti.vp9.decoder : [64 bit]
05-27 03:27:17.268 I/QC2Comp ( 1859): Create Latency:2.24 ms
