05-27 03:35:10.986 V/Avrcp_ext( 3992): Exit updatePlayerStateAndPosition
05-27 03:35:10.986 D/APM: ActiveDeviceManagerServiceLegacy( 3992): getActiveAbsoluteDevice(): device: null
05-27 03:35:10.986 D/APM: ActiveDeviceManagerServiceLegacy( 3992): isStableState(): true
05-27 03:35:10.986 D/Avrcp_ext( 3992): isAdmStable = true activeAbsAddr = null device = null
05-27 03:35:10.986 V/APM: MediaControlManager( 3992): onPlaybackStateChanged
05-27 03:35:10.986 W/McpService( 3992): updatePlaybackState state PlaybackState {state=PLAYING(3), position=32, buffered position=0, speed=1.0, updated=1655900133, actions=7339703, custom actions=[], active item id=0, error=null}
05-27 03:35:10.986 W/McpService( 3992): updatePlaybackState mState: 1 state: 1
05-27 03:35:10.986 W/Avrcp_ext( 3992): updated player state = PlaybackState {state=PLAYING(3), position=32, buffered position=0, speed=1.0, updated=1655900133, actions=7339703, custom actions=[], active item id=0, error=null}to MCP module also
05-27 03:35:10.987 V/Avrcp_ext( 3992): ActiveSession: MediaController (com.google.android.youtube@dac106d) The UFO Files | What was America SECRETLY Hiding For 89 Years? | Dhruv Rathee, Dhruv Rathee, Dhruv Rathee
05-27 03:35:10.987 V/Avrcp_ext( 3992): isBrowseSupported for com.google.android.youtube: false
05-27 03:35:10.987 D/Avrcp_ext( 3992): Adding media player info for com.google.android.youtube with id 3
05-27 03:35:10.989 D/Avrcp_ext( 3992): update #3:MediaPlayerInfo com.google.android.youtube (as 'YouTube') Type = 1, SubType = 0, Status = 2 Feature Bits [40 41 42 44 45 47 48 58] Controller: MediaController (com.google.android.youtube@dac106d) The UFO Files | What was America SECRETLY Hiding For 89 Years? | Dhruv Rathee, Dhruv Rathee, Dhruv Rathee
05-27 03:35:10.989 V/Avrcp_ext( 3992): ActiveSession: MediaController (ai.perplexity.app.android@4a6533) null
05-27 03:35:10.989 V/Avrcp_ext( 3992): isBrowseSupported for ai.perplexity.app.android: false
05-27 03:35:10.989 D/Avrcp_ext( 3992): Adding media player info for ai.perplexity.app.android with id 1
05-27 03:35:10.989 D/Avrcp_ext( 3992): update #1:MediaPlayerInfo ai.perplexity.app.android (as 'Perplexity') Type = 1, SubType = 0, Status = 0 Feature Bits [40 41 42 44 45 47 48 58] Controller: MediaController (ai.perplexity.app.android@4a6533) null
05-27 03:35:10.990 V/Avrcp_ext( 3992): updateCurrentMediaState: mMediaController: MediaController (com.deepeye.musicpro.debug@296f697) Chaand Baaliyan – Aditya A. | Trending Song | Official Video, Sony Music India, null
05-27 03:35:10.990 W/Avrcp_ext( 3992): isMusicActive: false getBluetoothPlayState: 1 A2dp State: 11 mAudioPlaybackIsActive: false
05-27 03:35:10.990 D/Avrcp_ext( 3992): isMusicActive = false mAudioPlaybackIsActive = false player state = PlaybackState {state=PLAYING(3), position=37, buffered position=0, speed=1.0, updated=1655900138, actions=7339703, custom actions=[], active item id=0, error=null}
05-27 03:35:10.990 D/Avrcp_ext( 3992): overwrite album_artist :if album is blank
05-27 03:35:10.990 V/Avrcp_ext( 3992): Media update: id 0➡0? [MediaAttributes: C⋯o -  by S⋯a (0 0/0) - ] : [MediaAttributes: C⋯o -  by S⋯a (0 0/0) - ]
05-27 03:35:10.990 D/Avrcp_ext( 3992): isPackageNameValid: browsedPackage = com.deepeye.musicpro.debugisValid = true
05-27 03:35:10.990 V/Avrcp_ext( 3992): isBrowseSupported for com.deepeye.musicpro.debug: false
05-27 03:35:10.990 W/Avrcp_ext( 3992): updateCurrentMediaState: isInactivePlayer = false
05-27 03:35:10.990 V/Avrcp_ext( 3992): updatePlaybackState, state: PlaybackState {state=PLAYING(3), position=37, buffered position=0, speed=1.0, updated=1655900138, actions=7339703, custom actions=[], active item id=0, error=null} device: null
05-27 03:35:10.990 V/Avrcp_ext( 3992): Device: no name: 
05-27 03:35:10.990 V/Avrcp_ext( 3992): Device: no name: 
05-27 03:35:10.990 V/Avrcp_ext( 3992): Device: no name: 
05-27 03:35:10.990 V/Avrcp_ext( 3992): Device: no name: 
05-27 03:35:10.990 V/Avrcp_ext( 3992): Device: no name: 
05-27 03:35:10.990 V/Avrcp_ext( 3992): updatePlayerStateAndPosition, old=PlaybackState {state=PLAYING(3), position=32, buffered position=0, speed=1.0, updated=1655900133, actions=7339703, custom actions=[], active item id=0, error=null}, state=PlaybackState {state=PLAYING(3), position=37, buffered position=0, speed=1.0, updated=1655900138, actions=7339703, custom actions=[], active item id=0, error=null}
05-27 03:35:10.990 V/Avrcp_ext( 3992): old state = PlaybackState {state=PLAYING(3), position=32, buffered position=0, speed=1.0, updated=1655900133, actions=7339703, custom actions=[], active item id=0, error=null}, new state= PlaybackState {state=PLAYING(3), position=37, buffered position=0, speed=1.0, updated=1655900138, actions=7339703, custom actions=[], active item id=0, error=null}
05-27 03:35:10.990 D/HeadsetService( 3992): getHeadsetService(): returning com.android.bluetooth.hfp.HeadsetService@9390a13
05-27 03:35:10.990 E/HeadsetStateMachine( 3992): returning mCurrentState as Disconnected
05-27 03:35:10.990 E/HeadsetStateMachine( 3992): returning mCurrentState as Disconnected
05-27 03:35:10.990 D/HeadsetService( 3992):  isAudioOn: The number of audio connected devices 0
05-27 03:35:10.990 D/HeadsetService( 3992): isScoOrCallActive(): Call Active:falseCall is Ringing:falseSCO is Active:false
05-27 03:35:10.990 E/HeadsetStateMachine( 3992): returning mCurrentState as Disconnected
05-27 03:35:10.990 E/HeadsetStateMachine( 3992): returning mCurrentState as Disconnected
05-27 03:35:10.990 D/HeadsetService( 3992):  isAudioOn: The number of audio connected devices 0
05-27 03:35:10.990 V/Avrcp_ext( 3992): isPlayStateTobeUpdated: device: null
05-27 03:35:10.990 V/Avrcp_ext( 3992): Single connection exists
05-27 03:35:10.990 E/HeadsetStateMachine( 3992): returning mCurrentState as Disconnected
05-27 03:35:10.990 E/HeadsetStateMachine( 3992): returning mCurrentState as Disconnected
05-27 03:35:10.990 D/HeadsetService( 3992):  isAudioOn: The number of audio connected devices 0
05-27 03:35:10.990 D/HeadsetService( 3992): isScoOrCallActive(): Call Active:falseCall is Ringing:falseSCO is Active:false
05-27 03:35:10.990 E/HeadsetStateMachine( 3992): returning mCurrentState as Disconnected
05-27 03:35:10.990 E/HeadsetStateMachine( 3992): returning mCurrentState as Disconnected
05-27 03:35:10.990 D/HeadsetService( 3992):  isAudioOn: The number of audio connected devices 0
05-27 03:35:10.990 V/Avrcp_ext( 3992): isPlayStateTobeUpdated: device: null
05-27 03:35:10.990 V/Avrcp_ext( 3992): Single connection exists
05-27 03:35:10.990 E/HeadsetStateMachine( 3992): returning mCurrentState as Disconnected
05-27 03:35:10.990 E/HeadsetStateMachine( 3992): returning mCurrentState as Disconnected
05-27 03:35:10.990 D/HeadsetService( 3992):  isAudioOn: The number of audio connected devices 0
05-27 03:35:10.990 D/HeadsetService( 3992): isScoOrCallActive(): Call Active:falseCall is Ringing:falseSCO is Active:false
05-27 03:35:10.990 E/HeadsetStateMachine( 3992): returning mCurrentState as Disconnected
05-27 03:35:10.990 E/HeadsetStateMachine( 3992): returning mCurrentState as Disconnected
05-27 03:35:10.990 D/HeadsetService( 3992):  isAudioOn: The number of audio connected devices 0
05-27 03:35:10.990 V/Avrcp_ext( 3992): isPlayStateTobeUpdated: device: null
05-27 03:35:10.990 V/Avrcp_ext( 3992): Single connection exists
05-27 03:35:10.990 E/HeadsetStateMachine( 3992): returning mCurrentState as Disconnected
05-27 03:35:10.990 E/HeadsetStateMachine( 3992): returning mCurrentState as Disconnected
05-27 03:35:10.990 D/HeadsetService( 3992):  isAudioOn: The number of audio connected devices 0
05-27 03:35:10.990 D/HeadsetService( 3992): isScoOrCallActive(): Call Active:falseCall is Ringing:falseSCO is Active:false
05-27 03:35:10.990 E/HeadsetStateMachine( 3992): returning mCurrentState as Disconnected
05-27 03:35:10.990 E/HeadsetStateMachine( 3992): returning mCurrentState as Disconnected
05-27 03:35:10.990 D/HeadsetService( 3992):  isAudioOn: The number of audio connected devices 0
05-27 03:35:10.990 V/Avrcp_ext( 3992): isPlayStateTobeUpdated: device: null
05-27 03:35:10.990 V/Avrcp_ext( 3992): Single connection exists
05-27 03:35:10.990 E/HeadsetStateMachine( 3992): returning mCurrentState as Disconnected
05-27 03:35:10.990 E/HeadsetStateMachine( 3992): returning mCurrentState as Disconnected
05-27 03:35:10.990 D/HeadsetService( 3992):  isAudioOn: The number of audio connected devices 0
05-27 03:35:10.990 D/HeadsetService( 3992): isScoOrCallActive(): Call Active:falseCall is Ringing:falseSCO is Active:false
05-27 03:35:10.990 E/HeadsetStateMachine( 3992): returning mCurrentState as Disconnected
05-27 03:35:10.990 E/HeadsetStateMachine( 3992): returning mCurrentState as Disconnected
05-27 03:35:10.990 D/HeadsetService( 3992):  isAudioOn: The number of audio connected devices 0
05-27 03:35:10.990 V/Avrcp_ext( 3992): isPlayStateTobeUpdated: device: null
05-27 03:35:10.990 V/Avrcp_ext( 3992): Single connection exists
05-27 03:35:10.990 D/Avrcp_ext( 3992): Enter sendPlayPosNotificationRsp
05-27 03:35:10.990 D/Avrcp_ext( 3992): sendPlayPosNotificationRsp: Not registered or requesting.
05-27 03:35:10.990 D/Avrcp_ext( 3992): Enter sendPlayPosNotificationRsp
05-27 03:35:10.990 D/Avrcp_ext( 3992): sendPlayPosNotificationRsp: Not registered or requesting.
05-27 03:35:10.990 D/Avrcp_ext( 3992): Enter sendPlayPosNotificationRsp
05-27 03:35:10.990 D/Avrcp_ext( 3992): sendPlayPosNotificationRsp: Not registered or requesting.
05-27 03:35:10.990 D/Avrcp_ext( 3992): Enter sendPlayPosNotificationRsp
05-27 03:35:10.990 D/Avrcp_ext( 3992): sendPlayPosNotificationRsp: Not registered or requesting.
05-27 03:35:10.990 D/Avrcp_ext( 3992): Enter sendPlayPosNotificationRsp
05-27 03:35:10.991 D/Avrcp_ext( 3992): sendPlayPosNotificationRsp: Not registered or requesting.
05-27 03:35:10.991 V/Avrcp_ext( 3992): Exit updatePlayerStateAndPosition
05-27 03:35:10.991 D/APM: ActiveDeviceManagerServiceLegacy( 3992): getActiveAbsoluteDevice(): device: null
05-27 03:35:10.991 D/APM: ActiveDeviceManagerServiceLegacy( 3992): isStableState(): true
05-27 03:35:10.991 D/Avrcp_ext( 3992): isAdmStable = true activeAbsAddr = null device = null
05-27 03:35:10.991 V/APM: MediaControlManager( 3992): onPlaybackStateChanged
05-27 03:35:10.991 W/McpService( 3992): updatePlaybackState state PlaybackState {state=PLAYING(3), position=37, buffered position=0, speed=1.0, updated=1655900138, actions=7339703, custom actions=[], active item id=0, error=null}
05-27 03:35:10.991 W/McpService( 3992): updatePlaybackState mState: 1 state: 1
05-27 03:35:10.991 W/Avrcp_ext( 3992): updated player state = PlaybackState {state=PLAYING(3), position=37, buffered position=0, speed=1.0, updated=1655900138, actions=7339703, custom actions=[], active item id=0, error=null}to MCP module also
05-27 03:35:11.026 E/minksocket( 1748): MinkIPC_QRTR_Service: client with node 1 port 7b36 went down
05-27 03:35:11.026 E/minksocket( 1748): MinkIPC_QRTR_Service: client with node 1 port 7b3a went down
05-27 03:35:11.027 E/minksocket( 1748): MinkIPC_QRTR_Service: client with node 1 port 7b43 went down
05-27 03:35:11.027 E/minksocket( 1748): MinkIPC_QRTR_Service: client with node 1 port 7b44 went down
05-27 03:35:11.028 E/minksocket( 1748): MinkIPC_QRTR_Service: client with node 1 port 7b45 went down
05-27 03:35:11.029 E/minksocket( 1748): MinkIPC_QRTR_Service: client with node 1 port 7b46 went down
05-27 03:35:11.032 V/Avrcp_ext( 3992): onPlaybackStateChanged: state PlaybackState {state=PLAYING(3), position=0, buffered position=0, speed=1.0, updated=1655900178, actions=7339703, custom actions=[], active item id=0, error=null}
05-27 03:35:11.032 V/APM: MediaControlManager( 3992): onPlaybackStateChanged
05-27 03:35:11.032 W/McpService( 3992): updatePlaybackState state PlaybackState {state=PLAYING(3), position=0, buffered position=0, speed=1.0, updated=1655900178, actions=7339703, custom actions=[], active item id=0, error=null}
05-27 03:35:11.032 W/McpService( 3992): updatePlaybackState mState: 1 state: 1
05-27 03:35:11.034 V/Avrcp_ext( 3992): updateCurrentMediaState: mMediaController: MediaController (com.deepeye.musicpro.debug@296f697) Chaand Baaliyan – Aditya A. | Trending Song | Official Video, Sony Music India, null
05-27 03:35:11.034 W/Avrcp_ext( 3992): isMusicActive: false getBluetoothPlayState: 1 A2dp State: 11 mAudioPlaybackIsActive: false
05-27 03:35:11.034 D/Avrcp_ext( 3992): isMusicActive = false mAudioPlaybackIsActive = false player state = PlaybackState {state=PLAYING(3), position=2, buffered position=0, speed=1.0, updated=1655900182, actions=7339703, custom actions=[], active item id=0, error=null}
05-27 03:35:11.034 D/Avrcp_ext( 3992): overwrite album_artist :if album is blank
05-27 03:35:11.034 V/Avrcp_ext( 3992): Media update: id 0➡0? [MediaAttributes: C⋯o -  by S⋯a (0 0/0) - ] : [MediaAttributes: C⋯o -  by S⋯a (0 0/0) - ]
05-27 03:35:11.034 D/Avrcp_ext( 3992): isPackageNameValid: browsedPackage = com.deepeye.musicpro.debugisValid = true
05-27 03:35:11.034 V/Avrcp_ext( 3992): isBrowseSupported for com.deepeye.musicpro.debug: false
05-27 03:35:11.034 W/Avrcp_ext( 3992): updateCurrentMediaState: isInactivePlayer = false
05-27 03:35:11.034 V/Avrcp_ext( 3992): updatePlaybackState, state: PlaybackState {state=PLAYING(3), position=2, buffered position=0, speed=1.0, updated=1655900182, actions=7339703, custom actions=[], active item id=0, error=null} device: null
05-27 03:35:11.035 V/Avrcp_ext( 3992): Device: no name: 
05-27 03:35:11.035 V/Avrcp_ext( 3992): Device: no name: 
05-27 03:35:11.035 V/Avrcp_ext( 3992): Device: no name: 
05-27 03:35:11.035 V/Avrcp_ext( 3992): Device: no name: 
05-27 03:35:11.035 V/Avrcp_ext( 3992): Device: no name: 
05-27 03:35:11.035 V/Avrcp_ext( 3992): updatePlayerStateAndPosition, old=PlaybackState {state=PLAYING(3), position=37, buffered position=0, speed=1.0, updated=1655900138, actions=7339703, custom actions=[], active item id=0, error=null}, state=PlaybackState {state=PLAYING(3), position=2, buffered position=0, speed=1.0, updated=1655900182, actions=7339703, custom actions=[], active item id=0, error=null}
05-27 03:35:11.035 V/Avrcp_ext( 3992): old state = PlaybackState {state=PLAYING(3), position=37, buffered position=0, speed=1.0, updated=1655900138, actions=7339703, custom actions=[], active item id=0, error=null}, new state= PlaybackState {state=PLAYING(3), position=2, buffered position=0, speed=1.0, updated=1655900182, actions=7339703, custom actions=[], active item id=0, error=null}
05-27 03:35:11.035 D/HeadsetService( 3992): getHeadsetService(): returning com.android.bluetooth.hfp.HeadsetService@9390a13
05-27 03:35:11.035 E/HeadsetStateMachine( 3992): returning mCurrentState as Disconnected
05-27 03:35:11.035 E/HeadsetStateMachine( 3992): returning mCurrentState as Disconnected
05-27 03:35:11.035 D/HeadsetService( 3992):  isAudioOn: The number of audio connected devices 0
05-27 03:35:11.035 D/HeadsetService( 3992): isScoOrCallActive(): Call Active:falseCall is Ringing:falseSCO is Active:false
05-27 03:35:11.035 E/HeadsetStateMachine( 3992): returning mCurrentState as Disconnected
05-27 03:35:11.035 E/HeadsetStateMachine( 3992): returning mCurrentState as Disconnected
05-27 03:35:11.035 D/HeadsetService( 3992):  isAudioOn: The number of audio connected devices 0
05-27 03:35:11.035 V/Avrcp_ext( 3992): isPlayStateTobeUpdated: device: null
05-27 03:35:11.035 V/Avrcp_ext( 3992): Single connection exists
05-27 03:35:11.035 E/HeadsetStateMachine( 3992): returning mCurrentState as Disconnected
05-27 03:35:11.035 E/HeadsetStateMachine( 3992): returning mCurrentState as Disconnected
05-27 03:35:11.035 D/HeadsetService( 3992):  isAudioOn: The number of audio connected devices 0
05-27 03:35:11.035 D/HeadsetService( 3992): isScoOrCallActive(): Call Active:falseCall is Ringing:falseSCO is Active:false
05-27 03:35:11.035 E/HeadsetStateMachine( 3992): returning mCurrentState as Disconnected
05-27 03:35:11.035 E/HeadsetStateMachine( 3992): returning mCurrentState as Disconnected
05-27 03:35:11.035 D/HeadsetService( 3992):  isAudioOn: The number of audio connected devices 0
05-27 03:35:11.035 V/Avrcp_ext( 3992): isPlayStateTobeUpdated: device: null
05-27 03:35:11.035 V/Avrcp_ext( 3992): Single connection exists
05-27 03:35:11.035 E/HeadsetStateMachine( 3992): returning mCurrentState as Disconnected
05-27 03:35:11.035 E/HeadsetStateMachine( 3992): returning mCurrentState as Disconnected
05-27 03:35:11.035 D/HeadsetService( 3992):  isAudioOn: The number of audio connected devices 0
05-27 03:35:11.035 D/HeadsetService( 3992): isScoOrCallActive(): Call Active:falseCall is Ringing:falseSCO is Active:false
05-27 03:35:11.035 E/HeadsetStateMachine( 3992): returning mCurrentState as Disconnected
05-27 03:35:11.035 E/HeadsetStateMachine( 3992): returning mCurrentState as Disconnected
05-27 03:35:11.035 D/HeadsetService( 3992):  isAudioOn: The number of audio connected devices 0
05-27 03:35:11.035 V/Avrcp_ext( 3992): isPlayStateTobeUpdated: device: null
05-27 03:35:11.035 V/Avrcp_ext( 3992): Single connection exists
05-27 03:35:11.035 E/HeadsetStateMachine( 3992): returning mCurrentState as Disconnected
05-27 03:35:11.035 E/HeadsetStateMachine( 3992): returning mCurrentState as Disconnected
05-27 03:35:11.035 D/HeadsetService( 3992):  isAudioOn: The number of audio connected devices 0
05-27 03:35:11.035 D/HeadsetService( 3992): isScoOrCallActive(): Call Active:falseCall is Ringing:falseSCO is Active:false
05-27 03:35:11.035 E/HeadsetStateMachine( 3992): returning mCurrentState as Disconnected
05-27 03:35:11.035 E/HeadsetStateMachine( 3992): returning mCurrentState as Disconnected
05-27 03:35:11.035 D/HeadsetService( 3992):  isAudioOn: The number of audio connected devices 0
05-27 03:35:11.035 V/Avrcp_ext( 3992): isPlayStateTobeUpdated: device: null
05-27 03:35:11.035 V/Avrcp_ext( 3992): Single connection exists
05-27 03:35:11.035 E/HeadsetStateMachine( 3992): returning mCurrentState as Disconnected
05-27 03:35:11.035 E/HeadsetStateMachine( 3992): returning mCurrentState as Disconnected
05-27 03:35:11.035 D/HeadsetService( 3992):  isAudioOn: The number of audio connected devices 0
05-27 03:35:11.035 D/HeadsetService( 3992): isScoOrCallActive(): Call Active:falseCall is Ringing:falseSCO is Active:false
05-27 03:35:11.035 E/HeadsetStateMachine( 3992): returning mCurrentState as Disconnected
05-27 03:35:11.035 E/HeadsetStateMachine( 3992): returning mCurrentState as Disconnected
05-27 03:35:11.035 D/HeadsetService( 3992):  isAudioOn: The number of audio connected devices 0
05-27 03:35:11.035 V/Avrcp_ext( 3992): isPlayStateTobeUpdated: device: null
05-27 03:35:11.035 V/Avrcp_ext( 3992): Single connection exists
05-27 03:35:11.035 D/Avrcp_ext( 3992): Enter sendPlayPosNotificationRsp
05-27 03:35:11.035 D/Avrcp_ext( 3992): sendPlayPosNotificationRsp: Not registered or requesting.
05-27 03:35:11.035 D/Avrcp_ext( 3992): Enter sendPlayPosNotificationRsp
05-27 03:35:11.035 D/Avrcp_ext( 3992): sendPlayPosNotificationRsp: Not registered or requesting.
05-27 03:35:11.035 D/Avrcp_ext( 3992): Enter sendPlayPosNotificationRsp
05-27 03:35:11.035 D/Avrcp_ext( 3992): sendPlayPosNotificationRsp: Not registered or requesting.
05-27 03:35:11.035 D/Avrcp_ext( 3992): Enter sendPlayPosNotificationRsp
05-27 03:35:11.035 D/Avrcp_ext( 3992): sendPlayPosNotificationRsp: Not registered or requesting.
05-27 03:35:11.035 D/Avrcp_ext( 3992): Enter sendPlayPosNotificationRsp
05-27 03:35:11.035 D/Avrcp_ext( 3992): sendPlayPosNotificationRsp: Not registered or requesting.
05-27 03:35:11.035 V/Avrcp_ext( 3992): Exit updatePlayerStateAndPosition
05-27 03:35:11.035 D/APM: ActiveDeviceManagerServiceLegacy( 3992): getActiveAbsoluteDevice(): device: null
05-27 03:35:11.035 D/APM: ActiveDeviceManagerServiceLegacy( 3992): isStableState(): true
05-27 03:35:11.035 D/Avrcp_ext( 3992): isAdmStable = true activeAbsAddr = null device = null
05-27 03:35:11.035 V/APM: MediaControlManager( 3992): onPlaybackStateChanged
05-27 03:35:11.035 W/McpService( 3992): updatePlaybackState state PlaybackState {state=PLAYING(3), position=2, buffered position=0, speed=1.0, updated=1655900182, actions=7339703, custom actions=[], active item id=0, error=null}
05-27 03:35:11.035 W/McpService( 3992): updatePlaybackState mState: 1 state: 1
05-27 03:35:11.035 W/Avrcp_ext( 3992): updated player state = PlaybackState {state=PLAYING(3), position=2, buffered position=0, speed=1.0, updated=1655900182, actions=7339703, custom actions=[], active item id=0, error=null}to MCP module also
05-27 03:35:11.035 V/Avrcp_ext( 3992):  Exit onPlaybackStateChanged
05-27 03:35:11.035 V/Avrcp_ext( 3992): onPlaybackStateChanged: state PlaybackState {state=PLAYING(3), position=0, buffered position=0, speed=1.0, updated=1655900179, actions=7339703, custom actions=[], active item id=0, error=null}
05-27 03:35:11.035 V/APM: MediaControlManager( 3992): onPlaybackStateChanged
05-27 03:35:11.035 W/McpService( 3992): updatePlaybackState state PlaybackState {state=PLAYING(3), position=0, buffered position=0, speed=1.0, updated=1655900179, actions=7339703, custom actions=[], active item id=0, error=null}
05-27 03:35:11.035 W/McpService( 3992): updatePlaybackState mState: 1 state: 1
05-27 03:35:11.036 V/Avrcp_ext( 3992): updateCurrentMediaState: mMediaController: MediaController (com.deepeye.musicpro.debug@296f697) Chaand Baaliyan – Aditya A. | Trending Song | Official Video, Sony Music India, null
05-27 03:35:11.036 W/Avrcp_ext( 3992): isMusicActive: false getBluetoothPlayState: 1 A2dp State: 11 mAudioPlaybackIsActive: false
05-27 03:35:11.036 D/Avrcp_ext( 3992): isMusicActive = false mAudioPlaybackIsActive = false player state = PlaybackState {state=PLAYING(3), position=4, buffered position=0, speed=1.0, updated=1655900184, actions=7339703, custom actions=[], active item id=0, error=null}
05-27 03:35:11.036 D/Avrcp_ext( 3992): overwrite album_artist :if album is blank
05-27 03:35:11.036 V/Avrcp_ext( 3992): Media update: id 0➡0? [MediaAttributes: C⋯o -  by S⋯a (0 0/0) - ] : [MediaAttributes: C⋯o -  by S⋯a (0 0/0) - ]
05-27 03:35:11.036 D/Avrcp_ext( 3992): isPackageNameValid: browsedPackage = com.deepeye.musicpro.debugisValid = true
05-27 03:35:11.036 V/Avrcp_ext( 3992): isBrowseSupported for com.deepeye.musicpro.debug: false
05-27 03:35:11.036 W/Avrcp_ext( 3992): updateCurrentMediaState: isInactivePlayer = false
05-27 03:35:11.036 V/Avrcp_ext( 3992): updatePlaybackState, state: PlaybackState {state=PLAYING(3), position=4, buffered position=0, speed=1.0, updated=1655900184, actions=7339703, custom actions=[], active item id=0, error=null} device: null
05-27 03:35:11.036 V/Avrcp_ext( 3992): Device: no name: 
05-27 03:35:11.036 V/Avrcp_ext( 3992): Device: no name: 
05-27 03:35:11.036 V/Avrcp_ext( 3992): Device: no name: 
05-27 03:35:11.036 V/Avrcp_ext( 3992): Device: no name: 
05-27 03:35:11.036 V/Avrcp_ext( 3992): Device: no name: 
05-27 03:35:11.036 V/Avrcp_ext( 3992): updatePlayerStateAndPosition, old=PlaybackState {state=PLAYING(3), position=2, buffered position=0, speed=1.0, updated=1655900182, actions=7339703, custom actions=[], active item id=0, error=null}, state=PlaybackState {state=PLAYING(3), position=4, buffered position=0, speed=1.0, updated=1655900184, actions=7339703, custom actions=[], active item id=0, error=null}
05-27 03:35:11.036 V/Avrcp_ext( 3992): old state = PlaybackState {state=PLAYING(3), position=2, buffered position=0, speed=1.0, updated=1655900182, actions=7339703, custom actions=[], active item id=0, error=null}, new state= PlaybackState {state=PLAYING(3), position=4, buffered position=0, speed=1.0, updated=1655900184, actions=7339703, custom actions=[], active item id=0, error=null}
05-27 03:35:11.036 D/HeadsetService( 3992): getHeadsetService(): returning com.android.bluetooth.hfp.HeadsetService@9390a13
05-27 03:35:11.036 E/HeadsetStateMachine( 3992): returning mCurrentState as Disconnected
05-27 03:35:11.036 E/HeadsetStateMachine( 3992): returning mCurrentState as Disconnected
05-27 03:35:11.036 D/HeadsetService( 3992):  isAudioOn: The number of audio connected devices 0
05-27 03:35:11.036 D/HeadsetService( 3992): isScoOrCallActive(): Call Active:falseCall is Ringing:falseSCO is Active:false
05-27 03:35:11.036 E/HeadsetStateMachine( 3992): returning mCurrentState as Disconnected
05-27 03:35:11.036 E/HeadsetStateMachine( 3992): returning mCurrentState as Disconnected
05-27 03:35:11.036 D/HeadsetService( 3992):  isAudioOn: The number of audio connected devices 0
05-27 03:35:11.036 V/Avrcp_ext( 3992): isPlayStateTobeUpdated: device: null
05-27 03:35:11.036 V/Avrcp_ext( 3992): Single connection exists
05-27 03:35:11.036 E/HeadsetStateMachine( 3992): returning mCurrentState as Disconnected
05-27 03:35:11.036 E/HeadsetStateMachine( 3992): returning mCurrentState as Disconnected
05-27 03:35:11.036 D/HeadsetService( 3992):  isAudioOn: The number of audio connected devices 0
05-27 03:35:11.036 D/HeadsetService( 3992): isScoOrCallActive(): Call Active:falseCall is Ringing:falseSCO is Active:false
05-27 03:35:11.037 E/HeadsetStateMachine( 3992): returning mCurrentState as Disconnected
05-27 03:35:11.037 E/HeadsetStateMachine( 3992): returning mCurrentState as Disconnected
05-27 03:35:11.037 D/HeadsetService( 3992):  isAudioOn: The number of audio connected devices 0
05-27 03:35:11.037 V/Avrcp_ext( 3992): isPlayStateTobeUpdated: device: null
05-27 03:35:11.037 V/Avrcp_ext( 3992): Single connection exists
05-27 03:35:11.037 E/HeadsetStateMachine( 3992): returning mCurrentState as Disconnected
05-27 03:35:11.037 E/HeadsetStateMachine( 3992): returning mCurrentState as Disconnected
05-27 03:35:11.037 D/HeadsetService( 3992):  isAudioOn: The number of audio connected devices 0
05-27 03:35:11.037 D/HeadsetService( 3992): isScoOrCallActive(): Call Active:falseCall is Ringing:falseSCO is Active:false
05-27 03:35:11.037 E/HeadsetStateMachine( 3992): returning mCurrentState as Disconnected
05-27 03:35:11.037 E/HeadsetStateMachine( 3992): returning mCurrentState as Disconnected
05-27 03:35:11.037 D/HeadsetService( 3992):  isAudioOn: The number of audio connected devices 0
05-27 03:35:11.037 V/Avrcp_ext( 3992): isPlayStateTobeUpdated: device: null
05-27 03:35:11.037 V/Avrcp_ext( 3992): Single connection exists
05-27 03:35:11.037 E/HeadsetStateMachine( 3992): returning mCurrentState as Disconnected
05-27 03:35:11.037 E/HeadsetStateMachine( 3992): returning mCurrentState as Disconnected
05-27 03:35:11.037 D/HeadsetService( 3992):  isAudioOn: The number of audio connected devices 0
05-27 03:35:11.037 D/HeadsetService( 3992): isScoOrCallActive(): Call Active:falseCall is Ringing:falseSCO is Active:false
05-27 03:35:11.037 E/HeadsetStateMachine( 3992): returning mCurrentState as Disconnected
05-27 03:35:11.037 E/HeadsetStateMachine( 3992): returning mCurrentState as Disconnected
05-27 03:35:11.037 D/HeadsetService( 3992):  isAudioOn: The number of audio connected devices 0
05-27 03:35:11.037 V/Avrcp_ext( 3992): isPlayStateTobeUpdated: device: null
05-27 03:35:11.037 V/Avrcp_ext( 3992): Single connection exists
05-27 03:35:11.037 E/HeadsetStateMachine( 3992): returning mCurrentState as Disconnected
05-27 03:35:11.037 E/HeadsetStateMachine( 3992): returning mCurrentState as Disconnected
05-27 03:35:11.037 D/HeadsetService( 3992):  isAudioOn: The number of audio connected devices 0
05-27 03:35:11.037 D/HeadsetService( 3992): isScoOrCallActive(): Call Active:falseCall is Ringing:falseSCO is Active:false
05-27 03:35:11.037 E/HeadsetStateMachine( 3992): returning mCurrentState as Disconnected
05-27 03:35:11.037 E/HeadsetStateMachine( 3992): returning mCurrentState as Disconnected
05-27 03:35:11.037 D/HeadsetService( 3992):  isAudioOn: The number of audio connected devices 0
05-27 03:35:11.037 V/Avrcp_ext( 3992): isPlayStateTobeUpdated: device: null
05-27 03:35:11.037 V/Avrcp_ext( 3992): Single connection exists
05-27 03:35:11.037 D/Avrcp_ext( 3992): Enter sendPlayPosNotificationRsp
05-27 03:35:11.037 D/Avrcp_ext( 3992): sendPlayPosNotificationRsp: Not registered or requesting.
05-27 03:35:11.037 D/Avrcp_ext( 3992): Enter sendPlayPosNotificationRsp
05-27 03:35:11.037 D/Avrcp_ext( 3992): sendPlayPosNotificationRsp: Not registered or requesting.
05-27 03:35:11.037 D/Avrcp_ext( 3992): Enter sendPlayPosNotificationRsp
05-27 03:35:11.037 D/Avrcp_ext( 3992): sendPlayPosNotificationRsp: Not registered or requesting.
05-27 03:35:11.037 D/Avrcp_ext( 3992): Enter sendPlayPosNotificationRsp
05-27 03:35:11.037 D/Avrcp_ext( 3992): sendPlayPosNotificationRsp: Not registered or requesting.
05-27 03:35:11.037 D/Avrcp_ext( 3992): Enter sendPlayPosNotificationRsp
05-27 03:35:11.037 D/Avrcp_ext( 3992): sendPlayPosNotificationRsp: Not registered or requesting.
05-27 03:35:11.037 V/Avrcp_ext( 3992): Exit updatePlayerStateAndPosition
05-27 03:35:11.037 D/APM: ActiveDeviceManagerServiceLegacy( 3992): getActiveAbsoluteDevice(): device: null
05-27 03:35:11.037 D/APM: ActiveDeviceManagerServiceLegacy( 3992): isStableState(): true
05-27 03:35:11.037 D/Avrcp_ext( 3992): isAdmStable = true activeAbsAddr = null device = null
05-27 03:35:11.037 V/APM: MediaControlManager( 3992): onPlaybackStateChanged
05-27 03:35:11.037 W/McpService( 3992): updatePlaybackState state PlaybackState {state=PLAYING(3), position=4, buffered position=0, speed=1.0, updated=1655900184, actions=7339703, custom actions=[], active item id=0, error=null}
05-27 03:35:11.037 W/McpService( 3992): updatePlaybackState mState: 1 state: 1
05-27 03:35:11.037 W/Avrcp_ext( 3992): updated player state = PlaybackState {state=PLAYING(3), position=4, buffered position=0, speed=1.0, updated=1655900184, actions=7339703, custom actions=[], active item id=0, error=null}to MCP module also
05-27 03:35:11.037 V/Avrcp_ext( 3992):  Exit onPlaybackStateChanged
05-27 03:35:11.037 V/Avrcp_ext( 3992): onPlaybackStateChanged: state PlaybackState {state=PLAYING(3), position=0, buffered position=0, speed=1.0, updated=1655900180, actions=7339703, custom actions=[], active item id=0, error=null}
05-27 03:35:11.037 V/APM: MediaControlManager( 3992): onPlaybackStateChanged
05-27 03:35:11.037 W/McpService( 3992): updatePlaybackState state PlaybackState {state=PLAYING(3), position=0, buffered position=0, speed=1.0, updated=1655900180, actions=7339703, custom actions=[], active item id=0, error=null}
05-27 03:35:11.037 W/McpService( 3992): updatePlaybackState mState: 1 state: 1
05-27 03:35:11.037 V/Avrcp_ext( 3992): updateCurrentMediaState: mMediaController: MediaController (com.deepeye.musicpro.debug@296f697) Chaand Baaliyan – Aditya A. | Trending Song | Official Video, Sony Music India, null
05-27 03:35:11.037 W/Avrcp_ext( 3992): isMusicActive: false getBluetoothPlayState: 1 A2dp State: 11 mAudioPlaybackIsActive: false
05-27 03:35:11.038 D/Avrcp_ext( 3992): isMusicActive = false mAudioPlaybackIsActive = false player state = PlaybackState {state=PLAYING(3), position=6, buffered position=0, speed=1.0, updated=1655900186, actions=7339703, custom actions=[], active item id=0, error=null}
05-27 03:35:11.038 D/Avrcp_ext( 3992): overwrite album_artist :if album is blank
05-27 03:35:11.038 V/Avrcp_ext( 3992): Media update: id 0➡0? [MediaAttributes: C⋯o -  by S⋯a (0 0/0) - ] : [MediaAttributes: C⋯o -  by S⋯a (0 0/0) - ]
05-27 03:35:11.038 D/Avrcp_ext( 3992): isPackageNameValid: browsedPackage = com.deepeye.musicpro.debugisValid = true
05-27 03:35:11.038 V/Avrcp_ext( 3992): isBrowseSupported for com.deepeye.musicpro.debug: false
05-27 03:35:11.038 W/Avrcp_ext( 3992): updateCurrentMediaState: isInactivePlayer = false
05-27 03:35:11.038 V/Avrcp_ext( 3992): updatePlaybackState, state: PlaybackState {state=PLAYING(3), position=6, buffered position=0, speed=1.0, updated=1655900186, actions=7339703, custom actions=[], active item id=0, error=null} device: null
05-27 03:35:11.038 V/Avrcp_ext( 3992): Device: no name: 
05-27 03:35:11.038 V/Avrcp_ext( 3992): Device: no name: 
05-27 03:35:11.038 V/Avrcp_ext( 3992): Device: no name: 
05-27 03:35:11.038 V/Avrcp_ext( 3992): Device: no name: 
05-27 03:35:11.038 V/Avrcp_ext( 3992): Device: no name: 
05-27 03:35:11.038 V/Avrcp_ext( 3992): updatePlayerStateAndPosition, old=PlaybackState {state=PLAYING(3), position=4, buffered position=0, speed=1.0, updated=1655900184, actions=7339703, custom actions=[], active item id=0, error=null}, state=PlaybackState {state=PLAYING(3), position=6, buffered position=0, speed=1.0, updated=1655900186, actions=7339703, custom actions=[], active item id=0, error=null}
05-27 03:35:11.038 V/Avrcp_ext( 3992): old state = PlaybackState {state=PLAYING(3), position=4, buffered position=0, speed=1.0, updated=1655900184, actions=7339703, custom actions=[], active item id=0, error=null}, new state= PlaybackState {state=PLAYING(3), position=6, buffered position=0, speed=1.0, updated=1655900186, actions=7339703, custom actions=[], active item id=0, error=null}
05-27 03:35:11.038 D/HeadsetService( 3992): getHeadsetService(): returning com.android.bluetooth.hfp.HeadsetService@9390a13
05-27 03:35:11.038 E/HeadsetStateMachine( 3992): returning mCurrentState as Disconnected
05-27 03:35:11.038 E/HeadsetStateMachine( 3992): returning mCurrentState as Disconnected
05-27 03:35:11.038 D/HeadsetService( 3992):  isAudioOn: The number of audio connected devices 0
05-27 03:35:11.038 D/HeadsetService( 3992): isScoOrCallActive(): Call Active:falseCall is Ringing:falseSCO is Active:false
05-27 03:35:11.038 E/HeadsetStateMachine( 3992): returning mCurrentState as Disconnected
05-27 03:35:11.038 E/HeadsetStateMachine( 3992): returning mCurrentState as Disconnected
05-27 03:35:11.038 D/HeadsetService( 3992):  isAudioOn: The number of audio connected devices 0
05-27 03:35:11.038 V/Avrcp_ext( 3992): isPlayStateTobeUpdated: device: null
05-27 03:35:11.038 V/Avrcp_ext( 3992): Single connection exists
05-27 03:35:11.038 E/HeadsetStateMachine( 3992): returning mCurrentState as Disconnected
05-27 03:35:11.038 E/HeadsetStateMachine( 3992): returning mCurrentState as Disconnected
05-27 03:35:11.038 D/HeadsetService( 3992):  isAudioOn: The number of audio connected devices 0
05-27 03:35:11.038 D/HeadsetService( 3992): isScoOrCallActive(): Call Active:falseCall is Ringing:falseSCO is Active:false
05-27 03:35:11.038 E/HeadsetStateMachine( 3992): returning mCurrentState as Disconnected
05-27 03:35:11.038 E/HeadsetStateMachine( 3992): returning mCurrentState as Disconnected
05-27 03:35:11.038 D/HeadsetService( 3992):  isAudioOn: The number of audio connected devices 0
05-27 03:35:11.038 V/Avrcp_ext( 3992): isPlayStateTobeUpdated: device: null
05-27 03:35:11.038 V/Avrcp_ext( 3992): Single connection exists
05-27 03:35:11.038 E/HeadsetStateMachine( 3992): returning mCurrentState as Disconnected
05-27 03:35:11.038 E/HeadsetStateMachine( 3992): returning mCurrentState as Disconnected
05-27 03:35:11.038 D/HeadsetService( 3992):  isAudioOn: The number of audio connected devices 0
05-27 03:35:11.038 D/HeadsetService( 3992): isScoOrCallActive(): Call Active:falseCall is Ringing:falseSCO is Active:false
05-27 03:35:11.038 E/HeadsetStateMachine( 3992): returning mCurrentState as Disconnected
05-27 03:35:11.038 E/HeadsetStateMachine( 3992): returning mCurrentState as Disconnected
05-27 03:35:11.038 D/HeadsetService( 3992):  isAudioOn: The number of audio connected devices 0
05-27 03:35:11.038 V/Avrcp_ext( 3992): isPlayStateTobeUpdated: device: null
05-27 03:35:11.038 V/Avrcp_ext( 3992): Single connection exists
05-27 03:35:11.038 E/HeadsetStateMachine( 3992): returning mCurrentState as Disconnected
05-27 03:35:11.038 E/HeadsetStateMachine( 3992): returning mCurrentState as Disconnected
05-27 03:35:11.038 D/HeadsetService( 3992):  isAudioOn: The number of audio connected devices 0
05-27 03:35:11.038 D/HeadsetService( 3992): isScoOrCallActive(): Call Active:falseCall is Ringing:falseSCO is Active:false
05-27 03:35:11.038 E/HeadsetStateMachine( 3992): returning mCurrentState as Disconnected
05-27 03:35:11.038 E/HeadsetStateMachine( 3992): returning mCurrentState as Disconnected
05-27 03:35:11.038 D/HeadsetService( 3992):  isAudioOn: The number of audio connected devices 0
05-27 03:35:11.038 V/Avrcp_ext( 3992): isPlayStateTobeUpdated: device: null
05-27 03:35:11.038 V/Avrcp_ext( 3992): Single connection exists
05-27 03:35:11.038 E/HeadsetStateMachine( 3992): returning mCurrentState as Disconnected
05-27 03:35:11.038 E/HeadsetStateMachine( 3992): returning mCurrentState as Disconnected
05-27 03:35:11.038 D/HeadsetService( 3992):  isAudioOn: The number of audio connected devices 0
05-27 03:35:11.038 D/HeadsetService( 3992): isScoOrCallActive(): Call Active:falseCall is Ringing:falseSCO is Active:false
05-27 03:35:11.038 E/HeadsetStateMachine( 3992): returning mCurrentState as Disconnected
05-27 03:35:11.038 E/HeadsetStateMachine( 3992): returning mCurrentState as Disconnected
05-27 03:35:11.038 D/HeadsetService( 3992):  isAudioOn: The number of audio connected devices 0
05-27 03:35:11.038 V/Avrcp_ext( 3992): isPlayStateTobeUpdated: device: null
05-27 03:35:11.038 V/Avrcp_ext( 3992): Single connection exists
05-27 03:35:11.038 D/Avrcp_ext( 3992): Enter sendPlayPosNotificationRsp
05-27 03:35:11.038 D/Avrcp_ext( 3992): sendPlayPosNotificationRsp: Not registered or requesting.
05-27 03:35:11.038 D/Avrcp_ext( 3992): Enter sendPlayPosNotificationRsp
05-27 03:35:11.038 D/Avrcp_ext( 3992): sendPlayPosNotificationRsp: Not registered or requesting.
05-27 03:35:11.038 D/Avrcp_ext( 3992): Enter sendPlayPosNotificationRsp
05-27 03:35:11.038 D/Avrcp_ext( 3992): sendPlayPosNotificationRsp: Not registered or requesting.
05-27 03:35:11.038 D/Avrcp_ext( 3992): Enter sendPlayPosNotificationRsp
05-27 03:35:11.038 D/Avrcp_ext( 3992): sendPlayPosNotificationRsp: Not registered or requesting.
05-27 03:35:11.038 D/Avrcp_ext( 3992): Enter sendPlayPosNotificationRsp
05-27 03:35:11.038 D/Avrcp_ext( 3992): sendPlayPosNotificationRsp: Not registered or requesting.
05-27 03:35:11.038 V/Avrcp_ext( 3992): Exit updatePlayerStateAndPosition
05-27 03:35:11.038 D/APM: ActiveDeviceManagerServiceLegacy( 3992): getActiveAbsoluteDevice(): device: null
05-27 03:35:11.038 D/APM: ActiveDeviceManagerServiceLegacy( 3992): isStableState(): true
05-27 03:35:11.038 D/Avrcp_ext( 3992): isAdmStable = true activeAbsAddr = null device = null
05-27 03:35:11.038 V/APM: MediaControlManager( 3992): onPlaybackStateChanged
05-27 03:35:11.039 W/McpService( 3992): updatePlaybackState state PlaybackState {state=PLAYING(3), position=6, buffered position=0, speed=1.0, updated=1655900186, actions=7339703, custom actions=[], active item id=0, error=null}
05-27 03:35:11.039 W/McpService( 3992): updatePlaybackState mState: 1 state: 1
05-27 03:35:11.039 W/Avrcp_ext( 3992): updated player state = PlaybackState {state=PLAYING(3), position=6, buffered position=0, speed=1.0, updated=1655900186, actions=7339703, custom actions=[], active item id=0, error=null}to MCP module also
05-27 03:35:11.039 V/Avrcp_ext( 3992):  Exit onPlaybackStateChanged
05-27 03:35:11.053 W/cr_media( 5526): BLUETOOTH_CONNECT permission is missing.
05-27 03:35:11.053 W/cr_media( 5526): getBluetoothAdapter() requires BLUETOOTH permission
05-27 03:35:11.053 W/cr_media( 5526): registerBluetoothIntentsIfNeeded: Requires BLUETOOTH permission
05-27 03:35:11.056 D/CompatibilityChangeReporter( 3077): Compat change id reported: 161145287; UID 10521; state: ENABLED
05-27 03:35:11.058 D/vulkan  ( 5526): searching for layers in '/data/app/~~EElsuZYTYtmqNqAf0KK3qg==/com.deepeye.musicpro.debug--rXk12bTiI3F5BXfkPtmtQ==/lib/arm64'
05-27 03:35:11.059 D/vulkan  ( 5526): searching for layers in '/data/app/~~EElsuZYTYtmqNqAf0KK3qg==/com.deepeye.musicpro.debug--rXk12bTiI3F5BXfkPtmtQ==/base.apk!/lib/arm64-v8a'
05-27 03:35:11.063 I/cr_LibraryLoader( 5603): Successfully loaded native library
05-27 03:35:11.065 I/cr_CachingUmaRecorder( 5603): Flushed 2 samples from 2 histograms, 0 samples were dropped.
05-27 03:35:11.066 I/AdrenoVK-0( 5526): ===== BEGIN DUMP OF OVERRIDDEN SETTINGS =====
05-27 03:35:11.066 W/chromium( 5603): [WARNING:content/app/android/content_main_android.cc:82] android_setCpu already initialized
05-27 03:35:11.066 I/AdrenoVK-0( 5526): ===== END DUMP OF OVERRIDDEN SETTINGS =====
05-27 03:35:11.068 I/AdrenoVK-0( 5526): QUALCOMM build          : dad4038ba6, If56d4a5bb8
05-27 03:35:11.068 I/AdrenoVK-0( 5526): Build Date              : 07/28/23
05-27 03:35:11.068 I/AdrenoVK-0( 5526): Shader Compiler Version : EV031.36.08.24
05-27 03:35:11.068 I/AdrenoVK-0( 5526): Local Branch            : 
05-27 03:35:11.068 I/AdrenoVK-0( 5526): Remote Branch           : refs/tags/AU_LINUX_ANDROID_LA.VENDOR.1.0.11.00.00.766.892
05-27 03:35:11.068 I/AdrenoVK-0( 5526): Remote Branch           : NONE
05-27 03:35:11.068 I/AdrenoVK-0( 5526): Reconstruct Branch      : NOTHING
05-27 03:35:11.068 I/AdrenoVK-0( 5526): Build Config            : S P 12.1.1 AArch64
05-27 03:35:11.068 I/AdrenoVK-0( 5526): Driver Path             : /vendor/lib64/hw/vulkan.adreno.so
05-27 03:35:11.068 I/AdrenoVK-0( 5526): Driver Version          : 0615.74
05-27 03:35:11.068 I/AdrenoVK-0( 5526): PFP                     : 0x01730158
05-27 03:35:11.068 I/AdrenoVK-0( 5526): ME                      : 0x00000000
05-27 03:35:11.068 I/AdrenoVK-0( 5526): Application Name    : 
05-27 03:35:11.068 I/AdrenoVK-0( 5526): Application Version : 0x00000001
05-27 03:35:11.068 I/AdrenoVK-0( 5526): Engine Name         : 
05-27 03:35:11.068 I/AdrenoVK-0( 5526): Engine Version      : 0x00000001
05-27 03:35:11.068 I/AdrenoVK-0( 5526): Api Version         : 0x00403000
05-27 03:35:11.079 W/chromium( 5603): [WARNING:content/child/runtime_features.cc:540] Fenced frames cannot be enabled in this configuration. Use --enable-features=FencedFrames instead.
05-27 03:35:11.079 W/chromium( 5603): [WARNING:content/child/runtime_features.cc:565] Topics cannot be enabled in this configuration. Use --enable-features=BrowsingTopics in addition.
05-27 03:35:11.079 W/chromium( 5603): [WARNING:content/child/runtime_features.cc:586] SharedStorage cannot be enabled in this configuration. Use --enable-features=SharedStorageAPI in addition.
05-27 03:35:11.092 I/FontLog (26027): (REDACTED) Received query %s, URI %s
05-27 03:35:11.093 I/FontLog (26027): (REDACTED) Query [%s] resolved to %s
05-27 03:35:11.095 I/FontLog (26027): (REDACTED) Font PFD returned from cache for %s
05-27 03:35:11.096 I/FontLog (26027): (REDACTED) Fetch %s end status %s
05-27 03:35:11.099 I/FontLog (26027): (REDACTED) Pulling font file for id = %d, cache size = %d
05-27 03:35:11.102 I/FontLog (26027): (REDACTED) Received query %s, URI %s
05-27 03:35:11.102 I/FontLog (26027): (REDACTED) Query [%s] resolved to %s
05-27 03:35:11.103 I/FontLog (26027): (REDACTED) Fetch %s end status %s
05-27 03:35:11.105 I/FontLog (26027): (REDACTED) Pulling font file for id = %d, cache size = %d
05-27 03:35:11.111 I/FontLog (26027): (REDACTED) Received query %s, URI %s
05-27 03:35:11.111 I/FontLog (26027): (REDACTED) Query [%s] resolved to %s
05-27 03:35:11.113 I/FontLog (26027): (REDACTED) Font PFD returned from cache for %s
05-27 03:35:11.113 I/FontLog (26027): (REDACTED) Fetch %s end status %s
05-27 03:35:11.117 I/FontLog (26027): (REDACTED) Pulling font file for id = %d, cache size = %d
05-27 03:35:11.120 I/FontLog (26027): (REDACTED) Received query %s, URI %s
05-27 03:35:11.120 I/FontLog (26027): (REDACTED) Query [%s] resolved to %s
05-27 03:35:11.121 I/FontLog (26027): (REDACTED) Font PFD returned from cache for %s
05-27 03:35:11.121 I/FontLog (26027): (REDACTED) Fetch %s end status %s
05-27 03:35:11.123 I/FontLog (26027): (REDACTED) Pulling font file for id = %d, cache size = %d
05-27 03:35:11.128 E/minksocket( 1748): MinkIPC_QRTR_Service: client with node 1 port 7b47 went down
05-27 03:35:11.129 E/minksocket( 1748): MinkIPC_QRTR_Service: client with node 1 port 7b48 went down
05-27 03:35:11.130 E/minksocket( 1748): MinkIPC_QRTR_Service: client with node 1 port 7b49 went down
05-27 03:35:11.132 I/FontLog (26027): (REDACTED) Received query %s, URI %s
05-27 03:35:11.133 I/FontLog (26027): (REDACTED) Query [%s] resolved to %s
05-27 03:35:11.134 I/FontLog (26027): (REDACTED) Font PFD returned from cache for %s
05-27 03:35:11.134 I/FontLog (26027): (REDACTED) Fetch %s end status %s
05-27 03:35:11.135 E/minksocket( 1748): MinkIPC_QRTR_Service: client with node 1 port 7b4b went down
05-27 03:35:11.136 E/minksocket( 1748): MinkIPC_QRTR_Service: client with node 1 port 7b4c went down
05-27 03:35:11.137 E/minksocket( 1748): MinkIPC_QRTR_Service: client with node 1 port 7b4d went down
05-27 03:35:11.140 I/FontLog (26027): (REDACTED) Pulling font file for id = %d, cache size = %d
05-27 03:35:11.156 W/YouTubeVideoPlayer( 5526): force_reload videoId=7c3-Gei5j4w previousVideoId=7c3-Gei5j4w url=about:blank size=0x0 reason=blank_url
05-27 03:35:11.169 I/YouTubeVideoPlayer( 5526): initial_load videoId=7c3-Gei5j4w startSec=0 muteWebViewAudio=false baseUrl=https://www.youtube.com/ embedUrl=https://www.youtube.com/embed/7c3-Gei5j4w?autoplay=1&controls=0&playsinline=1&enablejsapi=1&rel=0&modestbranding=1&iv_load_policy=3&start=0
05-27 03:35:11.171 D/CompatibilityChangeReporter( 5526): Compat change id reported: 193247900; UID 10521; state: ENABLED
05-27 03:35:11.171 I/MotoDesktopLog(18909): [ NotificationMonitorService ] - onNotificationPosted: Notification(channel=default_channel_id shortcut=null contentView=null vibrate=null sound=null defaults=0x0 flags=0x68 color=0x00000000 category=transport groupKey=media3_group_key actions=3 vis=PUBLIC)
05-27 03:35:11.242 I/YouTubeVideoPlayer( 5526): resource_request method=GET mainFrame=false url=https://www.youtube.com/embed/7c3-Gei5j4w?autoplay=1&controls=0&playsinline=1&enablejsapi=1&rel=0&modestbranding=1&iv_load_policy=3&start=0
05-27 03:35:11.255 E/HybridPlayerCard( 5526): LaunchedEffect: controlsVisible=true, isPlaying=true, interactionCount=0
05-27 03:35:11.256 E/YouTubeVideoPlayer( 5526): LaunchedEffect triggered - videoId: 7c3-Gei5j4w, isPlaying: true, muteWebViewAudio: false
05-27 03:35:11.268 I/YouTubeVideoPlayer( 5526): resource_request method=GET mainFrame=false url=https://www.youtube.com/embed/7c3-Gei5j4w?autoplay=1&controls=0&playsinline=1&enablejsapi=1&rel=0&modestbranding=1&iv_load_policy=3&start=0
05-27 03:35:11.314 W/VideoCapabilities( 5526): Unsupported mime image/vnd.android.heic
05-27 03:35:11.314 W/VideoCapabilities( 5526): Unsupported mime image/vnd.android.heic
05-27 03:35:11.364 D/CompatibilityChangeReporter( 5526): Compat change id reported: 289878283; UID 10521; state: ENABLED
05-27 03:35:11.374 D/FolioNotificationManager( 7709): Pipeline: onEntryBind key = 0|com.deepeye.musicpro.debug|1001|null|10521
05-27 03:35:11.375 D/FolioNotificationManager( 7709): Pipeline: onEntryAdded key = 0|com.deepeye.musicpro.debug|1001|null|10521
05-27 03:35:11.375 D/FolioManager( 7709): notificationAdded: key = 0|com.deepeye.musicpro.debug|1001|null|10521
05-27 03:35:11.376 D/CompatibilityChangeReporter( 3077): Compat change id reported: 203800354; UID 10521; state: ENABLED
05-27 03:35:11.393 I/KgdSliceProvider( 7709): The weather info has not change, does not need to be updated. mTempF=-999 iconNumber=-999 celsius=true
05-27 03:35:11.393 D/MediaResumeListener( 7709): Checking for service component for com.deepeye.musicpro.debug
05-27 03:35:11.396 W/LocalMediaManager( 7709): BluetoothAdapter is null or muting expected device not exist
05-27 03:35:11.397 D/MediaDeviceManager( 7709): Can not get LocalBluetoothLeBroadcast
05-27 03:35:11.397 D/MediaDeviceManager( 7709): Can not get LocalBluetoothLeBroadcast
05-27 03:35:11.418 W/ConstraintSet( 7709): id unknown center_vertical_guideline
05-27 03:35:11.418 W/ConstraintSet( 7709): id unknown action_button_guideline
05-27 03:35:11.418 W/ConstraintSet( 7709): id unknown icon
05-27 03:35:11.418 W/ConstraintSet( 7709): id unknown media_seamless
05-27 03:35:11.418 W/ConstraintSet( 7709): id unknown media_action_barrier_start
05-27 03:35:11.418 W/ConstraintSet( 7709): id unknown media_action_barrier_end
05-27 03:35:11.418 W/ConstraintSet( 7709): id unknown media_action_barrier_top
05-27 03:35:11.418 W/ConstraintSet( 7709): id unknown remove_text
05-27 03:35:11.418 W/ConstraintSet( 7709): id unknown settings
05-27 03:35:11.418 W/ConstraintSet( 7709): id unknown dismiss
05-27 03:35:11.418 W/ConstraintSet( 7709): id unknown cancel
05-27 03:35:11.422 W/ConstraintSet( 7709): id unknown center_vertical_guideline
05-27 03:35:11.422 W/ConstraintSet( 7709): id unknown action_button_guideline
05-27 03:35:11.422 W/ConstraintSet( 7709): id unknown icon
05-27 03:35:11.422 W/ConstraintSet( 7709): id unknown media_seamless
05-27 03:35:11.422 W/ConstraintSet( 7709): id unknown media_action_barrier_start
05-27 03:35:11.422 W/ConstraintSet( 7709): id unknown media_action_barrier_end
05-27 03:35:11.422 W/ConstraintSet( 7709): id unknown media_action_barrier_top
05-27 03:35:11.422 W/ConstraintSet( 7709): id unknown remove_text
05-27 03:35:11.422 W/ConstraintSet( 7709): id unknown settings
05-27 03:35:11.422 W/ConstraintSet( 7709): id unknown dismiss
05-27 03:35:11.422 W/ConstraintSet( 7709): id unknown cancel
05-27 03:35:11.491 D/AudioFlinger( 1880): getParameters() io 0, keys offloadVariableRateSupported, calling pid 5526
05-27 03:35:11.491 D/AHAL: AudioDevice( 1756): GetParameters: 2389: enter
05-27 03:35:11.491 D/AHAL: FM( 1756): fm_get_parameters: 232: enter
05-27 03:35:11.491 D/AHAL: FM( 1756): fm_get_parameters: 239: exit
05-27 03:35:11.491 D/AHAL: AudioDevice( 1756): GetParameters: 2502: exit: returns - 
05-27 03:35:11.509 I/DMCodecAdapterFactory( 5526): Creating an asynchronous MediaCodec adapter for track type audio
05-27 03:35:11.511 I/MediaCodec( 5526): (0xb4000077b6da0960) init name(c2.android.opus.decoder)
05-27 03:35:11.512 D/CCodec  ( 5526): allocate(c2.android.opus.decoder)
05-27 03:35:11.514 I/Codec2Client( 5526): Available Codec2 services: "default" "default2" "default9" "software"
05-27 03:35:11.516 I/CCodec  ( 5526): setting up 'default' as default (vendor) store
