05-27 03:27:00.008 V/Avrcp_ext( 3992): isPlayStateTobeUpdated: device: null
05-27 03:27:00.008 V/Avrcp_ext( 3992): Single connection exists
05-27 03:27:00.008 E/HeadsetStateMachine( 3992): returning mCurrentState as Disconnected
05-27 03:27:00.008 E/HeadsetStateMachine( 3992): returning mCurrentState as Disconnected
05-27 03:27:00.008 D/HeadsetService( 3992):  isAudioOn: The number of audio connected devices 0
05-27 03:27:00.008 D/HeadsetService( 3992): isScoOrCallActive(): Call Active:falseCall is Ringing:falseSCO is Active:false
05-27 03:27:00.008 E/HeadsetStateMachine( 3992): returning mCurrentState as Disconnected
05-27 03:27:00.008 E/HeadsetStateMachine( 3992): returning mCurrentState as Disconnected
05-27 03:27:00.008 D/HeadsetService( 3992):  isAudioOn: The number of audio connected devices 0
05-27 03:27:00.008 V/Avrcp_ext( 3992): isPlayStateTobeUpdated: device: null
05-27 03:27:00.008 V/Avrcp_ext( 3992): Single connection exists
05-27 03:27:00.008 E/HeadsetStateMachine( 3992): returning mCurrentState as Disconnected
05-27 03:27:00.008 E/HeadsetStateMachine( 3992): returning mCurrentState as Disconnected
05-27 03:27:00.008 D/HeadsetService( 3992):  isAudioOn: The number of audio connected devices 0
05-27 03:27:00.008 D/HeadsetService( 3992): isScoOrCallActive(): Call Active:falseCall is Ringing:falseSCO is Active:false
05-27 03:27:00.008 E/HeadsetStateMachine( 3992): returning mCurrentState as Disconnected
05-27 03:27:00.008 E/HeadsetStateMachine( 3992): returning mCurrentState as Disconnected
05-27 03:27:00.008 D/HeadsetService( 3992):  isAudioOn: The number of audio connected devices 0
05-27 03:27:00.008 V/Avrcp_ext( 3992): isPlayStateTobeUpdated: device: null
05-27 03:27:00.008 V/Avrcp_ext( 3992): Single connection exists
05-27 03:27:00.008 D/Avrcp_ext( 3992): Enter sendPlayPosNotificationRsp
05-27 03:27:00.008 D/Avrcp_ext( 3992): sendPlayPosNotificationRsp: Not registered or requesting.
05-27 03:27:00.008 D/Avrcp_ext( 3992): Enter sendPlayPosNotificationRsp
05-27 03:27:00.008 D/Avrcp_ext( 3992): sendPlayPosNotificationRsp: Not registered or requesting.
05-27 03:27:00.008 D/Avrcp_ext( 3992): Enter sendPlayPosNotificationRsp
05-27 03:27:00.008 D/Avrcp_ext( 3992): sendPlayPosNotificationRsp: Not registered or requesting.
05-27 03:27:00.008 D/Avrcp_ext( 3992): Enter sendPlayPosNotificationRsp
05-27 03:27:00.008 D/Avrcp_ext( 3992): sendPlayPosNotificationRsp: Not registered or requesting.
05-27 03:27:00.008 D/Avrcp_ext( 3992): Enter sendPlayPosNotificationRsp
05-27 03:27:00.008 D/Avrcp_ext( 3992): sendPlayPosNotificationRsp: Not registered or requesting.
05-27 03:27:00.008 V/Avrcp_ext( 3992): Exit updatePlayerStateAndPosition
05-27 03:27:00.008 D/APM: ActiveDeviceManagerServiceLegacy( 3992): getActiveAbsoluteDevice(): device: null
05-27 03:27:00.008 D/APM: ActiveDeviceManagerServiceLegacy( 3992): isStableState(): true
05-27 03:27:00.008 D/Avrcp_ext( 3992): isAdmStable = true activeAbsAddr = null device = null
05-27 03:27:00.008 V/APM: MediaControlManager( 3992): onPlaybackStateChanged
05-27 03:27:00.008 W/McpService( 3992): updatePlaybackState state PlaybackState {state=PLAYING(3), position=3, buffered position=0, speed=1.0, updated=1655409155, actions=7339703, custom actions=[], active item id=0, error=null}
05-27 03:27:00.009 W/McpService( 3992): updatePlaybackState mState: 1 state: 1
05-27 03:27:00.009 W/Avrcp_ext( 3992): updated player state = PlaybackState {state=PLAYING(3), position=3, buffered position=0, speed=1.0, updated=1655409155, actions=7339703, custom actions=[], active item id=0, error=null}to MCP module also
05-27 03:27:00.009 V/Avrcp_ext( 3992):  Exit onPlaybackStateChanged
05-27 03:27:00.014 W/qdgralloc(  770): getInterlacedFlag: getMetaData returned -22, defaulting to interlaced_flag = 0
05-27 03:27:00.015 I/FolioManager( 7709): Doze enabled: true
05-27 03:27:00.015 D/FolioManager( 7709): Use SystemUI folio UI.  isAodComponentEmpty: true  isADEnabled: true
05-27 03:27:00.015 D/FolioManager( 7709): updateTime
05-27 03:27:00.020 I/vendor.qti.bluetooth@1.0-ibs_handler( 1758): DeviceSleep: TX Awake, Sending SLEEP_IND
05-27 03:27:00.020 D/vendor.qti.bluetooth@1.0-ibs_handler( 1758): SerialClockVote: vote for UART CLK OFF
05-27 03:27:00.020 W/qdgralloc(  770): getInterlacedFlag: getMetaData returned -22, defaulting to interlaced_flag = 0
05-27 03:27:00.027 W/qdgralloc(  770): getInterlacedFlag: getMetaData returned -22, defaulting to interlaced_flag = 0
05-27 03:27:00.035 W/qdgralloc(  770): getInterlacedFlag: getMetaData returned -22, defaulting to interlaced_flag = 0
05-27 03:27:00.040 W/qdgralloc(  770): getInterlacedFlag: getMetaData returned -22, defaulting to interlaced_flag = 0
05-27 03:27:00.046 W/qdgralloc(  770): getInterlacedFlag: getMetaData returned -22, defaulting to interlaced_flag = 0
05-27 03:27:00.054 W/qdgralloc(  770): getInterlacedFlag: getMetaData returned -22, defaulting to interlaced_flag = 0
05-27 03:27:00.061 W/qdgralloc(  770): getInterlacedFlag: getMetaData returned -22, defaulting to interlaced_flag = 0
05-27 03:27:00.068 W/qdgralloc(  770): getInterlacedFlag: getMetaData returned -22, defaulting to interlaced_flag = 0
05-27 03:27:00.075 W/qdgralloc(  770): getInterlacedFlag: getMetaData returned -22, defaulting to interlaced_flag = 0
05-27 03:27:00.082 W/qdgralloc(  770): getInterlacedFlag: getMetaData returned -22, defaulting to interlaced_flag = 0
05-27 03:27:00.089 W/qdgralloc(  770): getInterlacedFlag: getMetaData returned -22, defaulting to interlaced_flag = 0
05-27 03:27:00.099 W/qdgralloc(  770): getInterlacedFlag: getMetaData returned -22, defaulting to interlaced_flag = 0
05-27 03:27:00.103 W/qdgralloc(  770): getInterlacedFlag: getMetaData returned -22, defaulting to interlaced_flag = 0
05-27 03:27:00.135 W/qdgralloc(  770): getInterlacedFlag: getMetaData returned -22, defaulting to interlaced_flag = 0
05-27 03:27:00.162 W/qdgralloc(  770): getInterlacedFlag: getMetaData returned -22, defaulting to interlaced_flag = 0
05-27 03:27:00.172 D/vendor.qti.bluetooth@1.0-wake_lock( 1758): Release wakelock is released 
05-27 03:27:00.181 I/MediaCodec(  770): [0xb4000077b6ccc840] enqueue 34 input frames in last 1130 ms, latest timeUs 3233000
05-27 03:27:00.183 I/MediaCodec(  770): [0xb4000077b6ccc840] dequeue 34 output frames in last 1130 ms, latest timeUs 3233000, flags 128
05-27 03:27:00.196 W/qdgralloc(  770): getInterlacedFlag: getMetaData returned -22, defaulting to interlaced_flag = 0
05-27 03:27:00.231 W/qdgralloc(  770): getInterlacedFlag: getMetaData returned -22, defaulting to interlaced_flag = 0
05-27 03:27:00.267 W/qdgralloc(  770): getInterlacedFlag: getMetaData returned -22, defaulting to interlaced_flag = 0
05-27 03:27:00.294 E/minksocket( 1748): MinkIPC_QRTR_Service: client with node 1 port 77bd went down
05-27 03:27:00.295 E/minksocket( 1748): MinkIPC_QRTR_Service: client with node 1 port 77be went down
05-27 03:27:00.296 E/minksocket( 1748): MinkIPC_QRTR_Service: client with node 1 port 77bf went down
05-27 03:27:00.297 E/minksocket( 1748): MinkIPC_QRTR_Service: client with node 1 port 77c0 went down
05-27 03:27:00.301 W/qdgralloc(  770): getInterlacedFlag: getMetaData returned -22, defaulting to interlaced_flag = 0
05-27 03:27:00.330 W/qdgralloc(  770): getInterlacedFlag: getMetaData returned -22, defaulting to interlaced_flag = 0
05-27 03:27:00.365 W/qdgralloc(  770): getInterlacedFlag: getMetaData returned -22, defaulting to interlaced_flag = 0
05-27 03:27:00.395 E/minksocket( 1748): MinkIPC_QRTR_Service: client with node 1 port 77ac went down
05-27 03:27:00.396 E/minksocket( 1748): MinkIPC_QRTR_Service: client with node 1 port 77b0 went down
05-27 03:27:00.399 W/qdgralloc(  770): getInterlacedFlag: getMetaData returned -22, defaulting to interlaced_flag = 0
05-27 03:27:00.436 W/qdgralloc(  770): getInterlacedFlag: getMetaData returned -22, defaulting to interlaced_flag = 0
05-27 03:27:00.470 W/qdgralloc(  770): getInterlacedFlag: getMetaData returned -22, defaulting to interlaced_flag = 0
05-27 03:27:00.498 W/qdgralloc(  770): getInterlacedFlag: getMetaData returned -22, defaulting to interlaced_flag = 0
05-27 03:27:00.503 I/OtaUpdate(18746): action =android.intent.action.TIME_TICK,GlobalVariable.IS_MYDEVICEACTIVITY_UPDATE =false
05-27 03:27:00.504 I/LogTrain(18746): queryTrainingSetting  count =0
05-27 03:27:00.504 I/LogConnect(18746): h =3
05-27 03:27:00.505 I/LogPush (18746): service.crashCount = 0
05-27 03:27:00.536 W/qdgralloc(  770): getInterlacedFlag: getMetaData returned -22, defaulting to interlaced_flag = 0
05-27 03:27:00.567 W/qdgralloc(  770): getInterlacedFlag: getMetaData returned -22, defaulting to interlaced_flag = 0
05-27 03:27:00.601 W/qdgralloc(  770): getInterlacedFlag: getMetaData returned -22, defaulting to interlaced_flag = 0
05-27 03:27:00.630 W/qdgralloc(  770): getInterlacedFlag: getMetaData returned -22, defaulting to interlaced_flag = 0
05-27 03:27:00.666 W/qdgralloc(  770): getInterlacedFlag: getMetaData returned -22, defaulting to interlaced_flag = 0
05-27 03:27:00.700 W/qdgralloc(  770): getInterlacedFlag: getMetaData returned -22, defaulting to interlaced_flag = 0
05-27 03:27:00.727 W/qdgralloc(  770): getInterlacedFlag: getMetaData returned -22, defaulting to interlaced_flag = 0
05-27 03:27:00.734 D/DlbDap2ProcessWithIht( 1756): process() called [36332000] times with input format 0x22 and channel mask 0x3 (ProcessingMode=1), htEnable=0(0, 0, 0)
05-27 03:27:00.735 D/StatusBarIconController( 7709): ignoring old pipeline callbacks, because the new mobile icons are enabled
05-27 03:27:00.764 W/qdgralloc(  770): getInterlacedFlag: getMetaData returned -22, defaulting to interlaced_flag = 0
05-27 03:27:00.799 W/qdgralloc(  770): getInterlacedFlag: getMetaData returned -22, defaulting to interlaced_flag = 0
05-27 03:27:00.833 W/qdgralloc(  770): getInterlacedFlag: getMetaData returned -22, defaulting to interlaced_flag = 0
05-27 03:27:00.867 W/qdgralloc(  770): getInterlacedFlag: getMetaData returned -22, defaulting to interlaced_flag = 0
05-27 03:27:00.895 W/qdgralloc(  770): getInterlacedFlag: getMetaData returned -22, defaulting to interlaced_flag = 0
05-27 03:27:00.931 W/qdgralloc(  770): getInterlacedFlag: getMetaData returned -22, defaulting to interlaced_flag = 0
05-27 03:27:00.966 W/qdgralloc(  770): getInterlacedFlag: getMetaData returned -22, defaulting to interlaced_flag = 0
05-27 03:27:00.998 W/qdgralloc(  770): getInterlacedFlag: getMetaData returned -22, defaulting to interlaced_flag = 0
05-27 03:27:01.037 W/qdgralloc(  770): getInterlacedFlag: getMetaData returned -22, defaulting to interlaced_flag = 0
05-27 03:27:01.063 W/qdgralloc(  770): getInterlacedFlag: getMetaData returned -22, defaulting to interlaced_flag = 0
05-27 03:27:01.099 W/qdgralloc(  770): getInterlacedFlag: getMetaData returned -22, defaulting to interlaced_flag = 0
05-27 03:27:01.134 W/qdgralloc(  770): getInterlacedFlag: getMetaData returned -22, defaulting to interlaced_flag = 0
05-27 03:27:01.169 W/qdgralloc(  770): getInterlacedFlag: getMetaData returned -22, defaulting to interlaced_flag = 0
05-27 03:27:01.187 I/MediaCodec(  770): [0xb4000077b6ccc840] enqueue 30 input frames in last 1005 ms, latest timeUs 4233000
05-27 03:27:01.192 I/MediaCodec(  770): [0xb4000077b6ccc840] dequeue 30 output frames in last 1008 ms, latest timeUs 4233000, flags 128
05-27 03:27:01.201 W/qdgralloc(  770): getInterlacedFlag: getMetaData returned -22, defaulting to interlaced_flag = 0
05-27 03:27:01.231 W/qdgralloc(  770): getInterlacedFlag: getMetaData returned -22, defaulting to interlaced_flag = 0
05-27 03:27:01.266 W/qdgralloc(  770): getInterlacedFlag: getMetaData returned -22, defaulting to interlaced_flag = 0
05-27 03:27:01.301 W/qdgralloc(  770): getInterlacedFlag: getMetaData returned -22, defaulting to interlaced_flag = 0
05-27 03:27:01.335 W/qdgralloc(  770): getInterlacedFlag: getMetaData returned -22, defaulting to interlaced_flag = 0
05-27 03:27:01.372 W/qdgralloc(  770): getInterlacedFlag: getMetaData returned -22, defaulting to interlaced_flag = 0
05-27 03:27:01.396 W/qdgralloc(  770): getInterlacedFlag: getMetaData returned -22, defaulting to interlaced_flag = 0
05-27 03:27:01.435 W/qdgralloc(  770): getInterlacedFlag: getMetaData returned -22, defaulting to interlaced_flag = 0
05-27 03:27:01.468 W/qdgralloc(  770): getInterlacedFlag: getMetaData returned -22, defaulting to interlaced_flag = 0
05-27 03:27:01.480 D/BufferPoolAccessor2.0( 1859): evictor expired: 1, evicted: 0
05-27 03:27:01.504 W/qdgralloc(  770): getInterlacedFlag: getMetaData returned -22, defaulting to interlaced_flag = 0
05-27 03:27:01.538 W/qdgralloc(  770): getInterlacedFlag: getMetaData returned -22, defaulting to interlaced_flag = 0
05-27 03:27:01.565 W/qdgralloc(  770): getInterlacedFlag: getMetaData returned -22, defaulting to interlaced_flag = 0
05-27 03:27:01.599 W/qdgralloc(  770): getInterlacedFlag: getMetaData returned -22, defaulting to interlaced_flag = 0
05-27 03:27:01.636 W/qdgralloc(  770): getInterlacedFlag: getMetaData returned -22, defaulting to interlaced_flag = 0
05-27 03:27:01.671 W/qdgralloc(  770): getInterlacedFlag: getMetaData returned -22, defaulting to interlaced_flag = 0
05-27 03:27:01.698 W/qdgralloc(  770): getInterlacedFlag: getMetaData returned -22, defaulting to interlaced_flag = 0
05-27 03:27:01.732 W/qdgralloc(  770): getInterlacedFlag: getMetaData returned -22, defaulting to interlaced_flag = 0
05-27 03:27:01.756 D/BufferPoolAccessor2.0(  770): bufferpool2 0xb400007976ce3f18 : 0(0 size) total buffers - 0(0 size) used buffers - 2911/2916 (recycle/alloc) - 5/2914 (fetch/transfer)
05-27 03:27:01.756 D/BufferPoolAccessor2.0(  770): evictor expired: 1, evicted: 1
05-27 03:27:01.768 W/qdgralloc(  770): getInterlacedFlag: getMetaData returned -22, defaulting to interlaced_flag = 0
05-27 03:27:01.797 W/qdgralloc(  770): getInterlacedFlag: getMetaData returned -22, defaulting to interlaced_flag = 0
05-27 03:27:01.831 W/qdgralloc(  770): getInterlacedFlag: getMetaData returned -22, defaulting to interlaced_flag = 0
05-27 03:27:01.867 W/qdgralloc(  770): getInterlacedFlag: getMetaData returned -22, defaulting to interlaced_flag = 0
05-27 03:27:01.900 W/qdgralloc(  770): getInterlacedFlag: getMetaData returned -22, defaulting to interlaced_flag = 0
05-27 03:27:01.934 W/qdgralloc(  770): getInterlacedFlag: getMetaData returned -22, defaulting to interlaced_flag = 0
05-27 03:27:01.964 W/qdgralloc(  770): getInterlacedFlag: getMetaData returned -22, defaulting to interlaced_flag = 0
05-27 03:27:01.999 W/qdgralloc(  770): getInterlacedFlag: getMetaData returned -22, defaulting to interlaced_flag = 0
05-27 03:27:02.036 W/qdgralloc(  770): getInterlacedFlag: getMetaData returned -22, defaulting to interlaced_flag = 0
05-27 03:27:02.068 W/qdgralloc(  770): getInterlacedFlag: getMetaData returned -22, defaulting to interlaced_flag = 0
05-27 03:27:02.104 W/qdgralloc(  770): getInterlacedFlag: getMetaData returned -22, defaulting to interlaced_flag = 0
05-27 03:27:02.132 W/qdgralloc(  770): getInterlacedFlag: getMetaData returned -22, defaulting to interlaced_flag = 0
05-27 03:27:02.165 D/BraveShields(  770): blocked url=https://www.youtube.com/pagead/interaction/?ai=Cr7w8KBcWarjoB-GD_PcPxP7aqAeF5vCEhwG-gfay8RWwkB8QASAAYOWCgICkDoIBF2NhLXB1Yi02MjE5ODExNzQ3MDQ5MzcxoAGujInDQqkCTucXfWZxRj6oAwSqBL0DT9A4ZA5RMhSwU3TQnB9mEEe-g3V-Xh6hXfirvL6eC4bLqhYWCblilWe6aCWKvWGCQT5rjvZ05BPskX9W4KOfrU8Qih7QDmZ5BBc3c4VqzL1AsXenFuIWH4VhAYDP2zzO10Z4DL7uR5d8p4HFEbWp6NIN9_CEKUxN0xZn9h6CyIcNj8mdQOEGnkCciv-8kVG1b1C9DMSYT_ZOw50qjQZBxicpku2wsuJ3EHgswz-b9elsMojRMH6CQ6-p-d9s6e9wTENwmDvjAUDgclXeVSMDMsD7CdM6xHDcj1hIXdPCAfbUlvCkaSFFEJKEYYBrK3T66VbC9iA_piSGaLmIqNQ1lfH3ElmEyYh7Wd_BuFQAob7MDrL7udEDJPy6L3kWpvC8YYWcMM-nYdGPdeXQsWd5zKnfPScmxzy78jjgeBwvgVei8PoJ1W-VBVRfCFUKYnlI7G0ALuIziczgp2xU9su4hwZCn2gfltYaSpw277otT99nFE1Ljy0e-ju9jYaFk4kYrdeubMeSlppcl6Ef7IvYLehvSPRp5span29jGxdnuklz6HHGHxdRc9L6LBsy4eU2yyFdo0jjCObuOAbld6AGV9gGAoAHrsTZoh2QBwSoB_LAsQKoB7jEsQKoB-G2sQKoB6XPsQKoB-edsQKoB-idsQKoB--1sQKoB_C1sQKoB_nTsQKoB8nasQKoB6ngsQKoB4QIqAem1LECqAeo0huoB7YHqAewm7ECqAeusbECqAf9srECqAfIz7ECqAfJz7ECqAfNx7ECqAfx0bECqAf81bECqAf71bECqAeM1rECqAeL1rECqAea4rECqAeb4rECqAed17ECqAed1LECqAeBxhuoB_yvsQKoB-PZG5IICzF3bG5wb3ZmOGtz0gguCIBBEAEYXjICggI6D4BCgMCAgICAgIACqoCAEEjZoNI1UBRYsIzglvnXlANgAfIIH2NhLXl0LWhvc3QtcHViLTQ3OTA5MTI3OTMzNTMwMznICRnICbEByAnCAaELZCOjmKtsMQq6C0kIARABGAYgAigBMBBAAUgBYABoAHABiAEAmAEBogESCgAYACAAWAFgAHABqAIE2AICqAEB2AEDgAIBiAIHugMJdmlzaW56YWFh0gwCEAGwE72kkiK4E____________wGwFAHAFYGAgECoFgGKFxgIAxgBIAEoATABOAFAAUgBUAFYAWACaAGgFwGpFxhAYjbEklLCuhcEKAAwAA&sigh=grejbqRV9ZI&cid=CAASwwHkaFIC55lX6ZLBtZ-5gy6BzXym59VOnCf5cv2IxfI7ED6rWS3hp26wY5nxlblJp45cmRWYIOg5xhgTNzHEjUAH5V5t5c8mxllxDMkfUD4Cy3cJAxjUxtCm9qlWi1fBoGfb1vu1kBN5KzubA_Y1C9nFtQPX_Okcu4UC-Ev2Y_2xSL_jEDBlPiwweooiqBpF3R1x57iayp9NGdvjTg2yF1wIEWA3YKqJ83VNNDLlh9qfw9WSkB-pYyHY-fc1Ki_yySgH8BQ&label=videoplaytime25&ad_mt=5049&acvw=sv%3D969%26v%3D20260519%26cb%3Dyw%26e%3D1%26nas%3D1%26sdk%3Db%26p%3D56,17,296,444%26tos%3D541,4502,0,0,0%26mtos%3D541,5043,5043,5043,5043%26amtos%3D541,4502,0,0,0%26mcvt%3D5043%26ps%3D460,7396%26scs%3D509,1130%26bs%3D460,259%26vht%3D0%26mut%3D0%26a%3D1%26ft%3D0%26dft%3D0%26at%3D5043%26dat%3D3008%26as%3D1%26vpt%3D5043%26gmm%3D4%26efpf%3D2%26nmt%3D0%26tcm%3D1%26bt%3D166%26pst%3D702%26dur%3D20000%26vmtime%3D5048%26dtos%3D3008%26dtoss%3D2%26dvs%3D3008%26dfvs%3D0%26dvpt%3D3008%26is%3D343%26i0%3D343%26i1%3D343%26ic%3D0%26cs%3D343%26c%3D0.84%26mc%3D1%26nc%3D0.84%26mv%3D1%26nv%3D1%26qmt%3D541,5043,5043,5043,5043%26qnc%3D0.84%26qmv%3D1%26qnv%3D1%26lte%3D1%26ces%26avms%3Dgeo%26qi%3DHyf69671YXOw22lP%26psm%3D63%26psv%3D63%26psfv%3D0%26psa%3D63%26pns%3D1%26ptlt%3D151316%26pngs%3D9s,14,15s%26veid%3Dfmd%3A1%26ssb%3D0,0,0,0,0,0,0,0,0,5043,0%26co%3D7576541604%26tm%3D5043%26tu%3D0&gv=atos%3D541,5043,5043,5043,5043%26avt%3D5043%26davs%3D3008%26dafvs%3D0%26dav%3D3008%26ss%3D0.15%26t%3D1779832616942
05-27 03:27:02.165 W/qdgralloc(  770): getInterlacedFlag: getMetaData returned -22, defaulting to interlaced_flag = 0
05-27 03:27:02.168 E/YouTubeVideoPlayer(  770): webview_error mainFrame=false url=https://ade.googlesyndication.com/ddm/activity_ext/dc_pubid=2;dc_exteid=3252262505537150711;met=1;ecn1=1;etm1=0;eid1=960584;acvw=sv%3D969%26v%3D20260519%26cb%3Dyw%26e%3D1%26nas%3D1%26sdk%3Db%26p%3D56,17,296,444%26tos%3D541,4502,0,0,0%26mtos%3D541,5043,5043,5043,5043%26amtos%3D541,4502,0,0,0%26mcvt%3D5043%26ps%3D460,7396%26scs%3D509,1130%26bs%3D460,259%26vht%3D0%26mut%3D0%26a%3D1%26ft%3D0%26dft%3D0%26at%3D5043%26dat%3D3008%26as%3D1%26vpt%3D5043%26gmm%3D4%26efpf%3D2%26nmt%3D0%26tcm%3D1%26bt%3D166%26pst%3D702%26dur%3D20000%26vmtime%3D5048%26dtos%3D3008%26dtoss%3D2%26dvs%3D3008%26dfvs%3D0%26dvpt%3D3008%26is%3D343%26i0%3D343%26i1%3D343%26ic%3D0%26cs%3D343%26c%3D0.84%26mc%3D1%26nc%3D0.84%26mv%3D1%26nv%3D1%26qmt%3D541,5043,5043,5043,5043%26qnc%3D0.84%26qmv%3D1%26qnv%3D1%26lte%3D1%26ces%26avms%3Dgeo%26qi%3DHyf69671YXOw22lP%26psm%3D63%26psv%3D63%26psfv%3D0%26psa%3D63%26pns%3D1%26ptlt%3D151316%26pngs%3D9s,14,15s%26veid%3Dfmd%3A1%26ssb%3D0,0,0,0,0,0,0,0,0,5043,0%26co%3D7576541604%26tm%3D5043%26tu%3D0;gv=atos%3D541,5043,5043,5043,5043%26avt%3D5043%26davs%3D3008%26dafvs%3D0%26dav%3D3008%26ss%3D0.15%26t%3D1779832616942;dc_eps=AHas8cBqjSC-Z_7QtyzgwcH4F6cTcaTw1lPPYbcZSnRvY9f_9f-i1tIPoG-2WaiYRnrBG0ApLg3SZSejkq8c9A? description=net::ERR_CONNECTION_REFUSED code=-6
05-27 03:27:02.184 D/BufferPoolAccessor2.0(  770): bufferpool2 0xb400007976cc6bf8 : 5(19599360 size) total buffers - 4(15679488 size) used buffers - 156/161 (recycle/alloc) - 5/159 (fetch/transfer)
05-27 03:27:02.188 I/MediaCodec(  770): [0xb4000077b6ccc840] enqueue 32 input frames in last 1001 ms, latest timeUs 5300000
05-27 03:27:02.196 I/MediaCodec(  770): [0xb4000077b6ccc840] dequeue 33 output frames in last 1004 ms, latest timeUs 5333000, flags 129
05-27 03:27:02.199 W/qdgralloc(  770): getInterlacedFlag: getMetaData returned -22, defaulting to interlaced_flag = 0
05-27 03:27:02.236 W/qdgralloc(  770): getInterlacedFlag: getMetaData returned -22, defaulting to interlaced_flag = 0
05-27 03:27:02.271 W/qdgralloc(  770): getInterlacedFlag: getMetaData returned -22, defaulting to interlaced_flag = 0
05-27 03:27:02.298 W/qdgralloc(  770): getInterlacedFlag: getMetaData returned -22, defaulting to interlaced_flag = 0
05-27 03:27:02.332 W/qdgralloc(  770): getInterlacedFlag: getMetaData returned -22, defaulting to interlaced_flag = 0
05-27 03:27:02.369 W/qdgralloc(  770): getInterlacedFlag: getMetaData returned -22, defaulting to interlaced_flag = 0
05-27 03:27:02.404 W/qdgralloc(  770): getInterlacedFlag: getMetaData returned -22, defaulting to interlaced_flag = 0
05-27 03:27:02.407 I/QC2Comp ( 1859): [vp9D_1719] Stats: Pending(0) i/p-done(0) Works: Q: 167/Done 168|Work-Rate: Q(30.4/s Avg=30.3/s) Done(30.398/s Avg=30.441/s)| Stream: 30.30fps 1.5Mbps
05-27 03:27:02.407 I/QC2Comp ( 1859): [vp9D_1719] Mem-usage:  [In-1D: 5 bufs 18.691 MB] [1D-3413: 21 bufs 0.328 MB] [2D-3414: 26 bufs 17.469 MB] | Total: 36.488 MB
05-27 03:27:02.410 E/minksocket( 1748): MinkIPC_QRTR_Service: client with node 1 port 77c1 went down
05-27 03:27:02.410 E/minksocket( 1748): MinkIPC_QRTR_Service: client with node 1 port 77c2 went down
05-27 03:27:02.411 E/minksocket( 1748): MinkIPC_QRTR_Service: client with node 1 port 77c3 went down
05-27 03:27:02.412 E/minksocket( 1748): MinkIPC_QRTR_Service: client with node 1 port 77c4 went down
05-27 03:27:02.431 W/qdgralloc(  770): getInterlacedFlag: getMetaData returned -22, defaulting to interlaced_flag = 0
05-27 03:27:02.466 W/qdgralloc(  770): getInterlacedFlag: getMetaData returned -22, defaulting to interlaced_flag = 0
05-27 03:27:02.481 D/BufferPoolAccessor2.0( 1859): bufferpool2 0xb400007959a205e8 : 21(344064 size) total buffers - 21(344064 size) used buffers - 0/21 (recycle/alloc) - 0/0 (fetch/transfer)
05-27 03:27:02.481 D/BufferPoolAccessor2.0( 1859): evictor expired: 1, evicted: 1
05-27 03:27:02.501 W/qdgralloc(  770): getInterlacedFlag: getMetaData returned -22, defaulting to interlaced_flag = 0
05-27 03:27:02.527 W/qdgralloc(  770): getInterlacedFlag: getMetaData returned -22, defaulting to interlaced_flag = 0
05-27 03:27:02.564 W/qdgralloc(  770): getInterlacedFlag: getMetaData returned -22, defaulting to interlaced_flag = 0
05-27 03:27:02.598 W/qdgralloc(  770): getInterlacedFlag: getMetaData returned -22, defaulting to interlaced_flag = 0
05-27 03:27:02.605 I/NearbyMediums(26027): No BLE Fast/GATT advertisements found in the latest cycle.
05-27 03:27:02.605 I/NearbyMediums(26027): Current Tracked Scanning Clients are : {NearbyConnections.EnvironmentMonitor, NearbySharing, NearbyConnections.TxAdvertisement}
05-27 03:27:02.634 W/qdgralloc(  770): getInterlacedFlag: getMetaData returned -22, defaulting to interlaced_flag = 0
05-27 03:27:02.668 W/qdgralloc(  770): getInterlacedFlag: getMetaData returned -22, defaulting to interlaced_flag = 0
05-27 03:27:02.697 W/qdgralloc(  770): getInterlacedFlag: getMetaData returned -22, defaulting to interlaced_flag = 0
05-27 03:27:02.732 W/qdgralloc(  770): getInterlacedFlag: getMetaData returned -22, defaulting to interlaced_flag = 0
05-27 03:27:02.740 D/StatusBarIconController( 7709): ignoring old pipeline callbacks, because the new mobile icons are enabled
05-27 03:27:02.756 D/BufferPoolAccessor2.0(  770): evictor expired: 1, evicted: 0
05-27 03:27:02.770 W/qdgralloc(  770): getInterlacedFlag: getMetaData returned -22, defaulting to interlaced_flag = 0
05-27 03:27:02.800 W/qdgralloc(  770): getInterlacedFlag: getMetaData returned -22, defaulting to interlaced_flag = 0
05-27 03:27:02.836 W/qdgralloc(  770): getInterlacedFlag: getMetaData returned -22, defaulting to interlaced_flag = 0
05-27 03:27:02.864 W/qdgralloc(  770): getInterlacedFlag: getMetaData returned -22, defaulting to interlaced_flag = 0
05-27 03:27:02.898 W/qdgralloc(  770): getInterlacedFlag: getMetaData returned -22, defaulting to interlaced_flag = 0
05-27 03:27:02.933 W/qdgralloc(  770): getInterlacedFlag: getMetaData returned -22, defaulting to interlaced_flag = 0
05-27 03:27:02.969 W/qdgralloc(  770): getInterlacedFlag: getMetaData returned -22, defaulting to interlaced_flag = 0
05-27 03:27:03.002 W/qdgralloc(  770): getInterlacedFlag: getMetaData returned -22, defaulting to interlaced_flag = 0
05-27 03:27:03.007 V/Avrcp_ext( 3992): onPlaybackStateChanged: state PlaybackState {state=PLAYING(3), position=0, buffered position=0, speed=1.0, updated=1655412154, actions=7339703, custom actions=[], active item id=0, error=null}
05-27 03:27:03.007 V/APM: MediaControlManager( 3992): onPlaybackStateChanged
05-27 03:27:03.007 W/McpService( 3992): updatePlaybackState state PlaybackState {state=PLAYING(3), position=0, buffered position=0, speed=1.0, updated=1655412154, actions=7339703, custom actions=[], active item id=0, error=null}
05-27 03:27:03.007 W/McpService( 3992): updatePlaybackState mState: 1 state: 1
05-27 03:27:03.008 V/Avrcp_ext( 3992): updateCurrentMediaState: mMediaController: MediaController (com.deepeye.musicpro.debug@8fb2c32) null
05-27 03:27:03.008 W/Avrcp_ext( 3992): isMusicActive: true getBluetoothPlayState: 1 A2dp State: 11 mAudioPlaybackIsActive: true
05-27 03:27:03.008 D/Avrcp_ext( 3992): isMusicActive = true mAudioPlaybackIsActive = true player state = PlaybackState {state=PLAYING(3), position=3, buffered position=0, speed=1.0, updated=1655412157, actions=7339703, custom actions=[], active item id=0, error=null}
05-27 03:27:03.009 V/Avrcp_ext( 3992): Media update: id 0➡0? [MediaAttributes: none] : [MediaAttributes: none]
05-27 03:27:03.009 D/Avrcp_ext( 3992): isPackageNameValid: browsedPackage = com.deepeye.musicpro.debugisValid = true
05-27 03:27:03.009 V/Avrcp_ext( 3992): isBrowseSupported for com.deepeye.musicpro.debug: false
05-27 03:27:03.009 W/Avrcp_ext( 3992): updateCurrentMediaState: isInactivePlayer = false
05-27 03:27:03.009 V/Avrcp_ext( 3992): updatePlaybackState, state: PlaybackState {state=PLAYING(3), position=3, buffered position=0, speed=1.0, updated=1655412157, actions=7339703, custom actions=[], active item id=0, error=null} device: null
05-27 03:27:03.009 V/Avrcp_ext( 3992): Device: no name: 
05-27 03:27:03.009 V/Avrcp_ext( 3992): Device: no name: 
05-27 03:27:03.009 V/Avrcp_ext( 3992): Device: no name: 
05-27 03:27:03.009 V/Avrcp_ext( 3992): Device: no name: 
05-27 03:27:03.009 V/Avrcp_ext( 3992): Device: no name: 
05-27 03:27:03.009 V/Avrcp_ext( 3992): updatePlayerStateAndPosition, old=PlaybackState {state=PLAYING(3), position=3, buffered position=0, speed=1.0, updated=1655409155, actions=7339703, custom actions=[], active item id=0, error=null}, state=PlaybackState {state=PLAYING(3), position=3, buffered position=0, speed=1.0, updated=1655412157, actions=7339703, custom actions=[], active item id=0, error=null}
05-27 03:27:03.009 V/Avrcp_ext( 3992): old state = PlaybackState {state=PLAYING(3), position=3, buffered position=0, speed=1.0, updated=1655409155, actions=7339703, custom actions=[], active item id=0, error=null}, new state= PlaybackState {state=PLAYING(3), position=3, buffered position=0, speed=1.0, updated=1655412157, actions=7339703, custom actions=[], active item id=0, error=null}
05-27 03:27:03.009 D/HeadsetService( 3992): getHeadsetService(): returning com.android.bluetooth.hfp.HeadsetService@9390a13
05-27 03:27:03.009 E/HeadsetStateMachine( 3992): returning mCurrentState as Disconnected
05-27 03:27:03.009 E/HeadsetStateMachine( 3992): returning mCurrentState as Disconnected
05-27 03:27:03.009 D/HeadsetService( 3992):  isAudioOn: The number of audio connected devices 0
05-27 03:27:03.009 D/HeadsetService( 3992): isScoOrCallActive(): Call Active:falseCall is Ringing:falseSCO is Active:false
05-27 03:27:03.009 E/HeadsetStateMachine( 3992): returning mCurrentState as Disconnected
05-27 03:27:03.009 E/HeadsetStateMachine( 3992): returning mCurrentState as Disconnected
05-27 03:27:03.009 D/HeadsetService( 3992):  isAudioOn: The number of audio connected devices 0
05-27 03:27:03.009 V/Avrcp_ext( 3992): isPlayStateTobeUpdated: device: null
05-27 03:27:03.009 V/Avrcp_ext( 3992): Single connection exists
05-27 03:27:03.009 E/HeadsetStateMachine( 3992): returning mCurrentState as Disconnected
05-27 03:27:03.009 E/HeadsetStateMachine( 3992): returning mCurrentState as Disconnected
05-27 03:27:03.009 D/HeadsetService( 3992):  isAudioOn: The number of audio connected devices 0
05-27 03:27:03.009 D/HeadsetService( 3992): isScoOrCallActive(): Call Active:falseCall is Ringing:falseSCO is Active:false
05-27 03:27:03.009 E/HeadsetStateMachine( 3992): returning mCurrentState as Disconnected
05-27 03:27:03.009 E/HeadsetStateMachine( 3992): returning mCurrentState as Disconnected
05-27 03:27:03.009 D/HeadsetService( 3992):  isAudioOn: The number of audio connected devices 0
05-27 03:27:03.009 V/Avrcp_ext( 3992): isPlayStateTobeUpdated: device: null
05-27 03:27:03.009 V/Avrcp_ext( 3992): Single connection exists
05-27 03:27:03.009 E/HeadsetStateMachine( 3992): returning mCurrentState as Disconnected
05-27 03:27:03.009 E/HeadsetStateMachine( 3992): returning mCurrentState as Disconnected
05-27 03:27:03.009 D/HeadsetService( 3992):  isAudioOn: The number of audio connected devices 0
05-27 03:27:03.009 D/HeadsetService( 3992): isScoOrCallActive(): Call Active:falseCall is Ringing:falseSCO is Active:false
05-27 03:27:03.009 E/HeadsetStateMachine( 3992): returning mCurrentState as Disconnected
05-27 03:27:03.009 E/HeadsetStateMachine( 3992): returning mCurrentState as Disconnected
05-27 03:27:03.009 D/HeadsetService( 3992):  isAudioOn: The number of audio connected devices 0
05-27 03:27:03.009 V/Avrcp_ext( 3992): isPlayStateTobeUpdated: device: null
05-27 03:27:03.009 V/Avrcp_ext( 3992): Single connection exists
05-27 03:27:03.009 E/HeadsetStateMachine( 3992): returning mCurrentState as Disconnected
05-27 03:27:03.009 E/HeadsetStateMachine( 3992): returning mCurrentState as Disconnected
05-27 03:27:03.009 D/HeadsetService( 3992):  isAudioOn: The number of audio connected devices 0
05-27 03:27:03.009 D/HeadsetService( 3992): isScoOrCallActive(): Call Active:falseCall is Ringing:falseSCO is Active:false
05-27 03:27:03.009 E/HeadsetStateMachine( 3992): returning mCurrentState as Disconnected
05-27 03:27:03.009 E/HeadsetStateMachine( 3992): returning mCurrentState as Disconnected
05-27 03:27:03.009 D/HeadsetService( 3992):  isAudioOn: The number of audio connected devices 0
05-27 03:27:03.009 V/Avrcp_ext( 3992): isPlayStateTobeUpdated: device: null
05-27 03:27:03.009 V/Avrcp_ext( 3992): Single connection exists
05-27 03:27:03.009 E/HeadsetStateMachine( 3992): returning mCurrentState as Disconnected
05-27 03:27:03.009 E/HeadsetStateMachine( 3992): returning mCurrentState as Disconnected
05-27 03:27:03.009 D/HeadsetService( 3992):  isAudioOn: The number of audio connected devices 0
05-27 03:27:03.009 D/HeadsetService( 3992): isScoOrCallActive(): Call Active:falseCall is Ringing:falseSCO is Active:false
05-27 03:27:03.009 E/HeadsetStateMachine( 3992): returning mCurrentState as Disconnected
05-27 03:27:03.009 E/HeadsetStateMachine( 3992): returning mCurrentState as Disconnected
05-27 03:27:03.009 D/HeadsetService( 3992):  isAudioOn: The number of audio connected devices 0
05-27 03:27:03.009 V/Avrcp_ext( 3992): isPlayStateTobeUpdated: device: null
05-27 03:27:03.009 V/Avrcp_ext( 3992): Single connection exists
05-27 03:27:03.009 D/Avrcp_ext( 3992): Enter sendPlayPosNotificationRsp
05-27 03:27:03.009 D/Avrcp_ext( 3992): sendPlayPosNotificationRsp: Not registered or requesting.
05-27 03:27:03.009 D/Avrcp_ext( 3992): Enter sendPlayPosNotificationRsp
05-27 03:27:03.009 D/Avrcp_ext( 3992): sendPlayPosNotificationRsp: Not registered or requesting.
05-27 03:27:03.009 D/Avrcp_ext( 3992): Enter sendPlayPosNotificationRsp
05-27 03:27:03.009 D/Avrcp_ext( 3992): sendPlayPosNotificationRsp: Not registered or requesting.
05-27 03:27:03.009 D/Avrcp_ext( 3992): Enter sendPlayPosNotificationRsp
05-27 03:27:03.009 D/Avrcp_ext( 3992): sendPlayPosNotificationRsp: Not registered or requesting.
05-27 03:27:03.009 D/Avrcp_ext( 3992): Enter sendPlayPosNotificationRsp
05-27 03:27:03.009 D/Avrcp_ext( 3992): sendPlayPosNotificationRsp: Not registered or requesting.
05-27 03:27:03.009 V/Avrcp_ext( 3992): Exit updatePlayerStateAndPosition
05-27 03:27:03.010 D/APM: ActiveDeviceManagerServiceLegacy( 3992): getActiveAbsoluteDevice(): device: null
05-27 03:27:03.010 D/APM: ActiveDeviceManagerServiceLegacy( 3992): isStableState(): true
05-27 03:27:03.010 D/Avrcp_ext( 3992): isAdmStable = true activeAbsAddr = null device = null
05-27 03:27:03.010 V/APM: MediaControlManager( 3992): onPlaybackStateChanged
05-27 03:27:03.010 W/McpService( 3992): updatePlaybackState state PlaybackState {state=PLAYING(3), position=3, buffered position=0, speed=1.0, updated=1655412157, actions=7339703, custom actions=[], active item id=0, error=null}
05-27 03:27:03.010 W/McpService( 3992): updatePlaybackState mState: 1 state: 1
05-27 03:27:03.010 W/Avrcp_ext( 3992): updated player state = PlaybackState {state=PLAYING(3), position=3, buffered position=0, speed=1.0, updated=1655412157, actions=7339703, custom actions=[], active item id=0, error=null}to MCP module also
05-27 03:27:03.010 V/Avrcp_ext( 3992):  Exit onPlaybackStateChanged
05-27 03:27:03.032 W/qdgralloc(  770): getInterlacedFlag: getMetaData returned -22, defaulting to interlaced_flag = 0
05-27 03:27:03.066 W/qdgralloc(  770): getInterlacedFlag: getMetaData returned -22, defaulting to interlaced_flag = 0
05-27 03:27:03.101 W/qdgralloc(  770): getInterlacedFlag: getMetaData returned -22, defaulting to interlaced_flag = 0
05-27 03:27:03.137 W/qdgralloc(  770): getInterlacedFlag: getMetaData returned -22, defaulting to interlaced_flag = 0
05-27 03:27:03.164 W/qdgralloc(  770): getInterlacedFlag: getMetaData returned -22, defaulting to interlaced_flag = 0
05-27 03:27:03.190 I/MediaCodec(  770): [0xb4000077b6ccc840] enqueue 32 input frames in last 1001 ms, latest timeUs 6366000
05-27 03:27:03.198 W/qdgralloc(  770): getInterlacedFlag: getMetaData returned -22, defaulting to interlaced_flag = 0
05-27 03:27:03.233 W/qdgralloc(  770): getInterlacedFlag: getMetaData returned -22, defaulting to interlaced_flag = 0
05-27 03:27:03.261 W/qdgralloc(  770): getInterlacedFlag: getMetaData returned -22, defaulting to interlaced_flag = 0
05-27 03:27:03.297 W/qdgralloc(  770): getInterlacedFlag: getMetaData returned -22, defaulting to interlaced_flag = 0
05-27 03:27:03.331 W/qdgralloc(  770): getInterlacedFlag: getMetaData returned -22, defaulting to interlaced_flag = 0
05-27 03:27:03.366 W/qdgralloc(  770): getInterlacedFlag: getMetaData returned -22, defaulting to interlaced_flag = 0
05-27 03:27:03.388 I/MediaCodec(  770): [0xb4000077b6ccc840] dequeue 33 output frames in last 1192 ms, latest timeUs 6433000, flags 128
05-27 03:27:03.400 W/qdgralloc(  770): getInterlacedFlag: getMetaData returned -22, defaulting to interlaced_flag = 0
05-27 03:27:03.414 D/DlbDap2ProcessWithIht( 1756): process() called [36332500] times with input format 0x22 and channel mask 0x3 (ProcessingMode=1), htEnable=0(0, 0, 0)
05-27 03:27:03.429 W/qdgralloc(  770): getInterlacedFlag: getMetaData returned -22, defaulting to interlaced_flag = 0
05-27 03:27:03.464 W/qdgralloc(  770): getInterlacedFlag: getMetaData returned -22, defaulting to interlaced_flag = 0
05-27 03:27:03.501 W/qdgralloc(  770): getInterlacedFlag: getMetaData returned -22, defaulting to interlaced_flag = 0
05-27 03:27:03.525 E/minksocket( 1748): MinkIPC_QRTR_Service: client with node 1 port 77c5 went down
05-27 03:27:03.526 E/minksocket( 1748): MinkIPC_QRTR_Service: client with node 1 port 77c6 went down
05-27 03:27:03.527 E/minksocket( 1748): MinkIPC_QRTR_Service: client with node 1 port 77c7 went down
05-27 03:27:03.528 E/minksocket( 1748): MinkIPC_QRTR_Service: client with node 1 port 77c8 went down
05-27 03:27:03.534 W/qdgralloc(  770): getInterlacedFlag: getMetaData returned -22, defaulting to interlaced_flag = 0
05-27 03:27:03.570 W/qdgralloc(  770): getInterlacedFlag: getMetaData returned -22, defaulting to interlaced_flag = 0
05-27 03:27:03.595 W/qdgralloc(  770): getInterlacedFlag: getMetaData returned -22, defaulting to interlaced_flag = 0
05-27 03:27:03.634 W/qdgralloc(  770): getInterlacedFlag: getMetaData returned -22, defaulting to interlaced_flag = 0
05-27 03:27:03.666 W/qdgralloc(  770): getInterlacedFlag: getMetaData returned -22, defaulting to interlaced_flag = 0
05-27 03:27:03.703 W/qdgralloc(  770): getInterlacedFlag: getMetaData returned -22, defaulting to interlaced_flag = 0
05-27 03:27:03.737 W/qdgralloc(  770): getInterlacedFlag: getMetaData returned -22, defaulting to interlaced_flag = 0
05-27 03:27:03.745 D/StatusBarIconController( 7709): ignoring old pipeline callbacks, because the new mobile icons are enabled
05-27 03:27:03.764 W/qdgralloc(  770): getInterlacedFlag: getMetaData returned -22, defaulting to interlaced_flag = 0
05-27 03:27:03.797 W/qdgralloc(  770): getInterlacedFlag: getMetaData returned -22, defaulting to interlaced_flag = 0
05-27 03:27:03.836 W/qdgralloc(  770): getInterlacedFlag: getMetaData returned -22, defaulting to interlaced_flag = 0
05-27 03:27:03.870 W/qdgralloc(  770): getInterlacedFlag: getMetaData returned -22, defaulting to interlaced_flag = 0
05-27 03:27:03.904 W/qdgralloc(  770): getInterlacedFlag: getMetaData returned -22, defaulting to interlaced_flag = 0
05-27 03:27:03.930 W/qdgralloc(  770): getInterlacedFlag: getMetaData returned -22, defaulting to interlaced_flag = 0
05-27 03:27:03.966 W/qdgralloc(  770): getInterlacedFlag: getMetaData returned -22, defaulting to interlaced_flag = 0
05-27 03:27:04.001 W/qdgralloc(  770): getInterlacedFlag: getMetaData returned -22, defaulting to interlaced_flag = 0
05-27 03:27:04.036 W/qdgralloc(  770): getInterlacedFlag: getMetaData returned -22, defaulting to interlaced_flag = 0
05-27 03:27:04.063 W/qdgralloc(  770): getInterlacedFlag: getMetaData returned -22, defaulting to interlaced_flag = 0
05-27 03:27:04.099 W/qdgralloc(  770): getInterlacedFlag: getMetaData returned -22, defaulting to interlaced_flag = 0
05-27 03:27:04.132 W/qdgralloc(  770): getInterlacedFlag: getMetaData returned -22, defaulting to interlaced_flag = 0
05-27 03:27:04.162 W/qdgralloc(  770): getInterlacedFlag: getMetaData returned -22, defaulting to interlaced_flag = 0
05-27 03:27:04.199 W/qdgralloc(  770): getInterlacedFlag: getMetaData returned -22, defaulting to interlaced_flag = 0
05-27 03:27:04.232 W/qdgralloc(  770): getInterlacedFlag: getMetaData returned -22, defaulting to interlaced_flag = 0
05-27 03:27:04.251 I/MediaCodec(  770): [0xb4000077b6ccc840] enqueue 28 input frames in last 1061 ms, latest timeUs 7300000
05-27 03:27:04.264 W/qdgralloc(  770): getInterlacedFlag: getMetaData returned -22, defaulting to interlaced_flag = 0
05-27 03:27:04.300 W/qdgralloc(  770): getInterlacedFlag: getMetaData returned -22, defaulting to interlaced_flag = 0
05-27 03:27:04.330 W/qdgralloc(  770): getInterlacedFlag: getMetaData returned -22, defaulting to interlaced_flag = 0
05-27 03:27:04.365 W/qdgralloc(  770): getInterlacedFlag: getMetaData returned -22, defaulting to interlaced_flag = 0
05-27 03:27:04.400 W/qdgralloc(  770): getInterlacedFlag: getMetaData returned -22, defaulting to interlaced_flag = 0
05-27 03:27:04.432 W/qdgralloc(  770): getInterlacedFlag: getMetaData returned -22, defaulting to interlaced_flag = 0
05-27 03:27:04.453 I/MediaCodec(  770): [0xb4000077b6ccc840] dequeue 32 output frames in last 1065 ms, latest timeUs 7500000, flags 128
05-27 03:27:04.467 W/qdgralloc(  770): getInterlacedFlag: getMetaData returned -22, defaulting to interlaced_flag = 0
05-27 03:27:04.496 W/qdgralloc(  770): getInterlacedFlag: getMetaData returned -22, defaulting to interlaced_flag = 0
05-27 03:27:04.532 W/qdgralloc(  770): getInterlacedFlag: getMetaData returned -22, defaulting to interlaced_flag = 0
05-27 03:27:04.566 W/qdgralloc(  770): getInterlacedFlag: getMetaData returned -22, defaulting to interlaced_flag = 0
05-27 03:27:04.600 W/qdgralloc(  770): getInterlacedFlag: getMetaData returned -22, defaulting to interlaced_flag = 0
05-27 03:27:04.637 W/qdgralloc(  770): getInterlacedFlag: getMetaData returned -22, defaulting to interlaced_flag = 0
05-27 03:27:04.663 W/qdgralloc(  770): getInterlacedFlag: getMetaData returned -22, defaulting to interlaced_flag = 0
05-27 03:27:04.698 W/qdgralloc(  770): getInterlacedFlag: getMetaData returned -22, defaulting to interlaced_flag = 0
05-27 03:27:04.707 D/ActivityManager( 3077): freezing 24719 com.google.android.cellbroadcastreceiver, reason = oom_cached
05-27 03:27:04.735 W/qdgralloc(  770): getInterlacedFlag: getMetaData returned -22, defaulting to interlaced_flag = 0
05-27 03:27:04.771 W/qdgralloc(  770): getInterlacedFlag: getMetaData returned -22, defaulting to interlaced_flag = 0
05-27 03:27:04.804 W/qdgralloc(  770): getInterlacedFlag: getMetaData returned -22, defaulting to interlaced_flag = 0
05-27 03:27:04.834 W/qdgralloc(  770): getInterlacedFlag: getMetaData returned -22, defaulting to interlaced_flag = 0
05-27 03:27:04.865 W/qdgralloc(  770): getInterlacedFlag: getMetaData returned -22, defaulting to interlaced_flag = 0
05-27 03:27:04.901 W/qdgralloc(  770): getInterlacedFlag: getMetaData returned -22, defaulting to interlaced_flag = 0
05-27 03:27:04.939 W/qdgralloc(  770): getInterlacedFlag: getMetaData returned -22, defaulting to interlaced_flag = 0
05-27 03:27:04.972 W/qdgralloc(  770): getInterlacedFlag: getMetaData returned -22, defaulting to interlaced_flag = 0
05-27 03:27:04.998 W/qdgralloc(  770): getInterlacedFlag: getMetaData returned -22, defaulting to interlaced_flag = 0
05-27 03:27:05.035 W/qdgralloc(  770): getInterlacedFlag: getMetaData returned -22, defaulting to interlaced_flag = 0
05-27 03:27:05.069 W/qdgralloc(  770): getInterlacedFlag: getMetaData returned -22, defaulting to interlaced_flag = 0
05-27 03:27:05.103 W/qdgralloc(  770): getInterlacedFlag: getMetaData returned -22, defaulting to interlaced_flag = 0
05-27 03:27:05.130 W/qdgralloc(  770): getInterlacedFlag: getMetaData returned -22, defaulting to interlaced_flag = 0
05-27 03:27:05.166 W/qdgralloc(  770): getInterlacedFlag: getMetaData returned -22, defaulting to interlaced_flag = 0
05-27 03:27:05.173 D/YouTubeWebViewConsole(  770): level=WARNING message=The resource https://rr1---sn-ci5gup-qxale.googlevideo.com/generate_204 was preloaded using link preload but not used within a few seconds from the window's load event. Please make sure it has an appropriate `as` value and it is preloaded intentionally. line=0 source=https://www.youtube.com/watch?v=ilNt2bikxDI
05-27 03:27:05.173 D/YouTubeWebViewConsole(  770): level=WARNING message=The resource https://i.ytimg.com/generate_204 was preloaded using link preload but not used within a few seconds from the window's load event. Please make sure it has an appropriate `as` value and it is preloaded intentionally. line=0 source=https://www.youtube.com/watch?v=ilNt2bikxDI
05-27 03:27:05.173 D/YouTubeWebViewConsole(  770): level=WARNING message=The resource https://rr3---sn-u1qxac-53.c.youtube.com/generate_204 was preloaded using link preload but not used within a few seconds from the window's load event. Please make sure it has an appropriate `as` value and it is preloaded intentionally. line=0 source=https://www.youtube.com/watch?v=ilNt2bikxDI
05-27 03:27:05.200 W/qdgralloc(  770): getInterlacedFlag: getMetaData returned -22, defaulting to interlaced_flag = 0
05-27 03:27:05.229 W/qdgralloc(  770): getInterlacedFlag: getMetaData returned -22, defaulting to interlaced_flag = 0
05-27 03:27:05.264 W/qdgralloc(  770): getInterlacedFlag: getMetaData returned -22, defaulting to interlaced_flag = 0
05-27 03:27:05.299 W/qdgralloc(  770): getInterlacedFlag: getMetaData returned -22, defaulting to interlaced_flag = 0
05-27 03:27:05.318 I/MediaCodec(  770): [0xb4000077b6ccc840] enqueue 32 input frames in last 1067 ms, latest timeUs 8366000
05-27 03:27:05.332 W/qdgralloc(  770): getInterlacedFlag: getMetaData returned -22, defaulting to interlaced_flag = 0
05-27 03:27:05.371 W/qdgralloc(  770): getInterlacedFlag: getMetaData returned -22, defaulting to interlaced_flag = 0
05-27 03:27:05.396 W/qdgralloc(  770): getInterlacedFlag: getMetaData returned -22, defaulting to interlaced_flag = 0
05-27 03:27:05.433 W/qdgralloc(  770): getInterlacedFlag: getMetaData returned -22, defaulting to interlaced_flag = 0
05-27 03:27:05.468 W/qdgralloc(  770): getInterlacedFlag: getMetaData returned -22, defaulting to interlaced_flag = 0
05-27 03:27:05.501 W/qdgralloc(  770): getInterlacedFlag: getMetaData returned -22, defaulting to interlaced_flag = 0
05-27 03:27:05.524 I/MediaCodec(  770): [0xb4000077b6ccc840] dequeue 32 output frames in last 1070 ms, latest timeUs 8566000, flags 128
05-27 03:27:05.534 W/qdgralloc(  770): getInterlacedFlag: getMetaData returned -22, defaulting to interlaced_flag = 0
05-27 03:27:05.564 W/qdgralloc(  770): getInterlacedFlag: getMetaData returned -22, defaulting to interlaced_flag = 0
05-27 03:27:05.600 W/qdgralloc(  770): getInterlacedFlag: getMetaData returned -22, defaulting to interlaced_flag = 0
05-27 03:27:05.636 W/qdgralloc(  770): getInterlacedFlag: getMetaData returned -22, defaulting to interlaced_flag = 0
05-27 03:27:05.671 W/qdgralloc(  770): getInterlacedFlag: getMetaData returned -22, defaulting to interlaced_flag = 0
05-27 03:27:05.696 W/qdgralloc(  770): getInterlacedFlag: getMetaData returned -22, defaulting to interlaced_flag = 0
05-27 03:27:05.731 W/qdgralloc(  770): getInterlacedFlag: getMetaData returned -22, defaulting to interlaced_flag = 0
05-27 03:27:05.767 W/qdgralloc(  770): getInterlacedFlag: getMetaData returned -22, defaulting to interlaced_flag = 0
05-27 03:27:05.796 W/qdgralloc(  770): getInterlacedFlag: getMetaData returned -22, defaulting to interlaced_flag = 0
05-27 03:27:05.831 W/qdgralloc(  770): getInterlacedFlag: getMetaData returned -22, defaulting to interlaced_flag = 0
05-27 03:27:05.863 W/qdgralloc(  770): getInterlacedFlag: getMetaData returned -22, defaulting to interlaced_flag = 0
05-27 03:27:05.898 W/qdgralloc(  770): getInterlacedFlag: getMetaData returned -22, defaulting to interlaced_flag = 0
05-27 03:27:05.936 W/qdgralloc(  770): getInterlacedFlag: getMetaData returned -22, defaulting to interlaced_flag = 0
05-27 03:27:05.963 W/qdgralloc(  770): getInterlacedFlag: getMetaData returned -22, defaulting to interlaced_flag = 0
05-27 03:27:05.996 W/qdgralloc(  770): getInterlacedFlag: getMetaData returned -22, defaulting to interlaced_flag = 0
05-27 03:27:06.009 V/Avrcp_ext( 3992): onPlaybackStateChanged: state PlaybackState {state=PLAYING(3), position=0, buffered position=0, speed=1.0, updated=1655415156, actions=7339703, custom actions=[], active item id=0, error=null}
05-27 03:27:06.009 V/APM: MediaControlManager( 3992): onPlaybackStateChanged
05-27 03:27:06.009 W/McpService( 3992): updatePlaybackState state PlaybackState {state=PLAYING(3), position=0, buffered position=0, speed=1.0, updated=1655415156, actions=7339703, custom actions=[], active item id=0, error=null}
05-27 03:27:06.009 W/McpService( 3992): updatePlaybackState mState: 1 state: 1
05-27 03:27:06.010 V/Avrcp_ext( 3992): updateCurrentMediaState: mMediaController: MediaController (com.deepeye.musicpro.debug@8fb2c32) null
05-27 03:27:06.010 W/Avrcp_ext( 3992): isMusicActive: true getBluetoothPlayState: 1 A2dp State: 11 mAudioPlaybackIsActive: true
05-27 03:27:06.011 D/Avrcp_ext( 3992): isMusicActive = true mAudioPlaybackIsActive = true player state = PlaybackState {state=PLAYING(3), position=3, buffered position=0, speed=1.0, updated=1655415159, actions=7339703, custom actions=[], active item id=0, error=null}
05-27 03:27:06.011 V/Avrcp_ext( 3992): Media update: id 0➡0? [MediaAttributes: none] : [MediaAttributes: none]
05-27 03:27:06.011 D/Avrcp_ext( 3992): isPackageNameValid: browsedPackage = com.deepeye.musicpro.debugisValid = true
05-27 03:27:06.011 V/Avrcp_ext( 3992): isBrowseSupported for com.deepeye.musicpro.debug: false
05-27 03:27:06.011 W/Avrcp_ext( 3992): updateCurrentMediaState: isInactivePlayer = false
05-27 03:27:06.011 V/Avrcp_ext( 3992): updatePlaybackState, state: PlaybackState {state=PLAYING(3), position=3, buffered position=0, speed=1.0, updated=1655415159, actions=7339703, custom actions=[], active item id=0, error=null} device: null
05-27 03:27:06.011 V/Avrcp_ext( 3992): Device: no name: 
05-27 03:27:06.011 V/Avrcp_ext( 3992): Device: no name: 
05-27 03:27:06.011 V/Avrcp_ext( 3992): Device: no name: 
05-27 03:27:06.011 V/Avrcp_ext( 3992): Device: no name: 
05-27 03:27:06.011 V/Avrcp_ext( 3992): Device: no name: 
05-27 03:27:06.011 V/Avrcp_ext( 3992): updatePlayerStateAndPosition, old=PlaybackState {state=PLAYING(3), position=3, buffered position=0, speed=1.0, updated=1655412157, actions=7339703, custom actions=[], active item id=0, error=null}, state=PlaybackState {state=PLAYING(3), position=3, buffered position=0, speed=1.0, updated=1655415159, actions=7339703, custom actions=[], active item id=0, error=null}
05-27 03:27:06.011 V/Avrcp_ext( 3992): old state = PlaybackState {state=PLAYING(3), position=3, buffered position=0, speed=1.0, updated=1655412157, actions=7339703, custom actions=[], active item id=0, error=null}, new state= PlaybackState {state=PLAYING(3), position=3, buffered position=0, speed=1.0, updated=1655415159, actions=7339703, custom actions=[], active item id=0, error=null}
05-27 03:27:06.012 D/HeadsetService( 3992): getHeadsetService(): returning com.android.bluetooth.hfp.HeadsetService@9390a13
05-27 03:27:06.012 E/HeadsetStateMachine( 3992): returning mCurrentState as Disconnected
05-27 03:27:06.012 E/HeadsetStateMachine( 3992): returning mCurrentState as Disconnected
05-27 03:27:06.012 D/HeadsetService( 3992):  isAudioOn: The number of audio connected devices 0
