--------- beginning of system
05-27 03:34:59.784 W/ContextImpl( 3077): Calling a method in the system process without a qualified user: android.app.ContextImpl.sendBroadcastMultiplePermissions:1281 android.content.Context.sendBroadcastMultiplePermissions:2476 com.android.server.TelephonyRegistry.broadcastServiceStateChanged:3597 com.android.server.TelephonyRegistry.notifyServiceStateForPhoneId:1734 com.android.internal.telephony.ITelephonyRegistry$Stub.onTransact:550 
05-27 03:34:59.785 W/ContextImpl( 3077): Calling a method in the system process without a qualified user: android.app.ContextImpl.sendBroadcastMultiplePermissions:1314 com.android.server.TelephonyRegistry.broadcastServiceStateChanged:3602 com.android.server.TelephonyRegistry.notifyServiceStateForPhoneId:1734 com.android.internal.telephony.ITelephonyRegistry$Stub.onTransact:550 android.os.Binder.execTransactInternal:1380 
05-27 03:34:59.787 W/ContextImpl( 3077): Calling a method in the system process without a qualified user: android.app.ContextImpl.sendBroadcastMultiplePermissions:1314 com.android.server.TelephonyRegistry.broadcastServiceStateChanged:3611 com.android.server.TelephonyRegistry.notifyServiceStateForPhoneId:1734 com.android.internal.telephony.ITelephonyRegistry$Stub.onTransact:550 android.os.Binder.execTransactInternal:1380 
05-27 03:34:59.788 W/ContextImpl( 3077): Calling a method in the system process without a qualified user: android.app.ContextImpl.sendBroadcastMultiplePermissions:1314 com.android.server.TelephonyRegistry.broadcastServiceStateChanged:3617 com.android.server.TelephonyRegistry.notifyServiceStateForPhoneId:1734 com.android.internal.telephony.ITelephonyRegistry$Stub.onTransact:550 android.os.Binder.execTransactInternal:1380 
05-27 03:34:59.813 D/CompatibilityChangeReporter( 3077): Compat change id reported: 161145287; UID 10192; state: ENABLED
05-27 03:34:59.901 W/WindowMagnificationMgr( 3077): requestConnection duplicated request: connect=false, mConnectionState=DISCONNECTED
05-27 03:34:59.908 W/WindowMagnificationMgr( 3077): requestConnection duplicated request: connect=false, mConnectionState=DISCONNECTED
05-27 03:35:00.004 D/CompatibilityChangeReporter( 3077): Compat change id reported: 161252188; UID 10521; state: DISABLED
05-27 03:35:00.027 W/UriGrantsManagerService( 3077): No permission grants found for com.google.android.apps.photos
05-27 03:35:00.027 W/UriGrantsManagerService( 3077): No permission grants found for com.google.android.apps.photos
05-27 03:35:00.054 D/ActivityTaskManager( 3077): setActivityController: android.app.IActivityController$Stub$Proxy@5add175,imAMonkey=true
05-27 03:35:00.054 W/ActivityManager( 3077): registerReceiverWithFeature: no app for null
05-27 03:35:00.064 W/ActivityTaskManager( 3077): callingPackage for (uid=2000, pid=5484) has no WPC
05-27 03:35:00.065 I/SettingsAccessControlPolicy( 3077): isDeviceSettingsChangeDisabled: value -> false
05-27 03:35:00.065 D/CompatibilityChangeReporter( 3077): Compat change id reported: 265464455; UID 10521; state: DISABLED
05-27 03:35:00.066 D/CompatibilityChangeReporter( 3077): Compat change id reported: 265452344; UID 10521; state: DISABLED
05-27 03:35:00.066 D/CompatibilityChangeReporter( 3077): Compat change id reported: 266124927; UID 10521; state: DISABLED
05-27 03:35:00.066 D/CompatibilityChangeReporter( 3077): Compat change id reported: 265451093; UID 10521; state: DISABLED
05-27 03:35:00.066 D/CompatibilityChangeReporter( 3077): Compat change id reported: 265456536; UID 10521; state: DISABLED
05-27 03:35:00.066 D/CompatibilityChangeReporter( 3077): Compat change id reported: 255940284; UID 10521; state: DISABLED
05-27 03:35:00.066 D/CompatibilityChangeReporter( 3077): Compat change id reported: 236283604; UID 10521; state: DISABLED
05-27 03:35:00.066 D/CompatibilityChangeReporter( 3077): Compat change id reported: 263959004; UID 10521; state: DISABLED
05-27 03:35:00.066 D/CompatibilityChangeReporter( 3077): Compat change id reported: 264304459; UID 10521; state: DISABLED
05-27 03:35:00.067 D/CompatibilityChangeReporter( 3077): Compat change id reported: 264301586; UID 10521; state: DISABLED
05-27 03:35:00.067 D/CompatibilityChangeReporter( 3077): Compat change id reported: 254631730; UID 10521; state: DISABLED
05-27 03:35:00.067 D/CompatibilityChangeReporter( 3077): Compat change id reported: 273509367; UID 10521; state: DISABLED
05-27 03:35:00.067 D/CompatibilityChangeReporter( 3077): Compat change id reported: 263259275; UID 10521; state: DISABLED
05-27 03:35:00.067 D/CompatibilityChangeReporter( 3077): Compat change id reported: 174042980; UID 10521; state: DISABLED
05-27 03:35:00.067 D/CompatibilityChangeReporter( 3077): Compat change id reported: 174042936; UID 10521; state: DISABLED
05-27 03:35:00.067 D/CompatibilityChangeReporter( 3077): Compat change id reported: 181136395; UID 10521; state: DISABLED
05-27 03:35:00.069 D/CompatibilityChangeReporter( 3077): Compat change id reported: 194480991; UID 10521; state: ENABLED
05-27 03:35:00.069 D/ActivityTaskManager( 3077): getPreferredLaunchDisplay userset_displayid false user set display id -1, current focus display 0
05-27 03:35:00.069 D/ActivityTaskManager( 3077): getPreferredLaunchDisplay userset_displayid false user set display id -1, current focus display 0
05-27 03:35:00.071 D/ActivityTaskManager( 3077): getPreferredLaunchDisplay userset_displayid false user set display id -1, current focus display 0
05-27 03:35:00.071 D/ActivityTaskManager( 3077): getPreferredLaunchDisplay userset_displayid false user set display id -1, current focus display 0
05-27 03:35:00.074 D/ActivityTaskManager( 3077): getPreferredLaunchDisplay userset_displayid false user set display id 0, current focus display 0
05-27 03:35:00.074 D/ActivityTaskManager( 3077): getPreferredLaunchDisplay userset_displayid false user set display id 0, current focus display 0
05-27 03:35:00.077 D/PowerManagerService( 3077): nativeSetPowerMode ret:false mode:5 enabled:true duration ms: 0
05-27 03:35:00.078 D/CompatibilityChangeReporter( 3077): Compat change id reported: 205907456; UID 10521; state: ENABLED
05-27 03:35:00.082 D/CompatibilityChangeReporter( 3077): Compat change id reported: 194833441; UID 10521; state: ENABLED
05-27 03:35:00.082 I/ActivityTaskManager( 3077): START u0 {act=android.intent.action.MAIN cat=[android.intent.category.LAUNCHER] flg=0x10200000 cmp=com.deepeye.musicpro.debug/com.deepeye.musicpro.MainActivity} with LAUNCH_SINGLE_TASK from uid 2000 (startActivityAsUser) (BAL_ALLOW_PERMISSION) result code=0
05-27 03:35:00.084 V/WindowManagerShell( 7709): Transition requested: android.os.BinderProxy@cf91a1f TransitionRequestInfo { type = 1, triggerTask = TaskInfo{userId=0 taskId=5382 displayId=0 isRunning=true baseIntent=Intent { act=android.intent.action.MAIN cat=[android.intent.category.LAUNCHER] flg=0x10200000 cmp=com.deepeye.musicpro.debug/com.deepeye.musicpro.MainActivity } baseActivity=ComponentInfo{com.deepeye.musicpro.debug/com.deepeye.musicpro.MainActivity} topActivity=ComponentInfo{com.deepeye.musicpro.debug/com.deepeye.musicpro.MainActivity} origActivity=null realActivity=ComponentInfo{com.deepeye.musicpro.debug/com.deepeye.musicpro.MainActivity} numActivities=1 lastActiveTime=1655889230 supportsMultiWindow=true supportsGlobalFreeform=true resizeMode=1 isResizeable=true isAppLocked=false canKillAndRestart=false isShowDecorCaptionWindowRequest=false minWidth=-1 minHeight=-1 defaultMinSize=200 token=WCT{android.window.IWindowContainerToken$Stub$Proxy@effc16c} topActivityType=1 pictureInPictureParams=null shouldDockBigOverlays=false launchIntoPipHostTaskId=-1 lastParentTaskIdBeforePip=-1 displayCutoutSafeInsets=Rect(0, 90 - 0, 0) topActivityInfo=ActivityInfo{55c7335 com.deepeye.musicpro.MainActivity} launchCookies=[] positionInParent=Point(0, 0) parentTaskId=-1 isFocused=false isVisible=false isVisibleRequested=false isSleeping=false topActivityInSizeCompat=false topActivityEligibleForLetterboxEducation= false topActivityLetterboxed= false isFromDoubleTap= false topActivityLetterboxVerticalPosition= -1 topActivityLetterboxHorizontalPosition= -1 topActivityLetterboxWidth=-1 topActivityLetterboxHeight=-1 locusId=null displayAreaFeatureId=1 cameraCompatControlState=hidden}, remoteTransition = null, displayChange = null, flags = 0 }
05-27 03:35:00.098 D/CompatibilityChangeReporter( 3077): Compat change id reported: 135634846; UID 10521; state: DISABLED
05-27 03:35:00.098 D/CompatibilityChangeReporter( 3077): Compat change id reported: 177438394; UID 10521; state: DISABLED
05-27 03:35:00.098 D/CompatibilityChangeReporter( 3077): Compat change id reported: 135772972; UID 10521; state: DISABLED
05-27 03:35:00.098 D/CompatibilityChangeReporter( 3077): Compat change id reported: 135754954; UID 10521; state: ENABLED
05-27 03:35:00.098 D/CompatibilityChangeReporter( 3077): Compat change id reported: 143937733; UID 10521; state: ENABLED
05-27 03:35:00.115 D/ViewRootImpl( 7709): update {(0,0)(fillxfill) ty=APPLICATION_STARTING fmt=TRANSLUCENT wanim=0x10302fe
05-27 03:35:00.115 D/ViewRootImpl( 7709):   fl=NOT_FOCUSABLE NOT_TOUCHABLE LAYOUT_IN_SCREEN LAYOUT_INSET_DECOR ALT_FOCUSABLE_IM HARDWARE_ACCELERATED DRAWS_SYSTEM_BAR_BACKGROUNDS
05-27 03:35:00.115 D/ViewRootImpl( 7709):   pfl=SHOW_FOR_ALL_USERS FIT_INSETS_CONTROLLED
05-27 03:35:00.115 D/ViewRootImpl( 7709):   bhv=DEFAULT
05-27 03:35:00.115 D/ViewRootImpl( 7709):   fitSides=} by setView
05-27 03:35:00.116 I/ActivityManager( 3077): Start proc 5526:com.deepeye.musicpro.debug/u0a521 for next-top-activity {com.deepeye.musicpro.debug/com.deepeye.musicpro.MainActivity}
05-27 03:35:00.117 D/CompatibilityChangeReporter( 3077): Compat change id reported: 265195908; UID 10521; state: ENABLED
05-27 03:35:00.119 D/ActivityTaskManager( 3077): setActivityController: null,imAMonkey=true
05-27 03:35:00.134 D/CoreBackPreview( 3077): Window{fe22162 u0 Splash Screen com.deepeye.musicpro.debug}: Setting back callback OnBackInvokedCallbackInfo{mCallback=android.window.IOnBackInvokedCallback$Stub$Proxy@e2f0b90, mPriority=0, mIsAnimationCallback=false}
05-27 03:35:00.151 V/WindowManager( 3077): Sent Transition #7416 createdAt=05-27 03:35:00.069 via request=TransitionRequestInfo { type = 1, triggerTask = TaskInfo{userId=0 taskId=5382 displayId=0 isRunning=true baseIntent=Intent { act=android.intent.action.MAIN cat=[android.intent.category.LAUNCHER] flg=0x10200000 cmp=com.deepeye.musicpro.debug/com.deepeye.musicpro.MainActivity } baseActivity=ComponentInfo{com.deepeye.musicpro.debug/com.deepeye.musicpro.MainActivity} topActivity=ComponentInfo{com.deepeye.musicpro.debug/com.deepeye.musicpro.MainActivity} origActivity=null realActivity=ComponentInfo{com.deepeye.musicpro.debug/com.deepeye.musicpro.MainActivity} numActivities=1 lastActiveTime=1655889230 supportsMultiWindow=true supportsGlobalFreeform=true resizeMode=1 isResizeable=true isAppLocked=false canKillAndRestart=true isShowDecorCaptionWindowRequest=false minWidth=-1 minHeight=-1 defaultMinSize=200 token=WCT{RemoteToken{a971f41 Task{3ba3cfd #5382 type=standard A=10521:com.deepeye.musicpro.debug}}} topActivityType=1 pictureInPictureParams=null shouldDockBigOverlays=false launchIntoPipHostTaskId=-1 lastParentTaskIdBeforePip=-1 displayCutoutSafeInsets=Rect(0, 90 - 0, 0) topActivityInfo=ActivityInfo{b244ce6 com.deepeye.musicpro.MainActivity} launchCookies=[] positionInParent=Point(0, 0) parentTaskId=-1 isFocused=false isVisible=false isVisibleRequested=false isSleeping=false topActivityInSizeCompat=false topActivityEligibleForLetterboxEducation= false topActivityLetterboxed= false isFromDoubleTap= false topActivityLetterboxVerticalPosition= -1 topActivityLetterboxHorizontalPosition= -1 topActivityLetterboxWidth=-1 topActivityLetterboxHeight=-1 locusId=null displayAreaFeatureId=1 cameraCompatControlState=hidden}, remoteTransition = null, displayChange = null, flags = 0 }
05-27 03:35:00.151 V/WindowManager( 3077):     startWCT=WindowContainerTransaction { changes = {} hops = [] errorCallbackToken=null taskFragmentOrganizer=null }
05-27 03:35:00.151 V/WindowManager( 3077):     info={id=7416 t=OPEN f=0x0 trk=0 r=[0@Point(0, 0)] c=[{WCT{RemoteToken{a971f41 Task{3ba3cfd #5382 type=standard A=10521:com.deepeye.musicpro.debug}}} m=OPEN f=NONE pTaskId=-1 leash=Surface(name=Task=5382)/@0x813b91a sb=Rect(0, 0 - 1080, 2400) eb=Rect(0, 0 - 1080, 2400) d=0},{WCT{RemoteToken{16c0147 Task{ee1938e #4757 type=home}}} m=TO_BACK f=SHOW_WALLPAPER pTaskId=-1 leash=Surface(name=Task=4757)/@0xc752f88 sb=Rect(0, 0 - 1080, 2400) eb=Rect(0, 0 - 1080, 2400) d=0}]}
05-27 03:35:00.163 V/WindowManagerShell( 7709): onTransitionReady android.os.BinderProxy@cf91a1f: {id=7416 t=OPEN f=0x0 trk=0 r=[0@Point(0, 0)] c=[{WCT{android.window.IWindowContainerToken$Stub$Proxy@6cbefa0} m=OPEN f=NONE pTaskId=-1 leash=Surface(name=Task=5382)/@0xc262d46 sb=Rect(0, 0 - 1080, 2400) eb=Rect(0, 0 - 1080, 2400) d=0},{WCT{android.window.IWindowContainerToken$Stub$Proxy@d97f759} m=TO_BACK f=SHOW_WALLPAPER pTaskId=-1 leash=Surface(name=Task=4757)/@0x830cb07 sb=Rect(0, 0 - 1080, 2400) eb=Rect(0, 0 - 1080, 2400) d=0}]}
05-27 03:35:00.163 V/WindowManagerShell( 7709): Playing animation for (#7416)android.os.BinderProxy@cf91a1f@0
05-27 03:35:00.163 V/WindowManagerShell( 7709):  try handler com.android.wm.shell.transition.DefaultMixedHandler@a24dff4
05-27 03:35:00.163 V/WindowManagerShell( 7709):  try handler com.android.wm.shell.keyguard.KeyguardTransitionHandler@8a7e31d
05-27 03:35:00.163 V/WindowManagerShell( 7709):  try handler com.android.wm.shell.activityembedding.ActivityEmbeddingController@c1cb992
05-27 03:35:00.163 V/WindowManagerShell( 7709):  try handler com.android.wm.shell.recents.RecentsTransitionHandler@1b1af63
05-27 03:35:00.163 V/ShellRecents( 7709): RecentsTransitionHandler.startAnimation: no controller found
05-27 03:35:00.163 V/WindowManagerShell( 7709):  try handler com.android.wm.shell.pip.PipTransition@5aa0760
05-27 03:35:00.163 V/WindowManagerShell( 7709):  try handler com.android.wm.shell.splitscreen.StageCoordinator@be49419
05-27 03:35:00.163 V/WindowManagerShell( 7709):  try handler com.android.wm.shell.transition.RemoteTransitionHandler@9c8dcde
05-27 03:35:00.163 V/WindowManagerShell( 7709): Transition doesn't have explicit remote, search filters for match for {id=7416 t=OPEN f=0x0 trk=0 r=[0@Point(0, 0)] c=[{WCT{android.window.IWindowContainerToken$Stub$Proxy@6cbefa0} m=OPEN f=NONE pTaskId=-1 leash=Surface(name=Task=5382)/@0xc262d46 sb=Rect(0, 0 - 1080, 2400) eb=Rect(0, 0 - 1080, 2400) d=0},{WCT{android.window.IWindowContainerToken$Stub$Proxy@d97f759} m=TO_BACK f=SHOW_WALLPAPER pTaskId=-1 leash=Surface(name=Task=4757)/@0x830cb07 sb=Rect(0, 0 - 1080, 2400) eb=Rect(0, 0 - 1080, 2400) d=0}]}
05-27 03:35:00.163 V/WindowManagerShell( 7709):  Checking filter Pair{{types=[] flags=0x0] notFlags=0x100 checks=[{atype=home independent=true modes=[OPEN,TO_FRONT] flags=NONE mustBeTask=false order=TOP topActivity=ComponentInfo{com.motorola.launcher3/com.android.launcher3.uioverrides.QuickstepLauncher}},{atype=standard independent=true modes=[CLOSE,TO_BACK] flags=NONE mustBeTask=false order=ANY topActivity=null}]} RemoteTransition { remoteTransition = android.window.IRemoteTransition$Stub$Proxy@cb754ae, appThread = android.app.IApplicationThread$Stub$Proxy@270424f, debugName = QuickstepLaunchHome }}
05-27 03:35:00.163 V/WindowManagerShell( 7709):  Delegate animation for #7416 to null
05-27 03:35:00.163 V/WindowManagerShell( 7709):  try handler com.android.wm.shell.transition.DefaultTransitionHandler@f85debf
05-27 03:35:00.163 V/WindowManagerShell( 7709): start default transition animation, info = {id=7416 t=OPEN f=0x0 trk=0 r=[0@Point(0, 0)] c=[{WCT{android.window.IWindowContainerToken$Stub$Proxy@6cbefa0} m=OPEN f=NONE pTaskId=-1 leash=Surface(name=Task=5382)/@0xc262d46 sb=Rect(0, 0 - 1080, 2400) eb=Rect(0, 0 - 1080, 2400) d=0},{WCT{android.window.IWindowContainerToken$Stub$Proxy@d97f759} m=TO_BACK f=SHOW_WALLPAPER pTaskId=-1 leash=Surface(name=Task=4757)/@0x830cb07 sb=Rect(0, 0 - 1080, 2400) eb=Rect(0, 0 - 1080, 2400) d=0}]}
05-27 03:35:00.164 V/WindowManagerShell( 7709): loadAnimation: anim=android.view.animation.AnimationSet@a4e13ff animAttr=0x13 type=OPEN isEntrance=false
05-27 03:35:00.164 V/WindowManagerShell( 7709): loadAnimation: anim=android.view.animation.AnimationSet@b79f11b animAttr=0x12 type=OPEN isEntrance=true
05-27 03:35:00.165 V/WindowManagerShell( 7709):  animated by com.android.wm.shell.transition.DefaultTransitionHandler@f85debf
05-27 03:35:00.188 D/ActivityManager( 3077): unfreezing ProcessRecord{d1b7e21 27551:android.process.acore/u0a114}, reason = shouldNotFreeze_provider: ProcessRecord{d0aecba 3606:com.google.android.gms/u0a192}, adj = 100, adjType = provider, adjSource = ProcessRecord{d0aecba 3606:com.google.android.gms/u0a192}
05-27 03:35:00.189 D/ActivityManager( 3077): sync unfroze 27551 android.process.acore for 7
05-27 03:35:00.189 D/CompatibilityChangeReporter( 3077): Compat change id reported: 170503758; UID 10521; state: ENABLED
05-27 03:35:00.210 E/NetlinkEvent( 1603): NetlinkEvent::FindParam(): Parameter 'INTERFACE' not found
05-27 03:35:00.210 E/NetlinkEvent( 1603): NetlinkEvent::FindParam(): Parameter 'STATE' not found
05-27 03:35:00.210 E/NetlinkEvent( 1603): NetlinkEvent::FindParam(): Parameter 'TIME_NS' not found
05-27 03:35:00.210 E/NetlinkEvent( 1603): NetlinkEvent::FindParam(): Parameter 'UID' not found
05-27 03:35:00.214 D/CompatibilityChangeReporter( 3077): Compat change id reported: 161252188; UID 10521; state: DISABLED
05-27 03:35:00.449 W/UriGrantsManagerService( 3077): No permission grants found for com.google.android.apps.photos
05-27 03:35:00.449 W/UriGrantsManagerService( 3077): No permission grants found for com.google.android.apps.photos
05-27 03:35:00.451 V/WindowManagerShell( 7709): Transition animation finished (aborted=false), notifying core (#7416)android.os.BinderProxy@cf91a1f@0
05-27 03:35:00.452 V/WindowManager( 3077): Finish Transition #7416: created at 05-27 03:35:00.069 collect-started=0.019ms request-sent=12.616ms started=26.22ms ready=78.677ms sent=81.411ms finished=382.465ms
05-27 03:35:00.455 V/WindowManagerShell( 7709): Track 0 became idle
05-27 03:35:00.455 V/WindowManagerShell( 7709): All active transition animations finished
05-27 03:35:00.647 I/ActivityManager( 3077): Flag disabled. Ignoring finishAttachApplication from uid: 10521. pid: 5526
05-27 03:35:00.658 W/UriGrantsManagerService( 3077): No permission grants found for com.google.android.apps.photos
05-27 03:35:00.658 W/UriGrantsManagerService( 3077): No permission grants found for com.google.android.apps.photos
05-27 03:35:00.675 D/CompatibilityChangeReporter( 3077): Compat change id reported: 271850009; UID 10521; state: ENABLED
05-27 03:35:00.675 D/CompatibilityChangeReporter( 3077): Compat change id reported: 253665015; UID 10521; state: ENABLED
05-27 03:35:00.676 D/CompatibilityChangeReporter( 3077): Compat change id reported: 194532703; UID 10521; state: ENABLED
05-27 03:35:00.703 D/CompatibilityChangeReporter( 3077): Compat change id reported: 161145287; UID 10521; state: ENABLED
05-27 03:35:00.773 D/ViewRootImpl( 5526): update {(0,0)(fillxfill) sim={forwardNavigation} layoutInDisplayCutoutMode=always ty=BASE_APPLICATION wanim=0x10302fe
05-27 03:35:00.773 D/ViewRootImpl( 5526):   fl=LAYOUT_IN_SCREEN LAYOUT_INSET_DECOR SPLIT_TOUCH HARDWARE_ACCELERATED DRAWS_SYSTEM_BAR_BACKGROUNDS
05-27 03:35:00.773 D/ViewRootImpl( 5526):   pfl=NO_MOVE_ANIMATION FORCE_DRAW_STATUS_BAR_BACKGROUND FIT_INSETS_CONTROLLED
05-27 03:35:00.773 D/ViewRootImpl( 5526):   bhv=DEFAULT
05-27 03:35:00.773 D/ViewRootImpl( 5526):   fitSides=} by setView
05-27 03:35:00.780 D/CompatibilityChangeReporter( 3077): Compat change id reported: 183164979; UID 10521; state: ENABLED
05-27 03:35:00.839 W/UriGrantsManagerService( 3077): No permission grants found for com.google.android.apps.photos
05-27 03:35:00.840 W/UriGrantsManagerService( 3077): No permission grants found for com.google.android.apps.photos
05-27 03:35:00.855 W/UriGrantsManagerService( 3077): No permission grants found for com.google.android.apps.photos
05-27 03:35:00.855 W/UriGrantsManagerService( 3077): No permission grants found for com.google.android.apps.photos
05-27 03:35:00.877 W/UriGrantsManagerService( 3077): No permission grants found for com.google.android.apps.photos
05-27 03:35:00.877 W/UriGrantsManagerService( 3077): No permission grants found for com.google.android.apps.photos
05-27 03:35:00.903 W/UriGrantsManagerService( 3077): No permission grants found for com.google.android.apps.photos
05-27 03:35:00.903 W/UriGrantsManagerService( 3077): No permission grants found for com.google.android.apps.photos
05-27 03:35:00.929 W/UriGrantsManagerService( 3077): No permission grants found for com.google.android.apps.photos
05-27 03:35:00.930 W/UriGrantsManagerService( 3077): No permission grants found for com.google.android.apps.photos
05-27 03:35:00.945 D/CompatibilityChangeReporter( 3077): Compat change id reported: 143937733; UID 10521; state: ENABLED
05-27 03:35:00.956 I/ActivityManager( 3077): Start proc 5603:com.google.android.webview:sandboxed_process0:org.chromium.content.app.SandboxedProcessService0:0/u0i489 for  {com.deepeye.musicpro.debug/org.chromium.content.app.SandboxedProcessService0:0}
05-27 03:35:00.985 D/CompatibilityChangeReporter( 3077): Compat change id reported: 261072174; UID 10521; state: ENABLED
05-27 03:35:01.005 I/ActivityManager( 3077): Flag disabled. Ignoring finishAttachApplication from uid: 99489. pid: 5603
05-27 03:35:01.009 D/CompatibilityChangeReporter( 3077): Compat change id reported: 319212206; UID 10521; state: DISABLED
05-27 03:35:01.034 I/AppsFilter( 3077): interaction: PackageSetting{d5a393a com.deepeye.musicpro.debug/10521} -> PackageSetting{14125e1 org.kde.kdeconnect_tp/10386} BLOCKED
05-27 03:35:01.067 D/CoreBackPreview( 3077): Window{b05fc7d u0 com.deepeye.musicpro.debug/com.deepeye.musicpro.MainActivity}: Setting back callback OnBackInvokedCallbackInfo{mCallback=android.window.IOnBackInvokedCallback$Stub$Proxy@23aeabf, mPriority=0, mIsAnimationCallback=false}
05-27 03:35:01.162 I/LaunchCheckinHandler( 3077): MotoDisplayed com.deepeye.musicpro.debug/com.deepeye.musicpro.MainActivity,cp,ca,1074
05-27 03:35:01.162 W/ActivityTaskManager( 3077): activity boost didn't release as expected
05-27 03:35:01.178 D/CompatibilityChangeReporter( 3077): Compat change id reported: 214016041; UID 10521; state: ENABLED
05-27 03:35:01.186 W/PackageConfigPersister( 3077): App-specific configuration not found for packageName: com.deepeye.musicpro.debug and userId: 0
05-27 03:35:01.417 D/PowerManagerService( 3077): nativeSetPowerMode ret:false mode:5 enabled:false duration ms: 0
05-27 03:35:01.530 D/CoreBackPreview( 3077): Window{fe22162 u0 Splash Screen com.deepeye.musicpro.debug EXITING}: Setting back callback null
05-27 03:35:01.773 D/BatteryService( 3077): uevent={POWER_SUPPLY_POWER_AVG=47656064, POWER_SUPPLY_VOLTAGE_NOW=4151457, POWER_SUPPLY_POWER_NOW=60595891, POWER_SUPPLY_CHARGE_CONTROL_LIMIT_MAX=11, POWER_SUPPLY_TYPE=Battery, POWER_SUPPLY_HEALTH=Good, POWER_SUPPLY_TECHNOLOGY=Li-ion, POWER_SUPPLY_CHARGE_FULL_DESIGN=4846000, SEQNUM=612085, POWER_SUPPLY_CHARGE_CONTROL_LIMIT=3, POWER_SUPPLY_MODEL_NAME=5371113_LENOVO_NINGDE_4800MAH_AVERAGED_MASTERSLAVE_SEPT17TH2021, POWER_SUPPLY_STATUS=Charging, POWER_SUPPLY_CYCLE_COUNT=19, POWER_SUPPLY_CAPACITY=84, DEVPATH=/devices/platform/soc/soc:qcom,pmic_glink/soc:qcom,pmic_glink:qcom,battery_charger/power_supply/battery, POWER_SUPPLY_CHARGE_TYPE=Fast, POWER_SUPPLY_CURRENT_NOW=-584114, POWER_SUPPLY_TIME_TO_FULL_AVG=-1, POWER_SUPPLY_PRESENT=1, POWER_SUPPLY_CHARGE_FULL=3762000, POWER_SUPPLY_TIME_TO_FULL_NOW=-1, SUBSYSTEM=power_supply, POWER_SUPPLY_VOLTAGE_OCV=4206083, POWER_SUPPLY_TEMP=410, ACTION=change, POWER_SUPPLY_NAME=battery, POWER_SUPPLY_VOLTAGE_MAX=4450000, POWER_SUPPLY_CHARGE_COUNTER=3178137, POWER_SUPPLY_TIME_TO_EMPTY_AVG=40228}
05-27 03:35:01.773 D/BatteryService( 3077): uevent={POWER_SUPPLY_POWER_AVG=47656064, POWER_SUPPLY_VOLTAGE_NOW=4151457, POWER_SUPPLY_POWER_NOW=60595891, POWER_SUPPLY_CHARGE_CONTROL_LIMIT_MAX=11, POWER_SUPPLY_TYPE=Battery, POWER_SUPPLY_HEALTH=Good, POWER_SUPPLY_TECHNOLOGY=Li-ion, POWER_SUPPLY_CHARGE_FULL_DESIGN=4846000, SEQNUM=612085, POWER_SUPPLY_CHARGE_CONTROL_LIMIT=3, POWER_SUPPLY_MODEL_NAME=5371113_LENOVO_NINGDE_4800MAH_AVERAGED_MASTERSLAVE_SEPT17TH2021, POWER_SUPPLY_STATUS=Charging, POWER_SUPPLY_CYCLE_COUNT=19, POWER_SUPPLY_CAPACITY=84, DEVPATH=/devices/platform/soc/soc:qcom,pmic_glink/soc:qcom,pmic_glink:qcom,battery_charger/power_supply/battery, POWER_SUPPLY_CHARGE_TYPE=Fast, POWER_SUPPLY_CURRENT_NOW=-584114, POWER_SUPPLY_TIME_TO_FULL_AVG=-1, POWER_SUPPLY_PRESENT=1, POWER_SUPPLY_CHARGE_FULL=3762000, POWER_SUPPLY_TIME_TO_FULL_NOW=-1, SUBSYSTEM=power_supply, POWER_SUPPLY_VOLTAGE_OCV=4206083, POWER_SUPPLY_TEMP=410, ACTION=change, POWER_SUPPLY_NAME=battery, POWER_SUPPLY_VOLTAGE_MAX=4450000, POWER_SUPPLY_CHARGE_COUNTER=3178137, POWER_SUPPLY_TIME_TO_EMPTY_AVG=40228}
05-27 03:35:01.775 V/UiModeManager( 3077): updateLocked: null action, mDockState=0, category=null
05-27 03:35:01.776 D/UiModeManager( 3077): updateConfigurationLocked: mDockState=0; mCarMode=false; mNightMode=2; mNightModeCustomType=-1; uiMode=33
05-27 03:35:01.777 D/PowerUI ( 7709): can't show warning due to - plugged: true status unknown: false
05-27 03:35:01.777 D/PowerUI ( 7709): can't show warning due to - plugged: true status unknown: false
05-27 03:35:01.783 V/UiModeManager( 3077): updateLocked: null action, mDockState=0, category=null
05-27 03:35:01.783 D/UiModeManager( 3077): updateConfigurationLocked: mDockState=0; mCarMode=false; mNightMode=2; mNightModeCustomType=-1; uiMode=33
05-27 03:35:01.783 D/PowerUI ( 7709): can't show warning due to - plugged: true status unknown: false
05-27 03:35:02.127 W/ContextImpl( 3077): Calling a method in the system process without a qualified user: android.app.ContextImpl.sendBroadcastMultiplePermissions:1281 android.content.Context.sendBroadcastMultiplePermissions:2476 com.android.server.TelephonyRegistry.broadcastServiceStateChanged:3597 com.android.server.TelephonyRegistry.notifyServiceStateForPhoneId:1734 com.android.internal.telephony.ITelephonyRegistry$Stub.onTransact:550 
05-27 03:35:02.128 W/ContextImpl( 3077): Calling a method in the system process without a qualified user: android.app.ContextImpl.sendBroadcastMultiplePermissions:1314 com.android.server.TelephonyRegistry.broadcastServiceStateChanged:3602 com.android.server.TelephonyRegistry.notifyServiceStateForPhoneId:1734 com.android.internal.telephony.ITelephonyRegistry$Stub.onTransact:550 android.os.Binder.execTransactInternal:1380 
05-27 03:35:02.129 W/ContextImpl( 3077): Calling a method in the system process without a qualified user: android.app.ContextImpl.sendBroadcastMultiplePermissions:1314 com.android.server.TelephonyRegistry.broadcastServiceStateChanged:3611 com.android.server.TelephonyRegistry.notifyServiceStateForPhoneId:1734 com.android.internal.telephony.ITelephonyRegistry$Stub.onTransact:550 android.os.Binder.execTransactInternal:1380 
05-27 03:35:02.130 W/ContextImpl( 3077): Calling a method in the system process without a qualified user: android.app.ContextImpl.sendBroadcastMultiplePermissions:1314 com.android.server.TelephonyRegistry.broadcastServiceStateChanged:3617 com.android.server.TelephonyRegistry.notifyServiceStateForPhoneId:1734 com.android.internal.telephony.ITelephonyRegistry$Stub.onTransact:550 android.os.Binder.execTransactInternal:1380 
05-27 03:35:02.151 W/ContextImpl( 3077): Calling a method in the system process without a qualified user: android.app.ContextImpl.sendBroadcastMultiplePermissions:1281 android.content.Context.sendBroadcastMultiplePermissions:2476 com.android.server.TelephonyRegistry.broadcastServiceStateChanged:3597 com.android.server.TelephonyRegistry.notifyServiceStateForPhoneId:1734 com.android.internal.telephony.ITelephonyRegistry$Stub.onTransact:550 
05-27 03:35:02.151 W/ContextImpl( 3077): Calling a method in the system process without a qualified user: android.app.ContextImpl.sendBroadcastMultiplePermissions:1314 com.android.server.TelephonyRegistry.broadcastServiceStateChanged:3602 com.android.server.TelephonyRegistry.notifyServiceStateForPhoneId:1734 com.android.internal.telephony.ITelephonyRegistry$Stub.onTransact:550 android.os.Binder.execTransactInternal:1380 
05-27 03:35:02.152 W/ContextImpl( 3077): Calling a method in the system process without a qualified user: android.app.ContextImpl.sendBroadcastMultiplePermissions:1314 com.android.server.TelephonyRegistry.broadcastServiceStateChanged:3611 com.android.server.TelephonyRegistry.notifyServiceStateForPhoneId:1734 com.android.internal.telephony.ITelephonyRegistry$Stub.onTransact:550 android.os.Binder.execTransactInternal:1380 
05-27 03:35:02.153 W/ContextImpl( 3077): Calling a method in the system process without a qualified user: android.app.ContextImpl.sendBroadcastMultiplePermissions:1314 com.android.server.TelephonyRegistry.broadcastServiceStateChanged:3617 com.android.server.TelephonyRegistry.notifyServiceStateForPhoneId:1734 com.android.internal.telephony.ITelephonyRegistry$Stub.onTransact:550 android.os.Binder.execTransactInternal:1380 
05-27 03:35:02.178 W/ContextImpl( 3077): Calling a method in the system process without a qualified user: android.app.ContextImpl.sendBroadcastMultiplePermissions:1281 android.content.Context.sendBroadcastMultiplePermissions:2476 com.android.server.TelephonyRegistry.broadcastServiceStateChanged:3597 com.android.server.TelephonyRegistry.notifyServiceStateForPhoneId:1734 com.android.internal.telephony.ITelephonyRegistry$Stub.onTransact:550 
05-27 03:35:02.179 W/ContextImpl( 3077): Calling a method in the system process without a qualified user: android.app.ContextImpl.sendBroadcastMultiplePermissions:1314 com.android.server.TelephonyRegistry.broadcastServiceStateChanged:3602 com.android.server.TelephonyRegistry.notifyServiceStateForPhoneId:1734 com.android.internal.telephony.ITelephonyRegistry$Stub.onTransact:550 android.os.Binder.execTransactInternal:1380 
05-27 03:35:02.180 W/ContextImpl( 3077): Calling a method in the system process without a qualified user: android.app.ContextImpl.sendBroadcastMultiplePermissions:1314 com.android.server.TelephonyRegistry.broadcastServiceStateChanged:3611 com.android.server.TelephonyRegistry.notifyServiceStateForPhoneId:1734 com.android.internal.telephony.ITelephonyRegistry$Stub.onTransact:550 android.os.Binder.execTransactInternal:1380 
05-27 03:35:02.180 W/ContextImpl( 3077): Calling a method in the system process without a qualified user: android.app.ContextImpl.sendBroadcastMultiplePermissions:1314 com.android.server.TelephonyRegistry.broadcastServiceStateChanged:3617 com.android.server.TelephonyRegistry.notifyServiceStateForPhoneId:1734 com.android.internal.telephony.ITelephonyRegistry$Stub.onTransact:550 android.os.Binder.execTransactInternal:1380 
05-27 03:35:02.741 D/PowerManagerService( 3077): nativeReleaseSuspendBlocker name:PowerManagerService.WakeLocks duration ms: 0
05-27 03:35:03.105 D/PowerManagerService( 3077): nativeAcquireSuspendBlocker name:PowerManagerService.WakeLocks duration ms: 0
05-27 03:35:03.307 D/PowerManagerService( 3077): nativeReleaseSuspendBlocker name:PowerManagerService.WakeLocks duration ms: 0
05-27 03:35:04.360 D/PowerManagerService( 3077): nativeAcquireSuspendBlocker name:PowerManagerService.WakeLocks duration ms: 2
05-27 03:35:04.388 D/PowerManagerService( 3077): nativeReleaseSuspendBlocker name:PowerManagerService.WakeLocks duration ms: 0
--------- beginning of main
05-27 03:35:07.780 E/PlayerController( 5526): Remote item: Chaand Baaliyan – Aditya A. | Trending Song | Official Video, id: 7c3-Gei5j4w, streamUri: null
05-27 03:35:07.780 E/PlayerController( 5526): streamUri is null or empty, fetching getStreamUrl...
05-27 03:35:07.787 D/NewPipeDownloader( 5526): Executing request: https://youtubei.googleapis.com/youtubei/v1/visitor_id?prettyPrint=false
05-27 03:35:07.978 D/StatusBarIconController( 7709): ignoring old pipeline callbacks, because the new mobile icons are enabled
05-27 03:35:08.001 E/minksocket( 1748): MinkIPC_QRTR_Service: client with node 1 port 7b33 went down
05-27 03:35:08.002 E/minksocket( 1748): MinkIPC_QRTR_Service: client with node 1 port 7b34 went down
05-27 03:35:08.002 E/minksocket( 1748): MinkIPC_QRTR_Service: client with node 1 port 7b35 went down
05-27 03:35:08.004 E/minksocket( 1748): MinkIPC_QRTR_Service: client with node 1 port 7b37 went down
05-27 03:35:08.005 E/minksocket( 1748): MinkIPC_QRTR_Service: client with node 1 port 7b38 went down
05-27 03:35:08.006 E/minksocket( 1748): MinkIPC_QRTR_Service: client with node 1 port 7b39 went down
05-27 03:35:08.011 D/NewPipeDownloader( 5526): Response Code: 200 for https://youtubei.googleapis.com/youtubei/v1/visitor_id?prettyPrint=false
05-27 03:35:08.017 D/NewPipeDownloader( 5526): Executing request: https://youtubei.googleapis.com/youtubei/v1/reel/reel_item_watch?prettyPrint=false&t=giLe43Wfxr3O&id=7c3-Gei5j4w&$fields=playerResponse
05-27 03:35:08.035 I/ThermalEngine(29098): ACTION: CPU - Setting CPU[7] to 9
05-27 03:35:08.253 D/NewPipeDownloader( 5526): Response Code: 200 for https://youtubei.googleapis.com/youtubei/v1/reel/reel_item_watch?prettyPrint=false&t=giLe43Wfxr3O&id=7c3-Gei5j4w&$fields=playerResponse
05-27 03:35:08.272 D/NewPipeDownloader( 5526): Executing request: https://www.youtube.com/youtubei/v1/visitor_id?prettyPrint=false
05-27 03:35:08.282 W/.musicpro.debug( 5526): userfaultfd: MOVE ioctl seems unsupported: Connection timed out
05-27 03:35:08.372 D/NewPipeDownloader( 5526): Response Code: 200 for https://www.youtube.com/youtubei/v1/visitor_id?prettyPrint=false
05-27 03:35:08.376 D/NewPipeDownloader( 5526): Executing request: https://www.youtube.com/youtubei/v1/player?prettyPrint=false&$fields=microformat,playabilityStatus,storyboards,videoDetails
05-27 03:35:08.563 D/NewPipeDownloader( 5526): Response Code: 200 for https://www.youtube.com/youtubei/v1/player?prettyPrint=false&$fields=microformat,playabilityStatus,storyboards,videoDetails
05-27 03:35:08.568 D/NewPipeDownloader( 5526): Executing request: https://www.youtube.com/youtubei/v1/next?prettyPrint=false
05-27 03:35:08.749 I/ThermalEngine(29098): ACTION: freeze_rule - Setting freeze_rule to 0
05-27 03:35:08.749 I/ThermalEngine(29098): Monitor:INACTIVE:FREEZE-CHG:freeze_rule=1:DETECT-STANDBY=0
05-27 03:35:08.750 I/ThermalEngine(29098): ACTION: override_c - Setting override_c to 0
05-27 03:35:08.750 I/ThermalEngine(29098): Monitor:INACTIVE:OVERRIDE-CHG:internal_override=1:DETECT-STANDBY=0
05-27 03:35:08.750 I/ThermalEngine(29098): Thermal-Server: Thermal received msg from  freezing
05-27 03:35:08.750 I/Thermal-Lib(29098): Thermal-Lib-Client: Client request sent
05-27 03:35:08.751 I/ThermalEngine(29098): Thermal-Server: Thermal received msg from  override_c
05-27 03:35:08.751 I/Thermal-Lib(29098): Thermal-Lib-Client: Client request sent
05-27 03:35:08.756 I/ThermalEngine(29098): Monitor:ACTIVE:MON-MSM-charge:battery=9:CHG-SENSORS=41786
05-27 03:35:08.809 E/minksocket( 1748): MinkIPC_QRTR_Service: client with node 1 port 7b3b went down
05-27 03:35:08.810 E/minksocket( 1748): MinkIPC_QRTR_Service: client with node 1 port 7b3c went down
05-27 03:35:08.811 E/minksocket( 1748): MinkIPC_QRTR_Service: client with node 1 port 7b3d went down
05-27 03:35:08.812 E/minksocket( 1748): MinkIPC_QRTR_Service: client with node 1 port 7b3e went down
05-27 03:35:08.982 D/PowerManagerService( 3077): nativeAcquireSuspendBlocker name:PowerManagerService.WakeLocks duration ms: 1
05-27 03:35:08.989 D/TelephonyManager( 4090): requestModemActivityInfo: Sending result to app: ModemActivityInfo{ mTimestamp=1655898137 mSleepTimeMs=1231241223 mIdleTimeMs=15043182 mActivityStatsTechSpecificInfo=[{mRat=UNKNOWN,mFrequencyRange=UNKNOWN,mTxTimeMs[]=[6844215, 5321980, 4920485, 3877924, 3986224],mRxTimeMs=384666094}]}
05-27 03:35:08.991 D/PowerManagerService( 3077): nativeReleaseSuspendBlocker name:PowerManagerService.WakeLocks duration ms: 0
05-27 03:35:09.267 D/MotoSxfService( 3077): unknown touch type
05-27 03:35:09.279 D/ActivityManager( 3077): freezing 31686 org.altruist.BajajExperia, reason = oom_cached
05-27 03:35:09.350 D/NewPipeDownloader( 5526): Response Code: 200 for https://www.youtube.com/youtubei/v1/next?prettyPrint=false
05-27 03:35:09.398 D/ActivityManager( 3077): freezing 25451 com.google.android.apps.photos, reason = oom_cached
05-27 03:35:09.400 D/ActivityManager( 3077): freezing 5367 com.motorola.camera3, reason = oom_cached
05-27 03:35:09.405 D/YoutubeDS( 5526): Video stream extraction for 7c3-Gei5j4w: DASH=false, HLS=false
05-27 03:35:09.405 W/YoutubeDS( 5526): getStreamUrl: No valid DASH/HLS URL found for 7c3-Gei5j4w. Falling back to audio stream.
05-27 03:35:09.405 E/PlayerController( 5526): First extraction fetched: StreamResult(url=https://rr1---sn-ci5gup-qxall.googlevideo.com/videoplayback?expire=1779854710&ei=FhkWatSDCLf6g8UPsuzJ-Ao&ip=2401%3A4900%3Aa068%3A1a85%3A5c53%3Ac8ff%3Afe55%3A1839&id=o-AHhT4Kxmzc1atj5tK9aS3mTTHn_Y60BnZh0gvOIwMZEX&itag=251&source=youtube&requiressl=yes&xpc=EgVo2aDSNQ%3D%3D&cps=636&met=1779833110%2C&mh=99&mm=31%2C26&mn=sn-ci5gup-qxall%2Csn-cvh76nes&ms=au%2Conr&mv=m&mvi=1&pl=44&rms=au%2Cau&initcwndbps=1166250&bui=AbKmrwoeHTlW8LzB5iynSpMPMOTSrUtKLu0hx9WzRNh5gKj6A_AZ5_PgYCgVGOTEqz0EEkmCB81Bt0eT&spc=96Xrv9x3Jb-fTvWLPom53mqMGkW3jnL04jePw8Wod10au92x_Jvl_WJ-5imJb-nS&vprv=1&svpuc=1&mime=audio%2Fwebm&rqh=1&gir=yes&clen=2046844&dur=121.521&lmt=1754048026479896&mt=1779832629&fvip=5&keepalive=yes&fexp=51565115%2C51565681&c=ANDROID&txp=4532534&sparams=expire%2Cei%2Cip%2Cid%2Citag%2Csource%2Crequiressl%2Cxpc%2Cbui%2Cspc%2Cvprv%2Csvpuc%2Cmime%2Crqh%2Cgir%2Cclen%2Cdur%2Clmt&sig=AHEqNM4wRQIhAOFGBtBVqJe0cV-iIuFbIDZ1FC_yx-Od3tqEhFbyUX0fAiBwlPAFi4gtbrivBOnzm8mJjaKX2ydvCC8rv06k1spnkA%3D%3D&lsparams=cps%2Cmet%2Cmh%2Cmm%2Cmn%2Cms%2Cmv%2Cmvi%2Cpl%2Crms%2Cinitcwndbps&lsig=APaTxxMwRAIgRtQg2PJ8RfOzvIrqItWKTsfrBC6y7k39TgqVUGwWo_QCIG_UPLvWcIrIeGH4TZACq7yGx5y6qeO-l_MFvh9s74Qb&cpn=GKOvTCnlxPfPS5sG, isVideo=false)
05-27 03:35:09.645 W/ProcessStats( 3077): Tracking association SourceState{a9e3457 com.google.android.gms.persistent/10192 BTop #2602048} whose proc state 2 is better than process ProcessState{8ed82b5 com.google.android.gms/10192 pkg=com.google.android.gms} proc state 14 (969 skipped)
05-27 03:35:09.651 D/BoundBrokerSvc( 3606): onBind: Intent { act=com.google.android.gms.potokens.service.START dat=chimera-action:/... cmp=com.google.android.gms/.chimera.GmsApiService }
05-27 03:35:09.651 D/BoundBrokerSvc( 3606): Loading bound service for intent: Intent { act=com.google.android.gms.potokens.service.START dat=chimera-action:/... cmp=com.google.android.gms/.chimera.GmsApiService }
05-27 03:35:09.660 W/PhBaseOp(26027): Phenotype API error. Event: # jehw@6a1ff97e, EventCode: COMMIT_CONFIG [CONTEXT service_id=51 ]
05-27 03:35:09.660 W/PhBaseOp(26027): eznn: 29547: Stale snapshot for com.google.android.gms.potokens(new configuration available)
05-27 03:35:09.660 W/PhBaseOp(26027): 	at ezpq.d(:com.google.android.gms@261833029@26.18.33 (190400-913931251):443)
05-27 03:35:09.660 W/PhBaseOp(26027): 	at ezpq.b(:com.google.android.gms@261833029@26.18.33 (190400-913931251):44)
05-27 03:35:09.660 W/PhBaseOp(26027): 	at ezpp.i(:com.google.android.gms@261833029@26.18.33 (190400-913931251):3)
05-27 03:35:09.660 W/PhBaseOp(26027): 	at ezpl.h(:com.google.android.gms@261833029@26.18.33 (190400-913931251):34)
05-27 03:35:09.660 W/PhBaseOp(26027): 	at ezpl.f(:com.google.android.gms@261833029@26.18.33 (190400-913931251):16)
05-27 03:35:09.660 W/PhBaseOp(26027): 	at cwnx.fD(:com.google.android.gms@261833029@26.18.33 (190400-913931251):1)
05-27 03:35:09.660 W/PhBaseOp(26027): 	at cwoi.run(:com.google.android.gms@261833029@26.18.33 (190400-913931251):121)
05-27 03:35:09.660 W/PhBaseOp(26027): 	at haww.run(:com.google.android.gms@261833029@26.18.33 (190400-913931251):23)
05-27 03:35:09.660 W/PhBaseOp(26027): 	at bjix.c(:com.google.android.gms@261833029@26.18.33 (190400-913931251):50)
05-27 03:35:09.660 W/PhBaseOp(26027): 	at bjix.run(:com.google.android.gms@261833029@26.18.33 (190400-913931251):66)
05-27 03:35:09.660 W/PhBaseOp(26027): 	at java.util.concurrent.ThreadPoolExecutor.runWorker(ThreadPoolExecutor.java:1154)
05-27 03:35:09.660 W/PhBaseOp(26027): 	at java.util.concurrent.ThreadPoolExecutor$Worker.run(ThreadPoolExecutor.java:652)
05-27 03:35:09.660 W/PhBaseOp(26027): 	at bjoo.run(:com.google.android.gms@261833029@26.18.33 (190400-913931251):8)
05-27 03:35:09.660 W/PhBaseOp(26027): 	at java.lang.Thread.run(Thread.java:1564)
05-27 03:35:09.661 W/AsyncOperation(26027): operation=CommitToConfigurationOperationCall, opStatusCode=29547 [CONTEXT service_id=51 ]
05-27 03:35:09.661 W/AsyncOperation(26027): OperationException[Status{statusCode=Stale snapshot for com.google.android.gms.potokens(new configuration available), resolution=null}]
05-27 03:35:09.661 W/AsyncOperation(26027): 	at ezpl.h(:com.google.android.gms@261833029@26.18.33 (190400-913931251):64)
05-27 03:35:09.661 W/AsyncOperation(26027): 	at ezpl.f(:com.google.android.gms@261833029@26.18.33 (190400-913931251):16)
05-27 03:35:09.661 W/AsyncOperation(26027): 	at cwnx.fD(:com.google.android.gms@261833029@26.18.33 (190400-913931251):1)
05-27 03:35:09.661 W/AsyncOperation(26027): 	at cwoi.run(:com.google.android.gms@261833029@26.18.33 (190400-913931251):121)
05-27 03:35:09.661 W/AsyncOperation(26027): 	at haww.run(:com.google.android.gms@261833029@26.18.33 (190400-913931251):23)
05-27 03:35:09.661 W/AsyncOperation(26027): 	at bjix.c(:com.google.android.gms@261833029@26.18.33 (190400-913931251):50)
05-27 03:35:09.661 W/AsyncOperation(26027): 	at bjix.run(:com.google.android.gms@261833029@26.18.33 (190400-913931251):66)
05-27 03:35:09.661 W/AsyncOperation(26027): 	at java.util.concurrent.ThreadPoolExecutor.runWorker(ThreadPoolExecutor.java:1154)
05-27 03:35:09.661 W/AsyncOperation(26027): 	at java.util.concurrent.ThreadPoolExecutor$Worker.run(ThreadPoolExecutor.java:652)
05-27 03:35:09.661 W/AsyncOperation(26027): 	at bjoo.run(:com.google.android.gms@261833029@26.18.33 (190400-913931251):8)
05-27 03:35:09.661 W/AsyncOperation(26027): 	at java.lang.Thread.run(Thread.java:1564)
05-27 03:35:09.710 D/BoundBrokerSvc(26027): onRebind: Intent { act=com.google.android.gms.common.telemetry.service.START dat=chimera-action:/... cmp=com.google.android.gms/.chimera.PersistentApiService }
05-27 03:35:09.741 E/KeymasterUtils( 1268): rsp_header->status: -28
05-27 03:35:09.741 E/KeyMasterHalDevice( 1268): abort_operation
05-27 03:35:09.741 E/KeyMasterHalDevice( 1268): ret: -28
05-27 03:35:09.750 I/ThermalEngine(29098): Monitor:ACTIVE:FREEZE-CHG:freeze_rule=1:DETECT-STANDBY=1
05-27 03:35:09.750 I/ThermalEngine(29098): ACTION: freeze_rule - Setting freeze_rule to 1
05-27 03:35:09.750 I/ThermalEngine(29098): Monitor:ACTIVE:OVERRIDE-CHG:internal_override=1:DETECT-STANDBY=1
05-27 03:35:09.750 I/ThermalEngine(29098): ACTION: override_c - Setting override_c to 1
05-27 03:35:09.750 I/Thermal-Lib(29098): Thermal-Lib-Client: Client request sent
05-27 03:35:09.751 I/Thermal-Lib(29098): Thermal-Lib-Client: Client request sent
05-27 03:35:09.751 I/ThermalEngine(29098): Thermal-Server: Thermal received msg from  freezing
05-27 03:35:09.753 I/ThermalEngine(29098): Thermal-Server: Thermal received msg from  override_c
05-27 03:35:09.753 E/KeymasterUtils( 1268): rsp_header->status: -28
05-27 03:35:09.753 E/KeyMasterHalDevice( 1268): abort_operation
05-27 03:35:09.753 E/KeyMasterHalDevice( 1268): ret: -28
05-27 03:35:09.759 W/gle.android.gms( 3606): ApkAssets: Deleting an ApkAssets object '<empty> and /data/app/~~EElsuZYTYtmqNqAf0KK3qg==/com.deepeye.musicpro.debug--rXk12bTiI3F5BXfkPtmtQ==/base.apk' with 1 weak references
05-27 03:35:09.762 D/StrictMode( 3606): StrictMode policy violation: android.os.strictmode.LeakedClosableViolation: A resource was acquired at attached stack trace but never released. See java.io.Closeable for information on avoiding resource leaks.
05-27 03:35:09.762 D/StrictMode( 3606): 	at android.os.StrictMode$AndroidCloseGuardReporter.report(StrictMode.java:2011)
05-27 03:35:09.762 D/StrictMode( 3606): 	at dalvik.system.CloseGuard.warnIfOpen(CloseGuard.java:349)
05-27 03:35:09.762 D/StrictMode( 3606): 	at java.io.FileInputStream.finalize(FileInputStream.java:662)
05-27 03:35:09.762 D/StrictMode( 3606): 	at java.lang.Daemons$FinalizerDaemon.doFinalize(Daemons.java:389)
05-27 03:35:09.762 D/StrictMode( 3606): 	at java.lang.Daemons$FinalizerDaemon.processReference(Daemons.java:369)
05-27 03:35:09.762 D/StrictMode( 3606): 	at java.lang.Daemons$FinalizerDaemon.runInternal(Daemons.java:341)
05-27 03:35:09.762 D/StrictMode( 3606): 	at java.lang.Daemons$Daemon.run(Daemons.java:135)
05-27 03:35:09.762 D/StrictMode( 3606): 	at java.lang.Thread.run(Thread.java:1564)
05-27 03:35:09.762 D/StrictMode( 3606): Caused by: dalvik.system.CloseGuard$CloseGuardException: Explicit termination method 'close' not called
05-27 03:35:09.762 D/StrictMode( 3606): 	at dalvik.system.CloseGuard.openWithCallSite(CloseGuard.java:287)
05-27 03:35:09.762 D/StrictMode( 3606): 	at dalvik.system.CloseGuard.open(CloseGuard.java:257)
05-27 03:35:09.762 D/StrictMode( 3606): 	at java.io.FileInputStream.<init>(FileInputStream.java:195)
05-27 03:35:09.762 D/StrictMode( 3606): 	at android.app.ContextImpl.openFileInput(ContextImpl.java:751)
05-27 03:35:09.762 D/StrictMode( 3606): 	at android.content.ContextWrapper.openFileInput(ContextWrapper.java:249)
05-27 03:35:09.762 D/StrictMode( 3606): 	at android.content.ContextWrapper.openFileInput(ContextWrapper.java:249)
05-27 03:35:09.762 D/StrictMode( 3606): 	at android.content.ContextWrapper.openFileInput(ContextWrapper.java:249)
05-27 03:35:09.762 D/StrictMode( 3606): 	at cgrc.d(:com.google.android.gms@261833029@26.18.33 (190400-913931251):28)
05-27 03:35:09.762 D/StrictMode( 3606): 	at hmrk.m(:com.google.android.gms@261833029@26.18.33 (190400-913931251):19)
05-27 03:35:09.762 D/StrictMode( 3606): 	at hmrk.a(:com.google.android.gms@261833029@26.18.33 (190400-913931251):22)
05-27 03:35:09.762 D/StrictMode( 3606): 	at hmqz.a(:com.google.android.gms@261833029@26.18.33 (190400-913931251):20)
05-27 03:35:09.762 D/StrictMode( 3606): 	at bhpv.g(:com.google.android.gms@261833029@26.18.33 (190400-913931251):7)
05-27 03:35:09.762 D/StrictMode( 3606): 	at bhsm.s(:com.google.android.gms@261833029@26.18.33 (190400-913931251):10)
05-27 03:35:09.762 D/StrictMode( 3606): 	at bhsm.u(:com.google.android.gms@261833029@26.18.33 (190400-913931251):29)
05-27 03:35:09.762 D/StrictMode( 3606): 	at bhsm.c(:com.google.android.gms@261833029@26.18.33 (190400-913931251):23)
05-27 03:35:09.762 D/StrictMode( 3606): 	at bhsq.handleMessage(:com.google.android.gms@261833029@26.18.33 (190400-913931251):845)
05-27 03:35:09.762 D/StrictMode( 3606): 	at android.os.Handler.dispatchMessage(Handler.java:107)
05-27 03:35:09.762 D/StrictMode( 3606): 	at cyek.mP(:com.google.android.gms@261833029@26.18.33 (190400-913931251):1)
05-27 03:35:09.762 D/StrictMode( 3606): 	at cyek.dispatchMessage(:com.google.android.gms@261833029@26.18.33 (190400-913931251):148)
05-27 03:35:09.762 D/StrictMode( 3606): 	at android.os.Looper.loopOnce(Looper.java:242)
05-27 03:35:09.762 D/StrictMode( 3606): 	at android.os.Looper.loop(Looper.java:362)
05-27 03:35:09.762 D/StrictMode( 3606): 	at android.os.HandlerThread.run(HandlerThread.java:85)
05-27 03:35:09.763 W/GmsStrictMode( 3606): LEAKED_CLOSABLE [CONTEXT service_id=256 ]
05-27 03:35:09.763 W/GmsStrictMode( 3606): haxj: 
05-27 03:35:09.763 W/GmsStrictMode( 3606): Caused by: android.os.strictmode.LeakedClosableViolation: A resource was acquired at attached stack trace but never released. See java.io.Closeable for information on avoiding resource leaks.
05-27 03:35:09.763 W/GmsStrictMode( 3606): 	at android.os.StrictMode$AndroidCloseGuardReporter.report(StrictMode.java:2011)
05-27 03:35:09.763 W/GmsStrictMode( 3606): 	at dalvik.system.CloseGuard.warnIfOpen(CloseGuard.java:349)
05-27 03:35:09.763 W/GmsStrictMode( 3606): 	at java.io.FileInputStream.finalize(FileInputStream.java:662)
05-27 03:35:09.763 W/GmsStrictMode( 3606): 	at java.lang.Daemons$FinalizerDaemon.doFinalize(Daemons.java:389)
05-27 03:35:09.763 W/GmsStrictMode( 3606): 	at java.lang.Daemons$FinalizerDaemon.processReference(Daemons.java:369)
05-27 03:35:09.763 W/GmsStrictMode( 3606): 	at java.lang.Daemons$FinalizerDaemon.runInternal(Daemons.java:341)
05-27 03:35:09.763 W/GmsStrictMode( 3606): 	at java.lang.Daemons$Daemon.run(Daemons.java:135)
05-27 03:35:09.763 W/GmsStrictMode( 3606): 	at java.lang.Thread.run(Thread.java:1564)
05-27 03:35:09.763 W/GmsStrictMode( 3606): Caused by: dalvik.system.CloseGuard$CloseGuardException: Explicit termination method 'close' not called
05-27 03:35:09.763 W/GmsStrictMode( 3606): 	at dalvik.system.CloseGuard.openWithCallSite(CloseGuard.java:287)
05-27 03:35:09.763 W/GmsStrictMode( 3606): 	at dalvik.system.CloseGuard.open(CloseGuard.java:257)
05-27 03:35:09.763 W/GmsStrictMode( 3606): 	at java.io.FileInputStream.<init>(FileInputStream.java:195)
05-27 03:35:09.763 W/GmsStrictMode( 3606): 	at android.app.ContextImpl.openFileInput(ContextImpl.java:751)
05-27 03:35:09.763 W/GmsStrictMode( 3606): 	at android.content.ContextWrapper.openFileInput(ContextWrapper.java:249)
05-27 03:35:09.763 W/GmsStrictMode( 3606): 	at android.content.ContextWrapper.openFileInput(ContextWrapper.java:249)
05-27 03:35:09.763 W/GmsStrictMode( 3606): 	at android.content.ContextWrapper.openFileInput(ContextWrapper.java:249)
05-27 03:35:09.763 W/GmsStrictMode( 3606): 	at cgrc.d(:com.google.android.gms@261833029@26.18.33 (190400-913931251):28)
05-27 03:35:09.763 W/GmsStrictMode( 3606): 	at hmrk.m(:com.google.android.gms@261833029@26.18.33 (190400-913931251):19)
