05-27 03:35:09.763 W/GmsStrictMode( 3606): 	at hmrk.a(:com.google.android.gms@261833029@26.18.33 (190400-913931251):22)
05-27 03:35:09.763 W/GmsStrictMode( 3606): 	at hmqz.a(:com.google.android.gms@261833029@26.18.33 (190400-913931251):20)
05-27 03:35:09.763 W/GmsStrictMode( 3606): 	at bhpv.g(:com.google.android.gms@261833029@26.18.33 (190400-913931251):7)
05-27 03:35:09.763 W/GmsStrictMode( 3606): 	at bhsm.s(:com.google.android.gms@261833029@26.18.33 (190400-913931251):10)
05-27 03:35:09.763 W/GmsStrictMode( 3606): 	at bhsm.u(:com.google.android.gms@261833029@26.18.33 (190400-913931251):29)
05-27 03:35:09.763 W/GmsStrictMode( 3606): 	at bhsm.c(:com.google.android.gms@261833029@26.18.33 (190400-913931251):23)
05-27 03:35:09.763 W/GmsStrictMode( 3606): 	at bhsq.handleMessage(:com.google.android.gms@261833029@26.18.33 (190400-913931251):845)
05-27 03:35:09.763 W/GmsStrictMode( 3606): 	at android.os.Handler.dispatchMessage(Handler.java:107)
05-27 03:35:09.763 W/GmsStrictMode( 3606): 	at cyek.mP(:com.google.android.gms@261833029@26.18.33 (190400-913931251):1)
05-27 03:35:09.763 W/GmsStrictMode( 3606): 	at cyek.dispatchMessage(:com.google.android.gms@261833029@26.18.33 (190400-913931251):148)
05-27 03:35:09.763 W/GmsStrictMode( 3606): 	at android.os.Looper.loopOnce(Looper.java:242)
05-27 03:35:09.763 W/GmsStrictMode( 3606): 	at android.os.Looper.loop(Looper.java:362)
05-27 03:35:09.763 W/GmsStrictMode( 3606): 	at android.os.HandlerThread.run(HandlerThread.java:85)
05-27 03:35:09.765 E/KeymasterUtils( 1268): rsp_header->status: -28
05-27 03:35:09.765 E/KeyMasterHalDevice( 1268): abort_operation
05-27 03:35:09.765 E/KeyMasterHalDevice( 1268): ret: -28
05-27 03:35:09.925 E/minksocket( 1748): MinkIPC_QRTR_Service: client with node 1 port 7b3f went down
05-27 03:35:09.925 E/minksocket( 1748): MinkIPC_QRTR_Service: client with node 1 port 7b40 went down
05-27 03:35:09.926 E/minksocket( 1748): MinkIPC_QRTR_Service: client with node 1 port 7b41 went down
05-27 03:35:09.927 E/minksocket( 1748): MinkIPC_QRTR_Service: client with node 1 port 7b42 went down
05-27 03:35:10.052 D/PowerManagerService( 3077): nativeAcquireSuspendBlocker name:PowerManagerService.WakeLocks duration ms: 1
05-27 03:35:10.059 D/PowerManagerService( 3077): nativeReleaseSuspendBlocker name:PowerManagerService.WakeLocks duration ms: 0
05-27 03:35:10.066 D/PowerManagerService( 3077): nativeAcquireSuspendBlocker name:PowerManagerService.WakeLocks duration ms: 1
05-27 03:35:10.106 I/NetworkScheduler.Stats(26027): (REDACTED) Task %s/%s started execution. cause:%s exec_start_elapsed_seconds: %s
05-27 03:35:10.109 I/PlayGamesServices[GamesSyncAdapter]( 3606): Starting sync for 2d1042dc
05-27 03:35:10.110 D/CompatibilityChangeReporter( 3077): Compat change id reported: 201794303; UID 10192; state: ENABLED
05-27 03:35:10.110 D/CompatibilityChangeReporter( 3077): Compat change id reported: 207133734; UID 10192; state: ENABLED
05-27 03:35:10.111 I/PlayGamesServices[GamesSyncAdapter]( 3606): Sync duration for 2d1042dc: 1
05-27 03:35:10.116 I/NetworkScheduler.Stats(26027): (REDACTED) Task %s/%s started execution. cause:%s exec_start_elapsed_seconds: %s
05-27 03:35:10.118 I/PlayGamesServices[GamesSyncAdapter]( 3606): Starting sync for 4f702f45
05-27 03:35:10.120 I/PlayGamesServices[GamesSyncAdapter]( 3606): Sync duration for 4f702f45: 1
05-27 03:35:10.129 W/PlayGamesServices[DataBroker]( 3606): No player ID found when refreshing
05-27 03:35:10.129 W/PlayGamesServices[DataBroker]( 3606): No player ID found when refreshing
05-27 03:35:10.130 W/PlayGamesServices[DataBroker]( 3606): No player ID found when refreshing
05-27 03:35:10.130 W/PlayGamesServices[DataBroker]( 3606): No player ID found when refreshing
05-27 03:35:10.130 W/PlayGamesServices[DataBroker]( 3606): No player ID found when refreshing
05-27 03:35:10.130 W/PlayGamesServices[DataBroker]( 3606): No player ID found when refreshing
05-27 03:35:10.131 W/PlayGamesServices[UiUtils]( 3606): AppVersion: Cannot find the installed destination app.
05-27 03:35:10.132 W/PlayGamesServices[UiUtils]( 3606): AppVersionName: Cannot find the installed destination app.
05-27 03:35:10.132 D/PowerManagerService( 3077): nativeReleaseSuspendBlocker name:PowerManagerService.WakeLocks duration ms: 0
05-27 03:35:10.133 D/PowerManagerService( 3077): nativeAcquireSuspendBlocker name:PowerManagerService.WakeLocks duration ms: 0
05-27 03:35:10.134 I/NetworkScheduler.Stats(26027): (REDACTED) Task %s/%s finished executing. cause:%s result: %s elapsed_millis: %s uptime_millis: %s exec_start_elapsed_seconds: %s
05-27 03:35:10.135 W/PlayGamesServices[UiUtils]( 3606): AppVersion: Cannot find the installed destination app.
05-27 03:35:10.135 W/PlayGamesServices[UiUtils]( 3606): AppVersionName: Cannot find the installed destination app.
05-27 03:35:10.137 D/PowerManagerService( 3077): nativeReleaseSuspendBlocker name:PowerManagerService.WakeLocks duration ms: 0
05-27 03:35:10.137 D/PowerManagerService( 3077): nativeAcquireSuspendBlocker name:PowerManagerService.WakeLocks duration ms: 1
05-27 03:35:10.138 I/NetworkScheduler.Stats(26027): (REDACTED) Task %s/%s finished executing. cause:%s result: %s elapsed_millis: %s uptime_millis: %s exec_start_elapsed_seconds: %s
05-27 03:35:10.160 I/NetworkScheduler.Stats(26027): (REDACTED) Task %s/%s started execution. cause:%s exec_start_elapsed_seconds: %s
05-27 03:35:10.161 I/PlayGamesServices[GamesSyncAdapter]( 3606): Starting sync for 9b385bb2
05-27 03:35:10.162 I/PlayGamesServices[GamesSyncAdapter]( 3606): Sync duration for 9b385bb2: 0
05-27 03:35:10.172 W/PlayGamesServices[DataBroker]( 3606): No player ID found when refreshing
05-27 03:35:10.172 W/PlayGamesServices[DataBroker]( 3606): No player ID found when refreshing
05-27 03:35:10.172 W/PlayGamesServices[DataBroker]( 3606): No player ID found when refreshing
05-27 03:35:10.174 W/PlayGamesServices[UiUtils]( 3606): AppVersion: Cannot find the installed destination app.
05-27 03:35:10.174 W/PlayGamesServices[UiUtils]( 3606): AppVersionName: Cannot find the installed destination app.
05-27 03:35:10.179 I/NetworkScheduler.Stats(26027): (REDACTED) Task %s/%s started execution. cause:%s exec_start_elapsed_seconds: %s
05-27 03:35:10.181 I/PlayGamesServices[GamesSyncAdapter]( 3606): Starting sync for 439b5d2c
05-27 03:35:10.181 I/NetworkScheduler.Stats(26027): (REDACTED) Task %s/%s finished executing. cause:%s result: %s elapsed_millis: %s uptime_millis: %s exec_start_elapsed_seconds: %s
05-27 03:35:10.182 I/PlayGamesServices[GamesSyncAdapter]( 3606): Sync duration for 439b5d2c: 1
05-27 03:35:10.191 W/PlayGamesServices[DataBroker]( 3606): No player ID found when refreshing
05-27 03:35:10.191 W/PlayGamesServices[DataBroker]( 3606): No player ID found when refreshing
05-27 03:35:10.192 W/PlayGamesServices[DataBroker]( 3606): No player ID found when refreshing
05-27 03:35:10.193 W/PlayGamesServices[UiUtils]( 3606): AppVersion: Cannot find the installed destination app.
05-27 03:35:10.193 W/PlayGamesServices[UiUtils]( 3606): AppVersionName: Cannot find the installed destination app.
05-27 03:35:10.201 I/NetworkScheduler.Stats(26027): (REDACTED) Task %s/%s started execution. cause:%s exec_start_elapsed_seconds: %s
05-27 03:35:10.202 I/PlayGamesServices[GamesSyncAdapter]( 3606): Starting sync for 3c228fd5
05-27 03:35:10.204 I/NetworkScheduler.Stats(26027): (REDACTED) Task %s/%s finished executing. cause:%s result: %s elapsed_millis: %s uptime_millis: %s exec_start_elapsed_seconds: %s
05-27 03:35:10.206 I/PlayGamesServices[GamesSyncAdapter]( 3606): Sync duration for 3c228fd5: 2
05-27 03:35:10.213 I/om.dti.motorola(24482): Background young concurrent mark compact GC freed 45MB AllocSpace bytes, 82(11MB) LOS objects, 74% free, 20MB/78MB, paused 693us,3.001ms total 153.459ms
05-27 03:35:10.213 W/om.dti.motorola(24482): Reducing the number of considered missed Gc histogram windows from 108 to 100
05-27 03:35:10.216 W/PlayGamesServices[DataBroker]( 3606): No player ID found when refreshing
05-27 03:35:10.216 W/PlayGamesServices[DataBroker]( 3606): No player ID found when refreshing
05-27 03:35:10.217 W/PlayGamesServices[DataBroker]( 3606): No player ID found when refreshing
05-27 03:35:10.218 W/PlayGamesServices[UiUtils]( 3606): AppVersion: Cannot find the installed destination app.
05-27 03:35:10.218 W/PlayGamesServices[UiUtils]( 3606): AppVersionName: Cannot find the installed destination app.
05-27 03:35:10.218 D/PowerManagerService( 3077): nativeReleaseSuspendBlocker name:PowerManagerService.WakeLocks duration ms: 0
05-27 03:35:10.219 D/PowerManagerService( 3077): nativeAcquireSuspendBlocker name:PowerManagerService.WakeLocks duration ms: 1
05-27 03:35:10.220 I/NetworkScheduler.Stats(26027): (REDACTED) Task %s/%s finished executing. cause:%s result: %s elapsed_millis: %s uptime_millis: %s exec_start_elapsed_seconds: %s
05-27 03:35:10.222 D/PowerManagerService( 3077): nativeReleaseSuspendBlocker name:PowerManagerService.WakeLocks duration ms: 0
05-27 03:35:10.223 D/PowerManagerService( 3077): nativeAcquireSuspendBlocker name:PowerManagerService.WakeLocks duration ms: 0
05-27 03:35:10.225 D/PowerManagerService( 3077): nativeReleaseSuspendBlocker name:PowerManagerService.WakeLocks duration ms: 0
05-27 03:35:10.751 I/ThermalEngine(29098): ACTION: freeze_rule - Setting freeze_rule to 0
05-27 03:35:10.752 I/ThermalEngine(29098): Monitor:INACTIVE:FREEZE-CHG:freeze_rule=1:DETECT-STANDBY=0
05-27 03:35:10.752 I/ThermalEngine(29098): ACTION: override_c - Setting override_c to 0
05-27 03:35:10.752 I/ThermalEngine(29098): Monitor:INACTIVE:OVERRIDE-CHG:internal_override=1:DETECT-STANDBY=0
05-27 03:35:10.753 I/ThermalEngine(29098): Thermal-Server: Thermal received msg from  freezing
05-27 03:35:10.753 I/Thermal-Lib(29098): Thermal-Lib-Client: Client request sent
05-27 03:35:10.753 I/ThermalEngine(29098): Thermal-Server: Thermal received msg from  override_c
05-27 03:35:10.753 I/Thermal-Lib(29098): Thermal-Lib-Client: Client request sent
05-27 03:35:10.754 I/ThermalEngine(29098): Monitor:ACTIVE:MON-MSM-charge:battery=9:CHG-SENSORS=41786
05-27 03:35:10.882 D/SponsorBlock( 5526): Found 1 segments for 7c3-Gei5j4w
05-27 03:35:10.894 I/MediaFocusControl( 3077): requestAudioFocus() from uid/pid 10521/5526 AA=USAGE_MEDIA/CONTENT_TYPE_MUSIC clientId=android.media.AudioManager@d66067eandroidx.media3.exoplayer.AudioFocusManager$AudioFocusListener@ddf57df callingPack=com.deepeye.musicpro.debug req=1 flags=0x0 sdk=34
05-27 03:35:10.895 D/MediaFocusControl( 3077): mMultiAudioFocusEnabled: false, aa.mContentType: 2, aa.mUsage: 1, aa.mFlags: 0, callingPackageName: com.deepeye.musicpro.debug, isDesktopOrMobileUiConnected: false
05-27 03:35:10.895 I/AudioService.FadeOutManager( 3077): unfadeOutUid() uid:10521
05-27 03:35:10.896 D/PowerManagerService( 3077): nativeAcquireSuspendBlocker name:PowerManagerService.WakeLocks duration ms: 1
05-27 03:35:10.897 D/AudioAnalytics( 2360): gc(1700, 2000): log size:1700 item map size:90, item map items:1700
05-27 03:35:10.900 I/WifiService( 3077): acquireWifiLock uid=10521 lockMode=3 packageName=com.deepeye.musicpro.debug
05-27 03:35:10.911 D/MusicPlayerService( 5526): onCreate: Initializing MusicPlayerService
05-27 03:35:10.916 I/MediaSessionImpl( 5526): Init f663d7 [AndroidXMedia3/1.5.1] [hiphi, motorola edge 30 pro, motorola, 34]
05-27 03:35:10.923 W/MediaSessionCompat( 5526): Couldn't find a unique registered media button receiver in the given context.
05-27 03:35:10.924 I/MediaSessionStack( 3077): addSession to bottom of stack | record: com.deepeye.musicpro.debug/androidx.media3.session.id. (userId=0)
05-27 03:35:10.924 D/MediaSessionService( 3077): Media button session is changed to com.deepeye.musicpro.debug/androidx.media3.session.id. (userId=0)
05-27 03:35:10.926 D/HeadsetService( 3992): getHeadsetService(): returning com.android.bluetooth.hfp.HeadsetService@9390a13
05-27 03:35:10.927 E/HeadsetStateMachine( 3992): returning mCurrentState as Disconnected
05-27 03:35:10.927 E/HeadsetStateMachine( 3992): returning mCurrentState as Disconnected
05-27 03:35:10.927 D/HeadsetService( 3992):  isAudioOn: The number of audio connected devices 0
05-27 03:35:10.927 D/HeadsetService( 3992): isScoOrCallActive(): Call Active:falseCall is Ringing:falseSCO is Active:false
05-27 03:35:10.927 E/HeadsetStateMachine( 3992): returning mCurrentState as Disconnected
05-27 03:35:10.927 E/HeadsetStateMachine( 3992): returning mCurrentState as Disconnected
05-27 03:35:10.927 D/HeadsetService( 3992):  isAudioOn: The number of audio connected devices 0
05-27 03:35:10.927 D/MotoMediaSessionUtils( 7709): onActiveSessionsChanged - controllers size: 2 mActiveControllers size: 1
05-27 03:35:10.927 D/Avrcp_ext( 3992): onMediaKeyEventSessionChanged: player = MediaPlayerInfo com.deepeye.musicpro.debug (as 'DeepEye Music Pro') Type = 1, SubType = 0, Status = 1 Feature Bits [40 41 42 44 45 47 48 58] Controller: null, id = 17, updateController = true
05-27 03:35:10.927 W/Avrcp_ext( 3992): onMediaKeyEventSessionChanged(Token): Addressed Player changed to a player we didn't have a session for
05-27 03:35:10.927 W/Avrcp_ext( 3992): playState object null, sending STOPPED
05-27 03:35:10.929 V/Avrcp_ext( 3992): ActiveSession: MediaController (com.google.android.youtube@45e4f89) The UFO Files | What was America SECRETLY Hiding For 89 Years? | Dhruv Rathee, Dhruv Rathee, Dhruv Rathee
05-27 03:35:10.929 V/Avrcp_ext( 3992): isBrowseSupported for com.google.android.youtube: false
05-27 03:35:10.930 D/MotoMediaSessionUtils( 7709): Final controllers count: 1
05-27 03:35:10.930 D/MotoMediaSessionUtils( 7709): onActiveSessionsChanged - controllers size: 2 mActiveControllers size: 1
05-27 03:35:10.930 D/Avrcp_ext( 3992): Adding media player info for com.google.android.youtube with id 3
05-27 03:35:10.931 D/Avrcp_ext( 3992): update #3:MediaPlayerInfo com.google.android.youtube (as 'YouTube') Type = 1, SubType = 0, Status = 2 Feature Bits [40 41 42 44 45 47 48 58] Controller: MediaController (com.google.android.youtube@45e4f89) The UFO Files | What was America SECRETLY Hiding For 89 Years? | Dhruv Rathee, Dhruv Rathee, Dhruv Rathee
05-27 03:35:10.931 V/Avrcp_ext( 3992): updateNewIds: Addressed:3 to 3, Browse:-1 to -1
05-27 03:35:10.932 D/MotoMediaSessionUtils( 7709): Final controllers count: 1
05-27 03:35:10.935 D/Avrcp_ext( 3992): updateCurrentController: MediaController (com.google.android.youtube@35c8dcf) The UFO Files | What was America SECRETLY Hiding For 89 Years? | Dhruv Rathee, Dhruv Rathee, Dhruv Rathee to MediaController (com.google.android.youtube@45e4f89) The UFO Files | What was America SECRETLY Hiding For 89 Years? | Dhruv Rathee, Dhruv Rathee, Dhruv Rathee
05-27 03:35:10.937 V/Avrcp_ext( 3992): updateCurrentMediaState: mMediaController: MediaController (com.google.android.youtube@45e4f89) The UFO Files | What was America SECRETLY Hiding For 89 Years? | Dhruv Rathee, Dhruv Rathee, Dhruv Rathee
05-27 03:35:10.937 W/Avrcp_ext( 3992): isMusicActive: false getBluetoothPlayState: 2 A2dp State: 11 mAudioPlaybackIsActive: false
05-27 03:35:10.937 D/Avrcp_ext( 3992): isMusicActive = false mAudioPlaybackIsActive = false player state = PlaybackState {state=PAUSED(2), position=89537, buffered position=0, speed=1.0, updated=1626108012, actions=8615, custom actions=[], active item id=-1, error=null}
05-27 03:35:10.938 D/Avrcp_ext( 3992): overwrite album_artist :Dhruv Ratheeif album is blank
05-27 03:35:10.940 V/Avrcp_ext( 3992): Media update: id -1➡-1? [MediaAttributes: T⋯e - D⋯e by D⋯e (1350000 0/0) - ] : [MediaAttributes: T⋯e - D⋯e by D⋯e (1350000 0/0) - ]
05-27 03:35:10.941 D/Avrcp_ext( 3992): isPackageNameValid: browsedPackage = com.google.android.youtubeisValid = true
05-27 03:35:10.941 V/Avrcp_ext( 3992): isBrowseSupported for com.google.android.youtube: false
05-27 03:35:10.941 W/Avrcp_ext( 3992): updateCurrentMediaState: isInactivePlayer = false
05-27 03:35:10.941 V/Avrcp_ext( 3992): updatePlaybackState, state: PlaybackState {state=PAUSED(2), position=89537, buffered position=0, speed=1.0, updated=1626108012, actions=8615, custom actions=[], active item id=-1, error=null} device: null
05-27 03:35:10.941 V/Avrcp_ext( 3992): Device: no name: 
05-27 03:35:10.941 V/Avrcp_ext( 3992): Device: no name: 
05-27 03:35:10.941 V/Avrcp_ext( 3992): Device: no name: 
05-27 03:35:10.941 V/Avrcp_ext( 3992): Device: no name: 
05-27 03:35:10.941 V/Avrcp_ext( 3992): Device: no name: 
05-27 03:35:10.941 V/Avrcp_ext( 3992): updatePlayerStateAndPosition, old=PlaybackState {state=PAUSED(2), position=89537, buffered position=0, speed=1.0, updated=1626108012, actions=8615, custom actions=[], active item id=-1, error=null}, state=PlaybackState {state=PAUSED(2), position=89537, buffered position=0, speed=1.0, updated=1626108012, actions=8615, custom actions=[], active item id=-1, error=null}
05-27 03:35:10.941 V/Avrcp_ext( 3992): old state = PlaybackState {state=PAUSED(2), position=89537, buffered position=0, speed=1.0, updated=1626108012, actions=8615, custom actions=[], active item id=-1, error=null}, new state= PlaybackState {state=PAUSED(2), position=89537, buffered position=0, speed=1.0, updated=1626108012, actions=8615, custom actions=[], active item id=-1, error=null}
05-27 03:35:10.941 D/HeadsetService( 3992): getHeadsetService(): returning com.android.bluetooth.hfp.HeadsetService@9390a13
05-27 03:35:10.941 E/HeadsetStateMachine( 3992): returning mCurrentState as Disconnected
05-27 03:35:10.941 E/HeadsetStateMachine( 3992): returning mCurrentState as Disconnected
05-27 03:35:10.941 D/HeadsetService( 3992):  isAudioOn: The number of audio connected devices 0
05-27 03:35:10.941 D/HeadsetService( 3992): isScoOrCallActive(): Call Active:falseCall is Ringing:falseSCO is Active:false
05-27 03:35:10.941 E/HeadsetStateMachine( 3992): returning mCurrentState as Disconnected
05-27 03:35:10.941 E/HeadsetStateMachine( 3992): returning mCurrentState as Disconnected
05-27 03:35:10.941 D/HeadsetService( 3992):  isAudioOn: The number of audio connected devices 0
05-27 03:35:10.941 I/Avrcp_ext( 3992): updatePlayStatusForDevice: device: null
05-27 03:35:10.941 V/Avrcp_ext( 3992): updatePlaybackState (1): old=PlaybackState {state=PAUSED(2), position=89537, buffered position=0, speed=1.0, updated=1626108012, actions=8615, custom actions=[], active item id=-1, error=null}(2), new=PlaybackState {state=PAUSED(2), position=89537, buffered position=0, speed=1.0, updated=1626108012, actions=8615, custom actions=[], active item id=-1, error=null}(2)
05-27 03:35:10.941 I/Avrcp_ext( 3992): Exit updatePlayStatusForDevice
05-27 03:35:10.941 E/HeadsetStateMachine( 3992): returning mCurrentState as Disconnected
05-27 03:35:10.941 E/HeadsetStateMachine( 3992): returning mCurrentState as Disconnected
05-27 03:35:10.941 D/HeadsetService( 3992):  isAudioOn: The number of audio connected devices 0
05-27 03:35:10.941 D/HeadsetService( 3992): isScoOrCallActive(): Call Active:falseCall is Ringing:falseSCO is Active:false
05-27 03:35:10.941 E/HeadsetStateMachine( 3992): returning mCurrentState as Disconnected
05-27 03:35:10.941 E/HeadsetStateMachine( 3992): returning mCurrentState as Disconnected
05-27 03:35:10.941 D/HeadsetService( 3992):  isAudioOn: The number of audio connected devices 0
05-27 03:35:10.941 I/Avrcp_ext( 3992): updatePlayStatusForDevice: device: null
05-27 03:35:10.941 V/Avrcp_ext( 3992): updatePlaybackState (1): old=PlaybackState {state=PAUSED(2), position=89537, buffered position=0, speed=1.0, updated=1626108012, actions=8615, custom actions=[], active item id=-1, error=null}(2), new=PlaybackState {state=PAUSED(2), position=89537, buffered position=0, speed=1.0, updated=1626108012, actions=8615, custom actions=[], active item id=-1, error=null}(2)
05-27 03:35:10.941 I/Avrcp_ext( 3992): Exit updatePlayStatusForDevice
05-27 03:35:10.941 E/HeadsetStateMachine( 3992): returning mCurrentState as Disconnected
05-27 03:35:10.941 E/HeadsetStateMachine( 3992): returning mCurrentState as Disconnected
05-27 03:35:10.941 D/HeadsetService( 3992):  isAudioOn: The number of audio connected devices 0
05-27 03:35:10.941 D/HeadsetService( 3992): isScoOrCallActive(): Call Active:falseCall is Ringing:falseSCO is Active:false
05-27 03:35:10.941 E/HeadsetStateMachine( 3992): returning mCurrentState as Disconnected
05-27 03:35:10.941 E/HeadsetStateMachine( 3992): returning mCurrentState as Disconnected
05-27 03:35:10.941 D/HeadsetService( 3992):  isAudioOn: The number of audio connected devices 0
05-27 03:35:10.941 I/Avrcp_ext( 3992): updatePlayStatusForDevice: device: null
05-27 03:35:10.941 V/Avrcp_ext( 3992): updatePlaybackState (1): old=PlaybackState {state=PAUSED(2), position=89537, buffered position=0, speed=1.0, updated=1626108012, actions=8615, custom actions=[], active item id=-1, error=null}(2), new=PlaybackState {state=PAUSED(2), position=89537, buffered position=0, speed=1.0, updated=1626108012, actions=8615, custom actions=[], active item id=-1, error=null}(2)
05-27 03:35:10.941 I/Avrcp_ext( 3992): Exit updatePlayStatusForDevice
05-27 03:35:10.941 E/HeadsetStateMachine( 3992): returning mCurrentState as Disconnected
05-27 03:35:10.941 E/HeadsetStateMachine( 3992): returning mCurrentState as Disconnected
05-27 03:35:10.941 D/HeadsetService( 3992):  isAudioOn: The number of audio connected devices 0
05-27 03:35:10.941 D/HeadsetService( 3992): isScoOrCallActive(): Call Active:falseCall is Ringing:falseSCO is Active:false
05-27 03:35:10.941 E/HeadsetStateMachine( 3992): returning mCurrentState as Disconnected
05-27 03:35:10.941 E/HeadsetStateMachine( 3992): returning mCurrentState as Disconnected
05-27 03:35:10.941 D/HeadsetService( 3992):  isAudioOn: The number of audio connected devices 0
05-27 03:35:10.941 I/Avrcp_ext( 3992): updatePlayStatusForDevice: device: null
05-27 03:35:10.941 V/Avrcp_ext( 3992): updatePlaybackState (1): old=PlaybackState {state=PAUSED(2), position=89537, buffered position=0, speed=1.0, updated=1626108012, actions=8615, custom actions=[], active item id=-1, error=null}(2), new=PlaybackState {state=PAUSED(2), position=89537, buffered position=0, speed=1.0, updated=1626108012, actions=8615, custom actions=[], active item id=-1, error=null}(2)
05-27 03:35:10.941 I/Avrcp_ext( 3992): Exit updatePlayStatusForDevice
05-27 03:35:10.941 E/HeadsetStateMachine( 3992): returning mCurrentState as Disconnected
05-27 03:35:10.941 E/HeadsetStateMachine( 3992): returning mCurrentState as Disconnected
05-27 03:35:10.941 D/HeadsetService( 3992):  isAudioOn: The number of audio connected devices 0
05-27 03:35:10.941 D/HeadsetService( 3992): isScoOrCallActive(): Call Active:falseCall is Ringing:falseSCO is Active:false
05-27 03:35:10.941 E/HeadsetStateMachine( 3992): returning mCurrentState as Disconnected
05-27 03:35:10.941 E/HeadsetStateMachine( 3992): returning mCurrentState as Disconnected
05-27 03:35:10.941 D/HeadsetService( 3992):  isAudioOn: The number of audio connected devices 0
05-27 03:35:10.941 I/Avrcp_ext( 3992): updatePlayStatusForDevice: device: null
05-27 03:35:10.941 V/Avrcp_ext( 3992): updatePlaybackState (1): old=PlaybackState {state=PAUSED(2), position=89537, buffered position=0, speed=1.0, updated=1626108012, actions=8615, custom actions=[], active item id=-1, error=null}(2), new=PlaybackState {state=PAUSED(2), position=89537, buffered position=0, speed=1.0, updated=1626108012, actions=8615, custom actions=[], active item id=-1, error=null}(2)
05-27 03:35:10.941 I/Avrcp_ext( 3992): Exit updatePlayStatusForDevice
05-27 03:35:10.941 D/Avrcp_ext( 3992): Enter sendPlayPosNotificationRsp
05-27 03:35:10.941 D/Avrcp_ext( 3992): sendPlayPosNotificationRsp: Not registered or requesting.
05-27 03:35:10.941 D/Avrcp_ext( 3992): Enter sendPlayPosNotificationRsp
05-27 03:35:10.941 D/Avrcp_ext( 3992): sendPlayPosNotificationRsp: Not registered or requesting.
05-27 03:35:10.941 D/Avrcp_ext( 3992): Enter sendPlayPosNotificationRsp
05-27 03:35:10.941 D/Avrcp_ext( 3992): sendPlayPosNotificationRsp: Not registered or requesting.
05-27 03:35:10.941 D/Avrcp_ext( 3992): Enter sendPlayPosNotificationRsp
05-27 03:35:10.941 D/Avrcp_ext( 3992): sendPlayPosNotificationRsp: Not registered or requesting.
05-27 03:35:10.941 D/Avrcp_ext( 3992): Enter sendPlayPosNotificationRsp
05-27 03:35:10.941 D/Avrcp_ext( 3992): sendPlayPosNotificationRsp: Not registered or requesting.
05-27 03:35:10.941 V/Avrcp_ext( 3992): Exit updatePlayerStateAndPosition
05-27 03:35:10.941 D/APM: ActiveDeviceManagerServiceLegacy( 3992): getActiveAbsoluteDevice(): device: null
05-27 03:35:10.941 D/APM: ActiveDeviceManagerServiceLegacy( 3992): isStableState(): true
05-27 03:35:10.941 D/Avrcp_ext( 3992): isAdmStable = true activeAbsAddr = null device = null
05-27 03:35:10.941 V/APM: MediaControlManager( 3992): onPlaybackStateChanged
05-27 03:35:10.941 W/McpService( 3992): updatePlaybackState state PlaybackState {state=PAUSED(2), position=89537, buffered position=0, speed=1.0, updated=1626108012, actions=8615, custom actions=[], active item id=-1, error=null}
05-27 03:35:10.941 W/McpService( 3992): updatePlaybackState mState: 2 state: 2
05-27 03:35:10.941 W/Avrcp_ext( 3992): updated player state = PlaybackState {state=PAUSED(2), position=89537, buffered position=0, speed=1.0, updated=1626108012, actions=8615, custom actions=[], active item id=-1, error=null}to MCP module also
05-27 03:35:10.942 I/MediaSessionStack( 3077): onPlaybackStateChanged - Pushing session to top | record: com.deepeye.musicpro.debug/androidx.media3.session.id. (userId=0)
05-27 03:35:10.942 V/Avrcp_ext( 3992): ActiveSession: MediaController (ai.perplexity.app.android@2ab5ba8) null
05-27 03:35:10.942 V/Avrcp_ext( 3992): isBrowseSupported for ai.perplexity.app.android: false
05-27 03:35:10.944 D/Avrcp_ext( 3992): Adding media player info for ai.perplexity.app.android with id 1
05-27 03:35:10.944 D/Avrcp_ext( 3992): update #1:MediaPlayerInfo ai.perplexity.app.android (as 'Perplexity') Type = 1, SubType = 0, Status = 0 Feature Bits [40 41 42 44 45 47 48 58] Controller: MediaController (ai.perplexity.app.android@2ab5ba8) null
05-27 03:35:10.946 D/MotoMediaSessionUtils( 7709): onActiveSessionsChanged - controllers size: 3 mActiveControllers size: 1
05-27 03:35:10.947 I/MediaController( 5526): Init b536673 [AndroidXMedia3/1.5.1] [hiphi, motorola edge 30 pro, motorola, 34]
05-27 03:35:10.947 V/Avrcp_ext( 3992): updateCurrentMediaState: mMediaController: MediaController (com.google.android.youtube@45e4f89) The UFO Files | What was America SECRETLY Hiding For 89 Years? | Dhruv Rathee, Dhruv Rathee, Dhruv Rathee
05-27 03:35:10.948 W/Avrcp_ext( 3992): isMusicActive: false getBluetoothPlayState: 2 A2dp State: 11 mAudioPlaybackIsActive: false
05-27 03:35:10.948 D/Avrcp_ext( 3992): isMusicActive = false mAudioPlaybackIsActive = false player state = PlaybackState {state=PAUSED(2), position=89537, buffered position=0, speed=1.0, updated=1626108012, actions=8615, custom actions=[], active item id=-1, error=null}
05-27 03:35:10.949 D/MotoMediaSessionUtils( 7709): Final controllers count: 2
05-27 03:35:10.949 D/Avrcp_ext( 3992): overwrite album_artist :Dhruv Ratheeif album is blank
05-27 03:35:10.951 V/Avrcp_ext( 3992): Media update: id -1➡-1? [MediaAttributes: T⋯e - D⋯e by D⋯e (1350000 0/0) - ] : [MediaAttributes: T⋯e - D⋯e by D⋯e (1350000 0/0) - ]
05-27 03:35:10.951 D/Avrcp_ext( 3992): isPackageNameValid: browsedPackage = com.google.android.youtubeisValid = true
05-27 03:35:10.951 V/Avrcp_ext( 3992): isBrowseSupported for com.google.android.youtube: false
05-27 03:35:10.951 W/Avrcp_ext( 3992): updateCurrentMediaState: isInactivePlayer = false
05-27 03:35:10.951 V/Avrcp_ext( 3992): updatePlaybackState, state: PlaybackState {state=PAUSED(2), position=89537, buffered position=0, speed=1.0, updated=1626108012, actions=8615, custom actions=[], active item id=-1, error=null} device: null
05-27 03:35:10.951 V/Avrcp_ext( 3992): Device: no name: 
05-27 03:35:10.951 V/Avrcp_ext( 3992): Device: no name: 
05-27 03:35:10.951 V/Avrcp_ext( 3992): Device: no name: 
05-27 03:35:10.951 V/Avrcp_ext( 3992): Device: no name: 
05-27 03:35:10.951 V/Avrcp_ext( 3992): Device: no name: 
05-27 03:35:10.951 V/Avrcp_ext( 3992): updatePlayerStateAndPosition, old=PlaybackState {state=PAUSED(2), position=89537, buffered position=0, speed=1.0, updated=1626108012, actions=8615, custom actions=[], active item id=-1, error=null}, state=PlaybackState {state=PAUSED(2), position=89537, buffered position=0, speed=1.0, updated=1626108012, actions=8615, custom actions=[], active item id=-1, error=null}
05-27 03:35:10.951 V/Avrcp_ext( 3992): old state = PlaybackState {state=PAUSED(2), position=89537, buffered position=0, speed=1.0, updated=1626108012, actions=8615, custom actions=[], active item id=-1, error=null}, new state= PlaybackState {state=PAUSED(2), position=89537, buffered position=0, speed=1.0, updated=1626108012, actions=8615, custom actions=[], active item id=-1, error=null}
05-27 03:35:10.951 D/HeadsetService( 3992): getHeadsetService(): returning com.android.bluetooth.hfp.HeadsetService@9390a13
05-27 03:35:10.951 E/HeadsetStateMachine( 3992): returning mCurrentState as Disconnected
05-27 03:35:10.951 E/HeadsetStateMachine( 3992): returning mCurrentState as Disconnected
05-27 03:35:10.951 D/HeadsetService( 3992):  isAudioOn: The number of audio connected devices 0
05-27 03:35:10.951 D/HeadsetService( 3992): isScoOrCallActive(): Call Active:falseCall is Ringing:falseSCO is Active:false
05-27 03:35:10.951 E/HeadsetStateMachine( 3992): returning mCurrentState as Disconnected
05-27 03:35:10.951 E/HeadsetStateMachine( 3992): returning mCurrentState as Disconnected
05-27 03:35:10.951 D/HeadsetService( 3992):  isAudioOn: The number of audio connected devices 0
05-27 03:35:10.951 I/Avrcp_ext( 3992): updatePlayStatusForDevice: device: null
05-27 03:35:10.951 V/Avrcp_ext( 3992): updatePlaybackState (1): old=PlaybackState {state=PAUSED(2), position=89537, buffered position=0, speed=1.0, updated=1626108012, actions=8615, custom actions=[], active item id=-1, error=null}(2), new=PlaybackState {state=PAUSED(2), position=89537, buffered position=0, speed=1.0, updated=1626108012, actions=8615, custom actions=[], active item id=-1, error=null}(2)
05-27 03:35:10.951 I/Avrcp_ext( 3992): Exit updatePlayStatusForDevice
05-27 03:35:10.951 E/HeadsetStateMachine( 3992): returning mCurrentState as Disconnected
05-27 03:35:10.951 E/HeadsetStateMachine( 3992): returning mCurrentState as Disconnected
05-27 03:35:10.951 D/HeadsetService( 3992):  isAudioOn: The number of audio connected devices 0
05-27 03:35:10.951 D/HeadsetService( 3992): isScoOrCallActive(): Call Active:falseCall is Ringing:falseSCO is Active:false
05-27 03:35:10.951 E/HeadsetStateMachine( 3992): returning mCurrentState as Disconnected
05-27 03:35:10.951 E/HeadsetStateMachine( 3992): returning mCurrentState as Disconnected
05-27 03:35:10.951 D/HeadsetService( 3992):  isAudioOn: The number of audio connected devices 0
05-27 03:35:10.951 I/Avrcp_ext( 3992): updatePlayStatusForDevice: device: null
05-27 03:35:10.951 V/Avrcp_ext( 3992): updatePlaybackState (1): old=PlaybackState {state=PAUSED(2), position=89537, buffered position=0, speed=1.0, updated=1626108012, actions=8615, custom actions=[], active item id=-1, error=null}(2), new=PlaybackState {state=PAUSED(2), position=89537, buffered position=0, speed=1.0, updated=1626108012, actions=8615, custom actions=[], active item id=-1, error=null}(2)
05-27 03:35:10.951 I/Avrcp_ext( 3992): Exit updatePlayStatusForDevice
05-27 03:35:10.951 E/HeadsetStateMachine( 3992): returning mCurrentState as Disconnected
05-27 03:35:10.951 E/HeadsetStateMachine( 3992): returning mCurrentState as Disconnected
05-27 03:35:10.951 D/HeadsetService( 3992):  isAudioOn: The number of audio connected devices 0
05-27 03:35:10.951 D/HeadsetService( 3992): isScoOrCallActive(): Call Active:falseCall is Ringing:falseSCO is Active:false
05-27 03:35:10.952 E/HeadsetStateMachine( 3992): returning mCurrentState as Disconnected
05-27 03:35:10.952 E/HeadsetStateMachine( 3992): returning mCurrentState as Disconnected
05-27 03:35:10.952 D/HeadsetService( 3992):  isAudioOn: The number of audio connected devices 0
05-27 03:35:10.952 I/Avrcp_ext( 3992): updatePlayStatusForDevice: device: null
05-27 03:35:10.952 V/Avrcp_ext( 3992): updatePlaybackState (1): old=PlaybackState {state=PAUSED(2), position=89537, buffered position=0, speed=1.0, updated=1626108012, actions=8615, custom actions=[], active item id=-1, error=null}(2), new=PlaybackState {state=PAUSED(2), position=89537, buffered position=0, speed=1.0, updated=1626108012, actions=8615, custom actions=[], active item id=-1, error=null}(2)
05-27 03:35:10.952 I/Avrcp_ext( 3992): Exit updatePlayStatusForDevice
05-27 03:35:10.952 E/HeadsetStateMachine( 3992): returning mCurrentState as Disconnected
05-27 03:35:10.952 E/HeadsetStateMachine( 3992): returning mCurrentState as Disconnected
05-27 03:35:10.952 D/HeadsetService( 3992):  isAudioOn: The number of audio connected devices 0
05-27 03:35:10.952 D/HeadsetService( 3992): isScoOrCallActive(): Call Active:falseCall is Ringing:falseSCO is Active:false
05-27 03:35:10.952 E/HeadsetStateMachine( 3992): returning mCurrentState as Disconnected
05-27 03:35:10.952 E/HeadsetStateMachine( 3992): returning mCurrentState as Disconnected
05-27 03:35:10.952 D/HeadsetService( 3992):  isAudioOn: The number of audio connected devices 0
05-27 03:35:10.952 I/Avrcp_ext( 3992): updatePlayStatusForDevice: device: null
05-27 03:35:10.952 V/Avrcp_ext( 3992): updatePlaybackState (1): old=PlaybackState {state=PAUSED(2), position=89537, buffered position=0, speed=1.0, updated=1626108012, actions=8615, custom actions=[], active item id=-1, error=null}(2), new=PlaybackState {state=PAUSED(2), position=89537, buffered position=0, speed=1.0, updated=1626108012, actions=8615, custom actions=[], active item id=-1, error=null}(2)
05-27 03:35:10.952 I/Avrcp_ext( 3992): Exit updatePlayStatusForDevice
05-27 03:35:10.952 E/HeadsetStateMachine( 3992): returning mCurrentState as Disconnected
05-27 03:35:10.952 E/HeadsetStateMachine( 3992): returning mCurrentState as Disconnected
05-27 03:35:10.952 D/HeadsetService( 3992):  isAudioOn: The number of audio connected devices 0
05-27 03:35:10.952 D/HeadsetService( 3992): isScoOrCallActive(): Call Active:falseCall is Ringing:falseSCO is Active:false
05-27 03:35:10.952 E/HeadsetStateMachine( 3992): returning mCurrentState as Disconnected
05-27 03:35:10.952 E/HeadsetStateMachine( 3992): returning mCurrentState as Disconnected
05-27 03:35:10.952 D/HeadsetService( 3992):  isAudioOn: The number of audio connected devices 0
05-27 03:35:10.952 I/Avrcp_ext( 3992): updatePlayStatusForDevice: device: null
05-27 03:35:10.952 V/Avrcp_ext( 3992): updatePlaybackState (1): old=PlaybackState {state=PAUSED(2), position=89537, buffered position=0, speed=1.0, updated=1626108012, actions=8615, custom actions=[], active item id=-1, error=null}(2), new=PlaybackState {state=PAUSED(2), position=89537, buffered position=0, speed=1.0, updated=1626108012, actions=8615, custom actions=[], active item id=-1, error=null}(2)
05-27 03:35:10.952 I/Avrcp_ext( 3992): Exit updatePlayStatusForDevice
05-27 03:35:10.952 D/Avrcp_ext( 3992): Enter sendPlayPosNotificationRsp
05-27 03:35:10.952 D/Avrcp_ext( 3992): sendPlayPosNotificationRsp: Not registered or requesting.
05-27 03:35:10.952 D/Avrcp_ext( 3992): Enter sendPlayPosNotificationRsp
05-27 03:35:10.952 D/Avrcp_ext( 3992): sendPlayPosNotificationRsp: Not registered or requesting.
05-27 03:35:10.952 D/Avrcp_ext( 3992): Enter sendPlayPosNotificationRsp
05-27 03:35:10.952 D/Avrcp_ext( 3992): sendPlayPosNotificationRsp: Not registered or requesting.
05-27 03:35:10.952 D/Avrcp_ext( 3992): Enter sendPlayPosNotificationRsp
05-27 03:35:10.952 D/Avrcp_ext( 3992): sendPlayPosNotificationRsp: Not registered or requesting.
05-27 03:35:10.952 D/Avrcp_ext( 3992): Enter sendPlayPosNotificationRsp
05-27 03:35:10.952 D/Avrcp_ext( 3992): sendPlayPosNotificationRsp: Not registered or requesting.
05-27 03:35:10.952 V/Avrcp_ext( 3992): Exit updatePlayerStateAndPosition
05-27 03:35:10.952 D/APM: ActiveDeviceManagerServiceLegacy( 3992): getActiveAbsoluteDevice(): device: null
05-27 03:35:10.952 D/APM: ActiveDeviceManagerServiceLegacy( 3992): isStableState(): true
05-27 03:35:10.952 D/Avrcp_ext( 3992): isAdmStable = true activeAbsAddr = null device = null
05-27 03:35:10.952 V/APM: MediaControlManager( 3992): onPlaybackStateChanged
05-27 03:35:10.952 W/McpService( 3992): updatePlaybackState state PlaybackState {state=PAUSED(2), position=89537, buffered position=0, speed=1.0, updated=1626108012, actions=8615, custom actions=[], active item id=-1, error=null}
05-27 03:35:10.952 W/McpService( 3992): updatePlaybackState mState: 2 state: 2
05-27 03:35:10.952 W/Avrcp_ext( 3992): updated player state = PlaybackState {state=PAUSED(2), position=89537, buffered position=0, speed=1.0, updated=1626108012, actions=8615, custom actions=[], active item id=-1, error=null}to MCP module also
05-27 03:35:10.952 D/HeadsetService( 3992): getHeadsetService(): returning com.android.bluetooth.hfp.HeadsetService@9390a13
05-27 03:35:10.952 V/Avrcp_ext( 3992): isBrowseSupported for com.deepeye.musicpro.debug: false
05-27 03:35:10.952 E/HeadsetStateMachine( 3992): returning mCurrentState as Disconnected
05-27 03:35:10.952 E/HeadsetStateMachine( 3992): returning mCurrentState as Disconnected
05-27 03:35:10.952 D/HeadsetService( 3992):  isAudioOn: The number of audio connected devices 0
05-27 03:35:10.952 D/HeadsetService( 3992): isScoOrCallActive(): Call Active:falseCall is Ringing:falseSCO is Active:false
05-27 03:35:10.952 E/HeadsetStateMachine( 3992): returning mCurrentState as Disconnected
05-27 03:35:10.952 E/HeadsetStateMachine( 3992): returning mCurrentState as Disconnected
05-27 03:35:10.952 D/HeadsetService( 3992):  isAudioOn: The number of audio connected devices 0
05-27 03:35:10.953 V/Avrcp_ext( 3992): ActiveSession: MediaController (com.google.android.youtube@eeeadfd) The UFO Files | What was America SECRETLY Hiding For 89 Years? | Dhruv Rathee, Dhruv Rathee, Dhruv Rathee
05-27 03:35:10.954 V/Avrcp_ext( 3992): isBrowseSupported for com.google.android.youtube: false
05-27 03:35:10.954 D/Avrcp_ext( 3992): Adding media player info for com.google.android.youtube with id 3
05-27 03:35:10.955 D/Avrcp_ext( 3992): update #3:MediaPlayerInfo com.google.android.youtube (as 'YouTube') Type = 1, SubType = 0, Status = 2 Feature Bits [40 41 42 44 45 47 48 58] Controller: MediaController (com.google.android.youtube@eeeadfd) The UFO Files | What was America SECRETLY Hiding For 89 Years? | Dhruv Rathee, Dhruv Rathee, Dhruv Rathee
05-27 03:35:10.955 V/Avrcp_ext( 3992): updateNewIds: Addressed:3 to 3, Browse:-1 to -1
05-27 03:35:10.957 D/Avrcp_ext( 3992): updateCurrentController: MediaController (com.google.android.youtube@45e4f89) The UFO Files | What was America SECRETLY Hiding For 89 Years? | Dhruv Rathee, Dhruv Rathee, Dhruv Rathee to MediaController (com.google.android.youtube@eeeadfd) The UFO Files | What was America SECRETLY Hiding For 89 Years? | Dhruv Rathee, Dhruv Rathee, Dhruv Rathee
05-27 03:35:10.959 V/Avrcp_ext( 3992): updateCurrentMediaState: mMediaController: MediaController (com.google.android.youtube@eeeadfd) The UFO Files | What was America SECRETLY Hiding For 89 Years? | Dhruv Rathee, Dhruv Rathee, Dhruv Rathee
05-27 03:35:10.960 W/Avrcp_ext( 3992): isMusicActive: false getBluetoothPlayState: 2 A2dp State: 11 mAudioPlaybackIsActive: false
05-27 03:35:10.960 D/Avrcp_ext( 3992): isMusicActive = false mAudioPlaybackIsActive = false player state = PlaybackState {state=PAUSED(2), position=89537, buffered position=0, speed=1.0, updated=1626108012, actions=8615, custom actions=[], active item id=-1, error=null}
05-27 03:35:10.960 I/ActivityManager( 3077): Background started FGS: Allowed [callingPackage: com.deepeye.musicpro.debug; callingUid: 10521; uidState: TOP ; uidBFSL: [BFSL]; intent: Intent { cmp=com.deepeye.musicpro.debug/com.deepeye.musicpro.player.service.MusicPlayerService }; code:PROC_STATE_TOP; tempAllowListReason:<null>; targetSdkVersion:34; callerTargetSdkVersion:34; startForegroundCount:0; bindFromPackage:null: isBindService:false]
05-27 03:35:10.961 D/Avrcp_ext( 3992): overwrite album_artist :Dhruv Ratheeif album is blank
05-27 03:35:10.962 D/CompatibilityChangeReporter( 3077): Compat change id reported: 170668199; UID 10521; state: ENABLED
05-27 03:35:10.963 V/Avrcp_ext( 3992): Media update: id -1➡-1? [MediaAttributes: T⋯e - D⋯e by D⋯e (1350000 0/0) - ] : [MediaAttributes: T⋯e - D⋯e by D⋯e (1350000 0/0) - ]
05-27 03:35:10.963 D/Avrcp_ext( 3992): isPackageNameValid: browsedPackage = com.google.android.youtubeisValid = true
05-27 03:35:10.963 V/Avrcp_ext( 3992): isBrowseSupported for com.google.android.youtube: false
05-27 03:35:10.963 W/Avrcp_ext( 3992): updateCurrentMediaState: isInactivePlayer = false
05-27 03:35:10.963 V/Avrcp_ext( 3992): updatePlaybackState, state: PlaybackState {state=PAUSED(2), position=89537, buffered position=0, speed=1.0, updated=1626108012, actions=8615, custom actions=[], active item id=-1, error=null} device: null
05-27 03:35:10.963 V/Avrcp_ext( 3992): Device: no name: 
05-27 03:35:10.963 V/Avrcp_ext( 3992): Device: no name: 
05-27 03:35:10.963 V/Avrcp_ext( 3992): Device: no name: 
05-27 03:35:10.963 V/Avrcp_ext( 3992): Device: no name: 
05-27 03:35:10.963 V/Avrcp_ext( 3992): Device: no name: 
05-27 03:35:10.963 V/Avrcp_ext( 3992): updatePlayerStateAndPosition, old=PlaybackState {state=PAUSED(2), position=89537, buffered position=0, speed=1.0, updated=1626108012, actions=8615, custom actions=[], active item id=-1, error=null}, state=PlaybackState {state=PAUSED(2), position=89537, buffered position=0, speed=1.0, updated=1626108012, actions=8615, custom actions=[], active item id=-1, error=null}
05-27 03:35:10.963 V/Avrcp_ext( 3992): old state = PlaybackState {state=PAUSED(2), position=89537, buffered position=0, speed=1.0, updated=1626108012, actions=8615, custom actions=[], active item id=-1, error=null}, new state= PlaybackState {state=PAUSED(2), position=89537, buffered position=0, speed=1.0, updated=1626108012, actions=8615, custom actions=[], active item id=-1, error=null}
05-27 03:35:10.963 D/HeadsetService( 3992): getHeadsetService(): returning com.android.bluetooth.hfp.HeadsetService@9390a13
05-27 03:35:10.963 E/HeadsetStateMachine( 3992): returning mCurrentState as Disconnected
05-27 03:35:10.963 E/HeadsetStateMachine( 3992): returning mCurrentState as Disconnected
05-27 03:35:10.963 D/HeadsetService( 3992):  isAudioOn: The number of audio connected devices 0
05-27 03:35:10.963 D/HeadsetService( 3992): isScoOrCallActive(): Call Active:falseCall is Ringing:falseSCO is Active:false
05-27 03:35:10.963 E/HeadsetStateMachine( 3992): returning mCurrentState as Disconnected
05-27 03:35:10.963 E/HeadsetStateMachine( 3992): returning mCurrentState as Disconnected
05-27 03:35:10.963 D/HeadsetService( 3992):  isAudioOn: The number of audio connected devices 0
05-27 03:35:10.963 I/Avrcp_ext( 3992): updatePlayStatusForDevice: device: null
05-27 03:35:10.963 V/Avrcp_ext( 3992): updatePlaybackState (1): old=PlaybackState {state=PAUSED(2), position=89537, buffered position=0, speed=1.0, updated=1626108012, actions=8615, custom actions=[], active item id=-1, error=null}(2), new=PlaybackState {state=PAUSED(2), position=89537, buffered position=0, speed=1.0, updated=1626108012, actions=8615, custom actions=[], active item id=-1, error=null}(2)
05-27 03:35:10.963 I/Avrcp_ext( 3992): Exit updatePlayStatusForDevice
05-27 03:35:10.963 E/HeadsetStateMachine( 3992): returning mCurrentState as Disconnected
05-27 03:35:10.963 E/HeadsetStateMachine( 3992): returning mCurrentState as Disconnected
05-27 03:35:10.963 E/AudioSessionManager( 5526): attachToPlayer called with player: androidx.media3.exoplayer.ExoPlayerImpl@9049caa
05-27 03:35:10.963 D/HeadsetService( 3992):  isAudioOn: The number of audio connected devices 0
05-27 03:35:10.963 D/HeadsetService( 3992): isScoOrCallActive(): Call Active:falseCall is Ringing:falseSCO is Active:false
05-27 03:35:10.963 E/HeadsetStateMachine( 3992): returning mCurrentState as Disconnected
05-27 03:35:10.963 E/HeadsetStateMachine( 3992): returning mCurrentState as Disconnected
05-27 03:35:10.963 I/AudioSessionManager( 5526): Attached to ExoPlayer as AnalyticsListener, initial session: 45873
05-27 03:35:10.963 D/HeadsetService( 3992):  isAudioOn: The number of audio connected devices 0
05-27 03:35:10.963 I/Avrcp_ext( 3992): updatePlayStatusForDevice: device: null
05-27 03:35:10.963 V/Avrcp_ext( 3992): updatePlaybackState (1): old=PlaybackState {state=PAUSED(2), position=89537, buffered position=0, speed=1.0, updated=1626108012, actions=8615, custom actions=[], active item id=-1, error=null}(2), new=PlaybackState {state=PAUSED(2), position=89537, buffered position=0, speed=1.0, updated=1626108012, actions=8615, custom actions=[], active item id=-1, error=null}(2)
05-27 03:35:10.963 I/Avrcp_ext( 3992): Exit updatePlayStatusForDevice
05-27 03:35:10.963 E/HeadsetStateMachine( 3992): returning mCurrentState as Disconnected
05-27 03:35:10.963 E/HeadsetStateMachine( 3992): returning mCurrentState as Disconnected
05-27 03:35:10.963 D/HeadsetService( 3992):  isAudioOn: The number of audio connected devices 0
05-27 03:35:10.963 D/HeadsetService( 3992): isScoOrCallActive(): Call Active:falseCall is Ringing:falseSCO is Active:false
05-27 03:35:10.963 E/HeadsetStateMachine( 3992): returning mCurrentState as Disconnected
05-27 03:35:10.963 E/HeadsetStateMachine( 3992): returning mCurrentState as Disconnected
05-27 03:35:10.963 D/HeadsetService( 3992):  isAudioOn: The number of audio connected devices 0
05-27 03:35:10.963 I/Avrcp_ext( 3992): updatePlayStatusForDevice: device: null
05-27 03:35:10.963 V/Avrcp_ext( 3992): updatePlaybackState (1): old=PlaybackState {state=PAUSED(2), position=89537, buffered position=0, speed=1.0, updated=1626108012, actions=8615, custom actions=[], active item id=-1, error=null}(2), new=PlaybackState {state=PAUSED(2), position=89537, buffered position=0, speed=1.0, updated=1626108012, actions=8615, custom actions=[], active item id=-1, error=null}(2)
05-27 03:35:10.963 I/Avrcp_ext( 3992): Exit updatePlayStatusForDevice
05-27 03:35:10.963 E/HeadsetStateMachine( 3992): returning mCurrentState as Disconnected
05-27 03:35:10.963 E/HeadsetStateMachine( 3992): returning mCurrentState as Disconnected
05-27 03:35:10.963 D/HeadsetService( 3992):  isAudioOn: The number of audio connected devices 0
05-27 03:35:10.963 D/HeadsetService( 3992): isScoOrCallActive(): Call Active:falseCall is Ringing:falseSCO is Active:false
05-27 03:35:10.963 E/HeadsetStateMachine( 3992): returning mCurrentState as Disconnected
05-27 03:35:10.963 E/HeadsetStateMachine( 3992): returning mCurrentState as Disconnected
05-27 03:35:10.963 D/HeadsetService( 3992):  isAudioOn: The number of audio connected devices 0
05-27 03:35:10.963 I/Avrcp_ext( 3992): updatePlayStatusForDevice: device: null
05-27 03:35:10.964 V/Avrcp_ext( 3992): updatePlaybackState (1): old=PlaybackState {state=PAUSED(2), position=89537, buffered position=0, speed=1.0, updated=1626108012, actions=8615, custom actions=[], active item id=-1, error=null}(2), new=PlaybackState {state=PAUSED(2), position=89537, buffered position=0, speed=1.0, updated=1626108012, actions=8615, custom actions=[], active item id=-1, error=null}(2)
05-27 03:35:10.964 I/Avrcp_ext( 3992): Exit updatePlayStatusForDevice
05-27 03:35:10.964 E/HeadsetStateMachine( 3992): returning mCurrentState as Disconnected
05-27 03:35:10.964 E/HeadsetStateMachine( 3992): returning mCurrentState as Disconnected
05-27 03:35:10.964 D/HeadsetService( 3992):  isAudioOn: The number of audio connected devices 0
05-27 03:35:10.964 D/HeadsetService( 3992): isScoOrCallActive(): Call Active:falseCall is Ringing:falseSCO is Active:false
05-27 03:35:10.964 E/HeadsetStateMachine( 3992): returning mCurrentState as Disconnected
05-27 03:35:10.964 E/HeadsetStateMachine( 3992): returning mCurrentState as Disconnected
05-27 03:35:10.964 D/HeadsetService( 3992):  isAudioOn: The number of audio connected devices 0
05-27 03:35:10.964 I/Avrcp_ext( 3992): updatePlayStatusForDevice: device: null
05-27 03:35:10.964 V/Avrcp_ext( 3992): updatePlaybackState (1): old=PlaybackState {state=PAUSED(2), position=89537, buffered position=0, speed=1.0, updated=1626108012, actions=8615, custom actions=[], active item id=-1, error=null}(2), new=PlaybackState {state=PAUSED(2), position=89537, buffered position=0, speed=1.0, updated=1626108012, actions=8615, custom actions=[], active item id=-1, error=null}(2)
05-27 03:35:10.964 I/Avrcp_ext( 3992): Exit updatePlayStatusForDevice
05-27 03:35:10.964 D/Avrcp_ext( 3992): Enter sendPlayPosNotificationRsp
05-27 03:35:10.964 D/Avrcp_ext( 3992): sendPlayPosNotificationRsp: Not registered or requesting.
05-27 03:35:10.964 D/Avrcp_ext( 3992): Enter sendPlayPosNotificationRsp
05-27 03:35:10.964 D/Avrcp_ext( 3992): sendPlayPosNotificationRsp: Not registered or requesting.
05-27 03:35:10.964 D/Avrcp_ext( 3992): Enter sendPlayPosNotificationRsp
05-27 03:35:10.964 D/Avrcp_ext( 3992): sendPlayPosNotificationRsp: Not registered or requesting.
05-27 03:35:10.964 D/Avrcp_ext( 3992): Enter sendPlayPosNotificationRsp
05-27 03:35:10.964 D/Avrcp_ext( 3992): sendPlayPosNotificationRsp: Not registered or requesting.
05-27 03:35:10.964 D/Avrcp_ext( 3992): Enter sendPlayPosNotificationRsp
05-27 03:35:10.964 D/Avrcp_ext( 3992): sendPlayPosNotificationRsp: Not registered or requesting.
05-27 03:35:10.964 V/Avrcp_ext( 3992): Exit updatePlayerStateAndPosition
05-27 03:35:10.964 D/APM: ActiveDeviceManagerServiceLegacy( 3992): getActiveAbsoluteDevice(): device: null
05-27 03:35:10.964 D/APM: ActiveDeviceManagerServiceLegacy( 3992): isStableState(): true
05-27 03:35:10.964 D/Avrcp_ext( 3992): isAdmStable = true activeAbsAddr = null device = null
05-27 03:35:10.964 V/APM: MediaControlManager( 3992): onPlaybackStateChanged
