05-27 03:26:54.636 W/ContextImpl( 3077): Calling a method in the system process without a qualified user: android.app.ContextImpl.sendBroadcastMultiplePermissions:1314 com.android.server.TelephonyRegistry.broadcastServiceStateChanged:3611 com.android.server.TelephonyRegistry.notifyServiceStateForPhoneId:1734 com.android.internal.telephony.ITelephonyRegistry$Stub.onTransact:550 android.os.Binder.execTransactInternal:1380 
05-27 03:26:54.637 W/ContextImpl( 3077): Calling a method in the system process without a qualified user: android.app.ContextImpl.sendBroadcastMultiplePermissions:1314 com.android.server.TelephonyRegistry.broadcastServiceStateChanged:3617 com.android.server.TelephonyRegistry.notifyServiceStateForPhoneId:1734 com.android.internal.telephony.ITelephonyRegistry$Stub.onTransact:550 android.os.Binder.execTransactInternal:1380 
05-27 03:26:54.668 W/ContextImpl( 3077): Calling a method in the system process without a qualified user: android.app.ContextImpl.sendBroadcastMultiplePermissions:1281 android.content.Context.sendBroadcastMultiplePermissions:2476 com.android.server.TelephonyRegistry.broadcastServiceStateChanged:3597 com.android.server.TelephonyRegistry.notifyServiceStateForPhoneId:1734 com.android.internal.telephony.ITelephonyRegistry$Stub.onTransact:550 
05-27 03:26:54.668 W/ContextImpl( 3077): Calling a method in the system process without a qualified user: android.app.ContextImpl.sendBroadcastMultiplePermissions:1314 com.android.server.TelephonyRegistry.broadcastServiceStateChanged:3602 com.android.server.TelephonyRegistry.notifyServiceStateForPhoneId:1734 com.android.internal.telephony.ITelephonyRegistry$Stub.onTransact:550 android.os.Binder.execTransactInternal:1380 
05-27 03:26:54.669 W/ContextImpl( 3077): Calling a method in the system process without a qualified user: android.app.ContextImpl.sendBroadcastMultiplePermissions:1314 com.android.server.TelephonyRegistry.broadcastServiceStateChanged:3611 com.android.server.TelephonyRegistry.notifyServiceStateForPhoneId:1734 com.android.internal.telephony.ITelephonyRegistry$Stub.onTransact:550 android.os.Binder.execTransactInternal:1380 
05-27 03:26:54.669 W/ContextImpl( 3077): Calling a method in the system process without a qualified user: android.app.ContextImpl.sendBroadcastMultiplePermissions:1314 com.android.server.TelephonyRegistry.broadcastServiceStateChanged:3617 com.android.server.TelephonyRegistry.notifyServiceStateForPhoneId:1734 com.android.internal.telephony.ITelephonyRegistry$Stub.onTransact:550 android.os.Binder.execTransactInternal:1380 
05-27 03:26:54.695 W/ContextImpl( 3077): Calling a method in the system process without a qualified user: android.app.ContextImpl.sendBroadcastMultiplePermissions:1281 android.content.Context.sendBroadcastMultiplePermissions:2476 com.android.server.TelephonyRegistry.broadcastServiceStateChanged:3597 com.android.server.TelephonyRegistry.notifyServiceStateForPhoneId:1734 com.android.internal.telephony.ITelephonyRegistry$Stub.onTransact:550 
05-27 03:26:54.696 W/ContextImpl( 3077): Calling a method in the system process without a qualified user: android.app.ContextImpl.sendBroadcastMultiplePermissions:1314 com.android.server.TelephonyRegistry.broadcastServiceStateChanged:3602 com.android.server.TelephonyRegistry.notifyServiceStateForPhoneId:1734 com.android.internal.telephony.ITelephonyRegistry$Stub.onTransact:550 android.os.Binder.execTransactInternal:1380 
05-27 03:26:54.696 W/ContextImpl( 3077): Calling a method in the system process without a qualified user: android.app.ContextImpl.sendBroadcastMultiplePermissions:1314 com.android.server.TelephonyRegistry.broadcastServiceStateChanged:3611 com.android.server.TelephonyRegistry.notifyServiceStateForPhoneId:1734 com.android.internal.telephony.ITelephonyRegistry$Stub.onTransact:550 android.os.Binder.execTransactInternal:1380 
05-27 03:26:54.697 W/ContextImpl( 3077): Calling a method in the system process without a qualified user: android.app.ContextImpl.sendBroadcastMultiplePermissions:1314 com.android.server.TelephonyRegistry.broadcastServiceStateChanged:3617 com.android.server.TelephonyRegistry.notifyServiceStateForPhoneId:1734 com.android.internal.telephony.ITelephonyRegistry$Stub.onTransact:550 android.os.Binder.execTransactInternal:1380 
--------- beginning of main
05-27 03:26:57.826 W/qdgralloc(  770): getInterlacedFlag: getMetaData returned -22, defaulting to interlaced_flag = 0
05-27 03:26:57.838 W/qdgralloc(  770): getInterlacedFlag: getMetaData returned -22, defaulting to interlaced_flag = 0
05-27 03:26:57.860 W/qdgralloc(  770): getInterlacedFlag: getMetaData returned -22, defaulting to interlaced_flag = 0
05-27 03:26:57.867 W/qdgralloc(  770): getInterlacedFlag: getMetaData returned -22, defaulting to interlaced_flag = 0
05-27 03:26:57.881 W/qdgralloc(  770): getInterlacedFlag: getMetaData returned -22, defaulting to interlaced_flag = 0
05-27 03:26:57.888 W/qdgralloc(  770): getInterlacedFlag: getMetaData returned -22, defaulting to interlaced_flag = 0
05-27 03:26:57.893 W/qdgralloc(  770): getInterlacedFlag: getMetaData returned -22, defaulting to interlaced_flag = 0
05-27 03:26:57.901 W/qdgralloc(  770): getInterlacedFlag: getMetaData returned -22, defaulting to interlaced_flag = 0
05-27 03:26:57.916 W/qdgralloc(  770): getInterlacedFlag: getMetaData returned -22, defaulting to interlaced_flag = 0
05-27 03:26:57.926 W/qdgralloc(  770): getInterlacedFlag: getMetaData returned -22, defaulting to interlaced_flag = 0
05-27 03:26:57.936 W/qdgralloc(  770): getInterlacedFlag: getMetaData returned -22, defaulting to interlaced_flag = 0
05-27 03:26:57.948 W/qdgralloc(  770): getInterlacedFlag: getMetaData returned -22, defaulting to interlaced_flag = 0
05-27 03:26:57.959 W/qdgralloc(  770): getInterlacedFlag: getMetaData returned -22, defaulting to interlaced_flag = 0
05-27 03:26:57.969 W/qdgralloc(  770): getInterlacedFlag: getMetaData returned -22, defaulting to interlaced_flag = 0
05-27 03:26:57.973 W/qdgralloc(  770): getInterlacedFlag: getMetaData returned -22, defaulting to interlaced_flag = 0
05-27 03:26:57.982 I/MediaCodec(  770): [0xb4000077b6ccc840] enqueue 32 input frames in last 1066 ms, latest timeUs 1033000
05-27 03:26:57.994 I/MediaCodec(  770): [0xb4000077b6ccc840] dequeue 32 output frames in last 1068 ms, latest timeUs 1033000, flags 128
05-27 03:26:57.994 W/qdgralloc(  770): getInterlacedFlag: getMetaData returned -22, defaulting to interlaced_flag = 0
05-27 03:26:58.003 W/qdgralloc(  770): getInterlacedFlag: getMetaData returned -22, defaulting to interlaced_flag = 0
05-27 03:26:58.006 I/vendor.qti.bluetooth@1.0-ibs_handler( 1758): DeviceSleep: TX Awake, Sending SLEEP_IND
05-27 03:26:58.006 D/vendor.qti.bluetooth@1.0-ibs_handler( 1758): SerialClockVote: vote for UART CLK OFF
05-27 03:26:58.023 W/qdgralloc(  770): getInterlacedFlag: getMetaData returned -22, defaulting to interlaced_flag = 0
05-27 03:26:58.028 W/qdgralloc(  770): getInterlacedFlag: getMetaData returned -22, defaulting to interlaced_flag = 0
05-27 03:26:58.033 W/qdgralloc(  770): getInterlacedFlag: getMetaData returned -22, defaulting to interlaced_flag = 0
05-27 03:26:58.046 W/qdgralloc(  770): getInterlacedFlag: getMetaData returned -22, defaulting to interlaced_flag = 0
05-27 03:26:58.054 W/qdgralloc(  770): getInterlacedFlag: getMetaData returned -22, defaulting to interlaced_flag = 0
05-27 03:26:58.060 W/qdgralloc(  770): getInterlacedFlag: getMetaData returned -22, defaulting to interlaced_flag = 0
05-27 03:26:58.093 E/minksocket( 1748): MinkIPC_QRTR_Service: client with node 1 port 77b5 went down
05-27 03:26:58.094 E/minksocket( 1748): MinkIPC_QRTR_Service: client with node 1 port 77b6 went down
05-27 03:26:58.095 E/minksocket( 1748): MinkIPC_QRTR_Service: client with node 1 port 77b7 went down
05-27 03:26:58.095 D/DlbDap2ProcessWithIht( 1756): process() called [36331500] times with input format 0x22 and channel mask 0x3 (ProcessingMode=1), htEnable=0(0, 0, 0)
05-27 03:26:58.096 E/minksocket( 1748): MinkIPC_QRTR_Service: client with node 1 port 77b8 went down
05-27 03:26:58.096 W/qdgralloc(  770): getInterlacedFlag: getMetaData returned -22, defaulting to interlaced_flag = 0
05-27 03:26:58.100 I/QImsService( 4049): VtDataUsageProvider : onSetAlert:2097152
05-27 03:26:58.101 I/QImsService( 4049): ImsServiceClassTracker : updateAlertQuota:newQuota=2097152,Remaining=2097152
05-27 03:26:58.138 W/qdgralloc(  770): getInterlacedFlag: getMetaData returned -22, defaulting to interlaced_flag = 0
05-27 03:26:58.139 D/BraveShields(  770): blocked url=https://googleads.g.doubleclick.net/pagead/id
05-27 03:26:58.143 D/YouTubeWebViewConsole(  770): level=ERROR message=Access to XMLHttpRequest at 'https://googleads.g.doubleclick.net/pagead/id' from origin 'https://www.youtube.com' has been blocked by CORS policy: No 'Access-Control-Allow-Origin' header is present on the requested resource. line=0 source=https://www.youtube.com/watch?v=ilNt2bikxDI
05-27 03:26:58.143 W/qdgralloc(  770): getInterlacedFlag: getMetaData returned -22, defaulting to interlaced_flag = 0
05-27 03:26:58.148 W/qdgralloc(  770): getInterlacedFlag: getMetaData returned -22, defaulting to interlaced_flag = 0
05-27 03:26:58.157 D/vendor.qti.bluetooth@1.0-wake_lock( 1758): Release wakelock is released 
05-27 03:26:58.159 W/qdgralloc(  770): getInterlacedFlag: getMetaData returned -22, defaulting to interlaced_flag = 0
05-27 03:26:58.166 W/qdgralloc(  770): getInterlacedFlag: getMetaData returned -22, defaulting to interlaced_flag = 0
05-27 03:26:58.180 W/qdgralloc(  770): getInterlacedFlag: getMetaData returned -22, defaulting to interlaced_flag = 0
05-27 03:26:58.194 W/qdgralloc(  770): getInterlacedFlag: getMetaData returned -22, defaulting to interlaced_flag = 0
05-27 03:26:58.199 W/qdgralloc(  770): getInterlacedFlag: getMetaData returned -22, defaulting to interlaced_flag = 0
05-27 03:26:58.203 W/qdgralloc(  770): getInterlacedFlag: getMetaData returned -22, defaulting to interlaced_flag = 0
05-27 03:26:58.211 W/qdgralloc(  770): getInterlacedFlag: getMetaData returned -22, defaulting to interlaced_flag = 0
05-27 03:26:58.219 W/qdgralloc(  770): getInterlacedFlag: getMetaData returned -22, defaulting to interlaced_flag = 0
05-27 03:26:58.227 W/qdgralloc(  770): getInterlacedFlag: getMetaData returned -22, defaulting to interlaced_flag = 0
05-27 03:26:58.232 W/qdgralloc(  770): getInterlacedFlag: getMetaData returned -22, defaulting to interlaced_flag = 0
05-27 03:26:58.240 W/qdgralloc(  770): getInterlacedFlag: getMetaData returned -22, defaulting to interlaced_flag = 0
05-27 03:26:58.246 W/qdgralloc(  770): getInterlacedFlag: getMetaData returned -22, defaulting to interlaced_flag = 0
05-27 03:26:58.253 W/qdgralloc(  770): getInterlacedFlag: getMetaData returned -22, defaulting to interlaced_flag = 0
05-27 03:26:58.260 W/qdgralloc(  770): getInterlacedFlag: getMetaData returned -22, defaulting to interlaced_flag = 0
05-27 03:26:58.268 W/qdgralloc(  770): getInterlacedFlag: getMetaData returned -22, defaulting to interlaced_flag = 0
05-27 03:26:58.274 W/qdgralloc(  770): getInterlacedFlag: getMetaData returned -22, defaulting to interlaced_flag = 0
05-27 03:26:58.285 W/qdgralloc(  770): getInterlacedFlag: getMetaData returned -22, defaulting to interlaced_flag = 0
05-27 03:26:58.289 W/qdgralloc(  770): getInterlacedFlag: getMetaData returned -22, defaulting to interlaced_flag = 0
05-27 03:26:58.296 W/qdgralloc(  770): getInterlacedFlag: getMetaData returned -22, defaulting to interlaced_flag = 0
05-27 03:26:58.302 W/qdgralloc(  770): getInterlacedFlag: getMetaData returned -22, defaulting to interlaced_flag = 0
05-27 03:26:58.309 W/qdgralloc(  770): getInterlacedFlag: getMetaData returned -22, defaulting to interlaced_flag = 0
05-27 03:26:58.316 W/qdgralloc(  770): getInterlacedFlag: getMetaData returned -22, defaulting to interlaced_flag = 0
05-27 03:26:58.323 W/qdgralloc(  770): getInterlacedFlag: getMetaData returned -22, defaulting to interlaced_flag = 0
05-27 03:26:58.330 W/qdgralloc(  770): getInterlacedFlag: getMetaData returned -22, defaulting to interlaced_flag = 0
05-27 03:26:58.338 W/qdgralloc(  770): getInterlacedFlag: getMetaData returned -22, defaulting to interlaced_flag = 0
05-27 03:26:58.344 W/qdgralloc(  770): getInterlacedFlag: getMetaData returned -22, defaulting to interlaced_flag = 0
05-27 03:26:58.351 W/qdgralloc(  770): getInterlacedFlag: getMetaData returned -22, defaulting to interlaced_flag = 0
05-27 03:26:58.358 W/qdgralloc(  770): getInterlacedFlag: getMetaData returned -22, defaulting to interlaced_flag = 0
05-27 03:26:58.366 W/qdgralloc(  770): getInterlacedFlag: getMetaData returned -22, defaulting to interlaced_flag = 0
05-27 03:26:58.372 W/qdgralloc(  770): getInterlacedFlag: getMetaData returned -22, defaulting to interlaced_flag = 0
05-27 03:26:58.380 W/qdgralloc(  770): getInterlacedFlag: getMetaData returned -22, defaulting to interlaced_flag = 0
05-27 03:26:58.386 W/qdgralloc(  770): getInterlacedFlag: getMetaData returned -22, defaulting to interlaced_flag = 0
05-27 03:26:58.393 W/qdgralloc(  770): getInterlacedFlag: getMetaData returned -22, defaulting to interlaced_flag = 0
05-27 03:26:58.400 W/qdgralloc(  770): getInterlacedFlag: getMetaData returned -22, defaulting to interlaced_flag = 0
05-27 03:26:58.407 W/qdgralloc(  770): getInterlacedFlag: getMetaData returned -22, defaulting to interlaced_flag = 0
05-27 03:26:58.414 W/qdgralloc(  770): getInterlacedFlag: getMetaData returned -22, defaulting to interlaced_flag = 0
05-27 03:26:58.422 W/qdgralloc(  770): getInterlacedFlag: getMetaData returned -22, defaulting to interlaced_flag = 0
05-27 03:26:58.428 W/qdgralloc(  770): getInterlacedFlag: getMetaData returned -22, defaulting to interlaced_flag = 0
05-27 03:26:58.435 W/qdgralloc(  770): getInterlacedFlag: getMetaData returned -22, defaulting to interlaced_flag = 0
05-27 03:26:58.442 W/qdgralloc(  770): getInterlacedFlag: getMetaData returned -22, defaulting to interlaced_flag = 0
05-27 03:26:58.449 W/qdgralloc(  770): getInterlacedFlag: getMetaData returned -22, defaulting to interlaced_flag = 0
05-27 03:26:58.457 W/qdgralloc(  770): getInterlacedFlag: getMetaData returned -22, defaulting to interlaced_flag = 0
05-27 03:26:58.463 W/qdgralloc(  770): getInterlacedFlag: getMetaData returned -22, defaulting to interlaced_flag = 0
05-27 03:26:58.470 W/qdgralloc(  770): getInterlacedFlag: getMetaData returned -22, defaulting to interlaced_flag = 0
05-27 03:26:58.477 W/qdgralloc(  770): getInterlacedFlag: getMetaData returned -22, defaulting to interlaced_flag = 0
05-27 03:26:58.484 W/qdgralloc(  770): getInterlacedFlag: getMetaData returned -22, defaulting to interlaced_flag = 0
05-27 03:26:58.491 W/qdgralloc(  770): getInterlacedFlag: getMetaData returned -22, defaulting to interlaced_flag = 0
05-27 03:26:58.498 W/qdgralloc(  770): getInterlacedFlag: getMetaData returned -22, defaulting to interlaced_flag = 0
05-27 03:26:58.505 W/qdgralloc(  770): getInterlacedFlag: getMetaData returned -22, defaulting to interlaced_flag = 0
05-27 03:26:58.512 W/qdgralloc(  770): getInterlacedFlag: getMetaData returned -22, defaulting to interlaced_flag = 0
05-27 03:26:58.518 W/qdgralloc(  770): getInterlacedFlag: getMetaData returned -22, defaulting to interlaced_flag = 0
05-27 03:26:58.526 W/qdgralloc(  770): getInterlacedFlag: getMetaData returned -22, defaulting to interlaced_flag = 0
05-27 03:26:58.533 W/qdgralloc(  770): getInterlacedFlag: getMetaData returned -22, defaulting to interlaced_flag = 0
05-27 03:26:58.540 W/qdgralloc(  770): getInterlacedFlag: getMetaData returned -22, defaulting to interlaced_flag = 0
05-27 03:26:58.546 W/qdgralloc(  770): getInterlacedFlag: getMetaData returned -22, defaulting to interlaced_flag = 0
05-27 03:26:58.554 W/qdgralloc(  770): getInterlacedFlag: getMetaData returned -22, defaulting to interlaced_flag = 0
05-27 03:26:58.561 W/qdgralloc(  770): getInterlacedFlag: getMetaData returned -22, defaulting to interlaced_flag = 0
05-27 03:26:58.567 W/qdgralloc(  770): getInterlacedFlag: getMetaData returned -22, defaulting to interlaced_flag = 0
05-27 03:26:58.575 W/qdgralloc(  770): getInterlacedFlag: getMetaData returned -22, defaulting to interlaced_flag = 0
05-27 03:26:58.581 W/qdgralloc(  770): getInterlacedFlag: getMetaData returned -22, defaulting to interlaced_flag = 0
05-27 03:26:58.589 W/qdgralloc(  770): getInterlacedFlag: getMetaData returned -22, defaulting to interlaced_flag = 0
05-27 03:26:58.595 W/qdgralloc(  770): getInterlacedFlag: getMetaData returned -22, defaulting to interlaced_flag = 0
05-27 03:26:58.603 W/qdgralloc(  770): getInterlacedFlag: getMetaData returned -22, defaulting to interlaced_flag = 0
05-27 03:26:58.609 W/qdgralloc(  770): getInterlacedFlag: getMetaData returned -22, defaulting to interlaced_flag = 0
05-27 03:26:58.616 W/qdgralloc(  770): getInterlacedFlag: getMetaData returned -22, defaulting to interlaced_flag = 0
05-27 03:26:58.623 W/qdgralloc(  770): getInterlacedFlag: getMetaData returned -22, defaulting to interlaced_flag = 0
05-27 03:26:58.630 W/qdgralloc(  770): getInterlacedFlag: getMetaData returned -22, defaulting to interlaced_flag = 0
05-27 03:26:58.638 W/qdgralloc(  770): getInterlacedFlag: getMetaData returned -22, defaulting to interlaced_flag = 0
05-27 03:26:58.645 W/qdgralloc(  770): getInterlacedFlag: getMetaData returned -22, defaulting to interlaced_flag = 0
05-27 03:26:58.651 W/qdgralloc(  770): getInterlacedFlag: getMetaData returned -22, defaulting to interlaced_flag = 0
05-27 03:26:58.658 W/qdgralloc(  770): getInterlacedFlag: getMetaData returned -22, defaulting to interlaced_flag = 0
05-27 03:26:58.665 W/qdgralloc(  770): getInterlacedFlag: getMetaData returned -22, defaulting to interlaced_flag = 0
05-27 03:26:58.673 W/qdgralloc(  770): getInterlacedFlag: getMetaData returned -22, defaulting to interlaced_flag = 0
05-27 03:26:58.679 W/qdgralloc(  770): getInterlacedFlag: getMetaData returned -22, defaulting to interlaced_flag = 0
05-27 03:26:58.686 W/qdgralloc(  770): getInterlacedFlag: getMetaData returned -22, defaulting to interlaced_flag = 0
05-27 03:26:58.694 W/qdgralloc(  770): getInterlacedFlag: getMetaData returned -22, defaulting to interlaced_flag = 0
05-27 03:26:58.701 W/qdgralloc(  770): getInterlacedFlag: getMetaData returned -22, defaulting to interlaced_flag = 0
05-27 03:26:58.706 W/qdgralloc(  770): getInterlacedFlag: getMetaData returned -22, defaulting to interlaced_flag = 0
05-27 03:26:58.714 W/qdgralloc(  770): getInterlacedFlag: getMetaData returned -22, defaulting to interlaced_flag = 0
05-27 03:26:58.721 W/qdgralloc(  770): getInterlacedFlag: getMetaData returned -22, defaulting to interlaced_flag = 0
05-27 03:26:58.728 W/qdgralloc(  770): getInterlacedFlag: getMetaData returned -22, defaulting to interlaced_flag = 0
05-27 03:26:58.734 W/qdgralloc(  770): getInterlacedFlag: getMetaData returned -22, defaulting to interlaced_flag = 0
05-27 03:26:58.742 W/qdgralloc(  770): getInterlacedFlag: getMetaData returned -22, defaulting to interlaced_flag = 0
05-27 03:26:58.750 W/qdgralloc(  770): getInterlacedFlag: getMetaData returned -22, defaulting to interlaced_flag = 0
05-27 03:26:58.757 W/qdgralloc(  770): getInterlacedFlag: getMetaData returned -22, defaulting to interlaced_flag = 0
05-27 03:26:58.763 W/qdgralloc(  770): getInterlacedFlag: getMetaData returned -22, defaulting to interlaced_flag = 0
05-27 03:26:58.770 W/qdgralloc(  770): getInterlacedFlag: getMetaData returned -22, defaulting to interlaced_flag = 0
05-27 03:26:58.777 W/qdgralloc(  770): getInterlacedFlag: getMetaData returned -22, defaulting to interlaced_flag = 0
05-27 03:26:58.784 W/qdgralloc(  770): getInterlacedFlag: getMetaData returned -22, defaulting to interlaced_flag = 0
05-27 03:26:58.791 W/qdgralloc(  770): getInterlacedFlag: getMetaData returned -22, defaulting to interlaced_flag = 0
05-27 03:26:58.798 W/qdgralloc(  770): getInterlacedFlag: getMetaData returned -22, defaulting to interlaced_flag = 0
05-27 03:26:58.810 W/qdgralloc(  770): getInterlacedFlag: getMetaData returned -22, defaulting to interlaced_flag = 0
05-27 03:26:58.814 W/qdgralloc(  770): getInterlacedFlag: getMetaData returned -22, defaulting to interlaced_flag = 0
05-27 03:26:58.820 W/qdgralloc(  770): getInterlacedFlag: getMetaData returned -22, defaulting to interlaced_flag = 0
05-27 03:26:58.826 W/qdgralloc(  770): getInterlacedFlag: getMetaData returned -22, defaulting to interlaced_flag = 0
05-27 03:26:58.833 W/qdgralloc(  770): getInterlacedFlag: getMetaData returned -22, defaulting to interlaced_flag = 0
05-27 03:26:58.840 W/qdgralloc(  770): getInterlacedFlag: getMetaData returned -22, defaulting to interlaced_flag = 0
05-27 03:26:58.847 W/qdgralloc(  770): getInterlacedFlag: getMetaData returned -22, defaulting to interlaced_flag = 0
05-27 03:26:58.859 W/qdgralloc(  770): getInterlacedFlag: getMetaData returned -22, defaulting to interlaced_flag = 0
05-27 03:26:58.864 W/qdgralloc(  770): getInterlacedFlag: getMetaData returned -22, defaulting to interlaced_flag = 0
05-27 03:26:58.869 W/qdgralloc(  770): getInterlacedFlag: getMetaData returned -22, defaulting to interlaced_flag = 0
05-27 03:26:58.877 W/qdgralloc(  770): getInterlacedFlag: getMetaData returned -22, defaulting to interlaced_flag = 0
05-27 03:26:58.884 W/qdgralloc(  770): getInterlacedFlag: getMetaData returned -22, defaulting to interlaced_flag = 0
05-27 03:26:58.892 W/qdgralloc(  770): getInterlacedFlag: getMetaData returned -22, defaulting to interlaced_flag = 0
05-27 03:26:58.899 W/qdgralloc(  770): getInterlacedFlag: getMetaData returned -22, defaulting to interlaced_flag = 0
05-27 03:26:58.905 W/qdgralloc(  770): getInterlacedFlag: getMetaData returned -22, defaulting to interlaced_flag = 0
05-27 03:26:58.912 W/qdgralloc(  770): getInterlacedFlag: getMetaData returned -22, defaulting to interlaced_flag = 0
05-27 03:26:58.919 W/qdgralloc(  770): getInterlacedFlag: getMetaData returned -22, defaulting to interlaced_flag = 0
05-27 03:26:58.926 W/qdgralloc(  770): getInterlacedFlag: getMetaData returned -22, defaulting to interlaced_flag = 0
05-27 03:26:58.933 W/qdgralloc(  770): getInterlacedFlag: getMetaData returned -22, defaulting to interlaced_flag = 0
05-27 03:26:58.940 W/qdgralloc(  770): getInterlacedFlag: getMetaData returned -22, defaulting to interlaced_flag = 0
05-27 03:26:58.947 W/qdgralloc(  770): getInterlacedFlag: getMetaData returned -22, defaulting to interlaced_flag = 0
05-27 03:26:58.953 W/qdgralloc(  770): getInterlacedFlag: getMetaData returned -22, defaulting to interlaced_flag = 0
05-27 03:26:58.962 W/qdgralloc(  770): getInterlacedFlag: getMetaData returned -22, defaulting to interlaced_flag = 0
05-27 03:26:58.971 W/qdgralloc(  770): getInterlacedFlag: getMetaData returned -22, defaulting to interlaced_flag = 0
05-27 03:26:58.975 W/qdgralloc(  770): getInterlacedFlag: getMetaData returned -22, defaulting to interlaced_flag = 0
05-27 03:26:58.981 W/qdgralloc(  770): getInterlacedFlag: getMetaData returned -22, defaulting to interlaced_flag = 0
05-27 03:26:58.992 W/qdgralloc(  770): getInterlacedFlag: getMetaData returned -22, defaulting to interlaced_flag = 0
05-27 03:26:58.997 W/qdgralloc(  770): getInterlacedFlag: getMetaData returned -22, defaulting to interlaced_flag = 0
05-27 03:26:59.003 W/qdgralloc(  770): getInterlacedFlag: getMetaData returned -22, defaulting to interlaced_flag = 0
05-27 03:26:59.007 I/LogConnect(18746): connect  where =7,address =78:02:B7:40:F7:E2,GlobalVariable.PASS_WORD_VERIFICATION_TIME_OUT=false,GlobalVariable.isManualDisconnect=false
05-27 03:26:59.008 I/LogConnect(18746): postDelayed mBluetoothGatt=android.bluetooth.BluetoothGatt@10254a0,where =7,CONNECTION_STATUS = 0
05-27 03:26:59.008 D/BluetoothGatt(18746): connect() - device: 78:02:B7:40:F7:E2, auto: false, eattSupport: false
05-27 03:26:59.008 D/BluetoothGatt(18746): registerApp()
05-27 03:26:59.008 D/BluetoothGatt(18746): registerApp() - UUID=8f8353a0-107d-4ba1-acc3-ab832d57d7df
05-27 03:26:59.010 D/BtGatt.GattService( 3992): registerClient() - UUID=8f8353a0-107d-4ba1-acc3-ab832d57d7df
05-27 03:26:59.010 W/qdgralloc(  770): getInterlacedFlag: getMetaData returned -22, defaulting to interlaced_flag = 0
05-27 03:26:59.010 I/bt_stack( 3992): [INFO:gatt_api.cc(1414)] GATT_Register f4385006-5cc3-f421-9529-f1359cec3a01
05-27 03:26:59.010 I/bt_stack( 3992): [INFO:gatt_api.cc(1435)] allocated gatt_if=4
05-27 03:26:59.011 D/BtGatt.GattService( 3992): onClientRegistered() - UUID=8f8353a0-107d-4ba1-acc3-ab832d57d7df, clientIf=4
05-27 03:26:59.011 D/BluetoothGatt(18746): onClientRegistered() - status=0 clientIf=4
05-27 03:26:59.011 I/LogConnect(18746): connectGatt mBluetoothGatt=android.bluetooth.BluetoothGatt@7c9a9c9
05-27 03:26:59.012 D/BtGatt.GattService( 3992): clientConnect() - address=78:02:B7:40:F7:E2, addressType=0, isDirect=true, opportunistic=false, phy=1
05-27 03:26:59.012 D/bt_btif_config( 3992): btif_get_address_type: Device [78:02:b7:40:f7:e2] address type 0
05-27 03:26:59.012 D/bt_btif_config( 3992): btif_get_device_type: Device [78:02:b7:40:f7:e2] type 2
05-27 03:26:59.013 I/bt_stack( 3992): [INFO:gatt_api.cc(1604)] GATT_Connect gatt_if=4, address=78:02:b7:40:f7:e2 is_direct 1
05-27 03:26:59.013 I/bt_stack( 3992): [INFO:gatt_attr.cc(1296)] gatt_sr_init_cl_status: bda=78:02:b7:40:f7:e2, cl_supp_feat=0000, aware=1
05-27 03:26:59.013 D/vendor.qti.bluetooth@1.0-ibs_handler( 1758): SerialClockVote: vote for UART CLK ON
05-27 03:26:59.014 D/vendor.qti.bluetooth@1.0-wake_lock( 1758): Acquire wakelock is acquired 
05-27 03:26:59.014 I/vendor.qti.bluetooth@1.0-ibs_handler( 1758): DeviceWakeUp: Writing IBS_WAKE_IND
05-27 03:26:59.019 I/vendor.qti.bluetooth@1.0-ibs_handler( 1758): ProcessIbsCmd: Received IBS_WAKE_ACK: 0xFC
05-27 03:26:59.019 I/vendor.qti.bluetooth@1.0-ibs_handler( 1758): ProcessIbsCmd: Signal wack_cond_
05-27 03:26:59.019 D/vendor.qti.bluetooth@1.0-ibs_handler( 1758): DeviceWakeUp: Unblocked from waiting for FC, pthread_cond_timedwait ret = 0
05-27 03:26:59.021 I/vendor.qti.bluetooth@1.0-ibs_handler( 1758): ProcessIbsCmd: Received IBS_WAKE_IND: 0xFD
05-27 03:26:59.021 I/vendor.qti.bluetooth@1.0-ibs_handler( 1758): ProcessIbsCmd: Writing IBS_WAKE_ACK
05-27 03:26:59.024 W/qdgralloc(  770): getInterlacedFlag: getMetaData returned -22, defaulting to interlaced_flag = 0
05-27 03:26:59.030 W/qdgralloc(  770): getInterlacedFlag: getMetaData returned -22, defaulting to interlaced_flag = 0
05-27 03:26:59.038 W/qdgralloc(  770): getInterlacedFlag: getMetaData returned -22, defaulting to interlaced_flag = 0
05-27 03:26:59.045 W/qdgralloc(  770): getInterlacedFlag: getMetaData returned -22, defaulting to interlaced_flag = 0
05-27 03:26:59.050 I/MediaCodec(  770): [0xb4000077b6ccc840] enqueue 32 input frames in last 1068 ms, latest timeUs 2100000
05-27 03:26:59.052 W/qdgralloc(  770): getInterlacedFlag: getMetaData returned -22, defaulting to interlaced_flag = 0
05-27 03:26:59.053 I/MediaCodec(  770): [0xb4000077b6ccc840] dequeue 32 output frames in last 1058 ms, latest timeUs 2100000, flags 128
05-27 03:26:59.059 W/qdgralloc(  770): getInterlacedFlag: getMetaData returned -22, defaulting to interlaced_flag = 0
05-27 03:26:59.062 I/vendor.qti.bluetooth@1.0-ibs_handler( 1758): ProcessIbsCmd: Received IBS_SLEEP_IND: 0xFE
05-27 03:26:59.066 W/qdgralloc(  770): getInterlacedFlag: getMetaData returned -22, defaulting to interlaced_flag = 0
05-27 03:26:59.074 W/qdgralloc(  770): getInterlacedFlag: getMetaData returned -22, defaulting to interlaced_flag = 0
05-27 03:26:59.079 W/qdgralloc(  770): getInterlacedFlag: getMetaData returned -22, defaulting to interlaced_flag = 0
05-27 03:26:59.087 W/qdgralloc(  770): getInterlacedFlag: getMetaData returned -22, defaulting to interlaced_flag = 0
05-27 03:26:59.094 W/qdgralloc(  770): getInterlacedFlag: getMetaData returned -22, defaulting to interlaced_flag = 0
05-27 03:26:59.100 W/qdgralloc(  770): getInterlacedFlag: getMetaData returned -22, defaulting to interlaced_flag = 0
05-27 03:26:59.107 W/qdgralloc(  770): getInterlacedFlag: getMetaData returned -22, defaulting to interlaced_flag = 0
05-27 03:26:59.114 W/qdgralloc(  770): getInterlacedFlag: getMetaData returned -22, defaulting to interlaced_flag = 0
05-27 03:26:59.123 W/qdgralloc(  770): getInterlacedFlag: getMetaData returned -22, defaulting to interlaced_flag = 0
05-27 03:26:59.130 W/qdgralloc(  770): getInterlacedFlag: getMetaData returned -22, defaulting to interlaced_flag = 0
05-27 03:26:59.136 W/qdgralloc(  770): getInterlacedFlag: getMetaData returned -22, defaulting to interlaced_flag = 0
05-27 03:26:59.142 W/qdgralloc(  770): getInterlacedFlag: getMetaData returned -22, defaulting to interlaced_flag = 0
05-27 03:26:59.150 W/qdgralloc(  770): getInterlacedFlag: getMetaData returned -22, defaulting to interlaced_flag = 0
05-27 03:26:59.157 W/qdgralloc(  770): getInterlacedFlag: getMetaData returned -22, defaulting to interlaced_flag = 0
05-27 03:26:59.160 E/YouTubeVideoPlayer(  770): webview_error mainFrame=false url=https://pagead2.googlesyndication.com/activeview_ext?id=lidarv&dc_pubid=2&dc_exteid=3252262505537150711&acvw=sv%3D969%26v%3D20260519%26cb%3Dyw%26e%3D9%26nas%3D1%26sdk%3Db%26p%3D56,17,296,444%26tos%3D541,1494,0,0,0%26mtos%3D541,2035,2035,2035,2035%26amtos%3D541,1494,0,0,0%26mcvt%3D2035%26ps%3D460,7396%26scs%3D509,1130%26bs%3D460,259%26vht%3D0%26mut%3D0%26a%3D1%26ft%3D0%26dft%3D0%26at%3D2035%26dat%3D2035%26as%3D1%26vpt%3D2035%26gmm%3D4%26efpf%3D2%26nmt%3D0%26tcm%3D1%26bt%3D161%26pst%3D702%26dur%3D20000%26vmtime%3D2036%26dtos%3D2035%26dtoss%3D1%26dvs%3D2035%26dfvs%3D541%26dvpt%3D2035%26is%3D343%26i0%3D343%26ic%3D65%26cs%3D343%26c%3D0.84%26mc%3D1%26nc%3D0.84%26mv%3D1%26nv%3D1%26lte%3D1%26ces%26avms%3Dgeo%26qi%3DHyf69671YXOw22lP%26psm%3D7%26psv%3D7%26psfv%3D0%26psa%3D7%26pns%3D1%26ptlt%3D148302%26pngs%3D9,14,15s%26veid%3Dfmd%3A1%26ssb%3D0,0,0,0,0,0,0,0,0,2035,0%26co%3D7576541603%26tm%3D2035%26tu%3D0&gv=atos%3D541,2035,2035,2035,2035%26avt%3D2035%26davs%3D2035%26dafvs%3D541%26dav%3D2035%26ss%3D0.15%26t%3D1779832616942&dc_eps=AHas8cBqjSC-Z_7QtyzgwcH4F6cTcaTw1lPPYbcZSnRvY9f_9f-i1tIPoG-2WaiYRnrBG0ApLg3SZSejkq8c9A& description=net::ERR_CONNECTION_REFUSED code=-6
05-27 03:26:59.163 W/qdgralloc(  770): getInterlacedFlag: getMetaData returned -22, defaulting to interlaced_flag = 0
05-27 03:26:59.170 W/qdgralloc(  770): getInterlacedFlag: getMetaData returned -22, defaulting to interlaced_flag = 0
05-27 03:26:59.177 W/qdgralloc(  770): getInterlacedFlag: getMetaData returned -22, defaulting to interlaced_flag = 0
05-27 03:26:59.185 W/qdgralloc(  770): getInterlacedFlag: getMetaData returned -22, defaulting to interlaced_flag = 0
05-27 03:26:59.192 W/qdgralloc(  770): getInterlacedFlag: getMetaData returned -22, defaulting to interlaced_flag = 0
05-27 03:26:59.196 E/minksocket( 1748): MinkIPC_QRTR_Service: client with node 1 port 77b9 went down
05-27 03:26:59.198 E/minksocket( 1748): MinkIPC_QRTR_Service: client with node 1 port 77ba went down
05-27 03:26:59.199 W/qdgralloc(  770): getInterlacedFlag: getMetaData returned -22, defaulting to interlaced_flag = 0
05-27 03:26:59.199 E/minksocket( 1748): MinkIPC_QRTR_Service: client with node 1 port 77bb went down
05-27 03:26:59.200 E/minksocket( 1748): MinkIPC_QRTR_Service: client with node 1 port 77bc went down
05-27 03:26:59.206 W/qdgralloc(  770): getInterlacedFlag: getMetaData returned -22, defaulting to interlaced_flag = 0
05-27 03:26:59.212 W/qdgralloc(  770): getInterlacedFlag: getMetaData returned -22, defaulting to interlaced_flag = 0
05-27 03:26:59.220 W/qdgralloc(  770): getInterlacedFlag: getMetaData returned -22, defaulting to interlaced_flag = 0
05-27 03:26:59.226 W/qdgralloc(  770): getInterlacedFlag: getMetaData returned -22, defaulting to interlaced_flag = 0
05-27 03:26:59.233 W/qdgralloc(  770): getInterlacedFlag: getMetaData returned -22, defaulting to interlaced_flag = 0
05-27 03:26:59.241 W/qdgralloc(  770): getInterlacedFlag: getMetaData returned -22, defaulting to interlaced_flag = 0
05-27 03:26:59.247 W/qdgralloc(  770): getInterlacedFlag: getMetaData returned -22, defaulting to interlaced_flag = 0
05-27 03:26:59.255 W/qdgralloc(  770): getInterlacedFlag: getMetaData returned -22, defaulting to interlaced_flag = 0
05-27 03:26:59.262 W/qdgralloc(  770): getInterlacedFlag: getMetaData returned -22, defaulting to interlaced_flag = 0
05-27 03:26:59.268 W/qdgralloc(  770): getInterlacedFlag: getMetaData returned -22, defaulting to interlaced_flag = 0
05-27 03:26:59.275 W/qdgralloc(  770): getInterlacedFlag: getMetaData returned -22, defaulting to interlaced_flag = 0
05-27 03:26:59.282 W/qdgralloc(  770): getInterlacedFlag: getMetaData returned -22, defaulting to interlaced_flag = 0
05-27 03:26:59.289 W/qdgralloc(  770): getInterlacedFlag: getMetaData returned -22, defaulting to interlaced_flag = 0
05-27 03:26:59.297 W/qdgralloc(  770): getInterlacedFlag: getMetaData returned -22, defaulting to interlaced_flag = 0
05-27 03:26:59.303 W/qdgralloc(  770): getInterlacedFlag: getMetaData returned -22, defaulting to interlaced_flag = 0
05-27 03:26:59.310 W/qdgralloc(  770): getInterlacedFlag: getMetaData returned -22, defaulting to interlaced_flag = 0
05-27 03:26:59.317 W/qdgralloc(  770): getInterlacedFlag: getMetaData returned -22, defaulting to interlaced_flag = 0
05-27 03:26:59.325 W/qdgralloc(  770): getInterlacedFlag: getMetaData returned -22, defaulting to interlaced_flag = 0
05-27 03:26:59.331 W/qdgralloc(  770): getInterlacedFlag: getMetaData returned -22, defaulting to interlaced_flag = 0
05-27 03:26:59.337 W/qdgralloc(  770): getInterlacedFlag: getMetaData returned -22, defaulting to interlaced_flag = 0
05-27 03:26:59.345 W/qdgralloc(  770): getInterlacedFlag: getMetaData returned -22, defaulting to interlaced_flag = 0
05-27 03:26:59.352 W/qdgralloc(  770): getInterlacedFlag: getMetaData returned -22, defaulting to interlaced_flag = 0
05-27 03:26:59.359 W/qdgralloc(  770): getInterlacedFlag: getMetaData returned -22, defaulting to interlaced_flag = 0
05-27 03:26:59.366 W/qdgralloc(  770): getInterlacedFlag: getMetaData returned -22, defaulting to interlaced_flag = 0
05-27 03:26:59.373 W/qdgralloc(  770): getInterlacedFlag: getMetaData returned -22, defaulting to interlaced_flag = 0
05-27 03:26:59.395 W/qdgralloc(  770): getInterlacedFlag: getMetaData returned -22, defaulting to interlaced_flag = 0
05-27 03:26:59.401 W/qdgralloc(  770): getInterlacedFlag: getMetaData returned -22, defaulting to interlaced_flag = 0
05-27 03:26:59.407 W/qdgralloc(  770): getInterlacedFlag: getMetaData returned -22, defaulting to interlaced_flag = 0
05-27 03:26:59.416 W/qdgralloc(  770): getInterlacedFlag: getMetaData returned -22, defaulting to interlaced_flag = 0
05-27 03:26:59.422 W/qdgralloc(  770): getInterlacedFlag: getMetaData returned -22, defaulting to interlaced_flag = 0
05-27 03:26:59.428 W/qdgralloc(  770): getInterlacedFlag: getMetaData returned -22, defaulting to interlaced_flag = 0
05-27 03:26:59.436 W/qdgralloc(  770): getInterlacedFlag: getMetaData returned -22, defaulting to interlaced_flag = 0
05-27 03:26:59.442 W/qdgralloc(  770): getInterlacedFlag: getMetaData returned -22, defaulting to interlaced_flag = 0
05-27 03:26:59.449 W/qdgralloc(  770): getInterlacedFlag: getMetaData returned -22, defaulting to interlaced_flag = 0
05-27 03:26:59.457 W/qdgralloc(  770): getInterlacedFlag: getMetaData returned -22, defaulting to interlaced_flag = 0
05-27 03:26:59.464 W/qdgralloc(  770): getInterlacedFlag: getMetaData returned -22, defaulting to interlaced_flag = 0
05-27 03:26:59.470 W/qdgralloc(  770): getInterlacedFlag: getMetaData returned -22, defaulting to interlaced_flag = 0
05-27 03:26:59.478 W/qdgralloc(  770): getInterlacedFlag: getMetaData returned -22, defaulting to interlaced_flag = 0
05-27 03:26:59.484 W/qdgralloc(  770): getInterlacedFlag: getMetaData returned -22, defaulting to interlaced_flag = 0
05-27 03:26:59.491 W/qdgralloc(  770): getInterlacedFlag: getMetaData returned -22, defaulting to interlaced_flag = 0
05-27 03:26:59.499 W/qdgralloc(  770): getInterlacedFlag: getMetaData returned -22, defaulting to interlaced_flag = 0
05-27 03:26:59.505 W/qdgralloc(  770): getInterlacedFlag: getMetaData returned -22, defaulting to interlaced_flag = 0
05-27 03:26:59.512 W/qdgralloc(  770): getInterlacedFlag: getMetaData returned -22, defaulting to interlaced_flag = 0
05-27 03:26:59.519 W/qdgralloc(  770): getInterlacedFlag: getMetaData returned -22, defaulting to interlaced_flag = 0
05-27 03:26:59.527 W/qdgralloc(  770): getInterlacedFlag: getMetaData returned -22, defaulting to interlaced_flag = 0
05-27 03:26:59.533 W/qdgralloc(  770): getInterlacedFlag: getMetaData returned -22, defaulting to interlaced_flag = 0
05-27 03:26:59.540 W/qdgralloc(  770): getInterlacedFlag: getMetaData returned -22, defaulting to interlaced_flag = 0
05-27 03:26:59.549 W/qdgralloc(  770): getInterlacedFlag: getMetaData returned -22, defaulting to interlaced_flag = 0
05-27 03:26:59.554 W/qdgralloc(  770): getInterlacedFlag: getMetaData returned -22, defaulting to interlaced_flag = 0
05-27 03:26:59.561 W/qdgralloc(  770): getInterlacedFlag: getMetaData returned -22, defaulting to interlaced_flag = 0
05-27 03:26:59.569 W/qdgralloc(  770): getInterlacedFlag: getMetaData returned -22, defaulting to interlaced_flag = 0
05-27 03:26:59.575 W/qdgralloc(  770): getInterlacedFlag: getMetaData returned -22, defaulting to interlaced_flag = 0
05-27 03:26:59.582 W/qdgralloc(  770): getInterlacedFlag: getMetaData returned -22, defaulting to interlaced_flag = 0
05-27 03:26:59.590 W/qdgralloc(  770): getInterlacedFlag: getMetaData returned -22, defaulting to interlaced_flag = 0
05-27 03:26:59.596 W/qdgralloc(  770): getInterlacedFlag: getMetaData returned -22, defaulting to interlaced_flag = 0
05-27 03:26:59.602 W/qdgralloc(  770): getInterlacedFlag: getMetaData returned -22, defaulting to interlaced_flag = 0
05-27 03:26:59.610 W/qdgralloc(  770): getInterlacedFlag: getMetaData returned -22, defaulting to interlaced_flag = 0
05-27 03:26:59.617 W/qdgralloc(  770): getInterlacedFlag: getMetaData returned -22, defaulting to interlaced_flag = 0
05-27 03:26:59.624 W/qdgralloc(  770): getInterlacedFlag: getMetaData returned -22, defaulting to interlaced_flag = 0
05-27 03:26:59.631 W/qdgralloc(  770): getInterlacedFlag: getMetaData returned -22, defaulting to interlaced_flag = 0
05-27 03:26:59.638 W/qdgralloc(  770): getInterlacedFlag: getMetaData returned -22, defaulting to interlaced_flag = 0
05-27 03:26:59.645 W/qdgralloc(  770): getInterlacedFlag: getMetaData returned -22, defaulting to interlaced_flag = 0
05-27 03:26:59.652 W/qdgralloc(  770): getInterlacedFlag: getMetaData returned -22, defaulting to interlaced_flag = 0
05-27 03:26:59.658 W/qdgralloc(  770): getInterlacedFlag: getMetaData returned -22, defaulting to interlaced_flag = 0
05-27 03:26:59.666 W/qdgralloc(  770): getInterlacedFlag: getMetaData returned -22, defaulting to interlaced_flag = 0
05-27 03:26:59.674 W/qdgralloc(  770): getInterlacedFlag: getMetaData returned -22, defaulting to interlaced_flag = 0
05-27 03:26:59.680 W/qdgralloc(  770): getInterlacedFlag: getMetaData returned -22, defaulting to interlaced_flag = 0
05-27 03:26:59.688 W/qdgralloc(  770): getInterlacedFlag: getMetaData returned -22, defaulting to interlaced_flag = 0
05-27 03:26:59.694 W/qdgralloc(  770): getInterlacedFlag: getMetaData returned -22, defaulting to interlaced_flag = 0
05-27 03:26:59.700 W/qdgralloc(  770): getInterlacedFlag: getMetaData returned -22, defaulting to interlaced_flag = 0
05-27 03:26:59.708 W/qdgralloc(  770): getInterlacedFlag: getMetaData returned -22, defaulting to interlaced_flag = 0
05-27 03:26:59.715 W/qdgralloc(  770): getInterlacedFlag: getMetaData returned -22, defaulting to interlaced_flag = 0
05-27 03:26:59.722 W/qdgralloc(  770): getInterlacedFlag: getMetaData returned -22, defaulting to interlaced_flag = 0
05-27 03:26:59.732 W/qdgralloc(  770): getInterlacedFlag: getMetaData returned -22, defaulting to interlaced_flag = 0
05-27 03:26:59.737 W/qdgralloc(  770): getInterlacedFlag: getMetaData returned -22, defaulting to interlaced_flag = 0
05-27 03:26:59.743 W/qdgralloc(  770): getInterlacedFlag: getMetaData returned -22, defaulting to interlaced_flag = 0
05-27 03:26:59.749 W/qdgralloc(  770): getInterlacedFlag: getMetaData returned -22, defaulting to interlaced_flag = 0
05-27 03:26:59.757 W/qdgralloc(  770): getInterlacedFlag: getMetaData returned -22, defaulting to interlaced_flag = 0
05-27 03:26:59.764 W/qdgralloc(  770): getInterlacedFlag: getMetaData returned -22, defaulting to interlaced_flag = 0
05-27 03:26:59.773 W/qdgralloc(  770): getInterlacedFlag: getMetaData returned -22, defaulting to interlaced_flag = 0
05-27 03:26:59.778 W/qdgralloc(  770): getInterlacedFlag: getMetaData returned -22, defaulting to interlaced_flag = 0
05-27 03:26:59.784 W/qdgralloc(  770): getInterlacedFlag: getMetaData returned -22, defaulting to interlaced_flag = 0
05-27 03:26:59.792 W/qdgralloc(  770): getInterlacedFlag: getMetaData returned -22, defaulting to interlaced_flag = 0
05-27 03:26:59.799 W/qdgralloc(  770): getInterlacedFlag: getMetaData returned -22, defaulting to interlaced_flag = 0
05-27 03:26:59.805 W/qdgralloc(  770): getInterlacedFlag: getMetaData returned -22, defaulting to interlaced_flag = 0
05-27 03:26:59.812 W/qdgralloc(  770): getInterlacedFlag: getMetaData returned -22, defaulting to interlaced_flag = 0
05-27 03:26:59.819 W/qdgralloc(  770): getInterlacedFlag: getMetaData returned -22, defaulting to interlaced_flag = 0
05-27 03:26:59.827 W/qdgralloc(  770): getInterlacedFlag: getMetaData returned -22, defaulting to interlaced_flag = 0
05-27 03:26:59.836 W/qdgralloc(  770): getInterlacedFlag: getMetaData returned -22, defaulting to interlaced_flag = 0
05-27 03:26:59.841 W/qdgralloc(  770): getInterlacedFlag: getMetaData returned -22, defaulting to interlaced_flag = 0
05-27 03:26:59.847 W/qdgralloc(  770): getInterlacedFlag: getMetaData returned -22, defaulting to interlaced_flag = 0
05-27 03:26:59.855 W/qdgralloc(  770): getInterlacedFlag: getMetaData returned -22, defaulting to interlaced_flag = 0
05-27 03:26:59.862 W/qdgralloc(  770): getInterlacedFlag: getMetaData returned -22, defaulting to interlaced_flag = 0
05-27 03:26:59.869 W/qdgralloc(  770): getInterlacedFlag: getMetaData returned -22, defaulting to interlaced_flag = 0
05-27 03:26:59.876 W/qdgralloc(  770): getInterlacedFlag: getMetaData returned -22, defaulting to interlaced_flag = 0
05-27 03:26:59.882 W/qdgralloc(  770): getInterlacedFlag: getMetaData returned -22, defaulting to interlaced_flag = 0
05-27 03:26:59.890 W/qdgralloc(  770): getInterlacedFlag: getMetaData returned -22, defaulting to interlaced_flag = 0
05-27 03:26:59.898 W/qdgralloc(  770): getInterlacedFlag: getMetaData returned -22, defaulting to interlaced_flag = 0
05-27 03:26:59.903 W/qdgralloc(  770): getInterlacedFlag: getMetaData returned -22, defaulting to interlaced_flag = 0
05-27 03:26:59.911 W/qdgralloc(  770): getInterlacedFlag: getMetaData returned -22, defaulting to interlaced_flag = 0
05-27 03:26:59.917 W/qdgralloc(  770): getInterlacedFlag: getMetaData returned -22, defaulting to interlaced_flag = 0
05-27 03:26:59.924 W/qdgralloc(  770): getInterlacedFlag: getMetaData returned -22, defaulting to interlaced_flag = 0
05-27 03:26:59.931 W/qdgralloc(  770): getInterlacedFlag: getMetaData returned -22, defaulting to interlaced_flag = 0
05-27 03:26:59.939 W/qdgralloc(  770): getInterlacedFlag: getMetaData returned -22, defaulting to interlaced_flag = 0
05-27 03:26:59.945 W/qdgralloc(  770): getInterlacedFlag: getMetaData returned -22, defaulting to interlaced_flag = 0
05-27 03:26:59.952 W/qdgralloc(  770): getInterlacedFlag: getMetaData returned -22, defaulting to interlaced_flag = 0
05-27 03:26:59.959 W/qdgralloc(  770): getInterlacedFlag: getMetaData returned -22, defaulting to interlaced_flag = 0
05-27 03:26:59.966 W/qdgralloc(  770): getInterlacedFlag: getMetaData returned -22, defaulting to interlaced_flag = 0
05-27 03:26:59.982 W/qdgralloc(  770): getInterlacedFlag: getMetaData returned -22, defaulting to interlaced_flag = 0
05-27 03:26:59.986 W/qdgralloc(  770): getInterlacedFlag: getMetaData returned -22, defaulting to interlaced_flag = 0
05-27 03:26:59.991 W/qdgralloc(  770): getInterlacedFlag: getMetaData returned -22, defaulting to interlaced_flag = 0
05-27 03:26:59.998 W/qdgralloc(  770): getInterlacedFlag: getMetaData returned -22, defaulting to interlaced_flag = 0
05-27 03:27:00.005 V/Avrcp_ext( 3992): onPlaybackStateChanged: state PlaybackState {state=PLAYING(3), position=0, buffered position=0, speed=1.0, updated=1655409152, actions=7339703, custom actions=[], active item id=0, error=null}
05-27 03:27:00.005 V/APM: MediaControlManager( 3992): onPlaybackStateChanged
05-27 03:27:00.005 W/McpService( 3992): updatePlaybackState state PlaybackState {state=PLAYING(3), position=0, buffered position=0, speed=1.0, updated=1655409152, actions=7339703, custom actions=[], active item id=0, error=null}
05-27 03:27:00.005 W/McpService( 3992): updatePlaybackState mState: 1 state: 1
05-27 03:27:00.006 W/qdgralloc(  770): getInterlacedFlag: getMetaData returned -22, defaulting to interlaced_flag = 0
05-27 03:27:00.006 V/Avrcp_ext( 3992): updateCurrentMediaState: mMediaController: MediaController (com.deepeye.musicpro.debug@8fb2c32) null
05-27 03:27:00.006 W/Avrcp_ext( 3992): isMusicActive: true getBluetoothPlayState: 1 A2dp State: 11 mAudioPlaybackIsActive: true
05-27 03:27:00.007 D/Avrcp_ext( 3992): isMusicActive = true mAudioPlaybackIsActive = true player state = PlaybackState {state=PLAYING(3), position=3, buffered position=0, speed=1.0, updated=1655409155, actions=7339703, custom actions=[], active item id=0, error=null}
05-27 03:27:00.007 V/Avrcp_ext( 3992): Media update: id 0➡0? [MediaAttributes: none] : [MediaAttributes: none]
05-27 03:27:00.007 D/Avrcp_ext( 3992): isPackageNameValid: browsedPackage = com.deepeye.musicpro.debugisValid = true
05-27 03:27:00.007 V/Avrcp_ext( 3992): isBrowseSupported for com.deepeye.musicpro.debug: false
05-27 03:27:00.007 W/Avrcp_ext( 3992): updateCurrentMediaState: isInactivePlayer = false
05-27 03:27:00.007 V/Avrcp_ext( 3992): updatePlaybackState, state: PlaybackState {state=PLAYING(3), position=3, buffered position=0, speed=1.0, updated=1655409155, actions=7339703, custom actions=[], active item id=0, error=null} device: null
05-27 03:27:00.007 V/Avrcp_ext( 3992): Device: no name: 
05-27 03:27:00.007 V/Avrcp_ext( 3992): Device: no name: 
05-27 03:27:00.007 V/Avrcp_ext( 3992): Device: no name: 
05-27 03:27:00.007 V/Avrcp_ext( 3992): Device: no name: 
05-27 03:27:00.007 V/Avrcp_ext( 3992): Device: no name: 
05-27 03:27:00.008 V/Avrcp_ext( 3992): updatePlayerStateAndPosition, old=PlaybackState {state=PLAYING(3), position=2, buffered position=0, speed=1.0, updated=1655406154, actions=7339703, custom actions=[], active item id=0, error=null}, state=PlaybackState {state=PLAYING(3), position=3, buffered position=0, speed=1.0, updated=1655409155, actions=7339703, custom actions=[], active item id=0, error=null}
05-27 03:27:00.008 V/Avrcp_ext( 3992): old state = PlaybackState {state=PLAYING(3), position=2, buffered position=0, speed=1.0, updated=1655406154, actions=7339703, custom actions=[], active item id=0, error=null}, new state= PlaybackState {state=PLAYING(3), position=3, buffered position=0, speed=1.0, updated=1655409155, actions=7339703, custom actions=[], active item id=0, error=null}
05-27 03:27:00.008 D/HeadsetService( 3992): getHeadsetService(): returning com.android.bluetooth.hfp.HeadsetService@9390a13
05-27 03:27:00.008 E/HeadsetStateMachine( 3992): returning mCurrentState as Disconnected
05-27 03:27:00.008 E/HeadsetStateMachine( 3992): returning mCurrentState as Disconnected
05-27 03:27:00.008 D/HeadsetService( 3992):  isAudioOn: The number of audio connected devices 0
05-27 03:27:00.008 D/HeadsetService( 3992): isScoOrCallActive(): Call Active:falseCall is Ringing:falseSCO is Active:false
05-27 03:27:00.008 E/HeadsetStateMachine( 3992): returning mCurrentState as Disconnected
05-27 03:27:00.008 E/HeadsetStateMachine( 3992): returning mCurrentState as Disconnected
05-27 03:27:00.008 D/HeadsetService( 3992):  isAudioOn: The number of audio connected devices 0
05-27 03:27:00.008 V/Avrcp_ext( 3992): isPlayStateTobeUpdated: device: null
05-27 03:27:00.008 V/Avrcp_ext( 3992): Single connection exists
05-27 03:27:00.008 E/HeadsetStateMachine( 3992): returning mCurrentState as Disconnected
05-27 03:27:00.008 E/HeadsetStateMachine( 3992): returning mCurrentState as Disconnected
05-27 03:27:00.008 D/HeadsetService( 3992):  isAudioOn: The number of audio connected devices 0
05-27 03:27:00.008 D/HeadsetService( 3992): isScoOrCallActive(): Call Active:falseCall is Ringing:falseSCO is Active:false
05-27 03:27:00.008 E/HeadsetStateMachine( 3992): returning mCurrentState as Disconnected
05-27 03:27:00.008 E/HeadsetStateMachine( 3992): returning mCurrentState as Disconnected
05-27 03:27:00.008 D/HeadsetService( 3992):  isAudioOn: The number of audio connected devices 0
05-27 03:27:00.008 V/Avrcp_ext( 3992): isPlayStateTobeUpdated: device: null
05-27 03:27:00.008 V/Avrcp_ext( 3992): Single connection exists
05-27 03:27:00.008 E/HeadsetStateMachine( 3992): returning mCurrentState as Disconnected
05-27 03:27:00.008 E/HeadsetStateMachine( 3992): returning mCurrentState as Disconnected
05-27 03:27:00.008 D/HeadsetService( 3992):  isAudioOn: The number of audio connected devices 0
05-27 03:27:00.008 D/HeadsetService( 3992): isScoOrCallActive(): Call Active:falseCall is Ringing:falseSCO is Active:false
05-27 03:27:00.008 E/HeadsetStateMachine( 3992): returning mCurrentState as Disconnected
05-27 03:27:00.008 E/HeadsetStateMachine( 3992): returning mCurrentState as Disconnected
05-27 03:27:00.008 D/HeadsetService( 3992):  isAudioOn: The number of audio connected devices 0
