05-27 03:27:21.252 W/qdgralloc(  770): getInterlacedFlag: getMetaData returned -22, defaulting to interlaced_flag = 0
05-27 03:27:21.294 W/qdgralloc(  770): getInterlacedFlag: getMetaData returned -22, defaulting to interlaced_flag = 0
05-27 03:27:21.337 W/qdgralloc(  770): getInterlacedFlag: getMetaData returned -22, defaulting to interlaced_flag = 0
05-27 03:27:21.364 W/qdgralloc(  770): getInterlacedFlag: getMetaData returned -22, defaulting to interlaced_flag = 0
05-27 03:27:21.371 W/qdgralloc(  770): getInterlacedFlag: getMetaData returned -22, defaulting to interlaced_flag = 0
05-27 03:27:21.415 W/qdgralloc(  770): getInterlacedFlag: getMetaData returned -22, defaulting to interlaced_flag = 0
05-27 03:27:21.425 W/qdgralloc(  770): getInterlacedFlag: getMetaData returned -22, defaulting to interlaced_flag = 0
05-27 03:27:21.432 W/qdgralloc(  770): getInterlacedFlag: getMetaData returned -22, defaulting to interlaced_flag = 0
05-27 03:27:21.457 W/qdgralloc(  770): getInterlacedFlag: getMetaData returned -22, defaulting to interlaced_flag = 0
05-27 03:27:21.500 W/qdgralloc(  770): getInterlacedFlag: getMetaData returned -22, defaulting to interlaced_flag = 0
05-27 03:27:21.531 W/qdgralloc(  770): getInterlacedFlag: getMetaData returned -22, defaulting to interlaced_flag = 0
05-27 03:27:21.560 W/qdgralloc(  770): getInterlacedFlag: getMetaData returned -22, defaulting to interlaced_flag = 0
05-27 03:27:21.572 W/qdgralloc(  770): getInterlacedFlag: getMetaData returned -22, defaulting to interlaced_flag = 0
05-27 03:27:21.620 W/qdgralloc(  770): getInterlacedFlag: getMetaData returned -22, defaulting to interlaced_flag = 0
05-27 03:27:21.628 W/qdgralloc(  770): getInterlacedFlag: getMetaData returned -22, defaulting to interlaced_flag = 0
05-27 03:27:21.635 W/qdgralloc(  770): getInterlacedFlag: getMetaData returned -22, defaulting to interlaced_flag = 0
05-27 03:27:21.644 D/YouTubeWebViewConsole(  770): level=WARNING message=The resource https://rr1---sn-ci5gup-qxale.googlevideo.com/generate_204 was preloaded using link preload but not used within a few seconds from the window's load event. Please make sure it has an appropriate `as` value and it is preloaded intentionally. line=0 source=https://www.youtube.com/watch?v=ilNt2bikxDI
05-27 03:27:21.645 D/YouTubeWebViewConsole(  770): level=WARNING message=The resource https://i.ytimg.com/generate_204 was preloaded using link preload but not used within a few seconds from the window's load event. Please make sure it has an appropriate `as` value and it is preloaded intentionally. line=0 source=https://www.youtube.com/watch?v=ilNt2bikxDI
05-27 03:27:21.645 D/YouTubeWebViewConsole(  770): level=WARNING message=The resource https://rr3---sn-u1qxac-53.c.youtube.com/generate_204 was preloaded using link preload but not used within a few seconds from the window's load event. Please make sure it has an appropriate `as` value and it is preloaded intentionally. line=0 source=https://www.youtube.com/watch?v=ilNt2bikxDI
05-27 03:27:21.656 W/qdgralloc(  770): getInterlacedFlag: getMetaData returned -22, defaulting to interlaced_flag = 0
05-27 03:27:21.696 W/qdgralloc(  770): getInterlacedFlag: getMetaData returned -22, defaulting to interlaced_flag = 0
05-27 03:27:21.735 W/qdgralloc(  770): getInterlacedFlag: getMetaData returned -22, defaulting to interlaced_flag = 0
05-27 03:27:21.760 I/MediaCodec(  770): [0xb4000077b6d47ef0] enqueue 30 input frames in last 1207 ms, latest timeUs 4480000
05-27 03:27:21.762 W/qdgralloc(  770): getInterlacedFlag: getMetaData returned -22, defaulting to interlaced_flag = 0
05-27 03:27:21.763 I/MediaCodec(  770): [0xb4000077b6d47ef0] dequeue 30 output frames in last 1206 ms, latest timeUs 4480000, flags 128
05-27 03:27:21.775 W/qdgralloc(  770): getInterlacedFlag: getMetaData returned -22, defaulting to interlaced_flag = 0
05-27 03:27:21.820 W/qdgralloc(  770): getInterlacedFlag: getMetaData returned -22, defaulting to interlaced_flag = 0
05-27 03:27:21.831 W/qdgralloc(  770): getInterlacedFlag: getMetaData returned -22, defaulting to interlaced_flag = 0
05-27 03:27:21.837 W/qdgralloc(  770): getInterlacedFlag: getMetaData returned -22, defaulting to interlaced_flag = 0
05-27 03:27:21.854 W/qdgralloc(  770): getInterlacedFlag: getMetaData returned -22, defaulting to interlaced_flag = 0
05-27 03:27:21.898 W/qdgralloc(  770): getInterlacedFlag: getMetaData returned -22, defaulting to interlaced_flag = 0
05-27 03:27:21.938 W/qdgralloc(  770): getInterlacedFlag: getMetaData returned -22, defaulting to interlaced_flag = 0
05-27 03:27:21.965 W/qdgralloc(  770): getInterlacedFlag: getMetaData returned -22, defaulting to interlaced_flag = 0
05-27 03:27:21.979 W/qdgralloc(  770): getInterlacedFlag: getMetaData returned -22, defaulting to interlaced_flag = 0
05-27 03:27:22.015 W/qdgralloc(  770): getInterlacedFlag: getMetaData returned -22, defaulting to interlaced_flag = 0
05-27 03:27:22.026 W/qdgralloc(  770): getInterlacedFlag: getMetaData returned -22, defaulting to interlaced_flag = 0
05-27 03:27:22.033 W/qdgralloc(  770): getInterlacedFlag: getMetaData returned -22, defaulting to interlaced_flag = 0
05-27 03:27:22.055 W/qdgralloc(  770): getInterlacedFlag: getMetaData returned -22, defaulting to interlaced_flag = 0
05-27 03:27:22.095 D/DlbDap2ProcessWithIht( 1756): process() called [36336000] times with input format 0x22 and channel mask 0x3 (ProcessingMode=1), htEnable=0(0, 0, 0)
05-27 03:27:22.098 W/qdgralloc(  770): getInterlacedFlag: getMetaData returned -22, defaulting to interlaced_flag = 0
05-27 03:27:22.140 W/qdgralloc(  770): getInterlacedFlag: getMetaData returned -22, defaulting to interlaced_flag = 0
05-27 03:27:22.163 W/qdgralloc(  770): getInterlacedFlag: getMetaData returned -22, defaulting to interlaced_flag = 0
05-27 03:27:22.174 W/qdgralloc(  770): getInterlacedFlag: getMetaData returned -22, defaulting to interlaced_flag = 0
05-27 03:27:22.181 D/BufferPoolAccessor2.0( 1859): evictor expired: 1, evicted: 0
05-27 03:27:22.218 W/qdgralloc(  770): getInterlacedFlag: getMetaData returned -22, defaulting to interlaced_flag = 0
05-27 03:27:22.228 W/qdgralloc(  770): getInterlacedFlag: getMetaData returned -22, defaulting to interlaced_flag = 0
05-27 03:27:22.235 W/qdgralloc(  770): getInterlacedFlag: getMetaData returned -22, defaulting to interlaced_flag = 0
05-27 03:27:22.259 W/qdgralloc(  770): getInterlacedFlag: getMetaData returned -22, defaulting to interlaced_flag = 0
05-27 03:27:22.295 W/qdgralloc(  770): getInterlacedFlag: getMetaData returned -22, defaulting to interlaced_flag = 0
05-27 03:27:22.303 W/qdgralloc(  770): getInterlacedFlag: getMetaData returned -22, defaulting to interlaced_flag = 0
05-27 03:27:22.333 W/qdgralloc(  770): getInterlacedFlag: getMetaData returned -22, defaulting to interlaced_flag = 0
05-27 03:27:22.352 D/MiniPlayerGesture(  770): Gesture aborted before slop.
05-27 03:27:22.361 W/qdgralloc(  770): getInterlacedFlag: getMetaData returned -22, defaulting to interlaced_flag = 0
05-27 03:27:22.374 W/qdgralloc(  770): getInterlacedFlag: getMetaData returned -22, defaulting to interlaced_flag = 0
05-27 03:27:22.419 W/qdgralloc(  770): getInterlacedFlag: getMetaData returned -22, defaulting to interlaced_flag = 0
05-27 03:27:22.425 W/qdgralloc(  770): getInterlacedFlag: getMetaData returned -22, defaulting to interlaced_flag = 0
05-27 03:27:22.431 W/qdgralloc(  770): getInterlacedFlag: getMetaData returned -22, defaulting to interlaced_flag = 0
05-27 03:27:22.460 W/qdgralloc(  770): getInterlacedFlag: getMetaData returned -22, defaulting to interlaced_flag = 0
05-27 03:27:22.498 W/qdgralloc(  770): getInterlacedFlag: getMetaData returned -22, defaulting to interlaced_flag = 0
05-27 03:27:22.508 W/qdgralloc(  770): getInterlacedFlag: getMetaData returned -22, defaulting to interlaced_flag = 0
05-27 03:27:22.537 W/qdgralloc(  770): getInterlacedFlag: getMetaData returned -22, defaulting to interlaced_flag = 0
05-27 03:27:22.573 W/qdgralloc(  770): getInterlacedFlag: getMetaData returned -22, defaulting to interlaced_flag = 0
05-27 03:27:22.578 W/qdgralloc(  770): getInterlacedFlag: getMetaData returned -22, defaulting to interlaced_flag = 0
05-27 03:27:22.608 I/NearbyMediums(26027): No BLE Fast/GATT advertisements found in the latest cycle.
05-27 03:27:22.608 I/NearbyMediums(26027): Current Tracked Scanning Clients are : {NearbyConnections.EnvironmentMonitor, NearbySharing, NearbyConnections.TxAdvertisement}
05-27 03:27:22.624 W/qdgralloc(  770): getInterlacedFlag: getMetaData returned -22, defaulting to interlaced_flag = 0
05-27 03:27:22.644 W/qdgralloc(  770): getInterlacedFlag: getMetaData returned -22, defaulting to interlaced_flag = 0
05-27 03:27:22.654 W/qdgralloc(  770): getInterlacedFlag: getMetaData returned -22, defaulting to interlaced_flag = 0
05-27 03:27:22.700 W/qdgralloc(  770): getInterlacedFlag: getMetaData returned -22, defaulting to interlaced_flag = 0
05-27 03:27:22.705 E/minksocket( 1748): MinkIPC_QRTR_Service: client with node 1 port 7801 went down
05-27 03:27:22.705 E/minksocket( 1748): MinkIPC_QRTR_Service: client with node 1 port 7802 went down
05-27 03:27:22.706 E/minksocket( 1748): MinkIPC_QRTR_Service: client with node 1 port 7803 went down
05-27 03:27:22.707 E/minksocket( 1748): MinkIPC_QRTR_Service: client with node 1 port 7805 went down
05-27 03:27:22.708 E/minksocket( 1748): MinkIPC_QRTR_Service: client with node 1 port 7806 went down
05-27 03:27:22.709 E/minksocket( 1748): MinkIPC_QRTR_Service: client with node 1 port 7807 went down
05-27 03:27:22.710 W/qdgralloc(  770): getInterlacedFlag: getMetaData returned -22, defaulting to interlaced_flag = 0
05-27 03:27:22.739 W/qdgralloc(  770): getInterlacedFlag: getMetaData returned -22, defaulting to interlaced_flag = 0
05-27 03:27:22.758 D/BufferPoolAccessor2.0(  770): bufferpool2 0xb400007976cc6bf8 : 0(0 size) total buffers - 0(0 size) used buffers - 596/601 (recycle/alloc) - 5/601 (fetch/transfer)
05-27 03:27:22.758 D/BufferPoolAccessor2.0(  770): evictor expired: 2, evicted: 1
05-27 03:27:22.775 W/qdgralloc(  770): getInterlacedFlag: getMetaData returned -22, defaulting to interlaced_flag = 0
05-27 03:27:22.776 E/HybridPlayerCard(  770): Single tap right zone! Toggling controls. Current visibility: false
05-27 03:27:22.787 I/QC2Comp ( 1859): [vp9D_1720] Stats: Pending(0) i/p-done(0) Works: Q: 138/Done 139|Work-Rate: Q(24.8/s Avg=25.0/s) Done(24.799/s Avg=25.189/s)| Stream: 25.00fps 412.0Kbps
05-27 03:27:22.787 I/QC2Comp ( 1859): [vp9D_1720] Mem-usage:  [In-1D: 5 bufs 18.691 MB] [1D-3415: 20 bufs 0.312 MB] [2D-3416: 26 bufs 17.469 MB] | Total: 36.473 MB
05-27 03:27:22.798 D/StatusBarIconController( 7709): ignoring old pipeline callbacks, because the new mobile icons are enabled
05-27 03:27:22.800 D/TelephonyManager( 4090): requestModemActivityInfo: Sending result to app: ModemActivityInfo{ mTimestamp=1655431948 mSleepTimeMs=1230941408 mIdleTimeMs=15037683 mActivityStatsTechSpecificInfo=[{mRat=UNKNOWN,mFrequencyRange=UNKNOWN,mTxTimeMs[]=[6844093, 5320506, 4918620, 3877175, 3985872],mRxTimeMs=384509782}]}
05-27 03:27:22.814 E/HybridPlayerCard(  770): LaunchedEffect: controlsVisible=true, isPlaying=true, interactionCount=2
05-27 03:27:22.815 D/BufferPoolAccessor2.0(  770): bufferpool2 0xb400007976c95078 : 5(19599360 size) total buffers - 4(15679488 size) used buffers - 137/142 (recycle/alloc) - 5/140 (fetch/transfer)
05-27 03:27:22.816 I/MediaCodec(  770): [0xb4000077b6d47ef0] enqueue 26 input frames in last 1055 ms, latest timeUs 5520000
05-27 03:27:22.816 W/qdgralloc(  770): getInterlacedFlag: getMetaData returned -22, defaulting to interlaced_flag = 0
05-27 03:27:22.819 I/MediaCodec(  770): [0xb4000077b6d47ef0] dequeue 26 output frames in last 1055 ms, latest timeUs 5520000, flags 128
05-27 03:27:22.826 W/qdgralloc(  770): getInterlacedFlag: getMetaData returned -22, defaulting to interlaced_flag = 0
05-27 03:27:22.847 W/qdgralloc(  770): getInterlacedFlag: getMetaData returned -22, defaulting to interlaced_flag = 0
05-27 03:27:22.869 W/qdgralloc(  770): getInterlacedFlag: getMetaData returned -22, defaulting to interlaced_flag = 0
05-27 03:27:22.910 W/qdgralloc(  770): getInterlacedFlag: getMetaData returned -22, defaulting to interlaced_flag = 0
05-27 03:27:22.953 W/qdgralloc(  770): getInterlacedFlag: getMetaData returned -22, defaulting to interlaced_flag = 0
05-27 03:27:22.981 W/qdgralloc(  770): getInterlacedFlag: getMetaData returned -22, defaulting to interlaced_flag = 0
05-27 03:27:22.988 W/qdgralloc(  770): getInterlacedFlag: getMetaData returned -22, defaulting to interlaced_flag = 0
05-27 03:27:23.029 W/qdgralloc(  770): getInterlacedFlag: getMetaData returned -22, defaulting to interlaced_flag = 0
05-27 03:27:23.043 W/qdgralloc(  770): getInterlacedFlag: getMetaData returned -22, defaulting to interlaced_flag = 0
05-27 03:27:23.071 W/qdgralloc(  770): getInterlacedFlag: getMetaData returned -22, defaulting to interlaced_flag = 0
05-27 03:27:23.114 W/qdgralloc(  770): getInterlacedFlag: getMetaData returned -22, defaulting to interlaced_flag = 0
05-27 03:27:23.148 W/qdgralloc(  770): getInterlacedFlag: getMetaData returned -22, defaulting to interlaced_flag = 0
05-27 03:27:23.170 W/qdgralloc(  770): getInterlacedFlag: getMetaData returned -22, defaulting to interlaced_flag = 0
05-27 03:27:23.177 W/qdgralloc(  770): getInterlacedFlag: getMetaData returned -22, defaulting to interlaced_flag = 0
05-27 03:27:23.181 D/BufferPoolAccessor2.0( 1859): bufferpool2 0xb400007959a33288 : 20(327680 size) total buffers - 20(327680 size) used buffers - 0/20 (recycle/alloc) - 0/0 (fetch/transfer)
05-27 03:27:23.182 D/BufferPoolAccessor2.0( 1859): evictor expired: 1, evicted: 1
05-27 03:27:23.184 W/qdgralloc(  770): getInterlacedFlag: getMetaData returned -22, defaulting to interlaced_flag = 0
05-27 03:27:23.229 W/qdgralloc(  770): getInterlacedFlag: getMetaData returned -22, defaulting to interlaced_flag = 0
05-27 03:27:23.241 W/qdgralloc(  770): getInterlacedFlag: getMetaData returned -22, defaulting to interlaced_flag = 0
05-27 03:27:23.272 W/qdgralloc(  770): getInterlacedFlag: getMetaData returned -22, defaulting to interlaced_flag = 0
05-27 03:27:23.305 W/qdgralloc(  770): getInterlacedFlag: getMetaData returned -22, defaulting to interlaced_flag = 0
05-27 03:27:23.312 W/qdgralloc(  770): getInterlacedFlag: getMetaData returned -22, defaulting to interlaced_flag = 0
05-27 03:27:23.348 W/qdgralloc(  770): getInterlacedFlag: getMetaData returned -22, defaulting to interlaced_flag = 0
05-27 03:27:23.376 W/qdgralloc(  770): getInterlacedFlag: getMetaData returned -22, defaulting to interlaced_flag = 0
05-27 03:27:23.383 W/qdgralloc(  770): getInterlacedFlag: getMetaData returned -22, defaulting to interlaced_flag = 0
05-27 03:27:23.387 W/qdgralloc(  770): getInterlacedFlag: getMetaData returned -22, defaulting to interlaced_flag = 0
05-27 03:27:23.405 E/minksocket( 1748): MinkIPC_QRTR_Service: client with node 1 port 7809 went down
05-27 03:27:23.406 E/minksocket( 1748): MinkIPC_QRTR_Service: client with node 1 port 780a went down
05-27 03:27:23.406 E/minksocket( 1748): MinkIPC_QRTR_Service: client with node 1 port 780b went down
05-27 03:27:23.407 E/minksocket( 1748): MinkIPC_QRTR_Service: client with node 1 port 780c went down
05-27 03:27:23.430 W/qdgralloc(  770): getInterlacedFlag: getMetaData returned -22, defaulting to interlaced_flag = 0
05-27 03:27:23.444 W/qdgralloc(  770): getInterlacedFlag: getMetaData returned -22, defaulting to interlaced_flag = 0
05-27 03:27:23.467 W/qdgralloc(  770): getInterlacedFlag: getMetaData returned -22, defaulting to interlaced_flag = 0
05-27 03:27:23.509 W/qdgralloc(  770): getInterlacedFlag: getMetaData returned -22, defaulting to interlaced_flag = 0
05-27 03:27:23.550 W/qdgralloc(  770): getInterlacedFlag: getMetaData returned -22, defaulting to interlaced_flag = 0
05-27 03:27:23.570 D/CompatibilityChangeReporter( 3077): Compat change id reported: 197654537; UID 10521; state: ENABLED
05-27 03:27:23.576 D/MiniPlayerGesture(  770): Gesture started at: Offset(963.6, 1065.4)
05-27 03:27:23.587 W/qdgralloc(  770): getInterlacedFlag: getMetaData returned -22, defaulting to interlaced_flag = 0
05-27 03:27:23.594 W/qdgralloc(  770): getInterlacedFlag: getMetaData returned -22, defaulting to interlaced_flag = 0
05-27 03:27:23.628 W/qdgralloc(  770): getInterlacedFlag: getMetaData returned -22, defaulting to interlaced_flag = 0
05-27 03:27:23.643 W/qdgralloc(  770): getInterlacedFlag: getMetaData returned -22, defaulting to interlaced_flag = 0
05-27 03:27:23.671 W/qdgralloc(  770): getInterlacedFlag: getMetaData returned -22, defaulting to interlaced_flag = 0
05-27 03:27:23.714 W/qdgralloc(  770): getInterlacedFlag: getMetaData returned -22, defaulting to interlaced_flag = 0
05-27 03:27:23.714 D/PowerManagerService( 3077): nativeSetPowerMode ret:false mode:5 enabled:true duration ms: 0
05-27 03:27:23.714 V/WindowManagerShell( 7709): Transition requested: android.os.BinderProxy@797d4c0 TransitionRequestInfo { type = 6, triggerTask = null, remoteTransition = null, displayChange = DisplayChange { displayId = 0, startAbsBounds = null, endAbsBounds = null, startRotation = 0, endRotation = 1, physicalDisplayChanged = false }, flags = 0 }
05-27 03:27:23.719 D/CompatibilityChangeReporter( 3077): Compat change id reported: 170503758; UID 10521; state: ENABLED
05-27 03:27:23.722 V/MotoDolby.RotationHelper( 4031): publishing device rotation =1 (x90deg)
05-27 03:27:23.724 I/BtGatt.ScanManager( 3992): msg.what = 7
05-27 03:27:23.725 I/ActivityTaskManager( 3077): Config changes=20000580 {0.85 404mcc10mnc [en_IN] ldltr sw508dp w1087dp h460dp 340dpi nrml long layoutCompatNeeded land night finger -keyb/v/h -nav/h winConfig={ mBounds=Rect(0, 0 - 2400, 1080) mAppBounds=Rect(90, 0 - 2400, 1029) mMaxBounds=Rect(0, 0 - 2400, 1080) mDisplayRotation=ROTATION_90 mWindowingMode=fullscreen mDisplayWindowingMode=fullscreen mActivityType=undefined mAlwaysOnTop=undefined mRotation=ROTATION_90} as.19 s.56011 fontWeightAdjustment=0 spnairtel gidffffffffffffffffffff}
05-27 03:27:23.738 D/AHAL: AudioDevice( 1756): SetParameters: 1564: enter: rotation=90
05-27 03:27:23.745 D/AHAL: AudioVoice( 1756): VoiceSetParameters: 87: Enter params: rotation=90
05-27 03:27:23.745 D/AHAL: AudioVoice( 1756): VoiceSetParameters: 360: Exit ret: 0
05-27 03:27:23.745 D/AHAL: FM( 1756): fm_set_parameters: 262: Enter
05-27 03:27:23.745 D/AHAL: FM( 1756): fm_set_parameters: 320: exit
05-27 03:27:23.745 D/AHAL: AudioDevice( 1756): SetParameters: 2361: exit: rotation=90
05-27 03:27:23.766 D/DolbyAudioEffectHelper( 4031): getSuggestTuningDevice[0]: default_internal_speaker, profile=0, swapLR=true, rotation=90
05-27 03:27:23.769 I/WindowManager( 3077): Override config changes=20000580 {0.85 404mcc10mnc [en_IN] ldltr sw508dp w1087dp h460dp 340dpi nrml long layoutCompatNeeded land night finger -keyb/v/h -nav/h winConfig={ mBounds=Rect(0, 0 - 2400, 1080) mAppBounds=Rect(90, 0 - 2400, 1029) mMaxBounds=Rect(0, 0 - 2400, 1080) mDisplayRotation=ROTATION_90 mWindowingMode=fullscreen mDisplayWindowingMode=fullscreen mActivityType=undefined mAlwaysOnTop=undefined mRotation=ROTATION_90} as.19 s.56011 fontWeightAdjustment=0 spnairtel gidffffffffffffffffffff} for displayId=0
05-27 03:27:23.777 I/DMSService( 1824): getSelectedTuningDevice called with port=0.
05-27 03:27:23.793 D/VRI[NavigationBar0]( 7709): update {(0,0)(fillx102) gr=BOTTOM CENTER_VERTICAL layoutInDisplayCutoutMode=always ty=NAVIGATION_BAR fmt=TRANSLUCENT
05-27 03:27:23.793 D/VRI[NavigationBar0]( 7709):   fl=NOT_FOCUSABLE NOT_TOUCH_MODAL WATCH_OUTSIDE_TOUCH SPLIT_TOUCH FLAG_SLIPPERY
05-27 03:27:23.793 D/VRI[NavigationBar0]( 7709):   pfl=LAYOUT_SIZE_EXTENDED_BY_CUTOUT COLOR_SPACE_AGNOSTIC FIT_INSETS_CONTROLLED TRUSTED_OVERLAY
05-27 03:27:23.793 D/VRI[NavigationBar0]( 7709):   bhv=DEFAULT
05-27 03:27:23.793 D/VRI[NavigationBar0]( 7709):   providedInsets:
05-27 03:27:23.793 D/VRI[NavigationBar0]( 7709):     InsetsFrameProvider: {id=#b4050001, index=0, type=navigationBars, source=FRAME, flags=[SUPPRESS_SCRIM], insetsSize=Insets{left=0, top=0, right=0, bottom=51}, insetsSizeOverrides=[TypedInsetsSize: {windowType=INPUT_METHOD, insetsSize=null}]}
05-27 03:27:23.793 D/VRI[NavigationBar0]( 7709):     InsetsFrameProvider: {id=#b4050006, index=0, type=tappableElement, source=FRAME, flags=[], insetsSize=Insets{left=0, top=0, right=0, bottom=0}}
05-27 03:27:23.793 D/VRI[NavigationBar0]( 7709):     InsetsFrameProvider: {id=#b4050005, index=0, type=mandatorySystemGestures, source=FRAME, flags=[], insetsSize=Insets{left=0, top=0, right=0, bottom=68}}
05-27 03:27:23.793 D/VRI[NavigationBar0]( 7709):     InsetsFrameProvider: {id=#b4050004, index=0, type=systemGestures, source=DISPLAY, flags=[], insetsSize=Insets{left=63, top=0, right=0, bottom=0}, mMinimalInsetsSizeInDisplayCutoutSafe=Insets{left=63, top=0, right=0, bottom=0}}
05-27 03:27:23.793 D/VRI[NavigationBar0]( 7709):     InsetsFrameProvider: {id=#b4050024, index=1, type=systemGestures, source=DISPLAY, flags=[], insetsSize=Insets{left=0, top=0, right=63, bottom=0}, mMinimalInsetsSizeInDisplayCutoutSafe=Insets{left=0, top=0, right=63, bottom=0}}
05-27 03:27:23.793 D/VRI[NavigationBar0]( 7709):   paramsForRotation:
05-27 03:27:23.793 D/VRI[NavigationBar0]( 7709):     ROTATION_0={(0,0)(fillx102) gr=BOTTOM CENTER_VERTICAL layoutInDisplayCutoutMode=always ty=NAVIGATION_BAR fmt=TRANSLUCENT
05-27 03:27:23.793 D/VRI[NavigationBar0]( 7709):       fl=NOT_FOCUSABLE NOT_TOUCH_MODAL WATCH_OUTSIDE_TOUCH SPLIT_TOUCH FLAG_SLIPPERY
05-27 03:27:23.793 D/VRI[NavigationBar0]( 7709):       pfl=LAYOUT_SIZE_EXTENDED_BY_CUTOUT COLOR_SPACE_AGNOSTIC FIT_INSETS_CONTROLLED TRUSTED_OVERLAY
05-27 03:27:23.793 D/VRI[NavigationBar0]( 7709):       bhv=DEFAULT
05-27 03:27:23.793 D/VRI[NavigationBar0]( 7709):       providedInsets:
05-27 03:27:23.793 D/VRI[NavigationBar0]( 7709):         InsetsFrameProvider: {id=#b4050001, index=0, type=navigationBars, source=FRAME, flags=[SUPPRESS_SCRIM], insetsSize=Insets{left=0, top=0, right=0, bottom=51}, insetsSizeOverrides=[TypedInsetsSize: {windowType=INPUT_METHOD, insetsSize=null}]}
05-27 03:27:23.793 D/VRI[NavigationBar0]( 7709):         InsetsFrameProvider: {id=#b4050006, index=0, type=tappableElement, source=FRAME, flags=[], insetsSize=Insets{left=0, top=0, right=0, bottom=0}}
05-27 03:27:23.793 D/VRI[NavigationBar0]( 7709):         InsetsFrameProvider: {id=#b4050005, index=0, type=mandatorySystemGestures, source=FRAME, flags=[], insetsSize=Insets{left=0, top=0, right=0, bottom=68}}
05-27 03:27:23.793 D/VRI[NavigationBar0]( 7709):         InsetsFrameProvider: {id=#b4050004, index=0, type=systemGestures, source=DISPLAY, flags=[], insetsSize=Insets{left=63, top=0, right=0, bottom=0}, mMinimalInsetsSizeInDisplayCutoutSafe=Insets{left=63, top=0, right=0, bottom=0}}
05-27 03:27:23.793 D/VRI[NavigationBar0]( 7709):         InsetsFrameProvider: {id=#b4050024, index=1, type=systemGestures, source=DISPLAY, flags=[], insetsSize=Insets{left=0, top=0, right=63, bottom=0}, mMinimalInsetsSizeInDisplayCutoutSafe=Insets{left=0, top=0, right=63, bottom=0}}}
05-27 03:27:23.793 D/VRI[NavigationBar0]( 7709):     ROTATION_90={(0,0)(fillx102) gr=BOTTOM CENTER_VERTICAL layoutInDisplayCutoutMode=always ty=NAVIGATION_BAR fmt=TRANSLUCENT
05-27 03:27:23.793 D/VRI[NavigationBar0]( 7709):       fl=NOT_FOCUSABLE NOT_TOUCH_MODAL WATCH_OUTSIDE_TOUCH SPLIT_TOUCH FLAG_SLIPPERY
05-27 03:27:23.793 D/VRI[NavigationBar0]( 7709):       pfl=LAYOUT_SIZE_EXTENDED_BY_CUTOUT COLOR_SPACE_AGNOSTIC FIT_INSETS_CONTROLLED TRUSTED_OVERLAY
05-27 03:27:23.793 D/VRI[NavigationBar0]( 7709):       bhv=DEFAULT
05-27 03:27:23.793 D/VRI[NavigationBar0]( 7709):       providedInsets:
05-27 03:27:23.793 D/VRI[NavigationBar0]( 7709):         InsetsFrameProvider: {id=#b4050001, index=0, type=navigationBars, source=FRAME, flags=[SUPPRESS_SCRIM], insetsSize=Insets{left=0, top=0, right=0, bottom=51}, insetsSizeOverrides=[TypedInsetsSize: {windowType=INPUT_METHOD, insetsSize=null}]}
05-27 03:27:23.793 D/VRI[NavigationBar0]( 7709):         InsetsFrameProvider: {id=#b4050006, index=0, type=tappableElement, source=FRAME, flags=[], insetsSize=Insets{left=0, top=0, right=0, bottom=0}}
05-27 03:27:23.793 D/VRI[NavigationBar0]( 7709):         InsetsFrameProvider: {id=#b4050005, index=0, type=mandatorySystemGestures, source=FRAME, flags=[], insetsSize=Insets{left=0, top=0, right=0, bottom=68}}
05-27 03:27:23.793 D/VRI[NavigationBar0]( 7709):         InsetsFrameProvider: {id=#b4050004, index=0, type=systemGestures, source=DISPLAY, flags=[], insetsSize=Insets{left=63, top=0, right=0, bottom=0}, mMinimalInsetsSizeInDisplayCutoutSafe=Insets{left=63, top=0, right=0, bottom=0}}
05-27 03:27:23.793 D/VRI[NavigationBar0]( 7709):         InsetsFrameProvider: {id=#b4050024, index=1, type=systemGestures, source=DISPLAY, flags=[], insetsSize=Insets{left=0, top=0, right=63, bottom=0}, mMinimalInsetsSizeInDisplayCutoutSafe=Insets{left=0, top=0, right=63, bottom=0}}}
05-27 03:27:23.793 D/VRI[NavigationBar0]( 7709):     ROTATION_180={(0,0)(fillx102) gr=BOTTOM CENTER_VERTICAL layoutInDisplayCutoutMode=always ty=NAVIGATION_BAR fmt=TRANSLUCENT
05-27 03:27:23.793 D/VRI[NavigationBar0]( 7709):       fl=NOT_FOCUSABLE NOT_TOUCH_MODAL WATCH_OUTSIDE_TOUCH SPLIT_TOUCH FLAG_SLIPPERY
05-27 03:27:23.793 D/VRI[NavigationBar0]( 7709):       pfl=LAYOUT_SIZE_EXTENDED_BY_CUTOUT COLOR_SPACE_AGNOSTIC FIT_INSETS_CONTROLLED TRUSTED_OVERLAY
05-27 03:27:23.793 D/VRI[NavigationBar0]( 7709):       bhv=DEFAULT
05-27 03:27:23.793 D/VRI[NavigationBar0]( 7709):       providedInsets:
05-27 03:27:23.793 D/VRI[NavigationBar0]( 7709):         InsetsFrameProvider: {id=#b4050001, index=0, type=navigationBars, source=FRAME, flags=[SUPPRESS_SCRIM], insetsSize=Insets{left=0, top=0, right=0, bottom=51}, insetsSizeOverrides=[TypedInsetsSize: {windowType=INPUT_METHOD, insetsSize=null}]}
05-27 03:27:23.793 D/VRI[NavigationBar0]( 7709):         InsetsFrameProvider: {id=#b4050006, index=0, type=tappableElement, source=FRAME, flags=[], insetsSize=Insets{left=0, top=0, right=0, bottom=0}}
05-27 03:27:23.793 D/VRI[NavigationBar0]( 7709):         InsetsFrameProvider: {id=#b4050005, index=0, type=mandatorySystemGestures, source=FRAME, flags=[], insetsSize=Insets{left=0, top=0, right=0, bottom=68}}
05-27 03:27:23.793 D/VRI[NavigationBar0]( 7709):         InsetsFrameProvider: {id=#b4050004, index=0, type=systemGestures, source=DISPLAY, flags=[], insetsSize=Insets{left=63, top=0, right=0, bottom=0}, mMinimalInsetsSizeInDisplayCutoutSafe=Insets{left=63, top=0, right=0, bottom=0}}
05-27 03:27:23.793 D/VRI[NavigationBar0]( 7709):         InsetsFrameProvider: {id=#b4050024, index=1, type=systemGestures, source=DISPLAY, flags=[], insetsSize=Insets{left=0, top=0, right=63, bottom=0}, mMinimalInsetsSizeInDisplayCutoutSafe=Insets{left=0, top=0, right=63, bottom=0}}}
05-27 03:27:23.793 D/VRI[NavigationBar0]( 7709):     ROTATION_270={(0,0)(fillx102) gr=BOTTOM CENTER_VERTICAL layoutInDisplayCutoutMode=always ty=NAVIGATION_BAR fmt=TRANSLUCENT
05-27 03:27:23.793 D/VRI[NavigationBar0]( 7709):       fl=NOT_FOCUSABLE NOT_TOUCH_MODAL WATCH_OUTSIDE_TOUCH SPLIT_TOUCH FLAG_SLIPPERY
05-27 03:27:23.793 D/VRI[NavigationBar0]( 7709):       pfl=LAYOUT_SIZE_EXTENDED_BY_CUTOUT COLOR_SPACE_AGNOSTIC FIT_INSETS_CONTROLLED TRUSTED_OVERLAY
05-27 03:27:23.793 D/VRI[NavigationBar0]( 7709):       bhv=DEFAULT
05-27 03:27:23.793 D/VRI[NavigationBar0]( 7709):       providedInsets:
05-27 03:27:23.793 D/VRI[NavigationBar0]( 7709):         InsetsFrameProvider: {id=#b4050001, index=0, type=navigationBars, source=FRAME, flags=[SUPPRESS_SCRIM], insetsSize=Insets{left=0, top=0, right=0, bottom=51}, insetsSizeOverrides=[TypedInsetsSize: {windowType=INPUT_METHOD, insetsSize=null}]}
05-27 03:27:23.793 D/VRI[NavigationBar0]( 7709):         InsetsFrameProvider: {id=#b4050006, index=0, type=tappableElement, source=FRAME, flags=[], insetsSize=Insets{left=0, top=0, right=0, bottom=0}}
05-27 03:27:23.793 D/VRI[NavigationBar0]( 7709):         InsetsFrameProvider: {id=#b4050005, index=0, type=mandatorySystemGestures, source=FRAME, flags=[], insetsSize=Insets{left=0, top=0, right=0, bottom=68}}
05-27 03:27:23.793 D/VRI[NavigationBar0]( 7709):         InsetsFrameProvider: {id=#b4050004, index=0, type=systemGestures, source=DISPLAY, flags=[], insetsSize=Insets{left=63, top=0, right=0, bottom=0}, mMinimalInsetsSizeInDisplayCutoutSafe=Insets{left=63, top=0, right=0, bottom=0}}
05-27 03:27:23.793 D/VRI[NavigationBar0]( 7709):         InsetsFrameProvider: {id=#b4050024, index=1, type=systemGestures, source=DISPLAY, flags=[], insetsSize=Insets{left=0, top=0, right=63, bottom=0}, mMinimalInsetsSizeInDisplayCutoutSafe=Insets{left=0, top=0, right=63, bottom=0}}}} by setLayoutParams
05-27 03:27:23.798 D/Surface ( 3077): Surface::disconnect
05-27 03:27:23.798 D/BufferQueueProducer( 3077): [ImageReader-1080x2400f1m1-3077-441](id:c0500000734,api:2,p:3077,c:3077) disconnect: api 2
05-27 03:27:23.798 W/ImageReader_JNI( 3077): Unable to acquire a buffer item, very likely client tried to acquire more than maxImages buffers
05-27 03:27:23.802 D/CompatibilityChangeReporter( 3077): Compat change id reported: 184838306; UID 10521; state: DISABLED
05-27 03:27:23.802 D/CompatibilityChangeReporter( 3077): Compat change id reported: 185004937; UID 10521; state: DISABLED
05-27 03:27:23.805 I/MotoFreeForm( 6440): [MinimizedBubble] onConfigurationChanged new orientation -> 2
05-27 03:27:23.813 I/AppBase ( 3757): AppBase.onConfigurationChanged():291 onConfigurationChanged() : NewConfig = {0.85 404mcc10mnc [en_IN] ldltr sw508dp w1087dp h460dp 340dpi nrml long layoutCompatNeeded land night finger -keyb/v/h -nav/h winConfig={ mBounds=Rect(0, 0 - 2400, 1080) mAppBounds=Rect(90, 0 - 2400, 1029) mMaxBounds=Rect(0, 0 - 2400, 1080) mDisplayRotation=ROTATION_90 mWindowingMode=fullscreen mDisplayWindowingMode=fullscreen mActivityType=undefined mAlwaysOnTop=undefined mRotation=ROTATION_90} as.19 s.56101 fontWeightAdjustment=0 spnairtel gidffffffffffffffffffff}
05-27 03:27:23.833 I/InputManager-JNI( 3077): Viewport [0] to add: local:4630947043778501762, isActive: true
05-27 03:27:23.835 I/BpBinder( 1884): onLastStrongRef automatically unlinking death recipients: 
05-27 03:27:23.840 I/InputReader( 3077): Reconfiguring input devices, changes=DISPLAY_INFO
05-27 03:27:23.843 I/GoogleInputMethodService( 3757): GoogleInputMethodService.onConfigurationChanged():1139 onConfigurationChanged() : NewConfig = {0.85 404mcc10mnc [en_IN] ldltr sw508dp w1087dp h460dp 340dpi nrml long layoutCompatNeeded land night finger -keyb/v/h -nav/h winConfig={ mBounds=Rect(0, 0 - 2400, 1080) mAppBounds=Rect(90, 0 - 2400, 1029) mMaxBounds=Rect(0, 0 - 2400, 1080) mDisplayRotation=ROTATION_90 mWindowingMode=fullscreen mDisplayWindowingMode=fullscreen mActivityType=undefined mAlwaysOnTop=undefined mRotation=ROTATION_90} as.19 s.56011 fontWeightAdjustment=0 spnairtel gidffffffffffffffffffff}
05-27 03:27:23.844 I/GoogleInputMethodService( 3757): GoogleInputMethodService.onConfigurationChanged():1140 device real metrics: DisplayMetrics{density=2.125, width=2400, height=1080, scaledDensity=2.125, xdpi=397.565, ydpi=395.844}
05-27 03:27:23.845 I/GoogleInputMethodService( 3757): GoogleInputMethodService.onConfigurationChanged():1148 Maybe update OEM display config because of configuration change
05-27 03:27:23.846 I/InputMethodEntryManager( 3757): InputMethodEntryManager.notifyCurrentInputMethodEntryOnContextChanged():557 notifyCurrentInputMethodEntryOnContextChanged()
05-27 03:27:23.846 I/InputMethodEntryManager( 3757): InputMethodEntryManager.notifyCurrentInputMethodEntryOnContextChanged():574 Notify current input method entry changed on context change
05-27 03:27:23.854 I/KeyboardContextProvider( 3757): KeyboardContextProvider$KeyboardContextCache.createKeyboardContext():173 createKeyboardContext(): en-IN, yts@68022ba(com.android.inputmethod.latin.LatinIME@4ef3573), {0.85 404mcc10mnc [en_IN] ldltr sw508dp w1087dp h460dp 340dpi nrml long layoutCompatNeeded land night finger -keyb/v/h -nav/h winConfig={ mBounds=Rect(0, 0 - 2400, 1080) mAppBounds=Rect(90, 0 - 2400, 1029) mMaxBounds=Rect(0, 0 - 2400, 1080) mDisplayRotation=ROTATION_90 mWindowingMode=fullscreen mDisplayWindowingMode=fullscreen mActivityType=undefined mAlwaysOnTop=undefined mRotation=ROTATION_90} as.19 s.56011 fontWeightAdjustment=0 spnairtel gidffffffffffffffffffff}
05-27 03:27:23.854 I/GoogleInputMethodService( 3757): GoogleInputMethodService.onCurrentInputMethodEntryChanged():2521 onCurrentInputMethodEntryChanged(): imeDefsChanged=false, entryLanguageVariantChanged=false, keyboardContextChanged=true
05-27 03:27:23.855 I/SystemSubtypesReportModule( 3757): SystemSubtypesReportModule$2.onCurrentInputMethodEntryChanged():150 entry: en-IN, source: UNSPECIFIED
05-27 03:27:23.858 I/KeyboardContextProvider( 3757): KeyboardContextProvider.setBaseContextAndInvalidKeyboardContextCache():88 setBaseContextAndInvalidKeyboardContextCache(): com.android.inputmethod.latin.LatinIME@4ef3573
05-27 03:27:23.859 I/DeviceModeModule( 3757): DeviceModeModule.calculateAndNotify():238 Device mode 'phone' from display metrics 'DisplayMetrics{density=0.0, width=1080, height=2400, scaledDensity=0.0, xdpi=397.565, ydpi=395.844}' or smallestScreenWidthDp: 508
05-27 03:27:23.861 I/InputMethodEntryManager( 3757): InputMethodEntryManager.resetLanguages():2804 resetLanguages(): languages=null, conditionName=orientation
05-27 03:27:23.862 I/ImeDefCache( 3757): ImeDefCache.clearCacheForLanguages():430 clearCacheForLanguages: languagesToClear=null, conditionName=orientation
05-27 03:27:23.864 I/AdditionalImeDefCache( 3757): AdditionalImeDefCache.clearAdditionalImeDefsForCondition():303 clearAdditionalImeDefsForCondition() clear additional ImeDefs: []
05-27 03:27:23.864 I/InputMethodEntryManager( 3757): InputMethodEntryManager.resetLanguages():2815 Clear cache for languages: null, changed=false
05-27 03:27:23.865 I/InputMethodEntryManager( 3757): InputMethodEntryManager.startLoadingInputMethodEntrySettings():748 Start loading input method entry settings: [LanguageTagVariantTuple{languageTag=en-IN, variant=qwerty}]
05-27 03:27:23.869 I/InputMethodEntryManager( 3757): InputMethodEntryManager.updateInputMethodEntrySettingsLoadingTask():878 update loading task with resetImplicitlyEnabledEntries is false
05-27 03:27:23.869 I/InputMethodEntryManager( 3757): InputMethodEntryManager$4.onSuccess():900 Success load entries: [LanguageTagVariantTuple{languageTag=en-IN, variant=qwerty}], resetImplicitlyEnabledEntries=false, initialized=true
05-27 03:27:23.872 V/WindowManagerShell( 7709): Display changed: 0
05-27 03:27:23.891 I/NoBackGesture( 7709): NavbarController: newConfig={0.85 404mcc10mnc [en_IN] ldltr sw508dp w1087dp h460dp 340dpi nrml long layoutCompatNeeded land night finger -keyb/v/h -nav/h winConfig={ mBounds=Rect(0, 0 - 2400, 1080) mAppBounds=Rect(90, 0 - 2400, 1029) mMaxBounds=Rect(0, 0 - 2400, 1080) mDisplayRotation=ROTATION_90 mWindowingMode=fullscreen mDisplayWindowingMode=fullscreen mActivityType=undefined mAlwaysOnTop=undefined mRotation=ROTATION_90} as.19 s.56063 fontWeightAdjustment=0 spnairtel gidffffffffffffffffffff} mTaskbarDelegate initialized=false willApplyConfigToNavbars=false navBarCount=1
05-27 03:27:23.898 I/InputMethodEntryManager( 3757): InputMethodEntryManager.changeCurrentInputMethodEntry():3024 Set current input method entry: source=UNSPECIFIED, entryChanged=false, enablePersist=true, abcj{languageTag=en-IN, variant=qwerty, hasLocalizedResources=true, conditionCacheKey=_android_software_xr_api_spatial=false_app_first_start_timestamp=1762367624130_cache_ime_defs_for_condition_change=false_deprecate_long_press_space_for_ime_picker=false_device=phone_device_size=default_enable_more_candidates_view_for_multilingual=false_enable_number_row=false_enable_number_row_in_password=true_enable_pk_simulator=false_enable_pk_simulator_setting=false_enable_preemptive_decode=true_enable_scrub_move=true_enable_secondary_digits=true_enable_secondary_symbols=false_expressions=normal_four_or_more_letter_rows=false_free_cursor=false_free_cursor_spacebar_popup=false_keyboard_font_size_setting=_keyboard_mode=normal_language=en-IN_layout_9key_split=false_orientation=landscape_physical_keyboard=nokeys_pk_simulator_vk_ready=false_pref_enable_flick_symbols=false_rtl_layout=false_show_comma_key=true_show_period_key=true_show_secondary_digits=true_show_suggestion_strip=true_show_suggestions=true_split_with_duplicate_keys=true_true=true_variant=qwerty_writing_helper_enable_by_word_revert=true, imeDef.stringId=ime_english_india, imeDef.className=com.google.android.apps.inputmethod.libs.edittracker.EditTrackingImeWrapper, imeDef.languageTag=en-IN}
05-27 03:27:23.898 I/InputMethodEntryManager( 3757): InputMethodEntryManager.loadAdditionalImeDefsForCurrentEntry():3057 loadAdditionalImeDefsForCurrentEntry(): abcj{languageTag=en-IN, variant=qwerty, hasLocalizedResources=true, conditionCacheKey=_android_software_xr_api_spatial=false_app_first_start_timestamp=1762367624130_cache_ime_defs_for_condition_change=false_deprecate_long_press_space_for_ime_picker=false_device=phone_device_size=default_enable_more_candidates_view_for_multilingual=false_enable_number_row=false_enable_number_row_in_password=true_enable_pk_simulator=false_enable_pk_simulator_setting=false_enable_preemptive_decode=true_enable_scrub_move=true_enable_secondary_digits=true_enable_secondary_symbols=false_expressions=normal_four_or_more_letter_rows=false_free_cursor=false_free_cursor_spacebar_popup=false_keyboard_font_size_setting=_keyboard_mode=normal_language=en-IN_layout_9key_split=false_orientation=landscape_physical_keyboard=nokeys_pk_simulator_vk_ready=false_pref_enable_flick_symbols=false_rtl_layout=false_show_comma_key=true_show_period_key=true_show_secondary_digits=true_show_suggestion_strip=true_show_suggestions=true_split_with_duplicate_keys=true_true=true_variant=qwerty_writing_helper_enable_by_word_revert=true, imeDef.stringId=ime_english_india, imeDef.className=com.google.android.apps.inputmethod.libs.edittracker.EditTrackingImeWrapper, imeDef.languageTag=en-IN}
05-27 03:27:23.898 I/GoogleInputMethodService( 3757): GoogleInputMethodService.onCurrentInputMethodEntryChanged():2521 onCurrentInputMethodEntryChanged(): imeDefsChanged=false, entryLanguageVariantChanged=false, keyboardContextChanged=false
05-27 03:27:23.898 I/GoogleInputMethodService( 3757): GoogleInputMethodService.onCurrentInputMethodEntryChanged():2539 Skip the entry change as the input method entry is consider as not changed.
05-27 03:27:23.899 I/SystemSubtypesReportModule( 3757): SystemSubtypesReportModule$2.onCurrentInputMethodEntryChanged():150 entry: en-IN, source: UNSPECIFIED
05-27 03:27:23.900 I/InputMethodEntryManager( 3757): InputMethodEntryManager$6.onSuccess():3083 Success load additional ImeDefs, entryChanged=false, additionalImeDefsChanged=false, [acpb{stringId=password, language=und-Latn-x-password, languageTag=und-Latn-x-password, processedConditions={writing_helper_enable_by_word_revert=true, variant=qwerty, true=true, language=en-IN, enable_number_row=true, device=phone, enable_number_row_in_password=true, enable_pk_simulator=false}, className=com.google.android.libraries.inputmethod.ime.password.PasswordIme, label=2132019378, keyEventInterpreter=null, inlineComposing=true, autoCapital=true, announceAutoSelectedCandidate=true, statusIcon=0, indicatorIcon=0, indicatorLabel=null, displayAppCompletions=false, extraValues=acor{}, processors=acsj@44278a9, unacceptableMetaKeys=4098, languageSpecificSettings=0, asciiCapable=false, alwaysShowSuggestions=false, useAsciiPasswordKeyboard=false, keyboardGroupDef=acrf@cc70e2e, phenotypeFlagId=0, localizationLanguageTag=null, supportsInlineSuggestion=false}, acpb{stringId=number, language=und-Latn-x-number, languageTag=und-Latn-x-number, processedConditions={}, className=com.google.android.libraries.inputmethod.ime.DummyIme, label=2132019315, keyEventInterpreter=null, inlineComposing=true, autoCapital=false, announceAutoSelectedCandidate=false, statusIcon=0, indicatorIcon=0, indicatorLabel=null, displayAppCompletions=false, extraValues=acor{}, processors=acsj@44278a9, unacceptableMetaKeys=4098, languageSpecificSettings=0, asciiCapable=false, alwaysShowSuggestions=false, useAsciiPasswordKeyboard=false, keyboardGroupDef=acrf@ca73dcf, phenotypeFlagId=0, localizationLanguageTag=null, supportsInlineSuggestion=false}, acpb{stringId=number_password, language=und-Latn-x-number-password, languageTag=und-Latn-x-number-password, processedConditions={}, className=com.google.android.libraries.inputmethod.ime.DummyIme, label=2132019316, keyEventInterpreter=null, inlineComposing=true, autoCapital=false, announceAutoSelectedCandidate=false, statusIcon=0, indicatorIcon=0, indicatorLabel=null, displayAppCompletions=false, extraValues=acor{}, processors=acsj@44278a9, unacceptableMetaKeys=4098, languageSpecificSettings=0, asciiCapable=false, alwaysShowSuggestions=false, useAsciiPasswordKeyboard=false, keyboardGroupDef=acrf@524935c, phenotypeFlagId=0, localizationLanguageTag=null, supportsInlineSuggestion=false}, acpb{stringId=phone_number, language=und-Latn-x-phone-number, languageTag=und-Latn-x-phone-number, processedConditions={}, className=com.google.android.libraries.inputmethod.ime.DummyIme, label=2132019412, keyEventInterpreter=null, inlineComposing=true, autoCapital=false, announceAutoSelectedCandidate=false, statusIcon=0, indicatorIcon=0, indicatorLabel=null, displayAppCompletions=false, extraValues=acor{}, processors=acsj@44278a9, unacceptableMetaKeys=4098, languageSpecificSettings=0, asciiCapable=false, alwaysShowSuggestions=false, useAsciiPasswordKeyboard=false, keyboardGroupDef=acrf@aa0f665, phenotypeFlagId=0, localizationLanguageTag=null, supportsInlineSuggestion=false}, acpb{stringId=date_time, language=und-Latn-x-date-time, languageTag=und-Latn-x-date-time, processedConditions={}, className=com.google.android.libraries.inputmethod.ime.DummyIme, label=2132017760, keyEventInterpreter=null, inlineComposing=true, autoCapital=false, announceAutoSelectedCandidate=false, statusIcon=0, indicatorIcon=0, indicatorLabel=null, displayAppCompletions=false, extraValues=acor{}, processors=acsj@44278a9, unacceptableMetaKeys=4098, languageSpecificSettings=0, asciiCapable=false, alwaysShowSuggestions=false, useAsciiPasswordKeyboard=false, keyboardGroupDef=acrf@8b9df3a, phenotypeFlagId=0, localizationLanguageTag=null, supportsInlineSuggestion=false}]
05-27 03:27:23.900 W/NotificationCenter( 3757): NotificationCenter$NotificationQueue.notifyPendingNotificationsOnExecutor():877 Heavy notify work detected on UI thread: [aejf->ajfo] takes 39ms
05-27 03:27:23.901 I/GoogleInputMethodService( 3757): GoogleInputMethodService.onConfigurationChanged():1170 changedMask : 20000580
05-27 03:27:23.901 I/GoogleInputMethodService( 3757): GoogleInputMethodService.clearInputMethodServiceData():1125 clearInputMethodServiceData for configurationChange
05-27 03:27:23.904 D/VRI[NavigationBar0]( 7709): update {(0,0)(fillx102) gr=BOTTOM CENTER_VERTICAL layoutInDisplayCutoutMode=always ty=NAVIGATION_BAR fmt=TRANSLUCENT
05-27 03:27:23.904 D/VRI[NavigationBar0]( 7709):   fl=NOT_FOCUSABLE NOT_TOUCH_MODAL WATCH_OUTSIDE_TOUCH SPLIT_TOUCH FLAG_SLIPPERY
05-27 03:27:23.904 D/VRI[NavigationBar0]( 7709):   pfl=LAYOUT_SIZE_EXTENDED_BY_CUTOUT COLOR_SPACE_AGNOSTIC FIT_INSETS_CONTROLLED TRUSTED_OVERLAY
05-27 03:27:23.904 D/VRI[NavigationBar0]( 7709):   bhv=DEFAULT
05-27 03:27:23.904 D/VRI[NavigationBar0]( 7709):   providedInsets:
05-27 03:27:23.904 D/VRI[NavigationBar0]( 7709):     InsetsFrameProvider: {id=#b4050001, index=0, type=navigationBars, source=FRAME, flags=[SUPPRESS_SCRIM], insetsSize=Insets{left=0, top=0, right=0, bottom=51}, insetsSizeOverrides=[TypedInsetsSize: {windowType=INPUT_METHOD, insetsSize=null}]}
05-27 03:27:23.904 D/VRI[NavigationBar0]( 7709):     InsetsFrameProvider: {id=#b4050006, index=0, type=tappableElement, source=FRAME, flags=[], insetsSize=Insets{left=0, top=0, right=0, bottom=0}}
05-27 03:27:23.904 D/VRI[NavigationBar0]( 7709):     InsetsFrameProvider: {id=#b4050005, index=0, type=mandatorySystemGestures, source=FRAME, flags=[], insetsSize=Insets{left=0, top=0, right=0, bottom=68}}
05-27 03:27:23.904 D/VRI[NavigationBar0]( 7709):     InsetsFrameProvider: {id=#b4050004, index=0, type=systemGestures, source=DISPLAY, flags=[], insetsSize=Insets{left=63, top=0, right=0, bottom=0}, mMinimalInsetsSizeInDisplayCutoutSafe=Insets{left=63, top=0, right=0, bottom=0}}
05-27 03:27:23.904 D/VRI[NavigationBar0]( 7709):     InsetsFrameProvider: {id=#b4050024, index=1, type=systemGestures, source=DISPLAY, flags=[], insetsSize=Insets{left=0, top=0, right=63, bottom=0}, mMinimalInsetsSizeInDisplayCutoutSafe=Insets{left=0, top=0, right=63, bottom=0}}
05-27 03:27:23.904 D/VRI[NavigationBar0]( 7709):   paramsForRotation:
05-27 03:27:23.904 D/VRI[NavigationBar0]( 7709):     ROTATION_0={(0,0)(fillx102) gr=BOTTOM CENTER_VERTICAL layoutInDisplayCutoutMode=always ty=NAVIGATION_BAR fmt=TRANSLUCENT
05-27 03:27:23.904 D/VRI[NavigationBar0]( 7709):       fl=NOT_FOCUSABLE NOT_TOUCH_MODAL WATCH_OUTSIDE_TOUCH SPLIT_TOUCH FLAG_SLIPPERY
05-27 03:27:23.904 D/VRI[NavigationBar0]( 7709):       pfl=LAYOUT_SIZE_EXTENDED_BY_CUTOUT COLOR_SPACE_AGNOSTIC FIT_INSETS_CONTROLLED TRUSTED_OVERLAY
05-27 03:27:23.904 D/VRI[NavigationBar0]( 7709):       bhv=DEFAULT
05-27 03:27:23.904 D/VRI[NavigationBar0]( 7709):       providedInsets:
05-27 03:27:23.904 D/VRI[NavigationBar0]( 7709):         InsetsFrameProvider: {id=#b4050001, index=0, type=navigationBars, source=FRAME, flags=[SUPPRESS_SCRIM], insetsSize=Insets{left=0, top=0, right=0, bottom=51}, insetsSizeOverrides=[TypedInsetsSize: {windowType=INPUT_METHOD, insetsSize=null}]}
05-27 03:27:23.904 D/VRI[NavigationBar0]( 7709):         InsetsFrameProvider: {id=#b4050006, index=0, type=tappableElement, source=FRAME, flags=[], insetsSize=Insets{left=0, top=0, right=0, bottom=0}}
05-27 03:27:23.904 D/VRI[NavigationBar0]( 7709):         InsetsFrameProvider: {id=#b4050005, index=0, type=mandatorySystemGestures, source=FRAME, flags=[], insetsSize=Insets{left=0, top=0, right=0, bottom=68}}
05-27 03:27:23.904 D/VRI[NavigationBar0]( 7709):         InsetsFrameProvider: {id=#b4050004, index=0, type=systemGestures, source=DISPLAY, flags=[], insetsSize=Insets{left=63, top=0, right=0, bottom=0}, mMinimalInsetsSizeInDisplayCutoutSafe=Insets{left=63, top=0, right=0, bottom=0}}
05-27 03:27:23.904 D/VRI[NavigationBar0]( 7709):         InsetsFrameProvider: {id=#b4050024, index=1, type=systemGestures, source=DISPLAY, flags=[], insetsSize=Insets{left=0, top=0, right=63, bottom=0}, mMinimalInsetsSizeInDisplayCutoutSafe=Insets{left=0, top=0, right=63, bottom=0}}}
05-27 03:27:23.904 D/VRI[NavigationBar0]( 7709):     ROTATION_90={(0,0)(fillx102) gr=BOTTOM CENTER_VERTICAL layoutInDisplayCutoutMode=always ty=NAVIGATION_BAR fmt=TRANSLUCENT
05-27 03:27:23.904 D/VRI[NavigationBar0]( 7709):       fl=NOT_FOCUSABLE NOT_TOUCH_MODAL WATCH_OUTSIDE_TOUCH SPLIT_TOUCH FLAG_SLIPPERY
05-27 03:27:23.904 D/VRI[NavigationBar0]( 7709):       pfl=LAYOUT_SIZE_EXTENDED_BY_CUTOUT COLOR_SPACE_AGNOSTIC FIT_INSETS_CONTROLLED TRUSTED_OVERLAY
05-27 03:27:23.904 D/VRI[NavigationBar0]( 7709):       bhv=DEFAULT
05-27 03:27:23.904 D/VRI[NavigationBar0]( 7709):       providedInsets:
05-27 03:27:23.904 D/VRI[NavigationBar0]( 7709):         InsetsFrameProvider: {id=#b4050001, index=0, type=navigationBars, source=FRAME, flags=[SUPPRESS_SCRIM], insetsSize=Insets{left=0, top=0, right=0, bottom=51}, insetsSizeOverrides=[TypedInsetsSize: {windowType=INPUT_METHOD, insetsSize=null}]}
05-27 03:27:23.904 D/VRI[NavigationBar0]( 7709):         InsetsFrameProvider: {id=#b4050006, index=0, type=tappableElement, source=FRAME, flags=[], insetsSize=Insets{left=0, top=0, right=0, bottom=0}}
05-27 03:27:23.904 D/VRI[NavigationBar0]( 7709):         InsetsFrameProvider: {id=#b4050005, index=0, type=mandatorySystemGestures, source=FRAME, flags=[], insetsSize=Insets{left=0, top=0, right=0, bottom=68}}
05-27 03:27:23.904 D/VRI[NavigationBar0]( 7709):         InsetsFrameProvider: {id=#b4050004, index=0, type=systemGestures, source=DISPLAY, flags=[], insetsSize=Insets{left=63, top=0, right=0, bottom=0}, mMinimalInsetsSizeInDisplayCutoutSafe=Insets{left=63, top=0, right=0, bottom=0}}
05-27 03:27:23.904 D/VRI[NavigationBar0]( 7709):         InsetsFrameProvider: {id=#b4050024, index=1, type=systemGestures, source=DISPLAY, flags=[], insetsSize=Insets{left=0, top=0, right=63, bottom=0}, mMinimalInsetsSizeInDisplayCutoutSafe=Insets{left=0, top=0, right=63, bottom=0}}}
05-27 03:27:23.904 D/VRI[NavigationBar0]( 7709):     ROTATION_180={(0,0)(fillx102) gr=BOTTOM CENTER_VERTICAL layoutInDisplayCutoutMode=always ty=NAVIGATION_BAR fmt=TRANSLUCENT
05-27 03:27:23.904 D/VRI[NavigationBar0]( 7709):       fl=NOT_FOCUSABLE NOT_TOUCH_MODAL WATCH_OUTSIDE_TOUCH SPLIT_TOUCH FLAG_SLIPPERY
05-27 03:27:23.904 D/VRI[NavigationBar0]( 7709):       pfl=LAYOUT_SIZE_EXTENDED_BY_CUTOUT COLOR_SPACE_AGNOSTIC FIT_INSETS_CONTROLLED TRUSTED_OVERLAY
05-27 03:27:23.904 D/VRI[NavigationBar0]( 7709):       bhv=DEFAULT
05-27 03:27:23.904 D/VRI[NavigationBar0]( 7709):       providedInsets:
05-27 03:27:23.904 D/VRI[NavigationBar0]( 7709):         InsetsFrameProvider: {id=#b4050001, index=0, type=navigationBars, source=FRAME, flags=[SUPPRESS_SCRIM], insetsSize=Insets{left=0, top=0, right=0, bottom=51}, insetsSizeOverrides=[TypedInsetsSize: {windowType=INPUT_METHOD, insetsSize=null}]}
05-27 03:27:23.904 D/VRI[NavigationBar0]( 7709):         InsetsFrameProvider: {id=#b4050006, index=0, type=tappableElement, source=FRAME, flags=[], insetsSize=Insets{left=0, top=0, right=0, bottom=0}}
05-27 03:27:23.904 D/VRI[NavigationBar0]( 7709):         InsetsFrameProvider: {id=#b4050005, index=0, type=mandatorySystemGestures, source=FRAME, flags=[], insetsSize=Insets{left=0, top=0, right=0, bottom=68}}
